2026-09-17T15:46:26Z INFO Logging to /tmp/logs/update_2026-09-17T15-46-26Z.log.
2026-09-17T15:46:26Z INFO Update content-id-to-valid-nwb-file (base directory /tmp).
2026-09-17T15:46:29Z INFO Processing 500 items (67010 already recorded).
2026-09-17T15:46:31Z INFO [1/500] 031ead3d-5b25-470a-9e4a-ce71a59cce1e: valid; 1.5 s; peak memory 327 MiB.
2026-09-17T15:46:33Z INFO [2/500] 031eaed9-8c5a-4641-8dbc-727617a5e071: valid; 2.2 s; peak memory 337 MiB.
2026-09-17T15:46:36Z INFO [3/500] 031ec13b-5ba0-41ad-8616-4e096672c2cf: valid; 2.9 s; peak memory 351 MiB.
2026-09-17T15:46:45Z INFO [4/500] 031f08bd-8b9d-420c-a50b-1de3cbd5d026: valid; 9.0 s; peak memory 405 MiB.
2026-09-17T15:46:51Z INFO [5/500] 031f10e6-c448-4607-bf4d-105dac9357dd: valid; 6.5 s; peak memory 418 MiB.
2026-09-17T15:46:54Z INFO [6/500] 031f7146-a42c-4d6a-a31a-1e9f2c395779: valid; 2.4 s; peak memory 428 MiB.
2026-09-17T15:46:55Z INFO [7/500] 031f84be-0afb-4aef-9822-d0285a98724e: not valid; 1.4 s; peak memory 433 MiB.
2026-09-17T15:46:57Z INFO [8/500] 03203f8f-1e93-4138-a8c5-7fff7a6f696a: not valid; 2.0 s; peak memory 437 MiB.
2026-09-17T15:46:58Z INFO [9/500] 03204954-7fb7-46e3-b9db-608b01e3e7f4: not valid; 1.3 s; peak memory 438 MiB.
2026-09-17T15:47:02Z INFO [10/500] 03206baf-a88c-4c20-b780-cb8a6e42624c: valid; 3.4 s; peak memory 455 MiB.
2026-09-17T15:47:04Z INFO [11/500] 03208b4c-3453-42ce-a4bc-66ba61308329: valid; 2.1 s; peak memory 464 MiB.
2026-09-17T15:47:05Z INFO [12/500] 0320bea0-3094-4c04-a8db-461b04e6eaf2: valid; 1.3 s; peak memory 464 MiB.
2026-09-17T15:47:08Z INFO [13/500] 032137d6-d4b1-467c-a85c-973ed7513df2: valid; 2.4 s; peak memory 476 MiB.
2026-09-17T15:47:09Z INFO [14/500] 03218b80-9caf-45af-bd7f-5956e243f5b8: valid; 1.6 s; peak memory 483 MiB.
2026-09-17T15:47:12Z INFO [15/500] 0321b965-2cf1-4657-afa0-9a92ee10d56a: not valid; 3.0 s; peak memory 494 MiB.
2026-09-17T15:47:14Z INFO [16/500] 032223c0-539a-438a-aaac-9d9b00e724c5: not valid; 1.9 s; peak memory 494 MiB.
2026-09-17T15:47:18Z INFO [17/500] 0322e3f9-64b5-4e78-865e-74f060889edf: valid; 3.7 s; peak memory 494 MiB.
2026-09-17T15:47:20Z INFO [18/500] 032325a6-1480-4827-80c2-1186372b87c9: not valid; 1.8 s; peak memory 494 MiB.
2026-09-17T15:47:35Z INFO [19/500] 03235c60-23cc-4469-afc3-dbbac8cfbb6d: not valid; 15.8 s; peak memory 501 MiB.
2026-09-17T15:47:54Z INFO [20/500] 03238fef-42c2-4294-a6a1-5267a33c07d5: valid; 18.5 s; peak memory 592 MiB.
2026-09-17T15:47:56Z INFO [21/500] 0323b62c-bc7f-4806-9ad9-1696d2b42bb9: valid; 2.0 s; peak memory 604 MiB.
2026-09-17T15:47:57Z INFO [22/500] 0323c827-3c2a-4b92-98db-a7cac2f647c2: valid; 1.4 s; peak memory 606 MiB.
2026-09-17T15:47:59Z INFO [23/500] 0323f0ad-1a89-45ef-aaeb-cdcc6ef765df: valid; 1.7 s; peak memory 610 MiB.
2026-09-17T15:48:00Z INFO [24/500] 032432b6-2699-42f7-a5ee-045262875e69: not valid; 1.2 s; peak memory 613 MiB.
2026-09-17T15:48:07Z INFO [25/500] 03254648-f5e8-4a29-b720-2ac3356e5a2f: valid; 7.1 s; peak memory 629 MiB.
2026-09-17T15:48:11Z INFO [26/500] 0326a20f-0453-4949-b951-637340e2a5aa: valid; 3.4 s; peak memory 639 MiB.
2026-09-17T15:48:12Z INFO [27/500] 0326a9f3-eb19-40ed-8409-dc944325a747: not valid; 1.1 s; peak memory 641 MiB.
2026-09-17T15:48:13Z INFO [28/500] 03273dca-c55a-4ca9-868c-f1fbb2860e76: valid; 1.4 s; peak memory 643 MiB.
2026-09-17T15:48:15Z INFO [29/500] 0327aa4d-71e8-4f7d-8d9d-2e032fa568f5: valid; 1.3 s; peak memory 645 MiB.
2026-09-17T15:48:16Z INFO [30/500] 032827c7-0324-4484-8e51-cad279324cd1: not valid; 1.4 s; peak memory 646 MiB.
2026-09-17T15:48:18Z INFO [31/500] 03286bbd-707b-4b66-925e-04609288a358: valid; 2.2 s; peak memory 646 MiB.
2026-09-17T15:48:20Z INFO [32/500] 0328cf8e-9134-4dfd-9c54-f90f49ab7ff7: not valid; 1.8 s; peak memory 648 MiB.
2026-09-17T15:48:22Z INFO [33/500] 032934d7-f9e2-43c8-be56-d6598ec75d69: valid; 2.1 s; peak memory 653 MiB.
2026-09-17T15:48:23Z INFO [34/500] 032952f0-410a-423c-be15-f17deb371265: valid; 1.2 s; peak memory 655 MiB.
2026-09-17T15:48:25Z INFO [35/500] 03297d06-7c90-42a4-b2ca-ca1c99cfc2b7: valid; 2.0 s; peak memory 666 MiB.
2026-09-17T15:48:27Z WARNING 032a32a4-e314-4f21-8729-281e79592b44: failed while opening the NWB file (ConstructError: (root/acquisition/event_code_meanings GroupBuilder {'attributes': {'colnames': array(['value', 'meaning'], dtype=object), 'description': 'Mapping integer event codes to event labels', 'namespace': 'ndx-events', 'neurodata_type': 'MeaningsTable', 'object_id': 'c7f7d6e1-6a75-47d3-b2fd-8ccbeef724af'}, 'groups': {}, 'datasets': {'id': root/acquisition/event_code_meanings/id DatasetBuilder {'attributes': {'namespace': 'hdmf-common', 'neurodata_type': 'ElementIdentifiers', 'object_id': 'cd8be3b5-6529-4a4b-9866-69060a2f26e7'}, 'data': <HDF5 dataset "id": shape (26,), type "<i8">}, 'meaning': root/acquisition/event_code_meanings/meaning DatasetBuilder {'attributes': {'description': 'The meaning of the value in the parent CategoricalVectorData object.', 'namespace': 'hdmf-experimental', 'neurodata_type': 'VectorData', 'object_id': '52f590b0-f18f-4184-91d5-8b4dd82f0537'}, 'data': <StrDataset for HDF5 dataset "meaning": shape (26,), type "|O">}, 'value': root/acquisition/event_code_meanings/value DatasetBuilder {'attributes': {'description': 'The value of the parent CategoricalVectorData object.', 'namespace': 'hdmf-experimental', 'neurodata_type': 'VectorData', 'object_id': '72b7a8e1-d7f9-4594-b1a5-557dbd9d2336'}, 'data': <HDF5 dataset "value": shape (26,), type "<i8">}}, 'links': {}}, "Could not construct MeaningsTable object due to: MeaningsTable.__init__: missing argument 'target'"))
2026-09-17T15:48:29Z INFO [37/500] 032a5355-e71e-4389-b744-708ec235a859: valid; 2.2 s; peak memory 685 MiB.
2026-09-17T15:48:32Z INFO [38/500] 032a6458-d3de-48c2-8b3d-d2563f742a66: valid; 3.1 s; peak memory 695 MiB.
2026-09-17T15:48:33Z INFO [39/500] 032afacc-cb70-4e44-b640-009d123458de: not valid; 1.2 s; peak memory 695 MiB.
2026-09-17T15:48:35Z WARNING 032b6378-d887-4c9c-91cd-a9295476138f: failed while opening the NWB file (ConstructError: (root/acquisition/_iblmic_audioSpectrogram/bands GroupBuilder {'attributes': {'colnames': array(['freq'], dtype=object), 'description': 'spectogram frequencies', 'namespace': 'core', 'neurodata_type': 'FrequencyBandsTable', 'object_id': 'a0c9ccbb-ac60-4747-8c3c-455156ecdcb2'}, 'groups': {}, 'datasets': {'freq': root/acquisition/_iblmic_audioSpectrogram/bands/freq DatasetBuilder {'attributes': {'description': 'frequency value', 'namespace': 'hdmf-common', 'neurodata_type': 'VectorData', 'object_id': 'ea41269d-8e01-4b22-88c3-1acc756b41d1'}, 'data': <HDF5 dataset "freq": shape (257,), type "<f4">}, 'id': root/acquisition/_iblmic_audioSpectrogram/bands/id DatasetBuilder {'attributes': {'namespace': 'hdmf-common', 'neurodata_type': 'ElementIdentifiers', 'object_id': 'fe604bc3-69c1-47d4-ac04-1ba8a9a595e1'}, 'data': <HDF5 dataset "id": shape (257,), type "<i4">}}, 'links': {}}, "Could not construct FrequencyBandsTable object due to: column must have the same number of rows as 'id'"))
2026-09-17T15:48:36Z INFO [41/500] 032ca28e-3dfe-4aa8-91f1-33ddf3715620: not valid; 1.0 s; peak memory 695 MiB.
2026-09-17T15:48:54Z INFO [42/500] 032db881-7900-48de-80bb-174de32b5c52: not valid; 18.4 s; peak memory 695 MiB.
2026-09-17T15:48:56Z INFO [43/500] 032dcb2f-2af3-44c3-aa26-ad24f3b74f98: valid; 1.3 s; peak memory 695 MiB.
2026-09-17T15:48:58Z INFO [44/500] 032de5e9-9861-4d19-8fef-58f2781bf5ef: valid; 2.0 s; peak memory 695 MiB.
2026-09-17T15:49:04Z INFO [45/500] 032dfa82-860e-410f-af73-8244ab5ec87a: not valid; 6.1 s; peak memory 752 MiB.
2026-09-17T15:49:07Z INFO [46/500] 032dffee-1ab3-4c02-ab04-7f37a305efa5: valid; 3.2 s; peak memory 752 MiB.
2026-09-17T15:49:09Z INFO [47/500] 032e2141-b01e-44e0-8143-9a2f093892fd: valid; 1.9 s; peak memory 752 MiB.
2026-09-17T15:49:15Z INFO [48/500] 032e9718-aefc-4c6a-b6e2-c43cc5d398d3: not valid; 5.7 s; peak memory 772 MiB.
2026-09-17T15:49:16Z INFO [49/500] 032eb711-8a39-4b7f-a927-c9e5e94b9dae: valid; 1.7 s; peak memory 772 MiB.
2026-09-17T15:49:18Z INFO [50/500] 032f3a47-0dd7-43d1-a1e8-8c345fbc44ae: valid; 1.3 s; peak memory 772 MiB.
2026-09-17T15:49:18Z INFO [50/500] 032f3a47-0dd7-43d1-a1e8-8c345fbc44ae: checkpointed 67060 records.
2026-09-17T15:49:21Z INFO [51/500] 032f4cf8-2f93-4bf6-a7eb-71866f271201: valid; 2.6 s; peak memory 772 MiB.
2026-09-17T15:49:33Z INFO [52/500] 0330349a-dfff-4bbd-9827-03414adb4d22: valid; 12.3 s; peak memory 782 MiB.
2026-09-17T15:49:34Z INFO [53/500] 03303c4c-c2f6-45f0-b66d-8938a09c6c17: valid; 1.4 s; peak memory 782 MiB.
2026-09-17T15:49:36Z INFO [54/500] 03306b04-3b99-426d-9382-ef3b8aa82068: not valid; 1.6 s; peak memory 782 MiB.
2026-09-17T15:49:38Z INFO [55/500] 0330932f-e846-402d-8ee9-fa6148b98621: valid; 1.9 s; peak memory 782 MiB.
2026-09-17T15:49:41Z INFO [56/500] 03311cff-d6f1-425b-baa7-f0430beb5d51: valid; 3.5 s; peak memory 783 MiB.
2026-09-17T15:49:42Z INFO [57/500] 03316fb0-7256-4277-963b-a94dbfacfcf7: valid; 1.1 s; peak memory 783 MiB.
2026-09-17T15:49:44Z INFO [58/500] 033222b9-3dd6-47f5-a7de-594dd246cdfc: valid; 1.2 s; peak memory 783 MiB.
2026-09-17T15:49:46Z INFO [59/500] 033235e1-fa7c-4d33-8f15-d4a3e8f5a43d: valid; 2.0 s; peak memory 783 MiB.
2026-09-17T15:49:56Z INFO [60/500] 033296a7-f35e-45a0-9a46-3099413de401: valid; 10.9 s; peak memory 784 MiB.
2026-09-17T15:49:58Z INFO [61/500] 0332cbac-390d-42b3-ad6d-ac42d1bf1092: valid; 1.4 s; peak memory 784 MiB.
2026-09-17T15:49:59Z INFO [62/500] 03332538-34cc-44c5-b960-273bdfbdcd73: valid; 1.3 s; peak memory 784 MiB.
2026-09-17T15:50:01Z INFO [63/500] 03338fd2-c2b9-45ea-89d0-1854e6729102: valid; 2.3 s; peak memory 784 MiB.
2026-09-17T15:50:04Z INFO [64/500] 0333f1fc-6191-4b7e-9c50-6bffc8e226bf: valid; 2.3 s; peak memory 787 MiB.
2026-09-17T15:50:05Z INFO [65/500] 03343aa5-19af-40a3-908a-199aa7ac621b: valid; 1.3 s; peak memory 787 MiB.
2026-09-17T15:50:09Z INFO [66/500] 033462b2-6abb-46df-a2fe-85fc771a18f7: valid; 4.3 s; peak memory 790 MiB.
2026-09-17T15:50:11Z INFO [67/500] 03357166-3956-4de7-8501-4d5e8d69c6ce: valid; 2.2 s; peak memory 790 MiB.
2026-09-17T15:50:16Z INFO [68/500] 0335edb5-00c2-4b57-87a4-9ff9afb2aaec: valid; 5.0 s; peak memory 790 MiB.
2026-09-17T15:50:19Z INFO [69/500] 03376a6e-24e2-4dae-a823-c32b693ad95e: valid; 2.1 s; peak memory 790 MiB.
2026-09-17T15:50:20Z INFO [70/500] 0337823f-ffab-4e5b-9816-b6efdcceade3: valid; 1.3 s; peak memory 790 MiB.
2026-09-17T15:50:22Z INFO [71/500] 0338279c-e3fa-4d30-9bec-8342785951fa: valid; 2.6 s; peak memory 790 MiB.
2026-09-17T15:50:24Z INFO [72/500] 03383de2-51cc-467a-9b50-99e5190964c0: valid; 1.5 s; peak memory 790 MiB.
2026-09-17T15:50:26Z INFO [73/500] 0338f7d1-7504-4746-ae6d-dc45564297b3: valid; 2.0 s; peak memory 790 MiB.
2026-09-17T15:50:28Z INFO [74/500] 03394364-7e89-4556-85e9-e6578e95bca8: not valid; 1.7 s; peak memory 791 MiB.
2026-09-17T15:50:29Z INFO [75/500] 033999bf-6d3d-4747-a29b-c298723ab87d: valid; 1.3 s; peak memory 791 MiB.
2026-09-17T15:50:45Z INFO [76/500] 0339f9c8-7306-44a4-8ded-a74556b40692: valid; 16.5 s; peak memory 816 MiB.
2026-09-17T15:50:46Z INFO [77/500] 033a1f6a-80d2-4a49-b9a8-9e6d5ced0d93: valid; 1.2 s; peak memory 817 MiB.
2026-09-17T15:50:48Z INFO [78/500] 033afa80-ba97-4b5a-acb9-bbd1c098de14: valid; 1.2 s; peak memory 819 MiB.
2026-09-17T15:50:49Z INFO [79/500] 033b5034-77c7-4a7c-8b99-61355fc77c85: valid; 1.3 s; peak memory 819 MiB.
2026-09-17T15:50:53Z INFO [80/500] 033b80a3-9b9b-4727-888d-e0ab54a1d97f: valid; 3.9 s; peak memory 824 MiB.
2026-09-17T15:50:55Z INFO [81/500] 033d382a-2c62-4ffe-bb74-96206a90494f: valid; 2.2 s; peak memory 832 MiB.
2026-09-17T15:50:58Z INFO [82/500] 033d8d0b-cea4-46cc-bfb3-e61d0c0752fb: valid; 3.4 s; peak memory 838 MiB.
2026-09-17T15:51:00Z INFO [83/500] 033d95b1-6606-40ba-a8e0-8e679fd6b013: not valid; 1.9 s; peak memory 849 MiB.
2026-09-17T15:51:02Z INFO [84/500] 033d9c38-e089-4acd-98d1-f9ddea1d2f1f: valid; 1.9 s; peak memory 860 MiB.
2026-09-17T15:51:04Z INFO [85/500] 033e4d1b-3d5a-47f9-9bd9-84f13d5b61b0: valid; 1.3 s; peak memory 863 MiB.
2026-09-17T15:51:15Z INFO [86/500] 033e5861-9814-4ea9-954f-274d18eb7bee: valid; 11.9 s; peak memory 892 MiB.
2026-09-17T15:51:18Z INFO [87/500] 033ec5e9-54cd-42e6-89dc-8c322e840af7: valid; 2.1 s; peak memory 892 MiB.
2026-09-17T15:51:25Z INFO [88/500] 033ec793-815e-45de-8b0a-5a757a24088e: valid; 7.6 s; peak memory 892 MiB.
2026-09-17T15:51:26Z INFO [89/500] 033ecaf2-4476-4e89-b35f-62e574b72276: valid; 1.3 s; peak memory 892 MiB.
2026-09-17T15:51:28Z INFO [90/500] 033f1196-2003-4a85-9a8d-74c8be3f959c: valid; 1.5 s; peak memory 892 MiB.
2026-09-17T15:51:29Z INFO [91/500] 033f30d2-fded-43cc-92bf-5072c7f2ea79: valid; 1.5 s; peak memory 892 MiB.
2026-09-17T15:51:32Z INFO [92/500] 033ff4cc-fbf8-417e-ba0a-e80109ef5570: valid; 2.8 s; peak memory 892 MiB.
2026-09-17T15:51:33Z INFO [93/500] 0340759f-74fc-41fc-9fc9-605074496141: valid; 1.2 s; peak memory 892 MiB.
2026-09-17T15:51:36Z INFO [94/500] 0340dde7-e96d-4987-a010-3b1df685f62d: valid; 2.3 s; peak memory 892 MiB.
2026-09-17T15:51:37Z INFO [95/500] 0341a7da-08de-47a1-b1cc-7bc2d3986058: not valid; 1.0 s; peak memory 892 MiB.
2026-09-17T15:51:38Z INFO [96/500] 0341d644-1a05-46c4-8ca1-0a92757b37e9: valid; 1.2 s; peak memory 892 MiB.
2026-09-17T15:51:41Z INFO [97/500] 03420196-33e6-459e-92e4-90fc641aa13b: valid; 2.8 s; peak memory 892 MiB.
2026-09-17T15:51:59Z INFO [98/500] 0342434a-7129-40e7-9047-553015a90051: valid; 18.3 s; peak memory 914 MiB.
2026-09-17T15:52:01Z INFO [99/500] 0342a65a-395e-4da9-8ca9-4e654545e060: not valid; 1.6 s; peak memory 915 MiB.
2026-09-17T15:52:02Z INFO [100/500] 034337ce-552e-4693-a83c-51edff94dfde: valid; 1.2 s; peak memory 916 MiB.
2026-09-17T15:52:02Z INFO [100/500] 034337ce-552e-4693-a83c-51edff94dfde: checkpointed 67110 records.
2026-09-17T15:52:05Z INFO [101/500] 03439f5b-5ab5-439c-84d4-76c216a1193e: valid; 3.0 s; peak memory 918 MiB.
2026-09-17T15:52:09Z INFO [102/500] 0343a009-6425-4e81-80d4-293cb1bd3d5a: not valid; 3.4 s; peak memory 927 MiB.
2026-09-17T15:52:13Z INFO [103/500] 0343e283-6f6b-476b-a17d-cdd0aa50c35b: valid; 3.9 s; peak memory 927 MiB.
2026-09-17T15:52:14Z INFO [104/500] 03445840-960f-4596-bf0a-9a4b4bbb4f13: valid; 1.2 s; peak memory 927 MiB.
2026-09-17T15:52:16Z INFO [105/500] 03455b72-9749-4c19-87c7-170f51106c83: valid; 2.4 s; peak memory 927 MiB.
2026-09-17T15:52:17Z INFO [106/500] 03458a9e-f0ea-4e95-9c55-75721462acf5: valid; 1.2 s; peak memory 927 MiB.
2026-09-17T15:52:19Z INFO [107/500] 0345d8a3-a5cc-4dbd-a587-119fa099bb0b: valid; 1.2 s; peak memory 927 MiB.
2026-09-17T15:52:20Z INFO [108/500] 0345fb05-12ed-4af4-b459-128708850477: valid; 1.1 s; peak memory 927 MiB.
2026-09-17T15:52:22Z INFO [109/500] 03463604-5296-48a3-9169-c90c6e33cad7: valid; 2.5 s; peak memory 927 MiB.
2026-09-17T15:52:24Z INFO [110/500] 0346ae94-a3ce-4f8a-bc61-d57ef25bd925: valid; 2.0 s; peak memory 927 MiB.
2026-09-17T15:52:24Z WARNING 0346b4b8-5ade-441c-9088-8fd9f9392d74: failed while retrieving asset information from the DANDI API (NotFoundError: No asset at path 'sub-MS13/sub-MS13_ses-Peter-MS13-171128-113924-concat_behavior+ecephys.nwb' in version 0.250624.0444. Verify the path is correct and the asset exists in this version. Use 'dandi ls' to list available assets.)
2026-09-17T15:52:26Z INFO [112/500] 0346e8e3-fe27-47e4-94c2-24a774973ac5: not valid; 1.4 s; peak memory 927 MiB.
2026-09-17T15:52:27Z INFO [113/500] 03476e20-8bd0-461e-8f65-dd198fdf4fc0: valid; 1.3 s; peak memory 927 MiB.
2026-09-17T15:52:30Z INFO [114/500] 0348611c-b226-4e37-9a7a-df0669cb1782: valid; 2.8 s; peak memory 927 MiB.
2026-09-17T15:52:33Z INFO [115/500] 0348beb6-a9ca-4c0c-b413-ad8397de3c7d: valid; 2.9 s; peak memory 927 MiB.
2026-09-17T15:52:35Z INFO [116/500] 0348cc8f-2c8e-4bee-910d-f297f822aab0: valid; 1.8 s; peak memory 927 MiB.
2026-09-17T15:52:35Z WARNING 0349107e-edff-42fd-a3a6-f877bfee6e12: failed while retrieving asset information from the DANDI API (NotFoundError: No such Dandiset: 000477)
2026-09-17T15:52:46Z INFO [118/500] 034990bf-01fe-42f3-b6f1-a9374dcd0066: valid; 11.1 s; peak memory 996 MiB.
2026-09-17T15:52:47Z INFO [119/500] 034a4374-232d-401c-9288-31e5ef206670: valid; 1.4 s; peak memory 996 MiB.
2026-09-17T15:52:50Z INFO [120/500] 034ad8f1-bf60-41dd-bacd-c9ee2d7c71d0: valid; 2.9 s; peak memory 996 MiB.
2026-09-17T15:52:52Z INFO [121/500] 034b0f26-0f58-48cf-bbde-c5de9b882901: not valid; 1.4 s; peak memory 997 MiB.
2026-09-17T15:52:53Z INFO [122/500] 034b24e2-b699-442d-9625-35dbee1395ef: valid; 1.3 s; peak memory 999 MiB.
2026-09-17T15:52:54Z INFO [123/500] 034b904a-2535-4ebb-b627-0d294caa08fe: valid; 1.3 s; peak memory 999 MiB.
2026-09-17T15:52:55Z INFO [124/500] 034d5b77-441e-43a2-a04d-6bedd64b3fc3: valid; 1.3 s; peak memory 1003 MiB.
2026-09-17T15:52:57Z INFO [125/500] 034e0c72-5e77-4f95-b79f-c855d471432e: not valid; 1.5 s; peak memory 1003 MiB.
2026-09-17T15:52:59Z INFO [126/500] 034e23ca-affb-43b4-aebe-02162fde2e1f: valid; 2.4 s; peak memory 1020 MiB.
2026-09-17T15:53:01Z INFO [127/500] 034e72c9-7891-4cec-aa2d-7579701e253f: valid; 1.3 s; peak memory 1020 MiB.
2026-09-17T15:53:05Z INFO [128/500] 034eae03-2789-4eec-bd82-4a9fcfaa3b09: not valid; 4.2 s; peak memory 1024 MiB.
2026-09-17T15:53:21Z INFO [129/500] 034eb273-1e8a-4410-949e-a6871b2c0e83: valid; 16.3 s; peak memory 1117 MiB.
2026-09-17T15:53:23Z INFO [130/500] 034ed842-a008-4d73-a069-caf9d4a462f9: valid; 1.3 s; peak memory 1118 MiB.
2026-09-17T15:53:24Z INFO [131/500] 034ef99e-c95b-4d58-b110-84927087b17e: not valid; 1.3 s; peak memory 1121 MiB.
2026-09-17T15:53:25Z INFO [132/500] 034f42a2-6849-4af8-8def-0ca74e326d7f: not valid; 1.4 s; peak memory 1124 MiB.
2026-09-17T15:53:27Z INFO [133/500] 034f70b8-dde7-400e-bf1c-b38c8ea64315: valid; 1.2 s; peak memory 1126 MiB.
2026-09-17T15:53:28Z INFO [134/500] 034f976b-103c-455a-adfd-b202c3142320: valid; 1.1 s; peak memory 1129 MiB.
2026-09-17T15:53:29Z INFO [135/500] 035055d4-b113-430a-bd48-87ab6d55cef5: valid; 1.2 s; peak memory 1129 MiB.
2026-09-17T15:53:31Z INFO [136/500] 0350bdf8-0463-49a4-9e14-223b6b99aa54: valid; 2.4 s; peak memory 1133 MiB.
2026-09-17T15:53:32Z INFO [137/500] 0350cb7a-ae83-4a02-8bba-48f1d394070d: valid; 1.2 s; peak memory 1133 MiB.
2026-09-17T15:53:34Z INFO [138/500] 0351024c-d51f-47fd-877b-901b9c4cc252: not valid; 1.5 s; peak memory 1133 MiB.
2026-09-17T15:53:36Z INFO [139/500] 03511a97-1723-4d5e-b47e-900104046295: not valid; 1.9 s; peak memory 1133 MiB.
2026-09-17T15:53:38Z INFO [140/500] 03513beb-e6d7-4426-ad0b-8eb6c2d9a3e9: valid; 2.3 s; peak memory 1133 MiB.
2026-09-17T15:53:39Z INFO [141/500] 03522f7c-36a3-47f8-80c3-05315333f89a: valid; 1.2 s; peak memory 1133 MiB.
2026-09-17T15:53:41Z INFO [142/500] 03525e41-fd14-4324-bb75-1151a39a89d0: valid; 2.0 s; peak memory 1133 MiB.
2026-09-17T15:53:50Z INFO [143/500] 0353b161-e5c3-4d09-a8f9-2002c88a197b: valid; 8.6 s; peak memory 1133 MiB.
2026-09-17T15:54:01Z INFO [144/500] 035407c0-01e5-4282-9881-2a82cb6e0ece: valid; 10.7 s; peak memory 1189 MiB.
2026-09-17T15:54:02Z INFO [145/500] 03541dbd-fdb1-4dc0-b4d5-3c93f12ca306: valid; 1.9 s; peak memory 1199 MiB.
2026-09-17T15:54:05Z INFO [146/500] 0354704f-412c-4da0-a913-6fc340b5bc33: not valid; 2.1 s; peak memory 1203 MiB.
2026-09-17T15:54:07Z INFO [147/500] 0354cc66-ed5b-4949-8ca4-4bf47568cd03: not valid; 3.0 s; peak memory 1209 MiB.
2026-09-17T15:54:09Z INFO [148/500] 03551663-13bb-4b02-bb49-32750bbb5cbd: not valid; 2.0 s; peak memory 1211 MiB.
2026-09-17T15:54:12Z INFO [149/500] 03552c91-3187-43ce-82be-a8dc7a5501ee: not valid; 2.1 s; peak memory 1214 MiB.
2026-09-17T15:54:13Z INFO [150/500] 03553748-7730-479c-99f0-944d400569a3: valid; 1.3 s; peak memory 1216 MiB.
2026-09-17T15:54:13Z INFO [150/500] 03553748-7730-479c-99f0-944d400569a3: checkpointed 67160 records.
2026-09-17T15:54:15Z INFO [151/500] 0356024c-a95a-4d6c-9553-cef9c890bb6c: valid; 1.3 s; peak memory 1217 MiB.
2026-09-17T15:54:16Z INFO [152/500] 0356e792-4015-459e-85b5-84883cd137c7: valid; 1.3 s; peak memory 1217 MiB.
2026-09-17T15:54:17Z INFO [153/500] 035773bb-7cbd-4e26-bed3-26d0ecf212c7: not valid; 1.5 s; peak memory 1219 MiB.
2026-09-17T15:54:19Z INFO [154/500] 03579e71-8c0b-4f81-a114-f38cade5df16: not valid; 1.5 s; peak memory 1219 MiB.
2026-09-17T15:54:20Z INFO [155/500] 0357b47a-c87a-428f-b142-6390631e8f5f: not valid; 1.5 s; peak memory 1220 MiB.
2026-09-17T15:54:22Z INFO [156/500] 0357d8f4-06f6-47a9-a340-cc12d5160c31: valid; 1.2 s; peak memory 1220 MiB.
2026-09-17T15:54:23Z INFO [157/500] 03583609-8060-4589-8033-f5cf1051a5aa: not valid; 0.9 s; peak memory 1221 MiB.
2026-09-17T15:54:25Z INFO [158/500] 03584060-6183-4d46-8aef-e03954523b2c: valid; 2.2 s; peak memory 1230 MiB.
2026-09-17T15:54:27Z INFO [159/500] 035963d3-35e8-4a3e-ab35-e777ea8f180b: valid; 2.2 s; peak memory 1233 MiB.
2026-09-17T15:54:29Z INFO [160/500] 0359ab7f-ead0-4d29-89a3-2d7b222ee960: valid; 1.7 s; peak memory 1233 MiB.
2026-09-17T15:54:29Z WARNING 035b3322-8bed-4e45-8345-9002c8a00be3: failed while retrieving asset information from the DANDI API (NotFoundError: No asset at path 'sub-456772/sub-456772_ses-20191122T134226_behavior+ecephys+ogen.nwb' in version 0.231012.2129. Verify the path is correct and the asset exists in this version. Use 'dandi ls' to list available assets.)
2026-09-17T15:54:31Z WARNING 035b4e84-3f8a-47a6-ad4d-635c4e5b739a: failed while opening the NWB file (ConstructError: (root/acquisition/event_code_meanings GroupBuilder {'attributes': {'colnames': array(['value', 'meaning'], dtype=object), 'description': 'Mapping integer event codes to event labels', 'namespace': 'ndx-events', 'neurodata_type': 'MeaningsTable', 'object_id': 'd4c6a6db-7c31-4a5f-8936-df35173cfdbf'}, 'groups': {}, 'datasets': {'id': root/acquisition/event_code_meanings/id DatasetBuilder {'attributes': {'namespace': 'hdmf-common', 'neurodata_type': 'ElementIdentifiers', 'object_id': '4c440e74-9649-479d-89b1-4f2a00e755e1'}, 'data': <HDF5 dataset "id": shape (26,), type "<i8">}, 'meaning': root/acquisition/event_code_meanings/meaning DatasetBuilder {'attributes': {'description': 'The meaning of the value in the parent CategoricalVectorData object.', 'namespace': 'hdmf-experimental', 'neurodata_type': 'VectorData', 'object_id': '4ed9ba56-5194-44b1-8f9b-adf5d71e328b'}, 'data': <StrDataset for HDF5 dataset "meaning": shape (26,), type "|O">}, 'value': root/acquisition/event_code_meanings/value DatasetBuilder {'attributes': {'description': 'The value of the parent CategoricalVectorData object.', 'namespace': 'hdmf-experimental', 'neurodata_type': 'VectorData', 'object_id': '8fd084d7-f198-43fa-987d-4b58c398f87a'}, 'data': <HDF5 dataset "value": shape (26,), type "<i8">}}, 'links': {}}, "Could not construct MeaningsTable object due to: MeaningsTable.__init__: missing argument 'target'"))
2026-09-17T15:54:35Z INFO [163/500] 035cb4a1-3519-4a91-859c-696016d02df6: not valid; 3.9 s; peak memory 1233 MiB.
2026-09-17T15:54:36Z INFO [164/500] 035cfd46-3603-4dbc-b137-4aee5e8a5f08: not valid; 1.7 s; peak memory 1233 MiB.
2026-09-17T15:54:39Z INFO [165/500] 035d2ab2-b408-4024-9734-08f4001b6fef: valid; 2.4 s; peak memory 1233 MiB.
2026-09-17T15:54:56Z INFO [166/500] 035d7e09-4b1e-4e55-aba2-0108c0307bda: valid; 17.0 s; peak memory 1380 MiB.
2026-09-17T15:54:57Z INFO [167/500] 035e4100-b31d-46ee-8cf3-cffd1b45bb9b: valid; 1.2 s; peak memory 1380 MiB.
2026-09-17T15:54:58Z INFO [168/500] 035e74a5-93d5-42fb-bf88-dae40ca76307: not valid; 1.4 s; peak memory 1380 MiB.
2026-09-17T15:55:01Z INFO [169/500] 035e8698-2903-4745-96d1-cbf452b495a6: valid; 2.9 s; peak memory 1380 MiB.
2026-09-17T15:55:03Z INFO [170/500] 035ea321-9263-492e-bf39-ac90bbc1e076: valid; 2.0 s; peak memory 1380 MiB.
2026-09-17T15:55:06Z INFO [171/500] 035f8da8-c282-4763-acd1-e6e254f65d29: valid; 2.4 s; peak memory 1380 MiB.
2026-09-17T15:55:08Z INFO [172/500] 035fb1c0-567d-4f59-9140-f0d7cdd67882: valid; 2.6 s; peak memory 1380 MiB.
2026-09-17T15:55:09Z INFO [173/500] 035ff603-49ef-41ce-bf8f-38e39f6f0780: valid; 1.3 s; peak memory 1380 MiB.
2026-09-17T15:55:13Z INFO [174/500] 036089c0-5bef-4f09-97b1-bc7e5ddaa441: valid; 3.9 s; peak memory 1380 MiB.
2026-09-17T15:55:15Z INFO [175/500] 0360b7ac-16ea-4852-823d-6525164e418d: valid; 1.2 s; peak memory 1380 MiB.
2026-09-17T15:55:16Z INFO [176/500] 0360e12b-d6c4-4094-bc19-6a125f427d38: valid; 1.3 s; peak memory 1380 MiB.
2026-09-17T15:55:19Z INFO [177/500] 0361752b-de7f-4a93-b272-4e35b9987ed0: valid; 3.1 s; peak memory 1380 MiB.
2026-09-17T15:55:21Z WARNING 0361e986-90e9-4d52-8063-33cfeec8e3f8: failed while opening the NWB file (ConstructError: (root/acquisition/_iblmic_audioSpectrogram/bands GroupBuilder {'attributes': {'colnames': array(['freq'], dtype=object), 'description': 'spectogram frequencies', 'namespace': 'core', 'neurodata_type': 'FrequencyBandsTable', 'object_id': '6ce468ef-1033-4ce3-b450-09a3164ef751'}, 'groups': {}, 'datasets': {'freq': root/acquisition/_iblmic_audioSpectrogram/bands/freq DatasetBuilder {'attributes': {'description': 'frequency value', 'namespace': 'hdmf-common', 'neurodata_type': 'VectorData', 'object_id': '2bdb01d0-877b-4c6a-8561-42a0e7bff016'}, 'data': <HDF5 dataset "freq": shape (257,), type "<f4">}, 'id': root/acquisition/_iblmic_audioSpectrogram/bands/id DatasetBuilder {'attributes': {'namespace': 'hdmf-common', 'neurodata_type': 'ElementIdentifiers', 'object_id': 'cba37b46-81a8-4764-a4c8-2fd1f0f737e3'}, 'data': <HDF5 dataset "id": shape (257,), type "<i4">}}, 'links': {}}, "Could not construct FrequencyBandsTable object due to: column must have the same number of rows as 'id'"))
2026-09-17T15:55:21Z WARNING 0361f0a5-3a12-430c-870a-088c532e436e: failed while retrieving asset information from the DANDI API (NotFoundError: No asset at path 'sub-456772/sub-456772_ses-20191120T130334_behavior+ecephys+ogen.nwb' in version 0.231012.2129. Verify the path is correct and the asset exists in this version. Use 'dandi ls' to list available assets.)
2026-09-17T15:55:22Z INFO [180/500] 036212a9-0cc2-4b88-af0f-f2ac683244f0: valid; 1.3 s; peak memory 1380 MiB.
2026-09-17T15:55:24Z INFO [181/500] 036217bf-e4b1-433e-8ca7-f2193e63991a: valid; 1.3 s; peak memory 1380 MiB.
2026-09-17T15:55:26Z INFO [182/500] 0362a1f6-e2d0-4115-9d80-477aca7e9258: valid; 2.4 s; peak memory 1380 MiB.
2026-09-17T15:55:28Z INFO [183/500] 0362fbde-a28a-428a-a17c-bfee09afdb6c: valid; 2.0 s; peak memory 1380 MiB.
2026-09-17T15:55:30Z INFO [184/500] 0363223b-f442-47fe-ba10-461f0d59c477: valid; 1.8 s; peak memory 1380 MiB.
2026-09-17T15:55:38Z INFO [185/500] 0363be5b-35e7-48c3-99eb-2114cd2f852d: valid; 7.8 s; peak memory 1380 MiB.
2026-09-17T15:55:40Z INFO [186/500] 03640b7e-7a8d-4421-99d8-3b7ab51d3ff5: valid; 2.5 s; peak memory 1380 MiB.
2026-09-17T15:55:51Z INFO [187/500] 036479ff-b638-4212-9329-6b5454fdc7a7: valid; 10.2 s; peak memory 1380 MiB.
2026-09-17T15:56:02Z INFO [188/500] 03649a8b-8d4d-4ae8-93d3-a7de6d91de8e: valid; 11.3 s; peak memory 1390 MiB.
2026-09-17T15:56:04Z INFO [189/500] 03663897-00d6-4966-8eed-80ffbf7b9ea5: valid; 2.1 s; peak memory 1390 MiB.
2026-09-17T15:56:05Z INFO [190/500] 0366e129-5f82-43db-8a33-33fea8391cb4: valid; 1.1 s; peak memory 1390 MiB.
2026-09-17T15:56:08Z INFO [191/500] 0366fa38-44be-4caa-8366-abf46045e308: valid; 2.8 s; peak memory 1390 MiB.
2026-09-17T15:56:10Z INFO [192/500] 036719e6-8d14-44a8-853b-8b7cd6c94ebd: valid; 2.3 s; peak memory 1391 MiB.
2026-09-17T15:56:12Z INFO [193/500] 036787b8-1205-4ca6-ae07-fa30d6d9ab41: valid; 1.3 s; peak memory 1391 MiB.
2026-09-17T15:56:14Z INFO [194/500] 0367d7ed-5bfe-4f60-b1eb-5fa6b7a33595: valid; 2.0 s; peak memory 1391 MiB.
2026-09-17T15:56:18Z INFO [195/500] 03686970-8ef3-4fe1-b01a-fd5336f55a48: valid; 4.5 s; peak memory 1391 MiB.
2026-09-17T15:56:28Z INFO [196/500] 036886da-2908-4b4d-acc4-4012b20eb69f: valid; 10.0 s; peak memory 1434 MiB.
2026-09-17T15:56:30Z WARNING 0368926f-3748-447a-a3b5-724bc129c7f6: failed while opening the NWB file (ConstructError: (root/acquisition/event_code_meanings GroupBuilder {'attributes': {'colnames': array(['value', 'meaning'], dtype=object), 'description': 'Mapping integer event codes to event labels', 'namespace': 'ndx-events', 'neurodata_type': 'MeaningsTable', 'object_id': 'bae0d35c-55a9-4af5-b2e0-30e9b8422d8e'}, 'groups': {}, 'datasets': {'id': root/acquisition/event_code_meanings/id DatasetBuilder {'attributes': {'namespace': 'hdmf-common', 'neurodata_type': 'ElementIdentifiers', 'object_id': '312e9b29-fb4a-4774-897c-f2956ced61cd'}, 'data': <HDF5 dataset "id": shape (26,), type "<i8">}, 'meaning': root/acquisition/event_code_meanings/meaning DatasetBuilder {'attributes': {'description': 'The meaning of the value in the parent CategoricalVectorData object.', 'namespace': 'hdmf-experimental', 'neurodata_type': 'VectorData', 'object_id': 'cd817936-e34a-43c2-8aa2-68ebe739ad31'}, 'data': <StrDataset for HDF5 dataset "meaning": shape (26,), type "|O">}, 'value': root/acquisition/event_code_meanings/value DatasetBuilder {'attributes': {'description': 'The value of the parent CategoricalVectorData object.', 'namespace': 'hdmf-experimental', 'neurodata_type': 'VectorData', 'object_id': 'b0ea3aad-5166-432c-899e-87fa29834382'}, 'data': <HDF5 dataset "value": shape (26,), type "<i8">}}, 'links': {}}, "Could not construct MeaningsTable object due to: MeaningsTable.__init__: missing argument 'target'"))
2026-09-17T15:56:32Z INFO [198/500] 03699458-f143-4856-a04c-1ea361f518fd: not valid; 1.8 s; peak memory 1444 MiB.
2026-09-17T15:56:35Z INFO [199/500] 036a6fbe-2be9-4f4b-abe5-22cd936dda6b: valid; 3.0 s; peak memory 1446 MiB.
2026-09-17T15:56:36Z INFO [200/500] 036b351a-497b-420e-b5b8-4cc741375210: not valid; 1.4 s; peak memory 1446 MiB.
2026-09-17T15:56:36Z INFO [200/500] 036b351a-497b-420e-b5b8-4cc741375210: checkpointed 67210 records.
2026-09-17T15:56:38Z INFO [201/500] 036b84a2-7fb0-4fe5-abe3-0b664f03ea46: valid; 1.2 s; peak memory 1446 MiB.
2026-09-17T15:56:41Z INFO [202/500] 036c6025-9d32-4082-85e1-e3ebd24b12fa: not valid; 3.3 s; peak memory 1446 MiB.
2026-09-17T15:56:45Z INFO [203/500] 036cb812-7e39-44ed-a7aa-46f6d17f3a92: valid; 4.6 s; peak memory 1446 MiB.
2026-09-17T15:56:47Z INFO [204/500] 036d9166-d206-48d0-84e2-8d0e0e7bde9d: valid; 1.3 s; peak memory 1446 MiB.
2026-09-17T15:56:49Z INFO [205/500] 036dcee1-6680-497e-8073-ca9c61c666a7: not valid; 2.1 s; peak memory 1446 MiB.
2026-09-17T15:56:51Z WARNING 036e827f-c124-4145-905a-92eecb359d06: failed while opening the NWB file (ConstructError: (root/acquisition/_iblmic_audioSpectrogram/bands GroupBuilder {'attributes': {'colnames': array(['freq'], dtype=object), 'description': 'spectogram frequencies', 'namespace': 'core', 'neurodata_type': 'FrequencyBandsTable', 'object_id': '75f6917e-23e0-4c25-826b-f63a6e1a2a3c'}, 'groups': {}, 'datasets': {'freq': root/acquisition/_iblmic_audioSpectrogram/bands/freq DatasetBuilder {'attributes': {'description': 'frequency value', 'namespace': 'hdmf-common', 'neurodata_type': 'VectorData', 'object_id': '1ccf42bc-a3c8-4d78-8ce8-adbd009ac60d'}, 'data': <HDF5 dataset "freq": shape (257,), type "<f4">}, 'id': root/acquisition/_iblmic_audioSpectrogram/bands/id DatasetBuilder {'attributes': {'namespace': 'hdmf-common', 'neurodata_type': 'ElementIdentifiers', 'object_id': 'de18e07f-994c-4f54-80c3-d9b1f6566df5'}, 'data': <HDF5 dataset "id": shape (257,), type "<i4">}}, 'links': {}}, "Could not construct FrequencyBandsTable object due to: column must have the same number of rows as 'id'"))
2026-09-17T15:56:52Z INFO [207/500] 036ea15c-6a03-4daa-934e-4daf8ac79520: valid; 1.2 s; peak memory 1446 MiB.
2026-09-17T15:56:53Z INFO [208/500] 036eff90-215e-4412-8c74-6089062aa4f8: valid; 1.4 s; peak memory 1446 MiB.
2026-09-17T15:56:55Z INFO [209/500] 036fc05c-2b90-4bbe-bb87-0b8bedd10be7: not valid; 1.4 s; peak memory 1446 MiB.
2026-09-17T15:56:56Z INFO [210/500] 037021f4-bd1b-4183-a264-cd79e76aa68e: valid; 1.2 s; peak memory 1446 MiB.
2026-09-17T15:57:00Z INFO [211/500] 0370287d-a183-4dc5-a54b-d855222913e3: not valid; 3.9 s; peak memory 1446 MiB.
2026-09-17T15:57:01Z INFO [212/500] 03707dbc-8304-479c-88a1-a5b36a8cedde: valid; 1.5 s; peak memory 1446 MiB.
2026-09-17T15:57:04Z INFO [213/500] 03709c6c-40e9-49bd-a214-1eb46261bec9: valid; 2.3 s; peak memory 1446 MiB.
2026-09-17T15:57:05Z INFO [214/500] 0370fc2d-5cb0-4049-bc05-f0f9fcd935e0: valid; 1.4 s; peak memory 1446 MiB.
2026-09-17T15:57:07Z INFO [215/500] 03713bf2-9ef7-4fe2-92e4-f2887fa4bfe5: valid; 2.0 s; peak memory 1446 MiB.
2026-09-17T15:57:09Z INFO [216/500] 03719e11-914a-44a8-936e-b0465d864b6c: not valid; 1.7 s; peak memory 1446 MiB.
2026-09-17T15:57:11Z INFO [217/500] 0371cdd7-3bf7-45a4-900a-2c90a2541dbd: valid; 2.0 s; peak memory 1446 MiB.
2026-09-17T15:57:13Z INFO [218/500] 0372428c-a5c8-495c-b2eb-75d6c3dccd3a: not valid; 1.9 s; peak memory 1446 MiB.
2026-09-17T15:57:14Z INFO [219/500] 0372dbd7-aab3-4eef-9313-41693dae00cb: valid; 1.5 s; peak memory 1446 MiB.
2026-09-17T15:57:17Z INFO [220/500] 0373060e-42f4-48b6-ad0c-5ce065996e9d: valid; 2.4 s; peak memory 1446 MiB.
2026-09-17T15:57:19Z INFO [221/500] 03738ca4-472d-4510-8fc5-d05f1f6c1891: valid; 2.2 s; peak memory 1446 MiB.
2026-09-17T15:57:20Z INFO [222/500] 0373e678-f683-488e-af98-8e4856874447: valid; 1.3 s; peak memory 1446 MiB.
2026-09-17T15:57:21Z INFO [223/500] 03742bde-edac-4f4e-98b2-8a356d10fd35: valid; 1.3 s; peak memory 1446 MiB.
2026-09-17T15:57:24Z INFO [224/500] 03758567-d474-4946-a3e2-07d1b76b0f2c: not valid; 2.5 s; peak memory 1446 MiB.
2026-09-17T15:57:32Z INFO [225/500] 0375a406-f151-4e99-8ff4-3cb5ff79e2be: valid; 8.1 s; peak memory 1446 MiB.
2026-09-17T15:57:34Z INFO [226/500] 037606f9-1415-4829-b7b9-84bf50525328: valid; 1.7 s; peak memory 1446 MiB.
2026-09-17T15:57:35Z INFO [227/500] 03761aa2-e0ab-4711-bcf1-0df897c3b356: valid; 1.8 s; peak memory 1446 MiB.
2026-09-17T15:57:37Z INFO [228/500] 03763b46-a5d2-4443-b896-f8576bd92ee2: valid; 1.7 s; peak memory 1453 MiB.
2026-09-17T15:57:38Z INFO [229/500] 0376e06d-727c-4fef-8e83-262f298427ed: valid; 1.1 s; peak memory 1455 MiB.
2026-09-17T15:57:46Z INFO [230/500] 03774c71-940e-4149-8d0b-ba76e76e0236: valid; 8.1 s; peak memory 1651 MiB.
2026-09-17T15:57:48Z INFO [231/500] 037753c3-82c1-4cc3-bed8-7466c8f01d21: not valid; 1.7 s; peak memory 1651 MiB.
2026-09-17T15:57:58Z INFO [232/500] 03778925-295d-43ad-88cc-0a7f42ab901e: valid; 10.5 s; peak memory 1651 MiB.
2026-09-17T15:57:59Z WARNING 037806fd-c74d-428e-bf30-29d604321eb0: failed while retrieving asset information from the DANDI API (NotFoundError: No asset at path 'sub-LG445/sub-LG445_ses-20250328_obj-14fs8x_ophys.nwb' in version 0.260915.2135. Verify the path is correct and the asset exists in this version. Use 'dandi ls' to list available assets.)
2026-09-17T15:58:00Z INFO [234/500] 0378476f-30d8-4389-9f55-b06da2f87969: valid; 1.0 s; peak memory 1651 MiB.
2026-09-17T15:58:12Z INFO [235/500] 0378a803-fd3f-4fa4-9923-caf25115bd4b: valid; 12.7 s; peak memory 1668 MiB.
2026-09-17T15:58:14Z INFO [236/500] 0378ef84-ebd7-4071-9b98-2bca75bbbbfd: valid; 1.2 s; peak memory 1670 MiB.
2026-09-17T15:58:15Z INFO [237/500] 0379d168-f025-4d92-b771-370c4649d0c4: valid; 1.4 s; peak memory 1672 MiB.
2026-09-17T15:58:18Z INFO [238/500] 0379d6a0-79d9-4ad9-a764-b1b39654b486: valid; 3.4 s; peak memory 1674 MiB.
2026-09-17T15:58:22Z INFO [239/500] 037a2481-0021-4d3e-94a9-1d8e2433bc31: valid; 3.3 s; peak memory 1674 MiB.
2026-09-17T15:58:23Z INFO [240/500] 037a49f2-9bd6-4d1e-a707-4bfe8869970e: not valid; 1.8 s; peak memory 1674 MiB.
2026-09-17T15:58:25Z INFO [241/500] 037cc826-b4af-4b24-96ae-c69590ebb7ad: valid; 1.3 s; peak memory 1674 MiB.
2026-09-17T15:58:26Z INFO [242/500] 037ccd47-6fbe-44dd-9ba1-56bf4fcead9f: valid; 1.2 s; peak memory 1674 MiB.
2026-09-17T15:58:31Z INFO [243/500] 037d8044-a686-420e-a16a-f9b7d6882569: valid; 4.8 s; peak memory 1674 MiB.
2026-09-17T15:58:32Z INFO [244/500] 037dc24e-bf2f-4947-b955-4697dd11e0cb: valid; 1.7 s; peak memory 1674 MiB.
2026-09-17T15:58:35Z INFO [245/500] 037df688-fca5-4097-88b3-0413aab59c30: valid; 2.0 s; peak memory 1674 MiB.
2026-09-17T15:58:36Z INFO [246/500] 037ea6ad-f988-4a52-b30e-562c3cc2ff48: valid; 1.2 s; peak memory 1674 MiB.
2026-09-17T15:58:38Z INFO [247/500] 037f50e6-fae5-42ce-9dc4-11d02b4034b2: valid; 1.9 s; peak memory 1674 MiB.
2026-09-17T15:58:42Z INFO [248/500] 037fa1a8-fac8-41c1-931a-02ffdd83c557: not valid; 4.6 s; peak memory 1674 MiB.
2026-09-17T15:58:45Z INFO [249/500] 037fde98-30cd-4670-87be-56f204cfb77f: valid; 2.4 s; peak memory 1679 MiB.
2026-09-17T15:58:46Z INFO [250/500] 03800e6d-9816-40f7-a753-84b71d450442: not valid; 1.5 s; peak memory 1679 MiB.
2026-09-17T15:58:46Z INFO [250/500] 03800e6d-9816-40f7-a753-84b71d450442: checkpointed 67260 records.
2026-09-17T15:58:55Z INFO [251/500] 03803394-d5db-424f-9c60-17d991a73213: valid; 8.4 s; peak memory 1679 MiB.
2026-09-17T15:58:56Z INFO [252/500] 03805c32-ead4-4c1c-adfc-71734ecabc79: not valid; 1.0 s; peak memory 1679 MiB.
2026-09-17T15:58:57Z INFO [253/500] 0380777a-ed3c-4f70-91d5-b02b47629299: not valid; 1.5 s; peak memory 1679 MiB.
2026-09-17T15:59:55Z INFO [254/500] 03808049-e471-43e6-a4c4-075e3b3f3974: valid; 57.8 s; peak memory 1874 MiB.
2026-09-17T15:59:57Z INFO [255/500] 0380e52a-2f7c-43af-b27b-f6fc0841e451: valid; 1.8 s; peak memory 1874 MiB.
2026-09-17T16:00:04Z INFO [256/500] 038134b3-bc1e-4334-94d0-ae8f198d6b1a: valid; 6.8 s; peak memory 1874 MiB.
2026-09-17T16:00:05Z INFO [257/500] 038183b2-a835-494d-940b-10a31c6cccc5: valid; 1.2 s; peak memory 1874 MiB.
2026-09-17T16:00:08Z INFO [258/500] 038194e0-373a-4790-adc4-0c6b11f55738: valid; 2.5 s; peak memory 1874 MiB.
2026-09-17T16:00:15Z INFO [259/500] 0381be98-811c-4d5b-b081-b55bf974a24f: valid; 7.7 s; peak memory 1874 MiB.
2026-09-17T16:00:18Z INFO [260/500] 0381de47-4144-482f-a992-96c3a17298eb: valid; 2.4 s; peak memory 1874 MiB.
2026-09-17T16:00:19Z INFO [261/500] 038234fb-22d2-4c07-928f-12d0c1b51ae4: valid; 1.3 s; peak memory 1874 MiB.
2026-09-17T16:00:20Z INFO [262/500] 0382536b-e6b3-454c-873a-5ed0dc1a43e8: valid; 1.3 s; peak memory 1875 MiB.
2026-09-17T16:00:22Z INFO [263/500] 03825f7f-c4a4-477e-a9a8-7d04f1c54d1e: valid; 1.2 s; peak memory 1875 MiB.
2026-09-17T16:00:24Z INFO [264/500] 038272e9-ecd2-42a0-9f42-9cab74b414aa: valid; 2.7 s; peak memory 1879 MiB.
2026-09-17T16:00:26Z INFO [265/500] 038318ca-fcab-44fb-8951-e885bb2a61c3: not valid; 1.5 s; peak memory 1881 MiB.
2026-09-17T16:00:28Z WARNING 0384368d-5861-43ab-857a-c8bff9d52468: failed while opening the NWB file (ConstructError: (root/acquisition/_iblmic_audioSpectrogram/bands GroupBuilder {'attributes': {'colnames': array(['freq'], dtype=object), 'description': 'spectogram frequencies', 'namespace': 'core', 'neurodata_type': 'FrequencyBandsTable', 'object_id': 'ddc8b122-5ba0-4ada-be58-689b5f6bc790'}, 'groups': {}, 'datasets': {'freq': root/acquisition/_iblmic_audioSpectrogram/bands/freq DatasetBuilder {'attributes': {'description': 'frequency value', 'namespace': 'hdmf-common', 'neurodata_type': 'VectorData', 'object_id': '38224e2e-609c-4daf-a5d5-f7efa638f02c'}, 'data': <HDF5 dataset "freq": shape (257,), type "<f4">}, 'id': root/acquisition/_iblmic_audioSpectrogram/bands/id DatasetBuilder {'attributes': {'namespace': 'hdmf-common', 'neurodata_type': 'ElementIdentifiers', 'object_id': '8fd8e1de-8b75-4f12-b025-629890a9e277'}, 'data': <HDF5 dataset "id": shape (257,), type "<i4">}}, 'links': {}}, "Could not construct FrequencyBandsTable object due to: column must have the same number of rows as 'id'"))
2026-09-17T16:00:30Z INFO [267/500] 0384894a-ba22-4def-b826-358147c4a6ac: valid; 2.2 s; peak memory 1897 MiB.
2026-09-17T16:00:33Z INFO [268/500] 0384e90d-2a50-472b-a550-0453a40ad71d: valid; 3.0 s; peak memory 1900 MiB.
2026-09-17T16:00:42Z INFO [269/500] 0384f663-434d-4c13-be2c-4647b82f3df9: valid; 8.9 s; peak memory 1900 MiB.
2026-09-17T16:00:44Z INFO [270/500] 03856ec4-c434-4210-9f5b-13ca6e24194b: valid; 2.0 s; peak memory 1900 MiB.
2026-09-17T16:00:45Z INFO [271/500] 0385905e-2a51-48fa-bf1a-9cf23edc22fb: valid; 1.5 s; peak memory 1900 MiB.
2026-09-17T16:03:01Z INFO [272/500] 0385bbed-ed97-4de4-aea7-2be3a38444b1: not valid; 135.8 s; peak memory 2370 MiB.
2026-09-17T16:03:04Z INFO [273/500] 0386a02a-eaff-4478-b1f4-a938a2160048: valid; 2.8 s; peak memory 2371 MiB.
2026-09-17T16:03:06Z INFO [274/500] 0386b5ca-8880-4c62-9131-9220e031e0c5: valid; 2.1 s; peak memory 2373 MiB.
2026-09-17T16:03:19Z INFO [275/500] 0387b816-4191-4a71-9ace-6e2db1b542e3: valid; 12.9 s; peak memory 2382 MiB.
2026-09-17T16:03:20Z INFO [276/500] 0387d379-e527-4ccd-a19d-65f67cbc57e9: valid; 1.1 s; peak memory 2382 MiB.
2026-09-17T16:03:28Z INFO [277/500] 03881080-0cee-4919-98a4-c6935d8728f5: valid; 7.8 s; peak memory 2382 MiB.
2026-09-17T16:03:29Z INFO [278/500] 03882ae4-f23a-4dfa-8067-7204f6f896f3: not valid; 1.7 s; peak memory 2382 MiB.
2026-09-17T16:03:51Z INFO [279/500] 038886df-d3d1-40a6-a2af-d7ca9b52f7a9: valid; 21.8 s; peak memory 2399 MiB.
2026-09-17T16:03:57Z INFO [280/500] 03889d5a-cb7b-4075-9e29-76998f7b4415: valid; 5.4 s; peak memory 2403 MiB.
2026-09-17T16:03:59Z INFO [281/500] 038a042a-5490-4cf6-8378-9588f87dd5a1: valid; 2.0 s; peak memory 2405 MiB.
2026-09-17T16:04:01Z INFO [282/500] 038a4292-b217-470f-a391-05e1c74b98d4: valid; 2.1 s; peak memory 2407 MiB.
2026-09-17T16:04:15Z INFO [283/500] 038b0c79-71ec-468b-ac85-8bb68f844fa3: not valid; 14.6 s; peak memory 2435 MiB.
2026-09-17T16:04:38Z INFO [284/500] 038b3ef0-9086-42a9-9bad-3fa4363ad2d3: valid; 23.0 s; peak memory 2518 MiB.
2026-09-17T16:04:41Z INFO [285/500] 038b8a2c-7110-4968-b26a-833665d3e660: valid; 2.3 s; peak memory 2518 MiB.
2026-09-17T16:04:42Z INFO [286/500] 038b916d-c662-41f5-b252-be5af7f16f1b: valid; 1.3 s; peak memory 2518 MiB.
2026-09-17T16:04:43Z INFO [287/500] 038bb7af-8f71-4efe-94de-42cd1a53645f: valid; 1.3 s; peak memory 2518 MiB.
2026-09-17T16:04:47Z INFO [288/500] 038bd1e2-e633-4df0-9339-f4f0f53892c0: valid; 3.3 s; peak memory 2518 MiB.
2026-09-17T16:04:48Z INFO [289/500] 038bd8a4-fceb-410f-9d2f-2ab57c9e823b: not valid; 1.7 s; peak memory 2518 MiB.
2026-09-17T16:04:49Z INFO [290/500] 038c0213-f647-4242-8202-9c2d8ac11f9a: valid; 1.2 s; peak memory 2518 MiB.
2026-09-17T16:04:52Z INFO [291/500] 038c0e2e-ce3f-4d9f-bc7f-39cb36d79973: valid; 2.1 s; peak memory 2518 MiB.
2026-09-17T16:04:54Z INFO [292/500] 038c8610-fc84-4f5e-bd30-a02b0cd2f71a: valid; 2.9 s; peak memory 2518 MiB.
2026-09-17T16:04:56Z INFO [293/500] 038d3143-cdd4-48f1-9ba5-2c31dc947c88: not valid; 1.5 s; peak memory 2518 MiB.
2026-09-17T16:04:57Z INFO [294/500] 038d3a18-6555-4ffa-8e6a-4c729c1cae03: valid; 1.2 s; peak memory 2518 MiB.
2026-09-17T16:04:59Z INFO [295/500] 038d9b85-1fee-41b6-abf6-9ac90cb613f2: not valid; 1.7 s; peak memory 2518 MiB.
2026-09-17T16:05:11Z INFO [296/500] 038e83e3-15c5-4c4b-b7f6-c963c08872a4: valid; 12.3 s; peak memory 2526 MiB.
2026-09-17T16:05:13Z INFO [297/500] 038e862e-af4c-41e5-b854-df32655313a2: valid; 1.8 s; peak memory 2527 MiB.
2026-09-17T16:06:50Z INFO [298/500] 038e885b-81db-4484-8922-69656229b14f: not valid; 96.9 s; peak memory 3273 MiB.
2026-09-17T16:06:52Z INFO [299/500] 038e9f92-1210-476e-ba7d-074d3556f11f: valid; 2.4 s; peak memory 3274 MiB.
2026-09-17T16:06:54Z INFO [300/500] 038fcdba-f7db-4d74-948d-a3ac9cfd5915: valid; 2.4 s; peak memory 3276 MiB.
2026-09-17T16:06:55Z INFO [300/500] 038fcdba-f7db-4d74-948d-a3ac9cfd5915: checkpointed 67310 records.
2026-09-17T16:06:57Z INFO [301/500] 039112a6-1fad-4d49-8b71-207e67000ef3: not valid; 1.6 s; peak memory 3276 MiB.
2026-09-17T16:06:58Z INFO [302/500] 03912d6f-d492-4b8f-9ccc-e40ed9c2a0fd: not valid; 1.7 s; peak memory 3276 MiB.
2026-09-17T16:07:10Z INFO [303/500] 039207c0-4a31-4e05-ad1e-ae1fd5f680c9: valid; 11.3 s; peak memory 3276 MiB.
2026-09-17T16:07:12Z INFO [304/500] 03922b26-2eef-463d-a371-53a5f646996a: valid; 2.7 s; peak memory 3276 MiB.
2026-09-17T16:07:14Z INFO [305/500] 0392390a-1394-43ec-8f92-a41ff48a5330: valid; 1.4 s; peak memory 3276 MiB.
2026-09-17T16:07:15Z INFO [306/500] 039270cd-caf4-41aa-9915-2db759fa38f0: valid; 1.3 s; peak memory 3276 MiB.
2026-09-17T16:07:17Z INFO [307/500] 0392fa54-4a52-4f0e-9d53-7075f1c28b4c: valid; 2.0 s; peak memory 3276 MiB.
2026-09-17T16:07:19Z INFO [308/500] 03931d6a-9e56-4814-970e-f001e480b8ff: valid; 2.2 s; peak memory 3276 MiB.
2026-09-17T16:07:28Z INFO [309/500] 03931e1c-d46d-4a66-9463-89358dea1f67: valid; 8.6 s; peak memory 3276 MiB.
2026-09-17T16:07:30Z INFO [310/500] 03933ea7-7826-4186-ae73-3a8d682e4f91: valid; 2.2 s; peak memory 3276 MiB.
2026-09-17T16:07:37Z INFO [311/500] 03938cf8-73c2-43e3-b780-3e71ef11af85: valid; 6.7 s; peak memory 3276 MiB.
2026-09-17T16:07:38Z INFO [312/500] 0393e4a6-ef56-4c93-b8ac-c57261604b59: valid; 1.2 s; peak memory 3276 MiB.
2026-09-17T16:07:40Z INFO [313/500] 03941e56-4e9e-4d62-9ad1-8e888d8334c2: valid; 2.1 s; peak memory 3276 MiB.
2026-09-17T16:07:42Z WARNING 039518e3-07da-41ab-b361-d7b8f2646521: failed while opening the NWB file (ConstructError: (root/acquisition/_iblmic_audioSpectrogram/bands GroupBuilder {'attributes': {'colnames': array(['freq'], dtype=object), 'description': 'spectogram frequencies', 'namespace': 'core', 'neurodata_type': 'FrequencyBandsTable', 'object_id': 'a6dc3fb5-1308-4856-a3b9-261ffdb502f5'}, 'groups': {}, 'datasets': {'freq': root/acquisition/_iblmic_audioSpectrogram/bands/freq DatasetBuilder {'attributes': {'description': 'frequency value', 'namespace': 'hdmf-common', 'neurodata_type': 'VectorData', 'object_id': '64dc3563-c411-41cb-8495-13a447016061'}, 'data': <HDF5 dataset "freq": shape (257,), type "<f4">}, 'id': root/acquisition/_iblmic_audioSpectrogram/bands/id DatasetBuilder {'attributes': {'namespace': 'hdmf-common', 'neurodata_type': 'ElementIdentifiers', 'object_id': 'e9f60dce-e070-4e07-b2d1-b3ede833f860'}, 'data': <HDF5 dataset "id": shape (257,), type "<i4">}}, 'links': {}}, "Could not construct FrequencyBandsTable object due to: column must have the same number of rows as 'id'"))
2026-09-17T16:07:43Z INFO [315/500] 0395a648-3b5b-4d89-bffc-d4111c0e8380: not valid; 1.4 s; peak memory 3276 MiB.
2026-09-17T16:07:43Z WARNING 0395e99a-6942-4c44-a6f0-dad80b9764ee: failed while retrieving asset information from the DANDI API (NotFoundError: No asset at path 'sub-healthy-simulated-beta/sub-healthy-simulated-beta_ses-6057_ecephys.nwb' in version 0.250327.2220. Verify the path is correct and the asset exists in this version. Use 'dandi ls' to list available assets.)
2026-09-17T16:07:45Z INFO [317/500] 0396cede-ddf4-4423-a4ee-d77ac67e0013: not valid; 1.6 s; peak memory 3276 MiB.
2026-09-17T16:07:46Z INFO [318/500] 039703c1-53c3-4e73-a60e-f10d7dbe6e94: valid; 1.5 s; peak memory 3276 MiB.
2026-09-17T16:07:53Z INFO [319/500] 0397928f-22c9-4a38-9ae3-0fcad8f60313: not valid; 6.5 s; peak memory 3352 MiB.
2026-09-17T16:07:54Z INFO [320/500] 0397ef67-0ee3-4089-9ba2-a67dc785574e: valid; 1.4 s; peak memory 3352 MiB.
2026-09-17T16:07:56Z INFO [321/500] 03996b24-aa29-4a9f-9e7d-afc90dd192bc: valid; 2.1 s; peak memory 3352 MiB.
2026-09-17T16:07:59Z INFO [322/500] 0399c9f9-f6e5-4b05-bc4b-f0976b098de7: valid; 2.6 s; peak memory 3358 MiB.
2026-09-17T16:08:12Z INFO [323/500] 039a8e9f-03ab-42ce-ab23-f7f1917c8efc: valid; 12.6 s; peak memory 3371 MiB.
2026-09-17T16:08:13Z INFO [324/500] 039aca19-51c5-417f-b025-f289b5a126e8: valid; 1.3 s; peak memory 3372 MiB.
2026-09-17T16:08:14Z INFO [325/500] 039b8e29-b1d5-48b3-9c85-a21cdd42e925: not valid; 1.4 s; peak memory 3372 MiB.
2026-09-17T16:08:16Z INFO [326/500] 039c1b6d-56dc-49da-9e47-85c6dde21cde: not valid; 2.0 s; peak memory 3373 MiB.
2026-09-17T16:08:19Z INFO [327/500] 039d7c13-1b49-478e-b185-0da55623d5e4: valid; 2.8 s; peak memory 3374 MiB.
2026-09-17T16:08:21Z INFO [328/500] 039dfb93-755f-42dd-ba72-72eb816d1896: valid; 1.3 s; peak memory 3374 MiB.
2026-09-17T16:08:23Z INFO [329/500] 039e6a41-6d9e-4f0e-ae11-4eb371eeb343: valid; 2.5 s; peak memory 3376 MiB.
2026-09-17T16:08:24Z INFO [330/500] 039f006c-4037-4ce5-bef0-b242cda999cc: valid; 1.3 s; peak memory 3377 MiB.
2026-09-17T16:08:26Z INFO [331/500] 039f59ff-aba0-49e4-89d6-a1d348efaccb: valid; 1.9 s; peak memory 3384 MiB.
2026-09-17T16:08:28Z INFO [332/500] 039f70d1-d735-43d1-82fe-290748b2a5dd: not valid; 1.8 s; peak memory 3386 MiB.
2026-09-17T16:08:29Z INFO [333/500] 03a06f89-a942-430f-a956-ce37b31a0cf2: not valid; 1.0 s; peak memory 3388 MiB.
2026-09-17T16:08:31Z INFO [334/500] 03a0fce6-f2d9-4d9c-b2cb-cc11653dfa2f: not valid; 1.8 s; peak memory 3392 MiB.
2026-09-17T16:08:33Z INFO [335/500] 03a17e83-a36b-4d24-b5b3-0d96f7605f30: valid; 2.3 s; peak memory 3399 MiB.
2026-09-17T16:08:36Z INFO [336/500] 03a1ce5e-d662-4fb7-8ed3-d30673b7fa91: valid; 3.2 s; peak memory 3402 MiB.
2026-09-17T16:08:38Z INFO [337/500] 03a26f08-21ed-4f08-be0e-faa65c3bcb32: valid; 2.0 s; peak memory 3402 MiB.
2026-09-17T16:08:41Z INFO [338/500] 03a2737c-b6ef-4224-aca3-7f33b8d06a4b: valid; 2.6 s; peak memory 3402 MiB.
2026-09-17T16:12:46Z INFO [339/500] 03a2f207-8650-4dfd-85c6-c3f220bd86ba: not valid; 245.1 s; peak memory 4205 MiB.
2026-09-17T16:12:53Z INFO [340/500] 03a2f8b6-7b65-4b54-acc3-8cbf488ab5bf: valid; 6.7 s; peak memory 4218 MiB.
2026-09-17T16:12:54Z INFO [341/500] 03a3b0b4-315d-4444-a022-99405b0c50a0: valid; 1.4 s; peak memory 4222 MiB.
2026-09-17T16:12:56Z INFO [342/500] 03a439fd-b93b-4820-92ab-8df48b85f4c8: valid; 1.9 s; peak memory 4232 MiB.
2026-09-17T16:12:57Z INFO [343/500] 03a49dc1-dfcb-4697-8e81-ef96a9c512bb: valid; 1.3 s; peak memory 4235 MiB.
2026-09-17T16:13:05Z INFO [344/500] 03a5817e-9949-455f-9c24-6da9777c5cb4: valid; 7.6 s; peak memory 4266 MiB.
2026-09-17T16:13:07Z INFO [345/500] 03a5d4d1-7069-4cb7-821f-eead93b6e976: valid; 2.4 s; peak memory 4286 MiB.
2026-09-17T16:13:10Z INFO [346/500] 03a66085-f01b-4651-b51b-9fc9e3f9aaf6: valid; 2.2 s; peak memory 4296 MiB.
2026-09-17T16:13:11Z INFO [347/500] 03a68a0e-cc1b-46d0-ab16-ed397489e7b7: not valid; 1.5 s; peak memory 4303 MiB.
2026-09-17T16:13:20Z INFO [348/500] 03a6e32d-5e20-4bc7-990b-a5c5eb7a0f7d: valid; 9.3 s; peak memory 4359 MiB.
2026-09-17T16:13:22Z INFO [349/500] 03a7e7df-0ec1-421d-bc71-bb7d6b602665: not valid; 1.7 s; peak memory 4365 MiB.
2026-09-17T16:13:24Z INFO [350/500] 03a7eb27-bc12-4a72-ba0a-0b28599e37f8: valid; 2.1 s; peak memory 4378 MiB.
2026-09-17T16:13:25Z INFO [350/500] 03a7eb27-bc12-4a72-ba0a-0b28599e37f8: checkpointed 67360 records.
2026-09-17T16:13:28Z INFO [351/500] 03a80078-da03-4c6d-aef4-b00b87402bcb: valid; 3.4 s; peak memory 4387 MiB.
2026-09-17T16:13:31Z INFO [352/500] 03a8c3ec-dc5d-4de7-86d8-e6d5fa08c477: valid; 2.7 s; peak memory 4387 MiB.
2026-09-17T16:13:32Z INFO [353/500] 03a943f2-7463-46cc-a392-d82e0a864d6d: valid; 1.3 s; peak memory 4387 MiB.
2026-09-17T16:13:34Z WARNING 03a947f5-e88c-4c7a-88af-6c446d551a59: failed while opening the NWB file (ConstructError: (root/acquisition/_iblmic_audioSpectrogram/bands GroupBuilder {'attributes': {'colnames': array(['freq'], dtype=object), 'description': 'spectogram frequencies', 'namespace': 'core', 'neurodata_type': 'FrequencyBandsTable', 'object_id': '14660156-5b4b-4468-b3fd-a3612affc70c'}, 'groups': {}, 'datasets': {'freq': root/acquisition/_iblmic_audioSpectrogram/bands/freq DatasetBuilder {'attributes': {'description': 'frequency value', 'namespace': 'hdmf-common', 'neurodata_type': 'VectorData', 'object_id': 'f672a265-0912-4625-a62c-e156dd35cc16'}, 'data': <HDF5 dataset "freq": shape (257,), type "<f4">}, 'id': root/acquisition/_iblmic_audioSpectrogram/bands/id DatasetBuilder {'attributes': {'namespace': 'hdmf-common', 'neurodata_type': 'ElementIdentifiers', 'object_id': 'b0173632-ebde-42fa-92e1-119f21d04339'}, 'data': <HDF5 dataset "id": shape (257,), type "<i4">}}, 'links': {}}, "Could not construct FrequencyBandsTable object due to: column must have the same number of rows as 'id'"))
2026-09-17T16:13:35Z INFO [355/500] 03a96456-38e0-445b-a831-879d39840db6: valid; 1.2 s; peak memory 4387 MiB.
2026-09-17T16:13:37Z INFO [356/500] 03a96c44-87eb-4f77-9638-8088f7bc77b2: valid; 2.3 s; peak memory 4387 MiB.
2026-09-17T16:13:39Z INFO [357/500] 03a99fed-ec35-4e20-bf74-cef5a8de0876: valid; 1.2 s; peak memory 4387 MiB.
2026-09-17T16:13:40Z WARNING 03aa509e-cd1c-40ed-a5e4-38a85ad46eb0: failed while opening the NWB file (ConstructError: (root/acquisition/event_code_meanings GroupBuilder {'attributes': {'colnames': array(['value', 'meaning'], dtype=object), 'description': 'Mapping integer event codes to event labels', 'namespace': 'ndx-events', 'neurodata_type': 'MeaningsTable', 'object_id': '9a2eec80-669a-49e8-ba16-5710487dc0f6'}, 'groups': {}, 'datasets': {'id': root/acquisition/event_code_meanings/id DatasetBuilder {'attributes': {'namespace': 'hdmf-common', 'neurodata_type': 'ElementIdentifiers', 'object_id': '3b7244f3-2435-4dec-b0f8-0c3113db876a'}, 'data': <HDF5 dataset "id": shape (26,), type "<i8">}, 'meaning': root/acquisition/event_code_meanings/meaning DatasetBuilder {'attributes': {'description': 'The meaning of the value in the parent CategoricalVectorData object.', 'namespace': 'hdmf-experimental', 'neurodata_type': 'VectorData', 'object_id': '700f0e5e-4f67-4e76-a6b8-edf2eb10ebd9'}, 'data': <StrDataset for HDF5 dataset "meaning": shape (26,), type "|O">}, 'value': root/acquisition/event_code_meanings/value DatasetBuilder {'attributes': {'description': 'The value of the parent CategoricalVectorData object.', 'namespace': 'hdmf-experimental', 'neurodata_type': 'VectorData', 'object_id': '96f24322-920f-4d98-9f3a-a5731e391715'}, 'data': <HDF5 dataset "value": shape (26,), type "<i8">}}, 'links': {}}, "Could not construct MeaningsTable object due to: MeaningsTable.__init__: missing argument 'target'"))
2026-09-17T16:13:43Z INFO [359/500] 03aa8a88-246f-4e78-a21b-345697d61e0f: valid; 2.8 s; peak memory 4387 MiB.
2026-09-17T16:13:51Z INFO [360/500] 03abf0d0-58e8-40d8-81fc-45bad31188cb: valid; 7.5 s; peak memory 4387 MiB.
2026-09-17T16:13:52Z INFO [361/500] 03ac0f05-471e-4d8c-9677-411a08a89066: not valid; 1.5 s; peak memory 4387 MiB.
2026-09-17T16:13:54Z INFO [362/500] 03ad9338-798c-4b6f-b1c6-81c3db7d7515: valid; 1.9 s; peak memory 4387 MiB.
2026-09-17T16:13:58Z INFO [363/500] 03adaab5-691b-4202-ba89-6accb28bf893: not valid; 3.5 s; peak memory 4387 MiB.
2026-09-17T16:14:05Z INFO [364/500] 03adfaa8-453f-47b4-a749-83cbce65e1de: valid; 7.7 s; peak memory 4387 MiB.
2026-09-17T16:14:07Z INFO [365/500] 03ae0c17-606d-4cce-b442-6638b9b70a8c: not valid; 2.0 s; peak memory 4387 MiB.
2026-09-17T16:14:09Z INFO [366/500] 03af45cd-8aaf-4f8e-bf5f-30f93c249090: not valid; 1.5 s; peak memory 4387 MiB.
2026-09-17T16:14:29Z INFO [367/500] 03af6b84-ea4e-4b97-aeb8-fd8a24148e8b: valid; 20.2 s; peak memory 4387 MiB.
2026-09-17T16:14:32Z INFO [368/500] 03af7007-63c3-494b-a4ae-e0d0b152c576: valid; 2.6 s; peak memory 4387 MiB.
2026-09-17T16:14:45Z INFO [369/500] 03af8f6d-e3dd-4250-8291-ea6328be6966: valid; 13.1 s; peak memory 4389 MiB.
2026-09-17T16:14:48Z INFO [370/500] 03b00359-ddd3-43c4-84f3-d85fa08623d0: valid; 2.8 s; peak memory 4390 MiB.
2026-09-17T16:14:50Z INFO [371/500] 03b0391e-7304-4649-8266-b3f9cc2b3371: valid; 2.1 s; peak memory 4393 MiB.
2026-09-17T16:14:51Z INFO [372/500] 03b14d8d-da0a-4375-8e98-d87d204a683c: not valid; 1.6 s; peak memory 4394 MiB.
2026-09-17T16:14:53Z WARNING 03b22e91-a66b-4009-be8d-f8e4a93c3408: failed while opening the NWB file (ConstructError: (root/acquisition/event_code_meanings GroupBuilder {'attributes': {'colnames': array(['value', 'meaning'], dtype=object), 'description': 'Mapping integer event codes to event labels', 'namespace': 'ndx-events', 'neurodata_type': 'MeaningsTable', 'object_id': '3a350927-f568-4baa-be32-bd786b7e1000'}, 'groups': {}, 'datasets': {'id': root/acquisition/event_code_meanings/id DatasetBuilder {'attributes': {'namespace': 'hdmf-common', 'neurodata_type': 'ElementIdentifiers', 'object_id': '8e81d886-32ca-4c70-abc6-be7236cbb83b'}, 'data': <HDF5 dataset "id": shape (26,), type "<i8">}, 'meaning': root/acquisition/event_code_meanings/meaning DatasetBuilder {'attributes': {'description': 'The meaning of the value in the parent CategoricalVectorData object.', 'namespace': 'hdmf-experimental', 'neurodata_type': 'VectorData', 'object_id': 'c5bf3b55-e8f0-4c50-a5a3-007dd2b9dac1'}, 'data': <StrDataset for HDF5 dataset "meaning": shape (26,), type "|O">}, 'value': root/acquisition/event_code_meanings/value DatasetBuilder {'attributes': {'description': 'The value of the parent CategoricalVectorData object.', 'namespace': 'hdmf-experimental', 'neurodata_type': 'VectorData', 'object_id': '1946a460-4a15-452f-8f73-8de43d5fa390'}, 'data': <HDF5 dataset "value": shape (26,), type "<i8">}}, 'links': {}}, "Could not construct MeaningsTable object due to: MeaningsTable.__init__: missing argument 'target'"))
2026-09-17T16:14:54Z INFO [374/500] 03b2638f-dfdc-4050-a52f-f373ce725ea4: valid; 1.3 s; peak memory 4396 MiB.
2026-09-17T16:14:56Z INFO [375/500] 03b27246-cf92-4875-aa20-9806865f4638: valid; 1.2 s; peak memory 4397 MiB.
2026-09-17T16:14:58Z INFO [376/500] 03b35f10-4401-4f10-9032-c14efb73f401: valid; 2.0 s; peak memory 4398 MiB.
2026-09-17T16:14:59Z INFO [377/500] 03b39d0f-f7c6-4d67-899e-0deef00ecbc4: valid; 1.3 s; peak memory 4399 MiB.
2026-09-17T16:15:01Z INFO [378/500] 03b3c918-b0fe-4070-88ed-c1180b765d6a: valid; 1.8 s; peak memory 4400 MiB.
2026-09-17T16:15:18Z INFO [379/500] 03b49e97-c601-4867-8140-9f9f9a881446: valid; 17.4 s; peak memory 4411 MiB.
2026-09-17T16:15:20Z INFO [380/500] 03b508ab-20c0-4e88-929e-9b4345f4c262: valid; 1.5 s; peak memory 4411 MiB.
2026-09-17T16:15:24Z INFO [381/500] 03b5a503-be05-46c9-926a-776e632eae61: valid; 4.5 s; peak memory 4415 MiB.
2026-09-17T16:15:27Z INFO [382/500] 03b5b3e0-5c49-4b4b-8c8e-8f7ae6f869f4: valid; 2.8 s; peak memory 4419 MiB.
2026-09-17T16:15:29Z INFO [383/500] 03b5ebe4-cd1a-4743-b576-777ca07e1251: not valid; 1.7 s; peak memory 4420 MiB.
2026-09-17T16:15:30Z INFO [384/500] 03b5fa08-4dd1-49d6-8b38-539f4c6eea6e: valid; 1.7 s; peak memory 4420 MiB.
2026-09-17T16:15:34Z INFO [385/500] 03b5fd74-4578-4bb5-84fb-18d1e6f92c81: valid; 3.9 s; peak memory 4425 MiB.
2026-09-17T16:15:37Z INFO [386/500] 03b6d20b-8942-455b-8885-3f4efc436ace: valid; 2.5 s; peak memory 4426 MiB.
2026-09-17T16:15:54Z INFO [387/500] 03b6d7c6-189f-4a06-ac88-eb0eace82fa2: not valid; 17.9 s; peak memory 4475 MiB.
2026-09-17T16:15:57Z INFO [388/500] 03b6ef09-af93-42b0-8093-c751cb9d7d05: valid; 3.0 s; peak memory 4475 MiB.
2026-09-17T16:16:02Z INFO [389/500] 03b70f23-043a-4a93-b695-78fa65057de7: valid; 4.2 s; peak memory 4476 MiB.
2026-09-17T16:16:03Z INFO [390/500] 03b7494b-8262-4e3a-b297-77f31582fcca: not valid; 1.7 s; peak memory 4476 MiB.
2026-09-17T16:16:05Z INFO [391/500] 03b84871-2dfb-430f-93d5-876a5947376a: valid; 2.0 s; peak memory 4476 MiB.
2026-09-17T16:16:06Z INFO [392/500] 03b8a104-a365-412c-95c8-b3277fca4008: valid; 1.0 s; peak memory 4476 MiB.
2026-09-17T16:16:08Z INFO [393/500] 03b934ea-1d1b-4f62-861d-2a0108287964: valid; 2.0 s; peak memory 4476 MiB.
2026-09-17T16:16:10Z INFO [394/500] 03b9518f-4d72-4693-a07f-95d1ecb76873: valid; 1.9 s; peak memory 4476 MiB.
2026-09-17T16:16:11Z INFO [395/500] 03ba0c91-25d7-4243-aa81-04e239526f1d: valid; 1.1 s; peak memory 4476 MiB.
2026-09-17T16:16:11Z WARNING 03baaf62-52c8-459f-8ed2-d3964a699d96: failed while retrieving asset information from the DANDI API (NotFoundError: No asset at path 'sub-parkinson-simulated-lfp/sub-parkinson-simulated-lfp_ses-2564_ecephys.nwb' in version 0.250327.2220. Verify the path is correct and the asset exists in this version. Use 'dandi ls' to list available assets.)
2026-09-17T16:16:13Z INFO [397/500] 03baecf3-0b14-4149-a7a7-6f47fa69e251: valid; 2.0 s; peak memory 4476 MiB.
2026-09-17T16:16:15Z INFO [398/500] 03bb4414-0ef0-46ea-a313-a785d7e1f0d6: valid; 1.3 s; peak memory 4476 MiB.
2026-09-17T16:16:16Z INFO [399/500] 03bb5284-35df-48b2-9c30-5c38f948d9d1: valid; 1.2 s; peak memory 4476 MiB.
2026-09-17T16:16:18Z INFO [400/500] 03bb6b02-bf0b-4e29-a6a1-f2fd67292c0f: valid; 2.0 s; peak memory 4476 MiB.
2026-09-17T16:16:18Z INFO [400/500] 03bb6b02-bf0b-4e29-a6a1-f2fd67292c0f: checkpointed 67410 records.
2026-09-17T16:16:20Z INFO [401/500] 03bb9bf7-71e0-4eac-9c80-61357ba19ca4: not valid; 2.0 s; peak memory 4476 MiB.
2026-09-17T16:16:23Z INFO [402/500] 03bbc9f4-e57e-44d0-b958-ed4ef8bf68ad: valid; 2.4 s; peak memory 4476 MiB.
2026-09-17T16:16:25Z WARNING 03bbeb4e-4533-4fdf-8086-e9f679483b8d: failed while opening the NWB file (ConstructError: (root/acquisition/_iblmic_audioSpectrogram/bands GroupBuilder {'attributes': {'colnames': array(['freq'], dtype=object), 'description': 'spectogram frequencies', 'namespace': 'core', 'neurodata_type': 'FrequencyBandsTable', 'object_id': 'db27c11a-d95a-444e-834b-883a4b50a088'}, 'groups': {}, 'datasets': {'freq': root/acquisition/_iblmic_audioSpectrogram/bands/freq DatasetBuilder {'attributes': {'description': 'frequency value', 'namespace': 'hdmf-common', 'neurodata_type': 'VectorData', 'object_id': '33fc1ab0-5519-43aa-a604-feed6087772e'}, 'data': <HDF5 dataset "freq": shape (257,), type "<f4">}, 'id': root/acquisition/_iblmic_audioSpectrogram/bands/id DatasetBuilder {'attributes': {'namespace': 'hdmf-common', 'neurodata_type': 'ElementIdentifiers', 'object_id': '3f68e7d6-7807-440f-af80-7826811710a5'}, 'data': <HDF5 dataset "id": shape (257,), type "<i4">}}, 'links': {}}, "Could not construct FrequencyBandsTable object due to: column must have the same number of rows as 'id'"))
2026-09-17T16:16:26Z INFO [404/500] 03bc7027-065b-4595-b8cf-d3b4c40a410d: valid; 1.0 s; peak memory 4476 MiB.
2026-09-17T16:16:27Z INFO [405/500] 03bcb6d2-5cf9-47b5-9919-04b6b9f4b661: not valid; 1.6 s; peak memory 4476 MiB.
2026-09-17T16:16:29Z INFO [406/500] 03bdf982-6d4b-4f31-901c-ea3828450718: valid; 2.1 s; peak memory 4476 MiB.
2026-09-17T16:16:32Z INFO [407/500] 03be1195-3611-40c9-8506-6bdfee89b09f: valid; 2.3 s; peak memory 4476 MiB.
2026-09-17T16:16:35Z INFO [408/500] 03be98df-ae6c-47e0-8a17-9d1b0bc3804e: valid; 3.3 s; peak memory 4476 MiB.
2026-09-17T16:16:38Z INFO [409/500] 03becee8-5e6d-45c8-8719-2d26c85017db: valid; 3.2 s; peak memory 4476 MiB.
2026-09-17T16:16:40Z INFO [410/500] 03bf086e-0d40-4c23-a20f-c0448d6789ea: valid; 2.2 s; peak memory 4476 MiB.
2026-09-17T16:16:44Z INFO [411/500] 03bf6b6a-3e24-4beb-828a-684c37ae4e23: valid; 3.1 s; peak memory 4476 MiB.
2026-09-17T16:16:45Z INFO [412/500] 03bfb8a3-deb2-49a4-bf41-0a4089431d57: valid; 1.3 s; peak memory 4476 MiB.
2026-09-17T16:16:46Z INFO [413/500] 03bffd0b-c7bc-403f-886d-8d131626052b: not valid; 1.4 s; peak memory 4476 MiB.
2026-09-17T16:16:51Z INFO [414/500] 03c0c9a6-0fb6-4ffb-b7eb-9d4ad30c5be8: valid; 4.9 s; peak memory 4476 MiB.
2026-09-17T16:17:00Z INFO [415/500] 03c0fa68-5e70-4f69-9e45-18046fe9a69d: not valid; 9.2 s; peak memory 4516 MiB.
2026-09-17T16:17:01Z INFO [416/500] 03c16da4-e708-4e3e-9d52-bc2a675881eb: valid; 1.2 s; peak memory 4516 MiB.
2026-09-17T16:17:03Z INFO [417/500] 03c17f1b-8b39-4d37-a58f-e37e3ad8fce1: not valid; 1.6 s; peak memory 4516 MiB.
2026-09-17T16:17:05Z INFO [418/500] 03c19c14-8b10-4af9-86e2-30653c64c4b1: valid; 2.3 s; peak memory 4516 MiB.
2026-09-17T16:17:08Z INFO [419/500] 03c34f85-48fd-4e87-b43f-f670dabd1a86: valid; 2.8 s; peak memory 4516 MiB.
2026-09-17T16:17:11Z INFO [420/500] 03c39874-db50-43c4-9d8f-e43f08a9cf3c: valid; 2.3 s; peak memory 4516 MiB.
2026-09-17T16:17:13Z WARNING 03c3a1ee-da5b-403a-9a08-b12ded1bf225: failed while opening the NWB file (ConstructError: (root/acquisition/_iblmic_audioSpectrogram/bands GroupBuilder {'attributes': {'colnames': array(['freq'], dtype=object), 'description': 'spectogram frequencies', 'namespace': 'core', 'neurodata_type': 'FrequencyBandsTable', 'object_id': 'f6b16f4e-4fff-4492-94a6-1e7f64cd617f'}, 'groups': {}, 'datasets': {'freq': root/acquisition/_iblmic_audioSpectrogram/bands/freq DatasetBuilder {'attributes': {'description': 'frequency value', 'namespace': 'hdmf-common', 'neurodata_type': 'VectorData', 'object_id': 'cc4eb4c3-0f39-43f7-8071-1a7a8c68e5ca'}, 'data': <HDF5 dataset "freq": shape (257,), type "<f4">}, 'id': root/acquisition/_iblmic_audioSpectrogram/bands/id DatasetBuilder {'attributes': {'namespace': 'hdmf-common', 'neurodata_type': 'ElementIdentifiers', 'object_id': 'b5c41038-c5d9-4ad2-9c29-ebd09bcf17d7'}, 'data': <HDF5 dataset "id": shape (257,), type "<i4">}}, 'links': {}}, "Could not construct FrequencyBandsTable object due to: column must have the same number of rows as 'id'"))
2026-09-17T16:17:14Z INFO [422/500] 03c43af3-a5b1-4e72-85db-ba12e3748656: valid; 1.3 s; peak memory 4516 MiB.
2026-09-17T16:17:15Z INFO [423/500] 03c521af-1033-456f-a758-accaedaff4f3: valid; 1.2 s; peak memory 4516 MiB.
2026-09-17T16:17:17Z INFO [424/500] 03c65b1c-0849-4035-850b-5da6ded7f989: valid; 2.0 s; peak memory 4516 MiB.
2026-09-17T16:17:19Z INFO [425/500] 03c68a5d-629d-4cd1-a269-6d8f26c0389d: valid; 1.3 s; peak memory 4516 MiB.
2026-09-17T16:17:19Z WARNING 03c6aa80-6aa2-455d-9d92-350369ffe8cc: failed while retrieving asset information from the DANDI API (NotFoundError: No asset at path 'sub-440957/sub-440957_ses-20190213T145027_behavior+ecephys+ogen.nwb' in version 0.231012.2129. Verify the path is correct and the asset exists in this version. Use 'dandi ls' to list available assets.)
2026-09-17T16:17:22Z INFO [427/500] 03c70e32-eed3-4aa3-a9e9-34eb94bf6366: valid; 3.1 s; peak memory 4540 MiB.
2026-09-17T16:17:23Z INFO [428/500] 03c783ac-89a0-4004-b758-2ee5c894d633: valid; 1.3 s; peak memory 4540 MiB.
2026-09-17T16:17:25Z INFO [429/500] 03c7b7e5-fc72-476e-9d2b-6cbfdd509399: not valid; 1.6 s; peak memory 4540 MiB.
2026-09-17T16:17:27Z INFO [430/500] 03c7bf13-2ca7-45d0-a1ef-ec6730d9c14f: valid; 2.1 s; peak memory 4540 MiB.
2026-09-17T16:17:30Z INFO [431/500] 03c822e8-1c6b-49bf-a782-08f32ad4bae0: valid; 2.9 s; peak memory 4540 MiB.
2026-09-17T16:17:31Z INFO [432/500] 03c8dff6-48d0-491a-a732-42adce0dd911: not valid; 1.2 s; peak memory 4540 MiB.
2026-09-17T16:17:32Z INFO [433/500] 03c9b621-be88-4792-b475-d94a09fd183e: valid; 1.0 s; peak memory 4540 MiB.
2026-09-17T16:17:35Z INFO [434/500] 03caf4d3-2d41-4870-94a3-c6440d69de25: valid; 3.1 s; peak memory 4540 MiB.
2026-09-17T16:17:38Z INFO [435/500] 03cb6af4-899a-412d-a60d-e99a6401cf68: valid; 2.8 s; peak memory 4540 MiB.
2026-09-17T16:17:55Z INFO [436/500] 03cb7096-f086-431d-afb2-69d4d4382f73: valid; 17.3 s; peak memory 4540 MiB.
2026-09-17T16:17:59Z INFO [437/500] 03cdc9b3-30d6-4cde-a777-8820b8ae67ab: valid; 4.1 s; peak memory 4540 MiB.
2026-09-17T16:18:02Z INFO [438/500] 03ce16b8-c6fd-404d-b976-4e46859c83f4: valid; 2.7 s; peak memory 4540 MiB.
2026-09-17T16:18:04Z INFO [439/500] 03ced12b-f056-4906-9e0a-ba72103efb8d: valid; 2.3 s; peak memory 4540 MiB.
2026-09-17T16:18:06Z INFO [440/500] 03cfdf88-0534-4f8d-b8e6-977a69fe76d5: valid; 2.2 s; peak memory 4542 MiB.
2026-09-17T16:18:08Z INFO [441/500] 03d0040b-8397-4d53-956b-e0c93e792bbd: valid; 1.2 s; peak memory 4542 MiB.
2026-09-17T16:18:09Z INFO [442/500] 03d04a87-1cba-4e06-9c2f-c2a89d86b0da: not valid; 1.4 s; peak memory 4542 MiB.
2026-09-17T16:18:11Z INFO [443/500] 03d07605-258a-4676-a97b-4e088c19aedd: valid; 2.0 s; peak memory 4542 MiB.
2026-09-17T16:18:15Z INFO [444/500] 03d08bd5-0910-4d5b-b6fa-63186462c868: valid; 4.4 s; peak memory 4545 MiB.
2026-09-17T16:18:17Z INFO [445/500] 03d11f44-9f9a-4f45-8b92-a02f7ea880f7: valid; 1.3 s; peak memory 4546 MiB.
2026-09-17T16:19:08Z INFO [446/500] 03d1381e-d6aa-40de-b763-59fa49a8ae0b: valid; 51.7 s; peak memory 4780 MiB.
2026-09-17T16:19:12Z INFO [447/500] 03d14de2-11cb-494a-8bbc-d70546313137: valid; 3.1 s; peak memory 4780 MiB.
2026-09-17T16:19:13Z INFO [448/500] 03d18db6-27d3-4c91-8cd1-5f23a3ea0036: not valid; 1.7 s; peak memory 4780 MiB.
2026-09-17T16:19:15Z INFO [449/500] 03d1b835-91dd-468b-97af-963cae29d521: valid; 1.9 s; peak memory 4780 MiB.
2026-09-17T16:19:17Z INFO [450/500] 03d20e1e-c30a-4b6a-98ac-1d5f01db1930: valid; 1.9 s; peak memory 4780 MiB.
2026-09-17T16:19:17Z INFO [450/500] 03d20e1e-c30a-4b6a-98ac-1d5f01db1930: checkpointed 67460 records.
2026-09-17T16:19:19Z INFO [451/500] 03d329e6-a1ad-4217-916a-b76adbd089f3: valid; 2.0 s; peak memory 4780 MiB.
2026-09-17T16:19:21Z INFO [452/500] 03d32e21-7f60-408c-9723-0acbcb22160d: valid; 1.2 s; peak memory 4780 MiB.
2026-09-17T16:19:24Z INFO [453/500] 03d371e1-05dd-4eae-91c3-d4ded3e8fdc1: valid; 3.1 s; peak memory 4780 MiB.
2026-09-17T16:19:25Z INFO [454/500] 03d3b7d4-71ed-4a22-ab23-af99d87cf043: not valid; 1.5 s; peak memory 4780 MiB.
2026-09-17T16:19:27Z WARNING 03d49071-2851-44d6-a886-549c366d8a94: failed while opening the NWB file (ValueError: Cannot extend float64 to float)
2026-09-17T16:19:28Z INFO [456/500] 03d4d97b-3b1e-4e00-9dce-2251fb9f5c10: valid; 1.0 s; peak memory 4780 MiB.
2026-09-17T16:19:30Z INFO [457/500] 03d5db8f-d153-4e0c-9637-b93b0d65b226: not valid; 1.7 s; peak memory 4780 MiB.
2026-09-17T16:19:31Z INFO [458/500] 03d5ed0b-744e-46e1-ab8b-37d7408cbaca: valid; 1.1 s; peak memory 4780 MiB.
2026-09-17T16:19:33Z INFO [459/500] 03d6b6de-65b9-4881-9b6f-e954218d7fd9: not valid; 1.5 s; peak memory 4780 MiB.
2026-09-17T16:19:34Z INFO [460/500] 03d794a1-4767-4870-8cfe-fa177048a5b9: valid; 1.3 s; peak memory 4780 MiB.
2026-09-17T16:19:37Z INFO [461/500] 03d7f67e-714f-4e00-a364-90e347101b87: valid; 3.4 s; peak memory 4780 MiB.
2026-09-17T16:19:48Z INFO [462/500] 03d94654-76d5-4918-9cce-9f7f91d7de9e: valid; 11.0 s; peak memory 4781 MiB.
2026-09-17T16:19:49Z INFO [463/500] 03dbac81-de7f-438a-bf55-62b6d688ad8a: valid; 1.0 s; peak memory 4782 MiB.
2026-09-17T16:19:52Z INFO [464/500] 03dbf609-4fc2-43cc-a239-85e9b456be52: not valid; 2.2 s; peak memory 4783 MiB.
2026-09-17T16:20:08Z INFO [465/500] 03dd367b-c8a5-4103-8168-2c376f573d0e: valid; 16.5 s; peak memory 4783 MiB.
2026-09-17T16:20:12Z INFO [466/500] 03ddf628-42b6-4d0e-a64d-caab11736630: not valid; 4.0 s; peak memory 4786 MiB.
2026-09-17T16:20:14Z INFO [467/500] 03de022f-37ec-4291-8aa5-1119a6132a8f: not valid; 1.5 s; peak memory 4787 MiB.
2026-09-17T16:20:23Z INFO [468/500] 03de4b32-beca-4329-9259-9744145a8d62: valid; 9.3 s; peak memory 4809 MiB.
2026-09-17T16:20:24Z INFO [469/500] 03df35a8-2fc8-42b4-87d5-b138b4481ac8: valid; 1.3 s; peak memory 4810 MiB.
2026-09-17T16:20:27Z INFO [470/500] 03df852b-6e9a-4c2c-9353-16514524c45b: valid; 2.7 s; peak memory 4811 MiB.
2026-09-17T16:20:28Z INFO [471/500] 03e00068-bdcc-425c-b045-d39d2e47fa52: not valid; 1.5 s; peak memory 4811 MiB.
2026-09-17T16:20:30Z INFO [472/500] 03e0a844-790a-4761-9231-aaee8ab532c6: not valid; 1.7 s; peak memory 4813 MiB.
2026-09-17T16:20:31Z INFO [473/500] 03e1134b-77fd-48b3-81d6-bab61553b6a7: valid; 1.2 s; peak memory 4813 MiB.
2026-09-17T16:20:34Z INFO [474/500] 03e1d695-0111-4856-bea2-eda67da0f3fc: valid; 2.3 s; peak memory 4814 MiB.
2026-09-17T16:20:36Z INFO [475/500] 03e2d6ba-7a8c-4eb7-8015-c741f4f42704: valid; 1.8 s; peak memory 4814 MiB.
2026-09-17T16:20:37Z INFO [476/500] 03e33b55-5ae4-4361-b275-22db1e778545: valid; 1.3 s; peak memory 4814 MiB.
2026-09-17T16:20:40Z INFO [477/500] 03e3ce8a-c548-4567-a700-b72ec6b654db: valid; 2.8 s; peak memory 4827 MiB.
2026-09-17T16:20:42Z INFO [478/500] 03e3eb31-e31a-4994-9d8a-66c73ec842f8: valid; 2.3 s; peak memory 4827 MiB.
2026-09-17T16:20:54Z INFO [479/500] 03e4e22c-3828-4b9e-81ae-fc232f95b7b7: valid; 11.8 s; peak memory 4840 MiB.
2026-09-17T16:20:55Z INFO [480/500] 03e55476-b2ea-4826-86e7-3cdc8b74bbb5: not valid; 1.5 s; peak memory 4841 MiB.
2026-09-17T16:20:57Z INFO [481/500] 03e5b037-451e-4282-9289-c7acdfc3d9e7: valid; 1.5 s; peak memory 4842 MiB.
2026-09-17T16:20:58Z INFO [482/500] 03e5cf72-3460-47d7-ac2f-d793a4f26a85: not valid; 1.7 s; peak memory 4843 MiB.
2026-09-17T16:21:01Z INFO [483/500] 03e5f51d-60df-46c6-beb9-6613388170fd: valid; 2.4 s; peak memory 4845 MiB.
2026-09-17T16:21:02Z INFO [484/500] 03e6aadc-eaba-4a6e-a0e2-247c6a49ec10: valid; 1.3 s; peak memory 4846 MiB.
2026-09-17T16:21:05Z INFO [485/500] 03e72114-aad2-4618-9e18-27ff87f1a944: not valid; 2.7 s; peak memory 4848 MiB.
2026-09-17T16:21:08Z INFO [486/500] 03e78578-c95b-4139-9fda-66f774028dfa: valid; 3.0 s; peak memory 4848 MiB.
2026-09-17T16:22:03Z INFO [487/500] 03e7de10-be8c-44ba-8c26-454bb392ae81: valid; 55.3 s; peak memory 4929 MiB.
2026-09-17T16:22:06Z INFO [488/500] 03e8193f-79ad-4c50-aaf3-8dc2effa26b1: valid; 2.9 s; peak memory 4960 MiB.
2026-09-17T16:22:07Z INFO [489/500] 03e82f2d-84a8-4de7-a091-915cb50e8483: valid; 1.5 s; peak memory 4960 MiB.
2026-09-17T16:22:10Z INFO [490/500] 03e86e6a-e980-44eb-821d-89c8ba233ad5: valid; 2.9 s; peak memory 4960 MiB.
2026-09-17T16:22:12Z INFO [491/500] 03e8ca1d-9e8c-456f-b38e-59dfa29e8f40: valid; 1.8 s; peak memory 4960 MiB.
2026-09-17T16:22:15Z INFO [492/500] 03e972ac-9f7f-4200-8311-cabc83c0323c: not valid; 2.6 s; peak memory 4960 MiB.
2026-09-17T16:22:17Z INFO [493/500] 03e9a542-6e32-4e55-b5b7-98f9a625795d: valid; 2.7 s; peak memory 4960 MiB.
2026-09-17T16:22:21Z INFO [494/500] 03e9b575-7c10-4266-8c8e-1a543458f42a: valid; 3.3 s; peak memory 4960 MiB.
2026-09-17T16:22:23Z INFO [495/500] 03ea0039-025f-4fce-94de-6e0a64d607d7: valid; 2.0 s; peak memory 4960 MiB.
2026-09-17T16:24:28Z INFO [496/500] 03ea64d7-28d9-401e-ac61-aa251cbffa71: valid; 125.6 s; peak memory 5292 MiB.
2026-09-17T16:24:30Z INFO [497/500] 03eb974e-41e4-4675-9c2a-d9549c006da5: valid; 2.2 s; peak memory 5292 MiB.
2026-09-17T16:24:32Z INFO [498/500] 03eb99fa-2b5f-401a-806c-281c8d5cb520: not valid; 1.4 s; peak memory 5292 MiB.
2026-09-17T16:24:35Z INFO [499/500] 03ec0b0d-8399-4b63-8a42-4cba1609cb4f: valid; 3.1 s; peak memory 5292 MiB.
2026-09-17T16:24:37Z INFO [500/500] 03ec1c40-d2be-4b16-a13c-4bdfb5070db7: valid; 2.3 s; peak memory 5292 MiB.
2026-09-17T16:24:38Z INFO [500/500] 03ec1c40-d2be-4b16-a13c-4bdfb5070db7: checkpointed 67510 records.
2026-09-17T16:24:38Z INFO Wrote 67510 records to /tmp/derivatives/content_id_to_valid_nwb_file.jsonl (478 new, 22 failed) in 38.1 min (peak memory 5292 MiB).
