2026-09-16T20:32:44Z INFO Logging to /tmp/logs/update_2026-09-16T20-32-44Z.log.
2026-09-16T20:32:44Z INFO Update content-id-to-valid-nwb-file (base directory /tmp).
2026-09-16T20:32:47Z INFO Processing 500 items (66010 already recorded).
2026-09-16T20:32:48Z INFO [1/500] 0187eed2-0421-4ec3-a8c1-2ff85eef6165: not valid; 1.1 s; peak memory 331 MiB.
2026-09-16T20:32:50Z INFO [2/500] 01883c6a-7be6-4c15-9d30-0d62d0125057: not valid; 1.8 s; peak memory 346 MiB.
2026-09-16T20:32:51Z INFO [3/500] 01885424-907d-44eb-9465-c173113ec09f: not valid; 0.7 s; peak memory 347 MiB.
2026-09-16T20:32:52Z INFO [4/500] 01887a8b-756e-418d-9749-d2ff18b2e589: not valid; 1.2 s; peak memory 357 MiB.
2026-09-16T20:32:53Z INFO [5/500] 018973b6-23dc-4a53-8db8-44856b772844: valid; 0.8 s; peak memory 359 MiB.
2026-09-16T20:32:53Z INFO [6/500] 018994b4-0bd4-437f-9c71-0b9d1d939f5f: valid; 0.6 s; peak memory 362 MiB.
2026-09-16T20:32:54Z INFO [7/500] 018a258f-2be5-4ff0-bd5c-f7ef7a62e730: not valid; 1.2 s; peak memory 368 MiB.
2026-09-16T20:33:06Z INFO [8/500] 018a6d2e-7f61-484f-b6d5-48e40722dbd8: valid; 11.7 s; peak memory 418 MiB.
2026-09-16T20:33:07Z INFO [9/500] 018af6a9-1e58-4192-acca-db6145be1283: valid; 1.1 s; peak memory 430 MiB.
2026-09-16T20:33:08Z WARNING 018b936f-4287-4a16-9407-588b488d85ef: failed while opening the NWB file (ConstructError: (root/acquisition/_iblmic_audioSpectrogram/bands GroupBuilder {'attributes': {'colnames': array(['freq'], dtype=object), 'description': 'spectogram frequencies', 'namespace': 'core', 'neurodata_type': 'FrequencyBandsTable', 'object_id': 'b6c46d05-2c98-4b27-b207-abd6360981e2'}, 'groups': {}, 'datasets': {'freq': root/acquisition/_iblmic_audioSpectrogram/bands/freq DatasetBuilder {'attributes': {'description': 'frequency value', 'namespace': 'hdmf-common', 'neurodata_type': 'VectorData', 'object_id': '97738989-3c7f-49ba-8930-c5f9ec4bd966'}, 'data': <HDF5 dataset "freq": shape (257,), type "<f4">}, 'id': root/acquisition/_iblmic_audioSpectrogram/bands/id DatasetBuilder {'attributes': {'namespace': 'hdmf-common', 'neurodata_type': 'ElementIdentifiers', 'object_id': '5c45659b-c5a3-4ea6-a1d9-013a5f07f187'}, 'data': <HDF5 dataset "id": shape (257,), type "<i4">}}, 'links': {}}, "Could not construct FrequencyBandsTable object due to: column must have the same number of rows as 'id'"))
2026-09-16T20:33:10Z INFO [11/500] 018bedf4-f044-4e26-ae49-b5db7d74c3e7: valid; 2.0 s; peak memory 452 MiB.
2026-09-16T20:33:12Z INFO [12/500] 018bef29-6273-45f1-a641-4c07a508bfc7: valid; 1.6 s; peak memory 471 MiB.
2026-09-16T20:33:15Z INFO [13/500] 018c102d-1a21-4b98-80bd-2f26888768a1: valid; 3.6 s; peak memory 491 MiB.
2026-09-16T20:33:16Z INFO [14/500] 018c3f4b-8783-4c88-a65b-6d829426f13f: not valid; 0.8 s; peak memory 491 MiB.
2026-09-16T20:33:17Z INFO [15/500] 018d29a7-55ae-4f3a-b2ee-1ceaba04d3df: not valid; 0.9 s; peak memory 491 MiB.
2026-09-16T20:33:18Z INFO [16/500] 018d2e07-5483-4e5f-bac9-c634ba67c007: valid; 0.7 s; peak memory 491 MiB.
2026-09-16T20:33:19Z INFO [17/500] 018db095-a0bb-47a4-952a-ec6ac50c46f4: valid; 1.1 s; peak memory 491 MiB.
2026-09-16T20:33:20Z INFO [18/500] 018e64d4-ec2e-4818-9a48-076f7143570e: valid; 1.0 s; peak memory 491 MiB.
2026-09-16T20:33:21Z INFO [19/500] 018f1a09-e11a-4ed0-b929-eea8416bf8ca: not valid; 0.8 s; peak memory 491 MiB.
2026-09-16T20:33:24Z INFO [20/500] 018f9274-1cf6-4abc-a1a0-cf219ad95b7d: valid; 3.1 s; peak memory 499 MiB.
2026-09-16T20:33:28Z INFO [21/500] 018f97b4-510f-4335-9e92-1fee685f2d26: not valid; 4.0 s; peak memory 567 MiB.
2026-09-16T20:33:31Z INFO [22/500] 01906ee7-b459-41ff-9457-70fbdd9b8c48: not valid; 3.1 s; peak memory 570 MiB.
2026-09-16T20:33:34Z INFO [23/500] 0192becd-daef-43b6-86de-fe0d3746a06b: valid; 3.0 s; peak memory 581 MiB.
2026-09-16T20:33:35Z WARNING 0192c981-6056-4822-8ab5-0f06aa1d29df: failed while opening the NWB file (ConstructError: (root/acquisition/_iblmic_audioSpectrogram/bands GroupBuilder {'attributes': {'colnames': array(['freq'], dtype=object), 'description': 'spectogram frequencies', 'namespace': 'core', 'neurodata_type': 'FrequencyBandsTable', 'object_id': '5db0647b-2c73-4b6e-9003-ffe2f1941278'}, 'groups': {}, 'datasets': {'freq': root/acquisition/_iblmic_audioSpectrogram/bands/freq DatasetBuilder {'attributes': {'description': 'frequency value', 'namespace': 'hdmf-common', 'neurodata_type': 'VectorData', 'object_id': '9b27d7d1-7024-4dd5-9ab5-52841949dc4b'}, 'data': <HDF5 dataset "freq": shape (257,), type "<f4">}, 'id': root/acquisition/_iblmic_audioSpectrogram/bands/id DatasetBuilder {'attributes': {'namespace': 'hdmf-common', 'neurodata_type': 'ElementIdentifiers', 'object_id': 'fa63debf-1a79-4a7f-b65f-061230718b42'}, 'data': <HDF5 dataset "id": shape (257,), type "<i4">}}, 'links': {}}, "Could not construct FrequencyBandsTable object due to: column must have the same number of rows as 'id'"))
2026-09-16T20:33:37Z INFO [25/500] 0193433c-d191-4740-83ec-44384641617c: not valid; 1.7 s; peak memory 602 MiB.
2026-09-16T20:33:47Z INFO [26/500] 0193617c-ea14-4be8-a0a5-f3afe5bf0c7c: valid; 10.0 s; peak memory 621 MiB.
2026-09-16T20:33:48Z INFO [27/500] 01939228-e558-47f4-9d4a-f11198ef602a: valid; 0.7 s; peak memory 621 MiB.
2026-09-16T20:33:50Z INFO [28/500] 0193a55b-ae7d-4286-b1d8-5b01d2f09934: valid; 2.1 s; peak memory 621 MiB.
2026-09-16T20:33:50Z INFO [29/500] 01945961-5cc0-49c6-9784-77e1e9028668: valid; 0.6 s; peak memory 621 MiB.
2026-09-16T20:33:51Z INFO [30/500] 01947fdb-4099-485a-861b-aa1bb9c3cd1e: valid; 0.9 s; peak memory 621 MiB.
2026-09-16T20:33:52Z INFO [31/500] 0194bb9e-491e-47f8-a40f-0b5215aae072: valid; 0.7 s; peak memory 621 MiB.
2026-09-16T20:33:53Z INFO [32/500] 0194d056-7d84-4a99-8f4a-b098ca0a6451: not valid; 0.7 s; peak memory 621 MiB.
2026-09-16T20:33:53Z INFO [33/500] 01958900-163b-4d62-842a-707822d1007e: valid; 0.6 s; peak memory 621 MiB.
2026-09-16T20:33:53Z WARNING 0195b2a2-7727-4723-8fff-ae42a6f75b81: failed while retrieving asset information from the DANDI API (NotFoundError: No asset at path 'sub-441666/sub-441666_ses-20190517T150543_behavior+ecephys+ogen.nwb' in version 0.231012.2129. Verify the path is correct and the asset exists in this version. Use 'dandi ls' to list available assets.)
2026-09-16T20:33:54Z INFO [35/500] 0195d19a-7945-4663-8535-0ca4fbeddb4c: valid; 0.6 s; peak memory 621 MiB.
2026-09-16T20:33:55Z INFO [36/500] 0195d61d-3cf6-4d7b-8d2a-c674ee539278: not valid; 0.9 s; peak memory 621 MiB.
2026-09-16T20:33:56Z INFO [37/500] 01964398-131f-4b08-8c5b-addd326a090b: valid; 1.1 s; peak memory 621 MiB.
2026-09-16T20:33:56Z INFO [38/500] 01964782-2208-4457-98c9-00e592d80173: valid; 0.6 s; peak memory 621 MiB.
2026-09-16T20:34:48Z INFO [39/500] 0196a80d-d4ae-4da7-a3d5-e0e241c23c4d: valid; 51.5 s; peak memory 788 MiB.
2026-09-16T20:34:57Z INFO [40/500] 0196c315-ee01-4c53-b23c-95816b98fbf9: valid; 9.0 s; peak memory 839 MiB.
2026-09-16T20:35:02Z INFO [41/500] 0196c777-d343-4e0e-a349-af071769b7be: valid; 4.9 s; peak memory 847 MiB.
2026-09-16T20:35:03Z INFO [42/500] 01971bc4-1a70-459b-a056-60f76d4b3186: valid; 1.2 s; peak memory 847 MiB.
2026-09-16T20:35:04Z INFO [43/500] 01976b17-2dd3-415c-aca9-958f920a5007: valid; 0.6 s; peak memory 847 MiB.
2026-09-16T20:35:05Z INFO [44/500] 0197b3cd-827d-42aa-9644-7ef8c39f4503: valid; 1.7 s; peak memory 847 MiB.
2026-09-16T20:35:06Z INFO [45/500] 0198080c-2f8a-4cdd-9b68-5e432a6720a2: not valid; 1.0 s; peak memory 847 MiB.
2026-09-16T20:35:08Z INFO [46/500] 01984055-e8fd-4b7a-a6d1-4e2b58750a11: not valid; 2.2 s; peak memory 847 MiB.
2026-09-16T20:35:15Z INFO [47/500] 019859be-be94-4d9e-81f0-50314734ad07: valid; 6.5 s; peak memory 989 MiB.
2026-09-16T20:35:17Z INFO [48/500] 01986a06-dcef-489b-bc90-de9d8c6f6c81: not valid; 2.3 s; peak memory 990 MiB.
2026-09-16T20:35:18Z INFO [49/500] 01989f42-d3cb-4fe8-872d-cf3b90b1c8f0: not valid; 0.6 s; peak memory 990 MiB.
2026-09-16T20:35:18Z WARNING 0198c811-05cc-4020-8ec9-f8ed64e9a702: failed while retrieving asset information from the DANDI API (NotFoundError: No asset at path 'sub-440957/sub-440957_ses-20190211T143614_behavior+ecephys+ogen.nwb' in version 0.231012.2129. Verify the path is correct and the asset exists in this version. Use 'dandi ls' to list available assets.)
2026-09-16T20:35:18Z INFO [50/500] 0198c811-05cc-4020-8ec9-f8ed64e9a702: checkpointed 66060 records.
2026-09-16T20:35:21Z INFO [51/500] 01998551-cd9a-44cc-b2b5-297af7aebcdd: valid; 2.4 s; peak memory 1056 MiB.
2026-09-16T20:35:21Z INFO [52/500] 019a4fa9-4157-4efd-877a-0cc055328668: valid; 0.6 s; peak memory 1056 MiB.
2026-09-16T20:35:22Z INFO [53/500] 019abf0d-3097-4a41-ae90-1ce0f1a07df2: valid; 1.0 s; peak memory 1056 MiB.
2026-09-16T20:35:43Z INFO [54/500] 019b6009-e0ae-40a2-ad7f-5e9fc62a1d84: valid; 20.7 s; peak memory 1192 MiB.
2026-09-16T20:35:49Z INFO [55/500] 019c40b2-c740-4a74-b297-7ec1dd008b7d: valid; 6.3 s; peak memory 1193 MiB.
2026-09-16T20:35:50Z INFO [56/500] 019cd42b-c1d5-4686-aad8-0264878b52eb: not valid; 0.7 s; peak memory 1193 MiB.
2026-09-16T20:35:53Z INFO [57/500] 019d3fee-6241-4bb1-bb69-598edb25fdaa: not valid; 2.5 s; peak memory 1193 MiB.
2026-09-16T20:35:58Z INFO [58/500] 019e25ef-59eb-489a-8d5d-ce9dd5758f0f: valid; 5.1 s; peak memory 1193 MiB.
2026-09-16T20:36:02Z INFO [59/500] 019fac19-f9d3-424a-95eb-51708621a9ba: valid; 4.3 s; peak memory 1341 MiB.
2026-09-16T20:36:03Z INFO [60/500] 01a00d0e-26f0-4a86-8545-567d4e373828: valid; 1.3 s; peak memory 1341 MiB.
2026-09-16T20:36:04Z INFO [61/500] 01a047e1-469b-462c-a104-ba25df64a484: valid; 1.0 s; peak memory 1341 MiB.
2026-09-16T20:36:05Z INFO [62/500] 01a0590c-07c6-4d94-8c14-d15942e4bde7: not valid; 0.8 s; peak memory 1341 MiB.
2026-09-16T20:36:07Z INFO [63/500] 01a10350-5def-41fa-ba4a-1cd9f453e43f: valid; 2.1 s; peak memory 1341 MiB.
2026-09-16T20:36:24Z INFO [64/500] 01a152c3-c432-42a5-ace9-1db0320c4d42: not valid; 16.6 s; peak memory 1487 MiB.
2026-09-16T20:36:26Z INFO [65/500] 01a22c49-f680-489c-bbb5-c01cd82cc34a: not valid; 2.6 s; peak memory 1494 MiB.
2026-09-16T20:36:27Z INFO [66/500] 01a2535b-7ee4-4c29-8d96-7d653ea2ef56: valid; 0.7 s; peak memory 1494 MiB.
2026-09-16T20:36:28Z INFO [67/500] 01a330d8-1049-45ad-b2b4-242d32c26da7: valid; 0.6 s; peak memory 1494 MiB.
2026-09-16T20:36:30Z INFO [68/500] 01a39d18-954e-423b-a6fb-e44d6945fc71: valid; 2.1 s; peak memory 1494 MiB.
2026-09-16T20:36:32Z INFO [69/500] 01a3f041-a8b0-419e-95da-8c6a9d490d14: valid; 1.8 s; peak memory 1494 MiB.
2026-09-16T20:37:34Z INFO [70/500] 01a46b41-9727-406e-b126-c7cffdffc94e: not valid; 62.3 s; peak memory 1654 MiB.
2026-09-16T20:37:36Z INFO [71/500] 01a47967-b0ff-4146-8f1b-143ba91c1116: valid; 1.9 s; peak memory 1654 MiB.
2026-09-16T20:37:40Z INFO [72/500] 01a4aaff-8a76-4aa3-a507-b20d2a29c3ce: not valid; 4.0 s; peak memory 1664 MiB.
2026-09-16T20:37:42Z INFO [73/500] 01a50190-503c-4e55-bb49-f4fa206122c2: not valid; 2.4 s; peak memory 1668 MiB.
2026-09-16T20:37:43Z INFO [74/500] 01a548cf-db40-4a2d-b57e-7e885ff1ec8c: not valid; 0.5 s; peak memory 1668 MiB.
2026-09-16T20:37:43Z INFO [75/500] 01a58631-8cd1-46ce-8009-bef057f867c5: valid; 0.4 s; peak memory 1669 MiB.
2026-09-16T20:37:44Z INFO [76/500] 01a713fb-078a-45f9-9a41-40bd36f506b2: valid; 0.6 s; peak memory 1670 MiB.
2026-09-16T20:37:44Z INFO [77/500] 01a81c07-144b-444f-95e9-d54a1ddc6051: not valid; 0.8 s; peak memory 1671 MiB.
2026-09-16T20:37:46Z INFO [78/500] 01a83c41-b631-4f45-9285-a334cc0df133: valid; 1.2 s; peak memory 1671 MiB.
2026-09-16T20:37:46Z INFO [79/500] 01a932cd-ee2b-4ac2-8771-eaa8890a7d82: valid; 0.5 s; peak memory 1671 MiB.
2026-09-16T20:37:56Z INFO [80/500] 01a987ae-2490-4bb4-b706-578096b2f435: valid; 9.8 s; peak memory 1725 MiB.
2026-09-16T20:37:57Z INFO [81/500] 01a9ee05-aeb8-46c4-847c-4c65595902e6: valid; 1.4 s; peak memory 1728 MiB.
2026-09-16T20:37:59Z INFO [82/500] 01aa8dfe-9b3f-4c3d-8166-e42e197c8534: valid; 2.0 s; peak memory 1731 MiB.
2026-09-16T20:38:01Z INFO [83/500] 01aa8f28-e0b1-4bda-9a75-f7b312ff7fbe: valid; 1.3 s; peak memory 1740 MiB.
2026-09-16T20:38:03Z INFO [84/500] 01aab354-09b5-4d5c-8537-c5b7522fb482: valid; 2.2 s; peak memory 1742 MiB.
2026-09-16T20:38:05Z INFO [85/500] 01abb95d-effe-4b41-868d-d4d6d6b5b704: valid; 2.1 s; peak memory 1742 MiB.
2026-09-16T20:38:07Z INFO [86/500] 01abe7a1-48e1-42c7-bd39-14c2b46c89b9: valid; 2.3 s; peak memory 1742 MiB.
2026-09-16T20:38:08Z INFO [87/500] 01abe883-c101-4128-b885-9ed7b772a288: valid; 0.5 s; peak memory 1742 MiB.
2026-09-16T20:38:09Z INFO [88/500] 01ac90d3-2605-47e1-9091-96b2541e267a: valid; 1.3 s; peak memory 1742 MiB.
2026-09-16T20:38:10Z INFO [89/500] 01ad187f-3022-4891-b3fb-c855ad9b6e07: not valid; 0.9 s; peak memory 1742 MiB.
2026-09-16T20:38:11Z INFO [90/500] 01add43d-9ec3-499f-89d5-744a9fd8fb37: valid; 1.3 s; peak memory 1742 MiB.
2026-09-16T20:38:12Z INFO [91/500] 01adf9fe-3a64-4d76-8033-83d6cdcdaa90: valid; 0.6 s; peak memory 1742 MiB.
2026-09-16T20:38:13Z INFO [92/500] 01adfa22-2213-45be-ab22-111a2aac89d1: valid; 1.1 s; peak memory 1743 MiB.
2026-09-16T20:38:14Z INFO [93/500] 01ae2905-0556-4c17-b8c8-3b5c22119799: valid; 0.6 s; peak memory 1743 MiB.
2026-09-16T20:38:16Z INFO [94/500] 01ae8d9d-81f6-45b1-a088-bf14dd4dabf0: valid; 1.9 s; peak memory 1743 MiB.
2026-09-16T20:38:17Z INFO [95/500] 01afdb71-8b1f-40fa-bdab-5605c2d19770: valid; 1.1 s; peak memory 1743 MiB.
2026-09-16T20:38:22Z INFO [96/500] 01b1aad4-fc19-4ec3-8d81-1223df34112e: valid; 5.1 s; peak memory 1743 MiB.
2026-09-16T20:38:22Z INFO [97/500] 01b232bc-1be7-4a5f-a34a-528599105834: valid; 0.7 s; peak memory 1743 MiB.
2026-09-16T20:38:23Z INFO [98/500] 01b2760b-aa16-43ae-aaec-e3f04cd41bf2: valid; 0.6 s; peak memory 1743 MiB.
2026-09-16T20:38:25Z INFO [99/500] 01b28853-c5b6-4938-b9e9-14f56a7c0bbf: not valid; 2.2 s; peak memory 1744 MiB.
2026-09-16T20:38:26Z INFO [100/500] 01b2b1e6-d6c4-4cf6-86ee-fa15297da86b: not valid; 0.7 s; peak memory 1744 MiB.
2026-09-16T20:38:26Z INFO [100/500] 01b2b1e6-d6c4-4cf6-86ee-fa15297da86b: checkpointed 66110 records.
2026-09-16T20:38:28Z INFO [101/500] 01b2b255-3c06-4760-99a6-5b176bd42413: valid; 1.2 s; peak memory 1744 MiB.
2026-09-16T20:38:29Z INFO [102/500] 01b2c804-852c-4e58-bb74-dd8f2bcb9507: not valid; 1.1 s; peak memory 1744 MiB.
2026-09-16T20:38:30Z INFO [103/500] 01b38848-b706-4835-8e84-05cc2f9d36f4: valid; 1.1 s; peak memory 1744 MiB.
2026-09-16T20:38:32Z INFO [104/500] 01b3ae7d-5c01-4696-84e3-68e2c40e8d8e: valid; 2.7 s; peak memory 1744 MiB.
2026-09-16T20:38:34Z INFO [105/500] 01b40f4f-b6f1-4828-9ec5-27ce0ab772aa: valid; 1.1 s; peak memory 1744 MiB.
2026-09-16T20:38:35Z INFO [106/500] 01b4114b-b786-451d-9c38-259e0d1958d1: valid; 1.1 s; peak memory 1744 MiB.
2026-09-16T20:38:36Z INFO [107/500] 01b43055-a9a0-4948-8929-dec1e26d14f3: valid; 0.9 s; peak memory 1744 MiB.
2026-09-16T20:38:37Z INFO [108/500] 01b6018f-56c4-4ef2-b157-dd333269f38f: valid; 1.7 s; peak memory 1744 MiB.
2026-09-16T20:38:39Z INFO [109/500] 01b63eb4-e883-466a-8c0d-0742e4cb3fb4: valid; 1.5 s; peak memory 1744 MiB.
2026-09-16T20:38:41Z INFO [110/500] 01b68123-c763-4221-b703-b8a31dd86563: valid; 1.9 s; peak memory 1744 MiB.
2026-09-16T20:38:43Z INFO [111/500] 01b6a673-3869-47e2-90cd-6452203ff028: valid; 2.5 s; peak memory 1744 MiB.
2026-09-16T20:38:50Z INFO [112/500] 01b6cd71-bff4-46be-8e45-7cada00621cb: valid; 6.7 s; peak memory 1744 MiB.
2026-09-16T20:38:55Z INFO [113/500] 01b70917-af8d-478f-ad35-8e6ef90347ee: valid; 4.8 s; peak memory 1744 MiB.
2026-09-16T20:38:56Z INFO [114/500] 01b78bc1-0851-4914-b6e0-48ae2bb99159: valid; 1.4 s; peak memory 1744 MiB.
2026-09-16T20:38:57Z INFO [115/500] 01b802a8-cbca-4276-be75-55a78919f828: valid; 1.0 s; peak memory 1744 MiB.
2026-09-16T20:38:58Z INFO [116/500] 01b9ac09-0848-4f03-9c3e-be2e042650f5: valid; 0.8 s; peak memory 1744 MiB.
2026-09-16T20:38:59Z WARNING 01baa4bc-4fa2-4635-a128-bf9020f01237: failed while opening the NWB file (ConstructError: (root/acquisition/_iblmic_audioSpectrogram/bands GroupBuilder {'attributes': {'colnames': array(['freq'], dtype=object), 'description': 'spectogram frequencies', 'namespace': 'core', 'neurodata_type': 'FrequencyBandsTable', 'object_id': '6549a2db-b9ca-4712-928b-8a1cc0874f7f'}, 'groups': {}, 'datasets': {'freq': root/acquisition/_iblmic_audioSpectrogram/bands/freq DatasetBuilder {'attributes': {'description': 'frequency value', 'namespace': 'hdmf-common', 'neurodata_type': 'VectorData', 'object_id': '159f9dd1-7093-42ea-9980-bdb91e297442'}, 'data': <HDF5 dataset "freq": shape (257,), type "<f4">}, 'id': root/acquisition/_iblmic_audioSpectrogram/bands/id DatasetBuilder {'attributes': {'namespace': 'hdmf-common', 'neurodata_type': 'ElementIdentifiers', 'object_id': '72ae1673-85e3-47af-bbf2-f52785dbae21'}, 'data': <HDF5 dataset "id": shape (257,), type "<i4">}}, 'links': {}}, "Could not construct FrequencyBandsTable object due to: column must have the same number of rows as 'id'"))
2026-09-16T20:38:59Z WARNING 01bb332f-3a7f-4cf1-9f83-82efb11b5f91: failed while retrieving asset information from the DANDI API (NotFoundError: No asset at path 'sub-EPCNHP2/sub-EPCNHP2_ses-2021-03-15-005_ecephys.nwb' in version 0.240701.1903. Verify the path is correct and the asset exists in this version. Use 'dandi ls' to list available assets.)
2026-09-16T20:39:00Z INFO [119/500] 01bb6273-bba2-4b36-abbd-e9457b21bbdd: valid; 1.2 s; peak memory 1744 MiB.
2026-09-16T20:39:01Z INFO [120/500] 01bb87be-765f-424c-9b10-309af9c625c9: not valid; 1.1 s; peak memory 1744 MiB.
2026-09-16T20:39:03Z INFO [121/500] 01bba655-c0d3-401f-b12a-0d9ff207234b: valid; 1.9 s; peak memory 1744 MiB.
2026-09-16T20:39:04Z INFO [122/500] 01bcbc76-2d33-4a04-b0c6-42b629f466bc: not valid; 1.1 s; peak memory 1744 MiB.
2026-09-16T20:39:05Z INFO [123/500] 01bd39d9-b86b-4f75-9319-b5aa3074a163: valid; 0.8 s; peak memory 1744 MiB.
2026-09-16T20:39:06Z INFO [124/500] 01bd448f-3e12-4e14-a5cf-8e7b9180f33f: valid; 1.2 s; peak memory 1744 MiB.
2026-09-16T20:39:07Z INFO [125/500] 01bd830d-5a6d-44cb-9c97-b937d23c73a4: valid; 0.6 s; peak memory 1744 MiB.
2026-09-16T20:39:08Z INFO [126/500] 01be3234-e284-45b3-be28-d86b20f9ea21: not valid; 0.8 s; peak memory 1744 MiB.
2026-09-16T20:39:10Z INFO [127/500] 01be92f1-45b7-483b-a3d4-3a333461426a: valid; 2.8 s; peak memory 1744 MiB.
2026-09-16T20:39:11Z INFO [128/500] 01bee568-ec33-4708-bb54-bf0e650d97ab: valid; 0.6 s; peak memory 1744 MiB.
2026-09-16T20:39:12Z INFO [129/500] 01bf2ce6-11d6-4c4c-a1ef-e11f5a69522b: not valid; 0.9 s; peak memory 1744 MiB.
2026-09-16T20:39:14Z INFO [130/500] 01bf3d90-8875-433d-a884-7430a88652b7: valid; 1.7 s; peak memory 1744 MiB.
2026-09-16T20:39:16Z INFO [131/500] 01c01afb-3ec0-4c5e-8bb2-cf3a30237342: valid; 2.1 s; peak memory 1744 MiB.
2026-09-16T20:39:17Z INFO [132/500] 01c0f04e-cd29-4087-adf7-5d26c3abe03e: valid; 0.8 s; peak memory 1744 MiB.
2026-09-16T20:39:18Z INFO [133/500] 01c20aac-3915-486f-b721-510ff13167c0: valid; 1.1 s; peak memory 1744 MiB.
2026-09-16T20:39:19Z INFO [134/500] 01c24560-d396-460d-ba7b-0c9119b98e45: valid; 1.8 s; peak memory 1744 MiB.
2026-09-16T20:39:21Z WARNING 01c2d730-5e3c-42ca-a96d-8f0209bead9a: failed while opening the NWB file (ConstructError: (root/acquisition/event_code_meanings GroupBuilder {'attributes': {'colnames': array(['value', 'meaning'], dtype=object), 'description': 'Mapping integer event codes to event labels', 'namespace': 'ndx-events', 'neurodata_type': 'MeaningsTable', 'object_id': 'd63b03ca-47c4-4277-a997-4b2deac39d1e'}, 'groups': {}, 'datasets': {'id': root/acquisition/event_code_meanings/id DatasetBuilder {'attributes': {'namespace': 'hdmf-common', 'neurodata_type': 'ElementIdentifiers', 'object_id': 'f6c9ea73-ef03-400c-a083-ae7be1e451db'}, 'data': <HDF5 dataset "id": shape (26,), type "<i8">}, 'meaning': root/acquisition/event_code_meanings/meaning DatasetBuilder {'attributes': {'description': 'The meaning of the value in the parent CategoricalVectorData object.', 'namespace': 'hdmf-experimental', 'neurodata_type': 'VectorData', 'object_id': '6d9464fd-a2dc-4f25-9d23-faa677dcd0da'}, 'data': <StrDataset for HDF5 dataset "meaning": shape (26,), type "|O">}, 'value': root/acquisition/event_code_meanings/value DatasetBuilder {'attributes': {'description': 'The value of the parent CategoricalVectorData object.', 'namespace': 'hdmf-experimental', 'neurodata_type': 'VectorData', 'object_id': '467aad99-c441-411f-aedc-97475288adcb'}, 'data': <HDF5 dataset "value": shape (26,), type "<i8">}}, 'links': {}}, "Could not construct MeaningsTable object due to: MeaningsTable.__init__: missing argument 'target'"))
2026-09-16T20:39:21Z INFO [136/500] 01c421db-a4a2-4db0-aabc-f7b1d16ef95d: valid; 0.6 s; peak memory 1744 MiB.
2026-09-16T20:39:22Z INFO [137/500] 01c443bd-2ff6-40f6-b012-0fc541e09263: valid; 1.1 s; peak memory 1744 MiB.
2026-09-16T20:39:23Z INFO [138/500] 01c44992-1870-4c73-b5e6-e135d6dc4b35: valid; 1.1 s; peak memory 1744 MiB.
2026-09-16T20:39:24Z INFO [139/500] 01c46123-fa5f-4a32-9f09-228b4469f2ea: not valid; 0.8 s; peak memory 1744 MiB.
2026-09-16T20:39:31Z INFO [140/500] 01c46ec7-0d31-4aa7-9e3a-c94405140fc3: valid; 7.2 s; peak memory 1754 MiB.
2026-09-16T20:39:32Z INFO [141/500] 01c47b93-9598-430f-993b-ea5720723267: valid; 1.0 s; peak memory 1761 MiB.
2026-09-16T20:39:33Z INFO [142/500] 01c498ce-bffb-4d49-bb48-db3eb0dcde5f: valid; 0.7 s; peak memory 1761 MiB.
2026-09-16T20:39:34Z INFO [143/500] 01c4aa21-76ee-43d0-abd1-415ba96e313c: valid; 0.7 s; peak memory 1762 MiB.
2026-09-16T20:39:36Z INFO [144/500] 01c4b069-ad1e-4d3b-b02b-206a642b514b: valid; 2.3 s; peak memory 1766 MiB.
2026-09-16T20:39:50Z INFO [145/500] 01c543b6-b59f-451d-9fd3-bbbbdaaea2d6: valid; 13.6 s; peak memory 1885 MiB.
2026-09-16T20:39:51Z INFO [146/500] 01c5daf5-feda-4793-aa5d-3807964f74d3: valid; 1.1 s; peak memory 1885 MiB.
2026-09-16T20:39:52Z INFO [147/500] 01c6c53f-8109-4f36-8167-4d1c874384e7: valid; 1.1 s; peak memory 1885 MiB.
2026-09-16T20:39:52Z INFO [148/500] 01c6c8fb-54d1-4bb7-ba6f-396b0c42ffaa: valid; 0.8 s; peak memory 1885 MiB.
2026-09-16T20:40:00Z INFO [149/500] 01c6e4d5-0816-4dc4-9675-14d94eae3e35: valid; 7.0 s; peak memory 1887 MiB.
2026-09-16T20:40:41Z INFO [150/500] 01c779aa-3842-4c9b-9e60-18622c2b608c: not valid; 41.3 s; peak memory 2810 MiB.
2026-09-16T20:40:41Z INFO [150/500] 01c779aa-3842-4c9b-9e60-18622c2b608c: checkpointed 66160 records.
2026-09-16T20:40:42Z INFO [151/500] 01c7ab41-6356-4117-844c-25d18b4a94c8: valid; 0.8 s; peak memory 2812 MiB.
2026-09-16T20:40:43Z INFO [152/500] 01c88a1e-bbe8-4e95-bf8d-c616f95ecd2a: valid; 0.6 s; peak memory 2812 MiB.
2026-09-16T20:40:43Z INFO [153/500] 01c8a192-cfc4-4b19-a8f0-df98f0bc3ff8: valid; 0.6 s; peak memory 2812 MiB.
2026-09-16T20:40:45Z INFO [154/500] 01c92ee8-3c13-4689-8053-ac723a1f9252: not valid; 1.7 s; peak memory 2815 MiB.
2026-09-16T20:40:46Z INFO [155/500] 01c9557a-5d50-426f-983c-922564113618: not valid; 1.1 s; peak memory 2815 MiB.
2026-09-16T20:40:48Z INFO [156/500] 01cc5397-7946-470d-bb79-62d184466e81: valid; 1.8 s; peak memory 2823 MiB.
2026-09-16T20:40:49Z INFO [157/500] 01cc627c-111c-4a33-9fa2-680d1b025792: valid; 1.0 s; peak memory 2827 MiB.
2026-09-16T20:40:50Z INFO [158/500] 01cd083b-07f2-48aa-8fe5-40c751622fb7: valid; 1.5 s; peak memory 2867 MiB.
2026-09-16T20:40:51Z INFO [159/500] 01cd0c14-ee71-41ae-9b87-8e233165df4b: valid; 0.7 s; peak memory 2867 MiB.
2026-09-16T20:40:55Z INFO [160/500] 01cddea8-0a84-4011-88d0-e4dfbc279bfe: valid; 3.8 s; peak memory 2873 MiB.
2026-09-16T20:40:57Z INFO [161/500] 01ce65ed-fa55-40e2-a674-99d8fba208dd: valid; 2.4 s; peak memory 2874 MiB.
2026-09-16T20:40:59Z INFO [162/500] 01ce9b33-cdfe-45e0-906a-464a68f6c7fb: valid; 1.8 s; peak memory 2874 MiB.
2026-09-16T20:41:04Z INFO [163/500] 01cefff8-4056-4309-a8cf-44827762a9d9: valid; 4.3 s; peak memory 2874 MiB.
2026-09-16T20:41:05Z INFO [164/500] 01cf0a15-2795-4e7f-8d12-98becc478054: valid; 1.4 s; peak memory 2874 MiB.
2026-09-16T20:41:06Z INFO [165/500] 01cf1926-4040-461d-93c0-517f723625a3: valid; 1.5 s; peak memory 2874 MiB.
2026-09-16T20:41:07Z INFO [166/500] 01cf69f9-54b5-4bfa-acb1-4f3da6006ef5: valid; 0.9 s; peak memory 2875 MiB.
2026-09-16T20:41:14Z INFO [167/500] 01cfb219-0156-4c42-acc1-f15e272a930a: valid; 6.2 s; peak memory 3028 MiB.
2026-09-16T20:41:18Z INFO [168/500] 01cfcb4c-98b2-46ef-a5e9-5dbcb40bd320: valid; 4.5 s; peak memory 3028 MiB.
2026-09-16T20:41:22Z INFO [169/500] 01d078af-0c43-4c71-b025-96b1ca153efb: not valid; 4.1 s; peak memory 3028 MiB.
2026-09-16T20:41:23Z INFO [170/500] 01d1715b-5fc9-4c1a-b950-9915ab358df2: valid; 0.7 s; peak memory 3028 MiB.
2026-09-16T20:41:24Z INFO [171/500] 01d171f5-de99-4a97-a88f-c0635d6644a4: not valid; 1.2 s; peak memory 3028 MiB.
2026-09-16T20:41:25Z INFO [172/500] 01d2159a-7237-43e7-b8ef-2c5d88510ea4: valid; 0.6 s; peak memory 3028 MiB.
2026-09-16T20:41:25Z INFO [173/500] 01d23a42-5bf4-4a0f-b4ca-1bcd2f4a10bf: valid; 0.7 s; peak memory 3028 MiB.
2026-09-16T20:41:27Z INFO [174/500] 01d26fa8-5207-4f98-955a-cfb48e1b85ae: valid; 2.1 s; peak memory 3028 MiB.
2026-09-16T20:41:28Z INFO [175/500] 01d2cce9-e733-4027-8e75-61b4c8a5458a: not valid; 0.9 s; peak memory 3028 MiB.
2026-09-16T20:41:33Z INFO [176/500] 01d35f87-479a-455c-96bb-a0c36c4c9c21: valid; 4.9 s; peak memory 3028 MiB.
2026-09-16T20:41:40Z INFO [177/500] 01d373c1-9f8d-4e8d-877a-c4133e72903c: valid; 6.9 s; peak memory 3028 MiB.
2026-09-16T20:41:42Z INFO [178/500] 01d3953c-bd16-451d-9dd2-a7457134d000: valid; 1.5 s; peak memory 3028 MiB.
2026-09-16T20:41:48Z INFO [179/500] 01d3d972-007e-46a0-94fe-2dd1fb9f57e5: valid; 6.0 s; peak memory 3028 MiB.
2026-09-16T20:41:49Z INFO [180/500] 01d3e5f9-cf74-4093-ba37-3e37fad3ce2b: valid; 1.2 s; peak memory 3028 MiB.
2026-09-16T20:41:51Z INFO [181/500] 01d40d36-b792-4984-895a-8a54da5b4047: valid; 1.8 s; peak memory 3028 MiB.
2026-09-16T20:41:52Z INFO [182/500] 01d4d492-e3c0-49d1-b0b0-c6847792cfda: not valid; 1.1 s; peak memory 3028 MiB.
2026-09-16T20:41:54Z INFO [183/500] 01d56715-da05-4379-9e81-e9cd766b1df6: valid; 2.0 s; peak memory 3028 MiB.
2026-09-16T20:41:54Z INFO [184/500] 01d60c83-649e-42be-9b77-dab7a6f716f7: not valid; 0.4 s; peak memory 3028 MiB.
2026-09-16T20:41:55Z INFO [185/500] 01d6cc77-cea1-4aac-b8ed-1b13d9540ac0: valid; 1.3 s; peak memory 3028 MiB.
2026-09-16T20:41:57Z INFO [186/500] 01d75056-a99a-4791-a182-bd8651f2e705: valid; 1.5 s; peak memory 3028 MiB.
2026-09-16T20:42:00Z INFO [187/500] 01d82f9e-6a1f-49ec-9ad0-1d3c9842602f: valid; 2.6 s; peak memory 3028 MiB.
2026-09-16T20:42:01Z INFO [188/500] 01d966c6-8e7e-47df-bfdc-55b828398f51: valid; 1.2 s; peak memory 3028 MiB.
2026-09-16T20:42:02Z INFO [189/500] 01d9ec8b-7750-41ee-b3d3-f7c4483ace88: valid; 1.2 s; peak memory 3028 MiB.
2026-09-16T20:42:03Z INFO [190/500] 01da1d11-ee46-47bd-a9f8-a1aba09dd5c8: valid; 0.7 s; peak memory 3028 MiB.
2026-09-16T20:42:05Z INFO [191/500] 01db49f2-a069-4993-8cd4-e132d56e918c: valid; 2.2 s; peak memory 3028 MiB.
2026-09-16T20:42:49Z INFO [192/500] 01dba8c4-bb09-4d7c-8ac5-4d1b75eb754c: valid; 44.6 s; peak memory 3181 MiB.
2026-09-16T20:42:50Z INFO [193/500] 01dbab67-ffec-405d-ad86-9004848fb989: valid; 0.5 s; peak memory 3181 MiB.
2026-09-16T20:42:54Z INFO [194/500] 01dbecbf-f48c-4dc6-b13c-99bcb330fee2: valid; 4.5 s; peak memory 3181 MiB.
2026-09-16T20:42:55Z INFO [195/500] 01dc4ad5-2d67-4347-aadb-d5b61b78c6e4: not valid; 0.8 s; peak memory 3181 MiB.
2026-09-16T20:42:56Z INFO [196/500] 01dcb018-0718-4a80-a33c-5cbe545e1416: valid; 0.6 s; peak memory 3181 MiB.
2026-09-16T20:42:56Z INFO [197/500] 01dcc649-90d3-41c6-ad9f-55daaedc0a49: valid; 0.6 s; peak memory 3181 MiB.
2026-09-16T20:42:57Z INFO [198/500] 01dd13d5-d04a-4666-81ff-525e6d8ea957: valid; 0.8 s; peak memory 3181 MiB.
2026-09-16T20:42:58Z INFO [199/500] 01dd2bca-1880-44ba-b51b-479b463c5f1d: not valid; 1.0 s; peak memory 3181 MiB.
2026-09-16T20:42:59Z INFO [200/500] 01dd4bd1-3c53-4a20-8bc4-ffee84a816f4: valid; 1.3 s; peak memory 3181 MiB.
2026-09-16T20:43:00Z INFO [200/500] 01dd4bd1-3c53-4a20-8bc4-ffee84a816f4: checkpointed 66210 records.
2026-09-16T20:43:01Z INFO [201/500] 01ddc88f-20dd-4676-9499-0367d329eb6e: valid; 0.8 s; peak memory 3181 MiB.
2026-09-16T20:43:05Z INFO [202/500] 01dde307-ca96-416f-9b45-57a80469dde8: valid; 3.8 s; peak memory 3181 MiB.
2026-09-16T20:43:05Z INFO [203/500] 01ddfc53-b6bb-4a19-994f-edff9c47263e: valid; 0.6 s; peak memory 3181 MiB.
2026-09-16T20:43:06Z INFO [204/500] 01de4be8-8c84-40db-82b3-322d4b916c59: not valid; 0.7 s; peak memory 3181 MiB.
2026-09-16T20:43:07Z INFO [205/500] 01de80e8-4efd-4e25-83d2-ff9cc98a42e7: valid; 1.3 s; peak memory 3181 MiB.
2026-09-16T20:43:08Z INFO [206/500] 01dec86b-f2a7-442d-b42b-3ff501e93276: valid; 0.7 s; peak memory 3181 MiB.
2026-09-16T20:43:09Z INFO [207/500] 01decf8f-dd7f-47c3-8a18-9e202b8ad2e8: valid; 1.2 s; peak memory 3181 MiB.
2026-09-16T20:43:10Z INFO [208/500] 01df24a6-e135-4bf3-a79d-6e962938296c: not valid; 1.1 s; peak memory 3181 MiB.
2026-09-16T20:43:12Z INFO [209/500] 01dfaa5a-b260-475d-adb3-6639e665d174: valid; 1.7 s; peak memory 3181 MiB.
2026-09-16T20:43:13Z INFO [210/500] 01e0f805-d31f-4a8d-9cde-9c64da1052c6: not valid; 1.3 s; peak memory 3181 MiB.
2026-09-16T20:43:16Z INFO [211/500] 01e102c1-06c3-4628-b4d2-b327b602c872: not valid; 2.5 s; peak memory 3185 MiB.
2026-09-16T20:43:22Z INFO [212/500] 01e1eb7f-3461-429e-baa4-e800d2b01196: valid; 6.6 s; peak memory 3199 MiB.
2026-09-16T20:43:27Z INFO [213/500] 01e1ec82-e7cd-4d1d-ae22-089c16bdefe8: valid; 5.3 s; peak memory 3240 MiB.
2026-09-16T20:43:29Z INFO [214/500] 01e28f5c-77ea-42b8-9a43-752d11842a55: valid; 1.8 s; peak memory 3247 MiB.
2026-09-16T20:43:30Z INFO [215/500] 01e2a106-cc37-49f9-b814-a5f2679e38ae: valid; 1.0 s; peak memory 3251 MiB.
2026-09-16T20:43:32Z INFO [216/500] 01e2a9a8-2123-460c-b050-be35c88db2da: valid; 1.9 s; peak memory 3262 MiB.
2026-09-16T20:43:33Z INFO [217/500] 01e2e0b4-a5fc-41cd-bd7a-2b2051dbd210: valid; 0.9 s; peak memory 3264 MiB.
2026-09-16T20:43:34Z INFO [218/500] 01e36067-88e7-425e-b244-9550588b4af9: not valid; 1.0 s; peak memory 3269 MiB.
2026-09-16T20:43:34Z INFO [219/500] 01e3e6ff-7312-4932-8fc7-5d8d5b57b7c0: valid; 0.5 s; peak memory 3271 MiB.
2026-09-16T20:43:35Z INFO [220/500] 01e43609-1d11-4cc6-9936-fe5ce45cdaf2: not valid; 1.0 s; peak memory 3274 MiB.
2026-09-16T20:43:37Z INFO [221/500] 01e4960e-0e71-4352-8455-03619c1791ea: valid; 2.0 s; peak memory 3280 MiB.
2026-09-16T20:43:38Z INFO [222/500] 01e4d96d-ca50-4abb-9c6a-c22dac0d4381: valid; 0.8 s; peak memory 3282 MiB.
2026-09-16T20:43:39Z INFO [223/500] 01e5caf3-97ed-45e9-9301-de5480987e34: valid; 0.8 s; peak memory 3285 MiB.
2026-09-16T20:43:41Z INFO [224/500] 01e6d1aa-3869-4fe7-a5b2-a24f5084aade: valid; 2.2 s; peak memory 3288 MiB.
2026-09-16T20:43:42Z INFO [225/500] 01e732fd-5b78-4082-92eb-84654e6d4f5c: valid; 0.7 s; peak memory 3288 MiB.
2026-09-16T20:43:44Z INFO [226/500] 01e739e9-a40b-4b38-ab4d-722852972c70: valid; 2.4 s; peak memory 3288 MiB.
2026-09-16T20:43:57Z INFO [227/500] 01e800cb-fa40-4dd8-a5ce-fe7c9b8feb50: valid; 12.6 s; peak memory 3288 MiB.
2026-09-16T20:43:58Z INFO [228/500] 01e817b7-b6f5-47ad-9881-ed2752d3f81b: valid; 0.6 s; peak memory 3288 MiB.
2026-09-16T20:43:58Z INFO [229/500] 01e842e6-9300-4893-bf5a-cdf5c3d144f9: valid; 0.8 s; peak memory 3288 MiB.
2026-09-16T20:44:00Z INFO [230/500] 01e8704f-c636-4056-89db-71ec1b0be238: not valid; 1.7 s; peak memory 3288 MiB.
2026-09-16T20:44:01Z INFO [231/500] 01e876b1-7e62-45a5-b5aa-c8ac85bb5a4a: valid; 0.6 s; peak memory 3288 MiB.
2026-09-16T20:44:01Z INFO [232/500] 01e89a2e-91aa-4ffc-9dc7-42b827366595: valid; 0.7 s; peak memory 3288 MiB.
2026-09-16T20:44:04Z INFO [233/500] 01e8bc79-a400-4db8-b6e5-2442f73fd17b: not valid; 2.2 s; peak memory 3296 MiB.
2026-09-16T20:44:05Z INFO [234/500] 01e8f801-f208-422d-a559-760198a1343d: not valid; 1.1 s; peak memory 3296 MiB.
2026-09-16T20:44:06Z INFO [235/500] 01e97c2d-5bbe-46a7-aef7-fa53c1bca24c: valid; 1.6 s; peak memory 3296 MiB.
2026-09-16T20:44:11Z INFO [236/500] 01e97ef0-29db-41a1-a7b4-759090b8699e: valid; 4.9 s; peak memory 3315 MiB.
2026-09-16T20:44:12Z INFO [237/500] 01e9935f-f732-4426-a107-de64be9cd4cf: valid; 0.9 s; peak memory 3317 MiB.
2026-09-16T20:44:13Z INFO [238/500] 01e9ee3e-efd0-4f7b-bdfb-4f329d869e45: valid; 0.6 s; peak memory 3317 MiB.
2026-09-16T20:44:13Z INFO [239/500] 01ea40f6-1b3a-4f4b-a06c-aa52166c70de: valid; 0.5 s; peak memory 3318 MiB.
2026-09-16T20:44:14Z WARNING 01ea54ae-96b4-442d-888e-0dc05841f00a: failed while opening the NWB file (ConstructError: (root/acquisition/_iblmic_audioSpectrogram/bands GroupBuilder {'attributes': {'colnames': array(['freq'], dtype=object), 'description': 'spectogram frequencies', 'namespace': 'core', 'neurodata_type': 'FrequencyBandsTable', 'object_id': 'eb107d62-ae37-44ae-a29d-7b7cb55e2912'}, 'groups': {}, 'datasets': {'freq': root/acquisition/_iblmic_audioSpectrogram/bands/freq DatasetBuilder {'attributes': {'description': 'frequency value', 'namespace': 'hdmf-common', 'neurodata_type': 'VectorData', 'object_id': '28d330f2-0065-4e0c-b431-729d9d607708'}, 'data': <HDF5 dataset "freq": shape (257,), type "<f4">}, 'id': root/acquisition/_iblmic_audioSpectrogram/bands/id DatasetBuilder {'attributes': {'namespace': 'hdmf-common', 'neurodata_type': 'ElementIdentifiers', 'object_id': '87793184-7300-4644-ba66-33829bb9c49b'}, 'data': <HDF5 dataset "id": shape (257,), type "<i4">}}, 'links': {}}, "Could not construct FrequencyBandsTable object due to: column must have the same number of rows as 'id'"))
2026-09-16T20:44:24Z INFO [241/500] 01ea770b-13f9-4d63-b4e2-441537cecae8: valid; 9.5 s; peak memory 3486 MiB.
2026-09-16T20:44:26Z INFO [242/500] 01eb4937-a7b9-442b-92f1-3f7ef62ced21: valid; 1.7 s; peak memory 3486 MiB.
2026-09-16T20:44:30Z INFO [243/500] 01eb513e-a21b-465b-94c5-70df6bde39c3: valid; 4.6 s; peak memory 3488 MiB.
2026-09-16T20:45:07Z INFO [244/500] 01eb69f6-5d1d-4afa-acd8-0a16cec7dc5d: valid; 36.6 s; peak memory 3514 MiB.
2026-09-16T20:45:08Z INFO [245/500] 01eb7909-29d9-41de-aae0-02d41974f4f5: valid; 1.6 s; peak memory 3517 MiB.
2026-09-16T20:45:09Z INFO [246/500] 01eba086-3165-4b39-9fbe-8b2515c29ff0: valid; 0.8 s; peak memory 3519 MiB.
2026-09-16T20:45:10Z INFO [247/500] 01ebd676-ae68-4caa-a4ff-57bc794ba8f6: valid; 0.4 s; peak memory 3522 MiB.
2026-09-16T20:45:11Z INFO [248/500] 01ec4f42-7f36-4360-adfc-3549f27806ce: valid; 1.6 s; peak memory 3527 MiB.
2026-09-16T20:45:21Z INFO [249/500] 01ec51b1-7c42-4f54-ba52-864cccec6ee7: valid; 9.7 s; peak memory 3553 MiB.
2026-09-16T20:45:22Z INFO [250/500] 01ecace2-71cc-4671-8431-3e6ae3420b52: not valid; 0.8 s; peak memory 3554 MiB.
2026-09-16T20:45:22Z INFO [250/500] 01ecace2-71cc-4671-8431-3e6ae3420b52: checkpointed 66260 records.
2026-09-16T20:45:23Z INFO [251/500] 01ecdc69-c753-49b5-b0c3-8bd0cd5c0556: valid; 1.1 s; peak memory 3556 MiB.
2026-09-16T20:45:24Z INFO [252/500] 01ed7d4e-710e-49d0-8c0f-804bbca70236: valid; 0.9 s; peak memory 3557 MiB.
2026-09-16T20:45:25Z INFO [253/500] 01ed989c-31f7-464e-971c-6840c64f9778: not valid; 1.0 s; peak memory 3559 MiB.
2026-09-16T20:45:26Z INFO [254/500] 01ee0166-eb0d-4c07-99b6-5a6e9d99ad37: valid; 0.6 s; peak memory 3559 MiB.
2026-09-16T20:45:26Z INFO [255/500] 01ee39e8-1db6-4271-9e13-15b1c9ec3842: valid; 0.5 s; peak memory 3560 MiB.
2026-09-16T20:45:27Z INFO [256/500] 01ee4cc0-f4aa-49b7-a61c-52115b6a35ad: valid; 1.1 s; peak memory 3561 MiB.
2026-09-16T20:46:24Z INFO [257/500] 01ef3e50-3d0e-4d65-a856-479b6f0f260c: valid; 56.7 s; peak memory 3878 MiB.
2026-09-16T20:46:27Z INFO [258/500] 01ef6e3e-fe97-4130-b0e4-c6af194eb11d: valid; 2.7 s; peak memory 3878 MiB.
2026-09-16T20:46:28Z INFO [259/500] 01ef7f09-0476-490f-9834-5df2f5d872ba: valid; 1.2 s; peak memory 3878 MiB.
2026-09-16T20:46:29Z INFO [260/500] 01f025eb-0c91-403b-8778-11df54222152: valid; 1.2 s; peak memory 3878 MiB.
2026-09-16T20:46:30Z INFO [261/500] 01f04582-2adc-44b3-8d63-a799f15d9c34: valid; 1.0 s; peak memory 3878 MiB.
2026-09-16T20:46:31Z INFO [262/500] 01f0c07d-6ff4-4133-8b07-a40c934c90e4: not valid; 0.8 s; peak memory 3878 MiB.
2026-09-16T20:46:32Z INFO [263/500] 01f0ca66-b0fd-4dc2-a9e3-5f768240999c: valid; 0.8 s; peak memory 3878 MiB.
2026-09-16T20:46:37Z INFO [264/500] 01f18173-0b58-4d78-b1b9-eaee5bd1ce42: valid; 5.1 s; peak memory 3878 MiB.
2026-09-16T20:46:37Z INFO [265/500] 01f1dae9-636d-47db-895a-bb606f1ce8fb: not valid; 0.8 s; peak memory 3878 MiB.
2026-09-16T20:46:38Z INFO [266/500] 01f1fe5d-f618-48ab-a746-4d9993d5c801: valid; 0.9 s; peak memory 3878 MiB.
2026-09-16T20:46:39Z INFO [267/500] 01f240ab-7a77-4bee-ba1e-19d0f905fa02: not valid; 0.9 s; peak memory 3878 MiB.
2026-09-16T20:46:40Z INFO [268/500] 01f2d409-6235-41b8-9f74-9f58711ae411: valid; 0.7 s; peak memory 3878 MiB.
2026-09-16T20:46:53Z INFO [269/500] 01f37333-8ac6-4f47-b4fc-58f80f85b4a7: valid; 12.7 s; peak memory 3929 MiB.
2026-09-16T20:46:53Z INFO [270/500] 01f38d04-3a46-48a7-8e3a-7d50fa08f362: valid; 0.7 s; peak memory 3930 MiB.
2026-09-16T20:46:55Z INFO [271/500] 01f3d4cb-344e-425f-8d3c-66c8ff1aa73e: valid; 1.5 s; peak memory 3933 MiB.
2026-09-16T20:46:58Z INFO [272/500] 01f431a7-3637-4cbb-9192-8fb174f7aff0: valid; 2.7 s; peak memory 3939 MiB.
2026-09-16T20:46:59Z INFO [273/500] 01f45287-02e7-4261-aa40-459953d232f0: valid; 1.9 s; peak memory 3950 MiB.
2026-09-16T20:47:00Z INFO [274/500] 01f492b3-e3a0-4e96-9f47-de4a028504cf: valid; 0.8 s; peak memory 3954 MiB.
2026-09-16T20:47:03Z INFO [275/500] 01f4e554-43ef-4c65-b8c7-e93be0724edd: valid; 2.9 s; peak memory 3958 MiB.
2026-09-16T20:47:08Z INFO [276/500] 01f576c2-aa5d-49ed-8810-5c07e23f39a2: valid; 4.7 s; peak memory 3967 MiB.
2026-09-16T20:47:10Z INFO [277/500] 01f57f70-b30e-4aaf-a769-a7a1c22d3670: valid; 2.3 s; peak memory 3969 MiB.
2026-09-16T20:47:11Z INFO [278/500] 01f61570-43d2-4bf6-ba25-345c223139e8: not valid; 0.9 s; peak memory 3970 MiB.
2026-09-16T20:47:12Z INFO [279/500] 01f6afa1-149d-4717-bdcb-6b0dd4c32354: valid; 1.3 s; peak memory 3971 MiB.
2026-09-16T20:47:13Z INFO [280/500] 01f6eea8-5fae-4c76-bde4-6537c882f4b0: valid; 0.6 s; peak memory 3971 MiB.
2026-09-16T20:47:14Z WARNING 01f71ea1-6557-4918-8553-c71ae8eadcc5: failed while opening the NWB file (ConstructError: (root/acquisition/_iblmic_audioSpectrogram/bands GroupBuilder {'attributes': {'colnames': array(['freq'], dtype=object), 'description': 'spectogram frequencies', 'namespace': 'core', 'neurodata_type': 'FrequencyBandsTable', 'object_id': 'c3af25df-0c35-4039-8a91-591039111edf'}, 'groups': {}, 'datasets': {'freq': root/acquisition/_iblmic_audioSpectrogram/bands/freq DatasetBuilder {'attributes': {'description': 'frequency value', 'namespace': 'hdmf-common', 'neurodata_type': 'VectorData', 'object_id': 'cf701655-a66d-4f01-902a-07cc081e7301'}, 'data': <HDF5 dataset "freq": shape (257,), type "<f4">}, 'id': root/acquisition/_iblmic_audioSpectrogram/bands/id DatasetBuilder {'attributes': {'namespace': 'hdmf-common', 'neurodata_type': 'ElementIdentifiers', 'object_id': '00e60f0f-ece8-48c4-b3b4-6d80c226b3d6'}, 'data': <HDF5 dataset "id": shape (257,), type "<i4">}}, 'links': {}}, "Could not construct FrequencyBandsTable object due to: column must have the same number of rows as 'id'"))
2026-09-16T20:47:14Z INFO [282/500] 01f7c7d5-75d8-4aa2-b8c1-245ab298a704: valid; 0.6 s; peak memory 3971 MiB.
2026-09-16T20:47:15Z INFO [283/500] 01f8895d-2c37-4156-b2c5-26c10d319ef3: valid; 1.1 s; peak memory 3972 MiB.
2026-09-16T20:47:16Z INFO [284/500] 01f8cf1c-b84d-437b-9acb-8c002f012939: valid; 0.6 s; peak memory 3974 MiB.
2026-09-16T20:47:18Z INFO [285/500] 01f9f7a6-057c-44ea-8a24-7ed9926d39cd: valid; 1.6 s; peak memory 3975 MiB.
2026-09-16T20:47:19Z INFO [286/500] 01fa0c90-3ca5-4bca-bd2a-398d12002348: valid; 1.2 s; peak memory 3976 MiB.
2026-09-16T20:47:21Z INFO [287/500] 01fa3e1e-0cc7-42d2-b29f-4b4515d64b3c: valid; 2.5 s; peak memory 4061 MiB.
2026-09-16T20:47:24Z INFO [288/500] 01fb16ad-47a0-4b78-9fd3-1dfcdb8373ea: valid; 2.1 s; peak memory 4061 MiB.
2026-09-16T20:47:27Z INFO [289/500] 01fba384-4ac0-4281-9774-379ae5c28b74: not valid; 3.1 s; peak memory 4081 MiB.
2026-09-16T20:47:28Z INFO [290/500] 01fcc753-dcff-4d51-bdcd-517a4fa5a06a: valid; 1.2 s; peak memory 4081 MiB.
2026-09-16T20:47:29Z INFO [291/500] 01fcd800-f2e6-4d59-b793-9da1287e83e1: valid; 1.5 s; peak memory 4081 MiB.
2026-09-16T20:47:30Z INFO [292/500] 01fd2952-63c5-4855-8960-d991ba6fd96c: valid; 0.6 s; peak memory 4081 MiB.
2026-09-16T20:47:31Z INFO [293/500] 01fd37f4-6af9-46cd-9457-1eeaa3addd6e: valid; 0.8 s; peak memory 4081 MiB.
2026-09-16T20:47:32Z INFO [294/500] 01fe8df3-05a9-4811-808d-b8361994451c: not valid; 1.0 s; peak memory 4081 MiB.
2026-09-16T20:47:33Z INFO [295/500] 01fe967a-5a98-4aef-a975-105f1080673a: valid; 0.8 s; peak memory 4081 MiB.
2026-09-16T20:47:48Z INFO [296/500] 01fecb69-389a-4e48-9857-c3cf8e478dd4: valid; 15.8 s; peak memory 4237 MiB.
2026-09-16T20:47:50Z INFO [297/500] 0200159b-5cef-4f6f-a19e-da04194b688f: valid; 1.9 s; peak memory 4237 MiB.
2026-09-16T20:47:51Z INFO [298/500] 02002359-552d-40c1-95b3-1b1c9df991c6: valid; 0.5 s; peak memory 4237 MiB.
2026-09-16T20:47:52Z INFO [299/500] 020072db-36d6-44cc-a0c5-9a11304345be: valid; 0.8 s; peak memory 4237 MiB.
2026-09-16T20:47:53Z INFO [300/500] 0200e900-6fed-484b-a901-55d241443864: valid; 1.1 s; peak memory 4238 MiB.
2026-09-16T20:47:53Z INFO [300/500] 0200e900-6fed-484b-a901-55d241443864: checkpointed 66310 records.
2026-09-16T20:48:00Z INFO [301/500] 02013b4b-5642-48c7-ab6f-839d5e1877c4: valid; 7.1 s; peak memory 4283 MiB.
2026-09-16T20:48:02Z INFO [302/500] 02013d9e-52bd-4a4e-a51a-7d36bd4e63d6: valid; 1.4 s; peak memory 4287 MiB.
2026-09-16T20:48:03Z INFO [303/500] 0201749f-c629-4e44-91ff-fe2ddb8184a0: not valid; 1.1 s; peak memory 4291 MiB.
2026-09-16T20:48:04Z INFO [304/500] 02018c69-d2de-4dab-9878-774fcb8cab7c: valid; 1.4 s; peak memory 4298 MiB.
2026-09-16T20:48:04Z WARNING 0201a183-71c8-4f0c-8109-faeb00075f79: failed while retrieving asset information from the DANDI API (NotFoundError: No asset at path 'sub-LG449/sub-LG449_ses-LG449-20250331_obj-1ct86rm_ophys.nwb' in version 0.260915.2135. Verify the path is correct and the asset exists in this version. Use 'dandi ls' to list available assets.)
2026-09-16T20:48:05Z INFO [306/500] 0201bd59-90b7-4360-8a90-052f5f1747e5: not valid; 0.5 s; peak memory 4300 MiB.
2026-09-16T20:48:06Z INFO [307/500] 0201c128-f439-420a-a618-0ae9a439724f: valid; 0.7 s; peak memory 4302 MiB.
2026-09-16T20:48:08Z INFO [308/500] 0201ddd4-b6b8-4626-ba15-3ec534a3b2ad: not valid; 2.1 s; peak memory 4319 MiB.
2026-09-16T20:48:08Z INFO [309/500] 020205b2-c64f-4ea9-81d0-39d8bbe39d73: valid; 0.6 s; peak memory 4321 MiB.
2026-09-16T20:48:09Z INFO [310/500] 020206a2-fff9-416a-91a4-e1b9ea211a61: not valid; 1.0 s; peak memory 4326 MiB.
2026-09-16T20:48:10Z INFO [311/500] 02026466-ada5-432e-a1bb-a0a471ff2712: valid; 0.6 s; peak memory 4326 MiB.
2026-09-16T20:48:17Z INFO [312/500] 0202d809-0b81-4d6a-b5d1-14427511a493: valid; 7.7 s; peak memory 4383 MiB.
2026-09-16T20:48:18Z INFO [313/500] 0202e9fb-450c-4da1-bf7c-ceb782960a0f: valid; 0.6 s; peak memory 4383 MiB.
2026-09-16T20:48:25Z INFO [314/500] 0203c1f4-b206-4701-b178-059324565f31: valid; 7.3 s; peak memory 4394 MiB.
2026-09-16T20:48:26Z INFO [315/500] 0204dc1b-d5be-447e-a66a-c2e85d7ff02b: valid; 1.0 s; peak memory 4394 MiB.
2026-09-16T20:48:28Z INFO [316/500] 0206436f-7c54-453a-9bc0-05220663494c: not valid; 1.2 s; peak memory 4394 MiB.
2026-09-16T20:48:29Z INFO [317/500] 0206a4be-c648-4539-9aae-8e3dc409f9d9: not valid; 1.1 s; peak memory 4394 MiB.
2026-09-16T20:48:30Z INFO [318/500] 0206c2b1-72e2-41d5-afcd-dae619ffd575: not valid; 0.8 s; peak memory 4394 MiB.
2026-09-16T20:48:31Z INFO [319/500] 0206cb4c-0d32-49ae-94cc-fc49159fe548: valid; 1.2 s; peak memory 4394 MiB.
2026-09-16T20:48:31Z INFO [320/500] 0206e05a-84f3-4276-8ca8-42c63dc0fd3d: valid; 0.5 s; peak memory 4394 MiB.
2026-09-16T20:48:32Z INFO [321/500] 0206e0b8-3993-4b25-ba45-81e6ddf48e29: valid; 0.7 s; peak memory 4394 MiB.
2026-09-16T20:48:33Z INFO [322/500] 0206e54b-59aa-4393-aeb5-825831015be5: not valid; 1.3 s; peak memory 4394 MiB.
2026-09-16T20:48:36Z INFO [323/500] 020860db-e3f2-4ba8-80d0-74aec794bccd: not valid; 2.5 s; peak memory 4394 MiB.
2026-09-16T20:48:36Z INFO [324/500] 0209714e-5ea9-4cc1-b8d8-0605118a4f07: valid; 0.6 s; peak memory 4394 MiB.
2026-09-16T20:48:38Z INFO [325/500] 02099db8-dc9a-4f06-bc2c-cb80aeebc57f: valid; 2.0 s; peak memory 4394 MiB.
2026-09-16T20:48:40Z INFO [326/500] 020ac9fa-db6c-48e7-a442-d430acd488dc: valid; 1.3 s; peak memory 4394 MiB.
2026-09-16T20:48:41Z INFO [327/500] 020b2974-3364-46f3-9e4a-5a1dc31dd549: valid; 1.1 s; peak memory 4394 MiB.
2026-09-16T20:48:42Z INFO [328/500] 020b3a38-0a03-40d9-891a-039e2589e51e: valid; 1.2 s; peak memory 4394 MiB.
2026-09-16T20:48:43Z INFO [329/500] 020bcfdf-c3d1-4dbe-b0ef-7969a296a784: not valid; 0.7 s; peak memory 4394 MiB.
2026-09-16T20:48:43Z WARNING 020c3166-434f-4d66-95cf-6aa96cf11490: failed while retrieving asset information from the DANDI API (NotFoundError: No asset at path 'sub-EPCNHP1/sub-EPCNHP1_ses-2019-08-19-005_ecephys.nwb' in version 0.240701.1903. Verify the path is correct and the asset exists in this version. Use 'dandi ls' to list available assets.)
2026-09-16T20:48:43Z INFO [331/500] 020c9347-39d5-454c-ab0d-17ebbdfa8336: valid; 0.7 s; peak memory 4394 MiB.
2026-09-16T20:48:45Z INFO [332/500] 020d7cc4-ed84-4969-8a79-ae8b9093afec: not valid; 1.2 s; peak memory 4394 MiB.
2026-09-16T20:48:52Z INFO [333/500] 020d84ca-4c32-4c98-8345-35c3d13dd1b5: valid; 7.7 s; peak memory 4394 MiB.
2026-09-16T20:48:54Z INFO [334/500] 020dd284-1b36-4959-affe-dc24f26f447e: valid; 1.3 s; peak memory 4394 MiB.
2026-09-16T20:48:55Z INFO [335/500] 020e2198-b896-474e-892f-171974f798f5: not valid; 1.0 s; peak memory 4394 MiB.
2026-09-16T20:48:55Z INFO [336/500] 020e2949-5097-4f2d-9924-058b328dff84: valid; 0.8 s; peak memory 4394 MiB.
2026-09-16T20:48:57Z INFO [337/500] 020e377b-013e-4d90-8e52-992b6f090f36: valid; 1.6 s; peak memory 4394 MiB.
2026-09-16T20:49:01Z INFO [338/500] 020ea25e-a9b9-4191-b3e1-4567f0e3c20a: not valid; 4.1 s; peak memory 4394 MiB.
2026-09-16T20:49:03Z INFO [339/500] 020f33a0-a509-4021-8ada-4c83d2d3cd23: valid; 1.8 s; peak memory 4394 MiB.
2026-09-16T20:49:05Z INFO [340/500] 020fb2c7-1e4e-4188-ad5f-328941671a23: valid; 2.1 s; peak memory 4394 MiB.
2026-09-16T20:49:06Z INFO [341/500] 021049e6-477c-4d53-8172-2b1b41547093: not valid; 0.9 s; peak memory 4394 MiB.
2026-09-16T20:49:08Z INFO [342/500] 021078ad-6fe0-45e4-9fb6-4404fc7ea904: valid; 2.0 s; peak memory 4394 MiB.
2026-09-16T20:49:08Z WARNING 0210b640-a3e9-4af5-8d79-569865facffe: failed while retrieving asset information from the DANDI API (NotFoundError: No asset at path 'sub-parkinson-simulated-lfp/sub-parkinson-simulated-lfp_ses-4547_ecephys.nwb' in version 0.250327.2220. Verify the path is correct and the asset exists in this version. Use 'dandi ls' to list available assets.)
2026-09-16T20:49:09Z INFO [344/500] 02116997-1d31-45c8-9613-0daca1846bbb: valid; 0.9 s; peak memory 4394 MiB.
2026-09-16T20:49:10Z INFO [345/500] 0211b58a-7025-4833-a441-6aba113c9c6b: valid; 0.6 s; peak memory 4394 MiB.
2026-09-16T20:49:11Z INFO [346/500] 0211ccb0-e683-40ce-9016-5489dc082535: valid; 1.5 s; peak memory 4394 MiB.
2026-09-16T20:49:12Z INFO [347/500] 02120e91-ad88-435a-931b-91628bc59956: not valid; 0.8 s; peak memory 4394 MiB.
2026-09-16T20:49:22Z INFO [348/500] 02122533-0c7f-4a93-b78e-c3ef9350635a: not valid; 10.0 s; peak memory 4404 MiB.
2026-09-16T20:49:22Z INFO [349/500] 021271f6-7aed-447a-baae-7a5060f502e4: valid; 0.6 s; peak memory 4405 MiB.
2026-09-16T20:49:25Z INFO [350/500] 0212cdb4-e383-43dd-bb19-9fc006551315: valid; 2.1 s; peak memory 4407 MiB.
2026-09-16T20:49:25Z INFO [350/500] 0212cdb4-e383-43dd-bb19-9fc006551315: checkpointed 66360 records.
2026-09-16T20:49:27Z INFO [351/500] 02131dd5-b976-456f-9743-660b1b7b7d00: valid; 1.7 s; peak memory 4407 MiB.
2026-09-16T20:49:31Z INFO [352/500] 02134707-6800-4572-97a5-732cd4d9c309: valid; 4.6 s; peak memory 4409 MiB.
2026-09-16T20:49:32Z INFO [353/500] 0213673b-eddc-4db0-8c07-1e477bb8b66a: valid; 1.0 s; peak memory 4416 MiB.
2026-09-16T20:49:34Z INFO [354/500] 021388a2-19e0-4b6b-945d-2ee0d3a39930: valid; 1.9 s; peak memory 4418 MiB.
2026-09-16T20:49:35Z INFO [355/500] 021403a5-8848-4089-a060-89c6f55bda46: not valid; 0.8 s; peak memory 4418 MiB.
2026-09-16T20:49:36Z INFO [356/500] 021433c3-33a4-4860-aafc-5f2a9650e89f: valid; 1.1 s; peak memory 4419 MiB.
2026-09-16T20:49:37Z INFO [357/500] 0214ab45-a5da-4d07-9748-838f3ec9b46b: valid; 0.4 s; peak memory 4419 MiB.
2026-09-16T20:49:39Z INFO [358/500] 021553cd-c5da-4b33-9019-0abf92c9af28: valid; 2.5 s; peak memory 4422 MiB.
2026-09-16T20:49:50Z INFO [359/500] 0215cd4e-c975-4751-a770-cad265b28564: not valid; 10.9 s; peak memory 4490 MiB.
2026-09-16T20:49:51Z INFO [360/500] 0215df30-d9e8-4e30-aa42-fc63febd68a0: valid; 0.8 s; peak memory 4491 MiB.
2026-09-16T20:49:52Z INFO [361/500] 02162606-2fd4-49f1-a967-4aa1b8e7f3c5: valid; 1.5 s; peak memory 4492 MiB.
2026-09-16T20:49:53Z INFO [362/500] 0217144a-17da-4ce6-baa4-1b74b9bc1d33: valid; 0.5 s; peak memory 4492 MiB.
2026-09-16T20:49:54Z INFO [363/500] 0217599f-e8df-4d9c-a471-b139a575195f: valid; 1.3 s; peak memory 4495 MiB.
2026-09-16T20:49:59Z INFO [364/500] 0218437c-a7c5-4969-b886-b9c7ced671ae: valid; 4.8 s; peak memory 4535 MiB.
2026-09-16T20:50:06Z INFO [365/500] 02190bd2-4904-4f65-ae93-0822f0ea1e28: not valid; 6.9 s; peak memory 4550 MiB.
2026-09-16T20:50:06Z INFO [366/500] 02192944-f638-4616-9e45-6b7438119c8f: valid; 0.6 s; peak memory 4550 MiB.
2026-09-16T20:50:07Z INFO [367/500] 02195116-62b2-4c89-baff-71ec22acb876: not valid; 0.8 s; peak memory 4550 MiB.
2026-09-16T20:50:08Z INFO [368/500] 0219635a-c536-4dd6-906e-ce90231ac0d1: valid; 0.7 s; peak memory 4550 MiB.
2026-09-16T20:50:08Z INFO [369/500] 0219a005-d38e-4491-a5da-fdad94f99c02: valid; 0.6 s; peak memory 4550 MiB.
2026-09-16T20:50:16Z INFO [370/500] 0219aecc-9f52-48e2-9e9f-405debad6534: valid; 7.8 s; peak memory 4550 MiB.
2026-09-16T20:50:36Z INFO [371/500] 021a0cbc-f3b9-4770-8e73-46345f76e55a: not valid; 19.6 s; peak memory 4596 MiB.
2026-09-16T20:50:37Z INFO [372/500] 021a3fa8-1ba3-45a4-ba50-015ffa00ff89: valid; 1.0 s; peak memory 4607 MiB.
2026-09-16T20:50:39Z INFO [373/500] 021a63dc-c8ba-4116-998c-dcfe2029b5b5: valid; 2.0 s; peak memory 4619 MiB.
2026-09-16T20:50:42Z INFO [374/500] 021ba67d-f6c1-4b2a-aace-2ef31436dc12: valid; 3.7 s; peak memory 4635 MiB.
2026-09-16T20:50:43Z INFO [375/500] 021c0c00-71bc-4a70-88f1-1058f89da08d: valid; 1.0 s; peak memory 4638 MiB.
2026-09-16T20:50:44Z INFO [376/500] 021c285f-ad6d-4ec5-9f93-d50168a8bf3b: not valid; 0.7 s; peak memory 4641 MiB.
2026-09-16T20:50:46Z INFO [377/500] 021c7269-7dfa-439a-86b3-e0942494b823: valid; 2.3 s; peak memory 4644 MiB.
2026-09-16T20:50:48Z INFO [378/500] 021f30b1-1fa9-4799-bd81-d5c0ac564f88: not valid; 1.3 s; peak memory 4644 MiB.
2026-09-16T20:50:49Z INFO [379/500] 021f7fa5-f6ae-4bc2-b6bd-f75ee1c91810: not valid; 1.0 s; peak memory 4644 MiB.
2026-09-16T20:50:50Z INFO [380/500] 021f8583-dafb-49e9-bb86-767bdd6d36cd: valid; 1.1 s; peak memory 4644 MiB.
2026-09-16T20:50:51Z INFO [381/500] 021f88b4-2ba1-442f-a819-5cd9af1a9e9e: not valid; 0.9 s; peak memory 4644 MiB.
2026-09-16T20:50:51Z WARNING 021f9f25-043d-4aa0-9499-9a0f26ce40a6: failed while retrieving asset information from the DANDI API (NotFoundError: No asset at path 'sub-EPCNHP2/sub-EPCNHP2_ses-2020-11-23-005_ecephys.nwb' in version 0.240701.1903. Verify the path is correct and the asset exists in this version. Use 'dandi ls' to list available assets.)
2026-09-16T20:50:52Z INFO [383/500] 02200e9e-efac-4fa7-ab06-e93e672eb6c1: valid; 1.8 s; peak memory 4644 MiB.
2026-09-16T20:50:55Z INFO [384/500] 022066a5-3000-4262-b90e-0f55e59c39be: valid; 2.6 s; peak memory 4644 MiB.
2026-09-16T20:50:57Z INFO [385/500] 02207333-a0d1-48dd-bf71-f5c04f38b941: not valid; 2.3 s; peak memory 4644 MiB.
2026-09-16T20:51:02Z INFO [386/500] 02214a03-32bd-48d4-b7f4-5bf97b00a1df: valid; 5.1 s; peak memory 4644 MiB.
2026-09-16T20:51:10Z INFO [387/500] 02217475-9830-4f02-b35c-a6dccc8e8aa8: valid; 7.6 s; peak memory 4675 MiB.
2026-09-16T20:51:11Z INFO [388/500] 0221f874-5c13-480d-ac4d-5099d8a85b7a: valid; 0.7 s; peak memory 4675 MiB.
2026-09-16T20:51:12Z INFO [389/500] 02236601-6126-4149-8568-5f8dd8e45858: not valid; 1.1 s; peak memory 4675 MiB.
2026-09-16T20:51:13Z INFO [390/500] 02244ba2-685c-4ac0-baf5-0f61ebef75d3: valid; 1.1 s; peak memory 4675 MiB.
2026-09-16T20:51:14Z INFO [391/500] 02253495-3c34-47ab-9121-d3e74909f5c9: valid; 1.0 s; peak memory 4675 MiB.
2026-09-16T20:51:14Z INFO [392/500] 0225c5b9-3b9a-4af2-8765-009a3a65b30c: valid; 0.5 s; peak memory 4675 MiB.
2026-09-16T20:51:16Z INFO [393/500] 0225e258-b1f5-4649-aa11-b50389972297: valid; 1.4 s; peak memory 4675 MiB.
2026-09-16T20:51:16Z INFO [394/500] 022611a0-c9b5-49b0-9e63-877d2c228171: valid; 0.7 s; peak memory 4675 MiB.
2026-09-16T20:51:18Z INFO [395/500] 02262a07-b9e8-473e-8c77-79d24e0bd5af: valid; 1.4 s; peak memory 4675 MiB.
2026-09-16T20:51:19Z INFO [396/500] 0226727c-1265-40d0-b8ac-4b11d6b9b8d0: not valid; 0.8 s; peak memory 4675 MiB.
2026-09-16T20:51:21Z INFO [397/500] 02268c7b-9fa3-4c41-bdf3-81b04989e0c0: valid; 1.9 s; peak memory 4675 MiB.
2026-09-16T20:51:22Z INFO [398/500] 0226bdce-75ce-43b2-92e0-39000dbd3c81: valid; 0.9 s; peak memory 4675 MiB.
2026-09-16T20:51:22Z INFO [399/500] 0227e189-e1ff-4fff-be51-4c230455eec5: not valid; 0.9 s; peak memory 4675 MiB.
2026-09-16T20:51:23Z INFO [400/500] 0227f2ff-99fc-4e97-81ec-c98744faedbb: not valid; 0.8 s; peak memory 4675 MiB.
2026-09-16T20:51:24Z INFO [400/500] 0227f2ff-99fc-4e97-81ec-c98744faedbb: checkpointed 66410 records.
2026-09-16T20:51:25Z INFO [401/500] 02286594-b159-455b-9d4b-4cda00f62a37: valid; 1.0 s; peak memory 4675 MiB.
2026-09-16T20:51:26Z INFO [402/500] 0228abae-8b52-4bfc-84bb-8543bef85e47: not valid; 0.8 s; peak memory 4675 MiB.
2026-09-16T20:51:28Z INFO [403/500] 0228de2f-daea-4360-8c33-87a454d914a3: not valid; 2.3 s; peak memory 4675 MiB.
2026-09-16T20:51:29Z INFO [404/500] 0228e127-31ef-493c-9ab6-7ed874426dbb: valid; 0.7 s; peak memory 4675 MiB.
2026-09-16T20:51:29Z INFO [405/500] 0229b01d-c981-45d9-b461-26e6da04a154: valid; 0.7 s; peak memory 4675 MiB.
2026-09-16T20:51:30Z INFO [406/500] 022a2b7a-8cb7-4514-9afc-8df0d20dbd15: valid; 0.7 s; peak memory 4675 MiB.
2026-09-16T20:51:31Z INFO [407/500] 022a54bf-e006-42c8-921e-a7207bae840b: not valid; 0.8 s; peak memory 4675 MiB.
2026-09-16T20:51:32Z INFO [408/500] 022bbf9a-c808-4c1e-96c0-d3c5d9149b17: not valid; 1.0 s; peak memory 4675 MiB.
2026-09-16T20:51:32Z WARNING 022c5edf-42ca-4f79-a081-5a9d02ad27cf: failed while retrieving asset information from the DANDI API (NotFoundError: No asset at path 'sub-702135/sub-702135_ses-1324561527_probe-1_ecephys.nwb' in version 0.250311.2145. Verify the path is correct and the asset exists in this version. Use 'dandi ls' to list available assets.)
2026-09-16T20:51:33Z INFO [410/500] 022c682c-f4af-4c60-a4f8-e9217c1c62a2: valid; 0.7 s; peak memory 4675 MiB.
2026-09-16T20:51:35Z INFO [411/500] 022e1f46-b049-4c83-9a3c-3bbdd4a41077: valid; 2.0 s; peak memory 4675 MiB.
2026-09-16T20:51:36Z INFO [412/500] 022e8135-8686-48f0-b454-2668124ca593: valid; 1.2 s; peak memory 4675 MiB.
2026-09-16T20:51:36Z INFO [413/500] 022eb8ba-23e4-40c2-8b9a-89d2015a904a: not valid; 0.5 s; peak memory 4675 MiB.
2026-09-16T20:51:37Z INFO [414/500] 022ec9c5-ec21-4513-bcd3-2e835e4cd506: valid; 0.5 s; peak memory 4675 MiB.
2026-09-16T20:51:38Z INFO [415/500] 022f09a1-bedf-4580-af43-dacdbda616f2: not valid; 0.8 s; peak memory 4675 MiB.
2026-09-16T20:51:39Z INFO [416/500] 022f150d-16e8-45d4-97b4-6181d63fd51f: valid; 1.3 s; peak memory 4675 MiB.
2026-09-16T20:51:49Z INFO [417/500] 022f339d-9d26-426b-9ef1-ca63eb47d5ad: valid; 10.2 s; peak memory 4675 MiB.
2026-09-16T20:51:51Z INFO [418/500] 022f8eb4-53ae-4af9-9bdc-674aae1edb51: valid; 1.9 s; peak memory 4676 MiB.
2026-09-16T20:51:52Z INFO [419/500] 02309b5a-860c-4df0-a7be-857ff5d255b5: valid; 0.9 s; peak memory 4678 MiB.
2026-09-16T20:51:53Z INFO [420/500] 0230e377-e311-4862-b412-146600ab84e2: not valid; 1.0 s; peak memory 4680 MiB.
2026-09-16T20:51:54Z INFO [421/500] 0230eb57-d071-4bcc-9a22-6834afa40a85: valid; 0.7 s; peak memory 4681 MiB.
2026-09-16T20:51:54Z INFO [422/500] 02311f29-addb-49c5-98a6-c442fb85b402: valid; 0.4 s; peak memory 4681 MiB.
2026-09-16T20:51:55Z INFO [423/500] 02314e29-612a-4dc3-a24e-5af89266b939: valid; 1.5 s; peak memory 4682 MiB.
2026-09-16T20:51:57Z INFO [424/500] 0231748a-c88e-46b1-a553-bfae358aeb70: valid; 1.0 s; peak memory 4682 MiB.
2026-09-16T20:51:57Z INFO [425/500] 02324705-35dc-477b-a6a7-14230aa5ff3b: not valid; 0.9 s; peak memory 4683 MiB.
2026-09-16T20:51:58Z INFO [426/500] 02328483-d31b-4de9-888a-574b619d2c97: valid; 0.7 s; peak memory 4684 MiB.
2026-09-16T20:51:59Z INFO [427/500] 02328cac-1a26-41eb-b719-983970dc5c33: not valid; 0.9 s; peak memory 4685 MiB.
2026-09-16T20:52:00Z INFO [428/500] 0232af6a-80d0-4a05-8b20-ebfe02f4b78a: not valid; 0.9 s; peak memory 4685 MiB.
2026-09-16T20:52:00Z INFO [429/500] 0232c59a-ac44-447d-9063-ad2a1856fa92: valid; 0.5 s; peak memory 4686 MiB.
2026-09-16T20:52:01Z INFO [430/500] 0232edf3-d4db-44e4-ac0b-bca8596ed8c4: valid; 0.9 s; peak memory 4686 MiB.
2026-09-16T20:52:02Z INFO [431/500] 0233cbcc-cf26-4d13-9155-5d72ebfa4093: not valid; 0.9 s; peak memory 4687 MiB.
2026-09-16T20:52:03Z INFO [432/500] 023430dc-d388-4f42-8ef8-0ddd4439be79: not valid; 0.9 s; peak memory 4687 MiB.
2026-09-16T20:52:10Z INFO [433/500] 0234851c-a9bf-49a6-9688-7750a445e697: not valid; 6.7 s; peak memory 4727 MiB.
2026-09-16T20:52:12Z INFO [434/500] 0234b1f7-8cfa-483d-8a30-e01140f84e64: not valid; 2.3 s; peak memory 4739 MiB.
2026-09-16T20:52:13Z INFO [435/500] 0234fc59-3c5a-4238-8e00-b8639b27b2a8: valid; 1.1 s; peak memory 4750 MiB.
2026-09-16T20:52:14Z INFO [436/500] 023522fa-48b1-4c9e-9a8b-37fb699f601f: valid; 1.2 s; peak memory 4772 MiB.
2026-09-16T20:52:16Z INFO [437/500] 02353ebe-f8dc-4283-925c-03fcd22d8178: valid; 1.3 s; peak memory 4772 MiB.
2026-09-16T20:52:17Z INFO [438/500] 023567f7-ce9d-4898-b402-2a07c9a0c61a: valid; 1.7 s; peak memory 4777 MiB.
2026-09-16T20:52:19Z WARNING 02358af5-6f60-4ff7-8b44-8709fba6b443: failed while opening the NWB file (ConstructError: (root/general/optogenetics/PatternedOptogeneticStimulusSite GroupBuilder {'attributes': {'effector': 'GUR-3/PRDX-2', 'namespace': 'ndx-patterned-ogen', 'neurodata_type': 'PatternedOptogeneticStimulusSite', 'object_id': '2c48d7e4-e6ae-4657-aa68-72e7636fa908'}, 'groups': {}, 'datasets': {'description': root/general/optogenetics/PatternedOptogeneticStimulusSite/description DatasetBuilder {'attributes': {}, 'data': 'Scanning'}, 'excitation_lambda': root/general/optogenetics/PatternedOptogeneticStimulusSite/excitation_lambda DatasetBuilder {'attributes': {}, 'data': np.float64(850.0)}, 'location': root/general/optogenetics/PatternedOptogeneticStimulusSite/location DatasetBuilder {'attributes': {}, 'data': 'whole brain'}}, 'links': {'device': root/general/optogenetics/PatternedOptogeneticStimulusSite/device LinkBuilder {'builder': root/general/devices/OptogeneticDevice GroupBuilder {'attributes': {'description': '', 'namespace': 'core', 'neurodata_type': 'Device', 'object_id': '2344be1a-8d86-43c5-9afa-cb4d1eb788e9'}, 'groups': {}, 'datasets': {}, 'links': {}}}, 'light_source': root/general/optogenetics/PatternedOptogeneticStimulusSite/light_source LinkBuilder {'builder': root/general/devices/AmplifiedLaser GroupBuilder {'attributes': {'description': 'For two-photon optogenetic targeting, we used an optical parametric amplifier (OPA; Light Conversion ORPHEUS) pumped by a femtosecond amplified laser (Light Conversion PHAROS).', 'filter_description': 'Short pass at 1040 nm', 'manufacturer': 'Light Conversion', 'model': 'ORPHEUS amplifier and PHAROS laser', 'namespace': 'ndx-patterned-ogen', 'neurodata_type': 'LightSource', 'object_id': 'e5a0249a-5a67-4397-a6a5-054157876276', 'peak_power_in_W': np.float64(0.0012), 'pulse_rate_in_Hz': np.float64(500000.0), 'stimulation_wavelength_in_nm': np.float64(850.0)}, 'groups': {}, 'datasets': {}, 'links': {}}}}}, "Could not construct PatternedOptogeneticStimulusSite object due to: CustomClassGenerator.set_init.<locals>.__init__: incorrect type for 'spatial_light_modulator' (got 'list', expected 'Device')"))
2026-09-16T20:52:20Z INFO [440/500] 0235f73c-7ecc-4357-8c6f-3c99d54ebdf1: not valid; 0.9 s; peak memory 4788 MiB.
2026-09-16T20:52:21Z INFO [441/500] 02366416-a104-4f5a-9322-49a59a543094: valid; 1.3 s; peak memory 4791 MiB.
2026-09-16T20:52:22Z INFO [442/500] 02381a03-5a04-473d-a88a-c94634a36909: not valid; 0.9 s; peak memory 4791 MiB.
2026-09-16T20:52:24Z INFO [443/500] 02384071-60ea-4822-9424-8f6d5d102b9c: valid; 1.4 s; peak memory 4791 MiB.
2026-09-16T20:52:34Z INFO [444/500] 02384416-3bd6-4b38-bdd6-0b113df75307: valid; 10.4 s; peak memory 4791 MiB.
2026-09-16T20:52:35Z INFO [445/500] 02387070-be8a-4e2b-9602-37e19438a3a8: not valid; 1.1 s; peak memory 4791 MiB.
2026-09-16T20:52:38Z INFO [446/500] 0238fb3c-4b8f-4438-a405-a30143d30145: not valid; 2.6 s; peak memory 4807 MiB.
2026-09-16T20:52:42Z INFO [447/500] 02391096-53ee-4f1f-b0fc-949452447198: valid; 4.4 s; peak memory 4815 MiB.
2026-09-16T20:52:43Z INFO [448/500] 023943d4-a52c-473e-b14e-f14d25a5ffbe: not valid; 0.9 s; peak memory 4815 MiB.
2026-09-16T20:52:44Z INFO [449/500] 02399f2b-f3b5-4150-95bb-24db73e74493: valid; 1.1 s; peak memory 4815 MiB.
2026-09-16T20:52:45Z INFO [450/500] 023aa742-1af9-4e46-93e9-7acf2d5d6259: valid; 1.0 s; peak memory 4815 MiB.
2026-09-16T20:52:45Z INFO [450/500] 023aa742-1af9-4e46-93e9-7acf2d5d6259: checkpointed 66460 records.
2026-09-16T20:52:47Z INFO [451/500] 023ab37d-1bd1-44e0-88df-a0ef3acba32d: valid; 1.5 s; peak memory 4815 MiB.
2026-09-16T20:52:48Z INFO [452/500] 023accbf-1eec-4548-9a9e-d33bd5d81eba: valid; 0.9 s; peak memory 4821 MiB.
2026-09-16T20:52:50Z INFO [453/500] 023b7b6c-3a25-4b4e-8905-28b5543551a2: not valid; 2.0 s; peak memory 4827 MiB.
2026-09-16T20:52:51Z INFO [454/500] 023b8db2-1a14-44b5-9772-62a39003552d: valid; 1.6 s; peak memory 4832 MiB.
2026-09-16T20:52:53Z INFO [455/500] 023be53b-62a9-4348-8491-a5635f7b2c8a: valid; 2.0 s; peak memory 4832 MiB.
2026-09-16T20:52:54Z INFO [456/500] 023c2c69-c30a-4f55-b785-dd7c52272b26: not valid; 1.0 s; peak memory 4832 MiB.
2026-09-16T20:52:56Z INFO [457/500] 023c734d-aa17-444b-9c8b-a9d7ef7c6012: not valid; 1.9 s; peak memory 4837 MiB.
2026-09-16T20:52:58Z INFO [458/500] 023cd4ec-9f12-4acc-a100-31fc438c60a9: valid; 1.7 s; peak memory 4904 MiB.
2026-09-16T20:53:09Z INFO [459/500] 023d394c-5b65-49f8-b2dc-e848e442157a: valid; 10.8 s; peak memory 4923 MiB.
2026-09-16T20:53:09Z WARNING 023d8250-94ae-42a5-9e81-32a734f9fcd6: failed while retrieving asset information from the DANDI API (NotFoundError: No asset at path 'sub-parkinson-simulated-lfp/sub-parkinson-simulated-lfp_ses-5606_ecephys.nwb' in version 0.250327.2220. Verify the path is correct and the asset exists in this version. Use 'dandi ls' to list available assets.)
2026-09-16T20:53:09Z INFO [461/500] 023da5e3-7219-4fba-89ee-0bc4a7f6b1e5: not valid; 0.8 s; peak memory 4926 MiB.
2026-09-16T20:53:10Z INFO [462/500] 023de8d7-011a-49df-ab78-450790e357e5: valid; 0.6 s; peak memory 4928 MiB.
2026-09-16T20:53:12Z INFO [463/500] 023e2f62-a1b6-46e0-bf97-a552e16263cb: valid; 1.8 s; peak memory 4935 MiB.
2026-09-16T20:53:13Z INFO [464/500] 023ed86e-9ccc-4f5e-89d4-75f8f3f61647: valid; 1.1 s; peak memory 4954 MiB.
2026-09-16T20:53:14Z INFO [465/500] 023f13e6-5a20-46e4-90d3-bd40165f0b3e: valid; 1.5 s; peak memory 4954 MiB.
2026-09-16T20:53:15Z INFO [466/500] 023f20f7-415f-4bdc-991c-561cd4e401f8: not valid; 0.8 s; peak memory 4955 MiB.
2026-09-16T20:53:16Z INFO [467/500] 023f6326-2c0c-4725-a2c8-4b3583889d50: valid; 0.6 s; peak memory 4956 MiB.
2026-09-16T20:53:17Z INFO [468/500] 023fef0f-fd7e-41ea-89be-fe513f8a92c9: valid; 1.3 s; peak memory 4960 MiB.
2026-09-16T20:53:18Z INFO [469/500] 023ff1ca-0551-4307-b268-d50aeab24783: valid; 0.7 s; peak memory 4962 MiB.
2026-09-16T20:53:19Z INFO [470/500] 02407b32-7320-4fd5-8859-34ac126b314b: valid; 1.1 s; peak memory 4966 MiB.
2026-09-16T20:53:20Z INFO [471/500] 02411261-31e4-4c48-bff0-ad538f6f2bd4: valid; 0.8 s; peak memory 4968 MiB.
2026-09-16T20:53:21Z INFO [472/500] 02422670-f4fb-4366-98ee-9d194ca98183: valid; 1.1 s; peak memory 4970 MiB.
2026-09-16T20:53:23Z INFO [473/500] 024319c7-263e-4d84-a82e-9c902772332c: valid; 2.0 s; peak memory 4972 MiB.
2026-09-16T20:53:24Z INFO [474/500] 02439c1d-d548-4c8f-ab65-d050373789d2: valid; 1.3 s; peak memory 4972 MiB.
2026-09-16T20:53:25Z INFO [475/500] 0244990f-1c79-4fcb-af48-11e466967bf9: valid; 0.7 s; peak memory 4972 MiB.
2026-09-16T20:54:45Z INFO [476/500] 02452938-7c44-4f8f-a7a7-4be1b8af13be: valid; 79.6 s; peak memory 5296 MiB.
2026-09-16T20:54:46Z INFO [477/500] 0245bdf4-38ea-4c16-83c6-79ce769c0b53: valid; 1.0 s; peak memory 5296 MiB.
2026-09-16T20:54:46Z INFO [478/500] 0245e7c2-2f04-42a1-9302-4ff778105167: valid; 0.7 s; peak memory 5296 MiB.
2026-09-16T20:54:47Z INFO [479/500] 0246d73f-65cd-43ac-bfce-54c34aaad5f4: valid; 0.7 s; peak memory 5296 MiB.
2026-09-16T20:54:48Z INFO [480/500] 0247201e-6f40-485e-96d0-1f8d1540f624: valid; 0.8 s; peak memory 5296 MiB.
2026-09-16T20:54:49Z INFO [481/500] 024735c1-6631-4c96-8aa1-cf2fbbd0b10c: valid; 1.3 s; peak memory 5296 MiB.
2026-09-16T20:54:49Z WARNING 02483cc0-94ae-48d6-aca9-d7abb9d8d516: failed while retrieving asset information from the DANDI API (NotFoundError: No asset at path 'sub-parkinson-simulated-beta/sub-parkinson-simulated-beta_ses-4017_ecephys.nwb' in version 0.250327.2220. Verify the path is correct and the asset exists in this version. Use 'dandi ls' to list available assets.)
2026-09-16T20:54:51Z INFO [483/500] 0248d9ba-aa14-4dd5-85f9-38b106897ba6: valid; 1.6 s; peak memory 5296 MiB.
2026-09-16T20:54:51Z INFO [484/500] 0248ebf7-dd32-4621-adbc-62b03bf0da27: valid; 0.8 s; peak memory 5296 MiB.
2026-09-16T20:54:53Z INFO [485/500] 02491eaa-ea26-44ad-a8e7-40ae73695b14: not valid; 1.1 s; peak memory 5296 MiB.
2026-09-16T20:54:53Z INFO [486/500] 0249a962-cfdf-4845-af41-66f23ac9191a: not valid; 0.9 s; peak memory 5296 MiB.
2026-09-16T20:54:58Z INFO [487/500] 0249c82a-1c48-4dce-a334-78bf925e7afd: not valid; 4.2 s; peak memory 5296 MiB.
2026-09-16T20:54:58Z INFO [488/500] 0249de9b-bb18-44b3-9ef6-0ac2f47a2505: valid; 0.6 s; peak memory 5298 MiB.
2026-09-16T20:55:05Z INFO [489/500] 024a433d-a791-4d22-95ef-d8ee83418dec: valid; 6.7 s; peak memory 5314 MiB.
2026-09-16T20:55:06Z INFO [490/500] 024a905d-f4e9-48a5-b2c3-cc313507d384: not valid; 1.2 s; peak memory 5314 MiB.
2026-09-16T20:55:10Z INFO [491/500] 024aeec4-c011-4e7a-bbc3-cc2a56f81abe: valid; 3.9 s; peak memory 5326 MiB.
2026-09-16T20:55:11Z INFO [492/500] 024af1bc-a710-4b93-8f36-403e5a9050c9: valid; 0.6 s; peak memory 5328 MiB.
2026-09-16T20:55:12Z INFO [493/500] 024b57be-36e6-4381-8014-ebfdbd3672f7: valid; 1.0 s; peak memory 5330 MiB.
2026-09-16T20:55:29Z INFO [494/500] 024c16ec-2d6b-4f08-98d7-ea9cbe98a7e9: valid; 16.9 s; peak memory 5524 MiB.
2026-09-16T20:55:29Z INFO [495/500] 024c8ff9-866c-40a0-bfc1-3f31ba9e8506: valid; 0.6 s; peak memory 5526 MiB.
2026-09-16T20:55:30Z INFO [496/500] 024c929f-ae68-47de-90a0-2a31d64822b0: valid; 1.3 s; peak memory 5549 MiB.
2026-09-16T20:55:33Z INFO [497/500] 024c9e5b-e169-4639-8951-7a0a7960e4e7: valid; 2.1 s; peak memory 5556 MiB.
2026-09-16T20:55:34Z INFO [498/500] 024cd809-fee8-45f9-b486-e268805d2d2f: valid; 1.2 s; peak memory 5558 MiB.
2026-09-16T20:55:35Z INFO [499/500] 024e5019-be26-417c-a4a2-9dc133805c54: not valid; 0.8 s; peak memory 5558 MiB.
2026-09-16T20:55:36Z INFO [500/500] 024e6a13-f90b-42ee-92ed-e841997a105d: valid; 1.7 s; peak memory 5558 MiB.
2026-09-16T20:55:37Z INFO [500/500] 024e6a13-f90b-42ee-92ed-e841997a105d: checkpointed 66510 records.
2026-09-16T20:55:37Z INFO Wrote 66510 records to /tmp/derivatives/content_id_to_valid_nwb_file.jsonl (483 new, 17 failed) in 22.8 min (peak memory 5558 MiB).
