2026-09-16T15:40:29Z INFO Logging to /tmp/logs/update_2026-09-16T15-40-29Z.log.
2026-09-16T15:40:29Z INFO Update content-id-to-valid-nwb-file (base directory /tmp).
2026-09-16T15:40:32Z INFO Processing 500 items (65510 already recorded).
2026-09-16T15:40:36Z INFO [1/500] 00bc4719-5d4b-444f-a07c-c981f471f076: valid; 4.0 s; peak memory 332 MiB.
2026-09-16T15:40:38Z INFO [2/500] 00bc7e83-898e-449c-ab11-3b2514284197: not valid; 1.9 s; peak memory 338 MiB.
2026-09-16T15:40:40Z INFO [3/500] 00bc9c2a-2fd8-4f17-9a0b-7c17654aba5a: valid; 1.4 s; peak memory 341 MiB.
2026-09-16T15:41:06Z INFO [4/500] 00bcd4b0-40e3-412a-9ede-146475e749fc: valid; 25.9 s; peak memory 452 MiB.
2026-09-16T15:41:08Z INFO [5/500] 00bcf886-b201-497e-8abc-edab488c724e: valid; 2.6 s; peak memory 466 MiB.
2026-09-16T15:41:09Z INFO [6/500] 00bd9647-a8a6-4456-8fba-e1a9c5e38d74: valid; 1.2 s; peak memory 468 MiB.
2026-09-16T15:41:11Z INFO [7/500] 00be3091-4d89-44a8-aec7-0baf85ffea52: not valid; 1.8 s; peak memory 473 MiB.
2026-09-16T15:41:13Z INFO [8/500] 00be746f-9d85-40da-a41e-6975830e0509: not valid; 1.5 s; peak memory 475 MiB.
2026-09-16T15:41:22Z INFO [9/500] 00bebf01-1758-4148-8285-3f2cb8134607: valid; 9.8 s; peak memory 510 MiB.
2026-09-16T15:41:24Z INFO [10/500] 00bf770a-bf9e-41e4-8d05-4288cc9bce7e: not valid; 1.9 s; peak memory 514 MiB.
2026-09-16T15:41:26Z INFO [11/500] 00bf9832-4bc5-43b9-b937-dcbdf7509fac: valid; 2.1 s; peak memory 518 MiB.
2026-09-16T15:41:39Z INFO [12/500] 00bfb795-73cb-45d6-aea9-76f7562740d0: valid; 13.2 s; peak memory 533 MiB.
2026-09-16T15:41:42Z WARNING 00bfc9e5-c418-44d2-a65d-f0b00b8e6603: failed while opening the NWB file (ConstructError: (root/acquisition/event_code_meanings GroupBuilder {'attributes': {'colnames': array(['value', 'meaning'], dtype=object), 'description': 'Mapping integer event codes to event labels', 'namespace': 'ndx-events', 'neurodata_type': 'MeaningsTable', 'object_id': 'ec408e23-cf4c-4934-b1f7-b6b9013dad97'}, 'groups': {}, 'datasets': {'id': root/acquisition/event_code_meanings/id DatasetBuilder {'attributes': {'namespace': 'hdmf-common', 'neurodata_type': 'ElementIdentifiers', 'object_id': 'a46b73e5-ff2b-4dd8-af8b-80bbb57e70e6'}, 'data': <HDF5 dataset "id": shape (26,), type "<i8">}, 'meaning': root/acquisition/event_code_meanings/meaning DatasetBuilder {'attributes': {'description': 'The meaning of the value in the parent CategoricalVectorData object.', 'namespace': 'hdmf-experimental', 'neurodata_type': 'VectorData', 'object_id': '543c16b3-48d1-43b6-a049-9b821e0daa00'}, 'data': <StrDataset for HDF5 dataset "meaning": shape (26,), type "|O">}, 'value': root/acquisition/event_code_meanings/value DatasetBuilder {'attributes': {'description': 'The value of the parent CategoricalVectorData object.', 'namespace': 'hdmf-experimental', 'neurodata_type': 'VectorData', 'object_id': '8fc28501-a24f-4bd2-a724-06d69b637769'}, 'data': <HDF5 dataset "value": shape (26,), type "<i8">}}, 'links': {}}, "Could not construct MeaningsTable object due to: MeaningsTable.__init__: missing argument 'target'"))
2026-09-16T15:41:45Z INFO [14/500] 00c03cfb-4e25-453a-8e90-83aa02b5eb9c: valid; 2.8 s; peak memory 549 MiB.
2026-09-16T15:41:45Z WARNING 00c12bd8-2e89-4890-bb19-43c36dee3417: failed while retrieving asset information from the DANDI API (NotFoundError: No asset at path 'sub-parkinson-simulated-beta/sub-parkinson-simulated-beta_ses-5899_ecephys.nwb' in version 0.250327.2220. Verify the path is correct and the asset exists in this version. Use 'dandi ls' to list available assets.)
2026-09-16T15:41:46Z INFO [16/500] 00c1e7af-21c4-4fdb-8bb3-04a6949216af: valid; 1.6 s; peak memory 552 MiB.
2026-09-16T15:41:48Z INFO [17/500] 00c1e851-b939-448e-84f9-2c720b73a267: not valid; 2.0 s; peak memory 555 MiB.
2026-09-16T15:41:51Z WARNING 00c1ec6a-aef4-4bbc-bd44-dae7bc9fb79d: failed while opening the NWB file (ConstructError: (root/acquisition/_iblmic_audioSpectrogram/bands GroupBuilder {'attributes': {'colnames': array(['freq'], dtype=object), 'description': 'spectogram frequencies', 'namespace': 'core', 'neurodata_type': 'FrequencyBandsTable', 'object_id': '613459b3-3368-41ab-8366-f58309840694'}, 'groups': {}, 'datasets': {'freq': root/acquisition/_iblmic_audioSpectrogram/bands/freq DatasetBuilder {'attributes': {'description': 'frequency value', 'namespace': 'hdmf-common', 'neurodata_type': 'VectorData', 'object_id': '3ded336d-c78d-4c3a-88bc-2d066e449685'}, 'data': <HDF5 dataset "freq": shape (257,), type "<f4">}, 'id': root/acquisition/_iblmic_audioSpectrogram/bands/id DatasetBuilder {'attributes': {'namespace': 'hdmf-common', 'neurodata_type': 'ElementIdentifiers', 'object_id': '7b783269-2209-4396-9833-1c22879cf81a'}, 'data': <HDF5 dataset "id": shape (257,), type "<i4">}}, 'links': {}}, "Could not construct FrequencyBandsTable object due to: column must have the same number of rows as 'id'"))
2026-09-16T15:41:53Z INFO [19/500] 00c2f2c8-0e4b-4f91-af88-59ee422fa2b0: valid; 2.5 s; peak memory 559 MiB.
2026-09-16T15:41:58Z INFO [20/500] 00c2f517-de7d-4024-8068-b7d3030add6f: not valid; 4.9 s; peak memory 566 MiB.
2026-09-16T15:42:00Z INFO [21/500] 00c3c8ce-6113-4c42-b2ea-c87d3f59c749: valid; 1.5 s; peak memory 566 MiB.
2026-09-16T15:42:01Z INFO [22/500] 00c3ed0c-a05e-4bff-8ce5-351802b9d2f9: valid; 1.5 s; peak memory 566 MiB.
2026-09-16T15:42:03Z INFO [23/500] 00c4a28b-678d-42e4-923d-82ed42becfac: valid; 1.7 s; peak memory 566 MiB.
2026-09-16T15:42:04Z INFO [24/500] 00c4b58d-8e54-4653-bb22-9dd84aa64373: valid; 1.2 s; peak memory 566 MiB.
2026-09-16T15:42:06Z INFO [25/500] 00c512bc-2776-49a7-9cd8-e3bedd13b648: valid; 1.8 s; peak memory 566 MiB.
2026-09-16T15:42:07Z INFO [26/500] 00c52bd7-3e7d-4b25-8d46-318c8b914118: valid; 1.6 s; peak memory 566 MiB.
2026-09-16T15:42:19Z INFO [27/500] 00c52c70-ea0e-4b21-8f32-2443e6b657bc: not valid; 12.0 s; peak memory 566 MiB.
2026-09-16T15:42:21Z INFO [28/500] 00c54ad6-3858-47f4-b134-b350a8d75b91: valid; 1.6 s; peak memory 566 MiB.
2026-09-16T15:43:46Z INFO [29/500] 00c5c8ae-9154-4ac7-a578-f88caf948be4: not valid; 84.6 s; peak memory 1208 MiB.
2026-09-16T15:43:49Z INFO [30/500] 00c6f4c3-417e-41fc-a6f5-21143f9775cd: valid; 3.1 s; peak memory 1216 MiB.
2026-09-16T15:43:51Z INFO [31/500] 00c71a29-a9dd-4cf7-8d75-cf74e7e7bd0f: valid; 2.2 s; peak memory 1216 MiB.
2026-09-16T15:43:52Z INFO [32/500] 00c90215-4958-4363-b71e-42a7c1d34753: valid; 1.5 s; peak memory 1216 MiB.
2026-09-16T15:44:16Z INFO [33/500] 00c9acde-66bf-4428-a9da-bbf2c3cf0ef2: valid; 23.4 s; peak memory 1247 MiB.
2026-09-16T15:44:19Z INFO [34/500] 00cafcaf-1dbe-4f14-bf89-98c0e11b25ea: valid; 3.0 s; peak memory 1257 MiB.
2026-09-16T15:44:20Z INFO [35/500] 00cb290d-7127-403f-9b31-78fa8b520956: valid; 1.2 s; peak memory 1257 MiB.
2026-09-16T15:44:23Z INFO [36/500] 00cbdb39-a4c8-4344-a7f9-4e80ba64cabe: valid; 3.0 s; peak memory 1257 MiB.
2026-09-16T15:44:26Z INFO [37/500] 00cc3f3e-7d92-4446-87e5-d2b8dfe2c44d: valid; 2.6 s; peak memory 1258 MiB.
2026-09-16T15:44:54Z INFO [38/500] 00cd447c-4450-409a-999e-777ce423992d: not valid; 27.7 s; peak memory 1308 MiB.
2026-09-16T15:44:56Z INFO [39/500] 00cd99bb-df96-4eb3-aa93-755f8bcfbc45: valid; 2.2 s; peak memory 1309 MiB.
2026-09-16T15:45:11Z INFO [40/500] 00cdcca0-d101-442e-8b3c-1f9b2d799217: valid; 15.2 s; peak memory 1397 MiB.
2026-09-16T15:45:12Z INFO [41/500] 00cdde13-1af0-4818-8508-437f491e2e63: valid; 1.5 s; peak memory 1399 MiB.
2026-09-16T15:45:14Z INFO [42/500] 00ce0ee8-27e4-4fdb-a843-6491c8ab4f8b: valid; 1.9 s; peak memory 1401 MiB.
2026-09-16T15:45:17Z INFO [43/500] 00ce6b6b-007e-4eff-9361-e68cd5f5846c: valid; 2.6 s; peak memory 1408 MiB.
2026-09-16T15:45:20Z INFO [44/500] 00cebd0c-662c-46d6-af46-bc78fa1b73aa: valid; 3.5 s; peak memory 1412 MiB.
2026-09-16T15:45:25Z INFO [45/500] 00ceedbb-1d1c-47d4-acda-614e5b78dc7f: not valid; 5.0 s; peak memory 1416 MiB.
2026-09-16T15:45:28Z INFO [46/500] 00ceee85-3e23-47ba-9fd7-c9201009fce1: valid; 2.1 s; peak memory 1416 MiB.
2026-09-16T15:45:30Z INFO [47/500] 00cf79df-7a57-4701-83db-0dc96c8a9f19: not valid; 2.3 s; peak memory 1416 MiB.
2026-09-16T15:45:33Z INFO [48/500] 00d0334f-bb86-4744-b8cc-5bd68e913487: valid; 3.3 s; peak memory 1416 MiB.
2026-09-16T15:45:35Z INFO [49/500] 00d09513-062f-4e72-af6a-559680acabc8: valid; 1.8 s; peak memory 1416 MiB.
2026-09-16T15:45:37Z INFO [50/500] 00d0d310-139e-4d57-a557-d5eb9a979281: valid; 1.9 s; peak memory 1416 MiB.
2026-09-16T15:45:37Z INFO [50/500] 00d0d310-139e-4d57-a557-d5eb9a979281: checkpointed 65560 records.
2026-09-16T15:45:40Z INFO [51/500] 00d0d705-75d5-470a-b911-3a61c9168764: not valid; 2.4 s; peak memory 1416 MiB.
2026-09-16T15:45:45Z INFO [52/500] 00d0ed6b-3707-4cc6-816d-e42965815374: not valid; 4.8 s; peak memory 1416 MiB.
2026-09-16T15:45:46Z INFO [53/500] 00d11b7d-2638-4868-956f-cba68a8b2e6c: not valid; 1.9 s; peak memory 1417 MiB.
2026-09-16T15:45:49Z INFO [54/500] 00d13b50-6433-4707-a6a9-d9c16015a409: valid; 2.5 s; peak memory 1418 MiB.
2026-09-16T15:45:51Z INFO [55/500] 00d1d19f-1467-4db3-a0c2-a12cf6fd221b: valid; 1.8 s; peak memory 1418 MiB.
2026-09-16T15:45:53Z INFO [56/500] 00d1f80a-49a2-403e-ab61-8eb88836e19f: valid; 2.6 s; peak memory 1418 MiB.
2026-09-16T15:45:56Z INFO [57/500] 00d2ba7b-4542-4ab5-97b9-70a397616ecc: valid; 3.1 s; peak memory 1418 MiB.
2026-09-16T15:45:59Z INFO [58/500] 00d32975-7a6b-47b5-9359-b5c0fd17d5bc: valid; 2.8 s; peak memory 1418 MiB.
2026-09-16T15:46:02Z INFO [59/500] 00d3892d-1c0b-404d-ae98-078e3239b0d4: not valid; 2.6 s; peak memory 1418 MiB.
2026-09-16T15:46:11Z INFO [60/500] 00d39580-28bb-486c-8d6d-57c41e16047f: valid; 9.5 s; peak memory 1418 MiB.
2026-09-16T15:46:13Z INFO [61/500] 00d3bccd-df44-4f48-aace-1d2a4efc6279: valid; 2.1 s; peak memory 1418 MiB.
2026-09-16T15:46:15Z INFO [62/500] 00d3ce21-45be-4436-b4f2-2e68e1a70d3b: valid; 1.5 s; peak memory 1418 MiB.
2026-09-16T15:46:16Z INFO [63/500] 00d483b0-ccb7-4e78-885b-cd4db5c1cd89: valid; 1.6 s; peak memory 1418 MiB.
2026-09-16T15:46:20Z INFO [64/500] 00d49bbf-7950-4006-b728-da1d1f255a8c: not valid; 3.4 s; peak memory 1418 MiB.
2026-09-16T15:46:21Z INFO [65/500] 00d4bdb5-ecd1-427d-8d0f-56c5090b0125: valid; 1.4 s; peak memory 1418 MiB.
2026-09-16T15:46:23Z WARNING 00d586a0-67d9-4ac4-9896-959a8b9aad2f: failed while opening the NWB file (ConstructError: (root/acquisition/_iblmic_audioSpectrogram/bands GroupBuilder {'attributes': {'colnames': array(['freq'], dtype=object), 'description': 'spectogram frequencies', 'namespace': 'core', 'neurodata_type': 'FrequencyBandsTable', 'object_id': '3399ff7f-7ab2-4522-b745-8309471995ac'}, 'groups': {}, 'datasets': {'freq': root/acquisition/_iblmic_audioSpectrogram/bands/freq DatasetBuilder {'attributes': {'description': 'frequency value', 'namespace': 'hdmf-common', 'neurodata_type': 'VectorData', 'object_id': 'd24bce42-bacd-4924-923b-ee08d84c8cc6'}, 'data': <HDF5 dataset "freq": shape (257,), type "<f4">}, 'id': root/acquisition/_iblmic_audioSpectrogram/bands/id DatasetBuilder {'attributes': {'namespace': 'hdmf-common', 'neurodata_type': 'ElementIdentifiers', 'object_id': '3d3c8390-e8ba-4944-b072-f56abee67a81'}, 'data': <HDF5 dataset "id": shape (257,), type "<i4">}}, 'links': {}}, "Could not construct FrequencyBandsTable object due to: column must have the same number of rows as 'id'"))
2026-09-16T15:46:30Z INFO [67/500] 00d5a36a-5625-4830-8e4f-9ff1a184392c: not valid; 6.9 s; peak memory 1418 MiB.
2026-09-16T15:46:32Z INFO [68/500] 00d60b68-1e95-46b0-96cc-c1bf4cf25c41: not valid; 1.8 s; peak memory 1419 MiB.
2026-09-16T15:46:36Z INFO [69/500] 00d64c47-6cbd-4470-aa07-58d57fe6c605: valid; 3.4 s; peak memory 1419 MiB.
2026-09-16T15:46:39Z INFO [70/500] 00d6a8a6-53df-4446-9ab1-0c5eb75b525d: valid; 3.0 s; peak memory 1419 MiB.
2026-09-16T15:46:43Z INFO [71/500] 00d6caf5-4961-49bf-ba70-e7d25d359636: valid; 4.6 s; peak memory 1420 MiB.
2026-09-16T15:46:46Z INFO [72/500] 00d6ef30-3234-4ed2-a4fc-1fb2fb693f0f: valid; 3.1 s; peak memory 1421 MiB.
2026-09-16T15:46:48Z INFO [73/500] 00d6fbc5-3583-4538-b35d-f161fa71da1e: valid; 1.6 s; peak memory 1425 MiB.
2026-09-16T15:46:51Z INFO [74/500] 00d70377-af7c-4da9-912b-632b73073365: valid; 2.8 s; peak memory 1427 MiB.
2026-09-16T15:46:54Z INFO [75/500] 00d7734b-1157-4d15-adba-a46be3cb3b34: valid; 2.9 s; peak memory 1427 MiB.
2026-09-16T15:46:55Z INFO [76/500] 00d7f253-1d45-4991-98fd-066d11c92e46: not valid; 1.7 s; peak memory 1427 MiB.
2026-09-16T15:46:57Z INFO [77/500] 00d7fb66-bf4d-49f2-97b5-5e27224a5ab2: valid; 1.5 s; peak memory 1427 MiB.
2026-09-16T15:47:10Z INFO [78/500] 00d82b72-3333-4b76-8236-cb441bf21910: valid; 12.8 s; peak memory 1444 MiB.
2026-09-16T15:47:12Z INFO [79/500] 00d84089-106e-487e-9873-4b36197ac8b4: valid; 1.8 s; peak memory 1446 MiB.
2026-09-16T15:47:14Z INFO [80/500] 00d93501-b476-4f7c-af2c-d978a9aaea7c: valid; 2.4 s; peak memory 1455 MiB.
2026-09-16T15:47:23Z INFO [81/500] 00d94c66-5b91-4dfd-b457-8828179479b4: valid; 8.7 s; peak memory 1488 MiB.
2026-09-16T15:47:24Z INFO [82/500] 00d9b34c-4da2-4caa-9183-1ca86a925434: valid; 1.4 s; peak memory 1491 MiB.
2026-09-16T15:47:28Z INFO [83/500] 00dad842-7fc6-4e37-b079-f0dcb53cad34: valid; 3.6 s; peak memory 1495 MiB.
2026-09-16T15:47:29Z INFO [84/500] 00db0483-7800-4c09-a0a0-ccf780eb0f47: valid; 1.6 s; peak memory 1495 MiB.
2026-09-16T15:47:31Z INFO [85/500] 00dbee6c-a59b-4baf-8699-e2cefa280f50: valid; 2.2 s; peak memory 1495 MiB.
2026-09-16T15:47:34Z INFO [86/500] 00dcce94-0a99-4dff-8b6e-4738ce577f3b: valid; 2.4 s; peak memory 1505 MiB.
2026-09-16T15:47:37Z INFO [87/500] 00dccfe6-f90c-4a0e-8848-661921ea866a: valid; 3.1 s; peak memory 1519 MiB.
2026-09-16T15:47:40Z INFO [88/500] 00dd7f14-2a6a-42ec-a359-10d59dad7776: valid; 3.6 s; peak memory 1520 MiB.
2026-09-16T15:47:44Z INFO [89/500] 00dd829b-f53d-4f9f-ae6a-60ce49ced24a: valid; 3.5 s; peak memory 1520 MiB.
2026-09-16T15:47:46Z INFO [90/500] 00dda82f-8166-4c4f-8d47-20890c99add2: not valid; 2.2 s; peak memory 1520 MiB.
2026-09-16T15:47:54Z INFO [91/500] 00ddf827-31f2-40d0-8f69-53c4496ca7a7: not valid; 8.1 s; peak memory 1520 MiB.
2026-09-16T15:48:36Z INFO [92/500] 00de7183-ba9c-4dea-8b61-55d33242aa97: valid; 42.3 s; peak memory 1646 MiB.
2026-09-16T15:48:38Z INFO [93/500] 00decbf8-5388-452f-a032-f7424f751292: valid; 1.6 s; peak memory 1646 MiB.
2026-09-16T15:48:58Z INFO [94/500] 00defa40-523e-45e4-b53b-d1ea6be90e8f: valid; 20.2 s; peak memory 1672 MiB.
2026-09-16T15:49:00Z INFO [95/500] 00df00fe-8e1c-4f4c-a251-1d0b6c949e0b: valid; 2.2 s; peak memory 1674 MiB.
2026-09-16T15:49:10Z INFO [96/500] 00df80f5-348c-48b2-aa08-88271781e309: valid; 10.1 s; peak memory 1735 MiB.
2026-09-16T15:49:12Z INFO [97/500] 00df8d64-7676-4813-a175-3435ad29ba79: valid; 1.6 s; peak memory 1737 MiB.
2026-09-16T15:49:14Z INFO [98/500] 00e04327-a602-40f4-9cc4-da2a3bba46fe: not valid; 1.7 s; peak memory 1739 MiB.
2026-09-16T15:49:15Z INFO [99/500] 00e044fb-a907-4a30-9d78-ab6b24d0aad2: valid; 1.5 s; peak memory 1741 MiB.
2026-09-16T15:49:19Z INFO [100/500] 00e119df-f151-406e-9fa7-7be68140841b: valid; 3.3 s; peak memory 1750 MiB.
2026-09-16T15:49:19Z INFO [100/500] 00e119df-f151-406e-9fa7-7be68140841b: checkpointed 65610 records.
2026-09-16T15:49:21Z INFO [101/500] 00e18dc1-f0d5-466e-96f7-69f085d7acf5: valid; 1.5 s; peak memory 1750 MiB.
2026-09-16T15:49:26Z INFO [102/500] 00e19f0f-4786-40df-beab-6242d504ec29: not valid; 5.0 s; peak memory 1750 MiB.
2026-09-16T15:49:26Z WARNING 00e23972-ad7f-4dea-a6cb-bd73934690e7: failed while retrieving asset information from the DANDI API (NotFoundError: No such Dandiset: 001269)
2026-09-16T15:49:28Z INFO [104/500] 00e2471f-036c-41b5-ab10-39b75cf1a43a: not valid; 2.2 s; peak memory 1750 MiB.
2026-09-16T15:49:36Z INFO [105/500] 00e25bac-8e8b-4a46-93a9-65465693ba28: valid; 7.9 s; peak memory 1751 MiB.
2026-09-16T15:49:39Z INFO [106/500] 00e30226-ede7-46d3-b235-f84f33f735b9: valid; 2.8 s; peak memory 1751 MiB.
2026-09-16T15:49:41Z INFO [107/500] 00e32547-2b19-4c2e-a437-713b64cf3c19: valid; 2.6 s; peak memory 1751 MiB.
2026-09-16T15:49:44Z INFO [108/500] 00e32beb-7882-43ef-a1d7-3d6906746a4a: valid; 2.9 s; peak memory 1751 MiB.
2026-09-16T15:49:47Z INFO [109/500] 00e35ffe-1da0-47f2-86d7-a92642383292: valid; 3.0 s; peak memory 1751 MiB.
2026-09-16T15:49:49Z INFO [110/500] 00e398aa-0e3a-485b-94b5-61f730b27189: not valid; 2.1 s; peak memory 1751 MiB.
2026-09-16T15:49:51Z INFO [111/500] 00e491c7-2148-4211-a865-71cab7d22635: not valid; 1.8 s; peak memory 1751 MiB.
2026-09-16T15:49:54Z INFO [112/500] 00e4a807-4bdf-4c95-bc2c-189d5b2ab832: valid; 3.6 s; peak memory 1751 MiB.
2026-09-16T15:49:56Z INFO [113/500] 00e4bbb3-d844-4629-9a29-ad768f9d1958: valid; 1.5 s; peak memory 1751 MiB.
2026-09-16T15:50:05Z INFO [114/500] 00e4d7ac-d1cd-453f-8043-07b202ba33e3: valid; 9.0 s; peak memory 1751 MiB.
2026-09-16T15:50:07Z INFO [115/500] 00e5551d-9cdd-48d9-8cfe-9c778d869c7e: not valid; 2.2 s; peak memory 1751 MiB.
2026-09-16T15:50:10Z INFO [116/500] 00e57006-b9d0-4ea3-aa6f-d65ac7efdef7: valid; 2.4 s; peak memory 1751 MiB.
2026-09-16T15:50:11Z INFO [117/500] 00e597c5-5d0e-4313-9933-4d664578c3f3: valid; 1.6 s; peak memory 1751 MiB.
2026-09-16T15:50:13Z INFO [118/500] 00e5be7b-079a-47d5-8f7b-d9e0e7c6cefb: not valid; 1.9 s; peak memory 1751 MiB.
2026-09-16T15:50:15Z INFO [119/500] 00e665af-d2f9-43cc-b766-5563d58bddc0: valid; 1.5 s; peak memory 1751 MiB.
2026-09-16T15:50:17Z INFO [120/500] 00e6f8a9-94c1-46d6-9130-cd0a61661d45: valid; 2.1 s; peak memory 1751 MiB.
2026-09-16T15:50:18Z INFO [121/500] 00e77405-3e93-405c-8e3b-6065eda97c70: not valid; 1.6 s; peak memory 1751 MiB.
2026-09-16T15:50:22Z INFO [122/500] 00e77da4-6db6-40ee-8f42-e3011ac39b18: valid; 3.9 s; peak memory 1751 MiB.
2026-09-16T15:50:26Z INFO [123/500] 00e78b14-09ea-4787-a855-99b5de62fdd9: valid; 3.6 s; peak memory 1751 MiB.
2026-09-16T15:50:28Z INFO [124/500] 00e78d86-f3ac-4fbf-ab55-cb49b02d7e95: valid; 2.0 s; peak memory 1751 MiB.
2026-09-16T15:50:30Z INFO [125/500] 00e81b02-8e5e-41a3-9351-1f7e3b221d82: not valid; 1.8 s; peak memory 1751 MiB.
2026-09-16T15:50:31Z INFO [126/500] 00e8587d-83b3-49ee-911c-ea70cb9949cd: not valid; 1.7 s; peak memory 1751 MiB.
2026-09-16T15:51:05Z INFO [127/500] 00e864d9-5e56-456b-9d8c-06ac268e46e7: not valid; 33.4 s; peak memory 1754 MiB.
2026-09-16T15:51:07Z INFO [128/500] 00e877a1-010f-498d-8805-6a685bdb62fd: valid; 2.7 s; peak memory 1755 MiB.
2026-09-16T15:51:09Z INFO [129/500] 00e8817d-f2c6-4b5c-9716-d42895c4491c: valid; 2.0 s; peak memory 1756 MiB.
2026-09-16T15:51:24Z INFO [130/500] 00e88f98-37ce-42df-8972-36180e157bff: valid; 14.2 s; peak memory 1995 MiB.
2026-09-16T15:51:25Z INFO [131/500] 00e9080c-7d15-4d4e-823f-993a18537f52: not valid; 1.9 s; peak memory 1995 MiB.
2026-09-16T15:51:27Z INFO [132/500] 00e9517d-35e2-4af4-84e4-06df2fe526a2: not valid; 1.9 s; peak memory 1995 MiB.
2026-09-16T15:51:31Z INFO [133/500] 00e9e1fd-4a13-4b40-b74f-0c4a199a2733: valid; 3.2 s; peak memory 1995 MiB.
2026-09-16T15:51:36Z INFO [134/500] 00ea0b78-d4b6-4919-ae56-3017d42d930a: valid; 5.2 s; peak memory 1995 MiB.
2026-09-16T15:51:38Z INFO [135/500] 00ea1d30-0248-46f0-951c-c4d98bfb38a2: valid; 1.9 s; peak memory 1995 MiB.
2026-09-16T15:51:39Z INFO [136/500] 00ea608d-745f-441b-9f11-b9d896c8fa20: valid; 1.6 s; peak memory 1995 MiB.
2026-09-16T15:51:41Z INFO [137/500] 00ea884a-60ee-4909-b21e-efa74d93f85b: valid; 1.5 s; peak memory 1995 MiB.
2026-09-16T15:51:45Z INFO [138/500] 00eb216e-45f9-48b0-8314-f13c6add1f2b: valid; 4.6 s; peak memory 2042 MiB.
2026-09-16T15:51:48Z INFO [139/500] 00eb82bb-921c-4d08-9769-64b430fb341e: not valid; 2.1 s; peak memory 2042 MiB.
2026-09-16T15:51:49Z INFO [140/500] 00ec0b66-b497-4496-bacb-f6d86f4488c2: valid; 1.4 s; peak memory 2042 MiB.
2026-09-16T15:51:51Z INFO [141/500] 00ec6a12-2be2-4088-a232-ef655e68afbe: valid; 1.5 s; peak memory 2042 MiB.
2026-09-16T15:51:53Z INFO [142/500] 00ecdf3a-ddf8-4068-94b0-ffdd0ce83bc0: valid; 2.8 s; peak memory 2042 MiB.
2026-09-16T15:51:53Z WARNING 00ed069b-90f5-4b49-99f7-d2db2b64120b: failed while retrieving asset information from the DANDI API (NotFoundError: No asset at path 'sub-parkinson-simulated-beta/sub-parkinson-simulated-beta_ses-486_ecephys.nwb' in version 0.250327.2220. Verify the path is correct and the asset exists in this version. Use 'dandi ls' to list available assets.)
2026-09-16T15:51:56Z INFO [144/500] 00ed368f-6331-43ce-870b-65f0860d3ebc: valid; 2.2 s; peak memory 2042 MiB.
2026-09-16T15:51:59Z INFO [145/500] 00ee1248-ed02-4e30-a619-972f236f2460: valid; 3.6 s; peak memory 2042 MiB.
2026-09-16T15:52:01Z INFO [146/500] 00ef4748-35a7-481d-bbf5-a2a2141926a1: valid; 1.5 s; peak memory 2042 MiB.
2026-09-16T15:52:03Z INFO [147/500] 00efd4e9-31c2-48cc-ae74-485c7ab792e3: valid; 2.6 s; peak memory 2042 MiB.
2026-09-16T15:52:05Z INFO [148/500] 00f05350-9849-4ded-828a-ae23fe6d94ea: valid; 1.4 s; peak memory 2042 MiB.
2026-09-16T15:52:10Z INFO [149/500] 00f090bb-e266-409d-a8c4-5a7338f2407e: not valid; 5.2 s; peak memory 2042 MiB.
2026-09-16T15:52:12Z INFO [150/500] 00f108a0-fe32-46fd-a81d-f7b8841529d3: valid; 2.3 s; peak memory 2042 MiB.
2026-09-16T15:52:13Z INFO [150/500] 00f108a0-fe32-46fd-a81d-f7b8841529d3: checkpointed 65660 records.
2026-09-16T15:52:19Z INFO [151/500] 00f13266-a860-4c54-91b3-769e5e81f696: not valid; 5.9 s; peak memory 2042 MiB.
2026-09-16T15:52:20Z WARNING 00f169b6-446d-4abb-bb8a-7925f402c100: failed while opening the NWB file (ValueError: Cannot resolve included group spec 'electrodes' with data_type_inc 'ElectrodesTable' because a group spec with the same name already exists with data_type_inc 'DynamicTable', and data type 'DynamicTable' is not a child type of data type 'ElectrodesTable'.)
2026-09-16T15:52:29Z INFO [153/500] 00f1832b-1a44-4ecd-8744-6b067667b91f: valid; 8.8 s; peak memory 2042 MiB.
2026-09-16T15:52:40Z INFO [154/500] 00f1f5ec-1793-4f24-84af-2e6aa757ed50: valid; 10.5 s; peak memory 2042 MiB.
2026-09-16T15:52:42Z INFO [155/500] 00f23e61-8723-475e-9a89-e8b112df8f58: valid; 2.1 s; peak memory 2042 MiB.
2026-09-16T15:52:43Z INFO [156/500] 00f28ea4-86bd-4aa3-8c6d-d9de489f168e: valid; 1.5 s; peak memory 2042 MiB.
2026-09-16T15:52:51Z INFO [157/500] 00f30533-8e54-4ed8-9d56-f1cc0f851edb: valid; 7.6 s; peak memory 2042 MiB.
2026-09-16T15:52:53Z INFO [158/500] 00f50f6a-2327-40ef-9478-0a9f6ed95c75: valid; 2.5 s; peak memory 2042 MiB.
2026-09-16T15:52:55Z INFO [159/500] 00f61082-b984-4dae-891f-6ee46202c443: valid; 1.5 s; peak memory 2042 MiB.
2026-09-16T15:52:59Z INFO [160/500] 00f681d2-f609-43ca-a322-d3cc211dfefe: not valid; 4.0 s; peak memory 2042 MiB.
2026-09-16T15:53:02Z INFO [161/500] 00f698ba-c812-45f3-b7d5-5341a93dbffd: valid; 3.1 s; peak memory 2042 MiB.
2026-09-16T15:53:04Z INFO [162/500] 00f7507d-57fc-40e7-b2c8-5d98a09f4295: valid; 1.7 s; peak memory 2042 MiB.
2026-09-16T15:53:06Z INFO [163/500] 00f775dc-f1e9-46e0-ae3d-555c7023badf: valid; 2.3 s; peak memory 2042 MiB.
2026-09-16T15:53:08Z INFO [164/500] 00f7efcd-d75d-4de0-abc6-b5db5c266682: not valid; 1.9 s; peak memory 2042 MiB.
2026-09-16T15:53:17Z INFO [165/500] 00f83574-6dd7-4cfe-a7ed-4d11b29d73ef: valid; 8.7 s; peak memory 2042 MiB.
2026-09-16T15:53:19Z INFO [166/500] 00f894f2-153f-4eca-bd24-f2e9067226bd: valid; 2.7 s; peak memory 2042 MiB.
2026-09-16T15:53:23Z INFO [167/500] 00f95ccd-2ff3-4152-b21a-79d4996643f2: valid; 3.3 s; peak memory 2042 MiB.
2026-09-16T15:53:24Z INFO [168/500] 00f9b9b8-e1e0-45d9-9a0c-929bdb06d130: not valid; 1.9 s; peak memory 2042 MiB.
2026-09-16T15:53:27Z INFO [169/500] 00f9da33-9503-42b9-a46b-cd309ab1f38f: not valid; 2.1 s; peak memory 2042 MiB.
2026-09-16T15:53:29Z INFO [170/500] 00fb0627-21dd-4cff-ad11-6a59f2b99c21: not valid; 2.2 s; peak memory 2042 MiB.
2026-09-16T15:53:37Z INFO [171/500] 00fb2571-330a-4dbe-be2b-6739516c67e2: valid; 8.6 s; peak memory 2042 MiB.
2026-09-16T15:53:41Z INFO [172/500] 00fc5840-72f6-486c-9ca9-e8adfe121307: valid; 4.1 s; peak memory 2042 MiB.
2026-09-16T15:53:44Z INFO [173/500] 00fd6f3f-7389-46f0-91b1-b9750e3d478b: valid; 2.8 s; peak memory 2042 MiB.
2026-09-16T15:53:46Z INFO [174/500] 00ff0a29-635b-4f9c-80f3-0f18b4986e68: valid; 1.7 s; peak memory 2042 MiB.
2026-09-16T15:53:50Z INFO [175/500] 00ff136b-a0e8-482a-9e73-edb8bbae83c2: valid; 3.8 s; peak memory 2042 MiB.
2026-09-16T15:53:52Z INFO [176/500] 00ff136d-5b2a-43ad-8588-541cbb28a46a: valid; 2.1 s; peak memory 2042 MiB.
2026-09-16T15:53:55Z INFO [177/500] 00ff2686-17be-45c3-aa5d-8e374a60ce6f: valid; 3.6 s; peak memory 2042 MiB.
2026-09-16T15:53:57Z INFO [178/500] 00ff5542-eb6f-49ab-879a-889ca920fb20: valid; 1.7 s; peak memory 2042 MiB.
2026-09-16T15:53:59Z INFO [179/500] 00ff6bef-0169-44f4-8535-26f77519af8b: valid; 1.6 s; peak memory 2042 MiB.
2026-09-16T15:54:02Z INFO [180/500] 01005cf0-a42d-4112-aabc-ae2dabba70e5: valid; 3.0 s; peak memory 2042 MiB.
2026-09-16T15:54:19Z INFO [181/500] 0100a91b-d524-457c-a70d-b3c870ae171b: valid; 17.2 s; peak memory 2155 MiB.
2026-09-16T15:54:30Z INFO [182/500] 0100e6d8-1162-4dee-9735-c41726c63d6b: valid; 11.0 s; peak memory 2199 MiB.
2026-09-16T15:54:53Z INFO [183/500] 0100f4b1-a2b1-4af7-ada7-85328dc98787: valid; 23.6 s; peak memory 2334 MiB.
2026-09-16T15:54:55Z INFO [184/500] 01025cd8-7d55-4400-94c0-6aa478d9172a: valid; 1.6 s; peak memory 2334 MiB.
2026-09-16T15:54:57Z INFO [185/500] 0102bcf0-d14e-4633-ad1f-af7fed864c96: not valid; 1.8 s; peak memory 2334 MiB.
2026-09-16T15:56:07Z INFO [186/500] 0102c2f3-60a4-488e-b6fc-69b1f51dc9e6: valid; 70.3 s; peak memory 2622 MiB.
2026-09-16T15:56:42Z INFO [187/500] 0102d8f3-96a1-4245-8852-260eb453b315: valid; 34.5 s; peak memory 2708 MiB.
2026-09-16T15:56:44Z INFO [188/500] 01030806-9bec-4b0a-9c9d-240d2ca125f4: valid; 2.1 s; peak memory 2708 MiB.
2026-09-16T15:56:50Z INFO [189/500] 01038b1e-9eef-44b2-a1f0-9fbd0155d170: valid; 5.9 s; peak memory 2708 MiB.
2026-09-16T15:56:54Z INFO [190/500] 01044701-340e-4c44-8e08-5f6b7da34583: valid; 3.8 s; peak memory 2708 MiB.
2026-09-16T15:56:58Z INFO [191/500] 01045c4a-1ce3-4459-a40b-819d3a863974: valid; 4.6 s; peak memory 2708 MiB.
2026-09-16T15:57:01Z INFO [192/500] 0104da1f-358b-4d16-9571-de561481e67c: valid; 2.9 s; peak memory 2716 MiB.
2026-09-16T15:57:03Z INFO [193/500] 0104f50a-42f8-4625-84b7-a40849b9d20b: not valid; 1.9 s; peak memory 2719 MiB.
2026-09-16T15:57:06Z INFO [194/500] 010514e6-3364-49dd-ba94-a2da82d827e1: valid; 3.0 s; peak memory 2719 MiB.
2026-09-16T15:57:07Z INFO [195/500] 0105529d-76f8-42db-9b70-8b59801d2b75: valid; 1.2 s; peak memory 2719 MiB.
2026-09-16T15:57:09Z INFO [196/500] 01056ad1-d6a9-44b8-94a7-f4b89ca78877: valid; 1.4 s; peak memory 2719 MiB.
2026-09-16T15:57:10Z INFO [197/500] 01056e6a-dcdf-4d7d-9231-6db8d504fc83: valid; 1.6 s; peak memory 2719 MiB.
2026-09-16T15:57:13Z INFO [198/500] 0105931d-8c86-47df-8d33-4f24f473fbc3: valid; 2.7 s; peak memory 2719 MiB.
2026-09-16T15:57:21Z INFO [199/500] 0105f19f-2167-48c1-9223-d3a163c532b2: valid; 7.8 s; peak memory 2719 MiB.
2026-09-16T15:57:22Z INFO [200/500] 010667e7-5860-4c78-9a2e-b67a654cf66c: valid; 1.6 s; peak memory 2719 MiB.
2026-09-16T15:57:23Z INFO [200/500] 010667e7-5860-4c78-9a2e-b67a654cf66c: checkpointed 65710 records.
2026-09-16T15:57:24Z INFO [201/500] 010709c4-2a25-4267-b135-510763ea4dcf: valid; 1.6 s; peak memory 2719 MiB.
2026-09-16T15:57:26Z INFO [202/500] 01073670-2cfd-4475-ac56-a0f3be8ff491: not valid; 2.0 s; peak memory 2719 MiB.
2026-09-16T15:57:29Z WARNING 01079515-8177-4cf0-bca2-ac159af0d26c: failed while opening the NWB file (ConstructError: (root/acquisition/_iblmic_audioSpectrogram/bands GroupBuilder {'attributes': {'colnames': array(['freq'], dtype=object), 'description': 'spectogram frequencies', 'namespace': 'core', 'neurodata_type': 'FrequencyBandsTable', 'object_id': 'a1c7adf6-7072-4f5b-b964-fef1dc01a0d4'}, 'groups': {}, 'datasets': {'freq': root/acquisition/_iblmic_audioSpectrogram/bands/freq DatasetBuilder {'attributes': {'description': 'frequency value', 'namespace': 'hdmf-common', 'neurodata_type': 'VectorData', 'object_id': 'ed5ce2aa-26a5-4547-83ba-c5caa9c45467'}, 'data': <HDF5 dataset "freq": shape (257,), type "<f4">}, 'id': root/acquisition/_iblmic_audioSpectrogram/bands/id DatasetBuilder {'attributes': {'namespace': 'hdmf-common', 'neurodata_type': 'ElementIdentifiers', 'object_id': 'ac37e456-1b36-4a82-b6be-7416b62bcef2'}, 'data': <HDF5 dataset "id": shape (257,), type "<i4">}}, 'links': {}}, "Could not construct FrequencyBandsTable object due to: column must have the same number of rows as 'id'"))
2026-09-16T15:57:30Z INFO [204/500] 01093dc5-ae22-479e-ac42-77e45e19de62: valid; 1.5 s; peak memory 2719 MiB.
2026-09-16T15:57:33Z INFO [205/500] 0109ede8-3875-4c29-8d7d-8c333c64cda3: valid; 2.6 s; peak memory 2719 MiB.
2026-09-16T15:57:35Z INFO [206/500] 010a1067-7a24-47ee-b891-55aa45f87d9a: valid; 1.9 s; peak memory 2719 MiB.
2026-09-16T15:57:36Z INFO [207/500] 010a53d6-39c7-4b24-8157-b0ab2ed3cb2c: valid; 1.2 s; peak memory 2719 MiB.
2026-09-16T15:57:46Z INFO [208/500] 010a711a-2fdf-4253-a451-8d7dd0a71c43: valid; 10.1 s; peak memory 2872 MiB.
2026-09-16T15:57:48Z WARNING 010a8907-3e40-4118-909c-94f97030196f: failed while opening the NWB file (ConstructError: (root/acquisition/_iblmic_audioSpectrogram/bands GroupBuilder {'attributes': {'colnames': array(['freq'], dtype=object), 'description': 'spectogram frequencies', 'namespace': 'core', 'neurodata_type': 'FrequencyBandsTable', 'object_id': '86f73fc8-f54a-4883-86d4-bfb14439d5fb'}, 'groups': {}, 'datasets': {'freq': root/acquisition/_iblmic_audioSpectrogram/bands/freq DatasetBuilder {'attributes': {'description': 'frequency value', 'namespace': 'hdmf-common', 'neurodata_type': 'VectorData', 'object_id': '3da810b8-2f4d-4685-ad5f-09951836b5cf'}, 'data': <HDF5 dataset "freq": shape (257,), type "<f4">}, 'id': root/acquisition/_iblmic_audioSpectrogram/bands/id DatasetBuilder {'attributes': {'namespace': 'hdmf-common', 'neurodata_type': 'ElementIdentifiers', 'object_id': '7322b4bf-14b8-4896-94d7-a270296429b4'}, 'data': <HDF5 dataset "id": shape (257,), type "<i4">}}, 'links': {}}, "Could not construct FrequencyBandsTable object due to: column must have the same number of rows as 'id'"))
2026-09-16T15:57:51Z INFO [210/500] 010ae818-ed18-4b65-b537-8d801ae5f84e: valid; 2.3 s; peak memory 2872 MiB.
2026-09-16T15:57:53Z INFO [211/500] 010b3dae-21e0-42d3-bb12-9c2602f26d81: valid; 2.1 s; peak memory 2872 MiB.
2026-09-16T15:57:55Z INFO [212/500] 010b43c3-3562-4d54-9bf0-5f3df1c441fa: valid; 2.3 s; peak memory 2872 MiB.
2026-09-16T15:58:08Z INFO [213/500] 010cc507-f24c-407e-8d56-4ce70c9f2257: valid; 12.6 s; peak memory 2872 MiB.
2026-09-16T15:58:11Z INFO [214/500] 010df9a3-db61-49f2-83f3-1a061485bd21: valid; 3.6 s; peak memory 2875 MiB.
2026-09-16T15:58:13Z INFO [215/500] 010f19ac-f9d8-4174-b9a3-f0e4ef86427c: valid; 1.7 s; peak memory 2876 MiB.
2026-09-16T15:58:15Z INFO [216/500] 010f401f-cc8a-4719-bd4a-03396e670118: valid; 1.6 s; peak memory 2876 MiB.
2026-09-16T15:58:16Z INFO [217/500] 010f4a33-1b6d-4518-8b79-0eaa9fe882e7: valid; 1.5 s; peak memory 2876 MiB.
2026-09-16T15:58:17Z INFO [218/500] 010f4d0f-cb96-470a-aac8-fc387ae725fd: valid; 1.4 s; peak memory 2876 MiB.
2026-09-16T15:58:20Z INFO [219/500] 010fc173-e16f-4e45-84e0-c1d6c122a736: valid; 2.3 s; peak memory 2876 MiB.
2026-09-16T15:58:22Z INFO [220/500] 01107436-49df-4047-9ff5-737e348ebd7a: valid; 2.7 s; peak memory 2876 MiB.
2026-09-16T15:58:24Z INFO [221/500] 0111310d-408b-48d8-a873-6a7f0e3d1583: valid; 1.5 s; peak memory 2876 MiB.
2026-09-16T15:58:26Z INFO [222/500] 01119d8b-fe6b-43cb-b6e7-2306674a674b: valid; 2.2 s; peak memory 2876 MiB.
2026-09-16T15:59:16Z INFO [223/500] 0111a5c2-66e7-48e8-a37f-83034140add2: valid; 49.5 s; peak memory 2942 MiB.
2026-09-16T15:59:17Z INFO [224/500] 0111e881-5a76-44a2-ad25-de2d837d3c81: valid; 1.5 s; peak memory 2943 MiB.
2026-09-16T15:59:29Z INFO [225/500] 01122841-e353-4f69-a11c-0a870d191f42: valid; 11.9 s; peak memory 3299 MiB.
2026-09-16T15:59:31Z INFO [226/500] 0112fb69-cae0-4771-9d5b-8c588af92ab2: valid; 1.7 s; peak memory 3299 MiB.
2026-09-16T15:59:35Z INFO [227/500] 01131d44-368d-4960-8849-67ff33e5a317: not valid; 4.5 s; peak memory 3299 MiB.
2026-09-16T15:59:37Z INFO [228/500] 0113d997-967c-4b15-ad79-2083d1b9bb79: not valid; 2.2 s; peak memory 3299 MiB.
2026-09-16T15:59:40Z INFO [229/500] 0114464f-6b6e-404c-9bd6-fa20f5d301c6: valid; 2.7 s; peak memory 3299 MiB.
2026-09-16T15:59:42Z INFO [230/500] 0114a666-23e3-4bfa-b4e0-bd1b0142e1e9: not valid; 1.9 s; peak memory 3299 MiB.
2026-09-16T15:59:44Z INFO [231/500] 0114e567-814b-40eb-a02e-d8926d2bb678: not valid; 1.9 s; peak memory 3299 MiB.
2026-09-16T15:59:51Z INFO [232/500] 01151426-24bc-437b-8d4d-edc2c27cfb9b: valid; 7.5 s; peak memory 3299 MiB.
2026-09-16T15:59:56Z INFO [233/500] 01152842-31e5-4950-b814-e5bad0e0db64: valid; 5.0 s; peak memory 3299 MiB.
2026-09-16T15:59:58Z INFO [234/500] 0115b3d4-bd69-415b-80fc-38b15a12aa5a: not valid; 2.1 s; peak memory 3299 MiB.
2026-09-16T16:00:02Z INFO [235/500] 0115ef99-4141-4fcc-bb71-0423f8cc3e7c: valid; 3.3 s; peak memory 3299 MiB.
2026-09-16T16:00:03Z INFO [236/500] 01167503-75bb-4f12-9bae-21d800f7e280: valid; 1.6 s; peak memory 3299 MiB.
2026-09-16T16:00:06Z INFO [237/500] 011681d7-6634-4a7a-b09c-5f16cca3aafa: valid; 2.3 s; peak memory 3299 MiB.
2026-09-16T16:00:07Z INFO [238/500] 011697f0-e3be-4b5a-a3a3-7e1ff29ee15a: valid; 1.6 s; peak memory 3299 MiB.
2026-09-16T16:00:12Z INFO [239/500] 0116b7d1-86dd-4407-8bc3-4d3190283793: valid; 4.8 s; peak memory 3299 MiB.
2026-09-16T16:00:13Z INFO [240/500] 01178be1-44d8-4079-bcca-35114b8733b0: valid; 1.5 s; peak memory 3299 MiB.
2026-09-16T16:00:25Z INFO [241/500] 01179baa-feae-404e-b3e8-447f7172fedb: valid; 11.4 s; peak memory 3320 MiB.
2026-09-16T16:00:28Z INFO [242/500] 01182174-4638-40f3-84fb-b3bbdf97afac: not valid; 3.6 s; peak memory 3320 MiB.
2026-09-16T16:00:32Z INFO [243/500] 0118309c-d7a5-4f5c-97c9-7ebf24e60dce: valid; 3.2 s; peak memory 3322 MiB.
2026-09-16T16:00:35Z INFO [244/500] 011842df-58ff-494e-9af8-a111552229af: not valid; 3.1 s; peak memory 3322 MiB.
2026-09-16T16:00:36Z INFO [245/500] 0118548d-5a16-451f-848a-ea3660e497ee: valid; 1.5 s; peak memory 3322 MiB.
2026-09-16T16:00:36Z WARNING 0118a2e2-6458-47e4-9ac4-cd4f2d0b7fb3: failed while retrieving asset information from the DANDI API (NotFoundError: No asset at path 'sub-EPCNHP1/sub-EPCNHP1_ses-2019-08-12-002_ecephys.nwb' in version 0.240701.1903. Verify the path is correct and the asset exists in this version. Use 'dandi ls' to list available assets.)
2026-09-16T16:00:38Z INFO [247/500] 0118dc4a-b8e4-4f7d-80f3-80be3799eb9f: not valid; 1.9 s; peak memory 3322 MiB.
2026-09-16T16:00:41Z INFO [248/500] 0118eaf5-0707-4688-b9d2-05a8706b8169: valid; 2.3 s; peak memory 3322 MiB.
2026-09-16T16:00:42Z INFO [249/500] 011907c7-6339-41d2-b46d-5151f7e8f88e: valid; 1.5 s; peak memory 3322 MiB.
2026-09-16T16:00:46Z INFO [250/500] 011910c9-2e6c-419a-81fc-ed052187fa28: valid; 3.5 s; peak memory 3322 MiB.
2026-09-16T16:00:46Z INFO [250/500] 011910c9-2e6c-419a-81fc-ed052187fa28: checkpointed 65760 records.
2026-09-16T16:00:48Z INFO [251/500] 01198562-ea7d-479b-aab9-45fe3f8f35bd: valid; 1.6 s; peak memory 3322 MiB.
2026-09-16T16:00:50Z INFO [252/500] 01198c70-480f-4a07-a57a-368fd6df0a4a: valid; 2.0 s; peak memory 3322 MiB.
2026-09-16T16:00:52Z INFO [253/500] 0119be57-ec5a-4c90-95f1-681c52a6a7f9: valid; 2.4 s; peak memory 3322 MiB.
2026-09-16T16:03:05Z INFO [254/500] 011a04c3-e2c1-4abc-ad03-7c2858c2598c: valid; 132.7 s; peak memory 3563 MiB.
2026-09-16T16:03:06Z INFO [255/500] 011a55e9-3311-4a51-ad6c-aef7c60bcf11: valid; 1.6 s; peak memory 3563 MiB.
2026-09-16T16:03:08Z INFO [256/500] 011b72a5-5238-4bb0-be36-82cd7d31ee75: valid; 1.7 s; peak memory 3563 MiB.
2026-09-16T16:03:10Z INFO [257/500] 011be308-bb5e-4ac6-8c18-e247fb0a8c40: not valid; 2.1 s; peak memory 3563 MiB.
2026-09-16T16:03:26Z INFO [258/500] 011c2eaf-24a6-4ed7-87fc-667d1034aaf6: valid; 16.0 s; peak memory 3584 MiB.
2026-09-16T16:03:38Z INFO [259/500] 011ca13d-d85a-4b89-a88c-7fde5d92d665: valid; 11.9 s; peak memory 3611 MiB.
2026-09-16T16:03:40Z INFO [260/500] 011cf9a0-e87e-4f79-95f9-67997b479608: valid; 2.4 s; peak memory 3617 MiB.
2026-09-16T16:03:43Z INFO [261/500] 011d5655-a0f3-4aa8-b3b7-da1a5b5634e6: valid; 2.7 s; peak memory 3620 MiB.
2026-09-16T16:03:51Z INFO [262/500] 011dab7b-cf65-4993-b70a-c9569dff1126: valid; 8.0 s; peak memory 3629 MiB.
2026-09-16T16:03:54Z INFO [263/500] 011f37eb-3309-4457-a1c9-ead15b5d9c4f: valid; 2.5 s; peak memory 3629 MiB.
2026-09-16T16:03:55Z INFO [264/500] 011f424f-b0ef-43ab-a9c8-9d987f531192: valid; 1.7 s; peak memory 3629 MiB.
2026-09-16T16:03:57Z INFO [265/500] 011fe1db-c33a-4689-99f8-07aacf392d21: not valid; 1.7 s; peak memory 3629 MiB.
2026-09-16T16:04:00Z INFO [266/500] 011fed03-246c-4d60-af86-b010d58f234c: not valid; 3.3 s; peak memory 3629 MiB.
2026-09-16T16:04:05Z INFO [267/500] 01205d57-0368-454e-9feb-d9ec7a1d7c05: not valid; 4.7 s; peak memory 3629 MiB.
2026-09-16T16:04:07Z INFO [268/500] 01208c94-b594-4f77-8145-5e8a2abaca28: not valid; 1.8 s; peak memory 3629 MiB.
2026-09-16T16:04:09Z INFO [269/500] 012137a3-aa56-4c91-ae62-a9bb01c470ab: not valid; 1.7 s; peak memory 3629 MiB.
2026-09-16T16:04:16Z INFO [270/500] 01217700-2d0b-4001-b9f6-b7eae1530655: valid; 7.7 s; peak memory 3629 MiB.
2026-09-16T16:04:30Z INFO [271/500] 0121ea6f-66e1-4c48-89ec-72868e1f6bb0: valid; 13.4 s; peak memory 3629 MiB.
2026-09-16T16:04:50Z INFO [272/500] 012246b7-2f16-440b-ba07-87415505330e: not valid; 20.5 s; peak memory 3629 MiB.
2026-09-16T16:04:52Z INFO [273/500] 01224c86-b7c4-4220-b249-4a7fa73bb2aa: not valid; 2.3 s; peak memory 3635 MiB.
2026-09-16T16:05:33Z INFO [274/500] 01227298-1dda-4f97-84ed-477c393ec322: valid; 41.0 s; peak memory 3739 MiB.
2026-09-16T16:05:36Z INFO [275/500] 0122ad05-5c07-42da-9b86-3b4c0d6d14ec: valid; 2.9 s; peak memory 3748 MiB.
2026-09-16T16:05:42Z INFO [276/500] 01231b55-48c5-4a2f-995b-4d4c1bcaa126: valid; 5.9 s; peak memory 3753 MiB.
2026-09-16T16:05:45Z INFO [277/500] 01233196-4e14-47f1-937d-741388f960f1: not valid; 2.8 s; peak memory 3753 MiB.
2026-09-16T16:05:47Z INFO [278/500] 0123f7c5-c73d-4fd1-a564-ae764b3a1d42: valid; 1.6 s; peak memory 3753 MiB.
2026-09-16T16:05:49Z INFO [279/500] 0124052c-3345-439a-bde8-756c95abcb45: not valid; 2.2 s; peak memory 3753 MiB.
2026-09-16T16:05:51Z INFO [280/500] 01246bac-5d36-46ac-80e2-10d9fc0d6d1a: valid; 1.9 s; peak memory 3753 MiB.
2026-09-16T16:06:00Z INFO [281/500] 012471ec-0c0a-40b8-8886-6ba2d14a7820: valid; 9.5 s; peak memory 3753 MiB.
2026-09-16T16:06:03Z INFO [282/500] 01248047-4865-4396-ac72-f9459f5776b1: valid; 3.2 s; peak memory 3753 MiB.
2026-09-16T16:06:06Z INFO [283/500] 01250de4-b2d4-4319-83e8-f74e35d68340: valid; 2.3 s; peak memory 3753 MiB.
2026-09-16T16:06:09Z INFO [284/500] 0125ee10-1c79-4dff-b3ee-53da43b646f4: valid; 3.0 s; peak memory 3753 MiB.
2026-09-16T16:06:11Z INFO [285/500] 01260494-2547-4b3b-aeb1-dc90cb10763f: valid; 2.7 s; peak memory 3753 MiB.
2026-09-16T16:06:13Z INFO [286/500] 01267434-b611-4d15-8590-afd79ab244ac: valid; 1.5 s; peak memory 3753 MiB.
2026-09-16T16:06:14Z INFO [287/500] 01273496-159e-4a52-8a04-48efa87627a9: valid; 1.5 s; peak memory 3753 MiB.
2026-09-16T16:06:18Z INFO [288/500] 0127573e-9704-4c0e-93c4-e2b0becf9b81: not valid; 3.7 s; peak memory 3753 MiB.
2026-09-16T16:06:21Z INFO [289/500] 0127d732-0506-4135-8f61-99f98312f555: valid; 3.1 s; peak memory 3753 MiB.
2026-09-16T16:06:23Z INFO [290/500] 0127ddcf-62e0-44a3-ae8d-34ec2f9b10e6: valid; 2.0 s; peak memory 3753 MiB.
2026-09-16T16:06:27Z INFO [291/500] 0127fa6d-cd02-4c7a-84e2-6b30978450a8: valid; 3.4 s; peak memory 3753 MiB.
2026-09-16T16:06:29Z INFO [292/500] 0128128a-07ee-4d39-9b80-0a6d2baac29a: valid; 2.3 s; peak memory 3753 MiB.
2026-09-16T16:06:30Z INFO [293/500] 01285052-d01a-4261-b5d8-a1f184b231b1: valid; 1.4 s; peak memory 3753 MiB.
2026-09-16T16:06:32Z INFO [294/500] 01285d40-b2a0-4155-ac0a-c9eac7d94671: not valid; 2.0 s; peak memory 3753 MiB.
2026-09-16T16:06:35Z INFO [295/500] 01287558-80a8-47a0-81d7-ab479896330b: valid; 2.3 s; peak memory 3753 MiB.
2026-09-16T16:06:37Z INFO [296/500] 0128959c-a457-470a-bb8b-3e521256e233: not valid; 2.0 s; peak memory 3753 MiB.
2026-09-16T16:06:40Z INFO [297/500] 0128ad39-1fa3-4cc4-906d-3a6a6a2df1fd: valid; 3.3 s; peak memory 3753 MiB.
2026-09-16T16:06:42Z INFO [298/500] 0128e9b0-9842-497d-b6e7-312de79a8065: not valid; 2.0 s; peak memory 3753 MiB.
2026-09-16T16:06:44Z INFO [299/500] 01290fe4-1297-4621-80b6-6e79f338c29d: valid; 2.2 s; peak memory 3753 MiB.
2026-09-16T16:06:48Z INFO [300/500] 012928eb-3301-473a-baf4-162e48f3ab38: valid; 3.4 s; peak memory 3753 MiB.
2026-09-16T16:06:48Z INFO [300/500] 012928eb-3301-473a-baf4-162e48f3ab38: checkpointed 65810 records.
2026-09-16T16:06:50Z INFO [301/500] 012aaf05-baad-4166-8c94-89fbe302fd30: not valid; 1.7 s; peak memory 3753 MiB.
2026-09-16T16:06:52Z INFO [302/500] 012ac884-5cfd-4145-abd6-9ba345800151: not valid; 1.9 s; peak memory 3753 MiB.
2026-09-16T16:06:54Z INFO [303/500] 012b0764-f32c-4230-8b74-59b25998c702: valid; 2.0 s; peak memory 3753 MiB.
2026-09-16T16:07:03Z INFO [304/500] 012b4a78-6c1b-4ac5-b73a-21b9126a061a: not valid; 9.5 s; peak memory 3753 MiB.
2026-09-16T16:07:05Z INFO [305/500] 012b508c-f36e-4f44-b92a-8d4ea802664c: not valid; 2.1 s; peak memory 3754 MiB.
2026-09-16T16:07:08Z INFO [306/500] 012b5715-e870-4e24-93c0-f003c7fde412: valid; 2.5 s; peak memory 3754 MiB.
2026-09-16T16:07:11Z INFO [307/500] 012bfaa2-8f3d-4a96-abd8-7c4a4d1433fe: valid; 3.4 s; peak memory 3757 MiB.
2026-09-16T16:07:13Z INFO [308/500] 012d4597-06be-4a31-a904-74587f9be965: valid; 1.5 s; peak memory 3757 MiB.
2026-09-16T16:07:15Z INFO [309/500] 012e4305-f133-461d-a60d-5380568a0a83: valid; 2.0 s; peak memory 3757 MiB.
2026-09-16T16:07:16Z WARNING 012e539e-ed71-40a5-852e-0c98ebca4361: failed while opening the NWB file (ConstructError: (root/acquisition/event_code_meanings GroupBuilder {'attributes': {'colnames': array(['value', 'meaning'], dtype=object), 'description': 'Mapping integer event codes to event labels', 'namespace': 'ndx-events', 'neurodata_type': 'MeaningsTable', 'object_id': 'b53e8294-ab7c-4d8c-9147-9697df7da677'}, 'groups': {}, 'datasets': {'id': root/acquisition/event_code_meanings/id DatasetBuilder {'attributes': {'namespace': 'hdmf-common', 'neurodata_type': 'ElementIdentifiers', 'object_id': 'c8747f5f-04c1-4d80-9906-1e60c9396bdb'}, 'data': <HDF5 dataset "id": shape (26,), type "<i8">}, 'meaning': root/acquisition/event_code_meanings/meaning DatasetBuilder {'attributes': {'description': 'The meaning of the value in the parent CategoricalVectorData object.', 'namespace': 'hdmf-experimental', 'neurodata_type': 'VectorData', 'object_id': 'bced1e8d-d4bf-4212-96b8-79942327d20b'}, 'data': <StrDataset for HDF5 dataset "meaning": shape (26,), type "|O">}, 'value': root/acquisition/event_code_meanings/value DatasetBuilder {'attributes': {'description': 'The value of the parent CategoricalVectorData object.', 'namespace': 'hdmf-experimental', 'neurodata_type': 'VectorData', 'object_id': '87a3cf55-4942-4ce6-96ac-84c0e9b6ca44'}, 'data': <HDF5 dataset "value": shape (26,), type "<i8">}}, 'links': {}}, "Could not construct MeaningsTable object due to: MeaningsTable.__init__: missing argument 'target'"))
2026-09-16T16:07:18Z INFO [311/500] 012e6a3c-1890-40d4-8de3-2e1d007ab8ed: valid; 1.6 s; peak memory 3757 MiB.
2026-09-16T16:07:20Z INFO [312/500] 012f92c2-6071-48fc-8ff1-17d727463dc8: not valid; 1.7 s; peak memory 3757 MiB.
2026-09-16T16:07:21Z INFO [313/500] 012f9ce2-3933-4317-aa98-eca8e7da8e60: valid; 1.7 s; peak memory 3757 MiB.
2026-09-16T16:07:23Z INFO [314/500] 01300358-6ea7-44a5-a767-2fd7e11c4c99: not valid; 1.7 s; peak memory 3757 MiB.
2026-09-16T16:07:25Z INFO [315/500] 01309169-ae2e-419d-9b2a-34622ba13d69: valid; 2.3 s; peak memory 3757 MiB.
2026-09-16T16:08:01Z INFO [316/500] 0130b998-ee1d-4068-a32d-6d83d8059ac6: valid; 36.2 s; peak memory 3809 MiB.
2026-09-16T16:08:03Z INFO [317/500] 01310ed8-6b4a-4016-be13-7060d1b5be24: valid; 1.6 s; peak memory 3811 MiB.
2026-09-16T16:08:05Z INFO [318/500] 01319b03-376e-42fe-94a0-294a870c7e1e: valid; 1.6 s; peak memory 3813 MiB.
2026-09-16T16:08:27Z INFO [319/500] 01320703-8017-4ab6-a724-c0bca3b4fe48: valid; 22.0 s; peak memory 3828 MiB.
2026-09-16T16:08:51Z INFO [320/500] 0132306a-a8da-4847-bc51-7d13538cabf1: valid; 24.7 s; peak memory 3828 MiB.
2026-09-16T16:08:55Z INFO [321/500] 0132df9f-27c1-482c-b9f7-c536e5adee19: not valid; 3.7 s; peak memory 3828 MiB.
2026-09-16T16:08:57Z WARNING 01334100-c8a1-4d11-ab9a-96e5e564654e: failed while opening the NWB file (ConstructError: (root/acquisition/_iblmic_audioSpectrogram/bands GroupBuilder {'attributes': {'colnames': array(['freq'], dtype=object), 'description': 'spectogram frequencies', 'namespace': 'core', 'neurodata_type': 'FrequencyBandsTable', 'object_id': 'd0a00075-b0e0-413a-81e4-131e05d1b51d'}, 'groups': {}, 'datasets': {'freq': root/acquisition/_iblmic_audioSpectrogram/bands/freq DatasetBuilder {'attributes': {'description': 'frequency value', 'namespace': 'hdmf-common', 'neurodata_type': 'VectorData', 'object_id': '476f331f-4782-4fbc-85f5-34ac097f4238'}, 'data': <HDF5 dataset "freq": shape (257,), type "<f4">}, 'id': root/acquisition/_iblmic_audioSpectrogram/bands/id DatasetBuilder {'attributes': {'namespace': 'hdmf-common', 'neurodata_type': 'ElementIdentifiers', 'object_id': 'b50bffc2-5754-4b81-9483-10008c84d8ca'}, 'data': <HDF5 dataset "id": shape (257,), type "<i4">}}, 'links': {}}, "Could not construct FrequencyBandsTable object due to: column must have the same number of rows as 'id'"))
2026-09-16T16:09:00Z INFO [323/500] 01335491-c0a9-47a3-9b05-a86988894ec8: valid; 2.7 s; peak memory 3828 MiB.
2026-09-16T16:09:01Z INFO [324/500] 0134355c-bed0-4e41-9902-ec7a6eb0745d: valid; 1.5 s; peak memory 3828 MiB.
2026-09-16T16:09:11Z INFO [325/500] 0134d6f4-28a9-4910-a605-c50a878e67c0: valid; 9.7 s; peak memory 3828 MiB.
2026-09-16T16:09:14Z WARNING 0134dd2d-7744-423b-8f42-8c8d5a6b100f: failed while opening the NWB file (ConstructError: (root/general/optogenetics/PatternedOptogeneticStimulusSite GroupBuilder {'attributes': {'effector': 'GUR-3/PRDX-2', 'namespace': 'ndx-patterned-ogen', 'neurodata_type': 'PatternedOptogeneticStimulusSite', 'object_id': 'd94202f4-8a06-466c-9102-90b75119c4a5'}, 'groups': {}, 'datasets': {'description': root/general/optogenetics/PatternedOptogeneticStimulusSite/description DatasetBuilder {'attributes': {}, 'data': 'Scanning'}, 'excitation_lambda': root/general/optogenetics/PatternedOptogeneticStimulusSite/excitation_lambda DatasetBuilder {'attributes': {}, 'data': np.float64(850.0)}, 'location': root/general/optogenetics/PatternedOptogeneticStimulusSite/location DatasetBuilder {'attributes': {}, 'data': 'whole brain'}}, 'links': {'device': root/general/optogenetics/PatternedOptogeneticStimulusSite/device LinkBuilder {'builder': root/general/devices/OptogeneticDevice GroupBuilder {'attributes': {'description': '', 'namespace': 'core', 'neurodata_type': 'Device', 'object_id': 'cb3e0388-9f6d-44cd-8a6a-f6d7856b2159'}, 'groups': {}, 'datasets': {}, 'links': {}}}, 'light_source': root/general/optogenetics/PatternedOptogeneticStimulusSite/light_source LinkBuilder {'builder': root/general/devices/AmplifiedLaser GroupBuilder {'attributes': {'description': 'For two-photon optogenetic targeting, we used an optical parametric amplifier (OPA; Light Conversion ORPHEUS) pumped by a femtosecond amplified laser (Light Conversion PHAROS).', 'filter_description': 'Short pass at 1040 nm', 'manufacturer': 'Light Conversion', 'model': 'ORPHEUS amplifier and PHAROS laser', 'namespace': 'ndx-patterned-ogen', 'neurodata_type': 'LightSource', 'object_id': 'd64df3e1-d0e7-4546-9855-c96bbafc269e', 'peak_power_in_W': np.float64(0.0012), 'pulse_rate_in_Hz': np.float64(500000.0), 'stimulation_wavelength_in_nm': np.float64(850.0)}, 'groups': {}, 'datasets': {}, 'links': {}}}}}, "Could not construct PatternedOptogeneticStimulusSite object due to: CustomClassGenerator.set_init.<locals>.__init__: incorrect type for 'spatial_light_modulator' (got 'list', expected 'Device')"))
2026-09-16T16:09:17Z INFO [327/500] 0135148d-1fb6-4285-88d4-e9a555c2d6ed: valid; 2.9 s; peak memory 3834 MiB.
2026-09-16T16:09:19Z INFO [328/500] 013622ba-9066-466c-a110-f1e6d6976ea6: valid; 2.3 s; peak memory 3834 MiB.
2026-09-16T16:09:21Z INFO [329/500] 01367663-40e1-40a3-9ccb-c0943c402813: not valid; 2.1 s; peak memory 3834 MiB.
2026-09-16T16:09:24Z INFO [330/500] 01369381-a089-46ca-a30d-ad3863fcd2bc: valid; 2.8 s; peak memory 3834 MiB.
2026-09-16T16:09:26Z INFO [331/500] 0136c854-1a12-43c3-8ac6-87f1c0db4db2: valid; 1.7 s; peak memory 3834 MiB.
2026-09-16T16:09:29Z INFO [332/500] 013708b0-9dff-494a-b857-5f4bac9d8b27: valid; 3.0 s; peak memory 3834 MiB.
2026-09-16T16:09:31Z INFO [333/500] 01373927-de1b-4447-a56b-e201969366e5: valid; 2.4 s; peak memory 3834 MiB.
2026-09-16T16:09:33Z INFO [334/500] 0137954d-52d5-48ce-aed9-98ab5d9ab7f4: not valid; 1.6 s; peak memory 3834 MiB.
2026-09-16T16:09:34Z INFO [335/500] 0137a0df-2ced-4ec8-8331-cae9ac88f074: valid; 1.8 s; peak memory 3834 MiB.
2026-09-16T16:09:36Z INFO [336/500] 0137bee4-f70b-441e-b50b-3264e2a0c857: valid; 1.3 s; peak memory 3834 MiB.
2026-09-16T16:09:38Z INFO [337/500] 01383972-296d-4723-8ddd-99cf38207972: valid; 2.6 s; peak memory 3834 MiB.
2026-09-16T16:09:40Z INFO [338/500] 0138dcc2-95ca-47b9-b929-7b5b671723bb: not valid; 1.3 s; peak memory 3834 MiB.
2026-09-16T16:09:42Z WARNING 0138de16-4f4f-4992-a330-a03b3523488e: failed while opening the NWB file (ConstructError: (root/acquisition/_iblmic_audioSpectrogram/bands GroupBuilder {'attributes': {'colnames': array(['freq'], dtype=object), 'description': 'spectogram frequencies', 'namespace': 'core', 'neurodata_type': 'FrequencyBandsTable', 'object_id': '1c2b6018-b4d8-4d68-b159-e54b17971cd5'}, 'groups': {}, 'datasets': {'freq': root/acquisition/_iblmic_audioSpectrogram/bands/freq DatasetBuilder {'attributes': {'description': 'frequency value', 'namespace': 'hdmf-common', 'neurodata_type': 'VectorData', 'object_id': '8ff361f7-a9d9-4d62-bd4f-6fbd6583f3f7'}, 'data': <HDF5 dataset "freq": shape (257,), type "<f4">}, 'id': root/acquisition/_iblmic_audioSpectrogram/bands/id DatasetBuilder {'attributes': {'namespace': 'hdmf-common', 'neurodata_type': 'ElementIdentifiers', 'object_id': 'd925a060-8072-45af-bb6d-c1c790491976'}, 'data': <HDF5 dataset "id": shape (257,), type "<i4">}}, 'links': {}}, "Could not construct FrequencyBandsTable object due to: column must have the same number of rows as 'id'"))
2026-09-16T16:09:47Z INFO [340/500] 01391180-57f9-4c2c-97a7-ba754a34e1bd: valid; 4.7 s; peak memory 3834 MiB.
2026-09-16T16:09:48Z INFO [341/500] 01391cc5-fae1-4cc5-ab24-8a7a12f4662e: valid; 1.6 s; peak memory 3834 MiB.
2026-09-16T16:09:50Z INFO [342/500] 0139423f-b39a-4240-895f-05cf77d06caf: valid; 1.8 s; peak memory 3834 MiB.
2026-09-16T16:09:52Z INFO [343/500] 01394b53-5b0d-4ee5-87ca-36bec9448461: not valid; 2.0 s; peak memory 3834 MiB.
2026-09-16T16:09:54Z INFO [344/500] 0139c9fc-08b8-4d50-a98c-11ffabe56303: valid; 1.6 s; peak memory 3834 MiB.
2026-09-16T16:09:56Z INFO [345/500] 0139d364-b3e9-4f7a-8d9d-0e3c33c17385: not valid; 2.4 s; peak memory 3836 MiB.
2026-09-16T16:09:59Z INFO [346/500] 013a4667-7ba1-4c8a-a3a6-982268daa9ec: not valid; 2.6 s; peak memory 3839 MiB.
2026-09-16T16:10:01Z INFO [347/500] 013ac0c9-0f04-42b2-87e0-a8f3eaf8b743: valid; 2.8 s; peak memory 3839 MiB.
2026-09-16T16:10:06Z INFO [348/500] 013be054-7a3c-4137-843b-68a966189011: valid; 4.8 s; peak memory 3839 MiB.
2026-09-16T16:10:08Z INFO [349/500] 013c48c1-0bec-49ad-ab14-48a3f456e76f: valid; 2.0 s; peak memory 3839 MiB.
2026-09-16T16:10:13Z INFO [350/500] 013ca7fc-629e-487b-81a2-741c99cd0066: not valid; 4.4 s; peak memory 3856 MiB.
2026-09-16T16:10:13Z INFO [350/500] 013ca7fc-629e-487b-81a2-741c99cd0066: checkpointed 65860 records.
2026-09-16T16:10:16Z INFO [351/500] 013cfc78-2b64-4122-82b0-5fe0bd1884bd: valid; 3.2 s; peak memory 3856 MiB.
2026-09-16T16:10:28Z INFO [352/500] 013d4c46-3a4c-4fa2-a8a7-2aa93ca2b0d6: not valid; 12.2 s; peak memory 3895 MiB.
2026-09-16T16:10:32Z INFO [353/500] 013da430-ee76-4848-bf77-988a1e3dfe86: valid; 3.7 s; peak memory 3898 MiB.
2026-09-16T16:10:35Z INFO [354/500] 013e08bc-34d6-4a83-a8a4-8fc9addcf318: valid; 2.6 s; peak memory 3898 MiB.
2026-09-16T16:10:55Z INFO [355/500] 013e1535-148a-4217-82d6-e077d5f5263b: valid; 19.7 s; peak memory 3923 MiB.
2026-09-16T16:11:03Z INFO [356/500] 013eba67-2f1f-40db-966f-b64408fa314a: valid; 8.6 s; peak memory 3936 MiB.
2026-09-16T16:11:05Z INFO [357/500] 013ee48b-6f74-48f7-98d4-9d861fb113fd: valid; 1.7 s; peak memory 3939 MiB.
2026-09-16T16:11:06Z INFO [358/500] 013f1071-43d5-42ae-a99a-7e7afd1b39bd: valid; 1.4 s; peak memory 3941 MiB.
2026-09-16T16:11:09Z INFO [359/500] 013fc33d-33c5-40aa-ac66-132fc17458a5: valid; 2.6 s; peak memory 3941 MiB.
2026-09-16T16:11:11Z WARNING 01407621-cdad-4231-8493-dfd6ca6cac55: failed while opening the NWB file (ConstructError: (root/acquisition/_iblmic_audioSpectrogram/bands GroupBuilder {'attributes': {'colnames': array(['freq'], dtype=object), 'description': 'spectogram frequencies', 'namespace': 'core', 'neurodata_type': 'FrequencyBandsTable', 'object_id': '1d0a2325-15ea-46e0-aced-a8e301edef05'}, 'groups': {}, 'datasets': {'freq': root/acquisition/_iblmic_audioSpectrogram/bands/freq DatasetBuilder {'attributes': {'description': 'frequency value', 'namespace': 'hdmf-common', 'neurodata_type': 'VectorData', 'object_id': 'bdb4c8ac-fe6f-4ae3-81f8-379922baffb3'}, 'data': <HDF5 dataset "freq": shape (257,), type "<f4">}, 'id': root/acquisition/_iblmic_audioSpectrogram/bands/id DatasetBuilder {'attributes': {'namespace': 'hdmf-common', 'neurodata_type': 'ElementIdentifiers', 'object_id': '304c4206-97af-4181-b235-f5ebf792d172'}, 'data': <HDF5 dataset "id": shape (257,), type "<i4">}}, 'links': {}}, "Could not construct FrequencyBandsTable object due to: column must have the same number of rows as 'id'"))
2026-09-16T16:11:13Z INFO [361/500] 01408484-ca0e-48f3-b4c7-507ce7ea576b: valid; 2.0 s; peak memory 3950 MiB.
2026-09-16T16:11:28Z INFO [362/500] 01409a5b-c41d-4264-96f8-944867e896ac: valid; 15.2 s; peak memory 3993 MiB.
2026-09-16T16:11:31Z INFO [363/500] 0140f493-4e4e-46ff-9ef1-100c11fac70c: not valid; 2.7 s; peak memory 3993 MiB.
2026-09-16T16:11:34Z INFO [364/500] 0141518a-c7d5-4c37-a8ea-9ac78d807509: valid; 3.0 s; peak memory 3993 MiB.
2026-09-16T16:11:37Z INFO [365/500] 0141687b-bbc1-47cb-a367-386766cfc3f1: valid; 3.4 s; peak memory 3993 MiB.
2026-09-16T16:11:40Z INFO [366/500] 0141bd01-81a7-410e-b678-9da56a66ffb5: valid; 2.3 s; peak memory 3993 MiB.
2026-09-16T16:11:41Z INFO [367/500] 0141c543-4ba7-4ad1-93e5-83971c3b898d: valid; 1.7 s; peak memory 3993 MiB.
2026-09-16T16:14:23Z INFO [368/500] 0141f2c9-067f-4d00-843e-8b3b6f23bd35: valid; 162.1 s; peak memory 7218 MiB.
2026-09-16T16:14:24Z WARNING 01424b98-a09f-4d46-abe5-9011e6d17eed: failed while retrieving asset information from the DANDI API (NotFoundError: No asset at path 'sub-parkinson-simulated-beta/sub-parkinson-simulated-beta_ses-8857_ecephys.nwb' in version 0.250327.2220. Verify the path is correct and the asset exists in this version. Use 'dandi ls' to list available assets.)
2026-09-16T16:14:26Z INFO [370/500] 0142c77e-adc5-4ca3-a178-be1557ba213e: not valid; 1.8 s; peak memory 7221 MiB.
2026-09-16T16:14:29Z INFO [371/500] 0142cbd3-3414-403d-ad3c-5bba33381fb2: valid; 3.1 s; peak memory 7234 MiB.
2026-09-16T16:14:32Z INFO [372/500] 01434485-9be7-4442-a13d-4c64f97c30c4: valid; 3.0 s; peak memory 7257 MiB.
2026-09-16T16:14:33Z INFO [373/500] 0143f0e7-3dee-4b26-b050-037014ab6be3: valid; 1.6 s; peak memory 7264 MiB.
2026-09-16T16:14:35Z INFO [374/500] 01442407-dbf8-4db9-a640-249bb9ea6732: valid; 1.9 s; peak memory 7267 MiB.
2026-09-16T16:15:10Z INFO [375/500] 0144372f-7055-4a1d-9c46-06fa28c33f7d: valid; 34.4 s; peak memory 7361 MiB.
2026-09-16T16:15:11Z INFO [376/500] 0144ed76-32d4-423f-938f-92ab52d0220f: valid; 1.7 s; peak memory 7361 MiB.
2026-09-16T16:15:16Z INFO [377/500] 01454550-ecf4-4830-83f8-e382c734c430: valid; 4.6 s; peak memory 7361 MiB.
2026-09-16T16:15:26Z INFO [378/500] 0145984b-4086-4fab-b108-1e37e75dd060: valid; 10.4 s; peak memory 7361 MiB.
2026-09-16T16:15:29Z INFO [379/500] 0145c47e-6660-43f6-8cb3-221236e8aeb2: valid; 3.1 s; peak memory 7361 MiB.
2026-09-16T16:15:32Z INFO [380/500] 01468d42-dec0-40b6-993d-f141c90b9879: valid; 2.3 s; peak memory 7361 MiB.
2026-09-16T16:15:37Z INFO [381/500] 01469870-88c7-4a6d-89c8-b7850ce40f7a: valid; 5.7 s; peak memory 7361 MiB.
2026-09-16T16:15:39Z INFO [382/500] 0147872d-d853-4210-b794-c1a511812873: valid; 1.7 s; peak memory 7361 MiB.
2026-09-16T16:15:43Z INFO [383/500] 0147ac93-0858-4197-ac62-96e0a369a8df: valid; 3.4 s; peak memory 7361 MiB.
2026-09-16T16:15:44Z INFO [384/500] 0147b9dd-7f25-40fa-9863-359519928a19: valid; 1.5 s; peak memory 7361 MiB.
2026-09-16T16:15:49Z INFO [385/500] 01483937-f0e4-46de-82ee-090ae41de0de: valid; 4.7 s; peak memory 7361 MiB.
2026-09-16T16:15:51Z INFO [386/500] 0148de2f-9cfd-4088-b707-ce089e48fac1: not valid; 2.0 s; peak memory 7361 MiB.
2026-09-16T16:15:53Z INFO [387/500] 01494c8f-99e2-47c4-9f6b-75731a9e92ca: valid; 1.6 s; peak memory 7361 MiB.
2026-09-16T16:15:54Z INFO [388/500] 0149ca53-a10d-40f4-8a27-c73da9fd4978: not valid; 1.8 s; peak memory 7361 MiB.
2026-09-16T16:15:56Z INFO [389/500] 014a0b81-1ece-4a2a-95b7-a7d7d5fa2ad6: not valid; 1.8 s; peak memory 7361 MiB.
2026-09-16T16:15:58Z INFO [390/500] 014a46dd-ad8d-4fd9-9b33-ca6b23f3a53b: not valid; 2.2 s; peak memory 7361 MiB.
2026-09-16T16:16:02Z INFO [391/500] 014a5be8-e7eb-4f1d-ad47-551d400df22a: not valid; 3.9 s; peak memory 7361 MiB.
2026-09-16T16:16:18Z INFO [392/500] 014baab9-d881-4b79-a9f6-8cb6d87ccd26: valid; 15.8 s; peak memory 7361 MiB.
2026-09-16T16:16:20Z INFO [393/500] 014c6212-5e6a-487d-af00-4ea33e74fc47: valid; 2.4 s; peak memory 7361 MiB.
2026-09-16T16:16:22Z INFO [394/500] 014c6358-166e-451d-8c84-8fc33ebc91f7: valid; 1.5 s; peak memory 7361 MiB.
2026-09-16T16:16:24Z INFO [395/500] 014d43a1-cc66-4919-ad1e-4d3d184c789f: valid; 2.6 s; peak memory 7361 MiB.
2026-09-16T16:16:27Z INFO [396/500] 014d46cc-b30f-4d02-9cbf-dbf29a9c3160: valid; 2.6 s; peak memory 7361 MiB.
2026-09-16T16:16:30Z INFO [397/500] 014de9b9-bb44-45db-8730-7a2ec49616ab: not valid; 2.5 s; peak memory 7361 MiB.
2026-09-16T16:16:32Z INFO [398/500] 014e955a-43ce-4d10-ae8d-f01beb28f07a: not valid; 2.3 s; peak memory 7361 MiB.
2026-09-16T16:16:35Z INFO [399/500] 014ee524-355b-474c-8e9a-d232beced00b: valid; 2.9 s; peak memory 7361 MiB.
2026-09-16T16:16:37Z INFO [400/500] 014eea14-8bb8-4cb8-90fd-f60dcd9094ff: valid; 2.1 s; peak memory 7361 MiB.
2026-09-16T16:16:37Z INFO [400/500] 014eea14-8bb8-4cb8-90fd-f60dcd9094ff: checkpointed 65910 records.
2026-09-16T16:16:42Z INFO [401/500] 01505972-99b4-4686-bc0a-f0d081c6b951: valid; 4.4 s; peak memory 7361 MiB.
2026-09-16T16:16:44Z INFO [402/500] 0150a3a4-949b-4b5c-9647-07e73b95c3f8: valid; 2.7 s; peak memory 7361 MiB.
2026-09-16T16:16:48Z INFO [403/500] 01511a0a-3a72-4a58-ade2-d17bdad04743: valid; 3.6 s; peak memory 7361 MiB.
2026-09-16T16:16:51Z INFO [404/500] 01513d25-0368-47d5-b35a-efad91197084: valid; 3.0 s; peak memory 7361 MiB.
2026-09-16T16:16:55Z INFO [405/500] 0151b0fd-ac0a-4c74-97e0-56c99b426d7c: valid; 3.8 s; peak memory 7361 MiB.
2026-09-16T16:16:56Z INFO [406/500] 015351a9-cc97-43af-8780-444e540b48d2: valid; 1.5 s; peak memory 7361 MiB.
2026-09-16T16:17:02Z INFO [407/500] 0154c9f1-d409-4870-8395-0bcbbb381cbc: not valid; 5.5 s; peak memory 7361 MiB.
2026-09-16T16:17:05Z INFO [408/500] 0154f625-0795-4f8e-b94a-323fac86b8d4: valid; 3.4 s; peak memory 7361 MiB.
2026-09-16T16:17:07Z INFO [409/500] 0155be04-2ae5-4d0e-b5a5-9cccb96599fb: valid; 1.8 s; peak memory 7361 MiB.
2026-09-16T16:17:12Z INFO [410/500] 0155dd13-f233-44fc-9944-8e152f866f5a: valid; 4.8 s; peak memory 7361 MiB.
2026-09-16T16:17:14Z INFO [411/500] 01564de4-cb29-4df3-afb4-f59fd6e24d00: valid; 1.7 s; peak memory 7361 MiB.
2026-09-16T16:17:16Z INFO [412/500] 0158f927-93f2-47e7-8622-73f7ee9901bd: valid; 2.2 s; peak memory 7361 MiB.
2026-09-16T16:17:20Z INFO [413/500] 0159ca81-1ddf-40b5-b68e-a87ae288c649: valid; 3.8 s; peak memory 7361 MiB.
2026-09-16T16:17:22Z INFO [414/500] 0159e98d-2754-4d96-ad9d-738b2cc94d9b: not valid; 1.9 s; peak memory 7361 MiB.
2026-09-16T16:17:24Z INFO [415/500] 015a3177-2f29-4039-afc9-111944156054: not valid; 2.4 s; peak memory 7361 MiB.
2026-09-16T16:17:27Z INFO [416/500] 015cc721-5d39-4bf9-b039-c76bbd5dce4b: not valid; 2.5 s; peak memory 7361 MiB.
2026-09-16T16:17:28Z INFO [417/500] 015cda6d-b056-41da-8987-bcdc86734869: not valid; 1.7 s; peak memory 7361 MiB.
2026-09-16T16:17:30Z INFO [418/500] 015ceb69-73b4-4cc0-a668-f5c88c9ca8e1: valid; 1.9 s; peak memory 7361 MiB.
2026-09-16T16:17:32Z INFO [419/500] 015d3538-11d9-4480-be74-858fa90b9519: valid; 1.6 s; peak memory 7361 MiB.
2026-09-16T16:17:34Z INFO [420/500] 015d6392-922f-4fe3-8989-c86ad84e87e5: not valid; 1.8 s; peak memory 7361 MiB.
2026-09-16T16:17:37Z WARNING 015dfd2f-1d66-4d74-90e3-744fff50ef44: failed while opening the NWB file (ConstructError: (root/acquisition/_iblmic_audioSpectrogram/bands GroupBuilder {'attributes': {'colnames': array(['freq'], dtype=object), 'description': 'spectogram frequencies', 'namespace': 'core', 'neurodata_type': 'FrequencyBandsTable', 'object_id': '249f295e-26af-436e-a2e4-f1c34ac9d4a0'}, 'groups': {}, 'datasets': {'freq': root/acquisition/_iblmic_audioSpectrogram/bands/freq DatasetBuilder {'attributes': {'description': 'frequency value', 'namespace': 'hdmf-common', 'neurodata_type': 'VectorData', 'object_id': '74f02fe1-f9fb-4058-9946-6aac33cec71f'}, 'data': <HDF5 dataset "freq": shape (257,), type "<f4">}, 'id': root/acquisition/_iblmic_audioSpectrogram/bands/id DatasetBuilder {'attributes': {'namespace': 'hdmf-common', 'neurodata_type': 'ElementIdentifiers', 'object_id': '0331f9af-f0d9-4622-8b18-aeabe3a82a8c'}, 'data': <HDF5 dataset "id": shape (257,), type "<i4">}}, 'links': {}}, "Could not construct FrequencyBandsTable object due to: column must have the same number of rows as 'id'"))
2026-09-16T16:17:39Z INFO [422/500] 015e4a51-ffe1-492d-b8d1-9ff6b441461e: not valid; 1.7 s; peak memory 7361 MiB.
2026-09-16T16:17:41Z INFO [423/500] 016080b7-5d79-46ca-915c-0dd3e51bb7ef: valid; 1.6 s; peak memory 7361 MiB.
2026-09-16T16:17:43Z INFO [424/500] 0160edf8-c388-4cef-86ca-5433bb250132: not valid; 2.1 s; peak memory 7361 MiB.
2026-09-16T16:17:52Z INFO [425/500] 01614321-216e-408d-bcf5-f530a8cc7911: valid; 9.3 s; peak memory 7361 MiB.
2026-09-16T16:17:53Z INFO [426/500] 01617801-b828-487d-a76f-bd3d0b3f2833: valid; 1.5 s; peak memory 7361 MiB.
2026-09-16T16:17:55Z INFO [427/500] 016226cf-7163-45f2-a972-a9eb86e46f45: valid; 1.6 s; peak memory 7361 MiB.
2026-09-16T16:17:55Z WARNING 016258ee-0ea7-44c5-8d6b-9abd2adb51c8: failed while retrieving asset information from the DANDI API (NotFoundError: No asset at path 'sub-parkinson-simulated-beta/sub-parkinson-simulated-beta_ses-6556_ecephys.nwb' in version 0.250327.2220. Verify the path is correct and the asset exists in this version. Use 'dandi ls' to list available assets.)
2026-09-16T16:17:57Z INFO [429/500] 01626e0f-d66b-4f0e-81a8-b8174345c21b: not valid; 1.5 s; peak memory 7361 MiB.
2026-09-16T16:17:59Z INFO [430/500] 01635e44-92c0-49d2-9d32-c1e24e5ed63b: valid; 2.4 s; peak memory 7361 MiB.
2026-09-16T16:18:01Z INFO [431/500] 01650899-3f96-4ad0-9207-0a15dcb6cb6f: not valid; 2.1 s; peak memory 7361 MiB.
2026-09-16T16:18:03Z INFO [432/500] 01654ab6-85b2-4090-93cd-243c76f958f2: valid; 1.4 s; peak memory 7361 MiB.
2026-09-16T16:18:07Z INFO [433/500] 016593f7-dbb4-4e31-a160-a1d87848cb70: valid; 4.7 s; peak memory 7361 MiB.
2026-09-16T16:18:09Z INFO [434/500] 0165a1af-4fa8-4e59-8bf0-9ca9d5040654: not valid; 2.1 s; peak memory 7361 MiB.
2026-09-16T16:18:12Z INFO [435/500] 0165a860-50af-4b3a-a3f5-ba1561b57740: valid; 2.8 s; peak memory 7361 MiB.
2026-09-16T16:18:14Z INFO [436/500] 0165fe54-d969-422c-8d65-5269c5585822: valid; 1.4 s; peak memory 7361 MiB.
2026-09-16T16:18:16Z INFO [437/500] 0167002f-4120-48fe-b1cd-463a729be167: not valid; 2.2 s; peak memory 7361 MiB.
2026-09-16T16:18:18Z INFO [438/500] 01670587-9146-47a0-af2c-b9f20e037d94: valid; 2.4 s; peak memory 7361 MiB.
2026-09-16T16:18:21Z INFO [439/500] 0167318b-208f-4134-a056-150413458acd: valid; 2.7 s; peak memory 7361 MiB.
2026-09-16T16:18:23Z INFO [440/500] 01684179-1b50-4e37-b3cd-4b9dfc6d48de: valid; 2.5 s; peak memory 7361 MiB.
2026-09-16T16:18:27Z INFO [441/500] 01692953-8b53-4b41-9e22-d2bf079220ed: valid; 3.4 s; peak memory 7361 MiB.
2026-09-16T16:18:29Z INFO [442/500] 016a3a4f-753b-4ca0-b096-aec2137c1e1c: not valid; 1.8 s; peak memory 7361 MiB.
2026-09-16T16:18:33Z INFO [443/500] 016acb1e-721c-4b4a-8429-1c0ecd53af3a: not valid; 4.8 s; peak memory 7361 MiB.
2026-09-16T16:18:35Z INFO [444/500] 016aff67-9e39-4205-b3c2-518fdb2f7834: not valid; 2.0 s; peak memory 7361 MiB.
2026-09-16T16:18:58Z INFO [445/500] 016b3638-80ea-43a5-8af5-c74b77b34973: valid; 22.2 s; peak memory 7361 MiB.
2026-09-16T16:18:59Z INFO [446/500] 016b9ad4-52c0-400c-8b88-07df3d30fc68: valid; 1.8 s; peak memory 7361 MiB.
2026-09-16T16:19:01Z INFO [447/500] 016d27e0-4f7e-478b-83ca-07847cdfb6cb: valid; 2.2 s; peak memory 7361 MiB.
2026-09-16T16:19:42Z INFO [448/500] 016d83ab-d58c-430d-ab52-8704571e27ad: valid; 40.4 s; peak memory 8123 MiB.
2026-09-16T16:19:46Z INFO [449/500] 016e0ae2-343d-4086-b350-a63b749cf45d: not valid; 4.2 s; peak memory 8123 MiB.
2026-09-16T16:19:48Z INFO [450/500] 016efb17-47b5-4e1b-9e16-857e7642d0ca: not valid; 1.7 s; peak memory 8123 MiB.
2026-09-16T16:19:48Z INFO [450/500] 016efb17-47b5-4e1b-9e16-857e7642d0ca: checkpointed 65960 records.
2026-09-16T16:19:50Z INFO [451/500] 016f1b2e-cb0b-42d8-9b44-20206ed9889f: valid; 2.1 s; peak memory 8123 MiB.
2026-09-16T16:19:54Z INFO [452/500] 016f7489-47a2-4f3c-89b9-5ef9b5198eb7: valid; 3.4 s; peak memory 8123 MiB.
2026-09-16T16:19:57Z INFO [453/500] 016f949d-5be4-4814-95f8-70084f39bf3f: not valid; 3.0 s; peak memory 8123 MiB.
2026-09-16T16:20:11Z INFO [454/500] 016f9562-af66-4068-a497-80e999ad283d: valid; 13.8 s; peak memory 8123 MiB.
2026-09-16T16:20:13Z INFO [455/500] 016fb5ef-ad30-40d1-8c4b-1ab352a06b4b: valid; 2.5 s; peak memory 8123 MiB.
2026-09-16T16:20:15Z WARNING 016feffc-aa5d-4cb7-a10f-5847f9deda60: failed while opening the NWB file (ConstructError: (root/acquisition/_iblmic_audioSpectrogram/bands GroupBuilder {'attributes': {'colnames': array(['freq'], dtype=object), 'description': 'spectogram frequencies', 'namespace': 'core', 'neurodata_type': 'FrequencyBandsTable', 'object_id': '8b87f813-f3c0-4d66-9508-e08749149312'}, 'groups': {}, 'datasets': {'freq': root/acquisition/_iblmic_audioSpectrogram/bands/freq DatasetBuilder {'attributes': {'description': 'frequency value', 'namespace': 'hdmf-common', 'neurodata_type': 'VectorData', 'object_id': 'b5498ad5-7373-4e08-bcde-7db8c867812d'}, 'data': <HDF5 dataset "freq": shape (257,), type "<f4">}, 'id': root/acquisition/_iblmic_audioSpectrogram/bands/id DatasetBuilder {'attributes': {'namespace': 'hdmf-common', 'neurodata_type': 'ElementIdentifiers', 'object_id': '5d08c077-5e4a-4eaf-a8d3-2ab47e4cf413'}, 'data': <HDF5 dataset "id": shape (257,), type "<i4">}}, 'links': {}}, "Could not construct FrequencyBandsTable object due to: column must have the same number of rows as 'id'"))
2026-09-16T16:20:17Z INFO [457/500] 01704a22-b47f-4392-bd06-4eacae583f0d: valid; 1.6 s; peak memory 8123 MiB.
2026-09-16T16:20:17Z WARNING 017067d3-0c72-4d11-a849-2c94d0a8e985: failed while retrieving asset information from the DANDI API (NotFoundError: No such Dandiset: 000948)
2026-09-16T16:20:21Z INFO [459/500] 017175d8-5327-467a-b526-23e2d812ab5f: valid; 4.3 s; peak memory 8123 MiB.
2026-09-16T16:20:24Z INFO [460/500] 01730789-0a78-432a-bc2c-48a78e65b34e: valid; 3.0 s; peak memory 8123 MiB.
2026-09-16T16:20:24Z WARNING 01739aa0-3a8e-4126-a6f8-974e40066633: failed while retrieving asset information from the DANDI API (NotFoundError: No asset at path 'sub-LG609/sub-LG609_ses-20250909_obj-cusjn4_ophys.nwb' in version 0.260915.2135. Verify the path is correct and the asset exists in this version. Use 'dandi ls' to list available assets.)
2026-09-16T16:20:27Z INFO [462/500] 0173f0ee-9936-4355-a147-eee78a60d7c3: valid; 2.7 s; peak memory 8123 MiB.
2026-09-16T16:20:31Z INFO [463/500] 01742df5-5a4d-4fde-850b-db8c17d0108b: valid; 3.8 s; peak memory 8123 MiB.
2026-09-16T16:20:33Z INFO [464/500] 0175a8e2-b7ba-4174-afb6-24ac5dc9287a: valid; 1.7 s; peak memory 8123 MiB.
2026-09-16T16:20:34Z WARNING 01762cd0-4dcd-4b2c-adba-a9ea92ad62f9: failed while opening the NWB file (ConstructError: (root/acquisition/event_code_meanings GroupBuilder {'attributes': {'colnames': array(['value', 'meaning'], dtype=object), 'description': 'Mapping integer event codes to event labels', 'namespace': 'ndx-events', 'neurodata_type': 'MeaningsTable', 'object_id': 'c8082b58-b9ab-4292-a63a-4244c9fc2619'}, 'groups': {}, 'datasets': {'id': root/acquisition/event_code_meanings/id DatasetBuilder {'attributes': {'namespace': 'hdmf-common', 'neurodata_type': 'ElementIdentifiers', 'object_id': 'e6cc5e9d-4574-401e-8d96-db6ee8e10032'}, 'data': <HDF5 dataset "id": shape (26,), type "<i8">}, 'meaning': root/acquisition/event_code_meanings/meaning DatasetBuilder {'attributes': {'description': 'The meaning of the value in the parent CategoricalVectorData object.', 'namespace': 'hdmf-experimental', 'neurodata_type': 'VectorData', 'object_id': '029a1264-4bad-4755-a1e8-6496b58fb56e'}, 'data': <StrDataset for HDF5 dataset "meaning": shape (26,), type "|O">}, 'value': root/acquisition/event_code_meanings/value DatasetBuilder {'attributes': {'description': 'The value of the parent CategoricalVectorData object.', 'namespace': 'hdmf-experimental', 'neurodata_type': 'VectorData', 'object_id': 'caf77ca4-0008-4e36-8bc2-a13706d48d42'}, 'data': <HDF5 dataset "value": shape (26,), type "<i8">}}, 'links': {}}, "Could not construct MeaningsTable object due to: MeaningsTable.__init__: missing argument 'target'"))
2026-09-16T16:20:37Z INFO [466/500] 017653bf-96b2-42fa-aaba-1a3de36d8770: valid; 2.4 s; peak memory 8123 MiB.
2026-09-16T16:20:39Z INFO [467/500] 017699a2-60a9-4faf-ad18-7ad7babb2f10: valid; 2.2 s; peak memory 8123 MiB.
2026-09-16T16:20:41Z INFO [468/500] 0176cee1-ef8d-406f-a9f3-3e83f4cdb3cd: not valid; 1.8 s; peak memory 8123 MiB.
2026-09-16T16:20:43Z INFO [469/500] 017769ac-efb8-4a11-89eb-91d80224c1ef: not valid; 2.2 s; peak memory 8123 MiB.
2026-09-16T16:20:51Z INFO [470/500] 0177ef8c-0da5-44bf-b7a9-28b7819d1795: not valid; 7.5 s; peak memory 8123 MiB.
2026-09-16T16:20:52Z INFO [471/500] 017802d8-0a88-4050-a270-13e9723c0c4e: not valid; 1.9 s; peak memory 8123 MiB.
2026-09-16T16:21:33Z INFO [472/500] 01788989-922d-4d1e-9b11-f2b740d8d4fc: not valid; 40.4 s; peak memory 8123 MiB.
2026-09-16T16:21:35Z INFO [473/500] 0178e049-ffa0-497b-82cb-7c4071edcb0b: valid; 2.5 s; peak memory 8123 MiB.
2026-09-16T16:21:37Z INFO [474/500] 0178eeb1-6e4a-4694-b38b-f48b3e52a4e3: valid; 1.8 s; peak memory 8123 MiB.
2026-09-16T16:21:39Z INFO [475/500] 01790510-2636-4d3b-9eac-f695ce3c8b85: valid; 2.3 s; peak memory 8123 MiB.
2026-09-16T16:21:41Z INFO [476/500] 01793a4f-4d43-4755-bad2-d050de232a5d: valid; 1.6 s; peak memory 8123 MiB.
2026-09-16T16:21:45Z INFO [477/500] 01794d50-6e56-4e78-9afe-33f2323b97ec: valid; 4.4 s; peak memory 8123 MiB.
2026-09-16T16:21:48Z INFO [478/500] 01796c65-e3e0-422d-91ce-3700e1dd7ca4: valid; 2.6 s; peak memory 8123 MiB.
2026-09-16T16:21:51Z INFO [479/500] 017ac6f4-c993-47e1-82b3-ef7f096a78bd: valid; 3.0 s; peak memory 8123 MiB.
2026-09-16T16:21:54Z INFO [480/500] 017b6ac1-6a8e-4261-9f86-665904b06d40: valid; 2.6 s; peak memory 8123 MiB.
2026-09-16T16:21:55Z INFO [481/500] 017cd7c5-3e31-43f2-b906-c32c01e829bc: valid; 1.5 s; peak memory 8123 MiB.
2026-09-16T16:21:59Z INFO [482/500] 017cde11-dd3d-499f-b58f-aa8e6e3f4073: valid; 4.1 s; peak memory 8123 MiB.
2026-09-16T16:22:06Z INFO [483/500] 017d0979-c3dc-4696-aa1d-733ec4253f96: valid; 6.3 s; peak memory 8123 MiB.
2026-09-16T16:22:09Z INFO [484/500] 017dd68f-6b8b-4161-a37b-7fc5853a9b80: valid; 3.5 s; peak memory 8123 MiB.
2026-09-16T16:22:11Z INFO [485/500] 017ddcb2-38e5-4d40-8b7e-cfb403ba1345: not valid; 2.3 s; peak memory 8123 MiB.
2026-09-16T16:22:15Z INFO [486/500] 017edff1-9e0a-4f87-9e41-3abf7f4d6a9b: valid; 3.2 s; peak memory 8123 MiB.
2026-09-16T16:22:18Z INFO [487/500] 017ef914-cb0c-41af-a422-696440e4c518: valid; 3.0 s; peak memory 8123 MiB.
2026-09-16T16:22:32Z INFO [488/500] 017f6bc6-da08-4a8c-9d4b-ac0ce5cd3f50: valid; 14.9 s; peak memory 8123 MiB.
2026-09-16T16:22:34Z INFO [489/500] 017fbc24-f0d0-45f1-8e61-17e5dd9c5153: valid; 1.5 s; peak memory 8123 MiB.
2026-09-16T16:22:46Z INFO [490/500] 01802ab2-6dc8-4ba2-a894-a15bb83e08f9: valid; 12.0 s; peak memory 8123 MiB.
2026-09-16T16:23:05Z INFO [491/500] 018257de-08fa-4f96-bf90-20151376558a: valid; 19.2 s; peak memory 8123 MiB.
2026-09-16T16:23:07Z WARNING 01829763-60a8-43e3-b281-a903b5948313: failed while opening the NWB file (ConstructError: (root/acquisition/event_code_meanings GroupBuilder {'attributes': {'colnames': array(['value', 'meaning'], dtype=object), 'description': 'Mapping integer event codes to event labels', 'namespace': 'ndx-events', 'neurodata_type': 'MeaningsTable', 'object_id': '4f2ebe22-4fc8-4497-b4d3-376018971b27'}, 'groups': {}, 'datasets': {'id': root/acquisition/event_code_meanings/id DatasetBuilder {'attributes': {'namespace': 'hdmf-common', 'neurodata_type': 'ElementIdentifiers', 'object_id': 'a6268640-a568-43ce-8008-588575f43395'}, 'data': <HDF5 dataset "id": shape (26,), type "<i8">}, 'meaning': root/acquisition/event_code_meanings/meaning DatasetBuilder {'attributes': {'description': 'The meaning of the value in the parent CategoricalVectorData object.', 'namespace': 'hdmf-experimental', 'neurodata_type': 'VectorData', 'object_id': '440d66a8-5c7a-45be-9dd5-9134412da76d'}, 'data': <StrDataset for HDF5 dataset "meaning": shape (26,), type "|O">}, 'value': root/acquisition/event_code_meanings/value DatasetBuilder {'attributes': {'description': 'The value of the parent CategoricalVectorData object.', 'namespace': 'hdmf-experimental', 'neurodata_type': 'VectorData', 'object_id': '5a23bf1e-1ba7-4cd9-a784-e6418cdb2940'}, 'data': <HDF5 dataset "value": shape (26,), type "<i8">}}, 'links': {}}, "Could not construct MeaningsTable object due to: MeaningsTable.__init__: missing argument 'target'"))
2026-09-16T16:23:10Z INFO [493/500] 018298a4-9baf-4d20-a1ec-901ce86de7d6: valid; 2.2 s; peak memory 8123 MiB.
2026-09-16T16:23:12Z INFO [494/500] 01830669-e8c1-4bc1-9b22-4462f59c8888: valid; 2.0 s; peak memory 8123 MiB.
2026-09-16T16:23:14Z INFO [495/500] 01831468-b7ed-46b1-8116-3ec727d04550: valid; 2.2 s; peak memory 8123 MiB.
2026-09-16T16:23:16Z INFO [496/500] 0184595e-de90-4f7d-9c11-c7fea8482465: not valid; 2.2 s; peak memory 8123 MiB.
2026-09-16T16:23:18Z INFO [497/500] 01847af6-54fb-4a7b-92c6-cd900ab3690b: valid; 2.3 s; peak memory 8123 MiB.
2026-09-16T16:23:21Z INFO [498/500] 0185f47f-4a2f-42b0-bd93-b5f8de237e90: valid; 3.0 s; peak memory 8123 MiB.
2026-09-16T16:23:23Z INFO [499/500] 01870f90-0bf3-4225-8c12-114ed7b4964a: valid; 2.0 s; peak memory 8123 MiB.
2026-09-16T16:23:25Z INFO [500/500] 01871115-d8ba-438c-9ae6-c5874897990f: valid; 1.6 s; peak memory 8123 MiB.
2026-09-16T16:23:25Z INFO [500/500] 01871115-d8ba-438c-9ae6-c5874897990f: checkpointed 66010 records.
2026-09-16T16:23:26Z INFO Wrote 66010 records to /tmp/derivatives/content_id_to_valid_nwb_file.jsonl (477 new, 23 failed) in 42.9 min (peak memory 8123 MiB).
