2026-09-22T15:51:03Z INFO Logging to /tmp/logs/update_2026-09-22T15-51-03Z.log.
2026-09-22T15:51:03Z INFO Update content-id-to-valid-nwb-file (base directory /tmp).
2026-09-22T15:51:06Z INFO Processing 500 items (74510 already recorded).
2026-09-22T15:51:09Z INFO [1/500] 0ebf383b-d267-4424-850c-41c6769094f4: valid; 3.0 s; peak memory 346 MiB.
2026-09-22T15:51:13Z INFO [2/500] 0ebffe25-9709-4262-b719-d36872a03379: valid; 4.0 s; peak memory 352 MiB.
2026-09-22T15:51:17Z INFO [3/500] 0ec05ffe-179a-4743-9081-df4e3428149e: valid; 4.3 s; peak memory 364 MiB.
2026-09-22T15:51:20Z INFO [4/500] 0ec09c4f-488c-4bbd-8266-dcc9d26a857c: not valid; 2.2 s; peak memory 376 MiB.
2026-09-22T15:51:21Z INFO [5/500] 0ec0bf21-c9ba-41fc-b26c-4ba6907c4773: valid; 1.3 s; peak memory 378 MiB.
2026-09-22T15:51:23Z INFO [6/500] 0ec195b1-d277-4328-b315-f734c3319b4c: valid; 2.1 s; peak memory 380 MiB.
2026-09-22T15:51:33Z INFO [7/500] 0ec20f3f-21f9-4f9f-8922-ed91d1cc7fe3: valid; 10.0 s; peak memory 392 MiB.
2026-09-22T15:51:36Z INFO [8/500] 0ec2c93f-f6df-42c1-ac3f-0137187d91e7: valid; 3.3 s; peak memory 407 MiB.
2026-09-22T15:51:39Z WARNING 0ec2fa5d-865a-4b3e-98e3-6dfb32263c4f: failed while opening the NWB file (ConstructError: (root/acquisition/_iblmic_audioSpectrogram/bands GroupBuilder {'attributes': {'colnames': array(['freq'], dtype=object), 'description': 'spectogram frequencies', 'namespace': 'core', 'neurodata_type': 'FrequencyBandsTable', 'object_id': '1e6a9351-3653-4143-93c9-ca90c6120009'}, 'groups': {}, 'datasets': {'freq': root/acquisition/_iblmic_audioSpectrogram/bands/freq DatasetBuilder {'attributes': {'description': 'frequency value', 'namespace': 'hdmf-common', 'neurodata_type': 'VectorData', 'object_id': 'd6ccd926-dfd1-405a-b2f6-981fdde4f256'}, 'data': <HDF5 dataset "freq": shape (257,), type "<f4">}, 'id': root/acquisition/_iblmic_audioSpectrogram/bands/id DatasetBuilder {'attributes': {'namespace': 'hdmf-common', 'neurodata_type': 'ElementIdentifiers', 'object_id': '6a613b88-fd92-47c0-81c5-827668038404'}, 'data': <HDF5 dataset "id": shape (257,), type "<i4">}}, 'links': {}}, "Could not construct FrequencyBandsTable object due to: column must have the same number of rows as 'id'"))
2026-09-22T15:51:53Z INFO [10/500] 0ec34ace-8043-4e3d-a99f-cb5ff2f4643d: valid; 14.1 s; peak memory 457 MiB.
2026-09-22T15:51:54Z INFO [11/500] 0ec45705-1047-447f-a162-1b7240fe8340: valid; 1.6 s; peak memory 458 MiB.
2026-09-22T15:51:56Z INFO [12/500] 0ec46f52-c444-4de8-886f-f6e4ed61b764: valid; 1.3 s; peak memory 459 MiB.
2026-09-22T15:51:58Z INFO [13/500] 0ec4815c-f842-4b48-8045-71aa2d1ef6e3: not valid; 1.8 s; peak memory 462 MiB.
2026-09-22T15:51:59Z INFO [14/500] 0ec48aaf-3fcd-4b01-befe-2073e413879b: not valid; 1.2 s; peak memory 462 MiB.
2026-09-22T15:52:01Z INFO [15/500] 0ec4c134-704e-453f-9420-9e95470e1b1a: valid; 2.3 s; peak memory 467 MiB.
2026-09-22T15:52:03Z INFO [16/500] 0ec4cd6f-ad4f-452d-b9ed-de200784690c: not valid; 1.5 s; peak memory 467 MiB.
2026-09-22T15:52:05Z INFO [17/500] 0ec4f71d-d190-49fc-a03e-d1c39490c9a6: valid; 2.3 s; peak memory 476 MiB.
2026-09-22T15:52:24Z INFO [18/500] 0ec53767-5b7a-4761-bdef-33d109129822: valid; 19.5 s; peak memory 571 MiB.
2026-09-22T15:52:27Z INFO [19/500] 0ec59192-e69e-49ac-84e8-41363ad4b25b: not valid; 2.3 s; peak memory 571 MiB.
2026-09-22T15:52:28Z INFO [20/500] 0ec5b4bf-9baa-44a4-8ce8-fe661f53522e: valid; 1.8 s; peak memory 571 MiB.
2026-09-22T15:52:31Z INFO [21/500] 0ec5d952-d4a6-4d48-9d25-e3185a62632a: valid; 2.2 s; peak memory 571 MiB.
2026-09-22T15:52:33Z INFO [22/500] 0ec5fe73-2f37-4325-b42b-29d2b12350b9: valid; 2.5 s; peak memory 571 MiB.
2026-09-22T15:52:35Z INFO [23/500] 0ec62ff2-00e7-471f-8d49-e7f61bae184d: not valid; 2.2 s; peak memory 571 MiB.
2026-09-22T15:52:48Z INFO [24/500] 0ec659da-4d78-49f7-9cb8-ddbca02b94fc: valid; 12.2 s; peak memory 572 MiB.
2026-09-22T15:52:49Z INFO [25/500] 0ec6a982-b65d-4877-9eae-7fec0fa1e3e4: valid; 1.6 s; peak memory 573 MiB.
2026-09-22T15:53:11Z INFO [26/500] 0ec6c986-d74d-495f-8a5b-a4584a2f4112: valid; 22.0 s; peak memory 829 MiB.
2026-09-22T15:53:13Z INFO [27/500] 0ec7ac53-c6d5-4c3b-8b73-9afbabb5c2a3: valid; 2.3 s; peak memory 832 MiB.
2026-09-22T15:53:18Z INFO [28/500] 0ec7eb82-c6c2-4a93-a0fe-f1752c070e23: not valid; 4.5 s; peak memory 841 MiB.
2026-09-22T15:53:20Z INFO [29/500] 0ec85762-ab27-4c2e-bc15-83e7c7e2b8ab: valid; 2.0 s; peak memory 846 MiB.
2026-09-22T15:53:22Z INFO [30/500] 0ec8ccb0-102e-48f0-bcac-8edfc5062d67: valid; 2.0 s; peak memory 846 MiB.
2026-09-22T15:53:24Z INFO [31/500] 0ec8f843-982d-47ef-83d8-e70c744a091b: valid; 2.3 s; peak memory 846 MiB.
2026-09-22T15:53:26Z INFO [32/500] 0ec90faf-57b9-48cc-9719-63568bb11dce: valid; 2.3 s; peak memory 846 MiB.
2026-09-22T15:53:44Z INFO [33/500] 0ec939da-d3fb-47fe-b9a6-d90bad462bd3: valid; 17.8 s; peak memory 846 MiB.
2026-09-22T15:53:46Z INFO [34/500] 0ec9583e-0055-4b0c-bc9c-54eb35262bc4: valid; 1.4 s; peak memory 846 MiB.
2026-09-22T15:54:00Z INFO [35/500] 0eca19c6-fecf-437f-bc17-4190771e4622: valid; 13.8 s; peak memory 846 MiB.
2026-09-22T15:54:03Z INFO [36/500] 0eca336d-f7fd-4c0e-b407-0f7eb6c289a0: valid; 3.8 s; peak memory 850 MiB.
2026-09-22T15:54:06Z INFO [37/500] 0eca39b2-a38f-4ba7-9e08-9a2091bfe381: valid; 3.0 s; peak memory 853 MiB.
2026-09-22T15:54:08Z INFO [38/500] 0eca55e5-bce8-4025-9856-1afb187c3a1e: valid; 2.1 s; peak memory 853 MiB.
2026-09-22T15:54:11Z INFO [39/500] 0eca585b-2cb5-40f0-918a-017d855b2370: valid; 2.5 s; peak memory 853 MiB.
2026-09-22T15:54:26Z INFO [40/500] 0eca86ad-9e38-4996-b0dd-a86cf5317c4e: valid; 15.0 s; peak memory 870 MiB.
2026-09-22T15:54:27Z INFO [41/500] 0ecaae44-938b-4b53-ae5d-bb5b3c8794b9: valid; 1.3 s; peak memory 870 MiB.
2026-09-22T15:54:30Z INFO [42/500] 0ecae68c-96b1-419d-b132-204c538a3451: not valid; 2.4 s; peak memory 872 MiB.
2026-09-22T15:54:50Z INFO [43/500] 0ecb528e-1471-4688-8454-616fad7493e3: valid; 20.3 s; peak memory 946 MiB.
2026-09-22T15:55:04Z INFO [44/500] 0ecbc841-0bd4-4118-aebe-5699af466491: valid; 13.7 s; peak memory 1097 MiB.
2026-09-22T15:55:07Z INFO [45/500] 0ecc5e25-c10c-4c2f-8716-2ea98294b21b: valid; 3.1 s; peak memory 1097 MiB.
2026-09-22T15:55:09Z INFO [46/500] 0ecdcef3-495a-46d4-acf3-f8312703dbd5: valid; 2.6 s; peak memory 1097 MiB.
2026-09-22T15:55:12Z INFO [47/500] 0ece7e08-bbcf-4dd2-a0b1-cb6441df1bf0: valid; 2.7 s; peak memory 1098 MiB.
2026-09-22T15:55:14Z INFO [48/500] 0ecf252a-6a64-481e-b81a-f31cbb2521a9: valid; 2.0 s; peak memory 1098 MiB.
2026-09-22T15:55:16Z WARNING 0ecf422f-5624-4f36-9aba-420be28713af: failed while opening the NWB file (ConstructError: (root/acquisition/_iblmic_audioSpectrogram/bands GroupBuilder {'attributes': {'colnames': array(['freq'], dtype=object), 'description': 'spectogram frequencies', 'namespace': 'core', 'neurodata_type': 'FrequencyBandsTable', 'object_id': '41436fd8-8906-4cd7-9acb-987a032aaa2f'}, 'groups': {}, 'datasets': {'freq': root/acquisition/_iblmic_audioSpectrogram/bands/freq DatasetBuilder {'attributes': {'description': 'frequency value', 'namespace': 'hdmf-common', 'neurodata_type': 'VectorData', 'object_id': '74717b84-436c-4897-8be4-df0c26422d18'}, 'data': <HDF5 dataset "freq": shape (257,), type "<f4">}, 'id': root/acquisition/_iblmic_audioSpectrogram/bands/id DatasetBuilder {'attributes': {'namespace': 'hdmf-common', 'neurodata_type': 'ElementIdentifiers', 'object_id': '2548c62f-b7ff-4e3f-8946-002e19831ebd'}, 'data': <HDF5 dataset "id": shape (257,), type "<i4">}}, 'links': {}}, "Could not construct FrequencyBandsTable object due to: column must have the same number of rows as 'id'"))
2026-09-22T15:55:17Z INFO [50/500] 0ed08100-d1df-432d-8e51-6b12c8c94d72: valid; 1.4 s; peak memory 1098 MiB.
2026-09-22T15:55:18Z INFO [50/500] 0ed08100-d1df-432d-8e51-6b12c8c94d72: checkpointed 74560 records.
2026-09-22T15:55:19Z INFO [51/500] 0ed097cb-9262-4aaa-b771-5fa04b21fc83: valid; 1.3 s; peak memory 1098 MiB.
2026-09-22T15:55:20Z INFO [52/500] 0ed1310c-c327-4c09-8ce4-de72cec8ab6d: valid; 1.4 s; peak memory 1098 MiB.
2026-09-22T15:55:23Z INFO [53/500] 0ed13ac0-16c1-4b69-861e-73e314060cb3: valid; 2.7 s; peak memory 1098 MiB.
2026-09-22T15:55:47Z INFO [54/500] 0ed14a89-8ae9-4cf3-a09a-e4c741a47b8b: not valid; 23.8 s; peak memory 1099 MiB.
2026-09-22T15:55:49Z WARNING 0ed2c7fa-dc5a-4f92-8bae-099f51fa9d89: failed while opening the NWB file (ConstructError: (root/acquisition/event_code_meanings GroupBuilder {'attributes': {'colnames': array(['value', 'meaning'], dtype=object), 'description': 'Mapping integer event codes to event labels', 'namespace': 'ndx-events', 'neurodata_type': 'MeaningsTable', 'object_id': '7babd24a-824a-4b50-815e-80fb66aa211f'}, 'groups': {}, 'datasets': {'id': root/acquisition/event_code_meanings/id DatasetBuilder {'attributes': {'namespace': 'hdmf-common', 'neurodata_type': 'ElementIdentifiers', 'object_id': '1239e1f8-eabc-488f-a32b-21ac70cf5dd2'}, 'data': <HDF5 dataset "id": shape (26,), type "<i8">}, 'meaning': root/acquisition/event_code_meanings/meaning DatasetBuilder {'attributes': {'description': 'The meaning of the value in the parent CategoricalVectorData object.', 'namespace': 'hdmf-experimental', 'neurodata_type': 'VectorData', 'object_id': '2bd07924-5c6c-4f77-b998-82ee90577c03'}, 'data': <StrDataset for HDF5 dataset "meaning": shape (26,), type "|O">}, 'value': root/acquisition/event_code_meanings/value DatasetBuilder {'attributes': {'description': 'The value of the parent CategoricalVectorData object.', 'namespace': 'hdmf-experimental', 'neurodata_type': 'VectorData', 'object_id': '4cf626e9-bda0-4d70-bc06-80f565c4d625'}, 'data': <HDF5 dataset "value": shape (26,), type "<i8">}}, 'links': {}}, "Could not construct MeaningsTable object due to: MeaningsTable.__init__: missing argument 'target'"))
2026-09-22T15:55:52Z INFO [56/500] 0ed32b00-8208-40b8-81f5-3fe53e6598a3: valid; 2.6 s; peak memory 1099 MiB.
2026-09-22T15:55:57Z INFO [57/500] 0ed3a3e2-155b-4748-a9e2-210254642db1: valid; 5.4 s; peak memory 1100 MiB.
2026-09-22T15:56:01Z INFO [58/500] 0ed3ad59-880c-4ec5-825e-a6a88484835b: not valid; 3.5 s; peak memory 1100 MiB.
2026-09-22T15:56:02Z INFO [59/500] 0ed4861c-0421-4e4a-8b87-b10212e80104: valid; 1.8 s; peak memory 1100 MiB.
2026-09-22T15:56:03Z WARNING 0ed56ef3-3ee5-4cf6-b001-3074ef8d1ae1: failed while retrieving asset information from the DANDI API (NotFoundError: No asset at path 'sub-11/sub-11_ses-11_ecephys+image.nwb' in version 0.230530.1822. Verify the path is correct and the asset exists in this version. Use 'dandi ls' to list available assets.)
2026-09-22T15:56:10Z INFO [61/500] 0ed5da94-2d59-4412-ba03-bd638f76b377: valid; 7.3 s; peak memory 1100 MiB.
2026-09-22T15:56:19Z INFO [62/500] 0ed5eb38-afd0-4c61-ab28-3ceb845ee0e4: valid; 8.9 s; peak memory 1100 MiB.
2026-09-22T15:56:20Z INFO [63/500] 0ed60e57-33e9-4fd2-b218-e1157d15197d: valid; 1.1 s; peak memory 1100 MiB.
2026-09-22T15:56:22Z INFO [64/500] 0ed67f82-5c93-4460-ac36-c2d9ae606521: valid; 2.0 s; peak memory 1100 MiB.
2026-09-22T15:56:25Z INFO [65/500] 0ed6d85a-73b2-452f-8cae-e327c82d0975: valid; 2.9 s; peak memory 1100 MiB.
2026-09-22T15:56:27Z INFO [66/500] 0ed6e70c-7002-4c4e-817b-793b0b32e144: valid; 2.2 s; peak memory 1100 MiB.
2026-09-22T15:56:29Z INFO [67/500] 0ed7382e-43b0-4809-8a7c-d98f1774c55e: valid; 1.5 s; peak memory 1100 MiB.
2026-09-22T15:56:31Z INFO [68/500] 0ed7494c-9e0a-490d-ac0f-edbec702ff7c: valid; 2.5 s; peak memory 1100 MiB.
2026-09-22T15:56:32Z INFO [69/500] 0ed768ba-b0ee-410b-972c-e752d7ca9a57: valid; 1.4 s; peak memory 1100 MiB.
2026-09-22T15:56:35Z INFO [70/500] 0ed788d7-046e-4c27-881f-0fd3191448c7: valid; 2.3 s; peak memory 1100 MiB.
2026-09-22T15:56:37Z INFO [71/500] 0ed7b824-3510-48ca-a118-0e9a419c30e1: valid; 2.3 s; peak memory 1100 MiB.
2026-09-22T15:56:39Z INFO [72/500] 0ed892a0-cd59-4deb-91a1-3062751f5661: not valid; 2.3 s; peak memory 1100 MiB.
2026-09-22T15:56:41Z INFO [73/500] 0ed892c3-f5aa-4b5d-bdb7-0809ac92f570: valid; 1.3 s; peak memory 1100 MiB.
2026-09-22T15:56:44Z INFO [74/500] 0ed8fc56-1c97-4c42-a760-dabcba0bd159: valid; 2.8 s; peak memory 1100 MiB.
2026-09-22T15:56:46Z INFO [75/500] 0ed95563-d457-4758-a005-2051baf024da: valid; 2.4 s; peak memory 1100 MiB.
2026-09-22T15:56:56Z INFO [76/500] 0ed986e7-63be-41f4-bbfe-b4c28ba16b66: not valid; 10.6 s; peak memory 1146 MiB.
2026-09-22T15:56:58Z INFO [77/500] 0edbed90-8fe5-4fd4-9a25-aa7d34d1ed20: valid; 1.3 s; peak memory 1149 MiB.
2026-09-22T15:56:59Z INFO [78/500] 0edbf0ec-4da7-4810-927d-87a9b021b7e5: valid; 1.4 s; peak memory 1151 MiB.
2026-09-22T15:57:01Z INFO [79/500] 0edbf680-3aec-4c6c-b111-126590096dcb: not valid; 1.5 s; peak memory 1153 MiB.
2026-09-22T15:57:03Z INFO [80/500] 0edcc93c-7fde-4d36-a2dd-68beebd47cc7: not valid; 2.3 s; peak memory 1155 MiB.
2026-09-22T15:57:06Z INFO [81/500] 0edd059f-3946-47d6-b4cb-4b3498f7d03a: valid; 2.7 s; peak memory 1160 MiB.
2026-09-22T15:57:08Z INFO [82/500] 0eddd7ee-cdd3-4864-892d-a9f8a6e14c5d: valid; 2.6 s; peak memory 1163 MiB.
2026-09-22T15:57:11Z INFO [83/500] 0ede6cee-1d29-4fd6-8d15-8b98f6e6af5b: valid; 2.6 s; peak memory 1169 MiB.
2026-09-22T15:57:12Z INFO [84/500] 0edeb15c-1a7b-491d-bac6-852cd8cb25b6: not valid; 1.5 s; peak memory 1169 MiB.
2026-09-22T15:57:15Z INFO [85/500] 0eded098-b6c8-4577-a857-a5562752d939: valid; 2.3 s; peak memory 1169 MiB.
2026-09-22T15:57:16Z INFO [86/500] 0edef97a-3fdd-4641-ad02-ef85df5fb822: valid; 1.6 s; peak memory 1169 MiB.
2026-09-22T15:57:18Z INFO [87/500] 0edf39ed-7fb2-4a0e-a1a7-c2257d5cc592: valid; 1.5 s; peak memory 1169 MiB.
2026-09-22T15:57:19Z INFO [88/500] 0ee03835-efaa-48cc-9a3b-ba1a983979d4: valid; 1.5 s; peak memory 1169 MiB.
2026-09-22T15:57:22Z INFO [89/500] 0ee077bd-f13a-4912-8c2e-3b23742e360d: valid; 2.5 s; peak memory 1169 MiB.
2026-09-22T15:57:24Z INFO [90/500] 0ee10a00-4753-4dd9-a6da-3776c607d66c: valid; 2.3 s; peak memory 1169 MiB.
2026-09-22T15:57:28Z INFO [91/500] 0ee11068-a6a9-4669-a123-30867a9c2a00: valid; 4.1 s; peak memory 1170 MiB.
2026-09-22T15:57:31Z INFO [92/500] 0ee1aa93-2c1f-4fe7-a382-c1f64338e067: valid; 3.3 s; peak memory 1172 MiB.
2026-09-22T15:57:34Z INFO [93/500] 0ee1ef01-19d8-44cb-baa6-4c001b925be0: valid; 2.7 s; peak memory 1174 MiB.
2026-09-22T15:57:37Z INFO [94/500] 0ee251bc-29ac-43e7-b515-e49c61a8a617: valid; 2.8 s; peak memory 1175 MiB.
2026-09-22T15:57:39Z INFO [95/500] 0ee26332-80a1-49d1-bd42-f97b25c4fb5e: valid; 2.3 s; peak memory 1176 MiB.
2026-09-22T15:57:41Z INFO [96/500] 0ee275ca-9cbc-4364-acf9-6314f21a7a04: valid; 1.8 s; peak memory 1177 MiB.
2026-09-22T15:57:42Z INFO [97/500] 0ee27f21-68ac-4d33-84e9-e0478f372997: not valid; 0.9 s; peak memory 1178 MiB.
2026-09-22T15:57:43Z INFO [98/500] 0ee3321d-f001-41af-8d5d-c638cc6324a4: valid; 1.5 s; peak memory 1179 MiB.
2026-09-22T15:57:46Z INFO [99/500] 0ee3459d-8848-461b-9756-ce7f46a16d44: valid; 2.4 s; peak memory 1180 MiB.
2026-09-22T15:57:48Z INFO [100/500] 0ee348aa-c6cb-403f-81ec-7da00598c66e: valid; 2.6 s; peak memory 1181 MiB.
2026-09-22T15:57:49Z INFO [100/500] 0ee348aa-c6cb-403f-81ec-7da00598c66e: checkpointed 74610 records.
2026-09-22T15:57:51Z INFO [101/500] 0ee3a3ce-9d00-4e1b-a6cc-264810df73d1: not valid; 1.6 s; peak memory 1183 MiB.
2026-09-22T15:57:59Z INFO [102/500] 0ee3ac89-c718-471b-afae-1cd82be2b89a: valid; 8.9 s; peak memory 1187 MiB.
2026-09-22T15:58:02Z INFO [103/500] 0ee3d2a1-60ee-4332-9d38-6d1afe413355: valid; 2.3 s; peak memory 1188 MiB.
2026-09-22T15:58:03Z INFO [104/500] 0ee41387-4ef0-4a13-b8b3-9d2945c227f3: valid; 1.2 s; peak memory 1189 MiB.
2026-09-22T15:58:05Z INFO [105/500] 0ee45862-d277-4ed9-821b-5065b6ad75d0: valid; 1.9 s; peak memory 1198 MiB.
2026-09-22T15:58:08Z INFO [106/500] 0ee4d4bb-04fa-4a2e-ba50-a612c5f7ed6f: not valid; 3.0 s; peak memory 1210 MiB.
2026-09-22T15:58:10Z INFO [107/500] 0ee4e36d-54eb-4c31-9774-4c4cde23b49c: valid; 2.2 s; peak memory 1217 MiB.
2026-09-22T15:58:12Z INFO [108/500] 0ee5a122-8dea-4fc7-a3cd-2958b780f8eb: valid; 1.8 s; peak memory 1220 MiB.
2026-09-22T15:58:14Z INFO [109/500] 0ee5c072-a254-49d2-a2f8-7fc5c309c861: not valid; 1.7 s; peak memory 1222 MiB.
2026-09-22T15:58:16Z INFO [110/500] 0ee6a47f-0033-4b28-b305-2bf045dd267f: valid; 2.5 s; peak memory 1226 MiB.
2026-09-22T15:58:29Z INFO [111/500] 0ee6d20d-be1a-4744-8b4b-836932671ba8: valid; 13.1 s; peak memory 1268 MiB.
2026-09-22T15:58:32Z INFO [112/500] 0ee6e81d-2039-4c2b-92da-dc179e901de6: valid; 2.5 s; peak memory 1274 MiB.
2026-09-22T15:58:32Z WARNING 0ee70a52-1a33-4173-86e1-81731a35f25b: failed while retrieving asset information from the DANDI API (NotFoundError: No asset at path 'sub-EPCNHP2/sub-EPCNHP2_ses-2020-10-30-002_ecephys.nwb' in version 0.240701.1903. Verify the path is correct and the asset exists in this version. Use 'dandi ls' to list available assets.)
2026-09-22T15:58:33Z INFO [114/500] 0ee76a0e-cc0b-440a-a00a-163696647c67: valid; 1.3 s; peak memory 1277 MiB.
2026-09-22T15:58:42Z INFO [115/500] 0ee7bcbf-eaf8-4641-9276-e1c847ea6688: valid; 9.3 s; peak memory 1322 MiB.
2026-09-22T15:58:51Z INFO [116/500] 0ee7fca5-4f51-47ea-89e2-f5abc258b0e9: valid; 8.4 s; peak memory 1339 MiB.
2026-09-22T15:58:53Z WARNING 0ee87dd0-70cd-482e-85e3-ee9ae2bdb620: failed while opening the NWB file (ConstructError: (root/acquisition/_iblmic_audioSpectrogram/bands GroupBuilder {'attributes': {'colnames': array(['freq'], dtype=object), 'description': 'spectogram frequencies', 'namespace': 'core', 'neurodata_type': 'FrequencyBandsTable', 'object_id': '094057be-28c5-4876-a55b-050ea53a78e4'}, 'groups': {}, 'datasets': {'freq': root/acquisition/_iblmic_audioSpectrogram/bands/freq DatasetBuilder {'attributes': {'description': 'frequency value', 'namespace': 'hdmf-common', 'neurodata_type': 'VectorData', 'object_id': 'e7ded582-16ef-4796-b5f4-6a3193d74689'}, 'data': <HDF5 dataset "freq": shape (257,), type "<f4">}, 'id': root/acquisition/_iblmic_audioSpectrogram/bands/id DatasetBuilder {'attributes': {'namespace': 'hdmf-common', 'neurodata_type': 'ElementIdentifiers', 'object_id': 'bb439b23-0d66-47ad-8ded-c9c2e1fe1986'}, 'data': <HDF5 dataset "id": shape (257,), type "<i4">}}, 'links': {}}, "Could not construct FrequencyBandsTable object due to: column must have the same number of rows as 'id'"))
2026-09-22T15:58:55Z INFO [118/500] 0ee90e08-217a-4797-8c5d-a03e07cef6d1: not valid; 2.1 s; peak memory 1348 MiB.
2026-09-22T15:58:57Z WARNING 0ee9435f-b253-4ef2-8bee-5ec258930f8d: failed while opening the NWB file (ConstructError: (root/acquisition/_iblmic_audioSpectrogram/bands GroupBuilder {'attributes': {'colnames': array(['freq'], dtype=object), 'description': 'spectogram frequencies', 'namespace': 'core', 'neurodata_type': 'FrequencyBandsTable', 'object_id': '60177b82-d23e-419e-bc28-3eef2d3e420c'}, 'groups': {}, 'datasets': {'freq': root/acquisition/_iblmic_audioSpectrogram/bands/freq DatasetBuilder {'attributes': {'description': 'frequency value', 'namespace': 'hdmf-common', 'neurodata_type': 'VectorData', 'object_id': '7675bb30-5dfd-4b93-9d17-70d58a2b5e02'}, 'data': <HDF5 dataset "freq": shape (257,), type "<f4">}, 'id': root/acquisition/_iblmic_audioSpectrogram/bands/id DatasetBuilder {'attributes': {'namespace': 'hdmf-common', 'neurodata_type': 'ElementIdentifiers', 'object_id': '1282ed89-0d33-4727-b0e6-73037fc16de1'}, 'data': <HDF5 dataset "id": shape (257,), type "<i4">}}, 'links': {}}, "Could not construct FrequencyBandsTable object due to: column must have the same number of rows as 'id'"))
2026-09-22T15:58:59Z INFO [120/500] 0ee971c4-d93a-4a73-a284-154e8eed97e9: valid; 1.6 s; peak memory 1356 MiB.
2026-09-22T15:59:00Z INFO [121/500] 0eea01be-9f48-437c-b592-311ac9c964f3: not valid; 1.1 s; peak memory 1358 MiB.
2026-09-22T15:59:02Z INFO [122/500] 0eeac5b1-f103-47f0-968f-a71421e078db: valid; 1.7 s; peak memory 1362 MiB.
2026-09-22T15:59:03Z INFO [123/500] 0eeaca0e-9a42-448b-8fa2-a52477a82d4e: valid; 1.4 s; peak memory 1364 MiB.
2026-09-22T15:59:05Z INFO [124/500] 0eebbdf1-c954-48df-a568-bc4848fdd4fa: not valid; 2.1 s; peak memory 1370 MiB.
2026-09-22T15:59:28Z INFO [125/500] 0eebd5cf-5883-4b50-97bf-910f26ba3cb1: valid; 22.8 s; peak memory 1504 MiB.
2026-09-22T15:59:38Z INFO [126/500] 0eebe6a1-1041-4a36-86d0-5744e12dd733: valid; 10.0 s; peak memory 1504 MiB.
2026-09-22T15:59:41Z INFO [127/500] 0eebf9b4-1ccd-46c4-becb-b748144c6f55: valid; 3.0 s; peak memory 1504 MiB.
2026-09-22T15:59:43Z INFO [128/500] 0eecde4d-4b0f-4184-95e2-4b8887518c86: valid; 1.9 s; peak memory 1504 MiB.
2026-09-22T15:59:44Z INFO [129/500] 0eed0bf4-ac67-4255-b365-7b62a7861fd0: not valid; 1.1 s; peak memory 1504 MiB.
2026-09-22T15:59:48Z INFO [130/500] 0eeda192-693c-4125-89f5-75dc0951ef9e: not valid; 4.4 s; peak memory 1504 MiB.
2026-09-22T15:59:51Z INFO [131/500] 0eee5552-2c68-41b7-98eb-c7a6a564758f: valid; 2.7 s; peak memory 1505 MiB.
2026-09-22T15:59:54Z INFO [132/500] 0eee8645-4c7a-489b-9a6e-68821db8e88c: valid; 2.5 s; peak memory 1505 MiB.
2026-09-22T15:59:57Z INFO [133/500] 0ef00996-4224-44c2-b4d3-5bad48b6df8d: valid; 3.0 s; peak memory 1505 MiB.
2026-09-22T15:59:57Z WARNING 0ef01d6d-5b33-4e59-8489-f8e9be7cd7f0: failed while retrieving asset information from the DANDI API (NotFoundError: No asset at path 'sub-LG615/sub-LG615_ses-20250916_obj-1ed3l29_ophys.nwb' in version 0.260915.2135. Verify the path is correct and the asset exists in this version. Use 'dandi ls' to list available assets.)
2026-09-22T16:00:01Z INFO [135/500] 0ef117fa-fad2-42c0-b448-3995437b3961: valid; 3.8 s; peak memory 1505 MiB.
2026-09-22T16:00:03Z INFO [136/500] 0ef17924-67e6-4476-b117-43aac9a11aac: not valid; 2.1 s; peak memory 1505 MiB.
2026-09-22T16:00:04Z INFO [137/500] 0ef1c544-b42b-4948-82e8-ac2d613308d7: valid; 1.6 s; peak memory 1505 MiB.
2026-09-22T16:00:44Z INFO [138/500] 0ef1d3b1-6b41-48a8-834b-5b22ab1de8db: not valid; 39.6 s; peak memory 1505 MiB.
2026-09-22T16:00:56Z INFO [139/500] 0ef1f738-a172-4acf-8231-d36851b4a580: valid; 12.5 s; peak memory 1505 MiB.
2026-09-22T16:00:58Z WARNING 0ef22481-b984-49dc-a546-0de97c191d3a: failed while opening the NWB file (ConstructError: (root/acquisition/event_code_meanings GroupBuilder {'attributes': {'colnames': array(['value', 'meaning'], dtype=object), 'description': 'Mapping integer event codes to event labels', 'namespace': 'ndx-events', 'neurodata_type': 'MeaningsTable', 'object_id': 'ecda27f3-09a6-49fb-97aa-7231881dc53a'}, 'groups': {}, 'datasets': {'id': root/acquisition/event_code_meanings/id DatasetBuilder {'attributes': {'namespace': 'hdmf-common', 'neurodata_type': 'ElementIdentifiers', 'object_id': '6c0607ad-d189-405f-a9fa-283bd2d60455'}, 'data': <HDF5 dataset "id": shape (26,), type "<i8">}, 'meaning': root/acquisition/event_code_meanings/meaning DatasetBuilder {'attributes': {'description': 'The meaning of the value in the parent CategoricalVectorData object.', 'namespace': 'hdmf-experimental', 'neurodata_type': 'VectorData', 'object_id': '3fa02315-4567-4d09-8beb-c88d6544a5c3'}, 'data': <StrDataset for HDF5 dataset "meaning": shape (26,), type "|O">}, 'value': root/acquisition/event_code_meanings/value DatasetBuilder {'attributes': {'description': 'The value of the parent CategoricalVectorData object.', 'namespace': 'hdmf-experimental', 'neurodata_type': 'VectorData', 'object_id': 'f92c2ef1-45ae-4d4e-9555-08fb0f15af26'}, 'data': <HDF5 dataset "value": shape (26,), type "<i8">}}, 'links': {}}, "Could not construct MeaningsTable object due to: MeaningsTable.__init__: missing argument 'target'"))
2026-09-22T16:01:07Z INFO [141/500] 0ef30889-042f-4224-84f9-a3351ea3b8c2: valid; 9.1 s; peak memory 1661 MiB.
2026-09-22T16:01:10Z INFO [142/500] 0ef36321-498b-4a1b-80ab-9c611489d280: valid; 2.4 s; peak memory 1661 MiB.
2026-09-22T16:01:16Z INFO [143/500] 0ef3c8ba-06e7-401b-9b2e-ce674682613b: valid; 6.3 s; peak memory 1661 MiB.
2026-09-22T16:01:18Z INFO [144/500] 0ef4a04d-9be5-4222-9e7a-e4609a362d9f: not valid; 1.6 s; peak memory 1661 MiB.
2026-09-22T16:01:19Z INFO [145/500] 0ef538d5-1ea5-467e-9acb-a5156ca644cd: not valid; 1.4 s; peak memory 1661 MiB.
2026-09-22T16:01:21Z INFO [146/500] 0ef5a366-7fa4-4f66-893a-e68fa3469a02: not valid; 1.8 s; peak memory 1661 MiB.
2026-09-22T16:01:24Z INFO [147/500] 0ef5a88e-c819-49b9-b0c3-8e3f1f0ad2ed: valid; 3.0 s; peak memory 1661 MiB.
2026-09-22T16:01:25Z INFO [148/500] 0ef5ddc5-6677-4b66-8b4a-bd7c02e7bd90: valid; 1.5 s; peak memory 1661 MiB.
2026-09-22T16:01:42Z INFO [149/500] 0ef61c95-11ab-4819-b3aa-0a3ce838c7f9: valid; 17.1 s; peak memory 1662 MiB.
2026-09-22T16:01:44Z INFO [150/500] 0ef688ba-7ad4-4e66-9b40-9c89cb7cda31: not valid; 1.9 s; peak memory 1662 MiB.
2026-09-22T16:01:45Z INFO [150/500] 0ef688ba-7ad4-4e66-9b40-9c89cb7cda31: checkpointed 74660 records.
2026-09-22T16:01:48Z INFO [151/500] 0ef715ca-2337-481d-a331-a7a9eb900382: valid; 2.9 s; peak memory 1662 MiB.
2026-09-22T16:01:50Z INFO [152/500] 0ef79311-8b4b-440c-82de-b4c747c8d5ff: valid; 1.8 s; peak memory 1662 MiB.
2026-09-22T16:02:05Z INFO [153/500] 0ef86443-77fa-471e-9a0d-9bd1b7b3a0b3: valid; 15.9 s; peak memory 1866 MiB.
2026-09-22T16:02:06Z WARNING 0ef952b0-3487-4925-b659-8c94e75533ac: failed while retrieving asset information from the DANDI API (NotFoundError: No such Dandiset: 001269)
2026-09-22T16:02:08Z INFO [155/500] 0ef95d85-6207-424a-bed9-ff4b5e323ab5: valid; 2.2 s; peak memory 1866 MiB.
2026-09-22T16:02:10Z WARNING 0ef9870f-62af-4e1a-ae6d-53f2ebc41052: failed while opening the NWB file (ConstructError: (root/acquisition/_iblmic_audioSpectrogram/bands GroupBuilder {'attributes': {'colnames': array(['freq'], dtype=object), 'description': 'spectogram frequencies', 'namespace': 'core', 'neurodata_type': 'FrequencyBandsTable', 'object_id': 'd7078c6a-42d8-45cb-9c8e-4d66744daa87'}, 'groups': {}, 'datasets': {'freq': root/acquisition/_iblmic_audioSpectrogram/bands/freq DatasetBuilder {'attributes': {'description': 'frequency value', 'namespace': 'hdmf-common', 'neurodata_type': 'VectorData', 'object_id': 'aeb06f62-e7c8-4b0c-8d88-adeebd5559f6'}, 'data': <HDF5 dataset "freq": shape (257,), type "<f4">}, 'id': root/acquisition/_iblmic_audioSpectrogram/bands/id DatasetBuilder {'attributes': {'namespace': 'hdmf-common', 'neurodata_type': 'ElementIdentifiers', 'object_id': '019a5b92-0584-4639-a65a-323af0ed55c3'}, 'data': <HDF5 dataset "id": shape (257,), type "<i4">}}, 'links': {}}, "Could not construct FrequencyBandsTable object due to: column must have the same number of rows as 'id'"))
2026-09-22T16:02:12Z INFO [157/500] 0ef9d651-9f2c-429a-a47d-0ce2d929677a: valid; 2.2 s; peak memory 1866 MiB.
2026-09-22T16:02:15Z INFO [158/500] 0efa053c-d37d-4a9d-a6e7-0d0dfd4e0827: not valid; 2.4 s; peak memory 1866 MiB.
2026-09-22T16:02:17Z INFO [159/500] 0efa59f0-c432-4cc7-846c-3ced518a0468: valid; 2.5 s; peak memory 1866 MiB.
2026-09-22T16:02:19Z INFO [160/500] 0efb575c-71a0-4399-af6d-55bd580e0daf: not valid; 1.7 s; peak memory 1866 MiB.
2026-09-22T16:02:29Z INFO [161/500] 0efc225b-e0e1-4f9c-97c8-97724b110abd: valid; 10.3 s; peak memory 1895 MiB.
2026-09-22T16:02:32Z WARNING 0efc68d1-091f-4615-8abe-0cb0d41cb05f: failed while opening the NWB file (ConstructError: (root/acquisition/_iblmic_audioSpectrogram/bands GroupBuilder {'attributes': {'colnames': array(['freq'], dtype=object), 'description': 'spectogram frequencies', 'namespace': 'core', 'neurodata_type': 'FrequencyBandsTable', 'object_id': '4d37083a-7f91-4f1c-8175-c74c903a396e'}, 'groups': {}, 'datasets': {'freq': root/acquisition/_iblmic_audioSpectrogram/bands/freq DatasetBuilder {'attributes': {'description': 'frequency value', 'namespace': 'hdmf-common', 'neurodata_type': 'VectorData', 'object_id': 'e60a5fcd-a833-410f-b8ef-cf68b2d29d22'}, 'data': <HDF5 dataset "freq": shape (257,), type "<f4">}, 'id': root/acquisition/_iblmic_audioSpectrogram/bands/id DatasetBuilder {'attributes': {'namespace': 'hdmf-common', 'neurodata_type': 'ElementIdentifiers', 'object_id': 'c0aa57ed-9e4b-4cde-8838-45de3561f20e'}, 'data': <HDF5 dataset "id": shape (257,), type "<i4">}}, 'links': {}}, "Could not construct FrequencyBandsTable object due to: column must have the same number of rows as 'id'"))
2026-09-22T16:02:33Z INFO [163/500] 0efd1293-10d0-463c-aed2-64b8544ac7c9: valid; 1.5 s; peak memory 1898 MiB.
2026-09-22T16:02:35Z INFO [164/500] 0efd8705-39b8-4e87-9d10-da5ec5ad8dba: not valid; 1.8 s; peak memory 1898 MiB.
2026-09-22T16:02:40Z INFO [165/500] 0efd9448-f429-4699-b80f-4cd3a0f36424: valid; 4.8 s; peak memory 1898 MiB.
2026-09-22T16:02:42Z INFO [166/500] 0efda1d8-f010-4219-b4e2-9d0501c70d9a: valid; 2.4 s; peak memory 1898 MiB.
2026-09-22T16:02:45Z INFO [167/500] 0efdfc4e-316d-44ae-ac0c-a2fcfe99a757: valid; 2.1 s; peak memory 1898 MiB.
2026-09-22T16:02:49Z INFO [168/500] 0efe1fc2-6c88-4e39-a90e-391395a68b53: not valid; 4.6 s; peak memory 1913 MiB.
2026-09-22T16:02:50Z INFO [169/500] 0efed63a-a7c7-4959-a619-0b77744e4d38: not valid; 1.1 s; peak memory 1913 MiB.
2026-09-22T16:02:52Z INFO [170/500] 0efee1e9-7567-48fe-9e13-79488e7a91c2: valid; 1.7 s; peak memory 1913 MiB.
2026-09-22T16:03:08Z INFO [171/500] 0efee546-a45a-4074-a10b-b21fcef62ba5: valid; 16.4 s; peak memory 1913 MiB.
2026-09-22T16:03:11Z INFO [172/500] 0f003818-09cf-46ee-9d86-59e5f7103d82: valid; 2.4 s; peak memory 1913 MiB.
2026-09-22T16:03:12Z INFO [173/500] 0f0072d8-79ea-40fb-9963-62538eac72be: valid; 1.3 s; peak memory 1913 MiB.
2026-09-22T16:03:14Z INFO [174/500] 0f0118ab-c5d9-40ef-b616-1a3c8c039bc3: valid; 2.3 s; peak memory 1913 MiB.
2026-09-22T16:03:17Z INFO [175/500] 0f01f2e4-d9dd-4c25-b287-e1035eb06de1: valid; 2.9 s; peak memory 1913 MiB.
2026-09-22T16:03:19Z INFO [176/500] 0f023759-62b0-404a-b988-d261636bf319: valid; 1.4 s; peak memory 1913 MiB.
2026-09-22T16:03:20Z INFO [177/500] 0f033436-cfce-4b76-96db-fb0627347205: not valid; 1.6 s; peak memory 1913 MiB.
2026-09-22T16:03:22Z WARNING 0f04077b-3164-4a8f-b067-d603fb1860ef: failed while opening the NWB file (ConstructError: (root/acquisition/_iblmic_audioSpectrogram/bands GroupBuilder {'attributes': {'colnames': array(['freq'], dtype=object), 'description': 'spectogram frequencies', 'namespace': 'core', 'neurodata_type': 'FrequencyBandsTable', 'object_id': '40ecabdc-3039-4587-bb18-7b6f87761fac'}, 'groups': {}, 'datasets': {'freq': root/acquisition/_iblmic_audioSpectrogram/bands/freq DatasetBuilder {'attributes': {'description': 'frequency value', 'namespace': 'hdmf-common', 'neurodata_type': 'VectorData', 'object_id': '7ce24d1a-62bd-4a18-ab4a-c6dc989c261a'}, 'data': <HDF5 dataset "freq": shape (257,), type "<f4">}, 'id': root/acquisition/_iblmic_audioSpectrogram/bands/id DatasetBuilder {'attributes': {'namespace': 'hdmf-common', 'neurodata_type': 'ElementIdentifiers', 'object_id': '27cc95c9-2fe1-4cbb-9cec-b9fadec80ebf'}, 'data': <HDF5 dataset "id": shape (257,), type "<i4">}}, 'links': {}}, "Could not construct FrequencyBandsTable object due to: column must have the same number of rows as 'id'"))
2026-09-22T16:03:25Z INFO [179/500] 0f050d15-0fd6-46cc-8f2d-61fea21c924a: valid; 2.3 s; peak memory 1913 MiB.
2026-09-22T16:03:27Z INFO [180/500] 0f059515-5500-41ee-a8bd-98e5e3c4fa0c: not valid; 1.9 s; peak memory 1913 MiB.
2026-09-22T16:03:29Z INFO [181/500] 0f05d7e8-5de9-4113-85de-9b41c2d81267: valid; 2.5 s; peak memory 1913 MiB.
2026-09-22T16:03:36Z INFO [182/500] 0f06e8a3-b59f-47d3-a4d0-606201fec30d: valid; 7.3 s; peak memory 1913 MiB.
2026-09-22T16:03:38Z INFO [183/500] 0f06fb84-f238-4f10-b825-445f18a810fe: valid; 1.3 s; peak memory 1913 MiB.
2026-09-22T16:03:41Z INFO [184/500] 0f072286-ce96-4fc9-931d-6fdc30f5e614: valid; 3.2 s; peak memory 1913 MiB.
2026-09-22T16:03:43Z INFO [185/500] 0f0746c5-bb1f-485f-a879-1c3dcd9ddd05: valid; 2.5 s; peak memory 1913 MiB.
2026-09-22T16:03:46Z INFO [186/500] 0f0840c9-0c55-48b3-840d-5bea82b650d1: valid; 2.4 s; peak memory 1913 MiB.
2026-09-22T16:03:47Z INFO [187/500] 0f08ab13-9707-4ce7-94e8-4ccf02afcd31: not valid; 1.7 s; peak memory 1913 MiB.
2026-09-22T16:03:50Z INFO [188/500] 0f09340f-f2b6-4010-a6fc-d24e6cec1431: not valid; 2.2 s; peak memory 1913 MiB.
2026-09-22T16:04:04Z INFO [189/500] 0f095c54-f7e8-4df6-bd53-09360b5d0e5d: valid; 14.7 s; peak memory 2028 MiB.
2026-09-22T16:04:07Z INFO [190/500] 0f099712-9c59-4abd-8b42-26d1c3e27fc8: valid; 2.6 s; peak memory 2028 MiB.
2026-09-22T16:04:09Z INFO [191/500] 0f09ac4c-709a-4dbf-bc3e-21eb43b34fcc: valid; 1.9 s; peak memory 2028 MiB.
2026-09-22T16:04:10Z INFO [192/500] 0f0a07c5-4850-461e-ae22-c59f85a4bd84: valid; 1.5 s; peak memory 2028 MiB.
2026-09-22T16:04:12Z INFO [193/500] 0f0a660b-df2f-4351-ab69-f6309daaf28c: not valid; 1.8 s; peak memory 2028 MiB.
2026-09-22T16:04:26Z INFO [194/500] 0f0a666a-c5ad-4ec5-af4d-a26a722eaafa: valid; 13.6 s; peak memory 2028 MiB.
2026-09-22T16:04:28Z INFO [195/500] 0f0a82d7-c14a-4679-a2a5-7936d28ff8b2: valid; 2.2 s; peak memory 2036 MiB.
2026-09-22T16:04:34Z INFO [196/500] 0f0b799e-6aef-48a3-9656-90a3b3012937: not valid; 6.5 s; peak memory 2127 MiB.
2026-09-22T16:04:36Z INFO [197/500] 0f0ba283-2d0b-447a-9206-838ff90f5147: valid; 2.1 s; peak memory 2127 MiB.
2026-09-22T16:04:38Z INFO [198/500] 0f0bacd3-be70-4365-89f3-d1f62ba7173d: valid; 1.8 s; peak memory 2127 MiB.
2026-09-22T16:04:40Z INFO [199/500] 0f0bcf0f-ec2a-48ae-abce-932fe0a1ec85: valid; 1.4 s; peak memory 2127 MiB.
2026-09-22T16:04:44Z INFO [200/500] 0f0bcf77-4833-40d0-b7c9-c2ad199158aa: valid; 4.1 s; peak memory 2130 MiB.
2026-09-22T16:04:44Z INFO [200/500] 0f0bcf77-4833-40d0-b7c9-c2ad199158aa: checkpointed 74710 records.
2026-09-22T16:04:58Z INFO [201/500] 0f0bf7ed-c6f3-406f-bbd1-c2da5af28f55: valid; 13.5 s; peak memory 2130 MiB.
2026-09-22T16:05:00Z INFO [202/500] 0f0c19f2-cba4-4b2d-821c-07fd7fc6ba6a: valid; 2.3 s; peak memory 2130 MiB.
2026-09-22T16:05:02Z INFO [203/500] 0f0c2c2a-0450-4577-9e20-ef4a4b456659: not valid; 1.5 s; peak memory 2130 MiB.
2026-09-22T16:05:05Z INFO [204/500] 0f0c5542-ea2a-4805-8b2a-7b49b506e3b4: valid; 3.0 s; peak memory 2130 MiB.
2026-09-22T16:05:06Z INFO [205/500] 0f0ccf54-00b6-4772-bca4-baa22c12109f: valid; 1.4 s; peak memory 2130 MiB.
2026-09-22T16:05:08Z INFO [206/500] 0f0da936-950e-427f-a4d4-261eefd0f64f: valid; 2.2 s; peak memory 2130 MiB.
2026-09-22T16:05:11Z INFO [207/500] 0f0db08b-0ab7-4a9c-97c2-ec70d7badc87: valid; 3.2 s; peak memory 2131 MiB.
2026-09-22T16:05:13Z INFO [208/500] 0f0df611-4b29-4ccf-bdbb-5f4b123d778b: valid; 1.3 s; peak memory 2131 MiB.
2026-09-22T16:05:15Z INFO [209/500] 0f0dff56-6366-4193-8c5e-6d453356ab6a: valid; 2.4 s; peak memory 2131 MiB.
2026-09-22T16:05:16Z INFO [210/500] 0f0e3918-fb63-4fb1-8add-ec099a4cf51d: valid; 1.2 s; peak memory 2131 MiB.
2026-09-22T16:05:19Z INFO [211/500] 0f0e917d-0403-446e-be11-7b9fb52f684b: valid; 3.2 s; peak memory 2131 MiB.
2026-09-22T16:05:22Z INFO [212/500] 0f0ec34c-32bf-4edc-9be0-887d93a580e0: valid; 2.4 s; peak memory 2131 MiB.
2026-09-22T16:05:24Z INFO [213/500] 0f0f616f-ca0b-4bde-b9c9-a799d5092a8f: not valid; 2.0 s; peak memory 2131 MiB.
2026-09-22T16:05:25Z INFO [214/500] 0f0fe620-972d-4dce-8e66-ca568f4dd3bd: valid; 1.5 s; peak memory 2131 MiB.
2026-09-22T16:05:28Z INFO [215/500] 0f1070d0-a88b-4101-8bb8-cef5b1c4c75f: valid; 2.9 s; peak memory 2131 MiB.
2026-09-22T16:05:31Z INFO [216/500] 0f1164b5-dc45-4fde-adb9-c80a5674c79e: valid; 2.9 s; peak memory 2131 MiB.
2026-09-22T16:05:33Z INFO [217/500] 0f117125-d717-4333-b230-ec5257e91043: valid; 2.4 s; peak memory 2131 MiB.
2026-09-22T16:05:36Z INFO [218/500] 0f118145-7c7a-4ca0-9d44-4525c3e2d151: valid; 2.7 s; peak memory 2131 MiB.
2026-09-22T16:05:37Z INFO [219/500] 0f122dce-e977-475b-a59f-c859fbf7221c: valid; 1.4 s; peak memory 2131 MiB.
2026-09-22T16:05:40Z INFO [220/500] 0f126c6a-a04c-4e1e-ada0-05ca1ac067d2: valid; 2.7 s; peak memory 2131 MiB.
2026-09-22T16:05:42Z INFO [221/500] 0f1320fb-e6dd-4f1c-ba1d-091a50e563ec: valid; 1.8 s; peak memory 2131 MiB.
2026-09-22T16:05:44Z INFO [222/500] 0f13c747-fb8d-42f1-96cb-c3d2ad86d19b: not valid; 1.6 s; peak memory 2131 MiB.
2026-09-22T16:05:45Z INFO [223/500] 0f140aa2-0f9d-40eb-aa3f-5d9b25acbf8e: not valid; 1.8 s; peak memory 2131 MiB.
2026-09-22T16:05:47Z INFO [224/500] 0f15a031-1692-4191-8b7f-aca7a58a0a6e: valid; 1.8 s; peak memory 2131 MiB.
2026-09-22T16:06:01Z INFO [225/500] 0f15f701-a7e6-4d0f-ae77-9598629bd4c8: valid; 13.3 s; peak memory 2141 MiB.
2026-09-22T16:06:09Z INFO [226/500] 0f16c545-537a-4ebd-aa93-ae9493103d26: valid; 8.3 s; peak memory 2174 MiB.
2026-09-22T16:06:10Z INFO [227/500] 0f17011b-bdc0-431c-9476-c39c2c09bd07: valid; 1.2 s; peak memory 2177 MiB.
2026-09-22T16:06:12Z INFO [228/500] 0f1787a6-4990-4985-b724-2253ba7d03cb: valid; 2.2 s; peak memory 2185 MiB.
2026-09-22T16:06:14Z INFO [229/500] 0f17983f-9420-452b-8056-93c4506a803c: valid; 2.1 s; peak memory 2196 MiB.
2026-09-22T16:06:27Z INFO [230/500] 0f17adfa-46d1-451b-b1c3-7b2ddc9c6ff3: not valid; 12.2 s; peak memory 2229 MiB.
2026-09-22T16:06:28Z INFO [231/500] 0f18684e-2551-48b7-9de3-3e0f9610a4a6: valid; 1.2 s; peak memory 2229 MiB.
2026-09-22T16:06:31Z INFO [232/500] 0f1890dd-4292-4eb0-977e-243ff34e7587: valid; 3.6 s; peak memory 2229 MiB.
2026-09-22T16:06:33Z INFO [233/500] 0f190502-fafd-48c9-a7ca-0d5ed0057f95: valid; 1.4 s; peak memory 2229 MiB.
2026-09-22T16:06:34Z INFO [234/500] 0f191f56-0eda-41aa-9016-26f31bc15dac: valid; 1.4 s; peak memory 2229 MiB.
2026-09-22T16:06:48Z INFO [235/500] 0f1926fa-f63f-4b50-9bdd-bdcae2462e84: valid; 13.5 s; peak memory 2240 MiB.
2026-09-22T16:07:05Z INFO [236/500] 0f19ab5e-a6bd-478c-9fcf-5c65569fc82a: valid; 17.4 s; peak memory 2311 MiB.
2026-09-22T16:07:07Z INFO [237/500] 0f1a5230-0a58-4b0a-89ee-8172ff367331: valid; 1.5 s; peak memory 2311 MiB.
2026-09-22T16:07:09Z INFO [238/500] 0f1b1d85-4777-46df-ab15-04523e2ade51: valid; 2.1 s; peak memory 2312 MiB.
2026-09-22T16:07:10Z INFO [239/500] 0f1b5902-d244-4090-b4fd-01183dd6e4e1: valid; 1.4 s; peak memory 2314 MiB.
2026-09-22T16:07:16Z INFO [240/500] 0f1c9573-df71-4124-83bd-0a5d9398efc8: not valid; 5.8 s; peak memory 2402 MiB.
2026-09-22T16:07:31Z INFO [241/500] 0f1d2f31-cec0-45e2-a19c-d2068e7d5fad: valid; 15.6 s; peak memory 2442 MiB.
2026-09-22T16:07:36Z INFO [242/500] 0f1d6d73-18e3-4c4e-ada1-2890f65e3048: valid; 4.4 s; peak memory 2455 MiB.
2026-09-22T16:07:38Z INFO [243/500] 0f1e6a38-b732-413e-a3f4-e65d7970b1b4: valid; 1.6 s; peak memory 2458 MiB.
2026-09-22T16:07:54Z INFO [244/500] 0f20c12b-ca59-41a2-b701-cf5b86aaaf69: valid; 16.4 s; peak memory 2471 MiB.
2026-09-22T16:07:56Z INFO [245/500] 0f212880-d928-45dd-b074-fe492173c141: not valid; 2.1 s; peak memory 2471 MiB.
2026-09-22T16:07:57Z INFO [246/500] 0f21ab5c-4d13-47c6-a6f0-ef0353f98e14: valid; 1.4 s; peak memory 2471 MiB.
2026-09-22T16:08:00Z INFO [247/500] 0f2235ad-f42f-4b70-b4dc-0df937f6b089: valid; 2.6 s; peak memory 2472 MiB.
2026-09-22T16:08:01Z INFO [248/500] 0f2270cf-8cf3-4477-bab6-2df77ead0cb7: valid; 1.4 s; peak memory 2472 MiB.
2026-09-22T16:08:03Z INFO [249/500] 0f231548-7c8f-448a-bd4e-b19546107cec: valid; 1.3 s; peak memory 2472 MiB.
2026-09-22T16:08:05Z INFO [250/500] 0f232cfc-a707-409c-b072-2b4c23f11621: valid; 2.2 s; peak memory 2472 MiB.
2026-09-22T16:08:05Z INFO [250/500] 0f232cfc-a707-409c-b072-2b4c23f11621: checkpointed 74760 records.
2026-09-22T16:08:07Z INFO [251/500] 0f23326e-a11f-47b7-91e4-5801576891f8: not valid; 1.6 s; peak memory 2472 MiB.
2026-09-22T16:08:09Z INFO [252/500] 0f234170-9077-451f-9696-4c576a47edb1: valid; 2.3 s; peak memory 2472 MiB.
2026-09-22T16:08:11Z WARNING 0f23504c-bccb-4c6f-8dcd-250c6e2bd5dd: failed while opening the NWB file (ConstructError: (root/acquisition/_iblmic_audioSpectrogram/bands GroupBuilder {'attributes': {'colnames': array(['freq'], dtype=object), 'description': 'spectogram frequencies', 'namespace': 'core', 'neurodata_type': 'FrequencyBandsTable', 'object_id': '64819472-682b-470e-b66a-76af0893b88a'}, 'groups': {}, 'datasets': {'freq': root/acquisition/_iblmic_audioSpectrogram/bands/freq DatasetBuilder {'attributes': {'description': 'frequency value', 'namespace': 'hdmf-common', 'neurodata_type': 'VectorData', 'object_id': '1c38d876-9a13-4116-b841-e827e6b0af40'}, 'data': <HDF5 dataset "freq": shape (257,), type "<f4">}, 'id': root/acquisition/_iblmic_audioSpectrogram/bands/id DatasetBuilder {'attributes': {'namespace': 'hdmf-common', 'neurodata_type': 'ElementIdentifiers', 'object_id': '9307661b-24b9-4b6e-a1df-ee6ab485244e'}, 'data': <HDF5 dataset "id": shape (257,), type "<i4">}}, 'links': {}}, "Could not construct FrequencyBandsTable object due to: column must have the same number of rows as 'id'"))
2026-09-22T16:08:13Z WARNING 0f241d8a-6e65-48a7-b850-38dc025041a6: failed while opening the NWB file (ConstructError: (root/acquisition/_iblmic_audioSpectrogram/bands GroupBuilder {'attributes': {'colnames': array(['freq'], dtype=object), 'description': 'spectogram frequencies', 'namespace': 'core', 'neurodata_type': 'FrequencyBandsTable', 'object_id': '13ab4ca9-1488-491c-94ad-70d1726191f2'}, 'groups': {}, 'datasets': {'freq': root/acquisition/_iblmic_audioSpectrogram/bands/freq DatasetBuilder {'attributes': {'description': 'frequency value', 'namespace': 'hdmf-common', 'neurodata_type': 'VectorData', 'object_id': 'ab621928-b899-46bc-90c9-39b6f4ba917c'}, 'data': <HDF5 dataset "freq": shape (257,), type "<f4">}, 'id': root/acquisition/_iblmic_audioSpectrogram/bands/id DatasetBuilder {'attributes': {'namespace': 'hdmf-common', 'neurodata_type': 'ElementIdentifiers', 'object_id': 'a038deac-afc2-4424-917f-be8b607523c0'}, 'data': <HDF5 dataset "id": shape (257,), type "<i4">}}, 'links': {}}, "Could not construct FrequencyBandsTable object due to: column must have the same number of rows as 'id'"))
2026-09-22T16:08:15Z INFO [255/500] 0f24340f-7267-4b5c-af26-fd800036968c: valid; 1.5 s; peak memory 2472 MiB.
2026-09-22T16:08:18Z INFO [256/500] 0f2438aa-79a7-4fc8-94e3-71f57720f160: valid; 3.5 s; peak memory 2472 MiB.
2026-09-22T16:08:21Z INFO [257/500] 0f24ecb7-f2c7-4af5-8984-f647e081ea67: valid; 2.9 s; peak memory 2472 MiB.
2026-09-22T16:08:23Z INFO [258/500] 0f25554a-a3f5-440f-aee9-966311092eeb: valid; 2.2 s; peak memory 2472 MiB.
2026-09-22T16:08:25Z INFO [259/500] 0f25b242-9a08-447d-b934-a7eb8ad85409: valid; 1.5 s; peak memory 2472 MiB.
2026-09-22T16:08:30Z INFO [260/500] 0f25fb2a-3f0e-4592-a417-a496b251a645: valid; 5.0 s; peak memory 2472 MiB.
2026-09-22T16:08:32Z INFO [261/500] 0f26b410-b4e7-4f1e-a287-3777a03da264: valid; 1.7 s; peak memory 2472 MiB.
2026-09-22T16:08:34Z INFO [262/500] 0f26ba49-bfd9-42c3-a33e-cf5b06674f5c: valid; 2.5 s; peak memory 2472 MiB.
2026-09-22T16:08:43Z INFO [263/500] 0f276354-37b9-4ffc-949d-56823685d616: not valid; 9.1 s; peak memory 2472 MiB.
2026-09-22T16:08:47Z INFO [264/500] 0f279b15-7ce1-44e9-a7e8-7782039204d5: valid; 3.9 s; peak memory 2472 MiB.
2026-09-22T16:08:48Z INFO [265/500] 0f27a405-1b70-46be-93b6-bdfb51fed9f2: valid; 1.1 s; peak memory 2472 MiB.
2026-09-22T16:08:50Z INFO [266/500] 0f27a980-a1c6-4d31-a11f-455e0a68940c: not valid; 2.2 s; peak memory 2472 MiB.
2026-09-22T16:08:54Z INFO [267/500] 0f2809ab-174a-4d6e-875b-16cb09b0164c: valid; 3.4 s; peak memory 2472 MiB.
2026-09-22T16:08:57Z INFO [268/500] 0f282001-bb92-40d1-b810-13e92fccdedb: valid; 2.9 s; peak memory 2472 MiB.
2026-09-22T16:08:59Z INFO [269/500] 0f283662-8b8b-4188-87ef-44ad7c5e7bb4: not valid; 1.9 s; peak memory 2472 MiB.
2026-09-22T16:09:13Z INFO [270/500] 0f288dec-f4c8-4c95-82b4-c47125d29c41: valid; 14.8 s; peak memory 2507 MiB.
2026-09-22T16:09:16Z INFO [271/500] 0f28a8d0-a438-4ce0-8af9-a3094e964642: not valid; 2.3 s; peak memory 2507 MiB.
2026-09-22T16:09:17Z INFO [272/500] 0f28ffa2-93d1-4e1f-905b-37b6cc4dbcc7: valid; 1.5 s; peak memory 2507 MiB.
2026-09-22T16:09:19Z INFO [273/500] 0f2900da-5932-4830-995a-eb872e6d27bb: not valid; 2.0 s; peak memory 2508 MiB.
2026-09-22T16:09:21Z WARNING 0f292069-5192-4722-a2a4-f84b391486bc: failed while opening the NWB file (ConstructError: (root/acquisition/_iblmic_audioSpectrogram/bands GroupBuilder {'attributes': {'colnames': array(['freq'], dtype=object), 'description': 'spectogram frequencies', 'namespace': 'core', 'neurodata_type': 'FrequencyBandsTable', 'object_id': '91493240-b50d-4dcc-9741-99e00684301b'}, 'groups': {}, 'datasets': {'freq': root/acquisition/_iblmic_audioSpectrogram/bands/freq DatasetBuilder {'attributes': {'description': 'frequency value', 'namespace': 'hdmf-common', 'neurodata_type': 'VectorData', 'object_id': '96b44faf-bfbc-46a6-b366-d5c6ee164000'}, 'data': <HDF5 dataset "freq": shape (257,), type "<f4">}, 'id': root/acquisition/_iblmic_audioSpectrogram/bands/id DatasetBuilder {'attributes': {'namespace': 'hdmf-common', 'neurodata_type': 'ElementIdentifiers', 'object_id': '1e28a76e-6296-44ad-ac6d-d621e67968c1'}, 'data': <HDF5 dataset "id": shape (257,), type "<i4">}}, 'links': {}}, "Could not construct FrequencyBandsTable object due to: column must have the same number of rows as 'id'"))
2026-09-22T16:09:24Z INFO [275/500] 0f2940fa-efad-4755-a396-799d4f2e0758: valid; 3.4 s; peak memory 2508 MiB.
2026-09-22T16:09:27Z INFO [276/500] 0f29856d-0930-430d-8b5f-cb2ee9fa1d91: valid; 2.1 s; peak memory 2509 MiB.
2026-09-22T16:09:31Z INFO [277/500] 0f29a4de-3a8f-4bd3-82af-bbeaca2ed55f: valid; 4.7 s; peak memory 2509 MiB.
2026-09-22T16:09:33Z INFO [278/500] 0f2a0432-393a-4d24-8c1c-dfbdea1e3cab: valid; 1.7 s; peak memory 2511 MiB.
2026-09-22T16:09:34Z INFO [279/500] 0f2a2f4e-6f84-40c5-b114-491514958576: valid; 1.5 s; peak memory 2514 MiB.
2026-09-22T16:09:36Z INFO [280/500] 0f2a3b04-df97-4fe8-a38c-06349554bc0b: not valid; 2.0 s; peak memory 2516 MiB.
2026-09-22T16:09:51Z INFO [281/500] 0f2a95bb-3e6b-44c8-9eae-c3299483eb36: valid; 14.9 s; peak memory 2525 MiB.
2026-09-22T16:09:53Z INFO [282/500] 0f2a9968-ed5b-448c-b87b-e7378fd68629: valid; 2.1 s; peak memory 2525 MiB.
2026-09-22T16:10:11Z INFO [283/500] 0f2c9e45-d3be-46ea-81b9-1e964cc53801: not valid; 18.0 s; peak memory 2525 MiB.
2026-09-22T16:10:14Z INFO [284/500] 0f2cb8dd-556f-44a7-99a8-2b5a2290bae8: valid; 2.4 s; peak memory 2525 MiB.
2026-09-22T16:10:16Z WARNING 0f2cbd98-6f05-4ea1-b718-f21e8abb2bde: failed while opening the NWB file (ConstructError: (root/acquisition/_iblmic_audioSpectrogram/bands GroupBuilder {'attributes': {'colnames': array(['freq'], dtype=object), 'description': 'spectogram frequencies', 'namespace': 'core', 'neurodata_type': 'FrequencyBandsTable', 'object_id': '69d325c5-4f23-4076-abab-b963816d5aeb'}, 'groups': {}, 'datasets': {'freq': root/acquisition/_iblmic_audioSpectrogram/bands/freq DatasetBuilder {'attributes': {'description': 'frequency value', 'namespace': 'hdmf-common', 'neurodata_type': 'VectorData', 'object_id': '2f9732aa-e33c-4062-a76e-aa5e7c11f1b9'}, 'data': <HDF5 dataset "freq": shape (257,), type "<f4">}, 'id': root/acquisition/_iblmic_audioSpectrogram/bands/id DatasetBuilder {'attributes': {'namespace': 'hdmf-common', 'neurodata_type': 'ElementIdentifiers', 'object_id': '9bb8ee7c-4033-415e-b4d2-5048287f7208'}, 'data': <HDF5 dataset "id": shape (257,), type "<i4">}}, 'links': {}}, "Could not construct FrequencyBandsTable object due to: column must have the same number of rows as 'id'"))
2026-09-22T16:10:16Z WARNING 0f2d4417-0d2d-4460-b37f-059c67831cc4: failed while retrieving asset information from the DANDI API (NotFoundError: No asset at path 'sub-702134/sub-702134_ses-1324803287_probe-3_ecephys.nwb' in version 0.250311.2145. Verify the path is correct and the asset exists in this version. Use 'dandi ls' to list available assets.)
2026-09-22T16:10:17Z INFO [287/500] 0f2d89b1-0020-4ffa-b1d1-90e61aaa8459: valid; 1.4 s; peak memory 2525 MiB.
2026-09-22T16:10:19Z INFO [288/500] 0f2f2bf5-bdd3-48d7-852a-58dca1af1edc: valid; 1.4 s; peak memory 2525 MiB.
2026-09-22T16:10:21Z WARNING 0f2f5117-7f22-497e-a55c-7d919b572986: failed while opening the NWB file (ConstructError: (root/acquisition/_iblmic_audioSpectrogram/bands GroupBuilder {'attributes': {'colnames': array(['freq'], dtype=object), 'description': 'spectogram frequencies', 'namespace': 'core', 'neurodata_type': 'FrequencyBandsTable', 'object_id': '495b2549-10d3-46da-97f2-f794c2237950'}, 'groups': {}, 'datasets': {'freq': root/acquisition/_iblmic_audioSpectrogram/bands/freq DatasetBuilder {'attributes': {'description': 'frequency value', 'namespace': 'hdmf-common', 'neurodata_type': 'VectorData', 'object_id': '7b42c959-a34e-49e0-866f-c62d07c0519b'}, 'data': <HDF5 dataset "freq": shape (257,), type "<f4">}, 'id': root/acquisition/_iblmic_audioSpectrogram/bands/id DatasetBuilder {'attributes': {'namespace': 'hdmf-common', 'neurodata_type': 'ElementIdentifiers', 'object_id': '9ca7b078-798e-4ae1-ab01-f07e9f5160fe'}, 'data': <HDF5 dataset "id": shape (257,), type "<i4">}}, 'links': {}}, "Could not construct FrequencyBandsTable object due to: column must have the same number of rows as 'id'"))
2026-09-22T16:10:22Z INFO [290/500] 0f2f7d02-7281-4b24-942e-c3263a2b00e1: valid; 1.5 s; peak memory 2525 MiB.
2026-09-22T16:10:34Z INFO [291/500] 0f302227-f836-4bf3-9a57-39149fc960ac: valid; 11.2 s; peak memory 2532 MiB.
2026-09-22T16:10:35Z INFO [292/500] 0f315f95-4cd4-4f4c-b855-2efce9a99d54: valid; 1.5 s; peak memory 2532 MiB.
2026-09-22T16:10:38Z INFO [293/500] 0f31a847-29fd-4f38-b2fa-85bd89d32d3a: valid; 2.8 s; peak memory 2538 MiB.
2026-09-22T16:10:41Z INFO [294/500] 0f31d21c-5a67-444f-80af-3d9bf171db7a: valid; 3.1 s; peak memory 2540 MiB.
2026-09-22T16:10:43Z INFO [295/500] 0f31e1b0-0cb7-4e13-b8a4-1e09445547d4: valid; 1.5 s; peak memory 2540 MiB.
2026-09-22T16:10:44Z INFO [296/500] 0f324ce9-0f25-437a-90df-77f3ee23e185: valid; 1.2 s; peak memory 2540 MiB.
2026-09-22T16:10:47Z INFO [297/500] 0f32a17a-8eca-433c-befa-998171beca41: valid; 3.1 s; peak memory 2540 MiB.
2026-09-22T16:11:44Z INFO [298/500] 0f32a779-adc0-43b1-bb76-b09fda290074: valid; 57.4 s; peak memory 2614 MiB.
2026-09-22T16:11:56Z INFO [299/500] 0f32f189-689f-41c5-bfad-f80b6eee83aa: valid; 11.4 s; peak memory 2632 MiB.
2026-09-22T16:11:57Z INFO [300/500] 0f330e3c-5229-40f8-a3a9-c4a1119d8c0d: valid; 1.6 s; peak memory 2633 MiB.
2026-09-22T16:11:58Z INFO [300/500] 0f330e3c-5229-40f8-a3a9-c4a1119d8c0d: checkpointed 74810 records.
2026-09-22T16:12:01Z INFO [301/500] 0f3333fa-1e62-486d-9316-04a2fceae74c: valid; 3.2 s; peak memory 2639 MiB.
2026-09-22T16:12:04Z INFO [302/500] 0f3392cf-8c05-460c-84aa-b1aa2f44605c: valid; 3.4 s; peak memory 2641 MiB.
2026-09-22T16:12:07Z INFO [303/500] 0f33d2b6-7842-488e-9455-91a4a89f227f: valid; 3.0 s; peak memory 2642 MiB.
2026-09-22T16:12:10Z INFO [304/500] 0f33f0fe-2f8b-40f2-88ec-c5e72955d8f1: valid; 2.1 s; peak memory 2652 MiB.
2026-09-22T16:12:11Z INFO [305/500] 0f343dbb-f524-4f9f-88d5-8ba31474f297: valid; 1.4 s; peak memory 2652 MiB.
2026-09-22T16:12:22Z INFO [306/500] 0f356bbb-c0b3-4b7e-8153-be9ec6a03349: valid; 11.4 s; peak memory 2684 MiB.
2026-09-22T16:12:25Z INFO [307/500] 0f3588f2-9be7-4027-8316-9477e38b84d1: valid; 2.5 s; peak memory 2691 MiB.
2026-09-22T16:12:26Z INFO [308/500] 0f363aad-13a3-4c79-9bff-7ceef36eb469: valid; 1.1 s; peak memory 2691 MiB.
2026-09-22T16:12:28Z INFO [309/500] 0f36c54a-96e1-4fbc-9774-54cef3be57fd: not valid; 2.2 s; peak memory 2697 MiB.
2026-09-22T16:12:29Z INFO [310/500] 0f36ee9e-dc22-45c4-9504-b1dff68a4b89: valid; 1.1 s; peak memory 2698 MiB.
2026-09-22T16:12:30Z INFO [311/500] 0f36f608-48bb-4538-8120-2101c85b98ea: valid; 1.2 s; peak memory 2699 MiB.
2026-09-22T16:12:33Z INFO [312/500] 0f3732d0-2fd3-4f1c-b7f8-121d6d34e463: valid; 2.2 s; peak memory 2701 MiB.
2026-09-22T16:12:35Z INFO [313/500] 0f3770fa-1f1e-4540-bbec-6164e2f5e636: valid; 2.1 s; peak memory 2709 MiB.
2026-09-22T16:12:37Z INFO [314/500] 0f379a0d-5b8a-4d23-b150-055eecb15cbc: valid; 2.0 s; peak memory 2712 MiB.
2026-09-22T16:12:39Z INFO [315/500] 0f37ef00-cf02-4690-9634-2f6184a62216: not valid; 2.4 s; peak memory 2714 MiB.
2026-09-22T16:12:40Z INFO [316/500] 0f37f302-8195-4058-982f-568b7ac70550: valid; 1.4 s; peak memory 2716 MiB.
2026-09-22T16:12:42Z INFO [317/500] 0f382ae0-c001-4006-b6b3-410bef6816d8: valid; 1.4 s; peak memory 2719 MiB.
2026-09-22T16:12:44Z WARNING 0f3850ea-11c4-435e-9d08-a4b0319a43f8: failed while opening the NWB file (ConstructError: (root/acquisition/_iblmic_audioSpectrogram/bands GroupBuilder {'attributes': {'colnames': array(['freq'], dtype=object), 'description': 'spectogram frequencies', 'namespace': 'core', 'neurodata_type': 'FrequencyBandsTable', 'object_id': '815d4bd9-b229-4a38-a71f-5da67c88d541'}, 'groups': {}, 'datasets': {'freq': root/acquisition/_iblmic_audioSpectrogram/bands/freq DatasetBuilder {'attributes': {'description': 'frequency value', 'namespace': 'hdmf-common', 'neurodata_type': 'VectorData', 'object_id': '74f7a796-5a89-42d3-9dd4-e2d6b84f1ec4'}, 'data': <HDF5 dataset "freq": shape (257,), type "<f4">}, 'id': root/acquisition/_iblmic_audioSpectrogram/bands/id DatasetBuilder {'attributes': {'namespace': 'hdmf-common', 'neurodata_type': 'ElementIdentifiers', 'object_id': '9e6e83cc-fd25-455a-87c6-59179e3971b2'}, 'data': <HDF5 dataset "id": shape (257,), type "<i4">}}, 'links': {}}, "Could not construct FrequencyBandsTable object due to: column must have the same number of rows as 'id'"))
2026-09-22T16:12:47Z INFO [319/500] 0f387255-061c-498d-b1d4-57efb4a68885: valid; 3.0 s; peak memory 2722 MiB.
2026-09-22T16:12:49Z INFO [320/500] 0f38a599-9a68-4582-b853-201fc0a279c8: valid; 2.3 s; peak memory 2722 MiB.
2026-09-22T16:12:51Z INFO [321/500] 0f38e56e-67bd-4ed0-997e-dd1c0353c3e6: valid; 2.0 s; peak memory 2722 MiB.
2026-09-22T16:12:54Z INFO [322/500] 0f392092-5888-4471-8aa4-296d044dc7fc: not valid; 3.0 s; peak memory 2723 MiB.
2026-09-22T16:12:57Z INFO [323/500] 0f395623-ae31-41b2-bfdf-5345e5d578ad: valid; 2.7 s; peak memory 2723 MiB.
2026-09-22T16:12:59Z INFO [324/500] 0f3a153a-74c4-4b8f-a4ab-0b1867f21353: not valid; 1.8 s; peak memory 2723 MiB.
2026-09-22T16:13:00Z INFO [325/500] 0f3a1f53-7c95-4ca4-9807-66698ab8a4ef: valid; 1.6 s; peak memory 2723 MiB.
2026-09-22T16:13:17Z INFO [326/500] 0f3a358a-bee3-48af-be2e-c645aaf58d9c: not valid; 16.9 s; peak memory 2751 MiB.
2026-09-22T16:13:20Z INFO [327/500] 0f3aa4a5-ce52-4b85-9752-de2ee1e1d62f: valid; 3.1 s; peak memory 2757 MiB.
2026-09-22T16:13:22Z INFO [328/500] 0f3aad3a-302b-464b-bada-f3c6c2e52b9c: valid; 1.5 s; peak memory 2760 MiB.
2026-09-22T16:13:24Z INFO [329/500] 0f3b1726-8112-4173-8236-db23426f2663: valid; 2.2 s; peak memory 2763 MiB.
2026-09-22T16:13:26Z INFO [330/500] 0f3b35ee-6328-4bb9-8789-fc42bc1501d1: valid; 1.7 s; peak memory 2764 MiB.
2026-09-22T16:13:27Z INFO [331/500] 0f3b928f-d80b-489c-bee5-115aeed26828: valid; 2.0 s; peak memory 2767 MiB.
2026-09-22T16:13:34Z INFO [332/500] 0f3c5e5d-d289-46e6-b756-ec02d96c5631: valid; 6.8 s; peak memory 2780 MiB.
2026-09-22T16:13:37Z INFO [333/500] 0f3d43b4-09b0-4b64-8ced-881214910610: valid; 2.7 s; peak memory 2786 MiB.
2026-09-22T16:13:38Z INFO [334/500] 0f3e1a2e-9aa9-488e-97dd-d60f2511bec5: valid; 1.5 s; peak memory 2786 MiB.
2026-09-22T16:13:41Z INFO [335/500] 0f3e613b-2d61-4856-b34e-1283b5cf6f19: not valid; 2.7 s; peak memory 2786 MiB.
2026-09-22T16:13:51Z INFO [336/500] 0f3e6902-d542-4fe8-8f12-0f2415217a7e: valid; 10.0 s; peak memory 2790 MiB.
2026-09-22T16:13:53Z INFO [337/500] 0f3e974e-6f2e-4fe6-8497-5dbb09eff23c: valid; 2.1 s; peak memory 2790 MiB.
2026-09-22T16:13:55Z INFO [338/500] 0f3ed130-4465-47a1-a89f-1cdbba530d23: not valid; 1.6 s; peak memory 2790 MiB.
2026-09-22T16:13:57Z INFO [339/500] 0f3f1b98-755e-40d4-970f-13104b772b61: valid; 2.2 s; peak memory 2790 MiB.
2026-09-22T16:14:08Z INFO [340/500] 0f3f59e7-f7bf-4170-a1e1-54fe53f35537: valid; 11.0 s; peak memory 2801 MiB.
2026-09-22T16:14:09Z INFO [341/500] 0f3f6def-2d52-4ca6-bfd7-05ae42c45727: valid; 1.6 s; peak memory 2802 MiB.
2026-09-22T16:14:19Z INFO [342/500] 0f3fcc65-4e20-420e-9409-1bc70bfb261c: valid; 9.3 s; peak memory 2843 MiB.
2026-09-22T16:14:21Z INFO [343/500] 0f4040d7-1d65-4c79-acfe-4ac2788b4678: valid; 2.0 s; peak memory 2846 MiB.
2026-09-22T16:14:22Z INFO [344/500] 0f40b438-5b9a-4bb7-9fa2-3d5d42eb3720: not valid; 1.6 s; peak memory 2849 MiB.
2026-09-22T16:14:27Z INFO [345/500] 0f41270a-d26b-40ac-a4e8-a20136d32dc5: not valid; 4.9 s; peak memory 2858 MiB.
2026-09-22T16:14:29Z INFO [346/500] 0f415c0a-33de-4d31-a0de-c1a3dbf03fea: not valid; 1.6 s; peak memory 2861 MiB.
2026-09-22T16:14:30Z INFO [347/500] 0f4182b0-6fd6-4e7c-abe4-98136a6bc045: not valid; 1.4 s; peak memory 2863 MiB.
2026-09-22T16:14:32Z INFO [348/500] 0f419268-976d-420a-9295-9a8f414e11f1: not valid; 2.0 s; peak memory 2866 MiB.
2026-09-22T16:14:34Z INFO [349/500] 0f41faed-2cc5-4739-baa9-e45dff46767b: not valid; 1.8 s; peak memory 2870 MiB.
2026-09-22T16:14:37Z INFO [350/500] 0f423710-f683-405a-a701-b467d1627772: valid; 2.3 s; peak memory 2877 MiB.
2026-09-22T16:14:37Z INFO [350/500] 0f423710-f683-405a-a701-b467d1627772: checkpointed 74860 records.
2026-09-22T16:14:40Z INFO [351/500] 0f42572b-9978-44e6-8479-fef75bd425de: valid; 3.2 s; peak memory 2885 MiB.
2026-09-22T16:14:48Z INFO [352/500] 0f429487-a7d4-4071-92d9-ccbea7331f32: valid; 7.5 s; peak memory 2923 MiB.
2026-09-22T16:14:49Z INFO [353/500] 0f43fc9f-70e0-4c6b-8b18-00c8d99bc7e9: valid; 1.6 s; peak memory 2925 MiB.
2026-09-22T16:14:53Z INFO [354/500] 0f4429c6-6065-4480-8265-0b121306c22f: valid; 3.4 s; peak memory 2925 MiB.
2026-09-22T16:14:54Z INFO [355/500] 0f443b69-8a66-45d9-adbe-abe861daaaf9: not valid; 1.6 s; peak memory 2925 MiB.
2026-09-22T16:14:57Z INFO [356/500] 0f4445bb-db32-4400-b22e-76dbc3556a10: not valid; 2.6 s; peak memory 2925 MiB.
2026-09-22T16:14:58Z INFO [357/500] 0f444c72-1888-46f1-a7a0-44c1387f7153: valid; 1.5 s; peak memory 2925 MiB.
2026-09-22T16:15:03Z INFO [358/500] 0f445981-ecf3-4793-8c24-bcd96af918f7: not valid; 4.8 s; peak memory 2925 MiB.
2026-09-22T16:15:05Z INFO [359/500] 0f44b2f4-b90d-4358-b322-6d609c80b9d6: not valid; 1.7 s; peak memory 2925 MiB.
2026-09-22T16:16:40Z INFO [360/500] 0f4607a9-116c-4e40-9acc-795ebc0f9715: valid; 94.7 s; peak memory 3073 MiB.
2026-09-22T16:16:41Z INFO [361/500] 0f467539-30e8-408f-a8ec-068b1578eb50: valid; 1.7 s; peak memory 3075 MiB.
2026-09-22T16:16:43Z INFO [362/500] 0f46a2a2-772d-49d0-8a7d-440073c340aa: valid; 2.0 s; peak memory 3084 MiB.
2026-09-22T16:16:46Z INFO [363/500] 0f46e7b5-f6d5-4702-ab6f-410a2b513eec: valid; 3.0 s; peak memory 3087 MiB.
2026-09-22T16:16:49Z INFO [364/500] 0f472ec2-a64d-4e55-a90a-956c651748fc: valid; 2.2 s; peak memory 3098 MiB.
2026-09-22T16:16:53Z INFO [365/500] 0f47942d-22ae-4719-91e1-15993fc7ad3d: valid; 4.7 s; peak memory 3102 MiB.
2026-09-22T16:16:56Z INFO [366/500] 0f47ad65-74cd-4fe6-a0bf-f9d31ebc3682: not valid; 2.4 s; peak memory 3103 MiB.
2026-09-22T16:16:57Z INFO [367/500] 0f48a40e-b216-4dfa-8a6d-d9c392a18576: not valid; 1.6 s; peak memory 3106 MiB.
2026-09-22T16:16:59Z INFO [368/500] 0f491db0-1b26-43d1-af3f-1415ebc0a221: valid; 1.4 s; peak memory 3108 MiB.
2026-09-22T16:17:00Z INFO [369/500] 0f492c11-c4e1-4875-bbf9-fb0ead204cbb: not valid; 1.6 s; peak memory 3110 MiB.
2026-09-22T16:17:04Z INFO [370/500] 0f4959e7-d5ab-4e5a-bd73-dfb3b5aebf42: valid; 3.3 s; peak memory 3113 MiB.
2026-09-22T16:17:06Z INFO [371/500] 0f49e379-b966-4aa6-930d-e2e9353401a9: valid; 2.4 s; peak memory 3113 MiB.
2026-09-22T16:17:20Z INFO [372/500] 0f4a97c7-2298-4f31-bfb9-c20de37bbd24: valid; 14.1 s; peak memory 3113 MiB.
2026-09-22T16:17:22Z INFO [373/500] 0f4a9d62-b3ce-42fe-88ab-4eb80a15f846: valid; 1.9 s; peak memory 3113 MiB.
2026-09-22T16:17:24Z INFO [374/500] 0f4ac87d-adf7-4f23-8151-f2e835315722: not valid; 2.2 s; peak memory 3113 MiB.
2026-09-22T16:17:25Z INFO [375/500] 0f4b6362-5528-457c-8f67-37a55f3614e1: valid; 1.3 s; peak memory 3113 MiB.
2026-09-22T16:17:27Z INFO [376/500] 0f4b7ff3-923f-4749-aa73-350fcf099b7a: valid; 1.5 s; peak memory 3113 MiB.
2026-09-22T16:17:29Z INFO [377/500] 0f4b8aa6-652c-41c9-8459-a4d2a38ccc36: valid; 2.1 s; peak memory 3113 MiB.
2026-09-22T16:17:32Z INFO [378/500] 0f4bca34-fe01-4be1-ab74-e136a4a5085b: valid; 3.1 s; peak memory 3113 MiB.
2026-09-22T16:17:32Z WARNING 0f4be460-4ef3-4be3-ab7c-a706e547ce69: failed while retrieving asset information from the DANDI API (NotFoundError: No asset at path 'sub-LG615/sub-LG615_ses-20250921_obj-gfvpq1_ophys.nwb' in version 0.260915.2135. Verify the path is correct and the asset exists in this version. Use 'dandi ls' to list available assets.)
2026-09-22T16:17:47Z INFO [380/500] 0f4bfa81-dd6b-4d9e-8f60-582671686a0a: valid; 14.7 s; peak memory 3113 MiB.
2026-09-22T16:17:48Z INFO [381/500] 0f4c5025-add5-418c-8c1e-7612db4a094c: valid; 1.4 s; peak memory 3113 MiB.
2026-09-22T16:17:50Z INFO [382/500] 0f4c7503-83f2-48b0-b9d8-013c9082c249: valid; 1.4 s; peak memory 3113 MiB.
2026-09-22T16:18:00Z INFO [383/500] 0f4ccec8-74de-45d4-91f6-495a23f533ec: valid; 9.9 s; peak memory 3121 MiB.
2026-09-22T16:18:01Z INFO [384/500] 0f4cdc45-a77a-4e30-8e8d-8ffc38780362: valid; 1.4 s; peak memory 3122 MiB.
2026-09-22T16:18:02Z INFO [385/500] 0f4cf7bd-6e11-4611-8bf3-0fdf61bf0a36: valid; 1.4 s; peak memory 3123 MiB.
2026-09-22T16:18:05Z INFO [386/500] 0f4d6aac-cf88-46b0-9242-5ab9aae73afa: not valid; 2.6 s; peak memory 3125 MiB.
2026-09-22T16:18:07Z INFO [387/500] 0f4d8fd3-9719-4c69-8c32-59b92bbe0b60: valid; 1.6 s; peak memory 3127 MiB.
2026-09-22T16:18:08Z INFO [388/500] 0f4d9881-b47b-4a89-8dc0-f72ea039d6fb: valid; 1.2 s; peak memory 3127 MiB.
2026-09-22T16:18:35Z INFO [389/500] 0f4e1a4a-e976-4ea6-ae09-3d6f552f43a8: valid; 27.3 s; peak memory 3244 MiB.
2026-09-22T16:18:37Z INFO [390/500] 0f4f117b-b21b-484c-b60b-085cf43fac81: not valid; 1.9 s; peak memory 3244 MiB.
2026-09-22T16:18:39Z INFO [391/500] 0f4fe66a-1d38-49f9-8db4-e15ea1d364f2: valid; 2.5 s; peak memory 3244 MiB.
2026-09-22T16:18:42Z INFO [392/500] 0f5074aa-647f-452a-8a63-71d8849eec43: valid; 2.1 s; peak memory 3244 MiB.
2026-09-22T16:18:43Z INFO [393/500] 0f507b73-1026-4930-9925-9eb48a96bb44: valid; 1.4 s; peak memory 3244 MiB.
2026-09-22T16:18:45Z INFO [394/500] 0f510f40-e076-4dd1-acf3-684c08d99778: valid; 2.3 s; peak memory 3244 MiB.
2026-09-22T16:18:48Z INFO [395/500] 0f515d45-cef3-40ce-8013-fdf7f16d1128: valid; 2.6 s; peak memory 3244 MiB.
2026-09-22T16:18:58Z INFO [396/500] 0f520316-7d34-409c-9256-20bf5d412185: valid; 10.3 s; peak memory 3244 MiB.
2026-09-22T16:19:01Z INFO [397/500] 0f520cb0-5045-45a9-843c-7671cd985352: valid; 2.5 s; peak memory 3244 MiB.
2026-09-22T16:19:04Z INFO [398/500] 0f53c3f4-2064-4416-a94d-940815031fbc: valid; 2.9 s; peak memory 3244 MiB.
2026-09-22T16:19:17Z INFO [399/500] 0f541c1d-7cec-478d-9fc3-c443983d62f2: valid; 13.5 s; peak memory 3244 MiB.
2026-09-22T16:19:40Z INFO [400/500] 0f548303-14c6-439d-8a91-7f3c3b58bcef: valid; 23.0 s; peak memory 3244 MiB.
2026-09-22T16:19:41Z INFO [400/500] 0f548303-14c6-439d-8a91-7f3c3b58bcef: checkpointed 74910 records.
2026-09-22T16:19:42Z INFO [401/500] 0f548bb4-6162-4ccf-87fb-ae8b7fee427b: valid; 1.4 s; peak memory 3244 MiB.
2026-09-22T16:19:44Z INFO [402/500] 0f54d3b7-5768-4355-aa05-d4912b52b2a2: valid; 1.6 s; peak memory 3244 MiB.
2026-09-22T16:19:45Z INFO [403/500] 0f55194e-e2dc-4aee-aed1-46471f2d95b4: valid; 1.6 s; peak memory 3244 MiB.
2026-09-22T16:19:47Z INFO [404/500] 0f555412-d78e-4ec9-9552-534e14b275fa: valid; 1.5 s; peak memory 3244 MiB.
2026-09-22T16:22:16Z INFO [405/500] 0f555821-23ab-485a-afe6-9413295bffd1: valid; 149.5 s; peak memory 3413 MiB.
2026-09-22T16:22:19Z INFO [406/500] 0f55ca1b-53bf-4e17-a824-3119d3c6094c: valid; 2.5 s; peak memory 3413 MiB.
2026-09-22T16:22:20Z INFO [407/500] 0f564d59-767c-44fe-9dcd-acc2ef2919fc: valid; 1.6 s; peak memory 3413 MiB.
2026-09-22T16:22:35Z INFO [408/500] 0f565ff4-c7a6-4a98-b774-9e6ad24f9f04: not valid; 14.5 s; peak memory 3414 MiB.
2026-09-22T16:22:43Z INFO [409/500] 0f567dba-4e66-449b-b449-5e693fb902a8: valid; 8.5 s; peak memory 3415 MiB.
2026-09-22T16:22:45Z INFO [410/500] 0f586dac-df65-4d73-afb4-ffe42fcf9401: valid; 1.8 s; peak memory 3415 MiB.
2026-09-22T16:22:47Z INFO [411/500] 0f58e608-5f74-4e85-969e-745ee20e4bfb: valid; 2.2 s; peak memory 3415 MiB.
2026-09-22T16:22:49Z INFO [412/500] 0f591e82-cbc3-400b-bbce-90a3296833d8: not valid; 1.5 s; peak memory 3415 MiB.
2026-09-22T16:22:51Z INFO [413/500] 0f59724f-9ea8-46d0-94d6-006f63c472cb: not valid; 1.8 s; peak memory 3415 MiB.
2026-09-22T16:22:53Z INFO [414/500] 0f59c1a7-5fe6-4d6c-8d74-37088362f00d: not valid; 2.0 s; peak memory 3415 MiB.
2026-09-22T16:22:54Z INFO [415/500] 0f5a97d3-82fd-43cd-8c54-96d4ca84ef01: valid; 1.6 s; peak memory 3415 MiB.
2026-09-22T16:22:57Z INFO [416/500] 0f5ab495-7a02-40db-9211-861382d8f15f: valid; 2.6 s; peak memory 3415 MiB.
2026-09-22T16:22:58Z INFO [417/500] 0f5adac6-d950-441e-b15a-cd43501f8042: valid; 1.5 s; peak memory 3415 MiB.
2026-09-22T16:22:59Z WARNING 0f5af68f-30ba-47d9-9c56-c915bb9d8255: failed while retrieving asset information from the DANDI API (NotFoundError: No asset at path 'sub-parkinson-simulated-beta/sub-parkinson-simulated-beta_ses-8066_ecephys.nwb' in version 0.250327.2220. Verify the path is correct and the asset exists in this version. Use 'dandi ls' to list available assets.)
2026-09-22T16:23:29Z INFO [419/500] 0f5b877c-06c0-4fc2-b739-1f2bd1f235ce: not valid; 30.1 s; peak memory 3415 MiB.
2026-09-22T16:23:31Z INFO [420/500] 0f5bdd5b-9430-4468-ab9b-f95f2df766d6: valid; 2.3 s; peak memory 3415 MiB.
2026-09-22T16:23:33Z INFO [421/500] 0f5ccbe1-6e17-44bf-8870-278922837e98: not valid; 1.7 s; peak memory 3415 MiB.
2026-09-22T16:23:35Z INFO [422/500] 0f5d75b9-7ab9-4d1e-a1c5-57fbf343c9a5: valid; 2.5 s; peak memory 3415 MiB.
2026-09-22T16:23:37Z INFO [423/500] 0f5dea31-43f9-483e-92de-3dc01e7e9f5d: valid; 1.9 s; peak memory 3415 MiB.
2026-09-22T16:23:38Z INFO [424/500] 0f5e599c-a27f-4779-8b83-cf9b85aab82f: valid; 1.4 s; peak memory 3415 MiB.
2026-09-22T16:23:40Z INFO [425/500] 0f5e7270-ff11-429d-9ccc-1f918fbb7d9e: valid; 1.4 s; peak memory 3415 MiB.
2026-09-22T16:23:42Z INFO [426/500] 0f5e772f-7b0d-4908-b810-e786420cb013: not valid; 1.9 s; peak memory 3415 MiB.
2026-09-22T16:23:43Z INFO [427/500] 0f5eab25-637e-4119-863b-8a5d7879cea8: valid; 1.3 s; peak memory 3415 MiB.
2026-09-22T16:23:48Z INFO [428/500] 0f5ef879-872a-489a-9a44-795f581dd375: not valid; 4.5 s; peak memory 3415 MiB.
2026-09-22T16:23:50Z INFO [429/500] 0f5faa5d-ef90-4daf-9082-49ddf417ce8b: valid; 2.9 s; peak memory 3415 MiB.
2026-09-22T16:24:02Z INFO [430/500] 0f6067f8-5e6d-4853-9925-d05aced202b7: valid; 11.1 s; peak memory 3415 MiB.
2026-09-22T16:24:04Z INFO [431/500] 0f60cd2e-fbab-47c2-92b3-8fa776512c55: not valid; 2.7 s; peak memory 3417 MiB.
2026-09-22T16:24:36Z INFO [432/500] 0f614e3b-817c-4eff-86ba-d6d40b539944: valid; 32.2 s; peak memory 4282 MiB.
2026-09-22T16:26:09Z INFO [433/500] 0f615b76-24d9-476a-bca2-f9de772eaee1: valid; 93.0 s; peak memory 4763 MiB.
2026-09-22T16:26:26Z INFO [434/500] 0f61787f-114c-4ac3-a2e9-2f3fa0d4bcde: not valid; 16.1 s; peak memory 4834 MiB.
2026-09-22T16:26:30Z INFO [435/500] 0f61c1f6-de1b-46ca-85de-752f7178452f: valid; 4.6 s; peak memory 4846 MiB.
2026-09-22T16:26:35Z INFO [436/500] 0f625e1d-4c75-48f2-ad5b-7882525199a0: not valid; 5.3 s; peak memory 4865 MiB.
2026-09-22T16:26:38Z INFO [437/500] 0f6297f9-29d0-467e-b55e-473e0928f7b8: valid; 2.4 s; peak memory 4875 MiB.
2026-09-22T16:26:40Z INFO [438/500] 0f6323f2-8828-4394-9c20-aa900d9d7f16: valid; 2.5 s; peak memory 4887 MiB.
2026-09-22T16:26:41Z INFO [439/500] 0f63df44-4c94-4c6b-8f2e-d0760e7f0429: valid; 1.0 s; peak memory 4889 MiB.
2026-09-22T16:26:46Z INFO [440/500] 0f641a41-edc3-4c7e-a379-72abf0141b7b: valid; 5.1 s; peak memory 4902 MiB.
2026-09-22T16:26:48Z INFO [441/500] 0f64362d-3785-4ee5-9815-a0fb735853ca: not valid; 1.6 s; peak memory 4902 MiB.
2026-09-22T16:26:51Z INFO [442/500] 0f646878-f5a2-41a2-863c-b9de86b2ddf6: not valid; 3.4 s; peak memory 4902 MiB.
2026-09-22T16:26:53Z WARNING 0f648de1-f471-4ffd-aef8-01e57ea4dfd1: failed while opening the NWB file (ConstructError: (root/acquisition/event_code_meanings GroupBuilder {'attributes': {'colnames': array(['value', 'meaning'], dtype=object), 'description': 'Mapping integer event codes to event labels', 'namespace': 'ndx-events', 'neurodata_type': 'MeaningsTable', 'object_id': '12e1060f-5fb1-4f43-9a5a-68ffa01bdb9b'}, 'groups': {}, 'datasets': {'id': root/acquisition/event_code_meanings/id DatasetBuilder {'attributes': {'namespace': 'hdmf-common', 'neurodata_type': 'ElementIdentifiers', 'object_id': '899c98ef-c3f3-4e17-9e79-5bb80f90da91'}, 'data': <HDF5 dataset "id": shape (26,), type "<i8">}, 'meaning': root/acquisition/event_code_meanings/meaning DatasetBuilder {'attributes': {'description': 'The meaning of the value in the parent CategoricalVectorData object.', 'namespace': 'hdmf-experimental', 'neurodata_type': 'VectorData', 'object_id': 'b7da1869-bc52-46ab-bf4d-1e7f21c045c7'}, 'data': <StrDataset for HDF5 dataset "meaning": shape (26,), type "|O">}, 'value': root/acquisition/event_code_meanings/value DatasetBuilder {'attributes': {'description': 'The value of the parent CategoricalVectorData object.', 'namespace': 'hdmf-experimental', 'neurodata_type': 'VectorData', 'object_id': '9ebd49d3-62ad-401a-89d4-04292bba703b'}, 'data': <HDF5 dataset "value": shape (26,), type "<i8">}}, 'links': {}}, "Could not construct MeaningsTable object due to: MeaningsTable.__init__: missing argument 'target'"))
2026-09-22T16:26:56Z WARNING 0f649178-205f-4451-917b-af16e2c834e4: failed while opening the NWB file (ConstructError: (root/acquisition/_iblmic_audioSpectrogram/bands GroupBuilder {'attributes': {'colnames': array(['freq'], dtype=object), 'description': 'spectogram frequencies', 'namespace': 'core', 'neurodata_type': 'FrequencyBandsTable', 'object_id': '4611a4c7-9e46-4e9c-8d58-5eb470a9d67d'}, 'groups': {}, 'datasets': {'freq': root/acquisition/_iblmic_audioSpectrogram/bands/freq DatasetBuilder {'attributes': {'description': 'frequency value', 'namespace': 'hdmf-common', 'neurodata_type': 'VectorData', 'object_id': '2dda5cf4-e15f-43e9-97ba-fb60d9443900'}, 'data': <HDF5 dataset "freq": shape (257,), type "<f4">}, 'id': root/acquisition/_iblmic_audioSpectrogram/bands/id DatasetBuilder {'attributes': {'namespace': 'hdmf-common', 'neurodata_type': 'ElementIdentifiers', 'object_id': '79456142-c0f4-46b2-b053-0cdcf388870b'}, 'data': <HDF5 dataset "id": shape (257,), type "<i4">}}, 'links': {}}, "Could not construct FrequencyBandsTable object due to: column must have the same number of rows as 'id'"))
2026-09-22T16:26:57Z INFO [445/500] 0f6607fd-bfc5-4769-af54-7c99f85961c7: valid; 1.2 s; peak memory 4902 MiB.
2026-09-22T16:26:59Z INFO [446/500] 0f66f008-2f0c-4b84-8318-80c41e024c6b: not valid; 1.9 s; peak memory 4902 MiB.
2026-09-22T16:27:00Z INFO [447/500] 0f672d62-66c7-4aa6-a78b-f920c55ed07b: not valid; 1.3 s; peak memory 4902 MiB.
2026-09-22T16:27:01Z INFO [448/500] 0f67e5b2-3380-4375-a147-b8c30698894d: valid; 1.1 s; peak memory 4902 MiB.
2026-09-22T16:27:03Z INFO [449/500] 0f685f56-bd7b-4b20-8422-0551463334d3: valid; 2.2 s; peak memory 4902 MiB.
2026-09-22T16:27:05Z INFO [450/500] 0f687fe6-85c1-4041-ba29-256044253c8a: valid; 2.1 s; peak memory 4902 MiB.
2026-09-22T16:27:06Z INFO [450/500] 0f687fe6-85c1-4041-ba29-256044253c8a: checkpointed 74960 records.
2026-09-22T16:27:08Z INFO [451/500] 0f68ce66-4b87-4498-aa07-e59e806626d3: valid; 2.4 s; peak memory 4902 MiB.
2026-09-22T16:27:12Z INFO [452/500] 0f6a5d93-b2f6-4965-a0d9-b254c12061b3: valid; 3.7 s; peak memory 4902 MiB.
2026-09-22T16:27:23Z INFO [453/500] 0f6b4ecc-33e5-43d1-8d3e-7f6a02065773: not valid; 11.2 s; peak memory 4902 MiB.
2026-09-22T16:27:26Z INFO [454/500] 0f6d7f0b-067c-4d41-8eda-0fd66541aa11: valid; 2.4 s; peak memory 4902 MiB.
2026-09-22T16:27:28Z WARNING 0f6e03a6-d709-418a-b2e3-24845527ab69: failed while opening the NWB file (ConstructError: (root/acquisition/_iblmic_audioSpectrogram/bands GroupBuilder {'attributes': {'colnames': array(['freq'], dtype=object), 'description': 'spectogram frequencies', 'namespace': 'core', 'neurodata_type': 'FrequencyBandsTable', 'object_id': '0f84604a-3dda-4f99-88b0-af3f83a790dc'}, 'groups': {}, 'datasets': {'freq': root/acquisition/_iblmic_audioSpectrogram/bands/freq DatasetBuilder {'attributes': {'description': 'frequency value', 'namespace': 'hdmf-common', 'neurodata_type': 'VectorData', 'object_id': '9d39dedc-e6f9-4d9e-b1bb-b8ff704172cd'}, 'data': <HDF5 dataset "freq": shape (257,), type "<f4">}, 'id': root/acquisition/_iblmic_audioSpectrogram/bands/id DatasetBuilder {'attributes': {'namespace': 'hdmf-common', 'neurodata_type': 'ElementIdentifiers', 'object_id': '5b833130-cb9b-40ae-a070-1494b94fc337'}, 'data': <HDF5 dataset "id": shape (257,), type "<i4">}}, 'links': {}}, "Could not construct FrequencyBandsTable object due to: column must have the same number of rows as 'id'"))
2026-09-22T16:27:30Z INFO [456/500] 0f6e3604-3487-42f9-8601-5dca67768f02: not valid; 2.6 s; peak memory 4902 MiB.
2026-09-22T16:27:32Z INFO [457/500] 0f713c39-6415-4e4a-b9da-d180d39efdd5: valid; 1.4 s; peak memory 4902 MiB.
2026-09-22T16:27:34Z INFO [458/500] 0f714377-baba-4305-b4d4-a2a36382cb15: valid; 1.8 s; peak memory 4902 MiB.
2026-09-22T16:27:36Z INFO [459/500] 0f721566-036a-4e0a-aa9a-0cc09759273b: valid; 2.8 s; peak memory 4902 MiB.
2026-09-22T16:27:44Z INFO [460/500] 0f72844e-328a-43ce-8458-dac63eba9a8b: not valid; 7.6 s; peak memory 4902 MiB.
2026-09-22T16:27:46Z INFO [461/500] 0f72e982-b283-41c8-a9bf-4db98d97629c: valid; 1.6 s; peak memory 4902 MiB.
2026-09-22T16:27:50Z INFO [462/500] 0f7396ad-67ec-468a-b6a6-5599cb507f54: valid; 4.4 s; peak memory 4902 MiB.
2026-09-22T16:28:29Z INFO [463/500] 0f73e7bf-b30d-45f5-b063-acd9022cfec4: valid; 39.2 s; peak memory 5405 MiB.
2026-09-22T16:28:36Z INFO [464/500] 0f740506-f817-47d3-b1b8-ca98f3958505: valid; 6.8 s; peak memory 5405 MiB.
2026-09-22T16:28:39Z INFO [465/500] 0f741f12-ea35-4f78-a38c-439e6adb6f31: valid; 3.1 s; peak memory 5405 MiB.
2026-09-22T16:28:52Z INFO [466/500] 0f74a929-f1b9-4db5-a83c-1c78c9ed35c7: valid; 12.6 s; peak memory 5405 MiB.
2026-09-22T16:28:54Z WARNING 0f75111c-f791-4c6f-8fc2-336e2b83d326: failed while opening the NWB file (ConstructError: (root/acquisition/event_code_meanings GroupBuilder {'attributes': {'colnames': array(['value', 'meaning'], dtype=object), 'description': 'Mapping integer event codes to event labels', 'namespace': 'ndx-events', 'neurodata_type': 'MeaningsTable', 'object_id': '132348de-8868-4823-8b9a-5026add7b6b1'}, 'groups': {}, 'datasets': {'id': root/acquisition/event_code_meanings/id DatasetBuilder {'attributes': {'namespace': 'hdmf-common', 'neurodata_type': 'ElementIdentifiers', 'object_id': '9c2c40b8-b7c6-479a-b173-e12d7b2a8da5'}, 'data': <HDF5 dataset "id": shape (26,), type "<i8">}, 'meaning': root/acquisition/event_code_meanings/meaning DatasetBuilder {'attributes': {'description': 'The meaning of the value in the parent CategoricalVectorData object.', 'namespace': 'hdmf-experimental', 'neurodata_type': 'VectorData', 'object_id': '5c02fb8a-74a2-4738-a148-2ccc265171fe'}, 'data': <StrDataset for HDF5 dataset "meaning": shape (26,), type "|O">}, 'value': root/acquisition/event_code_meanings/value DatasetBuilder {'attributes': {'description': 'The value of the parent CategoricalVectorData object.', 'namespace': 'hdmf-experimental', 'neurodata_type': 'VectorData', 'object_id': '146ac0fc-c278-4f99-aed6-1fbd49f0368f'}, 'data': <HDF5 dataset "value": shape (26,), type "<i8">}}, 'links': {}}, "Could not construct MeaningsTable object due to: MeaningsTable.__init__: missing argument 'target'"))
2026-09-22T16:29:02Z INFO [468/500] 0f75dbf5-29be-4a12-8d00-61c3d2d5063d: valid; 8.5 s; peak memory 5405 MiB.
2026-09-22T16:29:04Z INFO [469/500] 0f761b57-3890-46dd-b679-6faf6f9675ec: not valid; 1.7 s; peak memory 5405 MiB.
2026-09-22T16:29:08Z INFO [470/500] 0f768a63-749d-4b2f-9c9c-b96a055a2f6f: valid; 4.4 s; peak memory 5405 MiB.
2026-09-22T16:29:10Z INFO [471/500] 0f76a6b4-3a89-4fac-a28b-9ac1e0697e47: not valid; 1.9 s; peak memory 5405 MiB.
2026-09-22T16:29:14Z INFO [472/500] 0f76cb32-005c-42a0-bb65-ff55d1131da1: not valid; 4.0 s; peak memory 5405 MiB.
2026-09-22T16:29:16Z INFO [473/500] 0f7701a5-695f-4bc8-81bd-bffed40f1f4f: valid; 1.4 s; peak memory 5405 MiB.
2026-09-22T16:29:18Z INFO [474/500] 0f7799c0-9bdc-4709-9fc1-fc36b1d64c53: valid; 2.2 s; peak memory 5405 MiB.
2026-09-22T16:29:22Z INFO [475/500] 0f78cc1a-a180-46bd-873e-7d5c85604b95: valid; 3.7 s; peak memory 5405 MiB.
2026-09-22T16:30:05Z INFO [476/500] 0f78ccde-251c-49a6-908a-292348c47419: valid; 43.7 s; peak memory 5415 MiB.
2026-09-22T16:30:07Z INFO [477/500] 0f7975e8-7d37-4ec5-98e0-2930d478fc8c: valid; 2.2 s; peak memory 5415 MiB.
2026-09-22T16:30:09Z INFO [478/500] 0f7a1967-79c8-41f7-9668-86b4e5318ce1: valid; 1.2 s; peak memory 5416 MiB.
2026-09-22T16:30:24Z INFO [479/500] 0f7adedf-c505-4425-819f-5096624eedbd: valid; 15.6 s; peak memory 5552 MiB.
2026-09-22T16:30:27Z INFO [480/500] 0f7b19cc-d569-4fb1-b264-278bd96ae248: valid; 2.2 s; peak memory 5552 MiB.
2026-09-22T16:30:32Z INFO [481/500] 0f7bb4c6-1864-47c0-9e74-23eb4995db95: valid; 5.9 s; peak memory 5552 MiB.
2026-09-22T16:30:35Z INFO [482/500] 0f7c07aa-bd69-4aae-9534-b9f783ca772e: valid; 2.2 s; peak memory 5552 MiB.
2026-09-22T16:30:36Z INFO [483/500] 0f7c674e-6d28-4631-87ca-2dcbbb878f73: valid; 1.5 s; peak memory 5552 MiB.
2026-09-22T16:30:38Z INFO [484/500] 0f7c9a61-bb46-40ca-b4a1-87e548709117: not valid; 1.6 s; peak memory 5552 MiB.
2026-09-22T16:30:40Z INFO [485/500] 0f7cdc9e-3aa0-420d-8e13-8fcdf70bc943: valid; 2.4 s; peak memory 5552 MiB.
2026-09-22T16:30:42Z INFO [486/500] 0f7d3cfd-f4dc-4ad3-a0b6-d03ed804d909: not valid; 1.7 s; peak memory 5552 MiB.
2026-09-22T16:30:45Z INFO [487/500] 0f7d6565-d1b0-495a-ba27-e5ef822f90e3: valid; 3.1 s; peak memory 5552 MiB.
2026-09-22T16:30:48Z INFO [488/500] 0f7dc747-8233-4afb-9910-bb53f969b72d: valid; 3.5 s; peak memory 5552 MiB.
2026-09-22T16:31:04Z INFO [489/500] 0f7e00d9-da5e-47e6-b388-8b3492d6c607: valid; 15.6 s; peak memory 5553 MiB.
2026-09-22T16:31:08Z INFO [490/500] 0f7e0f40-e72c-430c-9dd4-d9b8b5f02d44: valid; 3.7 s; peak memory 5553 MiB.
2026-09-22T16:31:11Z INFO [491/500] 0f7e80bc-8623-4710-a0b6-5ffcc59bef72: valid; 3.2 s; peak memory 5553 MiB.
2026-09-22T16:31:13Z INFO [492/500] 0f7ed463-21b1-401a-80b9-73527785578e: valid; 2.3 s; peak memory 5553 MiB.
2026-09-22T16:31:15Z INFO [493/500] 0f7f54af-7308-45ba-bf41-237486797492: valid; 1.4 s; peak memory 5553 MiB.
2026-09-22T16:31:22Z INFO [494/500] 0f7f913e-2fed-4367-80f2-0a7e563b0aa2: valid; 7.8 s; peak memory 5553 MiB.
2026-09-22T16:31:23Z INFO [495/500] 0f7fb939-9261-4404-8154-296a54bd7cb2: valid; 1.0 s; peak memory 5553 MiB.
2026-09-22T16:31:28Z INFO [496/500] 0f806da2-bd81-4b51-a432-18f09abe88c4: valid; 4.7 s; peak memory 5553 MiB.
2026-09-22T16:31:30Z INFO [497/500] 0f80f453-7ed8-4713-9f9c-9eb94392bac4: valid; 2.2 s; peak memory 5553 MiB.
2026-09-22T16:31:53Z INFO [498/500] 0f817fd0-1503-469c-b916-0792d112a951: valid; 22.3 s; peak memory 5553 MiB.
2026-09-22T16:31:55Z INFO [499/500] 0f81fb86-47ef-40bf-b8aa-1efea04fdf9d: valid; 2.4 s; peak memory 5553 MiB.
2026-09-22T16:31:57Z INFO [500/500] 0f8209be-f231-49a9-a357-3a57b8d6181d: not valid; 1.9 s; peak memory 5553 MiB.
2026-09-22T16:31:57Z INFO [500/500] 0f8209be-f231-49a9-a357-3a57b8d6181d: checkpointed 75010 records.
2026-09-22T16:31:58Z INFO Wrote 75010 records to /tmp/derivatives/content_id_to_valid_nwb_file.jsonl (474 new, 26 failed) in 40.9 min (peak memory 5553 MiB).
