2026-09-18T20:05:21Z INFO Logging to /tmp/logs/update_2026-09-18T20-05-21Z.log.
2026-09-18T20:05:21Z INFO Update content-id-to-valid-nwb-file (base directory /tmp).
2026-09-18T20:05:25Z INFO Processing 500 items (69010 already recorded).
2026-09-18T20:05:26Z INFO [1/500] 064dbccc-cac7-4909-8c3f-2cc127d8fe60: valid; 1.1 s; peak memory 328 MiB.
2026-09-18T20:05:29Z INFO [2/500] 064dfd3f-a6d3-4494-9842-30eb6ac2d533: valid; 2.4 s; peak memory 340 MiB.
2026-09-18T20:05:33Z INFO [3/500] 064e1660-1e68-4ade-a363-40abdc7ea611: valid; 4.2 s; peak memory 359 MiB.
2026-09-18T20:05:35Z INFO [4/500] 064fefac-41fe-4311-968c-265ebcf46d87: valid; 1.8 s; peak memory 375 MiB.
2026-09-18T20:05:37Z INFO [5/500] 06504547-c539-4aad-9093-295076955c92: not valid; 2.5 s; peak memory 389 MiB.
2026-09-18T20:05:39Z INFO [6/500] 06508326-2418-47cd-b3fc-bea60f0c9e2e: valid; 1.6 s; peak memory 403 MiB.
2026-09-18T20:05:41Z INFO [7/500] 0650837b-7e7f-4e5e-ae30-433afc75e218: valid; 2.0 s; peak memory 417 MiB.
2026-09-18T20:05:43Z INFO [8/500] 0650df9d-efa8-4cb2-bdd6-c6581386a19a: not valid; 1.6 s; peak memory 424 MiB.
2026-09-18T20:05:44Z INFO [9/500] 06514b38-f075-4f13-971a-0c598258b934: valid; 1.1 s; peak memory 427 MiB.
2026-09-18T20:05:45Z INFO [10/500] 065286f4-88ef-48a8-b1f3-5b3c5af047c6: valid; 1.6 s; peak memory 430 MiB.
2026-09-18T20:05:47Z WARNING 0653c51c-423b-4ba6-ba87-52d0d1d3ddb6: failed while opening the NWB file (ConstructError: (root/acquisition/_iblmic_audioSpectrogram/bands GroupBuilder {'attributes': {'colnames': array(['freq'], dtype=object), 'description': 'spectogram frequencies', 'namespace': 'core', 'neurodata_type': 'FrequencyBandsTable', 'object_id': 'a8c8b23a-f332-4028-8430-6950f07e819f'}, 'groups': {}, 'datasets': {'freq': root/acquisition/_iblmic_audioSpectrogram/bands/freq DatasetBuilder {'attributes': {'description': 'frequency value', 'namespace': 'hdmf-common', 'neurodata_type': 'VectorData', 'object_id': '85d2277c-a3a2-450d-9746-7bd2874f0c46'}, 'data': <HDF5 dataset "freq": shape (257,), type "<f4">}, 'id': root/acquisition/_iblmic_audioSpectrogram/bands/id DatasetBuilder {'attributes': {'namespace': 'hdmf-common', 'neurodata_type': 'ElementIdentifiers', 'object_id': '31b24e1a-5c1e-4da6-ad8d-d268df0d2ca4'}, 'data': <HDF5 dataset "id": shape (257,), type "<i4">}}, 'links': {}}, "Could not construct FrequencyBandsTable object due to: column must have the same number of rows as 'id'"))
2026-09-18T20:05:48Z INFO [12/500] 06543034-a261-498b-a0e8-f7b3d32f359c: valid; 1.0 s; peak memory 430 MiB.
2026-09-18T20:05:49Z INFO [13/500] 0654a4f0-5300-4cc4-9f27-b8350bd04a36: valid; 1.2 s; peak memory 430 MiB.
2026-09-18T20:05:50Z INFO [14/500] 0654bbd6-3706-4d30-b4e7-bcfee7f1c3db: valid; 1.1 s; peak memory 430 MiB.
2026-09-18T20:05:59Z INFO [15/500] 06553df4-22a5-4c1c-8c62-d688b40edf2b: valid; 9.5 s; peak memory 453 MiB.
2026-09-18T20:06:06Z INFO [16/500] 0655595d-cce5-46c1-b57d-becc785c2660: valid; 6.4 s; peak memory 482 MiB.
2026-09-18T20:06:08Z INFO [17/500] 0655b5b5-06b2-4d65-ae0e-c0e11f6fc2cb: not valid; 2.0 s; peak memory 495 MiB.
2026-09-18T20:06:09Z INFO [18/500] 0655fca6-a89b-4fb0-b001-af59d773e192: valid; 1.0 s; peak memory 497 MiB.
2026-09-18T20:06:11Z INFO [19/500] 06564355-37a9-4e4e-a408-044fbb58d2ae: valid; 1.7 s; peak memory 497 MiB.
2026-09-18T20:06:12Z INFO [20/500] 06564d7c-eb5f-4c38-9839-0b683a842d88: valid; 1.7 s; peak memory 500 MiB.
2026-09-18T20:06:13Z INFO [21/500] 06566cfe-5f8b-4b83-9075-59629872c4cf: valid; 0.9 s; peak memory 501 MiB.
2026-09-18T20:06:21Z INFO [22/500] 0656b2ab-b374-40e0-bc3f-e24b4e8a0a65: valid; 8.3 s; peak memory 528 MiB.
2026-09-18T20:06:23Z INFO [23/500] 06572ae3-0f68-4e5b-9962-b62170a61fac: valid; 1.1 s; peak memory 530 MiB.
2026-09-18T20:06:23Z INFO [24/500] 06578be0-0314-4595-856e-067aba710103: valid; 0.8 s; peak memory 532 MiB.
2026-09-18T20:06:26Z INFO [25/500] 065875df-55d8-4785-abff-22e7c7d1e350: valid; 2.2 s; peak memory 544 MiB.
2026-09-18T20:06:28Z INFO [26/500] 06588843-144a-4294-a801-ae910f9ff18e: valid; 2.0 s; peak memory 544 MiB.
2026-09-18T20:06:29Z INFO [27/500] 065a21d1-8076-4e71-932d-1ba3fdf29136: valid; 1.7 s; peak memory 544 MiB.
2026-09-18T20:06:29Z WARNING 065a284b-1f93-484f-9809-eabf69144d37: failed while retrieving asset information from the DANDI API (NotFoundError: No such Dandiset: 001533)
2026-09-18T20:06:31Z INFO [29/500] 065a6a76-e45f-48f6-961b-00948e12bf44: valid; 1.2 s; peak memory 546 MiB.
2026-09-18T20:06:32Z WARNING 065a8686-6897-4aba-9b24-0fe596826e94: failed while opening the NWB file (ConstructError: (root/acquisition/_iblmic_audioSpectrogram/bands GroupBuilder {'attributes': {'colnames': array(['freq'], dtype=object), 'description': 'spectogram frequencies', 'namespace': 'core', 'neurodata_type': 'FrequencyBandsTable', 'object_id': 'dffe9655-3acf-4eec-903a-45dcda5ed749'}, 'groups': {}, 'datasets': {'freq': root/acquisition/_iblmic_audioSpectrogram/bands/freq DatasetBuilder {'attributes': {'description': 'frequency value', 'namespace': 'hdmf-common', 'neurodata_type': 'VectorData', 'object_id': '0dd2a8c9-b012-4092-b1f7-ae4ab9e9b5d4'}, 'data': <HDF5 dataset "freq": shape (257,), type "<f4">}, 'id': root/acquisition/_iblmic_audioSpectrogram/bands/id DatasetBuilder {'attributes': {'namespace': 'hdmf-common', 'neurodata_type': 'ElementIdentifiers', 'object_id': 'c2469f95-1c89-49f3-86b1-24efe4df188d'}, 'data': <HDF5 dataset "id": shape (257,), type "<i4">}}, 'links': {}}, "Could not construct FrequencyBandsTable object due to: column must have the same number of rows as 'id'"))
2026-09-18T20:06:34Z INFO [31/500] 065b371e-770b-4113-b41b-27f8e204cc56: valid; 2.0 s; peak memory 558 MiB.
2026-09-18T20:06:37Z INFO [32/500] 065c0e14-a6a5-4caa-a11c-b1f846f616d7: valid; 3.0 s; peak memory 581 MiB.
2026-09-18T20:06:38Z INFO [33/500] 065c1f7b-13f4-47b7-a2a2-4caa60060261: valid; 1.5 s; peak memory 581 MiB.
2026-09-18T20:06:40Z INFO [34/500] 065ca47c-4b02-44ed-ba82-85561df18640: valid; 1.6 s; peak memory 581 MiB.
2026-09-18T20:06:41Z INFO [35/500] 065cb80e-45b9-4bee-a5c8-4621b015ddee: valid; 0.9 s; peak memory 581 MiB.
2026-09-18T20:06:42Z INFO [36/500] 065cda57-cb0c-4677-9a45-60f20e9a23f3: valid; 1.1 s; peak memory 581 MiB.
2026-09-18T20:06:46Z INFO [37/500] 065cfb97-d8fb-4736-81b2-c1c99a5709ee: not valid; 4.4 s; peak memory 607 MiB.
2026-09-18T20:06:48Z INFO [38/500] 065d10e1-f3b0-40f5-8f00-99f5477144d6: valid; 1.2 s; peak memory 608 MiB.
2026-09-18T20:06:49Z INFO [39/500] 065d1ba8-f955-4ba1-bba9-540557dbe316: not valid; 1.3 s; peak memory 608 MiB.
2026-09-18T20:06:50Z INFO [40/500] 065d4249-52e8-41d2-87ec-80e14b0ade0a: valid; 1.0 s; peak memory 608 MiB.
2026-09-18T20:06:53Z INFO [41/500] 065d8b2b-bf16-499d-8a7c-b150f8fc2de5: not valid; 3.0 s; peak memory 610 MiB.
2026-09-18T20:06:54Z INFO [42/500] 065dd638-b41b-4bc5-a0d2-c15664653d87: valid; 1.3 s; peak memory 617 MiB.
2026-09-18T20:06:56Z INFO [43/500] 065e0c5d-baff-416f-9e97-f7a82f5e9d6c: valid; 1.3 s; peak memory 627 MiB.
2026-09-18T20:06:57Z INFO [44/500] 065e4a6e-387e-4183-9724-9885445fa205: valid; 1.6 s; peak memory 637 MiB.
2026-09-18T20:06:59Z INFO [45/500] 065eb967-79a0-4a95-b089-6f69fcdfb62d: valid; 1.6 s; peak memory 639 MiB.
2026-09-18T20:07:00Z INFO [46/500] 065ecdf5-9f65-4033-a914-3c6a23c9ee0d: valid; 1.0 s; peak memory 639 MiB.
2026-09-18T20:07:01Z INFO [47/500] 065fb623-256e-4537-bbc2-5956e35e675e: valid; 0.9 s; peak memory 639 MiB.
2026-09-18T20:07:02Z INFO [48/500] 065fcc77-9c5b-41df-8233-c955e00289d6: not valid; 1.1 s; peak memory 639 MiB.
2026-09-18T20:07:03Z INFO [49/500] 06603511-00ed-450a-aca2-a5f9372f1f05: valid; 1.0 s; peak memory 639 MiB.
2026-09-18T20:07:03Z INFO [50/500] 06604994-2a1d-432e-9838-eaee4cf8c95a: valid; 0.7 s; peak memory 639 MiB.
2026-09-18T20:07:04Z INFO [50/500] 06604994-2a1d-432e-9838-eaee4cf8c95a: checkpointed 69060 records.
2026-09-18T20:07:07Z INFO [51/500] 066058dd-c51c-4689-af5a-4acff24b3d8f: not valid; 3.0 s; peak memory 640 MiB.
2026-09-18T20:07:09Z INFO [52/500] 066081a4-b69c-4808-8a43-f724d8633f14: valid; 1.6 s; peak memory 640 MiB.
2026-09-18T20:07:10Z INFO [53/500] 0660ec7d-23c8-474c-b720-b5c0fc78d01b: valid; 1.5 s; peak memory 648 MiB.
2026-09-18T20:07:11Z INFO [54/500] 06616987-52f9-4e09-9175-99019fe46a34: not valid; 1.2 s; peak memory 651 MiB.
2026-09-18T20:07:20Z INFO [55/500] 06619f0a-40a6-401e-853f-7a31f3f096e8: valid; 8.8 s; peak memory 676 MiB.
2026-09-18T20:07:21Z INFO [56/500] 0661b2f2-3fb4-437d-9e9b-66e727a0f45d: valid; 0.9 s; peak memory 678 MiB.
2026-09-18T20:07:24Z INFO [57/500] 0661c340-d589-40bb-ab5d-c225a5c504c3: valid; 2.6 s; peak memory 693 MiB.
2026-09-18T20:07:25Z INFO [58/500] 0661f13e-7eff-4247-aa95-2eae7b0c3960: valid; 1.9 s; peak memory 701 MiB.
2026-09-18T20:07:26Z INFO [59/500] 066263e7-9b25-402b-aa7d-f0458407b1f1: valid; 1.1 s; peak memory 704 MiB.
2026-09-18T20:07:28Z INFO [60/500] 06629633-2484-47db-88ef-aedc9c73ae49: not valid; 1.3 s; peak memory 708 MiB.
2026-09-18T20:07:30Z INFO [61/500] 0662a888-4665-4c5f-b2d8-838b3566f9ae: valid; 1.9 s; peak memory 727 MiB.
2026-09-18T20:07:31Z INFO [62/500] 066302da-48a8-4bb6-99ef-073175c3fbff: valid; 1.5 s; peak memory 741 MiB.
2026-09-18T20:07:32Z INFO [63/500] 066333ef-182a-43fa-81fb-88e3b616d707: valid; 0.7 s; peak memory 741 MiB.
2026-09-18T20:07:33Z INFO [64/500] 06639d76-dba2-41b8-960e-a7f021ec0264: valid; 0.7 s; peak memory 741 MiB.
2026-09-18T20:07:36Z INFO [65/500] 0664090e-391b-4336-8e54-6cd92ca0346c: valid; 3.4 s; peak memory 745 MiB.
2026-09-18T20:07:47Z INFO [66/500] 066484d4-ec32-4637-92dc-0b509a12909d: not valid; 11.2 s; peak memory 784 MiB.
2026-09-18T20:07:49Z INFO [67/500] 0664def5-43fb-4126-81ef-eb5ac37952d4: valid; 1.5 s; peak memory 784 MiB.
2026-09-18T20:07:50Z INFO [68/500] 0665065c-e427-442e-a315-42233a9d6984: valid; 1.5 s; peak memory 785 MiB.
2026-09-18T20:07:52Z INFO [69/500] 06651b7f-133b-43aa-b4ff-c8ccd271b49a: valid; 1.7 s; peak memory 791 MiB.
2026-09-18T20:07:59Z INFO [70/500] 0665772e-6147-4057-85be-8caf934b2975: valid; 6.9 s; peak memory 860 MiB.
2026-09-18T20:08:00Z INFO [71/500] 0666a115-4472-450a-9aa7-007edd08c8b3: not valid; 0.9 s; peak memory 862 MiB.
2026-09-18T20:08:01Z INFO [72/500] 0666c67b-5338-44f1-a199-0f9fe1341f43: valid; 0.8 s; peak memory 865 MiB.
2026-09-18T20:08:02Z INFO [73/500] 0666f5c2-5991-4cf5-afca-cc7131fd81af: valid; 0.9 s; peak memory 868 MiB.
2026-09-18T20:08:03Z INFO [74/500] 06686de7-3a67-4dd5-bacb-2c61970431fd: not valid; 1.3 s; peak memory 871 MiB.
2026-09-18T20:08:04Z INFO [75/500] 0668b06a-e095-41aa-9a5d-634035f9be47: valid; 1.2 s; peak memory 877 MiB.
2026-09-18T20:08:39Z INFO [76/500] 0668db8a-d2fc-4de8-b5dd-750a61b7f379: not valid; 34.7 s; peak memory 1643 MiB.
2026-09-18T20:08:40Z INFO [77/500] 06694960-0882-4b7b-87dd-b33113b2041e: not valid; 1.0 s; peak memory 1643 MiB.
2026-09-18T20:08:42Z INFO [78/500] 06696c11-d9c4-4b98-b994-1e0cc198140d: valid; 2.1 s; peak memory 1643 MiB.
2026-09-18T20:08:43Z INFO [79/500] 0669daa2-eefb-4ffc-9e52-37fea0a92681: valid; 1.3 s; peak memory 1643 MiB.
2026-09-18T20:08:44Z WARNING 066a6efd-ded7-4dec-91e3-89a0c10aec4a: failed while opening the NWB file (ConstructError: (root/acquisition/_iblmic_audioSpectrogram/bands GroupBuilder {'attributes': {'colnames': array(['freq'], dtype=object), 'description': 'spectogram frequencies', 'namespace': 'core', 'neurodata_type': 'FrequencyBandsTable', 'object_id': 'dcd9c331-2878-422a-98ee-f3ef1b275f88'}, 'groups': {}, 'datasets': {'freq': root/acquisition/_iblmic_audioSpectrogram/bands/freq DatasetBuilder {'attributes': {'description': 'frequency value', 'namespace': 'hdmf-common', 'neurodata_type': 'VectorData', 'object_id': '0a004aeb-b6ac-4329-ace0-53255911ca77'}, 'data': <HDF5 dataset "freq": shape (257,), type "<f4">}, 'id': root/acquisition/_iblmic_audioSpectrogram/bands/id DatasetBuilder {'attributes': {'namespace': 'hdmf-common', 'neurodata_type': 'ElementIdentifiers', 'object_id': 'a2ac80b3-4175-4a21-ac56-4bb26ea53c9e'}, 'data': <HDF5 dataset "id": shape (257,), type "<i4">}}, 'links': {}}, "Could not construct FrequencyBandsTable object due to: column must have the same number of rows as 'id'"))
2026-09-18T20:08:46Z INFO [81/500] 066a734a-f816-4392-aedf-414b4cc0996f: valid; 1.8 s; peak memory 1643 MiB.
2026-09-18T20:08:48Z INFO [82/500] 066ae256-4ec2-4da4-a5f2-c8e106beadcd: valid; 1.4 s; peak memory 1643 MiB.
2026-09-18T20:08:48Z INFO [83/500] 066b83e3-abd2-4e8a-92d1-b8852b924095: valid; 0.8 s; peak memory 1643 MiB.
2026-09-18T20:08:54Z INFO [84/500] 066b97ad-c2df-44a8-a5aa-97b88f3f4170: valid; 5.6 s; peak memory 1643 MiB.
2026-09-18T20:08:56Z INFO [85/500] 066ba34d-a0bd-4f6d-90de-1b9decfe64a9: valid; 1.6 s; peak memory 1643 MiB.
2026-09-18T20:08:57Z INFO [86/500] 066bfd6e-57ae-4fa2-9672-9101c374df6c: valid; 1.5 s; peak memory 1643 MiB.
2026-09-18T20:08:58Z INFO [87/500] 066bffa1-f335-438b-aeda-c4c7ffe459b7: not valid; 1.3 s; peak memory 1643 MiB.
2026-09-18T20:08:59Z INFO [88/500] 066c2bf7-c16f-4158-9168-931f9d212fe0: not valid; 1.1 s; peak memory 1643 MiB.
2026-09-18T20:09:01Z INFO [89/500] 066d38d5-1a29-403e-9faa-01eaf255b2a1: valid; 1.5 s; peak memory 1643 MiB.
2026-09-18T20:09:08Z INFO [90/500] 066d4585-4e66-4588-91a9-ce90944f5943: valid; 7.1 s; peak memory 1643 MiB.
2026-09-18T20:09:10Z INFO [91/500] 066e8e7d-688b-4d06-8ef5-f266d187d4ba: valid; 1.6 s; peak memory 1643 MiB.
2026-09-18T20:09:15Z INFO [92/500] 066ee288-2f8c-4e66-9b37-72ab6748659c: valid; 5.6 s; peak memory 1643 MiB.
2026-09-18T20:09:17Z INFO [93/500] 066f1ceb-fe09-4b77-a07b-749c676de3bc: valid; 1.3 s; peak memory 1643 MiB.
2026-09-18T20:09:18Z INFO [94/500] 066fc6ea-7bd6-4858-a891-67c8ec07e205: valid; 1.3 s; peak memory 1644 MiB.
2026-09-18T20:09:26Z INFO [95/500] 066fe628-6620-4edc-941b-acd959ea1f25: valid; 8.3 s; peak memory 1652 MiB.
2026-09-18T20:09:27Z INFO [96/500] 0670ab15-040a-4bd1-8a43-6c7ac7448092: not valid; 1.1 s; peak memory 1652 MiB.
2026-09-18T20:09:29Z INFO [97/500] 0670ff4b-76ab-49c3-af60-449a7b3180ba: valid; 1.5 s; peak memory 1652 MiB.
2026-09-18T20:09:31Z INFO [98/500] 06713c4b-2793-4215-8347-0aa7ff15f92c: valid; 1.8 s; peak memory 1652 MiB.
2026-09-18T20:09:32Z INFO [99/500] 06716380-e13d-46ae-8e7e-fa21c09903ce: valid; 0.9 s; peak memory 1653 MiB.
2026-09-18T20:09:32Z INFO [100/500] 067173e7-2f5c-4e3a-9994-d2a9f19953f9: valid; 0.9 s; peak memory 1653 MiB.
2026-09-18T20:09:33Z INFO [100/500] 067173e7-2f5c-4e3a-9994-d2a9f19953f9: checkpointed 69110 records.
2026-09-18T20:09:34Z INFO [101/500] 0671a1e4-f049-4f43-af47-dc24c11e7938: valid; 1.4 s; peak memory 1653 MiB.
2026-09-18T20:09:38Z INFO [102/500] 0671abb8-d94d-4b0d-b9b7-a2ea65b6b79e: valid; 3.4 s; peak memory 1654 MiB.
2026-09-18T20:09:39Z INFO [103/500] 06725e0c-b79a-487e-90f4-2fceb008408d: valid; 0.9 s; peak memory 1654 MiB.
2026-09-18T20:09:40Z INFO [104/500] 0672c6ea-b8a9-4268-afec-a5c0d7b40f6c: valid; 1.8 s; peak memory 1654 MiB.
2026-09-18T20:09:49Z INFO [105/500] 06732dee-027c-40f9-a27c-f1bee994ae91: not valid; 8.2 s; peak memory 1660 MiB.
2026-09-18T20:09:56Z INFO [106/500] 06737f00-1e12-4ffe-96b9-958a9ec6b770: valid; 7.5 s; peak memory 1676 MiB.
2026-09-18T20:09:57Z INFO [107/500] 06738f38-6e09-40f6-9e7b-90bdf0ebf1e8: not valid; 1.3 s; peak memory 1678 MiB.
2026-09-18T20:09:59Z INFO [108/500] 06742f68-cc22-43db-870d-6564c32194e8: not valid; 1.4 s; peak memory 1679 MiB.
2026-09-18T20:10:01Z INFO [109/500] 0674b485-d393-44f1-80cf-85ad1eebd888: valid; 2.0 s; peak memory 1680 MiB.
2026-09-18T20:10:02Z INFO [110/500] 06752a67-dfaf-4987-840c-6b42ba1e1cc7: valid; 1.7 s; peak memory 1680 MiB.
2026-09-18T20:10:03Z INFO [111/500] 06760ea0-f991-4f89-ac3a-b7f77d3ee5ca: valid; 0.9 s; peak memory 1680 MiB.
2026-09-18T20:10:05Z INFO [112/500] 06770aa1-7f0c-4bca-926c-1986745019d9: valid; 1.8 s; peak memory 1680 MiB.
2026-09-18T20:10:07Z INFO [113/500] 067720cb-f739-4a07-b0e6-527c3138beb0: valid; 2.1 s; peak memory 1680 MiB.
2026-09-18T20:10:09Z INFO [114/500] 06779cd8-6ab1-428c-99b0-7c4b688cb5df: valid; 1.7 s; peak memory 1680 MiB.
2026-09-18T20:10:16Z INFO [115/500] 0677fdc3-5d92-4614-88d4-55ca0edf23da: valid; 7.1 s; peak memory 1682 MiB.
2026-09-18T20:10:18Z INFO [116/500] 067803a4-c8cb-4420-a04f-97858aa1dcdb: valid; 1.8 s; peak memory 1684 MiB.
2026-09-18T20:10:20Z INFO [117/500] 067899a7-e8d6-40d0-a8c7-5abeb032299d: valid; 2.7 s; peak memory 1684 MiB.
2026-09-18T20:10:22Z INFO [118/500] 0678dd83-d6c0-4fa0-9b12-11a77f62458f: valid; 1.4 s; peak memory 1684 MiB.
2026-09-18T20:10:25Z INFO [119/500] 0679437d-0e7c-424c-a8ee-5a23e63ae4a3: valid; 2.8 s; peak memory 1684 MiB.
2026-09-18T20:10:26Z INFO [120/500] 0679a6e6-4c44-4e66-ba4e-f1f3922cd155: valid; 1.4 s; peak memory 1693 MiB.
2026-09-18T20:10:27Z INFO [121/500] 067a7688-9cef-4761-a836-2897ce49e943: not valid; 1.2 s; peak memory 1693 MiB.
2026-09-18T20:10:28Z INFO [122/500] 067a7fff-90f7-4075-bfe2-1064e676e090: not valid; 1.2 s; peak memory 1693 MiB.
2026-09-18T20:10:30Z INFO [123/500] 067a8d5b-2e0f-4a92-8923-b6df6d7b23da: not valid; 1.3 s; peak memory 1695 MiB.
2026-09-18T20:10:31Z INFO [124/500] 067ab4db-be11-46c0-9988-ae251e4d92b4: valid; 1.7 s; peak memory 1697 MiB.
2026-09-18T20:10:32Z INFO [125/500] 067b1310-aa5a-4e65-967f-6f05df4993c3: valid; 0.8 s; peak memory 1698 MiB.
2026-09-18T20:10:35Z INFO [126/500] 067ba370-fdd1-41d7-a7ad-7a423ef5d8ec: not valid; 2.8 s; peak memory 1699 MiB.
2026-09-18T20:10:37Z INFO [127/500] 067e0869-88d7-4858-8671-64bd9a4718b3: valid; 1.7 s; peak memory 1701 MiB.
2026-09-18T20:10:39Z INFO [128/500] 067e11bd-7fdf-4ed3-b5a7-ee8b5b2258a8: not valid; 2.2 s; peak memory 1705 MiB.
2026-09-18T20:10:41Z INFO [129/500] 067e2a15-cd15-4f21-90d7-2368247d0440: valid; 2.2 s; peak memory 1707 MiB.
2026-09-18T20:10:42Z INFO [130/500] 067e99ec-def6-4ea4-a48f-4110ac40a042: valid; 0.9 s; peak memory 1709 MiB.
2026-09-18T20:10:44Z INFO [131/500] 067ea211-38bd-4f0a-87d4-107267bd9b3b: valid; 1.5 s; peak memory 1724 MiB.
2026-09-18T20:10:45Z INFO [132/500] 067ea819-e5c4-418b-b391-ec5d803bbbc6: valid; 1.4 s; peak memory 1727 MiB.
2026-09-18T20:10:46Z INFO [133/500] 067eb64a-2b26-468b-867f-c5fcfe34fedf: not valid; 1.5 s; peak memory 1727 MiB.
2026-09-18T20:10:51Z INFO [134/500] 067f8a20-3286-4b8a-aab5-97caa767bf14: valid; 5.0 s; peak memory 1734 MiB.
2026-09-18T20:10:52Z INFO [135/500] 06800a34-27c5-4b64-bd5b-af269ad51f88: valid; 1.0 s; peak memory 1736 MiB.
2026-09-18T20:10:54Z INFO [136/500] 0680a097-c76e-4382-8258-357f58305cad: valid; 1.3 s; peak memory 1747 MiB.
2026-09-18T20:10:56Z INFO [137/500] 0681337e-3295-4bf2-bca6-4d88b3174b1c: valid; 2.2 s; peak memory 1750 MiB.
2026-09-18T20:10:57Z INFO [138/500] 06822e81-78a2-489b-8385-98ed313a0bc1: valid; 1.5 s; peak memory 1754 MiB.
2026-09-18T20:10:59Z INFO [139/500] 06823506-5894-477c-b550-f647813328bb: valid; 1.4 s; peak memory 1757 MiB.
2026-09-18T20:11:00Z WARNING 068315eb-d82a-44a2-8590-6b8aa309dcdc: failed while opening the NWB file (ConstructError: (root/acquisition/_iblmic_audioSpectrogram/bands GroupBuilder {'attributes': {'colnames': array(['freq'], dtype=object), 'description': 'spectogram frequencies', 'namespace': 'core', 'neurodata_type': 'FrequencyBandsTable', 'object_id': '52a5d0a7-a89e-496b-a32e-1fbf652f9d6a'}, 'groups': {}, 'datasets': {'freq': root/acquisition/_iblmic_audioSpectrogram/bands/freq DatasetBuilder {'attributes': {'description': 'frequency value', 'namespace': 'hdmf-common', 'neurodata_type': 'VectorData', 'object_id': 'b8f3545f-8ba4-426b-a98d-459e86fddf45'}, 'data': <HDF5 dataset "freq": shape (257,), type "<f4">}, 'id': root/acquisition/_iblmic_audioSpectrogram/bands/id DatasetBuilder {'attributes': {'namespace': 'hdmf-common', 'neurodata_type': 'ElementIdentifiers', 'object_id': 'e4e05960-6ce4-4c2a-b0d3-60f441d81af1'}, 'data': <HDF5 dataset "id": shape (257,), type "<i4">}}, 'links': {}}, "Could not construct FrequencyBandsTable object due to: column must have the same number of rows as 'id'"))
2026-09-18T20:11:01Z INFO [141/500] 06839373-286c-4716-b9cd-ed9dbff95b70: valid; 1.0 s; peak memory 1759 MiB.
2026-09-18T20:11:11Z INFO [142/500] 06840152-7a68-4e42-a305-47635ddf2804: valid; 9.4 s; peak memory 1784 MiB.
2026-09-18T20:11:13Z INFO [143/500] 0684a957-86a2-4dca-8984-2fa3c5b9afce: not valid; 2.8 s; peak memory 1795 MiB.
2026-09-18T20:11:15Z INFO [144/500] 0684ccaf-1118-4467-bf90-c0c1450391e5: not valid; 1.3 s; peak memory 1799 MiB.
2026-09-18T20:11:24Z INFO [145/500] 068544af-4a80-4c85-aacc-7f424bdddebe: valid; 9.5 s; peak memory 1814 MiB.
2026-09-18T20:11:26Z INFO [146/500] 0685cdec-9137-4d51-8a2c-7a03c41c3602: valid; 2.1 s; peak memory 1815 MiB.
2026-09-18T20:11:27Z INFO [147/500] 0685f8af-b619-44f4-97f9-730de0f0a0cc: valid; 1.2 s; peak memory 1816 MiB.
2026-09-18T20:11:29Z INFO [148/500] 06865f7a-9300-491f-b453-0579e039226d: valid; 1.8 s; peak memory 1818 MiB.
2026-09-18T20:11:30Z INFO [149/500] 0686b4c6-5c5f-44fb-a90d-192d7f40216d: not valid; 0.8 s; peak memory 1819 MiB.
2026-09-18T20:11:31Z INFO [150/500] 0686d53a-7143-445f-b9b3-2db75fb0174c: valid; 0.9 s; peak memory 1821 MiB.
2026-09-18T20:11:31Z INFO [150/500] 0686d53a-7143-445f-b9b3-2db75fb0174c: checkpointed 69160 records.
2026-09-18T20:11:32Z WARNING 0686ec2c-dd09-41b6-ba24-568451a3a7e3: failed while retrieving asset information from the DANDI API (NotFoundError: No such Dandiset: 001533)
2026-09-18T20:11:33Z INFO [152/500] 0687b0d8-3748-4de9-a52d-9f90a7d8b232: not valid; 1.3 s; peak memory 1826 MiB.
2026-09-18T20:11:34Z INFO [153/500] 0689954e-c04d-4da7-9c55-ffef5688914f: valid; 0.8 s; peak memory 1828 MiB.
2026-09-18T20:11:35Z INFO [154/500] 0689bdf1-3d01-4a85-81bb-5e7893a8c61f: valid; 1.8 s; peak memory 1853 MiB.
2026-09-18T20:11:36Z INFO [155/500] 068a2314-497a-45f4-9af5-bae2d528e4d1: not valid; 1.1 s; peak memory 1853 MiB.
2026-09-18T20:11:38Z WARNING 068ab057-201a-4f95-ae14-0ade53ea6507: failed while retrieving asset information from the DANDI API (NotFoundError: No asset at path 'derivatives/dandisets-001/dandiset-001428/sub-aged-mouse2/sub-aged-mouse2_ses-after_ecephys/pipeline-aind+ephys/version-v1.2.4_codebase-v0.3.43_params-1cbdbee_config-7940dfd_attempt-3/derivatives/16c23f1d-2296-47c6-8442-dd72a453dfcf_block0_recording1.nwb' in version draft. Verify the path is correct and the asset exists in this version. Use 'dandi ls' to list available assets.)
2026-09-18T20:11:39Z INFO [157/500] 068ab245-bb56-4b00-89a6-ea1891c79c28: not valid; 1.3 s; peak memory 1855 MiB.
2026-09-18T20:11:41Z INFO [158/500] 068b1166-fad3-48d9-aeb9-f0c357b7e071: valid; 1.3 s; peak memory 1861 MiB.
2026-09-18T20:11:41Z INFO [159/500] 068b739d-8203-494f-ac0a-62bac0e9c629: valid; 0.8 s; peak memory 1864 MiB.
2026-09-18T20:11:43Z INFO [160/500] 068b9f1c-70d1-4bfe-a128-d3eb2266b2f5: valid; 2.2 s; peak memory 1867 MiB.
2026-09-18T20:11:45Z INFO [161/500] 068c3275-84c4-4fbe-b2ae-3f3b783d6ae4: valid; 1.9 s; peak memory 1867 MiB.
2026-09-18T20:11:46Z INFO [162/500] 068c9eb1-d801-4f7b-888a-8807921b152e: not valid; 1.1 s; peak memory 1867 MiB.
2026-09-18T20:11:49Z INFO [163/500] 068d25f2-9fa4-4ce8-ab88-f3bfbf30b85e: not valid; 2.4 s; peak memory 1867 MiB.
2026-09-18T20:11:50Z INFO [164/500] 068d32d5-549d-4bd9-a382-8614eb35bb41: valid; 1.2 s; peak memory 1871 MiB.
2026-09-18T20:11:50Z WARNING 068d4385-de6f-4f44-86e3-dfdc2388df9e: failed while retrieving asset information from the DANDI API (NotFoundError: No such Dandiset: 000732)
2026-09-18T20:11:56Z INFO [166/500] 068dc429-acd4-4c92-8c2b-c27fe3189b83: valid; 5.6 s; peak memory 1879 MiB.
2026-09-18T20:11:57Z INFO [167/500] 068e4a07-d6fb-42c2-a25a-06d488c926a5: valid; 1.6 s; peak memory 1887 MiB.
2026-09-18T20:12:07Z INFO [168/500] 068e68ea-e5a3-4e6f-8b0c-c4f16a87bc5c: valid; 9.8 s; peak memory 2077 MiB.
2026-09-18T20:12:19Z INFO [169/500] 068f7c23-e2cb-4a7e-92ea-2f9664da5f66: valid; 11.6 s; peak memory 2506 MiB.
2026-09-18T20:12:20Z INFO [170/500] 068f975e-3494-46c4-a86c-b349c6c563ae: not valid; 1.2 s; peak memory 2506 MiB.
2026-09-18T20:12:25Z INFO [171/500] 06901957-e0d6-4878-9777-c6548606507a: valid; 5.1 s; peak memory 2506 MiB.
2026-09-18T20:12:26Z INFO [172/500] 069032c7-9400-4a34-bed7-00b5b703e412: valid; 0.9 s; peak memory 2506 MiB.
2026-09-18T20:12:28Z INFO [173/500] 06903dde-6011-402f-91e0-3c09f75d822e: valid; 2.0 s; peak memory 2506 MiB.
2026-09-18T20:12:29Z INFO [174/500] 06907ff5-f13f-47d8-983c-1b4ad19e7d20: valid; 1.0 s; peak memory 2506 MiB.
2026-09-18T20:12:31Z INFO [175/500] 0690d756-6b17-4950-8aec-5ad3f576a8f5: valid; 2.0 s; peak memory 2506 MiB.
2026-09-18T20:12:32Z INFO [176/500] 06917472-079d-4450-aff0-3be17d684a7c: valid; 0.9 s; peak memory 2506 MiB.
2026-09-18T20:12:57Z INFO [177/500] 06922662-e16f-4eb5-b8ee-8665a4785a1a: not valid; 25.2 s; peak memory 2506 MiB.
2026-09-18T20:12:59Z INFO [178/500] 06934eb7-ba6e-4cd3-9ed8-c58d4f839b0d: valid; 2.1 s; peak memory 2506 MiB.
2026-09-18T20:13:00Z INFO [179/500] 0693fb77-1a5e-4d76-9007-c6bdc597d8cd: valid; 1.4 s; peak memory 2506 MiB.
2026-09-18T20:13:01Z INFO [180/500] 06945228-6d8d-4dd2-a4fb-2f0b4909a370: valid; 0.9 s; peak memory 2506 MiB.
2026-09-18T20:13:03Z INFO [181/500] 0694ea10-f91f-4812-8dfb-b07ac270fc98: valid; 1.6 s; peak memory 2506 MiB.
2026-09-18T20:13:05Z INFO [182/500] 06951bd4-070e-410a-988f-4be2c7799d7a: valid; 1.9 s; peak memory 2506 MiB.
2026-09-18T20:13:08Z INFO [183/500] 0695bf89-7f3e-4641-aec3-4890e462aaf1: valid; 3.2 s; peak memory 2506 MiB.
2026-09-18T20:13:10Z INFO [184/500] 0696455a-cfe2-4312-a3d6-b028ff5ea3eb: valid; 1.9 s; peak memory 2506 MiB.
2026-09-18T20:13:17Z INFO [185/500] 069661eb-7824-4010-bbe1-cb3bf218ac4a: valid; 7.7 s; peak memory 2626 MiB.
2026-09-18T20:13:18Z INFO [186/500] 0696c590-0c01-44f7-9c9c-801eace5d87d: valid; 0.9 s; peak memory 2626 MiB.
2026-09-18T20:13:38Z INFO [187/500] 0696f9e4-d864-4b5d-8c47-850c3ba6a5e8: not valid; 19.8 s; peak memory 3540 MiB.
2026-09-18T20:13:39Z INFO [188/500] 06974da7-9166-4f1f-bfd0-50f5705ab1fd: valid; 1.1 s; peak memory 3540 MiB.
2026-09-18T20:13:41Z INFO [189/500] 0697e2ca-8d5c-4614-a661-ddb5fce9e91e: not valid; 1.3 s; peak memory 3540 MiB.
2026-09-18T20:13:42Z INFO [190/500] 06985895-4eb7-4004-8fcd-cafb41ce8761: valid; 1.6 s; peak memory 3540 MiB.
2026-09-18T20:13:44Z INFO [191/500] 069874f6-a203-45c4-a904-d8ac33082164: valid; 1.9 s; peak memory 3540 MiB.
2026-09-18T20:13:45Z INFO [192/500] 06991245-a689-443e-8bcc-36572d0370a1: not valid; 1.1 s; peak memory 3540 MiB.
2026-09-18T20:13:48Z INFO [193/500] 06995c9a-893b-4235-b386-65bf579eafab: valid; 3.3 s; peak memory 3540 MiB.
2026-09-18T20:13:50Z INFO [194/500] 069a0908-11ea-43fd-89c0-7161bb7a52a4: valid; 1.9 s; peak memory 3540 MiB.
2026-09-18T20:13:52Z INFO [195/500] 069a3250-8ccd-4b02-85a3-da1e8284e601: valid; 1.7 s; peak memory 3540 MiB.
2026-09-18T20:14:03Z INFO [196/500] 069a543e-c7e9-4015-987c-09fa1bbe122b: valid; 10.8 s; peak memory 3540 MiB.
2026-09-18T20:14:04Z INFO [197/500] 069abc52-978a-4528-829b-957d9e6db292: valid; 0.9 s; peak memory 3540 MiB.
2026-09-18T20:14:05Z INFO [198/500] 069aeb5d-5aad-4b3a-867e-b6d02a19fa1c: not valid; 1.1 s; peak memory 3540 MiB.
2026-09-18T20:14:07Z INFO [199/500] 069b45d7-1d95-4679-b810-ad5ecef24d79: valid; 1.9 s; peak memory 3540 MiB.
2026-09-18T20:14:08Z INFO [200/500] 069b7c8d-b87d-412a-8a4c-9eb9c03c4ca5: not valid; 1.6 s; peak memory 3540 MiB.
2026-09-18T20:14:09Z INFO [200/500] 069b7c8d-b87d-412a-8a4c-9eb9c03c4ca5: checkpointed 69210 records.
2026-09-18T20:14:10Z INFO [201/500] 069b8683-a0a8-41c1-a7ed-7f55d16264a4: valid; 0.8 s; peak memory 3540 MiB.
2026-09-18T20:14:10Z WARNING 069b9e12-ad6a-49ba-9dcb-8858783c45c5: failed while retrieving asset information from the DANDI API (NotFoundError: No such Dandiset: 000948)
2026-09-18T20:14:19Z INFO [203/500] 069bab1e-cbca-440c-87ee-d561e180749f: valid; 9.3 s; peak memory 3732 MiB.
2026-09-18T20:14:20Z INFO [204/500] 069be5ca-4bce-4177-830b-a7e9b9395e78: valid; 1.1 s; peak memory 3732 MiB.
2026-09-18T20:14:21Z INFO [205/500] 069c27ca-2242-42f4-9c61-d5b107ee62ce: valid; 0.9 s; peak memory 3732 MiB.
2026-09-18T20:14:23Z INFO [206/500] 069c474d-9118-429a-a69c-034d8070ad1f: valid; 2.2 s; peak memory 3732 MiB.
2026-09-18T20:14:25Z INFO [207/500] 069cb574-8dd0-4c46-9c45-e73a673dc394: valid; 1.5 s; peak memory 3732 MiB.
2026-09-18T20:14:26Z INFO [208/500] 069d7758-9d88-4420-b691-a4bec2692b76: valid; 1.7 s; peak memory 3732 MiB.
2026-09-18T20:14:28Z INFO [209/500] 069da60f-2eeb-4c8d-8d11-6140332dd31f: valid; 1.4 s; peak memory 3732 MiB.
2026-09-18T20:14:29Z INFO [210/500] 069df294-cf2f-4195-b6dd-cd7471f17930: valid; 1.3 s; peak memory 3732 MiB.
2026-09-18T20:14:39Z INFO [211/500] 069ec362-d03a-4f3c-b126-45d035de7e56: valid; 10.5 s; peak memory 3847 MiB.
2026-09-18T20:14:41Z INFO [212/500] 069f0101-1f71-4217-ad91-6cecb3262a42: valid; 1.1 s; peak memory 3850 MiB.
2026-09-18T20:14:42Z INFO [213/500] 06a0384a-5af3-4ee3-bd8d-2d91e03c3601: not valid; 1.2 s; peak memory 3852 MiB.
2026-09-18T20:14:44Z INFO [214/500] 06a07c0b-36cb-432a-a785-ae557877dc4a: valid; 2.3 s; peak memory 3860 MiB.
2026-09-18T20:14:46Z INFO [215/500] 06a0ca48-b819-4d49-8e4d-8ac0e0219a59: valid; 1.4 s; peak memory 3860 MiB.
2026-09-18T20:14:47Z INFO [216/500] 06a1998b-ef7d-4390-aa1d-42ac2e7ea983: valid; 1.0 s; peak memory 3860 MiB.
2026-09-18T20:14:48Z INFO [217/500] 06a2f89e-d6e7-482f-a00f-52c7f111d669: not valid; 1.4 s; peak memory 3861 MiB.
2026-09-18T20:14:49Z INFO [218/500] 06a2fb2e-48f7-4930-93d9-aeb6bfcce6e4: valid; 1.4 s; peak memory 3861 MiB.
2026-09-18T20:14:51Z INFO [219/500] 06a30362-8d18-4dd3-96ea-63ef600a3c0e: valid; 1.4 s; peak memory 3863 MiB.
2026-09-18T20:14:52Z INFO [220/500] 06a36259-7480-4845-bafc-25dcaf35d2d0: valid; 1.0 s; peak memory 3865 MiB.
2026-09-18T20:14:53Z INFO [221/500] 06a37b5d-0bda-4735-ab67-a4ab67f74eda: valid; 1.4 s; peak memory 3866 MiB.
2026-09-18T20:14:55Z INFO [222/500] 06a398c9-02a7-4eeb-979f-ef47be8f96c0: not valid; 1.4 s; peak memory 3867 MiB.
2026-09-18T20:14:56Z INFO [223/500] 06a3ab60-d322-4bb8-bcc3-08fe0fbda41d: not valid; 1.2 s; peak memory 3868 MiB.
2026-09-18T20:14:57Z INFO [224/500] 06a40fae-6f18-41cc-a11b-560a38ac0f01: valid; 1.5 s; peak memory 3871 MiB.
2026-09-18T20:14:58Z INFO [225/500] 06a42936-152f-4887-bf61-69f1f342b3b7: valid; 1.2 s; peak memory 3871 MiB.
2026-09-18T20:15:12Z INFO [226/500] 06a45a06-2c5e-46e0-b296-b0d2348f5b71: valid; 13.7 s; peak memory 3895 MiB.
2026-09-18T20:15:15Z INFO [227/500] 06a4ac18-4298-4c0e-8de7-262480d26fe7: valid; 2.7 s; peak memory 3899 MiB.
2026-09-18T20:15:16Z INFO [228/500] 06a4ba8d-3ee7-4b95-a526-cb115140ce6d: valid; 1.3 s; peak memory 3900 MiB.
2026-09-18T20:15:17Z INFO [229/500] 06a51566-2b6a-4710-a7b0-766aa7fdec86: valid; 1.3 s; peak memory 3901 MiB.
2026-09-18T20:15:19Z INFO [230/500] 06a59025-f8a8-4245-a5a2-f6bbf995ca0f: not valid; 1.4 s; peak memory 3901 MiB.
2026-09-18T20:15:20Z INFO [231/500] 06a6f7ca-0eb3-4bac-b3c3-92a3765e8411: valid; 1.7 s; peak memory 3902 MiB.
2026-09-18T20:15:22Z INFO [232/500] 06a7698f-c5a0-4b99-b69f-c83403fb46b5: valid; 1.1 s; peak memory 3902 MiB.
2026-09-18T20:15:22Z INFO [233/500] 06a7b248-dc05-43f6-b1ea-a3e94e9e1b2a: valid; 0.8 s; peak memory 3903 MiB.
2026-09-18T20:15:23Z INFO [234/500] 06a84a58-3e91-4511-b33b-5c800dbc13d8: valid; 1.0 s; peak memory 3903 MiB.
2026-09-18T20:15:24Z INFO [235/500] 06a86080-09b6-411b-8ae5-08245c519766: not valid; 0.9 s; peak memory 3903 MiB.
2026-09-18T20:15:26Z INFO [236/500] 06a9d9f4-653e-407c-b1aa-02e0b8991c17: not valid; 1.4 s; peak memory 3906 MiB.
2026-09-18T20:15:27Z INFO [237/500] 06ab3ffb-96c8-4b4d-bca8-f703d14985e5: valid; 1.7 s; peak memory 3907 MiB.
2026-09-18T20:15:29Z INFO [238/500] 06ab54c6-cc4b-47d6-bf59-4afac59d43f6: valid; 1.6 s; peak memory 3909 MiB.
2026-09-18T20:15:30Z INFO [239/500] 06ac4f5a-7a80-4f95-8056-fe7d8565b7ec: not valid; 1.1 s; peak memory 3910 MiB.
2026-09-18T20:15:32Z INFO [240/500] 06ac5207-b81a-4c1a-8f0b-7cd15dc2704d: valid; 1.4 s; peak memory 3926 MiB.
2026-09-18T20:15:40Z INFO [241/500] 06ac6271-2864-4cf8-b722-7c8397d45830: valid; 8.0 s; peak memory 4015 MiB.
2026-09-18T20:15:41Z INFO [242/500] 06ac6daa-e3d7-4749-9a30-6332cd16fbcf: valid; 1.3 s; peak memory 4025 MiB.
2026-09-18T20:15:43Z INFO [243/500] 06acabc1-55cb-41ae-99ba-470e7db3d465: valid; 1.9 s; peak memory 4034 MiB.
2026-09-18T20:15:51Z INFO [244/500] 06acdb17-e04c-44b1-8b62-c1080201e2ff: valid; 8.2 s; peak memory 4053 MiB.
2026-09-18T20:16:01Z INFO [245/500] 06ad1bff-d004-452b-ba77-8f733be981e3: valid; 10.0 s; peak memory 4089 MiB.
2026-09-18T20:16:03Z INFO [246/500] 06ad3f12-3e5e-46b1-b1c9-4205e07b00b3: valid; 1.7 s; peak memory 4091 MiB.
2026-09-18T20:16:04Z INFO [247/500] 06ad414d-b352-4ec2-b09b-08a4ac09e733: valid; 1.9 s; peak memory 4105 MiB.
2026-09-18T20:16:06Z INFO [248/500] 06ad6d8f-9d0e-40fe-83b1-48737d3394f1: not valid; 1.7 s; peak memory 4105 MiB.
2026-09-18T20:16:08Z INFO [249/500] 06adb2f1-0c3a-4342-b837-8527b75b99a1: valid; 1.7 s; peak memory 4106 MiB.
2026-09-18T20:16:09Z INFO [250/500] 06adf77a-2613-424c-8ce5-4f3d07408251: valid; 0.7 s; peak memory 4107 MiB.
2026-09-18T20:16:09Z INFO [250/500] 06adf77a-2613-424c-8ce5-4f3d07408251: checkpointed 69260 records.
2026-09-18T20:16:11Z INFO [251/500] 06ae25ee-2d16-479a-b2bc-17c91a6a38c8: valid; 1.4 s; peak memory 4109 MiB.
2026-09-18T20:16:19Z INFO [252/500] 06ae2a51-f31b-4cd5-96ed-0b4e6caff5a8: valid; 8.1 s; peak memory 4127 MiB.
2026-09-18T20:16:19Z INFO [253/500] 06ae7e11-08f6-4430-9be5-72d0ea0fcdfa: not valid; 0.7 s; peak memory 4127 MiB.
2026-09-18T20:16:21Z WARNING 06ae9107-8767-4ecb-9af0-7b48fbe9a6d5: failed while opening the NWB file (ConstructError: (root/acquisition/_iblmic_audioSpectrogram/bands GroupBuilder {'attributes': {'colnames': array(['freq'], dtype=object), 'description': 'spectogram frequencies', 'namespace': 'core', 'neurodata_type': 'FrequencyBandsTable', 'object_id': '35ac49e5-ff0e-49a3-a84d-983fb9a12fdd'}, 'groups': {}, 'datasets': {'freq': root/acquisition/_iblmic_audioSpectrogram/bands/freq DatasetBuilder {'attributes': {'description': 'frequency value', 'namespace': 'hdmf-common', 'neurodata_type': 'VectorData', 'object_id': '6b6a9430-b8cd-4fa0-bae8-b767aecc3078'}, 'data': <HDF5 dataset "freq": shape (257,), type "<f4">}, 'id': root/acquisition/_iblmic_audioSpectrogram/bands/id DatasetBuilder {'attributes': {'namespace': 'hdmf-common', 'neurodata_type': 'ElementIdentifiers', 'object_id': '86d4186b-f024-4cee-8ada-a506e0a91df5'}, 'data': <HDF5 dataset "id": shape (257,), type "<i4">}}, 'links': {}}, "Could not construct FrequencyBandsTable object due to: column must have the same number of rows as 'id'"))
2026-09-18T20:16:22Z INFO [255/500] 06af3bf0-6431-4fed-ae2b-71ee6133a5f0: valid; 1.7 s; peak memory 4129 MiB.
2026-09-18T20:16:23Z INFO [256/500] 06af6d3b-29e1-40ea-bcbf-4c6d7b4d90cd: valid; 1.0 s; peak memory 4130 MiB.
2026-09-18T20:16:30Z INFO [257/500] 06af9f8c-02e6-4c1f-8c42-dd53f6a005ba: valid; 6.7 s; peak memory 4142 MiB.
2026-09-18T20:16:31Z INFO [258/500] 06b0aafb-2bc9-40f3-adc7-242684aebd72: not valid; 1.1 s; peak memory 4142 MiB.
2026-09-18T20:16:32Z INFO [259/500] 06b1a6d6-af87-469c-9f6f-19adddfe35ef: valid; 0.8 s; peak memory 4142 MiB.
2026-09-18T20:16:33Z INFO [260/500] 06b2dc87-d51a-4266-ad20-c26a6785ec04: valid; 1.2 s; peak memory 4142 MiB.
2026-09-18T20:16:39Z INFO [261/500] 06b36388-bc43-438c-b223-1f1d1134cbdf: valid; 5.8 s; peak memory 4142 MiB.
2026-09-18T20:16:40Z INFO [262/500] 06b37ce9-c998-4bf8-9fc2-f5e0d920b5ce: not valid; 1.0 s; peak memory 4142 MiB.
2026-09-18T20:16:41Z INFO [263/500] 06b59672-1987-4e5d-b42b-562d1dd6fb5e: valid; 1.3 s; peak memory 4142 MiB.
2026-09-18T20:16:43Z INFO [264/500] 06b632fd-83d2-4b32-863f-0fa98e759dc7: valid; 1.9 s; peak memory 4142 MiB.
2026-09-18T20:16:49Z INFO [265/500] 06b64b67-3aa1-445f-81fb-52c49db20e5e: not valid; 6.3 s; peak memory 4142 MiB.
2026-09-18T20:16:54Z INFO [266/500] 06b673dd-5b95-4a11-8842-be670539ffe6: valid; 5.2 s; peak memory 4142 MiB.
2026-09-18T20:16:56Z INFO [267/500] 06b6befa-82db-40a9-83f0-d10378c37b52: not valid; 1.3 s; peak memory 4142 MiB.
2026-09-18T20:16:57Z INFO [268/500] 06b6d236-7acc-4b43-b7e8-0fb285f7476b: valid; 1.2 s; peak memory 4142 MiB.
2026-09-18T20:16:58Z INFO [269/500] 06b76b93-742b-4f57-8e0d-bb4fbbf8efc5: not valid; 0.9 s; peak memory 4142 MiB.
2026-09-18T20:16:59Z INFO [270/500] 06b77642-760e-47b6-9970-7e4e8e84a7e6: not valid; 1.1 s; peak memory 4142 MiB.
2026-09-18T20:17:11Z INFO [271/500] 06b7aa1a-45c5-4c29-a2f6-96dbd8c16758: not valid; 11.8 s; peak memory 4167 MiB.
2026-09-18T20:17:12Z INFO [272/500] 06b86e0f-734d-4c22-b047-80b3ce59bb46: not valid; 1.5 s; peak memory 4172 MiB.
2026-09-18T20:17:13Z INFO [273/500] 06b87680-a495-47ee-914a-164c2ab6ce22: valid; 1.0 s; peak memory 4174 MiB.
2026-09-18T20:17:22Z INFO [274/500] 06b939c9-ca7f-4051-8507-dcef3760e3c9: valid; 8.5 s; peak memory 4190 MiB.
2026-09-18T20:17:24Z INFO [275/500] 06b948a5-44dd-4b83-a8b8-c2856a35a10d: valid; 1.8 s; peak memory 4190 MiB.
2026-09-18T20:17:25Z INFO [276/500] 06b96a59-f5f6-4a18-a3e3-8c0a0307ccfe: valid; 1.0 s; peak memory 4190 MiB.
2026-09-18T20:17:27Z INFO [277/500] 06b9f802-6066-4866-b081-0f938c7b8925: valid; 2.2 s; peak memory 4190 MiB.
2026-09-18T20:17:32Z INFO [278/500] 06ba0464-670b-485a-b95f-7f6d2aecbbf5: valid; 5.5 s; peak memory 4190 MiB.
2026-09-18T20:17:33Z INFO [279/500] 06ba45c5-df5d-4213-b3a6-ebd1f18cc60e: valid; 1.0 s; peak memory 4190 MiB.
2026-09-18T20:17:34Z INFO [280/500] 06ba9f0a-50ef-4ddb-b8a2-06f5d6452eaf: valid; 1.0 s; peak memory 4190 MiB.
2026-09-18T20:17:35Z INFO [281/500] 06bad4c6-b2f7-4d2f-9679-ea4493314f31: valid; 0.8 s; peak memory 4190 MiB.
2026-09-18T20:17:36Z INFO [282/500] 06bb0218-d354-4d35-87e2-fa007a946e19: valid; 1.3 s; peak memory 4190 MiB.
2026-09-18T20:17:37Z INFO [283/500] 06bb05e2-dfa6-44f7-8491-ecd85c5f8ea4: valid; 0.8 s; peak memory 4190 MiB.
2026-09-18T20:17:38Z INFO [284/500] 06bbb83c-6693-462a-8baa-ae74321eff8f: valid; 1.1 s; peak memory 4190 MiB.
2026-09-18T20:17:40Z INFO [285/500] 06bbba00-e75b-4026-9b43-6455ebe66ad7: valid; 1.9 s; peak memory 4190 MiB.
2026-09-18T20:17:41Z INFO [286/500] 06bbd2ee-f2fd-4f08-b04a-4bbeafe6216a: valid; 0.9 s; peak memory 4190 MiB.
2026-09-18T20:17:54Z INFO [287/500] 06bbf4c8-bf00-442c-a5c7-0aa4a8a92d52: valid; 12.8 s; peak memory 4254 MiB.
2026-09-18T20:17:55Z INFO [288/500] 06bc17c0-deec-43b9-b016-21f108597f17: not valid; 1.4 s; peak memory 4259 MiB.
2026-09-18T20:17:56Z INFO [289/500] 06bc3b1f-a27b-404b-ba6b-7ebb4abebcd2: valid; 0.9 s; peak memory 4261 MiB.
2026-09-18T20:17:58Z INFO [290/500] 06bc47d6-e262-4301-9ce9-2e5e20fe51d2: valid; 1.5 s; peak memory 4263 MiB.
2026-09-18T20:18:00Z INFO [291/500] 06bc75d9-df96-4627-8ccc-0d0e671b4a96: valid; 2.0 s; peak memory 4263 MiB.
2026-09-18T20:18:01Z INFO [292/500] 06bcd71c-c799-4fd7-9d4c-a9a56f031fcb: valid; 1.4 s; peak memory 4263 MiB.
2026-09-18T20:18:01Z WARNING 06bd10a1-b716-4f2b-b993-905e5edd0d45: failed while retrieving asset information from the DANDI API (NotFoundError: No asset at path 'sub-parkinson-simulated-beta/sub-parkinson-simulated-beta_ses-6624_ecephys.nwb' in version 0.250327.2220. Verify the path is correct and the asset exists in this version. Use 'dandi ls' to list available assets.)
2026-09-18T20:18:02Z INFO [294/500] 06bd46ab-8e6a-4fda-b7bb-1d598d741451: valid; 0.8 s; peak memory 4263 MiB.
2026-09-18T20:18:03Z INFO [295/500] 06bdd708-d431-4143-9e4e-d02baa006fb9: valid; 1.0 s; peak memory 4263 MiB.
2026-09-18T20:18:04Z INFO [296/500] 06be257c-fc18-4523-982a-5bbb1e09b7e3: not valid; 1.1 s; peak memory 4263 MiB.
2026-09-18T20:18:06Z INFO [297/500] 06be5078-b0e3-44e2-9c25-ef73b876fcbb: valid; 1.5 s; peak memory 4263 MiB.
2026-09-18T20:18:20Z INFO [298/500] 06be77f0-37a4-4e69-b173-3b1264d4f5e3: valid; 14.1 s; peak memory 4263 MiB.
2026-09-18T20:18:21Z INFO [299/500] 06bebdd1-bc00-406a-9ff8-ca0a034b2b21: valid; 0.9 s; peak memory 4263 MiB.
2026-09-18T20:18:23Z INFO [300/500] 06bee6e5-3021-422d-bd25-1630b9b97a4b: valid; 2.7 s; peak memory 4263 MiB.
2026-09-18T20:18:24Z INFO [300/500] 06bee6e5-3021-422d-bd25-1630b9b97a4b: checkpointed 69310 records.
2026-09-18T20:18:25Z INFO [301/500] 06bf5e18-d4ef-4388-839c-d15f490b800d: not valid; 0.9 s; peak memory 4263 MiB.
2026-09-18T20:18:27Z INFO [302/500] 06c04671-cdc1-47d9-8ebf-e930fd7d0add: valid; 2.3 s; peak memory 4263 MiB.
2026-09-18T20:18:28Z INFO [303/500] 06c04ecb-34a0-4ec2-848d-7f5ae5903928: valid; 0.7 s; peak memory 4263 MiB.
2026-09-18T20:18:31Z INFO [304/500] 06c0852f-4274-4b87-86ba-0dcce0f391d5: valid; 3.3 s; peak memory 4263 MiB.
2026-09-18T20:18:34Z INFO [305/500] 06c10bff-f902-4390-8905-d7d3caddf49c: valid; 2.4 s; peak memory 4263 MiB.
2026-09-18T20:18:35Z INFO [306/500] 06c19121-b58c-4d1e-a9a2-8b0e15db9c80: valid; 0.9 s; peak memory 4263 MiB.
2026-09-18T20:18:37Z INFO [307/500] 06c1d881-e050-4cf3-86d8-e8d443e5ed90: not valid; 2.0 s; peak memory 4263 MiB.
2026-09-18T20:18:38Z INFO [308/500] 06c20fd0-c33b-4190-bd8a-444e6d8bd559: valid; 1.0 s; peak memory 4263 MiB.
2026-09-18T20:18:39Z INFO [309/500] 06c22bf4-90fc-4c58-ae74-5a03cdf99482: valid; 1.0 s; peak memory 4263 MiB.
2026-09-18T20:18:40Z INFO [310/500] 06c258dd-cb2a-47fc-8ab0-1289700d3b82: not valid; 1.0 s; peak memory 4263 MiB.
2026-09-18T20:18:41Z INFO [311/500] 06c2d84a-f3f5-4814-bf4b-e2378aebb6a3: valid; 1.7 s; peak memory 4263 MiB.
2026-09-18T20:18:43Z INFO [312/500] 06c2dd83-489b-4665-a4c4-ce80f90d42ea: valid; 1.4 s; peak memory 4263 MiB.
2026-09-18T20:18:51Z INFO [313/500] 06c3cec9-b949-4f2f-987e-21d332d4eac0: valid; 8.3 s; peak memory 4332 MiB.
2026-09-18T20:18:52Z INFO [314/500] 06c3d9d6-2d5b-46a4-8767-4ecfef786be4: valid; 1.4 s; peak memory 4332 MiB.
2026-09-18T20:18:54Z INFO [315/500] 06c406c5-0b7d-4fa3-8c10-f1d837d51bec: valid; 2.2 s; peak memory 4332 MiB.
2026-09-18T20:18:58Z INFO [316/500] 06c4fbc1-6248-46d1-a215-5f8271229fed: not valid; 3.7 s; peak memory 4338 MiB.
2026-09-18T20:18:59Z INFO [317/500] 06c50847-1e39-4739-8888-27b33551fe89: valid; 0.7 s; peak memory 4338 MiB.
2026-09-18T20:19:00Z INFO [318/500] 06c542eb-1cb7-4cf0-bb52-1a6b231acfe9: valid; 0.9 s; peak memory 4338 MiB.
2026-09-18T20:19:03Z INFO [319/500] 06c58aa6-6998-417d-8dd8-90e02b02e4bd: not valid; 3.3 s; peak memory 4373 MiB.
2026-09-18T20:19:04Z INFO [320/500] 06c66c66-f38d-4380-a413-3f61021cad42: valid; 1.5 s; peak memory 4373 MiB.
2026-09-18T20:19:06Z INFO [321/500] 06c6ccac-13ef-4062-a36c-6629fc3ba100: valid; 1.3 s; peak memory 4376 MiB.
2026-09-18T20:19:08Z INFO [322/500] 06c7aaad-9c69-4d23-beba-81101ab903cc: not valid; 2.6 s; peak memory 4378 MiB.
2026-09-18T20:19:17Z INFO [323/500] 06c7ec99-9988-4ca9-8029-ee2e6025e051: not valid; 8.4 s; peak memory 4432 MiB.
2026-09-18T20:19:27Z INFO [324/500] 06c87314-0af0-415a-9ec2-4c979956f046: valid; 10.7 s; peak memory 4459 MiB.
2026-09-18T20:19:29Z INFO [325/500] 06c8ec13-16fe-462a-b716-231bfa3755bf: valid; 1.3 s; peak memory 4462 MiB.
2026-09-18T20:19:31Z INFO [326/500] 06c92b40-d753-4258-a87b-ac2dace91d87: valid; 2.2 s; peak memory 4462 MiB.
2026-09-18T20:19:32Z INFO [327/500] 06c994a6-2512-4e1f-8047-7a27783fa13f: valid; 0.9 s; peak memory 4462 MiB.
2026-09-18T20:19:33Z INFO [328/500] 06c9985c-8afd-4fc1-8512-f7952082900f: valid; 0.9 s; peak memory 4462 MiB.
2026-09-18T20:19:36Z INFO [329/500] 06ca6240-e7b1-4c14-b85c-e944f1aa44ad: valid; 3.2 s; peak memory 4463 MiB.
2026-09-18T20:19:37Z INFO [330/500] 06cb473b-ab30-46f7-84a9-1248bbeada1e: not valid; 1.0 s; peak memory 4463 MiB.
2026-09-18T20:19:39Z INFO [331/500] 06cb8990-43e4-47ab-87cc-9ea334cc8d52: valid; 1.7 s; peak memory 4463 MiB.
2026-09-18T20:19:40Z INFO [332/500] 06cbb96c-4939-4f27-af8f-512813abb0b2: valid; 1.1 s; peak memory 4463 MiB.
2026-09-18T20:19:41Z WARNING 06cc47c5-d013-41a2-b914-fa82ad5866c1: failed while opening the NWB file (ConstructError: (root/acquisition/_iblmic_audioSpectrogram/bands GroupBuilder {'attributes': {'colnames': array(['freq'], dtype=object), 'description': 'spectogram frequencies', 'namespace': 'core', 'neurodata_type': 'FrequencyBandsTable', 'object_id': 'a9c3a9a4-6661-4cb9-a2f7-760a690177b7'}, 'groups': {}, 'datasets': {'freq': root/acquisition/_iblmic_audioSpectrogram/bands/freq DatasetBuilder {'attributes': {'description': 'frequency value', 'namespace': 'hdmf-common', 'neurodata_type': 'VectorData', 'object_id': '01e0a1d6-eeb6-4cc2-8f71-84f077a48c13'}, 'data': <HDF5 dataset "freq": shape (257,), type "<f4">}, 'id': root/acquisition/_iblmic_audioSpectrogram/bands/id DatasetBuilder {'attributes': {'namespace': 'hdmf-common', 'neurodata_type': 'ElementIdentifiers', 'object_id': '239be87e-4a7e-42ae-93e5-e42a45864afc'}, 'data': <HDF5 dataset "id": shape (257,), type "<i4">}}, 'links': {}}, "Could not construct FrequencyBandsTable object due to: column must have the same number of rows as 'id'"))
2026-09-18T20:19:42Z INFO [334/500] 06cc7740-f6c6-4ea3-9681-dbcbc8187e1e: valid; 1.2 s; peak memory 4463 MiB.
2026-09-18T20:19:43Z INFO [335/500] 06cd30bc-0dba-4d70-8270-02c4a552a462: valid; 0.9 s; peak memory 4463 MiB.
2026-09-18T20:19:45Z INFO [336/500] 06cd6aac-6fc5-4b66-ac5e-c1c556e4dcf6: not valid; 1.5 s; peak memory 4463 MiB.
2026-09-18T20:19:46Z INFO [337/500] 06ce8281-62ab-4cd5-b8b4-f9e4737c7aef: valid; 1.1 s; peak memory 4463 MiB.
2026-09-18T20:19:55Z INFO [338/500] 06ceadf8-2b2f-4f6b-a381-e80283a89167: valid; 9.0 s; peak memory 4463 MiB.
2026-09-18T20:19:57Z INFO [339/500] 06cec589-03ac-417e-923a-5e5f266a9c2e: valid; 2.0 s; peak memory 4463 MiB.
2026-09-18T20:19:58Z WARNING 06ceceff-2c0d-4b9c-a106-f9172b753020: failed while opening the NWB file (ConstructError: (root/acquisition/_iblmic_audioSpectrogram/bands GroupBuilder {'attributes': {'colnames': array(['freq'], dtype=object), 'description': 'spectogram frequencies', 'namespace': 'core', 'neurodata_type': 'FrequencyBandsTable', 'object_id': '12929e35-3b57-48d2-90c7-3daacb3b5f4f'}, 'groups': {}, 'datasets': {'freq': root/acquisition/_iblmic_audioSpectrogram/bands/freq DatasetBuilder {'attributes': {'description': 'frequency value', 'namespace': 'hdmf-common', 'neurodata_type': 'VectorData', 'object_id': '2cb3f91c-b5a5-4951-9f95-c5fe5bc1fcb2'}, 'data': <HDF5 dataset "freq": shape (257,), type "<f4">}, 'id': root/acquisition/_iblmic_audioSpectrogram/bands/id DatasetBuilder {'attributes': {'namespace': 'hdmf-common', 'neurodata_type': 'ElementIdentifiers', 'object_id': '1f119e9b-6a54-4057-ac79-b26a0b9213c2'}, 'data': <HDF5 dataset "id": shape (257,), type "<i4">}}, 'links': {}}, "Could not construct FrequencyBandsTable object due to: column must have the same number of rows as 'id'"))
2026-09-18T20:19:59Z INFO [341/500] 06cef23d-a24d-47a9-adc7-9f8b5b20c481: valid; 1.2 s; peak memory 4463 MiB.
2026-09-18T20:20:00Z INFO [342/500] 06cf651b-5308-4c15-bc17-5a0190a8438c: valid; 0.9 s; peak memory 4463 MiB.
2026-09-18T20:20:02Z INFO [343/500] 06d0fb30-3ae3-4f79-ba5e-40dc2d7db17c: valid; 1.8 s; peak memory 4463 MiB.
2026-09-18T20:20:04Z INFO [344/500] 06d11aca-94ed-4cf7-8326-0448efb15d02: valid; 2.4 s; peak memory 4463 MiB.
2026-09-18T20:20:07Z INFO [345/500] 06d12ec9-1968-42bc-805f-ccabe28df599: valid; 2.3 s; peak memory 4463 MiB.
2026-09-18T20:20:08Z INFO [346/500] 06d16ae2-f3a2-404e-83a5-d07f5a70e4a5: valid; 1.4 s; peak memory 4463 MiB.
2026-09-18T20:20:10Z INFO [347/500] 06d1e81a-4332-447d-b019-62d7ce22a529: not valid; 1.4 s; peak memory 4464 MiB.
2026-09-18T20:20:11Z INFO [348/500] 06d238a0-9bc7-419d-90e9-b91271705ad8: not valid; 1.3 s; peak memory 4464 MiB.
2026-09-18T20:20:13Z INFO [349/500] 06d25ba4-8c20-4f6f-9769-4fca0bb337e8: valid; 2.2 s; peak memory 4464 MiB.
2026-09-18T20:20:23Z INFO [350/500] 06d28ad6-b425-4f51-8d14-1b49549730f4: valid; 10.2 s; peak memory 4464 MiB.
2026-09-18T20:20:24Z INFO [350/500] 06d28ad6-b425-4f51-8d14-1b49549730f4: checkpointed 69360 records.
2026-09-18T20:20:25Z INFO [351/500] 06d313ec-ad43-4e30-962a-4b304e6ea6b7: valid; 1.3 s; peak memory 4464 MiB.
2026-09-18T20:20:26Z INFO [352/500] 06d32643-00da-4004-b879-471f34300df5: valid; 1.0 s; peak memory 4464 MiB.
2026-09-18T20:20:27Z INFO [353/500] 06d5310b-0ccc-4542-873b-54456c6625a6: not valid; 1.3 s; peak memory 4464 MiB.
2026-09-18T20:20:28Z INFO [354/500] 06d688fa-6aba-4a2a-a635-7a9aecc70d85: not valid; 1.0 s; peak memory 4464 MiB.
2026-09-18T20:20:29Z INFO [355/500] 06d6dc25-6f9e-4b24-87e5-f487731cc6e9: valid; 0.8 s; peak memory 4464 MiB.
2026-09-18T20:20:30Z INFO [356/500] 06d7c812-cb9f-46ce-b6f5-3a5004bde741: valid; 0.8 s; peak memory 4464 MiB.
2026-09-18T20:20:31Z INFO [357/500] 06d8c67a-9191-475a-aaa9-c3f4a17e19c5: valid; 1.1 s; peak memory 4464 MiB.
2026-09-18T20:20:32Z INFO [358/500] 06d8f77b-84b3-4aa9-938c-d578dfa97fb1: valid; 0.9 s; peak memory 4464 MiB.
2026-09-18T20:20:33Z INFO [359/500] 06da6408-1bc9-4eeb-8c53-d0a284ce4c5e: not valid; 1.0 s; peak memory 4464 MiB.
2026-09-18T20:20:34Z INFO [360/500] 06db214c-d1f6-4aba-986e-500fd98726aa: not valid; 1.3 s; peak memory 4464 MiB.
2026-09-18T20:20:35Z INFO [361/500] 06db3161-2640-4ad3-89bb-5cddd78a1167: valid; 0.9 s; peak memory 4464 MiB.
2026-09-18T20:20:37Z INFO [362/500] 06db8fd1-6d4b-477f-a00d-5cbebd89cfef: not valid; 1.3 s; peak memory 4464 MiB.
2026-09-18T20:20:39Z INFO [363/500] 06dbdb68-2b75-4a46-b1e7-c1ae7acb4557: valid; 2.1 s; peak memory 4464 MiB.
2026-09-18T20:20:40Z INFO [364/500] 06dc9d24-7928-40c1-8db4-c7a7ca90dbf1: not valid; 0.9 s; peak memory 4464 MiB.
2026-09-18T20:20:45Z INFO [365/500] 06dcc3fa-9be5-464e-822d-dcbaed5cdb60: valid; 5.5 s; peak memory 4464 MiB.
2026-09-18T20:20:47Z INFO [366/500] 06dcd44b-7f1f-43b3-9dcd-ca85717046ba: valid; 1.6 s; peak memory 4465 MiB.
2026-09-18T20:20:48Z INFO [367/500] 06ddf8f0-1fc0-4b1d-8c96-3d9059bf9905: not valid; 1.1 s; peak memory 4466 MiB.
2026-09-18T20:20:51Z INFO [368/500] 06de0d64-ec20-4936-9670-07ae79695c55: not valid; 2.9 s; peak memory 4468 MiB.
2026-09-18T20:21:02Z INFO [369/500] 06de4971-6636-470e-881d-d7fd3b459a80: valid; 11.2 s; peak memory 4484 MiB.
2026-09-18T20:21:03Z INFO [370/500] 06de9942-a456-4778-bdb8-7af4fcddaaeb: valid; 0.9 s; peak memory 4484 MiB.
2026-09-18T20:21:03Z WARNING 06df6bdf-0793-466e-ab7e-2707eaa6b2a0: failed while retrieving asset information from the DANDI API (NotFoundError: No asset at path 'sub-healthy-simulated-beta/sub-healthy-simulated-beta_ses-7345_ecephys.nwb' in version 0.250327.2220. Verify the path is correct and the asset exists in this version. Use 'dandi ls' to list available assets.)
2026-09-18T20:21:14Z INFO [372/500] 06e02870-48db-412a-a488-3c5375cc0371: not valid; 11.6 s; peak memory 4569 MiB.
2026-09-18T20:21:16Z INFO [373/500] 06e0484c-b75a-4131-8bc7-bea0ba1d6409: not valid; 1.3 s; peak memory 4572 MiB.
2026-09-18T20:21:18Z INFO [374/500] 06e09502-583a-4aec-86ec-b7c0f47e8332: valid; 1.9 s; peak memory 4580 MiB.
2026-09-18T20:21:19Z INFO [375/500] 06e0c2de-42c6-41a3-a564-8541cdebd293: valid; 0.9 s; peak memory 4583 MiB.
2026-09-18T20:21:20Z INFO [376/500] 06e0dd00-f454-4a0d-932f-da9840ccfb95: not valid; 1.7 s; peak memory 4585 MiB.
2026-09-18T20:21:22Z INFO [377/500] 06e13c6d-9335-4112-a16c-3eb0edc50190: valid; 1.9 s; peak memory 4585 MiB.
2026-09-18T20:21:22Z WARNING 06e17a49-3f33-44a2-bb33-3e5637fa72f0: failed while retrieving asset information from the DANDI API (NotFoundError: No asset at path 'sub-parkinson-simulated-lfp/sub-parkinson-simulated-lfp_ses-928_ecephys.nwb' in version 0.250327.2220. Verify the path is correct and the asset exists in this version. Use 'dandi ls' to list available assets.)
2026-09-18T20:21:23Z INFO [379/500] 06e1bcc1-c249-4881-9c21-51f98cc10b30: valid; 0.9 s; peak memory 4585 MiB.
2026-09-18T20:21:24Z INFO [380/500] 06e2a615-8f69-4a81-b31a-12c1cd8d06d0: valid; 1.3 s; peak memory 4585 MiB.
2026-09-18T20:21:25Z INFO [381/500] 06e3a15e-f035-4be0-9c5e-c4bd89e0a2ff: not valid; 1.1 s; peak memory 4585 MiB.
2026-09-18T20:21:27Z INFO [382/500] 06e43f54-b408-4be3-815d-5caec0547692: valid; 1.8 s; peak memory 4585 MiB.
2026-09-18T20:21:28Z INFO [383/500] 06e46c02-ce70-4049-84c4-0e86db4d3bc8: valid; 0.8 s; peak memory 4585 MiB.
2026-09-18T20:21:29Z INFO [384/500] 06e476f3-8f89-4e80-bbbe-f84e986fc681: valid; 1.3 s; peak memory 4585 MiB.
2026-09-18T20:21:31Z INFO [385/500] 06e6fc99-1753-4f5f-9296-6ea4c90986ee: valid; 1.2 s; peak memory 4585 MiB.
2026-09-18T20:21:32Z INFO [386/500] 06e7813a-e306-4ee4-a57d-060fabbdea98: not valid; 1.0 s; peak memory 4585 MiB.
2026-09-18T20:21:37Z INFO [387/500] 06e78a4e-0d80-40ee-800e-c95929835da7: valid; 5.4 s; peak memory 4585 MiB.
2026-09-18T20:21:39Z INFO [388/500] 06e7d33c-fd51-49d7-8496-b279d871d555: valid; 1.6 s; peak memory 4585 MiB.
2026-09-18T20:21:40Z INFO [389/500] 06e7dd0a-1bde-4f60-98ca-263e7306c773: valid; 1.4 s; peak memory 4585 MiB.
2026-09-18T20:21:41Z INFO [390/500] 06e82a3e-a375-4c5b-acce-84ce447a941d: valid; 1.3 s; peak memory 4585 MiB.
2026-09-18T20:21:50Z INFO [391/500] 06e835df-a95d-4619-897b-326a03a9fc1a: valid; 8.5 s; peak memory 4735 MiB.
2026-09-18T20:21:51Z INFO [392/500] 06e940c6-5b62-46a0-a5c2-85014d146978: valid; 1.0 s; peak memory 4735 MiB.
2026-09-18T20:21:52Z INFO [393/500] 06e96908-4592-45fd-8838-9c665975db5b: not valid; 1.3 s; peak memory 4735 MiB.
2026-09-18T20:21:53Z INFO [394/500] 06e9e181-fb03-49ca-8f09-720e675ed171: valid; 0.9 s; peak memory 4735 MiB.
2026-09-18T20:21:54Z WARNING 06ea1553-2b8e-465b-adcc-4f7bbb4a7232: failed while opening the NWB file (ConstructError: (root/acquisition/_iblmic_audioSpectrogram/bands GroupBuilder {'attributes': {'colnames': array(['freq'], dtype=object), 'description': 'spectogram frequencies', 'namespace': 'core', 'neurodata_type': 'FrequencyBandsTable', 'object_id': '650827b6-f627-4cb3-a5d4-f6b5959f5a1b'}, 'groups': {}, 'datasets': {'freq': root/acquisition/_iblmic_audioSpectrogram/bands/freq DatasetBuilder {'attributes': {'description': 'frequency value', 'namespace': 'hdmf-common', 'neurodata_type': 'VectorData', 'object_id': '7f5573f7-2af0-44bc-9539-eaa42675aa7e'}, 'data': <HDF5 dataset "freq": shape (257,), type "<f4">}, 'id': root/acquisition/_iblmic_audioSpectrogram/bands/id DatasetBuilder {'attributes': {'namespace': 'hdmf-common', 'neurodata_type': 'ElementIdentifiers', 'object_id': '10abd287-a991-444f-bd91-cad27e9f9ba8'}, 'data': <HDF5 dataset "id": shape (257,), type "<i4">}}, 'links': {}}, "Could not construct FrequencyBandsTable object due to: column must have the same number of rows as 'id'"))
2026-09-18T20:21:56Z INFO [396/500] 06eb1dd0-c897-431d-9096-5bc054b7e8bb: valid; 1.8 s; peak memory 4737 MiB.
2026-09-18T20:21:59Z INFO [397/500] 06eb42f0-2687-464d-ba33-d13fe2d5766e: not valid; 3.0 s; peak memory 4738 MiB.
2026-09-18T20:22:09Z INFO [398/500] 06eb855e-71d0-4f18-b414-bb242df0753c: valid; 9.6 s; peak memory 4738 MiB.
2026-09-18T20:22:10Z INFO [399/500] 06ebd6bf-3053-4ec4-b5bb-ca5afc7fc954: valid; 1.2 s; peak memory 4738 MiB.
2026-09-18T20:22:12Z INFO [400/500] 06ed2009-7b81-41a1-9b65-8816b40401f5: valid; 1.8 s; peak memory 4738 MiB.
2026-09-18T20:22:12Z INFO [400/500] 06ed2009-7b81-41a1-9b65-8816b40401f5: checkpointed 69410 records.
2026-09-18T20:22:13Z INFO [401/500] 06ed35ac-acc7-457a-955f-1fc203adfcc9: valid; 0.9 s; peak memory 4738 MiB.
2026-09-18T20:22:14Z INFO [402/500] 06ed4d55-7a1c-4377-b4e0-9b0ab717ea88: not valid; 1.0 s; peak memory 4738 MiB.
2026-09-18T20:22:15Z INFO [403/500] 06ed95e7-af10-4d7b-8f9c-ce24e2c7e4d5: valid; 0.9 s; peak memory 4738 MiB.
2026-09-18T20:22:18Z INFO [404/500] 06ee5389-d2ca-458b-940e-96cd94635d92: not valid; 2.7 s; peak memory 4738 MiB.
2026-09-18T20:22:20Z INFO [405/500] 06ef13db-f796-4940-8372-e5d1cb843615: valid; 2.1 s; peak memory 4738 MiB.
2026-09-18T20:22:22Z INFO [406/500] 06ef4f6b-9f8d-4900-804c-6fbb40ec2381: not valid; 2.5 s; peak memory 4738 MiB.
2026-09-18T20:22:25Z INFO [407/500] 06ef59aa-7f93-462c-91f3-0b201f6e5247: valid; 2.3 s; peak memory 4739 MiB.
2026-09-18T20:22:26Z INFO [408/500] 06f12bf9-59be-4f89-85b6-738469bcaea8: valid; 1.3 s; peak memory 4739 MiB.
2026-09-18T20:22:40Z INFO [409/500] 06f1585c-ce8d-43c5-83f5-695393283d0c: valid; 13.8 s; peak memory 4739 MiB.
2026-09-18T20:22:41Z INFO [410/500] 06f173c9-4d2f-4325-9687-de2f1bd34f90: not valid; 1.2 s; peak memory 4739 MiB.
2026-09-18T20:22:48Z INFO [411/500] 06f17a7e-eb1a-47f6-8a61-23d0a32d09e9: valid; 6.7 s; peak memory 4747 MiB.
2026-09-18T20:22:49Z INFO [412/500] 06f1e517-72b3-4250-a490-1c6bdf7e7e53: not valid; 1.0 s; peak memory 4749 MiB.
2026-09-18T20:22:52Z INFO [413/500] 06f22148-1d77-4cea-a4eb-8a2628ab171a: valid; 3.8 s; peak memory 4760 MiB.
2026-09-18T20:22:55Z INFO [414/500] 06f257a6-436f-416d-b654-2fac9dd1d10b: valid; 2.2 s; peak memory 4767 MiB.
2026-09-18T20:22:56Z WARNING 06f2e29f-a546-40e3-aaaa-736ce410818b: failed while opening the NWB file (ValueError: Cannot resolve included group spec 'electrodes' with data_type_inc 'ElectrodesTable' because a group spec with the same name already exists with data_type_inc 'DynamicTable', and data type 'DynamicTable' is not a child type of data type 'ElectrodesTable'.)
2026-09-18T20:22:58Z INFO [416/500] 06f2fd04-61a2-4aa5-b2dd-71ea210095e0: valid; 2.2 s; peak memory 4779 MiB.
2026-09-18T20:22:59Z INFO [417/500] 06f3755b-4e1b-44a0-adcd-bd6d3b2759f7: valid; 1.2 s; peak memory 4779 MiB.
2026-09-18T20:23:01Z INFO [418/500] 06f3f475-696a-4597-b0a9-cd713ae9699b: valid; 1.6 s; peak memory 4779 MiB.
2026-09-18T20:23:02Z INFO [419/500] 06f4e07e-45b2-4b05-8263-60565a16a381: valid; 1.3 s; peak memory 4779 MiB.
2026-09-18T20:23:04Z INFO [420/500] 06f54428-d52c-4ef0-b95f-198d4096b805: valid; 1.5 s; peak memory 4779 MiB.
2026-09-18T20:23:05Z INFO [421/500] 06f5a764-45fb-45a6-a0aa-10c356929d4e: valid; 1.1 s; peak memory 4779 MiB.
2026-09-18T20:23:06Z INFO [422/500] 06f61bcb-bd0c-44c0-942d-40d5c3249ed0: valid; 1.0 s; peak memory 4781 MiB.
2026-09-18T20:23:08Z INFO [423/500] 06f63e7e-d818-4771-81bb-0912290effa4: valid; 2.0 s; peak memory 4782 MiB.
2026-09-18T20:23:09Z INFO [424/500] 06f64097-73ad-4f74-9bb8-fb2a48843f20: valid; 1.3 s; peak memory 4784 MiB.
2026-09-18T20:23:10Z INFO [425/500] 06f6e545-50a8-40d1-b733-1fb4977078a9: valid; 1.0 s; peak memory 4785 MiB.
2026-09-18T20:23:11Z INFO [426/500] 06f7b773-24ca-40b1-8088-6990c585c856: valid; 1.2 s; peak memory 4786 MiB.
2026-09-18T20:23:31Z INFO [427/500] 06f8bad9-0b14-4f8f-bf22-36f9a2242a07: valid; 19.3 s; peak memory 4827 MiB.
2026-09-18T20:23:33Z INFO [428/500] 06f931a2-9506-4cc0-9fd1-c9c92df87adf: valid; 2.3 s; peak memory 4836 MiB.
2026-09-18T20:23:34Z INFO [429/500] 06f998a1-28f8-4fee-a22e-2474597bcbfe: valid; 1.4 s; peak memory 4847 MiB.
2026-09-18T20:23:35Z INFO [430/500] 06f9b155-a3ed-405f-9d5c-5213e0b0e71a: valid; 0.9 s; peak memory 4849 MiB.
2026-09-18T20:23:37Z INFO [431/500] 06f9c88b-8d05-496c-abb7-8935029b7bd2: not valid; 1.5 s; peak memory 4852 MiB.
2026-09-18T20:23:38Z INFO [432/500] 06fa1aad-08d4-44a9-8278-65caac133ee4: not valid; 1.3 s; peak memory 4852 MiB.
2026-09-18T20:23:39Z INFO [433/500] 06fa47a8-514a-4e87-88ee-a9208aa1b60a: not valid; 1.1 s; peak memory 4852 MiB.
2026-09-18T20:23:40Z INFO [434/500] 06fa60e0-a00b-4cc4-b923-b5dcabba25ce: valid; 1.1 s; peak memory 4852 MiB.
2026-09-18T20:23:42Z INFO [435/500] 06fa6d39-cfa1-4add-84f2-7c8a1105d522: not valid; 2.2 s; peak memory 4852 MiB.
2026-09-18T20:23:45Z INFO [436/500] 06faf8b0-3e3c-4bde-8f90-b6b4408605ae: not valid; 2.2 s; peak memory 4852 MiB.
2026-09-18T20:23:46Z INFO [437/500] 06fb1ace-4ae1-4e18-a878-878abda15773: valid; 1.3 s; peak memory 4852 MiB.
2026-09-18T20:23:48Z INFO [438/500] 06fbc24f-d03a-4c68-b279-a2916544caf9: valid; 2.0 s; peak memory 4852 MiB.
2026-09-18T20:23:49Z INFO [439/500] 06fc4f50-2b5d-47e2-9aa6-e81fd51207a4: valid; 1.1 s; peak memory 4852 MiB.
2026-09-18T20:23:50Z INFO [440/500] 06fc88d0-3f9d-4bb9-994b-e54cd39b6719: not valid; 1.1 s; peak memory 4852 MiB.
2026-09-18T20:23:52Z INFO [441/500] 06fce59b-3bbb-4713-8fc3-abcc5821919d: not valid; 1.4 s; peak memory 4852 MiB.
2026-09-18T20:23:53Z INFO [442/500] 06fd00af-280d-4d53-b9e7-82c4e5ad438c: valid; 1.2 s; peak memory 4852 MiB.
2026-09-18T20:23:54Z INFO [443/500] 06fe3605-7ecf-4a3f-9e1d-853fb1ad4297: valid; 1.5 s; peak memory 4852 MiB.
2026-09-18T20:23:57Z INFO [444/500] 06fec3ae-8155-4f58-a8ce-a23de661ec10: not valid; 2.7 s; peak memory 4852 MiB.
2026-09-18T20:23:58Z INFO [445/500] 06fef91e-8699-4ea4-ad43-7ad0df5ac7df: valid; 1.2 s; peak memory 4852 MiB.
2026-09-18T20:24:07Z INFO [446/500] 06ffd573-4d8a-45bf-a653-9c735ae31be6: valid; 9.1 s; peak memory 4859 MiB.
2026-09-18T20:24:09Z INFO [447/500] 07003e4d-8bb0-4230-b029-3e012e13df7d: valid; 1.6 s; peak memory 4862 MiB.
2026-09-18T20:24:10Z INFO [448/500] 07008987-f27d-4ab0-a4c6-894c319ce8fb: valid; 1.3 s; peak memory 4863 MiB.
2026-09-18T20:24:18Z INFO [449/500] 070099e2-bc9f-41f9-a6ec-7d40420edfe1: valid; 7.8 s; peak memory 4879 MiB.
2026-09-18T20:24:19Z INFO [450/500] 0700c90e-c858-4a14-94ec-0936ed90d45f: not valid; 1.0 s; peak memory 4880 MiB.
2026-09-18T20:24:19Z INFO [450/500] 0700c90e-c858-4a14-94ec-0936ed90d45f: checkpointed 69460 records.
2026-09-18T20:24:21Z INFO [451/500] 0700da34-af7e-4176-bfc6-7732b031df60: valid; 1.5 s; peak memory 4883 MiB.
2026-09-18T20:24:22Z INFO [452/500] 0701ec53-cb26-40f4-997c-f406ebc7b4be: valid; 0.7 s; peak memory 4885 MiB.
2026-09-18T20:24:22Z INFO [453/500] 0701fbd8-3edb-442c-b894-4c9b6abc5cea: valid; 0.8 s; peak memory 4887 MiB.
2026-09-18T20:24:23Z WARNING 0702041a-6f63-4716-bb14-9e795f75a14a: failed while retrieving asset information from the DANDI API (NotFoundError: No asset at path 'sub-A3703/sub-A3703_behavior+ecephys.nwb' in version 0.260512.1701. Verify the path is correct and the asset exists in this version. Use 'dandi ls' to list available assets.)
2026-09-18T20:24:38Z INFO [455/500] 0702660c-3d22-4e8e-817b-cd4cacd923b3: valid; 15.5 s; peak memory 5225 MiB.
2026-09-18T20:24:39Z INFO [456/500] 0702a594-34c4-4267-a650-b3bc5012d564: not valid; 1.2 s; peak memory 5226 MiB.
2026-09-18T20:24:41Z INFO [457/500] 07034945-e336-413b-b87d-83fa49b30fd5: valid; 1.9 s; peak memory 5232 MiB.
2026-09-18T20:24:42Z INFO [458/500] 070357b8-7f0d-47b7-a35b-ee8d39d355f1: valid; 0.7 s; peak memory 5235 MiB.
2026-09-18T20:24:49Z INFO [459/500] 0703a4a8-e981-49c0-ada1-ce47d31d3fb2: valid; 7.2 s; peak memory 5261 MiB.
2026-09-18T20:24:53Z INFO [460/500] 07041944-de59-4ffb-98f3-cc23ce11a572: valid; 4.0 s; peak memory 5283 MiB.
2026-09-18T20:24:54Z INFO [461/500] 07042ef1-9788-4308-a7ee-56b9923b0129: valid; 1.1 s; peak memory 5286 MiB.
2026-09-18T20:24:55Z INFO [462/500] 0704849d-eeea-4f2c-8ac4-63988066a0bb: valid; 0.9 s; peak memory 5286 MiB.
2026-09-18T20:24:58Z INFO [463/500] 0705288f-59ef-4142-973e-444546e3fb55: not valid; 2.9 s; peak memory 5286 MiB.
2026-09-18T20:24:59Z INFO [464/500] 0705fe09-cfcc-42d1-ad6e-861f29949ece: not valid; 1.4 s; peak memory 5286 MiB.
2026-09-18T20:25:10Z INFO [465/500] 07063804-daf8-4f83-9f4e-9be0d8243d95: valid; 10.2 s; peak memory 5286 MiB.
2026-09-18T20:25:11Z INFO [466/500] 07066588-39ca-4e71-8b8f-a908405d326d: valid; 1.7 s; peak memory 5286 MiB.
2026-09-18T20:25:13Z INFO [467/500] 07067ca9-8423-4e3d-8b0a-04a8b68778b8: valid; 1.7 s; peak memory 5286 MiB.
2026-09-18T20:25:14Z INFO [468/500] 0706d397-73e8-45c6-a4f4-8c854728eff0: valid; 1.0 s; peak memory 5286 MiB.
2026-09-18T20:25:15Z INFO [469/500] 07071782-23ce-4650-8412-ec8396cdd1c6: valid; 1.4 s; peak memory 5286 MiB.
2026-09-18T20:25:17Z INFO [470/500] 07074908-486c-4c41-9842-07aef7048d4f: valid; 1.7 s; peak memory 5286 MiB.
2026-09-18T20:25:18Z INFO [471/500] 07077974-7a67-45b0-b1ce-4ba169f3a1e6: valid; 0.9 s; peak memory 5286 MiB.
2026-09-18T20:25:19Z INFO [472/500] 070789f6-d812-47af-b3b6-62a0da6b5619: valid; 1.2 s; peak memory 5286 MiB.
2026-09-18T20:25:20Z INFO [473/500] 0707c4b5-1395-4ee2-8d9f-788b9dc058eb: not valid; 1.2 s; peak memory 5286 MiB.
2026-09-18T20:25:22Z INFO [474/500] 070840dc-f5b0-47cf-bbf1-fd8cf9d8b416: valid; 1.6 s; peak memory 5286 MiB.
2026-09-18T20:25:24Z INFO [475/500] 0708893d-ac08-44c3-b6d2-3145594260ff: valid; 1.8 s; peak memory 5286 MiB.
2026-09-18T20:25:25Z INFO [476/500] 070a6b98-eb2d-45d9-99bc-e608318b10f4: not valid; 1.1 s; peak memory 5286 MiB.
2026-09-18T20:25:26Z INFO [477/500] 070b7b13-2b6b-423f-a816-6e506f31d8da: not valid; 1.1 s; peak memory 5286 MiB.
2026-09-18T20:25:27Z INFO [478/500] 070bae22-bbec-4372-bd60-88b70d226656: not valid; 1.3 s; peak memory 5286 MiB.
2026-09-18T20:25:34Z INFO [479/500] 070c4d31-440f-40b4-bf12-d35894905cd1: valid; 6.9 s; peak memory 5289 MiB.
2026-09-18T20:25:35Z INFO [480/500] 070d6629-cd9f-40b0-90e6-5708b37a0c20: not valid; 1.3 s; peak memory 5290 MiB.
2026-09-18T20:25:36Z INFO [481/500] 070d7bca-f72e-48b8-99be-c07008318fa0: valid; 0.8 s; peak memory 5290 MiB.
2026-09-18T20:25:37Z INFO [482/500] 070da36e-6a18-4a04-8d53-1b7beb1c3371: valid; 0.6 s; peak memory 5290 MiB.
2026-09-18T20:25:39Z INFO [483/500] 070dabe3-52c1-46d9-ae7d-3dfacfbff542: valid; 2.0 s; peak memory 5290 MiB.
2026-09-18T20:25:39Z WARNING 070e8898-2a5f-4a6a-ad44-eb0bb088dc0e: failed while retrieving asset information from the DANDI API (NotFoundError: No asset at path 'sub-MS13/sub-MS13_ses-Peter-MS13-171206-132039-concat_ecephys.nwb' in version 0.250624.0444. Verify the path is correct and the asset exists in this version. Use 'dandi ls' to list available assets.)
2026-09-18T20:25:40Z INFO [485/500] 070f0143-c815-4fe8-8544-e10fd3b41b48: not valid; 0.8 s; peak memory 5290 MiB.
2026-09-18T20:25:42Z INFO [486/500] 070f2492-8414-4f4f-a2b2-d66b88c95252: valid; 1.8 s; peak memory 5290 MiB.
2026-09-18T20:25:44Z INFO [487/500] 070f4517-a09a-4e19-bf1a-aa5075892d0b: valid; 1.9 s; peak memory 5290 MiB.
2026-09-18T20:25:44Z INFO [488/500] 070f4b83-a11a-48c4-8138-c3535495661d: valid; 0.9 s; peak memory 5290 MiB.
2026-09-18T20:25:46Z INFO [489/500] 0710d9ad-feb6-4af0-b2b7-be0e59b1b1f7: valid; 1.5 s; peak memory 5290 MiB.
2026-09-18T20:25:47Z INFO [490/500] 0711acaf-79ff-4381-b409-33a7576866d5: valid; 0.9 s; peak memory 5290 MiB.
2026-09-18T20:25:56Z INFO [491/500] 0712768f-5f2b-4c4e-95e0-c1ebbc71df7d: valid; 8.9 s; peak memory 5290 MiB.
2026-09-18T20:25:57Z INFO [492/500] 07128953-19af-4df4-877b-4cc922dccca2: valid; 1.6 s; peak memory 5290 MiB.
2026-09-18T20:25:59Z INFO [493/500] 0712d6a8-8c7e-4f4f-aedd-98733508674e: valid; 1.6 s; peak memory 5290 MiB.
2026-09-18T20:26:01Z INFO [494/500] 0713686f-e0d6-48a3-82c8-1eeb8b6481c9: valid; 1.8 s; peak memory 5290 MiB.
2026-09-18T20:26:09Z INFO [495/500] 07137e05-e05e-4c25-8f3f-63d149e2b53c: valid; 8.3 s; peak memory 5306 MiB.
2026-09-18T20:26:10Z INFO [496/500] 0713e2e1-ea0a-4621-86a0-65efa9fd2e8e: valid; 0.9 s; peak memory 5307 MiB.
2026-09-18T20:26:22Z INFO [497/500] 0713e7cf-0824-449b-9de5-13520f6ff6fb: valid; 11.7 s; peak memory 5415 MiB.
2026-09-18T20:26:23Z INFO [498/500] 0713eb77-db1f-4aea-8ce0-06e9bc44a142: valid; 1.1 s; peak memory 5415 MiB.
2026-09-18T20:26:24Z INFO [499/500] 07145425-8ce4-4a28-863a-96f398b35022: not valid; 1.1 s; peak memory 5415 MiB.
2026-09-18T20:26:25Z INFO [500/500] 07152bf3-c515-4806-8455-ddfb5d16e237: not valid; 1.3 s; peak memory 5415 MiB.
2026-09-18T20:26:26Z INFO [500/500] 07152bf3-c515-4806-8455-ddfb5d16e237: checkpointed 69510 records.
2026-09-18T20:26:26Z INFO Wrote 69510 records to /tmp/derivatives/content_id_to_valid_nwb_file.jsonl (481 new, 19 failed) in 21.0 min (peak memory 5415 MiB).
