2026-09-19T14:57:03Z INFO Logging to /tmp/logs/update_2026-09-19T14-57-03Z.log.
2026-09-19T14:57:03Z INFO Update content-id-to-valid-nwb-file (base directory /tmp).
2026-09-19T14:57:05Z INFO Processing 500 items (70010 already recorded).
2026-09-19T14:57:07Z INFO [1/500] 07cf6904-f5f8-4046-9313-48784e8a6ce3: not valid; 2.4 s; peak memory 335 MiB.
2026-09-19T14:57:09Z INFO [2/500] 07d17707-5744-457b-9ada-c38a3b701d6c: valid; 1.5 s; peak memory 339 MiB.
2026-09-19T14:57:19Z INFO [3/500] 07d18fdd-dc25-4bc7-a67d-a2b4cc5d5790: not valid; 10.4 s; peak memory 410 MiB.
2026-09-19T14:57:21Z INFO [4/500] 07d1c70f-1aee-414b-9e0c-a4eacedba253: not valid; 1.9 s; peak memory 417 MiB.
2026-09-19T14:57:36Z INFO [5/500] 07d2197b-1d21-43a6-b02d-b63e90d90766: valid; 14.5 s; peak memory 596 MiB.
2026-09-19T14:57:37Z INFO [6/500] 07d22923-b0e5-4a9c-97e9-2fc09c8a851d: valid; 1.1 s; peak memory 596 MiB.
2026-09-19T14:57:39Z INFO [7/500] 07d2d524-ffa1-4721-ade6-c1d4e824333a: not valid; 2.1 s; peak memory 596 MiB.
2026-09-19T14:57:40Z INFO [8/500] 07d371ab-9460-4fc1-8248-cca9ddd72dfe: not valid; 1.5 s; peak memory 598 MiB.
2026-09-19T14:57:42Z INFO [9/500] 07d3e160-9547-441c-a219-7fa1f0401bca: valid; 2.1 s; peak memory 600 MiB.
2026-09-19T14:57:44Z INFO [10/500] 07d3e245-1043-4478-91e7-75677512ae44: not valid; 1.7 s; peak memory 602 MiB.
2026-09-19T14:57:45Z INFO [11/500] 07d5c3dd-008b-4d8b-a3bd-3cc9e32876c1: valid; 1.3 s; peak memory 602 MiB.
2026-09-19T14:57:47Z INFO [12/500] 07d636ff-4a82-47b8-a05f-bc9d57ab031a: valid; 1.7 s; peak memory 609 MiB.
2026-09-19T14:57:47Z WARNING 07d657c7-09ec-4bb1-8550-a08aaa1119ea: failed while retrieving asset information from the DANDI API (NotFoundError: No such Dandiset: 001533)
2026-09-19T14:57:49Z INFO [14/500] 07d6c700-fe12-4ebe-a2e7-16d32a2cb6a9: not valid; 2.2 s; peak memory 614 MiB.
2026-09-19T14:57:50Z WARNING 07d6ec06-075d-40c0-9f52-ee11d5df1128: failed while retrieving asset information from the DANDI API (NotFoundError: No asset at path 'sub-LG615/sub-LG615_ses-20250921_obj-9bzjan_ophys.nwb' in version 0.260915.2135. Verify the path is correct and the asset exists in this version. Use 'dandi ls' to list available assets.)
2026-09-19T14:57:51Z INFO [16/500] 07d72b1a-53bb-4c15-8579-dd0ec755c8c7: valid; 1.7 s; peak memory 624 MiB.
2026-09-19T14:57:53Z INFO [17/500] 07d76209-673e-4969-a6fb-db8e1639ea9b: valid; 1.4 s; peak memory 624 MiB.
2026-09-19T14:57:54Z INFO [18/500] 07d78a42-a69e-4cd7-b94a-84bca52920f6: valid; 1.7 s; peak memory 627 MiB.
2026-09-19T14:57:56Z INFO [19/500] 07d800de-accc-4516-bed8-053b2efd1dab: valid; 2.1 s; peak memory 637 MiB.
2026-09-19T14:58:01Z INFO [20/500] 07d82d14-e18d-4df1-88fd-3546be871c28: valid; 4.6 s; peak memory 652 MiB.
2026-09-19T14:58:03Z INFO [21/500] 07d89457-0889-49cc-8d3e-c540afd2b0eb: valid; 2.0 s; peak memory 656 MiB.
2026-09-19T14:58:05Z INFO [22/500] 07d8c794-78a7-4241-ab34-d74b6d98883a: valid; 1.9 s; peak memory 656 MiB.
2026-09-19T14:58:07Z INFO [23/500] 07d92147-0431-40fc-8b4f-c448106197a0: valid; 1.7 s; peak memory 656 MiB.
2026-09-19T14:58:08Z INFO [24/500] 07d9471c-523e-4d42-980d-beb5439c92ad: valid; 1.8 s; peak memory 656 MiB.
2026-09-19T14:58:10Z INFO [25/500] 07d949ed-2203-4956-981c-4d6357414808: valid; 1.2 s; peak memory 656 MiB.
2026-09-19T14:58:11Z INFO [26/500] 07dafa4b-a16c-4116-8d3e-bc08f249d790: valid; 1.3 s; peak memory 656 MiB.
2026-09-19T14:58:13Z INFO [27/500] 07db9938-0836-47bc-8ca5-6816b3c4057b: not valid; 1.6 s; peak memory 656 MiB.
2026-09-19T14:58:14Z INFO [28/500] 07dc4dd1-383d-4379-b0cd-89ba6fb8fc63: valid; 1.2 s; peak memory 656 MiB.
2026-09-19T14:58:16Z INFO [29/500] 07dc863e-32f2-4620-ba8f-1232141d821a: valid; 2.3 s; peak memory 656 MiB.
2026-09-19T14:58:17Z INFO [30/500] 07dc8987-4d71-40f4-9b47-04ee0c8d0393: valid; 1.1 s; peak memory 656 MiB.
2026-09-19T14:58:19Z INFO [31/500] 07dd0e00-3257-48a6-9b8f-d932936de510: not valid; 1.5 s; peak memory 656 MiB.
2026-09-19T14:58:20Z INFO [32/500] 07ddf192-f67e-42cf-853b-7783e4c2b16b: not valid; 1.5 s; peak memory 656 MiB.
2026-09-19T14:58:23Z INFO [33/500] 07de49c0-dc3b-40b7-a974-d9403eb574f0: valid; 2.3 s; peak memory 656 MiB.
2026-09-19T14:58:25Z INFO [34/500] 07de4be5-3529-4981-b5f9-16328436f245: valid; 2.5 s; peak memory 658 MiB.
2026-09-19T14:58:26Z INFO [35/500] 07de9bf1-1556-4866-8e1e-665234b7ef72: valid; 1.2 s; peak memory 658 MiB.
2026-09-19T14:58:28Z INFO [36/500] 07df0097-8762-4eb3-bd27-3aafdf55680e: valid; 1.9 s; peak memory 658 MiB.
2026-09-19T14:58:29Z INFO [37/500] 07df80ab-264b-49b0-b6da-c30e4ad97140: valid; 1.1 s; peak memory 658 MiB.
2026-09-19T14:58:31Z INFO [38/500] 07dfc109-be17-4551-bef7-d7c5f6359aa2: not valid; 1.3 s; peak memory 658 MiB.
2026-09-19T14:58:32Z INFO [39/500] 07dff4fc-3a00-489c-aa50-e31507f687e1: valid; 1.3 s; peak memory 658 MiB.
2026-09-19T14:58:33Z INFO [40/500] 07e04b6b-4796-44c2-8db1-34736c9fa243: not valid; 1.6 s; peak memory 658 MiB.
2026-09-19T14:58:37Z INFO [41/500] 07e0b373-1974-4570-a650-5981a198b6c6: valid; 3.7 s; peak memory 658 MiB.
2026-09-19T14:58:39Z INFO [42/500] 07e0c12a-98c3-42d0-a671-0d1f2be6c05e: not valid; 1.4 s; peak memory 658 MiB.
2026-09-19T14:58:40Z INFO [43/500] 07e1d576-e25d-4b5b-b07c-c6b26284059d: valid; 1.8 s; peak memory 658 MiB.
2026-09-19T14:58:41Z INFO [44/500] 07e1f175-b3ca-4477-9a15-7b50829e7e73: valid; 1.0 s; peak memory 658 MiB.
2026-09-19T14:58:54Z INFO [45/500] 07e2cccb-f64e-427d-8c86-ab646a03a77b: valid; 12.9 s; peak memory 663 MiB.
2026-09-19T14:58:56Z INFO [46/500] 07e2fb62-535f-4870-b7d0-5b1c88b88901: valid; 1.8 s; peak memory 676 MiB.
2026-09-19T14:58:58Z INFO [47/500] 07e3c1ab-21bd-43f3-9584-d7d988a1ede0: valid; 1.8 s; peak memory 689 MiB.
2026-09-19T14:59:02Z INFO [48/500] 07e4474a-801d-435c-8b5d-5c8926048295: valid; 4.5 s; peak memory 703 MiB.
2026-09-19T14:59:06Z INFO [49/500] 07e45041-7eb1-4427-938d-a63ac89a3b5e: valid; 3.2 s; peak memory 709 MiB.
2026-09-19T14:59:08Z INFO [50/500] 07e4931d-8346-4fdb-a485-2683576c219b: not valid; 2.0 s; peak memory 712 MiB.
2026-09-19T14:59:08Z INFO [50/500] 07e4931d-8346-4fdb-a485-2683576c219b: checkpointed 70060 records.
2026-09-19T14:59:09Z INFO [51/500] 07e4fedc-9236-43b0-b7e8-0b8b3146ec40: not valid; 1.1 s; peak memory 712 MiB.
2026-09-19T14:59:10Z INFO [52/500] 07e505b4-debc-4db9-b476-3388db0314d8: valid; 1.2 s; peak memory 712 MiB.
2026-09-19T14:59:18Z INFO [53/500] 07e518af-439f-4112-bf68-4764b1d86fad: valid; 7.5 s; peak memory 712 MiB.
2026-09-19T14:59:20Z INFO [54/500] 07e5b1e6-01a0-4811-9c57-4c633b1cd84d: valid; 2.0 s; peak memory 712 MiB.
2026-09-19T14:59:22Z INFO [55/500] 07e5cf22-d810-40b9-aa83-4cf791ae82e4: not valid; 1.9 s; peak memory 712 MiB.
2026-09-19T14:59:33Z INFO [56/500] 07e64ed6-b2fd-4469-8528-4cf0fc5466ab: valid; 11.5 s; peak memory 715 MiB.
2026-09-19T14:59:35Z WARNING 07e6a302-5b57-477c-8544-30879d23b441: failed while opening the NWB file (ConstructError: (root/acquisition/_iblmic_audioSpectrogram/bands GroupBuilder {'attributes': {'colnames': array(['freq'], dtype=object), 'description': 'spectogram frequencies', 'namespace': 'core', 'neurodata_type': 'FrequencyBandsTable', 'object_id': '806accde-fd55-4c16-a606-17a01b152af0'}, 'groups': {}, 'datasets': {'freq': root/acquisition/_iblmic_audioSpectrogram/bands/freq DatasetBuilder {'attributes': {'description': 'frequency value', 'namespace': 'hdmf-common', 'neurodata_type': 'VectorData', 'object_id': '574b3906-a955-46b7-b8ea-66f2cab623b4'}, 'data': <HDF5 dataset "freq": shape (257,), type "<f4">}, 'id': root/acquisition/_iblmic_audioSpectrogram/bands/id DatasetBuilder {'attributes': {'namespace': 'hdmf-common', 'neurodata_type': 'ElementIdentifiers', 'object_id': '04a7db7b-d1a4-422f-bd87-3d36b9134987'}, 'data': <HDF5 dataset "id": shape (257,), type "<i4">}}, 'links': {}}, "Could not construct FrequencyBandsTable object due to: column must have the same number of rows as 'id'"))
2026-09-19T14:59:37Z INFO [58/500] 07e6f002-14c9-47cc-9e5d-0bdee9f9b589: valid; 2.0 s; peak memory 718 MiB.
2026-09-19T14:59:39Z INFO [59/500] 07e70197-73a4-43ee-9fa5-3491e7e1a104: valid; 1.7 s; peak memory 720 MiB.
2026-09-19T14:59:40Z INFO [60/500] 07e75673-9c3f-4571-acf6-cf8bd7f90f25: valid; 1.4 s; peak memory 723 MiB.
2026-09-19T14:59:42Z INFO [61/500] 07e76d27-3d61-4007-8967-69b30a52e12d: valid; 1.7 s; peak memory 727 MiB.
2026-09-19T14:59:43Z INFO [62/500] 07e7d6d0-9535-43d3-b53a-d4db6c09e785: valid; 1.5 s; peak memory 730 MiB.
2026-09-19T14:59:46Z INFO [63/500] 07e826bd-fee8-4ce0-993c-18c5cab33cd1: valid; 2.7 s; peak memory 741 MiB.
2026-09-19T14:59:47Z INFO [64/500] 07e8ad70-c4e7-4ccd-9897-b2c47e1f61b6: valid; 1.1 s; peak memory 743 MiB.
2026-09-19T14:59:48Z INFO [65/500] 07e8eb04-462d-4275-a79a-4c15e5bd0d8d: valid; 1.2 s; peak memory 745 MiB.
2026-09-19T14:59:50Z INFO [66/500] 07e903fb-1af1-4317-b009-16df83a10696: valid; 1.9 s; peak memory 751 MiB.
2026-09-19T14:59:51Z INFO [67/500] 07e907be-401d-40fe-bb53-a76b8953fdb5: valid; 0.9 s; peak memory 752 MiB.
2026-09-19T14:59:53Z INFO [68/500] 07e9146d-781f-421f-932e-3f72cfa76938: not valid; 1.6 s; peak memory 755 MiB.
2026-09-19T14:59:54Z INFO [69/500] 07e95a75-979f-463c-ba4b-aa117d6fd733: not valid; 1.5 s; peak memory 757 MiB.
2026-09-19T14:59:56Z INFO [70/500] 07ea1952-2cc3-436a-81cc-fb29f0768ce4: not valid; 2.1 s; peak memory 759 MiB.
2026-09-19T15:00:00Z INFO [71/500] 07ea84c1-7089-4d42-a37a-a9b7b0c2d440: valid; 3.3 s; peak memory 759 MiB.
2026-09-19T15:00:17Z INFO [72/500] 07eb2d3c-bb67-4d61-b06c-988dc383a726: valid; 17.6 s; peak memory 884 MiB.
2026-09-19T15:00:21Z INFO [73/500] 07eb9911-5289-4da5-b5b8-aeba15b96efb: valid; 3.4 s; peak memory 884 MiB.
2026-09-19T15:00:22Z INFO [74/500] 07ebb593-b3e4-48d8-aa58-a8541f7922bc: valid; 1.8 s; peak memory 886 MiB.
2026-09-19T15:00:24Z INFO [75/500] 07ebf50a-ceb4-41a2-ac5a-d51d4529daf7: valid; 1.4 s; peak memory 889 MiB.
2026-09-19T15:00:26Z INFO [76/500] 07ebfaf9-8b60-45bf-b8ff-12e1087da13a: valid; 2.5 s; peak memory 903 MiB.
2026-09-19T15:00:28Z INFO [77/500] 07ecaebe-a334-4d64-a85b-1dd78e7fb73f: valid; 2.0 s; peak memory 907 MiB.
2026-09-19T15:00:30Z INFO [78/500] 07ed5dc5-81b4-4957-93d4-26428a7babe0: valid; 1.2 s; peak memory 910 MiB.
2026-09-19T15:00:39Z INFO [79/500] 07ef4b1c-90f6-4345-9025-06878e70670e: valid; 9.5 s; peak memory 932 MiB.
2026-09-19T15:00:40Z INFO [80/500] 07f01b1a-a506-43b3-9a60-865ab5aede98: not valid; 1.4 s; peak memory 932 MiB.
2026-09-19T15:00:42Z INFO [81/500] 07f02a84-aebc-4588-b537-a99d05bd8b10: valid; 1.1 s; peak memory 932 MiB.
2026-09-19T15:00:42Z WARNING 07f0d88c-2c06-4b0e-a9d5-7a07a308e067: failed while retrieving asset information from the DANDI API (NotFoundError: No asset at path 'sub-440959/sub-440959_ses-20190224T133648_behavior+ecephys+ogen.nwb' in version 0.231012.2129. Verify the path is correct and the asset exists in this version. Use 'dandi ls' to list available assets.)
2026-09-19T15:00:43Z INFO [83/500] 07f0f647-32c1-49f0-a7e2-81eb834ac508: valid; 1.2 s; peak memory 932 MiB.
2026-09-19T15:00:45Z INFO [84/500] 07f1136e-f3c6-42fd-a7e4-53f1bff64be9: valid; 1.9 s; peak memory 933 MiB.
2026-09-19T15:00:46Z INFO [85/500] 07f2c8e2-eb28-4219-a83e-a6256d46b474: valid; 1.1 s; peak memory 933 MiB.
2026-09-19T15:00:53Z INFO [86/500] 07f2f848-5262-4cee-85d0-9556db362562: valid; 7.4 s; peak memory 933 MiB.
2026-09-19T15:00:55Z INFO [87/500] 07f30b13-1443-48db-95c7-d5510de45431: valid; 1.2 s; peak memory 933 MiB.
2026-09-19T15:01:02Z INFO [88/500] 07f311ef-f07a-4d11-b00b-93427163e5ed: not valid; 7.5 s; peak memory 974 MiB.
2026-09-19T15:01:03Z INFO [89/500] 07f3b583-be25-4b98-bcce-6279aac566b0: valid; 1.1 s; peak memory 974 MiB.
2026-09-19T15:01:03Z WARNING 07f3e5af-ef61-48e2-a8cb-b759c23cbd37: failed while retrieving asset information from the DANDI API (NotFoundError: No such Dandiset: 001533)
2026-09-19T15:03:51Z INFO [91/500] 07f3f550-df6f-40fe-abea-7493f0da06d7: valid; 168.2 s; peak memory 2078 MiB.
2026-09-19T15:03:54Z INFO [92/500] 07f48b91-5afd-4b79-b76b-21696750ce4a: not valid; 2.6 s; peak memory 2090 MiB.
2026-09-19T15:03:55Z INFO [93/500] 07f498d7-6ef8-4247-8949-341c832614dc: not valid; 1.4 s; peak memory 2096 MiB.
2026-09-19T15:04:03Z INFO [94/500] 07f74c99-e6bc-4868-afa4-30226bde41d1: valid; 7.4 s; peak memory 2156 MiB.
2026-09-19T15:04:05Z INFO [95/500] 07f7d912-0a12-4fc3-8355-1e6cc7adb494: valid; 2.0 s; peak memory 2170 MiB.
2026-09-19T15:04:06Z INFO [96/500] 07f9f0e6-6963-4fa3-927c-44146c4c07ce: not valid; 1.3 s; peak memory 2174 MiB.
2026-09-19T15:04:09Z INFO [97/500] 07fae108-f440-4f8f-83d7-d3f36b34d300: not valid; 3.1 s; peak memory 2183 MiB.
2026-09-19T15:04:11Z INFO [98/500] 07fb9187-a390-46d4-87c8-077763ed1eed: valid; 1.7 s; peak memory 2183 MiB.
2026-09-19T15:04:12Z INFO [99/500] 07fbc92b-fba0-4eb8-b5cd-9bc6b961097d: valid; 1.2 s; peak memory 2183 MiB.
2026-09-19T15:04:13Z INFO [100/500] 07fbe33e-d43d-4539-a2cb-c3b991a57568: not valid; 1.3 s; peak memory 2184 MiB.
2026-09-19T15:04:14Z INFO [100/500] 07fbe33e-d43d-4539-a2cb-c3b991a57568: checkpointed 70110 records.
2026-09-19T15:04:16Z INFO [101/500] 07fc7c53-7b4e-4edd-95cd-50cbd34b3ab5: not valid; 1.6 s; peak memory 2187 MiB.
2026-09-19T15:04:17Z INFO [102/500] 07fd0eee-f64d-4330-97c0-9f16284d6915: not valid; 1.4 s; peak memory 2188 MiB.
2026-09-19T15:04:19Z INFO [103/500] 07fd759d-508c-4f3d-b906-caab5c47a39c: valid; 1.8 s; peak memory 2197 MiB.
2026-09-19T15:04:21Z INFO [104/500] 07fd924a-c534-4a6a-8fea-83394ee01afe: valid; 1.9 s; peak memory 2202 MiB.
2026-09-19T15:04:23Z INFO [105/500] 07fe2dca-3376-46c3-ad79-3b4f123f6739: valid; 1.9 s; peak memory 2206 MiB.
2026-09-19T15:04:24Z INFO [106/500] 07fed5a8-9827-466a-beea-df7106de8f08: valid; 1.1 s; peak memory 2208 MiB.
2026-09-19T15:04:25Z INFO [107/500] 07fee020-4ab6-48c8-80a5-7b5c30c71c95: valid; 1.2 s; peak memory 2211 MiB.
2026-09-19T15:04:27Z INFO [108/500] 07fee773-c6fe-4b56-a6c4-06ecd0c627c6: valid; 1.6 s; peak memory 2217 MiB.
2026-09-19T15:04:30Z INFO [109/500] 08003c3a-1333-45fc-b7c7-b2fab1fd65af: valid; 3.9 s; peak memory 2224 MiB.
2026-09-19T15:04:32Z INFO [110/500] 0800d57f-6660-4d27-b752-54aa6c3c399a: not valid; 1.4 s; peak memory 2224 MiB.
2026-09-19T15:04:34Z INFO [111/500] 08019fea-def9-446f-bbb2-b2d4867bc00c: valid; 2.1 s; peak memory 2224 MiB.
2026-09-19T15:04:39Z INFO [112/500] 0801b1c3-b401-4998-9cf9-c9e172cb3fb6: not valid; 5.2 s; peak memory 2224 MiB.
2026-09-19T15:04:40Z INFO [113/500] 0801ce9e-82aa-4d0d-be44-22680fe8ca7b: valid; 1.3 s; peak memory 2224 MiB.
2026-09-19T15:04:43Z INFO [114/500] 0801d996-200e-4173-ab49-d1784427e96a: valid; 2.4 s; peak memory 2224 MiB.
2026-09-19T15:04:44Z INFO [115/500] 08028ebf-49f2-4764-b63d-af93ac09cdec: not valid; 1.2 s; peak memory 2224 MiB.
2026-09-19T15:04:46Z INFO [116/500] 0803134f-aacb-483c-9724-e1fe7995299f: valid; 2.3 s; peak memory 2224 MiB.
2026-09-19T15:04:48Z INFO [117/500] 080342d4-babe-474d-99c6-ccfd841f5d6f: valid; 1.8 s; peak memory 2224 MiB.
2026-09-19T15:04:50Z INFO [118/500] 0803d811-61fb-4043-8a65-f05aeae49c94: not valid; 1.6 s; peak memory 2224 MiB.
2026-09-19T15:05:04Z INFO [119/500] 0803f0db-3d31-4b2f-aece-71803269eae5: valid; 14.0 s; peak memory 2224 MiB.
2026-09-19T15:05:05Z INFO [120/500] 0804f126-530b-411d-aa4a-0dddfeaca02c: valid; 1.7 s; peak memory 2224 MiB.
2026-09-19T15:05:19Z INFO [121/500] 08051056-e302-4ef2-a443-655a4477e14d: valid; 13.4 s; peak memory 2295 MiB.
2026-09-19T15:05:20Z INFO [122/500] 080529a9-19ac-43b6-bbe3-f8366272b6f4: valid; 1.7 s; peak memory 2295 MiB.
2026-09-19T15:05:22Z INFO [123/500] 0805672a-40dd-4c53-b52d-c86ea274ad5a: valid; 2.0 s; peak memory 2295 MiB.
2026-09-19T15:05:24Z INFO [124/500] 0805c11d-f43e-43b3-8691-062ab10d868b: valid; 2.0 s; peak memory 2295 MiB.
2026-09-19T15:05:26Z INFO [125/500] 0805d91f-7ead-4ecc-9341-d6d0dc39c2fe: valid; 1.6 s; peak memory 2295 MiB.
2026-09-19T15:05:28Z INFO [126/500] 08061bde-a899-40bf-94e7-2801e159a324: valid; 2.4 s; peak memory 2295 MiB.
2026-09-19T15:05:30Z INFO [127/500] 080677c9-0e9e-4085-afd6-e5e0379510b9: valid; 1.1 s; peak memory 2295 MiB.
2026-09-19T15:05:31Z INFO [128/500] 08067ecf-45cd-40bf-a274-7b4bca917d46: not valid; 1.8 s; peak memory 2295 MiB.
2026-09-19T15:05:33Z INFO [129/500] 080698c5-1691-48e8-aa66-8921181d6dd0: not valid; 1.4 s; peak memory 2295 MiB.
2026-09-19T15:05:45Z INFO [130/500] 0806e88b-a662-48d2-99c0-198ba61b2d09: valid; 12.0 s; peak memory 2295 MiB.
2026-09-19T15:05:46Z INFO [131/500] 0806f6cc-3e86-4d27-82bd-365f0314daef: valid; 1.2 s; peak memory 2295 MiB.
2026-09-19T15:05:48Z INFO [132/500] 08081105-376d-4f04-97fa-635a61414dbf: valid; 2.3 s; peak memory 2295 MiB.
2026-09-19T15:05:50Z INFO [133/500] 08087f22-0755-4995-901e-c02ce50d9c3d: valid; 1.2 s; peak memory 2295 MiB.
2026-09-19T15:05:52Z INFO [134/500] 080a226e-9217-4c85-85b7-53898c34fbb2: valid; 2.2 s; peak memory 2295 MiB.
2026-09-19T15:05:52Z WARNING 080a7fe9-e4ed-4c15-becc-970af1d092b0: failed while retrieving asset information from the DANDI API (NotFoundError: No such Dandiset: 000561)
2026-09-19T15:05:53Z INFO [136/500] 080a98e2-a363-48b4-9aee-31e536bab336: valid; 1.2 s; peak memory 2295 MiB.
2026-09-19T15:06:05Z INFO [137/500] 080aa351-1c73-4eaf-9717-46c9606231d8: valid; 11.7 s; peak memory 2295 MiB.
2026-09-19T15:06:06Z INFO [138/500] 080acf58-96ec-4d5c-be12-b31315708868: valid; 1.5 s; peak memory 2295 MiB.
2026-09-19T15:06:08Z INFO [139/500] 080b0466-7b7a-451c-b698-0a3d2a415ed4: not valid; 1.6 s; peak memory 2295 MiB.
2026-09-19T15:06:10Z INFO [140/500] 080b32b7-3194-4696-9f49-0f7148b9d7e0: valid; 2.1 s; peak memory 2295 MiB.
2026-09-19T15:06:12Z INFO [141/500] 080b7fc5-06bd-478d-b62f-81d300a2985b: valid; 2.1 s; peak memory 2295 MiB.
2026-09-19T15:06:13Z INFO [142/500] 080cbd29-5b4f-42f9-b5c8-b2792b68de76: valid; 1.2 s; peak memory 2295 MiB.
2026-09-19T15:06:17Z INFO [143/500] 080e37b1-20e7-48f1-8e75-969cc5cc9c46: valid; 3.9 s; peak memory 2295 MiB.
2026-09-19T15:06:19Z INFO [144/500] 080ead08-120d-43c9-9460-ff5772c1ea53: valid; 1.5 s; peak memory 2295 MiB.
2026-09-19T15:06:23Z INFO [145/500] 080ec6f5-5705-4391-b209-cd3b5657f0f9: valid; 4.3 s; peak memory 2295 MiB.
2026-09-19T15:06:33Z INFO [146/500] 080f669e-45e8-43d3-acab-f10f1397c373: not valid; 10.0 s; peak memory 2311 MiB.
2026-09-19T15:06:35Z INFO [147/500] 080fba0e-8250-4bdf-a1ea-f030951711a9: not valid; 1.6 s; peak memory 2311 MiB.
2026-09-19T15:06:37Z INFO [148/500] 08105bab-f72f-4fbc-af75-bff9e80fadcd: not valid; 2.6 s; peak memory 2314 MiB.
2026-09-19T15:06:39Z INFO [149/500] 0810b615-6e7d-4e79-81a1-de868a74b958: valid; 2.0 s; peak memory 2316 MiB.
2026-09-19T15:06:40Z INFO [150/500] 0810e050-29c7-4501-8fb3-4c737589ea17: valid; 1.1 s; peak memory 2316 MiB.
2026-09-19T15:06:41Z INFO [150/500] 0810e050-29c7-4501-8fb3-4c737589ea17: checkpointed 70160 records.
2026-09-19T15:06:43Z INFO [151/500] 081191fc-269a-4a6f-ab4e-3e71257f8bd4: valid; 2.0 s; peak memory 2318 MiB.
2026-09-19T15:06:44Z INFO [152/500] 0812ce55-2a30-4f18-8133-0ec569f0a3d3: valid; 1.2 s; peak memory 2318 MiB.
2026-09-19T15:06:45Z INFO [153/500] 08131d7e-a6f5-44fd-87ab-7cfa5b9b21f2: valid; 1.2 s; peak memory 2318 MiB.
2026-09-19T15:06:47Z INFO [154/500] 081344fb-2bb5-44bd-87d2-e67394d577ea: valid; 1.8 s; peak memory 2320 MiB.
2026-09-19T15:06:49Z INFO [155/500] 0813dd3d-70fd-4dd3-9052-13d42be479fb: valid; 2.1 s; peak memory 2320 MiB.
2026-09-19T15:07:01Z INFO [156/500] 08149513-bea4-48b6-a6b7-79940fa07c5e: valid; 11.6 s; peak memory 2328 MiB.
2026-09-19T15:07:03Z INFO [157/500] 08150ad1-efaf-4b5c-9fd3-ba1c83185380: valid; 2.6 s; peak memory 2328 MiB.
2026-09-19T15:07:05Z INFO [158/500] 08165ee6-c991-4307-b32c-13f98c44dc1e: valid; 1.9 s; peak memory 2328 MiB.
2026-09-19T15:07:07Z INFO [159/500] 08174b5b-903c-4041-820f-52cf629cc935: valid; 1.6 s; peak memory 2328 MiB.
2026-09-19T15:07:09Z INFO [160/500] 08175b64-1c9b-43ba-9109-caa65b9ba036: valid; 1.8 s; peak memory 2328 MiB.
2026-09-19T15:07:10Z INFO [161/500] 081784e5-d2ca-4865-be9a-9ddde39cc092: valid; 1.3 s; peak memory 2328 MiB.
2026-09-19T15:07:13Z INFO [162/500] 081787e2-0e0b-417f-a472-56882167d23c: valid; 3.2 s; peak memory 2328 MiB.
2026-09-19T15:07:27Z INFO [163/500] 08180f7e-aa56-4676-ae1b-37c014b5263e: valid; 14.3 s; peak memory 2328 MiB.
2026-09-19T15:07:32Z INFO [164/500] 0818b7c3-9c60-46b8-a532-6fa8eb8d1da7: not valid; 4.6 s; peak memory 2328 MiB.
2026-09-19T15:07:33Z INFO [165/500] 08193ff6-e391-4b6d-a676-ffb58b6be250: valid; 1.2 s; peak memory 2328 MiB.
2026-09-19T15:07:35Z INFO [166/500] 0819a3d2-0b3c-44c3-b2ad-ab25790bfa90: valid; 2.1 s; peak memory 2328 MiB.
2026-09-19T15:07:37Z INFO [167/500] 081a3fee-9146-414b-81ce-5a3154d56fb5: not valid; 2.2 s; peak memory 2334 MiB.
2026-09-19T15:07:41Z INFO [168/500] 081a7558-3d0c-4bc4-8b89-a127a6626ddd: not valid; 3.2 s; peak memory 2334 MiB.
2026-09-19T15:07:49Z INFO [169/500] 081ad8f9-bc93-4b86-8bf7-b02f339320bc: valid; 8.1 s; peak memory 2351 MiB.
2026-09-19T15:07:50Z INFO [170/500] 081af579-2479-4631-9ddb-3bfd97411b78: valid; 1.1 s; peak memory 2352 MiB.
2026-09-19T15:07:57Z INFO [171/500] 081b1b22-fc7f-4804-bd67-7e94ebd48f92: valid; 7.2 s; peak memory 2381 MiB.
2026-09-19T15:07:59Z INFO [172/500] 081b82f0-ba03-4b94-a259-ef13f5b40e1b: not valid; 2.0 s; peak memory 2382 MiB.
2026-09-19T15:08:02Z INFO [173/500] 081bae3a-7247-4b53-9196-717f28087b71: not valid; 2.6 s; peak memory 2382 MiB.
2026-09-19T15:08:03Z INFO [174/500] 081cff37-52c3-42b3-8eee-ecf6e2c42b84: not valid; 1.6 s; peak memory 2382 MiB.
2026-09-19T15:08:04Z INFO [175/500] 081d052a-06c6-4443-be9e-f5fd212249d8: valid; 0.9 s; peak memory 2382 MiB.
2026-09-19T15:08:05Z INFO [176/500] 081d3bc0-1192-43e5-85d8-982da0333746: not valid; 1.0 s; peak memory 2382 MiB.
2026-09-19T15:08:06Z INFO [177/500] 081d4da0-1554-4087-9bc2-ebb181101808: valid; 1.1 s; peak memory 2382 MiB.
2026-09-19T15:08:27Z INFO [178/500] 081d52ff-55a5-45dd-8ce7-40f8d95c9303: valid; 20.6 s; peak memory 3143 MiB.
2026-09-19T15:08:28Z INFO [179/500] 081e054f-a0b2-43f9-b7e0-a8113c836904: valid; 1.2 s; peak memory 3143 MiB.
2026-09-19T15:08:29Z INFO [180/500] 081e208b-589b-40c5-9894-7d304c15154f: valid; 1.3 s; peak memory 3143 MiB.
2026-09-19T15:08:31Z INFO [181/500] 081e622c-97e0-4c69-9b0f-28165172a51d: not valid; 1.5 s; peak memory 3143 MiB.
2026-09-19T15:08:32Z INFO [182/500] 081eaa70-1eda-46ba-8fec-942d6c99f28f: valid; 1.1 s; peak memory 3143 MiB.
2026-09-19T15:08:34Z WARNING 081f33de-e4bb-45f4-9b40-b552e2859804: failed while opening the NWB file (ConstructError: (root/acquisition/_iblmic_audioSpectrogram/bands GroupBuilder {'attributes': {'colnames': array(['freq'], dtype=object), 'description': 'spectogram frequencies', 'namespace': 'core', 'neurodata_type': 'FrequencyBandsTable', 'object_id': '419a49fd-2708-4cd6-8d19-6bdc9ee00748'}, 'groups': {}, 'datasets': {'freq': root/acquisition/_iblmic_audioSpectrogram/bands/freq DatasetBuilder {'attributes': {'description': 'frequency value', 'namespace': 'hdmf-common', 'neurodata_type': 'VectorData', 'object_id': 'dc89196f-9592-4a4c-b24d-497c5e809282'}, 'data': <HDF5 dataset "freq": shape (257,), type "<f4">}, 'id': root/acquisition/_iblmic_audioSpectrogram/bands/id DatasetBuilder {'attributes': {'namespace': 'hdmf-common', 'neurodata_type': 'ElementIdentifiers', 'object_id': 'd109a289-ac93-410f-9d2c-65e2f72d760a'}, 'data': <HDF5 dataset "id": shape (257,), type "<i4">}}, 'links': {}}, "Could not construct FrequencyBandsTable object due to: column must have the same number of rows as 'id'"))
2026-09-19T15:08:35Z INFO [184/500] 081f6512-5c1a-4f8f-b9d7-72ffbd3e565f: not valid; 1.4 s; peak memory 3143 MiB.
2026-09-19T15:08:45Z INFO [185/500] 081fe5d1-47bd-4403-9198-61671c5fdbab: valid; 10.0 s; peak memory 3143 MiB.
2026-09-19T15:08:47Z INFO [186/500] 082055bd-5631-4f25-a81f-f785f0504799: not valid; 1.6 s; peak memory 3143 MiB.
2026-09-19T15:08:49Z INFO [187/500] 082190f4-0345-46c1-8f04-883b667a41bb: valid; 2.0 s; peak memory 3143 MiB.
2026-09-19T15:08:50Z INFO [188/500] 0821ce7e-c349-4eff-b34a-73fa7fec66ac: valid; 1.1 s; peak memory 3143 MiB.
2026-09-19T15:10:12Z INFO [189/500] 0822c5b7-f217-4660-9289-0e9204dfee65: not valid; 82.5 s; peak memory 3790 MiB.
2026-09-19T15:10:16Z INFO [190/500] 0822c9d9-b446-49e4-949a-d8b90b84820c: not valid; 4.0 s; peak memory 3793 MiB.
2026-09-19T15:10:18Z INFO [191/500] 0822d062-5705-4b43-bad9-355649f0a487: not valid; 1.8 s; peak memory 3794 MiB.
2026-09-19T15:10:18Z WARNING 08234f53-95d3-451c-98d1-52bc74f60c01: failed while retrieving asset information from the DANDI API (NotFoundError: No asset at path 'sub-R3/sub-R3_ses-20190209T210000_obj-1uiqbl9_behavior+ophys.nwb' in version 0.260415.1712. Verify the path is correct and the asset exists in this version. Use 'dandi ls' to list available assets.)
2026-09-19T15:10:19Z INFO [193/500] 08236bc0-1957-4931-9bb9-3e9a930c88c5: valid; 1.2 s; peak memory 3795 MiB.
2026-09-19T15:10:21Z INFO [194/500] 082375b8-6d25-46b4-a637-0ce12e82c9bb: valid; 1.2 s; peak memory 3796 MiB.
2026-09-19T15:10:35Z INFO [195/500] 0824e876-a25d-4f23-b5ee-ab05fe754628: not valid; 14.0 s; peak memory 3827 MiB.
2026-09-19T15:10:37Z INFO [196/500] 0825bec7-4819-4036-96cc-77a4d3561e16: not valid; 1.9 s; peak memory 3828 MiB.
2026-09-19T15:10:38Z INFO [197/500] 082606e0-1cf7-4f4a-9d76-4eac5fbfda6e: valid; 1.6 s; peak memory 3829 MiB.
2026-09-19T15:10:41Z INFO [198/500] 08262afa-18e2-4028-8702-bf74912e2e9d: valid; 2.5 s; peak memory 3831 MiB.
2026-09-19T15:10:52Z INFO [199/500] 08264c96-013b-43a6-b652-edca3ed9a5c6: valid; 11.4 s; peak memory 3842 MiB.
2026-09-19T15:10:53Z INFO [200/500] 08266599-6916-4cbd-bdc2-6468cb5072cd: valid; 1.4 s; peak memory 3842 MiB.
2026-09-19T15:10:54Z INFO [200/500] 08266599-6916-4cbd-bdc2-6468cb5072cd: checkpointed 70210 records.
2026-09-19T15:10:56Z INFO [201/500] 08268f2d-e7f3-4c75-8a67-dd0c8ec5cc8b: valid; 2.1 s; peak memory 3842 MiB.
2026-09-19T15:10:58Z INFO [202/500] 082690b2-287b-4126-834e-cd66944ce6c5: not valid; 1.7 s; peak memory 3842 MiB.
2026-09-19T15:11:04Z INFO [203/500] 082690b6-f31e-456f-b595-f3c37dedccc2: valid; 5.8 s; peak memory 3842 MiB.
2026-09-19T15:11:05Z INFO [204/500] 0826ea67-0009-4316-bc32-cec8dee64c0e: not valid; 1.3 s; peak memory 3842 MiB.
2026-09-19T15:11:07Z INFO [205/500] 08277a88-ef49-4bd3-8aec-621e586b01f1: valid; 1.8 s; peak memory 3842 MiB.
2026-09-19T15:11:08Z INFO [206/500] 0827afc9-2725-47d7-8f67-c6628bfc115e: valid; 1.1 s; peak memory 3842 MiB.
2026-09-19T15:11:09Z INFO [207/500] 0827c30c-bbca-4ef3-b763-92013028b9b3: valid; 1.4 s; peak memory 3842 MiB.
2026-09-19T15:11:10Z INFO [208/500] 0827ec88-fc2b-45c9-856a-8ca4f3aab238: not valid; 1.2 s; peak memory 3842 MiB.
2026-09-19T15:11:15Z INFO [209/500] 08280e9b-05fa-4e85-9e0b-a36b0c1d2dfc: valid; 4.4 s; peak memory 3842 MiB.
2026-09-19T15:11:17Z INFO [210/500] 082896b3-bf57-48f2-a34d-bdbdc98c2480: valid; 1.9 s; peak memory 3842 MiB.
2026-09-19T15:11:18Z INFO [211/500] 0828ea1b-a2c1-4971-9675-01b4e7dd2fc3: not valid; 1.5 s; peak memory 3842 MiB.
2026-09-19T15:11:20Z INFO [212/500] 0828f847-62e9-443f-8241-3960985ddab3: valid; 1.7 s; peak memory 3842 MiB.
2026-09-19T15:11:21Z INFO [213/500] 082a00dc-ceb2-4891-981c-c75a912b4452: valid; 1.5 s; peak memory 3842 MiB.
2026-09-19T15:11:25Z INFO [214/500] 082a192d-bb9e-4128-bdcf-b873143e82dd: not valid; 3.9 s; peak memory 3842 MiB.
2026-09-19T15:11:28Z INFO [215/500] 082ab6a7-dfd2-4a12-b50e-d06b62258e6b: valid; 2.3 s; peak memory 3842 MiB.
2026-09-19T15:11:29Z INFO [216/500] 082b0e8f-ec6f-4ca3-b32c-c5bca6dbeb19: valid; 1.6 s; peak memory 3842 MiB.
2026-09-19T15:11:30Z INFO [217/500] 082c42a6-b978-4994-815e-ca3e6e30490b: valid; 0.9 s; peak memory 3842 MiB.
2026-09-19T15:11:33Z INFO [218/500] 082c844d-d8d3-4ba8-8891-08f0e01ed256: not valid; 3.2 s; peak memory 3844 MiB.
2026-09-19T15:11:35Z INFO [219/500] 082c8a89-c067-47a6-b798-c94d0d570ef6: not valid; 1.6 s; peak memory 3844 MiB.
2026-09-19T15:11:37Z INFO [220/500] 082d6847-b952-43fc-852f-2edf7ff8f529: valid; 2.0 s; peak memory 3844 MiB.
2026-09-19T15:11:39Z WARNING 082db53c-b9aa-46b4-9c37-a7715043518d: failed while opening the NWB file (ConstructError: (root/acquisition/event_code_meanings GroupBuilder {'attributes': {'colnames': array(['value', 'meaning'], dtype=object), 'description': 'Mapping integer event codes to event labels', 'namespace': 'ndx-events', 'neurodata_type': 'MeaningsTable', 'object_id': '0ea23d26-a72b-48f3-bf8b-26981a98cbe4'}, 'groups': {}, 'datasets': {'id': root/acquisition/event_code_meanings/id DatasetBuilder {'attributes': {'namespace': 'hdmf-common', 'neurodata_type': 'ElementIdentifiers', 'object_id': '4dfe4941-bdd0-4afb-ac80-85526d72cc95'}, 'data': <HDF5 dataset "id": shape (26,), type "<i8">}, 'meaning': root/acquisition/event_code_meanings/meaning DatasetBuilder {'attributes': {'description': 'The meaning of the value in the parent CategoricalVectorData object.', 'namespace': 'hdmf-experimental', 'neurodata_type': 'VectorData', 'object_id': '8da86dff-a3c1-42cd-8b69-243e58f76760'}, 'data': <StrDataset for HDF5 dataset "meaning": shape (26,), type "|O">}, 'value': root/acquisition/event_code_meanings/value DatasetBuilder {'attributes': {'description': 'The value of the parent CategoricalVectorData object.', 'namespace': 'hdmf-experimental', 'neurodata_type': 'VectorData', 'object_id': 'be5a9587-258c-46fe-b79f-b0bd56ae198b'}, 'data': <HDF5 dataset "value": shape (26,), type "<i8">}}, 'links': {}}, "Could not construct MeaningsTable object due to: MeaningsTable.__init__: missing argument 'target'"))
2026-09-19T15:11:40Z INFO [222/500] 082e3dce-cdef-457b-89a7-aa9c1c018b96: valid; 1.3 s; peak memory 3844 MiB.
2026-09-19T15:11:42Z INFO [223/500] 082e9caf-4a3f-406a-849d-8dfa756c43ab: valid; 2.1 s; peak memory 3844 MiB.
2026-09-19T15:11:45Z INFO [224/500] 082f6964-3f99-4d30-9797-0a6e4ce36d1f: not valid; 2.8 s; peak memory 3846 MiB.
2026-09-19T15:11:47Z INFO [225/500] 0830fd8e-81ac-4418-ac84-fbf3e55a3bc5: valid; 1.6 s; peak memory 3848 MiB.
2026-09-19T15:11:49Z INFO [226/500] 08313b66-cc4c-4431-b42d-613d7213c2fa: valid; 2.2 s; peak memory 3850 MiB.
2026-09-19T15:11:53Z INFO [227/500] 0831be94-6742-49b2-97ef-73f3c6d705f0: valid; 4.6 s; peak memory 3853 MiB.
2026-09-19T15:11:55Z INFO [228/500] 083218d1-4999-4785-86cb-0516034d9462: not valid; 1.3 s; peak memory 3853 MiB.
2026-09-19T15:11:56Z INFO [229/500] 0832b1f4-7d15-44e0-b8fc-5d9de467c198: not valid; 1.3 s; peak memory 3853 MiB.
2026-09-19T15:11:57Z INFO [230/500] 0832b254-d218-4df2-8eae-5b5b0d865636: valid; 1.1 s; peak memory 3853 MiB.
2026-09-19T15:12:12Z INFO [231/500] 0832b661-39a4-42e1-b11f-0d90f4a57aaf: valid; 14.6 s; peak memory 3890 MiB.
2026-09-19T15:12:24Z INFO [232/500] 0832e9d8-b429-4259-a565-d8b5df4416d7: valid; 11.8 s; peak memory 3906 MiB.
2026-09-19T15:12:26Z INFO [233/500] 083326cd-a7c4-4b22-9a89-b14b5d0934c1: valid; 1.9 s; peak memory 3909 MiB.
2026-09-19T15:12:29Z INFO [234/500] 08332c3e-9c55-4b44-b782-bc940c2870c3: not valid; 3.5 s; peak memory 3912 MiB.
2026-09-19T15:12:30Z INFO [235/500] 0833faa8-c63a-40bb-b240-7263322c6b7e: valid; 1.2 s; peak memory 3913 MiB.
2026-09-19T15:12:41Z INFO [236/500] 083482c9-7bad-43d6-baf5-9572811ec3eb: valid; 10.5 s; peak memory 3942 MiB.
2026-09-19T15:12:43Z INFO [237/500] 0834f6c2-52dc-4745-9f79-db8f2ff07290: valid; 2.1 s; peak memory 3948 MiB.
2026-09-19T15:12:44Z INFO [238/500] 08352103-8948-461d-9dd7-9166910ae157: valid; 1.4 s; peak memory 3949 MiB.
2026-09-19T15:12:45Z INFO [239/500] 08359e37-3b53-4128-868b-92696ef3a1db: not valid; 1.2 s; peak memory 3950 MiB.
2026-09-19T15:12:47Z INFO [240/500] 0836110a-c938-46d3-a1ab-1a5130b4e6ad: not valid; 2.0 s; peak memory 3952 MiB.
2026-09-19T15:12:49Z INFO [241/500] 083692fc-1fea-4eb8-9be5-603b57ea4980: valid; 1.4 s; peak memory 3952 MiB.
2026-09-19T15:12:50Z INFO [242/500] 0837fd5e-63a1-416d-bfd3-842e6575fc9c: valid; 1.5 s; peak memory 3953 MiB.
2026-09-19T15:12:52Z INFO [243/500] 083812f7-dae9-4c0c-be39-493c698c7103: not valid; 1.7 s; peak memory 3953 MiB.
2026-09-19T15:12:53Z INFO [244/500] 083821f9-dfc5-4b68-a104-360c62f58ab2: valid; 1.2 s; peak memory 3953 MiB.
2026-09-19T15:12:56Z INFO [245/500] 083930a1-7c44-4b9f-927a-c88f5c9753d9: valid; 2.5 s; peak memory 3954 MiB.
2026-09-19T15:13:02Z INFO [246/500] 08396947-a7a8-4fdb-a390-60fa95c710da: valid; 6.7 s; peak memory 3955 MiB.
2026-09-19T15:13:04Z WARNING 08398e98-9df3-491f-b2c9-9ba0d6634ac2: failed while opening the NWB file (ConstructError: (root/acquisition/_iblmic_audioSpectrogram/bands GroupBuilder {'attributes': {'colnames': array(['freq'], dtype=object), 'description': 'spectogram frequencies', 'namespace': 'core', 'neurodata_type': 'FrequencyBandsTable', 'object_id': '7e146ac1-6397-47ce-9b63-a735ccaf169b'}, 'groups': {}, 'datasets': {'freq': root/acquisition/_iblmic_audioSpectrogram/bands/freq DatasetBuilder {'attributes': {'description': 'frequency value', 'namespace': 'hdmf-common', 'neurodata_type': 'VectorData', 'object_id': '4f782a5c-8c46-4b07-97b2-aa8e168954ea'}, 'data': <HDF5 dataset "freq": shape (257,), type "<f4">}, 'id': root/acquisition/_iblmic_audioSpectrogram/bands/id DatasetBuilder {'attributes': {'namespace': 'hdmf-common', 'neurodata_type': 'ElementIdentifiers', 'object_id': '6b9c0183-bf89-4b2d-bae7-f1020d4d4bd9'}, 'data': <HDF5 dataset "id": shape (257,), type "<i4">}}, 'links': {}}, "Could not construct FrequencyBandsTable object due to: column must have the same number of rows as 'id'"))
2026-09-19T15:13:07Z INFO [248/500] 0839af3c-8a2c-48f5-9707-530625b5e4d7: not valid; 3.0 s; peak memory 3955 MiB.
2026-09-19T15:13:09Z INFO [249/500] 0839db21-0e88-4074-aaec-093a642d860c: valid; 1.6 s; peak memory 3955 MiB.
2026-09-19T15:13:20Z INFO [250/500] 0839fa97-05df-44d4-9fdb-ba17292734d7: not valid; 11.5 s; peak memory 3955 MiB.
2026-09-19T15:13:21Z INFO [250/500] 0839fa97-05df-44d4-9fdb-ba17292734d7: checkpointed 70260 records.
2026-09-19T15:13:24Z INFO [251/500] 083aafdb-e9ff-43da-ba8f-98b6a0c17086: valid; 2.7 s; peak memory 3962 MiB.
2026-09-19T15:13:25Z INFO [252/500] 083ab9dc-6cd1-4b12-bf03-ebae44f9b8ba: valid; 1.3 s; peak memory 3962 MiB.
2026-09-19T15:13:27Z INFO [253/500] 083ac552-a1ac-4a3b-96ea-0876689eb6b6: valid; 2.6 s; peak memory 3962 MiB.
2026-09-19T15:13:30Z INFO [254/500] 083bcd58-db48-4b76-ad5f-736afa695e63: valid; 2.1 s; peak memory 3962 MiB.
2026-09-19T15:13:31Z INFO [255/500] 083be9a7-401e-4536-9a1c-8cc9d606bbc6: valid; 1.7 s; peak memory 3962 MiB.
2026-09-19T15:13:32Z INFO [256/500] 083c0404-edc3-4da8-bc14-3c5986e847bc: valid; 1.2 s; peak memory 3964 MiB.
2026-09-19T15:13:35Z INFO [257/500] 083c2c1e-e630-4501-a96a-41388a2dab29: valid; 2.4 s; peak memory 3964 MiB.
2026-09-19T15:13:36Z INFO [258/500] 083c49a4-31c9-444e-9961-8adfcc9fa677: valid; 1.5 s; peak memory 3964 MiB.
2026-09-19T15:13:38Z INFO [259/500] 083c57f8-4ac9-4b8b-a5c5-3c6a77840445: valid; 1.6 s; peak memory 3964 MiB.
2026-09-19T15:13:39Z INFO [260/500] 083c6372-caed-47dc-bf6f-5517fb58dc09: valid; 1.4 s; peak memory 3964 MiB.
2026-09-19T15:13:41Z INFO [261/500] 083c712e-ea43-4b92-93ed-97db2600fa5e: valid; 1.7 s; peak memory 3964 MiB.
2026-09-19T15:13:43Z INFO [262/500] 083d84e2-93dc-4699-84dc-81994de6ea4c: not valid; 1.5 s; peak memory 3964 MiB.
2026-09-19T15:13:50Z INFO [263/500] 083db097-5baa-4fdd-a3ff-e3aec1453038: valid; 7.1 s; peak memory 3981 MiB.
2026-09-19T15:13:53Z INFO [264/500] 083dd16d-4475-4c64-b3b8-e35070373c6c: valid; 3.2 s; peak memory 3985 MiB.
2026-09-19T15:13:56Z INFO [265/500] 083dd6a0-90f0-4057-87ca-e0e3e25087ce: not valid; 2.8 s; peak memory 3990 MiB.
2026-09-19T15:13:57Z WARNING 083e0e2c-7a59-4c85-a145-3197b9670718: failed while opening the NWB file (ConstructError: (root/acquisition/_iblmic_audioSpectrogram/bands GroupBuilder {'attributes': {'colnames': array(['freq'], dtype=object), 'description': 'spectogram frequencies', 'namespace': 'core', 'neurodata_type': 'FrequencyBandsTable', 'object_id': '40409daa-8de3-45c8-a088-9250225c4cce'}, 'groups': {}, 'datasets': {'freq': root/acquisition/_iblmic_audioSpectrogram/bands/freq DatasetBuilder {'attributes': {'description': 'frequency value', 'namespace': 'hdmf-common', 'neurodata_type': 'VectorData', 'object_id': '3ea6d523-802a-43f4-aa70-d44558dc602d'}, 'data': <HDF5 dataset "freq": shape (257,), type "<f4">}, 'id': root/acquisition/_iblmic_audioSpectrogram/bands/id DatasetBuilder {'attributes': {'namespace': 'hdmf-common', 'neurodata_type': 'ElementIdentifiers', 'object_id': 'd33294d3-5b43-4229-bde9-37c8b153aa8b'}, 'data': <HDF5 dataset "id": shape (257,), type "<i4">}}, 'links': {}}, "Could not construct FrequencyBandsTable object due to: column must have the same number of rows as 'id'"))
2026-09-19T15:13:59Z INFO [267/500] 083ea5f6-8655-4207-af80-e6a2a04974d9: valid; 2.0 s; peak memory 3993 MiB.
2026-09-19T15:14:01Z INFO [268/500] 083ebe00-b2a5-4aa9-a966-4d2798cf30a7: valid; 1.2 s; peak memory 3993 MiB.
2026-09-19T15:14:02Z INFO [269/500] 083ec7b4-e6e1-4aa2-991d-3a92a61f8f30: valid; 1.6 s; peak memory 3995 MiB.
2026-09-19T15:14:02Z WARNING 083f9669-e5e9-40cd-b999-dae071a562f4: failed while retrieving asset information from the DANDI API (NotFoundError: No such Dandiset: 001533)
2026-09-19T15:14:03Z INFO [271/500] 083fec26-5e52-4402-8bd8-b55ad4aef7ef: valid; 1.0 s; peak memory 3996 MiB.
2026-09-19T15:14:07Z INFO [272/500] 0840e52f-3a6c-49cc-810b-5e7898dcf14d: valid; 3.4 s; peak memory 3998 MiB.
2026-09-19T15:14:08Z INFO [273/500] 0840f57d-46a3-4c22-ac3e-ffd049a22016: valid; 1.3 s; peak memory 3998 MiB.
2026-09-19T15:14:09Z INFO [274/500] 08411fba-2f6a-4c95-9cd1-b0e93b2b7b78: valid; 1.1 s; peak memory 3998 MiB.
2026-09-19T15:14:10Z INFO [275/500] 084133c5-cfd0-4d0a-9cc8-0275edccc01b: valid; 1.1 s; peak memory 3998 MiB.
2026-09-19T15:14:12Z INFO [276/500] 08419a2c-919a-4d42-a067-8c7b6315e471: not valid; 1.6 s; peak memory 3999 MiB.
2026-09-19T15:14:13Z INFO [277/500] 084259b1-7912-4c0f-9c90-bfe6bc29d85f: valid; 1.2 s; peak memory 3999 MiB.
2026-09-19T15:14:44Z INFO [278/500] 0842b78d-1f28-48bb-9b5d-d64292d6a940: valid; 30.6 s; peak memory 4122 MiB.
2026-09-19T15:14:45Z INFO [279/500] 0842c0dc-7b86-461e-b8d5-39edc50a5efd: valid; 1.2 s; peak memory 4122 MiB.
2026-09-19T15:14:46Z WARNING 084389f0-6d39-4206-84f9-617624ac89f2: failed while opening the NWB file (ValueError: Cannot resolve included group spec 'electrodes' with data_type_inc 'ElectrodesTable' because a group spec with the same name already exists with data_type_inc 'DynamicTable', and data type 'DynamicTable' is not a child type of data type 'ElectrodesTable'.)
2026-09-19T15:14:47Z INFO [281/500] 0843af2f-28a1-4b20-b580-d7be8262f4e6: not valid; 1.5 s; peak memory 4123 MiB.
2026-09-19T15:14:49Z INFO [282/500] 0843e424-0914-41d8-9bcc-f756ee3c79eb: valid; 1.7 s; peak memory 4124 MiB.
2026-09-19T15:16:54Z INFO [283/500] 08456541-810b-407f-a64b-0bd2995e9851: valid; 125.1 s; peak memory 4301 MiB.
2026-09-19T15:16:56Z INFO [284/500] 084643a5-8afa-450e-b7d0-df814186b692: valid; 1.5 s; peak memory 4301 MiB.
2026-09-19T15:16:57Z INFO [285/500] 0846a134-4f37-4c31-8f63-f35def8371ff: valid; 1.7 s; peak memory 4301 MiB.
2026-09-19T15:17:02Z INFO [286/500] 08483497-f67c-41b1-909f-e52b1886ed00: not valid; 4.6 s; peak memory 4301 MiB.
2026-09-19T15:17:03Z INFO [287/500] 0848ae2e-1ec8-44b1-b5d6-ca7d0ae40956: valid; 1.2 s; peak memory 4301 MiB.
2026-09-19T15:17:06Z INFO [288/500] 08498447-58c7-4899-a36e-731f72d3dc73: not valid; 2.6 s; peak memory 4301 MiB.
2026-09-19T15:17:07Z INFO [289/500] 0849fdce-5507-43b0-9543-7af2f6444037: valid; 1.2 s; peak memory 4301 MiB.
2026-09-19T15:17:10Z INFO [290/500] 084a4b87-bb16-4132-8e0c-b65a16585c23: valid; 2.9 s; peak memory 4301 MiB.
2026-09-19T15:17:12Z WARNING 084ae8e6-a8ad-46bc-b85c-424ae371b54d: failed while opening the NWB file (ConstructError: (root/acquisition/event_code_meanings GroupBuilder {'attributes': {'colnames': array(['value', 'meaning'], dtype=object), 'description': 'Mapping integer event codes to event labels', 'namespace': 'ndx-events', 'neurodata_type': 'MeaningsTable', 'object_id': '3638e12c-c23e-4426-800d-71e8a4fbdc80'}, 'groups': {}, 'datasets': {'id': root/acquisition/event_code_meanings/id DatasetBuilder {'attributes': {'namespace': 'hdmf-common', 'neurodata_type': 'ElementIdentifiers', 'object_id': 'e1d4c30b-b20e-44a4-88b6-bfb4ad82ef15'}, 'data': <HDF5 dataset "id": shape (26,), type "<i8">}, 'meaning': root/acquisition/event_code_meanings/meaning DatasetBuilder {'attributes': {'description': 'The meaning of the value in the parent CategoricalVectorData object.', 'namespace': 'hdmf-experimental', 'neurodata_type': 'VectorData', 'object_id': '6f1a2244-7f7f-45e8-8562-7d4bc0aa37d6'}, 'data': <StrDataset for HDF5 dataset "meaning": shape (26,), type "|O">}, 'value': root/acquisition/event_code_meanings/value DatasetBuilder {'attributes': {'description': 'The value of the parent CategoricalVectorData object.', 'namespace': 'hdmf-experimental', 'neurodata_type': 'VectorData', 'object_id': 'bf5ceff0-ad98-4ab5-9899-85a27cf59ad1'}, 'data': <HDF5 dataset "value": shape (26,), type "<i8">}}, 'links': {}}, "Could not construct MeaningsTable object due to: MeaningsTable.__init__: missing argument 'target'"))
2026-09-19T15:17:15Z INFO [292/500] 084b43e9-8b49-4a6f-a0a8-25b27e123f57: valid; 3.8 s; peak memory 4301 MiB.
2026-09-19T15:17:17Z INFO [293/500] 084bdb91-d031-4578-bf3b-d3bfc56b50c3: valid; 1.9 s; peak memory 4301 MiB.
2026-09-19T15:17:20Z INFO [294/500] 084cd87c-7542-4df9-97f4-4e848ff87592: valid; 2.4 s; peak memory 4301 MiB.
2026-09-19T15:17:22Z INFO [295/500] 084e74e7-3a9b-49d6-af0a-f8704e496f7e: valid; 2.4 s; peak memory 4301 MiB.
2026-09-19T15:17:24Z INFO [296/500] 084e975b-9d57-43e7-b17f-8efff0d48855: not valid; 1.5 s; peak memory 4301 MiB.
2026-09-19T15:17:35Z INFO [297/500] 084f8791-c6eb-4bab-bcf0-03e7543ba75c: valid; 10.9 s; peak memory 4308 MiB.
2026-09-19T15:17:36Z INFO [298/500] 08508c48-97e8-408b-b089-e54c0e9a102a: valid; 1.8 s; peak memory 4309 MiB.
2026-09-19T15:17:37Z INFO [299/500] 0850c1d7-583f-4f98-9e96-b3a0af3ddb59: valid; 1.1 s; peak memory 4310 MiB.
2026-09-19T15:17:39Z INFO [300/500] 0850d534-7ac2-418c-85cf-d97575b28dd9: valid; 1.3 s; peak memory 4312 MiB.
2026-09-19T15:17:39Z INFO [300/500] 0850d534-7ac2-418c-85cf-d97575b28dd9: checkpointed 70310 records.
2026-09-19T15:17:58Z INFO [301/500] 0851449d-9357-4a2a-b768-bfa498d6c058: valid; 18.5 s; peak memory 4330 MiB.
2026-09-19T15:17:59Z INFO [302/500] 08537a93-b53f-4a46-911e-16bd91ff27d5: not valid; 1.7 s; peak memory 4331 MiB.
2026-09-19T15:18:15Z INFO [303/500] 0853deda-a606-4951-a37f-36d3e6e256b6: not valid; 15.9 s; peak memory 4369 MiB.
2026-09-19T15:18:17Z WARNING 0853f1d7-e4ab-4635-afa7-3fe88fe573bd: failed while opening the NWB file (ConstructError: (root/acquisition/event_code_meanings GroupBuilder {'attributes': {'colnames': array(['value', 'meaning'], dtype=object), 'description': 'Mapping integer event codes to event labels', 'namespace': 'ndx-events', 'neurodata_type': 'MeaningsTable', 'object_id': '0f94682f-823f-42c7-ab5d-d08292b3c5f2'}, 'groups': {}, 'datasets': {'id': root/acquisition/event_code_meanings/id DatasetBuilder {'attributes': {'namespace': 'hdmf-common', 'neurodata_type': 'ElementIdentifiers', 'object_id': 'bdfb8209-ade3-4a4f-88cc-fff97727cbae'}, 'data': <HDF5 dataset "id": shape (26,), type "<i8">}, 'meaning': root/acquisition/event_code_meanings/meaning DatasetBuilder {'attributes': {'description': 'The meaning of the value in the parent CategoricalVectorData object.', 'namespace': 'hdmf-experimental', 'neurodata_type': 'VectorData', 'object_id': 'e2ab4fc5-063c-4255-a5c5-9d1ec37838f6'}, 'data': <StrDataset for HDF5 dataset "meaning": shape (26,), type "|O">}, 'value': root/acquisition/event_code_meanings/value DatasetBuilder {'attributes': {'description': 'The value of the parent CategoricalVectorData object.', 'namespace': 'hdmf-experimental', 'neurodata_type': 'VectorData', 'object_id': 'a4f808c8-a1ea-4b62-a259-0bb63af639dd'}, 'data': <HDF5 dataset "value": shape (26,), type "<i8">}}, 'links': {}}, "Could not construct MeaningsTable object due to: MeaningsTable.__init__: missing argument 'target'"))
2026-09-19T15:18:19Z INFO [305/500] 085437e2-ab35-4995-b5bd-22775238f6e6: not valid; 2.6 s; peak memory 4375 MiB.
2026-09-19T15:18:21Z INFO [306/500] 08546680-1b45-456c-b901-27a232faa327: valid; 1.5 s; peak memory 4376 MiB.
2026-09-19T15:18:21Z WARNING 08549d8d-67af-4c20-b173-eaa66c570c34: failed while retrieving asset information from the DANDI API (NotFoundError: No asset at path 'sub-440957/sub-440957_ses-20190213T145027_behavior+ecephys+ogen.nwb' in version 0.231012.2129. Verify the path is correct and the asset exists in this version. Use 'dandi ls' to list available assets.)
2026-09-19T15:18:22Z INFO [308/500] 0854f638-5069-4ff0-871a-bb892b11a307: valid; 1.4 s; peak memory 4378 MiB.
2026-09-19T15:18:24Z INFO [309/500] 085585f0-752a-4c48-86d3-a5aeb3e3dcd2: not valid; 1.7 s; peak memory 4378 MiB.
2026-09-19T15:18:25Z INFO [310/500] 08558a56-feb2-42ab-8e9b-75bc74e297a6: not valid; 1.0 s; peak memory 4378 MiB.
2026-09-19T15:18:27Z INFO [311/500] 0855a493-b6cd-4526-adbe-f5f4142f67c3: valid; 1.7 s; peak memory 4379 MiB.
2026-09-19T15:18:27Z WARNING 0855bf07-cb6b-47ff-a711-483276effde9: failed while retrieving asset information from the DANDI API (NotFoundError: No such Dandiset: 001533)
2026-09-19T15:18:28Z INFO [313/500] 085602dd-fad7-4006-936e-0524211b2e3c: not valid; 1.1 s; peak memory 4380 MiB.
2026-09-19T15:18:29Z INFO [314/500] 08562c1f-de74-449b-892b-7c64be6fa638: valid; 1.3 s; peak memory 4381 MiB.
2026-09-19T15:18:31Z INFO [315/500] 085680d0-924c-466b-9510-7575878cf8a4: valid; 1.5 s; peak memory 4382 MiB.
2026-09-19T15:18:32Z INFO [316/500] 0856c943-53dc-4173-bcc2-44da8e0c0420: valid; 1.2 s; peak memory 4382 MiB.
2026-09-19T15:18:33Z INFO [317/500] 08572212-0637-4062-acb0-34daa980ff60: valid; 1.1 s; peak memory 4383 MiB.
2026-09-19T15:18:42Z INFO [318/500] 08577c5e-62b9-4d5d-bd35-a5ecac23e5b1: valid; 9.0 s; peak memory 4404 MiB.
2026-09-19T15:19:09Z INFO [319/500] 0857fc12-969a-4ae7-9784-72bf522425f8: not valid; 26.7 s; peak memory 4438 MiB.
2026-09-19T15:19:18Z INFO [320/500] 08581645-e025-4233-b25f-99b34eab000a: valid; 8.9 s; peak memory 4450 MiB.
2026-09-19T15:19:19Z INFO [321/500] 08583370-706c-4338-b45a-38b7274c9f48: not valid; 1.1 s; peak memory 4451 MiB.
2026-09-19T15:19:20Z INFO [322/500] 08585448-e905-44f6-a315-bdbd868b0db1: valid; 1.4 s; peak memory 4452 MiB.
2026-09-19T15:19:32Z INFO [323/500] 08588b60-e8e3-4342-a940-61a4a75d876c: valid; 11.7 s; peak memory 4724 MiB.
2026-09-19T15:19:34Z INFO [324/500] 0858bdc2-dceb-4548-b2df-34c5d410fba5: not valid; 1.9 s; peak memory 4724 MiB.
2026-09-19T15:19:35Z INFO [325/500] 08592037-0814-44a8-931e-2face22a1504: valid; 1.2 s; peak memory 4724 MiB.
2026-09-19T15:19:47Z INFO [326/500] 085967d9-163d-43c6-91f5-0242c20af7e9: valid; 11.6 s; peak memory 4724 MiB.
2026-09-19T15:19:57Z INFO [327/500] 085984b2-38b8-4145-a6a3-0b743ffef93d: not valid; 10.2 s; peak memory 4724 MiB.
2026-09-19T15:19:57Z WARNING 08598ccd-e0ea-493a-b12a-9212c45fec80: failed while retrieving asset information from the DANDI API (NotFoundError: No such Dandiset: 000561)
2026-09-19T15:19:58Z INFO [329/500] 0859d901-2918-4fd6-bee6-6669eca64ee6: valid; 1.2 s; peak memory 4724 MiB.
2026-09-19T15:19:59Z INFO [330/500] 085a084d-e211-4fc0-ade7-59226764511b: valid; 1.1 s; peak memory 4724 MiB.
2026-09-19T15:20:01Z INFO [331/500] 085a09f0-1021-4299-9000-faca0a42d1b3: not valid; 1.3 s; peak memory 4724 MiB.
2026-09-19T15:20:08Z INFO [332/500] 085a84d4-2bb3-4430-9f83-071ab914ade9: valid; 7.7 s; peak memory 4724 MiB.
2026-09-19T15:20:11Z INFO [333/500] 085af9e9-e4e6-432d-9ce2-7f20a5a99883: valid; 2.8 s; peak memory 4724 MiB.
2026-09-19T15:20:13Z INFO [334/500] 085b2262-e55d-4faa-845e-aa64b305eca7: not valid; 1.6 s; peak memory 4724 MiB.
2026-09-19T15:20:14Z INFO [335/500] 085b7acd-417a-43aa-ba17-40551f615bb6: valid; 1.2 s; peak memory 4724 MiB.
2026-09-19T15:20:15Z INFO [336/500] 085b81e6-66a0-413d-ab80-17c60c109094: valid; 1.2 s; peak memory 4724 MiB.
2026-09-19T15:20:19Z INFO [337/500] 085ba533-68b9-48c5-b453-ed69bf5dcce1: valid; 4.1 s; peak memory 4724 MiB.
2026-09-19T15:20:26Z INFO [338/500] 085bc4d9-3d38-4669-ae0f-6d7104c05a54: valid; 6.5 s; peak memory 4724 MiB.
2026-09-19T15:20:27Z INFO [339/500] 085bd822-eb66-4ef2-80ad-61bb321abcfc: valid; 1.3 s; peak memory 4724 MiB.
2026-09-19T15:20:28Z INFO [340/500] 085c7af4-dcfb-4ccd-8eec-3b77e576efb1: valid; 1.0 s; peak memory 4724 MiB.
2026-09-19T15:20:36Z INFO [341/500] 085d1aff-d038-4f5c-a43b-b5a59f28389d: valid; 7.7 s; peak memory 4724 MiB.
2026-09-19T15:20:37Z INFO [342/500] 085d3a3f-46f0-4d6e-bbd5-9385d361a5b7: valid; 1.2 s; peak memory 4724 MiB.
2026-09-19T15:20:38Z INFO [343/500] 085d75d3-ba20-4f27-bad8-b5fc69dd3989: valid; 1.2 s; peak memory 4724 MiB.
2026-09-19T15:20:39Z INFO [344/500] 085e0912-7582-4657-a4d5-4420a861e2d3: valid; 1.2 s; peak memory 4724 MiB.
2026-09-19T15:20:41Z INFO [345/500] 085e09a3-605e-4d2e-9343-0f48b1210cc0: not valid; 1.6 s; peak memory 4724 MiB.
2026-09-19T15:20:43Z INFO [346/500] 085e27e5-a55e-46c6-8d06-0600174df3ce: valid; 2.5 s; peak memory 4724 MiB.
2026-09-19T15:20:44Z INFO [347/500] 085ee219-da49-441e-ba68-39aef26a5ee6: not valid; 1.0 s; peak memory 4724 MiB.
2026-09-19T15:20:46Z INFO [348/500] 085f4273-aded-433f-9a91-d8a1d7ba0471: not valid; 1.5 s; peak memory 4724 MiB.
2026-09-19T15:20:47Z INFO [349/500] 08601abc-0894-4262-90f5-7a9a0f50a90e: valid; 1.4 s; peak memory 4724 MiB.
2026-09-19T15:20:58Z INFO [350/500] 086021f7-abcb-4ca0-b59e-f011ccd7fd1f: valid; 10.8 s; peak memory 4724 MiB.
2026-09-19T15:20:59Z INFO [350/500] 086021f7-abcb-4ca0-b59e-f011ccd7fd1f: checkpointed 70360 records.
2026-09-19T15:21:00Z INFO [351/500] 0860cdfe-71d8-4bab-9018-5a8f93164b7f: valid; 1.1 s; peak memory 4724 MiB.
2026-09-19T15:21:02Z WARNING 08611240-f2ea-4cc6-8b85-59f26e158a4b: failed while opening the NWB file (ConstructError: (root/acquisition/_iblmic_audioSpectrogram/bands GroupBuilder {'attributes': {'colnames': array(['freq'], dtype=object), 'description': 'spectogram frequencies', 'namespace': 'core', 'neurodata_type': 'FrequencyBandsTable', 'object_id': 'ba96bf47-900b-4ac6-8ef6-60460f2ece98'}, 'groups': {}, 'datasets': {'freq': root/acquisition/_iblmic_audioSpectrogram/bands/freq DatasetBuilder {'attributes': {'description': 'frequency value', 'namespace': 'hdmf-common', 'neurodata_type': 'VectorData', 'object_id': 'f744a9fb-e5fc-462c-89f2-24270c97cbfc'}, 'data': <HDF5 dataset "freq": shape (257,), type "<f4">}, 'id': root/acquisition/_iblmic_audioSpectrogram/bands/id DatasetBuilder {'attributes': {'namespace': 'hdmf-common', 'neurodata_type': 'ElementIdentifiers', 'object_id': 'c369efb0-3744-4e7e-98a8-2d28e41136d0'}, 'data': <HDF5 dataset "id": shape (257,), type "<i4">}}, 'links': {}}, "Could not construct FrequencyBandsTable object due to: column must have the same number of rows as 'id'"))
2026-09-19T15:21:03Z INFO [353/500] 08612754-afc3-403d-9f9b-c65ef624c752: not valid; 1.4 s; peak memory 4724 MiB.
2026-09-19T15:21:16Z INFO [354/500] 08612c35-2f46-4955-8a13-94f862d9a9e7: valid; 12.8 s; peak memory 4724 MiB.
2026-09-19T15:21:18Z WARNING 0861b223-01c0-440a-9b6d-1ac80b0dd778: failed while opening the NWB file (ConstructError: (root/acquisition/_iblmic_audioSpectrogram/bands GroupBuilder {'attributes': {'colnames': array(['freq'], dtype=object), 'description': 'spectogram frequencies', 'namespace': 'core', 'neurodata_type': 'FrequencyBandsTable', 'object_id': '5bb77fbc-71c1-4844-b022-7896934bbf0a'}, 'groups': {}, 'datasets': {'freq': root/acquisition/_iblmic_audioSpectrogram/bands/freq DatasetBuilder {'attributes': {'description': 'frequency value', 'namespace': 'hdmf-common', 'neurodata_type': 'VectorData', 'object_id': 'be1e8c5e-2b75-45f4-9599-1b1016822f31'}, 'data': <HDF5 dataset "freq": shape (257,), type "<f4">}, 'id': root/acquisition/_iblmic_audioSpectrogram/bands/id DatasetBuilder {'attributes': {'namespace': 'hdmf-common', 'neurodata_type': 'ElementIdentifiers', 'object_id': '1c7f33ec-e04a-4406-bc92-44301b48f2c1'}, 'data': <HDF5 dataset "id": shape (257,), type "<i4">}}, 'links': {}}, "Could not construct FrequencyBandsTable object due to: column must have the same number of rows as 'id'"))
2026-09-19T15:21:25Z INFO [356/500] 08620ba7-4d2a-4d05-9ed3-25d7112ba8c7: valid; 7.1 s; peak memory 4724 MiB.
2026-09-19T15:21:28Z INFO [357/500] 08628895-2298-4bf9-9eb4-2922bba0dbd6: valid; 3.6 s; peak memory 4724 MiB.
2026-09-19T15:21:32Z INFO [358/500] 0862b0a3-68c0-40f7-b1ec-be48d8a680ae: valid; 3.8 s; peak memory 4724 MiB.
2026-09-19T15:21:34Z INFO [359/500] 0862eb5d-4f8e-42fc-accb-365b0f120bcc: valid; 1.6 s; peak memory 4724 MiB.
2026-09-19T15:21:35Z INFO [360/500] 08639f3a-4a96-48a2-8a5c-5acadbdb24f2: valid; 1.0 s; peak memory 4724 MiB.
2026-09-19T15:21:37Z INFO [361/500] 0863a666-dfa7-4810-b3b7-7b3b93a34aac: valid; 1.8 s; peak memory 4724 MiB.
2026-09-19T15:21:38Z INFO [362/500] 0863c48f-7099-4db3-9ad4-3c78ede17ce6: valid; 1.1 s; peak memory 4724 MiB.
2026-09-19T15:21:52Z INFO [363/500] 0863e5b4-745c-4792-9276-1c2ed0ca78fa: valid; 14.6 s; peak memory 4724 MiB.
2026-09-19T15:21:59Z INFO [364/500] 08640226-9a1b-48bf-98b5-75fcda90c16a: not valid; 6.7 s; peak memory 4724 MiB.
2026-09-19T15:22:00Z INFO [365/500] 086425f0-8845-4fe1-a110-736e9f035721: not valid; 1.3 s; peak memory 4724 MiB.
2026-09-19T15:22:02Z INFO [366/500] 086481c7-038e-4abf-ba63-f2c285ee9ec5: valid; 1.9 s; peak memory 4724 MiB.
2026-09-19T15:22:07Z INFO [367/500] 0864937a-2440-4dc0-98f4-437e8f705175: valid; 4.3 s; peak memory 4724 MiB.
2026-09-19T15:22:08Z INFO [368/500] 0866e7a7-bbc2-43bc-b6d5-e1ee96ea0e93: valid; 1.6 s; peak memory 4724 MiB.
2026-09-19T15:22:10Z INFO [369/500] 0867242b-e914-4a9a-b4f7-f45b2c02b378: not valid; 1.4 s; peak memory 4724 MiB.
2026-09-19T15:22:11Z INFO [370/500] 08675b4a-2eee-43ed-9eaf-d9ffb70caaf4: valid; 1.3 s; peak memory 4724 MiB.
2026-09-19T15:22:16Z INFO [371/500] 086787bf-bc93-42da-9dff-3faf8d736ef4: valid; 4.8 s; peak memory 4724 MiB.
2026-09-19T15:22:18Z INFO [372/500] 086796a4-f51f-4b1a-b6eb-750dd846f39e: valid; 2.1 s; peak memory 4724 MiB.
2026-09-19T15:22:19Z INFO [373/500] 086874c4-3161-4b64-860a-3444212eedf2: valid; 1.8 s; peak memory 4724 MiB.
2026-09-19T15:22:21Z INFO [374/500] 0868916a-9606-4ac5-996e-da13a2a8e8ca: valid; 1.1 s; peak memory 4724 MiB.
2026-09-19T15:22:22Z INFO [375/500] 0868e6f1-b31c-49e9-adf7-11e4efa26d05: valid; 1.7 s; peak memory 4724 MiB.
2026-09-19T15:22:23Z INFO [376/500] 08691344-f63b-41f2-9949-d5538bbdb99d: valid; 1.2 s; peak memory 4724 MiB.
2026-09-19T15:22:25Z INFO [377/500] 086952c4-c683-4d5b-8719-2cd5f8afc16a: valid; 1.2 s; peak memory 4724 MiB.
2026-09-19T15:22:27Z INFO [378/500] 086a4f14-7bbb-4a35-944e-9759f644cfef: not valid; 1.9 s; peak memory 4724 MiB.
2026-09-19T15:22:28Z INFO [379/500] 086a9eed-3573-47f5-8b14-ef9e7e8483b5: valid; 1.3 s; peak memory 4724 MiB.
2026-09-19T15:22:32Z INFO [380/500] 086af144-27ed-450c-aad1-9d815772858f: valid; 3.8 s; peak memory 4724 MiB.
2026-09-19T15:22:33Z INFO [381/500] 086b0df8-1fa7-4b34-b6de-b6f217fdd38d: not valid; 1.5 s; peak memory 4724 MiB.
2026-09-19T15:22:46Z INFO [382/500] 086b6088-6954-47b1-b835-d1b3414ba46d: valid; 12.7 s; peak memory 4724 MiB.
2026-09-19T15:23:16Z INFO [383/500] 086b7617-2312-4f3c-9bc4-f5dbb03ba633: not valid; 30.3 s; peak memory 4724 MiB.
2026-09-19T15:24:08Z INFO [384/500] 086b92ea-00aa-4e58-8e7b-1537e6dac87c: valid; 51.5 s; peak memory 4761 MiB.
2026-09-19T15:24:13Z INFO [385/500] 086ba048-9264-425a-b3dc-6e1621d9da48: not valid; 5.2 s; peak memory 4767 MiB.
2026-09-19T15:24:33Z INFO [386/500] 086c1f1a-da4b-4888-8099-3ddfa84bdf43: valid; 20.3 s; peak memory 4864 MiB.
2026-09-19T15:24:34Z INFO [387/500] 086c49d3-7dd9-4824-9583-62cfdbd516ff: valid; 1.2 s; peak memory 4866 MiB.
2026-09-19T15:24:36Z INFO [388/500] 086cfd36-4084-430f-9613-3963b821d613: valid; 2.2 s; peak memory 4867 MiB.
2026-09-19T15:24:39Z INFO [389/500] 086d37e7-133f-4151-b04c-28ff77841195: valid; 2.8 s; peak memory 4867 MiB.
2026-09-19T15:24:41Z INFO [390/500] 086db4ef-cf7f-4163-8ceb-fa04b1ddc707: not valid; 1.4 s; peak memory 4867 MiB.
2026-09-19T15:24:42Z INFO [391/500] 086ddf22-721c-4781-bd7c-d303f46402b4: not valid; 1.2 s; peak memory 4867 MiB.
2026-09-19T15:24:46Z INFO [392/500] 086e2efc-30ee-4b9b-8385-8825e3fe7817: valid; 4.3 s; peak memory 4867 MiB.
2026-09-19T15:24:47Z INFO [393/500] 086eb53b-0dd8-480c-ae50-7ef3957f05db: valid; 1.1 s; peak memory 4867 MiB.
2026-09-19T15:24:49Z INFO [394/500] 086f4889-99c5-4267-b32c-1c832d6e0619: not valid; 1.5 s; peak memory 4867 MiB.
2026-09-19T15:24:50Z INFO [395/500] 086f77da-655f-409f-a5ce-6d160777122a: valid; 1.6 s; peak memory 4867 MiB.
2026-09-19T15:24:57Z INFO [396/500] 086fbe9f-c68c-4cf7-86da-4b2854c6d303: valid; 6.7 s; peak memory 4867 MiB.
2026-09-19T15:24:59Z INFO [397/500] 0870698b-c406-44ce-9cd0-032d0d57cc30: valid; 1.8 s; peak memory 4867 MiB.
2026-09-19T15:25:01Z INFO [398/500] 087113bf-34fb-4e13-926c-a0e1727981c4: not valid; 2.1 s; peak memory 4867 MiB.
2026-09-19T15:25:02Z INFO [399/500] 08713189-3004-4c51-bb3b-a276cee216f6: not valid; 1.0 s; peak memory 4867 MiB.
2026-09-19T15:25:04Z INFO [400/500] 0871a2ff-6149-448d-8166-0916cc45a4ac: valid; 2.4 s; peak memory 4867 MiB.
2026-09-19T15:25:05Z INFO [400/500] 0871a2ff-6149-448d-8166-0916cc45a4ac: checkpointed 70410 records.
2026-09-19T15:25:09Z INFO [401/500] 0871fc32-f1ef-4fb9-bb79-1149f3342814: not valid; 3.9 s; peak memory 4867 MiB.
2026-09-19T15:25:10Z INFO [402/500] 0872463d-162b-471d-a5a4-939bedebfed1: valid; 1.2 s; peak memory 4867 MiB.
2026-09-19T15:25:12Z INFO [403/500] 08732e72-2f97-46a2-a0f3-482584639c41: valid; 2.0 s; peak memory 4867 MiB.
2026-09-19T15:25:13Z INFO [404/500] 0873a844-b710-45a9-b46e-8375cc42632d: valid; 0.9 s; peak memory 4867 MiB.
2026-09-19T15:25:14Z INFO [405/500] 0873cb9d-fd27-4909-8e5d-d9bd0de74c73: valid; 1.0 s; peak memory 4867 MiB.
2026-09-19T15:25:19Z INFO [406/500] 0873d051-0906-4665-bd82-2434715fba50: valid; 5.4 s; peak memory 4867 MiB.
2026-09-19T15:25:22Z INFO [407/500] 08742473-5055-4fbf-afcf-ac1c9ad243fb: valid; 2.5 s; peak memory 4867 MiB.
2026-09-19T15:25:23Z INFO [408/500] 08742f8b-aa85-477b-b3fe-8a0ae9664737: not valid; 1.3 s; peak memory 4867 MiB.
2026-09-19T15:25:24Z INFO [409/500] 08748d8d-1df1-43ae-a69e-3652ec074015: valid; 1.2 s; peak memory 4867 MiB.
2026-09-19T15:25:28Z INFO [410/500] 087490b2-3cb8-45e6-8060-724f8b0d992b: not valid; 3.4 s; peak memory 4867 MiB.
2026-09-19T15:26:12Z INFO [411/500] 0874a979-7497-4ba5-a8f1-474c20c6f384: not valid; 44.7 s; peak memory 5679 MiB.
2026-09-19T15:26:15Z INFO [412/500] 08752efc-6722-429e-8861-755304d609da: valid; 2.1 s; peak memory 5680 MiB.
2026-09-19T15:26:18Z INFO [413/500] 08757455-0ed1-4e96-9e99-335b7a432fd7: valid; 3.3 s; peak memory 5682 MiB.
2026-09-19T15:26:19Z INFO [414/500] 087590d2-1b60-4e7a-ad98-042739dcc7f2: valid; 1.1 s; peak memory 5682 MiB.
2026-09-19T15:26:21Z INFO [415/500] 0876948f-ee2f-46a9-9bf1-937c98abffd5: valid; 2.0 s; peak memory 5682 MiB.
2026-09-19T15:26:23Z INFO [416/500] 0876cb6d-f6cb-4139-96f0-e655421e117a: valid; 1.8 s; peak memory 5682 MiB.
2026-09-19T15:26:24Z INFO [417/500] 0876d2c3-6dea-460d-a484-9a5237511d16: not valid; 1.2 s; peak memory 5682 MiB.
2026-09-19T15:26:25Z INFO [418/500] 08775010-30f5-43f9-bafd-41dd77dbd605: valid; 1.4 s; peak memory 5682 MiB.
2026-09-19T15:26:27Z INFO [419/500] 0878eb4e-c1ef-466b-a96d-05274c4f8145: valid; 1.2 s; peak memory 5682 MiB.
2026-09-19T15:26:32Z INFO [420/500] 0879594f-0136-477b-849e-7c7d3114de83: not valid; 5.3 s; peak memory 5682 MiB.
2026-09-19T15:26:33Z INFO [421/500] 0879f324-2be6-415b-b336-ff4ff005795c: valid; 1.3 s; peak memory 5682 MiB.
2026-09-19T15:26:35Z INFO [422/500] 087ac878-59ff-4a0b-903b-3a3d80b8fa54: valid; 1.8 s; peak memory 5682 MiB.
2026-09-19T15:26:38Z INFO [423/500] 087bad21-39f4-41d5-859c-1b0e7a98a969: valid; 2.7 s; peak memory 5684 MiB.
2026-09-19T15:26:39Z INFO [424/500] 087bc19b-9523-467b-892c-22db32d1a651: valid; 1.3 s; peak memory 5685 MiB.
2026-09-19T15:26:53Z INFO [425/500] 087c48ce-b7e0-46c5-aec8-660fec3e463d: valid; 14.3 s; peak memory 5720 MiB.
2026-09-19T15:26:55Z INFO [426/500] 087c4d3e-aa9f-410e-aeb0-4070a11d21f2: valid; 1.8 s; peak memory 5727 MiB.
2026-09-19T15:26:59Z INFO [427/500] 087c7cf1-303b-4ed1-a474-02557b85f85b: valid; 3.6 s; peak memory 5738 MiB.
2026-09-19T15:27:06Z INFO [428/500] 087cdd6f-f2f3-4d89-8c53-07dc2c875ab0: valid; 7.3 s; peak memory 5749 MiB.
2026-09-19T15:27:07Z INFO [429/500] 087d38bc-2419-4b10-9331-0c2420614c10: not valid; 1.3 s; peak memory 5750 MiB.
2026-09-19T15:27:09Z INFO [430/500] 087d3d63-e366-4b67-8aa6-86cbdf7a0ecc: valid; 1.5 s; peak memory 5751 MiB.
2026-09-19T15:27:10Z INFO [431/500] 087d6a4b-c786-4e5f-ba8c-5acdfbddc99b: valid; 1.4 s; peak memory 5752 MiB.
2026-09-19T15:27:12Z INFO [432/500] 087e2750-83f3-4bbb-bca6-e8113da82c22: not valid; 1.7 s; peak memory 5752 MiB.
2026-09-19T15:27:13Z INFO [433/500] 087f170b-7ca1-4e9b-bc72-7fe81ae83355: valid; 1.6 s; peak memory 5754 MiB.
2026-09-19T15:27:15Z INFO [434/500] 08802ec1-0619-49d9-9878-cd38826196ed: valid; 1.2 s; peak memory 5754 MiB.
2026-09-19T15:27:16Z INFO [435/500] 08808770-b630-4ccc-a688-bdde96686bc1: valid; 1.6 s; peak memory 5754 MiB.
2026-09-19T15:27:19Z INFO [436/500] 0880efa9-7283-44ef-83e7-d7b80f6f3ebc: valid; 2.7 s; peak memory 5780 MiB.
2026-09-19T15:27:20Z INFO [437/500] 088107a6-de5a-4573-ac35-4183eff0f4b1: valid; 1.1 s; peak memory 5780 MiB.
2026-09-19T15:27:21Z INFO [438/500] 0881169a-7e8b-4c94-9dc3-af364ab857a7: not valid; 1.3 s; peak memory 5780 MiB.
2026-09-19T15:27:23Z INFO [439/500] 0881661a-6a2a-472e-a928-d086f726dfed: valid; 1.2 s; peak memory 5780 MiB.
2026-09-19T15:27:25Z INFO [440/500] 08819f75-93a6-4f04-b4bb-c8c1da9d6a76: valid; 2.2 s; peak memory 5780 MiB.
2026-09-19T15:27:26Z INFO [441/500] 0881c86a-c9d3-4673-8afd-d9d51d463f54: valid; 1.6 s; peak memory 5780 MiB.
2026-09-19T15:27:28Z INFO [442/500] 08821cad-fa90-480a-8a06-b452dc6570c4: not valid; 1.6 s; peak memory 5780 MiB.
2026-09-19T15:27:29Z INFO [443/500] 0883c4c4-def2-48e2-96bd-6a7ab9085cd0: not valid; 1.3 s; peak memory 5780 MiB.
2026-09-19T15:27:31Z WARNING 0883cf11-986f-4f0a-bc7b-c0362c88ae72: failed while retrieving asset information from the DANDI API (NotFoundError: No asset at path 'derivatives/dandisets-001/dandiset-001469/sub-Chronic-Implant-4/sub-Chronic-Implant-4_obj-1dx5ghc_ecephys/pipeline-aind+ephys/version-v1.2.4_codebase-v0.3.46_params-1cbdbee_config-7940dfd_attempt-1/derivatives/195b50fb-7272-4544-ae0a-14e3e712c800_block0_recording1.nwb' in version draft. Verify the path is correct and the asset exists in this version. Use 'dandi ls' to list available assets.)
2026-09-19T15:27:35Z INFO [445/500] 08848ff0-174c-4531-b25f-fcd5661baaec: valid; 4.4 s; peak memory 5780 MiB.
2026-09-19T15:27:36Z INFO [446/500] 08853029-c49e-40dc-967c-d7454a1b6d7f: valid; 1.2 s; peak memory 5780 MiB.
2026-09-19T15:27:38Z INFO [447/500] 08856356-e407-49b3-a3a0-e14b1a9e36fd: valid; 2.0 s; peak memory 5780 MiB.
2026-09-19T15:27:39Z INFO [448/500] 0886dc3c-bfe1-43c5-9ea3-4e0c278523cf: valid; 1.0 s; peak memory 5780 MiB.
2026-09-19T15:27:43Z INFO [449/500] 0886eff4-2f30-4d5d-8f5e-f9b1c97eedd3: not valid; 3.5 s; peak memory 5780 MiB.
2026-09-19T15:27:44Z INFO [450/500] 08874d28-3b3c-441f-9c65-a98c64498f19: valid; 1.1 s; peak memory 5780 MiB.
2026-09-19T15:27:44Z INFO [450/500] 08874d28-3b3c-441f-9c65-a98c64498f19: checkpointed 70460 records.
2026-09-19T15:28:08Z INFO [451/500] 08877778-c6ef-48fe-bc6d-13cf3717b3ff: valid; 24.1 s; peak memory 5820 MiB.
2026-09-19T15:28:10Z INFO [452/500] 0887ba75-b247-48bb-8abc-1980b2667e91: not valid; 1.3 s; peak memory 5820 MiB.
2026-09-19T15:28:12Z INFO [453/500] 0887f3d9-68c9-4ffd-a827-85a2e688667f: valid; 2.1 s; peak memory 5832 MiB.
2026-09-19T15:28:15Z INFO [454/500] 088812b0-2074-4445-95dd-bbce2ae38cee: valid; 3.7 s; peak memory 5834 MiB.
2026-09-19T15:28:17Z INFO [455/500] 08886b66-d106-49a4-b3eb-c50d4b80ef09: valid; 1.9 s; peak memory 5838 MiB.
2026-09-19T15:28:19Z WARNING 0888f959-c6b0-4c0e-81a6-00323bb2296f: failed while opening the NWB file (ConstructError: (root/acquisition/_iblmic_audioSpectrogram/bands GroupBuilder {'attributes': {'colnames': array(['freq'], dtype=object), 'description': 'spectogram frequencies', 'namespace': 'core', 'neurodata_type': 'FrequencyBandsTable', 'object_id': 'fa4a972f-014c-4b1f-b70e-1d69bce09478'}, 'groups': {}, 'datasets': {'freq': root/acquisition/_iblmic_audioSpectrogram/bands/freq DatasetBuilder {'attributes': {'description': 'frequency value', 'namespace': 'hdmf-common', 'neurodata_type': 'VectorData', 'object_id': 'e98c17b8-fd84-4cdf-bc84-6a2502b60db5'}, 'data': <HDF5 dataset "freq": shape (257,), type "<f4">}, 'id': root/acquisition/_iblmic_audioSpectrogram/bands/id DatasetBuilder {'attributes': {'namespace': 'hdmf-common', 'neurodata_type': 'ElementIdentifiers', 'object_id': 'd4d87501-33f8-40f6-9569-84f57a4e0c99'}, 'data': <HDF5 dataset "id": shape (257,), type "<i4">}}, 'links': {}}, "Could not construct FrequencyBandsTable object due to: column must have the same number of rows as 'id'"))
2026-09-19T15:28:23Z INFO [457/500] 0889083e-7330-4927-8071-498c4e7a86f2: valid; 3.7 s; peak memory 5850 MiB.
2026-09-19T15:28:30Z INFO [458/500] 0889fd27-bd5d-49aa-9f32-5528b1e403bd: valid; 7.1 s; peak memory 5890 MiB.
2026-09-19T15:28:32Z INFO [459/500] 088a08ba-dfd2-44ab-b283-67e45410b337: valid; 2.4 s; peak memory 5898 MiB.
2026-09-19T15:28:38Z INFO [460/500] 088b2e17-4681-404f-8ddc-0c62d12de727: valid; 5.9 s; peak memory 5909 MiB.
2026-09-19T15:28:42Z INFO [461/500] 088b7053-4607-4d78-8f7c-036d564ab99c: valid; 3.8 s; peak memory 5909 MiB.
2026-09-19T15:28:43Z INFO [462/500] 088b94d1-c454-481d-9c63-8edad557a88f: valid; 1.2 s; peak memory 5909 MiB.
2026-09-19T15:28:46Z INFO [463/500] 088be3c1-652a-42a8-9c8f-07a89ee15cf7: valid; 2.6 s; peak memory 5909 MiB.
2026-09-19T15:30:50Z INFO [464/500] 088bf4ee-5fb1-4323-9b96-12a7b6b5a84a: valid; 124.4 s; peak memory 6135 MiB.
2026-09-19T15:30:58Z INFO [465/500] 088c58a9-ca43-4d0f-b2d1-fa180aff20f2: valid; 7.7 s; peak memory 6153 MiB.
2026-09-19T15:31:19Z INFO [466/500] 088c688e-750e-47aa-b291-dc3f6472932c: not valid; 21.0 s; peak memory 6264 MiB.
2026-09-19T15:31:20Z INFO [467/500] 088cafa5-7189-4afd-acd1-a46b4247942a: valid; 1.2 s; peak memory 6266 MiB.
2026-09-19T15:31:22Z INFO [468/500] 088ce9a0-d1d7-4871-8ef7-cfad5ffeb6db: not valid; 1.9 s; peak memory 6275 MiB.
2026-09-19T15:31:23Z INFO [469/500] 088d7e76-b133-41a3-a1b9-f3bb33c3bf90: valid; 1.3 s; peak memory 6277 MiB.
2026-09-19T15:31:24Z INFO [470/500] 088d8801-acd5-4147-8d07-9121a58c2b3c: valid; 1.0 s; peak memory 6279 MiB.
2026-09-19T15:31:26Z INFO [471/500] 088daf41-d025-447a-bd85-9ca2f2bd427d: not valid; 1.8 s; peak memory 6280 MiB.
2026-09-19T15:31:27Z INFO [472/500] 088dbff0-da24-45f2-8fe8-5f2718efb459: valid; 1.2 s; peak memory 6280 MiB.
2026-09-19T15:31:29Z INFO [473/500] 088de939-7ef0-4f02-9a1f-165d4d93f24a: valid; 1.6 s; peak memory 6280 MiB.
2026-09-19T15:31:30Z INFO [474/500] 088dfbec-7866-4c22-a75a-412e636f6c09: valid; 1.7 s; peak memory 6280 MiB.
2026-09-19T15:31:32Z INFO [475/500] 088ef7d1-de28-42f0-a15f-a5535fa2c16b: valid; 2.1 s; peak memory 6280 MiB.
2026-09-19T15:31:35Z INFO [476/500] 088efccf-16a9-47c6-a80f-1e511cb8e83b: valid; 2.6 s; peak memory 6280 MiB.
2026-09-19T15:31:38Z INFO [477/500] 088fc80f-7642-4772-9ac1-6b38fe6e2bbf: not valid; 3.3 s; peak memory 6280 MiB.
2026-09-19T15:31:40Z INFO [478/500] 088fcb7e-b6fb-4425-b640-12d923efc2d5: valid; 1.8 s; peak memory 6280 MiB.
2026-09-19T15:31:42Z INFO [479/500] 08904337-ed94-43d4-8478-0c6b816327d8: not valid; 1.6 s; peak memory 6280 MiB.
2026-09-19T15:31:59Z INFO [480/500] 08904cbc-4e4c-458c-b66c-3a51955b5781: valid; 17.0 s; peak memory 6280 MiB.
2026-09-19T15:32:01Z INFO [481/500] 0890ac2d-a7ab-46b5-90a4-9762ff4f5029: valid; 2.2 s; peak memory 6280 MiB.
2026-09-19T15:32:02Z INFO [482/500] 0890f015-98fa-4c49-a45e-1d6a502e3973: valid; 1.5 s; peak memory 6280 MiB.
2026-09-19T15:32:04Z INFO [483/500] 08912f06-255e-4406-b62d-1c4d7bcc1a6b: valid; 1.2 s; peak memory 6280 MiB.
2026-09-19T15:32:13Z INFO [484/500] 0891772c-1679-44c8-b271-3035d93a0a90: valid; 9.0 s; peak memory 6280 MiB.
2026-09-19T15:32:14Z INFO [485/500] 08929bd3-7ca1-4e58-a83d-523165a7d614: valid; 1.2 s; peak memory 6280 MiB.
2026-09-19T15:32:15Z INFO [486/500] 089339b7-e8b0-4df8-844b-59c714b07339: valid; 1.2 s; peak memory 6280 MiB.
2026-09-19T15:32:16Z INFO [487/500] 08947353-5d9a-4f7a-b919-4de4cc4f8f12: valid; 1.1 s; peak memory 6280 MiB.
2026-09-19T15:32:31Z INFO [488/500] 08949c62-f680-45a5-9dab-17fda8748684: valid; 15.1 s; peak memory 6280 MiB.
2026-09-19T15:32:34Z INFO [489/500] 089506e2-a880-460b-bbdb-4b17a6751014: valid; 3.4 s; peak memory 6280 MiB.
2026-09-19T15:32:38Z INFO [490/500] 08951b58-89ca-40b2-85c3-cf2aebd74681: not valid; 3.3 s; peak memory 6280 MiB.
2026-09-19T15:32:39Z WARNING 08952605-119a-4b8d-bbc2-2c4192a8f095: failed while opening the NWB file (ConstructError: (root/acquisition/_iblmic_audioSpectrogram/bands GroupBuilder {'attributes': {'colnames': array(['freq'], dtype=object), 'description': 'spectogram frequencies', 'namespace': 'core', 'neurodata_type': 'FrequencyBandsTable', 'object_id': '18071369-a4c1-4d69-b2ea-b330e0741331'}, 'groups': {}, 'datasets': {'freq': root/acquisition/_iblmic_audioSpectrogram/bands/freq DatasetBuilder {'attributes': {'description': 'frequency value', 'namespace': 'hdmf-common', 'neurodata_type': 'VectorData', 'object_id': '6dbfdbed-d658-40fb-ac52-f2f1f85538a4'}, 'data': <HDF5 dataset "freq": shape (257,), type "<f4">}, 'id': root/acquisition/_iblmic_audioSpectrogram/bands/id DatasetBuilder {'attributes': {'namespace': 'hdmf-common', 'neurodata_type': 'ElementIdentifiers', 'object_id': 'cbbb64f5-def3-4bde-99f4-1c6693ff24dd'}, 'data': <HDF5 dataset "id": shape (257,), type "<i4">}}, 'links': {}}, "Could not construct FrequencyBandsTable object due to: column must have the same number of rows as 'id'"))
2026-09-19T15:32:41Z INFO [492/500] 089530d6-1f40-447f-a055-de9e1e0c394a: valid; 1.9 s; peak memory 6280 MiB.
2026-09-19T15:32:43Z INFO [493/500] 08953f97-0ffd-40a4-8506-00d76f981abd: valid; 1.2 s; peak memory 6280 MiB.
2026-09-19T15:32:44Z INFO [494/500] 0895b953-8825-49de-b6dc-f5cfa7331f1f: not valid; 1.2 s; peak memory 6280 MiB.
2026-09-19T15:32:46Z INFO [495/500] 089632d7-9fa1-421f-bca3-0a9b65220580: valid; 1.7 s; peak memory 6280 MiB.
2026-09-19T15:32:48Z INFO [496/500] 0896a3d9-384f-421a-a2c4-b4320457d4ff: not valid; 2.2 s; peak memory 6280 MiB.
2026-09-19T15:32:50Z INFO [497/500] 0897192f-8423-48c4-8e42-32c045d17606: valid; 2.4 s; peak memory 6280 MiB.
2026-09-19T15:32:52Z WARNING 089768f2-ecdb-440b-8c31-df3d3c7e5978: failed while opening the NWB file (ConstructError: (root/acquisition/_iblmic_audioSpectrogram/bands GroupBuilder {'attributes': {'colnames': array(['freq'], dtype=object), 'description': 'spectogram frequencies', 'namespace': 'core', 'neurodata_type': 'FrequencyBandsTable', 'object_id': 'b5bf6e10-6b89-4d45-b2f8-7bfa47dd4869'}, 'groups': {}, 'datasets': {'freq': root/acquisition/_iblmic_audioSpectrogram/bands/freq DatasetBuilder {'attributes': {'description': 'frequency value', 'namespace': 'hdmf-common', 'neurodata_type': 'VectorData', 'object_id': '2c711fbb-4463-4cfb-8d85-b6b18e091af4'}, 'data': <HDF5 dataset "freq": shape (257,), type "<f4">}, 'id': root/acquisition/_iblmic_audioSpectrogram/bands/id DatasetBuilder {'attributes': {'namespace': 'hdmf-common', 'neurodata_type': 'ElementIdentifiers', 'object_id': '264db872-0e59-409e-bbae-a13ea6cd1c53'}, 'data': <HDF5 dataset "id": shape (257,), type "<i4">}}, 'links': {}}, "Could not construct FrequencyBandsTable object due to: column must have the same number of rows as 'id'"))
2026-09-19T15:32:57Z INFO [499/500] 089787e3-eed3-4567-b50d-6b715a8f37d7: not valid; 5.1 s; peak memory 6280 MiB.
2026-09-19T15:33:04Z INFO [500/500] 089818f0-fe37-459d-aadb-29647ad67fb7: valid; 6.7 s; peak memory 6280 MiB.
2026-09-19T15:33:04Z INFO [500/500] 089818f0-fe37-459d-aadb-29647ad67fb7: checkpointed 70510 records.
2026-09-19T15:33:04Z INFO Wrote 70510 records to /tmp/derivatives/content_id_to_valid_nwb_file.jsonl (476 new, 24 failed) in 36.0 min (peak memory 6280 MiB).
