2026-09-29T21:35:52Z INFO Logging to /tmp/logs/update_2026-09-29T21-35-52Z.log.
2026-09-29T21:35:52Z INFO Update content-id-to-valid-nwb-file (base directory /tmp).
2026-09-29T21:35:55Z INFO Processing 500 items (85010 already recorded).
2026-09-29T21:35:57Z INFO [1/500] 1ebe7af5-46da-4019-bfe6-1736e045b5c5: valid; 2.6 s; peak memory 361 MiB.
2026-09-29T21:36:10Z INFO [2/500] 1ebeb2ef-0eae-452f-a8a5-6da0f21eae2a: not valid; 12.5 s; peak memory 499 MiB.
2026-09-29T21:36:11Z INFO [3/500] 1ec01265-894b-4939-bc07-fe816abe453b: valid; 0.8 s; peak memory 501 MiB.
2026-09-29T21:36:12Z INFO [4/500] 1ec03e33-68ce-4116-94a8-395f698575c3: valid; 1.4 s; peak memory 510 MiB.
2026-09-29T21:36:13Z INFO [5/500] 1ec04393-f604-4505-89df-5bf6105c0831: valid; 0.6 s; peak memory 512 MiB.
2026-09-29T21:36:14Z INFO [6/500] 1ec0969c-ad0a-4e45-a4a4-056cbd08d6d7: not valid; 1.1 s; peak memory 517 MiB.
2026-09-29T21:36:15Z INFO [7/500] 1ec0d955-9dfb-44b1-a6d7-0a9e1629f9c6: valid; 1.5 s; peak memory 528 MiB.
2026-09-29T21:36:16Z INFO [8/500] 1ec18c03-7539-4f19-8ab4-f86bc19d598e: valid; 1.2 s; peak memory 531 MiB.
2026-09-29T21:36:17Z INFO [9/500] 1ec1a2c1-4e13-48ed-a622-280882a06b80: valid; 0.7 s; peak memory 533 MiB.
2026-09-29T21:36:18Z INFO [10/500] 1ec20868-635a-4e3d-85c4-b0cfde824859: valid; 0.7 s; peak memory 533 MiB.
2026-09-29T21:36:19Z INFO [11/500] 1ec279f4-a39e-4f74-b506-bdb58e18faee: valid; 0.8 s; peak memory 535 MiB.
2026-09-29T21:36:22Z INFO [12/500] 1ec2da30-b967-4920-b6a6-9cb876d70231: not valid; 3.7 s; peak memory 549 MiB.
2026-09-29T21:36:23Z INFO [13/500] 1ec35557-249a-4dfd-a44c-b8d76adf32dc: valid; 1.0 s; peak memory 552 MiB.
2026-09-29T21:36:25Z INFO [14/500] 1ec35c0b-10f7-41e6-a5e6-5bc5b752e74d: valid; 2.0 s; peak memory 559 MiB.
2026-09-29T21:36:26Z INFO [15/500] 1ec36f66-68ac-476f-998e-0381106c48e9: valid; 0.8 s; peak memory 559 MiB.
2026-09-29T21:36:28Z INFO [16/500] 1ec3c6d3-0889-4329-9633-58f2cf1eedde: valid; 1.5 s; peak memory 559 MiB.
2026-09-29T21:36:29Z INFO [17/500] 1ec49c98-583c-4ba4-aaea-24314bb4b848: not valid; 1.1 s; peak memory 559 MiB.
2026-09-29T21:36:29Z WARNING 1ec4f9e2-b31f-4316-a5cf-ff721270cb60: failed while retrieving asset information from the DANDI API (NotFoundError: No asset at path 'sub-parkinson-simulated-lfp/sub-parkinson-simulated-lfp_ses-7559_ecephys.nwb' in version 0.250327.2220. Verify the path is correct and the asset exists in this version. Use 'dandi ls' to list available assets.)
2026-09-29T21:36:30Z INFO [19/500] 1ec57cb3-c44f-4a0c-aa93-559f2f34735b: not valid; 0.9 s; peak memory 559 MiB.
2026-09-29T21:36:31Z INFO [20/500] 1ec59440-ded8-4553-9a1e-b6d7d3697c33: valid; 1.6 s; peak memory 559 MiB.
2026-09-29T21:36:32Z INFO [21/500] 1ec60477-21c9-4015-85ec-10d7d49ea28c: valid; 1.0 s; peak memory 559 MiB.
2026-09-29T21:36:33Z INFO [22/500] 1ec77cf5-62bd-4c86-9c01-9672eb57a978: valid; 1.1 s; peak memory 559 MiB.
2026-09-29T21:36:34Z INFO [23/500] 1ec78002-c80c-4e6c-95e5-78fc57784b4c: valid; 1.1 s; peak memory 559 MiB.
2026-09-29T21:36:35Z INFO [24/500] 1ec7e3cf-3f45-4ca5-a65b-b9c086ba9a5c: not valid; 1.1 s; peak memory 559 MiB.
2026-09-29T21:36:36Z INFO [25/500] 1ec80295-464a-419d-b044-f9481e577ae1: valid; 0.6 s; peak memory 559 MiB.
2026-09-29T21:36:37Z INFO [26/500] 1ec8a415-0f05-4253-8ac9-d9acc8ffdc71: valid; 0.7 s; peak memory 559 MiB.
2026-09-29T21:36:49Z INFO [27/500] 1ec8d443-5fd5-432a-81ff-fb5529243f72: valid; 12.6 s; peak memory 559 MiB.
2026-09-29T21:36:50Z INFO [28/500] 1ec8e46a-6fbd-445a-a8d9-53bf150099c3: valid; 0.6 s; peak memory 559 MiB.
2026-09-29T21:36:53Z INFO [29/500] 1ec8f745-1230-4f22-a870-1989642e0c22: not valid; 2.8 s; peak memory 561 MiB.
2026-09-29T21:36:54Z INFO [30/500] 1ec92c22-8827-48df-be87-651f36bbc4db: valid; 0.8 s; peak memory 561 MiB.
2026-09-29T21:36:55Z INFO [31/500] 1ec95144-18de-435e-975c-d7538632b712: valid; 1.7 s; peak memory 561 MiB.
2026-09-29T21:36:56Z INFO [32/500] 1ec9b47e-02ff-45bd-941f-a57d28a3080c: valid; 1.1 s; peak memory 561 MiB.
2026-09-29T21:36:57Z INFO [33/500] 1eca4cc0-ba18-416d-9a32-90cf67c97d93: not valid; 0.9 s; peak memory 561 MiB.
2026-09-29T21:37:02Z INFO [34/500] 1ecb4c57-cc88-4814-96ee-996edc54d89b: valid; 4.8 s; peak memory 561 MiB.
2026-09-29T21:37:03Z INFO [35/500] 1ecb6ca9-9bf8-4e51-ba63-6c7c4ba294a6: not valid; 1.0 s; peak memory 561 MiB.
2026-09-29T21:37:04Z INFO [36/500] 1ecb8015-c054-43bf-b6a6-8f678ff4638b: valid; 1.2 s; peak memory 561 MiB.
2026-09-29T21:37:05Z INFO [37/500] 1ecbfb88-0bbd-421c-ad56-cac70c00fc3b: valid; 0.6 s; peak memory 561 MiB.
2026-09-29T21:37:07Z INFO [38/500] 1ecc0016-e4d7-44ab-94ae-5176ff50f0ac: valid; 1.8 s; peak memory 561 MiB.
2026-09-29T21:37:09Z INFO [39/500] 1ecc4ddd-de54-45b4-83f0-c0da095d0c0b: valid; 1.8 s; peak memory 565 MiB.
2026-09-29T21:37:10Z INFO [40/500] 1ecc725c-e94e-4b74-ae39-4529a8d50a96: not valid; 1.0 s; peak memory 570 MiB.
2026-09-29T21:37:16Z INFO [41/500] 1ecdb00b-ae15-4712-9880-55bdf87a44b4: valid; 6.4 s; peak memory 583 MiB.
2026-09-29T21:37:29Z INFO [42/500] 1ecdb083-532e-46df-8975-17acad78f522: valid; 12.7 s; peak memory 624 MiB.
2026-09-29T21:37:30Z INFO [43/500] 1ece7745-d6c2-431b-ae96-815710180d6c: valid; 1.0 s; peak memory 630 MiB.
2026-09-29T21:37:30Z INFO [44/500] 1ecef4b7-83ba-479f-aa56-6706927ef1f6: valid; 0.7 s; peak memory 633 MiB.
2026-09-29T21:37:32Z INFO [45/500] 1ecf0524-f06b-4bdb-b337-f5211c5b3d0b: valid; 1.4 s; peak memory 637 MiB.
2026-09-29T21:37:33Z INFO [46/500] 1ecf0cb2-1bd7-4728-8aff-07f162f15f9c: valid; 1.2 s; peak memory 640 MiB.
2026-09-29T21:37:34Z INFO [47/500] 1ecf647d-06d5-46a3-8220-504f7839757a: valid; 0.9 s; peak memory 640 MiB.
2026-09-29T21:37:34Z WARNING 1ed03703-57ed-4d04-bef8-52658e592c5f: failed while retrieving asset information from the DANDI API (NotFoundError: No asset at path 'sub-749472/sub-749472_ses-behavior-749472-2024-12-31-18-19-20.nwb' in version 0.260928.2230. Verify the path is correct and the asset exists in this version. Use 'dandi ls' to list available assets.)
2026-09-29T21:37:36Z INFO [49/500] 1ed037f1-c5f7-4100-913c-faf448792156: valid; 2.0 s; peak memory 647 MiB.
2026-09-29T21:37:36Z INFO [50/500] 1ed0d28b-d072-4f87-9170-b0371b1db362: valid; 0.5 s; peak memory 649 MiB.
2026-09-29T21:37:37Z INFO [50/500] 1ed0d28b-d072-4f87-9170-b0371b1db362: checkpointed 85060 records.
2026-09-29T21:37:38Z INFO [51/500] 1ed139a3-1c6a-4f4a-a36b-c70b58566e0c: valid; 0.6 s; peak memory 651 MiB.
2026-09-29T21:37:39Z INFO [52/500] 1ed1b480-e2ab-41f4-9fbe-c00099b846fa: not valid; 1.9 s; peak memory 655 MiB.
2026-09-29T21:37:41Z INFO [53/500] 1ed1ba3b-6fa6-4cb7-8f2b-394aea39fe0b: valid; 1.3 s; peak memory 659 MiB.
2026-09-29T21:37:41Z INFO [54/500] 1ed1e9b9-5831-4f55-81f0-8e30e6949f27: valid; 0.4 s; peak memory 661 MiB.
2026-09-29T21:37:46Z INFO [55/500] 1ed1ee98-9171-47d7-9d93-cddf5726dea8: not valid; 4.8 s; peak memory 701 MiB.
2026-09-29T21:37:48Z INFO [56/500] 1ed22ae0-abb0-438e-a9cb-ac6529128917: valid; 1.9 s; peak memory 708 MiB.
2026-09-29T21:37:48Z INFO [57/500] 1ed28752-90cc-4e0b-ac8e-93550cdd0a89: valid; 0.6 s; peak memory 708 MiB.
2026-09-29T21:37:49Z INFO [58/500] 1ed30e04-f38a-4ccd-8dcc-1622b42e252b: not valid; 0.9 s; peak memory 708 MiB.
2026-09-29T21:37:51Z INFO [59/500] 1ed3bc66-ba4d-4af0-a2da-6e7fdd4f49bd: valid; 1.8 s; peak memory 708 MiB.
2026-09-29T21:37:52Z INFO [60/500] 1ed463a4-66b1-413f-a561-1e30394ac178: valid; 1.2 s; peak memory 708 MiB.
2026-09-29T21:37:53Z INFO [61/500] 1ed50f2b-89fa-4812-a31f-cd88a5f12378: valid; 1.2 s; peak memory 708 MiB.
2026-09-29T21:37:54Z INFO [62/500] 1ed530e5-1b83-4ccb-93a7-5ddd73731efc: valid; 0.7 s; peak memory 708 MiB.
2026-09-29T21:37:55Z INFO [63/500] 1ed53410-02af-4496-971e-ae4ed534a9d9: valid; 1.2 s; peak memory 709 MiB.
2026-09-29T21:37:56Z INFO [64/500] 1ed5b3c1-c631-4e27-8ca2-fef489167164: valid; 0.7 s; peak memory 709 MiB.
2026-09-29T21:37:58Z INFO [65/500] 1ed6207d-6acd-49da-81ad-2b84a3281b9b: valid; 1.8 s; peak memory 709 MiB.
2026-09-29T21:37:59Z INFO [66/500] 1ed6d321-bc3d-4958-9da9-9223529300a2: valid; 1.1 s; peak memory 709 MiB.
2026-09-29T21:38:00Z INFO [67/500] 1ed6ffff-a50d-424e-a058-deb4181691e1: valid; 0.7 s; peak memory 709 MiB.
2026-09-29T21:38:01Z INFO [68/500] 1ed74181-b391-43c7-860c-f9b390b49099: valid; 1.8 s; peak memory 709 MiB.
2026-09-29T21:38:03Z INFO [69/500] 1ed7777e-7bcb-462f-a458-b7fe42d1bb5c: valid; 1.8 s; peak memory 709 MiB.
2026-09-29T21:38:04Z INFO [70/500] 1ed783d9-bbe4-44b8-a447-393a7bd648cf: valid; 0.8 s; peak memory 709 MiB.
2026-09-29T21:38:05Z INFO [71/500] 1ed78c01-08c6-4db2-a5a7-a7a599db023d: valid; 1.2 s; peak memory 709 MiB.
2026-09-29T21:38:08Z INFO [72/500] 1ed7f4a4-90bd-43b0-99cb-2415f4dfa69c: valid; 2.5 s; peak memory 709 MiB.
2026-09-29T21:38:09Z INFO [73/500] 1ed89224-27ad-41a2-8a1e-24dc687b22b4: valid; 1.2 s; peak memory 710 MiB.
2026-09-29T21:38:10Z INFO [74/500] 1ed95d41-78a4-4a50-8046-884a3029fa01: not valid; 0.8 s; peak memory 710 MiB.
2026-09-29T21:38:10Z WARNING 1ed96cd8-57b8-4e20-84bf-26e09c2fe93c: failed while retrieving asset information from the DANDI API (NotFoundError: No asset at path 'sub-healthy-simulated-lfp/sub-healthy-simulated-lfp_ses-1046_ecephys.nwb' in version 0.250327.2220. Verify the path is correct and the asset exists in this version. Use 'dandi ls' to list available assets.)
2026-09-29T21:38:10Z INFO [76/500] 1ed97550-7d93-4db2-a782-8c15722f7688: valid; 0.4 s; peak memory 710 MiB.
2026-09-29T21:38:12Z INFO [77/500] 1ed99c62-38b0-467b-93ad-bd2475f2595d: valid; 2.1 s; peak memory 710 MiB.
2026-09-29T21:38:14Z INFO [78/500] 1eda47b5-9db2-4146-8ab9-277f470ce9ae: valid; 1.7 s; peak memory 712 MiB.
2026-09-29T21:38:15Z INFO [79/500] 1edac93d-dc68-409d-98a8-7a6d501d5fff: valid; 0.7 s; peak memory 712 MiB.
2026-09-29T21:38:17Z INFO [80/500] 1edadfd6-a87f-4a9a-9d52-b42248e963ab: not valid; 2.0 s; peak memory 713 MiB.
2026-09-29T21:38:17Z INFO [81/500] 1edc05f2-7f60-48de-9cc1-0b241d626570: valid; 0.6 s; peak memory 713 MiB.
2026-09-29T21:38:19Z INFO [82/500] 1edca36d-e894-4d33-8ff1-ba4d6c338311: not valid; 1.8 s; peak memory 738 MiB.
2026-09-29T21:38:20Z INFO [83/500] 1edcd24c-ab81-4c28-9a47-ff696fc48daa: valid; 0.6 s; peak memory 738 MiB.
2026-09-29T21:38:21Z INFO [84/500] 1edd217c-7607-423f-8081-88b4d025ed85: valid; 1.7 s; peak memory 738 MiB.
2026-09-29T21:38:24Z INFO [85/500] 1ede2eca-51e7-4284-b73d-af98dfd5ef80: valid; 2.6 s; peak memory 738 MiB.
2026-09-29T21:38:24Z INFO [86/500] 1ede78fb-c73e-4fd6-887e-791e63af2edd: valid; 0.4 s; peak memory 738 MiB.
2026-09-29T21:38:26Z INFO [87/500] 1edf4a76-9639-4275-87c5-d5c5acedd6f6: valid; 1.9 s; peak memory 738 MiB.
2026-09-29T21:38:28Z INFO [88/500] 1ee0172e-2432-4f5a-8732-a4c695012e35: not valid; 1.7 s; peak memory 738 MiB.
2026-09-29T21:38:29Z INFO [89/500] 1ee0d17b-8e35-4f0e-84b1-4e10199dc759: valid; 1.5 s; peak memory 739 MiB.
2026-09-29T21:38:30Z INFO [90/500] 1ee0e2f4-0ed0-4736-b443-e45cd0bda5e5: valid; 0.6 s; peak memory 739 MiB.
2026-09-29T21:38:31Z INFO [91/500] 1ee0e82e-1a99-4d11-95cc-5e987a56b863: not valid; 0.7 s; peak memory 741 MiB.
2026-09-29T21:38:32Z INFO [92/500] 1ee105da-b27c-4b17-95bf-cfe7c3f5bcd5: not valid; 0.8 s; peak memory 742 MiB.
2026-09-29T21:38:33Z INFO [93/500] 1ee11c03-21ea-4818-b857-3f1c32d6c0f3: not valid; 1.1 s; peak memory 742 MiB.
2026-09-29T21:38:34Z INFO [94/500] 1ee16931-241c-40d8-838c-b16d6a40ea52: valid; 1.1 s; peak memory 742 MiB.
2026-09-29T21:38:35Z INFO [95/500] 1ee21819-d2bf-4bc9-8c67-a85ed3fea053: valid; 0.7 s; peak memory 743 MiB.
2026-09-29T21:38:35Z INFO [96/500] 1ee32f9d-5756-4204-a4bd-fc91833ec31c: valid; 0.7 s; peak memory 744 MiB.
2026-09-29T21:38:36Z INFO [97/500] 1ee3a42b-402b-487e-a3ed-1b190b12f9ef: valid; 1.1 s; peak memory 751 MiB.
2026-09-29T21:38:37Z INFO [98/500] 1ee3b43d-4291-4bd3-9682-259f143e7773: valid; 1.1 s; peak memory 760 MiB.
2026-09-29T21:38:38Z INFO [99/500] 1ee4105a-aeee-4653-a153-df3afdd27c88: valid; 0.8 s; peak memory 762 MiB.
2026-09-29T21:38:39Z INFO [100/500] 1ee42db4-b9de-4e8b-9b1e-930913a0fd31: valid; 0.9 s; peak memory 766 MiB.
2026-09-29T21:38:40Z INFO [100/500] 1ee42db4-b9de-4e8b-9b1e-930913a0fd31: checkpointed 85110 records.
2026-09-29T21:38:42Z INFO [101/500] 1ee5083c-7da4-4b8a-bba9-6aa72e92b27d: not valid; 2.4 s; peak memory 771 MiB.
2026-09-29T21:38:43Z WARNING 1ee55420-622c-47ab-9a38-f0c81526d9f0: failed while opening the NWB file (ConstructError: (root/acquisition/event_code_meanings GroupBuilder {'attributes': {'colnames': array(['value', 'meaning'], dtype=object), 'description': 'Mapping integer event codes to event labels', 'namespace': 'ndx-events', 'neurodata_type': 'MeaningsTable', 'object_id': '728abf61-f870-4b4c-a57d-876207a44007'}, 'groups': {}, 'datasets': {'id': root/acquisition/event_code_meanings/id DatasetBuilder {'attributes': {'namespace': 'hdmf-common', 'neurodata_type': 'ElementIdentifiers', 'object_id': 'ca4c279e-e19c-4eab-9236-e70f1a1bbc15'}, 'data': <HDF5 dataset "id": shape (26,), type "<i8">}, 'meaning': root/acquisition/event_code_meanings/meaning DatasetBuilder {'attributes': {'description': 'The meaning of the value in the parent CategoricalVectorData object.', 'namespace': 'hdmf-experimental', 'neurodata_type': 'VectorData', 'object_id': '27cba65e-85d2-46e1-8bee-58cd41d2805b'}, 'data': <StrDataset for HDF5 dataset "meaning": shape (26,), type "|O">}, 'value': root/acquisition/event_code_meanings/value DatasetBuilder {'attributes': {'description': 'The value of the parent CategoricalVectorData object.', 'namespace': 'hdmf-experimental', 'neurodata_type': 'VectorData', 'object_id': 'f0b94db1-cf1b-4fee-a443-09ca91e2ce3f'}, 'data': <HDF5 dataset "value": shape (26,), type "<i8">}}, 'links': {}}, "Could not construct MeaningsTable object due to: MeaningsTable.__init__: missing argument 'target'"))
2026-09-29T21:38:44Z INFO [103/500] 1ee597bf-abb5-4b5c-a66f-c9186012acef: valid; 0.7 s; peak memory 771 MiB.
2026-09-29T21:38:44Z INFO [104/500] 1ee5b240-b7de-4a27-b4f5-f46bcebcefa6: valid; 0.6 s; peak memory 771 MiB.
2026-09-29T21:38:45Z INFO [105/500] 1ee65bb4-501f-470f-8757-e6517b0e0d6e: valid; 0.8 s; peak memory 771 MiB.
2026-09-29T21:38:46Z WARNING 1ee6e03c-165b-463c-976e-cae676adc821: failed while opening the NWB file (ConstructError: (root/acquisition/event_code_meanings GroupBuilder {'attributes': {'colnames': array(['value', 'meaning'], dtype=object), 'description': 'Mapping integer event codes to event labels', 'namespace': 'ndx-events', 'neurodata_type': 'MeaningsTable', 'object_id': 'f1f02ff4-7f5a-4f6f-aa6d-458c2388a9f4'}, 'groups': {}, 'datasets': {'id': root/acquisition/event_code_meanings/id DatasetBuilder {'attributes': {'namespace': 'hdmf-common', 'neurodata_type': 'ElementIdentifiers', 'object_id': '66944da2-9315-4edf-8cce-a6b79131e0fc'}, 'data': <HDF5 dataset "id": shape (26,), type "<i8">}, 'meaning': root/acquisition/event_code_meanings/meaning DatasetBuilder {'attributes': {'description': 'The meaning of the value in the parent CategoricalVectorData object.', 'namespace': 'hdmf-experimental', 'neurodata_type': 'VectorData', 'object_id': '2136c2cd-db32-496c-8a1d-d354d679ef91'}, 'data': <StrDataset for HDF5 dataset "meaning": shape (26,), type "|O">}, 'value': root/acquisition/event_code_meanings/value DatasetBuilder {'attributes': {'description': 'The value of the parent CategoricalVectorData object.', 'namespace': 'hdmf-experimental', 'neurodata_type': 'VectorData', 'object_id': 'b00017df-4a9a-4d3c-8294-7375cfc16a72'}, 'data': <HDF5 dataset "value": shape (26,), type "<i8">}}, 'links': {}}, "Could not construct MeaningsTable object due to: MeaningsTable.__init__: missing argument 'target'"))
2026-09-29T21:38:47Z INFO [107/500] 1ee7c1f4-e0dc-491c-a4a3-6ff967e6aab9: valid; 0.7 s; peak memory 771 MiB.
2026-09-29T21:38:48Z INFO [108/500] 1ee82be2-ecbe-4b01-9cd1-aa1db696a0d8: valid; 0.8 s; peak memory 771 MiB.
2026-09-29T21:38:48Z INFO [109/500] 1ee8b42d-c7da-4ce6-a8a3-ed556ed1e3d8: not valid; 0.9 s; peak memory 771 MiB.
2026-09-29T21:38:50Z INFO [110/500] 1ee8fd38-6419-477b-8400-dfb921cfa08b: valid; 1.7 s; peak memory 771 MiB.
2026-09-29T21:38:51Z INFO [111/500] 1ee91168-16dc-4c20-b762-b904a9dcb66b: valid; 1.1 s; peak memory 771 MiB.
2026-09-29T21:38:52Z INFO [112/500] 1ee92a8f-beb8-4978-867c-89578486c95d: valid; 0.7 s; peak memory 771 MiB.
2026-09-29T21:38:53Z INFO [113/500] 1ee943b4-63fa-4994-b26b-d6c8290ce665: not valid; 1.4 s; peak memory 772 MiB.
2026-09-29T21:38:54Z INFO [114/500] 1ee9568c-6863-4306-a586-52ce743ceea1: not valid; 0.9 s; peak memory 775 MiB.
2026-09-29T21:38:55Z INFO [115/500] 1eea0b09-635f-4976-90f1-ee91112fde2a: valid; 0.8 s; peak memory 775 MiB.
2026-09-29T21:38:56Z INFO [116/500] 1eea888a-1b80-4bee-8a94-87ce4605cad9: not valid; 0.8 s; peak memory 777 MiB.
2026-09-29T21:38:58Z INFO [117/500] 1eeb897d-a458-4eb6-809d-d67720b3f62d: valid; 2.1 s; peak memory 785 MiB.
2026-09-29T21:39:07Z INFO [118/500] 1eec1df0-605e-41cc-890e-1aed3d8b9dfe: valid; 9.5 s; peak memory 860 MiB.
2026-09-29T21:39:09Z INFO [119/500] 1eec2f70-050d-4056-b241-f3486210d3c8: valid; 1.5 s; peak memory 862 MiB.
2026-09-29T21:39:10Z INFO [120/500] 1eecc13a-7fd6-4c24-864e-76fe01ad7da1: not valid; 1.0 s; peak memory 867 MiB.
2026-09-29T21:39:11Z INFO [121/500] 1eee406b-42d4-4237-b1ff-373c63f649c8: not valid; 1.2 s; peak memory 871 MiB.
2026-09-29T21:39:16Z INFO [122/500] 1eeeab96-71e1-45f2-a635-4e969a93e19a: not valid; 5.0 s; peak memory 937 MiB.
2026-09-29T21:39:23Z INFO [123/500] 1eef0089-3145-462b-8d29-b5af8ef9a585: valid; 6.8 s; peak memory 1003 MiB.
2026-09-29T21:39:25Z INFO [124/500] 1eef40b2-85d8-4def-854a-73352bd2af24: valid; 1.8 s; peak memory 1014 MiB.
2026-09-29T21:39:26Z INFO [125/500] 1eefcdf1-fa46-4cc7-bb51-03dbc9bc0407: valid; 1.1 s; peak memory 1028 MiB.
2026-09-29T21:39:26Z INFO [126/500] 1eeff61d-3612-4020-a400-1c122e081994: valid; 0.6 s; peak memory 1030 MiB.
2026-09-29T21:39:28Z INFO [127/500] 1ef054b0-a488-4043-9a9c-e76489406a31: valid; 1.3 s; peak memory 1040 MiB.
2026-09-29T21:39:28Z INFO [128/500] 1ef077bf-d0d3-4599-be8d-cb7c6123c491: valid; 0.7 s; peak memory 1042 MiB.
2026-09-29T21:39:30Z INFO [129/500] 1ef0847a-c716-48de-a312-0df64a36d508: valid; 1.5 s; peak memory 1047 MiB.
2026-09-29T21:39:31Z INFO [130/500] 1ef0f168-8a80-464f-8fa9-c779c2bc4e7b: valid; 1.2 s; peak memory 1047 MiB.
2026-09-29T21:39:34Z INFO [131/500] 1ef1c03c-b4db-4d31-ac6d-2f304a99e543: valid; 2.9 s; peak memory 1048 MiB.
2026-09-29T21:39:36Z INFO [132/500] 1ef279cf-63c5-4267-8719-eb96ed1a59c0: valid; 2.4 s; peak memory 1048 MiB.
2026-09-29T21:39:37Z INFO [133/500] 1ef2dccd-beec-4ad2-9c17-580bf9859b19: not valid; 1.0 s; peak memory 1048 MiB.
2026-09-29T21:39:39Z INFO [134/500] 1ef2ef62-56ca-4a7e-80b7-b7dcb255cf45: valid; 1.3 s; peak memory 1048 MiB.
2026-09-29T21:39:39Z INFO [135/500] 1ef41ae7-8d15-4bd1-a017-9a5ec966e5bc: not valid; 0.6 s; peak memory 1048 MiB.
2026-09-29T21:39:40Z INFO [136/500] 1ef46b95-1d4d-46c2-b84a-33c4219d58d5: valid; 0.5 s; peak memory 1048 MiB.
2026-09-29T21:39:41Z WARNING 1ef48e58-cc47-4814-8daf-1fbd8e91e928: failed while opening the NWB file (ConstructError: (root/acquisition/_iblmic_audioSpectrogram/bands GroupBuilder {'attributes': {'colnames': array(['freq'], dtype=object), 'description': 'spectogram frequencies', 'namespace': 'core', 'neurodata_type': 'FrequencyBandsTable', 'object_id': '31dca738-482f-4e4b-ac91-545e057095f9'}, 'groups': {}, 'datasets': {'freq': root/acquisition/_iblmic_audioSpectrogram/bands/freq DatasetBuilder {'attributes': {'description': 'frequency value', 'namespace': 'hdmf-common', 'neurodata_type': 'VectorData', 'object_id': 'aa995999-19cb-45a6-bb09-f6590e30ed7c'}, 'data': <HDF5 dataset "freq": shape (257,), type "<f4">}, 'id': root/acquisition/_iblmic_audioSpectrogram/bands/id DatasetBuilder {'attributes': {'namespace': 'hdmf-common', 'neurodata_type': 'ElementIdentifiers', 'object_id': '6d3adfdd-cd55-4ff8-a9e0-068f422e28ac'}, 'data': <HDF5 dataset "id": shape (257,), type "<i4">}}, 'links': {}}, "Could not construct FrequencyBandsTable object due to: column must have the same number of rows as 'id'"))
2026-09-29T21:39:42Z INFO [138/500] 1ef496a2-c1f2-4b3f-a2eb-4797e18f7e72: valid; 1.4 s; peak memory 1048 MiB.
2026-09-29T21:39:50Z INFO [139/500] 1ef4ac37-a175-41ec-9902-711933151a42: valid; 7.8 s; peak memory 1320 MiB.
2026-09-29T21:39:51Z INFO [140/500] 1ef4f10a-4ffc-4259-8991-f89225af8c21: valid; 1.1 s; peak memory 1320 MiB.
2026-09-29T21:39:53Z INFO [141/500] 1ef4f4d1-0fc5-4369-8b68-4fdb19ce0bd0: valid; 1.5 s; peak memory 1320 MiB.
2026-09-29T21:40:00Z INFO [142/500] 1ef4f63b-51e3-4acb-82d2-1d6e15c28216: not valid; 7.3 s; peak memory 1320 MiB.
2026-09-29T21:40:15Z INFO [143/500] 1ef58070-1505-4d4e-92ac-4bc21a03d713: valid; 14.6 s; peak memory 1484 MiB.
2026-09-29T21:40:15Z INFO [144/500] 1ef5fcb3-925e-491a-9604-bb9b4fb624e8: valid; 0.6 s; peak memory 1485 MiB.
2026-09-29T21:40:16Z INFO [145/500] 1ef6c1fc-7991-4788-87d6-1f2b95dfbfa5: valid; 0.9 s; peak memory 1488 MiB.
2026-09-29T21:40:18Z INFO [146/500] 1ef74445-edcd-4c9a-9dbc-7a489ef6f254: not valid; 1.8 s; peak memory 1492 MiB.
2026-09-29T21:40:25Z INFO [147/500] 1ef7639b-097b-4ae8-ab02-e798df4f06e9: valid; 6.4 s; peak memory 1513 MiB.
2026-09-29T21:40:25Z INFO [148/500] 1ef7b5ae-a59b-45ff-9cb2-ecb964ee061c: valid; 0.6 s; peak memory 1515 MiB.
2026-09-29T21:40:37Z INFO [149/500] 1ef7d0b8-aefe-4ccd-aa38-a107dbecc0b9: valid; 11.7 s; peak memory 1610 MiB.
2026-09-29T21:40:38Z INFO [150/500] 1ef7e5be-6c64-4415-848d-a2f9c05b42e5: valid; 1.0 s; peak memory 1620 MiB.
2026-09-29T21:40:39Z INFO [150/500] 1ef7e5be-6c64-4415-848d-a2f9c05b42e5: checkpointed 85160 records.
2026-09-29T21:40:43Z INFO [151/500] 1ef8e76b-54e5-4e4a-8904-404483d1d109: not valid; 4.4 s; peak memory 1627 MiB.
2026-09-29T21:40:44Z INFO [152/500] 1ef947b8-700a-47e5-901a-62625b57359f: valid; 0.8 s; peak memory 1630 MiB.
2026-09-29T21:40:45Z WARNING 1ef9895a-d65f-4771-9b37-0747d97fcb75: failed while opening the NWB file (ConstructError: (root/acquisition/_iblmic_audioSpectrogram/bands GroupBuilder {'attributes': {'colnames': array(['freq'], dtype=object), 'description': 'spectogram frequencies', 'namespace': 'core', 'neurodata_type': 'FrequencyBandsTable', 'object_id': '5fd1a776-ec31-4ff7-aefe-72d894957e2f'}, 'groups': {}, 'datasets': {'freq': root/acquisition/_iblmic_audioSpectrogram/bands/freq DatasetBuilder {'attributes': {'description': 'frequency value', 'namespace': 'hdmf-common', 'neurodata_type': 'VectorData', 'object_id': '509100a9-5343-45cf-8a1b-d04747b76510'}, 'data': <HDF5 dataset "freq": shape (257,), type "<f4">}, 'id': root/acquisition/_iblmic_audioSpectrogram/bands/id DatasetBuilder {'attributes': {'namespace': 'hdmf-common', 'neurodata_type': 'ElementIdentifiers', 'object_id': '8b2f30f7-bbd8-4319-b56b-37f1d196b04c'}, 'data': <HDF5 dataset "id": shape (257,), type "<i4">}}, 'links': {}}, "Could not construct FrequencyBandsTable object due to: column must have the same number of rows as 'id'"))
2026-09-29T21:40:46Z INFO [154/500] 1efa1ee5-b182-4e46-8fda-d729df1c4e2d: valid; 0.8 s; peak memory 1634 MiB.
2026-09-29T21:40:46Z INFO [155/500] 1efb329e-a752-4555-9abb-60c83c37d18e: valid; 0.6 s; peak memory 1637 MiB.
2026-09-29T21:40:47Z INFO [156/500] 1efb57d2-6e67-4528-819b-440a40aebb10: valid; 1.2 s; peak memory 1640 MiB.
2026-09-29T21:40:48Z INFO [157/500] 1efc3c1c-ed13-4e19-a887-8073774249e0: valid; 0.6 s; peak memory 1642 MiB.
2026-09-29T21:40:49Z INFO [158/500] 1efc8317-d4e9-411e-8a79-83311d8146da: valid; 0.6 s; peak memory 1642 MiB.
2026-09-29T21:40:51Z INFO [159/500] 1efdff9f-7ef2-475c-aca9-6e6ca73e1a1a: valid; 2.1 s; peak memory 1642 MiB.
2026-09-29T21:40:53Z INFO [160/500] 1efe7fea-2364-410f-b53d-da73405fcd2a: not valid; 2.0 s; peak memory 1642 MiB.
2026-09-29T21:40:57Z INFO [161/500] 1efee0ae-4fe7-46df-9b28-ce36362871cc: valid; 4.5 s; peak memory 1642 MiB.
2026-09-29T21:40:59Z INFO [162/500] 1eff8eb1-f061-427e-8e90-e94f9b8b3fa2: valid; 1.9 s; peak memory 1642 MiB.
2026-09-29T21:41:01Z INFO [163/500] 1effd55b-f6bc-4cb2-9b36-cb9f86f8f4f1: valid; 2.0 s; peak memory 1642 MiB.
2026-09-29T21:41:02Z INFO [164/500] 1f00a1ba-4832-48eb-8df5-e2dabde04717: valid; 1.4 s; peak memory 1642 MiB.
2026-09-29T21:41:04Z INFO [165/500] 1f02cc8e-1d1b-4e06-b22a-0ef2aa63c7ed: not valid; 1.6 s; peak memory 1642 MiB.
2026-09-29T21:41:05Z INFO [166/500] 1f036d45-9acc-4c05-a9e3-a86723e161db: valid; 1.3 s; peak memory 1642 MiB.
2026-09-29T21:41:06Z INFO [167/500] 1f039aa6-1608-4597-888d-c79fcab2d500: not valid; 1.0 s; peak memory 1642 MiB.
2026-09-29T21:41:07Z INFO [168/500] 1f03c7cb-c490-4eea-8e16-da2f16ba4f56: valid; 0.9 s; peak memory 1642 MiB.
2026-09-29T21:41:09Z INFO [169/500] 1f052baa-fe9c-4a7a-ad73-e4b9eb3fa088: valid; 1.6 s; peak memory 1642 MiB.
2026-09-29T21:41:10Z INFO [170/500] 1f054523-b42f-4181-9706-72f883537d3c: valid; 0.7 s; peak memory 1642 MiB.
2026-09-29T21:41:13Z INFO [171/500] 1f054553-ed3f-4f4c-a159-c44c893f448d: not valid; 3.9 s; peak memory 1642 MiB.
2026-09-29T21:41:15Z INFO [172/500] 1f0551c2-670c-4902-a1aa-b5a05ec402c1: valid; 1.1 s; peak memory 1642 MiB.
2026-09-29T21:41:15Z INFO [173/500] 1f068960-30f4-40f2-a709-f644da287f67: not valid; 0.8 s; peak memory 1642 MiB.
2026-09-29T21:41:16Z INFO [174/500] 1f06bef1-74b5-4261-b375-f5b12e1c2841: not valid; 0.9 s; peak memory 1642 MiB.
2026-09-29T21:41:17Z INFO [175/500] 1f073a5a-fd3a-4788-9de2-45edfc962b75: valid; 1.0 s; peak memory 1642 MiB.
2026-09-29T21:41:18Z INFO [176/500] 1f0742a4-47dd-4095-be60-cf23ae8b71e0: valid; 0.9 s; peak memory 1642 MiB.
2026-09-29T21:41:19Z INFO [177/500] 1f078bcb-8849-4b03-8364-cfa26351f1a7: valid; 1.2 s; peak memory 1642 MiB.
2026-09-29T21:41:20Z INFO [178/500] 1f078ce3-9cdd-4782-861a-687304725a88: valid; 0.6 s; peak memory 1642 MiB.
2026-09-29T21:41:22Z INFO [179/500] 1f08466f-a3ef-4682-922a-1a23f5f5db36: valid; 1.5 s; peak memory 1642 MiB.
2026-09-29T21:41:23Z INFO [180/500] 1f0a58b7-305f-4bc5-812c-46d68f9d2321: not valid; 1.2 s; peak memory 1642 MiB.
2026-09-29T21:41:24Z INFO [181/500] 1f0b9e1b-a4f0-42d0-8e7f-baa66ae6566c: not valid; 1.0 s; peak memory 1642 MiB.
2026-09-29T21:41:25Z INFO [182/500] 1f0bb7ee-1980-4c3b-9bba-fbb1cf519315: valid; 0.9 s; peak memory 1642 MiB.
2026-09-29T21:41:26Z INFO [183/500] 1f0bbeeb-03bf-4ede-b19e-fc69db69e6de: valid; 1.1 s; peak memory 1642 MiB.
2026-09-29T21:41:27Z WARNING 1f0c0ba7-2104-4022-abe8-03b8ede2f941: failed while opening the NWB file (ConstructError: (root/acquisition/event_code_meanings GroupBuilder {'attributes': {'colnames': array(['value', 'meaning'], dtype=object), 'description': 'Mapping integer event codes to event labels', 'namespace': 'ndx-events', 'neurodata_type': 'MeaningsTable', 'object_id': '78d1799a-4de9-4748-92da-18e0d8c6168b'}, 'groups': {}, 'datasets': {'id': root/acquisition/event_code_meanings/id DatasetBuilder {'attributes': {'namespace': 'hdmf-common', 'neurodata_type': 'ElementIdentifiers', 'object_id': '92998cd4-9ebd-4888-8133-b3169f27ce10'}, 'data': <HDF5 dataset "id": shape (26,), type "<i8">}, 'meaning': root/acquisition/event_code_meanings/meaning DatasetBuilder {'attributes': {'description': 'The meaning of the value in the parent CategoricalVectorData object.', 'namespace': 'hdmf-experimental', 'neurodata_type': 'VectorData', 'object_id': 'bf0f6689-6ef1-45e6-90ce-a8c3c994d4d2'}, 'data': <StrDataset for HDF5 dataset "meaning": shape (26,), type "|O">}, 'value': root/acquisition/event_code_meanings/value DatasetBuilder {'attributes': {'description': 'The value of the parent CategoricalVectorData object.', 'namespace': 'hdmf-experimental', 'neurodata_type': 'VectorData', 'object_id': 'a944c636-b396-401e-813a-545fb5d1de39'}, 'data': <HDF5 dataset "value": shape (26,), type "<i8">}}, 'links': {}}, "Could not construct MeaningsTable object due to: MeaningsTable.__init__: missing argument 'target'"))
2026-09-29T21:41:28Z INFO [185/500] 1f0c7189-89ed-40c2-801f-9da96a1b98e9: valid; 1.0 s; peak memory 1642 MiB.
2026-09-29T21:41:29Z INFO [186/500] 1f0c81ae-2907-4c81-8f14-c5e41bb6b25c: not valid; 1.3 s; peak memory 1642 MiB.
2026-09-29T21:41:31Z INFO [187/500] 1f0cbc43-b217-4674-820b-141806f93a1b: valid; 1.8 s; peak memory 1642 MiB.
2026-09-29T21:41:33Z INFO [188/500] 1f0d12dd-ce02-4095-b8c6-6311b575414b: not valid; 2.3 s; peak memory 1642 MiB.
2026-09-29T21:41:37Z INFO [189/500] 1f0dd182-ec88-4713-a9dd-777db276680f: valid; 4.4 s; peak memory 1642 MiB.
2026-09-29T21:41:38Z INFO [190/500] 1f0e497f-da52-4a5a-b3ef-5176a1974395: valid; 0.6 s; peak memory 1642 MiB.
2026-09-29T21:41:39Z INFO [191/500] 1f0f9dd2-7375-4ba1-8150-15714276a23f: not valid; 0.9 s; peak memory 1642 MiB.
2026-09-29T21:41:40Z INFO [192/500] 1f1019e4-dbf4-4ba0-8890-b5e02dab24ae: not valid; 1.5 s; peak memory 1642 MiB.
2026-09-29T21:41:42Z INFO [193/500] 1f104cce-3439-4d0e-86cb-5ccf6bf99e8b: valid; 1.1 s; peak memory 1642 MiB.
2026-09-29T21:41:43Z INFO [194/500] 1f104ff9-9da6-47da-a819-7904de395e49: valid; 1.6 s; peak memory 1642 MiB.
2026-09-29T21:41:44Z WARNING 1f106f60-0403-4641-b18e-29a83908e8a3: failed while opening the NWB file (ConstructError: (root/acquisition/_iblmic_audioSpectrogram/bands GroupBuilder {'attributes': {'colnames': array(['freq'], dtype=object), 'description': 'spectogram frequencies', 'namespace': 'core', 'neurodata_type': 'FrequencyBandsTable', 'object_id': '9817ec78-11c4-488b-a3bd-bc77fd51b63d'}, 'groups': {}, 'datasets': {'freq': root/acquisition/_iblmic_audioSpectrogram/bands/freq DatasetBuilder {'attributes': {'description': 'frequency value', 'namespace': 'hdmf-common', 'neurodata_type': 'VectorData', 'object_id': 'b1aeec09-93dd-4b4b-879c-287dee18e28b'}, 'data': <HDF5 dataset "freq": shape (257,), type "<f4">}, 'id': root/acquisition/_iblmic_audioSpectrogram/bands/id DatasetBuilder {'attributes': {'namespace': 'hdmf-common', 'neurodata_type': 'ElementIdentifiers', 'object_id': '1584c476-f523-46c7-a511-5790d9c6cc9a'}, 'data': <HDF5 dataset "id": shape (257,), type "<i4">}}, 'links': {}}, "Could not construct FrequencyBandsTable object due to: column must have the same number of rows as 'id'"))
2026-09-29T21:41:46Z INFO [196/500] 1f1159db-2316-4421-8b59-0fa70672a061: not valid; 1.6 s; peak memory 1642 MiB.
2026-09-29T21:41:47Z INFO [197/500] 1f11a090-0969-4ec8-9456-35b80c7b811d: valid; 1.5 s; peak memory 1642 MiB.
2026-09-29T21:41:48Z INFO [198/500] 1f11d3fd-2789-46ab-995d-4ef7030a7119: valid; 1.2 s; peak memory 1642 MiB.
2026-09-29T21:41:56Z INFO [199/500] 1f11e677-22d8-4b0e-a29f-00d9de16cb60: valid; 7.7 s; peak memory 1645 MiB.
2026-09-29T21:41:57Z INFO [200/500] 1f11f5c5-d1a9-4e1c-a0c2-7ed042f48fe0: valid; 0.9 s; peak memory 1646 MiB.
2026-09-29T21:41:58Z INFO [200/500] 1f11f5c5-d1a9-4e1c-a0c2-7ed042f48fe0: checkpointed 85210 records.
2026-09-29T21:42:00Z INFO [201/500] 1f122014-6953-4daa-9fab-90fb99d84ced: valid; 2.0 s; peak memory 1649 MiB.
2026-09-29T21:42:00Z INFO [202/500] 1f12bc90-019e-4de5-80f4-99a752ea92c8: not valid; 0.8 s; peak memory 1649 MiB.
2026-09-29T21:42:12Z INFO [203/500] 1f12f6e6-fa9c-4316-972b-8fc2c63da918: valid; 11.4 s; peak memory 1690 MiB.
2026-09-29T21:42:13Z WARNING 1f13611d-4941-4b94-82f6-cbfa74fc0068: failed while opening the NWB file (ValueError: Cannot resolve included group spec 'electrodes' with data_type_inc 'ElectrodesTable' because a group spec with the same name already exists with data_type_inc 'DynamicTable', and data type 'DynamicTable' is not a child type of data type 'ElectrodesTable'.)
2026-09-29T21:42:13Z INFO [205/500] 1f1364f1-0c76-4bf7-bb6b-478ceffbcb3e: valid; 0.7 s; peak memory 1690 MiB.
2026-09-29T21:42:15Z INFO [206/500] 1f13a76a-8f50-4266-8188-f088fa526200: valid; 1.5 s; peak memory 1693 MiB.
2026-09-29T21:42:16Z INFO [207/500] 1f13e571-0597-4550-812e-c195864ca03b: valid; 1.1 s; peak memory 1693 MiB.
2026-09-29T21:42:17Z INFO [208/500] 1f1400a1-25a1-47cb-9bbe-b2c47a452c83: valid; 0.7 s; peak memory 1694 MiB.
2026-09-29T21:42:27Z INFO [209/500] 1f140cfc-7667-4627-a0f5-b3e0048dc009: valid; 10.0 s; peak memory 1721 MiB.
2026-09-29T21:42:28Z INFO [210/500] 1f14110e-bc96-480f-8256-3281fa182184: not valid; 0.9 s; peak memory 1721 MiB.
2026-09-29T21:42:29Z INFO [211/500] 1f1431c3-3fd5-4baf-a70e-a8653fe2b7d2: valid; 1.2 s; peak memory 1721 MiB.
2026-09-29T21:42:30Z INFO [212/500] 1f1443d0-9dca-4474-b29b-080f1c61277f: not valid; 0.9 s; peak memory 1721 MiB.
2026-09-29T21:42:32Z INFO [213/500] 1f14946b-1cbe-4d52-970d-9666d4cd49aa: valid; 2.1 s; peak memory 1721 MiB.
2026-09-29T21:42:33Z INFO [214/500] 1f15aea3-9aa1-4d6e-9000-342834ac2d49: valid; 1.0 s; peak memory 1721 MiB.
2026-09-29T21:42:34Z INFO [215/500] 1f1634ca-5fac-4f9f-9cde-e658b4a01dd2: not valid; 0.8 s; peak memory 1721 MiB.
2026-09-29T21:42:35Z INFO [216/500] 1f166033-0395-426b-9035-c8f333610c44: valid; 1.0 s; peak memory 1721 MiB.
2026-09-29T21:42:40Z INFO [217/500] 1f1676fb-a365-4fcf-af30-fc2f60a7096d: valid; 5.4 s; peak memory 1721 MiB.
2026-09-29T21:42:42Z INFO [218/500] 1f1713c2-ee52-4adc-a052-10fa157dd036: valid; 1.6 s; peak memory 1721 MiB.
2026-09-29T21:42:44Z INFO [219/500] 1f1717f9-a604-43e9-8861-a01a08b5e260: valid; 1.9 s; peak memory 1721 MiB.
2026-09-29T21:42:44Z INFO [220/500] 1f173517-89e5-4410-8e81-d652358671cf: valid; 0.7 s; peak memory 1721 MiB.
2026-09-29T21:42:45Z INFO [221/500] 1f17aa8e-4763-4480-8230-8985b2e4ae44: not valid; 1.1 s; peak memory 1721 MiB.
2026-09-29T21:42:47Z INFO [222/500] 1f180681-56f6-45a1-b849-dc0f50e895f1: valid; 1.4 s; peak memory 1721 MiB.
2026-09-29T21:42:49Z INFO [223/500] 1f185939-ab39-49fb-a44d-b28dd5fe052d: valid; 1.9 s; peak memory 1721 MiB.
2026-09-29T21:42:50Z INFO [224/500] 1f18c002-ccd9-43a0-9822-523536f8aa86: valid; 1.6 s; peak memory 1721 MiB.
2026-09-29T21:43:01Z INFO [225/500] 1f19652b-b665-4e4e-972a-40486eeb0d55: valid; 10.6 s; peak memory 1729 MiB.
2026-09-29T21:43:02Z INFO [226/500] 1f196d7b-4c8c-4d22-bc2e-d464830619a4: valid; 1.0 s; peak memory 1731 MiB.
2026-09-29T21:43:03Z INFO [227/500] 1f197211-d613-4d68-a5bf-59685b717568: valid; 1.0 s; peak memory 1732 MiB.
2026-09-29T21:43:04Z INFO [228/500] 1f19b8f6-df1a-4c19-9d62-e39ce83554e1: not valid; 1.1 s; peak memory 1734 MiB.
2026-09-29T21:43:05Z INFO [229/500] 1f1a812d-db4e-4a89-8de8-ca65356be222: valid; 0.8 s; peak memory 1735 MiB.
2026-09-29T21:43:06Z INFO [230/500] 1f1b0858-9cc4-4db9-86aa-f5e25b6901a6: valid; 1.1 s; peak memory 1737 MiB.
2026-09-29T21:43:07Z INFO [231/500] 1f1b8dbd-3fc5-4e28-ae19-ced9657f0153: valid; 1.1 s; peak memory 1738 MiB.
2026-09-29T21:43:08Z INFO [232/500] 1f1c86d7-7bc9-486a-9e15-dfd13d0d8a77: valid; 0.7 s; peak memory 1738 MiB.
2026-09-29T21:43:15Z INFO [233/500] 1f1cdc77-41fb-493c-98cd-670613e75bf5: not valid; 6.8 s; peak memory 1842 MiB.
2026-09-29T21:43:16Z INFO [234/500] 1f1d6582-c9e0-4a8d-89bd-3671b4966e6e: valid; 1.1 s; peak memory 1842 MiB.
2026-09-29T21:43:17Z INFO [235/500] 1f1d6c7f-34b6-4d37-9ddf-dcaf517e68c5: not valid; 0.9 s; peak memory 1842 MiB.
2026-09-29T21:43:17Z INFO [236/500] 1f1dc382-cb2f-4ccb-897d-ae434d6213cc: valid; 0.7 s; peak memory 1842 MiB.
2026-09-29T21:43:20Z INFO [237/500] 1f1e70bd-405c-4a73-9a39-08c21f5a4c8f: valid; 2.9 s; peak memory 1842 MiB.
2026-09-29T21:43:21Z INFO [238/500] 1f1e7443-15ce-46d0-bc39-cbd39f34a341: valid; 1.1 s; peak memory 1842 MiB.
2026-09-29T21:43:23Z INFO [239/500] 1f1eb98f-52dd-4602-a8c3-1ccf928eb179: valid; 1.2 s; peak memory 1846 MiB.
2026-09-29T21:43:24Z INFO [240/500] 1f1f95e5-9251-4314-ab69-0f7ae8c6ae66: valid; 1.0 s; peak memory 1846 MiB.
2026-09-29T21:43:24Z INFO [241/500] 1f1fade9-b502-47dc-8607-fbf4dabe1b70: valid; 0.6 s; peak memory 1846 MiB.
2026-09-29T21:43:25Z INFO [242/500] 1f1fb04a-9493-47c2-a08c-240cb08caaae: valid; 1.1 s; peak memory 1846 MiB.
2026-09-29T21:43:35Z INFO [243/500] 1f1ffddd-45ee-4d7e-8edf-88c048defc34: valid; 10.2 s; peak memory 1846 MiB.
2026-09-29T21:43:36Z INFO [244/500] 1f2040a1-6c79-4469-b266-1db1310b470e: valid; 0.8 s; peak memory 1846 MiB.
2026-09-29T21:43:41Z INFO [245/500] 1f20459b-3586-49ce-b41a-29a209cea01f: valid; 4.8 s; peak memory 1875 MiB.
2026-09-29T21:43:42Z INFO [246/500] 1f20e821-2bf8-4aed-a1df-b22dc94523b1: valid; 0.6 s; peak memory 1875 MiB.
2026-09-29T21:43:44Z INFO [247/500] 1f20ef73-d72d-444d-b975-c83391989687: valid; 2.0 s; peak memory 1878 MiB.
2026-09-29T21:43:50Z INFO [248/500] 1f210859-d143-4401-9f3b-2de624f47681: valid; 5.8 s; peak memory 1908 MiB.
2026-09-29T21:43:52Z INFO [249/500] 1f216af9-8141-4c72-9499-f26bdea6ad48: valid; 2.3 s; peak memory 1912 MiB.
2026-09-29T21:43:52Z INFO [250/500] 1f224ead-2be0-4cb8-afea-b746444ac132: valid; 0.7 s; peak memory 1913 MiB.
2026-09-29T21:43:53Z INFO [250/500] 1f224ead-2be0-4cb8-afea-b746444ac132: checkpointed 85260 records.
2026-09-29T21:43:59Z INFO [251/500] 1f227963-4faf-4fba-b389-8bf0f5808bf3: valid; 6.4 s; peak memory 1937 MiB.
2026-09-29T21:44:01Z INFO [252/500] 1f22b882-965f-4af1-8648-b223d4e9935b: valid; 1.2 s; peak memory 1947 MiB.
2026-09-29T21:44:02Z INFO [253/500] 1f23bfdd-b55d-405b-a2e4-15277d364014: valid; 1.0 s; peak memory 1956 MiB.
2026-09-29T21:44:02Z INFO [254/500] 1f23fd59-3d2f-450d-a3e3-315cd632351a: not valid; 0.7 s; peak memory 1956 MiB.
2026-09-29T21:44:04Z INFO [255/500] 1f24558d-9549-4554-a24a-90bb5111072e: not valid; 1.6 s; peak memory 1958 MiB.
2026-09-29T21:44:06Z INFO [256/500] 1f248b52-448c-4e8c-9ebe-2384d9a1f0f2: valid; 1.9 s; peak memory 1958 MiB.
2026-09-29T21:44:06Z INFO [257/500] 1f24a3c7-1086-4127-8586-7d65a9c168b4: valid; 0.6 s; peak memory 1958 MiB.
2026-09-29T21:44:07Z INFO [258/500] 1f24b760-4458-4f69-b22a-3fb729142340: valid; 0.6 s; peak memory 1958 MiB.
2026-09-29T21:44:08Z INFO [259/500] 1f25bb50-0a94-46e2-b239-da58ac3d6926: valid; 0.6 s; peak memory 1958 MiB.
2026-09-29T21:44:09Z INFO [260/500] 1f25d3f8-b600-40cd-989b-8778a1693889: valid; 1.1 s; peak memory 1958 MiB.
2026-09-29T21:44:09Z INFO [261/500] 1f26bd43-7418-41c4-b7f9-45288953e364: valid; 0.6 s; peak memory 1958 MiB.
2026-09-29T21:44:10Z INFO [262/500] 1f26f6f0-4ead-4d13-85fa-d213b196a770: not valid; 0.8 s; peak memory 1958 MiB.
2026-09-29T21:44:12Z INFO [263/500] 1f283dae-c333-422f-a913-1d53831bdbde: valid; 1.5 s; peak memory 1958 MiB.
2026-09-29T21:44:13Z INFO [264/500] 1f287143-a7ce-409a-8678-17b8c355a414: valid; 1.1 s; peak memory 1958 MiB.
2026-09-29T21:44:14Z INFO [265/500] 1f28c9c8-4963-4aec-a82f-820312862ee1: valid; 1.3 s; peak memory 1958 MiB.
2026-09-29T21:44:15Z INFO [266/500] 1f28f495-854f-48e3-aad0-80e05484d5cb: valid; 1.1 s; peak memory 1958 MiB.
2026-09-29T21:44:16Z INFO [267/500] 1f2920f6-1e50-41d5-965b-729842380062: valid; 0.6 s; peak memory 1958 MiB.
2026-09-29T21:44:16Z INFO [268/500] 1f29b445-a652-4f98-8532-98d7602315b4: not valid; 0.6 s; peak memory 1958 MiB.
2026-09-29T21:44:17Z INFO [269/500] 1f2a2557-04f1-493c-9238-2571ef6e61d4: valid; 0.6 s; peak memory 1958 MiB.
2026-09-29T21:44:17Z INFO [270/500] 1f2aa2ad-8902-4abe-bf69-3b8451077384: valid; 0.4 s; peak memory 1958 MiB.
2026-09-29T21:44:19Z INFO [271/500] 1f2ae3b3-c509-447f-8daf-03d2405f29f8: valid; 1.5 s; peak memory 1958 MiB.
2026-09-29T21:44:20Z INFO [272/500] 1f2af7ec-66db-49a0-822a-9981bd78adc7: valid; 1.4 s; peak memory 1958 MiB.
2026-09-29T21:44:22Z INFO [273/500] 1f2b1fae-ecbb-413c-a9f9-95ad5fb3ccec: valid; 1.3 s; peak memory 1958 MiB.
2026-09-29T21:44:22Z INFO [274/500] 1f2cd329-383d-4c52-8b7c-331762b82edb: not valid; 0.4 s; peak memory 1958 MiB.
2026-09-29T21:44:23Z INFO [275/500] 1f2ce6ee-a747-46c1-9edc-53b19c483d99: valid; 0.8 s; peak memory 1958 MiB.
2026-09-29T21:44:24Z INFO [276/500] 1f2d2c99-a613-44cf-8c61-17826e34b2e6: valid; 1.0 s; peak memory 1958 MiB.
2026-09-29T21:44:25Z INFO [277/500] 1f2d3e92-ce8b-4204-81a0-72ab4f4e541d: valid; 1.0 s; peak memory 1958 MiB.
2026-09-29T21:44:33Z INFO [278/500] 1f2d4edc-1f35-4914-bf94-51f546b24e00: valid; 8.4 s; peak memory 2020 MiB.
2026-09-29T21:44:51Z INFO [279/500] 1f2dd58c-1388-4916-b1f0-5413d81f71d6: valid; 17.7 s; peak memory 2369 MiB.
2026-09-29T21:44:52Z INFO [280/500] 1f2e8580-0d95-4396-8054-eb03b062e5c6: not valid; 0.7 s; peak memory 2372 MiB.
2026-09-29T21:44:53Z INFO [281/500] 1f2e8b07-a680-4480-8144-5f4f63840a63: valid; 1.0 s; peak memory 2380 MiB.
2026-09-29T21:44:56Z INFO [282/500] 1f2f740a-11eb-4103-827d-1a38db50fe1a: valid; 3.3 s; peak memory 2392 MiB.
2026-09-29T21:44:57Z INFO [283/500] 1f2f9cd0-2f8d-46c1-81bd-e8ed741663c8: valid; 1.2 s; peak memory 2398 MiB.
2026-09-29T21:45:00Z INFO [284/500] 1f301124-fd40-45c2-b7f2-41d180860bf5: valid; 3.2 s; peak memory 2408 MiB.
2026-09-29T21:45:02Z INFO [285/500] 1f3094a6-c74b-4213-8045-5573c31910cf: valid; 1.3 s; peak memory 2414 MiB.
2026-09-29T21:45:03Z INFO [286/500] 1f31f1c0-cdef-436a-9092-56dc6f5a43b6: valid; 1.0 s; peak memory 2438 MiB.
2026-09-29T21:45:03Z WARNING 1f3217bd-1389-48f9-9d23-6fc06d2f3f1f: failed while retrieving asset information from the DANDI API (NotFoundError: No asset at path 'sub-455219/sub-455219_ses-20190805T152117_behavior+ecephys+ogen.nwb' in version 0.231012.2129. Verify the path is correct and the asset exists in this version. Use 'dandi ls' to list available assets.)
2026-09-29T21:45:04Z INFO [288/500] 1f321ba3-76cf-41bf-8450-277ad70b7afe: valid; 1.1 s; peak memory 2438 MiB.
2026-09-29T21:45:09Z INFO [289/500] 1f327e3b-6249-4b89-8707-e7c91d3e3a41: not valid; 5.5 s; peak memory 2450 MiB.
2026-09-29T21:45:29Z INFO [290/500] 1f33ec3a-f39d-41ef-9c6b-184863d8c186: valid; 19.8 s; peak memory 2508 MiB.
2026-09-29T21:45:30Z INFO [291/500] 1f33f5bb-fd39-48a9-b4df-c0b2566c13ad: valid; 0.6 s; peak memory 2508 MiB.
2026-09-29T21:45:30Z INFO [292/500] 1f342861-6751-4e88-ae75-c330001c0fc3: not valid; 0.5 s; peak memory 2508 MiB.
2026-09-29T21:45:31Z INFO [293/500] 1f34c520-4113-4a92-ac05-e7063602feb4: valid; 0.5 s; peak memory 2509 MiB.
2026-09-29T21:45:31Z INFO [294/500] 1f34ec26-5cb6-40e0-9f5e-cc2082d05371: valid; 0.7 s; peak memory 2512 MiB.
2026-09-29T21:45:33Z WARNING 1f3535c5-7825-4a34-a7dc-b72ed14342bf: failed while opening the NWB file (ConstructError: (root/general/optogenetics/PatternedOptogeneticStimulusSite GroupBuilder {'attributes': {'effector': 'GUR-3/PRDX-2', 'namespace': 'ndx-patterned-ogen', 'neurodata_type': 'PatternedOptogeneticStimulusSite', 'object_id': '7f52771b-cb95-46f0-a3c3-2dbd6d72f792'}, 'groups': {}, 'datasets': {'description': root/general/optogenetics/PatternedOptogeneticStimulusSite/description DatasetBuilder {'attributes': {}, 'data': 'Scanning'}, 'excitation_lambda': root/general/optogenetics/PatternedOptogeneticStimulusSite/excitation_lambda DatasetBuilder {'attributes': {}, 'data': np.float64(850.0)}, 'location': root/general/optogenetics/PatternedOptogeneticStimulusSite/location DatasetBuilder {'attributes': {}, 'data': 'whole brain'}}, 'links': {'device': root/general/optogenetics/PatternedOptogeneticStimulusSite/device LinkBuilder {'builder': root/general/devices/OptogeneticDevice GroupBuilder {'attributes': {'description': '', 'namespace': 'core', 'neurodata_type': 'Device', 'object_id': 'b7b126ac-04dc-4fcc-80ea-2b36a14d836f'}, 'groups': {}, 'datasets': {}, 'links': {}}}, 'light_source': root/general/optogenetics/PatternedOptogeneticStimulusSite/light_source LinkBuilder {'builder': root/general/devices/AmplifiedLaser GroupBuilder {'attributes': {'description': 'For two-photon optogenetic targeting, we used an optical parametric amplifier (OPA; Light Conversion ORPHEUS) pumped by a femtosecond amplified laser (Light Conversion PHAROS).', 'filter_description': 'Short pass at 1040 nm', 'manufacturer': 'Light Conversion', 'model': 'ORPHEUS amplifier and PHAROS laser', 'namespace': 'ndx-patterned-ogen', 'neurodata_type': 'LightSource', 'object_id': 'fa337d60-10a3-4c32-9fe3-14050c9e3d77', 'peak_power_in_W': np.float64(0.0012), 'pulse_rate_in_Hz': np.float64(500000.0), 'stimulation_wavelength_in_nm': np.float64(850.0)}, 'groups': {}, 'datasets': {}, 'links': {}}}}}, "Could not construct PatternedOptogeneticStimulusSite object due to: CustomClassGenerator.set_init.<locals>.__init__: incorrect type for 'spatial_light_modulator' (got 'list', expected 'Device')"))
2026-09-29T21:45:34Z INFO [296/500] 1f35d4ed-4505-46e4-a336-cbb4700da748: valid; 1.4 s; peak memory 2516 MiB.
2026-09-29T21:45:35Z INFO [297/500] 1f35ff36-797b-487d-8d47-73b96445051d: valid; 0.4 s; peak memory 2516 MiB.
2026-09-29T21:45:35Z INFO [298/500] 1f3633ed-7edb-4dbf-835c-e83eea88b94f: not valid; 0.8 s; peak memory 2516 MiB.
2026-09-29T21:45:36Z INFO [299/500] 1f36bc8c-34dd-45e7-befc-cb0fe7d6afe1: valid; 1.0 s; peak memory 2521 MiB.
2026-09-29T21:45:39Z INFO [300/500] 1f36d54a-cf61-4e49-91f3-c70a24315d88: valid; 2.4 s; peak memory 2522 MiB.
2026-09-29T21:45:39Z INFO [300/500] 1f36d54a-cf61-4e49-91f3-c70a24315d88: checkpointed 85310 records.
2026-09-29T21:45:40Z INFO [301/500] 1f379238-0cac-4a00-bd4e-3987d45f3ff0: valid; 0.5 s; peak memory 2522 MiB.
2026-09-29T21:45:41Z INFO [302/500] 1f37d633-b6e5-4722-ba97-e505e4dfb22a: valid; 1.2 s; peak memory 2522 MiB.
2026-09-29T21:45:43Z INFO [303/500] 1f38a888-2620-4575-b540-4e83bad272b7: valid; 2.0 s; peak memory 2522 MiB.
2026-09-29T21:45:44Z INFO [304/500] 1f38df9c-ab41-42f2-8021-4c2c591a5e88: not valid; 0.8 s; peak memory 2522 MiB.
2026-09-29T21:45:53Z INFO [305/500] 1f394062-99f3-4915-a72e-c28e833c1e86: valid; 8.8 s; peak memory 2522 MiB.
2026-09-29T21:45:54Z INFO [306/500] 1f399035-ad48-4ba2-bd97-95c078256908: not valid; 1.0 s; peak memory 2522 MiB.
2026-09-29T21:45:55Z INFO [307/500] 1f3a00cf-f9c3-416d-9b40-c41e2fdd5926: valid; 1.3 s; peak memory 2522 MiB.
2026-09-29T21:45:56Z INFO [308/500] 1f3a6b21-2afb-4f89-9709-ec20e8980561: valid; 1.1 s; peak memory 2522 MiB.
2026-09-29T21:45:57Z INFO [309/500] 1f3b0c48-c3a0-4d01-bb90-8b2c75857e9f: valid; 0.7 s; peak memory 2522 MiB.
2026-09-29T21:45:58Z INFO [310/500] 1f3bb135-77f4-4095-9d74-cd00b18dbd95: valid; 1.0 s; peak memory 2522 MiB.
2026-09-29T21:46:00Z INFO [311/500] 1f3bc615-1703-4cec-bcfe-31ce971629fa: not valid; 2.5 s; peak memory 2522 MiB.
2026-09-29T21:46:02Z INFO [312/500] 1f3bd472-d10e-450b-9d0b-d8f566b93f64: valid; 1.5 s; peak memory 2522 MiB.
2026-09-29T21:46:03Z INFO [313/500] 1f3c95b5-8425-466c-9620-5a5311efe4c4: valid; 1.6 s; peak memory 2522 MiB.
2026-09-29T21:46:05Z INFO [314/500] 1f3ca37a-cc15-4c7e-b274-5a35bc433aff: valid; 1.1 s; peak memory 2522 MiB.
2026-09-29T21:46:06Z INFO [315/500] 1f3cdaa6-8564-4975-beeb-03620beb8883: not valid; 1.2 s; peak memory 2522 MiB.
2026-09-29T21:46:06Z WARNING 1f3daa56-2411-4634-99d1-c5f735cc542b: failed while retrieving asset information from the DANDI API (NotFoundError: No such Dandiset: 000561)
2026-09-29T21:46:07Z INFO [317/500] 1f3df49c-ba73-435f-80b1-75478a4b3819: valid; 1.6 s; peak memory 2522 MiB.
2026-09-29T21:46:08Z INFO [318/500] 1f3e01d2-40b0-4491-a0b6-890a996a8479: valid; 0.7 s; peak memory 2522 MiB.
2026-09-29T21:46:10Z INFO [319/500] 1f3e5046-9600-4fe2-ae06-87bfa33110a4: valid; 1.6 s; peak memory 2522 MiB.
2026-09-29T21:46:10Z INFO [320/500] 1f3e5db0-3eca-4c6a-966d-29046eac4006: valid; 0.6 s; peak memory 2522 MiB.
2026-09-29T21:46:11Z INFO [321/500] 1f3f151d-5f7a-4367-b187-54d1dd191db2: valid; 0.6 s; peak memory 2522 MiB.
2026-09-29T21:46:12Z INFO [322/500] 1f3f2005-af53-4c8e-8914-e4113d52e022: valid; 0.6 s; peak memory 2522 MiB.
2026-09-29T21:46:14Z INFO [323/500] 1f3f478c-64ff-4d17-9f6d-8c8241a366e3: valid; 2.7 s; peak memory 2522 MiB.
2026-09-29T21:46:15Z INFO [324/500] 1f3f6796-618f-45ea-9d13-7a8e34f02230: valid; 1.1 s; peak memory 2522 MiB.
2026-09-29T21:46:16Z INFO [325/500] 1f3fab72-046d-447f-b695-95abd40bc6a6: valid; 1.0 s; peak memory 2522 MiB.
2026-09-29T21:46:17Z INFO [326/500] 1f401828-8526-41fb-a7c2-963d626ea241: valid; 0.5 s; peak memory 2522 MiB.
2026-09-29T21:46:19Z INFO [327/500] 1f411806-f357-48d6-9225-799c100a6e04: valid; 1.9 s; peak memory 2522 MiB.
2026-09-29T21:46:20Z INFO [328/500] 1f414b6b-3061-4f87-8ec4-5373611eee3b: valid; 1.2 s; peak memory 2522 MiB.
2026-09-29T21:46:21Z INFO [329/500] 1f4185a3-1d5b-4b83-9dae-8264455e10b1: valid; 1.4 s; peak memory 2522 MiB.
2026-09-29T21:46:22Z INFO [330/500] 1f41bfa9-ad98-4f59-b555-25d87729d151: valid; 0.6 s; peak memory 2522 MiB.
2026-09-29T21:46:24Z INFO [331/500] 1f41d116-84a5-4745-bfba-2bb1c8b07437: valid; 2.3 s; peak memory 2522 MiB.
2026-09-29T21:46:25Z INFO [332/500] 1f41da06-191c-42c8-873e-b265744f3dd1: valid; 1.2 s; peak memory 2522 MiB.
2026-09-29T21:46:29Z INFO [333/500] 1f421d90-7ce3-4d2b-a917-5705b9e4eef0: not valid; 4.0 s; peak memory 2522 MiB.
2026-09-29T21:46:30Z INFO [334/500] 1f424788-4970-42af-8dde-aca5968b1869: not valid; 1.0 s; peak memory 2522 MiB.
2026-09-29T21:46:31Z INFO [335/500] 1f443430-a083-4f3a-9471-02f27325a566: not valid; 0.9 s; peak memory 2522 MiB.
2026-09-29T21:46:32Z INFO [336/500] 1f4463b6-f757-4020-b19e-ff16291cf1eb: valid; 0.6 s; peak memory 2522 MiB.
2026-09-29T21:46:33Z INFO [337/500] 1f446b3e-080f-4ee5-ba41-93c9603c0d7a: valid; 0.7 s; peak memory 2522 MiB.
2026-09-29T21:46:35Z INFO [338/500] 1f44bc8c-7229-4411-b82d-c742c9f448bc: not valid; 2.5 s; peak memory 2522 MiB.
2026-09-29T21:46:36Z INFO [339/500] 1f44df62-1374-4d37-b9ba-99d076227629: valid; 0.7 s; peak memory 2522 MiB.
2026-09-29T21:46:37Z INFO [340/500] 1f454b5e-2617-439c-a741-3e10ef71e736: valid; 1.1 s; peak memory 2522 MiB.
2026-09-29T21:46:38Z INFO [341/500] 1f457545-468f-4b5b-8ce7-d54c30198d83: not valid; 1.2 s; peak memory 2522 MiB.
2026-09-29T21:46:39Z WARNING 1f4620d8-fa11-4fbc-a528-617a3f6021a1: failed while opening the NWB file (ConstructError: (root/acquisition/event_code_meanings GroupBuilder {'attributes': {'colnames': array(['value', 'meaning'], dtype=object), 'description': 'Mapping integer event codes to event labels', 'namespace': 'ndx-events', 'neurodata_type': 'MeaningsTable', 'object_id': 'a3d0911a-9064-4b71-bfe7-d7b0874629de'}, 'groups': {}, 'datasets': {'id': root/acquisition/event_code_meanings/id DatasetBuilder {'attributes': {'namespace': 'hdmf-common', 'neurodata_type': 'ElementIdentifiers', 'object_id': '2d61c6a9-907e-412c-ba07-d79ea2f04eeb'}, 'data': <HDF5 dataset "id": shape (26,), type "<i8">}, 'meaning': root/acquisition/event_code_meanings/meaning DatasetBuilder {'attributes': {'description': 'The meaning of the value in the parent CategoricalVectorData object.', 'namespace': 'hdmf-experimental', 'neurodata_type': 'VectorData', 'object_id': 'e654077d-64d3-4941-9fb1-77e85c9eb18e'}, 'data': <StrDataset for HDF5 dataset "meaning": shape (26,), type "|O">}, 'value': root/acquisition/event_code_meanings/value DatasetBuilder {'attributes': {'description': 'The value of the parent CategoricalVectorData object.', 'namespace': 'hdmf-experimental', 'neurodata_type': 'VectorData', 'object_id': '527ddae1-534e-4cb3-9019-3e3c60e6f311'}, 'data': <HDF5 dataset "value": shape (26,), type "<i8">}}, 'links': {}}, "Could not construct MeaningsTable object due to: MeaningsTable.__init__: missing argument 'target'"))
2026-09-29T21:46:41Z INFO [343/500] 1f46bea7-d28f-4420-937d-7b14af5a608e: valid; 1.4 s; peak memory 2522 MiB.
2026-09-29T21:46:44Z INFO [344/500] 1f46e3d5-8557-4e8c-aa00-2e029f449ef5: valid; 3.3 s; peak memory 2522 MiB.
2026-09-29T21:46:46Z INFO [345/500] 1f472525-bec1-4476-a76b-abf4402d85f1: not valid; 2.2 s; peak memory 2522 MiB.
2026-09-29T21:46:48Z INFO [346/500] 1f47315f-0b65-4af9-8096-a2eec1d54458: valid; 1.8 s; peak memory 2522 MiB.
2026-09-29T21:46:49Z INFO [347/500] 1f474ba8-b2ce-42b0-8eef-b006e69ffd3a: valid; 1.2 s; peak memory 2522 MiB.
2026-09-29T21:46:50Z INFO [348/500] 1f47b6b5-1a0c-46b4-b9e7-b82f7875b7fd: not valid; 0.9 s; peak memory 2522 MiB.
2026-09-29T21:46:52Z INFO [349/500] 1f47fa23-e4b9-44ec-ba37-4da26cbf48d8: valid; 1.5 s; peak memory 2522 MiB.
2026-09-29T21:46:52Z INFO [350/500] 1f48601a-3a23-4b5a-9555-33f5ca9237b9: valid; 0.7 s; peak memory 2522 MiB.
2026-09-29T21:46:53Z INFO [350/500] 1f48601a-3a23-4b5a-9555-33f5ca9237b9: checkpointed 85360 records.
2026-09-29T21:46:55Z INFO [351/500] 1f489cd3-1d85-4ca9-83dd-dded89142933: valid; 2.2 s; peak memory 2522 MiB.
2026-09-29T21:46:57Z INFO [352/500] 1f48a266-2a07-4a96-a343-ac2f91bf0d88: valid; 2.2 s; peak memory 2522 MiB.
2026-09-29T21:46:58Z WARNING 1f491579-eaf9-4fda-867d-d51325c7cef6: failed while opening the NWB file (ConstructError: (root/acquisition/_iblmic_audioSpectrogram/bands GroupBuilder {'attributes': {'colnames': array(['freq'], dtype=object), 'description': 'spectogram frequencies', 'namespace': 'core', 'neurodata_type': 'FrequencyBandsTable', 'object_id': 'bde34254-4595-43ad-ba7e-9595f8ed16f7'}, 'groups': {}, 'datasets': {'freq': root/acquisition/_iblmic_audioSpectrogram/bands/freq DatasetBuilder {'attributes': {'description': 'frequency value', 'namespace': 'hdmf-common', 'neurodata_type': 'VectorData', 'object_id': 'c59d4017-31c8-41f2-bcca-43534161b461'}, 'data': <HDF5 dataset "freq": shape (257,), type "<f4">}, 'id': root/acquisition/_iblmic_audioSpectrogram/bands/id DatasetBuilder {'attributes': {'namespace': 'hdmf-common', 'neurodata_type': 'ElementIdentifiers', 'object_id': '5acfcda9-114f-4579-b051-7bad5ce3e67d'}, 'data': <HDF5 dataset "id": shape (257,), type "<i4">}}, 'links': {}}, "Could not construct FrequencyBandsTable object due to: column must have the same number of rows as 'id'"))
2026-09-29T21:47:00Z INFO [354/500] 1f491b01-56a2-4766-8cdc-09cda943f1fd: valid; 1.3 s; peak memory 2522 MiB.
2026-09-29T21:47:02Z INFO [355/500] 1f495cba-1e82-42c8-ac2a-79ca857d6d8c: not valid; 2.1 s; peak memory 2522 MiB.
2026-09-29T21:47:02Z INFO [356/500] 1f49a88a-e1f1-45e0-b74f-e62abfde7f8c: valid; 0.6 s; peak memory 2522 MiB.
2026-09-29T21:47:03Z INFO [357/500] 1f4a2aed-91ff-4364-99bd-ab8fccd23654: not valid; 0.9 s; peak memory 2522 MiB.
2026-09-29T21:47:04Z INFO [358/500] 1f4a616b-08f6-4c6d-8dcf-3ce38cbc3bf7: valid; 0.7 s; peak memory 2522 MiB.
2026-09-29T21:47:05Z INFO [359/500] 1f4aae70-2d3e-40b8-9a8c-4cee48d3f2a3: valid; 0.6 s; peak memory 2522 MiB.
2026-09-29T21:47:07Z INFO [360/500] 1f4aaf96-a621-4bf0-aa78-e1c5279931ab: valid; 2.0 s; peak memory 2522 MiB.
2026-09-29T21:47:08Z INFO [361/500] 1f4abb96-0454-48c4-a66d-d838e6cad556: not valid; 1.1 s; peak memory 2522 MiB.
2026-09-29T21:47:08Z WARNING 1f4afc31-d03c-4695-9e5c-da58233432d0: failed while retrieving asset information from the DANDI API (NotFoundError: No asset at path 'sub-784803/sub-784803_ses-behavior-784803-2025-07-02-13-41-41.nwb' in version 0.260928.2230. Verify the path is correct and the asset exists in this version. Use 'dandi ls' to list available assets.)
2026-09-29T21:47:15Z INFO [363/500] 1f4b00c4-55ab-463e-82a4-88b9f90ce5fb: valid; 7.0 s; peak memory 2522 MiB.
2026-09-29T21:47:16Z INFO [364/500] 1f4b2f63-f3df-4551-9708-1194cff1c1d2: not valid; 1.3 s; peak memory 2522 MiB.
2026-09-29T21:47:17Z INFO [365/500] 1f4b8c5a-70b3-4965-a073-51ea85b89605: not valid; 0.7 s; peak memory 2522 MiB.
2026-09-29T21:47:18Z INFO [366/500] 1f4ba14d-83ab-46f3-9274-059b5d878b5c: valid; 1.2 s; peak memory 2522 MiB.
2026-09-29T21:47:19Z INFO [367/500] 1f4c0a01-1cf2-49ff-baf0-0d719f926435: valid; 1.1 s; peak memory 2522 MiB.
2026-09-29T21:47:20Z INFO [368/500] 1f4ccbc7-12d6-4d01-83a5-cd979f91b420: valid; 0.6 s; peak memory 2522 MiB.
2026-09-29T21:47:28Z INFO [369/500] 1f4cd8dd-321b-4396-b9c1-66e550c6fb35: valid; 8.0 s; peak memory 2549 MiB.
2026-09-29T21:47:30Z INFO [370/500] 1f4db884-8a96-4c82-9d57-2e508b7741dc: valid; 2.0 s; peak memory 2554 MiB.
2026-09-29T21:47:31Z INFO [371/500] 1f4dfc96-ff83-4782-aee7-add85e32842e: valid; 1.5 s; peak memory 2556 MiB.
2026-09-29T21:47:32Z INFO [372/500] 1f4e0aff-18f2-4e2d-8908-df9272716fd5: not valid; 0.9 s; peak memory 2557 MiB.
2026-09-29T21:47:37Z INFO [373/500] 1f4e155c-1a8d-46bb-9c6b-3f858b6ed714: valid; 5.1 s; peak memory 2580 MiB.
2026-09-29T21:47:38Z INFO [374/500] 1f4e1f09-cc2f-432b-8aad-07407e9b378f: not valid; 1.1 s; peak memory 2581 MiB.
2026-09-29T21:47:39Z INFO [375/500] 1f4fe6d5-1241-44cb-bbb4-0a3872a1496f: valid; 0.8 s; peak memory 2582 MiB.
2026-09-29T21:47:43Z INFO [376/500] 1f4ff606-c526-4bc6-a788-cbd5bb479ba8: valid; 3.9 s; peak memory 2624 MiB.
2026-09-29T21:47:44Z INFO [377/500] 1f4ffa34-5571-44f5-9ee6-2fc7f29de6a8: not valid; 0.9 s; peak memory 2628 MiB.
2026-09-29T21:47:46Z INFO [378/500] 1f50343a-c43d-4edc-b6e1-39df1b59e884: valid; 1.7 s; peak memory 2636 MiB.
2026-09-29T21:47:46Z INFO [379/500] 1f508673-67e9-45cc-a6bf-b6ac50891603: not valid; 0.9 s; peak memory 2640 MiB.
2026-09-29T21:47:48Z INFO [380/500] 1f50b787-6a28-4893-b0e7-117749416a2a: valid; 1.1 s; peak memory 2650 MiB.
2026-09-29T21:47:49Z INFO [381/500] 1f51be64-919a-4873-8962-60d2bbdd7752: valid; 1.4 s; peak memory 2661 MiB.
2026-09-29T21:47:53Z INFO [382/500] 1f5255a1-ec6b-4c69-b9c2-53a2653a3a61: valid; 4.0 s; peak memory 2661 MiB.
2026-09-29T21:47:56Z INFO [383/500] 1f52a231-86c7-46d9-a7c4-db56bfcfcf49: valid; 3.1 s; peak memory 2661 MiB.
2026-09-29T21:48:03Z INFO [384/500] 1f52a3ad-ad63-45b6-8c28-3001696b1220: valid; 6.7 s; peak memory 2736 MiB.
2026-09-29T21:48:04Z INFO [385/500] 1f52e09a-47fa-4406-8333-8f747b42e8a0: valid; 1.1 s; peak memory 2736 MiB.
2026-09-29T21:48:05Z WARNING 1f52ff6b-b18a-4b48-8ffb-a79e7f5dfa8a: failed while opening the NWB file (ConstructError: (root/acquisition/_iblmic_audioSpectrogram/bands GroupBuilder {'attributes': {'colnames': array(['freq'], dtype=object), 'description': 'spectogram frequencies', 'namespace': 'core', 'neurodata_type': 'FrequencyBandsTable', 'object_id': '1059dcf2-a225-4e83-b3a7-ad895c163cc1'}, 'groups': {}, 'datasets': {'freq': root/acquisition/_iblmic_audioSpectrogram/bands/freq DatasetBuilder {'attributes': {'description': 'frequency value', 'namespace': 'hdmf-common', 'neurodata_type': 'VectorData', 'object_id': 'fad59e95-de76-4f6d-b053-231040f21d92'}, 'data': <HDF5 dataset "freq": shape (257,), type "<f4">}, 'id': root/acquisition/_iblmic_audioSpectrogram/bands/id DatasetBuilder {'attributes': {'namespace': 'hdmf-common', 'neurodata_type': 'ElementIdentifiers', 'object_id': 'b09e7a84-3c15-4c2d-9710-a8b9ac3e40bb'}, 'data': <HDF5 dataset "id": shape (257,), type "<i4">}}, 'links': {}}, "Could not construct FrequencyBandsTable object due to: column must have the same number of rows as 'id'"))
2026-09-29T21:48:07Z INFO [387/500] 1f531993-5b7d-4941-a3d1-1fd27feed793: valid; 1.5 s; peak memory 2736 MiB.
2026-09-29T21:48:07Z INFO [388/500] 1f532304-e5d1-4e41-98c4-53b5accb8047: valid; 0.7 s; peak memory 2736 MiB.
2026-09-29T21:48:14Z INFO [389/500] 1f53cd7d-03ff-49cc-b233-1d238fefc0c7: valid; 6.7 s; peak memory 2955 MiB.
2026-09-29T21:48:15Z INFO [390/500] 1f54770d-9597-43e5-bbf9-8b958de2a847: valid; 0.7 s; peak memory 2955 MiB.
2026-09-29T21:48:17Z INFO [391/500] 1f54ac23-d3d5-44be-9314-c7095cffa119: not valid; 2.3 s; peak memory 2955 MiB.
2026-09-29T21:48:18Z INFO [392/500] 1f5553fd-49f0-400f-889d-b8052990cb35: valid; 1.0 s; peak memory 2955 MiB.
2026-09-29T21:48:19Z INFO [393/500] 1f557b98-2a49-47c5-980c-63180a4c7284: not valid; 1.2 s; peak memory 2955 MiB.
2026-09-29T21:48:20Z INFO [394/500] 1f5593c5-2afa-4d52-b97b-49192d3c700d: not valid; 1.0 s; peak memory 2955 MiB.
2026-09-29T21:48:21Z INFO [395/500] 1f564294-111d-461e-961b-62149ec6729b: not valid; 1.1 s; peak memory 2955 MiB.
2026-09-29T21:48:22Z INFO [396/500] 1f56a434-0f93-4a48-9305-a78cbadaaae5: valid; 1.1 s; peak memory 2955 MiB.
2026-09-29T21:48:23Z INFO [397/500] 1f5734fa-1d0d-47fa-95bf-6eba8edfff04: valid; 0.6 s; peak memory 2955 MiB.
2026-09-29T21:48:24Z INFO [398/500] 1f57c573-74f8-4638-94cd-73ef732cccd1: valid; 0.7 s; peak memory 2955 MiB.
2026-09-29T21:48:25Z INFO [399/500] 1f583c90-1f10-43ab-89a7-488fbdb001ed: valid; 1.0 s; peak memory 2955 MiB.
2026-09-29T21:48:26Z INFO [400/500] 1f584ffa-944f-4502-969a-55d405a5f500: valid; 1.3 s; peak memory 2955 MiB.
2026-09-29T21:48:26Z INFO [400/500] 1f584ffa-944f-4502-969a-55d405a5f500: checkpointed 85410 records.
2026-09-29T21:48:27Z WARNING 1f594dda-9509-4686-b2c5-11bf76075ed4: failed while opening the NWB file (ConstructError: (root/acquisition/_iblmic_audioSpectrogram/bands GroupBuilder {'attributes': {'colnames': array(['freq'], dtype=object), 'description': 'spectogram frequencies', 'namespace': 'core', 'neurodata_type': 'FrequencyBandsTable', 'object_id': '958d27f5-d5fe-4103-8b84-0d254797d716'}, 'groups': {}, 'datasets': {'freq': root/acquisition/_iblmic_audioSpectrogram/bands/freq DatasetBuilder {'attributes': {'description': 'frequency value', 'namespace': 'hdmf-common', 'neurodata_type': 'VectorData', 'object_id': '1538347d-e86a-4049-aeb3-490336eb5f82'}, 'data': <HDF5 dataset "freq": shape (257,), type "<f4">}, 'id': root/acquisition/_iblmic_audioSpectrogram/bands/id DatasetBuilder {'attributes': {'namespace': 'hdmf-common', 'neurodata_type': 'ElementIdentifiers', 'object_id': '319f8a67-0911-4ad6-bd10-5ffa0192afd9'}, 'data': <HDF5 dataset "id": shape (257,), type "<i4">}}, 'links': {}}, "Could not construct FrequencyBandsTable object due to: column must have the same number of rows as 'id'"))
2026-09-29T21:48:28Z INFO [402/500] 1f599304-26f3-4bc9-b35f-61671519f7f9: valid; 0.9 s; peak memory 2955 MiB.
2026-09-29T21:48:29Z INFO [403/500] 1f59bd7e-d2c0-49ce-a956-3f872e7ec217: not valid; 1.1 s; peak memory 2955 MiB.
2026-09-29T21:48:30Z INFO [404/500] 1f5a163f-ed00-4a37-8398-20c3a0a114a2: valid; 0.6 s; peak memory 2955 MiB.
2026-09-29T21:48:31Z INFO [405/500] 1f5a2855-9179-46d0-8349-bf787653b7e5: valid; 0.7 s; peak memory 2955 MiB.
2026-09-29T21:48:33Z INFO [406/500] 1f5c03f8-ac4c-4b77-9db3-6a92d21de5dc: valid; 2.1 s; peak memory 2955 MiB.
2026-09-29T21:48:35Z INFO [407/500] 1f5c1db1-c47b-4352-b68f-7d452dc54d1d: valid; 2.1 s; peak memory 2955 MiB.
2026-09-29T21:48:36Z INFO [408/500] 1f5c2f95-0f6d-4167-bb95-2d9d1e6691c3: valid; 0.6 s; peak memory 2955 MiB.
2026-09-29T21:48:36Z INFO [409/500] 1f5c4a54-0852-4e6c-a87a-16a9f07019bb: not valid; 0.4 s; peak memory 2955 MiB.
2026-09-29T21:48:39Z INFO [410/500] 1f5cbc51-070c-4233-9e74-bcad4a4bd055: valid; 2.8 s; peak memory 2955 MiB.
2026-09-29T21:48:48Z INFO [411/500] 1f5d790d-d502-40e1-8879-6e90dbd36010: valid; 9.3 s; peak memory 2955 MiB.
2026-09-29T21:48:49Z INFO [412/500] 1f5e044a-8db9-4be0-af97-b90ea8993590: not valid; 1.0 s; peak memory 2955 MiB.
2026-09-29T21:48:52Z INFO [413/500] 1f5eb65f-c8d4-4407-bec6-f86f888c303b: not valid; 2.5 s; peak memory 2955 MiB.
2026-09-29T21:48:54Z INFO [414/500] 1f5f3868-343b-492b-93b7-67f2263db425: not valid; 2.2 s; peak memory 2955 MiB.
2026-09-29T21:48:57Z INFO [415/500] 1f5f4374-a8f6-46b2-9e78-544c9d43db27: valid; 2.9 s; peak memory 2955 MiB.
2026-09-29T21:49:01Z INFO [416/500] 1f5f7e16-3481-42b0-bae4-816fcc28230f: valid; 4.2 s; peak memory 2955 MiB.
2026-09-29T21:49:03Z INFO [417/500] 1f60591a-28ec-4ee2-a454-3861003dfca4: valid; 2.1 s; peak memory 2955 MiB.
2026-09-29T21:49:05Z INFO [418/500] 1f606881-fa83-41c7-8599-2e0a91eae510: valid; 2.0 s; peak memory 2955 MiB.
2026-09-29T21:49:09Z INFO [419/500] 1f608ae1-86ff-42d5-a49e-f8255d65b28d: not valid; 4.0 s; peak memory 2955 MiB.
2026-09-29T21:49:10Z INFO [420/500] 1f60e443-7069-43b5-82c4-445b1c540913: not valid; 1.2 s; peak memory 2955 MiB.
2026-09-29T21:49:10Z WARNING 1f611aa3-2dbd-4ca1-b0d7-ed81de80b821: failed while retrieving asset information from the DANDI API (NotFoundError: No asset at path 'sub-LG449/sub-LG449_ses-20250331_obj-yjozsa_ophys.nwb' in version 0.260915.2135. Verify the path is correct and the asset exists in this version. Use 'dandi ls' to list available assets.)
2026-09-29T21:49:11Z INFO [422/500] 1f619497-eb84-496d-a7f0-a5cb4a1904cb: not valid; 1.1 s; peak memory 2955 MiB.
2026-09-29T21:49:14Z INFO [423/500] 1f619fb8-28dc-46af-ba8e-5b81f78877d8: valid; 3.0 s; peak memory 2955 MiB.
2026-09-29T21:49:16Z INFO [424/500] 1f61ec51-e311-477b-85e2-9ebb230432fd: valid; 1.8 s; peak memory 2955 MiB.
2026-09-29T21:49:18Z INFO [425/500] 1f620c74-d04c-4dcb-8983-748e51f985d4: not valid; 1.4 s; peak memory 2955 MiB.
2026-09-29T21:49:18Z INFO [426/500] 1f62fff7-b5ed-45cb-8d62-c29677c118fd: valid; 0.5 s; peak memory 2955 MiB.
2026-09-29T21:49:19Z INFO [427/500] 1f63299a-313e-4ab2-a3ca-c76297928dc7: valid; 0.8 s; peak memory 2955 MiB.
2026-09-29T21:49:20Z INFO [428/500] 1f635be5-c43f-4dbc-bbd0-6abf89edba3f: valid; 1.2 s; peak memory 2955 MiB.
2026-09-29T21:49:26Z INFO [429/500] 1f639c97-8e84-45ba-b266-49a6d0e87e3c: valid; 6.0 s; peak memory 2955 MiB.
2026-09-29T21:49:27Z INFO [430/500] 1f63e554-1934-41ba-aa26-90b00646aa3d: valid; 0.8 s; peak memory 2955 MiB.
2026-09-29T21:49:28Z INFO [431/500] 1f63ee61-f43f-4166-9992-4ef1a0fe2a1c: valid; 0.8 s; peak memory 2955 MiB.
2026-09-29T21:49:29Z INFO [432/500] 1f6404a9-e6ad-48ea-a50b-b2927e136910: not valid; 1.1 s; peak memory 2957 MiB.
2026-09-29T21:49:30Z INFO [433/500] 1f64388d-2ec8-4b02-8d1d-11c1e884c6d1: valid; 1.4 s; peak memory 2965 MiB.
2026-09-29T21:49:31Z INFO [434/500] 1f651c4f-02f0-465c-9ac6-4da948f779e9: valid; 1.1 s; peak memory 2973 MiB.
2026-09-29T21:49:33Z INFO [435/500] 1f65ac95-76d1-4dd4-817b-8a9739d1a7b2: valid; 1.8 s; peak memory 2975 MiB.
2026-09-29T21:49:34Z INFO [436/500] 1f668b0a-a9bd-48e6-958a-f01dbedbf1dd: valid; 0.6 s; peak memory 2975 MiB.
2026-09-29T21:49:54Z INFO [437/500] 1f67331d-cbdb-4104-be24-5415ff77c07d: valid; 19.9 s; peak memory 2977 MiB.
2026-09-29T21:49:54Z INFO [438/500] 1f6753c4-2bab-42a2-ab90-a7ec9ab3669f: valid; 0.7 s; peak memory 2978 MiB.
2026-09-29T21:49:56Z INFO [439/500] 1f6759bf-3252-4e48-9f73-0d2afaa57d93: valid; 1.9 s; peak memory 2980 MiB.
2026-09-29T21:49:57Z INFO [440/500] 1f67c0de-d008-4b35-9971-2869a55c980b: valid; 0.6 s; peak memory 2980 MiB.
2026-09-29T21:49:58Z INFO [441/500] 1f689d5d-c688-4099-9f12-d1df86a17156: valid; 0.8 s; peak memory 2981 MiB.
2026-09-29T21:49:59Z INFO [442/500] 1f692ba5-8559-4ef8-9a17-824b12d29adf: valid; 1.7 s; peak memory 2981 MiB.
2026-09-29T21:50:00Z INFO [443/500] 1f69c93a-09d2-4003-b7dc-2043bf2aa621: valid; 0.6 s; peak memory 2981 MiB.
2026-09-29T21:50:03Z INFO [444/500] 1f69e538-cf79-44e6-9d34-3e70148741e7: valid; 3.0 s; peak memory 2985 MiB.
2026-09-29T21:50:12Z INFO [445/500] 1f6afbe5-067f-4256-9aaa-e70ed4eb787d: valid; 8.7 s; peak memory 3017 MiB.
2026-09-29T21:50:19Z INFO [446/500] 1f6ba5ff-d8f5-4725-a1ed-6a501edfa20a: not valid; 7.4 s; peak memory 3084 MiB.
2026-09-29T21:50:21Z INFO [447/500] 1f6ba77f-321d-4724-9393-7eb1418f366d: valid; 2.1 s; peak memory 3094 MiB.
2026-09-29T21:50:22Z INFO [448/500] 1f6bd30e-1f77-4d2a-9abe-ddd6837c01cd: valid; 0.6 s; peak memory 3097 MiB.
2026-09-29T21:50:24Z INFO [449/500] 1f6beca6-2e5a-42f1-9a28-5b7d0cd13411: valid; 2.1 s; peak memory 3105 MiB.
2026-09-29T21:50:26Z INFO [450/500] 1f6cbfa2-fc3d-4dbc-a588-144fdce40f16: valid; 2.4 s; peak memory 3113 MiB.
2026-09-29T21:50:27Z INFO [450/500] 1f6cbfa2-fc3d-4dbc-a588-144fdce40f16: checkpointed 85460 records.
2026-09-29T21:50:27Z INFO [451/500] 1f6cca85-4bff-4a77-93e7-e586fd729804: valid; 0.6 s; peak memory 3116 MiB.
2026-09-29T21:50:29Z INFO [452/500] 1f6decd0-9770-4f45-9521-4e760f5d6d51: valid; 1.5 s; peak memory 3118 MiB.
2026-09-29T21:50:30Z INFO [453/500] 1f6e524b-9a63-4e97-9e75-9455a5fd080a: valid; 1.1 s; peak memory 3118 MiB.
2026-09-29T21:50:31Z INFO [454/500] 1f6f0d5c-f480-4841-b79c-62817984071b: valid; 1.1 s; peak memory 3118 MiB.
2026-09-29T21:50:32Z INFO [455/500] 1f6f4c69-51ce-4dd7-8609-4b3246c29cd5: not valid; 0.9 s; peak memory 3118 MiB.
2026-09-29T21:50:35Z INFO [456/500] 1f6f59b5-c95d-45bd-8b43-833c9a1b6c60: not valid; 2.7 s; peak memory 3119 MiB.
2026-09-29T21:50:35Z INFO [457/500] 1f6f9e9d-5013-49a3-98f6-eed3e7e1ca87: valid; 0.6 s; peak memory 3119 MiB.
2026-09-29T21:50:36Z INFO [458/500] 1f704334-f256-4db3-8a85-8e162d5977bc: valid; 1.2 s; peak memory 3119 MiB.
2026-09-29T21:50:42Z INFO [459/500] 1f7077f2-1347-47a4-8b14-f6c7c45a688f: valid; 6.0 s; peak memory 3119 MiB.
2026-09-29T21:50:45Z INFO [460/500] 1f707f71-ca28-4135-bbc3-e4ad31b36675: not valid; 2.7 s; peak memory 3119 MiB.
2026-09-29T21:50:46Z INFO [461/500] 1f714c28-4e24-4d7e-ab87-9f7c68172e07: valid; 0.9 s; peak memory 3119 MiB.
2026-09-29T21:50:47Z INFO [462/500] 1f71d161-9945-4792-91af-1a9088062c8e: valid; 1.2 s; peak memory 3119 MiB.
2026-09-29T21:50:48Z INFO [463/500] 1f72cb9e-786e-46d7-85e1-bf36c7a16cc9: valid; 0.6 s; peak memory 3119 MiB.
2026-09-29T21:50:49Z WARNING 1f72ddfb-37ab-43b2-95c0-14a5ecb95eb0: failed while opening the NWB file (ConstructError: (root/acquisition/_iblmic_audioSpectrogram/bands GroupBuilder {'attributes': {'colnames': array(['freq'], dtype=object), 'description': 'spectogram frequencies', 'namespace': 'core', 'neurodata_type': 'FrequencyBandsTable', 'object_id': '3b6b3e9f-fad9-4f7f-9a3b-947aff004951'}, 'groups': {}, 'datasets': {'freq': root/acquisition/_iblmic_audioSpectrogram/bands/freq DatasetBuilder {'attributes': {'description': 'frequency value', 'namespace': 'hdmf-common', 'neurodata_type': 'VectorData', 'object_id': '1bb817cf-58e3-4e57-a582-b689d20f7327'}, 'data': <HDF5 dataset "freq": shape (257,), type "<f4">}, 'id': root/acquisition/_iblmic_audioSpectrogram/bands/id DatasetBuilder {'attributes': {'namespace': 'hdmf-common', 'neurodata_type': 'ElementIdentifiers', 'object_id': '6e236ae5-d00a-4b22-84e4-86fc536de99a'}, 'data': <HDF5 dataset "id": shape (257,), type "<i4">}}, 'links': {}}, "Could not construct FrequencyBandsTable object due to: column must have the same number of rows as 'id'"))
2026-09-29T21:50:50Z WARNING 1f7312ac-03ff-44fe-90e7-e2483fb7610b: failed while opening the NWB file (ConstructError: (root/acquisition/_iblmic_audioSpectrogram/bands GroupBuilder {'attributes': {'colnames': array(['freq'], dtype=object), 'description': 'spectogram frequencies', 'namespace': 'core', 'neurodata_type': 'FrequencyBandsTable', 'object_id': '8f0369f4-3a0d-4b84-bc01-5d856e2a38d2'}, 'groups': {}, 'datasets': {'freq': root/acquisition/_iblmic_audioSpectrogram/bands/freq DatasetBuilder {'attributes': {'description': 'frequency value', 'namespace': 'hdmf-common', 'neurodata_type': 'VectorData', 'object_id': 'f19795a4-569f-4dcc-9641-7c3ce1d1654e'}, 'data': <HDF5 dataset "freq": shape (257,), type "<f4">}, 'id': root/acquisition/_iblmic_audioSpectrogram/bands/id DatasetBuilder {'attributes': {'namespace': 'hdmf-common', 'neurodata_type': 'ElementIdentifiers', 'object_id': 'fbb1114b-8ff0-448a-a746-1f74cc4c5dd4'}, 'data': <HDF5 dataset "id": shape (257,), type "<i4">}}, 'links': {}}, "Could not construct FrequencyBandsTable object due to: column must have the same number of rows as 'id'"))
2026-09-29T21:50:51Z INFO [466/500] 1f73505b-9f34-41a7-bfa2-25e39e02201b: not valid; 1.0 s; peak memory 3119 MiB.
2026-09-29T21:50:52Z INFO [467/500] 1f73a75c-917d-4c77-859b-cc80467470f0: not valid; 0.8 s; peak memory 3119 MiB.
2026-09-29T21:50:53Z INFO [468/500] 1f74027b-d208-45aa-846c-c73dd60476a7: valid; 0.8 s; peak memory 3119 MiB.
2026-09-29T21:50:53Z INFO [469/500] 1f753061-5fbd-4d6e-9064-d5a17d87680f: valid; 0.6 s; peak memory 3119 MiB.
2026-09-29T21:50:54Z INFO [470/500] 1f75306e-87b4-4cad-a4ef-c1aa2ecfa81c: not valid; 1.2 s; peak memory 3119 MiB.
2026-09-29T21:50:57Z INFO [471/500] 1f76cb93-76fe-4214-a680-16f521db016c: valid; 2.4 s; peak memory 3119 MiB.
2026-09-29T21:50:59Z INFO [472/500] 1f770ea1-c7fb-4285-8f79-a27f9d39c24b: valid; 2.6 s; peak memory 3119 MiB.
2026-09-29T21:51:01Z INFO [473/500] 1f773003-2328-4d66-a1c9-649da44415a1: valid; 1.5 s; peak memory 3119 MiB.
2026-09-29T21:51:08Z INFO [474/500] 1f77aa38-eb82-48f1-8514-64fa2bc68a50: not valid; 6.8 s; peak memory 3134 MiB.
2026-09-29T21:51:09Z INFO [475/500] 1f78152c-caf3-44e7-96ee-cb5163202c21: valid; 0.8 s; peak memory 3137 MiB.
2026-09-29T21:51:09Z INFO [476/500] 1f78ac46-9520-4bf3-9e0d-18edbe8a243b: valid; 0.7 s; peak memory 3139 MiB.
2026-09-29T21:51:10Z INFO [477/500] 1f78ebc0-a3e2-49cc-b968-a9a9cefe02ac: valid; 0.6 s; peak memory 3142 MiB.
2026-09-29T21:51:11Z INFO [478/500] 1f790271-e965-4ba7-a3fd-3856401c9d0b: valid; 1.1 s; peak memory 3142 MiB.
2026-09-29T21:52:25Z INFO [479/500] 1f791075-0206-49b9-8694-5bfbcd1c63ca: valid; 73.7 s; peak memory 3482 MiB.
2026-09-29T21:52:28Z INFO [480/500] 1f7931ba-71b1-48ad-b3f3-09ca2257d9a4: valid; 3.7 s; peak memory 3482 MiB.
2026-09-29T21:52:30Z INFO [481/500] 1f797891-83c4-414a-b375-60a60e693743: valid; 1.2 s; peak memory 3482 MiB.
2026-09-29T21:52:31Z INFO [482/500] 1f79986e-9df1-4c7d-a7ef-4dd8e92654e3: not valid; 1.5 s; peak memory 3482 MiB.
2026-09-29T21:52:32Z INFO [483/500] 1f79bccb-5f93-4dbe-a556-5e3c41e73f8b: valid; 1.0 s; peak memory 3482 MiB.
2026-09-29T21:52:32Z WARNING 1f7a4e46-82ea-4d52-a61b-ff8de3d70853: failed while retrieving asset information from the DANDI API (NotFoundError: No asset at path 'sub-healthy-simulated-lfp/sub-healthy-simulated-lfp_ses-9793_ecephys.nwb' in version 0.250327.2220. Verify the path is correct and the asset exists in this version. Use 'dandi ls' to list available assets.)
2026-09-29T21:52:34Z INFO [485/500] 1f7a6232-10c8-4696-a047-2c83fca793d9: valid; 1.8 s; peak memory 3482 MiB.
2026-09-29T21:52:39Z INFO [486/500] 1f7aaf7f-1e89-4fab-8031-57ef637463ce: not valid; 4.8 s; peak memory 3596 MiB.
2026-09-29T21:52:40Z INFO [487/500] 1f7b94af-5430-43d8-b63e-37d434e2ce0d: valid; 0.8 s; peak memory 3596 MiB.
2026-09-29T21:52:41Z INFO [488/500] 1f7c661d-0adb-45f6-909f-51998573c503: valid; 1.7 s; peak memory 3596 MiB.
2026-09-29T21:52:42Z INFO [489/500] 1f7cd265-33bf-4a86-81a6-451990548eab: valid; 0.6 s; peak memory 3596 MiB.
2026-09-29T21:52:43Z INFO [490/500] 1f7d661b-dd80-474c-bae1-be3046bc7bc7: valid; 1.2 s; peak memory 3596 MiB.
2026-09-29T21:52:44Z INFO [491/500] 1f7e6055-dfca-437f-b08d-42d579a44dea: valid; 1.3 s; peak memory 3596 MiB.
2026-09-29T21:52:48Z INFO [492/500] 1f7ee3e0-9a8e-49e2-890d-78e2501aa2b0: valid; 3.5 s; peak memory 3609 MiB.
2026-09-29T21:52:49Z INFO [493/500] 1f7f286a-ca82-4197-b9fb-8cce0f6b9d8f: valid; 0.8 s; peak memory 3611 MiB.
2026-09-29T21:52:50Z INFO [494/500] 1f7f3c6d-13c7-4822-b020-6a37b9197d21: not valid; 1.0 s; peak memory 3613 MiB.
2026-09-29T21:52:51Z INFO [495/500] 1f7f4ba2-5866-458d-b18b-cda44b768be5: valid; 1.5 s; peak memory 3613 MiB.
2026-09-29T21:52:52Z INFO [496/500] 1f7ffae3-be35-4779-a0dc-cfbefe29bad7: valid; 1.1 s; peak memory 3617 MiB.
2026-09-29T21:52:53Z INFO [497/500] 1f801bea-d477-4938-9615-e68be1646ca6: valid; 0.5 s; peak memory 3617 MiB.
2026-09-29T21:52:54Z INFO [498/500] 1f810078-ac45-4736-8817-3dc19b73d537: valid; 1.4 s; peak memory 3617 MiB.
2026-09-29T21:52:55Z INFO [499/500] 1f81c5a3-17eb-47bc-b5c9-2b2a3fb9e08e: not valid; 0.8 s; peak memory 3617 MiB.
2026-09-29T21:52:56Z INFO [500/500] 1f8257d4-b02b-46d6-8f84-c5b74dee9f63: not valid; 1.1 s; peak memory 3617 MiB.
2026-09-29T21:52:56Z INFO [500/500] 1f8257d4-b02b-46d6-8f84-c5b74dee9f63: checkpointed 85510 records.
2026-09-29T21:52:57Z INFO Wrote 85510 records to /tmp/derivatives/content_id_to_valid_nwb_file.jsonl (478 new, 22 failed) in 17.0 min (peak memory 3617 MiB).
