2026-09-26T10:25:21Z INFO Logging to /tmp/logs/update_2026-09-26T10-25-21Z.log.
2026-09-26T10:25:21Z INFO Update content-id-to-valid-nwb-file (base directory /tmp).
2026-09-26T10:25:23Z INFO Processing 500 items (80010 already recorded).
2026-09-26T10:25:24Z INFO [1/500] 025b79c5-2030-4c64-b448-8c97a46d6890: valid; 0.8 s; peak memory 341 MiB.
2026-09-26T10:25:25Z INFO [2/500] 03a433fb-90ab-44be-b496-6589c2d06bb4: valid; 0.8 s; peak memory 344 MiB.
2026-09-26T10:25:25Z INFO [3/500] 0a6d3a29-492b-4845-9d91-92aa709d81ca: valid; 0.6 s; peak memory 347 MiB.
2026-09-26T10:25:26Z INFO [4/500] 0c766987-47c7-4791-9c3e-6ee635ac2b64: valid; 1.0 s; peak memory 348 MiB.
2026-09-26T10:25:27Z INFO [5/500] 0cf7de31-672c-4366-9f42-c97681945f40: valid; 0.5 s; peak memory 351 MiB.
2026-09-26T10:25:28Z INFO [6/500] 0d285226-e12f-4c67-ab41-848c06fbc7b8: valid; 0.8 s; peak memory 353 MiB.
2026-09-26T10:25:29Z INFO [7/500] 0f2b3e97-3fd5-4cca-b9d7-8f988c342e8a: valid; 0.8 s; peak memory 353 MiB.
2026-09-26T10:25:29Z INFO [8/500] 17265442-a5a0-4193-9ae4-f3e025656626: valid; 0.7 s; peak memory 354 MiB.
2026-09-26T10:25:31Z INFO [9/500] 1726df88-4747-4fd0-b075-3f7c784f6401: valid; 1.4 s; peak memory 357 MiB.
2026-09-26T10:25:32Z INFO [10/500] 1726f7ce-09c4-4d39-b4d3-634bee7f5f60: valid; 1.3 s; peak memory 363 MiB.
2026-09-26T10:25:33Z INFO [11/500] 1727fc6d-75da-4398-99a1-ad240946640d: valid; 0.7 s; peak memory 363 MiB.
2026-09-26T10:25:33Z INFO [12/500] 17286f8a-8fdd-4fb2-acce-c2c451ddadc2: valid; 0.6 s; peak memory 364 MiB.
2026-09-26T10:25:34Z INFO [13/500] 17290a20-3e67-4c1d-bc25-0b45e4bd338a: valid; 0.5 s; peak memory 365 MiB.
2026-09-26T10:25:36Z INFO [14/500] 1729783f-529d-4a3f-83bb-27367cbe8ac7: not valid; 2.3 s; peak memory 368 MiB.
2026-09-26T10:25:37Z INFO [15/500] 1729ab1f-84c3-41df-913a-f5c82f6406b8: not valid; 1.0 s; peak memory 371 MiB.
2026-09-26T10:25:38Z INFO [16/500] 1729deff-f342-437d-afb7-28d9ed874aac: valid; 1.3 s; peak memory 382 MiB.
2026-09-26T10:25:40Z INFO [17/500] 1729e202-d0d3-49e0-ab7a-58cac6943046: valid; 1.2 s; peak memory 387 MiB.
2026-09-26T10:25:41Z INFO [18/500] 172a6c39-bd1d-4c89-ab81-609b69b3e025: valid; 1.0 s; peak memory 389 MiB.
2026-09-26T10:25:41Z INFO [19/500] 172ac043-753a-43c8-a17d-f7488c7829f2: valid; 0.7 s; peak memory 390 MiB.
2026-09-26T10:25:42Z INFO [20/500] 172acc37-a58d-4465-8a23-1f6656965b3a: valid; 0.6 s; peak memory 391 MiB.
2026-09-26T10:25:43Z INFO [21/500] 172b6b61-a324-4b37-92bb-0559cb14b847: not valid; 1.2 s; peak memory 393 MiB.
2026-09-26T10:26:26Z INFO [22/500] 172ba2f3-da01-4ba2-a5bd-f21b3aceb99a: valid; 42.6 s; peak memory 809 MiB.
2026-09-26T10:26:27Z INFO [23/500] 172c4d66-27b6-4f5a-bef9-8dad968a65c7: valid; 1.1 s; peak memory 813 MiB.
2026-09-26T10:26:28Z INFO [24/500] 172c9a2a-ee35-4d29-9077-ead7501f47ca: valid; 1.4 s; peak memory 814 MiB.
2026-09-26T10:26:30Z INFO [25/500] 172ccb81-748c-4bfd-bba6-ce21d9eb42d4: valid; 1.9 s; peak memory 822 MiB.
2026-09-26T10:26:31Z INFO [26/500] 172ce6f1-6e72-4e15-932a-c0e3a5648971: valid; 1.2 s; peak memory 831 MiB.
2026-09-26T10:26:39Z INFO [27/500] 172ceecd-3a5f-46b1-bd77-fe478accb087: valid; 8.0 s; peak memory 948 MiB.
2026-09-26T10:26:40Z INFO [28/500] 172de3c7-0d94-4e5d-952c-de3b0178ac84: valid; 1.1 s; peak memory 955 MiB.
2026-09-26T10:26:51Z INFO [29/500] 172e369f-8474-4e16-8c96-c4326354f587: valid; 10.6 s; peak memory 995 MiB.
2026-09-26T10:26:53Z INFO [30/500] 172e600e-c068-4fb3-bcab-4e757d027d29: valid; 2.0 s; peak memory 1009 MiB.
2026-09-26T10:26:54Z INFO [31/500] 172ee144-ce7b-4a02-865c-b596b457f99f: valid; 1.4 s; peak memory 1020 MiB.
2026-09-26T10:26:56Z INFO [32/500] 172f1c4e-5741-43bf-9596-86e73c4075af: not valid; 1.2 s; peak memory 1023 MiB.
2026-09-26T10:26:58Z INFO [33/500] 172f2506-1805-4eeb-94ae-4681eedd4de9: valid; 2.6 s; peak memory 1031 MiB.
2026-09-26T10:27:01Z INFO [34/500] 172fb2de-f409-44cd-98ea-ef55c69f8c82: not valid; 2.6 s; peak memory 1031 MiB.
2026-09-26T10:27:03Z INFO [35/500] 172fcfc5-7055-4044-b8a8-7943e6edeff6: valid; 2.0 s; peak memory 1031 MiB.
2026-09-26T10:27:03Z INFO [36/500] 172fda0b-bcc2-4f71-a62c-5a0f248f4e07: valid; 0.7 s; peak memory 1031 MiB.
2026-09-26T10:27:05Z INFO [37/500] 172ffc57-8992-4013-b10b-fff16f654c02: valid; 1.6 s; peak memory 1031 MiB.
2026-09-26T10:27:06Z INFO [38/500] 172ffcc2-02d4-4cd0-94b1-7087a7aa2dd7: not valid; 0.7 s; peak memory 1031 MiB.
2026-09-26T10:27:07Z INFO [39/500] 173096b7-ae08-4a18-b239-376fe9f50b27: valid; 0.9 s; peak memory 1031 MiB.
2026-09-26T10:27:07Z INFO [40/500] 173111c6-3b06-4eff-82d3-808356ba7fb5: not valid; 0.9 s; peak memory 1031 MiB.
2026-09-26T10:27:09Z INFO [41/500] 17317ef3-195f-4ad5-9944-9376571019f2: valid; 1.9 s; peak memory 1031 MiB.
2026-09-26T10:27:10Z INFO [42/500] 1731d9eb-a003-411f-9d49-bb4fe3efc290: valid; 0.8 s; peak memory 1031 MiB.
2026-09-26T10:27:12Z INFO [43/500] 1731db14-c2cf-4f46-b2ec-b96f89aaf992: valid; 1.5 s; peak memory 1031 MiB.
2026-09-26T10:27:13Z INFO [44/500] 17324745-9786-4f63-92e4-50e77ab9d5c8: valid; 1.0 s; peak memory 1031 MiB.
2026-09-26T10:27:13Z INFO [45/500] 173340d3-1238-44b4-9af6-0e3658afd56e: not valid; 0.7 s; peak memory 1031 MiB.
2026-09-26T10:27:15Z INFO [46/500] 1733411d-95fc-48e2-ad3c-c88c4a616fdf: valid; 1.6 s; peak memory 1031 MiB.
2026-09-26T10:27:17Z INFO [47/500] 173382ad-a029-4e3e-bbc8-94db920fdf56: not valid; 2.2 s; peak memory 1031 MiB.
2026-09-26T10:27:20Z INFO [48/500] 17339942-54df-4bbe-b8b1-414961634e4d: valid; 3.2 s; peak memory 1031 MiB.
2026-09-26T10:27:21Z INFO [49/500] 1733df00-195b-4385-aea1-84f75e0f9c01: not valid; 0.8 s; peak memory 1031 MiB.
2026-09-26T10:27:23Z INFO [50/500] 17344193-29ce-49ae-9394-bacbe8e9a369: valid; 1.3 s; peak memory 1031 MiB.
2026-09-26T10:27:23Z INFO [50/500] 17344193-29ce-49ae-9394-bacbe8e9a369: checkpointed 80060 records.
2026-09-26T10:27:28Z INFO [51/500] 173444cb-2ed5-4183-b1fe-0f27619b2eac: valid; 5.3 s; peak memory 1031 MiB.
2026-09-26T10:27:30Z INFO [52/500] 1734d3dd-c6e7-4ae2-86b6-d5abb5b1a770: valid; 1.1 s; peak memory 1031 MiB.
2026-09-26T10:27:31Z INFO [53/500] 1734e4fd-5ff7-46ef-9425-e5e4204ab250: valid; 1.3 s; peak memory 1031 MiB.
2026-09-26T10:27:31Z INFO [54/500] 17353a21-fd0b-498a-844e-7ab8b2c9e9c7: valid; 0.6 s; peak memory 1031 MiB.
2026-09-26T10:27:33Z INFO [55/500] 173584ec-0dac-40e2-a40d-e4ea9ea05dc2: valid; 1.5 s; peak memory 1031 MiB.
2026-09-26T10:27:34Z INFO [56/500] 17358a6f-54f1-4c86-b6bf-489ea491804e: valid; 1.2 s; peak memory 1031 MiB.
2026-09-26T10:27:35Z INFO [57/500] 17358f1d-c00a-4664-83c0-734fc21023ad: valid; 0.6 s; peak memory 1031 MiB.
2026-09-26T10:27:35Z INFO [58/500] 1735ab16-6d27-43c2-b53a-735f64a85a00: valid; 0.6 s; peak memory 1031 MiB.
2026-09-26T10:27:37Z WARNING 1735c936-66b4-4d72-bcbd-805dff881fcc: failed while opening the NWB file (ConstructError: (root/acquisition/_iblmic_audioSpectrogram/bands GroupBuilder {'attributes': {'colnames': array(['freq'], dtype=object), 'description': 'spectogram frequencies', 'namespace': 'core', 'neurodata_type': 'FrequencyBandsTable', 'object_id': '7b594545-a2e6-4f65-8e05-d65de7b97797'}, 'groups': {}, 'datasets': {'freq': root/acquisition/_iblmic_audioSpectrogram/bands/freq DatasetBuilder {'attributes': {'description': 'frequency value', 'namespace': 'hdmf-common', 'neurodata_type': 'VectorData', 'object_id': '231702be-3892-4a12-a8ce-6c7b138bec45'}, 'data': <HDF5 dataset "freq": shape (257,), type "<f4">}, 'id': root/acquisition/_iblmic_audioSpectrogram/bands/id DatasetBuilder {'attributes': {'namespace': 'hdmf-common', 'neurodata_type': 'ElementIdentifiers', 'object_id': 'ce7a90b9-7c05-4195-bfa2-86b56c2af0de'}, 'data': <HDF5 dataset "id": shape (257,), type "<i4">}}, 'links': {}}, "Could not construct FrequencyBandsTable object due to: column must have the same number of rows as 'id'"))
2026-09-26T10:27:38Z INFO [60/500] 1735ff13-b985-4c7c-b1f8-a96bd32c1c4a: valid; 1.0 s; peak memory 1031 MiB.
2026-09-26T10:27:39Z INFO [61/500] 173635a7-89c4-418a-a457-53241f9f1be7: valid; 1.0 s; peak memory 1031 MiB.
2026-09-26T10:27:40Z INFO [62/500] 1736df89-7ea8-4fa2-9c2e-550a39853a41: not valid; 1.0 s; peak memory 1031 MiB.
2026-09-26T10:27:42Z INFO [63/500] 173738bc-35c8-451c-b9c4-ef15df1937f6: valid; 2.0 s; peak memory 1031 MiB.
2026-09-26T10:27:43Z INFO [64/500] 1737adef-5dbd-49ff-ad02-683a730ae4ea: valid; 1.1 s; peak memory 1031 MiB.
2026-09-26T10:27:44Z INFO [65/500] 1737ae8f-c394-4d73-a87d-2407b5d9b906: valid; 1.1 s; peak memory 1031 MiB.
2026-09-26T10:27:45Z INFO [66/500] 1737af60-0722-4142-8f3c-34021fb931fb: not valid; 0.9 s; peak memory 1031 MiB.
2026-09-26T10:27:46Z INFO [67/500] 1737f622-2fb7-4705-a373-3858055c24fa: valid; 0.8 s; peak memory 1031 MiB.
2026-09-26T10:28:07Z INFO [68/500] 17383719-83a5-4ef7-bdd9-cbb0f3702bb2: not valid; 21.1 s; peak memory 1031 MiB.
2026-09-26T10:28:08Z INFO [69/500] 17385c2e-dded-424f-bc26-885c1ba1804d: valid; 1.1 s; peak memory 1031 MiB.
2026-09-26T10:28:08Z INFO [70/500] 17388f70-c057-417a-91c5-7017257e499c: not valid; 0.8 s; peak memory 1031 MiB.
2026-09-26T10:28:09Z INFO [71/500] 1738d236-1f53-4cc7-a087-3f3601b367c2: valid; 1.0 s; peak memory 1031 MiB.
2026-09-26T10:28:10Z INFO [72/500] 173924d7-69fe-47e3-a2a8-cb74d48f1689: valid; 0.5 s; peak memory 1031 MiB.
2026-09-26T10:28:11Z INFO [73/500] 17398211-b316-4730-9590-92876de527e1: not valid; 1.3 s; peak memory 1031 MiB.
2026-09-26T10:28:12Z INFO [74/500] 1739c7c0-7795-44ad-ab52-c4b8f3dcb7d1: valid; 1.1 s; peak memory 1031 MiB.
2026-09-26T10:28:14Z INFO [75/500] 1739fdcf-0dc0-4abd-9a42-95e2ae549a9b: valid; 1.5 s; peak memory 1031 MiB.
2026-09-26T10:28:18Z INFO [76/500] 173ae0fc-51a0-4642-a265-28ceb7ac4c8e: not valid; 3.7 s; peak memory 1031 MiB.
2026-09-26T10:28:19Z INFO [77/500] 173b4a0d-2edd-425c-baba-6bcd5278e8cf: valid; 1.1 s; peak memory 1032 MiB.
2026-09-26T10:28:19Z INFO [78/500] 173b8857-7f73-4282-9b33-26a7d54d3030: valid; 0.5 s; peak memory 1032 MiB.
2026-09-26T10:28:21Z INFO [79/500] 173c6f93-9e8c-4d84-a484-239f3dfc2870: valid; 1.4 s; peak memory 1032 MiB.
2026-09-26T10:28:22Z WARNING 173d158b-5427-48e3-8124-d041ed825c08: failed while opening the NWB file (ConstructError: (root/acquisition/event_code_meanings GroupBuilder {'attributes': {'colnames': array(['value', 'meaning'], dtype=object), 'description': 'Mapping integer event codes to event labels', 'namespace': 'ndx-events', 'neurodata_type': 'MeaningsTable', 'object_id': '22e33c89-b880-4a78-9279-f1a806583641'}, 'groups': {}, 'datasets': {'id': root/acquisition/event_code_meanings/id DatasetBuilder {'attributes': {'namespace': 'hdmf-common', 'neurodata_type': 'ElementIdentifiers', 'object_id': '2847c44b-7a95-4027-a4a9-0d09a7f34970'}, 'data': <HDF5 dataset "id": shape (26,), type "<i8">}, 'meaning': root/acquisition/event_code_meanings/meaning DatasetBuilder {'attributes': {'description': 'The meaning of the value in the parent CategoricalVectorData object.', 'namespace': 'hdmf-experimental', 'neurodata_type': 'VectorData', 'object_id': '8b378a95-c822-4477-b388-3943acb8d5b1'}, 'data': <StrDataset for HDF5 dataset "meaning": shape (26,), type "|O">}, 'value': root/acquisition/event_code_meanings/value DatasetBuilder {'attributes': {'description': 'The value of the parent CategoricalVectorData object.', 'namespace': 'hdmf-experimental', 'neurodata_type': 'VectorData', 'object_id': '4ce28789-4922-4481-ab3d-0db5c80bc1fb'}, 'data': <HDF5 dataset "value": shape (26,), type "<i8">}}, 'links': {}}, "Could not construct MeaningsTable object due to: MeaningsTable.__init__: missing argument 'target'"))
2026-09-26T10:28:23Z WARNING 173d689e-99b8-4125-a5d4-10ee880642dc: failed while opening the NWB file (ValueError: Cannot resolve included group spec 'electrodes' with data_type_inc 'ElectrodesTable' because a group spec with the same name already exists with data_type_inc 'DynamicTable', and data type 'DynamicTable' is not a child type of data type 'ElectrodesTable'.)
2026-09-26T10:28:28Z INFO [82/500] 173d8b10-e1e7-4e17-b102-6b0cf4d35052: valid; 5.4 s; peak memory 1032 MiB.
2026-09-26T10:28:29Z INFO [83/500] 173e45ec-d063-4525-bc28-eec98b0a3ea6: valid; 1.1 s; peak memory 1032 MiB.
2026-09-26T10:28:32Z INFO [84/500] 173e659e-74cf-49f9-a081-3498204ee89f: not valid; 2.4 s; peak memory 1033 MiB.
2026-09-26T10:28:33Z INFO [85/500] 173f0232-a32a-49e5-8d86-4b27000f7fbb: not valid; 1.5 s; peak memory 1039 MiB.
2026-09-26T10:28:35Z INFO [86/500] 173f09e8-371f-4c6e-a7a5-788de1cdf61a: valid; 1.7 s; peak memory 1039 MiB.
2026-09-26T10:28:36Z WARNING 1740f0cd-5f24-41a9-94a5-3fffcf89b479: failed while opening the NWB file (ConstructError: (root/acquisition/_iblmic_audioSpectrogram/bands GroupBuilder {'attributes': {'colnames': array(['freq'], dtype=object), 'description': 'spectogram frequencies', 'namespace': 'core', 'neurodata_type': 'FrequencyBandsTable', 'object_id': '1189dd91-c6c2-410d-9ead-17b31a4a6556'}, 'groups': {}, 'datasets': {'freq': root/acquisition/_iblmic_audioSpectrogram/bands/freq DatasetBuilder {'attributes': {'description': 'frequency value', 'namespace': 'hdmf-common', 'neurodata_type': 'VectorData', 'object_id': 'd282b939-1815-46d3-ad62-d77725574e10'}, 'data': <HDF5 dataset "freq": shape (257,), type "<f4">}, 'id': root/acquisition/_iblmic_audioSpectrogram/bands/id DatasetBuilder {'attributes': {'namespace': 'hdmf-common', 'neurodata_type': 'ElementIdentifiers', 'object_id': 'f656e5ec-4705-44d5-ad8e-b94cac6b43dc'}, 'data': <HDF5 dataset "id": shape (257,), type "<i4">}}, 'links': {}}, "Could not construct FrequencyBandsTable object due to: column must have the same number of rows as 'id'"))
2026-09-26T10:28:37Z INFO [88/500] 17411fc8-c79d-475c-b9a8-7d27a616617b: valid; 1.1 s; peak memory 1040 MiB.
2026-09-26T10:28:38Z INFO [89/500] 17413abc-f7c6-4e71-aee0-becf82d43dd0: valid; 0.6 s; peak memory 1040 MiB.
2026-09-26T10:28:39Z INFO [90/500] 17418c6f-d854-4f97-8694-25cbb176ed40: valid; 1.5 s; peak memory 1040 MiB.
2026-09-26T10:28:40Z INFO [91/500] 174201fb-9867-4e1f-a3f9-1e907b10f687: not valid; 0.8 s; peak memory 1040 MiB.
2026-09-26T10:28:42Z INFO [92/500] 1742111c-6734-4b94-a7f2-cce609ff91c2: valid; 1.8 s; peak memory 1040 MiB.
2026-09-26T10:28:45Z INFO [93/500] 1742374d-394b-40c6-a670-e69860488c5e: valid; 3.0 s; peak memory 1040 MiB.
2026-09-26T10:28:45Z INFO [94/500] 174245c9-1910-4ddc-9d03-0808efd2781f: valid; 0.6 s; peak memory 1040 MiB.
2026-09-26T10:28:46Z INFO [95/500] 17426d2a-2cfb-4765-ab65-0ede727896dd: valid; 0.5 s; peak memory 1040 MiB.
2026-09-26T10:28:48Z INFO [96/500] 17429999-7087-4311-be2e-aaf855657dad: not valid; 1.9 s; peak memory 1040 MiB.
2026-09-26T10:28:49Z INFO [97/500] 174299e4-812e-4fcb-9499-ebf9f395f297: not valid; 1.2 s; peak memory 1041 MiB.
2026-09-26T10:28:49Z INFO [98/500] 17429a7a-c505-4781-9443-d9ef7ec9d4d8: valid; 0.5 s; peak memory 1041 MiB.
2026-09-26T10:29:07Z INFO [99/500] 1742c1bb-c394-4018-a0f2-69402235074d: valid; 17.8 s; peak memory 1130 MiB.
2026-09-26T10:29:08Z WARNING 1742deee-f237-4893-bbd5-e356959ccc6f: failed while opening the NWB file (ValueError: Cannot resolve included group spec 'electrodes' with data_type_inc 'ElectrodesTable' because a group spec with the same name already exists with data_type_inc 'DynamicTable', and data type 'DynamicTable' is not a child type of data type 'ElectrodesTable'.)
2026-09-26T10:29:09Z INFO [100/500] 1742deee-f237-4893-bbd5-e356959ccc6f: checkpointed 80110 records.
2026-09-26T10:29:12Z INFO [101/500] 17430620-ec87-4299-a2b0-8fee1c39e46e: not valid; 3.0 s; peak memory 1137 MiB.
2026-09-26T10:29:12Z WARNING 17431f0e-8395-4282-b66a-756c6d90bd83: failed while retrieving asset information from the DANDI API (NotFoundError: No asset at path 'sub-healthy-simulated-beta/sub-healthy-simulated-beta_ses-1745_ecephys.nwb' in version 0.250327.2220. Verify the path is correct and the asset exists in this version. Use 'dandi ls' to list available assets.)
2026-09-26T10:29:14Z INFO [103/500] 1743330d-5443-44fe-b46b-dedba702dc26: valid; 2.6 s; peak memory 1141 MiB.
2026-09-26T10:29:15Z INFO [104/500] 1743a0a0-4c99-464c-b711-f79eafa0472f: valid; 0.5 s; peak memory 1142 MiB.
2026-09-26T10:29:16Z INFO [105/500] 1743ee28-007e-4d51-8dae-4430019bca44: valid; 0.7 s; peak memory 1143 MiB.
2026-09-26T10:29:17Z INFO [106/500] 17448ffd-481a-4380-a415-2abf7e8f0590: valid; 1.5 s; peak memory 1145 MiB.
2026-09-26T10:29:19Z INFO [107/500] 1744a051-3428-41a7-a24a-199dccc44a70: valid; 1.5 s; peak memory 1146 MiB.
2026-09-26T10:29:20Z INFO [108/500] 174506ab-a9c4-4854-b3b4-4592959178f7: valid; 0.8 s; peak memory 1147 MiB.
2026-09-26T10:29:20Z INFO [109/500] 17456f5f-8db0-45e7-94fa-bae54aef1347: valid; 0.6 s; peak memory 1148 MiB.
2026-09-26T10:29:21Z INFO [110/500] 17469923-9946-4879-a32d-8c87c38571d9: valid; 1.1 s; peak memory 1154 MiB.
2026-09-26T10:29:23Z WARNING 1746c2eb-4daf-4f1c-9a4a-e3fef37c33f9: failed while opening the NWB file (ConstructError: (root/acquisition/_iblmic_audioSpectrogram/bands GroupBuilder {'attributes': {'colnames': array(['freq'], dtype=object), 'description': 'spectogram frequencies', 'namespace': 'core', 'neurodata_type': 'FrequencyBandsTable', 'object_id': '4ae2f76f-13b4-4ffa-97e4-08f066499bd9'}, 'groups': {}, 'datasets': {'freq': root/acquisition/_iblmic_audioSpectrogram/bands/freq DatasetBuilder {'attributes': {'description': 'frequency value', 'namespace': 'hdmf-common', 'neurodata_type': 'VectorData', 'object_id': 'd4adbaef-8a69-4017-93b8-5b9ef96409fd'}, 'data': <HDF5 dataset "freq": shape (257,), type "<f4">}, 'id': root/acquisition/_iblmic_audioSpectrogram/bands/id DatasetBuilder {'attributes': {'namespace': 'hdmf-common', 'neurodata_type': 'ElementIdentifiers', 'object_id': '0410c03c-61e3-4fdb-b6df-8805d7ea1bdc'}, 'data': <HDF5 dataset "id": shape (257,), type "<i4">}}, 'links': {}}, "Could not construct FrequencyBandsTable object due to: column must have the same number of rows as 'id'"))
2026-09-26T10:29:24Z INFO [112/500] 1746d035-05a3-4c26-a971-31afe742204d: valid; 1.0 s; peak memory 1155 MiB.
2026-09-26T10:29:25Z INFO [113/500] 174735ac-7ef8-49f8-9506-9fcc36015940: valid; 1.0 s; peak memory 1155 MiB.
2026-09-26T10:29:25Z INFO [114/500] 17475810-a23a-4864-8c44-aad2a71d1e8d: valid; 0.5 s; peak memory 1155 MiB.
2026-09-26T10:29:26Z WARNING 17478f14-50e6-4a0a-9b17-342b09da0eda: failed while opening the NWB file (ConstructError: (root/acquisition/event_code_meanings GroupBuilder {'attributes': {'colnames': array(['value', 'meaning'], dtype=object), 'description': 'Mapping integer event codes to event labels', 'namespace': 'ndx-events', 'neurodata_type': 'MeaningsTable', 'object_id': '65d8c059-257d-48d9-87ce-61f5d4296491'}, 'groups': {}, 'datasets': {'id': root/acquisition/event_code_meanings/id DatasetBuilder {'attributes': {'namespace': 'hdmf-common', 'neurodata_type': 'ElementIdentifiers', 'object_id': '43355e9b-0d23-464b-8d19-a051d1db892b'}, 'data': <HDF5 dataset "id": shape (26,), type "<i8">}, 'meaning': root/acquisition/event_code_meanings/meaning DatasetBuilder {'attributes': {'description': 'The meaning of the value in the parent CategoricalVectorData object.', 'namespace': 'hdmf-experimental', 'neurodata_type': 'VectorData', 'object_id': 'cd4435b5-b2e1-4187-b38a-b80100a5de35'}, 'data': <StrDataset for HDF5 dataset "meaning": shape (26,), type "|O">}, 'value': root/acquisition/event_code_meanings/value DatasetBuilder {'attributes': {'description': 'The value of the parent CategoricalVectorData object.', 'namespace': 'hdmf-experimental', 'neurodata_type': 'VectorData', 'object_id': 'c221c510-123c-4900-a65b-6c16791b057d'}, 'data': <HDF5 dataset "value": shape (26,), type "<i8">}}, 'links': {}}, "Could not construct MeaningsTable object due to: MeaningsTable.__init__: missing argument 'target'"))
2026-09-26T10:29:27Z INFO [116/500] 1747a2e1-b2f8-479a-8c4f-9464a2b22cb7: valid; 0.6 s; peak memory 1155 MiB.
2026-09-26T10:29:28Z INFO [117/500] 17490736-6323-4153-90a1-268711a68d2b: valid; 1.4 s; peak memory 1155 MiB.
2026-09-26T10:29:30Z INFO [118/500] 17491cf2-0326-4a39-ab3f-3cd5099a2cc0: valid; 2.3 s; peak memory 1155 MiB.
2026-09-26T10:29:32Z INFO [119/500] 174957c6-0923-467c-b37e-9670e33f0694: valid; 1.2 s; peak memory 1155 MiB.
2026-09-26T10:29:33Z WARNING 174a0339-f924-4ee7-87c9-a45fc6931faa: failed while opening the NWB file (ConstructError: (root/acquisition/_iblmic_audioSpectrogram/bands GroupBuilder {'attributes': {'colnames': array(['freq'], dtype=object), 'description': 'spectogram frequencies', 'namespace': 'core', 'neurodata_type': 'FrequencyBandsTable', 'object_id': 'a10f283a-1565-4f3a-9e67-b2b8212a459c'}, 'groups': {}, 'datasets': {'freq': root/acquisition/_iblmic_audioSpectrogram/bands/freq DatasetBuilder {'attributes': {'description': 'frequency value', 'namespace': 'hdmf-common', 'neurodata_type': 'VectorData', 'object_id': 'a5c5dd5c-e53e-4bb8-9d09-5a49b22dd025'}, 'data': <HDF5 dataset "freq": shape (257,), type "<f4">}, 'id': root/acquisition/_iblmic_audioSpectrogram/bands/id DatasetBuilder {'attributes': {'namespace': 'hdmf-common', 'neurodata_type': 'ElementIdentifiers', 'object_id': '830a56ee-ff1d-4d89-b702-894014f6c8b2'}, 'data': <HDF5 dataset "id": shape (257,), type "<i4">}}, 'links': {}}, "Could not construct FrequencyBandsTable object due to: column must have the same number of rows as 'id'"))
2026-09-26T10:29:34Z INFO [121/500] 174a76b1-d5ac-45f5-a83b-69fce9dc5302: valid; 1.3 s; peak memory 1155 MiB.
2026-09-26T10:29:36Z INFO [122/500] 174a8088-9edb-46df-a2de-2c5d2597e367: valid; 1.4 s; peak memory 1155 MiB.
2026-09-26T10:29:37Z INFO [123/500] 174abd3b-f56a-426e-841c-0bdb3bd6b002: valid; 1.8 s; peak memory 1155 MiB.
2026-09-26T10:29:38Z INFO [124/500] 174afe4b-0c89-4df4-9975-2a4ffbb8344a: valid; 0.4 s; peak memory 1155 MiB.
2026-09-26T10:29:39Z INFO [125/500] 174aff1d-173f-460a-9a48-480c5c9190b3: valid; 0.7 s; peak memory 1155 MiB.
2026-09-26T10:29:40Z INFO [126/500] 174b4e57-37ff-4018-b14b-0e83355ca38c: not valid; 1.7 s; peak memory 1155 MiB.
2026-09-26T10:29:42Z INFO [127/500] 174c0234-b406-47ea-a257-076d1585ff25: valid; 1.4 s; peak memory 1155 MiB.
2026-09-26T10:29:42Z INFO [128/500] 174cccef-0cd8-4a7a-b90a-c28e893e188a: valid; 0.8 s; peak memory 1155 MiB.
2026-09-26T10:29:43Z INFO [129/500] 174d4867-d96f-4328-9c56-a232ea02ca7b: valid; 0.9 s; peak memory 1155 MiB.
2026-09-26T10:29:43Z WARNING 174d9edb-e986-49fd-a903-7d39d3ed972f: failed while retrieving asset information from the DANDI API (NotFoundError: No asset at path 'sub-751769/sub-751769_ses-behavior-751769-2025-01-18-10-15-21.nwb' in version draft. Verify the path is correct and the asset exists in this version. Use 'dandi ls' to list available assets.)
2026-09-26T10:29:44Z INFO [131/500] 174dd84e-039e-4196-bcad-b514f3047a7f: valid; 1.1 s; peak memory 1155 MiB.
2026-09-26T10:29:45Z INFO [132/500] 174e2644-0526-4721-a092-d5eb00467300: valid; 0.6 s; peak memory 1155 MiB.
2026-09-26T10:29:46Z INFO [133/500] 174e4ab8-5843-40a0-af04-8d94c3d1b1a1: valid; 1.2 s; peak memory 1155 MiB.
2026-09-26T10:29:47Z INFO [134/500] 174e96bd-867e-4688-a236-3e84f68dd59c: not valid; 1.0 s; peak memory 1155 MiB.
2026-09-26T10:29:48Z INFO [135/500] 174e9c78-5c13-435b-b801-fb70528703bf: valid; 0.8 s; peak memory 1155 MiB.
2026-09-26T10:29:49Z INFO [136/500] 174ebe82-20c3-4818-ba61-5c8f69c5336a: valid; 1.1 s; peak memory 1155 MiB.
2026-09-26T10:29:50Z INFO [137/500] 174f63a5-c5f0-4b08-afa3-81fc4c96187e: valid; 0.9 s; peak memory 1155 MiB.
2026-09-26T10:29:52Z INFO [138/500] 174f7808-425e-4d21-a3ae-55016da10f55: valid; 2.2 s; peak memory 1158 MiB.
2026-09-26T10:29:55Z INFO [139/500] 174fe02d-7691-4d9c-bcb9-72eec206077d: valid; 2.7 s; peak memory 1158 MiB.
2026-09-26T10:29:55Z WARNING 17503767-0ce2-4a1c-8705-1734c7889952: failed while retrieving asset information from the DANDI API (NotFoundError: No asset at path 'sub-ZS062/sub-ZS062_ses-behavior-ZS062-2021-04-30-18-11-39.nwb' in version draft. Verify the path is correct and the asset exists in this version. Use 'dandi ls' to list available assets.)
2026-09-26T10:29:56Z INFO [141/500] 17519afe-ada3-40ca-b7d6-b77a0e87b4d1: valid; 0.6 s; peak memory 1158 MiB.
2026-09-26T10:29:57Z INFO [142/500] 1751bfbb-e10f-49e0-942b-53214a432431: not valid; 1.5 s; peak memory 1158 MiB.
2026-09-26T10:29:58Z INFO [143/500] 1751e552-d913-4758-b068-46fc3e022084: valid; 1.5 s; peak memory 1158 MiB.
2026-09-26T10:29:59Z INFO [144/500] 17527cd0-256a-408c-8d26-1bd9f4258e02: valid; 0.4 s; peak memory 1158 MiB.
2026-09-26T10:30:06Z INFO [145/500] 1752a113-1aea-467a-883e-360d1534637e: valid; 6.8 s; peak memory 1158 MiB.
2026-09-26T10:30:07Z INFO [146/500] 17531c8b-e09f-4c14-9538-6e7836e774e2: valid; 0.9 s; peak memory 1158 MiB.
2026-09-26T10:30:08Z WARNING 1753d21b-1297-4baf-861d-6d3a4056dd0c: failed while opening the NWB file (ConstructError: (root/acquisition/_iblmic_audioSpectrogram/bands GroupBuilder {'attributes': {'colnames': array(['freq'], dtype=object), 'description': 'spectogram frequencies', 'namespace': 'core', 'neurodata_type': 'FrequencyBandsTable', 'object_id': '967e1014-adaf-45f8-91c1-c57393ccc406'}, 'groups': {}, 'datasets': {'freq': root/acquisition/_iblmic_audioSpectrogram/bands/freq DatasetBuilder {'attributes': {'description': 'frequency value', 'namespace': 'hdmf-common', 'neurodata_type': 'VectorData', 'object_id': 'df116775-ae54-486a-afe0-26b870fe133c'}, 'data': <HDF5 dataset "freq": shape (257,), type "<f4">}, 'id': root/acquisition/_iblmic_audioSpectrogram/bands/id DatasetBuilder {'attributes': {'namespace': 'hdmf-common', 'neurodata_type': 'ElementIdentifiers', 'object_id': '85b2cdbf-2a03-4b08-b926-b5837b02697e'}, 'data': <HDF5 dataset "id": shape (257,), type "<i4">}}, 'links': {}}, "Could not construct FrequencyBandsTable object due to: column must have the same number of rows as 'id'"))
2026-09-26T10:30:09Z INFO [148/500] 17541a02-d7cc-424d-92e1-35944db9f35f: valid; 1.0 s; peak memory 1158 MiB.
2026-09-26T10:30:10Z INFO [149/500] 175465b1-32ef-43ee-89e8-95a6e251dd8b: valid; 1.3 s; peak memory 1158 MiB.
2026-09-26T10:30:10Z INFO [150/500] 1754b3b7-5a2d-44df-8abb-7b6705f21e65: valid; 0.5 s; peak memory 1158 MiB.
2026-09-26T10:30:11Z INFO [150/500] 1754b3b7-5a2d-44df-8abb-7b6705f21e65: checkpointed 80160 records.
2026-09-26T10:30:22Z INFO [151/500] 1754b917-b57a-4954-b9d9-4d45675c2565: valid; 10.9 s; peak memory 1158 MiB.
2026-09-26T10:30:25Z INFO [152/500] 1754c04b-393e-4c1f-8fdf-8468edf0d471: valid; 3.2 s; peak memory 1158 MiB.
2026-09-26T10:30:41Z INFO [153/500] 1755329d-ad0d-4fa2-9d2e-befddcef5878: valid; 15.9 s; peak memory 1232 MiB.
2026-09-26T10:30:42Z INFO [154/500] 17554888-9dee-4858-a8d6-e8e20385909e: valid; 0.7 s; peak memory 1236 MiB.
2026-09-26T10:30:44Z INFO [155/500] 17555eb3-a487-4925-8212-afd1a785c1be: valid; 2.4 s; peak memory 1238 MiB.
2026-09-26T10:30:46Z INFO [156/500] 17562f12-864d-4098-a42b-fbd02d405607: valid; 1.5 s; peak memory 1238 MiB.
2026-09-26T10:30:47Z INFO [157/500] 17564ab3-fc55-4c9a-9eca-1cfe412fef06: valid; 1.0 s; peak memory 1238 MiB.
2026-09-26T10:30:48Z INFO [158/500] 1757b058-dd1b-49e0-a40a-87e29c95798c: valid; 1.4 s; peak memory 1240 MiB.
2026-09-26T10:30:49Z INFO [159/500] 1757d268-13f6-419d-aaec-c7aab7d3c46c: valid; 1.3 s; peak memory 1242 MiB.
2026-09-26T10:30:52Z INFO [160/500] 1757fcd7-ccc7-46d4-a2df-a7de1c841bb5: valid; 2.6 s; peak memory 1245 MiB.
2026-09-26T10:30:53Z INFO [161/500] 1758e77c-d612-422c-a799-f35ac518ef6f: valid; 1.3 s; peak memory 1247 MiB.
2026-09-26T10:31:00Z INFO [162/500] 175982f5-2112-4367-b36b-0c75e961dbee: valid; 7.0 s; peak memory 1430 MiB.
2026-09-26T10:31:01Z INFO [163/500] 1759a385-a27f-41dd-b142-caec0e4d6853: valid; 0.6 s; peak memory 1430 MiB.
2026-09-26T10:31:07Z INFO [164/500] 1759aac4-6cce-4c76-9ace-fe0d6263ae14: valid; 5.8 s; peak memory 1430 MiB.
2026-09-26T10:31:14Z INFO [165/500] 1759b6ca-7f21-4f35-822f-ebbfa84f5810: valid; 7.4 s; peak memory 1430 MiB.
2026-09-26T10:31:15Z INFO [166/500] 175a8c75-4dc4-4d5d-8b3b-91e39fee896b: valid; 1.0 s; peak memory 1430 MiB.
2026-09-26T10:31:17Z INFO [167/500] 175b2dad-be0a-4f0a-a132-b246e7685aad: valid; 1.9 s; peak memory 1430 MiB.
2026-09-26T10:31:18Z INFO [168/500] 175b3df1-c3ce-4927-97cc-a3c638123b72: valid; 1.2 s; peak memory 1430 MiB.
2026-09-26T10:31:19Z INFO [169/500] 175b924a-1ba3-4b79-b5ec-7819929bc346: valid; 1.2 s; peak memory 1430 MiB.
2026-09-26T10:31:21Z INFO [170/500] 175c8695-cfb8-4267-991d-3a20b0f9b0c9: valid; 1.2 s; peak memory 1430 MiB.
2026-09-26T10:31:22Z INFO [171/500] 175ca259-439b-438e-a4de-dbd176ac2ad5: valid; 1.5 s; peak memory 1430 MiB.
2026-09-26T10:31:23Z INFO [172/500] 175caf5f-be42-4086-bc8e-b188ab601097: valid; 0.6 s; peak memory 1430 MiB.
2026-09-26T10:31:24Z INFO [173/500] 175cfd4d-5077-4aea-aa1d-2f1ca0315bf7: not valid; 1.0 s; peak memory 1430 MiB.
2026-09-26T10:31:24Z INFO [174/500] 175d049a-b523-4ee8-b653-e6cf0465153f: valid; 0.7 s; peak memory 1430 MiB.
2026-09-26T10:31:26Z WARNING 175d7266-d41b-4275-9168-356b20a52c1c: failed while opening the NWB file (ConstructError: (root/acquisition/_iblmic_audioSpectrogram/bands GroupBuilder {'attributes': {'colnames': array(['freq'], dtype=object), 'description': 'spectogram frequencies', 'namespace': 'core', 'neurodata_type': 'FrequencyBandsTable', 'object_id': '4f1a55b3-6f62-4e6c-ae95-6f25e930b622'}, 'groups': {}, 'datasets': {'freq': root/acquisition/_iblmic_audioSpectrogram/bands/freq DatasetBuilder {'attributes': {'description': 'frequency value', 'namespace': 'hdmf-common', 'neurodata_type': 'VectorData', 'object_id': '5bf9ef2a-eb80-4c01-b109-fcccb2bb4841'}, 'data': <HDF5 dataset "freq": shape (257,), type "<f4">}, 'id': root/acquisition/_iblmic_audioSpectrogram/bands/id DatasetBuilder {'attributes': {'namespace': 'hdmf-common', 'neurodata_type': 'ElementIdentifiers', 'object_id': '363bbdfb-1d18-443d-a6e5-f66ccd7e31eb'}, 'data': <HDF5 dataset "id": shape (257,), type "<i4">}}, 'links': {}}, "Could not construct FrequencyBandsTable object due to: column must have the same number of rows as 'id'"))
2026-09-26T10:31:30Z INFO [176/500] 175df33a-84df-44ba-89ef-854184eee503: not valid; 4.6 s; peak memory 1430 MiB.
2026-09-26T10:31:32Z INFO [177/500] 175df589-1ea4-4aa5-9180-b0df305fe7bb: valid; 2.3 s; peak memory 1430 MiB.
2026-09-26T10:31:34Z INFO [178/500] 175e7e2c-f6e2-4618-bcf3-c68581b5b13d: valid; 1.1 s; peak memory 1430 MiB.
2026-09-26T10:31:37Z INFO [179/500] 175e8731-2543-45df-b6a9-97e77feda718: valid; 3.9 s; peak memory 1430 MiB.
2026-09-26T10:31:38Z INFO [180/500] 175ed717-e5e5-470b-9b59-e969d2d84335: valid; 0.4 s; peak memory 1430 MiB.
2026-09-26T10:31:42Z INFO [181/500] 175f0876-7c47-4cd2-bd5c-9e6cd4e2ca2a: valid; 4.3 s; peak memory 1430 MiB.
2026-09-26T10:31:44Z INFO [182/500] 175f22db-c219-4667-8c26-bded68d5c13d: valid; 2.0 s; peak memory 1430 MiB.
2026-09-26T10:31:45Z INFO [183/500] 175f374d-ea9e-4e03-8bdf-4a84d17181ca: valid; 0.4 s; peak memory 1430 MiB.
2026-09-26T10:31:50Z INFO [184/500] 175f8208-4482-4910-9e3c-6ef1e6aca07b: valid; 5.7 s; peak memory 1430 MiB.
2026-09-26T10:31:51Z INFO [185/500] 1761636c-1b99-4d27-8a03-57351bff3cef: valid; 0.6 s; peak memory 1430 MiB.
2026-09-26T10:31:52Z INFO [186/500] 1761b89a-eb99-4888-b339-a270aaec1802: not valid; 0.8 s; peak memory 1430 MiB.
2026-09-26T10:31:52Z INFO [187/500] 1761e0de-2194-4982-a1c2-ff1a3f678224: valid; 0.6 s; peak memory 1430 MiB.
2026-09-26T10:31:57Z INFO [188/500] 17622f60-43b3-4255-b374-9a33cd33bbb3: valid; 4.3 s; peak memory 1461 MiB.
2026-09-26T10:31:57Z INFO [189/500] 176239ab-c97e-40c1-ba16-8069f692e532: not valid; 0.7 s; peak memory 1461 MiB.
2026-09-26T10:31:58Z INFO [190/500] 1762a692-9277-4fb0-b579-9f8dab3899e3: valid; 0.8 s; peak memory 1462 MiB.
2026-09-26T10:32:03Z INFO [191/500] 176324a3-6a79-44f0-a069-059aa9df9aa3: valid; 4.3 s; peak memory 1470 MiB.
2026-09-26T10:32:04Z INFO [192/500] 1763d30e-1b3a-45d3-a0fc-15d83b03c242: valid; 1.7 s; peak memory 1474 MiB.
2026-09-26T10:32:09Z INFO [193/500] 176487cd-2202-40c0-a792-77155657088c: valid; 4.5 s; peak memory 1481 MiB.
2026-09-26T10:32:09Z INFO [194/500] 1765021c-6035-4154-b448-8e9d64aab579: valid; 0.4 s; peak memory 1481 MiB.
2026-09-26T10:32:10Z INFO [195/500] 176512a9-7306-48f5-9a05-afabeb867f53: not valid; 0.8 s; peak memory 1481 MiB.
2026-09-26T10:32:11Z INFO [196/500] 17652a82-f9f8-4523-b0a1-dac27b494d01: valid; 0.6 s; peak memory 1481 MiB.
2026-09-26T10:32:13Z INFO [197/500] 17654cec-4dc5-4e81-975d-304f1a8ff7e2: valid; 2.5 s; peak memory 1481 MiB.
2026-09-26T10:32:15Z INFO [198/500] 17657de4-da99-4816-b2ad-a3e763b0a0d9: valid; 1.6 s; peak memory 1481 MiB.
2026-09-26T10:32:16Z INFO [199/500] 17663eef-3cff-43e8-ac5a-ad2a010f6569: valid; 1.1 s; peak memory 1481 MiB.
2026-09-26T10:32:16Z INFO [200/500] 176678bd-da74-4357-9d5a-f2310a6e169d: valid; 0.6 s; peak memory 1481 MiB.
2026-09-26T10:32:17Z INFO [200/500] 176678bd-da74-4357-9d5a-f2310a6e169d: checkpointed 80210 records.
2026-09-26T10:32:25Z INFO [201/500] 17671def-c778-4d5a-be06-2b29871a4c98: valid; 7.8 s; peak memory 1615 MiB.
2026-09-26T10:32:26Z WARNING 1767cb23-9ea6-43fe-8ca7-63d416f392c6: failed while opening the NWB file (ConstructError: (root/acquisition/event_code_meanings GroupBuilder {'attributes': {'colnames': array(['value', 'meaning'], dtype=object), 'description': 'Mapping integer event codes to event labels', 'namespace': 'ndx-events', 'neurodata_type': 'MeaningsTable', 'object_id': '042efa32-3810-49de-a613-38b5df6928f3'}, 'groups': {}, 'datasets': {'id': root/acquisition/event_code_meanings/id DatasetBuilder {'attributes': {'namespace': 'hdmf-common', 'neurodata_type': 'ElementIdentifiers', 'object_id': '1617abae-e3e8-4a21-a3aa-5dd49733864c'}, 'data': <HDF5 dataset "id": shape (26,), type "<i8">}, 'meaning': root/acquisition/event_code_meanings/meaning DatasetBuilder {'attributes': {'description': 'The meaning of the value in the parent CategoricalVectorData object.', 'namespace': 'hdmf-experimental', 'neurodata_type': 'VectorData', 'object_id': '7b0c5cd2-ee9f-4c4b-baec-78ccc8138828'}, 'data': <StrDataset for HDF5 dataset "meaning": shape (26,), type "|O">}, 'value': root/acquisition/event_code_meanings/value DatasetBuilder {'attributes': {'description': 'The value of the parent CategoricalVectorData object.', 'namespace': 'hdmf-experimental', 'neurodata_type': 'VectorData', 'object_id': '2745247c-cf31-4c75-a910-85e36a993670'}, 'data': <HDF5 dataset "value": shape (26,), type "<i8">}}, 'links': {}}, "Could not construct MeaningsTable object due to: MeaningsTable.__init__: missing argument 'target'"))
2026-09-26T10:32:27Z INFO [203/500] 1768952a-5a89-4975-9513-14fef4d32e5b: valid; 1.6 s; peak memory 1615 MiB.
2026-09-26T10:32:29Z INFO [204/500] 1768e430-8c7d-4994-98a7-09bb72819ac6: valid; 1.2 s; peak memory 1615 MiB.
2026-09-26T10:32:30Z INFO [205/500] 17690fb6-89df-4eaf-9c8d-a6412aa6267c: valid; 1.5 s; peak memory 1615 MiB.
2026-09-26T10:32:31Z INFO [206/500] 176911a1-dd7b-4fdd-b1ec-449d585044a0: not valid; 1.1 s; peak memory 1615 MiB.
2026-09-26T10:32:32Z INFO [207/500] 176969f1-3efa-4127-accb-adeca12d6165: valid; 0.6 s; peak memory 1615 MiB.
2026-09-26T10:32:36Z INFO [208/500] 17699963-e94f-4134-b867-15b516a7aff4: valid; 4.1 s; peak memory 1654 MiB.
2026-09-26T10:32:37Z INFO [209/500] 176a12f4-cb9c-4cc8-8ac8-b06db068bdfb: not valid; 0.7 s; peak memory 1654 MiB.
2026-09-26T10:32:38Z INFO [210/500] 176a1a67-e4e7-43cd-afe4-fb9ac47d0aad: not valid; 1.5 s; peak memory 1656 MiB.
2026-09-26T10:32:39Z INFO [211/500] 176a4169-3f41-4c64-a801-f6ce090c6940: valid; 0.7 s; peak memory 1656 MiB.
2026-09-26T10:32:41Z INFO [212/500] 176ac97f-71c0-43de-9f4b-a64c3c66c658: valid; 2.0 s; peak memory 1663 MiB.
2026-09-26T10:32:43Z INFO [213/500] 176b13e6-37ac-4bc2-9035-64531e8e8aef: valid; 2.1 s; peak memory 1666 MiB.
2026-09-26T10:32:44Z INFO [214/500] 176b5466-5310-4ade-81c8-d4cb72852b6b: valid; 0.6 s; peak memory 1666 MiB.
2026-09-26T10:32:45Z INFO [215/500] 176b584c-be42-4ce2-98e9-89830806f3e1: valid; 1.2 s; peak memory 1666 MiB.
2026-09-26T10:32:45Z INFO [216/500] 176bbbf4-f5c5-4c84-8fd0-d7cd108faa72: valid; 0.6 s; peak memory 1666 MiB.
2026-09-26T10:32:46Z INFO [217/500] 176bc9ca-876b-44e7-b6fa-f083f07c1058: valid; 0.6 s; peak memory 1666 MiB.
2026-09-26T10:32:48Z INFO [218/500] 176c0b52-d34f-4545-badc-9c4db071a32f: valid; 2.2 s; peak memory 1666 MiB.
2026-09-26T10:33:04Z INFO [219/500] 176c4111-9a62-4de3-9003-0303080072d6: valid; 16.3 s; peak memory 1832 MiB.
2026-09-26T10:33:05Z INFO [220/500] 176c5877-bfb4-457d-bedb-6a14c4fd6af3: valid; 0.9 s; peak memory 1833 MiB.
2026-09-26T10:33:06Z INFO [221/500] 176d25f3-2117-4ebf-8729-bd9135e7a45a: valid; 0.8 s; peak memory 1837 MiB.
2026-09-26T10:33:07Z INFO [222/500] 176d671a-7263-4cca-a802-107469f1cb3f: valid; 1.0 s; peak memory 1840 MiB.
2026-09-26T10:33:08Z INFO [223/500] 176d8ee5-0e11-4c0d-a737-fc7f3772166d: not valid; 1.1 s; peak memory 1845 MiB.
2026-09-26T10:33:09Z INFO [224/500] 176e4780-b9e8-4ba8-b8a1-dd5ab82cbc69: valid; 1.0 s; peak memory 1856 MiB.
2026-09-26T10:33:10Z INFO [225/500] 176edfbc-a791-47ea-bd37-d19560d02423: valid; 0.6 s; peak memory 1858 MiB.
2026-09-26T10:33:11Z INFO [226/500] 176ef890-88f0-41d1-85ff-a51252fc1e71: valid; 1.2 s; peak memory 1868 MiB.
2026-09-26T10:33:12Z INFO [227/500] 176f0136-11d3-416f-ba90-0c6a0e63659b: not valid; 1.0 s; peak memory 1879 MiB.
2026-09-26T10:33:13Z WARNING 17700c39-d1ab-4908-a6fc-2cb908eccb2a: failed while opening the NWB file (ConstructError: (root/acquisition/_iblmic_audioSpectrogram/bands GroupBuilder {'attributes': {'colnames': array(['freq'], dtype=object), 'description': 'spectogram frequencies', 'namespace': 'core', 'neurodata_type': 'FrequencyBandsTable', 'object_id': '40a38117-da26-4938-a845-02f74eadd9b1'}, 'groups': {}, 'datasets': {'freq': root/acquisition/_iblmic_audioSpectrogram/bands/freq DatasetBuilder {'attributes': {'description': 'frequency value', 'namespace': 'hdmf-common', 'neurodata_type': 'VectorData', 'object_id': '78b5b83e-1e2b-4213-8d32-577cc597d450'}, 'data': <HDF5 dataset "freq": shape (257,), type "<f4">}, 'id': root/acquisition/_iblmic_audioSpectrogram/bands/id DatasetBuilder {'attributes': {'namespace': 'hdmf-common', 'neurodata_type': 'ElementIdentifiers', 'object_id': '773a5ffc-4ba7-4336-9460-63b43edc6380'}, 'data': <HDF5 dataset "id": shape (257,), type "<i4">}}, 'links': {}}, "Could not construct FrequencyBandsTable object due to: column must have the same number of rows as 'id'"))
2026-09-26T10:33:16Z INFO [229/500] 17702ecd-a722-4639-a672-1a7d66ff564a: valid; 2.8 s; peak memory 1897 MiB.
2026-09-26T10:33:19Z INFO [230/500] 17702f42-0b01-4971-a0d7-51eadb7681c7: valid; 3.0 s; peak memory 1909 MiB.
2026-09-26T10:33:20Z INFO [231/500] 17703948-c2de-4133-a16d-78fc88e167ec: valid; 0.9 s; peak memory 1909 MiB.
2026-09-26T10:33:21Z INFO [232/500] 17703a6f-05cd-4db3-a229-106098459c58: valid; 1.1 s; peak memory 1909 MiB.
2026-09-26T10:33:26Z INFO [233/500] 17703f76-1989-4643-8011-ce50dbf5bca4: valid; 5.2 s; peak memory 1909 MiB.
2026-09-26T10:33:27Z INFO [234/500] 17704cfd-e58d-4570-bf94-11f828b6ecfc: valid; 1.1 s; peak memory 1909 MiB.
2026-09-26T10:33:28Z INFO [235/500] 177141e8-62c5-4d92-900d-1bfacdfc8daa: not valid; 0.7 s; peak memory 1909 MiB.
2026-09-26T10:33:29Z INFO [236/500] 17718ef7-4bd2-4384-ad2d-2d3bdb72f88b: valid; 1.3 s; peak memory 1911 MiB.
2026-09-26T10:33:30Z INFO [237/500] 1771ff2f-777a-4694-97b5-26dda565f771: valid; 1.1 s; peak memory 1913 MiB.
2026-09-26T10:33:31Z INFO [238/500] 17722154-f63d-4a35-a4db-4d49e2bda26a: valid; 0.6 s; peak memory 1914 MiB.
2026-09-26T10:33:31Z INFO [239/500] 1772968a-03b7-4c9e-9bd2-61c0e4235c64: valid; 0.5 s; peak memory 1915 MiB.
2026-09-26T10:33:33Z INFO [240/500] 177375c0-5e77-4bb0-bf9f-bfb53febb21a: not valid; 1.9 s; peak memory 1920 MiB.
2026-09-26T10:33:36Z INFO [241/500] 1773b210-6336-4c96-a985-a0fd762ea209: valid; 2.5 s; peak memory 1924 MiB.
2026-09-26T10:33:37Z INFO [242/500] 17741f5c-bcc9-4cbe-be18-b308b5f016a0: not valid; 0.9 s; peak memory 1925 MiB.
2026-09-26T10:33:37Z INFO [243/500] 17747a4a-1b67-48fd-919f-983c0f98fa96: valid; 0.7 s; peak memory 1925 MiB.
2026-09-26T10:33:38Z INFO [244/500] 1774998a-9a88-4050-bb27-3c7ad2bb12fa: valid; 0.5 s; peak memory 1925 MiB.
2026-09-26T10:33:39Z INFO [245/500] 17750d2c-914d-450b-84ba-28989d0f134b: valid; 0.7 s; peak memory 1925 MiB.
2026-09-26T10:33:45Z INFO [246/500] 1775445e-c121-4eac-b54b-16de1af42003: valid; 6.8 s; peak memory 1964 MiB.
2026-09-26T10:33:47Z INFO [247/500] 1776188c-42ae-498f-823b-18691ef0cd30: valid; 1.6 s; peak memory 1967 MiB.
2026-09-26T10:34:03Z INFO [248/500] 17763943-6084-4187-8fb8-17adeb832764: valid; 15.7 s; peak memory 2002 MiB.
2026-09-26T10:34:05Z INFO [249/500] 1776513a-faed-4f4f-88ad-565bcc03c7c4: valid; 2.6 s; peak memory 2006 MiB.
2026-09-26T10:34:06Z INFO [250/500] 1776c0df-94b0-42af-91c8-bd0948caf4f7: not valid; 0.8 s; peak memory 2006 MiB.
2026-09-26T10:34:07Z INFO [250/500] 1776c0df-94b0-42af-91c8-bd0948caf4f7: checkpointed 80260 records.
2026-09-26T10:34:07Z INFO [251/500] 1776f4f9-d480-4ee0-9eda-95d0bce514f9: valid; 0.7 s; peak memory 2007 MiB.
2026-09-26T10:34:09Z INFO [252/500] 1777a367-d0be-44c9-ab8f-33a4504c9e91: not valid; 1.1 s; peak memory 2007 MiB.
2026-09-26T10:34:10Z INFO [253/500] 1777b328-15ee-4c6d-8e7a-36838a2c3a85: not valid; 1.0 s; peak memory 2007 MiB.
2026-09-26T10:34:11Z INFO [254/500] 1777b6c7-cb44-4ac1-97ad-655e6e10d22f: valid; 1.2 s; peak memory 2007 MiB.
2026-09-26T10:34:14Z INFO [255/500] 17782de7-8455-4fcb-9420-5dbc4ea7d2b2: valid; 2.8 s; peak memory 2007 MiB.
2026-09-26T10:34:15Z INFO [256/500] 17785d3e-8ed7-4db2-9f28-588364e65a2b: valid; 1.5 s; peak memory 2007 MiB.
2026-09-26T10:34:16Z INFO [257/500] 17788298-b53f-46ae-a7a2-5cb06820f528: valid; 1.1 s; peak memory 2007 MiB.
2026-09-26T10:34:18Z INFO [258/500] 177894b3-95d7-4394-8fe5-dc88ac2c54fd: valid; 2.1 s; peak memory 2007 MiB.
2026-09-26T10:34:19Z INFO [259/500] 1778c79e-d7e5-4391-98f0-b563a49f0a86: valid; 0.7 s; peak memory 2007 MiB.
2026-09-26T10:34:21Z INFO [260/500] 1778e498-44f5-405b-9118-c8e42ab3b075: valid; 1.9 s; peak memory 2007 MiB.
2026-09-26T10:34:22Z INFO [261/500] 17791f3f-c0e6-4f33-8d7b-1c9ac0a60f77: valid; 0.6 s; peak memory 2007 MiB.
2026-09-26T10:34:23Z INFO [262/500] 17796791-96e0-4ba1-a137-1eeb0a58933a: valid; 2.0 s; peak memory 2007 MiB.
2026-09-26T10:34:26Z INFO [263/500] 1779cafc-5492-49a5-aba7-f952ee8a0de4: not valid; 2.5 s; peak memory 2007 MiB.
2026-09-26T10:34:27Z INFO [264/500] 177a3b63-147d-4a95-bd3f-82d3ca278cba: not valid; 1.1 s; peak memory 2007 MiB.
2026-09-26T10:34:28Z INFO [265/500] 177aa4f3-0e46-40f8-9d0e-db1872edd7c3: valid; 0.8 s; peak memory 2007 MiB.
2026-09-26T10:34:29Z INFO [266/500] 177b1bb7-4182-41a3-88a7-96cd968f5b2f: valid; 1.6 s; peak memory 2010 MiB.
2026-09-26T10:34:30Z INFO [267/500] 177bda24-065b-41bb-afca-d4684d651a23: valid; 0.8 s; peak memory 2010 MiB.
2026-09-26T10:34:31Z INFO [268/500] 177c3cbd-b746-4083-b918-282683c4615c: valid; 0.6 s; peak memory 2010 MiB.
2026-09-26T10:34:37Z INFO [269/500] 177c5855-9243-4768-b10d-7fe8873faf42: valid; 5.9 s; peak memory 2010 MiB.
2026-09-26T10:34:37Z INFO [270/500] 177c6d96-23b9-49af-8fa8-db704aecc95d: valid; 0.7 s; peak memory 2010 MiB.
2026-09-26T10:34:39Z WARNING 177cbad6-dc02-459b-be6d-eb05b496c4aa: failed while opening the NWB file (ConstructError: (root/acquisition/_iblmic_audioSpectrogram/bands GroupBuilder {'attributes': {'colnames': array(['freq'], dtype=object), 'description': 'spectogram frequencies', 'namespace': 'core', 'neurodata_type': 'FrequencyBandsTable', 'object_id': 'fa184835-b6f5-4376-b18f-a991670b3acb'}, 'groups': {}, 'datasets': {'freq': root/acquisition/_iblmic_audioSpectrogram/bands/freq DatasetBuilder {'attributes': {'description': 'frequency value', 'namespace': 'hdmf-common', 'neurodata_type': 'VectorData', 'object_id': 'e94c4eac-a24a-412c-b4cc-0536a74fcded'}, 'data': <HDF5 dataset "freq": shape (257,), type "<f4">}, 'id': root/acquisition/_iblmic_audioSpectrogram/bands/id DatasetBuilder {'attributes': {'namespace': 'hdmf-common', 'neurodata_type': 'ElementIdentifiers', 'object_id': '8bdd906f-a866-437a-9a4e-5e7e7bc08c0d'}, 'data': <HDF5 dataset "id": shape (257,), type "<i4">}}, 'links': {}}, "Could not construct FrequencyBandsTable object due to: column must have the same number of rows as 'id'"))
2026-09-26T10:34:39Z INFO [272/500] 177d0fd4-8ea7-4eb3-88df-4619f68d066f: not valid; 0.7 s; peak memory 2010 MiB.
2026-09-26T10:34:46Z INFO [273/500] 177d4947-e4d2-4847-9d83-285b36fff615: valid; 6.5 s; peak memory 2035 MiB.
2026-09-26T10:34:48Z INFO [274/500] 177d874c-a242-4348-913e-430651d86329: valid; 1.8 s; peak memory 2045 MiB.
2026-09-26T10:34:50Z INFO [275/500] 177deb08-17b6-4850-bcd2-6f8c57edd74d: valid; 2.2 s; peak memory 2047 MiB.
2026-09-26T10:34:56Z INFO [276/500] 177debb8-c0f1-408b-a4ab-f8f24a5173ba: valid; 6.4 s; peak memory 2047 MiB.
2026-09-26T10:34:57Z INFO [277/500] 177e0dee-d5f7-4741-98e9-e8b039684098: valid; 0.7 s; peak memory 2047 MiB.
2026-09-26T10:34:58Z INFO [278/500] 177f2774-dd96-431b-87bb-6a004da41254: not valid; 1.2 s; peak memory 2047 MiB.
2026-09-26T10:35:00Z INFO [279/500] 177f2bea-1c5b-488a-ad05-8cca8560d1c6: valid; 1.9 s; peak memory 2047 MiB.
2026-09-26T10:35:03Z INFO [280/500] 177f7b74-5962-4e5e-9da7-d1eb85768bc0: valid; 3.4 s; peak memory 2047 MiB.
2026-09-26T10:35:16Z INFO [281/500] 177fc3a1-4676-452e-84c2-631c2c670cf0: valid; 12.9 s; peak memory 2162 MiB.
2026-09-26T10:35:18Z INFO [282/500] 177fff86-b327-470b-8891-fb72067db502: valid; 1.2 s; peak memory 2162 MiB.
2026-09-26T10:35:20Z INFO [283/500] 17806a2e-ffa3-46a9-b019-e25ca0e90a46: valid; 2.0 s; peak memory 2162 MiB.
2026-09-26T10:35:20Z INFO [284/500] 17808437-15f2-40ce-ac68-219336eb3c30: valid; 0.7 s; peak memory 2162 MiB.
2026-09-26T10:35:21Z INFO [285/500] 1780b6a3-f6dd-4055-923c-de7e1dfd878a: valid; 0.6 s; peak memory 2162 MiB.
2026-09-26T10:35:22Z INFO [286/500] 178120f2-35ce-44e5-af31-ada54664257b: valid; 1.6 s; peak memory 2162 MiB.
2026-09-26T10:35:23Z INFO [287/500] 178123bb-57f6-47f3-961d-e7db7c3b41b3: valid; 0.6 s; peak memory 2162 MiB.
2026-09-26T10:35:24Z INFO [288/500] 178161e0-161c-4f1d-ae8b-8d171fd0d51f: valid; 0.6 s; peak memory 2162 MiB.
2026-09-26T10:35:24Z INFO [289/500] 1781a24c-316c-44ba-a6fe-a7cb3f303a62: valid; 0.6 s; peak memory 2162 MiB.
2026-09-26T10:35:25Z INFO [290/500] 17820fec-461a-43aa-b5d7-997c05429b1d: not valid; 1.1 s; peak memory 2162 MiB.
2026-09-26T10:35:27Z INFO [291/500] 1782281c-507e-4f1d-a376-c805f9157276: valid; 1.5 s; peak memory 2162 MiB.
2026-09-26T10:35:29Z INFO [292/500] 17822e59-af8e-4939-aa7c-5bb1398d7e7f: valid; 2.0 s; peak memory 2162 MiB.
2026-09-26T10:35:31Z INFO [293/500] 17834fdc-e3c7-4fc4-9b9a-1f591a91ddd3: valid; 1.8 s; peak memory 2162 MiB.
2026-09-26T10:35:31Z INFO [294/500] 17836602-d780-4bb4-96f8-9ec830de2c07: valid; 0.6 s; peak memory 2162 MiB.
2026-09-26T10:35:32Z INFO [295/500] 1783a291-2378-4f4f-9425-9dd80aca1e70: valid; 0.7 s; peak memory 2162 MiB.
2026-09-26T10:35:33Z INFO [296/500] 1783aa00-5801-4268-9db1-34ce10ce337d: not valid; 0.7 s; peak memory 2162 MiB.
2026-09-26T10:35:33Z INFO [297/500] 1783bbca-89a1-47b5-be5b-ddf464685b08: valid; 0.6 s; peak memory 2162 MiB.
2026-09-26T10:35:33Z WARNING 1784e837-eab9-4c41-bf94-c6f8264f2287: failed while retrieving asset information from the DANDI API (NotFoundError: No asset at path 'sub-healthy-simulated-lfp/sub-healthy-simulated-lfp_ses-5547_ecephys.nwb' in version 0.250327.2220. Verify the path is correct and the asset exists in this version. Use 'dandi ls' to list available assets.)
2026-09-26T10:35:37Z INFO [299/500] 1786396f-010b-4693-9064-58c35cac8dd1: valid; 4.0 s; peak memory 2162 MiB.
2026-09-26T10:35:38Z INFO [300/500] 1786616f-47d6-4910-958e-4cf39154c18b: not valid; 1.2 s; peak memory 2162 MiB.
2026-09-26T10:35:39Z INFO [300/500] 1786616f-47d6-4910-958e-4cf39154c18b: checkpointed 80310 records.
2026-09-26T10:35:40Z INFO [301/500] 1786c97e-179a-4123-b2fa-932b46f90ec7: not valid; 1.1 s; peak memory 2162 MiB.
2026-09-26T10:35:41Z INFO [302/500] 1786dc66-56e8-4276-ac92-aae57efc1339: not valid; 1.1 s; peak memory 2162 MiB.
2026-09-26T10:35:42Z INFO [303/500] 1786f16c-f6f3-4bc6-9ff1-6efe70ebadca: valid; 1.2 s; peak memory 2162 MiB.
2026-09-26T10:35:43Z INFO [304/500] 17875b5f-0738-4179-924f-a9b593135f8f: valid; 1.0 s; peak memory 2162 MiB.
2026-09-26T10:35:45Z INFO [305/500] 1787907b-a0f8-4760-a0d4-2726b0145620: valid; 1.8 s; peak memory 2162 MiB.
2026-09-26T10:35:47Z INFO [306/500] 178795ac-dfba-4cba-988a-17d10c07704c: valid; 2.1 s; peak memory 2162 MiB.
2026-09-26T10:35:48Z INFO [307/500] 17880911-057a-4208-a4f1-746247146b73: valid; 0.7 s; peak memory 2162 MiB.
2026-09-26T10:35:48Z INFO [308/500] 17885915-15c9-4d23-99df-9f62b37fd078: valid; 0.6 s; peak memory 2162 MiB.
2026-09-26T10:35:49Z INFO [309/500] 1788c538-b37c-4fc9-a421-757949296e7c: valid; 1.0 s; peak memory 2162 MiB.
2026-09-26T10:35:51Z INFO [310/500] 1788d6ba-bc3d-46f7-88e5-62dbe1e66949: valid; 1.4 s; peak memory 2162 MiB.
2026-09-26T10:35:51Z INFO [311/500] 178972e6-94c2-44f9-b024-5dc867225775: valid; 0.4 s; peak memory 2162 MiB.
2026-09-26T10:35:55Z INFO [312/500] 178998b8-ccbf-49da-a21e-4fe60b1b3c24: not valid; 3.4 s; peak memory 2162 MiB.
2026-09-26T10:35:56Z INFO [313/500] 1789f489-db7e-4de7-8fb7-a0f2ef37729f: valid; 1.1 s; peak memory 2162 MiB.
2026-09-26T10:35:57Z INFO [314/500] 178a0eb5-b6e7-4143-910f-f1ed034ecc57: valid; 0.8 s; peak memory 2162 MiB.
2026-09-26T10:35:58Z INFO [315/500] 178ab2d2-5c3d-4241-8ff3-7a7304b4fdb7: not valid; 1.2 s; peak memory 2162 MiB.
2026-09-26T10:36:00Z INFO [316/500] 178c00d5-4dfe-461f-8cd1-d44daeb26f43: valid; 2.0 s; peak memory 2162 MiB.
2026-09-26T10:36:01Z INFO [317/500] 178c0f52-1401-4232-9b4a-75ad6748eb78: valid; 1.1 s; peak memory 2162 MiB.
2026-09-26T10:36:02Z INFO [318/500] 178c5b33-6e7d-47b4-bc20-82e514f6c1a3: valid; 1.1 s; peak memory 2162 MiB.
2026-09-26T10:36:03Z WARNING 178cae16-c71c-4342-866d-98401d753b7e: failed while opening the NWB file (ConstructError: (root/acquisition/_iblmic_audioSpectrogram/bands GroupBuilder {'attributes': {'colnames': array(['freq'], dtype=object), 'description': 'spectogram frequencies', 'namespace': 'core', 'neurodata_type': 'FrequencyBandsTable', 'object_id': '4b9abfca-5dee-41e9-8974-9a5bbe6f8eac'}, 'groups': {}, 'datasets': {'freq': root/acquisition/_iblmic_audioSpectrogram/bands/freq DatasetBuilder {'attributes': {'description': 'frequency value', 'namespace': 'hdmf-common', 'neurodata_type': 'VectorData', 'object_id': '7e872bed-a41b-45cf-b903-24ad8dfb9372'}, 'data': <HDF5 dataset "freq": shape (257,), type "<f4">}, 'id': root/acquisition/_iblmic_audioSpectrogram/bands/id DatasetBuilder {'attributes': {'namespace': 'hdmf-common', 'neurodata_type': 'ElementIdentifiers', 'object_id': 'd88d7b7d-e11d-4b9a-9563-534b32b0b512'}, 'data': <HDF5 dataset "id": shape (257,), type "<i4">}}, 'links': {}}, "Could not construct FrequencyBandsTable object due to: column must have the same number of rows as 'id'"))
2026-09-26T10:36:04Z INFO [320/500] 178d3723-2471-40f3-9ccb-c07c8b321f29: valid; 0.5 s; peak memory 2162 MiB.
2026-09-26T10:36:05Z WARNING 178d6a40-645f-415a-b2ae-2870f130c306: failed while opening the NWB file (ConstructError: (root/acquisition/_iblmic_audioSpectrogram/bands GroupBuilder {'attributes': {'colnames': array(['freq'], dtype=object), 'description': 'spectogram frequencies', 'namespace': 'core', 'neurodata_type': 'FrequencyBandsTable', 'object_id': 'c98369db-361c-40e0-a0b1-55a94b864aef'}, 'groups': {}, 'datasets': {'freq': root/acquisition/_iblmic_audioSpectrogram/bands/freq DatasetBuilder {'attributes': {'description': 'frequency value', 'namespace': 'hdmf-common', 'neurodata_type': 'VectorData', 'object_id': '80cca7d4-7e0e-4ef8-a3be-9927fd901952'}, 'data': <HDF5 dataset "freq": shape (257,), type "<f4">}, 'id': root/acquisition/_iblmic_audioSpectrogram/bands/id DatasetBuilder {'attributes': {'namespace': 'hdmf-common', 'neurodata_type': 'ElementIdentifiers', 'object_id': '263aa645-097b-4d82-b3a9-f9619b5c2402'}, 'data': <HDF5 dataset "id": shape (257,), type "<i4">}}, 'links': {}}, "Could not construct FrequencyBandsTable object due to: column must have the same number of rows as 'id'"))
2026-09-26T10:36:06Z INFO [322/500] 178dc2d0-0c0c-40eb-aa6a-d44231aa16a3: valid; 0.8 s; peak memory 2162 MiB.
2026-09-26T10:36:07Z INFO [323/500] 178dce3e-7caa-49d1-9fde-85f0306abe83: valid; 1.1 s; peak memory 2162 MiB.
2026-09-26T10:36:07Z INFO [324/500] 178e2765-4aa3-4aa8-a948-569cab4473bb: valid; 0.6 s; peak memory 2162 MiB.
2026-09-26T10:36:09Z WARNING 178e4b9b-d52d-4764-9aa9-82d79266da15: failed while opening the NWB file (ConstructError: (root/acquisition/_iblmic_audioSpectrogram/bands GroupBuilder {'attributes': {'colnames': array(['freq'], dtype=object), 'description': 'spectogram frequencies', 'namespace': 'core', 'neurodata_type': 'FrequencyBandsTable', 'object_id': 'a242dfab-38ff-448e-be9f-b7b8450cb09a'}, 'groups': {}, 'datasets': {'freq': root/acquisition/_iblmic_audioSpectrogram/bands/freq DatasetBuilder {'attributes': {'description': 'frequency value', 'namespace': 'hdmf-common', 'neurodata_type': 'VectorData', 'object_id': 'a7f114aa-fcd0-4695-a390-869a32a0986c'}, 'data': <HDF5 dataset "freq": shape (257,), type "<f4">}, 'id': root/acquisition/_iblmic_audioSpectrogram/bands/id DatasetBuilder {'attributes': {'namespace': 'hdmf-common', 'neurodata_type': 'ElementIdentifiers', 'object_id': '63b99be7-b7ae-4e63-a7e8-be0a3480473e'}, 'data': <HDF5 dataset "id": shape (257,), type "<i4">}}, 'links': {}}, "Could not construct FrequencyBandsTable object due to: column must have the same number of rows as 'id'"))
2026-09-26T10:36:13Z INFO [326/500] 178eb95e-683b-4f6c-ae86-ba8d997ef134: valid; 4.9 s; peak memory 2162 MiB.
2026-09-26T10:36:14Z INFO [327/500] 178fecdd-a3c7-4840-80ed-84a575c254e9: not valid; 0.8 s; peak memory 2162 MiB.
2026-09-26T10:36:19Z INFO [328/500] 17910083-79e3-4518-a8e6-78ac4e906598: valid; 4.6 s; peak memory 2162 MiB.
2026-09-26T10:36:20Z INFO [329/500] 17910ec5-0a38-44f0-84f4-6b86b19eaa62: valid; 1.3 s; peak memory 2162 MiB.
2026-09-26T10:36:20Z INFO [330/500] 1791d689-9db1-4d75-af5b-95a18de7d0ea: valid; 0.4 s; peak memory 2162 MiB.
2026-09-26T10:36:34Z INFO [331/500] 17928a11-baa5-4240-909d-a203d526be8a: not valid; 13.8 s; peak memory 2213 MiB.
2026-09-26T10:36:37Z INFO [332/500] 1792ef81-4e05-4fcb-bd24-a7f4384c233b: valid; 2.5 s; peak memory 2213 MiB.
2026-09-26T10:36:37Z INFO [333/500] 1793174e-338e-4bcb-891e-e511f7c668dc: valid; 0.6 s; peak memory 2213 MiB.
2026-09-26T10:36:39Z INFO [334/500] 1793ec42-923e-4404-9141-55d54664d53d: valid; 1.2 s; peak memory 2214 MiB.
2026-09-26T10:36:41Z INFO [335/500] 17947ee5-e819-45d9-b989-77e8cdf38989: not valid; 2.0 s; peak memory 2218 MiB.
2026-09-26T10:36:42Z INFO [336/500] 17956f7d-4f7e-4a37-8c64-cc7392f67051: valid; 1.5 s; peak memory 2225 MiB.
2026-09-26T10:36:42Z INFO [337/500] 179642e9-4030-413f-bfeb-418c14a04df7: valid; 0.4 s; peak memory 2225 MiB.
2026-09-26T10:36:44Z INFO [338/500] 17969f89-0075-4ca2-873b-55c34e108ffe: valid; 1.2 s; peak memory 2231 MiB.
2026-09-26T10:36:44Z INFO [339/500] 17977283-7e1a-4e42-b590-15706726047f: valid; 0.6 s; peak memory 2233 MiB.
2026-09-26T10:36:47Z INFO [340/500] 17979c97-2875-4e70-a775-7a370ead3184: valid; 2.5 s; peak memory 2238 MiB.
2026-09-26T10:36:48Z INFO [341/500] 1797cda5-8a20-4cb4-8a14-2db734aa6f5b: valid; 0.8 s; peak memory 2238 MiB.
2026-09-26T10:36:49Z INFO [342/500] 1797e2f3-b19c-4d87-b672-d9b72d94be6c: valid; 1.2 s; peak memory 2244 MiB.
2026-09-26T10:36:49Z INFO [343/500] 17980157-75e1-40e6-94d1-fed01e59442d: valid; 0.6 s; peak memory 2247 MiB.
2026-09-26T10:36:50Z INFO [344/500] 17991ad0-d93a-4da6-ab3a-7f1ac9f10566: valid; 0.7 s; peak memory 2253 MiB.
2026-09-26T10:36:51Z INFO [345/500] 17993bd5-13e9-4d9c-ab7e-54165935ad7a: valid; 0.7 s; peak memory 2254 MiB.
2026-09-26T10:36:52Z INFO [346/500] 179954eb-71e0-4d1a-8601-a0480149600f: valid; 1.2 s; peak memory 2255 MiB.
2026-09-26T10:36:53Z INFO [347/500] 179a9749-f5fa-488a-b679-2dbe74731657: valid; 1.1 s; peak memory 2256 MiB.
2026-09-26T10:36:55Z INFO [348/500] 179aa07d-33af-4f7d-a53a-b948d24a8595: valid; 1.4 s; peak memory 2293 MiB.
2026-09-26T10:36:56Z INFO [349/500] 179ae96b-a10c-4336-a546-c0b3508b6a9e: valid; 1.3 s; peak memory 2293 MiB.
2026-09-26T10:36:57Z INFO [350/500] 179b6eb4-a194-4713-9593-cacc99c6cffa: valid; 1.2 s; peak memory 2293 MiB.
2026-09-26T10:36:58Z INFO [350/500] 179b6eb4-a194-4713-9593-cacc99c6cffa: checkpointed 80360 records.
2026-09-26T10:36:58Z INFO [351/500] 179b92f6-291a-4bff-87cb-cff73e5fd44b: valid; 0.6 s; peak memory 2295 MiB.
2026-09-26T10:37:01Z INFO [352/500] 179b9986-69f6-4b4a-9c02-181cf240d029: valid; 2.8 s; peak memory 2295 MiB.
2026-09-26T10:37:02Z INFO [353/500] 179baa0e-7a4f-4166-9a0d-41dd792d89d4: valid; 0.9 s; peak memory 2295 MiB.
2026-09-26T10:37:04Z INFO [354/500] 179bdd7d-99b5-4a5b-946f-9a174b56d361: valid; 1.7 s; peak memory 2297 MiB.
2026-09-26T10:37:08Z INFO [355/500] 179c0a92-a999-414a-bfc0-7a4a3138ba05: valid; 4.7 s; peak memory 2306 MiB.
2026-09-26T10:37:08Z WARNING 179d0ef6-3447-44d2-b475-9abceb71914f: failed while retrieving asset information from the DANDI API (NotFoundError: No such Dandiset: 000948)
2026-09-26T10:37:10Z INFO [357/500] 179d1208-e00b-45ad-a947-896d4eb71958: valid; 2.0 s; peak memory 2308 MiB.
2026-09-26T10:37:12Z INFO [358/500] 179e1a9d-176f-488b-9d1a-cbe0e49f695b: valid; 1.9 s; peak memory 2311 MiB.
2026-09-26T10:37:12Z WARNING 179e62ce-7e80-4001-b1da-1a44862e11aa: failed while retrieving asset information from the DANDI API (NotFoundError: No such Dandiset: 000948)
2026-09-26T10:37:17Z INFO [360/500] 179ec1d9-7aef-4689-b03e-eb6bb35e65dd: valid; 5.1 s; peak memory 2330 MiB.
2026-09-26T10:37:18Z INFO [361/500] 179f3342-342b-4ccc-ae9c-c90c4f94f951: valid; 0.7 s; peak memory 2333 MiB.
2026-09-26T10:37:19Z INFO [362/500] 179f4cfb-f778-447b-9ac7-b495fb37ccd1: valid; 1.1 s; peak memory 2335 MiB.
2026-09-26T10:37:20Z INFO [363/500] 179f5856-491f-472a-8604-c2845bc28406: valid; 1.0 s; peak memory 2335 MiB.
2026-09-26T10:37:21Z INFO [364/500] 179f7cfb-a161-4df8-8296-134be749b68b: valid; 1.3 s; peak memory 2338 MiB.
2026-09-26T10:37:22Z INFO [365/500] 179fdea8-cb81-45e3-8da4-cb53242fc8f6: valid; 0.6 s; peak memory 2341 MiB.
2026-09-26T10:37:23Z INFO [366/500] 17a0b3d8-58c9-4f3e-b47e-2b3e36613da3: not valid; 0.8 s; peak memory 2343 MiB.
2026-09-26T10:37:24Z INFO [367/500] 17a0d516-dd4e-4be3-a4de-36879e7ab0a3: valid; 1.0 s; peak memory 2353 MiB.
2026-09-26T10:37:25Z INFO [368/500] 17a0d71d-5e29-4564-899f-9b3883ac9690: valid; 0.8 s; peak memory 2353 MiB.
2026-09-26T10:37:25Z WARNING 17a1f1e8-b6d0-4067-95e7-588608eeb1ab: failed while opening the NWB file (ConstructError: (root/acquisition/_iblmic_audioSpectrogram/bands GroupBuilder {'attributes': {'colnames': array(['freq'], dtype=object), 'description': 'spectogram frequencies', 'namespace': 'core', 'neurodata_type': 'FrequencyBandsTable', 'object_id': '30b650d3-76ac-4e24-b331-dfffbba97943'}, 'groups': {}, 'datasets': {'freq': root/acquisition/_iblmic_audioSpectrogram/bands/freq DatasetBuilder {'attributes': {'description': 'frequency value', 'namespace': 'hdmf-common', 'neurodata_type': 'VectorData', 'object_id': '00ba998a-b181-416c-8811-5e9c3f12571b'}, 'data': <HDF5 dataset "freq": shape (257,), type "<f4">}, 'id': root/acquisition/_iblmic_audioSpectrogram/bands/id DatasetBuilder {'attributes': {'namespace': 'hdmf-common', 'neurodata_type': 'ElementIdentifiers', 'object_id': '57157e01-36b2-4c0c-bf43-2d0795d499f7'}, 'data': <HDF5 dataset "id": shape (257,), type "<i4">}}, 'links': {}}, "Could not construct FrequencyBandsTable object due to: column must have the same number of rows as 'id'"))
2026-09-26T10:37:26Z INFO [370/500] 17a202b7-229f-4d39-9025-1cd37707bdaf: valid; 0.9 s; peak memory 2360 MiB.
2026-09-26T10:37:28Z INFO [371/500] 17a36722-6adf-4700-b4d7-b212d67c7eb4: not valid; 1.1 s; peak memory 2366 MiB.
2026-09-26T10:37:28Z INFO [372/500] 17a413fa-529a-4f69-b202-9359bb3d8820: valid; 0.5 s; peak memory 2368 MiB.
2026-09-26T10:37:32Z INFO [373/500] 17a4bca4-dcb4-4d02-ac1a-9b09cef3503a: valid; 4.2 s; peak memory 2382 MiB.
2026-09-26T10:37:35Z INFO [374/500] 17a546c4-6425-4c56-a43e-9f9f272d299c: valid; 2.7 s; peak memory 2389 MiB.
2026-09-26T10:37:36Z INFO [375/500] 17a602dd-595a-42fa-9c9a-58e022af6ba1: valid; 1.3 s; peak memory 2389 MiB.
2026-09-26T10:37:37Z INFO [376/500] 17a665cd-0f01-48a7-8748-cb4d63101527: valid; 0.9 s; peak memory 2389 MiB.
2026-09-26T10:37:38Z INFO [377/500] 17a66611-1534-44c6-9146-820c94cd44b7: valid; 0.6 s; peak memory 2389 MiB.
2026-09-26T10:37:40Z INFO [378/500] 17a723e4-a47d-4d3d-9d6f-2abf8c16e5b2: not valid; 2.5 s; peak memory 2389 MiB.
2026-09-26T10:37:42Z INFO [379/500] 17a7bb41-0e40-4305-abcd-d866d42385ec: valid; 1.6 s; peak memory 2389 MiB.
2026-09-26T10:37:43Z INFO [380/500] 17a7d574-a6d4-4459-a175-49600039710f: valid; 1.1 s; peak memory 2389 MiB.
2026-09-26T10:37:44Z INFO [381/500] 17a7d87b-c75d-45b5-800d-dea6821836ce: not valid; 1.0 s; peak memory 2389 MiB.
2026-09-26T10:37:45Z INFO [382/500] 17a91f98-0247-4ff6-8a5a-9c75eda43809: not valid; 0.9 s; peak memory 2391 MiB.
2026-09-26T10:37:46Z INFO [383/500] 17a99124-b43c-4763-bafe-39d148fc37d1: valid; 1.0 s; peak memory 2399 MiB.
2026-09-26T10:37:47Z INFO [384/500] 17a9bc02-c042-4414-8057-9f09ba5ee712: not valid; 0.7 s; peak memory 2401 MiB.
2026-09-26T10:37:51Z INFO [385/500] 17a9cc60-df4a-4174-a564-ba5ee9aad021: valid; 3.9 s; peak memory 2439 MiB.
2026-09-26T10:37:54Z INFO [386/500] 17a9daba-c276-4a0b-810e-35639e4cf333: valid; 3.1 s; peak memory 2446 MiB.
2026-09-26T10:37:55Z INFO [387/500] 17aa2bef-3a1c-41de-a31b-983c6b53402c: not valid; 1.2 s; peak memory 2446 MiB.
2026-09-26T10:37:56Z INFO [388/500] 17aaa6ba-143b-4625-b7bd-280c7211a216: valid; 1.1 s; peak memory 2446 MiB.
2026-09-26T10:37:58Z INFO [389/500] 17ac3a1d-5651-427c-9af9-bc17a071c528: valid; 1.6 s; peak memory 2446 MiB.
2026-09-26T10:37:58Z INFO [390/500] 17ac42bc-fa89-4bd2-a32c-05a9e68ddb9c: valid; 0.5 s; peak memory 2446 MiB.
2026-09-26T10:38:00Z INFO [391/500] 17ac8192-5d29-4934-8dbf-f6a90c34cdea: valid; 1.9 s; peak memory 2446 MiB.
2026-09-26T10:38:01Z INFO [392/500] 17ac83e1-900a-43d1-8d63-5b8c5c733000: valid; 0.7 s; peak memory 2446 MiB.
2026-09-26T10:38:05Z INFO [393/500] 17ad5467-d085-40d2-94d5-2218410a8785: valid; 4.5 s; peak memory 2446 MiB.
2026-09-26T10:38:13Z INFO [394/500] 17ad9637-6596-4b1b-bd19-653d10f5f1d0: valid; 7.4 s; peak memory 2486 MiB.
2026-09-26T10:38:14Z INFO [395/500] 17adad4c-74ea-4099-b71e-c5b06510ab26: valid; 1.0 s; peak memory 2496 MiB.
2026-09-26T10:38:15Z INFO [396/500] 17ae0a63-7bc5-47ec-8ca5-c3814e1d3ec0: valid; 1.3 s; peak memory 2532 MiB.
2026-09-26T10:38:16Z INFO [397/500] 17ae7d88-d045-4244-875d-a3dfdd2ca9da: valid; 0.8 s; peak memory 2532 MiB.
2026-09-26T10:38:20Z INFO [398/500] 17af22ef-709b-43d1-b46d-b23f7c0b0214: valid; 4.2 s; peak memory 2559 MiB.
2026-09-26T10:38:21Z INFO [399/500] 17af7031-2339-447b-9b30-ec62e1a0e3ca: valid; 0.6 s; peak memory 2560 MiB.
2026-09-26T10:38:22Z WARNING 17b19594-4fc3-4cbb-945e-5f3e4ee43a0c: failed while opening the NWB file (ConstructError: (root/acquisition/_iblmic_audioSpectrogram/bands GroupBuilder {'attributes': {'colnames': array(['freq'], dtype=object), 'description': 'spectogram frequencies', 'namespace': 'core', 'neurodata_type': 'FrequencyBandsTable', 'object_id': 'ac3789d0-6752-4c7d-8f92-0747ef1c2ca9'}, 'groups': {}, 'datasets': {'freq': root/acquisition/_iblmic_audioSpectrogram/bands/freq DatasetBuilder {'attributes': {'description': 'frequency value', 'namespace': 'hdmf-common', 'neurodata_type': 'VectorData', 'object_id': '239e0157-00ca-4f0a-b494-9a26b6d7848f'}, 'data': <HDF5 dataset "freq": shape (257,), type "<f4">}, 'id': root/acquisition/_iblmic_audioSpectrogram/bands/id DatasetBuilder {'attributes': {'namespace': 'hdmf-common', 'neurodata_type': 'ElementIdentifiers', 'object_id': '6df3c07c-1c55-47e4-bdf6-d8cb22756558'}, 'data': <HDF5 dataset "id": shape (257,), type "<i4">}}, 'links': {}}, "Could not construct FrequencyBandsTable object due to: column must have the same number of rows as 'id'"))
2026-09-26T10:38:23Z INFO [400/500] 17b19594-4fc3-4cbb-945e-5f3e4ee43a0c: checkpointed 80410 records.
2026-09-26T10:38:23Z INFO [401/500] 17b1d1a9-5b06-4417-a51b-434d2fafeead: valid; 0.6 s; peak memory 2562 MiB.
2026-09-26T10:38:24Z INFO [402/500] 17b21a9a-9fbf-44b3-9136-f0ae980d2443: not valid; 0.7 s; peak memory 2562 MiB.
2026-09-26T10:38:24Z INFO [403/500] 17b28337-d0f7-412b-b9ba-74555a8c7ad7: valid; 0.6 s; peak memory 2562 MiB.
2026-09-26T10:38:35Z INFO [404/500] 17b304b0-7b81-4a5c-8794-3e3df673c7c4: valid; 10.7 s; peak memory 2577 MiB.
2026-09-26T10:38:37Z INFO [405/500] 17b3a395-0648-4e1e-9fff-9e7c55a77f22: valid; 1.9 s; peak memory 2579 MiB.
2026-09-26T10:38:38Z INFO [406/500] 17b3adde-0d0f-4fad-a6a8-a502fc318737: valid; 1.4 s; peak memory 2579 MiB.
2026-09-26T10:38:40Z INFO [407/500] 17b3b76b-3dfa-4912-8c4b-ee939cfe77b5: valid; 1.6 s; peak memory 2579 MiB.
2026-09-26T10:38:41Z INFO [408/500] 17b3fbba-b5b5-452d-801e-ab2fe3f3495e: not valid; 0.9 s; peak memory 2579 MiB.
2026-09-26T10:38:42Z INFO [409/500] 17b44218-171a-4790-9871-c1965aea5829: valid; 0.6 s; peak memory 2579 MiB.
2026-09-26T10:38:52Z INFO [410/500] 17b4807f-5cb4-4437-9da3-84f6110a1b67: valid; 10.3 s; peak memory 2581 MiB.
2026-09-26T10:38:55Z INFO [411/500] 17b4f509-a83e-4982-b318-426ea608c3cc: valid; 2.7 s; peak memory 2581 MiB.
2026-09-26T10:38:56Z INFO [412/500] 17b4fe75-7c43-497b-b5dc-18784e3c9ae7: valid; 1.0 s; peak memory 2581 MiB.
2026-09-26T10:38:57Z WARNING 17b54905-9a4f-423c-9b0b-41847134ccb3: failed while opening the NWB file (ConstructError: (root/acquisition/_iblmic_audioSpectrogram/bands GroupBuilder {'attributes': {'colnames': array(['freq'], dtype=object), 'description': 'spectogram frequencies', 'namespace': 'core', 'neurodata_type': 'FrequencyBandsTable', 'object_id': 'a6a555fe-99e4-4613-beb3-f3b1aa42e10f'}, 'groups': {}, 'datasets': {'freq': root/acquisition/_iblmic_audioSpectrogram/bands/freq DatasetBuilder {'attributes': {'description': 'frequency value', 'namespace': 'hdmf-common', 'neurodata_type': 'VectorData', 'object_id': 'ecce9814-c6a2-46e2-bfa9-25f1210ea153'}, 'data': <HDF5 dataset "freq": shape (257,), type "<f4">}, 'id': root/acquisition/_iblmic_audioSpectrogram/bands/id DatasetBuilder {'attributes': {'namespace': 'hdmf-common', 'neurodata_type': 'ElementIdentifiers', 'object_id': 'ce0f8421-be91-4b4f-9df7-d1de354fe12a'}, 'data': <HDF5 dataset "id": shape (257,), type "<i4">}}, 'links': {}}, "Could not construct FrequencyBandsTable object due to: column must have the same number of rows as 'id'"))
2026-09-26T10:38:58Z WARNING 17b55162-0e9a-4f8e-9974-527db29aea1a: failed while opening the NWB file (ConstructError: (root/acquisition/event_code_meanings GroupBuilder {'attributes': {'colnames': array(['value', 'meaning'], dtype=object), 'description': 'Mapping integer event codes to event labels', 'namespace': 'ndx-events', 'neurodata_type': 'MeaningsTable', 'object_id': 'f2bf1a3d-dd88-44c7-b9db-560e9639817a'}, 'groups': {}, 'datasets': {'id': root/acquisition/event_code_meanings/id DatasetBuilder {'attributes': {'namespace': 'hdmf-common', 'neurodata_type': 'ElementIdentifiers', 'object_id': '77f0df48-394e-4810-baee-e58cc7106984'}, 'data': <HDF5 dataset "id": shape (26,), type "<i8">}, 'meaning': root/acquisition/event_code_meanings/meaning DatasetBuilder {'attributes': {'description': 'The meaning of the value in the parent CategoricalVectorData object.', 'namespace': 'hdmf-experimental', 'neurodata_type': 'VectorData', 'object_id': 'cee0153f-1ae6-4eeb-a8e4-9af8452aa170'}, 'data': <StrDataset for HDF5 dataset "meaning": shape (26,), type "|O">}, 'value': root/acquisition/event_code_meanings/value DatasetBuilder {'attributes': {'description': 'The value of the parent CategoricalVectorData object.', 'namespace': 'hdmf-experimental', 'neurodata_type': 'VectorData', 'object_id': 'f46a14b0-aa7f-4638-b5ef-7d1a15519efe'}, 'data': <HDF5 dataset "value": shape (26,), type "<i8">}}, 'links': {}}, "Could not construct MeaningsTable object due to: MeaningsTable.__init__: missing argument 'target'"))
2026-09-26T10:38:59Z INFO [415/500] 17b564e2-9529-4abb-b7f6-11f8892101a3: valid; 1.1 s; peak memory 2581 MiB.
2026-09-26T10:38:59Z INFO [416/500] 17b5da07-1158-4139-b553-5fd1cd2b16f9: not valid; 0.5 s; peak memory 2581 MiB.
2026-09-26T10:39:00Z INFO [417/500] 17b61141-dd78-441c-8ea7-09ea181b7a68: valid; 0.7 s; peak memory 2582 MiB.
2026-09-26T10:39:01Z INFO [418/500] 17b6bdd1-50a8-4066-82a6-b67335d8e240: valid; 0.8 s; peak memory 2582 MiB.
2026-09-26T10:39:03Z INFO [419/500] 17b6d0d7-64d2-46d8-b87e-1dcd5265e7d8: not valid; 2.6 s; peak memory 2589 MiB.
2026-09-26T10:39:04Z INFO [420/500] 17b71ed0-9aa6-49df-a9ab-4d99483c6926: valid; 0.5 s; peak memory 2591 MiB.
2026-09-26T10:39:04Z INFO [421/500] 17b7261b-2ed4-42e4-ba73-928da3dded2e: valid; 0.7 s; peak memory 2593 MiB.
2026-09-26T10:39:05Z INFO [422/500] 17b72691-a47b-4ffb-b82c-0ff7ef52ea59: valid; 0.8 s; peak memory 2595 MiB.
2026-09-26T10:39:06Z INFO [423/500] 17b7ba05-8170-4d99-be0f-4e2631be377d: valid; 0.5 s; peak memory 2596 MiB.
2026-09-26T10:39:12Z INFO [424/500] 17b842a0-0492-40d0-ae02-bfa4bccf9aa7: valid; 6.3 s; peak memory 2725 MiB.
2026-09-26T10:39:13Z INFO [425/500] 17b8dbee-2a24-4297-8c69-8885b83669ff: valid; 0.6 s; peak memory 2725 MiB.
2026-09-26T10:39:13Z INFO [426/500] 17b938f7-df9f-4a8c-87c2-0cc7c1ecdf00: valid; 0.7 s; peak memory 2725 MiB.
2026-09-26T10:39:14Z INFO [427/500] 17b9858a-a123-4adb-a4e4-ab4e2e163cb8: valid; 0.6 s; peak memory 2725 MiB.
2026-09-26T10:39:15Z INFO [428/500] 17b98734-de00-4129-b709-42a1e72b3ce3: valid; 1.0 s; peak memory 2725 MiB.
2026-09-26T10:39:16Z INFO [429/500] 17ba9635-944e-4e90-9d11-e42731856502: not valid; 0.9 s; peak memory 2725 MiB.
2026-09-26T10:39:25Z INFO [430/500] 17bb3b1a-ce96-40c2-8939-c489d379e0b4: valid; 9.4 s; peak memory 2746 MiB.
2026-09-26T10:39:27Z INFO [431/500] 17bb7516-3ee1-4d90-aec3-db83eeba0943: not valid; 1.5 s; peak memory 2746 MiB.
2026-09-26T10:39:27Z INFO [432/500] 17bdb66c-f195-4c38-90ed-0dd255c8308e: valid; 0.7 s; peak memory 2746 MiB.
2026-09-26T10:39:27Z WARNING 17bebf90-e507-4b4a-a226-314264bac3e4: failed while retrieving asset information from the DANDI API (NotFoundError: No asset at path 'sub-ZS061/sub-ZS061_ses-behavior-ZS061-2021-04-11-17-44-56.nwb' in version draft. Verify the path is correct and the asset exists in this version. Use 'dandi ls' to list available assets.)
2026-09-26T10:39:28Z INFO [434/500] 17befbb2-a423-4e66-96a2-37b19d5ad580: valid; 1.0 s; peak memory 2746 MiB.
2026-09-26T10:39:33Z INFO [435/500] 17bfc3a4-feff-464f-aad7-1becc40a42c4: valid; 4.9 s; peak memory 2746 MiB.
2026-09-26T10:39:34Z INFO [436/500] 17c06e72-94f0-47f4-a56b-a4f0d1393f6e: valid; 0.8 s; peak memory 2747 MiB.
2026-09-26T10:39:34Z INFO [437/500] 17c07646-5350-45c5-8242-49b4b88fbf7e: valid; 0.6 s; peak memory 2747 MiB.
2026-09-26T10:39:36Z INFO [438/500] 17c0ca0c-7683-4d3b-bec2-3575628581b6: not valid; 1.0 s; peak memory 2747 MiB.
2026-09-26T10:39:41Z INFO [439/500] 17c37e6b-aadc-4eec-8846-26c13cdf720d: valid; 5.8 s; peak memory 2806 MiB.
2026-09-26T10:39:42Z INFO [440/500] 17c4ebf4-d8e7-4cf1-9152-c2a27a6aaa19: not valid; 1.0 s; peak memory 2811 MiB.
2026-09-26T10:39:43Z INFO [441/500] 17c4fea9-d889-42a2-8fd7-eec8720ff45c: not valid; 1.1 s; peak memory 2821 MiB.
2026-09-26T10:39:48Z INFO [442/500] 17c52716-2b62-44c5-ac4a-b8510df3a1bf: valid; 4.4 s; peak memory 3043 MiB.
2026-09-26T10:39:50Z INFO [443/500] 17c5a306-e22e-4b66-bef6-0bfd72e57c27: valid; 1.8 s; peak memory 3043 MiB.
2026-09-26T10:39:51Z INFO [444/500] 17c5ab4c-5efe-4728-8860-69588b8be7fd: valid; 1.2 s; peak memory 3043 MiB.
2026-09-26T10:39:52Z INFO [445/500] 17c679fd-c789-4fca-a42b-df4f4b43b6aa: not valid; 1.0 s; peak memory 3043 MiB.
2026-09-26T10:39:56Z INFO [446/500] 17c6c0d1-91b8-4a0a-893b-0355150eaa9a: valid; 4.5 s; peak memory 3043 MiB.
2026-09-26T10:39:57Z INFO [447/500] 17c6d78a-a99e-4406-a8cd-ff5bb89439a3: valid; 0.9 s; peak memory 3043 MiB.
2026-09-26T10:40:01Z INFO [448/500] 17c7a836-64d7-4679-8eda-4db61a6bbb0c: valid; 3.3 s; peak memory 3058 MiB.
2026-09-26T10:40:02Z INFO [449/500] 17c7a904-5dd6-4e39-81c6-66902a922e6d: valid; 1.2 s; peak memory 3066 MiB.
2026-09-26T10:40:03Z INFO [450/500] 17c84565-56a5-4998-9ce2-0e66406feffe: not valid; 1.3 s; peak memory 3066 MiB.
2026-09-26T10:40:04Z INFO [450/500] 17c84565-56a5-4998-9ce2-0e66406feffe: checkpointed 80460 records.
2026-09-26T10:40:09Z INFO [451/500] 17c9fb0f-c5a8-4c13-80bc-b9a24af37fc5: not valid; 5.2 s; peak memory 3108 MiB.
2026-09-26T10:40:10Z INFO [452/500] 17ca4ae5-f6b5-4cdf-bdfe-bda7476df3a5: valid; 1.0 s; peak memory 3111 MiB.
2026-09-26T10:40:11Z WARNING 17cb7395-1746-4f7b-9b33-0ea91988ad6e: failed while opening the NWB file (ValueError: Cannot resolve included group spec 'electrodes' with data_type_inc 'ElectrodesTable' because a group spec with the same name already exists with data_type_inc 'DynamicTable', and data type 'DynamicTable' is not a child type of data type 'ElectrodesTable'.)
2026-09-26T10:40:14Z INFO [454/500] 17cbaf43-0b2e-48ae-b1ac-037408f5714d: valid; 2.4 s; peak memory 3113 MiB.
2026-09-26T10:40:15Z INFO [455/500] 17cc754b-0a6e-4cf3-b3d5-ffd4d79f7bad: valid; 1.2 s; peak memory 3113 MiB.
2026-09-26T10:40:20Z INFO [456/500] 17cd3cf5-4640-498b-b2ef-7f91afcb2c79: valid; 4.7 s; peak memory 3113 MiB.
2026-09-26T10:40:20Z INFO [457/500] 17cd7925-ad49-4774-9ec6-555b027f8937: valid; 0.6 s; peak memory 3113 MiB.
2026-09-26T10:40:22Z INFO [458/500] 17ce1f3c-df6a-4d46-bf28-48debca42d2e: valid; 1.5 s; peak memory 3113 MiB.
2026-09-26T10:40:25Z INFO [459/500] 17ce8da0-1bae-4346-9bd4-e73f6b85f492: valid; 3.5 s; peak memory 3113 MiB.
2026-09-26T10:40:26Z INFO [460/500] 17cef42d-632b-4b4c-8757-c52def6a3f28: valid; 1.0 s; peak memory 3113 MiB.
2026-09-26T10:40:28Z INFO [461/500] 17cef94f-4937-45a2-a151-3a0c561884c8: valid; 1.2 s; peak memory 3113 MiB.
2026-09-26T10:40:28Z INFO [462/500] 17cf2914-3366-4ecc-8bc4-ec9ad5100e90: not valid; 0.8 s; peak memory 3113 MiB.
2026-09-26T10:40:29Z INFO [463/500] 17cf4dba-eb70-429b-b4d9-2cf511e1aba2: valid; 0.4 s; peak memory 3113 MiB.
2026-09-26T10:40:31Z INFO [464/500] 17cfeca5-fc7f-474e-bb60-e77a82f456e0: valid; 2.1 s; peak memory 3113 MiB.
2026-09-26T10:40:48Z INFO [465/500] 17d04069-0bfc-4a99-ab12-a8541c28b6c1: not valid; 17.6 s; peak memory 3113 MiB.
2026-09-26T10:40:56Z INFO [466/500] 17d09b31-5085-4cf3-8a34-7a1ce7fe22d4: not valid; 7.5 s; peak memory 3113 MiB.
2026-09-26T10:40:57Z INFO [467/500] 17d0bff2-34f9-4af0-b723-00c8c87a3b51: valid; 0.9 s; peak memory 3113 MiB.
2026-09-26T10:40:57Z INFO [468/500] 17d0cc4c-7fc3-4a0f-848f-c80f7014f0b1: valid; 0.5 s; peak memory 3113 MiB.
2026-09-26T10:40:58Z INFO [469/500] 17d17850-047f-4bd0-a9e1-d7769cb88f6d: valid; 0.6 s; peak memory 3113 MiB.
2026-09-26T10:41:00Z INFO [470/500] 17d26973-4beb-41bb-873b-f80d6b999ff4: valid; 2.0 s; peak memory 3113 MiB.
2026-09-26T10:41:01Z INFO [471/500] 17d45264-e389-466f-8138-3b98bc973598: valid; 0.6 s; peak memory 3113 MiB.
2026-09-26T10:41:05Z INFO [472/500] 17d66a69-0eed-4599-897b-9c014caa8dc8: not valid; 4.1 s; peak memory 3113 MiB.
2026-09-26T10:41:06Z INFO [473/500] 17d6ccd1-08ee-4810-b7b6-690d4440f766: valid; 1.5 s; peak memory 3113 MiB.
2026-09-26T10:41:07Z INFO [474/500] 17d6fbbe-3028-45c8-aaec-1a5eebaec687: not valid; 0.7 s; peak memory 3113 MiB.
2026-09-26T10:41:12Z INFO [475/500] 17d74085-5baf-4693-b064-6a33ec3fabf5: valid; 4.5 s; peak memory 3246 MiB.
2026-09-26T10:41:12Z INFO [476/500] 17d7c7bd-e513-467a-aa2a-624451c2f655: valid; 0.6 s; peak memory 3246 MiB.
2026-09-26T10:41:13Z INFO [477/500] 17d86bb2-3772-4455-8b42-75787acbba5d: valid; 0.5 s; peak memory 3246 MiB.
2026-09-26T10:41:13Z INFO [478/500] 17d9434b-348e-4ae1-9201-53ac521c9b95: valid; 0.6 s; peak memory 3246 MiB.
2026-09-26T10:41:14Z INFO [479/500] 17d9680d-6569-495a-bdb5-7292237fa978: valid; 0.7 s; peak memory 3246 MiB.
2026-09-26T10:41:15Z INFO [480/500] 17d96ad0-15f8-4697-84f5-9e6e49592034: valid; 0.8 s; peak memory 3246 MiB.
2026-09-26T10:41:15Z INFO [481/500] 17d9c558-31f2-4855-bfbf-87c987bc63bd: valid; 0.6 s; peak memory 3246 MiB.
2026-09-26T10:41:17Z INFO [482/500] 17da07da-cfd8-4db0-96b5-26e6f1648a39: valid; 1.5 s; peak memory 3246 MiB.
2026-09-26T10:41:19Z INFO [483/500] 17daa063-07c7-47c2-851e-07743f6e909a: valid; 1.7 s; peak memory 3246 MiB.
2026-09-26T10:41:20Z INFO [484/500] 17dbe7cf-0de1-4f32-8489-ecb17a43b653: valid; 1.1 s; peak memory 3246 MiB.
2026-09-26T10:42:08Z INFO [485/500] 17dce1a6-9218-4477-a99a-980a2903ed1b: not valid; 48.1 s; peak memory 3489 MiB.
2026-09-26T10:42:13Z INFO [486/500] 17dd2928-d4a0-4b01-96c0-52f2a2ddc4c1: not valid; 4.8 s; peak memory 3510 MiB.
2026-09-26T10:42:20Z INFO [487/500] 17dd7f40-ac89-4814-b742-2f318332bb23: valid; 6.9 s; peak memory 3517 MiB.
2026-09-26T10:42:22Z INFO [488/500] 17dde469-fb17-40cd-8649-c9f86a6fbe51: not valid; 2.9 s; peak memory 3524 MiB.
2026-09-26T10:42:24Z INFO [489/500] 17decbfa-40fb-40f1-8e60-5c65b91399df: valid; 1.3 s; peak memory 3525 MiB.
2026-09-26T10:42:25Z WARNING 17df9116-739c-4960-b42e-7e95e519052b: failed while opening the NWB file (ConstructError: (root/acquisition/event_code_meanings GroupBuilder {'attributes': {'colnames': array(['value', 'meaning'], dtype=object), 'description': 'Mapping integer event codes to event labels', 'namespace': 'ndx-events', 'neurodata_type': 'MeaningsTable', 'object_id': '418a0886-028c-415e-81e0-58b853c21768'}, 'groups': {}, 'datasets': {'id': root/acquisition/event_code_meanings/id DatasetBuilder {'attributes': {'namespace': 'hdmf-common', 'neurodata_type': 'ElementIdentifiers', 'object_id': '5dc01d56-e560-4f06-994d-c1d810ed2aa8'}, 'data': <HDF5 dataset "id": shape (26,), type "<i8">}, 'meaning': root/acquisition/event_code_meanings/meaning DatasetBuilder {'attributes': {'description': 'The meaning of the value in the parent CategoricalVectorData object.', 'namespace': 'hdmf-experimental', 'neurodata_type': 'VectorData', 'object_id': 'dc507974-52d3-4088-8c6f-903207ec87b3'}, 'data': <StrDataset for HDF5 dataset "meaning": shape (26,), type "|O">}, 'value': root/acquisition/event_code_meanings/value DatasetBuilder {'attributes': {'description': 'The value of the parent CategoricalVectorData object.', 'namespace': 'hdmf-experimental', 'neurodata_type': 'VectorData', 'object_id': 'ef6763c8-8fbf-4eb0-baed-952599e4bb3f'}, 'data': <HDF5 dataset "value": shape (26,), type "<i8">}}, 'links': {}}, "Could not construct MeaningsTable object due to: MeaningsTable.__init__: missing argument 'target'"))
2026-09-26T10:42:26Z INFO [491/500] 17dfdca7-20c1-4ee0-97d8-8597636e4a31: not valid; 1.3 s; peak memory 3528 MiB.
2026-09-26T10:42:27Z INFO [492/500] 17e0a5b5-e32d-43ef-b0c9-2260071af65f: valid; 0.7 s; peak memory 3529 MiB.
2026-09-26T10:42:28Z INFO [493/500] 17e0bd35-3ca6-4e26-824f-d6b1299f42d5: valid; 1.0 s; peak memory 3545 MiB.
2026-09-26T10:42:29Z INFO [494/500] 17e14a94-5605-4ef4-82a9-50bc8ceda27c: not valid; 0.9 s; peak memory 3545 MiB.
2026-09-26T10:42:30Z INFO [495/500] 17e156b3-a764-41ca-acea-6902738b2743: valid; 1.8 s; peak memory 3545 MiB.
2026-09-26T10:42:32Z INFO [496/500] 17e1a7ae-3cc0-4c98-b9c4-5bbef26bc54c: not valid; 1.7 s; peak memory 3545 MiB.
2026-09-26T10:42:33Z INFO [497/500] 17e1b3f7-f661-4a90-97ce-94acc1a545db: valid; 0.6 s; peak memory 3545 MiB.
2026-09-26T10:42:34Z INFO [498/500] 17e20818-e4ff-4b0e-9990-f4ff86366184: not valid; 1.1 s; peak memory 3545 MiB.
2026-09-26T10:42:35Z WARNING 17e22067-53d0-47f5-aaf0-6d5187c8b980: failed while opening the NWB file (ValueError: Cannot resolve included group spec 'electrodes' with data_type_inc 'ElectrodesTable' because a group spec with the same name already exists with data_type_inc 'DynamicTable', and data type 'DynamicTable' is not a child type of data type 'ElectrodesTable'.)
2026-09-26T10:42:42Z INFO [500/500] 17e22c51-112f-44d6-b4aa-1f50c743f0b5: valid; 7.1 s; peak memory 3554 MiB.
2026-09-26T10:42:42Z INFO [500/500] 17e22c51-112f-44d6-b4aa-1f50c743f0b5: checkpointed 80510 records.
2026-09-26T10:42:43Z INFO Wrote 80510 records to /tmp/derivatives/content_id_to_valid_nwb_file.jsonl (470 new, 30 failed) in 17.3 min (peak memory 3556 MiB).
