2026-09-19T19:41:33Z INFO Logging to /tmp/logs/update_2026-09-19T19-41-33Z.log.
2026-09-19T19:41:33Z INFO Update content-id-to-valid-nwb-file (base directory /tmp).
2026-09-19T19:41:34Z INFO Processing 500 items (70510 already recorded).
2026-09-19T19:41:36Z INFO [1/500] 0898854a-456a-4544-b0d9-dc1544715df0: not valid; 1.6 s; peak memory 335 MiB.
2026-09-19T19:41:37Z INFO [2/500] 0898be14-ae35-4173-89b8-5664f9265fac: valid; 1.2 s; peak memory 338 MiB.
2026-09-19T19:41:39Z INFO [3/500] 08995194-f034-41d8-b0f2-f0e7320b1b5f: not valid; 1.8 s; peak memory 349 MiB.
2026-09-19T19:41:41Z INFO [4/500] 0899659b-632a-4625-8c47-c604d52c4ec4: valid; 1.8 s; peak memory 362 MiB.
2026-09-19T19:41:43Z INFO [5/500] 0899bb25-53b3-44a9-9bca-c69d2fec79e6: valid; 2.0 s; peak memory 384 MiB.
2026-09-19T19:41:44Z INFO [6/500] 089a0ee7-db2a-4c57-a98f-df97d5239ac6: valid; 1.4 s; peak memory 396 MiB.
2026-09-19T19:41:45Z INFO [7/500] 089a2417-ce58-4c40-aca5-45263f17812f: not valid; 1.0 s; peak memory 403 MiB.
2026-09-19T19:41:47Z INFO [8/500] 089a48a4-b0ff-496a-b956-813aec478d4f: valid; 1.6 s; peak memory 418 MiB.
2026-09-19T19:41:48Z INFO [9/500] 089a6c5c-96b2-4186-9a0e-d76353c5a47b: not valid; 1.3 s; peak memory 418 MiB.
2026-09-19T19:41:49Z INFO [10/500] 089ad34a-4f83-428a-87a5-9b4ebc77a77f: valid; 1.1 s; peak memory 418 MiB.
2026-09-19T19:41:49Z WARNING 089b7361-5e64-432c-a373-6a9adb6a208e: failed while retrieving asset information from the DANDI API (NotFoundError: No such Dandiset: 001533)
2026-09-19T19:41:51Z INFO [12/500] 089bbcdb-5bfc-496f-ab70-739052bcf2ae: valid; 1.9 s; peak memory 418 MiB.
2026-09-19T19:41:52Z INFO [13/500] 089bd9fe-59a3-4606-985a-ae814213356a: valid; 1.1 s; peak memory 420 MiB.
2026-09-19T19:41:53Z INFO [14/500] 089c4633-7597-4f3d-a001-0c0126e06559: not valid; 1.0 s; peak memory 422 MiB.
2026-09-19T19:42:11Z INFO [15/500] 089ce0d8-aa11-4422-b702-d7efe07b74ec: valid; 17.8 s; peak memory 907 MiB.
2026-09-19T19:42:19Z INFO [16/500] 089d02a4-e17c-4fc6-94b4-6344ef0b7409: valid; 8.3 s; peak memory 943 MiB.
2026-09-19T19:42:23Z INFO [17/500] 089d4922-e77d-41a8-aaab-16843eb90e83: not valid; 3.3 s; peak memory 945 MiB.
2026-09-19T19:42:23Z INFO [18/500] 089d4abe-40df-4f1f-bfc2-10a38008d6ee: valid; 0.9 s; peak memory 945 MiB.
2026-09-19T19:42:25Z INFO [19/500] 089d5105-149e-41fe-ae11-ddbc019ba88c: valid; 1.2 s; peak memory 945 MiB.
2026-09-19T19:42:32Z INFO [20/500] 089ebc19-73b4-48fb-aa6b-fa12f7f2c189: valid; 7.7 s; peak memory 945 MiB.
2026-09-19T19:42:35Z INFO [21/500] 089efcd5-8f97-4fd8-9161-5bf0819146a5: valid; 2.1 s; peak memory 945 MiB.
2026-09-19T19:42:36Z INFO [22/500] 089f199d-92ce-45c9-a01f-61a48bc3daac: valid; 1.7 s; peak memory 945 MiB.
2026-09-19T19:42:38Z INFO [23/500] 089f4a7f-f925-489f-8514-9057f7d3d49f: valid; 1.5 s; peak memory 945 MiB.
2026-09-19T19:42:39Z INFO [24/500] 089fe784-6455-49fe-8e6e-34fb5f759199: valid; 0.9 s; peak memory 945 MiB.
2026-09-19T19:42:40Z INFO [25/500] 08a030d4-5816-466d-aeaa-1a255883ceb5: valid; 1.0 s; peak memory 945 MiB.
2026-09-19T19:42:40Z INFO [26/500] 08a0e7b2-6fc7-435e-b7c3-231296a531b6: valid; 0.7 s; peak memory 945 MiB.
2026-09-19T19:42:43Z INFO [27/500] 08a16538-08cd-4d71-989e-5e77fa016460: valid; 2.2 s; peak memory 945 MiB.
2026-09-19T19:42:44Z INFO [28/500] 08a1b7e6-284b-47c4-97d4-8b467e309dfe: valid; 1.5 s; peak memory 945 MiB.
2026-09-19T19:42:46Z WARNING 08a1e78f-41a4-49ed-8f2e-d90b6da5a245: failed while opening the NWB file (ConstructError: (root/acquisition/_iblmic_audioSpectrogram/bands GroupBuilder {'attributes': {'colnames': array(['freq'], dtype=object), 'description': 'spectogram frequencies', 'namespace': 'core', 'neurodata_type': 'FrequencyBandsTable', 'object_id': '081d9e1f-a8f8-4ce8-9ad4-3610cdb4bfdf'}, 'groups': {}, 'datasets': {'freq': root/acquisition/_iblmic_audioSpectrogram/bands/freq DatasetBuilder {'attributes': {'description': 'frequency value', 'namespace': 'hdmf-common', 'neurodata_type': 'VectorData', 'object_id': '1ce76949-f054-4e9b-8188-2c487c91af7d'}, 'data': <HDF5 dataset "freq": shape (257,), type "<f4">}, 'id': root/acquisition/_iblmic_audioSpectrogram/bands/id DatasetBuilder {'attributes': {'namespace': 'hdmf-common', 'neurodata_type': 'ElementIdentifiers', 'object_id': '2140a568-f5cb-4edc-81e9-661e7154e6d1'}, 'data': <HDF5 dataset "id": shape (257,), type "<i4">}}, 'links': {}}, "Could not construct FrequencyBandsTable object due to: column must have the same number of rows as 'id'"))
2026-09-19T19:42:47Z INFO [30/500] 08a20add-4d94-4287-9dc3-ad9d98dd438b: valid; 1.6 s; peak memory 945 MiB.
2026-09-19T19:42:49Z INFO [31/500] 08a2160c-1c6c-4ab3-833e-4492fb61116b: not valid; 1.3 s; peak memory 945 MiB.
2026-09-19T19:42:50Z INFO [32/500] 08a24d79-f7a8-4210-824d-3747abad7fe4: not valid; 0.9 s; peak memory 945 MiB.
2026-09-19T19:42:51Z WARNING 08a3285c-419e-4c02-bf2d-9fc9e8540048: failed while opening the NWB file (ConstructError: (root/acquisition/_iblmic_audioSpectrogram/bands GroupBuilder {'attributes': {'colnames': array(['freq'], dtype=object), 'description': 'spectogram frequencies', 'namespace': 'core', 'neurodata_type': 'FrequencyBandsTable', 'object_id': '404c35b8-8be5-4116-949b-15df413ea0c1'}, 'groups': {}, 'datasets': {'freq': root/acquisition/_iblmic_audioSpectrogram/bands/freq DatasetBuilder {'attributes': {'description': 'frequency value', 'namespace': 'hdmf-common', 'neurodata_type': 'VectorData', 'object_id': '98a1b5a6-75d2-4a90-b20c-c3b7bd78685c'}, 'data': <HDF5 dataset "freq": shape (257,), type "<f4">}, 'id': root/acquisition/_iblmic_audioSpectrogram/bands/id DatasetBuilder {'attributes': {'namespace': 'hdmf-common', 'neurodata_type': 'ElementIdentifiers', 'object_id': 'd5647589-2eb7-4c6d-8a5d-0d3b9e2308e1'}, 'data': <HDF5 dataset "id": shape (257,), type "<i4">}}, 'links': {}}, "Could not construct FrequencyBandsTable object due to: column must have the same number of rows as 'id'"))
2026-09-19T19:42:52Z INFO [34/500] 08a370e4-43af-4444-94c7-740fe0e377d3: not valid; 1.0 s; peak memory 945 MiB.
2026-09-19T19:42:53Z INFO [35/500] 08a376c6-d254-46f5-adbb-60a231355190: not valid; 0.8 s; peak memory 945 MiB.
2026-09-19T19:42:56Z INFO [36/500] 08a38ffd-47ea-4ce3-98c0-7d727760e4c3: not valid; 3.6 s; peak memory 948 MiB.
2026-09-19T19:43:00Z INFO [37/500] 08a3aa36-957b-4992-bb70-4bae722f6f5c: valid; 4.1 s; peak memory 954 MiB.
2026-09-19T19:43:02Z INFO [38/500] 08a3c91d-ed69-4c77-9e85-840f00edde31: valid; 1.1 s; peak memory 954 MiB.
2026-09-19T19:43:03Z INFO [39/500] 08a3f126-cbc0-41c4-ad12-798291bfefdb: not valid; 1.1 s; peak memory 954 MiB.
2026-09-19T19:43:04Z INFO [40/500] 08a4245f-41b6-4e78-be4d-e40c1a1fcc47: valid; 1.5 s; peak memory 954 MiB.
2026-09-19T19:43:11Z INFO [41/500] 08a4b61f-9b8c-4fd5-abfc-819e97bfc1a7: valid; 6.4 s; peak memory 969 MiB.
2026-09-19T19:43:12Z WARNING 08a4d0f2-5556-42c4-b3b3-f88e3d556d50: failed while opening the NWB file (ConstructError: (root/acquisition/_iblmic_audioSpectrogram/bands GroupBuilder {'attributes': {'colnames': array(['freq'], dtype=object), 'description': 'spectogram frequencies', 'namespace': 'core', 'neurodata_type': 'FrequencyBandsTable', 'object_id': '27b8dc2c-f49c-44aa-9908-49ebf59146ad'}, 'groups': {}, 'datasets': {'freq': root/acquisition/_iblmic_audioSpectrogram/bands/freq DatasetBuilder {'attributes': {'description': 'frequency value', 'namespace': 'hdmf-common', 'neurodata_type': 'VectorData', 'object_id': 'e522973c-ac5d-4413-87cf-d3331d37977b'}, 'data': <HDF5 dataset "freq": shape (257,), type "<f4">}, 'id': root/acquisition/_iblmic_audioSpectrogram/bands/id DatasetBuilder {'attributes': {'namespace': 'hdmf-common', 'neurodata_type': 'ElementIdentifiers', 'object_id': 'ba723708-f7f2-44a3-a17b-a91919df3a3f'}, 'data': <HDF5 dataset "id": shape (257,), type "<i4">}}, 'links': {}}, "Could not construct FrequencyBandsTable object due to: column must have the same number of rows as 'id'"))
2026-09-19T19:43:13Z INFO [43/500] 08a4ebae-704c-4f5d-8de5-0cc75eca27b9: valid; 1.4 s; peak memory 972 MiB.
2026-09-19T19:43:14Z INFO [44/500] 08a619b6-16d4-4a82-ae96-4a9f6a76175b: valid; 1.2 s; peak memory 972 MiB.
2026-09-19T19:43:15Z INFO [45/500] 08a6642d-a3e3-4506-975a-402610871a6e: valid; 1.0 s; peak memory 973 MiB.
2026-09-19T19:43:17Z INFO [46/500] 08a704af-76fd-4644-b066-d6fd8a4e93e5: valid; 1.3 s; peak memory 975 MiB.
2026-09-19T19:43:18Z INFO [47/500] 08a70bcc-05c6-4f06-a742-d21a909aedc5: valid; 0.9 s; peak memory 975 MiB.
2026-09-19T19:43:19Z INFO [48/500] 08a71f4f-d90d-4b1b-95d6-2da76ca62da2: valid; 1.2 s; peak memory 977 MiB.
2026-09-19T19:43:20Z INFO [49/500] 08a831fd-282a-4fe8-97e9-2c4152dabf5f: not valid; 0.9 s; peak memory 978 MiB.
2026-09-19T19:43:21Z INFO [50/500] 08a8817c-a65b-4fa4-b600-bfdad529516c: valid; 0.9 s; peak memory 980 MiB.
2026-09-19T19:43:21Z INFO [50/500] 08a8817c-a65b-4fa4-b600-bfdad529516c: checkpointed 70560 records.
2026-09-19T19:43:22Z INFO [51/500] 08a89784-d89c-4997-ae4e-0eb3ef678f13: not valid; 1.4 s; peak memory 982 MiB.
2026-09-19T19:43:23Z INFO [52/500] 08a8e683-81f5-4012-ba08-eba1a0579f4c: valid; 0.8 s; peak memory 982 MiB.
2026-09-19T19:43:25Z INFO [53/500] 08a8fb76-78e4-45e0-8df3-a5a8236d02b5: valid; 1.4 s; peak memory 982 MiB.
2026-09-19T19:43:31Z INFO [54/500] 08a958a5-75d1-4f02-b6b9-7505eb18c9b0: valid; 6.2 s; peak memory 982 MiB.
2026-09-19T19:43:32Z INFO [55/500] 08a96b90-c941-419b-bf64-fc9533abe4a9: valid; 0.9 s; peak memory 983 MiB.
2026-09-19T19:43:33Z INFO [56/500] 08aa054b-a00c-425c-8508-50518201bc92: not valid; 0.9 s; peak memory 984 MiB.
2026-09-19T19:43:44Z INFO [57/500] 08aa9dc3-aca2-465a-9209-9f7c4b989fdd: valid; 11.1 s; peak memory 1023 MiB.
2026-09-19T19:43:47Z INFO [58/500] 08aaa6ed-67b2-4faf-b215-72f3e8c50300: valid; 2.8 s; peak memory 1027 MiB.
2026-09-19T19:43:48Z INFO [59/500] 08aaaae1-8e22-4f1a-9db7-c064a82966f0: valid; 1.2 s; peak memory 1029 MiB.
2026-09-19T19:43:49Z INFO [60/500] 08ab40d8-51f8-4cec-9c48-d428ce7b7074: valid; 1.7 s; peak memory 1031 MiB.
2026-09-19T19:43:51Z INFO [61/500] 08ab8376-42c0-4f10-b908-3f641b188c76: valid; 1.7 s; peak memory 1036 MiB.
2026-09-19T19:43:52Z INFO [62/500] 08ac4ef8-26f1-45b9-af83-d33b6330dd77: valid; 0.7 s; peak memory 1036 MiB.
2026-09-19T19:43:54Z INFO [63/500] 08ac64dd-d873-4e4c-b728-32ef98e1ac79: valid; 1.7 s; peak memory 1037 MiB.
2026-09-19T19:43:55Z INFO [64/500] 08ac9830-4cc3-47ab-8767-24e26c29ca3b: valid; 1.6 s; peak memory 1037 MiB.
2026-09-19T19:43:57Z INFO [65/500] 08acb4d1-f026-4890-91f5-7e8a5cc44d22: valid; 1.5 s; peak memory 1037 MiB.
2026-09-19T19:43:58Z INFO [66/500] 08ad17f8-c76a-4924-a24f-c0c9b98aab76: valid; 1.3 s; peak memory 1037 MiB.
2026-09-19T19:44:06Z INFO [67/500] 08ad9b6f-faa8-4744-95de-e279991e782f: valid; 8.3 s; peak memory 1037 MiB.
2026-09-19T19:44:08Z INFO [68/500] 08aec36e-73e0-4dfe-9e67-167657839931: valid; 1.3 s; peak memory 1037 MiB.
2026-09-19T19:44:09Z INFO [69/500] 08aff41a-3c99-46cc-8872-825b2e9f3bba: not valid; 1.0 s; peak memory 1037 MiB.
2026-09-19T19:44:09Z INFO [70/500] 08b01214-2af6-4602-9259-f1632508dc05: valid; 0.8 s; peak memory 1037 MiB.
2026-09-19T19:44:10Z INFO [71/500] 08b1cd54-7359-442f-a9b0-0d991c180b6f: valid; 0.8 s; peak memory 1037 MiB.
2026-09-19T19:44:11Z INFO [72/500] 08b25532-cb58-4b3a-8208-4a80e1a2ad4c: valid; 1.3 s; peak memory 1037 MiB.
2026-09-19T19:44:12Z INFO [73/500] 08b255b6-08ca-4151-b13a-ed88113166cf: valid; 1.0 s; peak memory 1037 MiB.
2026-09-19T19:44:44Z INFO [74/500] 08b2bc6d-0ae5-4087-ab7e-2fab0d7527ca: valid; 31.3 s; peak memory 1934 MiB.
2026-09-19T19:44:45Z INFO [75/500] 08b2c281-c914-42a0-bfca-c17ba1c96f82: valid; 0.8 s; peak memory 1934 MiB.
2026-09-19T19:44:45Z INFO [76/500] 08b3c8c9-4722-47ad-89db-58dbfade377b: valid; 0.9 s; peak memory 1934 MiB.
2026-09-19T19:44:46Z INFO [77/500] 08b3df21-9dde-4c20-b11f-41918f31955f: valid; 0.8 s; peak memory 1934 MiB.
2026-09-19T19:44:48Z INFO [78/500] 08b42524-9ea9-41b5-a627-6fa1d8672660: not valid; 1.4 s; peak memory 1934 MiB.
2026-09-19T19:44:50Z INFO [79/500] 08b44ad0-54a2-430c-9cd7-fca156306c5e: not valid; 2.0 s; peak memory 1934 MiB.
2026-09-19T19:44:51Z INFO [80/500] 08b4cf72-7180-4d2f-b568-9ab5d742566b: valid; 1.2 s; peak memory 1934 MiB.
2026-09-19T19:44:52Z INFO [81/500] 08b5a0bd-0c49-4f1e-a6b0-14f532f2f27e: valid; 0.9 s; peak memory 1934 MiB.
2026-09-19T19:44:53Z INFO [82/500] 08b7c24b-a5f6-4621-896c-8e6877ef5685: valid; 1.3 s; peak memory 1934 MiB.
2026-09-19T19:44:54Z INFO [83/500] 08b879db-a252-4da9-a4fc-7dea905b23d5: valid; 0.6 s; peak memory 1934 MiB.
2026-09-19T19:45:01Z INFO [84/500] 08b887e2-fe7d-4e7c-b37e-89f514576184: valid; 7.2 s; peak memory 1934 MiB.
2026-09-19T19:45:10Z INFO [85/500] 08b8c508-fa2f-4e84-ab95-c7a32831167d: valid; 9.1 s; peak memory 1934 MiB.
2026-09-19T19:45:11Z INFO [86/500] 08b9180d-7b7c-4a9d-81d1-4416a051b69a: not valid; 0.7 s; peak memory 1934 MiB.
2026-09-19T19:45:11Z INFO [87/500] 08ba57ef-a3b5-4256-9b68-7ed375a768c0: valid; 0.8 s; peak memory 1934 MiB.
2026-09-19T19:45:13Z INFO [88/500] 08ba74d1-9da1-4a5c-9c21-8960c21a1d38: valid; 1.2 s; peak memory 1934 MiB.
2026-09-19T19:45:17Z INFO [89/500] 08baba3c-a7b6-49e7-88f9-130e9733afd7: valid; 4.0 s; peak memory 1934 MiB.
2026-09-19T19:45:18Z WARNING 08bb9b1e-d156-4521-b64f-e6c69316963e: failed while opening the NWB file (ConstructError: (root/acquisition/event_code_meanings GroupBuilder {'attributes': {'colnames': array(['value', 'meaning'], dtype=object), 'description': 'Mapping integer event codes to event labels', 'namespace': 'ndx-events', 'neurodata_type': 'MeaningsTable', 'object_id': '6731322b-4e75-4c01-9e4c-0ad59555354c'}, 'groups': {}, 'datasets': {'id': root/acquisition/event_code_meanings/id DatasetBuilder {'attributes': {'namespace': 'hdmf-common', 'neurodata_type': 'ElementIdentifiers', 'object_id': 'c5324a75-b316-4794-a00c-5a28c97390a9'}, 'data': <HDF5 dataset "id": shape (26,), type "<i8">}, 'meaning': root/acquisition/event_code_meanings/meaning DatasetBuilder {'attributes': {'description': 'The meaning of the value in the parent CategoricalVectorData object.', 'namespace': 'hdmf-experimental', 'neurodata_type': 'VectorData', 'object_id': 'd11c5f71-cf12-4fca-a35d-f9d9da0a1bb5'}, 'data': <StrDataset for HDF5 dataset "meaning": shape (26,), type "|O">}, 'value': root/acquisition/event_code_meanings/value DatasetBuilder {'attributes': {'description': 'The value of the parent CategoricalVectorData object.', 'namespace': 'hdmf-experimental', 'neurodata_type': 'VectorData', 'object_id': '74f1df30-1a99-48bd-a0d7-1ee0f3dcb752'}, 'data': <HDF5 dataset "value": shape (26,), type "<i8">}}, 'links': {}}, "Could not construct MeaningsTable object due to: MeaningsTable.__init__: missing argument 'target'"))
2026-09-19T19:45:20Z INFO [91/500] 08bbc35b-a7e7-4cda-ae64-0b78336785ca: not valid; 2.4 s; peak memory 1934 MiB.
2026-09-19T19:45:22Z INFO [92/500] 08bcda46-f332-4877-ae1a-fed3af74d9ac: not valid; 2.1 s; peak memory 1934 MiB.
2026-09-19T19:45:23Z INFO [93/500] 08bcdcc2-4abf-4d72-ad9a-79e18d573592: valid; 0.8 s; peak memory 1934 MiB.
2026-09-19T19:45:25Z INFO [94/500] 08bd98e8-cedb-4438-8be8-9143eacc8d38: valid; 1.9 s; peak memory 1934 MiB.
2026-09-19T19:45:28Z INFO [95/500] 08bddb1b-3a6c-4eac-a904-e7ebb2dde5f5: valid; 3.0 s; peak memory 1934 MiB.
2026-09-19T19:45:31Z INFO [96/500] 08bdde18-ab53-4087-b98e-b43ac0ca0ea2: valid; 2.9 s; peak memory 1934 MiB.
2026-09-19T19:45:34Z INFO [97/500] 08bddfeb-86ca-4954-9892-6ebc1295b62e: valid; 3.1 s; peak memory 1934 MiB.
2026-09-19T19:45:35Z INFO [98/500] 08bef113-4f28-46a5-814e-1a591d446b59: valid; 1.7 s; peak memory 1934 MiB.
2026-09-19T19:45:37Z INFO [99/500] 08bf1500-d261-4e69-a87e-5d45fadd9672: valid; 1.1 s; peak memory 1934 MiB.
2026-09-19T19:45:44Z INFO [100/500] 08bf3dbd-e66b-40d5-91fa-912b617c8e3a: valid; 7.0 s; peak memory 1939 MiB.
2026-09-19T19:45:44Z INFO [100/500] 08bf3dbd-e66b-40d5-91fa-912b617c8e3a: checkpointed 70610 records.
2026-09-19T19:45:59Z INFO [101/500] 08bfa495-6462-4797-a9f1-db5f350eac6d: valid; 15.4 s; peak memory 2093 MiB.
2026-09-19T19:46:04Z INFO [102/500] 08c04799-cf65-4481-bf52-71369e093872: valid; 4.4 s; peak memory 2094 MiB.
2026-09-19T19:46:06Z INFO [103/500] 08c077a6-ba1d-4c96-b835-489c9b7288a6: valid; 2.2 s; peak memory 2094 MiB.
2026-09-19T19:46:07Z INFO [104/500] 08c092b9-d7ff-4329-9827-71f29b319d68: valid; 0.8 s; peak memory 2094 MiB.
2026-09-19T19:46:08Z INFO [105/500] 08c151e6-c3be-4164-91a7-ad4c58cbb0d8: valid; 1.3 s; peak memory 2094 MiB.
2026-09-19T19:46:09Z INFO [106/500] 08c17d3f-d32c-44b1-bedc-8c3493caae70: valid; 1.2 s; peak memory 2094 MiB.
2026-09-19T19:46:19Z INFO [107/500] 08c22356-5153-4662-907e-744d7e0ffd27: valid; 9.3 s; peak memory 2096 MiB.
2026-09-19T19:46:20Z INFO [108/500] 08c2c2a5-8216-4967-a236-b59696118d88: not valid; 1.2 s; peak memory 2096 MiB.
2026-09-19T19:46:22Z INFO [109/500] 08c37601-6b35-4e25-9129-6a373562f0eb: not valid; 2.6 s; peak memory 2096 MiB.
2026-09-19T19:46:24Z INFO [110/500] 08c3c40f-a015-4558-98fc-fefdcfd48f9f: valid; 1.1 s; peak memory 2096 MiB.
2026-09-19T19:46:25Z INFO [111/500] 08c3e455-48c7-475e-bfbc-6bdad9755519: valid; 1.4 s; peak memory 2096 MiB.
2026-09-19T19:46:27Z INFO [112/500] 08c40b2b-0a36-4c3c-a104-15b455e9d212: valid; 1.6 s; peak memory 2096 MiB.
2026-09-19T19:46:28Z WARNING 08c4c6dc-75f1-4b47-91aa-20c6507b4631: failed while opening the NWB file (ConstructError: (root/acquisition/event_code_meanings GroupBuilder {'attributes': {'colnames': array(['value', 'meaning'], dtype=object), 'description': 'Mapping integer event codes to event labels', 'namespace': 'ndx-events', 'neurodata_type': 'MeaningsTable', 'object_id': 'df8e9502-0779-453a-9349-e926da306e32'}, 'groups': {}, 'datasets': {'id': root/acquisition/event_code_meanings/id DatasetBuilder {'attributes': {'namespace': 'hdmf-common', 'neurodata_type': 'ElementIdentifiers', 'object_id': '8d17e2bd-5002-4fa8-b5a6-08935c97fd7d'}, 'data': <HDF5 dataset "id": shape (26,), type "<i8">}, 'meaning': root/acquisition/event_code_meanings/meaning DatasetBuilder {'attributes': {'description': 'The meaning of the value in the parent CategoricalVectorData object.', 'namespace': 'hdmf-experimental', 'neurodata_type': 'VectorData', 'object_id': 'bf76924e-2869-4435-ad26-7d850c5b15c8'}, 'data': <StrDataset for HDF5 dataset "meaning": shape (26,), type "|O">}, 'value': root/acquisition/event_code_meanings/value DatasetBuilder {'attributes': {'description': 'The value of the parent CategoricalVectorData object.', 'namespace': 'hdmf-experimental', 'neurodata_type': 'VectorData', 'object_id': '7c3f23bd-e5d9-4e21-af7a-c62f8a867b28'}, 'data': <HDF5 dataset "value": shape (26,), type "<i8">}}, 'links': {}}, "Could not construct MeaningsTable object due to: MeaningsTable.__init__: missing argument 'target'"))
2026-09-19T19:46:28Z INFO [114/500] 08c56fd2-4de9-4b38-b08a-3889131d9e1f: valid; 0.8 s; peak memory 2096 MiB.
2026-09-19T19:46:30Z INFO [115/500] 08c5aeab-61c5-4740-b868-395d37c99ebb: valid; 1.7 s; peak memory 2096 MiB.
2026-09-19T19:46:32Z INFO [116/500] 08c690b2-be3d-4e62-b05c-122fc5662bb2: valid; 1.6 s; peak memory 2096 MiB.
2026-09-19T19:46:33Z INFO [117/500] 08c79fe8-aeba-4dd2-be13-dfc4f8680b96: valid; 0.9 s; peak memory 2096 MiB.
2026-09-19T19:46:34Z INFO [118/500] 08c831fe-bf43-4147-90e5-b66b0871e57f: valid; 1.4 s; peak memory 2096 MiB.
2026-09-19T19:46:35Z INFO [119/500] 08c8588f-3ff3-4e33-b0f1-bcea4415ea72: valid; 0.8 s; peak memory 2096 MiB.
2026-09-19T19:46:37Z INFO [120/500] 08c966d5-5542-4d11-8b99-9a8a707cc658: valid; 1.7 s; peak memory 2096 MiB.
2026-09-19T19:46:38Z INFO [121/500] 08c96f40-7417-4a2a-9202-59f4ec61eaef: valid; 0.8 s; peak memory 2096 MiB.
2026-09-19T19:46:39Z INFO [122/500] 08cad604-f7c0-45bd-8305-e1aeeeb686b7: not valid; 1.3 s; peak memory 2096 MiB.
2026-09-19T19:46:47Z INFO [123/500] 08cb3bd6-a316-49f5-b903-5f715afc8a4f: valid; 8.3 s; peak memory 2096 MiB.
2026-09-19T19:47:01Z INFO [124/500] 08cb6d93-e43f-4e2c-b500-902fa4b84e60: valid; 13.9 s; peak memory 2126 MiB.
2026-09-19T19:47:08Z INFO [125/500] 08cc8b57-4e3a-4fdf-b848-668f84bc6c3a: valid; 7.1 s; peak memory 2161 MiB.
2026-09-19T19:47:09Z INFO [126/500] 08cc9215-ee76-4688-897e-436006d71976: valid; 0.9 s; peak memory 2164 MiB.
2026-09-19T19:47:10Z INFO [127/500] 08cd36f0-3571-43bc-82c3-5c1cf855d19e: valid; 0.8 s; peak memory 2165 MiB.
2026-09-19T19:47:15Z INFO [128/500] 08cd6c82-17c3-4fa2-bc82-4103f3e3050a: valid; 5.2 s; peak memory 2165 MiB.
2026-09-19T19:47:17Z INFO [129/500] 08cd6d4b-f8dc-4583-87d9-7fa55e0d63af: valid; 1.6 s; peak memory 2165 MiB.
2026-09-19T19:47:39Z INFO [130/500] 08cd8cf5-958e-4143-be3f-b779ce992f69: not valid; 22.6 s; peak memory 2205 MiB.
2026-09-19T19:47:41Z INFO [131/500] 08cdc315-592c-44b3-9a1a-f755642f1427: valid; 1.3 s; peak memory 2207 MiB.
2026-09-19T19:47:41Z INFO [132/500] 08cdc8d2-0e3e-47db-9da4-3402a7a004fe: valid; 0.8 s; peak memory 2208 MiB.
2026-09-19T19:47:42Z INFO [133/500] 08cdfc8c-f34b-4b67-bdbe-3ebbf9c93824: valid; 1.0 s; peak memory 2208 MiB.
2026-09-19T19:47:44Z INFO [134/500] 08ce5118-9f3c-4489-ad0e-5c42c8a246af: valid; 1.1 s; peak memory 2214 MiB.
2026-09-19T19:47:45Z INFO [135/500] 08ce5eee-3f40-4b1d-bc79-106b730f7aed: valid; 1.0 s; peak memory 2220 MiB.
2026-09-19T19:47:47Z INFO [136/500] 08ce7d84-e466-430a-a54e-51d7c74d9860: valid; 2.0 s; peak memory 2229 MiB.
2026-09-19T19:47:54Z INFO [137/500] 08cf6fab-1b94-49fd-a0ab-2028a42fd7df: not valid; 7.9 s; peak memory 2255 MiB.
2026-09-19T19:47:56Z INFO [138/500] 08d05fed-98b6-4a80-910c-985638fc8442: valid; 1.9 s; peak memory 2257 MiB.
2026-09-19T19:47:59Z INFO [139/500] 08d0a5bf-3bf0-455b-a114-5ee056ead9f3: valid; 3.1 s; peak memory 2257 MiB.
2026-09-19T19:48:00Z INFO [140/500] 08d0d061-e73c-43c0-a70c-b1272cfe03f0: valid; 0.9 s; peak memory 2257 MiB.
2026-09-19T19:48:02Z INFO [141/500] 08d11f74-ed20-415e-a341-ea7a126121ba: valid; 2.0 s; peak memory 2257 MiB.
2026-09-19T19:48:03Z INFO [142/500] 08d12504-0304-4c23-9a2f-17ef4c52088a: valid; 0.8 s; peak memory 2257 MiB.
2026-09-19T19:48:05Z INFO [143/500] 08d135fb-071a-4e37-8e98-116649946747: valid; 1.6 s; peak memory 2257 MiB.
2026-09-19T19:48:06Z INFO [144/500] 08d169d2-9255-4be5-b9eb-b0e48debda7d: valid; 1.3 s; peak memory 2257 MiB.
2026-09-19T19:48:07Z INFO [145/500] 08d1b754-3244-487f-9385-92bcdcc7ccfa: not valid; 1.2 s; peak memory 2258 MiB.
2026-09-19T19:48:08Z INFO [146/500] 08d26189-31fa-45b3-8ad3-024cf59dc74c: valid; 0.9 s; peak memory 2261 MiB.
2026-09-19T19:48:10Z INFO [147/500] 08d26757-c3f8-4bbe-9914-5df862d060e9: valid; 2.2 s; peak memory 2267 MiB.
2026-09-19T19:48:11Z INFO [148/500] 08d31910-1e27-4e5e-bfc8-072d8429539d: valid; 0.7 s; peak memory 2267 MiB.
2026-09-19T19:48:12Z INFO [149/500] 08d48be9-e98b-485a-91af-4c5dfeb21f4d: valid; 0.7 s; peak memory 2267 MiB.
2026-09-19T19:48:15Z INFO [150/500] 08d4aeb2-ab52-4789-8d28-c4ca4c0cfba7: valid; 3.3 s; peak memory 2267 MiB.
2026-09-19T19:48:16Z INFO [150/500] 08d4aeb2-ab52-4789-8d28-c4ca4c0cfba7: checkpointed 70660 records.
2026-09-19T19:48:17Z INFO [151/500] 08d4fc16-180b-4539-85a0-063d965d5608: valid; 1.5 s; peak memory 2267 MiB.
2026-09-19T19:48:18Z INFO [152/500] 08d65518-c538-4ad1-a3cd-c9b6c82bcb24: valid; 0.9 s; peak memory 2267 MiB.
2026-09-19T19:48:20Z INFO [153/500] 08d6c5b6-2aad-4b9f-adcc-956bf6f2e7f6: valid; 1.4 s; peak memory 2267 MiB.
2026-09-19T19:48:21Z INFO [154/500] 08d6c838-6ef3-4de7-bb3d-f5ae89507cfd: valid; 1.2 s; peak memory 2267 MiB.
2026-09-19T19:48:22Z INFO [155/500] 08d6df98-8227-4228-811d-d30c03901b40: valid; 1.2 s; peak memory 2267 MiB.
2026-09-19T19:49:03Z INFO [156/500] 08d721fd-012c-45bf-aa2e-cd2ece6b23f4: valid; 40.9 s; peak memory 2639 MiB.
2026-09-19T19:49:04Z WARNING 08d76040-953b-4876-8bbb-f8b0bf316f8b: failed while opening the NWB file (ConstructError: (root/acquisition/event_code_meanings GroupBuilder {'attributes': {'colnames': array(['value', 'meaning'], dtype=object), 'description': 'Mapping integer event codes to event labels', 'namespace': 'ndx-events', 'neurodata_type': 'MeaningsTable', 'object_id': '7697fad9-efc3-4b10-ae78-569d14758a07'}, 'groups': {}, 'datasets': {'id': root/acquisition/event_code_meanings/id DatasetBuilder {'attributes': {'namespace': 'hdmf-common', 'neurodata_type': 'ElementIdentifiers', 'object_id': '7a2535ec-0535-4272-9144-b1597d4f64c3'}, 'data': <HDF5 dataset "id": shape (26,), type "<i8">}, 'meaning': root/acquisition/event_code_meanings/meaning DatasetBuilder {'attributes': {'description': 'The meaning of the value in the parent CategoricalVectorData object.', 'namespace': 'hdmf-experimental', 'neurodata_type': 'VectorData', 'object_id': '6fa63293-016e-42e8-bd49-66493eeb274e'}, 'data': <StrDataset for HDF5 dataset "meaning": shape (26,), type "|O">}, 'value': root/acquisition/event_code_meanings/value DatasetBuilder {'attributes': {'description': 'The value of the parent CategoricalVectorData object.', 'namespace': 'hdmf-experimental', 'neurodata_type': 'VectorData', 'object_id': '20c42ab0-06d9-4ba6-8ec1-26a7f18a6d25'}, 'data': <HDF5 dataset "value": shape (26,), type "<i8">}}, 'links': {}}, "Could not construct MeaningsTable object due to: MeaningsTable.__init__: missing argument 'target'"))
2026-09-19T19:49:06Z INFO [158/500] 08d7794f-79ad-47e5-9994-5895082b99a1: valid; 1.7 s; peak memory 2639 MiB.
2026-09-19T19:49:07Z INFO [159/500] 08d7c6de-efa7-485f-b1e0-1f385dc5af6f: not valid; 1.0 s; peak memory 2639 MiB.
2026-09-19T19:49:08Z INFO [160/500] 08d7e54c-88a4-4f00-89a5-344c0c93281e: valid; 1.0 s; peak memory 2639 MiB.
2026-09-19T19:49:08Z INFO [161/500] 08d7e735-73db-47a3-a83b-8420b1c55eaf: not valid; 0.8 s; peak memory 2639 MiB.
2026-09-19T19:49:18Z INFO [162/500] 08d7f5bd-d179-4e76-a0a6-356d02a3af33: valid; 9.2 s; peak memory 2639 MiB.
2026-09-19T19:49:19Z INFO [163/500] 08d81115-427d-47c8-b76e-92bacc5c2703: valid; 1.3 s; peak memory 2639 MiB.
2026-09-19T19:49:32Z INFO [164/500] 08d86979-cca0-46a9-94fc-49ce15eab986: valid; 12.9 s; peak memory 2639 MiB.
2026-09-19T19:49:33Z INFO [165/500] 08d97053-352f-4def-bedb-4102990e7c71: valid; 1.6 s; peak memory 2655 MiB.
2026-09-19T19:49:41Z INFO [166/500] 08da5f7d-0fc8-4a47-a4cf-df36dce7b378: valid; 7.1 s; peak memory 2675 MiB.
2026-09-19T19:49:42Z INFO [167/500] 08da8f5d-f558-4afc-9bc1-726c47c361d3: valid; 1.3 s; peak memory 2679 MiB.
2026-09-19T19:49:43Z INFO [168/500] 08dab2ba-7b97-4274-89e6-eee3a4559bbe: valid; 1.3 s; peak memory 2685 MiB.
2026-09-19T19:49:44Z INFO [169/500] 08dabbef-6f92-4170-93e4-baeb7695e51c: valid; 1.2 s; peak memory 2686 MiB.
2026-09-19T19:49:46Z INFO [170/500] 08dbbe47-7116-408f-a055-13e4e93304ca: valid; 1.9 s; peak memory 2686 MiB.
2026-09-19T19:49:48Z WARNING 08dbe8c2-52b2-4468-bc56-03a608e34b35: failed while opening the NWB file (ConstructError: (root/acquisition/_iblmic_audioSpectrogram/bands GroupBuilder {'attributes': {'colnames': array(['freq'], dtype=object), 'description': 'spectogram frequencies', 'namespace': 'core', 'neurodata_type': 'FrequencyBandsTable', 'object_id': '52f7b1e3-e9bb-446a-9f0b-8d5f5e7a196d'}, 'groups': {}, 'datasets': {'freq': root/acquisition/_iblmic_audioSpectrogram/bands/freq DatasetBuilder {'attributes': {'description': 'frequency value', 'namespace': 'hdmf-common', 'neurodata_type': 'VectorData', 'object_id': '9e125c9d-964a-4ef3-a30e-0cea633b9355'}, 'data': <HDF5 dataset "freq": shape (257,), type "<f4">}, 'id': root/acquisition/_iblmic_audioSpectrogram/bands/id DatasetBuilder {'attributes': {'namespace': 'hdmf-common', 'neurodata_type': 'ElementIdentifiers', 'object_id': 'f8b67c49-3914-4699-bec7-89244b90e3f5'}, 'data': <HDF5 dataset "id": shape (257,), type "<i4">}}, 'links': {}}, "Could not construct FrequencyBandsTable object due to: column must have the same number of rows as 'id'"))
2026-09-19T19:49:50Z INFO [172/500] 08dc9c5e-6d59-4246-bfea-822d35b5f4bf: valid; 2.3 s; peak memory 2686 MiB.
2026-09-19T19:49:51Z INFO [173/500] 08dcf7fe-9799-479d-ad05-75af2870c505: valid; 0.7 s; peak memory 2686 MiB.
2026-09-19T19:49:53Z INFO [174/500] 08dd8352-a465-4f5c-b3db-a15b0f580747: valid; 2.5 s; peak memory 2686 MiB.
2026-09-19T19:49:55Z INFO [175/500] 08de1f7f-6ceb-42b2-ba3b-e53290103343: valid; 1.9 s; peak memory 2686 MiB.
2026-09-19T19:49:56Z INFO [176/500] 08de811b-1ccc-43be-bdd9-0b9d838fcc7d: valid; 1.1 s; peak memory 2686 MiB.
2026-09-19T19:49:58Z INFO [177/500] 08de9ea3-bbf0-42a0-8ad4-ed2cd42b6813: not valid; 1.5 s; peak memory 2686 MiB.
2026-09-19T19:49:59Z INFO [178/500] 08df129a-47a0-4588-b7ef-b6745e4e2a63: valid; 1.6 s; peak memory 2686 MiB.
2026-09-19T19:50:01Z INFO [179/500] 08df20e4-3370-4dd1-9e46-9097246559dc: valid; 1.6 s; peak memory 2686 MiB.
2026-09-19T19:50:02Z INFO [180/500] 08e03170-e6d2-4b41-8b5a-1b979eb03f11: not valid; 1.4 s; peak memory 2686 MiB.
2026-09-19T19:50:04Z INFO [181/500] 08e109ae-5f23-4cf8-934c-79e3c4ef8bea: valid; 1.7 s; peak memory 2686 MiB.
2026-09-19T19:50:05Z INFO [182/500] 08e10ea1-b2f2-4fea-b6ff-1caafe7b547c: not valid; 0.9 s; peak memory 2686 MiB.
2026-09-19T19:50:06Z INFO [183/500] 08e119a6-3677-4485-8acd-d9440a5a831d: valid; 0.8 s; peak memory 2686 MiB.
2026-09-19T19:50:07Z INFO [184/500] 08e13029-cf2e-440d-8b5b-341a150ebb05: valid; 1.5 s; peak memory 2686 MiB.
2026-09-19T19:50:09Z INFO [185/500] 08e1bd3f-0794-4943-a9e5-2ec30d115cc9: not valid; 1.3 s; peak memory 2686 MiB.
2026-09-19T19:50:10Z INFO [186/500] 08e26b4f-e23d-4a18-9df3-754de144d6df: valid; 1.6 s; peak memory 2686 MiB.
2026-09-19T19:50:11Z INFO [187/500] 08e3de8c-94de-4db6-96b3-9ca7f17de437: valid; 1.1 s; peak memory 2687 MiB.
2026-09-19T19:50:12Z INFO [188/500] 08e3ec2d-be1a-4e04-9ea5-ed3d24e79670: valid; 0.8 s; peak memory 2688 MiB.
2026-09-19T19:50:16Z INFO [189/500] 08e4a452-5574-41b6-8758-935b3b95820b: valid; 4.3 s; peak memory 2718 MiB.
2026-09-19T19:50:17Z INFO [190/500] 08e59224-f8f4-4a46-a247-abebb430e087: valid; 1.0 s; peak memory 2720 MiB.
2026-09-19T19:50:18Z INFO [191/500] 08e5a000-0500-4083-aa99-47e4e53d684e: valid; 0.9 s; peak memory 2723 MiB.
2026-09-19T19:50:19Z INFO [192/500] 08e69f3c-4c07-4753-886b-8a653e678c7c: valid; 1.1 s; peak memory 2728 MiB.
2026-09-19T19:50:22Z INFO [193/500] 08e70550-23a8-4fc2-a31d-1699e14c977c: valid; 2.8 s; peak memory 2733 MiB.
2026-09-19T19:50:23Z INFO [194/500] 08e7facd-e0da-4679-869a-2690ab6f4be0: valid; 1.2 s; peak memory 2733 MiB.
2026-09-19T19:50:30Z INFO [195/500] 08e87489-9aef-4e19-92f2-4248d1e1c560: valid; 7.0 s; peak memory 2944 MiB.
2026-09-19T19:50:38Z INFO [196/500] 08e8f32e-c698-4d22-b963-b29cbeaa43e8: valid; 8.0 s; peak memory 3001 MiB.
2026-09-19T19:50:39Z INFO [197/500] 08e92695-6bbc-400b-b4b3-97913fddd42d: valid; 0.7 s; peak memory 3001 MiB.
2026-09-19T19:50:42Z INFO [198/500] 08ea1571-8912-4535-89ac-5e9e6647e80e: valid; 2.9 s; peak memory 3103 MiB.
2026-09-19T19:50:44Z INFO [199/500] 08ea1c4c-528e-4898-9899-ba7bc6693037: valid; 2.1 s; peak memory 3103 MiB.
2026-09-19T19:50:51Z INFO [200/500] 08ea54e4-d466-43ed-9c72-39ea4e4e6322: valid; 7.3 s; peak memory 3103 MiB.
2026-09-19T19:50:52Z INFO [200/500] 08ea54e4-d466-43ed-9c72-39ea4e4e6322: checkpointed 70710 records.
2026-09-19T19:50:55Z INFO [201/500] 08ea5ef4-96f3-47f0-9993-e43fcd4586d0: valid; 2.7 s; peak memory 3114 MiB.
2026-09-19T19:50:57Z INFO [202/500] 08ea9d0e-678d-4737-a563-8749f86d1b13: valid; 2.0 s; peak memory 3123 MiB.
2026-09-19T19:50:58Z INFO [203/500] 08eb03fe-ea93-4b60-9e36-c10560de8113: valid; 1.3 s; peak memory 3123 MiB.
2026-09-19T19:50:59Z INFO [204/500] 08eb4e23-ac06-4a98-8d6a-b1129ccd8e66: valid; 1.1 s; peak memory 3123 MiB.
2026-09-19T19:51:02Z INFO [205/500] 08eb84a9-f4e4-4a90-948f-0d09daeee9f0: valid; 2.8 s; peak memory 3123 MiB.
2026-09-19T19:51:03Z INFO [206/500] 08eba4f8-0fdd-4abc-a124-11ca95e3231f: valid; 1.3 s; peak memory 3123 MiB.
2026-09-19T19:51:05Z INFO [207/500] 08ec5fe2-4e07-4f23-946b-89016e625ae9: valid; 1.9 s; peak memory 3123 MiB.
2026-09-19T19:51:10Z INFO [208/500] 08ecf617-c7c4-4ad9-b665-053db70801aa: valid; 5.1 s; peak memory 3123 MiB.
2026-09-19T19:51:12Z INFO [209/500] 08ed56e1-b3ec-4753-9191-1efc086c4e8f: valid; 1.6 s; peak memory 3123 MiB.
2026-09-19T19:51:12Z INFO [210/500] 08ed8a5b-dd4d-4dff-ab56-f30b85ca38ee: valid; 0.8 s; peak memory 3123 MiB.
2026-09-19T19:51:13Z INFO [211/500] 08edd889-5e2a-497a-909b-2c7b90cc682f: valid; 0.9 s; peak memory 3123 MiB.
2026-09-19T19:51:14Z INFO [212/500] 08ee0e96-c44e-477b-974f-731984fec76a: valid; 0.8 s; peak memory 3123 MiB.
2026-09-19T19:51:15Z INFO [213/500] 08ee1a2d-ebc7-4b7c-8915-e0da2f280363: valid; 0.9 s; peak memory 3123 MiB.
2026-09-19T19:51:16Z INFO [214/500] 08ef1715-ebd5-4afb-b4ca-48f1846b4369: valid; 0.8 s; peak memory 3123 MiB.
2026-09-19T19:51:17Z INFO [215/500] 08ef18bd-1e75-4302-be07-29bda6cbef06: valid; 0.8 s; peak memory 3123 MiB.
2026-09-19T19:51:18Z INFO [216/500] 08ef1cdd-c67e-47b8-8eb5-b5149ec45bf8: valid; 1.4 s; peak memory 3123 MiB.
2026-09-19T19:51:24Z INFO [217/500] 08ef619d-189b-401f-b9ff-b50a9d1f29e3: valid; 5.8 s; peak memory 3139 MiB.
2026-09-19T19:51:25Z INFO [218/500] 08ef7fd5-8088-4a0b-9518-fa929edef951: valid; 0.9 s; peak memory 3141 MiB.
2026-09-19T19:51:26Z INFO [219/500] 08efd8b4-27d7-493b-a115-76531d36b27d: not valid; 1.2 s; peak memory 3147 MiB.
2026-09-19T19:51:27Z INFO [220/500] 08efe47a-2912-45b4-a088-cf471be33d7e: valid; 0.7 s; peak memory 3148 MiB.
2026-09-19T19:51:27Z INFO [221/500] 08eff9b7-4295-4cff-a1bf-c00235252783: valid; 0.8 s; peak memory 3151 MiB.
2026-09-19T19:51:28Z INFO [222/500] 08f0264f-c709-4409-986b-d1d23dff6cd0: valid; 0.7 s; peak memory 3151 MiB.
2026-09-19T19:51:30Z INFO [223/500] 08f04ddc-9465-4124-99a7-e101bf024b6e: valid; 2.0 s; peak memory 3154 MiB.
2026-09-19T19:51:31Z INFO [224/500] 08f0724a-2dfd-49ba-86ac-bd3f68c3709e: not valid; 0.9 s; peak memory 3154 MiB.
2026-09-19T19:51:34Z INFO [225/500] 08f07920-c6d4-4d36-ab20-db47ef27d16e: not valid; 3.5 s; peak memory 3154 MiB.
2026-09-19T19:51:35Z INFO [226/500] 08f08110-110a-4c51-a1b2-78220576a5ea: valid; 0.8 s; peak memory 3154 MiB.
2026-09-19T19:51:37Z INFO [227/500] 08f0a77f-603f-46f1-955b-ac994e79a176: valid; 1.5 s; peak memory 3154 MiB.
2026-09-19T19:51:38Z INFO [228/500] 08f0c050-25f3-49cd-94a8-d83ace9c26f5: valid; 0.9 s; peak memory 3154 MiB.
2026-09-19T19:51:39Z INFO [229/500] 08f0c5a0-74ee-47f5-b8a3-1dd075df3050: not valid; 1.1 s; peak memory 3154 MiB.
2026-09-19T19:52:53Z INFO [230/500] 08f1d849-9a84-436e-b270-7add15eccd37: valid; 74.2 s; peak memory 3807 MiB.
2026-09-19T19:52:54Z INFO [231/500] 08f20ad1-cb84-483d-855b-647ff6e2cf1c: valid; 1.5 s; peak memory 3807 MiB.
2026-09-19T19:52:58Z INFO [232/500] 08f20d44-efda-4b0f-a1f0-d6a025357b09: not valid; 3.1 s; peak memory 3807 MiB.
2026-09-19T19:54:42Z INFO [233/500] 08f23724-a9be-4365-9e4a-66dd788a3f0b: valid; 104.2 s; peak memory 4243 MiB.
2026-09-19T19:54:44Z INFO [234/500] 08f23d69-e0b6-4c2e-945c-3f3b7329c924: valid; 2.1 s; peak memory 4245 MiB.
2026-09-19T19:54:46Z INFO [235/500] 08f2f6e7-17fd-4312-94cf-16bb43818e92: valid; 2.0 s; peak memory 4245 MiB.
2026-09-19T19:54:47Z INFO [236/500] 08f34c44-d6b3-4b5f-b6f3-73e36eda0e59: valid; 1.3 s; peak memory 4245 MiB.
2026-09-19T19:54:48Z INFO [237/500] 08f359a2-acf0-470c-a567-83c577b114f7: valid; 0.7 s; peak memory 4245 MiB.
2026-09-19T19:54:49Z INFO [238/500] 08f37658-c799-41e8-842b-43ad38a7b228: not valid; 1.0 s; peak memory 4245 MiB.
2026-09-19T19:54:59Z INFO [239/500] 08f4af56-cdeb-4408-88f1-3c9f48822dda: valid; 10.0 s; peak memory 4245 MiB.
2026-09-19T19:55:02Z INFO [240/500] 08f61f28-8994-4f48-8f76-ab1b6dee46fa: not valid; 3.3 s; peak memory 4245 MiB.
2026-09-19T19:55:03Z INFO [241/500] 08f6ad66-30fe-4bd3-a1e4-6f8a4522858e: valid; 0.9 s; peak memory 4245 MiB.
2026-09-19T19:55:05Z INFO [242/500] 08f7470c-0bb1-459d-b8a8-5cf77a658f7d: valid; 1.9 s; peak memory 4245 MiB.
2026-09-19T19:55:06Z INFO [243/500] 08f76c97-a3e6-4c94-9b57-312232814b22: valid; 1.2 s; peak memory 4245 MiB.
2026-09-19T19:55:07Z INFO [244/500] 08f77e52-4716-4587-b5b1-97abc0d1bb36: valid; 0.9 s; peak memory 4245 MiB.
2026-09-19T19:55:08Z INFO [245/500] 08f822d0-c311-4b7b-a538-d86a669a1425: valid; 1.4 s; peak memory 4245 MiB.
2026-09-19T19:55:10Z INFO [246/500] 08f84741-d3c6-4c05-950f-547633dbd30d: valid; 1.2 s; peak memory 4245 MiB.
2026-09-19T19:55:11Z INFO [247/500] 08f86cd6-e614-48f4-90ac-da7e6d9fac8a: valid; 1.1 s; peak memory 4245 MiB.
2026-09-19T19:55:12Z INFO [248/500] 08f870d2-dd31-4c9c-83f5-efcef92f972d: valid; 1.5 s; peak memory 4245 MiB.
2026-09-19T19:55:13Z INFO [249/500] 08f8774e-d489-4c89-9f5f-8c52822dcc46: valid; 0.9 s; peak memory 4245 MiB.
2026-09-19T19:55:15Z INFO [250/500] 08f87e25-6685-4050-959c-5f4f092c02c1: valid; 1.5 s; peak memory 4245 MiB.
2026-09-19T19:55:15Z INFO [250/500] 08f87e25-6685-4050-959c-5f4f092c02c1: checkpointed 70760 records.
2026-09-19T19:55:16Z INFO [251/500] 08f8f259-4a18-4c09-ac61-84d8ca797be2: not valid; 0.9 s; peak memory 4245 MiB.
2026-09-19T19:55:17Z INFO [252/500] 08f9b4bb-2e6c-4ea2-932a-6cf5243ad6e5: valid; 1.2 s; peak memory 4245 MiB.
2026-09-19T19:55:19Z INFO [253/500] 08fa2223-fb14-49cb-8b0c-8f01db9b0209: valid; 1.7 s; peak memory 4245 MiB.
2026-09-19T19:55:20Z INFO [254/500] 08fa64bb-523e-410e-898a-090d4fe07b51: valid; 0.7 s; peak memory 4245 MiB.
2026-09-19T19:55:21Z INFO [255/500] 08fa6907-cc52-4ebb-979d-75d4601392eb: not valid; 1.0 s; peak memory 4245 MiB.
2026-09-19T19:55:23Z INFO [256/500] 08fab2d6-a0df-46b3-a5ed-c42f864fb2ba: valid; 2.1 s; peak memory 4245 MiB.
2026-09-19T19:55:24Z INFO [257/500] 08fb0007-e004-4dee-a668-ad14ed014b7f: valid; 1.4 s; peak memory 4245 MiB.
2026-09-19T19:55:25Z INFO [258/500] 08fb1040-1b84-4814-8fb7-af4767561d88: valid; 0.8 s; peak memory 4245 MiB.
2026-09-19T19:55:26Z INFO [259/500] 08fb9d81-4375-431f-9d7c-429cabf51986: valid; 0.7 s; peak memory 4245 MiB.
2026-09-19T19:55:27Z INFO [260/500] 08fba1c9-a4fe-49a5-acc0-3db0aef46401: not valid; 1.1 s; peak memory 4245 MiB.
2026-09-19T19:55:28Z INFO [261/500] 08fc4364-4016-424c-8d26-000339a15df2: valid; 0.8 s; peak memory 4245 MiB.
2026-09-19T19:55:33Z INFO [262/500] 08fcef0e-bc73-43b9-9b14-87d1845e79c1: not valid; 5.2 s; peak memory 4245 MiB.
2026-09-19T19:55:35Z INFO [263/500] 08fd8850-3a50-4c42-b652-b3e0d35d16dc: valid; 2.0 s; peak memory 4245 MiB.
2026-09-19T19:55:35Z INFO [264/500] 08fda99a-01ab-4176-9546-073734de664f: valid; 0.7 s; peak memory 4245 MiB.
2026-09-19T19:55:36Z INFO [265/500] 08ff0d43-f20e-4ed5-8b97-1b97a97f93f4: valid; 0.8 s; peak memory 4245 MiB.
2026-09-19T19:55:39Z INFO [266/500] 09005235-8c64-4d60-b8de-905598de830a: valid; 2.5 s; peak memory 4245 MiB.
2026-09-19T19:55:41Z INFO [267/500] 0900e644-f37d-4451-a719-74e3473774cc: not valid; 2.0 s; peak memory 4245 MiB.
2026-09-19T19:55:42Z INFO [268/500] 09012602-d498-4532-883c-b70dd4b2e2e8: valid; 0.7 s; peak memory 4245 MiB.
2026-09-19T19:55:42Z INFO [269/500] 090142c1-b0ce-4016-9134-094612f202b2: valid; 0.8 s; peak memory 4245 MiB.
2026-09-19T19:55:49Z INFO [270/500] 09015e61-ee5e-4dbb-89f6-b86d5c964396: valid; 6.3 s; peak memory 4245 MiB.
2026-09-19T19:55:51Z INFO [271/500] 09018444-4dd2-48b5-aaf3-bd1d485f818d: valid; 2.6 s; peak memory 4245 MiB.
2026-09-19T19:55:52Z INFO [272/500] 0902a643-596e-49af-8e7f-a9c205d04ce5: valid; 0.7 s; peak memory 4245 MiB.
2026-09-19T19:56:01Z INFO [273/500] 0902b6ab-037b-4202-85f5-7614e1d78818: valid; 8.8 s; peak memory 4245 MiB.
2026-09-19T19:56:02Z INFO [274/500] 09030112-3ceb-4ef3-9791-b255b2800c5d: valid; 1.1 s; peak memory 4245 MiB.
2026-09-19T19:56:03Z INFO [275/500] 09040166-c97c-4f81-93b9-fe6521bd2f9c: valid; 0.7 s; peak memory 4245 MiB.
2026-09-19T19:56:04Z INFO [276/500] 0904bc61-0407-4d02-8a1b-1c830bfe97d1: valid; 1.1 s; peak memory 4245 MiB.
2026-09-19T19:56:05Z INFO [277/500] 09055d67-72d1-44ab-b14f-f766a152c190: not valid; 0.9 s; peak memory 4245 MiB.
2026-09-19T19:56:08Z INFO [278/500] 0905fa48-ba75-4166-bbcf-69fce680e9bc: not valid; 3.9 s; peak memory 4245 MiB.
2026-09-19T19:56:09Z WARNING 0906234f-4d44-47e1-b104-f9d2db64d50f: failed while retrieving asset information from the DANDI API (NotFoundError: No asset at path 'sub-parkinson-simulated-beta/sub-parkinson-simulated-beta_ses-4059_ecephys.nwb' in version 0.250327.2220. Verify the path is correct and the asset exists in this version. Use 'dandi ls' to list available assets.)
2026-09-19T19:56:11Z INFO [280/500] 09063dca-3ce0-4355-8cf8-d05d289bbabe: not valid; 2.5 s; peak memory 4245 MiB.
2026-09-19T19:56:14Z INFO [281/500] 09066d75-db2e-4237-8147-58b630917e01: not valid; 3.1 s; peak memory 4245 MiB.
2026-09-19T19:56:21Z INFO [282/500] 09067f67-228a-4b5a-8e83-254078d526f6: valid; 6.7 s; peak memory 4384 MiB.
2026-09-19T19:56:22Z WARNING 0906c0fe-d87d-4b69-8e30-d44e034f5e4e: failed while opening the NWB file (ConstructError: (root/acquisition/_iblmic_audioSpectrogram/bands GroupBuilder {'attributes': {'colnames': array(['freq'], dtype=object), 'description': 'spectogram frequencies', 'namespace': 'core', 'neurodata_type': 'FrequencyBandsTable', 'object_id': '24c684e7-3794-4b8b-b35f-b22e82c16032'}, 'groups': {}, 'datasets': {'freq': root/acquisition/_iblmic_audioSpectrogram/bands/freq DatasetBuilder {'attributes': {'description': 'frequency value', 'namespace': 'hdmf-common', 'neurodata_type': 'VectorData', 'object_id': '5f5f7c72-ffe7-46a1-b032-b5e00fd0d14d'}, 'data': <HDF5 dataset "freq": shape (257,), type "<f4">}, 'id': root/acquisition/_iblmic_audioSpectrogram/bands/id DatasetBuilder {'attributes': {'namespace': 'hdmf-common', 'neurodata_type': 'ElementIdentifiers', 'object_id': '2b09e728-b2ce-4fda-ad65-fb1f8e050f29'}, 'data': <HDF5 dataset "id": shape (257,), type "<i4">}}, 'links': {}}, "Could not construct FrequencyBandsTable object due to: column must have the same number of rows as 'id'"))
2026-09-19T19:56:24Z INFO [284/500] 0906cd85-9c9c-4c73-88f3-24c9dc343923: valid; 1.5 s; peak memory 4384 MiB.
2026-09-19T19:56:45Z INFO [285/500] 0906e998-4acd-4efe-9144-c2bd1d63855a: not valid; 21.0 s; peak memory 4384 MiB.
2026-09-19T19:56:45Z INFO [286/500] 0906fb69-6e83-449b-be9b-e485ca30743d: valid; 0.8 s; peak memory 4384 MiB.
2026-09-19T19:56:47Z INFO [287/500] 09073220-fbea-45d2-9a39-2cc61fcdc2a1: valid; 2.1 s; peak memory 4384 MiB.
2026-09-19T19:56:49Z INFO [288/500] 0907a192-5efa-4def-ad95-75cee37b90d9: valid; 1.5 s; peak memory 4384 MiB.
2026-09-19T19:56:50Z INFO [289/500] 0907b25e-7804-4436-a38f-f790134068d0: valid; 0.9 s; peak memory 4384 MiB.
2026-09-19T19:56:51Z INFO [290/500] 0907e77e-0299-40e0-ad97-f8d6f2c7b70f: valid; 1.6 s; peak memory 4384 MiB.
2026-09-19T19:56:53Z INFO [291/500] 090961ab-0da3-45d5-adba-976ffc482370: valid; 1.4 s; peak memory 4384 MiB.
2026-09-19T19:56:54Z INFO [292/500] 09098862-83ea-4cd5-9b68-aff1970eb313: valid; 0.9 s; peak memory 4384 MiB.
2026-09-19T19:56:58Z INFO [293/500] 09099fa5-78a7-4af0-a7b2-4b0327ae35e0: valid; 4.0 s; peak memory 4384 MiB.
2026-09-19T19:57:05Z INFO [294/500] 090a9b0d-e6c7-44a8-a64d-4fbdcc6e675d: valid; 7.5 s; peak memory 4384 MiB.
2026-09-19T19:57:07Z INFO [295/500] 090aedb6-4fc8-4aad-9b45-b1ee91f0bd47: valid; 1.9 s; peak memory 4384 MiB.
2026-09-19T19:57:09Z INFO [296/500] 090c4d34-4df2-4cb4-bdd9-f5daf75facb4: valid; 2.2 s; peak memory 4384 MiB.
2026-09-19T19:57:10Z INFO [297/500] 090ca965-18c1-436d-a4a4-6ca8ace88904: not valid; 1.3 s; peak memory 4384 MiB.
2026-09-19T19:57:11Z INFO [298/500] 090cc65f-e8b5-413e-a327-54abf36341cf: valid; 0.7 s; peak memory 4384 MiB.
2026-09-19T19:57:13Z INFO [299/500] 090d7617-220a-4e03-a144-2f9fd9ed36da: valid; 1.4 s; peak memory 4384 MiB.
2026-09-19T19:57:14Z INFO [300/500] 090e28c3-fecc-4440-b2a6-152d9ce998ce: valid; 1.6 s; peak memory 4384 MiB.
2026-09-19T19:57:15Z INFO [300/500] 090e28c3-fecc-4440-b2a6-152d9ce998ce: checkpointed 70810 records.
2026-09-19T19:57:57Z INFO [301/500] 090e42a3-aea4-44e3-8ac0-345ab31b22b8: not valid; 42.5 s; peak memory 5264 MiB.
2026-09-19T19:57:58Z INFO [302/500] 090e5be7-dc29-4b13-bc8d-1ae022003b81: valid; 1.1 s; peak memory 5271 MiB.
2026-09-19T19:57:59Z INFO [303/500] 090e970c-e7ca-41ee-ae9d-bd4845a673c8: valid; 0.8 s; peak memory 5271 MiB.
2026-09-19T19:58:03Z INFO [304/500] 090f2d68-fd47-4104-b772-5a36eb2453f5: valid; 4.0 s; peak memory 5279 MiB.
2026-09-19T19:58:11Z INFO [305/500] 09100d36-48cc-4780-a7fa-204ac29f99ff: valid; 8.0 s; peak memory 5304 MiB.
2026-09-19T19:58:12Z INFO [306/500] 0910e831-682d-4b0a-8d29-6f6260620fcf: valid; 1.2 s; peak memory 5306 MiB.
2026-09-19T19:58:13Z INFO [307/500] 0910fbee-e30e-444e-a9e4-39f3b311df2a: valid; 0.8 s; peak memory 5307 MiB.
2026-09-19T19:58:15Z INFO [308/500] 09113650-f9dc-4382-ae58-5af66dab4dc4: valid; 1.9 s; peak memory 5339 MiB.
2026-09-19T19:58:17Z INFO [309/500] 09115960-9221-4306-9e91-ba650981f4de: not valid; 2.1 s; peak memory 5339 MiB.
2026-09-19T19:58:18Z INFO [310/500] 09120648-bfe6-48dc-9234-50dfae31ddf3: valid; 0.8 s; peak memory 5339 MiB.
2026-09-19T19:58:19Z INFO [311/500] 091213d8-261c-4b05-829c-b36190184cf4: valid; 1.6 s; peak memory 5339 MiB.
2026-09-19T19:58:20Z INFO [312/500] 09121fab-d964-471e-bb59-b7d1a6c23376: not valid; 1.1 s; peak memory 5339 MiB.
2026-09-19T19:58:26Z INFO [313/500] 09127771-b041-49c0-afa4-3a5a34a16340: valid; 5.3 s; peak memory 5339 MiB.
2026-09-19T19:58:28Z INFO [314/500] 0912ec4c-e4f0-43b0-9abd-09be0e645acb: valid; 2.0 s; peak memory 5339 MiB.
2026-09-19T19:58:29Z INFO [315/500] 0913610a-a4a5-46df-ac1f-54acc2ce1bfb: valid; 0.7 s; peak memory 5339 MiB.
2026-09-19T19:58:30Z INFO [316/500] 091416e2-8ee9-417e-9cba-944e2ce0406b: not valid; 0.9 s; peak memory 5339 MiB.
2026-09-19T19:58:31Z INFO [317/500] 09142761-dd66-42aa-a4e6-b344ab01f4f2: valid; 1.5 s; peak memory 5339 MiB.
2026-09-19T19:58:35Z INFO [318/500] 09143e5b-2c0c-4a7f-b4a7-3369b7817248: valid; 4.4 s; peak memory 5339 MiB.
2026-09-19T19:58:36Z INFO [319/500] 09144fd8-cb93-4fe7-932c-f1823ea18367: valid; 0.7 s; peak memory 5339 MiB.
2026-09-19T19:58:39Z INFO [320/500] 0914eba1-be13-401d-ae18-e39050ea069f: not valid; 3.1 s; peak memory 5339 MiB.
2026-09-19T19:58:41Z INFO [321/500] 09151aba-e8e4-43f2-b8ca-f64dd9e5cd09: valid; 1.7 s; peak memory 5339 MiB.
2026-09-19T19:58:42Z INFO [322/500] 0915cfce-373e-4ee6-b49a-fc0d5b55d360: valid; 0.8 s; peak memory 5339 MiB.
2026-09-19T19:58:43Z INFO [323/500] 091634b5-1ac4-4e8a-8ee9-f55f28df0c35: valid; 0.8 s; peak memory 5339 MiB.
2026-09-19T19:58:43Z INFO [324/500] 09167eea-0fad-4f77-9260-5af66eb25c8b: valid; 0.7 s; peak memory 5339 MiB.
2026-09-19T19:58:44Z INFO [325/500] 09171f41-ec4b-448c-bad3-b371edb98787: valid; 0.8 s; peak memory 5339 MiB.
2026-09-19T19:58:45Z INFO [326/500] 091730ae-5015-4a34-bd01-2386529cbcee: valid; 1.5 s; peak memory 5339 MiB.
2026-09-19T19:58:46Z INFO [327/500] 09179d19-caa3-4cb1-b839-815b7fdb2a29: valid; 0.8 s; peak memory 5339 MiB.
2026-09-19T19:58:47Z INFO [328/500] 0917c91c-72d6-412e-b9ef-13b8e22868f8: valid; 0.8 s; peak memory 5339 MiB.
2026-09-19T19:58:48Z INFO [329/500] 0917d97d-4aa3-4881-89e1-2071af08c64a: valid; 0.9 s; peak memory 5339 MiB.
2026-09-19T19:58:49Z INFO [330/500] 091966e8-08a9-4a0a-b9e0-df944d414190: not valid; 1.0 s; peak memory 5339 MiB.
2026-09-19T19:58:49Z WARNING 0919c267-40ce-41fe-8b79-9cc8d396840a: failed while retrieving asset information from the DANDI API (NotFoundError: No asset at path 'sub-healthy-simulated-beta/sub-healthy-simulated-beta_ses-1251_ecephys.nwb' in version 0.250327.2220. Verify the path is correct and the asset exists in this version. Use 'dandi ls' to list available assets.)
2026-09-19T19:58:50Z INFO [332/500] 0919e532-0f1c-4c99-9c32-c699a90b062c: valid; 0.8 s; peak memory 5339 MiB.
2026-09-19T19:58:51Z INFO [333/500] 091ae5bb-759b-479b-8c44-8a58d59aeeb4: valid; 1.3 s; peak memory 5339 MiB.
2026-09-19T19:58:52Z WARNING 091b42a7-c6c3-4ca7-9d07-f6753c3a4c18: failed while opening the NWB file (ConstructError: (root/acquisition/_iblmic_audioSpectrogram/bands GroupBuilder {'attributes': {'colnames': array(['freq'], dtype=object), 'description': 'spectogram frequencies', 'namespace': 'core', 'neurodata_type': 'FrequencyBandsTable', 'object_id': '4040cb78-72f3-486a-8aaa-14c817201d85'}, 'groups': {}, 'datasets': {'freq': root/acquisition/_iblmic_audioSpectrogram/bands/freq DatasetBuilder {'attributes': {'description': 'frequency value', 'namespace': 'hdmf-common', 'neurodata_type': 'VectorData', 'object_id': 'b4e487b5-23ba-4282-8cc1-1a9748200aed'}, 'data': <HDF5 dataset "freq": shape (257,), type "<f4">}, 'id': root/acquisition/_iblmic_audioSpectrogram/bands/id DatasetBuilder {'attributes': {'namespace': 'hdmf-common', 'neurodata_type': 'ElementIdentifiers', 'object_id': '0f4a7e34-2e46-42d5-91c7-699c4ea39a4b'}, 'data': <HDF5 dataset "id": shape (257,), type "<i4">}}, 'links': {}}, "Could not construct FrequencyBandsTable object due to: column must have the same number of rows as 'id'"))
2026-09-19T19:58:54Z INFO [335/500] 091b5170-94b6-483e-ac0a-e1d43f3a7d7d: valid; 1.4 s; peak memory 5339 MiB.
2026-09-19T19:58:55Z INFO [336/500] 091b7cab-daca-4ddf-8ee6-194022105793: valid; 1.1 s; peak memory 5339 MiB.
2026-09-19T19:58:56Z INFO [337/500] 091b9a0c-9b6b-4754-9b0d-19de6b6b33e5: valid; 1.0 s; peak memory 5339 MiB.
2026-09-19T19:58:57Z INFO [338/500] 091ba146-5ee0-4480-ae24-df78af0bb795: not valid; 0.8 s; peak memory 5339 MiB.
2026-09-19T19:58:58Z INFO [339/500] 091caefe-e0f8-451a-ab8f-ed3ca7124a7e: not valid; 1.7 s; peak memory 5339 MiB.
2026-09-19T19:58:59Z INFO [340/500] 091cbce9-bf1e-4f1e-b63c-867b239d3880: not valid; 0.9 s; peak memory 5339 MiB.
2026-09-19T19:59:00Z INFO [341/500] 091cde92-06ce-48af-85b4-9228c47ffcae: valid; 0.8 s; peak memory 5339 MiB.
2026-09-19T19:59:01Z INFO [342/500] 091d3dbc-bcff-4865-bd4f-8fedc8de2bb1: not valid; 1.3 s; peak memory 5339 MiB.
2026-09-19T19:59:04Z INFO [343/500] 091e1a55-3dd3-430b-b83d-93a5ba2b398b: not valid; 2.3 s; peak memory 5339 MiB.
2026-09-19T19:59:05Z INFO [344/500] 091e4117-6813-436c-93b8-4be96b3d5094: not valid; 1.5 s; peak memory 5339 MiB.
2026-09-19T19:59:06Z INFO [345/500] 091e9f28-2f5c-447b-8d8d-f148ef483064: not valid; 1.1 s; peak memory 5339 MiB.
2026-09-19T19:59:07Z INFO [346/500] 091ed9e6-43a3-43f0-8983-b6b45d67638c: valid; 1.1 s; peak memory 5339 MiB.
2026-09-19T19:59:09Z INFO [347/500] 091ee0ca-35be-4dce-8a2f-61958ca3bb06: valid; 1.3 s; peak memory 5339 MiB.
2026-09-19T19:59:10Z INFO [348/500] 0920347c-ca33-42fb-8e03-a33e58f649a2: valid; 1.7 s; peak memory 5339 MiB.
2026-09-19T19:59:11Z INFO [349/500] 09204a08-351e-4969-912f-120182162f0e: valid; 0.8 s; peak memory 5339 MiB.
2026-09-19T19:59:13Z INFO [350/500] 092118e1-e22b-483d-b3b1-4703327ae070: valid; 1.4 s; peak memory 5339 MiB.
2026-09-19T19:59:13Z INFO [350/500] 092118e1-e22b-483d-b3b1-4703327ae070: checkpointed 70860 records.
2026-09-19T19:59:15Z INFO [351/500] 0921d7f0-8aab-4cf2-b8e0-b8df6fd2d971: valid; 1.7 s; peak memory 5339 MiB.
2026-09-19T19:59:16Z INFO [352/500] 0922352f-40f3-4259-beba-8a1c526a8d7c: valid; 1.2 s; peak memory 5339 MiB.
2026-09-19T19:59:17Z INFO [353/500] 092238e0-87c5-4692-8071-b6f108a5723a: not valid; 1.1 s; peak memory 5339 MiB.
2026-09-19T19:59:18Z INFO [354/500] 09224bb3-8c6e-4530-9ade-ffdbcebd10a4: valid; 0.8 s; peak memory 5339 MiB.
2026-09-19T19:59:19Z INFO [355/500] 092290e3-1e35-48bc-a1c5-6a76a9170b32: valid; 1.7 s; peak memory 5339 MiB.
2026-09-19T19:59:20Z INFO [356/500] 09234304-e5e6-4778-abdd-d6d64eaa447c: valid; 1.1 s; peak memory 5339 MiB.
2026-09-19T19:59:22Z WARNING 09243d9f-769c-4366-9037-6afe5937d9fe: failed while opening the NWB file (ConstructError: (root/acquisition/_iblmic_audioSpectrogram/bands GroupBuilder {'attributes': {'colnames': array(['freq'], dtype=object), 'description': 'spectogram frequencies', 'namespace': 'core', 'neurodata_type': 'FrequencyBandsTable', 'object_id': '81182d53-d213-4e10-a1e9-f27d61152e74'}, 'groups': {}, 'datasets': {'freq': root/acquisition/_iblmic_audioSpectrogram/bands/freq DatasetBuilder {'attributes': {'description': 'frequency value', 'namespace': 'hdmf-common', 'neurodata_type': 'VectorData', 'object_id': 'efac53a0-faa2-4a1e-ae60-6a40468189fd'}, 'data': <HDF5 dataset "freq": shape (257,), type "<f4">}, 'id': root/acquisition/_iblmic_audioSpectrogram/bands/id DatasetBuilder {'attributes': {'namespace': 'hdmf-common', 'neurodata_type': 'ElementIdentifiers', 'object_id': 'a3ea769c-5c2b-4a14-92cd-c62e59db3843'}, 'data': <HDF5 dataset "id": shape (257,), type "<i4">}}, 'links': {}}, "Could not construct FrequencyBandsTable object due to: column must have the same number of rows as 'id'"))
2026-09-19T19:59:23Z INFO [358/500] 092452fa-425b-49f5-b19d-8cec020c30fc: not valid; 1.3 s; peak memory 5339 MiB.
2026-09-19T19:59:25Z INFO [359/500] 0924acdd-1390-46ab-8e46-16c342383e2a: valid; 2.1 s; peak memory 5339 MiB.
2026-09-19T19:59:27Z INFO [360/500] 0924b117-fd21-4d43-a48c-a2e17ded749f: valid; 2.1 s; peak memory 5344 MiB.
2026-09-19T19:59:35Z INFO [361/500] 09259830-8f17-4af9-ae39-8b42344aa6ed: valid; 7.8 s; peak memory 5361 MiB.
2026-09-19T19:59:37Z INFO [362/500] 0925a2d7-be2f-485e-9296-ba81982f9576: not valid; 1.5 s; peak memory 5364 MiB.
2026-09-19T19:59:38Z INFO [363/500] 0925a38d-a073-4c94-a4ab-efebd6362d72: valid; 1.5 s; peak memory 5366 MiB.
2026-09-19T19:59:40Z INFO [364/500] 0925f9c6-2bb7-462b-bdc3-ea9e304e4f18: valid; 2.0 s; peak memory 5370 MiB.
2026-09-19T19:59:42Z INFO [365/500] 09267478-3633-4747-8bc6-8856d9d51218: valid; 1.7 s; peak memory 5401 MiB.
2026-09-19T19:59:43Z INFO [366/500] 09269f7d-9173-418f-ab2a-52a20325389e: not valid; 1.3 s; peak memory 5401 MiB.
2026-09-19T19:59:45Z INFO [367/500] 09272d8e-6125-4976-9af7-06ff7123b736: valid; 1.5 s; peak memory 5401 MiB.
2026-09-19T19:59:47Z INFO [368/500] 09272e56-9619-4a1f-8445-381a16b2dd7a: not valid; 2.2 s; peak memory 5401 MiB.
2026-09-19T19:59:48Z INFO [369/500] 0927a006-576d-4827-8c8c-30725dcf1997: valid; 0.9 s; peak memory 5401 MiB.
2026-09-19T19:59:51Z INFO [370/500] 09286aa2-08b0-40f5-9a8e-072fd7073e15: valid; 3.1 s; peak memory 5401 MiB.
2026-09-19T19:59:52Z INFO [371/500] 0928b023-229e-44ba-a165-40554cf61f7c: not valid; 1.0 s; peak memory 5401 MiB.
2026-09-19T19:59:53Z INFO [372/500] 0928eed2-7d64-4dab-aa88-7bf62a9daf64: valid; 1.0 s; peak memory 5401 MiB.
2026-09-19T19:59:54Z INFO [373/500] 092a3a4c-6d89-4a21-b8ae-3f70c09aee1b: valid; 0.7 s; peak memory 5401 MiB.
2026-09-19T19:59:54Z INFO [374/500] 092a8945-7d0d-424e-9259-7228360f1f44: valid; 0.7 s; peak memory 5401 MiB.
2026-09-19T19:59:55Z INFO [375/500] 092ae50b-6a02-4510-88ed-1cf15537fcf0: not valid; 1.1 s; peak memory 5401 MiB.
2026-09-19T19:59:57Z INFO [376/500] 092b180e-403d-4cf1-8cc4-fd8afccca834: not valid; 1.5 s; peak memory 5401 MiB.
2026-09-19T19:59:58Z INFO [377/500] 092b9969-f18a-4ceb-85b3-7ffc2ce3cd1f: valid; 0.9 s; peak memory 5402 MiB.
2026-09-19T20:00:00Z INFO [378/500] 092bf812-90fd-4493-a62a-14e7faaf8d61: valid; 2.0 s; peak memory 5402 MiB.
2026-09-19T20:00:06Z INFO [379/500] 092c24ef-e732-43cd-9e51-a40da7c9a34d: not valid; 6.7 s; peak memory 5402 MiB.
2026-09-19T20:00:08Z INFO [380/500] 092cba63-eef5-4c3f-b8cd-dac8b9db8482: valid; 1.4 s; peak memory 5402 MiB.
2026-09-19T20:00:09Z INFO [381/500] 092d2f5c-14f5-4a5e-b8c1-88331a00847f: valid; 0.8 s; peak memory 5403 MiB.
2026-09-19T20:00:10Z INFO [382/500] 092dd34a-612c-47eb-9563-888f986f5b88: not valid; 1.2 s; peak memory 5408 MiB.
2026-09-19T20:00:11Z INFO [383/500] 092de25b-d40c-470c-8483-b3e2aecd826d: not valid; 1.0 s; peak memory 5410 MiB.
2026-09-19T20:00:16Z INFO [384/500] 092e5ba8-3b47-4e8c-8ac6-d5aa948cab87: not valid; 5.0 s; peak memory 5440 MiB.
2026-09-19T20:00:18Z INFO [385/500] 092e5fa7-a36a-45a1-869a-c277fd8cfa38: valid; 2.0 s; peak memory 5442 MiB.
2026-09-19T20:00:19Z WARNING 092ed5de-ff1d-46fc-ba46-c8b4f2aa6b4d: failed while opening the NWB file (ConstructError: (root/acquisition/_iblmic_audioSpectrogram/bands GroupBuilder {'attributes': {'colnames': array(['freq'], dtype=object), 'description': 'spectogram frequencies', 'namespace': 'core', 'neurodata_type': 'FrequencyBandsTable', 'object_id': 'b6788acd-2a8e-4942-8925-14162eae3687'}, 'groups': {}, 'datasets': {'freq': root/acquisition/_iblmic_audioSpectrogram/bands/freq DatasetBuilder {'attributes': {'description': 'frequency value', 'namespace': 'hdmf-common', 'neurodata_type': 'VectorData', 'object_id': 'bafdeda9-c416-4044-906f-6b328b12849a'}, 'data': <HDF5 dataset "freq": shape (257,), type "<f4">}, 'id': root/acquisition/_iblmic_audioSpectrogram/bands/id DatasetBuilder {'attributes': {'namespace': 'hdmf-common', 'neurodata_type': 'ElementIdentifiers', 'object_id': 'fd6dfb84-8704-443d-af5d-81ad05d31fd0'}, 'data': <HDF5 dataset "id": shape (257,), type "<i4">}}, 'links': {}}, "Could not construct FrequencyBandsTable object due to: column must have the same number of rows as 'id'"))
2026-09-19T20:00:21Z INFO [387/500] 092ee3fe-f547-4f51-a5be-02c6b9f634dd: valid; 1.8 s; peak memory 5442 MiB.
2026-09-19T20:00:23Z INFO [388/500] 092f0423-eb08-4697-8356-7a991761b8f4: valid; 2.5 s; peak memory 5442 MiB.
2026-09-19T20:00:25Z WARNING 092f8c7a-3f41-46a4-bd79-5b75dedae9c4: failed while opening the NWB file (ConstructError: (root/acquisition/_iblmic_audioSpectrogram/bands GroupBuilder {'attributes': {'colnames': array(['freq'], dtype=object), 'description': 'spectogram frequencies', 'namespace': 'core', 'neurodata_type': 'FrequencyBandsTable', 'object_id': 'c9ca28c6-fd63-4b6d-b448-e23b1bd1a354'}, 'groups': {}, 'datasets': {'freq': root/acquisition/_iblmic_audioSpectrogram/bands/freq DatasetBuilder {'attributes': {'description': 'frequency value', 'namespace': 'hdmf-common', 'neurodata_type': 'VectorData', 'object_id': 'd128a6a2-eb81-4fac-a438-b4546a4de7e2'}, 'data': <HDF5 dataset "freq": shape (257,), type "<f4">}, 'id': root/acquisition/_iblmic_audioSpectrogram/bands/id DatasetBuilder {'attributes': {'namespace': 'hdmf-common', 'neurodata_type': 'ElementIdentifiers', 'object_id': '38b0dfe8-fe3f-4dd2-808b-f5ecc8e57ffa'}, 'data': <HDF5 dataset "id": shape (257,), type "<i4">}}, 'links': {}}, "Could not construct FrequencyBandsTable object due to: column must have the same number of rows as 'id'"))
2026-09-19T20:00:26Z INFO [390/500] 09300122-2178-40f9-a19d-f51ec1187ff5: not valid; 1.7 s; peak memory 5442 MiB.
2026-09-19T20:00:29Z INFO [391/500] 093049e3-4a44-4705-9563-9deebe0570ed: valid; 2.3 s; peak memory 5442 MiB.
2026-09-19T20:00:30Z INFO [392/500] 09309710-7953-4215-a409-921c31119ce3: valid; 0.8 s; peak memory 5442 MiB.
2026-09-19T20:00:31Z INFO [393/500] 09312675-37fc-4db6-ac0c-ff99e155f30a: valid; 1.3 s; peak memory 5442 MiB.
2026-09-19T20:00:32Z WARNING 0931b746-9d7b-4abc-83f1-307e7608caa7: failed while opening the NWB file (ConstructError: (root/acquisition/event_code_meanings GroupBuilder {'attributes': {'colnames': array(['value', 'meaning'], dtype=object), 'description': 'Mapping integer event codes to event labels', 'namespace': 'ndx-events', 'neurodata_type': 'MeaningsTable', 'object_id': 'b4acf2df-99f8-4458-9ac1-76e93501adbf'}, 'groups': {}, 'datasets': {'id': root/acquisition/event_code_meanings/id DatasetBuilder {'attributes': {'namespace': 'hdmf-common', 'neurodata_type': 'ElementIdentifiers', 'object_id': '4224b448-3aae-4a37-88d1-842aaacbfa61'}, 'data': <HDF5 dataset "id": shape (26,), type "<i8">}, 'meaning': root/acquisition/event_code_meanings/meaning DatasetBuilder {'attributes': {'description': 'The meaning of the value in the parent CategoricalVectorData object.', 'namespace': 'hdmf-experimental', 'neurodata_type': 'VectorData', 'object_id': '54558166-31a5-4bf1-aa0a-051d4acd41a8'}, 'data': <StrDataset for HDF5 dataset "meaning": shape (26,), type "|O">}, 'value': root/acquisition/event_code_meanings/value DatasetBuilder {'attributes': {'description': 'The value of the parent CategoricalVectorData object.', 'namespace': 'hdmf-experimental', 'neurodata_type': 'VectorData', 'object_id': '95f17963-7415-40d7-ad5d-7c683087af9f'}, 'data': <HDF5 dataset "value": shape (26,), type "<i8">}}, 'links': {}}, "Could not construct MeaningsTable object due to: MeaningsTable.__init__: missing argument 'target'"))
2026-09-19T20:00:33Z INFO [395/500] 0931d85d-402c-4b7b-b7ce-d3959b57f3d6: valid; 1.4 s; peak memory 5442 MiB.
2026-09-19T20:00:41Z INFO [396/500] 09321ad9-04dd-4d1b-8b0d-ffe0ba722cbb: valid; 7.9 s; peak memory 5469 MiB.
2026-09-19T20:00:43Z INFO [397/500] 09329f5a-376a-4ae9-94c8-0df85869beda: valid; 2.0 s; peak memory 5470 MiB.
2026-09-19T20:00:45Z INFO [398/500] 0932aadb-17f5-47a2-b541-562cb3653eeb: valid; 1.4 s; peak memory 5470 MiB.
2026-09-19T20:00:46Z INFO [399/500] 0932c842-7691-4533-91e9-6d0ab09dfeda: not valid; 1.3 s; peak memory 5470 MiB.
2026-09-19T20:00:47Z INFO [400/500] 093368c0-df0e-4d78-bbf1-089bd361bd30: valid; 1.3 s; peak memory 5470 MiB.
2026-09-19T20:00:48Z INFO [400/500] 093368c0-df0e-4d78-bbf1-089bd361bd30: checkpointed 70910 records.
2026-09-19T20:00:48Z WARNING 09337dc9-0664-404a-83d9-8c652950025c: failed while retrieving asset information from the DANDI API (NotFoundError: No such Dandiset: 001533)
2026-09-19T20:00:49Z INFO [402/500] 0933c009-4375-4907-aa02-3ebb62315869: not valid; 0.9 s; peak memory 5470 MiB.
2026-09-19T20:00:50Z INFO [403/500] 0934ef55-6c17-41d0-9e35-5ec807719b41: valid; 1.5 s; peak memory 5470 MiB.
2026-09-19T20:00:52Z INFO [404/500] 09356f63-a24c-4e14-90e5-10996ae666bb: valid; 1.5 s; peak memory 5470 MiB.
2026-09-19T20:00:53Z INFO [405/500] 093670ee-9103-4336-9cfc-881181ff7809: not valid; 1.0 s; peak memory 5470 MiB.
2026-09-19T20:00:54Z INFO [406/500] 0936c2fe-4072-46f7-ab56-53b6a7346658: valid; 0.8 s; peak memory 5470 MiB.
2026-09-19T20:00:55Z INFO [407/500] 09377439-87b0-4757-9a12-6fc1176cac0d: valid; 1.5 s; peak memory 5470 MiB.
2026-09-19T20:00:57Z INFO [408/500] 09385bc4-8f18-4978-a704-dbd43448423c: valid; 1.4 s; peak memory 5470 MiB.
2026-09-19T20:00:57Z INFO [409/500] 0939c469-666a-4de7-9771-549c7399e120: valid; 0.8 s; peak memory 5470 MiB.
2026-09-19T20:01:00Z INFO [410/500] 093a065f-a6d7-4ff7-8653-905f3c681ca1: valid; 2.4 s; peak memory 5472 MiB.
2026-09-19T20:01:07Z INFO [411/500] 093a123b-5483-4ebc-87a5-9a1b10f4d5ec: valid; 7.4 s; peak memory 5488 MiB.
2026-09-19T20:01:09Z INFO [412/500] 093a3c94-9384-42f3-80df-2aa2764a3fbf: valid; 1.5 s; peak memory 5512 MiB.
2026-09-19T20:01:13Z INFO [413/500] 093b3a4c-ad0a-4227-bdee-a7ad03649679: valid; 4.2 s; peak memory 5512 MiB.
2026-09-19T20:01:14Z INFO [414/500] 093b8bd7-25ee-4ac6-99c0-4331bf77be93: valid; 1.5 s; peak memory 5513 MiB.
2026-09-19T20:01:16Z INFO [415/500] 093bf5e8-e14d-4d7d-ad5d-a0d5e6ea93e5: valid; 1.7 s; peak memory 5524 MiB.
2026-09-19T20:01:23Z INFO [416/500] 093cb4f9-880a-494c-aae3-284863b3ab7c: valid; 7.1 s; peak memory 5539 MiB.
2026-09-19T20:01:24Z INFO [417/500] 093cfa93-8c3d-427f-9a50-89afde6b7439: valid; 1.0 s; peak memory 5540 MiB.
2026-09-19T20:01:25Z WARNING 093da7d0-9994-4778-a9e8-59784b0ed163: failed while opening the NWB file (ValueError: Cannot resolve included group spec 'electrodes' with data_type_inc 'ElectrodesTable' because a group spec with the same name already exists with data_type_inc 'DynamicTable', and data type 'DynamicTable' is not a child type of data type 'ElectrodesTable'.)
2026-09-19T20:01:49Z INFO [419/500] 093dd533-7fa1-4770-acd5-15783da1ee64: not valid; 23.6 s; peak memory 5594 MiB.
2026-09-19T20:01:55Z INFO [420/500] 093e3bb6-1336-4035-9c3f-d84362be24c7: valid; 6.0 s; peak memory 5642 MiB.
2026-09-19T20:02:16Z INFO [421/500] 093e79b6-6e12-496c-85c3-0424cd44513e: valid; 21.3 s; peak memory 5784 MiB.
2026-09-19T20:02:17Z INFO [422/500] 093eab9f-26a9-4a6f-8af7-994749a1e317: valid; 0.9 s; peak memory 5786 MiB.
2026-09-19T20:02:20Z INFO [423/500] 09400f07-1df6-492c-a81c-51d3c3fa973d: valid; 3.2 s; peak memory 5792 MiB.
2026-09-19T20:02:21Z INFO [424/500] 0940964a-a96e-4c8d-bf02-50dc5ee65879: valid; 0.8 s; peak memory 5794 MiB.
2026-09-19T20:02:36Z INFO [425/500] 0940b241-3901-439f-becf-328e3e9cb427: valid; 14.9 s; peak memory 5916 MiB.
2026-09-19T20:02:37Z INFO [426/500] 0941141f-cbdc-43a5-9b3a-437b6d1d82ef: valid; 1.2 s; peak memory 5920 MiB.
2026-09-19T20:02:38Z INFO [427/500] 0941211a-fdcc-45e4-8426-c6ebc21522a2: not valid; 1.4 s; peak memory 5922 MiB.
2026-09-19T20:02:41Z INFO [428/500] 09412692-df96-4be0-8e30-896b01f90615: valid; 3.2 s; peak memory 5922 MiB.
2026-09-19T20:02:48Z INFO [429/500] 09417762-1cb9-4fd8-b4a0-93b833a80453: not valid; 6.8 s; peak memory 5922 MiB.
2026-09-19T20:02:50Z INFO [430/500] 0942156f-c0fa-43fb-931a-56dbe9b3e454: not valid; 1.4 s; peak memory 5922 MiB.
2026-09-19T20:02:51Z INFO [431/500] 0942e709-8b0e-4a77-ba3d-615cf25c15ab: valid; 1.5 s; peak memory 5922 MiB.
2026-09-19T20:02:51Z WARNING 094423b3-b952-47ee-8848-13eb6006d874: failed while retrieving asset information from the DANDI API (NotFoundError: No asset at path 'sub-A3707/sub-A3707_behavior+ecephys.nwb' in version 0.260512.1701. Verify the path is correct and the asset exists in this version. Use 'dandi ls' to list available assets.)
2026-09-19T20:02:53Z WARNING 0944c6c8-ddca-4172-b507-5f1f0a0edb93: failed while opening the NWB file (ConstructError: (root/acquisition/_iblmic_audioSpectrogram/bands GroupBuilder {'attributes': {'colnames': array(['freq'], dtype=object), 'description': 'spectogram frequencies', 'namespace': 'core', 'neurodata_type': 'FrequencyBandsTable', 'object_id': '617f69e5-91cd-4da8-9c84-c66c58fe84f8'}, 'groups': {}, 'datasets': {'freq': root/acquisition/_iblmic_audioSpectrogram/bands/freq DatasetBuilder {'attributes': {'description': 'frequency value', 'namespace': 'hdmf-common', 'neurodata_type': 'VectorData', 'object_id': 'df109d29-b50d-42cb-9d2e-cb0b04733808'}, 'data': <HDF5 dataset "freq": shape (257,), type "<f4">}, 'id': root/acquisition/_iblmic_audioSpectrogram/bands/id DatasetBuilder {'attributes': {'namespace': 'hdmf-common', 'neurodata_type': 'ElementIdentifiers', 'object_id': '0e3c4985-b6c5-418c-b6c9-a136d2085097'}, 'data': <HDF5 dataset "id": shape (257,), type "<i4">}}, 'links': {}}, "Could not construct FrequencyBandsTable object due to: column must have the same number of rows as 'id'"))
2026-09-19T20:03:01Z INFO [434/500] 09451a78-8d6a-4911-bc38-83f2c8e23a0e: valid; 8.8 s; peak memory 5922 MiB.
2026-09-19T20:03:03Z INFO [435/500] 0945217e-2721-441f-80ad-ff21400633b9: valid; 1.6 s; peak memory 5922 MiB.
2026-09-19T20:03:04Z INFO [436/500] 09459563-dbf0-4757-873e-191bb4e0b3e4: valid; 0.8 s; peak memory 5923 MiB.
2026-09-19T20:03:05Z INFO [437/500] 0946b9f3-a2d6-49c6-838b-8f00e7ef52e0: valid; 0.9 s; peak memory 5923 MiB.
2026-09-19T20:03:33Z INFO [438/500] 09470cd2-2c7f-401d-9bf6-ddfbfb36f214: valid; 28.0 s; peak memory 5944 MiB.
2026-09-19T20:03:34Z INFO [439/500] 094752b3-9a95-4dfd-a139-7290f80892d8: valid; 0.8 s; peak memory 5944 MiB.
2026-09-19T20:03:34Z INFO [440/500] 09476d6c-8346-44c5-a710-ad14c7d0cb7a: valid; 0.8 s; peak memory 5944 MiB.
2026-09-19T20:03:36Z INFO [441/500] 0947ff51-dfe1-422f-a3cd-a57cae774c54: valid; 1.5 s; peak memory 5944 MiB.
2026-09-19T20:03:37Z WARNING 09487914-b5b7-4d46-b2fa-cc91e88682f4: failed while opening the NWB file (ConstructError: (root/general/optogenetics/PatternedOptogeneticStimulusSite GroupBuilder {'attributes': {'effector': 'GUR-3/PRDX-2', 'namespace': 'ndx-patterned-ogen', 'neurodata_type': 'PatternedOptogeneticStimulusSite', 'object_id': '187bae4f-bdcc-4d93-8b5d-cafe2c5ffcd4'}, 'groups': {}, 'datasets': {'description': root/general/optogenetics/PatternedOptogeneticStimulusSite/description DatasetBuilder {'attributes': {}, 'data': 'Scanning'}, 'excitation_lambda': root/general/optogenetics/PatternedOptogeneticStimulusSite/excitation_lambda DatasetBuilder {'attributes': {}, 'data': np.float64(850.0)}, 'location': root/general/optogenetics/PatternedOptogeneticStimulusSite/location DatasetBuilder {'attributes': {}, 'data': 'whole brain'}}, 'links': {'device': root/general/optogenetics/PatternedOptogeneticStimulusSite/device LinkBuilder {'builder': root/general/devices/OptogeneticDevice GroupBuilder {'attributes': {'description': '', 'namespace': 'core', 'neurodata_type': 'Device', 'object_id': '7042ba03-69d0-46b9-acce-4dd0af88aab5'}, 'groups': {}, 'datasets': {}, 'links': {}}}, 'light_source': root/general/optogenetics/PatternedOptogeneticStimulusSite/light_source LinkBuilder {'builder': root/general/devices/AmplifiedLaser GroupBuilder {'attributes': {'description': 'For two-photon optogenetic targeting, we used an optical parametric amplifier (OPA; Light Conversion ORPHEUS) pumped by a femtosecond amplified laser (Light Conversion PHAROS).', 'filter_description': 'Short pass at 1040 nm', 'manufacturer': 'Light Conversion', 'model': 'ORPHEUS amplifier and PHAROS laser', 'namespace': 'ndx-patterned-ogen', 'neurodata_type': 'LightSource', 'object_id': '015fe393-f28e-4151-9b6d-bc87edc6de3d', 'peak_power_in_W': np.float64(0.0012), 'pulse_rate_in_Hz': np.float64(500000.0), 'stimulation_wavelength_in_nm': np.float64(850.0)}, 'groups': {}, 'datasets': {}, 'links': {}}}}}, "Could not construct PatternedOptogeneticStimulusSite object due to: CustomClassGenerator.set_init.<locals>.__init__: incorrect type for 'spatial_light_modulator' (got 'list', expected 'Device')"))
2026-09-19T20:03:39Z INFO [443/500] 09491397-1b85-4279-9774-9479ebbc7fd4: valid; 1.4 s; peak memory 5944 MiB.
2026-09-19T20:03:39Z INFO [444/500] 094a045e-612d-4c21-8b36-3e61938f0381: valid; 0.7 s; peak memory 5944 MiB.
2026-09-19T20:03:40Z INFO [445/500] 094a4560-c779-4e37-9dcf-151f82468f96: valid; 0.7 s; peak memory 5944 MiB.
2026-09-19T20:03:41Z INFO [446/500] 094a6e73-2a3d-498b-a720-7d9c4d12133b: valid; 0.9 s; peak memory 5944 MiB.
2026-09-19T20:03:45Z INFO [447/500] 094aafeb-f6d0-425e-8515-8c64b7255ba8: valid; 4.3 s; peak memory 5944 MiB.
2026-09-19T20:03:47Z INFO [448/500] 094c08f3-4338-4fed-bf08-3b9a014accbc: valid; 1.8 s; peak memory 5944 MiB.
2026-09-19T20:03:48Z INFO [449/500] 094c0bb6-0092-45f9-bbce-11dfbac78b4c: valid; 0.8 s; peak memory 5944 MiB.
2026-09-19T20:03:51Z INFO [450/500] 094d13c5-dcbd-4fa4-b627-ac420ef5e7cd: valid; 3.1 s; peak memory 5944 MiB.
2026-09-19T20:03:51Z INFO [450/500] 094d13c5-dcbd-4fa4-b627-ac420ef5e7cd: checkpointed 70960 records.
2026-09-19T20:03:53Z INFO [451/500] 094d1bed-ee8e-4752-84a0-a90ce5542962: valid; 1.2 s; peak memory 5944 MiB.
2026-09-19T20:03:54Z INFO [452/500] 094d2f66-84b1-4e91-9ffd-11ef3486fcec: valid; 1.1 s; peak memory 5944 MiB.
2026-09-19T20:03:55Z INFO [453/500] 094da687-128b-4abd-ab47-035390f014f7: valid; 1.0 s; peak memory 5944 MiB.
2026-09-19T20:03:56Z INFO [454/500] 094deb8f-3512-467b-adc0-067405804369: valid; 1.5 s; peak memory 5944 MiB.
2026-09-19T20:03:57Z INFO [455/500] 094e55fc-e2c5-4bf9-a23e-9c58b7090cd9: valid; 1.2 s; peak memory 5944 MiB.
2026-09-19T20:03:59Z INFO [456/500] 094e808e-e155-4178-abb6-546acbf47386: valid; 1.4 s; peak memory 5944 MiB.
2026-09-19T20:04:00Z INFO [457/500] 095070f9-5195-44a6-a9eb-6596cd2f4917: valid; 1.6 s; peak memory 5944 MiB.
2026-09-19T20:04:02Z INFO [458/500] 0951034f-df2f-436f-9cd7-a6a90193cd40: not valid; 1.5 s; peak memory 5944 MiB.
2026-09-19T20:04:03Z INFO [459/500] 09510a19-ac5a-4bb3-afa9-6bbb9238be07: valid; 1.1 s; peak memory 5944 MiB.
2026-09-19T20:04:04Z INFO [460/500] 0951b852-1417-49de-9559-6a0069de76d8: not valid; 1.1 s; peak memory 5944 MiB.
2026-09-19T20:04:06Z INFO [461/500] 0951d882-d3d2-426f-b129-c5a6ea0e0aa9: not valid; 1.6 s; peak memory 5944 MiB.
2026-09-19T20:04:07Z INFO [462/500] 095240ae-acd7-4072-95c4-86c1254cf61e: valid; 1.5 s; peak memory 5944 MiB.
2026-09-19T20:04:10Z INFO [463/500] 095252a4-f33c-433b-b826-4e9dcad4258c: not valid; 3.2 s; peak memory 5944 MiB.
2026-09-19T20:04:11Z INFO [464/500] 0952bde1-5c3e-4616-b62d-6ddfa168e3ab: valid; 0.9 s; peak memory 5944 MiB.
2026-09-19T20:04:13Z INFO [465/500] 0953546f-4600-4a47-b38a-1250b1c22f88: valid; 1.4 s; peak memory 5944 MiB.
2026-09-19T20:04:15Z INFO [466/500] 09535572-acc5-4b3f-83e2-a19f0468c32c: valid; 2.8 s; peak memory 5944 MiB.
2026-09-19T20:04:17Z INFO [467/500] 0953ff9e-f7bd-492b-9164-adf6337077f1: not valid; 1.1 s; peak memory 5944 MiB.
2026-09-19T20:04:18Z WARNING 0954d1dc-2bc8-4034-8313-b4dbb3bc7572: failed while opening the NWB file (ConstructError: (root/acquisition/_iblmic_audioSpectrogram/bands GroupBuilder {'attributes': {'colnames': array(['freq'], dtype=object), 'description': 'spectogram frequencies', 'namespace': 'core', 'neurodata_type': 'FrequencyBandsTable', 'object_id': '90f2fdea-1ad5-48d4-801a-6d5a4f031514'}, 'groups': {}, 'datasets': {'freq': root/acquisition/_iblmic_audioSpectrogram/bands/freq DatasetBuilder {'attributes': {'description': 'frequency value', 'namespace': 'hdmf-common', 'neurodata_type': 'VectorData', 'object_id': '2ba8e2d9-56b7-45b4-9b02-b94b9c8303db'}, 'data': <HDF5 dataset "freq": shape (257,), type "<f4">}, 'id': root/acquisition/_iblmic_audioSpectrogram/bands/id DatasetBuilder {'attributes': {'namespace': 'hdmf-common', 'neurodata_type': 'ElementIdentifiers', 'object_id': '32c6e8c8-a500-4dbe-bdce-765f99c2e455'}, 'data': <HDF5 dataset "id": shape (257,), type "<i4">}}, 'links': {}}, "Could not construct FrequencyBandsTable object due to: column must have the same number of rows as 'id'"))
2026-09-19T20:04:19Z INFO [469/500] 0954dd90-3fae-4208-83cf-6e800b395fff: valid; 1.5 s; peak memory 5944 MiB.
2026-09-19T20:04:20Z INFO [470/500] 0954fd85-6166-4d34-991a-388deea3524d: not valid; 0.9 s; peak memory 5944 MiB.
2026-09-19T20:04:21Z INFO [471/500] 095590c4-db7c-4805-b61e-0b926416930a: not valid; 0.9 s; peak memory 5944 MiB.
2026-09-19T20:04:28Z INFO [472/500] 09559d87-c40e-448d-8ae7-ab9df93dcb1c: valid; 7.3 s; peak memory 5944 MiB.
2026-09-19T20:04:29Z INFO [473/500] 095604e1-29b7-4226-b2c7-e21661ee6920: valid; 1.1 s; peak memory 5944 MiB.
2026-09-19T20:04:31Z INFO [474/500] 095704bf-ad93-4c5a-88bd-b68ef2e202f2: valid; 1.5 s; peak memory 5944 MiB.
2026-09-19T20:04:42Z INFO [475/500] 09576f3b-3072-4a7e-a5dc-9832a6d28cb8: valid; 10.8 s; peak memory 6089 MiB.
2026-09-19T20:04:42Z WARNING 09587393-7ddd-4ee9-b90f-024ce72c8c9a: failed while retrieving asset information from the DANDI API (NotFoundError: No such Dandiset: 001533)
2026-09-19T20:04:42Z INFO [477/500] 0958e296-cd39-4d0f-94d2-19626e57d09e: valid; 0.6 s; peak memory 6089 MiB.
2026-09-19T20:04:43Z INFO [478/500] 0958e964-5fec-4ff0-8650-c1cd5a09287c: valid; 0.9 s; peak memory 6089 MiB.
2026-09-19T20:04:44Z INFO [479/500] 0958f03f-0a67-455c-a6a7-66454a01520d: valid; 1.2 s; peak memory 6089 MiB.
2026-09-19T20:04:46Z INFO [480/500] 09592b12-2484-4466-897d-bb8e00496aae: valid; 1.9 s; peak memory 6089 MiB.
2026-09-19T20:04:48Z INFO [481/500] 09595921-d88f-440b-ab42-6cd655240be2: valid; 1.5 s; peak memory 6089 MiB.
2026-09-19T20:04:49Z INFO [482/500] 09599bce-6de4-4c73-b9a2-57322df8c43b: not valid; 0.9 s; peak memory 6089 MiB.
2026-09-19T20:04:50Z INFO [483/500] 095a66ac-542a-42d6-88a3-1df6eb7a92e8: valid; 1.2 s; peak memory 6089 MiB.
2026-09-19T20:04:51Z INFO [484/500] 095b91bd-15fe-4198-a64f-cbff3059abc7: valid; 1.4 s; peak memory 6089 MiB.
2026-09-19T20:04:52Z INFO [485/500] 095be14a-8adf-4e44-9ba7-c109d5575e8d: not valid; 1.0 s; peak memory 6089 MiB.
2026-09-19T20:04:55Z INFO [486/500] 095c18ac-752f-4ab2-9d5f-4ed40c742a36: not valid; 2.6 s; peak memory 6122 MiB.
2026-09-19T20:04:56Z INFO [487/500] 095cc933-7e9e-4cc4-b4ac-e0b9d99dd85e: valid; 1.2 s; peak memory 6122 MiB.
2026-09-19T20:04:58Z INFO [488/500] 095ce7e7-2687-4be6-9c16-02925fe06bf9: valid; 1.7 s; peak memory 6122 MiB.
2026-09-19T20:04:59Z INFO [489/500] 095d346c-93ea-4cee-9fa9-28a81faa6876: valid; 1.1 s; peak memory 6122 MiB.
2026-09-19T20:05:00Z INFO [490/500] 095d8537-3bc4-4140-9af6-2abd3f70965c: not valid; 1.2 s; peak memory 6122 MiB.
2026-09-19T20:05:01Z INFO [491/500] 095ea4d0-f3a5-4195-bcb3-ca6eee953c77: valid; 1.4 s; peak memory 6122 MiB.
2026-09-19T20:05:03Z INFO [492/500] 0960f56d-26fe-47f0-8c21-a93724834033: valid; 1.9 s; peak memory 6123 MiB.
2026-09-19T20:05:05Z INFO [493/500] 096201c7-54a9-48af-b780-142fbcadc494: valid; 1.4 s; peak memory 6123 MiB.
2026-09-19T20:05:11Z INFO [494/500] 09620f27-0c29-4bfb-9bea-8b2842e6ad01: valid; 6.9 s; peak memory 6123 MiB.
2026-09-19T20:05:14Z INFO [495/500] 09626e66-7873-4c61-8a61-37a5e82e6e2b: not valid; 2.5 s; peak memory 6156 MiB.
2026-09-19T20:05:22Z INFO [496/500] 09629b88-1cca-4235-9de5-2c508c6a4ef4: valid; 7.6 s; peak memory 6156 MiB.
2026-09-19T20:05:23Z INFO [497/500] 0962bd7a-9582-4cdd-bff4-6c7865ae3809: valid; 1.2 s; peak memory 6156 MiB.
2026-09-19T20:05:23Z INFO [498/500] 096304fd-2532-4817-8410-94a8752cb371: valid; 0.7 s; peak memory 6156 MiB.
2026-09-19T20:05:24Z INFO [499/500] 09630f46-e201-4b1d-b1af-66354eef881a: not valid; 0.9 s; peak memory 6156 MiB.
2026-09-19T20:05:25Z INFO [500/500] 0963f020-e329-46b7-bc30-664292eb5f80: valid; 0.8 s; peak memory 6156 MiB.
2026-09-19T20:05:26Z INFO [500/500] 0963f020-e329-46b7-bc30-664292eb5f80: checkpointed 71010 records.
2026-09-19T20:05:26Z INFO Wrote 71010 records to /tmp/derivatives/content_id_to_valid_nwb_file.jsonl (477 new, 23 failed) in 23.9 min (peak memory 6156 MiB).
