2026-09-22T20:35:06Z INFO Logging to /tmp/logs/update_2026-09-22T20-35-06Z.log.
2026-09-22T20:35:06Z INFO Update content-id-to-valid-nwb-file (base directory /tmp).
2026-09-22T20:35:08Z INFO Processing 500 items (75010 already recorded).
2026-09-22T20:35:22Z INFO [1/500] 0f826c16-e137-4b09-870b-ba3e15409b70: valid; 13.9 s; peak memory 371 MiB.
2026-09-22T20:35:23Z INFO [2/500] 0f8280b8-c999-4786-9c2a-98c5363da856: valid; 1.2 s; peak memory 374 MiB.
2026-09-22T20:35:25Z WARNING 0f82cd20-6a64-4782-959a-88e94522ab93: failed while opening the NWB file (ConstructError: (root/acquisition/event_code_meanings GroupBuilder {'attributes': {'colnames': array(['value', 'meaning'], dtype=object), 'description': 'Mapping integer event codes to event labels', 'namespace': 'ndx-events', 'neurodata_type': 'MeaningsTable', 'object_id': '96606822-9eeb-4c4d-a92c-43a63bc30ae2'}, 'groups': {}, 'datasets': {'id': root/acquisition/event_code_meanings/id DatasetBuilder {'attributes': {'namespace': 'hdmf-common', 'neurodata_type': 'ElementIdentifiers', 'object_id': '5c807e2c-3890-4369-819b-d4d425fe485a'}, 'data': <HDF5 dataset "id": shape (26,), type "<i8">}, 'meaning': root/acquisition/event_code_meanings/meaning DatasetBuilder {'attributes': {'description': 'The meaning of the value in the parent CategoricalVectorData object.', 'namespace': 'hdmf-experimental', 'neurodata_type': 'VectorData', 'object_id': '8aa86ffa-a31f-4af4-a3d1-d495a149ccbd'}, 'data': <StrDataset for HDF5 dataset "meaning": shape (26,), type "|O">}, 'value': root/acquisition/event_code_meanings/value DatasetBuilder {'attributes': {'description': 'The value of the parent CategoricalVectorData object.', 'namespace': 'hdmf-experimental', 'neurodata_type': 'VectorData', 'object_id': 'a3aee47b-f482-40e9-85cb-c8b839a3e8f8'}, 'data': <HDF5 dataset "value": shape (26,), type "<i8">}}, 'links': {}}, "Could not construct MeaningsTable object due to: MeaningsTable.__init__: missing argument 'target'"))
2026-09-22T20:35:27Z INFO [4/500] 0f831ec8-2f49-424d-84cf-6fd8d294c3da: valid; 2.2 s; peak memory 383 MiB.
2026-09-22T20:35:29Z INFO [5/500] 0f8322b3-e248-4da5-b91a-304043a257e1: valid; 2.0 s; peak memory 393 MiB.
2026-09-22T20:35:31Z INFO [6/500] 0f83fc06-b890-4732-9136-cd4edcd2a32e: valid; 1.4 s; peak memory 395 MiB.
2026-09-22T20:35:33Z INFO [7/500] 0f840fdf-75f3-41c3-b3b7-a15bfdbc6de9: valid; 2.0 s; peak memory 407 MiB.
2026-09-22T20:35:34Z INFO [8/500] 0f8416fe-c041-47ec-b8e3-0319d1a65b9f: valid; 1.9 s; peak memory 421 MiB.
2026-09-22T20:35:36Z INFO [9/500] 0f8419b0-120e-4521-b085-4c79476c3158: not valid; 1.7 s; peak memory 425 MiB.
2026-09-22T20:35:38Z INFO [10/500] 0f845bbd-78e3-4032-926d-95241d7e26c6: valid; 1.8 s; peak memory 439 MiB.
2026-09-22T20:35:40Z INFO [11/500] 0f84801e-40fa-47b5-8942-39c5a8c2de1b: valid; 2.1 s; peak memory 442 MiB.
2026-09-22T20:35:41Z INFO [12/500] 0f857efb-12a1-4e8c-853e-7e3cbf981c75: valid; 1.3 s; peak memory 444 MiB.
2026-09-22T20:35:58Z INFO [13/500] 0f85a813-e5c7-45e4-9473-27c494043f49: valid; 16.5 s; peak memory 481 MiB.
2026-09-22T20:36:00Z INFO [14/500] 0f85bd25-69fe-4732-b8b0-b50b11953f4e: not valid; 1.8 s; peak memory 490 MiB.
2026-09-22T20:36:02Z INFO [15/500] 0f85db60-69a7-4ca4-b91a-4b6e7ea31434: valid; 2.0 s; peak memory 499 MiB.
2026-09-22T20:36:04Z INFO [16/500] 0f8690ba-191f-4cc0-b0f3-789562c5fce0: valid; 1.9 s; peak memory 511 MiB.
2026-09-22T20:36:05Z INFO [17/500] 0f874644-9fd5-4fdc-9e3f-e2a0d25ef4db: valid; 1.9 s; peak memory 511 MiB.
2026-09-22T20:36:08Z INFO [18/500] 0f87c788-39d7-4eb8-8ca3-b705462dc1e9: valid; 2.6 s; peak memory 511 MiB.
2026-09-22T20:36:10Z INFO [19/500] 0f881b26-889e-4c41-a94f-80d9c9b41cba: valid; 2.2 s; peak memory 511 MiB.
2026-09-22T20:36:25Z INFO [20/500] 0f886853-865c-4393-88f5-a331ef8c8263: not valid; 14.4 s; peak memory 567 MiB.
2026-09-22T20:36:29Z INFO [21/500] 0f88898e-19fc-4478-be8c-9f7a624bf212: valid; 4.1 s; peak memory 577 MiB.
2026-09-22T20:36:31Z INFO [22/500] 0f889cc8-8514-461d-8f22-cdc8015da876: valid; 2.3 s; peak memory 580 MiB.
2026-09-22T20:36:32Z INFO [23/500] 0f88f324-719e-4325-bda1-8f11a62ecfa2: valid; 1.4 s; peak memory 583 MiB.
2026-09-22T20:36:48Z INFO [24/500] 0f890585-8e8f-4076-a1ae-4c4af7cbd25d: valid; 15.6 s; peak memory 680 MiB.
2026-09-22T20:36:51Z INFO [25/500] 0f89d81f-6cdd-4d0e-a511-2753436535d2: not valid; 2.6 s; peak memory 693 MiB.
2026-09-22T20:36:52Z INFO [26/500] 0f89e65b-4a24-4900-bfa4-212ec38623ae: valid; 1.3 s; peak memory 696 MiB.
2026-09-22T20:36:54Z INFO [27/500] 0f89f4f5-2e07-4729-8c56-5894e0c9be65: not valid; 2.4 s; peak memory 699 MiB.
2026-09-22T20:37:05Z INFO [28/500] 0f8a1370-5d27-4ca1-aae8-63e467b2f048: valid; 10.8 s; peak memory 699 MiB.
2026-09-22T20:37:06Z INFO [29/500] 0f8a3b6a-c7ad-448e-a134-cb75d5bc554f: valid; 1.3 s; peak memory 699 MiB.
2026-09-22T20:37:08Z INFO [30/500] 0f8a6a41-8c63-42b1-9a27-de9d63f8aa70: valid; 1.2 s; peak memory 699 MiB.
2026-09-22T20:37:11Z INFO [31/500] 0f8adec4-2cf7-4ee0-af98-f31aee169d9e: valid; 3.0 s; peak memory 699 MiB.
2026-09-22T20:37:13Z INFO [32/500] 0f8ae877-0e36-4b06-933c-33fac9b862be: valid; 2.3 s; peak memory 699 MiB.
2026-09-22T20:37:15Z INFO [33/500] 0f8b01e9-e614-4005-9773-76e8f2db8cad: valid; 1.9 s; peak memory 699 MiB.
2026-09-22T20:37:17Z INFO [34/500] 0f8b4e93-297b-41cd-a771-8805523c140c: valid; 2.0 s; peak memory 699 MiB.
2026-09-22T20:37:20Z INFO [35/500] 0f8bc91c-0303-4530-928c-f92837119f22: valid; 2.7 s; peak memory 699 MiB.
2026-09-22T20:37:21Z INFO [36/500] 0f8c245c-a445-4dae-8623-86894e93f86f: valid; 1.4 s; peak memory 699 MiB.
2026-09-22T20:37:23Z INFO [37/500] 0f8ce069-9dd3-422c-86d9-6a6bb9f90b18: not valid; 2.3 s; peak memory 699 MiB.
2026-09-22T20:37:26Z INFO [38/500] 0f8d4f2c-a64c-47e1-8264-802ff826b38c: valid; 2.2 s; peak memory 699 MiB.
2026-09-22T20:37:27Z INFO [39/500] 0f8e1b5f-5f0d-40c2-8631-e2e6bfdcd405: not valid; 1.7 s; peak memory 699 MiB.
2026-09-22T20:37:30Z INFO [40/500] 0f8e3231-a720-4c21-9696-763373dce857: valid; 2.2 s; peak memory 699 MiB.
2026-09-22T20:37:32Z INFO [41/500] 0f8e3a69-aaf8-4ed4-8339-fd6b583e1769: valid; 2.7 s; peak memory 699 MiB.
2026-09-22T20:37:36Z INFO [42/500] 0f8e454f-a89c-46d0-bda3-db696af6a95f: not valid; 4.2 s; peak memory 699 MiB.
2026-09-22T20:37:39Z INFO [43/500] 0f8f0395-8ee4-4bbc-b7ca-c36e35da635f: not valid; 2.1 s; peak memory 699 MiB.
2026-09-22T20:37:40Z INFO [44/500] 0f8f2479-0e28-488f-aa75-83cd4dfbab02: valid; 1.5 s; peak memory 699 MiB.
2026-09-22T20:37:43Z INFO [45/500] 0f8f4df7-4c3d-4b4f-a791-f588348d570e: valid; 2.7 s; peak memory 699 MiB.
2026-09-22T20:37:45Z INFO [46/500] 0f8fd4a7-a354-4400-8f11-64938d639b90: not valid; 1.9 s; peak memory 699 MiB.
2026-09-22T20:37:46Z INFO [47/500] 0f91ab05-7400-4361-9b09-a45881675872: valid; 1.3 s; peak memory 699 MiB.
2026-09-22T20:37:47Z INFO [48/500] 0f920343-7289-4654-b3cf-4d25d8233a44: valid; 1.3 s; peak memory 699 MiB.
2026-09-22T20:37:48Z INFO [49/500] 0f92291f-88c4-4cda-86ca-aaa09bcb4d20: valid; 1.0 s; peak memory 699 MiB.
2026-09-22T20:37:51Z INFO [50/500] 0f92fbac-bc40-4e34-bcc7-edaa78a2203b: valid; 2.5 s; peak memory 699 MiB.
2026-09-22T20:37:51Z INFO [50/500] 0f92fbac-bc40-4e34-bcc7-edaa78a2203b: checkpointed 75060 records.
2026-09-22T20:37:54Z INFO [51/500] 0f933869-b67c-4114-b547-238a6355b889: valid; 2.3 s; peak memory 705 MiB.
2026-09-22T20:37:56Z INFO [52/500] 0f93c498-4ce9-4314-9138-cf9c939048bd: valid; 2.3 s; peak memory 705 MiB.
2026-09-22T20:37:58Z INFO [53/500] 0f93d53f-c163-437b-81fc-bbc0d8bff24f: not valid; 2.0 s; peak memory 705 MiB.
2026-09-22T20:37:59Z INFO [54/500] 0f94bdb7-5f7f-4450-8d52-95d693688ea6: valid; 1.4 s; peak memory 705 MiB.
2026-09-22T20:38:02Z INFO [55/500] 0f94dba9-252f-48cf-b5d0-ce07fd07dc1e: valid; 2.2 s; peak memory 705 MiB.
2026-09-22T20:38:09Z INFO [56/500] 0f9533d6-300e-4b51-b269-fa38e76f87e6: valid; 7.4 s; peak memory 705 MiB.
2026-09-22T20:38:11Z INFO [57/500] 0f958a02-8ab8-4b47-bbc6-3c47dc2a145f: valid; 2.2 s; peak memory 705 MiB.
2026-09-22T20:38:13Z INFO [58/500] 0f96e32c-53ff-4c2e-9aa5-d537f31592bc: valid; 1.3 s; peak memory 705 MiB.
2026-09-22T20:38:14Z INFO [59/500] 0f97172c-1eb3-4786-bd79-cd116fc50b9c: valid; 1.2 s; peak memory 705 MiB.
2026-09-22T20:38:15Z INFO [60/500] 0f971eed-df4a-403c-9485-8276a8a8c9e2: valid; 1.3 s; peak memory 705 MiB.
2026-09-22T20:38:20Z INFO [61/500] 0f97428b-fc20-411b-80c5-56bd953dc156: not valid; 5.4 s; peak memory 804 MiB.
2026-09-22T20:38:22Z INFO [62/500] 0f97aa62-addf-4468-a874-3e0f915a12e3: not valid; 1.5 s; peak memory 804 MiB.
2026-09-22T20:38:23Z INFO [63/500] 0f98b70f-19a6-4065-b6e7-9d2b8ac24a7a: valid; 1.3 s; peak memory 804 MiB.
2026-09-22T20:38:25Z WARNING 0f99f69b-0160-4dd0-9825-bac0c06d6ae1: failed while opening the NWB file (ConstructError: (root/acquisition/_iblmic_audioSpectrogram/bands GroupBuilder {'attributes': {'colnames': array(['freq'], dtype=object), 'description': 'spectogram frequencies', 'namespace': 'core', 'neurodata_type': 'FrequencyBandsTable', 'object_id': 'daaf3043-89fa-49b4-b3e7-a0a03463cb6c'}, 'groups': {}, 'datasets': {'freq': root/acquisition/_iblmic_audioSpectrogram/bands/freq DatasetBuilder {'attributes': {'description': 'frequency value', 'namespace': 'hdmf-common', 'neurodata_type': 'VectorData', 'object_id': 'f5fe4df2-174e-44ef-9ccb-873862560683'}, 'data': <HDF5 dataset "freq": shape (257,), type "<f4">}, 'id': root/acquisition/_iblmic_audioSpectrogram/bands/id DatasetBuilder {'attributes': {'namespace': 'hdmf-common', 'neurodata_type': 'ElementIdentifiers', 'object_id': 'ba075120-b07e-4e59-83fc-c7ad1357c3a6'}, 'data': <HDF5 dataset "id": shape (257,), type "<i4">}}, 'links': {}}, "Could not construct FrequencyBandsTable object due to: column must have the same number of rows as 'id'"))
2026-09-22T20:38:27Z INFO [65/500] 0f9a7f32-a826-4b1a-8b8b-bbc24f5d7510: valid; 2.3 s; peak memory 804 MiB.
2026-09-22T20:38:31Z INFO [66/500] 0f9ad7d5-fd93-4860-9527-8a360beb782b: valid; 3.9 s; peak memory 804 MiB.
2026-09-22T20:38:33Z INFO [67/500] 0f9bc6b8-e1e7-47bd-8ad4-eb0989a73bb9: valid; 2.0 s; peak memory 804 MiB.
2026-09-22T20:38:35Z INFO [68/500] 0f9bcb16-4c8e-47b0-b0c7-d0d6c965bab2: not valid; 2.0 s; peak memory 804 MiB.
2026-09-22T20:38:37Z INFO [69/500] 0f9bf8c7-876c-4883-af89-c498c045f3d6: not valid; 1.8 s; peak memory 804 MiB.
2026-09-22T20:38:39Z INFO [70/500] 0f9c6a6c-667f-4cf5-ae2b-4e482177ccdf: valid; 2.1 s; peak memory 804 MiB.
2026-09-22T20:38:41Z INFO [71/500] 0f9cce5f-8abd-456d-8faf-6f6e88d9857b: valid; 2.1 s; peak memory 804 MiB.
2026-09-22T20:38:44Z INFO [72/500] 0f9d62fa-e367-416b-932e-375cf2cf9f89: valid; 2.6 s; peak memory 804 MiB.
2026-09-22T20:38:45Z INFO [73/500] 0f9dab8b-4332-4583-8c68-e2fd995defb9: valid; 1.8 s; peak memory 804 MiB.
2026-09-22T20:38:47Z INFO [74/500] 0f9dc9dd-2481-47ae-baea-9380f50db523: not valid; 1.5 s; peak memory 804 MiB.
2026-09-22T20:38:49Z INFO [75/500] 0f9e00d2-e04e-445b-854d-94618e3b166f: not valid; 1.8 s; peak memory 804 MiB.
2026-09-22T20:39:01Z INFO [76/500] 0f9e709c-ed25-4c8e-8484-6dee38023d6c: valid; 12.6 s; peak memory 804 MiB.
2026-09-22T20:39:05Z INFO [77/500] 0f9ec06f-b250-4296-b6ef-79658ff7b80b: valid; 3.6 s; peak memory 804 MiB.
2026-09-22T20:39:07Z INFO [78/500] 0f9f331b-0cff-4554-900e-1d6d6fe2a969: not valid; 1.8 s; peak memory 807 MiB.
2026-09-22T20:39:08Z INFO [79/500] 0fa03e15-484a-48a7-9ad5-c93549c09dea: valid; 1.8 s; peak memory 807 MiB.
2026-09-22T20:39:11Z INFO [80/500] 0fa07eba-d43e-4780-84db-157b88390911: valid; 2.3 s; peak memory 808 MiB.
2026-09-22T20:39:13Z INFO [81/500] 0fa0b589-791c-4961-b8e6-cb9d9f2438ee: valid; 2.0 s; peak memory 809 MiB.
2026-09-22T20:39:15Z INFO [82/500] 0fa17145-274e-4907-8227-916841635b69: not valid; 1.9 s; peak memory 809 MiB.
2026-09-22T20:39:17Z INFO [83/500] 0fa1950a-38a8-4ba2-896a-6ab865839219: valid; 2.8 s; peak memory 809 MiB.
2026-09-22T20:39:20Z INFO [84/500] 0fa19be9-74f5-4b56-8dd5-d2391d1ebea7: valid; 2.8 s; peak memory 809 MiB.
2026-09-22T20:39:28Z INFO [85/500] 0fa1a4ce-aa0c-44ea-884c-f0f0daafc419: valid; 8.0 s; peak memory 835 MiB.
2026-09-22T20:39:30Z INFO [86/500] 0fa2065a-6660-4812-8f06-ca8815165bfa: valid; 1.9 s; peak memory 846 MiB.
2026-09-22T20:39:30Z WARNING 0fa211a0-ce9f-4df2-be90-da7a81624ac4: failed while retrieving asset information from the DANDI API (NotFoundError: No asset at path 'sub-LG449/sub-LG449_ses-20250331_obj-94snhq_ophys.nwb' in version 0.260915.2135. Verify the path is correct and the asset exists in this version. Use 'dandi ls' to list available assets.)
2026-09-22T20:39:34Z INFO [88/500] 0fa24deb-e9e1-4463-817c-12ee3960d43f: valid; 3.9 s; peak memory 854 MiB.
2026-09-22T20:39:37Z INFO [89/500] 0fa257d2-e9fb-4109-85c8-d62f8cf799e1: valid; 2.7 s; peak memory 862 MiB.
2026-09-22T20:39:39Z INFO [90/500] 0fa3235c-2d74-48a0-b44e-8a3527a87ecf: not valid; 2.2 s; peak memory 862 MiB.
2026-09-22T20:39:42Z INFO [91/500] 0fa326f7-21b9-42e6-aaac-4219513fb3e2: not valid; 3.2 s; peak memory 862 MiB.
2026-09-22T20:39:46Z INFO [92/500] 0fa375d7-13af-4885-9180-7958bc02a92f: not valid; 4.0 s; peak memory 862 MiB.
2026-09-22T20:39:47Z INFO [93/500] 0fa3c016-1fd9-40e9-a258-a953e66f8ffe: not valid; 1.4 s; peak memory 862 MiB.
2026-09-22T20:39:52Z INFO [94/500] 0fa45f13-de5b-485d-a6ae-5207dfbb3f03: valid; 4.9 s; peak memory 862 MiB.
2026-09-22T20:40:02Z INFO [95/500] 0fa46087-81eb-4e3c-b600-ff4472cf7efd: valid; 10.1 s; peak memory 982 MiB.
2026-09-22T20:40:04Z INFO [96/500] 0fa47a88-c2b0-43ea-b2f5-d156584bbb02: valid; 1.6 s; peak memory 983 MiB.
2026-09-22T20:40:06Z INFO [97/500] 0fa4ece1-e8d2-45f2-aed4-cda7d1873a5c: not valid; 1.8 s; peak memory 983 MiB.
2026-09-22T20:40:07Z INFO [98/500] 0fa54dd0-6d0c-4ae1-aaa5-b0d673e29597: valid; 1.1 s; peak memory 983 MiB.
2026-09-22T20:40:09Z INFO [99/500] 0fa66600-c2d7-4f9c-88cf-9ceed2caf38d: valid; 1.9 s; peak memory 983 MiB.
2026-09-22T20:40:10Z INFO [100/500] 0fa666b0-2a19-45eb-9e26-ac8314426024: not valid; 1.2 s; peak memory 983 MiB.
2026-09-22T20:40:11Z INFO [100/500] 0fa666b0-2a19-45eb-9e26-ac8314426024: checkpointed 75110 records.
2026-09-22T20:40:12Z INFO [101/500] 0fa67862-db06-40ab-badd-4b7a5cbc0d6b: valid; 1.3 s; peak memory 983 MiB.
2026-09-22T20:40:22Z INFO [102/500] 0fa6c43c-c45b-4611-8c81-085f28d70b31: not valid; 9.7 s; peak memory 1023 MiB.
2026-09-22T20:40:23Z INFO [103/500] 0fa6e399-5f3b-460b-a54f-ebbe140eb358: not valid; 1.5 s; peak memory 1027 MiB.
2026-09-22T20:40:25Z INFO [104/500] 0fa726ae-96a6-4f2d-a63d-52df5b879775: valid; 1.8 s; peak memory 1037 MiB.
2026-09-22T20:40:32Z INFO [105/500] 0fa78975-86d2-43bc-aca6-bf606948e589: valid; 7.5 s; peak memory 1045 MiB.
2026-09-22T20:40:34Z INFO [106/500] 0fa7b3c9-95f3-456e-a59b-cbb83d015936: not valid; 1.4 s; peak memory 1045 MiB.
2026-09-22T20:40:35Z INFO [107/500] 0fa7ff40-f900-44df-98f7-60f8ba3810d6: valid; 1.3 s; peak memory 1045 MiB.
2026-09-22T20:40:37Z INFO [108/500] 0fa8513f-5033-47f6-a1b5-a86d972dfaa8: not valid; 1.6 s; peak memory 1045 MiB.
2026-09-22T20:40:39Z INFO [109/500] 0fa8a5bc-1325-462f-963a-e0c5692cb136: valid; 2.5 s; peak memory 1045 MiB.
2026-09-22T20:40:41Z INFO [110/500] 0fa90612-a94f-4b7c-b577-92896cae81f9: valid; 2.1 s; peak memory 1045 MiB.
2026-09-22T20:40:43Z INFO [111/500] 0fa921b3-0078-45ba-9ee9-71e4f22bfbd6: valid; 1.5 s; peak memory 1045 MiB.
2026-09-22T20:40:45Z INFO [112/500] 0fa9d965-92c6-4eaf-a2fc-5f6e644c41ed: valid; 1.9 s; peak memory 1045 MiB.
2026-09-22T20:40:49Z INFO [113/500] 0faa4d55-d0d9-480a-b220-fdf2fb60059e: not valid; 4.1 s; peak memory 1046 MiB.
2026-09-22T20:40:51Z INFO [114/500] 0faaa046-e898-40b9-84de-309e5aa1afd0: valid; 2.1 s; peak memory 1046 MiB.
2026-09-22T20:40:54Z INFO [115/500] 0faae394-ad0f-43e3-b3a8-2d29c1703728: not valid; 3.3 s; peak memory 1046 MiB.
2026-09-22T20:40:56Z INFO [116/500] 0fab1b81-444d-4b59-a6d0-9c788d14d823: valid; 1.7 s; peak memory 1046 MiB.
2026-09-22T20:40:58Z INFO [117/500] 0fab220c-8966-415c-b634-780d66b79a5e: valid; 1.9 s; peak memory 1046 MiB.
2026-09-22T20:41:02Z INFO [118/500] 0fab4eb9-5bb3-4083-a232-aa1a841b6695: not valid; 4.5 s; peak memory 1046 MiB.
2026-09-22T20:41:04Z INFO [119/500] 0fab6e98-a064-4f9c-8326-4a1cf3e8bd91: valid; 1.8 s; peak memory 1046 MiB.
2026-09-22T20:41:06Z INFO [120/500] 0fac198a-ce75-4d4d-91a9-3251097658ff: valid; 1.3 s; peak memory 1046 MiB.
2026-09-22T20:41:08Z INFO [121/500] 0fac2b5e-7cf7-4ca2-a3a5-0520a880ace5: valid; 2.4 s; peak memory 1046 MiB.
2026-09-22T20:41:10Z INFO [122/500] 0fac5c1a-9028-4788-86be-c68fe6561a7c: valid; 2.0 s; peak memory 1046 MiB.
2026-09-22T20:41:12Z INFO [123/500] 0fad5454-513d-4e8c-8c24-00a01d5fe400: valid; 1.8 s; peak memory 1046 MiB.
2026-09-22T20:41:14Z INFO [124/500] 0fadab91-ebda-434e-bb0d-4047b0f3eb6b: valid; 2.3 s; peak memory 1046 MiB.
2026-09-22T20:41:16Z INFO [125/500] 0fadc820-7644-4ab6-9a76-c65f04f4fd7e: valid; 1.9 s; peak memory 1046 MiB.
2026-09-22T20:41:31Z INFO [126/500] 0fadeb4d-9d13-4b9d-83de-b7b706787749: valid; 14.6 s; peak memory 1106 MiB.
2026-09-22T20:41:32Z INFO [127/500] 0fadfde6-1c91-4943-b5b2-d633fecd81e4: valid; 1.2 s; peak memory 1108 MiB.
2026-09-22T20:41:33Z INFO [128/500] 0fae227a-b93d-4926-b54c-147f8a348038: not valid; 1.2 s; peak memory 1110 MiB.
2026-09-22T20:41:41Z INFO [129/500] 0fae52fd-14c2-4c99-83bb-c94087ba46a4: valid; 7.8 s; peak memory 1147 MiB.
2026-09-22T20:41:43Z INFO [130/500] 0fae5327-2ad9-4bb5-ae3e-16dc36d810fd: not valid; 1.8 s; peak memory 1154 MiB.
2026-09-22T20:41:46Z INFO [131/500] 0faf4829-9e34-4775-bc08-32d41d8be9e0: not valid; 2.9 s; peak memory 1159 MiB.
2026-09-22T20:41:48Z INFO [132/500] 0fafa9b6-484e-4fb4-8b05-c6517203b0b0: valid; 2.1 s; peak memory 1170 MiB.
2026-09-22T20:41:56Z INFO [133/500] 0faffb9f-5ccf-4f73-9ec4-7641632852ae: valid; 8.1 s; peak memory 1170 MiB.
2026-09-22T20:42:00Z INFO [134/500] 0fb03595-4f3a-4e41-a04e-1e96d3531281: not valid; 4.3 s; peak memory 1170 MiB.
2026-09-22T20:42:02Z INFO [135/500] 0fb0d128-e994-4993-a9ff-f79d6a9c5d7a: not valid; 1.6 s; peak memory 1170 MiB.
2026-09-22T20:42:04Z INFO [136/500] 0fb10060-3277-4a55-a906-6696d49045ca: valid; 2.6 s; peak memory 1170 MiB.
2026-09-22T20:42:06Z INFO [137/500] 0fb12601-f6c5-4b9a-afa1-d151788bb310: valid; 2.1 s; peak memory 1170 MiB.
2026-09-22T20:42:06Z WARNING 0fb143f1-53fd-43c2-bdbb-e474ea475534: failed while retrieving asset information from the DANDI API (NotFoundError: No such Dandiset: 001533)
2026-09-22T20:42:09Z INFO [139/500] 0fb1533a-7559-4521-80b5-a2e381e2541b: valid; 2.6 s; peak memory 1170 MiB.
2026-09-22T20:42:11Z INFO [140/500] 0fb2013f-a638-4ce8-851b-f14738089d2b: valid; 1.8 s; peak memory 1170 MiB.
2026-09-22T20:42:13Z INFO [141/500] 0fb254b6-cc9b-4579-9de8-9c2b53c07554: not valid; 1.9 s; peak memory 1170 MiB.
2026-09-22T20:42:14Z INFO [142/500] 0fb2660e-d1bf-4944-bbdc-66c4c939a5a4: valid; 0.9 s; peak memory 1170 MiB.
2026-09-22T20:42:15Z INFO [143/500] 0fb2ce33-44c3-443d-9cb4-f43be864f968: not valid; 1.5 s; peak memory 1170 MiB.
2026-09-22T20:42:16Z INFO [144/500] 0fb377c7-4a5b-4951-84dc-0c1f36c1a008: valid; 1.4 s; peak memory 1170 MiB.
2026-09-22T20:42:18Z INFO [145/500] 0fb42d69-b36d-4943-aeb7-4463c65af895: valid; 1.2 s; peak memory 1170 MiB.
2026-09-22T20:42:19Z INFO [146/500] 0fb4a29c-079c-4c1c-9eae-f24be369a99e: valid; 1.1 s; peak memory 1170 MiB.
2026-09-22T20:42:20Z INFO [147/500] 0fb5580c-8e2a-48bc-bd42-982c343bd84c: not valid; 1.5 s; peak memory 1170 MiB.
2026-09-22T20:42:24Z INFO [148/500] 0fb5908b-a0b0-4223-ae15-992db4b5e2bc: valid; 3.5 s; peak memory 1170 MiB.
2026-09-22T20:42:25Z INFO [149/500] 0fb5d015-dad2-4bb0-87c0-878dc08ab1a7: valid; 1.2 s; peak memory 1170 MiB.
2026-09-22T20:42:26Z INFO [150/500] 0fb5dac8-6a91-4752-9879-14ea4e01cc4a: valid; 1.5 s; peak memory 1170 MiB.
2026-09-22T20:42:27Z INFO [150/500] 0fb5dac8-6a91-4752-9879-14ea4e01cc4a: checkpointed 75160 records.
2026-09-22T20:42:29Z INFO [151/500] 0fb5fdba-c9b6-42a7-b482-9bd014d9e501: not valid; 1.6 s; peak memory 1170 MiB.
2026-09-22T20:42:30Z INFO [152/500] 0fb61fc5-afcc-4957-8bb6-ce4b78cff482: not valid; 1.6 s; peak memory 1170 MiB.
2026-09-22T20:42:47Z INFO [153/500] 0fb63cf3-4acd-4781-81d4-c2c4ffa410aa: not valid; 16.4 s; peak memory 1172 MiB.
2026-09-22T20:42:48Z INFO [154/500] 0fb6afea-c6f9-47f3-aa1f-56e3bb065997: valid; 1.1 s; peak memory 1173 MiB.
2026-09-22T20:42:50Z WARNING 0fb77392-d9ab-43a8-ab20-97324d468b89: failed while opening the NWB file (ConstructError: (root/acquisition/_iblmic_audioSpectrogram/bands GroupBuilder {'attributes': {'colnames': array(['freq'], dtype=object), 'description': 'spectogram frequencies', 'namespace': 'core', 'neurodata_type': 'FrequencyBandsTable', 'object_id': '9cbda086-52f6-4f54-a23a-aa3cbc573450'}, 'groups': {}, 'datasets': {'freq': root/acquisition/_iblmic_audioSpectrogram/bands/freq DatasetBuilder {'attributes': {'description': 'frequency value', 'namespace': 'hdmf-common', 'neurodata_type': 'VectorData', 'object_id': 'fcaee2a9-ff31-43fb-9895-bfbec4a705d6'}, 'data': <HDF5 dataset "freq": shape (257,), type "<f4">}, 'id': root/acquisition/_iblmic_audioSpectrogram/bands/id DatasetBuilder {'attributes': {'namespace': 'hdmf-common', 'neurodata_type': 'ElementIdentifiers', 'object_id': '0426e164-9062-484e-b74e-6c6adc44d1a1'}, 'data': <HDF5 dataset "id": shape (257,), type "<i4">}}, 'links': {}}, "Could not construct FrequencyBandsTable object due to: column must have the same number of rows as 'id'"))
2026-09-22T20:42:51Z INFO [156/500] 0fb78b87-06c2-48a2-ae1f-576b6a8e223d: valid; 1.6 s; peak memory 1173 MiB.
2026-09-22T20:42:53Z INFO [157/500] 0fb81519-b47f-4c74-bec7-16b789e1e886: valid; 1.6 s; peak memory 1173 MiB.
2026-09-22T20:42:54Z INFO [158/500] 0fb8923b-2294-4dec-ba63-baa9cb44ccf0: valid; 1.4 s; peak memory 1173 MiB.
2026-09-22T20:42:56Z INFO [159/500] 0fb8959f-76f3-4f53-a77a-d9f4cd688755: valid; 1.6 s; peak memory 1173 MiB.
2026-09-22T20:42:56Z WARNING 0fb9264f-085f-4ff7-bc16-af90be5707b0: failed while retrieving asset information from the DANDI API (NotFoundError: No such Dandiset: 000561)
2026-09-22T20:42:56Z WARNING 0fb9b623-2b3c-4f6d-bb85-c7a7e6e2774f: failed while retrieving asset information from the DANDI API (NotFoundError: No asset at path 'sub-F3/sub-F3_ses-TD2NoShock_behavior.nwb' in version 0.260902.1724. Verify the path is correct and the asset exists in this version. Use 'dandi ls' to list available assets.)
2026-09-22T20:42:58Z INFO [162/500] 0fb9d8c0-6f40-4f4d-9c6d-65ad68e917ff: not valid; 1.5 s; peak memory 1174 MiB.
2026-09-22T20:45:10Z INFO [163/500] 0fba2aba-e9cb-4023-9014-7da3b0cf788e: valid; 132.7 s; peak memory 1684 MiB.
2026-09-22T20:45:12Z INFO [164/500] 0fba49b8-d6c2-4f6e-a7af-bf4d8fbe2ea2: valid; 1.6 s; peak memory 1684 MiB.
2026-09-22T20:45:14Z INFO [165/500] 0fba82b4-0651-44a9-8caa-ab5c90823119: valid; 1.7 s; peak memory 1684 MiB.
2026-09-22T20:45:20Z INFO [166/500] 0fbafa3c-a616-412c-99dc-82d29830079d: not valid; 6.0 s; peak memory 1684 MiB.
2026-09-22T20:45:22Z INFO [167/500] 0fbb7385-239c-493e-9f6f-de68d437f4b1: not valid; 1.8 s; peak memory 1684 MiB.
2026-09-22T20:45:23Z INFO [168/500] 0fbc6fc1-f953-4d8c-baf1-0a8244033ada: valid; 1.6 s; peak memory 1684 MiB.
2026-09-22T20:45:24Z INFO [169/500] 0fbc864c-d713-4de6-86e6-985a1addc2fe: valid; 1.2 s; peak memory 1684 MiB.
2026-09-22T20:45:26Z INFO [170/500] 0fbc8ddf-1d86-4b28-a620-b15bdbfbfc30: not valid; 1.4 s; peak memory 1684 MiB.
2026-09-22T20:45:28Z INFO [171/500] 0fbca6e7-db4f-4192-8838-11d582be1fd2: valid; 1.8 s; peak memory 1684 MiB.
2026-09-22T20:45:37Z INFO [172/500] 0fbe74a2-24f9-4e60-b10e-382c2379a6b4: valid; 9.4 s; peak memory 1813 MiB.
2026-09-22T20:45:39Z INFO [173/500] 0fbf85ed-71c1-48b8-bd4a-16678fb3861b: not valid; 1.7 s; peak memory 1813 MiB.
2026-09-22T20:45:40Z INFO [174/500] 0fc00291-8236-4879-9b3f-cd0544454676: valid; 1.5 s; peak memory 1813 MiB.
2026-09-22T20:45:42Z INFO [175/500] 0fc028fd-8354-4b50-9682-e6f27ca6962c: not valid; 1.8 s; peak memory 1813 MiB.
2026-09-22T20:45:44Z INFO [176/500] 0fc0e0a7-e47c-46ab-8f61-c9837cea2946: not valid; 2.5 s; peak memory 1813 MiB.
2026-09-22T20:45:45Z INFO [177/500] 0fc10812-556e-4bab-a1b3-d94a4ab6326f: valid; 1.0 s; peak memory 1813 MiB.
2026-09-22T20:45:47Z INFO [178/500] 0fc1a313-4574-479e-b39d-59fb8563f4ce: not valid; 1.6 s; peak memory 1813 MiB.
2026-09-22T20:45:49Z INFO [179/500] 0fc1e298-abcb-4177-b27e-6bde900ba47b: valid; 2.4 s; peak memory 1813 MiB.
2026-09-22T20:45:51Z INFO [180/500] 0fc45ad4-3b96-4fc9-b133-1ab7dd88ee46: valid; 1.9 s; peak memory 1813 MiB.
2026-09-22T20:45:54Z INFO [181/500] 0fc49ce1-2caa-4d99-9404-9a9f6c58690b: valid; 2.9 s; peak memory 1813 MiB.
2026-09-22T20:46:10Z INFO [182/500] 0fc5699d-9bbb-4bf9-9e09-4a83677edb83: valid; 16.3 s; peak memory 1889 MiB.
2026-09-22T20:46:12Z INFO [183/500] 0fc5d5ff-e53e-4eec-84e2-c454f19f0b63: not valid; 1.5 s; peak memory 1891 MiB.
2026-09-22T20:46:13Z INFO [184/500] 0fc5f4e5-1548-4e4f-92d4-d591a661679d: valid; 1.1 s; peak memory 1893 MiB.
2026-09-22T20:46:15Z INFO [185/500] 0fc634bc-63fa-4ea7-8d9c-c2a629cff2aa: valid; 1.9 s; peak memory 1902 MiB.
2026-09-22T20:46:17Z INFO [186/500] 0fc6436a-dc3a-4962-a483-3f7cd316d703: not valid; 2.1 s; peak memory 1904 MiB.
2026-09-22T20:46:19Z INFO [187/500] 0fc67712-36a6-41d1-b1bf-cc128ee0da7b: valid; 1.9 s; peak memory 1905 MiB.
2026-09-22T20:46:20Z INFO [188/500] 0fc6dbc5-ab15-4340-ad5c-cadf375589ba: valid; 1.4 s; peak memory 1905 MiB.
2026-09-22T20:46:22Z INFO [189/500] 0fc7221a-f2fe-4da4-a127-a8e226cf06ff: valid; 1.3 s; peak memory 1905 MiB.
2026-09-22T20:46:23Z INFO [190/500] 0fc784a3-5231-4039-9501-7e0fe88b1052: valid; 1.5 s; peak memory 1905 MiB.
2026-09-22T20:46:25Z INFO [191/500] 0fc7c143-e8bf-4dc8-9852-ea673c491f5b: valid; 2.3 s; peak memory 1920 MiB.
2026-09-22T20:46:34Z INFO [192/500] 0fc7e22d-1ebe-44e3-a6c4-d2ff4d08bfb1: valid; 8.4 s; peak memory 1933 MiB.
2026-09-22T20:46:35Z WARNING 0fc8cefe-2318-4982-a754-99814d9f4e18: failed while opening the NWB file (ConstructError: (root/acquisition/event_code_meanings GroupBuilder {'attributes': {'colnames': array(['value', 'meaning'], dtype=object), 'description': 'Mapping integer event codes to event labels', 'namespace': 'ndx-events', 'neurodata_type': 'MeaningsTable', 'object_id': 'bb29a6e5-f646-4328-8d2c-3dbecb91e97f'}, 'groups': {}, 'datasets': {'id': root/acquisition/event_code_meanings/id DatasetBuilder {'attributes': {'namespace': 'hdmf-common', 'neurodata_type': 'ElementIdentifiers', 'object_id': '62118306-15f0-40a1-b613-798a3804c9bd'}, 'data': <HDF5 dataset "id": shape (26,), type "<i8">}, 'meaning': root/acquisition/event_code_meanings/meaning DatasetBuilder {'attributes': {'description': 'The meaning of the value in the parent CategoricalVectorData object.', 'namespace': 'hdmf-experimental', 'neurodata_type': 'VectorData', 'object_id': '046e520a-5f00-4bc5-9fb6-555a688c29c6'}, 'data': <StrDataset for HDF5 dataset "meaning": shape (26,), type "|O">}, 'value': root/acquisition/event_code_meanings/value DatasetBuilder {'attributes': {'description': 'The value of the parent CategoricalVectorData object.', 'namespace': 'hdmf-experimental', 'neurodata_type': 'VectorData', 'object_id': 'b3fa205e-8c95-4621-bacc-a615463efe9b'}, 'data': <HDF5 dataset "value": shape (26,), type "<i8">}}, 'links': {}}, "Could not construct MeaningsTable object due to: MeaningsTable.__init__: missing argument 'target'"))
2026-09-22T20:46:37Z INFO [194/500] 0fc93de6-83c5-4ed1-842b-89d2cbef9d5b: valid; 1.3 s; peak memory 1935 MiB.
2026-09-22T20:46:38Z INFO [195/500] 0fc96dd2-70ce-46af-81c7-0e5e9fcb9121: valid; 1.3 s; peak memory 1936 MiB.
2026-09-22T20:46:40Z INFO [196/500] 0fc9eb51-3b3c-4631-8528-a686391364cb: valid; 1.9 s; peak memory 1938 MiB.
2026-09-22T20:46:45Z INFO [197/500] 0fca3647-eb8b-4d26-a86f-0975994df1da: valid; 4.6 s; peak memory 1941 MiB.
2026-09-22T20:46:48Z INFO [198/500] 0fca6ab6-0c1b-4b59-b36c-5356fcbb9022: valid; 3.5 s; peak memory 1947 MiB.
2026-09-22T20:46:49Z INFO [199/500] 0fcaa099-a248-47e1-ae71-d9eaf6253efc: valid; 1.1 s; peak memory 1948 MiB.
2026-09-22T20:46:50Z INFO [200/500] 0fcaa4d2-fa40-44c0-8dd3-8ebfdbf9365a: valid; 1.3 s; peak memory 1948 MiB.
2026-09-22T20:46:51Z INFO [200/500] 0fcaa4d2-fa40-44c0-8dd3-8ebfdbf9365a: checkpointed 75210 records.
2026-09-22T20:47:08Z INFO [201/500] 0fcaa68c-23ab-421e-be43-7308803d7689: valid; 17.4 s; peak memory 2017 MiB.
2026-09-22T20:47:10Z INFO [202/500] 0fcaa787-8659-4727-ae9b-deb865b40fa0: not valid; 1.3 s; peak memory 2019 MiB.
2026-09-22T20:47:12Z INFO [203/500] 0fcaf8e4-b190-42ac-880b-2c38d7ac3048: valid; 2.5 s; peak memory 2021 MiB.
2026-09-22T20:47:14Z INFO [204/500] 0fcb449c-7eff-4335-91eb-7c88126496c1: valid; 1.3 s; peak memory 2021 MiB.
2026-09-22T20:47:35Z INFO [205/500] 0fcb6d1e-3f39-4c24-845c-eff71ffe8877: valid; 21.0 s; peak memory 2178 MiB.
2026-09-22T20:47:36Z INFO [206/500] 0fcc1c70-5591-4766-948c-9fee99737caa: valid; 1.3 s; peak memory 2178 MiB.
2026-09-22T20:47:38Z INFO [207/500] 0fcc28c9-f1a7-4ef3-a854-fe1068eb0961: valid; 1.8 s; peak memory 2178 MiB.
2026-09-22T20:47:40Z WARNING 0fccc762-f1ff-4bd7-9e26-4de80500203d: failed while opening the NWB file (ConstructError: (root/acquisition/_iblmic_audioSpectrogram/bands GroupBuilder {'attributes': {'colnames': array(['freq'], dtype=object), 'description': 'spectogram frequencies', 'namespace': 'core', 'neurodata_type': 'FrequencyBandsTable', 'object_id': '171fef47-7730-48cf-9110-8d4a611f4bff'}, 'groups': {}, 'datasets': {'freq': root/acquisition/_iblmic_audioSpectrogram/bands/freq DatasetBuilder {'attributes': {'description': 'frequency value', 'namespace': 'hdmf-common', 'neurodata_type': 'VectorData', 'object_id': '42b7675e-bd28-4d66-b2f7-62c8ed5270e7'}, 'data': <HDF5 dataset "freq": shape (257,), type "<f4">}, 'id': root/acquisition/_iblmic_audioSpectrogram/bands/id DatasetBuilder {'attributes': {'namespace': 'hdmf-common', 'neurodata_type': 'ElementIdentifiers', 'object_id': '59ac8183-d62c-4ea3-b0fb-ee3604847658'}, 'data': <HDF5 dataset "id": shape (257,), type "<i4">}}, 'links': {}}, "Could not construct FrequencyBandsTable object due to: column must have the same number of rows as 'id'"))
2026-09-22T20:47:53Z INFO [209/500] 0fccfd37-380b-41d5-a864-a7452b498b32: not valid; 13.0 s; peak memory 2181 MiB.
2026-09-22T20:47:54Z INFO [210/500] 0fcd0585-c099-4bac-919f-b55c24b5647b: valid; 1.3 s; peak memory 2181 MiB.
2026-09-22T20:47:55Z INFO [211/500] 0fce3941-cefb-442a-a733-0e0b3e29808b: valid; 1.2 s; peak memory 2181 MiB.
2026-09-22T20:47:57Z INFO [212/500] 0fcf2bf8-01a0-48df-8afe-ff14c8eb1e85: not valid; 1.5 s; peak memory 2181 MiB.
2026-09-22T20:48:01Z INFO [213/500] 0fcf493c-0140-485f-9497-2927da425001: valid; 4.0 s; peak memory 2181 MiB.
2026-09-22T20:48:03Z INFO [214/500] 0fd02d8c-eb27-4c23-81e5-cf937bf15838: not valid; 1.7 s; peak memory 2181 MiB.
2026-09-22T20:48:04Z INFO [215/500] 0fd10045-285e-4aa6-a29b-b9a14b70f712: not valid; 1.5 s; peak memory 2181 MiB.
2026-09-22T20:48:13Z INFO [216/500] 0fd1a1b6-ceb3-4430-a758-99b674776177: valid; 9.1 s; peak memory 2182 MiB.
2026-09-22T20:48:16Z INFO [217/500] 0fd1b2f1-e4e0-41b9-bc62-d6dfe28b13ca: valid; 2.3 s; peak memory 2182 MiB.
2026-09-22T20:48:17Z INFO [218/500] 0fd21fda-0ed5-45f4-b69d-9152355ed4ef: not valid; 1.9 s; peak memory 2182 MiB.
2026-09-22T20:48:18Z WARNING 0fd29b28-0b6e-4142-bb5a-ccb6f1638166: failed while retrieving asset information from the DANDI API (NotFoundError: No asset at path 'sub-456772/sub-456772_ses-20191123T145127_behavior+ecephys+ogen.nwb' in version 0.231012.2129. Verify the path is correct and the asset exists in this version. Use 'dandi ls' to list available assets.)
2026-09-22T20:48:27Z INFO [220/500] 0fd29ed1-d604-4cce-a49f-09fc7a3b115a: valid; 9.1 s; peak memory 2182 MiB.
2026-09-22T20:48:34Z INFO [221/500] 0fd2ac1d-11b2-4ea8-9fa6-cb98b91bfd33: valid; 7.0 s; peak memory 2182 MiB.
2026-09-22T20:48:35Z INFO [222/500] 0fd33ed5-d97a-4bd2-a2ec-1e0d2c0eb18a: valid; 1.5 s; peak memory 2182 MiB.
2026-09-22T20:48:37Z INFO [223/500] 0fd3c15a-a457-4d2e-bfba-54357a0833f7: not valid; 1.4 s; peak memory 2182 MiB.
2026-09-22T20:48:38Z INFO [224/500] 0fd3f6ab-febf-4896-864a-6f5052a464e5: not valid; 1.4 s; peak memory 2182 MiB.
2026-09-22T20:48:41Z INFO [225/500] 0fd44f41-d041-483e-8a1a-e1deddc7b0c4: not valid; 2.5 s; peak memory 2182 MiB.
2026-09-22T20:48:52Z INFO [226/500] 0fd45bae-c6c1-43d2-b55b-9c65b796a903: valid; 11.5 s; peak memory 2183 MiB.
2026-09-22T20:48:55Z INFO [227/500] 0fd45ebf-44b1-407a-8d25-d893e662cd56: valid; 2.6 s; peak memory 2187 MiB.
2026-09-22T20:48:57Z INFO [228/500] 0fd48367-b2a0-4e0c-8a3f-8782d72fdb69: not valid; 2.6 s; peak memory 2187 MiB.
2026-09-22T20:49:00Z INFO [229/500] 0fd4ebc0-748f-406b-b5d4-33bbb9ffcd9a: valid; 2.4 s; peak memory 2187 MiB.
2026-09-22T20:49:01Z INFO [230/500] 0fd4f216-67e9-4647-8e85-a947b6fab0e9: not valid; 1.3 s; peak memory 2187 MiB.
2026-09-22T20:49:03Z INFO [231/500] 0fd58ef9-8353-44a2-9a40-98587b525fcb: valid; 1.7 s; peak memory 2187 MiB.
2026-09-22T20:49:04Z INFO [232/500] 0fd6550b-2086-4fec-948f-61f253522b5b: valid; 1.3 s; peak memory 2187 MiB.
2026-09-22T20:49:06Z INFO [233/500] 0fd67a66-5170-484b-b32f-1314ca36db2b: valid; 2.0 s; peak memory 2187 MiB.
2026-09-22T20:49:08Z INFO [234/500] 0fd89a2e-a37e-4fb8-a25d-bf301b2e8430: valid; 1.8 s; peak memory 2187 MiB.
2026-09-22T20:49:10Z INFO [235/500] 0fd9a005-a6e3-40c7-987e-b53cd08ae6ae: not valid; 2.3 s; peak memory 2187 MiB.
2026-09-22T20:49:11Z INFO [236/500] 0fda4f2d-e9a3-45bb-ba1e-174cd89c3a8e: valid; 1.4 s; peak memory 2187 MiB.
2026-09-22T20:49:13Z INFO [237/500] 0fda52b4-917e-4a71-8602-25995f5d3c92: valid; 1.1 s; peak memory 2187 MiB.
2026-09-22T20:49:14Z INFO [238/500] 0fda8ad8-0e33-4012-a78d-30cf107f8876: valid; 1.7 s; peak memory 2187 MiB.
2026-09-22T20:49:15Z INFO [239/500] 0fdabba0-c0ba-40f5-b61c-f15654baa1ba: valid; 1.1 s; peak memory 2187 MiB.
2026-09-22T20:49:17Z INFO [240/500] 0fdace26-68e7-4065-bda6-c5a8eebcc971: valid; 1.9 s; peak memory 2187 MiB.
2026-09-22T20:49:20Z INFO [241/500] 0fdc7727-555b-4938-b7d1-fc65da880352: valid; 2.7 s; peak memory 2187 MiB.
2026-09-22T20:49:22Z INFO [242/500] 0fdcc544-673a-4da6-82cd-27fc6564949d: not valid; 2.2 s; peak memory 2187 MiB.
2026-09-22T20:49:26Z INFO [243/500] 0fdd41b0-ea0a-40af-bc1e-7ed8b3d9f2e5: valid; 4.2 s; peak memory 2187 MiB.
2026-09-22T20:49:30Z INFO [244/500] 0fdd80b8-26b9-4cef-bf1e-086eba8bce6e: valid; 3.6 s; peak memory 2187 MiB.
2026-09-22T20:49:32Z WARNING 0fddc542-3281-4db9-a122-1525d3d7cc69: failed while opening the NWB file (ConstructError: (root/acquisition/_iblmic_audioSpectrogram/bands GroupBuilder {'attributes': {'colnames': array(['freq'], dtype=object), 'description': 'spectogram frequencies', 'namespace': 'core', 'neurodata_type': 'FrequencyBandsTable', 'object_id': '4de2d0d9-9b4c-4324-8f5a-28964a5b7cab'}, 'groups': {}, 'datasets': {'freq': root/acquisition/_iblmic_audioSpectrogram/bands/freq DatasetBuilder {'attributes': {'description': 'frequency value', 'namespace': 'hdmf-common', 'neurodata_type': 'VectorData', 'object_id': '2365673b-a765-4509-8afe-94e2c796da49'}, 'data': <HDF5 dataset "freq": shape (257,), type "<f4">}, 'id': root/acquisition/_iblmic_audioSpectrogram/bands/id DatasetBuilder {'attributes': {'namespace': 'hdmf-common', 'neurodata_type': 'ElementIdentifiers', 'object_id': '68940e2c-b762-46a7-b776-d4efc5b260c8'}, 'data': <HDF5 dataset "id": shape (257,), type "<i4">}}, 'links': {}}, "Could not construct FrequencyBandsTable object due to: column must have the same number of rows as 'id'"))
2026-09-22T20:49:36Z INFO [246/500] 0fde19e9-5ed1-41b7-95d6-1cae9897ec52: valid; 4.2 s; peak memory 2187 MiB.
2026-09-22T20:49:38Z INFO [247/500] 0fde922d-9f0a-4d67-97eb-186e2ecd1f66: not valid; 2.2 s; peak memory 2187 MiB.
2026-09-22T20:49:39Z INFO [248/500] 0fdeeff2-aed4-431b-9148-420c224a8a5f: valid; 1.2 s; peak memory 2187 MiB.
2026-09-22T20:49:41Z INFO [249/500] 0fdf2f31-5d15-4c0c-9484-b1430d717d54: valid; 1.8 s; peak memory 2187 MiB.
2026-09-22T20:49:44Z INFO [250/500] 0fdf7e4e-8b66-4d90-aebe-e7caccdb61eb: valid; 2.7 s; peak memory 2194 MiB.
2026-09-22T20:49:45Z INFO [250/500] 0fdf7e4e-8b66-4d90-aebe-e7caccdb61eb: checkpointed 75260 records.
2026-09-22T20:49:46Z INFO [251/500] 0fdf875f-9e98-456b-b47a-f0326110ca0e: not valid; 1.7 s; peak memory 2201 MiB.
2026-09-22T20:49:48Z INFO [252/500] 0fdfca56-bfc2-4e24-bbd7-767307e3ce27: not valid; 2.1 s; peak memory 2203 MiB.
2026-09-22T20:49:52Z INFO [253/500] 0fe05f64-6d2d-43f8-b463-6809b474c57e: valid; 3.6 s; peak memory 2203 MiB.
2026-09-22T20:49:54Z INFO [254/500] 0fe078fb-a1df-48ab-bb3b-5a174d067afa: valid; 2.4 s; peak memory 2203 MiB.
2026-09-22T20:49:56Z INFO [255/500] 0fe0a278-8a08-4a1a-8ae7-b5f3748fcfb2: valid; 1.2 s; peak memory 2203 MiB.
2026-09-22T20:49:57Z INFO [256/500] 0fe0a818-a78a-4698-be60-f04a4cac0183: not valid; 1.5 s; peak memory 2204 MiB.
2026-09-22T20:49:59Z INFO [257/500] 0fe0c65b-e5f6-4ed8-a7de-9e4ff09e4cb1: not valid; 1.6 s; peak memory 2208 MiB.
2026-09-22T20:50:01Z INFO [258/500] 0fe0ca38-4a8e-48b3-b4cc-c7833ba4b33e: valid; 2.6 s; peak memory 2235 MiB.
2026-09-22T20:50:12Z INFO [259/500] 0fe0ed2e-951f-4443-be9f-e5d7847fb715: valid; 10.9 s; peak memory 2284 MiB.
2026-09-22T20:50:14Z INFO [260/500] 0fe0f5a1-7ed2-487a-ba60-3b099fc9fdcb: valid; 1.4 s; peak memory 2286 MiB.
2026-09-22T20:50:18Z INFO [261/500] 0fe11d22-6c40-437b-8213-89d4ccdc5f99: not valid; 4.7 s; peak memory 2296 MiB.
2026-09-22T20:50:19Z INFO [262/500] 0fe27368-4ee4-4366-95c8-0411f0d3e22a: valid; 1.1 s; peak memory 2299 MiB.
2026-09-22T20:50:21Z INFO [263/500] 0fe41382-26ca-4459-9cc3-06d1d4f27823: valid; 1.7 s; peak memory 2307 MiB.
2026-09-22T20:50:23Z INFO [264/500] 0fe47f28-0dfa-4532-8efe-461325a16928: valid; 2.2 s; peak memory 2317 MiB.
2026-09-22T20:50:37Z INFO [265/500] 0fe4a59b-78c7-4368-b64c-12818006437b: valid; 13.7 s; peak memory 2384 MiB.
2026-09-22T20:50:39Z INFO [266/500] 0fe4c1b2-af5c-4bb2-b718-6d270ed444e1: not valid; 2.0 s; peak memory 2386 MiB.
2026-09-22T20:50:42Z INFO [267/500] 0fe5b52c-2d25-4ea2-9d55-cc0d46287a7b: valid; 2.8 s; peak memory 2386 MiB.
2026-09-22T20:50:44Z INFO [268/500] 0fe5c9db-a799-4a04-b7a1-a789f1f21e07: valid; 1.8 s; peak memory 2386 MiB.
2026-09-22T20:50:51Z INFO [269/500] 0fe663ea-9a96-42d7-a866-32cec9b72634: valid; 7.6 s; peak memory 2386 MiB.
2026-09-22T20:50:54Z INFO [270/500] 0fe699a9-eb1e-43e2-b33b-adaf9c81b798: valid; 2.7 s; peak memory 2386 MiB.
2026-09-22T20:50:56Z INFO [271/500] 0fe72efc-de84-4899-9ea3-df10e74c8624: not valid; 1.9 s; peak memory 2386 MiB.
2026-09-22T20:50:59Z INFO [272/500] 0fe7a227-7668-485c-9319-b1fb2d6141e1: valid; 2.8 s; peak memory 2398 MiB.
2026-09-22T20:51:06Z INFO [273/500] 0fe7e348-5ace-41bb-8775-01d9d512298e: valid; 7.0 s; peak memory 2398 MiB.
2026-09-22T20:51:07Z INFO [274/500] 0fe8cdb8-27f7-4a19-85e8-eeb94de04cd9: valid; 1.2 s; peak memory 2398 MiB.
2026-09-22T20:51:09Z INFO [275/500] 0fe98182-cc2a-46e7-8cac-01f27903c00f: valid; 1.8 s; peak memory 2398 MiB.
2026-09-22T20:51:11Z INFO [276/500] 0fe9b84a-61e5-46e9-86b1-5e7c275ee7de: valid; 1.8 s; peak memory 2398 MiB.
2026-09-22T20:51:12Z INFO [277/500] 0fea620f-704d-4f27-a276-ee6e5f65b00e: not valid; 1.5 s; peak memory 2398 MiB.
2026-09-22T20:51:14Z INFO [278/500] 0fea62aa-597d-472a-ab3a-0209ec61799e: valid; 1.7 s; peak memory 2398 MiB.
2026-09-22T20:51:15Z INFO [279/500] 0fea7a6e-e9f3-4fe6-a025-cbc9ceea64d2: valid; 1.1 s; peak memory 2398 MiB.
2026-09-22T20:51:17Z INFO [280/500] 0fea942b-fd33-46c7-b38a-edd2cd286b47: valid; 1.8 s; peak memory 2398 MiB.
2026-09-22T20:51:19Z INFO [281/500] 0fea9f3d-548f-4d10-978b-17ddfc9e29a3: valid; 1.8 s; peak memory 2398 MiB.
2026-09-22T20:51:20Z INFO [282/500] 0feac59f-3f0e-406f-bc46-0f1d0af74cac: valid; 1.2 s; peak memory 2398 MiB.
2026-09-22T20:51:21Z INFO [283/500] 0feaf2af-5aee-46d8-bfac-39064cca52d8: valid; 1.3 s; peak memory 2398 MiB.
2026-09-22T20:51:22Z INFO [284/500] 0feb3e49-ffde-4af0-bdd8-0b2633356da9: valid; 1.0 s; peak memory 2398 MiB.
2026-09-22T20:51:24Z INFO [285/500] 0fec493c-dca3-4336-bac4-993cad9bbb3a: valid; 1.6 s; peak memory 2398 MiB.
2026-09-22T20:51:25Z INFO [286/500] 0fec55dc-c6b4-4d0e-ae45-4e3e0e20e017: valid; 1.3 s; peak memory 2398 MiB.
2026-09-22T20:51:26Z INFO [287/500] 0fed3997-c0f1-4f19-a73c-05916e2ba46e: valid; 1.3 s; peak memory 2398 MiB.
2026-09-22T20:51:29Z INFO [288/500] 0fed8951-a920-4c2e-9707-78f4dbf90198: valid; 2.8 s; peak memory 2398 MiB.
2026-09-22T20:51:32Z INFO [289/500] 0fee75df-2312-4b4a-abca-0e10edee949c: not valid; 2.5 s; peak memory 2398 MiB.
2026-09-22T20:51:33Z INFO [290/500] 0fee7ee6-3fec-40f0-b16b-df3d4d21d5f2: not valid; 1.5 s; peak memory 2398 MiB.
2026-09-22T20:51:35Z INFO [291/500] 0fee93ef-7056-4bdc-a450-8a1d17c849e8: valid; 1.5 s; peak memory 2398 MiB.
2026-09-22T20:51:36Z INFO [292/500] 0feef1bf-6924-4a6a-9afc-06347fd171e7: valid; 1.2 s; peak memory 2398 MiB.
2026-09-22T20:51:38Z INFO [293/500] 0fef4875-d376-477a-a2f5-d0d2595427d3: valid; 2.1 s; peak memory 2398 MiB.
2026-09-22T20:51:41Z WARNING 0fef83d5-116c-4b13-bfd4-7d26f390ed78: failed while opening the NWB file (ConstructError: (root/general/optogenetics/PatternedOptogeneticStimulusSite GroupBuilder {'attributes': {'effector': 'GUR-3/PRDX-2', 'namespace': 'ndx-patterned-ogen', 'neurodata_type': 'PatternedOptogeneticStimulusSite', 'object_id': '72c598f4-a3b0-4223-addb-1ff946a228c9'}, 'groups': {}, 'datasets': {'description': root/general/optogenetics/PatternedOptogeneticStimulusSite/description DatasetBuilder {'attributes': {}, 'data': 'Scanning'}, 'excitation_lambda': root/general/optogenetics/PatternedOptogeneticStimulusSite/excitation_lambda DatasetBuilder {'attributes': {}, 'data': np.float64(850.0)}, 'location': root/general/optogenetics/PatternedOptogeneticStimulusSite/location DatasetBuilder {'attributes': {}, 'data': 'whole brain'}}, 'links': {'device': root/general/optogenetics/PatternedOptogeneticStimulusSite/device LinkBuilder {'builder': root/general/devices/OptogeneticDevice GroupBuilder {'attributes': {'description': '', 'namespace': 'core', 'neurodata_type': 'Device', 'object_id': 'ee3cb77b-f8e9-4aca-bfa0-1c79f12f8c8e'}, 'groups': {}, 'datasets': {}, 'links': {}}}, 'light_source': root/general/optogenetics/PatternedOptogeneticStimulusSite/light_source LinkBuilder {'builder': root/general/devices/AmplifiedLaser GroupBuilder {'attributes': {'description': 'For two-photon optogenetic targeting, we used an optical parametric amplifier (OPA; Light Conversion ORPHEUS) pumped by a femtosecond amplified laser (Light Conversion PHAROS).', 'filter_description': 'Short pass at 1040 nm', 'manufacturer': 'Light Conversion', 'model': 'ORPHEUS amplifier and PHAROS laser', 'namespace': 'ndx-patterned-ogen', 'neurodata_type': 'LightSource', 'object_id': 'ee3e6929-f6e2-46a2-a290-e2d93e4d1e65', 'peak_power_in_W': np.float64(0.0012), 'pulse_rate_in_Hz': np.float64(500000.0), 'stimulation_wavelength_in_nm': np.float64(850.0)}, 'groups': {}, 'datasets': {}, 'links': {}}}}}, "Could not construct PatternedOptogeneticStimulusSite object due to: CustomClassGenerator.set_init.<locals>.__init__: incorrect type for 'spatial_light_modulator' (got 'list', expected 'Device')"))
2026-09-22T20:51:42Z INFO [295/500] 0ff03f6f-152d-49c9-8079-e8782a6f8c32: valid; 1.4 s; peak memory 2398 MiB.
2026-09-22T20:51:43Z INFO [296/500] 0ff088e4-120a-4860-bf5b-9535fdbda4af: valid; 1.3 s; peak memory 2399 MiB.
2026-09-22T20:51:45Z INFO [297/500] 0ff090b5-f389-4bcf-aa42-d5d0cc0021bd: not valid; 1.9 s; peak memory 2401 MiB.
2026-09-22T20:51:46Z INFO [298/500] 0ff145dd-67b4-4687-97cb-a58e5bfefcab: valid; 1.0 s; peak memory 2403 MiB.
2026-09-22T20:51:48Z INFO [299/500] 0ff1f771-814f-4e4c-b784-e49c65b1fd6e: valid; 1.6 s; peak memory 2406 MiB.
2026-09-22T20:51:49Z INFO [300/500] 0ff29028-93fb-437c-b4bd-c00027c0df5a: valid; 1.1 s; peak memory 2407 MiB.
2026-09-22T20:51:50Z INFO [300/500] 0ff29028-93fb-437c-b4bd-c00027c0df5a: checkpointed 75310 records.
2026-09-22T20:51:51Z INFO [301/500] 0ff2b522-21c4-4ed5-80ef-bbc626037347: valid; 1.7 s; peak memory 2415 MiB.
2026-09-22T20:51:53Z INFO [302/500] 0ff323b1-2728-4833-b91f-4a1c5a2a6ddb: valid; 1.3 s; peak memory 2415 MiB.
2026-09-22T20:51:56Z INFO [303/500] 0ff3f87c-d511-4ee3-a75f-d0db3b66c001: not valid; 3.5 s; peak memory 2418 MiB.
2026-09-22T20:51:57Z INFO [304/500] 0ff45cca-726d-4da3-abcc-051ea54b88c9: valid; 1.4 s; peak memory 2420 MiB.
2026-09-22T20:52:00Z INFO [305/500] 0ff46048-1375-48f9-aaa0-e405b9730fc7: not valid; 2.4 s; peak memory 2439 MiB.
2026-09-22T20:52:06Z INFO [306/500] 0ff469ca-a400-4aa2-bd17-dc44016a92d3: not valid; 6.0 s; peak memory 2443 MiB.
2026-09-22T20:52:08Z INFO [307/500] 0ff46ecf-b2cb-419e-ae1a-e459ddde0898: not valid; 1.7 s; peak memory 2446 MiB.
2026-09-22T20:52:09Z INFO [308/500] 0ff527cc-fbc8-4a01-a7fe-fab86b8a8175: not valid; 1.7 s; peak memory 2446 MiB.
2026-09-22T20:52:13Z INFO [309/500] 0ff58f97-d185-465c-a60f-26732dc437f0: valid; 3.5 s; peak memory 2446 MiB.
2026-09-22T20:52:25Z INFO [310/500] 0ff5a9ef-b218-4083-9d31-8cfdd394e146: valid; 11.7 s; peak memory 2459 MiB.
2026-09-22T20:52:26Z INFO [311/500] 0ff5b40b-d4a3-4306-bfb6-2714f87dd7c9: valid; 1.0 s; peak memory 2460 MiB.
2026-09-22T20:52:28Z INFO [312/500] 0ff5b8c2-dfe2-404d-9c44-b145404c40ca: not valid; 2.0 s; peak memory 2462 MiB.
2026-09-22T20:52:29Z INFO [313/500] 0ff68d9f-63ef-4f6b-8788-eede19991532: valid; 1.2 s; peak memory 2462 MiB.
2026-09-22T20:52:31Z INFO [314/500] 0ff6a9f3-ef7e-4fef-8769-2c0828caebf6: valid; 2.4 s; peak memory 2465 MiB.
2026-09-22T20:52:33Z INFO [315/500] 0ff6cf9c-1099-481d-8bd6-7b8fada9e80b: valid; 1.9 s; peak memory 2468 MiB.
2026-09-22T20:52:37Z INFO [316/500] 0ff6dfb0-665c-495c-ae47-ff065bee7c28: valid; 3.4 s; peak memory 2478 MiB.
2026-09-22T20:52:38Z INFO [317/500] 0ff70f1a-e990-4fcb-8e18-2cde1b702acd: valid; 1.5 s; peak memory 2481 MiB.
2026-09-22T20:52:40Z INFO [318/500] 0ff72c6f-df8c-46fd-8688-0fa3c890bab8: valid; 2.0 s; peak memory 2483 MiB.
2026-09-22T20:52:41Z INFO [319/500] 0ff754b6-1263-4868-8fe2-af3f81e4c934: valid; 0.9 s; peak memory 2483 MiB.
2026-09-22T20:52:42Z INFO [320/500] 0ff7caf5-ba0e-4c8f-b81a-5bb2f75f3aa8: valid; 1.3 s; peak memory 2483 MiB.
2026-09-22T20:52:44Z INFO [321/500] 0ff7f48a-c711-4beb-ab28-04769219df27: valid; 2.0 s; peak memory 2483 MiB.
2026-09-22T20:52:46Z INFO [322/500] 0ff9806b-d1ca-46ff-9799-1e6fafad0924: valid; 2.2 s; peak memory 2486 MiB.
2026-09-22T20:52:48Z INFO [323/500] 0ffa3fbc-6cd2-4737-b884-d9d2fda78341: not valid; 1.4 s; peak memory 2487 MiB.
2026-09-22T20:52:51Z INFO [324/500] 0ffa4df6-5840-4424-affb-951b092c0a7c: valid; 2.9 s; peak memory 2492 MiB.
2026-09-22T20:52:53Z INFO [325/500] 0ffa6732-cd36-4871-b5a8-11143ab9ffe1: valid; 2.2 s; peak memory 2495 MiB.
2026-09-22T20:52:53Z WARNING 0ffa75c8-168a-4671-a045-0154b9712f39: failed while retrieving asset information from the DANDI API (NotFoundError: No asset at path 'sub-EPCNHP2/sub-EPCNHP2_ses-2020-11-23-006_ecephys.nwb' in version 0.240701.1903. Verify the path is correct and the asset exists in this version. Use 'dandi ls' to list available assets.)
2026-09-22T20:52:55Z INFO [327/500] 0ffa8d66-2a88-4eaa-a2c4-6f494a955ed2: not valid; 1.5 s; peak memory 2495 MiB.
2026-09-22T20:52:56Z INFO [328/500] 0ffb4f30-2a91-4a1e-9741-66f667061bc3: valid; 1.2 s; peak memory 2495 MiB.
2026-09-22T20:52:58Z INFO [329/500] 0ffb9c8f-c917-4fbe-a883-1312b18f88fa: valid; 2.4 s; peak memory 2510 MiB.
2026-09-22T20:53:00Z INFO [330/500] 0ffbdf7f-46eb-4ea6-bb19-39de09d9f3b2: valid; 1.3 s; peak memory 2510 MiB.
2026-09-22T20:53:04Z INFO [331/500] 0ffbecba-81b6-4b0a-befd-e0b27e4e71a8: valid; 3.9 s; peak memory 2554 MiB.
2026-09-22T20:53:11Z INFO [332/500] 0ffc02d1-12c9-4103-8254-e22251ae85f2: valid; 7.7 s; peak memory 2689 MiB.
2026-09-22T20:53:13Z INFO [333/500] 0ffcb9b5-2fba-4ac3-bdb4-479f6bcaed30: not valid; 1.6 s; peak memory 2689 MiB.
2026-09-22T20:53:16Z INFO [334/500] 0ffcf91c-c12e-4689-a0f9-63249e5dbe16: valid; 2.9 s; peak memory 2689 MiB.
2026-09-22T20:53:17Z INFO [335/500] 0ffd13ae-3e74-40c6-9e22-ecdc6e015cbe: not valid; 1.4 s; peak memory 2689 MiB.
2026-09-22T20:53:45Z INFO [336/500] 0ffd4ab6-694b-46cf-99f9-6170a421209d: not valid; 28.0 s; peak memory 2798 MiB.
2026-09-22T20:53:47Z INFO [337/500] 0ffd75f3-6719-4ba9-b642-344855694b2b: valid; 2.3 s; peak memory 2802 MiB.
2026-09-22T20:53:49Z INFO [338/500] 0ffd76c6-5b87-4c1d-87da-5ee14dab3c72: not valid; 2.1 s; peak memory 2806 MiB.
2026-09-22T20:53:51Z INFO [339/500] 0ffdb1b2-dd90-4331-90e4-7d9240a7230c: valid; 1.1 s; peak memory 2808 MiB.
2026-09-22T20:53:52Z INFO [340/500] 0ffe3ae9-bcc8-4d84-9901-f9d33fdd3bfc: valid; 1.2 s; peak memory 2810 MiB.
2026-09-22T20:53:54Z INFO [341/500] 0ffe5182-ee88-42fe-8329-3425c53dc476: valid; 1.8 s; peak memory 2815 MiB.
2026-09-22T20:53:56Z INFO [342/500] 0ffe7e0c-2f17-498f-84cd-e650247b380f: valid; 2.4 s; peak memory 2836 MiB.
2026-09-22T20:53:58Z INFO [343/500] 0ffeb17d-da3f-48fe-b3eb-b09901b626ea: valid; 2.3 s; peak memory 2836 MiB.
2026-09-22T20:54:01Z INFO [344/500] 0fff22cc-cf44-422a-83dd-b0fcb62805f2: valid; 3.1 s; peak memory 2836 MiB.
2026-09-22T20:54:04Z INFO [345/500] 0ffff8af-c1f9-44ed-8190-c8885302a9ba: not valid; 2.5 s; peak memory 2836 MiB.
2026-09-22T20:54:20Z INFO [346/500] 10000639-b9f8-4abd-8903-3c596112c5c8: valid; 16.3 s; peak memory 2957 MiB.
2026-09-22T20:54:22Z INFO [347/500] 100013aa-9eca-4651-97fa-f62d56d676ab: valid; 2.2 s; peak memory 2957 MiB.
2026-09-22T20:54:27Z INFO [348/500] 10001c3e-8402-4cac-ac27-5374132ad308: valid; 5.1 s; peak memory 2957 MiB.
2026-09-22T20:54:29Z INFO [349/500] 1000a18a-e180-45b8-b9c4-4000901175ea: not valid; 1.8 s; peak memory 2957 MiB.
2026-09-22T20:54:31Z INFO [350/500] 1001008b-f6ac-4727-8acc-85e1309953ca: valid; 1.9 s; peak memory 2957 MiB.
2026-09-22T20:54:32Z INFO [350/500] 1001008b-f6ac-4727-8acc-85e1309953ca: checkpointed 75360 records.
2026-09-22T20:54:35Z INFO [351/500] 10015489-1a5e-4b6b-8bdc-e05b7bc06669: not valid; 3.7 s; peak memory 2957 MiB.
2026-09-22T20:54:37Z INFO [352/500] 1002c4fe-a907-49ba-a04f-c054f3897f9f: valid; 1.8 s; peak memory 2957 MiB.
2026-09-22T20:54:55Z INFO [353/500] 1002dfb9-5021-4d67-b6b6-2ea0357b001d: valid; 18.2 s; peak memory 3051 MiB.
2026-09-22T20:54:57Z INFO [354/500] 1003174c-6b68-4b77-9679-f341e7d9f24d: valid; 1.7 s; peak memory 3053 MiB.
2026-09-22T20:54:58Z INFO [355/500] 1003bf7e-f1d0-479b-9b47-39898d59b900: valid; 1.1 s; peak memory 3056 MiB.
2026-09-22T20:54:59Z INFO [356/500] 1003cf8d-a5df-4c5f-ba9f-42b34438a589: valid; 1.2 s; peak memory 3058 MiB.
2026-09-22T20:55:01Z INFO [357/500] 1004e2c4-1b9c-4d62-b7dc-ff66f6fafeeb: not valid; 1.8 s; peak memory 3058 MiB.
2026-09-22T20:55:10Z INFO [358/500] 10050a28-2697-41a3-91bf-ca573237bc82: not valid; 9.1 s; peak memory 3058 MiB.
2026-09-22T20:55:11Z INFO [359/500] 10051452-5385-4c56-8e17-623889d2a08b: valid; 1.1 s; peak memory 3058 MiB.
2026-09-22T20:55:15Z INFO [360/500] 10052183-925e-48ca-9341-fbbd80cd4733: valid; 3.2 s; peak memory 3058 MiB.
2026-09-22T20:55:17Z INFO [361/500] 1005802d-3249-4ba4-a481-5c833fabd940: valid; 2.3 s; peak memory 3058 MiB.
2026-09-22T20:55:20Z INFO [362/500] 1005e573-468c-488f-ad37-f0d71dfbdeca: valid; 2.7 s; peak memory 3058 MiB.
2026-09-22T20:55:22Z WARNING 10064520-8f2d-4770-afbf-1cee5d7c6e08: failed while opening the NWB file (ConstructError: (root/acquisition/_iblmic_audioSpectrogram/bands GroupBuilder {'attributes': {'colnames': array(['freq'], dtype=object), 'description': 'spectogram frequencies', 'namespace': 'core', 'neurodata_type': 'FrequencyBandsTable', 'object_id': '5b37d98b-5d8b-4a43-b872-62cf99f8adff'}, 'groups': {}, 'datasets': {'freq': root/acquisition/_iblmic_audioSpectrogram/bands/freq DatasetBuilder {'attributes': {'description': 'frequency value', 'namespace': 'hdmf-common', 'neurodata_type': 'VectorData', 'object_id': 'c13182fc-3db4-4590-a80f-463b6ffd3cf4'}, 'data': <HDF5 dataset "freq": shape (257,), type "<f4">}, 'id': root/acquisition/_iblmic_audioSpectrogram/bands/id DatasetBuilder {'attributes': {'namespace': 'hdmf-common', 'neurodata_type': 'ElementIdentifiers', 'object_id': '18ec73bb-b429-4d7d-92b0-c4f6d20aa5b4'}, 'data': <HDF5 dataset "id": shape (257,), type "<i4">}}, 'links': {}}, "Could not construct FrequencyBandsTable object due to: column must have the same number of rows as 'id'"))
2026-09-22T20:55:23Z INFO [364/500] 10067230-54e3-4781-a196-eb2c3be66c96: valid; 1.8 s; peak memory 3058 MiB.
2026-09-22T20:55:25Z INFO [365/500] 1007c8ed-0e26-43a3-952d-71b876d3bc1a: valid; 1.3 s; peak memory 3058 MiB.
2026-09-22T20:55:27Z INFO [366/500] 1008c7d2-700b-4d41-8705-9326e57b4516: not valid; 2.0 s; peak memory 3058 MiB.
2026-09-22T20:55:28Z INFO [367/500] 1008d887-e1a7-4955-bb77-54a5a97712d1: valid; 1.3 s; peak memory 3058 MiB.
2026-09-22T20:55:30Z INFO [368/500] 10096545-c634-42af-84ab-752edf56dd54: valid; 1.9 s; peak memory 3058 MiB.
2026-09-22T20:55:30Z WARNING 100a1e67-cd61-4c32-9c4e-809b461f8d35: failed while retrieving asset information from the DANDI API (NotFoundError: No asset at path 'sub-parkinson-simulated-lfp/sub-parkinson-simulated-lfp_ses-4643_ecephys.nwb' in version 0.250327.2220. Verify the path is correct and the asset exists in this version. Use 'dandi ls' to list available assets.)
2026-09-22T20:55:42Z INFO [370/500] 100a3ae4-8d87-46c9-947b-7c6bc2eed74f: valid; 11.7 s; peak memory 3058 MiB.
2026-09-22T20:56:04Z INFO [371/500] 100a6a1a-d8c8-4afd-93f0-09f03621fe7d: valid; 21.8 s; peak memory 3110 MiB.
2026-09-22T20:56:40Z INFO [372/500] 100a96bd-58af-4b56-b51e-4c55f89ebdc0: not valid; 36.3 s; peak memory 3179 MiB.
2026-09-22T20:56:43Z INFO [373/500] 100ae1dc-3cdf-4bc8-bbaa-87e7e88a24c4: valid; 3.7 s; peak memory 3186 MiB.
2026-09-22T20:56:46Z INFO [374/500] 100b5e1c-c54b-4b4b-b5c1-b404f807cbb1: valid; 2.3 s; peak memory 3194 MiB.
2026-09-22T20:56:48Z INFO [375/500] 100bd152-6f70-407f-a497-654d0c3508bd: valid; 2.0 s; peak memory 3204 MiB.
2026-09-22T20:56:49Z INFO [376/500] 100c41ee-2f06-4e0c-92bf-55ebaef14dac: valid; 0.9 s; peak memory 3206 MiB.
2026-09-22T20:56:50Z WARNING 100cc3bf-c241-4030-978f-55c8a9241484: failed while opening the NWB file (ConstructError: (root/acquisition/_iblmic_audioSpectrogram/bands GroupBuilder {'attributes': {'colnames': array(['freq'], dtype=object), 'description': 'spectogram frequencies', 'namespace': 'core', 'neurodata_type': 'FrequencyBandsTable', 'object_id': '870bcdad-4f09-4f48-9d90-0dc0b480b10b'}, 'groups': {}, 'datasets': {'freq': root/acquisition/_iblmic_audioSpectrogram/bands/freq DatasetBuilder {'attributes': {'description': 'frequency value', 'namespace': 'hdmf-common', 'neurodata_type': 'VectorData', 'object_id': '3a55fb07-0ddd-4bac-b454-8a31e6e1a673'}, 'data': <HDF5 dataset "freq": shape (257,), type "<f4">}, 'id': root/acquisition/_iblmic_audioSpectrogram/bands/id DatasetBuilder {'attributes': {'namespace': 'hdmf-common', 'neurodata_type': 'ElementIdentifiers', 'object_id': 'f59dd040-7af9-4478-bfa8-562ef8ed4da9'}, 'data': <HDF5 dataset "id": shape (257,), type "<i4">}}, 'links': {}}, "Could not construct FrequencyBandsTable object due to: column must have the same number of rows as 'id'"))
2026-09-22T20:56:52Z INFO [378/500] 100cf3bc-068a-4c4b-8c02-cb1253f5e03d: valid; 1.5 s; peak memory 3213 MiB.
2026-09-22T20:56:58Z INFO [379/500] 100d865b-d112-4a79-b99b-45c6b0c0aca1: valid; 5.5 s; peak memory 3223 MiB.
2026-09-22T20:56:59Z INFO [380/500] 100ddadf-ca2f-4dba-b985-47d5c9b4c5bd: valid; 1.6 s; peak memory 3226 MiB.
2026-09-22T20:57:01Z INFO [381/500] 100e1528-5223-4167-8b1d-2b911d462085: valid; 1.9 s; peak memory 3228 MiB.
2026-09-22T20:57:09Z INFO [382/500] 100e959a-f93b-4008-b452-3b96983bf393: valid; 8.0 s; peak memory 3229 MiB.
2026-09-22T20:57:11Z INFO [383/500] 100ec45c-9e15-436a-b752-673d391c0dc8: valid; 2.2 s; peak memory 3229 MiB.
2026-09-22T20:57:13Z INFO [384/500] 100f26bf-e045-4dac-b4f5-ce4634e36bac: valid; 2.1 s; peak memory 3229 MiB.
2026-09-22T20:57:15Z INFO [385/500] 100f73ed-4129-4501-ab77-d8f16b7f4e32: valid; 1.9 s; peak memory 3229 MiB.
2026-09-22T20:57:17Z INFO [386/500] 100f8504-04ec-4189-afe9-74df2347e3ba: not valid; 1.8 s; peak memory 3229 MiB.
2026-09-22T20:57:20Z INFO [387/500] 100fee91-f344-4120-a05e-8315d16a75b6: valid; 3.1 s; peak memory 3229 MiB.
2026-09-22T20:57:23Z INFO [388/500] 101048c0-7fca-4ea2-a379-907ec7645af6: valid; 2.4 s; peak memory 3229 MiB.
2026-09-22T20:57:25Z INFO [389/500] 101057dc-f1b5-4f08-977f-72ced15b8e79: valid; 1.9 s; peak memory 3229 MiB.
2026-09-22T20:57:26Z INFO [390/500] 1010d114-439f-4dc4-a27b-f623dbcd0157: valid; 1.6 s; peak memory 3229 MiB.
2026-09-22T20:57:28Z INFO [391/500] 10117de9-54fd-446e-9092-4862d0bc7c7c: not valid; 1.5 s; peak memory 3229 MiB.
2026-09-22T20:57:29Z INFO [392/500] 10118766-5b5c-46d3-98b4-d4d3d5c0edf0: not valid; 1.7 s; peak memory 3229 MiB.
2026-09-22T20:57:43Z INFO [393/500] 1012054d-20f4-4fef-b901-759efbedab4d: valid; 13.8 s; peak memory 3229 MiB.
2026-09-22T20:57:46Z INFO [394/500] 101243d2-2336-4a7d-915d-d01e238189e9: valid; 2.8 s; peak memory 3230 MiB.
2026-09-22T20:57:47Z INFO [395/500] 10131639-f3b7-4aee-adf5-13f2c1ed4aad: not valid; 1.6 s; peak memory 3230 MiB.
2026-09-22T20:57:49Z INFO [396/500] 10137208-e2c0-421d-aff2-f5bedd5515a7: valid; 1.5 s; peak memory 3230 MiB.
2026-09-22T20:57:54Z INFO [397/500] 1013db26-6437-4017-b034-b3a76329a849: not valid; 5.5 s; peak memory 3230 MiB.
2026-09-22T20:57:57Z INFO [398/500] 10143baf-f2f9-44d8-80ea-81f27d6a68d4: valid; 2.3 s; peak memory 3230 MiB.
2026-09-22T20:57:59Z INFO [399/500] 10154a4b-cdef-4d05-9d36-e6eb6dea0535: valid; 2.5 s; peak memory 3230 MiB.
2026-09-22T20:58:01Z INFO [400/500] 101723d6-7818-42b2-845c-14b61db744b3: valid; 1.6 s; peak memory 3230 MiB.
2026-09-22T20:58:01Z INFO [400/500] 101723d6-7818-42b2-845c-14b61db744b3: checkpointed 75410 records.
2026-09-22T20:58:04Z INFO [401/500] 10174179-c4f2-4486-bc1e-94ec9f4fc908: valid; 2.2 s; peak memory 3230 MiB.
2026-09-22T20:58:06Z INFO [402/500] 1017530b-a5e9-4612-9690-14b51ef08c42: valid; 2.0 s; peak memory 3230 MiB.
2026-09-22T20:58:08Z INFO [403/500] 101807a6-a5a1-4482-b95c-7b2436351870: valid; 2.4 s; peak memory 3230 MiB.
2026-09-22T20:58:16Z INFO [404/500] 10180d3d-ad83-4128-bbd7-14f149a62d0d: valid; 7.7 s; peak memory 3230 MiB.
2026-09-22T20:58:17Z INFO [405/500] 1018be90-2c20-4da3-b3b6-eec0805101cb: valid; 1.3 s; peak memory 3230 MiB.
2026-09-22T20:58:19Z INFO [406/500] 1019c346-35d1-4a2b-94cf-d7739f6b6238: valid; 1.6 s; peak memory 3230 MiB.
2026-09-22T20:58:21Z INFO [407/500] 101a09c9-3de5-4137-b7f1-d7fcaf8e7c74: valid; 2.4 s; peak memory 3230 MiB.
2026-09-22T20:58:23Z INFO [408/500] 101a5287-d73a-4f8d-a4c2-1bb96855c2f4: valid; 1.9 s; peak memory 3230 MiB.
2026-09-22T20:58:25Z INFO [409/500] 101a6c80-7684-4142-9a97-f6c4c6c14a66: valid; 2.0 s; peak memory 3230 MiB.
2026-09-22T20:58:27Z INFO [410/500] 101a6fc0-b7ea-4959-835f-e0c770071d63: valid; 2.1 s; peak memory 3230 MiB.
2026-09-22T20:58:29Z INFO [411/500] 101a70b6-bef3-4554-bf07-226f8161a358: valid; 1.8 s; peak memory 3230 MiB.
2026-09-22T20:58:32Z INFO [412/500] 101ab3da-f5ef-4ea2-9fa0-b30047d3c8fa: not valid; 3.8 s; peak memory 3230 MiB.
2026-09-22T20:58:34Z INFO [413/500] 101c0b1b-45a3-4253-bd18-758617a38cf2: valid; 1.8 s; peak memory 3230 MiB.
2026-09-22T20:58:36Z INFO [414/500] 101c5095-6e48-4732-8a2c-34c21c806a5d: not valid; 1.3 s; peak memory 3230 MiB.
2026-09-22T20:58:38Z INFO [415/500] 101c993b-0cea-474c-9bef-9bd6f22a7b27: valid; 2.0 s; peak memory 3230 MiB.
2026-09-22T20:58:39Z INFO [416/500] 101cb20c-8da6-4faf-b72d-175e5de15ea4: valid; 1.0 s; peak memory 3230 MiB.
2026-09-22T20:58:41Z INFO [417/500] 101d0685-addb-4972-abb3-1dff68289352: valid; 2.7 s; peak memory 3230 MiB.
2026-09-22T20:58:43Z INFO [418/500] 101dd165-68e4-4354-b680-417b3ef5dda2: not valid; 1.4 s; peak memory 3230 MiB.
2026-09-22T20:58:44Z INFO [419/500] 101ee421-38b1-474b-aa1c-ff7623953727: not valid; 1.6 s; peak memory 3230 MiB.
2026-09-22T20:58:45Z INFO [420/500] 101f38f0-c706-4c33-be0c-956e75f24441: not valid; 1.1 s; peak memory 3230 MiB.
2026-09-22T20:58:49Z INFO [421/500] 101f527f-1719-4c16-9a48-b2e0c467b1ce: not valid; 3.9 s; peak memory 3230 MiB.
2026-09-22T20:58:51Z INFO [422/500] 101f71d6-dbb9-4868-8bf9-45cd76049445: valid; 2.0 s; peak memory 3230 MiB.
2026-09-22T20:59:23Z INFO [423/500] 101f8160-2a68-4486-bffe-0b33e49e6e93: not valid; 32.1 s; peak memory 3294 MiB.
2026-09-22T20:59:25Z INFO [424/500] 101f9ee6-bad6-4047-825f-ccdc35967ea2: not valid; 1.8 s; peak memory 3299 MiB.
2026-09-22T20:59:27Z INFO [425/500] 101fa60d-0816-400e-9984-c90851131f5f: valid; 2.0 s; peak memory 3308 MiB.
2026-09-22T20:59:28Z INFO [426/500] 1020363c-b012-4514-ad9b-6865f22482e8: not valid; 1.2 s; peak memory 3312 MiB.
2026-09-22T20:59:30Z INFO [427/500] 10206aae-b2fb-4f1a-8598-aee7c26930d2: not valid; 1.3 s; peak memory 3317 MiB.
2026-09-22T20:59:44Z INFO [428/500] 1020a62a-3316-4bbb-9bad-1899c1960c24: valid; 14.3 s; peak memory 3363 MiB.
2026-09-22T20:59:47Z INFO [429/500] 1020f17f-d43d-4b1c-bb46-589f07e767d0: valid; 3.1 s; peak memory 3369 MiB.
2026-09-22T20:59:48Z INFO [430/500] 1020faaa-4559-4dd5-a80c-2a03c7e76a31: valid; 1.2 s; peak memory 3371 MiB.
2026-09-22T20:59:50Z INFO [431/500] 10212914-736b-41d6-aba5-49eb68b05c86: valid; 1.5 s; peak memory 3374 MiB.
2026-09-22T20:59:52Z INFO [432/500] 1021c365-296b-4c10-99e6-10397003b240: valid; 2.7 s; peak memory 3375 MiB.
2026-09-22T20:59:54Z INFO [433/500] 102267b7-ee9c-46d1-a82f-4ec25cc0ef4b: valid; 1.3 s; peak memory 3376 MiB.
2026-09-22T20:59:56Z INFO [434/500] 10227a67-f838-4bd3-8c07-ddf595fbd57b: valid; 2.8 s; peak memory 3384 MiB.
2026-09-22T21:00:55Z INFO [435/500] 1022e745-3d9d-4f17-b0bf-26c062b0a866: valid; 59.1 s; peak memory 3527 MiB.
2026-09-22T21:00:59Z INFO [436/500] 1022e903-8bed-4c25-9648-cefa54eb4f27: not valid; 3.1 s; peak memory 3535 MiB.
2026-09-22T21:01:10Z INFO [437/500] 102362f8-23c5-480d-b7d5-d3998bc22b54: valid; 11.7 s; peak memory 3912 MiB.
2026-09-22T21:01:12Z INFO [438/500] 10238980-ffc0-4a1d-93c8-2bf2d842068a: valid; 1.2 s; peak memory 3912 MiB.
2026-09-22T21:01:15Z INFO [439/500] 102409bf-7de0-431d-9194-95698de71a12: valid; 3.0 s; peak memory 3912 MiB.
2026-09-22T21:01:18Z INFO [440/500] 1024c501-30f5-4293-a119-2afb510e77d2: valid; 3.0 s; peak memory 3912 MiB.
2026-09-22T21:01:20Z INFO [441/500] 1024c7a1-67c0-4a53-b992-b2f6c676e75b: valid; 2.4 s; peak memory 3912 MiB.
2026-09-22T21:01:22Z INFO [442/500] 1024ca79-40d0-423b-9c4e-d48c0a331297: valid; 2.3 s; peak memory 3912 MiB.
2026-09-22T21:01:24Z INFO [443/500] 1024dc9b-c8f9-412e-80aa-5cad2406115b: valid; 1.7 s; peak memory 3912 MiB.
2026-09-22T21:01:25Z INFO [444/500] 10253549-fb3c-47ac-94f7-d4d97f504c1f: valid; 1.2 s; peak memory 3912 MiB.
2026-09-22T21:01:25Z WARNING 1025d15e-6650-4277-b01a-59fd7e0874a3: failed while retrieving asset information from the DANDI API (NotFoundError: No such Dandiset: 001269)
2026-09-22T21:01:26Z INFO [446/500] 1026281e-9a5d-472f-a040-38a8bcffb3b8: not valid; 1.4 s; peak memory 3912 MiB.
2026-09-22T21:01:28Z INFO [447/500] 10267f14-6dbb-4315-8c7e-d213266277d8: not valid; 1.3 s; peak memory 3912 MiB.
2026-09-22T21:01:31Z INFO [448/500] 10275946-4797-411d-8e23-6bef95ab3578: valid; 3.0 s; peak memory 3912 MiB.
2026-09-22T21:01:32Z INFO [449/500] 10276c62-2217-4d47-947d-44238f7fb5c8: valid; 1.1 s; peak memory 3912 MiB.
2026-09-22T21:01:33Z INFO [450/500] 102792dd-d6d0-4846-b28e-f97023eb16e8: valid; 1.3 s; peak memory 3912 MiB.
2026-09-22T21:01:34Z INFO [450/500] 102792dd-d6d0-4846-b28e-f97023eb16e8: checkpointed 75460 records.
2026-09-22T21:01:36Z INFO [451/500] 1027f6b8-f23e-4184-8ec5-2fb982316c50: valid; 1.8 s; peak memory 3912 MiB.
2026-09-22T21:01:58Z INFO [452/500] 102911cc-7c5d-499d-8a40-c863a3d7b306: valid; 22.0 s; peak memory 3912 MiB.
2026-09-22T21:01:58Z WARNING 1029211b-53ae-410c-a50f-8cf51a08a5d8: failed while retrieving asset information from the DANDI API (NotFoundError: No such Dandiset: 000561)
2026-09-22T21:01:59Z INFO [454/500] 102936f4-027c-4924-b3b8-5aec32d566de: valid; 1.8 s; peak memory 3912 MiB.
2026-09-22T21:02:08Z INFO [455/500] 10296f99-a0ca-48f7-b27d-99cd31371ec6: valid; 8.7 s; peak memory 3912 MiB.
2026-09-22T21:02:09Z INFO [456/500] 1029f6c7-c769-4893-ad7a-8db055f77262: not valid; 1.4 s; peak memory 3912 MiB.
2026-09-22T21:02:11Z INFO [457/500] 102aae98-3526-47b8-a21f-b468afd5ff59: not valid; 1.5 s; peak memory 3912 MiB.
2026-09-22T21:02:22Z INFO [458/500] 102abf11-59c7-4fbd-a6b9-ef4b7d20daac: not valid; 11.0 s; peak memory 3912 MiB.
2026-09-22T21:02:24Z INFO [459/500] 102abfe9-f079-46f3-b816-4ba747dd2497: valid; 2.1 s; peak memory 3918 MiB.
2026-09-22T21:02:29Z INFO [460/500] 102ac7b5-b65d-4af3-8f26-051df4f11080: valid; 4.5 s; peak memory 3929 MiB.
2026-09-22T21:02:30Z INFO [461/500] 102ad044-6d0a-4a26-bf74-a29b35129461: valid; 1.2 s; peak memory 3931 MiB.
2026-09-22T21:02:32Z WARNING 102ae67e-9ad4-4880-9063-b384802746e6: failed while opening the NWB file (ConstructError: (root/acquisition/_iblmic_audioSpectrogram/bands GroupBuilder {'attributes': {'colnames': array(['freq'], dtype=object), 'description': 'spectogram frequencies', 'namespace': 'core', 'neurodata_type': 'FrequencyBandsTable', 'object_id': '3efcd099-1f45-4b9d-a13f-30c8073faa3d'}, 'groups': {}, 'datasets': {'freq': root/acquisition/_iblmic_audioSpectrogram/bands/freq DatasetBuilder {'attributes': {'description': 'frequency value', 'namespace': 'hdmf-common', 'neurodata_type': 'VectorData', 'object_id': '015a66a8-ca1e-498f-877a-0b99d111f848'}, 'data': <HDF5 dataset "freq": shape (257,), type "<f4">}, 'id': root/acquisition/_iblmic_audioSpectrogram/bands/id DatasetBuilder {'attributes': {'namespace': 'hdmf-common', 'neurodata_type': 'ElementIdentifiers', 'object_id': '1cfa938e-19c4-4bdb-985b-bd7825f6196f'}, 'data': <HDF5 dataset "id": shape (257,), type "<i4">}}, 'links': {}}, "Could not construct FrequencyBandsTable object due to: column must have the same number of rows as 'id'"))
2026-09-22T21:02:33Z INFO [463/500] 102b910f-2d8e-4ae3-80d8-5cf8821685d0: valid; 1.2 s; peak memory 3936 MiB.
2026-09-22T21:02:34Z INFO [464/500] 102ca77c-4961-46d2-a429-43fe4bc61c1f: valid; 1.1 s; peak memory 3939 MiB.
2026-09-22T21:02:37Z INFO [465/500] 102d44b1-863b-420c-814f-1d85191aa75e: valid; 2.8 s; peak memory 3943 MiB.
2026-09-22T21:03:02Z INFO [466/500] 102d68a9-fa51-420c-a6a2-870a211729e8: valid; 24.8 s; peak memory 3943 MiB.
2026-09-22T21:03:03Z INFO [467/500] 102da69f-ffab-4174-b87d-3d428231ffb3: valid; 1.1 s; peak memory 3943 MiB.
2026-09-22T21:03:25Z INFO [468/500] 102e4397-5c85-4f61-a095-3635703ab2e9: valid; 22.2 s; peak memory 3943 MiB.
2026-09-22T21:03:27Z WARNING 102eed85-8018-4a5a-976d-233caf28b790: failed while opening the NWB file (ConstructError: (root/acquisition/_iblmic_audioSpectrogram/bands GroupBuilder {'attributes': {'colnames': array(['freq'], dtype=object), 'description': 'spectogram frequencies', 'namespace': 'core', 'neurodata_type': 'FrequencyBandsTable', 'object_id': '0147c33c-e2a6-4658-8992-8e3269876a70'}, 'groups': {}, 'datasets': {'freq': root/acquisition/_iblmic_audioSpectrogram/bands/freq DatasetBuilder {'attributes': {'description': 'frequency value', 'namespace': 'hdmf-common', 'neurodata_type': 'VectorData', 'object_id': '423b5a4d-7668-48d0-a2b1-29f141565be2'}, 'data': <HDF5 dataset "freq": shape (257,), type "<f4">}, 'id': root/acquisition/_iblmic_audioSpectrogram/bands/id DatasetBuilder {'attributes': {'namespace': 'hdmf-common', 'neurodata_type': 'ElementIdentifiers', 'object_id': 'ab0bb162-2865-436b-88e0-3499fd775bd4'}, 'data': <HDF5 dataset "id": shape (257,), type "<i4">}}, 'links': {}}, "Could not construct FrequencyBandsTable object due to: column must have the same number of rows as 'id'"))
2026-09-22T21:03:28Z INFO [470/500] 102f77f6-b326-4f2b-a4a5-cfa3a1d2f5a5: valid; 1.0 s; peak memory 3943 MiB.
2026-09-22T21:03:29Z INFO [471/500] 102fa7e2-c23c-4aac-9a74-8cc307bb572f: valid; 1.0 s; peak memory 3943 MiB.
2026-09-22T21:03:30Z WARNING 102ff6d8-04fd-43b9-ac72-2ab319a6e0da: failed while opening the NWB file (ConstructError: (root/acquisition/_iblmic_audioSpectrogram/bands GroupBuilder {'attributes': {'colnames': array(['freq'], dtype=object), 'description': 'spectogram frequencies', 'namespace': 'core', 'neurodata_type': 'FrequencyBandsTable', 'object_id': '0238cda8-a684-4db1-99fe-7a78b56a996d'}, 'groups': {}, 'datasets': {'freq': root/acquisition/_iblmic_audioSpectrogram/bands/freq DatasetBuilder {'attributes': {'description': 'frequency value', 'namespace': 'hdmf-common', 'neurodata_type': 'VectorData', 'object_id': '3dc65e6e-9119-4c3f-b6b7-831265a05976'}, 'data': <HDF5 dataset "freq": shape (257,), type "<f4">}, 'id': root/acquisition/_iblmic_audioSpectrogram/bands/id DatasetBuilder {'attributes': {'namespace': 'hdmf-common', 'neurodata_type': 'ElementIdentifiers', 'object_id': '051881cd-9933-45cf-91d5-b3c00ed48867'}, 'data': <HDF5 dataset "id": shape (257,), type "<i4">}}, 'links': {}}, "Could not construct FrequencyBandsTable object due to: column must have the same number of rows as 'id'"))
2026-09-22T21:03:30Z WARNING 10300aad-6945-4d0a-a5a7-6815c1d39dbd: failed while retrieving asset information from the DANDI API (NotFoundError: No asset at path 'sub-LG615/sub-LG615_ses-20250921_obj-qzuo3x_ophys.nwb' in version 0.260915.2135. Verify the path is correct and the asset exists in this version. Use 'dandi ls' to list available assets.)
2026-09-22T21:03:32Z INFO [474/500] 10301637-fb74-4b20-b5b2-f4b09fa0a8da: valid; 1.4 s; peak memory 3943 MiB.
2026-09-22T21:03:33Z INFO [475/500] 10302743-5918-4972-a289-43d266df037c: valid; 1.3 s; peak memory 3943 MiB.
2026-09-22T21:04:41Z INFO [476/500] 1030f292-e439-4520-9187-e1d47a04a37d: not valid; 68.2 s; peak memory 4881 MiB.
2026-09-22T21:04:43Z INFO [477/500] 103118cb-e44f-4447-b94b-3ef093fce83d: valid; 2.2 s; peak memory 4881 MiB.
2026-09-22T21:04:54Z INFO [478/500] 1031f502-a82b-4875-9de2-f81e840f5e17: valid; 10.3 s; peak memory 4881 MiB.
2026-09-22T21:04:56Z INFO [479/500] 10321cfe-ac51-46d9-8be8-5c527c78b8fe: valid; 2.0 s; peak memory 4881 MiB.
2026-09-22T21:04:57Z INFO [480/500] 1032f0ab-7233-4e38-aa0e-80b58393af73: valid; 1.2 s; peak memory 4881 MiB.
2026-09-22T21:04:57Z WARNING 10338f4c-795b-4dfa-9bd4-30429d010163: failed while retrieving asset information from the DANDI API (NotFoundError: No asset at path 'sub-parkinson-simulated-lfp/sub-parkinson-simulated-lfp_ses-1961_ecephys.nwb' in version 0.250327.2220. Verify the path is correct and the asset exists in this version. Use 'dandi ls' to list available assets.)
2026-09-22T21:04:58Z INFO [482/500] 1033e39e-9e0b-41ce-826b-b62ea9094693: valid; 1.1 s; peak memory 4881 MiB.
2026-09-22T21:04:59Z INFO [483/500] 103434fb-2728-46ab-b71b-eec5da41f361: valid; 1.1 s; peak memory 4881 MiB.
2026-09-22T21:05:01Z INFO [484/500] 1034945e-d01e-41db-86ca-b87dab4117bc: valid; 1.9 s; peak memory 4881 MiB.
2026-09-22T21:05:03Z INFO [485/500] 1034a262-f1a2-4cb4-a510-0ffb679cba50: valid; 1.8 s; peak memory 4881 MiB.
2026-09-22T21:05:03Z WARNING 1034afbc-e1f2-46d4-b79c-7f8e01e2cedd: failed while retrieving asset information from the DANDI API (NotFoundError: No such Dandiset: 000948)
2026-09-22T21:05:07Z INFO [487/500] 1034db27-fe53-4fc8-8d5f-5f3377cd55e8: valid; 3.9 s; peak memory 4881 MiB.
2026-09-22T21:05:09Z INFO [488/500] 10355d65-eb32-448e-9a86-5ad315cdf7b4: valid; 1.7 s; peak memory 4881 MiB.
2026-09-22T21:05:10Z INFO [489/500] 103579f8-3779-41cd-b2fc-f9d79def5cea: valid; 1.3 s; peak memory 4881 MiB.
2026-09-22T21:05:13Z INFO [490/500] 1035b5a4-2401-4f1d-89b5-924d466c2ecb: valid; 2.7 s; peak memory 4881 MiB.
2026-09-22T21:05:13Z WARNING 10365241-bede-411e-800f-158c04233cc7: failed while retrieving asset information from the DANDI API (NotFoundError: No such Dandiset: 001533)
2026-09-22T21:05:14Z INFO [492/500] 1037be50-13a1-4277-b635-9a411f368ae4: not valid; 1.3 s; peak memory 4881 MiB.
2026-09-22T21:05:27Z INFO [493/500] 103842a6-b33a-4137-b321-fddb582ca466: valid; 12.5 s; peak memory 4881 MiB.
2026-09-22T21:05:46Z INFO [494/500] 10384447-fbf3-450d-92d4-b4deba584329: valid; 19.6 s; peak memory 4881 MiB.
2026-09-22T21:06:06Z INFO [495/500] 10385db0-1b78-44bc-b865-5e2c3f06ed93: not valid; 20.1 s; peak memory 4881 MiB.
2026-09-22T21:06:07Z INFO [496/500] 103899a7-757d-418f-9ff3-4a524148cb79: valid; 1.3 s; peak memory 4881 MiB.
2026-09-22T21:06:09Z INFO [497/500] 1039763e-dde6-4011-a666-8853e08ef9bb: not valid; 1.6 s; peak memory 4881 MiB.
2026-09-22T21:06:10Z INFO [498/500] 10399a07-de95-46dc-a69c-765b51d623f0: not valid; 1.3 s; peak memory 4881 MiB.
2026-09-22T21:06:10Z WARNING 1039ded9-04c7-42bc-8cc3-2d1f607e20c7: failed while retrieving asset information from the DANDI API (NotFoundError: No asset at path 'sub-healthy-simulated-lfp/sub-healthy-simulated-lfp_ses-4096_ecephys.nwb' in version 0.250327.2220. Verify the path is correct and the asset exists in this version. Use 'dandi ls' to list available assets.)
2026-09-22T21:06:12Z INFO [500/500] 103afada-782c-4208-a58d-9882b7fb5bfa: valid; 1.9 s; peak memory 4881 MiB.
2026-09-22T21:06:13Z INFO [500/500] 103afada-782c-4208-a58d-9882b7fb5bfa: checkpointed 75510 records.
2026-09-22T21:06:14Z INFO Wrote 75510 records to /tmp/derivatives/content_id_to_valid_nwb_file.jsonl (474 new, 26 failed) in 31.1 min (peak memory 4881 MiB).
