2026-09-25T10:41:49Z INFO Logging to /tmp/logs/update_2026-09-25T10-41-49Z.log.
2026-09-25T10:41:49Z INFO Update content-id-to-valid-nwb-file (base directory /tmp).
2026-09-25T10:41:51Z INFO Processing 500 items (78510 already recorded).
2026-09-25T10:41:54Z INFO [1/500] 0067cb5b-7fee-42a2-b9ef-088496361431: valid; 3.0 s; peak memory 363 MiB.
2026-09-25T10:41:58Z INFO [2/500] 0a070021-3e71-4aed-857d-f083620feb92: valid; 3.7 s; peak memory 423 MiB.
2026-09-25T10:41:59Z INFO [3/500] 14cf7874-3ff7-484b-bab4-88f6b5cec289: valid; 0.8 s; peak memory 423 MiB.
2026-09-25T10:42:00Z INFO [4/500] 14cfc249-c943-4417-a279-98bbfb6d9a19: valid; 1.4 s; peak memory 423 MiB.
2026-09-25T10:42:11Z INFO [5/500] 14d09d83-d61b-4389-911a-c760259cc4e5: valid; 10.4 s; peak memory 637 MiB.
2026-09-25T10:42:11Z INFO [6/500] 14d1bd68-717d-490b-8019-6a8b420998fa: valid; 0.8 s; peak memory 639 MiB.
2026-09-25T10:42:13Z INFO [7/500] 14d1fbec-689b-473f-9cef-4f0e8e28f703: not valid; 1.3 s; peak memory 639 MiB.
2026-09-25T10:42:15Z INFO [8/500] 14d252fd-cfd6-4733-b915-f494cc19fc53: valid; 1.8 s; peak memory 640 MiB.
2026-09-25T10:42:16Z INFO [9/500] 14d277f2-29ac-4344-b788-6dc9aab1e7a7: valid; 1.4 s; peak memory 640 MiB.
2026-09-25T10:42:17Z INFO [10/500] 14d2996c-b94d-459c-8b47-2df09fd24204: not valid; 1.4 s; peak memory 642 MiB.
2026-09-25T10:42:18Z INFO [11/500] 14d29f34-507b-41b7-af35-1221ff412229: valid; 1.0 s; peak memory 643 MiB.
2026-09-25T10:42:20Z INFO [12/500] 14d3abcf-4167-4efb-8c96-f2455611d447: not valid; 1.2 s; peak memory 644 MiB.
2026-09-25T10:42:21Z INFO [13/500] 14d40b73-fa98-4c11-b22c-26e74460757b: valid; 1.6 s; peak memory 655 MiB.
2026-09-25T10:42:23Z INFO [14/500] 14d4965b-40e4-436f-adfd-94000360559b: valid; 2.2 s; peak memory 680 MiB.
2026-09-25T10:42:24Z INFO [15/500] 14d5961f-31b8-4921-b814-911f04fcd925: valid; 1.0 s; peak memory 683 MiB.
2026-09-25T10:42:37Z INFO [16/500] 14d5b597-16b0-483e-a323-cf22eeca56d6: valid; 13.0 s; peak memory 792 MiB.
2026-09-25T10:42:38Z INFO [17/500] 14d6015d-602a-4a2f-b54c-30dcc74c3d8d: valid; 0.8 s; peak memory 792 MiB.
2026-09-25T10:42:39Z INFO [18/500] 14d6527b-ac61-4686-9209-00e6d4dd182a: valid; 1.2 s; peak memory 792 MiB.
2026-09-25T10:42:46Z INFO [19/500] 14d68588-2dc4-4d0f-a1b8-ec655e95b932: valid; 7.1 s; peak memory 792 MiB.
2026-09-25T10:42:47Z INFO [20/500] 14d73ba8-7694-4a3b-8772-d2c08e265885: not valid; 0.7 s; peak memory 793 MiB.
2026-09-25T10:42:48Z INFO [21/500] 14d7a3a3-2cb3-4184-8bbc-28f67d5cbdb4: not valid; 1.0 s; peak memory 800 MiB.
2026-09-25T10:42:50Z INFO [22/500] 14d7b5a0-e52c-4b47-a379-7931727e9a55: not valid; 2.2 s; peak memory 809 MiB.
2026-09-25T10:42:51Z INFO [23/500] 14d7ca55-ab1f-4ee7-90e5-b286178573b4: valid; 1.1 s; peak memory 812 MiB.
2026-09-25T10:42:58Z INFO [24/500] 14d8aa96-00d5-4267-9548-6bbfed1bc410: valid; 6.7 s; peak memory 868 MiB.
2026-09-25T10:42:59Z INFO [25/500] 14d8af72-f0b0-4e9d-a860-95d774a9903c: valid; 1.0 s; peak memory 870 MiB.
2026-09-25T10:43:00Z INFO [26/500] 14d8e5a0-a11d-4b4f-bf99-7f9c6dc48c61: valid; 0.7 s; peak memory 872 MiB.
2026-09-25T10:43:02Z INFO [27/500] 14d8efbf-891b-4a33-985d-ecca8f13834a: valid; 2.7 s; peak memory 879 MiB.
2026-09-25T10:43:04Z INFO [28/500] 14d97e46-c288-4005-a001-c87d261659f0: valid; 2.0 s; peak memory 879 MiB.
2026-09-25T10:43:05Z INFO [29/500] 14d9a0cf-b578-482b-a13f-35d2a3866f96: valid; 0.8 s; peak memory 879 MiB.
2026-09-25T10:43:26Z INFO [30/500] 14da00c8-b5d9-441b-ab33-df3b6975ff68: valid; 20.7 s; peak memory 879 MiB.
2026-09-25T10:43:32Z INFO [31/500] 14da47e8-72cf-4b8a-865c-4083f95696a7: valid; 5.8 s; peak memory 892 MiB.
2026-09-25T10:43:38Z INFO [32/500] 14da7540-cf62-4bb9-84e8-43c17c0108a6: valid; 5.8 s; peak memory 904 MiB.
2026-09-25T10:43:40Z INFO [33/500] 14dab921-8819-45da-889e-0194c5c551f3: valid; 1.9 s; peak memory 907 MiB.
2026-09-25T10:43:42Z INFO [34/500] 14db26d2-851c-420a-9c05-a1db5cb8447a: valid; 2.1 s; peak memory 916 MiB.
2026-09-25T10:43:44Z INFO [35/500] 14db5778-dc6c-44ce-a106-289f9b8690db: valid; 2.2 s; peak memory 921 MiB.
2026-09-25T10:43:45Z INFO [36/500] 14dba171-9669-4897-9485-b8ea046d9a4e: not valid; 1.1 s; peak memory 921 MiB.
2026-09-25T10:43:46Z INFO [37/500] 14dc1bae-00ae-4187-b96b-b78b8142a824: valid; 1.6 s; peak memory 921 MiB.
2026-09-25T10:43:47Z INFO [38/500] 14dca8ee-4694-4b7f-a739-28005b715a48: valid; 0.7 s; peak memory 921 MiB.
2026-09-25T10:43:49Z INFO [39/500] 14dd3038-1c82-4118-b084-256a32dad4be: valid; 2.0 s; peak memory 921 MiB.
2026-09-25T10:43:52Z INFO [40/500] 14dddc3e-8170-4ed3-bbfb-6cb05beff61f: valid; 2.9 s; peak memory 921 MiB.
2026-09-25T10:43:54Z INFO [41/500] 14de440d-3ea7-4646-8444-6dd17b12cd72: valid; 1.5 s; peak memory 921 MiB.
2026-09-25T10:43:56Z INFO [42/500] 14deacdc-b2ff-4a9a-bb3e-9eaf82df0587: valid; 1.9 s; peak memory 921 MiB.
2026-09-25T10:44:06Z INFO [43/500] 14deb0c3-1c0b-4808-b10c-c35d27e27915: valid; 10.0 s; peak memory 1085 MiB.
2026-09-25T10:44:06Z INFO [44/500] 14df2362-3b63-4552-ae3d-06d6dfc412c7: valid; 0.8 s; peak memory 1085 MiB.
2026-09-25T10:44:07Z INFO [45/500] 14df889a-1038-4b8f-bd7a-d45561b4c702: not valid; 0.9 s; peak memory 1085 MiB.
2026-09-25T10:44:09Z INFO [46/500] 14dfac5c-ae92-40ab-b4b3-cc72c4a1d3db: valid; 1.5 s; peak memory 1085 MiB.
2026-09-25T10:44:10Z INFO [47/500] 14dfe41a-83c9-4691-857b-972ffd23aebb: valid; 1.7 s; peak memory 1085 MiB.
2026-09-25T10:44:12Z INFO [48/500] 14e02bdf-f844-45ba-8dbb-a71e703de9d6: valid; 1.4 s; peak memory 1085 MiB.
2026-09-25T10:44:15Z INFO [49/500] 14e039f1-c888-40ce-8441-80407f9e126a: not valid; 2.7 s; peak memory 1088 MiB.
2026-09-25T10:45:20Z INFO [50/500] 14e0a246-430a-418b-a52a-463cd26631d9: valid; 64.9 s; peak memory 1252 MiB.
2026-09-25T10:45:20Z INFO [50/500] 14e0a246-430a-418b-a52a-463cd26631d9: checkpointed 78560 records.
2026-09-25T10:45:25Z INFO [51/500] 14e16e2e-0c3e-4b7a-bd2f-ee282b1b6281: not valid; 4.7 s; peak memory 1293 MiB.
2026-09-25T10:45:26Z INFO [52/500] 14e1824d-ffa8-4686-8aac-7a8a411efd44: valid; 1.3 s; peak memory 1293 MiB.
2026-09-25T10:45:27Z INFO [53/500] 14e19032-8955-4981-a154-a013e60d7770: valid; 0.8 s; peak memory 1294 MiB.
2026-09-25T10:45:29Z INFO [54/500] 14e1f074-a780-499c-9f1a-33223c093499: valid; 2.1 s; peak memory 1298 MiB.
2026-09-25T10:45:44Z INFO [55/500] 14e36315-9532-49bf-8949-56a9f89f9aeb: valid; 14.4 s; peak memory 1570 MiB.
2026-09-25T10:45:54Z INFO [56/500] 14e3ba7b-369c-4f98-b35b-5e10bbf23f21: valid; 10.7 s; peak memory 1746 MiB.
2026-09-25T10:45:55Z INFO [57/500] 14e3d007-dcc8-4bb2-b6b3-e7c70df77bfb: valid; 0.9 s; peak memory 1746 MiB.
2026-09-25T10:45:56Z INFO [58/500] 14e45160-0cd6-49eb-9f08-d8e187b271d7: valid; 1.1 s; peak memory 1746 MiB.
2026-09-25T10:45:57Z INFO [59/500] 14e4d6e0-4b8c-4fdc-8a2c-b7b25108a4f5: valid; 1.3 s; peak memory 1749 MiB.
2026-09-25T10:45:58Z INFO [60/500] 14e51520-a3d3-40e0-b048-65015ba6f282: valid; 0.9 s; peak memory 1749 MiB.
2026-09-25T10:46:07Z INFO [61/500] 14e580c3-c6c3-418b-b308-951e30ee48ff: valid; 9.1 s; peak memory 1758 MiB.
2026-09-25T10:46:09Z INFO [62/500] 14e5e72f-dce2-4deb-96bc-5b74729b7e13: not valid; 1.1 s; peak memory 1758 MiB.
2026-09-25T10:46:09Z INFO [63/500] 14e6128b-ab28-4045-9531-bdba21892399: valid; 0.8 s; peak memory 1758 MiB.
2026-09-25T10:46:10Z INFO [64/500] 14e648bc-2aaf-4845-a4fd-3340f2e2a8c2: valid; 1.0 s; peak memory 1758 MiB.
2026-09-25T10:46:12Z WARNING 14e7ed30-7fdc-4bf3-a439-ee18d50e536b: failed while opening the NWB file (ConstructError: (root/acquisition/_iblmic_audioSpectrogram/bands GroupBuilder {'attributes': {'colnames': array(['freq'], dtype=object), 'description': 'spectogram frequencies', 'namespace': 'core', 'neurodata_type': 'FrequencyBandsTable', 'object_id': '2b3c070c-db92-44f5-9ff8-370899b50c1e'}, 'groups': {}, 'datasets': {'freq': root/acquisition/_iblmic_audioSpectrogram/bands/freq DatasetBuilder {'attributes': {'description': 'frequency value', 'namespace': 'hdmf-common', 'neurodata_type': 'VectorData', 'object_id': 'a38a0423-8c95-4b76-ba38-333d5baa3505'}, 'data': <HDF5 dataset "freq": shape (257,), type "<f4">}, 'id': root/acquisition/_iblmic_audioSpectrogram/bands/id DatasetBuilder {'attributes': {'namespace': 'hdmf-common', 'neurodata_type': 'ElementIdentifiers', 'object_id': '83a92778-43df-4883-99f1-346d1fc8dbab'}, 'data': <HDF5 dataset "id": shape (257,), type "<i4">}}, 'links': {}}, "Could not construct FrequencyBandsTable object due to: column must have the same number of rows as 'id'"))
2026-09-25T10:46:13Z INFO [66/500] 14e8af25-b5d4-4084-9754-29a1ed21dfbc: valid; 0.8 s; peak memory 1758 MiB.
2026-09-25T10:46:14Z INFO [67/500] 14e907c2-cee7-45fa-a999-06ca7006f311: valid; 1.4 s; peak memory 1758 MiB.
2026-09-25T10:46:16Z INFO [68/500] 14e9bdc8-cc74-4907-ae70-b9636b285384: not valid; 2.3 s; peak memory 1758 MiB.
2026-09-25T10:46:18Z INFO [69/500] 14e9c297-0241-4f29-afc3-2c29c401c204: valid; 1.5 s; peak memory 1758 MiB.
2026-09-25T10:46:19Z INFO [70/500] 14ea233b-b38c-4653-be79-9db51c198b53: valid; 0.7 s; peak memory 1758 MiB.
2026-09-25T10:46:19Z WARNING 14ea4d62-b1ea-4778-8a42-3857197a2287: failed while retrieving asset information from the DANDI API (NotFoundError: No such Dandiset: 001533)
2026-09-25T10:46:21Z INFO [72/500] 14ea847c-cc68-44ef-a367-2bfd5a715f60: valid; 1.9 s; peak memory 1758 MiB.
2026-09-25T10:46:22Z INFO [73/500] 14eb4a72-2d9b-4bfc-8b3b-9618d1f5a4c0: valid; 1.7 s; peak memory 1758 MiB.
2026-09-25T10:46:23Z INFO [74/500] 14eb5f99-a7f6-4560-8a39-10f5ee287f90: valid; 0.8 s; peak memory 1758 MiB.
2026-09-25T10:46:25Z INFO [75/500] 14eb7683-e269-492f-ad35-0c093612424b: valid; 1.6 s; peak memory 1758 MiB.
2026-09-25T10:46:26Z INFO [76/500] 14ebfe70-acb5-4260-b079-68f9487d547d: not valid; 1.0 s; peak memory 1758 MiB.
2026-09-25T10:46:27Z INFO [77/500] 14edfa88-f4b0-4e3f-b26b-00987bbd7f1b: not valid; 1.3 s; peak memory 1758 MiB.
2026-09-25T10:46:29Z INFO [78/500] 14ee09a8-c29e-4b5d-9f6f-cd835e70066a: valid; 2.5 s; peak memory 1758 MiB.
2026-09-25T10:46:31Z INFO [79/500] 14ee6a4d-d7b8-4e46-b9f7-b76d926474a7: valid; 1.2 s; peak memory 1758 MiB.
2026-09-25T10:46:32Z INFO [80/500] 14ef610d-06cc-4a6c-87ed-6dadc37492ab: valid; 0.9 s; peak memory 1758 MiB.
2026-09-25T10:46:33Z INFO [81/500] 14efff01-b3a7-4daa-8e41-eeb7c2895f4e: not valid; 1.0 s; peak memory 1758 MiB.
2026-09-25T10:46:33Z INFO [82/500] 14f05a66-5c34-40fa-a9da-4b1b76099134: valid; 0.8 s; peak memory 1758 MiB.
2026-09-25T10:46:36Z INFO [83/500] 14f078dd-5b0b-4a77-bdbc-11d44e3cad4a: valid; 2.8 s; peak memory 1758 MiB.
2026-09-25T10:46:37Z INFO [84/500] 14f1af01-bf18-4904-a605-d8f1ce81dbe5: valid; 0.6 s; peak memory 1758 MiB.
2026-09-25T10:46:38Z INFO [85/500] 14f21e19-c31a-4a82-a9f5-d2a74e15aef9: valid; 1.2 s; peak memory 1758 MiB.
2026-09-25T10:46:39Z INFO [86/500] 14f3304f-48cd-495d-8986-58e6953e0631: valid; 1.3 s; peak memory 1758 MiB.
2026-09-25T10:46:40Z INFO [87/500] 14f349e0-6c34-498d-a7d9-06e96a1a0a5d: valid; 0.9 s; peak memory 1758 MiB.
2026-09-25T10:48:07Z INFO [88/500] 14f3507c-63c5-4e72-bca3-b004877c89bc: valid; 86.6 s; peak memory 1826 MiB.
2026-09-25T10:48:08Z INFO [89/500] 14f37951-de91-42e5-b55d-a33f91fa8d6f: valid; 1.5 s; peak memory 1827 MiB.
2026-09-25T10:48:10Z INFO [90/500] 14f40607-6588-4627-866d-3c982b81ce76: not valid; 2.2 s; peak memory 1837 MiB.
2026-09-25T10:48:11Z INFO [91/500] 14f43350-639c-4508-8ef7-c3cd74357401: valid; 0.7 s; peak memory 1837 MiB.
2026-09-25T10:48:13Z INFO [92/500] 14f4b69a-7f98-4a54-b98b-920382313995: valid; 1.4 s; peak memory 1837 MiB.
2026-09-25T10:48:14Z INFO [93/500] 14f4e496-20d3-447d-b9cf-5e5603293175: valid; 1.8 s; peak memory 1837 MiB.
2026-09-25T10:48:18Z INFO [94/500] 14f5103f-d016-44eb-8277-d42f91b3199f: valid; 3.3 s; peak memory 1837 MiB.
2026-09-25T10:48:20Z INFO [95/500] 14f5195d-8f41-4da7-bcc3-f65d172e8972: valid; 2.0 s; peak memory 1837 MiB.
2026-09-25T10:48:20Z INFO [96/500] 14f53915-0607-45d1-a392-7cbd03d9f7aa: valid; 0.8 s; peak memory 1837 MiB.
2026-09-25T10:48:23Z INFO [97/500] 14f58237-2fa1-4ba3-ac4f-61d58e916505: valid; 2.5 s; peak memory 1839 MiB.
2026-09-25T10:48:34Z INFO [98/500] 14f59e65-e355-4642-bb4e-43fde46814ee: valid; 11.2 s; peak memory 2007 MiB.
2026-09-25T10:48:35Z INFO [99/500] 14f606b5-5332-4dca-b33e-23214a232dfb: valid; 0.8 s; peak memory 2007 MiB.
2026-09-25T10:48:47Z INFO [100/500] 14f617d9-c65b-4dea-b988-cd0979f9ea80: valid; 11.8 s; peak memory 2171 MiB.
2026-09-25T10:48:47Z INFO [100/500] 14f617d9-c65b-4dea-b988-cd0979f9ea80: checkpointed 78610 records.
2026-09-25T10:48:49Z INFO [101/500] 14f6e60f-79c4-48ff-9da2-2546b5eceaf5: valid; 1.4 s; peak memory 2171 MiB.
2026-09-25T10:48:50Z INFO [102/500] 14f6e7ac-4eed-4e05-b74d-216ab7aad44d: valid; 1.5 s; peak memory 2171 MiB.
2026-09-25T10:48:52Z INFO [103/500] 14f70b9b-0c0a-4a1b-95ab-09061a054074: valid; 1.5 s; peak memory 2172 MiB.
2026-09-25T10:49:02Z INFO [104/500] 14f8374d-8842-406f-9fb6-7afeaa999c82: valid; 10.1 s; peak memory 2172 MiB.
2026-09-25T10:49:03Z INFO [105/500] 14f8b27a-e387-44f1-80e4-da76767bdc95: not valid; 1.6 s; peak memory 2172 MiB.
2026-09-25T10:49:05Z INFO [106/500] 14f956e3-fbf5-45b9-afbf-1b4e2c8ae02b: valid; 1.9 s; peak memory 2172 MiB.
2026-09-25T10:50:29Z INFO [107/500] 14f969ce-d04d-4a08-a5cd-f6aa5fbd2f8f: valid; 83.4 s; peak memory 2369 MiB.
2026-09-25T10:50:30Z INFO [108/500] 14f96f73-1b44-4b37-b846-7c4b811d70c3: valid; 1.0 s; peak memory 2369 MiB.
2026-09-25T10:50:31Z INFO [109/500] 14f998fa-20d0-44c7-b7c7-c232fdbf55d8: valid; 1.2 s; peak memory 2369 MiB.
2026-09-25T10:50:32Z INFO [110/500] 14f9fa8f-a7f6-450b-ac1d-216952639fe6: not valid; 1.0 s; peak memory 2369 MiB.
2026-09-25T10:50:33Z INFO [111/500] 14fa0273-1afd-42fc-a64c-421b13e97179: valid; 0.8 s; peak memory 2369 MiB.
2026-09-25T10:50:38Z INFO [112/500] 14fa3638-809d-4ffa-b307-3a1d734d51bc: valid; 4.8 s; peak memory 2369 MiB.
2026-09-25T10:50:39Z INFO [113/500] 14fa5cee-0894-4100-a907-dd87053b6c2f: valid; 1.4 s; peak memory 2369 MiB.
2026-09-25T10:50:47Z INFO [114/500] 14fa6ab7-61de-47cd-9723-b97ba753ee08: valid; 7.8 s; peak memory 2369 MiB.
2026-09-25T10:50:49Z INFO [115/500] 14fb16d5-533f-4e85-a8f7-02139eee440c: valid; 1.8 s; peak memory 2369 MiB.
2026-09-25T10:50:58Z INFO [116/500] 14fb2415-c1c3-4fcd-b34f-5c9979075ca6: valid; 9.6 s; peak memory 2374 MiB.
2026-09-25T10:51:04Z INFO [117/500] 14fbc745-1545-4011-8eee-84f91e5c8108: valid; 6.1 s; peak memory 2384 MiB.
2026-09-25T10:51:07Z INFO [118/500] 14fc3306-e14e-4d88-a12c-5bb3093c6239: valid; 2.3 s; peak memory 2386 MiB.
2026-09-25T10:51:09Z INFO [119/500] 14fc6a8f-9cd4-4160-9e67-d4020cff007e: valid; 1.9 s; peak memory 2386 MiB.
2026-09-25T10:51:09Z INFO [120/500] 14fcae08-527f-46e8-b2f6-f388deb1a2a8: valid; 0.9 s; peak memory 2386 MiB.
2026-09-25T10:51:20Z INFO [121/500] 14fd99b4-801e-422f-a6b1-fc95057c80c4: valid; 10.2 s; peak memory 2386 MiB.
2026-09-25T10:51:21Z INFO [122/500] 14fdcfde-a955-480c-b977-feb2e7b3c03a: valid; 0.9 s; peak memory 2386 MiB.
2026-09-25T10:51:22Z INFO [123/500] 14fe20a2-98d7-49dd-8d20-17b807c0f2f7: valid; 1.9 s; peak memory 2386 MiB.
2026-09-25T10:51:40Z INFO [124/500] 14fe53fc-a58b-4ab0-96d9-2634591d1b36: valid; 17.6 s; peak memory 2453 MiB.
2026-09-25T10:51:41Z INFO [125/500] 14feaa5e-4001-45b1-a65d-21a8b41d4e42: not valid; 1.0 s; peak memory 2453 MiB.
2026-09-25T10:51:42Z INFO [126/500] 14ff362b-ff40-4c21-990c-39a65595f760: valid; 0.7 s; peak memory 2453 MiB.
2026-09-25T10:51:44Z INFO [127/500] 15002eac-6e8f-4261-962e-cd467bf43d01: not valid; 2.6 s; peak memory 2453 MiB.
2026-09-25T10:51:45Z INFO [128/500] 1500e74d-24d3-4fec-9b00-b5785db97cef: valid; 1.0 s; peak memory 2453 MiB.
2026-09-25T10:51:47Z INFO [129/500] 15011706-e6e5-4328-a81a-cb5b7a7f9ccb: valid; 1.9 s; peak memory 2453 MiB.
2026-09-25T10:51:48Z WARNING 15018676-9dad-4c9c-918e-1b6a47f31c3a: failed while opening the NWB file (ConstructError: (root/acquisition/_iblmic_audioSpectrogram/bands GroupBuilder {'attributes': {'colnames': array(['freq'], dtype=object), 'description': 'spectogram frequencies', 'namespace': 'core', 'neurodata_type': 'FrequencyBandsTable', 'object_id': '0e3797df-7e55-4f72-8cd8-ac47ba729494'}, 'groups': {}, 'datasets': {'freq': root/acquisition/_iblmic_audioSpectrogram/bands/freq DatasetBuilder {'attributes': {'description': 'frequency value', 'namespace': 'hdmf-common', 'neurodata_type': 'VectorData', 'object_id': '9b56c607-4e6b-4e09-a5fa-f23e7e220e76'}, 'data': <HDF5 dataset "freq": shape (257,), type "<f4">}, 'id': root/acquisition/_iblmic_audioSpectrogram/bands/id DatasetBuilder {'attributes': {'namespace': 'hdmf-common', 'neurodata_type': 'ElementIdentifiers', 'object_id': 'fe18b833-9a71-4c9c-a79e-603c76095336'}, 'data': <HDF5 dataset "id": shape (257,), type "<i4">}}, 'links': {}}, "Could not construct FrequencyBandsTable object due to: column must have the same number of rows as 'id'"))
2026-09-25T10:51:49Z INFO [131/500] 15019388-0456-4246-801f-c443758b9211: valid; 0.8 s; peak memory 2453 MiB.
2026-09-25T10:51:50Z INFO [132/500] 15019a71-c943-4bbf-bc07-d5626f8131dc: valid; 0.6 s; peak memory 2453 MiB.
2026-09-25T10:51:51Z INFO [133/500] 150201f3-c566-40d8-b1b3-5e98ca0c58eb: not valid; 1.4 s; peak memory 2453 MiB.
2026-09-25T10:51:53Z INFO [134/500] 1502dc4b-58fa-4142-ad0c-740e1d88a06a: valid; 1.5 s; peak memory 2453 MiB.
2026-09-25T10:51:54Z INFO [135/500] 1502e024-af3f-4b56-8ff3-b476d026608d: valid; 1.2 s; peak memory 2456 MiB.
2026-09-25T10:51:59Z INFO [136/500] 15032620-1941-4bb7-8c49-948be759f31a: valid; 5.3 s; peak memory 2462 MiB.
2026-09-25T10:52:01Z WARNING 150344b1-ee32-4f3d-b2bd-df7794551771: failed while opening the NWB file (ConstructError: (root/acquisition/_iblmic_audioSpectrogram/bands GroupBuilder {'attributes': {'colnames': array(['freq'], dtype=object), 'description': 'spectogram frequencies', 'namespace': 'core', 'neurodata_type': 'FrequencyBandsTable', 'object_id': 'd5c6f4e5-8f84-4ab8-9773-cf8adae3d159'}, 'groups': {}, 'datasets': {'freq': root/acquisition/_iblmic_audioSpectrogram/bands/freq DatasetBuilder {'attributes': {'description': 'frequency value', 'namespace': 'hdmf-common', 'neurodata_type': 'VectorData', 'object_id': '4a6e73af-1b89-4f12-b31a-095b1853e27e'}, 'data': <HDF5 dataset "freq": shape (257,), type "<f4">}, 'id': root/acquisition/_iblmic_audioSpectrogram/bands/id DatasetBuilder {'attributes': {'namespace': 'hdmf-common', 'neurodata_type': 'ElementIdentifiers', 'object_id': 'b964aa8e-636b-4cab-a933-ab749f457f34'}, 'data': <HDF5 dataset "id": shape (257,), type "<i4">}}, 'links': {}}, "Could not construct FrequencyBandsTable object due to: column must have the same number of rows as 'id'"))
2026-09-25T10:52:02Z INFO [138/500] 15050c9b-69fd-4628-aef0-9a104fc30fa2: valid; 1.0 s; peak memory 2462 MiB.
2026-09-25T10:52:04Z INFO [139/500] 150641d2-9058-413d-8be9-d41ded3db003: valid; 2.4 s; peak memory 2462 MiB.
2026-09-25T10:52:05Z INFO [140/500] 1507c3b6-5f9d-4120-bcfb-3dd71ac6e8ac: not valid; 1.2 s; peak memory 2462 MiB.
2026-09-25T10:52:06Z INFO [141/500] 15086221-685d-41b6-a00e-6ba6e83bbda2: valid; 0.8 s; peak memory 2462 MiB.
2026-09-25T10:52:07Z INFO [142/500] 15091a3c-9f02-41f5-917a-e5801e55fa40: valid; 0.6 s; peak memory 2462 MiB.
2026-09-25T10:52:15Z INFO [143/500] 1509acde-171d-4048-852c-a86c7266ae28: valid; 8.5 s; peak memory 2462 MiB.
2026-09-25T10:52:16Z INFO [144/500] 1509fe39-6a59-425f-948f-856429c5eb93: valid; 0.8 s; peak memory 2462 MiB.
2026-09-25T10:52:18Z INFO [145/500] 150a17f6-c2a7-45a5-a5cd-fba432eaad83: valid; 2.4 s; peak memory 2462 MiB.
2026-09-25T10:52:21Z INFO [146/500] 150a31c3-bb06-4f1d-b39a-13f16ba41b31: valid; 2.3 s; peak memory 2462 MiB.
2026-09-25T10:52:21Z INFO [147/500] 150ab095-09fd-4a1d-a3da-f19c62210443: valid; 0.7 s; peak memory 2462 MiB.
2026-09-25T10:52:30Z INFO [148/500] 150ac56e-9724-46bb-8348-6a45583cbf40: valid; 8.5 s; peak memory 2463 MiB.
2026-09-25T10:52:32Z INFO [149/500] 150b2ebf-ee87-4f03-9b21-97cdd02a3c88: valid; 2.1 s; peak memory 2463 MiB.
2026-09-25T10:52:33Z INFO [150/500] 150bb262-4d6b-4bff-88ca-dd6a45b662e8: not valid; 1.0 s; peak memory 2463 MiB.
2026-09-25T10:52:34Z INFO [150/500] 150bb262-4d6b-4bff-88ca-dd6a45b662e8: checkpointed 78660 records.
2026-09-25T10:52:37Z INFO [151/500] 150c0747-51d0-426a-aae2-6f147f37edf7: valid; 3.1 s; peak memory 2463 MiB.
2026-09-25T10:52:38Z INFO [152/500] 150c780d-f3f1-4816-87b3-b5810b147d81: not valid; 0.9 s; peak memory 2463 MiB.
2026-09-25T10:52:38Z INFO [153/500] 150c8713-4483-409d-bd4b-80b3e41ee3d1: valid; 0.6 s; peak memory 2463 MiB.
2026-09-25T10:52:39Z INFO [154/500] 150d155b-ee53-4ffb-a201-01ee6bc777a7: not valid; 1.0 s; peak memory 2463 MiB.
2026-09-25T10:52:41Z INFO [155/500] 150d60d4-7c29-4495-b13a-7062a7bd6bc6: valid; 1.5 s; peak memory 2463 MiB.
2026-09-25T10:52:48Z INFO [156/500] 150f0f2b-ceec-42f9-8875-38b53ba52228: valid; 7.0 s; peak memory 2463 MiB.
2026-09-25T10:52:49Z INFO [157/500] 150fa28e-ee9a-4580-b5c2-7a3ba3104383: valid; 0.9 s; peak memory 2465 MiB.
2026-09-25T10:52:50Z INFO [158/500] 150fcaf5-13ba-4f4a-a025-614748a6d178: valid; 1.9 s; peak memory 2466 MiB.
2026-09-25T10:52:51Z INFO [159/500] 15100bf1-8beb-474a-a1b6-75c496ade175: valid; 1.0 s; peak memory 2466 MiB.
2026-09-25T10:52:53Z INFO [160/500] 1510419e-1b33-4b39-903b-1f91edfe2f8c: valid; 1.3 s; peak memory 2468 MiB.
2026-09-25T10:52:53Z INFO [161/500] 1510a198-c24e-4ad7-a79d-b4be3d837971: valid; 0.7 s; peak memory 2469 MiB.
2026-09-25T10:52:55Z INFO [162/500] 1510e774-4164-443b-89fe-f4242a1de29b: valid; 1.4 s; peak memory 2475 MiB.
2026-09-25T10:52:57Z INFO [163/500] 151121b9-e24a-40a0-b7d1-9f694f32bae0: not valid; 2.2 s; peak memory 2476 MiB.
2026-09-25T10:52:58Z INFO [164/500] 15112683-4e73-4da3-9819-11c97fa79950: valid; 0.8 s; peak memory 2476 MiB.
2026-09-25T10:52:58Z INFO [165/500] 1511dbd1-0178-48e6-8a5a-f2ac04d3ba55: valid; 0.6 s; peak memory 2476 MiB.
2026-09-25T10:52:59Z INFO [166/500] 1515e2f3-dc5d-4b86-9298-e41fcc466b8e: valid; 0.6 s; peak memory 2476 MiB.
2026-09-25T10:53:00Z INFO [167/500] 15165ea1-187e-44a6-bc93-40071f4ea1bd: valid; 0.9 s; peak memory 2476 MiB.
2026-09-25T10:53:02Z INFO [168/500] 151667fd-a492-4ed5-ac71-b37c61ab28ca: valid; 2.3 s; peak memory 2482 MiB.
2026-09-25T10:53:04Z INFO [169/500] 15168203-c85e-4d6b-98ec-f19b99976e76: valid; 1.6 s; peak memory 2482 MiB.
2026-09-25T10:53:06Z INFO [170/500] 1516c1ad-ae95-4678-b2d6-a42c22b72c8d: valid; 2.8 s; peak memory 2482 MiB.
2026-09-25T10:53:07Z INFO [171/500] 15171f1a-8e39-49f2-a38c-93e008b44542: valid; 0.8 s; peak memory 2482 MiB.
2026-09-25T10:53:08Z INFO [172/500] 1517258d-31c3-494c-a199-e7db0c86de14: not valid; 0.9 s; peak memory 2482 MiB.
2026-09-25T10:53:09Z INFO [173/500] 1517d17b-258b-48c2-bf58-33135b39f145: not valid; 0.9 s; peak memory 2482 MiB.
2026-09-25T10:53:09Z WARNING 1517ed52-95d5-492e-867a-313988211db0: failed while retrieving asset information from the DANDI API (NotFoundError: No asset at path 'sub-parkinson-simulated-lfp/sub-parkinson-simulated-lfp_ses-1294_ecephys.nwb' in version 0.250327.2220. Verify the path is correct and the asset exists in this version. Use 'dandi ls' to list available assets.)
2026-09-25T10:53:10Z INFO [175/500] 15182535-175f-4995-8de8-e8dcdd1006ec: valid; 0.5 s; peak memory 2482 MiB.
2026-09-25T10:53:11Z WARNING 15186a3f-6ecc-4871-be4f-fb9ccb53263f: failed while opening the NWB file (ConstructError: (root/general/optogenetics/PatternedOptogeneticStimulusSite GroupBuilder {'attributes': {'effector': 'GUR-3/PRDX-2', 'namespace': 'ndx-patterned-ogen', 'neurodata_type': 'PatternedOptogeneticStimulusSite', 'object_id': '3aa028bb-b799-4203-a714-5c05d1134181'}, 'groups': {}, 'datasets': {'description': root/general/optogenetics/PatternedOptogeneticStimulusSite/description DatasetBuilder {'attributes': {}, 'data': 'Scanning'}, 'excitation_lambda': root/general/optogenetics/PatternedOptogeneticStimulusSite/excitation_lambda DatasetBuilder {'attributes': {}, 'data': np.float64(850.0)}, 'location': root/general/optogenetics/PatternedOptogeneticStimulusSite/location DatasetBuilder {'attributes': {}, 'data': 'whole brain'}}, 'links': {'device': root/general/optogenetics/PatternedOptogeneticStimulusSite/device LinkBuilder {'builder': root/general/devices/OptogeneticDevice GroupBuilder {'attributes': {'description': '', 'namespace': 'core', 'neurodata_type': 'Device', 'object_id': '8b180ad0-f24a-49d9-99f4-1b758ed54d35'}, 'groups': {}, 'datasets': {}, 'links': {}}}, 'light_source': root/general/optogenetics/PatternedOptogeneticStimulusSite/light_source LinkBuilder {'builder': root/general/devices/AmplifiedLaser GroupBuilder {'attributes': {'description': 'For two-photon optogenetic targeting, we used an optical parametric amplifier (OPA; Light Conversion ORPHEUS) pumped by a femtosecond amplified laser (Light Conversion PHAROS).', 'filter_description': 'Short pass at 1040 nm', 'manufacturer': 'Light Conversion', 'model': 'ORPHEUS amplifier and PHAROS laser', 'namespace': 'ndx-patterned-ogen', 'neurodata_type': 'LightSource', 'object_id': 'df614163-6933-49bd-9ad1-e0c0ec6e3b85', 'peak_power_in_W': np.float64(0.0012), 'pulse_rate_in_Hz': np.float64(500000.0), 'stimulation_wavelength_in_nm': np.float64(850.0)}, 'groups': {}, 'datasets': {}, 'links': {}}}}}, "Could not construct PatternedOptogeneticStimulusSite object due to: CustomClassGenerator.set_init.<locals>.__init__: incorrect type for 'spatial_light_modulator' (got 'list', expected 'Device')"))
2026-09-25T10:53:12Z INFO [177/500] 1518aa21-3261-4bc6-84fa-18afa1e969c4: valid; 0.8 s; peak memory 2482 MiB.
2026-09-25T10:53:13Z INFO [178/500] 151980b6-9942-41cb-9677-6733baf539b2: valid; 1.1 s; peak memory 2482 MiB.
2026-09-25T10:53:14Z INFO [179/500] 1519abe5-1ef3-47ad-a94b-35b1967f7061: valid; 0.8 s; peak memory 2482 MiB.
2026-09-25T10:53:16Z INFO [180/500] 151b270b-3bcd-4dc6-909c-d3c42ea807bc: valid; 1.5 s; peak memory 2482 MiB.
2026-09-25T10:53:18Z INFO [181/500] 151b4681-196e-4e90-a473-ae379428f203: valid; 2.0 s; peak memory 2486 MiB.
2026-09-25T10:53:19Z WARNING 151b5c36-e4ed-4f7e-8721-363b3c13ff55: failed while opening the NWB file (ConstructError: (root/acquisition/_iblmic_audioSpectrogram/bands GroupBuilder {'attributes': {'colnames': array(['freq'], dtype=object), 'description': 'spectogram frequencies', 'namespace': 'core', 'neurodata_type': 'FrequencyBandsTable', 'object_id': '516c45b6-6413-4122-9b74-7cb360ecec7e'}, 'groups': {}, 'datasets': {'freq': root/acquisition/_iblmic_audioSpectrogram/bands/freq DatasetBuilder {'attributes': {'description': 'frequency value', 'namespace': 'hdmf-common', 'neurodata_type': 'VectorData', 'object_id': 'e283756f-fb38-4e58-8c7d-a1aa329a99f2'}, 'data': <HDF5 dataset "freq": shape (257,), type "<f4">}, 'id': root/acquisition/_iblmic_audioSpectrogram/bands/id DatasetBuilder {'attributes': {'namespace': 'hdmf-common', 'neurodata_type': 'ElementIdentifiers', 'object_id': '9bc5dfd5-d95e-4cb4-862f-761be6678315'}, 'data': <HDF5 dataset "id": shape (257,), type "<i4">}}, 'links': {}}, "Could not construct FrequencyBandsTable object due to: column must have the same number of rows as 'id'"))
2026-09-25T10:53:30Z INFO [183/500] 151b88c8-f512-4a0d-bd78-32906e4e0404: valid; 10.7 s; peak memory 2527 MiB.
2026-09-25T10:53:30Z INFO [184/500] 151b91a2-6aae-4a25-91ac-0509644095f0: not valid; 0.6 s; peak memory 2527 MiB.
2026-09-25T10:53:31Z INFO [185/500] 151c049e-8d7e-4377-8072-7f37a3568bbe: valid; 1.2 s; peak memory 2533 MiB.
2026-09-25T10:53:34Z INFO [186/500] 151c335c-7bba-4fb9-8a15-d245e645a571: valid; 2.7 s; peak memory 2535 MiB.
2026-09-25T10:53:36Z INFO [187/500] 151c87de-b334-4769-b7cc-06db2b1f6725: valid; 2.3 s; peak memory 2535 MiB.
2026-09-25T10:53:48Z INFO [188/500] 151caa57-ad4e-4282-ab63-131245fd0ca3: valid; 11.4 s; peak memory 2535 MiB.
2026-09-25T10:53:50Z INFO [189/500] 151d1651-bb93-44be-a432-f2e8eee75dbd: valid; 1.9 s; peak memory 2535 MiB.
2026-09-25T10:53:51Z INFO [190/500] 151d3583-48b5-4ad2-af40-25c7a63ef7a3: valid; 1.8 s; peak memory 2535 MiB.
2026-09-25T10:53:53Z INFO [191/500] 151def81-9a24-4396-ba9b-469791ea98d7: not valid; 1.2 s; peak memory 2535 MiB.
2026-09-25T10:53:58Z INFO [192/500] 151e3b9e-3c32-4a01-9f46-b2c5603b066c: valid; 5.3 s; peak memory 2535 MiB.
2026-09-25T10:53:59Z INFO [193/500] 151e3d83-b8fa-4791-a2f3-20020b4dfc2a: valid; 0.8 s; peak memory 2535 MiB.
2026-09-25T10:54:00Z INFO [194/500] 151f3532-5045-4e29-8327-cc247994d12f: valid; 1.5 s; peak memory 2535 MiB.
2026-09-25T10:54:01Z INFO [195/500] 151f3b52-65e7-4d29-9584-48482be724c0: valid; 0.9 s; peak memory 2535 MiB.
2026-09-25T10:54:03Z INFO [196/500] 151fd0ac-8636-4d0e-99a8-4a3bb23886f9: valid; 1.8 s; peak memory 2535 MiB.
2026-09-25T10:54:09Z INFO [197/500] 15202d44-5003-4779-9c34-1adfa63e2c15: valid; 6.2 s; peak memory 2546 MiB.
2026-09-25T10:54:11Z INFO [198/500] 1520418a-b922-4b5e-86ae-b0daed515840: valid; 2.1 s; peak memory 2551 MiB.
2026-09-25T10:54:12Z INFO [199/500] 152049c1-27fe-4fdc-a625-9e9051d8fed4: valid; 0.9 s; peak memory 2552 MiB.
2026-09-25T10:54:13Z INFO [200/500] 15217ba7-a1a3-46ee-827b-6bbe1ef76550: not valid; 0.9 s; peak memory 2553 MiB.
2026-09-25T10:54:14Z INFO [200/500] 15217ba7-a1a3-46ee-827b-6bbe1ef76550: checkpointed 78710 records.
2026-09-25T10:54:15Z INFO [201/500] 1522199d-e3ef-4bc0-8aff-957b087712bb: valid; 0.9 s; peak memory 2555 MiB.
2026-09-25T10:54:17Z INFO [202/500] 1523c3e4-2549-4666-8430-244006651726: valid; 1.9 s; peak memory 2557 MiB.
2026-09-25T10:54:18Z INFO [203/500] 15241611-32e6-4e85-84f0-bb65849fc7b8: valid; 0.9 s; peak memory 2558 MiB.
2026-09-25T10:54:32Z INFO [204/500] 152473f6-5c29-4232-a1a8-30b6068ed0f6: valid; 14.8 s; peak memory 2589 MiB.
2026-09-25T10:54:34Z INFO [205/500] 15249456-d735-475a-bc71-16b2b4607f32: valid; 1.4 s; peak memory 2592 MiB.
2026-09-25T10:54:34Z INFO [206/500] 1524af07-9bd0-44aa-9758-54fb32680c3e: valid; 0.7 s; peak memory 2592 MiB.
2026-09-25T10:54:36Z INFO [207/500] 15250191-7927-4c92-854c-20d073d1ce23: valid; 1.6 s; peak memory 2594 MiB.
2026-09-25T10:54:37Z INFO [208/500] 15256943-9b91-4088-8399-e3337b96f2d7: valid; 1.0 s; peak memory 2596 MiB.
2026-09-25T10:54:40Z INFO [209/500] 152569bd-1869-44c6-9c2f-ddbbf77c47d0: valid; 3.0 s; peak memory 2597 MiB.
2026-09-25T10:54:41Z INFO [210/500] 15258885-47be-4eba-ba03-0d8091250b4c: valid; 1.2 s; peak memory 2597 MiB.
2026-09-25T10:54:50Z INFO [211/500] 15258932-e46b-4ef8-a6c3-9b8e25d69586: valid; 9.1 s; peak memory 2752 MiB.
2026-09-25T10:54:54Z INFO [212/500] 1525de78-697a-4ca1-9d15-a2fbe4dd2527: not valid; 3.5 s; peak memory 2752 MiB.
2026-09-25T10:54:54Z INFO [213/500] 15268835-3ab8-415c-bc08-66a3e16e7c56: valid; 0.7 s; peak memory 2752 MiB.
2026-09-25T10:54:57Z INFO [214/500] 1526c575-c1e5-458e-8b4e-1a3633f282cb: valid; 2.1 s; peak memory 2752 MiB.
2026-09-25T10:54:58Z INFO [215/500] 1527238e-8595-4950-89bd-3d42e5d7c538: valid; 1.7 s; peak memory 2752 MiB.
2026-09-25T10:54:59Z INFO [216/500] 15274832-ce04-460f-8ff4-ae976bcb8cee: not valid; 0.9 s; peak memory 2752 MiB.
2026-09-25T10:55:01Z INFO [217/500] 1527977d-fd9a-4c9d-98f1-500958bce7d5: valid; 1.8 s; peak memory 2752 MiB.
2026-09-25T10:55:02Z INFO [218/500] 15284546-51c8-4243-b97b-f103c9e21041: valid; 1.0 s; peak memory 2752 MiB.
2026-09-25T10:55:04Z INFO [219/500] 1528b6dd-d309-4094-afdb-78b344de8155: valid; 2.5 s; peak memory 2753 MiB.
2026-09-25T10:55:06Z INFO [220/500] 1529684a-b586-4e84-9d74-ced240a729c0: valid; 1.7 s; peak memory 2753 MiB.
2026-09-25T10:55:08Z INFO [221/500] 152980ab-2651-4e98-988d-13e1b0fa4902: valid; 1.8 s; peak memory 2753 MiB.
2026-09-25T10:55:16Z INFO [222/500] 1529a42a-9fca-4567-9b75-441e2bfb553f: valid; 8.1 s; peak memory 2753 MiB.
2026-09-25T10:55:17Z INFO [223/500] 1529a772-9543-4bde-b633-c103c7b2278b: valid; 0.6 s; peak memory 2753 MiB.
2026-09-25T10:55:19Z INFO [224/500] 1529b920-c225-42a3-a6d3-b79fdaece6dd: valid; 2.2 s; peak memory 2753 MiB.
2026-09-25T10:55:21Z INFO [225/500] 152aaf9e-b5e2-4bed-b11f-f4ebc9597060: not valid; 1.8 s; peak memory 2753 MiB.
2026-09-25T10:55:22Z INFO [226/500] 152b1177-b004-4db0-ad68-3f89d8ea6756: valid; 1.9 s; peak memory 2753 MiB.
2026-09-25T10:55:24Z WARNING 152b2a7d-57fa-4c1e-94aa-831a2f2a96f7: failed while opening the NWB file (ConstructError: (root/acquisition/_iblmic_audioSpectrogram/bands GroupBuilder {'attributes': {'colnames': array(['freq'], dtype=object), 'description': 'spectogram frequencies', 'namespace': 'core', 'neurodata_type': 'FrequencyBandsTable', 'object_id': 'ecc1b92f-ad1e-4b21-ad80-2b830cbe5f4d'}, 'groups': {}, 'datasets': {'freq': root/acquisition/_iblmic_audioSpectrogram/bands/freq DatasetBuilder {'attributes': {'description': 'frequency value', 'namespace': 'hdmf-common', 'neurodata_type': 'VectorData', 'object_id': 'e8e342cb-db29-4cf2-961c-b46f6097a0be'}, 'data': <HDF5 dataset "freq": shape (257,), type "<f4">}, 'id': root/acquisition/_iblmic_audioSpectrogram/bands/id DatasetBuilder {'attributes': {'namespace': 'hdmf-common', 'neurodata_type': 'ElementIdentifiers', 'object_id': 'e79b6cb9-f870-45a3-9408-d33b777eb7a8'}, 'data': <HDF5 dataset "id": shape (257,), type "<i4">}}, 'links': {}}, "Could not construct FrequencyBandsTable object due to: column must have the same number of rows as 'id'"))
2026-09-25T10:55:25Z INFO [228/500] 152b4251-b756-4a31-ad07-7dd00e3f9fe6: not valid; 0.9 s; peak memory 2753 MiB.
2026-09-25T10:55:26Z INFO [229/500] 152c216f-f452-4e15-8c3a-7496ba2c4bc8: valid; 1.1 s; peak memory 2753 MiB.
2026-09-25T10:55:27Z INFO [230/500] 152d1aa3-d5af-41c9-b1e1-213e77502efa: valid; 0.8 s; peak memory 2753 MiB.
2026-09-25T10:55:29Z WARNING 152e1c7b-7b14-43a5-a4f8-b91798c53f49: failed while opening the NWB file (ConstructError: (root/general/optogenetics/PatternedOptogeneticStimulusSite GroupBuilder {'attributes': {'effector': 'GUR-3/PRDX-2', 'namespace': 'ndx-patterned-ogen', 'neurodata_type': 'PatternedOptogeneticStimulusSite', 'object_id': '4dd920de-04bb-4dce-af44-df5944b7ec75'}, 'groups': {}, 'datasets': {'description': root/general/optogenetics/PatternedOptogeneticStimulusSite/description DatasetBuilder {'attributes': {}, 'data': 'Scanning'}, 'excitation_lambda': root/general/optogenetics/PatternedOptogeneticStimulusSite/excitation_lambda DatasetBuilder {'attributes': {}, 'data': np.float64(850.0)}, 'location': root/general/optogenetics/PatternedOptogeneticStimulusSite/location DatasetBuilder {'attributes': {}, 'data': 'whole brain'}}, 'links': {'device': root/general/optogenetics/PatternedOptogeneticStimulusSite/device LinkBuilder {'builder': root/general/devices/OptogeneticDevice GroupBuilder {'attributes': {'description': '', 'namespace': 'core', 'neurodata_type': 'Device', 'object_id': '2b2739e9-be8b-4575-a965-776ff4184a85'}, 'groups': {}, 'datasets': {}, 'links': {}}}, 'light_source': root/general/optogenetics/PatternedOptogeneticStimulusSite/light_source LinkBuilder {'builder': root/general/devices/AmplifiedLaser GroupBuilder {'attributes': {'description': 'For two-photon optogenetic targeting, we used an optical parametric amplifier (OPA; Light Conversion ORPHEUS) pumped by a femtosecond amplified laser (Light Conversion PHAROS).', 'filter_description': 'Short pass at 1040 nm', 'manufacturer': 'Light Conversion', 'model': 'ORPHEUS amplifier and PHAROS laser', 'namespace': 'ndx-patterned-ogen', 'neurodata_type': 'LightSource', 'object_id': '429f5c21-d198-4b05-9092-be499a7df2b5', 'peak_power_in_W': np.float64(0.0012), 'pulse_rate_in_Hz': np.float64(500000.0), 'stimulation_wavelength_in_nm': np.float64(850.0)}, 'groups': {}, 'datasets': {}, 'links': {}}}}}, "Could not construct PatternedOptogeneticStimulusSite object due to: CustomClassGenerator.set_init.<locals>.__init__: incorrect type for 'spatial_light_modulator' (got 'list', expected 'Device')"))
2026-09-25T10:55:30Z INFO [232/500] 152e2a0f-b8eb-4142-ab82-84641ffcd38d: valid; 1.0 s; peak memory 2753 MiB.
2026-09-25T10:55:32Z INFO [233/500] 152e59e1-dbd6-414f-96ae-6164845c3283: valid; 2.5 s; peak memory 2753 MiB.
2026-09-25T10:55:35Z INFO [234/500] 152ed911-d2d1-467d-9439-9fd568cd9bf1: valid; 2.9 s; peak memory 2753 MiB.
2026-09-25T10:55:36Z INFO [235/500] 152f6430-a1dd-45cd-ac3b-ed7962584674: valid; 0.8 s; peak memory 2753 MiB.
2026-09-25T10:55:41Z INFO [236/500] 152f8832-1712-4c38-bbc8-db5edb194afc: valid; 5.4 s; peak memory 2753 MiB.
2026-09-25T10:55:43Z INFO [237/500] 152f8a98-cda9-43fb-bda7-793b5070a1c9: valid; 1.7 s; peak memory 2753 MiB.
2026-09-25T10:55:43Z WARNING 152fa1ab-8f62-410c-afd9-f247ad498abf: failed while retrieving asset information from the DANDI API (NotFoundError: No asset at path 'sub-LG449/sub-LG449_ses-20250331_obj-1lfgbs7_ophys.nwb' in version 0.260915.2135. Verify the path is correct and the asset exists in this version. Use 'dandi ls' to list available assets.)
2026-09-25T10:55:45Z INFO [239/500] 152fd97c-d2aa-45f0-ba9e-357c06189710: valid; 1.6 s; peak memory 2753 MiB.
2026-09-25T10:55:47Z INFO [240/500] 1530f6a6-d584-43e1-b74b-ff7465a58ce1: not valid; 2.1 s; peak memory 2753 MiB.
2026-09-25T10:55:48Z INFO [241/500] 15319bba-d437-4b72-94e2-e51ddc78fd10: valid; 1.4 s; peak memory 2753 MiB.
2026-09-25T10:55:49Z INFO [242/500] 15324496-3e1e-43c2-806b-3de4f48eeabd: valid; 0.9 s; peak memory 2753 MiB.
2026-09-25T10:55:50Z INFO [243/500] 1532532f-df24-47e9-b42a-50c2f8db6841: valid; 1.4 s; peak memory 2753 MiB.
2026-09-25T10:55:52Z INFO [244/500] 15334bca-ada9-4903-9aa7-af5edbb300cf: not valid; 1.3 s; peak memory 2753 MiB.
2026-09-25T10:55:52Z INFO [245/500] 15339f24-00f7-4e59-85a8-6942b5e1faad: valid; 0.7 s; peak memory 2755 MiB.
2026-09-25T10:55:53Z INFO [246/500] 1533e2d1-a5b2-4956-bf5d-67d06dff5531: not valid; 1.0 s; peak memory 2757 MiB.
2026-09-25T10:57:04Z INFO [247/500] 15342df1-e296-44e8-bb5d-345910921771: valid; 70.5 s; peak memory 3023 MiB.
2026-09-25T10:57:05Z INFO [248/500] 153553b3-e15f-47e6-85d7-01349b7f9ebd: not valid; 1.2 s; peak memory 3023 MiB.
2026-09-25T10:57:06Z INFO [249/500] 1535ff82-b7f1-4b31-83a4-22aa73f6ce0f: not valid; 0.6 s; peak memory 3023 MiB.
2026-09-25T10:57:07Z INFO [250/500] 15361ae8-66fd-44e9-9890-04b921fe0827: valid; 1.3 s; peak memory 3023 MiB.
2026-09-25T10:57:07Z INFO [250/500] 15361ae8-66fd-44e9-9890-04b921fe0827: checkpointed 78760 records.
2026-09-25T10:57:09Z INFO [251/500] 153669da-6bd8-4d6a-abbb-162b24766097: valid; 1.4 s; peak memory 3023 MiB.
2026-09-25T10:57:10Z INFO [252/500] 15367b4f-dab2-4350-8ce1-dd06180efe2e: valid; 1.3 s; peak memory 3023 MiB.
2026-09-25T10:57:17Z INFO [253/500] 1536f02c-500c-49b3-8d0e-6be0de47113c: valid; 6.9 s; peak memory 3366 MiB.
2026-09-25T10:57:23Z INFO [254/500] 1537aa7d-86d4-49e6-a2ab-fd591ac0a8df: valid; 6.4 s; peak memory 3366 MiB.
2026-09-25T10:57:30Z INFO [255/500] 15385582-582a-4408-b9c5-7ea7a8ea22c4: valid; 6.5 s; peak memory 3376 MiB.
2026-09-25T10:57:31Z INFO [256/500] 15390c12-a215-444a-8f8b-d3445b6dbd2b: valid; 1.1 s; peak memory 3387 MiB.
2026-09-25T10:57:33Z INFO [257/500] 15392088-ebda-4e21-a57c-637a44bc9c7b: valid; 1.7 s; peak memory 3399 MiB.
2026-09-25T10:57:35Z INFO [258/500] 15396fc6-9cc5-4733-a0a1-43b3921736c3: not valid; 2.3 s; peak memory 3411 MiB.
2026-09-25T10:57:36Z INFO [259/500] 15398067-e6ce-445f-9cf4-7d9d688a312e: valid; 1.3 s; peak memory 3422 MiB.
2026-09-25T10:57:37Z INFO [260/500] 153a6e42-8c53-4966-b550-1d2e8c087c24: valid; 0.9 s; peak memory 3424 MiB.
2026-09-25T10:57:40Z INFO [261/500] 153a8b80-dbea-45eb-bfd0-090329f39563: valid; 2.7 s; peak memory 3427 MiB.
2026-09-25T10:57:41Z INFO [262/500] 153b198f-8b11-42eb-96b6-e489cb365338: not valid; 0.8 s; peak memory 3427 MiB.
2026-09-25T10:57:43Z INFO [263/500] 153bc3b5-c05f-4604-b5fb-193821706a17: valid; 2.0 s; peak memory 3427 MiB.
2026-09-25T10:57:43Z INFO [264/500] 153c0922-bca2-4ebe-9933-08c2f28172e8: valid; 0.7 s; peak memory 3427 MiB.
2026-09-25T10:57:44Z INFO [265/500] 153c4de5-4181-4dbe-8dbf-cd2995fcefbd: valid; 0.6 s; peak memory 3427 MiB.
2026-09-25T10:57:46Z INFO [266/500] 153cd3e3-8ef0-4ae5-9912-92284c2bc283: valid; 1.5 s; peak memory 3427 MiB.
2026-09-25T10:57:46Z INFO [267/500] 153cf815-c6bd-4f7f-9a74-e45bda483a48: valid; 0.9 s; peak memory 3427 MiB.
2026-09-25T10:57:48Z INFO [268/500] 153d81be-bdd4-413b-8fcc-3a7d1489f4d5: valid; 1.5 s; peak memory 3427 MiB.
2026-09-25T10:57:49Z INFO [269/500] 153dd809-2980-4f54-b560-26fab2692e4b: not valid; 1.4 s; peak memory 3427 MiB.
2026-09-25T10:57:50Z INFO [270/500] 153eb355-2309-4ac2-9b36-cd2dd71eca80: valid; 1.1 s; peak memory 3427 MiB.
2026-09-25T10:57:52Z INFO [271/500] 153f679f-ab68-4e0b-b03b-e72f0a562828: not valid; 1.5 s; peak memory 3427 MiB.
2026-09-25T10:57:53Z INFO [272/500] 153f76ef-2501-4640-81b9-951be02c161c: valid; 1.1 s; peak memory 3427 MiB.
2026-09-25T10:57:55Z INFO [273/500] 153fb5d7-c53a-45a8-b34a-b15b77dc09c4: valid; 1.9 s; peak memory 3427 MiB.
2026-09-25T10:58:12Z INFO [274/500] 153fc0cf-78e7-4df0-a708-8911b318cd83: valid; 16.7 s; peak memory 3440 MiB.
2026-09-25T10:58:13Z INFO [275/500] 153ff14d-cfa9-4698-91bb-1ca82ec98881: valid; 0.9 s; peak memory 3447 MiB.
2026-09-25T10:58:14Z INFO [276/500] 153ff522-6c13-4489-ba2d-96de8f5ca518: not valid; 1.5 s; peak memory 3449 MiB.
2026-09-25T10:58:15Z INFO [277/500] 15408e67-e583-41fc-91e3-adb24965efe1: not valid; 1.2 s; peak memory 3454 MiB.
2026-09-25T10:58:17Z INFO [278/500] 1541814a-b0da-4a6a-ab65-ff9e9537b736: valid; 1.7 s; peak memory 3462 MiB.
2026-09-25T10:58:18Z INFO [279/500] 1541c044-870d-4230-a6e7-df1d1d373d14: valid; 0.7 s; peak memory 3464 MiB.
2026-09-25T10:58:20Z INFO [280/500] 1541f1b6-a879-4c72-a3c1-2fee38d574af: not valid; 2.6 s; peak memory 3470 MiB.
2026-09-25T10:58:21Z INFO [281/500] 15423dbb-7c52-4002-8f7e-b0ed62066008: valid; 0.8 s; peak memory 3473 MiB.
2026-09-25T10:58:22Z INFO [282/500] 154280d8-a3ea-4100-b5ba-8c48d9b803e2: valid; 1.2 s; peak memory 3484 MiB.
2026-09-25T10:58:24Z INFO [283/500] 1542a9c0-2efd-467f-9952-e4fe1308d10a: valid; 1.4 s; peak memory 3493 MiB.
2026-09-25T10:58:25Z INFO [284/500] 1542ebf7-b686-467d-8f61-e17790c174a0: valid; 0.9 s; peak memory 3495 MiB.
2026-09-25T10:58:37Z INFO [285/500] 15430c11-53de-4502-b248-1d4da48db99d: valid; 12.8 s; peak memory 3526 MiB.
2026-09-25T10:58:39Z INFO [286/500] 15431a6d-2afe-440b-b6fe-3d78547e90e3: valid; 1.2 s; peak memory 3530 MiB.
2026-09-25T10:58:40Z INFO [287/500] 1543f450-c52a-4ff8-96ce-8d7fbf9f338a: valid; 1.4 s; peak memory 3537 MiB.
2026-09-25T10:58:41Z INFO [288/500] 1544ef0d-dab5-40c1-9ce4-74788612e45f: not valid; 0.9 s; peak memory 3540 MiB.
2026-09-25T10:58:43Z WARNING 15453451-7782-4ff0-9239-b1e5325a645f: failed while opening the NWB file (ConstructError: (root/acquisition/_iblmic_audioSpectrogram/bands GroupBuilder {'attributes': {'colnames': array(['freq'], dtype=object), 'description': 'spectogram frequencies', 'namespace': 'core', 'neurodata_type': 'FrequencyBandsTable', 'object_id': '83eeee6f-118d-41b0-b248-ec131c437ee3'}, 'groups': {}, 'datasets': {'freq': root/acquisition/_iblmic_audioSpectrogram/bands/freq DatasetBuilder {'attributes': {'description': 'frequency value', 'namespace': 'hdmf-common', 'neurodata_type': 'VectorData', 'object_id': '102e2d04-ac01-4acc-9131-e2ef723623fb'}, 'data': <HDF5 dataset "freq": shape (257,), type "<f4">}, 'id': root/acquisition/_iblmic_audioSpectrogram/bands/id DatasetBuilder {'attributes': {'namespace': 'hdmf-common', 'neurodata_type': 'ElementIdentifiers', 'object_id': 'e68490b9-468e-477e-9666-bc9851204f56'}, 'data': <HDF5 dataset "id": shape (257,), type "<i4">}}, 'links': {}}, "Could not construct FrequencyBandsTable object due to: column must have the same number of rows as 'id'"))
2026-09-25T10:58:43Z INFO [290/500] 1545ef8d-2632-4c38-a04b-69986762836e: valid; 0.9 s; peak memory 3542 MiB.
2026-09-25T10:58:45Z INFO [291/500] 154637db-892d-42ee-85e3-e6ab22b7584b: valid; 1.3 s; peak memory 3542 MiB.
2026-09-25T10:58:46Z INFO [292/500] 1546b632-8f84-4666-8aea-7cf2ed1aa473: valid; 0.8 s; peak memory 3542 MiB.
2026-09-25T10:58:46Z INFO [293/500] 15471c37-fe4c-463f-b985-e8e164079c71: valid; 0.8 s; peak memory 3542 MiB.
2026-09-25T10:58:47Z INFO [294/500] 15475f15-0541-46b6-a7fe-29acd86eaed1: valid; 1.1 s; peak memory 3542 MiB.
2026-09-25T10:58:49Z INFO [295/500] 154763cc-6c66-4a0e-b5eb-e0c69f424aaf: valid; 1.3 s; peak memory 3542 MiB.
2026-09-25T10:58:51Z INFO [296/500] 15478105-6caf-4477-8638-952900aa8eac: not valid; 1.8 s; peak memory 3542 MiB.
2026-09-25T10:59:07Z INFO [297/500] 154889a6-8d15-4dab-a0b5-e3fdb0889baf: valid; 16.0 s; peak memory 3552 MiB.
2026-09-25T10:59:08Z INFO [298/500] 1548d39e-4a34-4586-8c12-0ec1916e91a0: valid; 1.3 s; peak memory 3554 MiB.
2026-09-25T10:59:09Z INFO [299/500] 15497f35-8ddb-46f4-be17-e5a9118df933: valid; 0.8 s; peak memory 3555 MiB.
2026-09-25T10:59:11Z INFO [300/500] 154a8e36-aa1c-4a88-88da-e8e9f20aac80: valid; 1.8 s; peak memory 3557 MiB.
2026-09-25T10:59:11Z INFO [300/500] 154a8e36-aa1c-4a88-88da-e8e9f20aac80: checkpointed 78810 records.
2026-09-25T10:59:12Z INFO [301/500] 154b257a-593b-4b36-a82b-cb212c4ce587: valid; 0.9 s; peak memory 3559 MiB.
2026-09-25T10:59:21Z INFO [302/500] 154b5ab1-5e9f-4ec2-835a-f5591aa2a146: valid; 9.3 s; peak memory 3591 MiB.
2026-09-25T10:59:43Z INFO [303/500] 154bc28a-7072-460e-8ac6-88839b00a161: not valid; 21.3 s; peak memory 3646 MiB.
2026-09-25T10:59:43Z INFO [304/500] 154c94c7-b87b-4c48-9c9f-9bb570a61ebc: valid; 0.8 s; peak memory 3648 MiB.
2026-09-25T10:59:44Z INFO [305/500] 154d17f2-f40d-47a5-a12f-4218ba40e9bb: valid; 0.8 s; peak memory 3652 MiB.
2026-09-25T10:59:50Z INFO [306/500] 154d5ed6-01a2-4cd6-bfde-9cb4a9a136d5: valid; 5.7 s; peak memory 3845 MiB.
2026-09-25T10:59:52Z INFO [307/500] 154e02df-a562-402e-85c1-00fc85033677: valid; 2.6 s; peak memory 3845 MiB.
2026-09-25T10:59:53Z INFO [308/500] 154e496e-99ba-4cf8-a861-d41f4ef65a0d: valid; 0.8 s; peak memory 3845 MiB.
2026-09-25T11:00:05Z INFO [309/500] 154e6336-fef4-48be-9c04-7fa05093b5b5: valid; 11.5 s; peak memory 3845 MiB.
2026-09-25T11:00:06Z INFO [310/500] 154e9512-e0ef-4cc2-9620-9dbb5c1f5f4d: not valid; 1.2 s; peak memory 3845 MiB.
2026-09-25T11:00:07Z INFO [311/500] 154ed339-3630-4cda-9695-8f4cd099cf4d: not valid; 1.1 s; peak memory 3845 MiB.
2026-09-25T11:00:08Z INFO [312/500] 154f1ee1-ae40-42f4-a980-6464fb6d8597: valid; 0.9 s; peak memory 3845 MiB.
2026-09-25T11:00:10Z INFO [313/500] 154f8823-c0b0-413a-8cec-24c73e29f21f: not valid; 1.5 s; peak memory 3845 MiB.
2026-09-25T11:00:10Z INFO [314/500] 154fc3be-f00f-4a52-950d-f77ccdba0568: valid; 0.7 s; peak memory 3845 MiB.
2026-09-25T11:00:13Z INFO [315/500] 15508d90-b40d-44ab-ad87-9230db68bceb: valid; 3.1 s; peak memory 3845 MiB.
2026-09-25T11:00:14Z INFO [316/500] 155113ec-9206-4bc4-a557-c2de0bd27cdf: valid; 0.7 s; peak memory 3845 MiB.
2026-09-25T11:00:14Z WARNING 15512ebe-6b04-4040-9130-d9b390966c15: failed while retrieving asset information from the DANDI API (NotFoundError: No asset at path 'sub-MS12/sub-MS12_ses-Peter-MS12-170717-111614-concat_behavior+ecephys.nwb' in version 0.250624.0444. Verify the path is correct and the asset exists in this version. Use 'dandi ls' to list available assets.)
2026-09-25T11:00:15Z INFO [318/500] 15515db4-6f71-41a5-91e1-8e6c8bcbb075: valid; 0.8 s; peak memory 3845 MiB.
2026-09-25T11:00:16Z INFO [319/500] 15518000-89df-4626-972b-ea5289e49f45: not valid; 0.9 s; peak memory 3845 MiB.
2026-09-25T11:00:17Z INFO [320/500] 1551b282-df5b-49cf-ad67-3740bfa56f04: valid; 0.7 s; peak memory 3845 MiB.
2026-09-25T11:00:25Z INFO [321/500] 1551df2a-8c2d-409f-a351-d6c4fc89c76a: valid; 8.2 s; peak memory 3845 MiB.
2026-09-25T11:00:26Z INFO [322/500] 1553ac05-4a4a-4cfc-b348-64a560264c48: valid; 1.6 s; peak memory 3845 MiB.
2026-09-25T11:00:28Z INFO [323/500] 1553e157-991f-442e-a482-3be40fce2ce1: not valid; 1.2 s; peak memory 3845 MiB.
2026-09-25T11:00:30Z INFO [324/500] 15544404-1345-4251-aeee-cc4474cabd44: valid; 2.0 s; peak memory 3845 MiB.
2026-09-25T11:00:32Z INFO [325/500] 155479bf-d6ce-4369-90da-b5810ddf50f5: not valid; 2.8 s; peak memory 3845 MiB.
2026-09-25T11:00:33Z INFO [326/500] 155553e2-134d-4fd0-95be-0f10ebf36a9e: not valid; 1.0 s; peak memory 3845 MiB.
2026-09-25T11:00:34Z INFO [327/500] 155558bf-8c2b-4aed-9517-3f296b7cbf00: valid; 1.0 s; peak memory 3845 MiB.
2026-09-25T11:00:42Z INFO [328/500] 1555e820-54aa-40d9-83fd-cd573ee39cec: not valid; 7.7 s; peak memory 3845 MiB.
2026-09-25T11:02:01Z INFO [329/500] 1556eb4a-404b-4496-a71d-0b415fd5d075: valid; 79.5 s; peak memory 5896 MiB.
2026-09-25T11:02:03Z INFO [330/500] 15573533-9917-4362-9965-53f0afbeff09: valid; 1.2 s; peak memory 5896 MiB.
2026-09-25T11:02:04Z INFO [331/500] 1557adc1-5085-49db-93dd-ba120c30ca72: valid; 1.4 s; peak memory 5901 MiB.
2026-09-25T11:02:05Z INFO [332/500] 1557c175-db72-417d-9415-f869c7f1d5a1: valid; 0.9 s; peak memory 5902 MiB.
2026-09-25T11:02:06Z WARNING 15583b29-4e2b-451c-a994-9b37d1ad0acb: failed while opening the NWB file (ValueError: Cannot resolve included group spec 'electrodes' with data_type_inc 'ElectrodesTable' because a group spec with the same name already exists with data_type_inc 'DynamicTable', and data type 'DynamicTable' is not a child type of data type 'ElectrodesTable'.)
2026-09-25T11:02:09Z INFO [334/500] 1558c60a-93ec-449a-aa78-37653e511703: valid; 2.5 s; peak memory 5914 MiB.
2026-09-25T11:02:10Z INFO [335/500] 15592185-49a1-45a6-b3d2-61da3af9bf51: valid; 1.0 s; peak memory 5921 MiB.
2026-09-25T11:02:11Z INFO [336/500] 15592aa9-ee4c-4302-91e2-b8ba05fda37b: valid; 0.9 s; peak memory 5924 MiB.
2026-09-25T11:02:12Z INFO [337/500] 155934ca-dc1a-4893-9890-61d5159c5b6c: valid; 1.3 s; peak memory 5933 MiB.
2026-09-25T11:02:15Z INFO [338/500] 155986b3-649a-4b4c-9a58-c2576a2941f9: not valid; 2.8 s; peak memory 5947 MiB.
2026-09-25T11:02:19Z INFO [339/500] 1559b9b7-801a-41db-a42b-57d81d669fd9: not valid; 4.5 s; peak memory 5967 MiB.
2026-09-25T11:02:35Z INFO [340/500] 1559d345-b934-44d1-ac6c-ad544ba4090d: valid; 16.3 s; peak memory 6016 MiB.
2026-09-25T11:02:38Z INFO [341/500] 1559fa9a-2ef3-4e2a-902c-3523e3509f25: valid; 2.7 s; peak memory 6021 MiB.
2026-09-25T11:02:50Z INFO [342/500] 155af451-0e10-4521-8480-0ef569877d6f: valid; 12.1 s; peak memory 6042 MiB.
2026-09-25T11:02:51Z INFO [343/500] 155b3a1c-9405-4e36-8bee-c09b245586e6: valid; 0.6 s; peak memory 6042 MiB.
2026-09-25T11:02:55Z INFO [344/500] 155ba689-80ce-4c74-ae23-7cf33c08ca6e: valid; 4.4 s; peak memory 6042 MiB.
2026-09-25T11:02:56Z INFO [345/500] 155be569-355f-441b-a43a-53875471ed72: not valid; 1.0 s; peak memory 6042 MiB.
2026-09-25T11:02:57Z INFO [346/500] 155c7b00-0be1-49b1-9b95-c44d813730c6: valid; 0.9 s; peak memory 6042 MiB.
2026-09-25T11:02:58Z INFO [347/500] 155cd435-1ce9-442e-ab04-8687c06b99cf: valid; 1.5 s; peak memory 6042 MiB.
2026-09-25T11:03:02Z INFO [348/500] 155d2fc4-0ad4-48d4-8b4d-4b09b62c2732: valid; 3.8 s; peak memory 6042 MiB.
2026-09-25T11:03:05Z INFO [349/500] 155d9cd9-038b-4ead-824e-6e90f351e5fa: valid; 2.8 s; peak memory 6042 MiB.
2026-09-25T11:03:06Z INFO [350/500] 155da5de-a912-41ec-b0f4-215e8566f2be: valid; 1.4 s; peak memory 6042 MiB.
2026-09-25T11:03:07Z INFO [350/500] 155da5de-a912-41ec-b0f4-215e8566f2be: checkpointed 78860 records.
2026-09-25T11:03:09Z INFO [351/500] 155dff14-a561-43e3-ab05-3287b5d11790: valid; 1.8 s; peak memory 6042 MiB.
2026-09-25T11:03:09Z INFO [352/500] 155e17c9-ad05-435b-bb1c-6c3dd38f6080: valid; 0.6 s; peak memory 6042 MiB.
2026-09-25T11:03:11Z INFO [353/500] 155e3ff3-bf7a-4f95-9e62-5e7b4881418c: valid; 1.2 s; peak memory 6042 MiB.
2026-09-25T11:03:11Z INFO [354/500] 155e41d0-ebd7-47ac-bd0c-890c99b0b7e8: valid; 0.7 s; peak memory 6042 MiB.
2026-09-25T11:03:13Z INFO [355/500] 155e571a-9e76-440e-8fc3-3ec8e821187b: valid; 1.8 s; peak memory 6042 MiB.
2026-09-25T11:03:20Z INFO [356/500] 155f17d5-0f27-4fb5-9119-cad27af7f7df: valid; 6.7 s; peak memory 6042 MiB.
2026-09-25T11:03:22Z INFO [357/500] 155ff7f6-391a-4402-990d-dc8377d971c0: valid; 1.8 s; peak memory 6042 MiB.
2026-09-25T11:03:23Z WARNING 15607a9b-a3d4-4870-9879-c59670ec686d: failed while opening the NWB file (ConstructError: (root/acquisition/_iblmic_audioSpectrogram/bands GroupBuilder {'attributes': {'colnames': array(['freq'], dtype=object), 'description': 'spectogram frequencies', 'namespace': 'core', 'neurodata_type': 'FrequencyBandsTable', 'object_id': 'd8daa357-05d2-4334-9598-e02e60803077'}, 'groups': {}, 'datasets': {'freq': root/acquisition/_iblmic_audioSpectrogram/bands/freq DatasetBuilder {'attributes': {'description': 'frequency value', 'namespace': 'hdmf-common', 'neurodata_type': 'VectorData', 'object_id': '08ab40a2-862e-46d8-86f1-f85f9289dcf3'}, 'data': <HDF5 dataset "freq": shape (257,), type "<f4">}, 'id': root/acquisition/_iblmic_audioSpectrogram/bands/id DatasetBuilder {'attributes': {'namespace': 'hdmf-common', 'neurodata_type': 'ElementIdentifiers', 'object_id': '77edf059-c0bb-481c-b502-0388922fd9ec'}, 'data': <HDF5 dataset "id": shape (257,), type "<i4">}}, 'links': {}}, "Could not construct FrequencyBandsTable object due to: column must have the same number of rows as 'id'"))
2026-09-25T11:03:25Z INFO [359/500] 1560c5ae-e3ed-44fd-b3fc-0a7fc779ed1a: valid; 2.3 s; peak memory 6042 MiB.
2026-09-25T11:03:26Z INFO [360/500] 15613159-0611-4b1c-92f5-b972728691e8: valid; 1.0 s; peak memory 6042 MiB.
2026-09-25T11:03:31Z INFO [361/500] 156188fb-ccd8-41a8-85a3-aad5c5b0b7d0: valid; 5.3 s; peak memory 6042 MiB.
2026-09-25T11:03:34Z INFO [362/500] 1561b7d0-9087-49fa-936c-8194fd7ee9a1: valid; 2.6 s; peak memory 6042 MiB.
2026-09-25T11:03:37Z INFO [363/500] 1561e131-c645-461e-b8a0-98ba9bb1d647: valid; 3.0 s; peak memory 6042 MiB.
2026-09-25T11:03:43Z INFO [364/500] 1561f093-0e46-4549-8c58-7dca913ea28d: valid; 5.7 s; peak memory 6042 MiB.
2026-09-25T11:03:44Z INFO [365/500] 15634ffa-a0db-4d2b-8082-9c7517f04ac5: valid; 0.9 s; peak memory 6042 MiB.
2026-09-25T11:03:47Z INFO [366/500] 1563624d-606e-4489-91fa-a65adcfabd1b: not valid; 3.3 s; peak memory 6042 MiB.
2026-09-25T11:03:50Z INFO [367/500] 15639f89-3c43-423e-9e8b-59410839dcce: not valid; 2.8 s; peak memory 6042 MiB.
2026-09-25T11:03:51Z INFO [368/500] 1563a91b-eca2-4156-a3f8-024a783bcea4: valid; 1.2 s; peak memory 6042 MiB.
2026-09-25T11:03:53Z INFO [369/500] 1563f278-0836-4483-81f0-3c33e5f473f8: valid; 1.8 s; peak memory 6042 MiB.
2026-09-25T11:03:54Z INFO [370/500] 1564b6cb-d382-4704-ab24-4ca609fbd688: valid; 1.5 s; peak memory 6042 MiB.
2026-09-25T11:03:55Z INFO [371/500] 15661d06-22d5-4163-b504-4a88053b3159: valid; 1.0 s; peak memory 6042 MiB.
2026-09-25T11:03:57Z WARNING 156668fc-f018-4336-8953-b4f0600d31d0: failed while opening the NWB file (ConstructError: (root/acquisition/_iblmic_audioSpectrogram/bands GroupBuilder {'attributes': {'colnames': array(['freq'], dtype=object), 'description': 'spectogram frequencies', 'namespace': 'core', 'neurodata_type': 'FrequencyBandsTable', 'object_id': '30129aca-7acc-43a1-824b-0c8e0e4bd4f4'}, 'groups': {}, 'datasets': {'freq': root/acquisition/_iblmic_audioSpectrogram/bands/freq DatasetBuilder {'attributes': {'description': 'frequency value', 'namespace': 'hdmf-common', 'neurodata_type': 'VectorData', 'object_id': 'ae3cd295-41a9-4e23-8363-8ae95ce7721e'}, 'data': <HDF5 dataset "freq": shape (257,), type "<f4">}, 'id': root/acquisition/_iblmic_audioSpectrogram/bands/id DatasetBuilder {'attributes': {'namespace': 'hdmf-common', 'neurodata_type': 'ElementIdentifiers', 'object_id': '09938997-56c0-4aa2-8421-8f82fee378e3'}, 'data': <HDF5 dataset "id": shape (257,), type "<i4">}}, 'links': {}}, "Could not construct FrequencyBandsTable object due to: column must have the same number of rows as 'id'"))
2026-09-25T11:03:58Z INFO [373/500] 156673c8-c392-45ed-a179-37129adb21bb: valid; 1.4 s; peak memory 6042 MiB.
2026-09-25T11:04:00Z INFO [374/500] 1566c20e-c21f-4546-a276-d28b07f8f6cb: valid; 1.6 s; peak memory 6042 MiB.
2026-09-25T11:04:01Z INFO [375/500] 15673a74-5c51-4700-ae33-6bb122c9c508: valid; 1.1 s; peak memory 6042 MiB.
2026-09-25T11:04:02Z INFO [376/500] 1567f085-731b-48ee-87ed-c0df13f49cc1: not valid; 1.2 s; peak memory 6042 MiB.
2026-09-25T11:04:06Z INFO [377/500] 1568094d-d386-49de-b08e-aa20d21f35a8: valid; 3.9 s; peak memory 6042 MiB.
2026-09-25T11:04:07Z INFO [378/500] 15682545-aea4-4dd3-98f3-ecc00c76e6cd: valid; 1.3 s; peak memory 6042 MiB.
2026-09-25T11:04:08Z INFO [379/500] 15686c53-3ef8-48eb-82e9-def1d206e9eb: valid; 1.1 s; peak memory 6042 MiB.
2026-09-25T11:04:09Z INFO [380/500] 1569dd2e-4c2f-4810-b212-9a41adc47095: valid; 1.4 s; peak memory 6042 MiB.
2026-09-25T11:04:15Z INFO [381/500] 156a68fd-848a-41fc-9430-832d2dab349b: not valid; 5.3 s; peak memory 6042 MiB.
2026-09-25T11:04:17Z WARNING 156af80d-172a-4393-8821-c8886f27d0f4: failed while opening the NWB file (ConstructError: (root/acquisition/_iblmic_audioSpectrogram/bands GroupBuilder {'attributes': {'colnames': array(['freq'], dtype=object), 'description': 'spectogram frequencies', 'namespace': 'core', 'neurodata_type': 'FrequencyBandsTable', 'object_id': 'a1078b0a-cb34-41b4-bccb-7e8ff3bd0eeb'}, 'groups': {}, 'datasets': {'freq': root/acquisition/_iblmic_audioSpectrogram/bands/freq DatasetBuilder {'attributes': {'description': 'frequency value', 'namespace': 'hdmf-common', 'neurodata_type': 'VectorData', 'object_id': '2cbe8d48-46d6-4199-b214-df39857caed7'}, 'data': <HDF5 dataset "freq": shape (257,), type "<f4">}, 'id': root/acquisition/_iblmic_audioSpectrogram/bands/id DatasetBuilder {'attributes': {'namespace': 'hdmf-common', 'neurodata_type': 'ElementIdentifiers', 'object_id': 'e8ea3178-240c-4ade-b1be-afe7ea92d66b'}, 'data': <HDF5 dataset "id": shape (257,), type "<i4">}}, 'links': {}}, "Could not construct FrequencyBandsTable object due to: column must have the same number of rows as 'id'"))
2026-09-25T11:04:17Z INFO [383/500] 156b6ce9-d335-47aa-bbf0-6ed0aec0ef26: valid; 0.8 s; peak memory 6042 MiB.
2026-09-25T11:04:18Z INFO [384/500] 156c0016-f012-4df5-a121-69e6c3bb5ab3: valid; 1.1 s; peak memory 6042 MiB.
2026-09-25T11:04:21Z INFO [385/500] 156c8333-df70-4b3c-bdb9-5fcd38319fbb: valid; 2.2 s; peak memory 6042 MiB.
2026-09-25T11:04:22Z INFO [386/500] 156cae23-b854-40ba-ae56-914651dca6c8: valid; 1.9 s; peak memory 6042 MiB.
2026-09-25T11:04:25Z INFO [387/500] 156d1694-8b76-4aa7-9c86-e8615cb220e1: not valid; 3.1 s; peak memory 6042 MiB.
2026-09-25T11:04:26Z INFO [388/500] 156dbb87-8269-4006-9dd1-7673df368e52: not valid; 0.9 s; peak memory 6042 MiB.
2026-09-25T11:04:28Z INFO [389/500] 156de6a4-73cc-43c6-ba6b-d02d0877726c: valid; 1.5 s; peak memory 6042 MiB.
2026-09-25T11:04:29Z INFO [390/500] 156e627f-956e-445c-b886-09379a03fb18: not valid; 1.0 s; peak memory 6042 MiB.
2026-09-25T11:04:31Z INFO [391/500] 156e63e5-f43c-41c1-870a-110d014adf71: valid; 2.4 s; peak memory 6042 MiB.
2026-09-25T11:04:33Z INFO [392/500] 156f78c3-6fe8-48f7-a02a-76e4f8b8a896: valid; 1.5 s; peak memory 6042 MiB.
2026-09-25T11:04:34Z INFO [393/500] 156f7e99-f9bc-4156-a24c-50d8a2ee328f: valid; 1.2 s; peak memory 6042 MiB.
2026-09-25T11:04:36Z INFO [394/500] 15702bac-44c7-4c5d-b6d8-5997d5d8713d: not valid; 1.9 s; peak memory 6042 MiB.
2026-09-25T11:04:37Z INFO [395/500] 15703b60-8d25-4e47-bbbb-e85b982708ca: valid; 1.1 s; peak memory 6042 MiB.
2026-09-25T11:04:39Z INFO [396/500] 15704d33-ca63-4bff-9a87-a026985ca7f8: valid; 2.0 s; peak memory 6042 MiB.
2026-09-25T11:04:42Z INFO [397/500] 15708453-209a-4097-8a07-ae3604f74897: valid; 2.9 s; peak memory 6042 MiB.
2026-09-25T11:04:44Z INFO [398/500] 1571d1b0-f1ed-4d33-bab1-bc424c1c8902: valid; 2.3 s; peak memory 6042 MiB.
2026-09-25T11:04:46Z INFO [399/500] 1571f058-aec3-4c08-bb33-1715a67e43ce: not valid; 1.3 s; peak memory 6042 MiB.
2026-09-25T11:04:47Z INFO [400/500] 15726a0d-d9b8-4652-add9-0b955ba988e1: not valid; 1.0 s; peak memory 6042 MiB.
2026-09-25T11:04:47Z INFO [400/500] 15726a0d-d9b8-4652-add9-0b955ba988e1: checkpointed 78910 records.
2026-09-25T11:04:48Z INFO [401/500] 1572d00a-e5fe-41e1-93a4-cf9d9ef95919: not valid; 1.1 s; peak memory 6042 MiB.
2026-09-25T11:04:49Z INFO [402/500] 15731187-574f-4443-8b5d-bd0f8e0f12a9: valid; 1.0 s; peak memory 6042 MiB.
2026-09-25T11:04:53Z INFO [403/500] 15731b22-1512-4550-af75-730e956f9d3c: valid; 3.6 s; peak memory 6042 MiB.
2026-09-25T11:04:55Z INFO [404/500] 157387ee-24e9-447c-a100-ef3f7f3cdce7: valid; 2.2 s; peak memory 6042 MiB.
2026-09-25T11:04:56Z INFO [405/500] 1573d0ca-05ee-4f41-908a-cb6364f7c9e4: valid; 0.7 s; peak memory 6042 MiB.
2026-09-25T11:04:57Z INFO [406/500] 157426b5-fac8-448e-8fdc-a3b7d2440e93: valid; 0.8 s; peak memory 6042 MiB.
2026-09-25T11:04:58Z INFO [407/500] 157441c1-54d7-43ae-844c-0f77e6931b54: valid; 1.0 s; peak memory 6042 MiB.
2026-09-25T11:05:04Z INFO [408/500] 15748152-ea50-46d3-bab5-bf540d68c275: valid; 6.5 s; peak memory 6057 MiB.
2026-09-25T11:05:06Z INFO [409/500] 1574a992-fae0-472d-a284-c7112be91547: valid; 2.3 s; peak memory 6059 MiB.
2026-09-25T11:05:10Z INFO [410/500] 1574f950-c66c-443d-b85f-775800dbfb92: valid; 4.1 s; peak memory 6075 MiB.
2026-09-25T11:05:13Z INFO [411/500] 157569a0-e247-4037-a3d9-86ff639e8bad: valid; 2.6 s; peak memory 6080 MiB.
2026-09-25T11:05:14Z INFO [412/500] 1575bf9d-6c4d-4e68-b159-8508701ffafb: not valid; 1.1 s; peak memory 6080 MiB.
2026-09-25T11:05:15Z INFO [413/500] 1576356e-9b61-48bf-a48d-29c02389ddf1: valid; 1.3 s; peak memory 6082 MiB.
2026-09-25T11:05:17Z INFO [414/500] 15764d54-f4c1-4bec-8fe5-1b11860b5882: not valid; 2.0 s; peak memory 6082 MiB.
2026-09-25T11:05:18Z INFO [415/500] 157764f3-23ad-4a94-b182-be04a36adb67: valid; 0.9 s; peak memory 6085 MiB.
2026-09-25T11:05:21Z INFO [416/500] 1577dc6f-908b-4faa-816a-909953812ecd: not valid; 2.4 s; peak memory 6090 MiB.
2026-09-25T11:05:22Z INFO [417/500] 157856a3-45a0-4b00-84c8-0ba135f15909: not valid; 1.1 s; peak memory 6091 MiB.
2026-09-25T11:05:23Z INFO [418/500] 1578962d-a93f-4aa8-8e0a-19ec3de72ec0: valid; 0.8 s; peak memory 6091 MiB.
2026-09-25T11:05:24Z INFO [419/500] 1578d824-aed3-408d-a73d-dd35886ca335: valid; 1.6 s; peak memory 6091 MiB.
2026-09-25T11:05:25Z INFO [420/500] 1578e3c6-6a9a-4411-8d6a-b16c0b2cecd1: not valid; 1.1 s; peak memory 6092 MiB.
2026-09-25T11:05:27Z INFO [421/500] 15791cda-a6e4-45d2-be06-9b18cdd6ec57: valid; 1.6 s; peak memory 6094 MiB.
2026-09-25T11:05:30Z INFO [422/500] 15796308-7480-4b39-87e0-4dfd6fe96bc7: not valid; 2.8 s; peak memory 6095 MiB.
2026-09-25T11:05:30Z INFO [423/500] 1579c153-c12e-4307-ae9e-1d52b3184db5: not valid; 0.7 s; peak memory 6095 MiB.
2026-09-25T11:05:32Z INFO [424/500] 157a1381-264d-4dc8-b4f7-f66d9a4fc864: valid; 1.4 s; peak memory 6096 MiB.
2026-09-25T11:05:34Z INFO [425/500] 157a2112-e49f-4295-bcc1-2f2042984060: valid; 2.4 s; peak memory 6098 MiB.
2026-09-25T11:05:35Z INFO [426/500] 157af223-d8e8-412c-b488-9c4e171d4237: valid; 1.2 s; peak memory 6098 MiB.
2026-09-25T11:05:36Z INFO [427/500] 157af456-6443-4c65-beca-139754b69055: valid; 0.9 s; peak memory 6098 MiB.
2026-09-25T11:05:38Z INFO [428/500] 157b3cfc-a11d-4660-be15-4f15571c4ab3: valid; 1.4 s; peak memory 6098 MiB.
2026-09-25T11:05:39Z INFO [429/500] 157b47f9-9f03-4f35-8275-e8d3eaefb92b: valid; 1.6 s; peak memory 6098 MiB.
2026-09-25T11:05:41Z INFO [430/500] 157b71f7-cb12-4370-a736-ddf4ff886fbe: valid; 1.9 s; peak memory 6098 MiB.
2026-09-25T11:05:43Z INFO [431/500] 157b8a2d-2155-4b54-b2f3-ed5cff4c2db7: valid; 1.9 s; peak memory 6098 MiB.
2026-09-25T11:05:44Z INFO [432/500] 157ba44f-b810-41e7-8220-efec9c1ba6fa: not valid; 1.0 s; peak memory 6098 MiB.
2026-09-25T11:05:45Z INFO [433/500] 157c32e2-cd30-436c-9690-3b710a0ca085: valid; 0.9 s; peak memory 6098 MiB.
2026-09-25T11:05:49Z INFO [434/500] 157c801c-1fd7-470e-bbd4-8518f4e27d91: valid; 3.6 s; peak memory 6098 MiB.
2026-09-25T11:05:49Z INFO [435/500] 157dab3a-ffc7-439e-9c3c-1f2a3bc9c897: valid; 0.6 s; peak memory 6098 MiB.
2026-09-25T11:06:00Z INFO [436/500] 157db580-5c02-4528-80c3-a276a4560783: valid; 11.0 s; peak memory 6098 MiB.
2026-09-25T11:06:01Z WARNING 157e3032-21f7-45a8-a1db-06f4e317077a: failed while opening the NWB file (ConstructError: (root/acquisition/_iblmic_audioSpectrogram/bands GroupBuilder {'attributes': {'colnames': array(['freq'], dtype=object), 'description': 'spectogram frequencies', 'namespace': 'core', 'neurodata_type': 'FrequencyBandsTable', 'object_id': 'fddb4c83-1c13-4893-b5b4-f59859f912a7'}, 'groups': {}, 'datasets': {'freq': root/acquisition/_iblmic_audioSpectrogram/bands/freq DatasetBuilder {'attributes': {'description': 'frequency value', 'namespace': 'hdmf-common', 'neurodata_type': 'VectorData', 'object_id': '698aacae-0bbf-43e6-8586-6558fdbe7729'}, 'data': <HDF5 dataset "freq": shape (257,), type "<f4">}, 'id': root/acquisition/_iblmic_audioSpectrogram/bands/id DatasetBuilder {'attributes': {'namespace': 'hdmf-common', 'neurodata_type': 'ElementIdentifiers', 'object_id': '907c4a9a-69da-45ae-a696-e4ccfd368849'}, 'data': <HDF5 dataset "id": shape (257,), type "<i4">}}, 'links': {}}, "Could not construct FrequencyBandsTable object due to: column must have the same number of rows as 'id'"))
2026-09-25T11:06:03Z INFO [438/500] 157ea22a-157c-4fbd-8629-fd01cfe4c7a8: valid; 1.7 s; peak memory 6098 MiB.
2026-09-25T11:06:04Z INFO [439/500] 157f5ab5-d1d0-427d-ba57-7b7a0b661de7: not valid; 0.9 s; peak memory 6098 MiB.
2026-09-25T11:06:05Z INFO [440/500] 157fb118-2c0e-4fec-b841-868a79afa067: valid; 1.3 s; peak memory 6098 MiB.
2026-09-25T11:06:07Z INFO [441/500] 157fef92-d3f2-4dd5-b1fc-04e3091f9e2f: not valid; 1.4 s; peak memory 6098 MiB.
2026-09-25T11:06:08Z INFO [442/500] 1580228d-feb4-45de-9f9c-2b28c6bf705e: valid; 0.9 s; peak memory 6099 MiB.
2026-09-25T11:06:09Z INFO [443/500] 1580e8dc-fcc7-412c-858f-29d5f09b21cc: not valid; 1.2 s; peak memory 6099 MiB.
2026-09-25T11:06:11Z WARNING 15813210-591a-47a3-83e5-c73e25b66659: failed while opening the NWB file (ConstructError: (root/general/optogenetics/PatternedOptogeneticStimulusSite GroupBuilder {'attributes': {'effector': 'GUR-3/PRDX-2', 'namespace': 'ndx-patterned-ogen', 'neurodata_type': 'PatternedOptogeneticStimulusSite', 'object_id': '311a36f8-7749-46db-867b-a5230de4f301'}, 'groups': {}, 'datasets': {'description': root/general/optogenetics/PatternedOptogeneticStimulusSite/description DatasetBuilder {'attributes': {}, 'data': 'Scanning'}, 'excitation_lambda': root/general/optogenetics/PatternedOptogeneticStimulusSite/excitation_lambda DatasetBuilder {'attributes': {}, 'data': np.float64(850.0)}, 'location': root/general/optogenetics/PatternedOptogeneticStimulusSite/location DatasetBuilder {'attributes': {}, 'data': 'whole brain'}}, 'links': {'device': root/general/optogenetics/PatternedOptogeneticStimulusSite/device LinkBuilder {'builder': root/general/devices/OptogeneticDevice GroupBuilder {'attributes': {'description': '', 'namespace': 'core', 'neurodata_type': 'Device', 'object_id': 'e9e70516-8d5e-49e1-b0fd-8000ca3abc83'}, 'groups': {}, 'datasets': {}, 'links': {}}}, 'light_source': root/general/optogenetics/PatternedOptogeneticStimulusSite/light_source LinkBuilder {'builder': root/general/devices/AmplifiedLaser GroupBuilder {'attributes': {'description': 'For two-photon optogenetic targeting, we used an optical parametric amplifier (OPA; Light Conversion ORPHEUS) pumped by a femtosecond amplified laser (Light Conversion PHAROS).', 'filter_description': 'Short pass at 1040 nm', 'manufacturer': 'Light Conversion', 'model': 'ORPHEUS amplifier and PHAROS laser', 'namespace': 'ndx-patterned-ogen', 'neurodata_type': 'LightSource', 'object_id': '5fe7b9f0-7c4d-434d-b264-3ccd303393f4', 'peak_power_in_W': np.float64(0.0012), 'pulse_rate_in_Hz': np.float64(500000.0), 'stimulation_wavelength_in_nm': np.float64(850.0)}, 'groups': {}, 'datasets': {}, 'links': {}}}}}, "Could not construct PatternedOptogeneticStimulusSite object due to: CustomClassGenerator.set_init.<locals>.__init__: incorrect type for 'spatial_light_modulator' (got 'list', expected 'Device')"))
2026-09-25T11:06:12Z INFO [445/500] 1581760e-6e30-447e-af5c-f569d863f1ab: valid; 1.3 s; peak memory 6101 MiB.
2026-09-25T11:06:13Z INFO [446/500] 1581e000-13f1-470e-8fff-01a7ba0b14e7: valid; 0.9 s; peak memory 6101 MiB.
2026-09-25T11:06:15Z INFO [447/500] 1581e060-3f8d-4bdf-aa2d-a56bbfcf0aec: valid; 1.4 s; peak memory 6121 MiB.
2026-09-25T11:06:15Z INFO [448/500] 1581e6f2-2f44-47fa-80e5-ce4de108b39e: valid; 0.8 s; peak memory 6121 MiB.
2026-09-25T11:06:17Z INFO [449/500] 1582406d-d88b-4bb6-aec5-89f854ce3e98: valid; 1.5 s; peak memory 6121 MiB.
2026-09-25T11:06:18Z INFO [450/500] 1582bb71-d1d0-46dc-b47b-a3cc6ab004a4: valid; 0.8 s; peak memory 6121 MiB.
2026-09-25T11:06:18Z INFO [450/500] 1582bb71-d1d0-46dc-b47b-a3cc6ab004a4: checkpointed 78960 records.
2026-09-25T11:06:31Z INFO [451/500] 1582d7c2-3a05-4faa-91df-25c50ee3c612: valid; 13.1 s; peak memory 6137 MiB.
2026-09-25T11:06:36Z INFO [452/500] 15832f3d-c3ab-4286-aa92-f405ac5a5cd6: valid; 4.7 s; peak memory 6144 MiB.
2026-09-25T11:06:39Z INFO [453/500] 15834942-f9bd-46ca-9c38-b40432720d30: not valid; 2.9 s; peak memory 6149 MiB.
2026-09-25T11:06:48Z INFO [454/500] 1584be8e-fa22-4753-ada3-4d08ae530e98: valid; 9.1 s; peak memory 6212 MiB.
2026-09-25T11:06:49Z INFO [455/500] 158514ae-b30e-4690-9d7c-4ec325d9c89b: valid; 1.0 s; peak memory 6212 MiB.
2026-09-25T11:06:50Z INFO [456/500] 15852eaa-6ca2-4c02-9508-4597f665dc15: valid; 1.3 s; peak memory 6212 MiB.
2026-09-25T11:06:51Z INFO [457/500] 15858011-eeca-4ec3-ae10-e2cfd32733db: valid; 0.6 s; peak memory 6212 MiB.
2026-09-25T11:06:52Z INFO [458/500] 1585ba16-5987-4420-bccc-c87abefdf318: not valid; 1.2 s; peak memory 6212 MiB.
2026-09-25T11:06:52Z WARNING 1585d3be-a141-45eb-8886-614cf08c1f11: failed while retrieving asset information from the DANDI API (NotFoundError: No asset at path 'sub-parkinson-simulated-beta/sub-parkinson-simulated-beta_ses-6510_ecephys.nwb' in version 0.250327.2220. Verify the path is correct and the asset exists in this version. Use 'dandi ls' to list available assets.)
2026-09-25T11:06:53Z INFO [460/500] 158601ea-60db-4219-ac30-3b295ef6df45: not valid; 0.8 s; peak memory 6212 MiB.
2026-09-25T11:06:54Z INFO [461/500] 15864096-0942-47c0-a231-d19f8920b8d7: not valid; 1.0 s; peak memory 6212 MiB.
2026-09-25T11:06:56Z INFO [462/500] 1586ccf6-33c6-42a3-acd3-4b4f9b85bdb9: not valid; 2.0 s; peak memory 6212 MiB.
2026-09-25T11:07:11Z INFO [463/500] 1586fcb1-ca3d-41de-811a-8fa2d54a5827: valid; 15.3 s; peak memory 6229 MiB.
2026-09-25T11:07:17Z INFO [464/500] 158700a8-3384-4cea-9157-e077fc014a4f: valid; 5.9 s; peak memory 6230 MiB.
2026-09-25T11:07:18Z INFO [465/500] 15872f01-7da4-4000-a32a-54820c1a6010: valid; 1.0 s; peak memory 6230 MiB.
2026-09-25T11:07:21Z INFO [466/500] 1588708e-8b3c-4538-9f61-e8637f22ad53: valid; 3.1 s; peak memory 6230 MiB.
2026-09-25T11:07:22Z INFO [467/500] 1588a0f1-07fd-4f2c-9ca3-f7589d717e7b: valid; 0.7 s; peak memory 6231 MiB.
2026-09-25T11:07:23Z INFO [468/500] 1589583a-171f-44df-a9a7-4116cb0205e3: not valid; 0.9 s; peak memory 6231 MiB.
2026-09-25T11:07:24Z INFO [469/500] 15895c15-dd1d-4248-9d58-c2d5795a5237: not valid; 1.1 s; peak memory 6235 MiB.
2026-09-25T11:07:25Z INFO [470/500] 1589cea3-601c-4d0a-b8f4-fab4db98c0c3: valid; 0.9 s; peak memory 6235 MiB.
2026-09-25T11:07:25Z INFO [471/500] 1589ef07-8969-4667-baaa-a273d8de91eb: valid; 0.7 s; peak memory 6235 MiB.
2026-09-25T11:07:26Z INFO [472/500] 158a0930-99d3-401d-8fc4-b2657f7aa1ee: valid; 0.8 s; peak memory 6235 MiB.
2026-09-25T11:07:29Z INFO [473/500] 158a9d7e-ed47-4fa5-a949-03bdc5f9a141: valid; 2.3 s; peak memory 6235 MiB.
2026-09-25T11:07:29Z INFO [474/500] 158ad511-51df-42ae-ad71-cc1ac29d555d: not valid; 1.0 s; peak memory 6237 MiB.
2026-09-25T11:07:30Z INFO [475/500] 158b09e5-3bc1-4448-9b64-e44823316d5b: valid; 0.9 s; peak memory 6238 MiB.
2026-09-25T11:07:32Z INFO [476/500] 158b2973-7ce4-4176-9f22-96a9036334b8: valid; 1.4 s; peak memory 6238 MiB.
2026-09-25T11:07:33Z INFO [477/500] 158b5336-34e0-4451-af2d-7f1f58f76a1f: not valid; 1.0 s; peak memory 6239 MiB.
2026-09-25T11:07:39Z INFO [478/500] 158b68d3-5786-42e2-95e4-e1e6ee2c8a33: not valid; 6.3 s; peak memory 6260 MiB.
2026-09-25T11:07:40Z INFO [479/500] 158c07c3-3aa2-4cbb-9e08-ee3de28abbf3: not valid; 0.9 s; peak memory 6260 MiB.
2026-09-25T11:07:41Z INFO [480/500] 158c310e-931d-42d4-a3cd-5ce728287a1a: not valid; 1.4 s; peak memory 6260 MiB.
2026-09-25T11:07:42Z INFO [481/500] 158c5234-0b16-418c-b030-c3e67197f783: valid; 0.8 s; peak memory 6260 MiB.
2026-09-25T11:07:43Z INFO [482/500] 158d1abc-363b-434e-b9c2-da8252c36bef: valid; 1.1 s; peak memory 6260 MiB.
2026-09-25T11:07:44Z INFO [483/500] 158d960f-d980-4da1-9ebf-57daeef794fd: not valid; 1.0 s; peak memory 6260 MiB.
2026-09-25T11:07:47Z INFO [484/500] 158d9a2a-b803-4e8e-9416-2cf0bf96feb2: not valid; 2.3 s; peak memory 6260 MiB.
2026-09-25T11:07:48Z WARNING 158d9d14-7d61-493a-8c74-0bddc01a0ab7: failed while opening the NWB file (ConstructError: (root/acquisition/event_code_meanings GroupBuilder {'attributes': {'colnames': array(['value', 'meaning'], dtype=object), 'description': 'Mapping integer event codes to event labels', 'namespace': 'ndx-events', 'neurodata_type': 'MeaningsTable', 'object_id': '2470939f-5f77-4502-a886-974276df5e6f'}, 'groups': {}, 'datasets': {'id': root/acquisition/event_code_meanings/id DatasetBuilder {'attributes': {'namespace': 'hdmf-common', 'neurodata_type': 'ElementIdentifiers', 'object_id': 'eafcd196-d1a4-4026-b2c7-a116d3afa959'}, 'data': <HDF5 dataset "id": shape (26,), type "<i8">}, 'meaning': root/acquisition/event_code_meanings/meaning DatasetBuilder {'attributes': {'description': 'The meaning of the value in the parent CategoricalVectorData object.', 'namespace': 'hdmf-experimental', 'neurodata_type': 'VectorData', 'object_id': 'f07384c3-ff94-4a99-bc46-719d93278a1f'}, 'data': <StrDataset for HDF5 dataset "meaning": shape (26,), type "|O">}, 'value': root/acquisition/event_code_meanings/value DatasetBuilder {'attributes': {'description': 'The value of the parent CategoricalVectorData object.', 'namespace': 'hdmf-experimental', 'neurodata_type': 'VectorData', 'object_id': '8ea07c46-92ae-411a-a76a-dfcac5362dc7'}, 'data': <HDF5 dataset "value": shape (26,), type "<i8">}}, 'links': {}}, "Could not construct MeaningsTable object due to: MeaningsTable.__init__: missing argument 'target'"))
2026-09-25T11:07:49Z INFO [486/500] 158db73c-d5d5-4caa-98f3-e9009f234831: valid; 1.1 s; peak memory 6260 MiB.
2026-09-25T11:07:50Z INFO [487/500] 158e4f6a-a387-41fa-810a-3f4f12e082c4: not valid; 0.7 s; peak memory 6260 MiB.
2026-09-25T11:07:51Z INFO [488/500] 158ee58c-ba33-4ccf-b67b-63d4162a1845: not valid; 1.1 s; peak memory 6260 MiB.
2026-09-25T11:07:52Z INFO [489/500] 15900571-100a-4410-b3e1-2149c043b1aa: valid; 0.9 s; peak memory 6260 MiB.
2026-09-25T11:07:53Z INFO [490/500] 15909e46-817a-4d71-aa87-1cea4e276c31: valid; 1.0 s; peak memory 6260 MiB.
2026-09-25T11:07:55Z INFO [491/500] 1590b0c2-df9d-4130-9941-d51becde1119: valid; 2.3 s; peak memory 6260 MiB.
2026-09-25T11:07:56Z INFO [492/500] 1590dcf9-7296-46ec-815f-4638e1575efc: valid; 0.7 s; peak memory 6260 MiB.
2026-09-25T11:07:57Z INFO [493/500] 15913122-eeaa-4b24-a0d6-6ecb698d86de: valid; 0.9 s; peak memory 6260 MiB.
2026-09-25T11:07:58Z INFO [494/500] 1591663c-de3c-45ed-99db-7ee3d9d9ff42: valid; 1.2 s; peak memory 6260 MiB.
2026-09-25T11:08:00Z INFO [495/500] 15918a82-26c5-48e3-ac00-65201d8a1373: valid; 1.7 s; peak memory 6260 MiB.
2026-09-25T11:08:01Z INFO [496/500] 159191e7-cefa-4429-95e7-3e0c415b8d50: valid; 1.1 s; peak memory 6260 MiB.
2026-09-25T11:08:06Z INFO [497/500] 1591f4e1-1f0b-4fe4-89ff-6938e9da6e2e: valid; 5.1 s; peak memory 6272 MiB.
2026-09-25T11:08:07Z INFO [498/500] 15924da1-bdf4-4e24-b4dd-3cdcab34ca0b: valid; 0.8 s; peak memory 6273 MiB.
2026-09-25T11:08:09Z INFO [499/500] 15925a36-554e-4e92-b9c5-1349e820ee89: valid; 2.3 s; peak memory 6274 MiB.
2026-09-25T11:08:13Z INFO [500/500] 15927b12-6bb2-4f2b-8488-95a0f3ee18e2: valid; 4.5 s; peak memory 6274 MiB.
2026-09-25T11:08:14Z INFO [500/500] 15927b12-6bb2-4f2b-8488-95a0f3ee18e2: checkpointed 79010 records.
2026-09-25T11:08:15Z INFO Wrote 79010 records to /tmp/derivatives/content_id_to_valid_nwb_file.jsonl (480 new, 20 failed) in 26.4 min (peak memory 6274 MiB).
