2026-09-19T09:50:48Z INFO Logging to /tmp/logs/update_2026-09-19T09-50-48Z.log.
2026-09-19T09:50:48Z INFO Update content-id-to-valid-nwb-file (base directory /tmp).
2026-09-19T09:50:50Z INFO Processing 500 items (69510 already recorded).
2026-09-19T09:50:54Z INFO [1/500] 049761b4-6a88-42dc-98a0-5a8be7ba6bd9: valid; 4.3 s; peak memory 375 MiB.
2026-09-19T09:50:56Z INFO [2/500] 071532d9-c694-4c9f-bb78-ab2f78cc4e66: valid; 1.5 s; peak memory 375 MiB.
2026-09-19T09:53:50Z INFO [3/500] 0715b077-c584-4b11-a0fe-0c00f10c9b55: valid; 174.3 s; peak memory 1068 MiB.
2026-09-19T09:53:52Z INFO [4/500] 0715b3a9-d579-4fe1-9fb2-782eb531c812: valid; 1.5 s; peak memory 1069 MiB.
2026-09-19T09:53:52Z INFO [5/500] 0715d982-92b5-4d1d-a3fc-2d3e8508dc95: valid; 0.8 s; peak memory 1069 MiB.
2026-09-19T09:53:54Z INFO [6/500] 0715db53-477d-4ff6-86db-c0b800ca74ba: valid; 1.6 s; peak memory 1072 MiB.
2026-09-19T09:53:54Z WARNING 0715f3db-f028-49d4-9452-93cbb8af0d3f: failed while retrieving asset information from the DANDI API (NotFoundError: No asset at path 'sub-parkinson-simulated-lfp/sub-parkinson-simulated-lfp_ses-5620_ecephys.nwb' in version 0.250327.2220. Verify the path is correct and the asset exists in this version. Use 'dandi ls' to list available assets.)
2026-09-19T09:53:57Z INFO [8/500] 07166db0-53bf-4ac6-bd09-6019dec90960: not valid; 2.8 s; peak memory 1161 MiB.
2026-09-19T09:53:59Z INFO [9/500] 071786aa-7bdd-4525-ad1d-f5da3c882f5d: not valid; 1.7 s; peak memory 1161 MiB.
2026-09-19T09:53:59Z INFO [10/500] 07178dd5-cb9f-4cb6-914f-7a9426f386f5: valid; 0.8 s; peak memory 1161 MiB.
2026-09-19T09:54:12Z INFO [11/500] 07179e04-df54-4929-b0db-0485903a2eed: valid; 12.3 s; peak memory 1238 MiB.
2026-09-19T09:54:13Z INFO [12/500] 0717d38e-6908-4420-82f2-407333a224e7: valid; 1.4 s; peak memory 1248 MiB.
2026-09-19T09:54:24Z INFO [13/500] 0717f896-750e-45a5-9e39-243a50fc9676: valid; 10.5 s; peak memory 1435 MiB.
2026-09-19T09:54:25Z INFO [14/500] 07195b05-571c-4565-aee7-5b38736c4178: valid; 1.1 s; peak memory 1435 MiB.
2026-09-19T09:54:26Z INFO [15/500] 07196402-94e5-48f1-8f6d-152bd9a088b7: valid; 1.4 s; peak memory 1438 MiB.
2026-09-19T09:54:27Z INFO [16/500] 071966ba-39d0-4123-8025-bc3ff2f0842f: valid; 0.9 s; peak memory 1438 MiB.
2026-09-19T09:54:33Z INFO [17/500] 071981bc-3d1d-4875-94f2-d4f8f7da46de: valid; 6.2 s; peak memory 1541 MiB.
2026-09-19T09:54:35Z INFO [18/500] 0719b2ab-e5e1-4e5c-9422-d1bb724010f1: valid; 1.6 s; peak memory 1543 MiB.
2026-09-19T09:54:36Z INFO [19/500] 071a0dd7-8a8d-484f-b569-cd47ac4893f3: valid; 1.1 s; peak memory 1544 MiB.
2026-09-19T09:54:41Z INFO [20/500] 071aedc0-a111-4c80-82d8-595638a2a501: valid; 5.4 s; peak memory 1553 MiB.
2026-09-19T09:54:44Z INFO [21/500] 071b7390-cd21-4a70-ada3-4ccaa729be12: valid; 3.0 s; peak memory 1568 MiB.
2026-09-19T09:54:45Z INFO [22/500] 071b88d4-d6c7-4070-85c1-35c5a0b1c00c: valid; 1.0 s; peak memory 1568 MiB.
2026-09-19T09:54:46Z INFO [23/500] 071bbac7-04f5-4dfc-9293-9fa05fade2e0: valid; 0.9 s; peak memory 1568 MiB.
2026-09-19T09:54:47Z INFO [24/500] 071c06b2-8e72-4dca-9964-7b5e9eafbb27: valid; 1.0 s; peak memory 1568 MiB.
2026-09-19T09:54:49Z INFO [25/500] 071c4a34-f261-40bc-b9c4-b97ec34071cd: not valid; 1.8 s; peak memory 1568 MiB.
2026-09-19T09:54:51Z INFO [26/500] 071c51c8-0d54-4941-ba0d-e7f709414516: not valid; 1.7 s; peak memory 1568 MiB.
2026-09-19T09:54:52Z INFO [27/500] 071c778a-d148-4325-bb5e-dedc6b25dad7: valid; 0.9 s; peak memory 1568 MiB.
2026-09-19T09:54:53Z INFO [28/500] 071d11b9-f097-4808-952a-c04e45a5927e: valid; 1.7 s; peak memory 1568 MiB.
2026-09-19T09:54:55Z INFO [29/500] 071d5e12-cb1d-43fe-a470-cb93fb391da5: not valid; 1.3 s; peak memory 1568 MiB.
2026-09-19T09:54:57Z INFO [30/500] 071dfbcf-3f2a-471a-a4eb-3b488844ed25: valid; 2.1 s; peak memory 1568 MiB.
2026-09-19T09:55:00Z INFO [31/500] 071eb111-f73b-4ef1-93f1-935b88891f11: valid; 3.7 s; peak memory 1568 MiB.
2026-09-19T09:55:10Z INFO [32/500] 071f06d4-06af-4f81-a035-17607a3f6607: valid; 9.7 s; peak memory 1568 MiB.
2026-09-19T09:55:12Z INFO [33/500] 071feb7b-58d2-41a2-ad55-d1fa98e7ca4b: valid; 2.2 s; peak memory 1568 MiB.
2026-09-19T09:55:14Z INFO [34/500] 07208599-0f58-4298-94db-aaa0f198928f: valid; 1.4 s; peak memory 1568 MiB.
2026-09-19T09:55:15Z INFO [35/500] 0720b77b-9127-4baa-ace5-4819c4b5802f: valid; 1.4 s; peak memory 1568 MiB.
2026-09-19T09:55:17Z INFO [36/500] 07212f56-f4a9-4f1c-9c09-95b22d156d72: valid; 1.6 s; peak memory 1568 MiB.
2026-09-19T09:55:20Z INFO [37/500] 072152f0-d7c2-45d5-ad97-80316c899b1c: not valid; 3.2 s; peak memory 1568 MiB.
2026-09-19T09:55:21Z INFO [38/500] 07227210-5913-459a-b9f6-af33f40ed55e: valid; 1.3 s; peak memory 1568 MiB.
2026-09-19T09:55:23Z INFO [39/500] 072402f1-8a75-4ae4-ad4e-7581540d3514: valid; 1.5 s; peak memory 1568 MiB.
2026-09-19T09:55:24Z INFO [40/500] 07247739-7842-4327-92ed-a1632a10660c: not valid; 1.1 s; peak memory 1568 MiB.
2026-09-19T09:55:25Z INFO [41/500] 0724dab7-2a6f-43cc-9752-c168d70ed3d2: valid; 1.0 s; peak memory 1568 MiB.
2026-09-19T09:55:26Z INFO [42/500] 0724ee1b-5a03-4fb3-9cc1-aab849ec24c0: not valid; 1.3 s; peak memory 1568 MiB.
2026-09-19T09:55:39Z INFO [43/500] 07257087-71a0-4a9c-95e3-a00c129d6b8d: valid; 12.6 s; peak memory 1568 MiB.
2026-09-19T09:55:48Z INFO [44/500] 07259e40-6f7e-4086-b6ae-3b008707a3ec: valid; 8.9 s; peak memory 1568 MiB.
2026-09-19T09:55:49Z INFO [45/500] 07262202-2dad-42f6-8350-6219d9d99c9b: valid; 0.8 s; peak memory 1568 MiB.
2026-09-19T09:55:52Z INFO [46/500] 07264206-5e57-4410-b345-f110514d57dc: valid; 3.2 s; peak memory 1568 MiB.
2026-09-19T09:55:53Z INFO [47/500] 072642e8-131a-4910-bd9f-5125fc720238: valid; 1.3 s; peak memory 1568 MiB.
2026-09-19T09:55:54Z INFO [48/500] 0726ec64-201e-4018-8830-5fdc0a1b8196: valid; 1.0 s; peak memory 1568 MiB.
2026-09-19T09:55:54Z WARNING 0728c72e-85be-4e75-b6c7-8299336ffc46: failed while retrieving asset information from the DANDI API (NotFoundError: No asset at path 'sub-parkinson-simulated-lfp/sub-parkinson-simulated-lfp_ses-9821_ecephys.nwb' in version 0.250327.2220. Verify the path is correct and the asset exists in this version. Use 'dandi ls' to list available assets.)
2026-09-19T09:55:56Z INFO [50/500] 07296b54-e9b6-4d23-8427-6e9bff940df8: valid; 1.6 s; peak memory 1568 MiB.
2026-09-19T09:55:56Z INFO [50/500] 07296b54-e9b6-4d23-8427-6e9bff940df8: checkpointed 69560 records.
2026-09-19T09:56:05Z INFO [51/500] 07297b87-9014-48a7-ab6b-a3e843d5c837: valid; 9.1 s; peak memory 1568 MiB.
2026-09-19T09:56:08Z INFO [52/500] 0729bf5a-27fe-42b1-a38d-59191d07e171: valid; 2.1 s; peak memory 1568 MiB.
2026-09-19T09:56:09Z INFO [53/500] 072abf78-ec5a-45d8-816d-717691a10d39: not valid; 1.5 s; peak memory 1568 MiB.
2026-09-19T09:56:11Z INFO [54/500] 072ada8f-d12a-4a0a-98fc-034dd3608b8e: not valid; 1.6 s; peak memory 1568 MiB.
2026-09-19T09:56:12Z INFO [55/500] 072b1466-36a3-495f-8b27-2ae0a383b68e: valid; 1.7 s; peak memory 1568 MiB.
2026-09-19T09:56:14Z INFO [56/500] 072b2dfb-9be4-41f4-9899-e59b66e4f699: valid; 1.5 s; peak memory 1568 MiB.
2026-09-19T09:56:19Z INFO [57/500] 072b65b0-0d57-4056-afb7-b598562d31b3: not valid; 5.5 s; peak memory 1568 MiB.
2026-09-19T09:56:22Z INFO [58/500] 072becdf-9505-48b9-a492-00757bad8b8f: valid; 2.4 s; peak memory 1568 MiB.
2026-09-19T09:56:24Z INFO [59/500] 072c412e-3b37-47d9-ab4a-eaca817a1f40: valid; 2.1 s; peak memory 1568 MiB.
2026-09-19T09:56:25Z INFO [60/500] 072c93a0-2af1-4694-a530-6ddab78d5c7c: not valid; 1.3 s; peak memory 1568 MiB.
2026-09-19T09:56:26Z WARNING 072d2ff5-97f2-479a-ba03-f47c6e9e15b7: failed while opening the NWB file (ValueError: Cannot resolve included group spec 'electrodes' with data_type_inc 'ElectrodesTable' because a group spec with the same name already exists with data_type_inc 'DynamicTable', and data type 'DynamicTable' is not a child type of data type 'ElectrodesTable'.)
2026-09-19T09:56:27Z INFO [62/500] 072dfe24-49e0-4d9b-9d8d-d816f83c332a: valid; 0.9 s; peak memory 1568 MiB.
2026-09-19T09:56:28Z INFO [63/500] 072e4615-51f0-4f2d-82be-e9294e131b9f: valid; 1.0 s; peak memory 1568 MiB.
2026-09-19T09:56:30Z INFO [64/500] 072e5960-111a-4c6f-a113-c59d2a07e3cc: not valid; 2.1 s; peak memory 1568 MiB.
2026-09-19T09:56:32Z WARNING 072eb3f8-c7bb-4f4b-aa63-72b73e71be22: failed while opening the NWB file (ConstructError: (root/acquisition/_iblmic_audioSpectrogram/bands GroupBuilder {'attributes': {'colnames': array(['freq'], dtype=object), 'description': 'spectogram frequencies', 'namespace': 'core', 'neurodata_type': 'FrequencyBandsTable', 'object_id': '14d37a1f-83a8-4ca0-ad42-d184db278606'}, 'groups': {}, 'datasets': {'freq': root/acquisition/_iblmic_audioSpectrogram/bands/freq DatasetBuilder {'attributes': {'description': 'frequency value', 'namespace': 'hdmf-common', 'neurodata_type': 'VectorData', 'object_id': 'ca203cfd-1723-4c87-9784-ed7eeec4530d'}, 'data': <HDF5 dataset "freq": shape (257,), type "<f4">}, 'id': root/acquisition/_iblmic_audioSpectrogram/bands/id DatasetBuilder {'attributes': {'namespace': 'hdmf-common', 'neurodata_type': 'ElementIdentifiers', 'object_id': '09337157-45f5-4947-b437-9ba1abe89560'}, 'data': <HDF5 dataset "id": shape (257,), type "<i4">}}, 'links': {}}, "Could not construct FrequencyBandsTable object due to: column must have the same number of rows as 'id'"))
2026-09-19T09:56:33Z INFO [66/500] 072efaa1-1fbf-4f4d-b09c-8e8ff53b94e1: valid; 1.5 s; peak memory 1568 MiB.
2026-09-19T09:56:37Z INFO [67/500] 072f642f-b49e-46ed-8eba-a01b72c6a394: not valid; 3.3 s; peak memory 1568 MiB.
2026-09-19T09:56:38Z INFO [68/500] 072fb591-2bc5-4e99-ab8c-b5a3635177ac: not valid; 1.3 s; peak memory 1568 MiB.
2026-09-19T09:56:39Z INFO [69/500] 0730641a-570a-47dc-a507-0698ceb17478: valid; 1.0 s; peak memory 1568 MiB.
2026-09-19T09:56:44Z INFO [70/500] 073080ed-5854-42fd-ae86-1c508b7aa193: valid; 4.8 s; peak memory 1568 MiB.
2026-09-19T09:56:45Z WARNING 0731196d-36c3-431a-ad10-ef403331fafc: failed while opening the NWB file (ConstructError: (root/acquisition/_iblmic_audioSpectrogram/bands GroupBuilder {'attributes': {'colnames': array(['freq'], dtype=object), 'description': 'spectogram frequencies', 'namespace': 'core', 'neurodata_type': 'FrequencyBandsTable', 'object_id': 'af3bee11-c3db-461d-ade1-2a9948328c98'}, 'groups': {}, 'datasets': {'freq': root/acquisition/_iblmic_audioSpectrogram/bands/freq DatasetBuilder {'attributes': {'description': 'frequency value', 'namespace': 'hdmf-common', 'neurodata_type': 'VectorData', 'object_id': '562f4d40-3782-4eaa-9936-87e4918cca23'}, 'data': <HDF5 dataset "freq": shape (257,), type "<f4">}, 'id': root/acquisition/_iblmic_audioSpectrogram/bands/id DatasetBuilder {'attributes': {'namespace': 'hdmf-common', 'neurodata_type': 'ElementIdentifiers', 'object_id': 'c6f120d4-54f2-41e0-809c-e9dbeff5519b'}, 'data': <HDF5 dataset "id": shape (257,), type "<i4">}}, 'links': {}}, "Could not construct FrequencyBandsTable object due to: column must have the same number of rows as 'id'"))
2026-09-19T09:56:53Z INFO [72/500] 073127d5-1e41-460a-8efe-787c56873901: valid; 7.5 s; peak memory 1568 MiB.
2026-09-19T09:56:54Z INFO [73/500] 07315a1d-372d-4b79-a9d5-89b271611d0b: valid; 2.0 s; peak memory 1568 MiB.
2026-09-19T09:56:56Z INFO [74/500] 0731f941-e66c-4925-b94d-845c825e01aa: valid; 1.3 s; peak memory 1568 MiB.
2026-09-19T09:56:59Z INFO [75/500] 0732018e-73cf-4526-8473-d4b7e73a1f26: valid; 3.6 s; peak memory 1568 MiB.
2026-09-19T09:57:02Z INFO [76/500] 07322ce9-b562-41aa-a81d-de8e5f3a1390: not valid; 3.1 s; peak memory 1568 MiB.
2026-09-19T09:57:05Z INFO [77/500] 0732599b-1232-448a-a04d-1aa0dbd3cdc8: valid; 3.1 s; peak memory 1568 MiB.
2026-09-19T09:57:07Z INFO [78/500] 0732ec30-9f94-4432-bba0-377f08a8b842: valid; 1.4 s; peak memory 1568 MiB.
2026-09-19T09:57:10Z INFO [79/500] 07331792-991e-491c-90fb-4a6c736dd774: valid; 3.1 s; peak memory 1580 MiB.
2026-09-19T09:57:11Z INFO [80/500] 07333116-cfce-45d7-bde2-566d5820d945: valid; 1.3 s; peak memory 1580 MiB.
2026-09-19T09:57:13Z INFO [81/500] 07337272-1ef4-40d2-94b6-18fb49d52508: valid; 1.2 s; peak memory 1580 MiB.
2026-09-19T09:57:14Z INFO [82/500] 07344578-04af-41fd-9775-5abe3bb152e7: valid; 1.4 s; peak memory 1580 MiB.
2026-09-19T09:57:15Z INFO [83/500] 073470e8-0af4-4959-bd47-dd46abc934f7: valid; 1.5 s; peak memory 1580 MiB.
2026-09-19T09:57:29Z INFO [84/500] 07360033-3bc5-4616-b5ff-01882e17a110: valid; 13.1 s; peak memory 1580 MiB.
2026-09-19T09:57:35Z INFO [85/500] 073654ab-af1a-4f55-87e1-75d4e8033cd9: valid; 6.6 s; peak memory 1580 MiB.
2026-09-19T09:57:36Z INFO [86/500] 0736f336-cbf6-4508-b06b-f0e024a8bb23: not valid; 1.3 s; peak memory 1580 MiB.
2026-09-19T09:57:39Z INFO [87/500] 07370406-fc37-4a37-9b82-85a0cd29bd92: valid; 2.1 s; peak memory 1580 MiB.
2026-09-19T09:57:43Z INFO [88/500] 0737345d-36d6-4161-b0fc-adae6cf91139: valid; 5.0 s; peak memory 1581 MiB.
2026-09-19T09:57:53Z INFO [89/500] 07376a33-8387-4784-b3ee-9e88577c25e5: not valid; 10.0 s; peak memory 1581 MiB.
2026-09-19T09:57:55Z INFO [90/500] 07376a45-eb5c-4936-9212-ef1e966a8aa8: valid; 1.4 s; peak memory 1581 MiB.
2026-09-19T09:57:56Z INFO [91/500] 073798cd-3794-4d47-968f-5516667d3c64: valid; 1.5 s; peak memory 1581 MiB.
2026-09-19T09:57:58Z INFO [92/500] 0738092e-c13a-46ca-a553-ed8742c09d09: valid; 1.5 s; peak memory 1581 MiB.
2026-09-19T09:57:59Z INFO [93/500] 073834d2-6ec5-47a4-9c1c-0d43b3f0aec8: valid; 0.9 s; peak memory 1581 MiB.
2026-09-19T09:58:00Z INFO [94/500] 07387a8a-1e7a-4f5b-9cdb-f0a7c0c34bec: valid; 1.0 s; peak memory 1581 MiB.
2026-09-19T09:58:01Z INFO [95/500] 07389290-f0e4-47f1-80f5-3f10a4e3d0a0: valid; 1.0 s; peak memory 1581 MiB.
2026-09-19T09:58:02Z INFO [96/500] 07394f4f-9319-4c8e-8941-bed9af9dfb87: valid; 0.8 s; peak memory 1581 MiB.
2026-09-19T09:58:03Z INFO [97/500] 07395998-ace3-4f88-9238-93d2114ca561: valid; 1.9 s; peak memory 1581 MiB.
2026-09-19T09:58:04Z INFO [98/500] 07397cc6-d8f9-448d-87b2-d0fc614d9391: not valid; 1.0 s; peak memory 1581 MiB.
2026-09-19T09:58:05Z INFO [99/500] 0739aee1-139d-4315-842b-2346717f1993: valid; 0.9 s; peak memory 1581 MiB.
2026-09-19T09:58:07Z INFO [100/500] 0739c079-730e-4f94-8968-ac8a762e87a9: valid; 1.2 s; peak memory 1581 MiB.
2026-09-19T09:58:07Z INFO [100/500] 0739c079-730e-4f94-8968-ac8a762e87a9: checkpointed 69610 records.
2026-09-19T09:58:08Z INFO [101/500] 073bb560-1474-4ecf-9be0-2e86dd854296: not valid; 1.1 s; peak memory 1581 MiB.
2026-09-19T09:58:09Z INFO [102/500] 073bbac3-923c-40f8-b818-7e939c11fbd2: valid; 0.9 s; peak memory 1581 MiB.
2026-09-19T09:58:10Z INFO [103/500] 073c24de-7ff0-403e-9d0e-5ac98d063636: not valid; 1.1 s; peak memory 1581 MiB.
2026-09-19T09:58:12Z INFO [104/500] 073d3d29-6a7e-493c-b0e9-a18fb8110c86: valid; 1.7 s; peak memory 1581 MiB.
2026-09-19T09:58:20Z INFO [105/500] 073d521e-5655-4ede-ae1d-3a0fb7723ade: valid; 7.6 s; peak memory 1581 MiB.
2026-09-19T09:58:21Z INFO [106/500] 073d5f1f-1329-4b2b-9407-e256fb9940dd: valid; 1.0 s; peak memory 1581 MiB.
2026-09-19T09:58:21Z INFO [107/500] 073d6127-2f57-43dd-a84d-5974eccb2400: valid; 0.9 s; peak memory 1581 MiB.
2026-09-19T09:58:22Z INFO [108/500] 073e8b63-a118-4530-9528-d57ae054fe03: valid; 0.8 s; peak memory 1581 MiB.
2026-09-19T09:58:23Z INFO [109/500] 073f07fe-770a-4c15-9198-b494aad96e92: valid; 0.8 s; peak memory 1581 MiB.
2026-09-19T09:58:24Z INFO [110/500] 073f76cf-841c-4ab0-8fc3-9d37f608402d: not valid; 1.2 s; peak memory 1581 MiB.
2026-09-19T09:59:04Z INFO [111/500] 073fab4a-745c-42ae-bb18-c5dfac413f18: valid; 39.4 s; peak memory 1581 MiB.
2026-09-19T09:59:05Z INFO [112/500] 073fc345-4dc7-4550-826c-932df63a1c8f: valid; 1.8 s; peak memory 1581 MiB.
2026-09-19T09:59:07Z INFO [113/500] 07403379-4e25-4a8d-949c-da85153d82ca: valid; 1.0 s; peak memory 1581 MiB.
2026-09-19T09:59:08Z INFO [114/500] 07407784-9ee8-4306-8080-2d082794156f: not valid; 1.0 s; peak memory 1581 MiB.
2026-09-19T09:59:09Z INFO [115/500] 07409f96-5db8-481c-835f-5e44a5d9e2e5: valid; 1.4 s; peak memory 1581 MiB.
2026-09-19T09:59:10Z INFO [116/500] 07413bc3-193c-4bc6-af16-d64577159d0d: valid; 0.9 s; peak memory 1581 MiB.
2026-09-19T09:59:12Z INFO [117/500] 07419366-d1ce-44d8-92ea-5bc81a3770a5: valid; 2.1 s; peak memory 1581 MiB.
2026-09-19T09:59:14Z INFO [118/500] 07423052-6e3e-46dc-8468-c875a7e94260: valid; 2.1 s; peak memory 1581 MiB.
2026-09-19T09:59:22Z INFO [119/500] 07426c15-123e-47f6-a5c8-72ea9790ee0d: valid; 7.7 s; peak memory 1632 MiB.
2026-09-19T09:59:23Z INFO [120/500] 07427eec-fdea-4959-b88b-107347957ea8: valid; 0.9 s; peak memory 1632 MiB.
2026-09-19T09:59:24Z INFO [121/500] 0742a1c4-20c7-4648-9905-8ff432a45c4c: not valid; 1.3 s; peak memory 1632 MiB.
2026-09-19T09:59:25Z INFO [122/500] 0742bdef-666d-422b-a375-1fec0feb0166: valid; 0.9 s; peak memory 1632 MiB.
2026-09-19T09:59:26Z INFO [123/500] 0742d926-1ded-4182-81b1-11b3a9fac04d: valid; 1.2 s; peak memory 1632 MiB.
2026-09-19T09:59:27Z INFO [124/500] 0743524a-37ad-4930-b01a-d7d80419615f: valid; 1.3 s; peak memory 1632 MiB.
2026-09-19T09:59:30Z INFO [125/500] 0743ebf1-1a58-48c8-b7d2-0538d3c8f769: valid; 2.4 s; peak memory 1632 MiB.
2026-09-19T09:59:31Z INFO [126/500] 07448e7d-e642-4907-9ecf-450eaaa4c0fd: not valid; 1.5 s; peak memory 1632 MiB.
2026-09-19T09:59:32Z INFO [127/500] 0744f0b8-0d03-44c2-b20e-d4614ead0a24: valid; 0.9 s; peak memory 1632 MiB.
2026-09-19T09:59:34Z INFO [128/500] 07457fae-8cd5-4caf-8115-5fbef6e8bf68: valid; 1.4 s; peak memory 1632 MiB.
2026-09-19T09:59:38Z INFO [129/500] 07459460-c253-4db1-b030-50e542edec2d: valid; 4.7 s; peak memory 1633 MiB.
2026-09-19T09:59:40Z INFO [130/500] 0746337f-e2db-486f-bfc1-fd66cedb7c83: not valid; 1.6 s; peak memory 1633 MiB.
2026-09-19T09:59:42Z INFO [131/500] 0746aa17-7740-4f69-8651-710195be2827: valid; 1.6 s; peak memory 1633 MiB.
2026-09-19T09:59:43Z INFO [132/500] 074702ff-f65d-4938-9413-dcd8db3b2005: valid; 1.0 s; peak memory 1633 MiB.
2026-09-19T09:59:45Z INFO [133/500] 0747af25-6590-4a8c-9f6f-0b2c9658c558: valid; 2.1 s; peak memory 1633 MiB.
2026-09-19T09:59:45Z WARNING 0748aa2e-7b4d-43a1-9e5e-7e1370d9e94d: failed while retrieving asset information from the DANDI API (NotFoundError: No asset at path 'sub-07/sub-07_ses-20160302T170100_behavior+ecephys.nwb' in version 0.250815.1108. Verify the path is correct and the asset exists in this version. Use 'dandi ls' to list available assets.)
2026-09-19T09:59:46Z INFO [135/500] 0748c348-52c5-44eb-bdab-2a36d41c76ee: valid; 0.7 s; peak memory 1633 MiB.
2026-09-19T09:59:47Z INFO [136/500] 074927a7-271c-4a14-8046-2d56acc8f150: valid; 1.6 s; peak memory 1633 MiB.
2026-09-19T09:59:49Z INFO [137/500] 074a134e-8d86-465e-aebc-4c5edda77b35: valid; 1.4 s; peak memory 1633 MiB.
2026-09-19T09:59:49Z INFO [138/500] 074a552f-0115-4aa2-a401-f8f1dbfb08e9: valid; 0.8 s; peak memory 1633 MiB.
2026-09-19T09:59:51Z INFO [139/500] 074a7171-6039-46d4-aee0-01b167730558: valid; 1.6 s; peak memory 1633 MiB.
2026-09-19T09:59:52Z INFO [140/500] 074a7c8c-db1a-4808-8139-4ee0409c9319: valid; 0.8 s; peak memory 1633 MiB.
2026-09-19T09:59:53Z INFO [141/500] 074ba1ad-768f-41a8-8d68-626120e0b38b: valid; 1.0 s; peak memory 1633 MiB.
2026-09-19T09:59:54Z INFO [142/500] 074bbce5-ac67-423e-bfa6-b6421580bd5a: valid; 0.9 s; peak memory 1633 MiB.
2026-09-19T09:59:55Z INFO [143/500] 074c1c05-9dd7-44a6-909f-0a38431eef44: valid; 1.3 s; peak memory 1633 MiB.
2026-09-19T09:59:59Z INFO [144/500] 074c3b3b-601b-4da7-b144-fda3f6a34f75: valid; 3.9 s; peak memory 1633 MiB.
2026-09-19T10:00:00Z INFO [145/500] 074c689d-3037-44b9-ae4d-ed8bd7759b63: not valid; 1.1 s; peak memory 1633 MiB.
2026-09-19T10:00:03Z INFO [146/500] 074cd1df-6326-43bf-9603-d57c05838e23: valid; 3.1 s; peak memory 1633 MiB.
2026-09-19T10:00:05Z INFO [147/500] 074cdbd8-019e-4f2c-b92a-b3cd632159a1: valid; 2.2 s; peak memory 1633 MiB.
2026-09-19T10:00:12Z INFO [148/500] 074cf84e-cd59-45a3-9ac2-672052ff2605: valid; 7.0 s; peak memory 1633 MiB.
2026-09-19T10:00:13Z INFO [149/500] 074cff72-0d5d-4eef-b9e6-666d745ba78a: valid; 0.8 s; peak memory 1633 MiB.
2026-09-19T10:00:19Z INFO [150/500] 074d8f7c-fed3-4a32-919c-26346f21a8af: valid; 5.6 s; peak memory 1633 MiB.
2026-09-19T10:00:19Z INFO [150/500] 074d8f7c-fed3-4a32-919c-26346f21a8af: checkpointed 69660 records.
2026-09-19T10:00:21Z WARNING 074dbad2-16f8-4cc0-aaac-da30de89b6eb: failed while opening the NWB file (ConstructError: (root/acquisition/_iblmic_audioSpectrogram/bands GroupBuilder {'attributes': {'colnames': array(['freq'], dtype=object), 'description': 'spectogram frequencies', 'namespace': 'core', 'neurodata_type': 'FrequencyBandsTable', 'object_id': '3983df78-c8d2-4f33-8fae-58db0d4957f1'}, 'groups': {}, 'datasets': {'freq': root/acquisition/_iblmic_audioSpectrogram/bands/freq DatasetBuilder {'attributes': {'description': 'frequency value', 'namespace': 'hdmf-common', 'neurodata_type': 'VectorData', 'object_id': 'b19dc840-5efb-4de7-a105-c85389f41ad6'}, 'data': <HDF5 dataset "freq": shape (257,), type "<f4">}, 'id': root/acquisition/_iblmic_audioSpectrogram/bands/id DatasetBuilder {'attributes': {'namespace': 'hdmf-common', 'neurodata_type': 'ElementIdentifiers', 'object_id': 'f30c5fd0-4a32-424d-8853-7d4c3d928bb4'}, 'data': <HDF5 dataset "id": shape (257,), type "<i4">}}, 'links': {}}, "Could not construct FrequencyBandsTable object due to: column must have the same number of rows as 'id'"))
2026-09-19T10:00:23Z INFO [152/500] 074de621-78c7-4319-a08c-64588dc0f767: valid; 2.4 s; peak memory 1633 MiB.
2026-09-19T10:00:25Z INFO [153/500] 074e26b3-d11b-4463-bbf1-eb0f615c35fd: valid; 2.0 s; peak memory 1633 MiB.
2026-09-19T10:00:27Z INFO [154/500] 074e4540-68a7-4409-bff3-5fe679d5fac3: not valid; 2.1 s; peak memory 1633 MiB.
2026-09-19T10:00:29Z INFO [155/500] 074e772c-2558-48f8-8a3d-ec21f02afb3f: valid; 1.8 s; peak memory 1633 MiB.
2026-09-19T10:00:30Z INFO [156/500] 074f9bea-3d2d-46d7-a60a-4528a31689c9: not valid; 0.9 s; peak memory 1633 MiB.
2026-09-19T10:00:31Z INFO [157/500] 074fa7c3-08c4-4510-8f1f-b7dc04d6077f: valid; 0.7 s; peak memory 1633 MiB.
2026-09-19T10:00:34Z INFO [158/500] 074fb38d-8f97-437d-9e49-df2bf8330594: valid; 3.5 s; peak memory 1633 MiB.
2026-09-19T10:00:39Z INFO [159/500] 07503ca0-7693-4ccb-81fa-a827eac35250: valid; 5.0 s; peak memory 1633 MiB.
2026-09-19T10:00:48Z INFO [160/500] 0750e8f3-5e8a-4c42-aad4-303e0c61400c: valid; 8.8 s; peak memory 1633 MiB.
2026-09-19T10:00:50Z INFO [161/500] 07517ec6-ffd1-4c7d-9e45-6390bab8baf1: valid; 1.9 s; peak memory 1633 MiB.
2026-09-19T10:00:51Z INFO [162/500] 0751f16d-6a61-469f-9553-6a6b005f16b3: not valid; 1.1 s; peak memory 1633 MiB.
2026-09-19T10:00:52Z INFO [163/500] 07521bf9-5f59-4cba-a716-ae822b8ba8b4: valid; 1.3 s; peak memory 1633 MiB.
2026-09-19T10:00:53Z INFO [164/500] 0752b896-4305-4d06-af73-6884e7d39df8: valid; 0.7 s; peak memory 1633 MiB.
2026-09-19T10:00:58Z INFO [165/500] 0752f0da-e95d-4054-8e40-ecd54108c951: valid; 5.2 s; peak memory 1633 MiB.
2026-09-19T10:01:00Z INFO [166/500] 07536aa9-7d6c-4e88-bd88-1d9517b4cb3a: valid; 1.3 s; peak memory 1633 MiB.
2026-09-19T10:01:02Z INFO [167/500] 07539f53-f433-4aff-b8ee-47259ffa59ac: not valid; 2.0 s; peak memory 1633 MiB.
2026-09-19T10:01:03Z WARNING 07539f90-cda7-4c19-9c78-3822a7d9b4dc: failed while opening the NWB file (ConstructError: (root/acquisition/_iblmic_audioSpectrogram/bands GroupBuilder {'attributes': {'colnames': array(['freq'], dtype=object), 'description': 'spectogram frequencies', 'namespace': 'core', 'neurodata_type': 'FrequencyBandsTable', 'object_id': '41824898-8bf2-4c7a-9474-9353a4d2b457'}, 'groups': {}, 'datasets': {'freq': root/acquisition/_iblmic_audioSpectrogram/bands/freq DatasetBuilder {'attributes': {'description': 'frequency value', 'namespace': 'hdmf-common', 'neurodata_type': 'VectorData', 'object_id': 'cc8a3138-8197-40b8-9304-f12f3730dead'}, 'data': <HDF5 dataset "freq": shape (257,), type "<f4">}, 'id': root/acquisition/_iblmic_audioSpectrogram/bands/id DatasetBuilder {'attributes': {'namespace': 'hdmf-common', 'neurodata_type': 'ElementIdentifiers', 'object_id': '9798b439-d08c-4ea8-b769-160457fb3a13'}, 'data': <HDF5 dataset "id": shape (257,), type "<i4">}}, 'links': {}}, "Could not construct FrequencyBandsTable object due to: column must have the same number of rows as 'id'"))
2026-09-19T10:01:14Z INFO [169/500] 07541557-74db-443c-b8d4-6d8d2978f08c: valid; 10.6 s; peak memory 1633 MiB.
2026-09-19T10:01:15Z INFO [170/500] 07544e97-08eb-4cd3-a8d6-db2ba4556544: valid; 1.2 s; peak memory 1633 MiB.
2026-09-19T10:01:16Z INFO [171/500] 075492ee-8235-4128-bda0-edf90b5986bd: valid; 1.0 s; peak memory 1633 MiB.
2026-09-19T10:01:17Z INFO [172/500] 0754dafe-459c-4823-9d00-5d670ce165a3: valid; 0.8 s; peak memory 1633 MiB.
2026-09-19T10:01:18Z INFO [173/500] 075519f8-98db-4d07-b118-768869f770aa: valid; 1.7 s; peak memory 1634 MiB.
2026-09-19T10:01:20Z INFO [174/500] 075656cd-6a00-4619-bc60-80be5a605f33: valid; 1.8 s; peak memory 1636 MiB.
2026-09-19T10:01:21Z INFO [175/500] 0756fa1a-bf6b-4647-a0b5-11c35510ec55: valid; 0.8 s; peak memory 1637 MiB.
2026-09-19T10:01:22Z INFO [176/500] 07574496-af98-4b1b-a7d1-8f8b0e3879e3: not valid; 1.4 s; peak memory 1639 MiB.
2026-09-19T10:01:24Z INFO [177/500] 075786eb-a364-4749-b06b-e910b80467dd: not valid; 2.3 s; peak memory 1644 MiB.
2026-09-19T10:01:25Z WARNING 0758135d-a8b2-41cc-a3e7-210693a85485: failed while retrieving asset information from the DANDI API (NotFoundError: No asset at path 'sub-parkinson-simulated-lfp/sub-parkinson-simulated-lfp_ses-8181_ecephys.nwb' in version 0.250327.2220. Verify the path is correct and the asset exists in this version. Use 'dandi ls' to list available assets.)
2026-09-19T10:01:25Z INFO [179/500] 0758504e-115e-4c77-a84d-6ed9140fd392: valid; 0.9 s; peak memory 1645 MiB.
2026-09-19T10:01:33Z INFO [180/500] 07587f38-19c8-4b3c-9f6f-e8e70f1dbf68: valid; 7.2 s; peak memory 1685 MiB.
2026-09-19T10:01:35Z INFO [181/500] 0758df8d-7eaf-4318-82df-7cdfa27f1988: valid; 1.9 s; peak memory 1692 MiB.
2026-09-19T10:01:35Z INFO [182/500] 0758e09f-7f0b-4d58-b0f9-4c887926f01b: valid; 0.7 s; peak memory 1694 MiB.
2026-09-19T10:01:37Z INFO [183/500] 0758e696-430d-4519-a807-d9b33f800b11: valid; 1.6 s; peak memory 1697 MiB.
2026-09-19T10:01:38Z INFO [184/500] 07592932-5fe2-460a-a89e-c98bc2a4eec6: valid; 0.9 s; peak memory 1700 MiB.
2026-09-19T10:01:39Z INFO [185/500] 0759660a-ea15-427d-9d30-c52e673467d0: valid; 0.9 s; peak memory 1702 MiB.
2026-09-19T10:01:41Z INFO [186/500] 0759cf7c-abf0-4582-ab48-2e8196b0c069: valid; 2.1 s; peak memory 1707 MiB.
2026-09-19T10:01:44Z INFO [187/500] 075a3802-7434-4c93-91a0-aeda25695ac3: valid; 3.4 s; peak memory 1712 MiB.
2026-09-19T10:01:44Z WARNING 075a513c-e30a-4c02-9aaf-a535a41c121b: failed while retrieving asset information from the DANDI API (NotFoundError: No such Dandiset: 001533)
2026-09-19T10:01:46Z INFO [189/500] 075a66a5-81c2-4a1f-bc55-03203bcd92ce: valid; 1.6 s; peak memory 1712 MiB.
2026-09-19T10:01:47Z INFO [190/500] 075a6c60-b4c2-4459-af51-2cdd73088430: valid; 1.0 s; peak memory 1712 MiB.
2026-09-19T10:02:29Z INFO [191/500] 075a7f4d-14f7-4c00-abd6-77b2420138c8: valid; 41.8 s; peak memory 1935 MiB.
2026-09-19T10:02:30Z INFO [192/500] 075aad05-aeba-4425-bf4b-7d00633417a3: valid; 1.4 s; peak memory 1935 MiB.
2026-09-19T10:02:31Z INFO [193/500] 075ad173-51ad-4d71-ab67-314e97594833: not valid; 1.0 s; peak memory 1936 MiB.
2026-09-19T10:02:38Z INFO [194/500] 075af0bb-772e-4c90-b8ec-108485f1c83c: valid; 7.2 s; peak memory 1981 MiB.
2026-09-19T10:02:41Z INFO [195/500] 075b7169-f709-4c34-8ef9-17fc53d37e5e: valid; 2.7 s; peak memory 1987 MiB.
2026-09-19T10:02:45Z INFO [196/500] 075c0e43-9f53-46de-a291-ef6809029819: valid; 4.5 s; peak memory 2006 MiB.
2026-09-19T10:02:47Z INFO [197/500] 075d4ed5-a566-4121-a011-e569905554ef: valid; 1.6 s; peak memory 2016 MiB.
2026-09-19T10:02:48Z INFO [198/500] 075e07b1-3365-4d4a-9a93-2045fbf84ee3: valid; 0.9 s; peak memory 2016 MiB.
2026-09-19T10:02:49Z INFO [199/500] 075e4178-2721-4a32-8f25-62d99cfd010c: valid; 0.8 s; peak memory 2016 MiB.
2026-09-19T10:02:50Z INFO [200/500] 075e5942-01c2-45a8-8373-c6634787298d: valid; 1.8 s; peak memory 2016 MiB.
2026-09-19T10:02:51Z INFO [200/500] 075e5942-01c2-45a8-8373-c6634787298d: checkpointed 69710 records.
2026-09-19T10:02:53Z INFO [201/500] 075e7da4-7592-4c20-82fd-934570ce17f0: valid; 1.9 s; peak memory 2026 MiB.
2026-09-19T10:02:54Z INFO [202/500] 075f4655-e64f-4751-b15b-7351b833a317: not valid; 1.3 s; peak memory 2026 MiB.
2026-09-19T10:02:55Z INFO [203/500] 076003fd-1997-40fa-b912-588a4dce50f1: valid; 0.9 s; peak memory 2026 MiB.
2026-09-19T10:02:56Z INFO [204/500] 076094fd-f3be-4273-96ee-26bffc5405b1: valid; 0.9 s; peak memory 2027 MiB.
2026-09-19T10:02:57Z INFO [205/500] 0760cbea-7e47-4e0b-987e-6bde276b6546: not valid; 1.3 s; peak memory 2029 MiB.
2026-09-19T10:02:58Z INFO [206/500] 076142cf-0c4c-40c8-802c-47f477a6693c: valid; 1.0 s; peak memory 2031 MiB.
2026-09-19T10:02:59Z INFO [207/500] 0761aebc-1561-45a1-8c1a-4fe578c8492b: not valid; 1.1 s; peak memory 2034 MiB.
2026-09-19T10:03:02Z INFO [208/500] 0761e12a-b5f6-420d-8331-7110c42ff932: valid; 2.1 s; peak memory 2041 MiB.
2026-09-19T10:03:03Z INFO [209/500] 076268e0-bc73-46f0-9795-53adae880490: valid; 1.4 s; peak memory 2049 MiB.
2026-09-19T10:03:05Z INFO [210/500] 076274bd-6691-49d2-a0b6-e91a84891d89: valid; 1.6 s; peak memory 2060 MiB.
2026-09-19T10:03:06Z INFO [211/500] 076290cd-18a8-4c8e-934f-46b57e6e282e: valid; 1.5 s; peak memory 2071 MiB.
2026-09-19T10:03:07Z INFO [212/500] 0762d006-bed0-4fc0-b8da-484e99bd992c: not valid; 0.7 s; peak memory 2073 MiB.
2026-09-19T10:03:08Z INFO [213/500] 07636724-679e-42e9-a1b6-fd17e6c44f05: valid; 1.5 s; peak memory 2087 MiB.
2026-09-19T10:03:09Z INFO [214/500] 076403b2-f9b0-478b-b723-38957c5de4f2: valid; 0.8 s; peak memory 2089 MiB.
2026-09-19T10:03:10Z INFO [215/500] 07642813-88ef-4ad7-8982-6a90c0785821: valid; 0.8 s; peak memory 2091 MiB.
2026-09-19T10:03:11Z INFO [216/500] 07649b54-5f16-48d2-aa7a-873005498334: valid; 1.4 s; peak memory 2095 MiB.
2026-09-19T10:03:21Z INFO [217/500] 07657b56-8630-49dd-b51a-e65374dbcccd: valid; 9.9 s; peak memory 2166 MiB.
2026-09-19T10:03:22Z INFO [218/500] 0766708e-7888-42f6-b3bd-018863016286: valid; 1.1 s; peak memory 2170 MiB.
2026-09-19T10:03:35Z INFO [219/500] 0766d70e-bdfd-4808-88c8-41d7996379aa: not valid; 12.5 s; peak memory 2198 MiB.
2026-09-19T10:03:36Z INFO [220/500] 0766e4d4-a485-49b5-9673-2c43b461cfcf: valid; 1.0 s; peak memory 2198 MiB.
2026-09-19T10:03:39Z INFO [221/500] 0766e53f-422b-4492-8a5c-4b337c149505: valid; 3.7 s; peak memory 2198 MiB.
2026-09-19T10:03:41Z INFO [222/500] 07674dff-0f0f-4919-af2c-30f283d2cc19: valid; 1.1 s; peak memory 2198 MiB.
2026-09-19T10:03:43Z INFO [223/500] 07674ea0-3894-4d67-bea0-53606002cb8d: valid; 2.2 s; peak memory 2198 MiB.
2026-09-19T10:03:52Z INFO [224/500] 0767c884-d8af-440c-9173-9c0560598dc4: not valid; 9.4 s; peak memory 2198 MiB.
2026-09-19T10:03:53Z INFO [225/500] 07681e55-667e-42f7-a262-6894ca5a23de: valid; 1.0 s; peak memory 2198 MiB.
2026-09-19T10:04:04Z INFO [226/500] 076832fa-ec96-46a2-b70b-beeae98a7418: valid; 10.8 s; peak memory 2337 MiB.
2026-09-19T10:04:05Z INFO [227/500] 0768f31b-30e0-41be-a68d-94c875ab5954: valid; 1.2 s; peak memory 2337 MiB.
2026-09-19T10:04:07Z WARNING 0769750a-251c-429e-8e4f-da8afe4b1297: failed while opening the NWB file (ConstructError: (root/acquisition/_iblmic_audioSpectrogram/bands GroupBuilder {'attributes': {'colnames': array(['freq'], dtype=object), 'description': 'spectogram frequencies', 'namespace': 'core', 'neurodata_type': 'FrequencyBandsTable', 'object_id': 'bada0d81-6693-4e60-a6ac-5420f2a46be8'}, 'groups': {}, 'datasets': {'freq': root/acquisition/_iblmic_audioSpectrogram/bands/freq DatasetBuilder {'attributes': {'description': 'frequency value', 'namespace': 'hdmf-common', 'neurodata_type': 'VectorData', 'object_id': 'c03f76b1-5dab-4b3a-9482-b75276a04818'}, 'data': <HDF5 dataset "freq": shape (257,), type "<f4">}, 'id': root/acquisition/_iblmic_audioSpectrogram/bands/id DatasetBuilder {'attributes': {'namespace': 'hdmf-common', 'neurodata_type': 'ElementIdentifiers', 'object_id': '48ca3b7e-fcc4-4b9f-a696-e7503ad8745e'}, 'data': <HDF5 dataset "id": shape (257,), type "<i4">}}, 'links': {}}, "Could not construct FrequencyBandsTable object due to: column must have the same number of rows as 'id'"))
2026-09-19T10:04:08Z INFO [229/500] 0769ccb3-10a5-4111-a66e-62f61c812117: not valid; 1.0 s; peak memory 2337 MiB.
2026-09-19T10:04:09Z INFO [230/500] 0769db93-69cd-4758-a91f-c3260f470a84: not valid; 1.0 s; peak memory 2337 MiB.
2026-09-19T10:04:14Z INFO [231/500] 076a3cfa-c6ec-4a73-ae17-90d9093f5e1d: valid; 5.6 s; peak memory 2337 MiB.
2026-09-19T10:04:17Z INFO [232/500] 076ac99b-d54a-47ea-b6fa-9ca0dc43af00: not valid; 3.2 s; peak memory 2337 MiB.
2026-09-19T10:04:18Z INFO [233/500] 076b4248-8d01-408a-a38b-fe578c475296: valid; 0.8 s; peak memory 2337 MiB.
2026-09-19T10:04:21Z INFO [234/500] 076b7011-052b-47f7-8ee2-2d3b5dec7c37: valid; 2.5 s; peak memory 2337 MiB.
2026-09-19T10:04:22Z INFO [235/500] 076bc8f9-bbfc-4bac-8042-d6798212d543: not valid; 1.0 s; peak memory 2337 MiB.
2026-09-19T10:04:23Z INFO [236/500] 076c6da8-0cba-43ba-a3f8-1b6f0f8f45e2: not valid; 1.4 s; peak memory 2337 MiB.
2026-09-19T10:04:25Z INFO [237/500] 076c84d5-888f-4361-881f-a0931ce474b5: valid; 1.5 s; peak memory 2337 MiB.
2026-09-19T10:04:26Z INFO [238/500] 076d5b88-ccc5-4255-a209-cc25720d4ff7: not valid; 1.2 s; peak memory 2337 MiB.
2026-09-19T10:04:27Z INFO [239/500] 076e24ee-10a9-43b8-8b9f-3cd19396d95a: not valid; 1.4 s; peak memory 2337 MiB.
2026-09-19T10:04:47Z INFO [240/500] 076e71f0-c37d-4f0b-9973-a3f1ccade9f1: not valid; 19.6 s; peak memory 2337 MiB.
2026-09-19T10:04:48Z INFO [241/500] 076f3420-0645-454a-8f1a-3d23136b6dad: not valid; 1.2 s; peak memory 2337 MiB.
2026-09-19T10:04:49Z WARNING 076fd787-d23e-4e47-879a-20ce781faec8: failed while opening the NWB file (ConstructError: (root/acquisition/_iblmic_audioSpectrogram/bands GroupBuilder {'attributes': {'colnames': array(['freq'], dtype=object), 'description': 'spectogram frequencies', 'namespace': 'core', 'neurodata_type': 'FrequencyBandsTable', 'object_id': 'a4e4bd71-6fa5-45c9-97e2-dff475c7fc67'}, 'groups': {}, 'datasets': {'freq': root/acquisition/_iblmic_audioSpectrogram/bands/freq DatasetBuilder {'attributes': {'description': 'frequency value', 'namespace': 'hdmf-common', 'neurodata_type': 'VectorData', 'object_id': '35e95c20-455c-49c9-b627-ef8a5835ce6c'}, 'data': <HDF5 dataset "freq": shape (257,), type "<f4">}, 'id': root/acquisition/_iblmic_audioSpectrogram/bands/id DatasetBuilder {'attributes': {'namespace': 'hdmf-common', 'neurodata_type': 'ElementIdentifiers', 'object_id': '4f0be2d1-bccf-4b86-a550-a177f2bdd07f'}, 'data': <HDF5 dataset "id": shape (257,), type "<i4">}}, 'links': {}}, "Could not construct FrequencyBandsTable object due to: column must have the same number of rows as 'id'"))
2026-09-19T10:04:51Z INFO [243/500] 07700852-d819-4549-95c6-c2ef839c7ba0: valid; 1.4 s; peak memory 2337 MiB.
2026-09-19T10:04:52Z WARNING 07703e99-8e3e-450a-a0d6-b147c5c53a89: failed while opening the NWB file (ConstructError: (root/acquisition/_iblmic_audioSpectrogram/bands GroupBuilder {'attributes': {'colnames': array(['freq'], dtype=object), 'description': 'spectogram frequencies', 'namespace': 'core', 'neurodata_type': 'FrequencyBandsTable', 'object_id': 'fecd9968-02b5-4a1f-88aa-2c70f51c08e7'}, 'groups': {}, 'datasets': {'freq': root/acquisition/_iblmic_audioSpectrogram/bands/freq DatasetBuilder {'attributes': {'description': 'frequency value', 'namespace': 'hdmf-common', 'neurodata_type': 'VectorData', 'object_id': 'f1bd83dd-a191-4ad9-9240-703d5d0ce17f'}, 'data': <HDF5 dataset "freq": shape (257,), type "<f4">}, 'id': root/acquisition/_iblmic_audioSpectrogram/bands/id DatasetBuilder {'attributes': {'namespace': 'hdmf-common', 'neurodata_type': 'ElementIdentifiers', 'object_id': '7adbeb89-45af-43e9-adc4-20ada773d151'}, 'data': <HDF5 dataset "id": shape (257,), type "<i4">}}, 'links': {}}, "Could not construct FrequencyBandsTable object due to: column must have the same number of rows as 'id'"))
2026-09-19T10:05:00Z INFO [245/500] 0770840c-aa43-4f96-b5fd-0315824f815e: valid; 8.6 s; peak memory 2337 MiB.
2026-09-19T10:05:06Z INFO [246/500] 0771a0ae-5d35-4e00-b1c4-1dcaa14d75fd: valid; 5.9 s; peak memory 2337 MiB.
2026-09-19T10:05:07Z INFO [247/500] 077201ea-1897-4885-a8ad-e233f8e5fed9: not valid; 1.1 s; peak memory 2337 MiB.
2026-09-19T10:05:08Z INFO [248/500] 07729c7a-0d6f-4eff-a354-a69e35b34f47: valid; 1.0 s; peak memory 2337 MiB.
2026-09-19T10:05:17Z INFO [249/500] 0772aa59-7a30-4a3f-b2e5-dab755d6b941: valid; 8.1 s; peak memory 2337 MiB.
2026-09-19T10:05:26Z INFO [250/500] 07731772-cc4a-4818-b04f-7d7091a47371: valid; 9.1 s; peak memory 2337 MiB.
2026-09-19T10:05:26Z INFO [250/500] 07731772-cc4a-4818-b04f-7d7091a47371: checkpointed 69760 records.
2026-09-19T10:05:28Z INFO [251/500] 07735320-e4d4-43a7-ad2f-7386de7169fb: valid; 1.3 s; peak memory 2337 MiB.
2026-09-19T10:05:29Z INFO [252/500] 0773df98-736e-4063-99f9-93a8b652c9c2: valid; 1.2 s; peak memory 2337 MiB.
2026-09-19T10:05:31Z INFO [253/500] 077419b1-d88c-4171-9a33-e9c446ac84ca: valid; 2.1 s; peak memory 2337 MiB.
2026-09-19T10:05:32Z INFO [254/500] 0774d0b7-da7a-4592-8a3f-a8dd1654c310: valid; 1.1 s; peak memory 2337 MiB.
2026-09-19T10:05:36Z INFO [255/500] 0774dbd3-fdc5-47d8-a5b8-340178198f6b: valid; 4.2 s; peak memory 2337 MiB.
2026-09-19T10:05:37Z INFO [256/500] 0774fd54-3dee-44e0-9245-e53eb1f92017: valid; 1.1 s; peak memory 2337 MiB.
2026-09-19T10:05:39Z INFO [257/500] 077531a4-7bf6-432b-882d-d35b939db6db: valid; 1.9 s; peak memory 2337 MiB.
2026-09-19T10:05:41Z INFO [258/500] 0775bc73-063b-480f-82cb-73012c79a7d4: valid; 1.6 s; peak memory 2337 MiB.
2026-09-19T10:05:43Z INFO [259/500] 07762522-311e-4213-a000-f4b31470c550: valid; 2.2 s; peak memory 2337 MiB.
2026-09-19T10:05:44Z INFO [260/500] 07762eb6-e357-4bd3-a565-67b81b6c85bc: valid; 0.9 s; peak memory 2337 MiB.
2026-09-19T10:05:45Z INFO [261/500] 07763bae-b9af-4bd6-a26a-14877bc9fd15: valid; 1.4 s; peak memory 2337 MiB.
2026-09-19T10:05:46Z INFO [262/500] 07764e81-6608-409d-b272-9ddfb6b71f96: not valid; 1.1 s; peak memory 2337 MiB.
2026-09-19T10:05:47Z INFO [263/500] 0776f1f5-15a1-4a95-be81-e7b81298f85a: valid; 1.1 s; peak memory 2337 MiB.
2026-09-19T10:05:49Z INFO [264/500] 0777838b-11f1-428f-a0f5-a1fb5288ce38: valid; 1.5 s; peak memory 2337 MiB.
2026-09-19T10:05:50Z INFO [265/500] 07785136-9fac-4bb9-b8be-04141263beb9: not valid; 1.2 s; peak memory 2337 MiB.
2026-09-19T10:05:52Z INFO [266/500] 07785ace-2021-4756-8ab2-f47bfbd35b63: not valid; 1.8 s; peak memory 2337 MiB.
2026-09-19T10:05:55Z INFO [267/500] 077875ae-1695-4357-bf4a-e14fd871348e: valid; 2.8 s; peak memory 2337 MiB.
2026-09-19T10:05:58Z INFO [268/500] 0778af22-48b0-499f-8b2a-97444ada595a: not valid; 3.3 s; peak memory 2337 MiB.
2026-09-19T10:05:59Z INFO [269/500] 0778be1f-b26a-4320-b701-106d44c31351: valid; 1.1 s; peak memory 2337 MiB.
2026-09-19T10:06:01Z INFO [270/500] 07792c3a-666d-43be-98b1-6718fa16b82d: valid; 1.9 s; peak memory 2337 MiB.
2026-09-19T10:06:02Z INFO [271/500] 07792fbe-66ee-43a2-96de-b27d0790e4f7: not valid; 1.2 s; peak memory 2337 MiB.
2026-09-19T10:06:28Z INFO [272/500] 07795b05-150e-426a-839b-9c4c41c00c9b: not valid; 25.2 s; peak memory 2337 MiB.
2026-09-19T10:06:29Z INFO [273/500] 07798d67-422b-442e-b0b0-29d8ccfcfadb: valid; 1.3 s; peak memory 2337 MiB.
2026-09-19T10:06:30Z INFO [274/500] 0779c792-23f9-4b33-abac-81b533dcf97d: valid; 1.3 s; peak memory 2337 MiB.
2026-09-19T10:06:32Z INFO [275/500] 077a4722-b95b-4324-b875-cc5fa8c5a1ff: valid; 1.5 s; peak memory 2337 MiB.
2026-09-19T10:06:38Z INFO [276/500] 077ac0ba-2bb5-42b8-b12f-7fe172d834bb: valid; 6.4 s; peak memory 2337 MiB.
2026-09-19T10:06:40Z INFO [277/500] 077b3356-94b3-49f4-87f0-b2d02b8ddbf1: valid; 1.9 s; peak memory 2337 MiB.
2026-09-19T10:06:41Z INFO [278/500] 077b62fd-5bec-4784-beca-5059d00b2126: not valid; 1.1 s; peak memory 2337 MiB.
2026-09-19T10:06:42Z INFO [279/500] 077c155c-ef3c-495f-848e-f2894a09432c: valid; 0.9 s; peak memory 2337 MiB.
2026-09-19T10:06:43Z INFO [280/500] 077c79ef-4d58-45fa-a4ae-5b3c5714703b: valid; 0.7 s; peak memory 2337 MiB.
2026-09-19T10:06:44Z INFO [281/500] 077d40e9-b4f2-41f0-8698-031017aaf069: not valid; 1.1 s; peak memory 2337 MiB.
2026-09-19T10:06:44Z INFO [282/500] 077d5813-ea0d-48ff-a5fc-f28c94951c8d: valid; 0.7 s; peak memory 2337 MiB.
2026-09-19T10:06:46Z INFO [283/500] 077d7dd7-b5c6-4cf4-836a-f8a4a919695e: not valid; 1.3 s; peak memory 2337 MiB.
2026-09-19T10:06:47Z INFO [284/500] 077db1f5-908e-44d4-a13c-18410ebdbd52: not valid; 1.1 s; peak memory 2337 MiB.
2026-09-19T10:06:48Z INFO [285/500] 077e9c93-990d-4e65-b44e-5fba5e260fb5: not valid; 1.0 s; peak memory 2337 MiB.
2026-09-19T10:06:50Z INFO [286/500] 077e9d94-b8fe-4e0e-b844-27b064979167: valid; 1.8 s; peak memory 2337 MiB.
2026-09-19T10:06:51Z INFO [287/500] 077ebac6-d065-4936-8205-4be6e534b4b9: valid; 1.4 s; peak memory 2337 MiB.
2026-09-19T10:06:53Z INFO [288/500] 077ecda9-6ab3-40ce-bdde-b49c5f2374c7: valid; 1.8 s; peak memory 2337 MiB.
2026-09-19T10:06:55Z INFO [289/500] 077f2bb7-919a-4d22-bff1-0ced73745fc4: valid; 2.2 s; peak memory 2337 MiB.
2026-09-19T10:06:57Z INFO [290/500] 077f63b5-58b8-4b7e-8904-989599a03744: valid; 1.5 s; peak memory 2337 MiB.
2026-09-19T10:06:59Z INFO [291/500] 077fd5c6-14f0-443d-89a2-c9ee72d59403: valid; 2.2 s; peak memory 2337 MiB.
2026-09-19T10:07:01Z INFO [292/500] 07802365-9e04-40bb-b0ed-9d7ed6d068d7: not valid; 2.0 s; peak memory 2337 MiB.
2026-09-19T10:07:02Z INFO [293/500] 07802c0b-343b-4fc4-b3b2-0eca07f65ded: valid; 1.0 s; peak memory 2337 MiB.
2026-09-19T10:07:07Z INFO [294/500] 07807746-de49-4f12-baae-e3d16dedda16: valid; 4.7 s; peak memory 2337 MiB.
2026-09-19T10:07:08Z INFO [295/500] 0780ab94-8664-49dc-90a0-67ad0107f689: valid; 1.6 s; peak memory 2337 MiB.
2026-09-19T10:07:10Z INFO [296/500] 07813cff-5ff7-4405-b9f0-d8c55dfa470e: not valid; 2.0 s; peak memory 2337 MiB.
2026-09-19T10:07:12Z INFO [297/500] 07824ad5-cd00-47be-bdd3-444a84a57fe8: valid; 1.8 s; peak memory 2337 MiB.
2026-09-19T10:07:24Z INFO [298/500] 0782b839-4485-486c-a27f-6f6d08af3cb4: valid; 11.8 s; peak memory 2337 MiB.
2026-09-19T10:07:52Z INFO [299/500] 07833880-c538-4546-8abb-60e36d57d161: valid; 28.3 s; peak memory 2353 MiB.
2026-09-19T10:07:59Z INFO [300/500] 0783681d-f5fe-4770-9efd-3c2e2f98f6cd: valid; 7.1 s; peak memory 2467 MiB.
2026-09-19T10:08:00Z INFO [300/500] 0783681d-f5fe-4770-9efd-3c2e2f98f6cd: checkpointed 69810 records.
2026-09-19T10:08:01Z INFO [301/500] 078387a4-bd5c-4cf6-b899-2aa092d4adb0: valid; 1.5 s; peak memory 2467 MiB.
2026-09-19T10:08:02Z INFO [302/500] 0783dd49-2d3b-4341-b816-f5c2f4a129d5: valid; 1.4 s; peak memory 2467 MiB.
2026-09-19T10:08:03Z INFO [303/500] 078427fc-4015-48aa-8cbb-3e14ffb214ff: not valid; 0.8 s; peak memory 2467 MiB.
2026-09-19T10:08:07Z INFO [304/500] 07843d27-e090-4a83-a716-cdc5a541c695: not valid; 3.3 s; peak memory 2467 MiB.
2026-09-19T10:08:08Z INFO [305/500] 07848c1c-0055-4a0e-a91c-560fbb3a67b0: not valid; 1.3 s; peak memory 2467 MiB.
2026-09-19T10:08:09Z INFO [306/500] 0784a6c7-1c3f-4c08-bb72-48e76df18c64: not valid; 1.1 s; peak memory 2467 MiB.
2026-09-19T10:08:11Z INFO [307/500] 07855470-88f5-4888-93f7-f57ef7e315f1: valid; 2.3 s; peak memory 2467 MiB.
2026-09-19T10:08:23Z INFO [308/500] 0785bb44-acfd-4693-9b5e-1e8b5657a658: valid; 11.3 s; peak memory 2499 MiB.
2026-09-19T10:08:24Z INFO [309/500] 0785c0b1-cab7-4efd-8892-8ef87f41a2af: valid; 1.5 s; peak memory 2499 MiB.
2026-09-19T10:09:02Z INFO [310/500] 07866686-a7eb-44dc-b692-8d1d1d72844e: valid; 37.7 s; peak memory 2697 MiB.
2026-09-19T10:09:03Z WARNING 0787129c-6b22-4bcd-af9d-1dee9739409b: failed while opening the NWB file (ConstructError: (root/acquisition/_iblmic_audioSpectrogram/bands GroupBuilder {'attributes': {'colnames': array(['freq'], dtype=object), 'description': 'spectogram frequencies', 'namespace': 'core', 'neurodata_type': 'FrequencyBandsTable', 'object_id': '5e1fac9b-3f8b-4994-bb3d-ad3fa494bf6d'}, 'groups': {}, 'datasets': {'freq': root/acquisition/_iblmic_audioSpectrogram/bands/freq DatasetBuilder {'attributes': {'description': 'frequency value', 'namespace': 'hdmf-common', 'neurodata_type': 'VectorData', 'object_id': '4831eb9e-e444-433a-9119-0a0e2c53f83e'}, 'data': <HDF5 dataset "freq": shape (257,), type "<f4">}, 'id': root/acquisition/_iblmic_audioSpectrogram/bands/id DatasetBuilder {'attributes': {'namespace': 'hdmf-common', 'neurodata_type': 'ElementIdentifiers', 'object_id': '8be22832-5983-4c35-96d9-cbf07aae0fe3'}, 'data': <HDF5 dataset "id": shape (257,), type "<i4">}}, 'links': {}}, "Could not construct FrequencyBandsTable object due to: column must have the same number of rows as 'id'"))
2026-09-19T10:09:05Z INFO [312/500] 078729ca-cc05-4090-8887-d8c4ec8413fc: valid; 1.5 s; peak memory 2697 MiB.
2026-09-19T10:09:06Z INFO [313/500] 07877587-9f3c-4b27-9721-1de69d560ace: valid; 1.7 s; peak memory 2697 MiB.
2026-09-19T10:09:08Z INFO [314/500] 07878b9d-d177-4611-a1dd-df1dc4ecf18d: valid; 1.3 s; peak memory 2697 MiB.
2026-09-19T10:09:09Z INFO [315/500] 078797e5-e7e0-40d8-a81c-cf0da4ab202b: valid; 0.9 s; peak memory 2697 MiB.
2026-09-19T10:09:10Z INFO [316/500] 0787c452-498f-49dc-a60c-00583aef9bbc: not valid; 1.0 s; peak memory 2697 MiB.
2026-09-19T10:09:12Z INFO [317/500] 07881ab4-3b82-4c9d-b271-c84eefb1925e: valid; 2.5 s; peak memory 2697 MiB.
2026-09-19T10:09:13Z INFO [318/500] 0788aa90-9234-4cb9-9fae-c28c28815e30: valid; 1.4 s; peak memory 2697 MiB.
2026-09-19T10:09:15Z INFO [319/500] 0788d537-060b-41fc-b33c-d38558bb02df: not valid; 1.4 s; peak memory 2697 MiB.
2026-09-19T10:09:16Z INFO [320/500] 07890cc0-b737-44fc-bfeb-49ff4d00f05d: valid; 1.0 s; peak memory 2697 MiB.
2026-09-19T10:09:49Z INFO [321/500] 07892863-72fd-45fc-9657-65d4e66a0257: valid; 33.5 s; peak memory 2840 MiB.
2026-09-19T10:09:51Z INFO [322/500] 07892a01-00cd-49e9-ade4-177403a9a7fd: valid; 1.3 s; peak memory 2840 MiB.
2026-09-19T10:10:03Z INFO [323/500] 07892c74-bb49-4723-96b5-3cb327cbb0d3: valid; 12.1 s; peak memory 2840 MiB.
2026-09-19T10:10:04Z INFO [324/500] 07896369-5928-48a0-b41c-eb2020037a78: valid; 1.4 s; peak memory 2840 MiB.
2026-09-19T10:10:05Z INFO [325/500] 0789a366-9400-44f7-a5da-0f104b593baa: valid; 0.7 s; peak memory 2840 MiB.
2026-09-19T10:10:07Z INFO [326/500] 078a88a8-0f3e-4fa3-9d11-4c0c18318d2e: valid; 2.3 s; peak memory 2850 MiB.
2026-09-19T10:10:08Z INFO [327/500] 078b349f-341f-463e-a1c3-c0e82d8d1eb1: valid; 1.2 s; peak memory 2856 MiB.
2026-09-19T10:10:10Z INFO [328/500] 078bd1e3-5015-4b20-a161-8fc9953b0635: valid; 1.9 s; peak memory 2860 MiB.
2026-09-19T10:10:11Z INFO [329/500] 078bd6a6-8291-4e08-ae5a-76e36cbb2581: valid; 0.9 s; peak memory 2860 MiB.
2026-09-19T10:10:12Z INFO [330/500] 078d2fc1-5daa-4002-9fc3-cd3101dd34df: valid; 1.0 s; peak memory 2860 MiB.
2026-09-19T10:10:14Z INFO [331/500] 078d6eff-f945-425f-a57f-302eff5ef2c2: not valid; 1.9 s; peak memory 2860 MiB.
2026-09-19T10:10:16Z INFO [332/500] 078d86c1-4396-415d-8bfe-4bc9d57abed8: not valid; 1.6 s; peak memory 2860 MiB.
2026-09-19T10:10:18Z INFO [333/500] 0790a228-5430-4622-961d-0baa57b7024b: not valid; 2.2 s; peak memory 2860 MiB.
2026-09-19T10:10:19Z INFO [334/500] 07913df6-8092-48c2-8b61-60ea99b5958c: valid; 0.8 s; peak memory 2860 MiB.
2026-09-19T10:10:20Z INFO [335/500] 07915f8e-5a32-4c18-bc12-1803bf79a9ed: valid; 1.0 s; peak memory 2860 MiB.
2026-09-19T10:10:21Z INFO [336/500] 0791e89c-0745-4dcd-b912-d8d1f168fdda: valid; 1.2 s; peak memory 2860 MiB.
2026-09-19T10:10:21Z WARNING 07942690-e404-434d-aba8-45a67666af93: failed while retrieving asset information from the DANDI API (NotFoundError: No such Dandiset: 001533)
2026-09-19T10:10:22Z INFO [338/500] 079427c8-752b-4625-b3d1-7a05fadd4df7: not valid; 1.3 s; peak memory 2860 MiB.
2026-09-19T10:10:23Z INFO [339/500] 0794a458-159e-421f-99c6-f265199b2d56: valid; 0.8 s; peak memory 2860 MiB.
2026-09-19T10:10:24Z INFO [340/500] 0794d86f-e224-4873-9494-a49122e3c192: not valid; 1.4 s; peak memory 2860 MiB.
2026-09-19T10:10:25Z INFO [341/500] 0794dfc9-873a-46e6-91dc-afb080ec5249: valid; 0.9 s; peak memory 2860 MiB.
2026-09-19T10:10:29Z INFO [342/500] 0794eaed-6aa5-4e5c-a106-992b24a8b9dc: valid; 3.6 s; peak memory 2860 MiB.
2026-09-19T10:10:30Z INFO [343/500] 079531cc-f247-4f26-be13-adae04eeaaea: valid; 1.5 s; peak memory 2860 MiB.
2026-09-19T10:10:31Z INFO [344/500] 0796307f-a9a7-46b4-b832-4b2c186c3763: not valid; 1.0 s; peak memory 2860 MiB.
2026-09-19T10:10:41Z INFO [345/500] 0796bc45-62e0-46e6-9d73-626ac80e5a55: valid; 9.6 s; peak memory 2875 MiB.
2026-09-19T10:10:43Z INFO [346/500] 0796cc5d-7788-433b-9009-a79b81eb2306: valid; 1.8 s; peak memory 2894 MiB.
2026-09-19T10:10:44Z INFO [347/500] 079700a4-45d5-4a14-af81-694ac7215dd4: valid; 0.8 s; peak memory 2894 MiB.
2026-09-19T10:10:48Z INFO [348/500] 07970bab-b0fe-4f37-bda1-0a8e7803552a: valid; 4.2 s; peak memory 2899 MiB.
2026-09-19T10:10:48Z WARNING 07971269-eae5-41eb-8747-00456f7663de: failed while retrieving asset information from the DANDI API (NotFoundError: No asset at path 'sub-healthy-simulated-lfp/sub-healthy-simulated-lfp_ses-2357_ecephys.nwb' in version 0.250327.2220. Verify the path is correct and the asset exists in this version. Use 'dandi ls' to list available assets.)
2026-09-19T10:10:50Z INFO [350/500] 07974c78-3d31-4572-9e27-d92e6946afde: valid; 2.3 s; peak memory 2904 MiB.
2026-09-19T10:10:51Z INFO [350/500] 07974c78-3d31-4572-9e27-d92e6946afde: checkpointed 69860 records.
2026-09-19T10:10:52Z INFO [351/500] 0797c453-48e9-489e-966d-7dcd63b23e52: not valid; 1.1 s; peak memory 2908 MiB.
2026-09-19T10:10:54Z INFO [352/500] 07985c72-2cb0-46cc-9d14-7cf39f213881: valid; 2.2 s; peak memory 2911 MiB.
2026-09-19T10:11:24Z WARNING 07987138-a52f-4997-9711-7bfacbfb5dec: failed while opening the NWB file (ValueError: Cannot resolve included group spec 'electrodes' with data_type_inc 'ElectrodesTable' because a group spec with the same name already exists with data_type_inc 'DynamicTable', and data type 'DynamicTable' is not a child type of data type 'ElectrodesTable'.)
2026-09-19T10:11:25Z INFO [354/500] 0798c57a-b1f1-4f9e-96b0-50d1c01e3831: valid; 1.0 s; peak memory 2960 MiB.
2026-09-19T10:11:26Z INFO [355/500] 0798c954-590d-4c60-8130-5d31a6690827: valid; 0.9 s; peak memory 2961 MiB.
2026-09-19T10:11:27Z INFO [356/500] 079903a9-4da6-4c54-b31b-859f1be2b4cc: valid; 1.0 s; peak memory 2962 MiB.
2026-09-19T10:11:29Z INFO [357/500] 079919be-08ad-46f5-bbc0-6ee91d8ae793: valid; 1.8 s; peak memory 2962 MiB.
2026-09-19T10:11:30Z INFO [358/500] 07991a58-7650-47a9-8e66-876124d5cf1e: valid; 1.5 s; peak memory 2965 MiB.
2026-09-19T10:11:32Z INFO [359/500] 079a1b7c-f9ae-4d10-9450-f1ff5c089856: valid; 2.1 s; peak memory 2965 MiB.
2026-09-19T10:11:45Z INFO [360/500] 079b2db7-f74d-469a-9727-00ca244e0f32: valid; 13.0 s; peak memory 2998 MiB.
2026-09-19T10:11:58Z INFO [361/500] 079b6781-516c-4014-927e-ce41acf94acd: valid; 12.3 s; peak memory 3014 MiB.
2026-09-19T10:11:59Z INFO [362/500] 079b8698-8ed3-4f47-9383-c168bd9729b9: valid; 1.7 s; peak memory 3014 MiB.
2026-09-19T10:12:05Z INFO [363/500] 079b9200-de4a-44e8-8d6e-d395e4990fd7: valid; 5.5 s; peak memory 3014 MiB.
2026-09-19T10:12:06Z INFO [364/500] 079c3fd2-ebaa-4145-936e-2fa67a8601d8: not valid; 1.3 s; peak memory 3014 MiB.
2026-09-19T10:12:09Z INFO [365/500] 079c586e-9658-40b3-b863-95fbd5439657: valid; 3.0 s; peak memory 3014 MiB.
2026-09-19T10:12:14Z INFO [366/500] 079c6245-91b2-45bd-9bea-11edcf39a13b: valid; 5.0 s; peak memory 3030 MiB.
2026-09-19T10:12:16Z INFO [367/500] 079caedb-0849-44c4-93c3-74c2c931c8b4: valid; 1.9 s; peak memory 3040 MiB.
2026-09-19T10:12:17Z INFO [368/500] 079d242a-4c27-4ba8-9788-99bae987223f: not valid; 1.0 s; peak memory 3044 MiB.
2026-09-19T10:13:36Z INFO [369/500] 079da1dd-23c2-4257-97ed-d1190315dd8a: not valid; 78.7 s; peak memory 3422 MiB.
2026-09-19T10:13:38Z INFO [370/500] 079e6188-5146-4312-91f4-6ef510137392: valid; 2.3 s; peak memory 3422 MiB.
2026-09-19T10:13:39Z INFO [371/500] 079e9dbb-9d41-47e9-a329-cf46fa662be6: valid; 1.0 s; peak memory 3422 MiB.
2026-09-19T10:13:40Z INFO [372/500] 079eb7d4-02db-47c1-a64d-abe10340641f: not valid; 1.2 s; peak memory 3422 MiB.
2026-09-19T10:13:41Z INFO [373/500] 07a18f03-cd69-4588-a405-b8693d5f5c01: valid; 1.0 s; peak memory 3422 MiB.
2026-09-19T10:13:42Z INFO [374/500] 07a1b019-3fb3-4af5-94b5-493756ee7440: valid; 1.0 s; peak memory 3422 MiB.
2026-09-19T10:13:48Z INFO [375/500] 07a1e496-22da-4030-8399-e0add02029cc: valid; 5.4 s; peak memory 3565 MiB.
2026-09-19T10:13:49Z INFO [376/500] 07a36dfa-40a7-44d6-ab15-0ebd488e837d: valid; 1.3 s; peak memory 3565 MiB.
2026-09-19T10:13:50Z INFO [377/500] 07a3b285-034f-4692-9e74-19c0075748af: valid; 0.8 s; peak memory 3565 MiB.
2026-09-19T10:13:51Z INFO [378/500] 07a3ee37-864a-4dd6-943d-81c5616dd34c: valid; 1.0 s; peak memory 3565 MiB.
2026-09-19T10:14:01Z INFO [379/500] 07a41cdf-4390-47ea-8f59-c11785c4a01a: valid; 9.9 s; peak memory 3744 MiB.
2026-09-19T10:14:02Z INFO [380/500] 07a45978-6095-4471-95b5-ab727242972f: valid; 1.1 s; peak memory 3744 MiB.
2026-09-19T10:14:04Z INFO [381/500] 07a46364-e315-4042-83c3-f1ffce44ba5e: valid; 2.1 s; peak memory 3744 MiB.
2026-09-19T10:14:06Z INFO [382/500] 07a4cbb6-decf-485c-a138-e5441a628c9b: not valid; 2.0 s; peak memory 3744 MiB.
2026-09-19T10:14:11Z INFO [383/500] 07a5135a-ac93-4b1c-823a-1a473a7915cf: valid; 5.6 s; peak memory 3744 MiB.
2026-09-19T10:14:12Z INFO [384/500] 07a53e40-d563-4c01-a196-631ec5dabd50: not valid; 1.0 s; peak memory 3744 MiB.
2026-09-19T10:14:14Z INFO [385/500] 07a54386-9813-4867-a2da-4f164a03c1cc: valid; 2.0 s; peak memory 3744 MiB.
2026-09-19T10:14:16Z INFO [386/500] 07a5ce55-7404-49d1-96fa-bdd9b541f2d9: valid; 1.5 s; peak memory 3744 MiB.
2026-09-19T10:14:17Z INFO [387/500] 07a5fbe8-108d-4c84-9e6b-6f7259247251: valid; 1.0 s; peak memory 3744 MiB.
2026-09-19T10:14:18Z INFO [388/500] 07a60604-bf3a-42ed-b52b-7c57fce8f75d: valid; 0.8 s; peak memory 3744 MiB.
2026-09-19T10:14:19Z INFO [389/500] 07a669ed-80c5-4ff3-a34c-f9d153e9a945: valid; 1.1 s; peak memory 3744 MiB.
2026-09-19T10:14:21Z INFO [390/500] 07a6997d-caa4-4fb9-9b0b-b4b0f65970a9: valid; 2.0 s; peak memory 3744 MiB.
2026-09-19T10:14:22Z INFO [391/500] 07a6f758-cca2-4b46-abff-8dabe1facaac: valid; 1.7 s; peak memory 3744 MiB.
2026-09-19T10:14:25Z INFO [392/500] 07a7860c-8c10-47fb-a9cb-951582cbb2f7: valid; 2.4 s; peak memory 3744 MiB.
2026-09-19T10:14:26Z INFO [393/500] 07a838a6-4f3d-4bf3-9dbf-8c44c3a56a0b: valid; 1.4 s; peak memory 3744 MiB.
2026-09-19T10:14:33Z INFO [394/500] 07a8901f-c9a5-40aa-a58b-aad42783ff8e: valid; 6.8 s; peak memory 3744 MiB.
2026-09-19T10:14:35Z WARNING 07a8a060-788d-47af-bfc9-34b0933d7696: failed while opening the NWB file (ConstructError: (root/acquisition/_iblmic_audioSpectrogram/bands GroupBuilder {'attributes': {'colnames': array(['freq'], dtype=object), 'description': 'spectogram frequencies', 'namespace': 'core', 'neurodata_type': 'FrequencyBandsTable', 'object_id': '76728403-2314-4785-b152-7db63a396b4a'}, 'groups': {}, 'datasets': {'freq': root/acquisition/_iblmic_audioSpectrogram/bands/freq DatasetBuilder {'attributes': {'description': 'frequency value', 'namespace': 'hdmf-common', 'neurodata_type': 'VectorData', 'object_id': '94929380-1ffd-4d7a-a9bd-f198c51fba03'}, 'data': <HDF5 dataset "freq": shape (257,), type "<f4">}, 'id': root/acquisition/_iblmic_audioSpectrogram/bands/id DatasetBuilder {'attributes': {'namespace': 'hdmf-common', 'neurodata_type': 'ElementIdentifiers', 'object_id': '960da59a-a025-4ff4-8e7c-06b963ec155d'}, 'data': <HDF5 dataset "id": shape (257,), type "<i4">}}, 'links': {}}, "Could not construct FrequencyBandsTable object due to: column must have the same number of rows as 'id'"))
2026-09-19T10:14:36Z INFO [396/500] 07a95f96-81fd-48a0-895d-e16a3555c699: not valid; 1.2 s; peak memory 3744 MiB.
2026-09-19T10:14:37Z INFO [397/500] 07a9cd5d-2507-4a13-a536-607a6724fda8: valid; 0.8 s; peak memory 3744 MiB.
2026-09-19T10:14:39Z INFO [398/500] 07aa3393-ed6a-445d-b200-a9d1c19afc86: valid; 2.4 s; peak memory 3744 MiB.
2026-09-19T10:14:40Z INFO [399/500] 07aa70f7-c891-4dcf-b21b-14e80058a776: valid; 1.5 s; peak memory 3744 MiB.
2026-09-19T10:14:41Z INFO [400/500] 07aa895e-9c04-49bb-b2ec-cc63172e16b2: valid; 0.8 s; peak memory 3744 MiB.
2026-09-19T10:14:42Z INFO [400/500] 07aa895e-9c04-49bb-b2ec-cc63172e16b2: checkpointed 69910 records.
2026-09-19T10:14:43Z INFO [401/500] 07ab2e06-12d6-46c8-bddd-27268f267f32: valid; 0.8 s; peak memory 3744 MiB.
2026-09-19T10:14:44Z INFO [402/500] 07ab600b-f729-47e7-beb5-ef12faa87856: valid; 1.7 s; peak memory 3744 MiB.
2026-09-19T10:14:46Z INFO [403/500] 07ab87a1-6a48-42a2-a834-cacdfd58524d: valid; 2.0 s; peak memory 3744 MiB.
2026-09-19T10:14:49Z INFO [404/500] 07abc20e-5bb6-4ac0-b0fe-744562e49b49: valid; 2.9 s; peak memory 3744 MiB.
2026-09-19T10:14:50Z INFO [405/500] 07abc754-c667-4443-959d-4817e8893d41: valid; 0.7 s; peak memory 3744 MiB.
2026-09-19T10:14:51Z WARNING 07ac8320-633e-41ec-93eb-0a6af53ea853: failed while opening the NWB file (ConstructError: (root/acquisition/_iblmic_audioSpectrogram/bands GroupBuilder {'attributes': {'colnames': array(['freq'], dtype=object), 'description': 'spectogram frequencies', 'namespace': 'core', 'neurodata_type': 'FrequencyBandsTable', 'object_id': '44527251-bb15-433a-8c38-7e5c9faccbcd'}, 'groups': {}, 'datasets': {'freq': root/acquisition/_iblmic_audioSpectrogram/bands/freq DatasetBuilder {'attributes': {'description': 'frequency value', 'namespace': 'hdmf-common', 'neurodata_type': 'VectorData', 'object_id': '9becb0b6-5efc-4891-b664-7eeea5ae5e31'}, 'data': <HDF5 dataset "freq": shape (257,), type "<f4">}, 'id': root/acquisition/_iblmic_audioSpectrogram/bands/id DatasetBuilder {'attributes': {'namespace': 'hdmf-common', 'neurodata_type': 'ElementIdentifiers', 'object_id': '88c7bc9a-c30b-4d9d-9a49-3457ddba1e30'}, 'data': <HDF5 dataset "id": shape (257,), type "<i4">}}, 'links': {}}, "Could not construct FrequencyBandsTable object due to: column must have the same number of rows as 'id'"))
2026-09-19T10:14:53Z INFO [407/500] 07ad5401-dc86-4a92-8b0b-f643536eec23: valid; 1.6 s; peak memory 3744 MiB.
2026-09-19T10:14:54Z INFO [408/500] 07ad9d4a-98a0-4a3c-9828-55d70fba18c5: valid; 1.4 s; peak memory 3744 MiB.
2026-09-19T10:14:56Z INFO [409/500] 07adc3e9-e881-41c0-9d9b-1e57b1cbb51d: valid; 1.6 s; peak memory 3744 MiB.
2026-09-19T10:15:00Z INFO [410/500] 07ae0f5a-e65a-4482-bb4f-925709a90f1d: not valid; 3.9 s; peak memory 3755 MiB.
2026-09-19T10:15:01Z INFO [411/500] 07aed3b7-ad3e-439d-b16e-8b7a1f6b8ae2: valid; 1.5 s; peak memory 3755 MiB.
2026-09-19T10:15:03Z INFO [412/500] 07af21f6-a080-4518-b0cd-73ff3014f4fd: valid; 2.0 s; peak memory 3755 MiB.
2026-09-19T10:15:04Z INFO [413/500] 07af5421-9536-456d-ac14-6b99967a2f58: valid; 0.8 s; peak memory 3755 MiB.
2026-09-19T10:15:05Z INFO [414/500] 07af85b8-a17d-4325-b812-4bdda0da251c: not valid; 1.1 s; peak memory 3755 MiB.
2026-09-19T10:15:07Z INFO [415/500] 07afa4b6-beca-43c1-9e6c-037828c02db4: valid; 2.0 s; peak memory 3755 MiB.
2026-09-19T10:15:09Z INFO [416/500] 07afda01-f792-4bf5-b4d3-50ebb2063e15: valid; 2.0 s; peak memory 3755 MiB.
2026-09-19T10:15:10Z INFO [417/500] 07aff2c2-50b9-4551-8810-1e6425b8a4b2: valid; 0.6 s; peak memory 3755 MiB.
2026-09-19T10:15:10Z WARNING 07b00c77-bed7-486f-8118-cfed632b4b8c: failed while retrieving asset information from the DANDI API (NotFoundError: No such Dandiset: 000948)
2026-09-19T10:15:22Z INFO [419/500] 07b02509-324a-4e47-8472-03d4990ae5ee: valid; 12.3 s; peak memory 3775 MiB.
2026-09-19T10:15:24Z INFO [420/500] 07b04f95-309c-40f0-9247-9cdf833c333b: valid; 1.6 s; peak memory 3777 MiB.
2026-09-19T10:15:24Z INFO [421/500] 07b1818c-b669-4567-ac06-03b89b40da9c: valid; 0.7 s; peak memory 3778 MiB.
2026-09-19T10:15:26Z INFO [422/500] 07b19760-855e-49af-9318-7b30dce1399d: valid; 1.9 s; peak memory 3779 MiB.
2026-09-19T10:15:28Z INFO [423/500] 07b22c9d-fd12-4838-bb54-dc80d3c528b5: valid; 2.0 s; peak memory 3783 MiB.
2026-09-19T10:15:30Z INFO [424/500] 07b34c8b-0aa2-49f5-bfc7-448b0d7660d3: not valid; 1.3 s; peak memory 3783 MiB.
2026-09-19T10:15:31Z INFO [425/500] 07b3b1f8-9da1-49bf-b8f6-0cbfd9d888c1: not valid; 1.7 s; peak memory 3784 MiB.
2026-09-19T10:15:33Z INFO [426/500] 07b439f1-b6ee-4a1b-b939-98f27c0367fe: valid; 1.8 s; peak memory 3785 MiB.
2026-09-19T10:15:35Z INFO [427/500] 07b486bf-680f-4900-bb80-72ad284e9a4b: valid; 2.3 s; peak memory 3788 MiB.
2026-09-19T10:15:36Z INFO [428/500] 07b4e7be-4a8c-4688-b352-df19be7c12a0: not valid; 1.1 s; peak memory 3790 MiB.
2026-09-19T10:15:38Z INFO [429/500] 07b51e6f-f301-4eca-8920-245f95f0441a: valid; 1.3 s; peak memory 3790 MiB.
2026-09-19T10:15:39Z INFO [430/500] 07b5579d-eb47-43e1-861c-e07f40023a76: valid; 1.3 s; peak memory 3793 MiB.
2026-09-19T10:15:40Z INFO [431/500] 07b59997-8007-43fe-917f-f1435e5240fd: valid; 1.3 s; peak memory 3793 MiB.
2026-09-19T10:15:42Z INFO [432/500] 07b6315e-f18d-4de1-bb78-f133886ab7c3: not valid; 1.2 s; peak memory 3794 MiB.
2026-09-19T10:16:23Z INFO [433/500] 07b6afec-d4d1-432b-885e-6cca948f7559: not valid; 41.6 s; peak memory 3916 MiB.
2026-09-19T10:16:26Z INFO [434/500] 07b7a37c-b9f7-4a59-81cb-eb1193f309c9: valid; 2.6 s; peak memory 3918 MiB.
2026-09-19T10:16:27Z INFO [435/500] 07b803a6-0e8e-4fab-9405-f4c1cb1af95b: not valid; 1.1 s; peak memory 3919 MiB.
2026-09-19T10:16:29Z INFO [436/500] 07b88c5e-e814-4726-9e31-e5d63e636f80: not valid; 2.2 s; peak memory 3923 MiB.
2026-09-19T10:16:30Z INFO [437/500] 07b95b1b-36b0-4251-ac55-8f8e11ea73da: valid; 0.9 s; peak memory 3924 MiB.
2026-09-19T10:16:31Z INFO [438/500] 07b96a2f-0e45-4e98-8d7e-0952cf8b571e: valid; 0.9 s; peak memory 3925 MiB.
2026-09-19T10:16:43Z INFO [439/500] 07b9bb76-67b7-4025-a2cc-9c76a6b51c58: valid; 12.2 s; peak memory 3950 MiB.
2026-09-19T10:16:46Z INFO [440/500] 07ba1bc9-42b8-43d8-92f8-a532dcadd851: valid; 2.9 s; peak memory 3956 MiB.
2026-09-19T10:16:51Z INFO [441/500] 07ba1fba-e7aa-488c-a24a-0804226f8307: valid; 4.7 s; peak memory 3983 MiB.
2026-09-19T10:16:52Z INFO [442/500] 07ba5034-ba1b-4f87-94d4-e2349674c9e7: valid; 1.9 s; peak memory 4007 MiB.
2026-09-19T10:16:54Z INFO [443/500] 07ba6ad1-8a6b-4761-bcae-0ccf3f0bfd7a: valid; 1.9 s; peak memory 4008 MiB.
2026-09-19T10:16:57Z INFO [444/500] 07ba9e57-6784-42b0-802f-65415b7b6d82: valid; 2.4 s; peak memory 4012 MiB.
2026-09-19T10:16:59Z INFO [445/500] 07bb52a8-06ad-4865-a8d8-4d61984ba9e0: valid; 2.2 s; peak memory 4012 MiB.
2026-09-19T10:17:00Z INFO [446/500] 07bb793c-618d-410f-8680-acdf1ccb1f6d: valid; 0.9 s; peak memory 4012 MiB.
2026-09-19T10:17:01Z INFO [447/500] 07bb7c7e-1125-4c64-ab10-cafb8838f1af: valid; 1.1 s; peak memory 4012 MiB.
2026-09-19T10:17:11Z INFO [448/500] 07bb8a60-72eb-4b69-b202-298e72896e89: valid; 9.7 s; peak memory 4013 MiB.
2026-09-19T10:17:12Z INFO [449/500] 07bbb388-c18c-4913-b86b-690f3e491230: valid; 0.9 s; peak memory 4013 MiB.
2026-09-19T10:17:13Z INFO [450/500] 07bc9fd8-a8c2-4974-b27a-cdffbf4ffd31: valid; 1.0 s; peak memory 4013 MiB.
2026-09-19T10:17:13Z INFO [450/500] 07bc9fd8-a8c2-4974-b27a-cdffbf4ffd31: checkpointed 69960 records.
2026-09-19T10:17:15Z INFO [451/500] 07bcd9fa-4715-40e2-8b4b-10681ae5e96f: valid; 1.8 s; peak memory 4023 MiB.
2026-09-19T10:18:08Z INFO [452/500] 07bd15a5-8176-4c51-9c02-8b467523fb03: valid; 52.8 s; peak memory 4218 MiB.
2026-09-19T10:18:09Z INFO [453/500] 07bd3bbc-2249-4a9c-bc8e-fe58d229b230: valid; 1.3 s; peak memory 4220 MiB.
2026-09-19T10:18:10Z INFO [454/500] 07bd3fb6-c732-49e5-a221-ce8092153e6e: valid; 0.9 s; peak memory 4222 MiB.
2026-09-19T10:18:11Z INFO [455/500] 07bd4f0f-2567-4010-9c5e-1ea319ade1d8: not valid; 0.9 s; peak memory 4224 MiB.
2026-09-19T10:18:12Z INFO [456/500] 07bd7f91-9639-4916-9250-14062e90ac3e: valid; 1.5 s; peak memory 4226 MiB.
2026-09-19T10:18:13Z INFO [457/500] 07bdb4c5-94f4-4e41-9019-a655165025fb: not valid; 1.1 s; peak memory 4228 MiB.
2026-09-19T10:18:14Z INFO [458/500] 07bdc62a-e16c-4745-aa92-208304e68a24: not valid; 0.7 s; peak memory 4230 MiB.
2026-09-19T10:18:16Z INFO [459/500] 07be3694-3e48-490e-bfe0-2831cc8a2187: valid; 2.3 s; peak memory 4234 MiB.
2026-09-19T10:18:21Z INFO [460/500] 07c015d5-c599-453f-a054-2b468a8a555f: not valid; 4.3 s; peak memory 4234 MiB.
2026-09-19T10:18:22Z INFO [461/500] 07c02721-8c97-4b0c-b56a-a58b06b08bc2: valid; 0.9 s; peak memory 4234 MiB.
2026-09-19T10:18:23Z INFO [462/500] 07c041a6-583c-4d7c-8905-c015b4359e59: valid; 1.3 s; peak memory 4234 MiB.
2026-09-19T10:18:24Z INFO [463/500] 07c0e45f-fa9a-4f00-afec-92f70211f312: valid; 1.4 s; peak memory 4234 MiB.
2026-09-19T10:18:30Z INFO [464/500] 07c0f911-5568-4996-a841-00cdfc962ad4: valid; 5.2 s; peak memory 4234 MiB.
2026-09-19T10:18:34Z INFO [465/500] 07c122ff-5787-4065-8107-90f4791fc624: valid; 3.9 s; peak memory 4234 MiB.
2026-09-19T10:18:35Z INFO [466/500] 07c14be5-de30-438f-a04e-6917ee8209c7: valid; 1.4 s; peak memory 4234 MiB.
2026-09-19T10:18:36Z INFO [467/500] 07c227f9-69f0-47e7-81da-5b54a2d7dbd1: valid; 1.0 s; peak memory 4234 MiB.
2026-09-19T10:18:37Z INFO [468/500] 07c25080-652b-445a-a053-a5bdf22202ef: valid; 0.8 s; peak memory 4234 MiB.
2026-09-19T10:18:38Z INFO [469/500] 07c261f3-31bb-4484-b3f8-c42a7db83807: valid; 1.3 s; peak memory 4234 MiB.
2026-09-19T10:18:40Z INFO [470/500] 07c26ed9-7a40-4a45-ab67-bb28e80d6d2f: not valid; 1.6 s; peak memory 4234 MiB.
2026-09-19T10:18:41Z INFO [471/500] 07c28dbf-a494-4b7b-bf30-fe4ef3200d53: not valid; 1.3 s; peak memory 4234 MiB.
2026-09-19T10:18:46Z INFO [472/500] 07c2f9cc-0d00-420f-ae77-5fec9a6c9723: valid; 4.8 s; peak memory 4234 MiB.
2026-09-19T10:18:48Z INFO [473/500] 07c31a20-5e47-460a-b451-37f6d89a946f: valid; 2.5 s; peak memory 4234 MiB.
2026-09-19T10:18:49Z INFO [474/500] 07c3bd7a-2e93-4069-abaf-ea9c2a20ea00: valid; 0.7 s; peak memory 4234 MiB.
2026-09-19T10:18:51Z INFO [475/500] 07c43300-f9db-4a61-9567-026702712f5f: not valid; 1.8 s; peak memory 4234 MiB.
2026-09-19T10:18:53Z INFO [476/500] 07c46038-244e-43b7-a78e-e23a6cd1239f: valid; 2.0 s; peak memory 4234 MiB.
2026-09-19T10:18:54Z INFO [477/500] 07c47b9c-73b8-4944-a1e5-da65c8e16f00: not valid; 1.2 s; peak memory 4234 MiB.
2026-09-19T10:19:04Z INFO [478/500] 07c487eb-b259-4943-9a79-0d49b26059bf: valid; 9.9 s; peak memory 4234 MiB.
2026-09-19T10:19:07Z INFO [479/500] 07c532d8-4be7-4d1c-a01b-0de0cb8b2d70: valid; 3.2 s; peak memory 4234 MiB.
2026-09-19T10:19:10Z INFO [480/500] 07c57c4f-0757-4470-8127-aa09d0f13dc1: valid; 3.1 s; peak memory 4234 MiB.
2026-09-19T10:19:12Z INFO [481/500] 07c649ab-42d6-48eb-9f71-6ef2ae04c345: not valid; 1.6 s; peak memory 4234 MiB.
2026-09-19T10:19:13Z INFO [482/500] 07c66de8-7b75-49a5-93fc-7e07b84bce79: valid; 1.2 s; peak memory 4234 MiB.
2026-09-19T10:19:13Z WARNING 07c73c38-9007-4d55-bc2b-78492779109a: failed while retrieving asset information from the DANDI API (NotFoundError: No asset at path 'sub-parkinson-simulated-lfp/sub-parkinson-simulated-lfp_ses-3417_ecephys.nwb' in version 0.250327.2220. Verify the path is correct and the asset exists in this version. Use 'dandi ls' to list available assets.)
2026-09-19T10:19:14Z INFO [484/500] 07c86850-aca2-4d27-ab4f-69558af2e963: not valid; 1.4 s; peak memory 4234 MiB.
2026-09-19T10:19:18Z INFO [485/500] 07c8742e-12b4-486b-9d41-327190557df4: not valid; 3.3 s; peak memory 4234 MiB.
2026-09-19T10:19:19Z INFO [486/500] 07c8c55b-e7fb-4a1c-913b-caf00e2f77cf: not valid; 1.0 s; peak memory 4234 MiB.
2026-09-19T10:19:21Z INFO [487/500] 07ca34d0-126d-474f-a37f-94836d9f89d6: valid; 2.0 s; peak memory 4234 MiB.
2026-09-19T10:19:23Z INFO [488/500] 07cbdd59-9987-4237-8bb0-0c2d5817b91b: valid; 2.1 s; peak memory 4234 MiB.
2026-09-19T10:19:24Z INFO [489/500] 07cc04d2-4ef2-4795-a257-7fd4e13b0a8f: valid; 1.4 s; peak memory 4234 MiB.
2026-09-19T10:19:25Z INFO [490/500] 07cc57e6-cb92-417a-8773-84dbaa517432: valid; 1.3 s; peak memory 4234 MiB.
2026-09-19T10:19:27Z INFO [491/500] 07cca9cc-ed50-4300-880b-e19991e43b2d: valid; 1.3 s; peak memory 4234 MiB.
2026-09-19T10:19:29Z INFO [492/500] 07cd3e7f-a292-405c-9767-4927c1b15bfc: not valid; 2.6 s; peak memory 4234 MiB.
2026-09-19T10:19:30Z INFO [493/500] 07cd822f-5429-4b36-bac0-418b26d13eb7: valid; 1.1 s; peak memory 4234 MiB.
2026-09-19T10:19:32Z INFO [494/500] 07cd91df-9a75-414d-8efd-d260ad510683: valid; 1.5 s; peak memory 4234 MiB.
2026-09-19T10:19:33Z INFO [495/500] 07cda2c0-591f-46de-9e6c-6f685e4eaa29: valid; 0.8 s; peak memory 4234 MiB.
2026-09-19T10:19:34Z INFO [496/500] 07cddb08-a918-463f-8af0-03df53bcad5a: valid; 1.0 s; peak memory 4234 MiB.
2026-09-19T10:19:35Z INFO [497/500] 07cec34a-c230-4865-bca9-52a6908904cd: valid; 1.3 s; peak memory 4234 MiB.
2026-09-19T10:19:37Z INFO [498/500] 07ced732-04fe-49a8-91cc-56209e61978d: valid; 1.5 s; peak memory 4234 MiB.
2026-09-19T10:19:38Z INFO [499/500] 07cedb8d-4756-45c2-8236-4e271de13803: valid; 1.3 s; peak memory 4234 MiB.
2026-09-19T10:19:39Z INFO [500/500] 07cf66a6-380e-40c5-80c7-1fb8dd0fa09d: valid; 1.4 s; peak memory 4234 MiB.
2026-09-19T10:19:40Z INFO [500/500] 07cf66a6-380e-40c5-80c7-1fb8dd0fa09d: checkpointed 70010 records.
2026-09-19T10:19:40Z INFO Wrote 70010 records to /tmp/derivatives/content_id_to_valid_nwb_file.jsonl (479 new, 21 failed) in 28.8 min (peak memory 4234 MiB).
