2026-09-28T12:10:46Z INFO Logging to /tmp/logs/update_2026-09-28T12-10-46Z.log.
2026-09-28T12:10:46Z INFO Update content-id-to-valid-nwb-file (base directory /tmp).
2026-09-28T12:10:48Z INFO Processing 500 items (83010 already recorded).
2026-09-28T12:11:42Z INFO [1/500] 054bc9d6-9835-43c2-91a0-c060a9605ee6: valid; 53.6 s; peak memory 1464 MiB.
2026-09-28T12:13:17Z INFO [2/500] 071d5795-5830-4d4e-a0b4-b6a26756d30f: valid; 94.4 s; peak memory 2170 MiB.
2026-09-28T12:14:47Z INFO [3/500] 07b5e410-2894-4ac0-9b49-dc9b83aca4b5: valid; 90.8 s; peak memory 2522 MiB.
2026-09-28T12:14:56Z INFO [4/500] 1bbcf749-897c-4a6a-94e2-2118e26909eb: valid; 8.1 s; peak memory 2522 MiB.
2026-09-28T12:14:56Z INFO [5/500] 1bbebdfb-e41d-4e73-b907-4eedf2f78557: valid; 0.9 s; peak memory 2522 MiB.
2026-09-28T12:14:58Z WARNING 1bbedfdd-7e78-4262-bd39-e536dce55995: failed while opening the NWB file (ConstructError: (root/acquisition/_iblmic_audioSpectrogram/bands GroupBuilder {'attributes': {'colnames': array(['freq'], dtype=object), 'description': 'spectogram frequencies', 'namespace': 'core', 'neurodata_type': 'FrequencyBandsTable', 'object_id': '4f1f6a4a-63c4-463a-b237-4f546cac42dc'}, 'groups': {}, 'datasets': {'freq': root/acquisition/_iblmic_audioSpectrogram/bands/freq DatasetBuilder {'attributes': {'description': 'frequency value', 'namespace': 'hdmf-common', 'neurodata_type': 'VectorData', 'object_id': 'b6e53c30-5bcd-4be5-870a-5a0c48766808'}, 'data': <HDF5 dataset "freq": shape (257,), type "<f4">}, 'id': root/acquisition/_iblmic_audioSpectrogram/bands/id DatasetBuilder {'attributes': {'namespace': 'hdmf-common', 'neurodata_type': 'ElementIdentifiers', 'object_id': '13993755-7c32-49e5-b1ae-a57a9ad2e749'}, 'data': <HDF5 dataset "id": shape (257,), type "<i4">}}, 'links': {}}, "Could not construct FrequencyBandsTable object due to: column must have the same number of rows as 'id'"))
2026-09-28T12:15:01Z INFO [7/500] 1bbee2f8-1279-46d3-9e0c-2a23d3640dc2: not valid; 3.0 s; peak memory 2522 MiB.
2026-09-28T12:15:01Z WARNING 1bbf1c39-1cf2-4bad-acab-17c300ea8260: failed while retrieving asset information from the DANDI API (NotFoundError: No such Dandiset: 000561)
2026-09-28T12:15:04Z INFO [9/500] 1bbf66cf-7300-4456-80a6-b0afdbf93293: valid; 2.7 s; peak memory 2522 MiB.
2026-09-28T12:15:05Z WARNING 1bbf920c-e931-4962-8335-df3a3d7b0113: failed while opening the NWB file (ConstructError: (root/acquisition/event_code_meanings GroupBuilder {'attributes': {'colnames': array(['value', 'meaning'], dtype=object), 'description': 'Mapping integer event codes to event labels', 'namespace': 'ndx-events', 'neurodata_type': 'MeaningsTable', 'object_id': '422b00b3-50cd-44d8-893f-5672225d00f2'}, 'groups': {}, 'datasets': {'id': root/acquisition/event_code_meanings/id DatasetBuilder {'attributes': {'namespace': 'hdmf-common', 'neurodata_type': 'ElementIdentifiers', 'object_id': '510ef277-121d-4c56-91a1-bd40a1663771'}, 'data': <HDF5 dataset "id": shape (26,), type "<i8">}, 'meaning': root/acquisition/event_code_meanings/meaning DatasetBuilder {'attributes': {'description': 'The meaning of the value in the parent CategoricalVectorData object.', 'namespace': 'hdmf-experimental', 'neurodata_type': 'VectorData', 'object_id': '2b6eeed4-aa3f-41f5-b992-0b67b7e4e017'}, 'data': <StrDataset for HDF5 dataset "meaning": shape (26,), type "|O">}, 'value': root/acquisition/event_code_meanings/value DatasetBuilder {'attributes': {'description': 'The value of the parent CategoricalVectorData object.', 'namespace': 'hdmf-experimental', 'neurodata_type': 'VectorData', 'object_id': '9e2f7cf8-e1d2-4652-a181-cdafaf67309c'}, 'data': <HDF5 dataset "value": shape (26,), type "<i8">}}, 'links': {}}, "Could not construct MeaningsTable object due to: MeaningsTable.__init__: missing argument 'target'"))
2026-09-28T12:15:08Z INFO [11/500] 1bbfd89e-2452-4f6e-ad95-a08cef68d447: valid; 2.5 s; peak memory 2522 MiB.
2026-09-28T12:15:09Z INFO [12/500] 1bc08577-5479-4023-b7b0-504e64937943: not valid; 1.7 s; peak memory 2522 MiB.
2026-09-28T12:15:11Z INFO [13/500] 1bc13df1-b844-4779-88b5-aaf3ca67123e: not valid; 1.3 s; peak memory 2522 MiB.
2026-09-28T12:15:36Z INFO [14/500] 1bc1b1ac-f4db-4141-961f-332f081589f5: valid; 25.8 s; peak memory 2522 MiB.
2026-09-28T12:15:37Z INFO [15/500] 1bc1b9c5-d653-43e0-b96c-ba4dba09e6e9: valid; 0.8 s; peak memory 2522 MiB.
2026-09-28T12:16:41Z INFO [16/500] 1bc2c516-c0c1-44d1-9a8d-7ecf005fa76e: valid; 63.9 s; peak memory 2560 MiB.
2026-09-28T12:16:44Z INFO [17/500] 1bc3a505-5802-4b99-b92a-c3749d663cf0: valid; 2.6 s; peak memory 2571 MiB.
2026-09-28T12:16:45Z INFO [18/500] 1bc3d8c7-c33d-47f1-953e-0bb43adc45a1: valid; 0.9 s; peak memory 2571 MiB.
2026-09-28T12:16:46Z INFO [19/500] 1bc3ee46-1a42-416d-90ea-5e99f3f93505: valid; 1.5 s; peak memory 2571 MiB.
2026-09-28T12:16:55Z INFO [20/500] 1bc427f5-ae7b-4fe2-80db-4c9b530db768: valid; 9.1 s; peak memory 2571 MiB.
2026-09-28T12:16:57Z INFO [21/500] 1bc44666-5be1-420c-a804-20c3b751fa13: not valid; 1.5 s; peak memory 2571 MiB.
2026-09-28T12:16:58Z INFO [22/500] 1bc4c40d-3f54-4d45-9577-6cc59f4872a0: valid; 1.8 s; peak memory 2571 MiB.
2026-09-28T12:17:00Z INFO [23/500] 1bc52b51-59ee-4a56-b01d-b3f23c964af9: valid; 1.4 s; peak memory 2571 MiB.
2026-09-28T12:17:03Z INFO [24/500] 1bc63f26-8ef3-40da-ac76-a260e15ccdf4: not valid; 3.0 s; peak memory 2571 MiB.
2026-09-28T12:17:04Z INFO [25/500] 1bc66aba-b052-4dc0-b0d7-208eb09ad39e: valid; 1.2 s; peak memory 2571 MiB.
2026-09-28T12:17:05Z INFO [26/500] 1bc68069-5011-48b3-8b71-1b361bfd25ec: not valid; 1.3 s; peak memory 2571 MiB.
2026-09-28T12:17:08Z INFO [27/500] 1bc69b06-03cc-436e-965d-cc61f26e6edc: valid; 2.2 s; peak memory 2577 MiB.
2026-09-28T12:17:12Z INFO [28/500] 1bc74792-aa62-442b-bc16-2b4b34210fad: valid; 4.7 s; peak memory 2577 MiB.
2026-09-28T12:17:21Z INFO [29/500] 1bc7694a-7273-4e54-b2a5-c153471e1818: valid; 9.2 s; peak memory 2577 MiB.
2026-09-28T12:17:23Z INFO [30/500] 1bc76bba-a11d-408f-bc12-fa9452407852: valid; 1.9 s; peak memory 2577 MiB.
2026-09-28T12:17:25Z INFO [31/500] 1bc80044-f753-4687-8118-460e5b7ce81f: valid; 1.8 s; peak memory 2577 MiB.
2026-09-28T12:17:27Z INFO [32/500] 1bc8277b-2d7f-46a0-8296-e494337af2a8: valid; 2.2 s; peak memory 2577 MiB.
2026-09-28T12:17:27Z WARNING 1bc8a1d5-c0cb-4243-bf93-a6711e418049: failed while retrieving asset information from the DANDI API (NotFoundError: No asset at path 'sub-A3705/sub-A3705_behavior+ecephys.nwb' in version 0.260512.1701. Verify the path is correct and the asset exists in this version. Use 'dandi ls' to list available assets.)
2026-09-28T12:17:28Z INFO [34/500] 1bc8ea6a-b9d0-4660-a2e6-bf140c8823aa: valid; 0.8 s; peak memory 2577 MiB.
2026-09-28T12:17:29Z INFO [35/500] 1bc94853-9e48-4bab-afb0-5064d23d61ea: not valid; 0.9 s; peak memory 2577 MiB.
2026-09-28T12:17:30Z INFO [36/500] 1bc94f1e-9420-4620-9e4c-8a11f12d86ac: valid; 0.7 s; peak memory 2577 MiB.
2026-09-28T12:17:31Z INFO [37/500] 1bc9a8c1-1fe5-4bc9-837b-9743b1216074: not valid; 1.1 s; peak memory 2577 MiB.
2026-09-28T12:17:36Z INFO [38/500] 1bc9d481-697e-4889-b3f1-87002fa6a76e: valid; 5.1 s; peak memory 2581 MiB.
2026-09-28T12:17:37Z INFO [39/500] 1bca0246-a688-436f-809e-9c079698c3a7: valid; 0.9 s; peak memory 2581 MiB.
2026-09-28T12:17:40Z INFO [40/500] 1bca7a69-8267-41af-8f10-7e0e2cc75959: valid; 3.1 s; peak memory 2614 MiB.
2026-09-28T12:19:10Z INFO [41/500] 1bca8a3d-3489-45b7-8570-0970de6092bf: valid; 89.7 s; peak memory 2918 MiB.
2026-09-28T12:19:16Z INFO [42/500] 1bcad460-6653-4ada-a79f-da3d80887ceb: valid; 5.8 s; peak memory 2918 MiB.
2026-09-28T12:19:17Z INFO [43/500] 1bcb8372-bc05-4cb0-88b6-62f6bfcca725: not valid; 1.5 s; peak memory 2918 MiB.
2026-09-28T12:19:19Z INFO [44/500] 1bcc181c-e539-4b81-9dd1-a885af6cff65: not valid; 2.0 s; peak memory 2918 MiB.
2026-09-28T12:19:26Z INFO [45/500] 1bcc4dfd-34f5-4e1e-b5a0-591494782ddc: valid; 6.5 s; peak memory 2934 MiB.
2026-09-28T12:19:26Z INFO [46/500] 1bcdc288-8e58-4f65-ba2a-4f44ba48eb76: valid; 0.9 s; peak memory 2936 MiB.
2026-09-28T12:19:36Z INFO [47/500] 1bcdd97f-b4f4-4815-b4ef-8fb3e3f673c0: valid; 9.2 s; peak memory 2954 MiB.
2026-09-28T12:19:37Z INFO [48/500] 1bce13a4-dec1-44cb-bad5-ab7eb40c7d3b: valid; 1.4 s; peak memory 2959 MiB.
2026-09-28T12:19:38Z INFO [49/500] 1bce4231-6c5d-4027-bc95-caae1948cddf: not valid; 1.3 s; peak memory 2961 MiB.
2026-09-28T12:19:47Z INFO [50/500] 1bce71c6-78e6-474a-83f7-1f668c5d8c28: valid; 8.9 s; peak memory 3028 MiB.
2026-09-28T12:19:48Z INFO [50/500] 1bce71c6-78e6-474a-83f7-1f668c5d8c28: checkpointed 83060 records.
2026-09-28T12:19:49Z WARNING 1bce9f2e-a286-4450-b8d3-cddf23798ac6: failed while opening the NWB file (ConstructError: (root/acquisition/_iblmic_audioSpectrogram/bands GroupBuilder {'attributes': {'colnames': array(['freq'], dtype=object), 'description': 'spectogram frequencies', 'namespace': 'core', 'neurodata_type': 'FrequencyBandsTable', 'object_id': '6a2c3921-0fa6-4574-a2da-f081b950afd3'}, 'groups': {}, 'datasets': {'freq': root/acquisition/_iblmic_audioSpectrogram/bands/freq DatasetBuilder {'attributes': {'description': 'frequency value', 'namespace': 'hdmf-common', 'neurodata_type': 'VectorData', 'object_id': '04f7466a-8615-43b3-91b3-fc1583898244'}, 'data': <HDF5 dataset "freq": shape (257,), type "<f4">}, 'id': root/acquisition/_iblmic_audioSpectrogram/bands/id DatasetBuilder {'attributes': {'namespace': 'hdmf-common', 'neurodata_type': 'ElementIdentifiers', 'object_id': 'b38ef0c0-9aab-41e6-91d2-cb853d8a775c'}, 'data': <HDF5 dataset "id": shape (257,), type "<i4">}}, 'links': {}}, "Could not construct FrequencyBandsTable object due to: column must have the same number of rows as 'id'"))
2026-09-28T12:19:51Z INFO [52/500] 1bcf2b7a-94b5-41f2-833b-a65a71484a13: valid; 1.9 s; peak memory 3032 MiB.
2026-09-28T12:20:07Z INFO [53/500] 1bcf5f93-e4cf-4127-87c4-91fa3600d951: valid; 16.0 s; peak memory 3131 MiB.
2026-09-28T12:20:19Z INFO [54/500] 1bcfb926-6d0d-45b7-9612-463f735a433f: valid; 11.5 s; peak memory 3339 MiB.
2026-09-28T12:20:19Z INFO [55/500] 1bd03718-ef33-4cda-a0c9-86049710ea69: valid; 0.8 s; peak memory 3339 MiB.
2026-09-28T12:20:21Z INFO [56/500] 1bd0403f-00f1-435b-b58f-9b9dae1400ad: valid; 1.4 s; peak memory 3339 MiB.
2026-09-28T12:20:22Z INFO [57/500] 1bd083e3-6dfb-4d64-927a-eca2d1db6f47: valid; 0.9 s; peak memory 3339 MiB.
2026-09-28T12:20:23Z INFO [58/500] 1bd08d25-2f70-48e2-84d1-de68a625824c: valid; 0.7 s; peak memory 3339 MiB.
2026-09-28T12:20:25Z INFO [59/500] 1bd13e7f-dbfd-4832-9e33-db6ceb6cea7a: valid; 2.1 s; peak memory 3339 MiB.
2026-09-28T12:20:27Z INFO [60/500] 1bd17a22-33d8-4199-a895-bbbfc421aedb: not valid; 2.6 s; peak memory 3339 MiB.
2026-09-28T12:20:29Z INFO [61/500] 1bd1a139-ab45-403a-af4a-252dc505d3fa: valid; 1.4 s; peak memory 3339 MiB.
2026-09-28T12:20:30Z INFO [62/500] 1bd1a4cd-56ee-40dc-a594-3b769beaf415: valid; 1.5 s; peak memory 3339 MiB.
2026-09-28T12:20:31Z INFO [63/500] 1bd1c4b3-0dd7-44e3-8d8a-18502991ffe0: valid; 0.8 s; peak memory 3339 MiB.
2026-09-28T12:20:32Z INFO [64/500] 1bd23083-84cf-4505-b108-975854d6301e: valid; 0.9 s; peak memory 3339 MiB.
2026-09-28T12:20:32Z WARNING 1bd23b69-aff0-46e7-9bcd-b29a7a24bfdd: failed while retrieving asset information from the DANDI API (NotFoundError: No such Dandiset: 000948)
2026-09-28T12:20:34Z INFO [66/500] 1bd25a4f-3822-49c0-a1a6-31a5be33a557: valid; 2.0 s; peak memory 3339 MiB.
2026-09-28T12:20:35Z INFO [67/500] 1bd26f95-4513-4cd7-8eb3-6acccb0133fd: valid; 0.7 s; peak memory 3339 MiB.
2026-09-28T12:20:36Z INFO [68/500] 1bd2a520-bfb6-432d-b054-8620eebb7eb1: valid; 1.1 s; peak memory 3339 MiB.
2026-09-28T12:20:38Z INFO [69/500] 1bd32a51-6830-4d12-8f19-35d8b764d666: valid; 1.9 s; peak memory 3339 MiB.
2026-09-28T12:20:39Z INFO [70/500] 1bd3b8d1-b325-4105-8c45-a023d8cc9d46: not valid; 1.3 s; peak memory 3339 MiB.
2026-09-28T12:20:40Z INFO [71/500] 1bd47cf1-317e-4c0a-a893-52c489b38bcb: valid; 0.9 s; peak memory 3339 MiB.
2026-09-28T12:20:41Z INFO [72/500] 1bd48ebf-b68b-459b-8589-9c8502c1f25d: not valid; 0.9 s; peak memory 3339 MiB.
2026-09-28T12:20:43Z INFO [73/500] 1bd48f54-5cc4-4731-b05f-5c165b5f0d39: valid; 2.0 s; peak memory 3339 MiB.
2026-09-28T12:20:48Z INFO [74/500] 1bd4974e-66e9-4977-98f4-4e1837b29041: valid; 5.0 s; peak memory 3339 MiB.
2026-09-28T12:20:49Z INFO [75/500] 1bd4be48-e54e-440a-8b3f-b6aa4726b192: not valid; 1.2 s; peak memory 3339 MiB.
2026-09-28T12:20:50Z INFO [76/500] 1bd4d25e-540a-482a-a8e5-e4791094df1d: not valid; 1.2 s; peak memory 3339 MiB.
2026-09-28T12:20:52Z INFO [77/500] 1bd4f42c-42a5-4978-a0b9-a60670cfd794: valid; 2.2 s; peak memory 3339 MiB.
2026-09-28T12:20:53Z INFO [78/500] 1bd51f15-a173-43f8-8c77-0459ba66f5ab: valid; 0.9 s; peak memory 3339 MiB.
2026-09-28T12:20:55Z INFO [79/500] 1bd537f2-f979-4825-ac17-0824489fa4ca: valid; 1.3 s; peak memory 3339 MiB.
2026-09-28T12:20:56Z INFO [80/500] 1bd5a9db-da59-4274-aac2-fb876394f6ff: not valid; 1.5 s; peak memory 3339 MiB.
2026-09-28T12:20:57Z INFO [81/500] 1bd5fbc0-7265-44a0-9739-cfa3c81ad66f: valid; 1.4 s; peak memory 3339 MiB.
2026-09-28T12:21:03Z INFO [82/500] 1bd640be-0c2a-47c5-84ab-6df3d69e9012: valid; 5.1 s; peak memory 3339 MiB.
2026-09-28T12:21:05Z INFO [83/500] 1bd67373-e621-4fa1-9c19-c965c2db79a5: valid; 2.1 s; peak memory 3339 MiB.
2026-09-28T12:21:06Z INFO [84/500] 1bd68a98-ab96-4c5b-a444-d6893507080a: not valid; 1.0 s; peak memory 3339 MiB.
2026-09-28T12:21:07Z INFO [85/500] 1bd6addd-a512-4fdb-badd-bb96f60880cd: valid; 0.9 s; peak memory 3339 MiB.
2026-09-28T12:21:07Z INFO [86/500] 1bd700c7-73c7-4646-95fc-30e67519c5f4: valid; 0.9 s; peak memory 3339 MiB.
2026-09-28T12:21:08Z INFO [87/500] 1bd72716-0fd5-4a87-b49a-9d32c4bd31a6: not valid; 1.0 s; peak memory 3339 MiB.
2026-09-28T12:21:09Z INFO [88/500] 1bd824f8-88d1-4b66-94b3-88b40ddebbd3: not valid; 0.9 s; peak memory 3339 MiB.
2026-09-28T12:21:10Z INFO [89/500] 1bd93e6b-a1b2-4323-a4ed-7136e4341578: valid; 0.8 s; peak memory 3339 MiB.
2026-09-28T12:21:11Z INFO [90/500] 1bda1058-91c0-4900-9080-fc449ee27cf5: valid; 1.0 s; peak memory 3339 MiB.
2026-09-28T12:21:12Z INFO [91/500] 1bda3fcc-5e08-48fd-b9ff-90dd83af0031: not valid; 1.0 s; peak memory 3339 MiB.
2026-09-28T12:21:20Z INFO [92/500] 1bdb68be-4774-419b-98f8-f7571eab3ae6: valid; 7.5 s; peak memory 3339 MiB.
2026-09-28T12:21:21Z INFO [93/500] 1bdb7ab9-87fe-4559-94b2-4a1100bd8deb: valid; 1.4 s; peak memory 3339 MiB.
2026-09-28T12:21:23Z INFO [94/500] 1bdc1626-6dc9-4ba2-87ae-fb44a94d174e: valid; 1.6 s; peak memory 3339 MiB.
2026-09-28T12:21:25Z INFO [95/500] 1bdc2eba-1361-4124-a54a-a4061e99e17e: valid; 2.4 s; peak memory 3339 MiB.
2026-09-28T12:21:26Z INFO [96/500] 1bddedd6-a563-4258-be88-82b0948c2ea8: not valid; 1.0 s; peak memory 3339 MiB.
2026-09-28T12:21:27Z INFO [97/500] 1bde2eca-3527-4d64-933d-8f798dc20b6e: valid; 0.8 s; peak memory 3339 MiB.
2026-09-28T12:21:43Z INFO [98/500] 1bdea412-262f-4697-9a3b-9dff3514dbdd: not valid; 15.8 s; peak memory 3339 MiB.
2026-09-28T12:21:44Z INFO [99/500] 1bdee4de-31a1-4aa1-bf7a-b65e24bccb68: valid; 1.7 s; peak memory 3339 MiB.
2026-09-28T12:21:46Z INFO [100/500] 1bdf1c77-5b78-4a06-9801-3793f651bf8f: valid; 1.2 s; peak memory 3339 MiB.
2026-09-28T12:21:46Z INFO [100/500] 1bdf1c77-5b78-4a06-9801-3793f651bf8f: checkpointed 83110 records.
2026-09-28T12:21:47Z INFO [101/500] 1bdf9c6a-7b6d-4b29-b45b-01d77a2bbea5: valid; 1.1 s; peak memory 3339 MiB.
2026-09-28T12:22:00Z INFO [102/500] 1be0092f-c43a-4427-8a7a-e941be7078d8: valid; 12.4 s; peak memory 3469 MiB.
2026-09-28T12:22:01Z INFO [103/500] 1be01043-1f87-4dfc-ac59-7876fe8123c0: valid; 1.5 s; peak memory 3474 MiB.
2026-09-28T12:22:03Z INFO [104/500] 1be06e16-9540-42c0-ac1f-7015f950bc3f: valid; 1.7 s; peak memory 3488 MiB.
2026-09-28T12:22:05Z INFO [105/500] 1be0a97b-fd40-4033-9f39-2fd589b44f10: valid; 1.6 s; peak memory 3503 MiB.
2026-09-28T12:22:05Z INFO [106/500] 1be0d48b-e15e-4275-b77a-9d14e81b635e: valid; 0.5 s; peak memory 3505 MiB.
2026-09-28T12:22:06Z INFO [107/500] 1be0e9d6-2875-48b4-9e08-a62de51bae1b: valid; 1.2 s; peak memory 3508 MiB.
2026-09-28T12:22:08Z INFO [108/500] 1be13ed0-bc98-4eef-ae1f-331bee334fdb: not valid; 1.7 s; peak memory 3513 MiB.
2026-09-28T12:22:10Z INFO [109/500] 1be1a199-9931-4cd6-aa2f-ea58e51fa491: valid; 1.5 s; peak memory 3525 MiB.
2026-09-28T12:22:14Z INFO [110/500] 1be219d0-f811-4e93-94ed-b9c61b09bfdd: valid; 4.7 s; peak memory 3594 MiB.
2026-09-28T12:22:16Z INFO [111/500] 1be24ae5-ca73-409a-98e0-d9e070407b85: valid; 1.5 s; peak memory 3607 MiB.
2026-09-28T12:22:18Z INFO [112/500] 1be2b9be-26fc-4e1f-bb27-de2766c2c12e: valid; 2.1 s; peak memory 3607 MiB.
2026-09-28T12:22:20Z INFO [113/500] 1be33111-0a28-43eb-b6ac-aaea86b130cb: valid; 1.8 s; peak memory 3607 MiB.
2026-09-28T12:22:21Z INFO [114/500] 1be33f96-2760-481e-8b44-a918c7a0f8ff: not valid; 1.2 s; peak memory 3607 MiB.
2026-09-28T12:22:22Z INFO [115/500] 1be4a2ca-280f-47b5-bab7-765fb8295760: valid; 1.3 s; peak memory 3607 MiB.
2026-09-28T12:22:23Z INFO [116/500] 1be4e1c8-b379-4621-8170-23c74e742371: valid; 1.0 s; peak memory 3607 MiB.
2026-09-28T12:22:34Z INFO [117/500] 1be5ac15-7b72-47a8-9ea9-c5a7c716ce1d: valid; 10.8 s; peak memory 3623 MiB.
2026-09-28T12:22:35Z INFO [118/500] 1be5be7e-11a4-4c12-ab04-203f2982e4e9: valid; 1.0 s; peak memory 3625 MiB.
2026-09-28T12:22:36Z INFO [119/500] 1be641cb-d1c5-4937-9b92-ea9ae5cbe0ff: not valid; 1.5 s; peak memory 3626 MiB.
2026-09-28T12:22:42Z INFO [120/500] 1be68891-8bee-4d20-b967-794e9e2a10fc: valid; 6.0 s; peak memory 3635 MiB.
2026-09-28T12:22:44Z INFO [121/500] 1be72235-7cde-49c2-ab2f-475299ac4561: valid; 1.3 s; peak memory 3635 MiB.
2026-09-28T12:22:45Z INFO [122/500] 1be77a20-9759-4b2d-9664-61eebb5c1a57: valid; 0.9 s; peak memory 3635 MiB.
2026-09-28T12:22:46Z INFO [123/500] 1be7a3d7-69d2-4d80-a3a5-536b30aca0f6: valid; 1.4 s; peak memory 3635 MiB.
2026-09-28T12:22:54Z INFO [124/500] 1be7c9da-1ab4-4ab3-a061-635fab707d3b: valid; 8.2 s; peak memory 3664 MiB.
2026-09-28T12:22:55Z INFO [125/500] 1be7fed8-2a66-4c0e-bd07-27fb23a8628d: valid; 0.9 s; peak memory 3665 MiB.
2026-09-28T12:22:56Z INFO [126/500] 1be830af-230f-482e-a706-b98b425f80bf: not valid; 1.2 s; peak memory 3666 MiB.
2026-09-28T12:22:58Z INFO [127/500] 1be8a1c4-6187-4f13-8833-84e738469c89: valid; 1.3 s; peak memory 3666 MiB.
2026-09-28T12:23:01Z INFO [128/500] 1be8c1ab-f206-4b9f-9485-87a112f27ebd: valid; 3.4 s; peak memory 3666 MiB.
2026-09-28T12:23:02Z WARNING 1be903c6-7864-4ab3-81aa-2ec6dee2d2ab: failed while opening the NWB file (ConstructError: (root/acquisition/_iblmic_audioSpectrogram/bands GroupBuilder {'attributes': {'colnames': array(['freq'], dtype=object), 'description': 'spectogram frequencies', 'namespace': 'core', 'neurodata_type': 'FrequencyBandsTable', 'object_id': '60b48fe4-6c85-452b-842a-633f45fa65e9'}, 'groups': {}, 'datasets': {'freq': root/acquisition/_iblmic_audioSpectrogram/bands/freq DatasetBuilder {'attributes': {'description': 'frequency value', 'namespace': 'hdmf-common', 'neurodata_type': 'VectorData', 'object_id': '76d864ed-b5f4-49f7-aec9-147a069bb07a'}, 'data': <HDF5 dataset "freq": shape (257,), type "<f4">}, 'id': root/acquisition/_iblmic_audioSpectrogram/bands/id DatasetBuilder {'attributes': {'namespace': 'hdmf-common', 'neurodata_type': 'ElementIdentifiers', 'object_id': '9fff1b15-6294-4752-b44a-cf6795d14330'}, 'data': <HDF5 dataset "id": shape (257,), type "<i4">}}, 'links': {}}, "Could not construct FrequencyBandsTable object due to: column must have the same number of rows as 'id'"))
2026-09-28T12:23:03Z INFO [130/500] 1be9967d-e90b-462a-8c5b-765722b10f9d: valid; 1.0 s; peak memory 3666 MiB.
2026-09-28T12:23:04Z INFO [131/500] 1bea9ad8-4985-4f97-a3d6-00a66e0093c8: valid; 0.9 s; peak memory 3666 MiB.
2026-09-28T12:23:05Z WARNING 1beb04d5-a6ea-4832-8923-7e8e04457a95: failed while opening the NWB file (ValueError: Cannot resolve included group spec 'electrodes' with data_type_inc 'ElectrodesTable' because a group spec with the same name already exists with data_type_inc 'DynamicTable', and data type 'DynamicTable' is not a child type of data type 'ElectrodesTable'.)
2026-09-28T12:23:07Z INFO [133/500] 1beb74bf-155d-4b2f-bdb7-a23d0b9e31b3: valid; 1.2 s; peak memory 3666 MiB.
2026-09-28T12:23:08Z INFO [134/500] 1bebb1f4-3266-44d8-803c-0b4d43a4ba84: valid; 1.4 s; peak memory 3666 MiB.
2026-09-28T12:23:09Z INFO [135/500] 1bec8b77-8969-42e0-b33a-59b00955c358: valid; 0.7 s; peak memory 3666 MiB.
2026-09-28T12:23:10Z INFO [136/500] 1becb849-f94f-42e2-bfb9-f71900b283bf: valid; 1.6 s; peak memory 3666 MiB.
2026-09-28T12:23:11Z INFO [137/500] 1bed916d-2242-4528-93c2-f929f8bd019e: not valid; 1.0 s; peak memory 3666 MiB.
2026-09-28T12:23:12Z INFO [138/500] 1bedfd6d-08e9-46eb-a8b1-0367de0039a9: valid; 0.9 s; peak memory 3666 MiB.
2026-09-28T12:23:14Z INFO [139/500] 1bee13f0-a0fa-4f30-9f9a-7eaeb7dcb160: valid; 2.3 s; peak memory 3666 MiB.
2026-09-28T12:23:17Z INFO [140/500] 1bee20f2-dd58-4173-82ee-ca89c8920514: not valid; 2.5 s; peak memory 3666 MiB.
2026-09-28T12:23:19Z INFO [141/500] 1bee5b19-a5d2-4289-ad3a-67d80de30d82: not valid; 2.5 s; peak memory 3666 MiB.
2026-09-28T12:23:22Z INFO [142/500] 1bee6048-ddea-43e7-9335-954e86462ce8: valid; 2.0 s; peak memory 3666 MiB.
2026-09-28T12:23:22Z INFO [143/500] 1bee8813-b286-48b5-9fc9-1449c83c8c4c: valid; 0.8 s; peak memory 3666 MiB.
2026-09-28T12:23:25Z INFO [144/500] 1beef897-89e4-4b88-a0d1-0b1c45f7347d: valid; 2.3 s; peak memory 3666 MiB.
2026-09-28T12:23:30Z INFO [145/500] 1bef608b-b6c6-4c06-83d4-e2218a399032: valid; 5.1 s; peak memory 3666 MiB.
2026-09-28T12:23:33Z INFO [146/500] 1bef6b27-1c5f-4ebc-b4ae-4289f7b7adc6: valid; 3.7 s; peak memory 3668 MiB.
2026-09-28T12:23:35Z INFO [147/500] 1bef9d4f-e5fc-4a98-a341-6248f5292cc9: valid; 1.7 s; peak memory 3669 MiB.
2026-09-28T12:23:36Z INFO [148/500] 1befdc2e-08a0-4a74-8b67-ec25989b82c7: not valid; 1.1 s; peak memory 3670 MiB.
2026-09-28T12:23:37Z WARNING 1befe4b2-5a01-4d8d-884e-49dc97d8d5a2: failed while opening the NWB file (ValueError: Cannot resolve included group spec 'electrodes' with data_type_inc 'ElectrodesTable' because a group spec with the same name already exists with data_type_inc 'DynamicTable', and data type 'DynamicTable' is not a child type of data type 'ElectrodesTable'.)
2026-09-28T12:23:45Z INFO [150/500] 1bf06285-3652-4279-a8e2-05d4b0520093: valid; 8.1 s; peak memory 3682 MiB.
2026-09-28T12:23:46Z INFO [150/500] 1bf06285-3652-4279-a8e2-05d4b0520093: checkpointed 83160 records.
2026-09-28T12:23:47Z INFO [151/500] 1bf0fd34-20ed-4c37-b4c1-dd92c81932ea: not valid; 1.3 s; peak memory 3684 MiB.
2026-09-28T12:23:48Z INFO [152/500] 1bf15460-7433-41d4-a1c6-50073b34c68b: valid; 1.0 s; peak memory 3684 MiB.
2026-09-28T12:23:49Z INFO [153/500] 1bf15947-e59c-4562-a7e3-b6cb7fa1534b: valid; 0.8 s; peak memory 3684 MiB.
2026-09-28T12:23:51Z INFO [154/500] 1bf166fa-3fce-4501-8d64-e209ccd1596b: valid; 2.2 s; peak memory 3684 MiB.
2026-09-28T12:23:53Z INFO [155/500] 1bf1729c-0475-426e-9e48-0525912aab92: valid; 1.4 s; peak memory 3684 MiB.
2026-09-28T12:23:54Z INFO [156/500] 1bf2fc35-f7c7-4a5a-8925-87f20db8dba6: valid; 1.0 s; peak memory 3684 MiB.
2026-09-28T12:23:57Z INFO [157/500] 1bf3b22a-eb4c-4f0a-89e4-ec249496c1bf: valid; 3.2 s; peak memory 3684 MiB.
2026-09-28T12:23:58Z INFO [158/500] 1bf47b8f-31c1-45c8-a908-cca7143d9d0e: valid; 0.9 s; peak memory 3685 MiB.
2026-09-28T12:24:01Z INFO [159/500] 1bf4b48e-48e7-46a5-a08c-44bcb1debcad: valid; 3.5 s; peak memory 3708 MiB.
2026-09-28T12:24:05Z INFO [160/500] 1bf50be4-9079-49fb-bc16-0317d3c0cc40: valid; 4.0 s; peak memory 3712 MiB.
2026-09-28T12:24:07Z INFO [161/500] 1bf599bf-3e7f-4c71-900c-2de316f68378: valid; 1.5 s; peak memory 3714 MiB.
2026-09-28T12:24:10Z INFO [162/500] 1bf5d4f4-9b93-4e01-972c-76b93c2bc79e: valid; 3.2 s; peak memory 3716 MiB.
2026-09-28T12:24:10Z WARNING 1bf61c67-92f2-46cf-8031-bd1784b37711: failed while retrieving asset information from the DANDI API (NotFoundError: No asset at path 'sub-13f5788208822c35-0/sub-13f5788208822c35-0_ses-20170317T094453_behavior+ecephys.nwb' in version 0.220506.1516. Verify the path is correct and the asset exists in this version. Use 'dandi ls' to list available assets.)
2026-09-28T12:24:28Z INFO [164/500] 1bf6ab26-b128-4da9-86b2-f21572705b88: not valid; 17.7 s; peak memory 3796 MiB.
2026-09-28T12:24:29Z INFO [165/500] 1bf6fb48-474f-4731-a365-d02a7f76219f: valid; 1.5 s; peak memory 3802 MiB.
2026-09-28T12:24:30Z INFO [166/500] 1bf7227a-c69d-46c5-be75-1305b362e8ec: not valid; 0.9 s; peak memory 3803 MiB.
2026-09-28T12:24:31Z INFO [167/500] 1bf74ffa-00e5-43b4-8024-ba72114b28c8: not valid; 1.1 s; peak memory 3804 MiB.
2026-09-28T12:24:32Z INFO [168/500] 1bf799a6-20e1-4bcf-b1a4-e4d6902f0304: valid; 0.9 s; peak memory 3805 MiB.
2026-09-28T12:24:34Z INFO [169/500] 1bf845bf-dbde-40c2-972b-e749db753f31: valid; 1.9 s; peak memory 3811 MiB.
2026-09-28T12:24:35Z INFO [170/500] 1bf8b134-a8c0-476e-a4fe-be4feba1a3b2: valid; 0.9 s; peak memory 3812 MiB.
2026-09-28T12:24:42Z INFO [171/500] 1bf90d6e-ed43-4fb5-9ea9-556177642fbf: valid; 6.9 s; peak memory 4038 MiB.
2026-09-28T12:24:42Z INFO [172/500] 1bf9325b-b63d-4f23-9043-0bd6c8d5675f: valid; 0.8 s; peak memory 4038 MiB.
2026-09-28T12:24:44Z INFO [173/500] 1bf96597-5e3a-4dd2-9b66-9b29f41a2996: not valid; 2.0 s; peak memory 4038 MiB.
2026-09-28T12:24:45Z INFO [174/500] 1bf9a573-63b4-4aa1-8081-96946c5a043c: valid; 0.7 s; peak memory 4038 MiB.
2026-09-28T12:24:50Z INFO [175/500] 1bfa0485-3d5e-46ac-801a-22dfb44613f8: valid; 5.2 s; peak memory 4038 MiB.
2026-09-28T12:24:52Z INFO [176/500] 1bfa0979-2a35-4c28-8670-c43f4df4a73a: valid; 1.3 s; peak memory 4038 MiB.
2026-09-28T12:24:53Z INFO [177/500] 1bfa9b29-6200-4560-83a7-64397bf3ada9: not valid; 1.2 s; peak memory 4038 MiB.
2026-09-28T12:24:55Z INFO [178/500] 1bfaa9b4-0e6f-497a-a36c-57880368a5f9: valid; 1.9 s; peak memory 4038 MiB.
2026-09-28T12:24:56Z INFO [179/500] 1bfab03a-6718-43da-99cb-6446431c9d89: valid; 1.0 s; peak memory 4038 MiB.
2026-09-28T12:24:57Z INFO [180/500] 1bfaba22-ea86-4e01-a839-7b5311b586ea: not valid; 1.3 s; peak memory 4038 MiB.
2026-09-28T12:24:58Z INFO [181/500] 1bfb5c30-90d7-4a11-84a9-a486c2a49fc0: valid; 1.0 s; peak memory 4038 MiB.
2026-09-28T12:24:59Z INFO [182/500] 1bfbf964-98c2-45b6-a37a-90089f538f50: valid; 0.9 s; peak memory 4038 MiB.
2026-09-28T12:25:01Z INFO [183/500] 1bfbfce8-50be-471b-84e2-19cfefc4410f: not valid; 2.4 s; peak memory 4038 MiB.
2026-09-28T12:25:02Z INFO [184/500] 1bfbfd10-c0ad-44ec-889c-14a129cc38e8: valid; 1.0 s; peak memory 4038 MiB.
2026-09-28T12:25:03Z INFO [185/500] 1bfc038a-c926-43ae-b095-e454d28c7fbf: valid; 0.9 s; peak memory 4038 MiB.
2026-09-28T12:25:04Z INFO [186/500] 1bfc1dbf-3e25-44fc-87d8-726b8dcdbd68: valid; 0.6 s; peak memory 4038 MiB.
2026-09-28T12:25:07Z INFO [187/500] 1bfc5b93-c559-445c-9ecc-9424629eac82: valid; 3.6 s; peak memory 4038 MiB.
2026-09-28T12:25:11Z INFO [188/500] 1bfc97da-8635-4d5a-ad25-997656c7e900: not valid; 3.6 s; peak memory 4038 MiB.
2026-09-28T12:25:16Z INFO [189/500] 1bfc9a62-ecd7-40a9-a1e4-e3d2a279ddad: valid; 5.1 s; peak memory 4038 MiB.
2026-09-28T12:25:17Z INFO [190/500] 1bff44ed-2004-450c-96ee-33859ad0c372: valid; 0.9 s; peak memory 4038 MiB.
2026-09-28T12:25:19Z INFO [191/500] 1bffaae9-dd62-45a1-b6ae-f697b35646ca: valid; 2.1 s; peak memory 4038 MiB.
2026-09-28T12:25:20Z INFO [192/500] 1bffce82-9052-49ec-8645-c1bce7dc630e: valid; 1.3 s; peak memory 4038 MiB.
2026-09-28T12:25:21Z INFO [193/500] 1bffddd9-6d2b-4f3a-82c8-424f7694f9cd: valid; 0.9 s; peak memory 4038 MiB.
2026-09-28T12:25:25Z INFO [194/500] 1c006de6-889e-49d1-9990-47185f384e2a: valid; 3.7 s; peak memory 4038 MiB.
2026-09-28T12:25:27Z INFO [195/500] 1c010a3a-7241-4cc3-8ef4-9d697d639e8e: valid; 1.6 s; peak memory 4038 MiB.
2026-09-28T12:25:28Z INFO [196/500] 1c01351c-1314-4c71-a3ae-6484afe6c1ec: valid; 1.9 s; peak memory 4038 MiB.
2026-09-28T12:25:30Z INFO [197/500] 1c01ad48-90cd-43b4-8327-6c7a0a2a8ee6: valid; 1.3 s; peak memory 4038 MiB.
2026-09-28T12:25:31Z INFO [198/500] 1c021c2b-76ed-4f3d-aa05-3a318034a8b8: valid; 1.0 s; peak memory 4038 MiB.
2026-09-28T12:25:32Z INFO [199/500] 1c030236-3a39-4023-9cac-51a34cc7b88b: not valid; 1.2 s; peak memory 4038 MiB.
2026-09-28T12:25:33Z INFO [200/500] 1c033282-c10b-41ff-bdbb-0d9a127e28f4: not valid; 1.0 s; peak memory 4038 MiB.
2026-09-28T12:25:34Z INFO [200/500] 1c033282-c10b-41ff-bdbb-0d9a127e28f4: checkpointed 83210 records.
2026-09-28T12:25:35Z INFO [201/500] 1c03b056-6b9b-45c1-9be8-01582357392f: valid; 1.3 s; peak memory 4038 MiB.
2026-09-28T12:25:39Z INFO [202/500] 1c04836a-d407-44c0-8ff3-8154784f82bb: valid; 3.7 s; peak memory 4038 MiB.
2026-09-28T12:25:39Z INFO [203/500] 1c048859-499a-44ba-8260-d4e85b236043: valid; 0.8 s; peak memory 4038 MiB.
2026-09-28T12:25:42Z INFO [204/500] 1c04dcc0-eb4d-41f1-bf11-43521ea127f5: valid; 2.3 s; peak memory 4038 MiB.
2026-09-28T12:25:43Z INFO [205/500] 1c055302-486c-496c-a626-e27d62b48698: valid; 1.0 s; peak memory 4038 MiB.
2026-09-28T12:25:43Z INFO [206/500] 1c0560ef-b7e3-4f46-88ca-9edc6282820e: valid; 0.7 s; peak memory 4038 MiB.
2026-09-28T12:25:45Z INFO [207/500] 1c058407-f2ff-4091-ae50-9207e5eb16c5: valid; 1.7 s; peak memory 4038 MiB.
2026-09-28T12:25:49Z INFO [208/500] 1c058bd2-23b5-430d-8aa9-2f96c0ae05f3: valid; 4.1 s; peak memory 4038 MiB.
2026-09-28T12:25:50Z INFO [209/500] 1c05b4af-74ff-4644-a7ba-c64c03c811e6: valid; 1.1 s; peak memory 4038 MiB.
2026-09-28T12:25:58Z INFO [210/500] 1c05c88b-5015-4b9e-9632-0f8c926c0d7e: valid; 7.3 s; peak memory 4275 MiB.
2026-09-28T12:25:59Z WARNING 1c05e31f-c522-4328-bc85-f285f4fae010: failed while opening the NWB file (ConstructError: (root/acquisition/_iblmic_audioSpectrogram/bands GroupBuilder {'attributes': {'colnames': array(['freq'], dtype=object), 'description': 'spectogram frequencies', 'namespace': 'core', 'neurodata_type': 'FrequencyBandsTable', 'object_id': '784e9460-2c73-4a1e-8371-533b28368c2b'}, 'groups': {}, 'datasets': {'freq': root/acquisition/_iblmic_audioSpectrogram/bands/freq DatasetBuilder {'attributes': {'description': 'frequency value', 'namespace': 'hdmf-common', 'neurodata_type': 'VectorData', 'object_id': 'b94b65f7-8687-49cb-a82b-85d01105c4f5'}, 'data': <HDF5 dataset "freq": shape (257,), type "<f4">}, 'id': root/acquisition/_iblmic_audioSpectrogram/bands/id DatasetBuilder {'attributes': {'namespace': 'hdmf-common', 'neurodata_type': 'ElementIdentifiers', 'object_id': '1c432397-a866-4d7d-8309-50c110cf2b69'}, 'data': <HDF5 dataset "id": shape (257,), type "<i4">}}, 'links': {}}, "Could not construct FrequencyBandsTable object due to: column must have the same number of rows as 'id'"))
2026-09-28T12:26:00Z INFO [212/500] 1c0716d6-fab2-4d75-b445-4dd6f2b3b9a1: valid; 1.0 s; peak memory 4275 MiB.
2026-09-28T12:26:02Z INFO [213/500] 1c072475-327c-467b-9b55-ca5f3628f009: not valid; 1.8 s; peak memory 4275 MiB.
2026-09-28T12:26:04Z INFO [214/500] 1c078f36-e9aa-46d2-bbd6-16f81fca9796: valid; 2.1 s; peak memory 4275 MiB.
2026-09-28T12:26:05Z INFO [215/500] 1c07995a-0b67-4343-9c11-2b31064b1123: not valid; 1.2 s; peak memory 4275 MiB.
2026-09-28T12:26:06Z INFO [216/500] 1c08318b-3c2e-4510-83b9-5ab5593313db: valid; 0.8 s; peak memory 4275 MiB.
2026-09-28T12:26:08Z INFO [217/500] 1c091455-c910-429e-a37c-1ced90356542: not valid; 2.0 s; peak memory 4275 MiB.
2026-09-28T12:26:12Z INFO [218/500] 1c095d10-7d3f-4922-b505-019aa37decf2: not valid; 3.8 s; peak memory 4275 MiB.
2026-09-28T12:26:13Z INFO [219/500] 1c0962e0-64ae-4e0a-a074-77d0521dcd8d: valid; 1.3 s; peak memory 4275 MiB.
2026-09-28T12:26:14Z INFO [220/500] 1c09e76c-6bb0-4142-ae75-829ad6f284b0: valid; 0.9 s; peak memory 4275 MiB.
2026-09-28T12:26:15Z INFO [221/500] 1c0a30f9-4fc5-4a5f-8b44-33d12f46fd09: valid; 1.3 s; peak memory 4275 MiB.
2026-09-28T12:26:20Z INFO [222/500] 1c0a8f82-aa8b-4487-996a-c72df923f65b: valid; 5.1 s; peak memory 4275 MiB.
2026-09-28T12:26:21Z INFO [223/500] 1c0aad15-751d-4216-a265-bc433efc6923: valid; 0.6 s; peak memory 4275 MiB.
2026-09-28T12:26:22Z INFO [224/500] 1c0b9639-6ced-48c5-9ff8-296b0cce34f4: valid; 1.2 s; peak memory 4275 MiB.
2026-09-28T12:26:24Z INFO [225/500] 1c0bc72e-2f21-41b1-a6f5-ebe1379b3e09: valid; 2.1 s; peak memory 4275 MiB.
2026-09-28T12:26:25Z INFO [226/500] 1c0c1b4a-23e5-43bd-8e87-e0c7b0f016bd: not valid; 0.7 s; peak memory 4275 MiB.
2026-09-28T12:26:36Z INFO [227/500] 1c0cb24a-5b55-4037-ad58-cf060ae8d5ef: valid; 10.8 s; peak memory 4296 MiB.
2026-09-28T12:26:41Z INFO [228/500] 1c0cb55a-d376-411c-a591-b99a0c4f4ee0: valid; 5.5 s; peak memory 4297 MiB.
2026-09-28T12:26:43Z INFO [229/500] 1c0cfe52-105c-45da-b37e-13f5ff9284b8: valid; 1.3 s; peak memory 4297 MiB.
2026-09-28T12:26:43Z INFO [230/500] 1c0d0271-f79b-452b-a79b-5a321737692f: valid; 0.9 s; peak memory 4297 MiB.
2026-09-28T12:26:44Z INFO [231/500] 1c0e99a5-8451-4709-a50e-4a6c2b40a966: valid; 0.8 s; peak memory 4297 MiB.
2026-09-28T12:26:53Z INFO [232/500] 1c0ec853-8e61-41aa-a197-1f14315c05d5: valid; 8.4 s; peak memory 4449 MiB.
2026-09-28T12:26:54Z INFO [233/500] 1c0f2cad-80e9-4bcd-a8b5-1bb8e3456189: valid; 1.6 s; peak memory 4449 MiB.
2026-09-28T12:26:56Z INFO [234/500] 1c0f592e-62bc-4730-94db-fd9967a78ae2: not valid; 1.4 s; peak memory 4449 MiB.
2026-09-28T12:26:57Z INFO [235/500] 1c0f80c9-7fba-4ca8-a0c0-ca85047c4587: valid; 0.8 s; peak memory 4449 MiB.
2026-09-28T12:26:58Z INFO [236/500] 1c0fb08f-3ace-4318-bdfb-e1f87f4f8f29: valid; 1.8 s; peak memory 4451 MiB.
2026-09-28T12:26:59Z WARNING 1c0fdff7-4b2d-4465-98d2-2c0ce98fa101: failed while opening the NWB file (ConstructError: (root/acquisition/_iblmic_audioSpectrogram/bands GroupBuilder {'attributes': {'colnames': array(['freq'], dtype=object), 'description': 'spectogram frequencies', 'namespace': 'core', 'neurodata_type': 'FrequencyBandsTable', 'object_id': '9e864783-2edd-4414-9603-6d157dd92d1a'}, 'groups': {}, 'datasets': {'freq': root/acquisition/_iblmic_audioSpectrogram/bands/freq DatasetBuilder {'attributes': {'description': 'frequency value', 'namespace': 'hdmf-common', 'neurodata_type': 'VectorData', 'object_id': 'ec35e879-39ea-4ad2-b3c0-39fc3a7e87d9'}, 'data': <HDF5 dataset "freq": shape (257,), type "<f4">}, 'id': root/acquisition/_iblmic_audioSpectrogram/bands/id DatasetBuilder {'attributes': {'namespace': 'hdmf-common', 'neurodata_type': 'ElementIdentifiers', 'object_id': 'c2f647d9-f6ec-4c80-a3a0-144f6817d0c2'}, 'data': <HDF5 dataset "id": shape (257,), type "<i4">}}, 'links': {}}, "Could not construct FrequencyBandsTable object due to: column must have the same number of rows as 'id'"))
2026-09-28T12:27:01Z INFO [238/500] 1c1075ac-200d-4daa-a717-f4da4a378f0c: valid; 1.2 s; peak memory 4461 MiB.
2026-09-28T12:27:02Z INFO [239/500] 1c107b1a-b482-462f-93bf-b88106e15c03: not valid; 1.2 s; peak memory 4466 MiB.
2026-09-28T12:27:03Z INFO [240/500] 1c11119c-2450-457f-85f8-403897f7f6cb: valid; 1.1 s; peak memory 4468 MiB.
2026-09-28T12:27:04Z INFO [241/500] 1c11bb8b-798b-4422-b838-89b1b6df3b74: not valid; 1.3 s; peak memory 4479 MiB.
2026-09-28T12:27:07Z INFO [242/500] 1c12ba78-d442-4a12-9818-3be45e528b24: valid; 2.4 s; peak memory 4482 MiB.
2026-09-28T12:27:08Z INFO [243/500] 1c12c754-bc4f-4a9b-99a1-b40913052a23: valid; 1.0 s; peak memory 4482 MiB.
2026-09-28T12:27:09Z INFO [244/500] 1c134897-eec8-426c-b6b1-7feaa0261d42: valid; 1.5 s; peak memory 4482 MiB.
2026-09-28T12:27:16Z INFO [245/500] 1c134fa6-a84d-448b-b61b-813f1c634b3c: valid; 6.5 s; peak memory 4483 MiB.
2026-09-28T12:27:17Z INFO [246/500] 1c134fed-9204-4c52-a3ec-dfee69fede6c: valid; 1.2 s; peak memory 4483 MiB.
2026-09-28T12:27:22Z INFO [247/500] 1c1367bc-ac3d-4f97-b2b0-57d28e652cd1: not valid; 5.4 s; peak memory 4483 MiB.
2026-09-28T12:27:24Z INFO [248/500] 1c13908c-954a-485a-8145-95050890eecc: valid; 1.6 s; peak memory 4483 MiB.
2026-09-28T12:27:26Z INFO [249/500] 1c139e77-66b6-45d2-96df-8d77e5a09e2d: valid; 1.7 s; peak memory 4483 MiB.
2026-09-28T12:27:27Z INFO [250/500] 1c13de46-9cd3-4a68-96be-3c4a3215b334: not valid; 1.0 s; peak memory 4483 MiB.
2026-09-28T12:27:27Z INFO [250/500] 1c13de46-9cd3-4a68-96be-3c4a3215b334: checkpointed 83260 records.
2026-09-28T12:27:28Z INFO [251/500] 1c140209-eced-40fd-a7d3-b2af0cf8c522: valid; 0.9 s; peak memory 4483 MiB.
2026-09-28T12:27:29Z INFO [252/500] 1c1415ee-df44-43ed-b400-e074bf50c2a1: valid; 1.4 s; peak memory 4483 MiB.
2026-09-28T12:27:31Z INFO [253/500] 1c14588c-8304-4d3e-8e61-2c5ae5f6ff15: valid; 1.5 s; peak memory 4483 MiB.
2026-09-28T12:27:32Z INFO [254/500] 1c14703f-ce1c-478f-82d6-c3909b10e282: not valid; 1.3 s; peak memory 4483 MiB.
2026-09-28T12:27:33Z INFO [255/500] 1c14a5a7-7c88-43c3-8467-2479efc0a967: not valid; 0.7 s; peak memory 4483 MiB.
2026-09-28T12:27:35Z INFO [256/500] 1c150deb-1c26-4464-9830-022f334cb2a1: valid; 2.0 s; peak memory 4483 MiB.
2026-09-28T12:27:36Z INFO [257/500] 1c155735-0557-4dae-9beb-3f0717342d0c: valid; 0.9 s; peak memory 4483 MiB.
2026-09-28T12:27:37Z INFO [258/500] 1c156102-d03e-4590-bcf8-cdcd05d3e244: valid; 0.8 s; peak memory 4483 MiB.
2026-09-28T12:27:38Z INFO [259/500] 1c159827-cdc9-46eb-810c-59e0ae17731f: valid; 1.3 s; peak memory 4483 MiB.
2026-09-28T12:27:47Z INFO [260/500] 1c15a9c0-236a-496a-a4e7-5eb70207d946: valid; 8.8 s; peak memory 4600 MiB.
2026-09-28T12:27:48Z INFO [261/500] 1c169484-27b2-4f8f-8427-3506680a9a64: valid; 1.3 s; peak memory 4600 MiB.
2026-09-28T12:27:49Z INFO [262/500] 1c1748b4-7792-4096-bcad-57803c9ee5c0: valid; 1.2 s; peak memory 4600 MiB.
2026-09-28T12:27:54Z INFO [263/500] 1c17bb30-b04d-4169-b345-97491dfe581d: not valid; 4.8 s; peak memory 4600 MiB.
2026-09-28T12:27:55Z INFO [264/500] 1c1806b5-7f8e-4a77-9389-3012f35baf10: valid; 0.9 s; peak memory 4600 MiB.
2026-09-28T12:27:57Z INFO [265/500] 1c181064-1af9-4fb6-83ce-7b71f83e8ca5: valid; 1.5 s; peak memory 4607 MiB.
2026-09-28T12:27:57Z INFO [266/500] 1c189f93-8564-4c7b-aff1-10f1e45f5ba8: valid; 0.9 s; peak memory 4607 MiB.
2026-09-28T12:27:59Z INFO [267/500] 1c18a120-a1a6-4952-8cb0-737e829fd29b: valid; 1.5 s; peak memory 4613 MiB.
2026-09-28T12:28:00Z WARNING 1c18d88b-bb58-4c2c-8ddc-abec61403813: failed while opening the NWB file (ConstructError: (root/acquisition/event_code_meanings GroupBuilder {'attributes': {'colnames': array(['value', 'meaning'], dtype=object), 'description': 'Mapping integer event codes to event labels', 'namespace': 'ndx-events', 'neurodata_type': 'MeaningsTable', 'object_id': 'd931aa27-318d-4461-9c90-e8352d220b46'}, 'groups': {}, 'datasets': {'id': root/acquisition/event_code_meanings/id DatasetBuilder {'attributes': {'namespace': 'hdmf-common', 'neurodata_type': 'ElementIdentifiers', 'object_id': '9eb95f70-652c-478a-85c7-32457ac3d99e'}, 'data': <HDF5 dataset "id": shape (26,), type "<i8">}, 'meaning': root/acquisition/event_code_meanings/meaning DatasetBuilder {'attributes': {'description': 'The meaning of the value in the parent CategoricalVectorData object.', 'namespace': 'hdmf-experimental', 'neurodata_type': 'VectorData', 'object_id': 'e2eff61f-27d1-42b1-bef4-8d51521470c8'}, 'data': <StrDataset for HDF5 dataset "meaning": shape (26,), type "|O">}, 'value': root/acquisition/event_code_meanings/value DatasetBuilder {'attributes': {'description': 'The value of the parent CategoricalVectorData object.', 'namespace': 'hdmf-experimental', 'neurodata_type': 'VectorData', 'object_id': '28db6225-f304-4990-b93f-4060eb506999'}, 'data': <HDF5 dataset "value": shape (26,), type "<i8">}}, 'links': {}}, "Could not construct MeaningsTable object due to: MeaningsTable.__init__: missing argument 'target'"))
2026-09-28T12:28:01Z INFO [269/500] 1c19c3b2-d2ae-45ac-909b-8fa8eed03029: valid; 0.9 s; peak memory 4616 MiB.
2026-09-28T12:28:04Z INFO [270/500] 1c19db43-16c3-48f4-a54b-3ae5ac105c5b: valid; 3.2 s; peak memory 4619 MiB.
2026-09-28T12:28:05Z INFO [271/500] 1c1a6aac-e3ae-4ea4-858f-840dad50f5ce: valid; 0.5 s; peak memory 4619 MiB.
2026-09-28T12:28:25Z INFO [272/500] 1c1a74cc-42d0-4d55-8de7-3a54a953ef65: valid; 20.3 s; peak memory 4796 MiB.
2026-09-28T12:28:26Z INFO [273/500] 1c1a7e4e-61ef-4d2e-b39d-60b6c62488c0: valid; 0.9 s; peak memory 4801 MiB.
2026-09-28T12:28:27Z INFO [274/500] 1c1a862f-c3b3-4292-8bfa-e58cadf3e3f3: valid; 1.0 s; peak memory 4803 MiB.
2026-09-28T12:28:28Z INFO [275/500] 1c1ae0a0-2590-4f7e-bbed-418f83a10aa4: not valid; 1.2 s; peak memory 4804 MiB.
2026-09-28T12:28:29Z INFO [276/500] 1c1b48f8-c936-474a-a588-77d1713d1405: valid; 1.0 s; peak memory 4805 MiB.
2026-09-28T12:28:30Z INFO [277/500] 1c1be07b-7154-44f5-a238-96e17585b316: not valid; 1.0 s; peak memory 4807 MiB.
2026-09-28T12:28:32Z INFO [278/500] 1c1c6601-9eb1-4075-aacf-80d8d4426f32: valid; 1.4 s; peak memory 4809 MiB.
2026-09-28T12:28:32Z WARNING 1c1c850f-9f25-4c29-9a3d-01ca2ceee84f: failed while retrieving asset information from the DANDI API (NotFoundError: No asset at path 'sub-healthy-simulated-beta/sub-healthy-simulated-beta_ses-4664_ecephys.nwb' in version 0.250327.2220. Verify the path is correct and the asset exists in this version. Use 'dandi ls' to list available assets.)
2026-09-28T12:28:33Z INFO [280/500] 1c1ca16f-784c-4b93-bdad-e751df5611d2: valid; 0.8 s; peak memory 4814 MiB.
2026-09-28T12:28:34Z WARNING 1c1d640c-025b-45a9-8e33-917906235a0b: failed while opening the NWB file (ValueError: Cannot resolve included group spec 'electrodes' with data_type_inc 'ElectrodesTable' because a group spec with the same name already exists with data_type_inc 'DynamicTable', and data type 'DynamicTable' is not a child type of data type 'ElectrodesTable'.)
2026-09-28T12:28:35Z INFO [282/500] 1c1d837d-0df4-4052-8d6a-4d1d436fdea9: valid; 0.7 s; peak memory 4818 MiB.
2026-09-28T12:28:37Z INFO [283/500] 1c1d8590-3f83-4617-af05-ac34314f5330: valid; 1.9 s; peak memory 4819 MiB.
2026-09-28T12:28:42Z INFO [284/500] 1c1dc69a-2f99-475a-b433-c811f8e1c301: not valid; 5.4 s; peak memory 4819 MiB.
2026-09-28T12:28:43Z INFO [285/500] 1c1df79f-2897-4c2c-b98a-e607ce54cd20: not valid; 1.2 s; peak memory 4819 MiB.
2026-09-28T12:28:45Z INFO [286/500] 1c1f18b1-ffc3-492d-8a05-4ac145784147: valid; 2.2 s; peak memory 4819 MiB.
2026-09-28T12:28:47Z INFO [287/500] 1c1f9c2a-9834-49f7-89c8-ddfba814c90d: valid; 1.3 s; peak memory 4819 MiB.
2026-09-28T12:28:53Z INFO [288/500] 1c207a48-ff5e-4f3b-895f-6d893cc49770: valid; 6.6 s; peak memory 4819 MiB.
2026-09-28T12:28:54Z INFO [289/500] 1c209bb6-dcdc-4b3e-ab1b-dcfa8b8514bc: valid; 0.8 s; peak memory 4819 MiB.
2026-09-28T12:28:59Z INFO [290/500] 1c20c859-e9ad-4993-96d1-9183b8246017: valid; 4.7 s; peak memory 4819 MiB.
2026-09-28T12:29:00Z INFO [291/500] 1c20d04b-4ea6-48bc-a152-ee94a43c6b7f: valid; 1.6 s; peak memory 4819 MiB.
2026-09-28T12:29:02Z INFO [292/500] 1c2112c5-155a-4f83-929f-2d565b058043: valid; 1.3 s; peak memory 4819 MiB.
2026-09-28T12:29:03Z INFO [293/500] 1c213d30-563b-49c5-b6fd-6f35011c2417: valid; 1.5 s; peak memory 4819 MiB.
2026-09-28T12:29:06Z INFO [294/500] 1c217012-1762-4eac-9931-a81c7e8074c4: valid; 3.3 s; peak memory 4819 MiB.
2026-09-28T12:29:09Z INFO [295/500] 1c2174e8-7429-4b2e-9858-810740058897: not valid; 2.5 s; peak memory 4819 MiB.
2026-09-28T12:29:12Z INFO [296/500] 1c2184d4-2cfb-42c7-a493-d4a4d96fa7e4: valid; 3.4 s; peak memory 4819 MiB.
2026-09-28T12:29:12Z WARNING 1c220e27-be76-4bd5-8324-790f14d7e6a1: failed while retrieving asset information from the DANDI API (NotFoundError: No such Dandiset: 000561)
2026-09-28T12:29:13Z INFO [298/500] 1c221cd0-b523-4504-ae75-0aa36b97e6ee: valid; 0.9 s; peak memory 4819 MiB.
2026-09-28T12:29:15Z INFO [299/500] 1c234c28-e4d9-4853-ae41-367e1fa5e554: valid; 1.8 s; peak memory 4819 MiB.
2026-09-28T12:29:16Z INFO [300/500] 1c2357b1-e3fb-4f38-970b-3fc4ad1cad36: valid; 0.8 s; peak memory 4819 MiB.
2026-09-28T12:29:16Z INFO [300/500] 1c2357b1-e3fb-4f38-970b-3fc4ad1cad36: checkpointed 83310 records.
2026-09-28T12:29:17Z INFO [301/500] 1c2382a9-1d81-492f-8cbf-37c40f9ab5a5: valid; 0.9 s; peak memory 4819 MiB.
2026-09-28T12:29:19Z INFO [302/500] 1c23cdb9-5c6a-4749-aeba-aa0206e38dd4: valid; 1.3 s; peak memory 4819 MiB.
2026-09-28T12:29:20Z INFO [303/500] 1c24d80c-01d8-44d4-bbb4-a194e70d47f3: valid; 1.0 s; peak memory 4819 MiB.
2026-09-28T12:29:21Z INFO [304/500] 1c251178-5e90-4221-a407-5bc5bb55949a: valid; 1.6 s; peak memory 4819 MiB.
2026-09-28T12:29:32Z INFO [305/500] 1c255894-69ad-45b8-aa55-df2e13b7964c: valid; 10.5 s; peak memory 4819 MiB.
2026-09-28T12:29:33Z INFO [306/500] 1c25d8b4-e74b-414e-a543-924f261c845d: valid; 0.9 s; peak memory 4819 MiB.
2026-09-28T12:29:34Z INFO [307/500] 1c266f35-24dd-4079-9540-a33ad033e574: valid; 1.5 s; peak memory 4819 MiB.
2026-09-28T12:29:35Z INFO [308/500] 1c270974-347a-4c2b-bcbd-143921ba245b: valid; 0.9 s; peak memory 4819 MiB.
2026-09-28T12:29:36Z INFO [309/500] 1c27479a-667b-4536-9349-8d15250d7e13: valid; 0.8 s; peak memory 4819 MiB.
2026-09-28T12:29:36Z INFO [310/500] 1c279e54-f369-42b1-946a-e39cc83fbbb4: not valid; 0.6 s; peak memory 4819 MiB.
2026-09-28T12:29:37Z INFO [311/500] 1c27e414-b4eb-4178-9de4-2abd2829dfa3: not valid; 1.0 s; peak memory 4819 MiB.
2026-09-28T12:29:38Z INFO [312/500] 1c27f0a9-352d-4bea-8900-d051ab6ceace: not valid; 1.1 s; peak memory 4819 MiB.
2026-09-28T12:29:44Z INFO [313/500] 1c29da56-d2f6-41fc-aa2c-e64ae58bd2e9: valid; 5.5 s; peak memory 4830 MiB.
2026-09-28T12:29:46Z INFO [314/500] 1c29e24e-e8d7-4d86-b6b0-3106249e1a24: valid; 1.6 s; peak memory 4831 MiB.
2026-09-28T12:29:48Z INFO [315/500] 1c2a5626-b835-4456-8872-e05aef247325: valid; 2.2 s; peak memory 4831 MiB.
2026-09-28T12:29:49Z INFO [316/500] 1c2ad790-31c2-423d-b512-06eda41727c9: valid; 1.1 s; peak memory 4831 MiB.
2026-09-28T12:29:50Z INFO [317/500] 1c2ae0aa-a473-44da-a956-dae99a71bdf9: valid; 1.2 s; peak memory 4831 MiB.
2026-09-28T12:29:53Z INFO [318/500] 1c2b8243-6135-408c-b351-a9e2340dd824: valid; 2.9 s; peak memory 4831 MiB.
2026-09-28T12:29:54Z INFO [319/500] 1c2c8575-7356-45aa-b558-2de721061fc9: valid; 1.3 s; peak memory 4831 MiB.
2026-09-28T12:29:56Z INFO [320/500] 1c2d808d-f4af-4c6b-a14d-23bfa609daaa: valid; 1.4 s; peak memory 4831 MiB.
2026-09-28T12:29:57Z INFO [321/500] 1c2d9322-2cbe-4de4-8cb0-402d974ef97f: not valid; 1.0 s; peak memory 4831 MiB.
2026-09-28T12:29:58Z INFO [322/500] 1c2dddd2-9bf8-49a3-843e-f1f21272196b: valid; 1.5 s; peak memory 4831 MiB.
2026-09-28T12:29:59Z INFO [323/500] 1c2e67d3-9546-4a13-a3d0-94cb757c8715: valid; 1.0 s; peak memory 4831 MiB.
2026-09-28T12:30:01Z INFO [324/500] 1c2ed392-b965-47b9-9b34-82c96d135cb4: not valid; 1.6 s; peak memory 4831 MiB.
2026-09-28T12:30:02Z INFO [325/500] 1c2f38a3-74d0-4f04-82ec-c3ee1d68e1ab: valid; 0.8 s; peak memory 4831 MiB.
2026-09-28T12:30:02Z INFO [326/500] 1c2f4794-e6b2-4ef3-b5d1-784138545703: valid; 1.0 s; peak memory 4831 MiB.
2026-09-28T12:30:04Z INFO [327/500] 1c2f47b3-d235-4c24-bf31-d867b0c41d7c: valid; 1.2 s; peak memory 4831 MiB.
2026-09-28T12:30:07Z INFO [328/500] 1c2fff6f-f3a7-43fb-b7e2-a33218d41614: valid; 2.9 s; peak memory 4832 MiB.
2026-09-28T12:30:08Z INFO [329/500] 1c3006f9-9c52-4294-ac87-29c95310a786: valid; 1.3 s; peak memory 4832 MiB.
2026-09-28T12:30:10Z INFO [330/500] 1c308aea-4b5a-4d7d-840d-a969544cbbab: valid; 1.6 s; peak memory 4832 MiB.
2026-09-28T12:30:11Z INFO [331/500] 1c30d534-4fe9-4596-acf2-f0b704be86d7: valid; 1.5 s; peak memory 4838 MiB.
2026-09-28T12:30:15Z INFO [332/500] 1c30ddf3-a47f-430c-8b90-2734115af213: valid; 4.4 s; peak memory 4844 MiB.
2026-09-28T12:30:21Z INFO [333/500] 1c32299f-2fe5-43af-9c65-8f1b7d7cae74: valid; 5.5 s; peak memory 4887 MiB.
2026-09-28T12:30:22Z INFO [334/500] 1c32bf3e-cc4e-4544-a937-6ef3a99f9876: valid; 0.8 s; peak memory 4888 MiB.
2026-09-28T12:30:24Z INFO [335/500] 1c3460e2-0933-4df4-a210-0f5834d4fda0: valid; 2.1 s; peak memory 4893 MiB.
2026-09-28T12:30:24Z INFO [336/500] 1c34d378-508e-42b0-9f7b-ba9b31505c11: valid; 0.7 s; peak memory 4894 MiB.
2026-09-28T12:30:26Z WARNING 1c3510ab-5ba0-481b-a9df-ad560c3442e5: failed while opening the NWB file (ConstructError: (root/acquisition/_iblmic_audioSpectrogram/bands GroupBuilder {'attributes': {'colnames': array(['freq'], dtype=object), 'description': 'spectogram frequencies', 'namespace': 'core', 'neurodata_type': 'FrequencyBandsTable', 'object_id': 'ae3171c6-6243-42e7-8270-fcb366ca180f'}, 'groups': {}, 'datasets': {'freq': root/acquisition/_iblmic_audioSpectrogram/bands/freq DatasetBuilder {'attributes': {'description': 'frequency value', 'namespace': 'hdmf-common', 'neurodata_type': 'VectorData', 'object_id': '9e7da47c-7b5a-4708-a130-eabf8c5307e2'}, 'data': <HDF5 dataset "freq": shape (257,), type "<f4">}, 'id': root/acquisition/_iblmic_audioSpectrogram/bands/id DatasetBuilder {'attributes': {'namespace': 'hdmf-common', 'neurodata_type': 'ElementIdentifiers', 'object_id': 'fca10605-70c5-499a-b33e-f908917b3658'}, 'data': <HDF5 dataset "id": shape (257,), type "<i4">}}, 'links': {}}, "Could not construct FrequencyBandsTable object due to: column must have the same number of rows as 'id'"))
2026-09-28T12:30:27Z INFO [338/500] 1c351540-21a6-4f27-a041-966b271ac1bc: not valid; 0.9 s; peak memory 4896 MiB.
2026-09-28T12:30:28Z INFO [339/500] 1c35d82e-537a-475b-aff9-2d2f214a7952: valid; 1.5 s; peak memory 4896 MiB.
2026-09-28T12:30:30Z INFO [340/500] 1c35eb92-efc6-412e-8706-7fc7ac5ddf53: valid; 1.8 s; peak memory 4896 MiB.
2026-09-28T12:30:31Z INFO [341/500] 1c361c94-2662-4d32-9c0d-9e96d4d2b64d: valid; 1.3 s; peak memory 4896 MiB.
2026-09-28T12:30:40Z INFO [342/500] 1c367d19-0a22-4a3b-b3e5-5043cc6fafe7: valid; 8.2 s; peak memory 4897 MiB.
2026-09-28T12:30:40Z INFO [343/500] 1c36ff54-e930-45ac-b17d-399a1a1db08d: valid; 0.7 s; peak memory 4897 MiB.
2026-09-28T12:30:42Z INFO [344/500] 1c370c95-f9a1-48df-839e-fe0f6cf2b1fe: valid; 1.3 s; peak memory 4897 MiB.
2026-09-28T12:30:44Z INFO [345/500] 1c375bf4-414d-4e49-ab06-2d81f96a0b6a: valid; 2.7 s; peak memory 4897 MiB.
2026-09-28T12:30:45Z INFO [346/500] 1c37b5f5-68fc-4be6-92d6-aeb57d359657: valid; 1.0 s; peak memory 4897 MiB.
2026-09-28T12:30:46Z INFO [347/500] 1c39889d-2ec5-4dc5-85f5-f9a00b016c34: valid; 1.1 s; peak memory 4898 MiB.
2026-09-28T12:30:47Z INFO [348/500] 1c39bb0c-d6a0-4938-8098-47fd169d6d2b: valid; 0.6 s; peak memory 4899 MiB.
2026-09-28T12:30:48Z INFO [349/500] 1c3a0514-4180-4351-a47a-919706a03fee: valid; 1.3 s; peak memory 4900 MiB.
2026-09-28T12:30:49Z INFO [350/500] 1c3a7dc4-0f5b-4dd8-89a2-44447066cacf: valid; 1.2 s; peak memory 4902 MiB.
2026-09-28T12:30:50Z INFO [350/500] 1c3a7dc4-0f5b-4dd8-89a2-44447066cacf: checkpointed 83360 records.
2026-09-28T12:30:52Z INFO [351/500] 1c3a9bee-e82d-4e5a-b3aa-927d81db7bc7: valid; 2.5 s; peak memory 4907 MiB.
2026-09-28T12:31:00Z INFO [352/500] 1c3aa950-3b93-4969-82fd-e4c9bb04e963: valid; 7.1 s; peak memory 4918 MiB.
2026-09-28T12:31:07Z INFO [353/500] 1c3b4c79-7c72-4874-8c07-e893998d9a0e: valid; 7.8 s; peak memory 4934 MiB.
2026-09-28T12:31:09Z INFO [354/500] 1c3bc8f4-7aa5-4366-a6e6-2716edabb490: valid; 1.6 s; peak memory 4936 MiB.
2026-09-28T12:31:10Z INFO [355/500] 1c3c7e47-56e5-4890-b9de-262b59c9ffc2: valid; 1.6 s; peak memory 4937 MiB.
2026-09-28T12:31:15Z INFO [356/500] 1c3cfe78-a760-45a7-8836-b6be69c08f49: valid; 4.9 s; peak memory 4982 MiB.
2026-09-28T12:31:17Z INFO [357/500] 1c3d204e-6d87-4b92-b744-0e343a1ada99: valid; 1.4 s; peak memory 4985 MiB.
2026-09-28T12:31:19Z INFO [358/500] 1c3d8dce-7a77-4f08-abd9-66d54c54c143: valid; 1.7 s; peak memory 4985 MiB.
2026-09-28T12:31:20Z INFO [359/500] 1c3e01e8-1dfa-4607-9500-720cc434ed0c: not valid; 1.2 s; peak memory 4985 MiB.
2026-09-28T12:31:21Z INFO [360/500] 1c3e8881-4d8c-481d-b27c-9193a782ebf5: valid; 1.5 s; peak memory 4985 MiB.
2026-09-28T12:31:22Z INFO [361/500] 1c3ebb8c-3ec6-400d-ad31-f28a91eaa425: valid; 1.0 s; peak memory 4985 MiB.
2026-09-28T12:31:23Z INFO [362/500] 1c3efcea-df63-4f34-b905-0574a47b730a: valid; 0.9 s; peak memory 4985 MiB.
2026-09-28T12:31:24Z INFO [363/500] 1c3ffee6-2c01-4246-8270-9fa3f7599494: not valid; 0.7 s; peak memory 4985 MiB.
2026-09-28T12:31:25Z INFO [364/500] 1c4106cc-8d88-43fe-95e6-87967dee9656: valid; 1.7 s; peak memory 4985 MiB.
2026-09-28T12:31:26Z INFO [365/500] 1c4175a5-eada-45ba-96cb-3469c6b69a20: valid; 0.9 s; peak memory 4985 MiB.
2026-09-28T12:31:28Z INFO [366/500] 1c419371-e258-48ca-9d8d-b5eea10c5713: valid; 1.8 s; peak memory 4985 MiB.
2026-09-28T12:31:30Z INFO [367/500] 1c41e4a8-a655-46f7-a3bf-4aabf8aff747: not valid; 2.1 s; peak memory 4985 MiB.
2026-09-28T12:31:30Z WARNING 1c41f5c1-0454-41a1-8b02-7eccae1ab0a0: failed while retrieving asset information from the DANDI API (NotFoundError: No asset at path 'sub-456772/sub-456772_ses-20191123T135013_behavior+ecephys+ogen.nwb' in version 0.231012.2129. Verify the path is correct and the asset exists in this version. Use 'dandi ls' to list available assets.)
2026-09-28T12:31:31Z WARNING 1c4214a3-dc18-495a-98ab-51c3e59abea8: failed while opening the NWB file (ValueError: Cannot resolve included group spec 'electrodes' with data_type_inc 'ElectrodesTable' because a group spec with the same name already exists with data_type_inc 'DynamicTable', and data type 'DynamicTable' is not a child type of data type 'ElectrodesTable'.)
2026-09-28T12:31:32Z INFO [370/500] 1c427bd4-b3a0-417c-a297-0e2dc45579a4: valid; 0.9 s; peak memory 4985 MiB.
2026-09-28T12:31:33Z INFO [371/500] 1c42ed09-5003-4e18-9420-43c7a9ef3109: valid; 0.7 s; peak memory 4985 MiB.
2026-09-28T12:31:34Z INFO [372/500] 1c434c8d-aef9-47a9-8aa7-7516a044cd65: valid; 1.3 s; peak memory 4985 MiB.
2026-09-28T12:31:36Z INFO [373/500] 1c443cff-58a3-4554-ac43-c0dad9131597: valid; 1.8 s; peak memory 4985 MiB.
2026-09-28T12:31:38Z INFO [374/500] 1c449cd7-b043-448e-8336-fc4b2494144b: valid; 1.7 s; peak memory 4985 MiB.
2026-09-28T12:31:40Z INFO [375/500] 1c451cba-f5bf-4f5d-9475-2051c594c2e3: valid; 2.1 s; peak memory 4985 MiB.
2026-09-28T12:31:41Z INFO [376/500] 1c453bce-c3c3-4630-b278-26e5defa964b: valid; 0.8 s; peak memory 4985 MiB.
2026-09-28T12:31:42Z INFO [377/500] 1c45c7e7-bc87-4f36-bca5-cc3836be673b: valid; 1.2 s; peak memory 4985 MiB.
2026-09-28T12:31:48Z INFO [378/500] 1c4628b6-7183-4f92-bef8-e95eeb911219: valid; 6.0 s; peak memory 5000 MiB.
2026-09-28T12:31:48Z WARNING 1c463605-1475-4fc2-993f-87cae621d326: failed while retrieving asset information from the DANDI API (NotFoundError: No asset at path 'sub-healthy-simulated-lfp/sub-healthy-simulated-lfp_ses-6340_ecephys.nwb' in version 0.250327.2220. Verify the path is correct and the asset exists in this version. Use 'dandi ls' to list available assets.)
2026-09-28T12:31:49Z INFO [380/500] 1c4695da-827f-4a23-8f7d-e9665f1797b3: valid; 0.6 s; peak memory 5003 MiB.
2026-09-28T12:31:49Z INFO [381/500] 1c46fa13-9c6c-4d2b-9042-6abcbd18d78b: valid; 0.9 s; peak memory 5005 MiB.
2026-09-28T12:31:51Z INFO [382/500] 1c46ff72-7230-449f-895a-13fa72d67866: valid; 1.7 s; peak memory 5010 MiB.
2026-09-28T12:31:52Z INFO [383/500] 1c47dd34-da7b-4788-ba29-df9e8285ea0e: not valid; 1.2 s; peak memory 5010 MiB.
2026-09-28T12:31:53Z INFO [384/500] 1c482057-562a-4454-8fe8-09003e338680: valid; 1.0 s; peak memory 5010 MiB.
2026-09-28T12:31:55Z INFO [385/500] 1c48375f-3e7a-432a-a8f7-db96191f3175: valid; 1.5 s; peak memory 5010 MiB.
2026-09-28T12:31:55Z WARNING 1c48ff01-0c36-4d29-8790-421350a86557: failed while retrieving asset information from the DANDI API (NotFoundError: No asset at path 'sub-ZS060/sub-ZS060_ses-behavior-ZS060-2021-03-31-15-45-00.nwb' in version draft. Verify the path is correct and the asset exists in this version. Use 'dandi ls' to list available assets.)
2026-09-28T12:31:57Z INFO [387/500] 1c49563a-d22d-4c0c-936f-12d47327c986: valid; 1.9 s; peak memory 5010 MiB.
2026-09-28T12:31:58Z INFO [388/500] 1c4a0e0a-d3b3-48a3-bd63-2b0a965274f1: valid; 0.9 s; peak memory 5010 MiB.
2026-09-28T12:31:59Z INFO [389/500] 1c4a89c9-a9b2-461a-8db7-54b3478fda59: not valid; 1.4 s; peak memory 5010 MiB.
2026-09-28T12:32:00Z INFO [390/500] 1c4cea3f-3874-4da9-b743-45cd4f73f5f2: valid; 0.9 s; peak memory 5010 MiB.
2026-09-28T12:32:02Z INFO [391/500] 1c4d4036-0f6c-43c1-82f0-73cc952de0ff: valid; 1.6 s; peak memory 5010 MiB.
2026-09-28T12:32:03Z INFO [392/500] 1c4defe8-dba7-4811-a5a1-d4156cb96d02: not valid; 1.0 s; peak memory 5011 MiB.
2026-09-28T12:32:04Z INFO [393/500] 1c4ef482-37d5-4b3c-931b-d8536118a050: valid; 1.7 s; peak memory 5016 MiB.
2026-09-28T12:32:05Z INFO [394/500] 1c4ef752-af7c-45e8-b41f-edc0cbb59288: valid; 0.8 s; peak memory 5019 MiB.
2026-09-28T12:32:08Z INFO [395/500] 1c4f15b8-a041-4974-b934-7a0102de4942: not valid; 2.9 s; peak memory 5023 MiB.
2026-09-28T12:32:19Z INFO [396/500] 1c4f5b38-1181-4354-8376-b675678e3386: valid; 11.0 s; peak memory 5094 MiB.
2026-09-28T12:32:20Z WARNING 1c4f8975-172a-4e07-9c1b-7e9f25dac4b2: failed while opening the NWB file (ConstructError: (root/acquisition/_iblmic_audioSpectrogram/bands GroupBuilder {'attributes': {'colnames': array(['freq'], dtype=object), 'description': 'spectogram frequencies', 'namespace': 'core', 'neurodata_type': 'FrequencyBandsTable', 'object_id': 'f4d85bd0-5aac-4002-a5f6-7d337f316982'}, 'groups': {}, 'datasets': {'freq': root/acquisition/_iblmic_audioSpectrogram/bands/freq DatasetBuilder {'attributes': {'description': 'frequency value', 'namespace': 'hdmf-common', 'neurodata_type': 'VectorData', 'object_id': '768802fd-dbb6-476a-8886-2e4244a4be99'}, 'data': <HDF5 dataset "freq": shape (257,), type "<f4">}, 'id': root/acquisition/_iblmic_audioSpectrogram/bands/id DatasetBuilder {'attributes': {'namespace': 'hdmf-common', 'neurodata_type': 'ElementIdentifiers', 'object_id': 'e79421bd-d9b0-4d6b-9ad7-fe25c84b9029'}, 'data': <HDF5 dataset "id": shape (257,), type "<i4">}}, 'links': {}}, "Could not construct FrequencyBandsTable object due to: column must have the same number of rows as 'id'"))
2026-09-28T12:32:21Z INFO [398/500] 1c4fe9fb-5cde-4e24-9d8c-576ce203ae93: valid; 0.9 s; peak memory 5096 MiB.
2026-09-28T12:32:23Z INFO [399/500] 1c507242-7219-45f3-90f6-1e32c90db35a: valid; 1.2 s; peak memory 5096 MiB.
2026-09-28T12:32:24Z WARNING 1c512a14-9d77-457c-9377-a8d299702233: failed while opening the NWB file (ConstructError: (root/acquisition/_iblmic_audioSpectrogram/bands GroupBuilder {'attributes': {'colnames': array(['freq'], dtype=object), 'description': 'spectogram frequencies', 'namespace': 'core', 'neurodata_type': 'FrequencyBandsTable', 'object_id': '7ee51e7f-c671-43d4-b74b-0f9ac697afb7'}, 'groups': {}, 'datasets': {'freq': root/acquisition/_iblmic_audioSpectrogram/bands/freq DatasetBuilder {'attributes': {'description': 'frequency value', 'namespace': 'hdmf-common', 'neurodata_type': 'VectorData', 'object_id': 'ef2759ba-2fb5-4c6c-9dea-8a62696b07f8'}, 'data': <HDF5 dataset "freq": shape (257,), type "<f4">}, 'id': root/acquisition/_iblmic_audioSpectrogram/bands/id DatasetBuilder {'attributes': {'namespace': 'hdmf-common', 'neurodata_type': 'ElementIdentifiers', 'object_id': '8edf6068-1602-4699-9af4-bdcd091896e7'}, 'data': <HDF5 dataset "id": shape (257,), type "<i4">}}, 'links': {}}, "Could not construct FrequencyBandsTable object due to: column must have the same number of rows as 'id'"))
2026-09-28T12:32:24Z INFO [400/500] 1c512a14-9d77-457c-9377-a8d299702233: checkpointed 83410 records.
2026-09-28T12:32:26Z INFO [401/500] 1c521598-dbb5-4249-80e5-ce2b4bf0d705: valid; 1.6 s; peak memory 5097 MiB.
2026-09-28T12:32:27Z INFO [402/500] 1c5234b9-5ca7-46fa-83e1-7cc08d16cd11: valid; 1.0 s; peak memory 5097 MiB.
2026-09-28T12:32:28Z INFO [403/500] 1c528ed7-296b-4312-80b8-82fff1e8608a: valid; 0.7 s; peak memory 5097 MiB.
2026-09-28T12:32:29Z INFO [404/500] 1c529be9-8be0-4154-acc9-e09134f55b7f: not valid; 1.0 s; peak memory 5097 MiB.
2026-09-28T12:32:30Z INFO [405/500] 1c533986-14a8-4397-8cd0-32d044ffff6f: not valid; 1.4 s; peak memory 5097 MiB.
2026-09-28T12:33:47Z INFO [406/500] 1c538be5-ef7e-4ad2-b04f-118cee101e62: valid; 77.4 s; peak memory 5477 MiB.
2026-09-28T12:33:51Z INFO [407/500] 1c539421-3ed2-4d74-abd9-870e1b910753: not valid; 3.2 s; peak memory 5477 MiB.
2026-09-28T12:33:55Z INFO [408/500] 1c53c3e9-6086-4ea4-baa5-4ffec0361ee0: valid; 4.1 s; peak memory 5498 MiB.
2026-09-28T12:34:00Z INFO [409/500] 1c543a71-350c-4ba7-a4f5-0b9d98df996c: valid; 5.3 s; peak memory 5658 MiB.
2026-09-28T12:34:01Z INFO [410/500] 1c545159-e83a-4547-93d5-475ebd74d25d: valid; 1.3 s; peak memory 5658 MiB.
2026-09-28T12:34:14Z INFO [411/500] 1c546033-98a4-4d16-9ce8-f08158c1f5e9: valid; 12.7 s; peak memory 5661 MiB.
2026-09-28T12:34:15Z INFO [412/500] 1c5577b5-f122-4f28-be13-5ab76c0a683a: valid; 0.9 s; peak memory 5661 MiB.
2026-09-28T12:34:17Z INFO [413/500] 1c56911a-5c14-48c3-a468-c71947e2039e: valid; 2.4 s; peak memory 5670 MiB.
2026-09-28T12:34:18Z INFO [414/500] 1c56b5f6-7c1d-4bf7-94ed-407767d86e8c: valid; 0.9 s; peak memory 5672 MiB.
2026-09-28T12:34:21Z INFO [415/500] 1c56e60f-355d-445a-8b4c-6772c9cc5537: valid; 3.2 s; peak memory 5681 MiB.
2026-09-28T12:34:23Z INFO [416/500] 1c572678-a0aa-40d6-86a5-fdadefd000f2: valid; 1.4 s; peak memory 5694 MiB.
2026-09-28T12:34:24Z INFO [417/500] 1c57792d-6b45-4cce-81f4-5d75dda3c5a3: valid; 1.0 s; peak memory 5699 MiB.
2026-09-28T12:34:25Z INFO [418/500] 1c57de1c-1e9f-4974-abf7-a47c2032139f: valid; 1.0 s; peak memory 5701 MiB.
2026-09-28T12:34:26Z INFO [419/500] 1c58ae4e-e873-45e0-8e42-48738078f8f9: valid; 0.9 s; peak memory 5703 MiB.
2026-09-28T12:34:28Z INFO [420/500] 1c58c83f-5ef5-4dba-8c4b-594bd2c08930: valid; 2.1 s; peak memory 5707 MiB.
2026-09-28T12:34:43Z INFO [421/500] 1c58d795-4fde-45ef-9429-86f022228eab: valid; 15.3 s; peak memory 5707 MiB.
2026-09-28T12:34:44Z INFO [422/500] 1c591497-10e7-413f-b759-e9bc183d35ea: valid; 1.2 s; peak memory 5707 MiB.
2026-09-28T12:34:45Z WARNING 1c59dace-0b4f-4ff3-8737-7a7deb4b84f2: failed while opening the NWB file (ConstructError: (root/acquisition/_iblmic_audioSpectrogram/bands GroupBuilder {'attributes': {'colnames': array(['freq'], dtype=object), 'description': 'spectogram frequencies', 'namespace': 'core', 'neurodata_type': 'FrequencyBandsTable', 'object_id': '2867b613-d56f-47d2-a43d-794d08cd3982'}, 'groups': {}, 'datasets': {'freq': root/acquisition/_iblmic_audioSpectrogram/bands/freq DatasetBuilder {'attributes': {'description': 'frequency value', 'namespace': 'hdmf-common', 'neurodata_type': 'VectorData', 'object_id': '430d1c18-eb6c-4a07-a6f8-ae3e5b213aa5'}, 'data': <HDF5 dataset "freq": shape (257,), type "<f4">}, 'id': root/acquisition/_iblmic_audioSpectrogram/bands/id DatasetBuilder {'attributes': {'namespace': 'hdmf-common', 'neurodata_type': 'ElementIdentifiers', 'object_id': 'a833bb0e-d4f4-478c-b029-150fe2c756dc'}, 'data': <HDF5 dataset "id": shape (257,), type "<i4">}}, 'links': {}}, "Could not construct FrequencyBandsTable object due to: column must have the same number of rows as 'id'"))
2026-09-28T12:34:47Z INFO [424/500] 1c5ac22d-47c6-4227-9d40-852c11166133: valid; 2.0 s; peak memory 5707 MiB.
2026-09-28T12:34:50Z INFO [425/500] 1c5ae29d-15e7-4cc1-9e43-81b5aae38a86: valid; 2.5 s; peak memory 5707 MiB.
2026-09-28T12:34:51Z INFO [426/500] 1c5b3d9d-0e53-4e71-8c33-9d544dcba374: valid; 0.8 s; peak memory 5707 MiB.
2026-09-28T12:34:54Z INFO [427/500] 1c5b7589-a021-4140-a101-0caea5d98008: valid; 2.9 s; peak memory 5707 MiB.
2026-09-28T12:34:55Z INFO [428/500] 1c5b8391-e897-45d9-9d68-cc4e6ebc7179: not valid; 0.9 s; peak memory 5707 MiB.
2026-09-28T12:34:58Z INFO [429/500] 1c5ba3c2-7fb2-4b50-8e78-d4b38d84f02b: not valid; 3.7 s; peak memory 5707 MiB.
2026-09-28T12:35:01Z INFO [430/500] 1c5bdb3e-decf-4a54-8751-91316c677a7a: valid; 2.3 s; peak memory 5707 MiB.
2026-09-28T12:35:01Z INFO [431/500] 1c5cee07-d981-4077-b4c6-cca209959d91: not valid; 0.9 s; peak memory 5707 MiB.
2026-09-28T12:35:02Z INFO [432/500] 1c5cfd0c-5190-4782-92d1-f557d2167081: valid; 1.0 s; peak memory 5707 MiB.
2026-09-28T12:35:04Z INFO [433/500] 1c5d0d26-c757-4f11-a911-fc3045545d22: not valid; 1.4 s; peak memory 5707 MiB.
2026-09-28T12:35:05Z INFO [434/500] 1c5d1fe3-6714-4890-92df-a688d0375e8c: valid; 1.3 s; peak memory 5707 MiB.
2026-09-28T12:35:15Z INFO [435/500] 1c5d9e70-cf76-4917-9ebf-357cec883a3e: valid; 9.8 s; peak memory 5707 MiB.
2026-09-28T12:35:17Z INFO [436/500] 1c5daefe-58b6-44de-8df1-2d6af8f9e2cf: valid; 1.6 s; peak memory 5707 MiB.
2026-09-28T12:35:18Z INFO [437/500] 1c5dd05b-6c33-4575-a3dd-1a4cd264f89e: valid; 1.0 s; peak memory 5707 MiB.
2026-09-28T12:35:19Z INFO [438/500] 1c5e086d-a5ee-4caa-84dc-7d0670667dbb: valid; 1.0 s; peak memory 5707 MiB.
2026-09-28T12:35:20Z INFO [439/500] 1c5fb28c-2af9-4708-aa60-929cc22c8414: valid; 1.3 s; peak memory 5707 MiB.
2026-09-28T12:35:21Z INFO [440/500] 1c5fe11b-f99c-4e29-86f2-123d31715c35: valid; 1.2 s; peak memory 5707 MiB.
2026-09-28T12:35:22Z INFO [441/500] 1c600a03-6b47-4e32-9c47-4065b5266acf: valid; 0.9 s; peak memory 5707 MiB.
2026-09-28T12:35:23Z WARNING 1c60e80c-93ac-4e7a-853b-11a3dfac290e: failed while opening the NWB file (ConstructError: (root/acquisition/_iblmic_audioSpectrogram/bands GroupBuilder {'attributes': {'colnames': array(['freq'], dtype=object), 'description': 'spectogram frequencies', 'namespace': 'core', 'neurodata_type': 'FrequencyBandsTable', 'object_id': '1efd12e0-cd67-429f-828a-e7a0117fbdf3'}, 'groups': {}, 'datasets': {'freq': root/acquisition/_iblmic_audioSpectrogram/bands/freq DatasetBuilder {'attributes': {'description': 'frequency value', 'namespace': 'hdmf-common', 'neurodata_type': 'VectorData', 'object_id': 'aab35717-4c77-4da9-9c91-d4f74b739c8b'}, 'data': <HDF5 dataset "freq": shape (257,), type "<f4">}, 'id': root/acquisition/_iblmic_audioSpectrogram/bands/id DatasetBuilder {'attributes': {'namespace': 'hdmf-common', 'neurodata_type': 'ElementIdentifiers', 'object_id': '82d23b75-a011-45d7-bf55-04b3ddbd2550'}, 'data': <HDF5 dataset "id": shape (257,), type "<i4">}}, 'links': {}}, "Could not construct FrequencyBandsTable object due to: column must have the same number of rows as 'id'"))
2026-09-28T12:35:25Z INFO [443/500] 1c6184b7-bc5c-4d43-b63d-722b66dcf8f9: not valid; 1.7 s; peak memory 5707 MiB.
2026-09-28T12:35:33Z INFO [444/500] 1c622626-48fa-4efd-b3a2-19ad9009cdb8: valid; 8.0 s; peak memory 5707 MiB.
2026-09-28T12:35:37Z INFO [445/500] 1c626c7a-97a1-4699-8302-f088e16fcc88: valid; 4.4 s; peak memory 5707 MiB.
2026-09-28T12:35:39Z INFO [446/500] 1c6272ec-ba39-4114-a820-4e3eb0d13573: valid; 1.4 s; peak memory 5707 MiB.
2026-09-28T12:35:40Z INFO [447/500] 1c62f3d7-453d-4130-8ff7-e5e6e3f41d22: valid; 1.4 s; peak memory 5707 MiB.
2026-09-28T12:35:42Z INFO [448/500] 1c62f4b1-cf37-4909-8628-5f328287b2f2: valid; 1.4 s; peak memory 5707 MiB.
2026-09-28T12:35:44Z INFO [449/500] 1c631203-7cfd-4fb9-bef9-48de4f99f43c: valid; 2.1 s; peak memory 5707 MiB.
2026-09-28T12:35:45Z INFO [450/500] 1c6376f4-1947-4866-b18e-d9efd5c744af: valid; 0.9 s; peak memory 5707 MiB.
2026-09-28T12:35:45Z INFO [450/500] 1c6376f4-1947-4866-b18e-d9efd5c744af: checkpointed 83460 records.
2026-09-28T12:35:47Z INFO [451/500] 1c640692-8add-4c64-b7d9-0fac156f95ae: not valid; 2.3 s; peak memory 5707 MiB.
2026-09-28T12:35:49Z INFO [452/500] 1c64433b-ee00-4f95-8020-747aab5bf6df: valid; 1.6 s; peak memory 5707 MiB.
2026-09-28T12:36:01Z INFO [453/500] 1c64c940-b313-41ce-b573-25b87ca1319e: valid; 11.4 s; peak memory 5707 MiB.
2026-09-28T12:36:13Z INFO [454/500] 1c64e748-7c07-4172-869e-d71563d798b5: valid; 12.4 s; peak memory 5716 MiB.
2026-09-28T12:36:14Z INFO [455/500] 1c64fdfd-ca84-4b17-8d29-a48117bd61c3: valid; 1.0 s; peak memory 5716 MiB.
2026-09-28T12:36:15Z INFO [456/500] 1c65afb3-7ee9-41e4-9894-4bc848f0d72f: valid; 1.3 s; peak memory 5716 MiB.
2026-09-28T12:36:16Z INFO [457/500] 1c65faf2-61ea-48c2-bc9a-1b61befb8e3b: valid; 1.3 s; peak memory 5716 MiB.
2026-09-28T12:36:19Z INFO [458/500] 1c665b8c-26c3-4eef-aa1e-191df2687144: valid; 2.1 s; peak memory 5716 MiB.
2026-09-28T12:36:26Z INFO [459/500] 1c66c883-2f76-4abf-ac30-7616b7befa1c: valid; 7.8 s; peak memory 5716 MiB.
2026-09-28T12:36:28Z INFO [460/500] 1c68b54c-1d0e-4b59-9b81-d951a9f0eb78: valid; 1.4 s; peak memory 5716 MiB.
2026-09-28T12:36:29Z INFO [461/500] 1c6965fa-379f-46bc-9b7b-593756819f17: not valid; 1.0 s; peak memory 5716 MiB.
2026-09-28T12:36:30Z INFO [462/500] 1c69e5db-c6ba-4109-8fd7-6381ac9ffeea: valid; 1.0 s; peak memory 5716 MiB.
2026-09-28T12:36:31Z INFO [463/500] 1c6b87de-4430-4467-9555-a81c45e59be5: not valid; 0.9 s; peak memory 5716 MiB.
2026-09-28T12:36:39Z INFO [464/500] 1c6ba084-4eb0-47bf-8b66-56d9fcce22d5: valid; 8.2 s; peak memory 5726 MiB.
2026-09-28T12:36:41Z INFO [465/500] 1c6c2284-7cc6-45c2-8b5c-02e96ebf63b6: valid; 1.7 s; peak memory 5726 MiB.
2026-09-28T12:36:42Z WARNING 1c6c28af-5d84-4ec6-ae84-f7276b151133: failed while opening the NWB file (ConstructError: (root/acquisition/_iblmic_audioSpectrogram/bands GroupBuilder {'attributes': {'colnames': array(['freq'], dtype=object), 'description': 'spectogram frequencies', 'namespace': 'core', 'neurodata_type': 'FrequencyBandsTable', 'object_id': '3e164c43-b590-4d8c-9188-06156b0778a9'}, 'groups': {}, 'datasets': {'freq': root/acquisition/_iblmic_audioSpectrogram/bands/freq DatasetBuilder {'attributes': {'description': 'frequency value', 'namespace': 'hdmf-common', 'neurodata_type': 'VectorData', 'object_id': '08d72452-1059-4467-aff5-0906137bd97b'}, 'data': <HDF5 dataset "freq": shape (257,), type "<f4">}, 'id': root/acquisition/_iblmic_audioSpectrogram/bands/id DatasetBuilder {'attributes': {'namespace': 'hdmf-common', 'neurodata_type': 'ElementIdentifiers', 'object_id': '324dbf7c-2367-412a-b4d9-f1ebf84df224'}, 'data': <HDF5 dataset "id": shape (257,), type "<i4">}}, 'links': {}}, "Could not construct FrequencyBandsTable object due to: column must have the same number of rows as 'id'"))
2026-09-28T12:36:43Z INFO [467/500] 1c6c7359-e68e-4b9b-ad47-d1e3497a6677: valid; 1.0 s; peak memory 5726 MiB.
2026-09-28T12:36:44Z INFO [468/500] 1c6c8882-0a2c-451a-baa8-9672d8467a2b: not valid; 0.9 s; peak memory 5726 MiB.
2026-09-28T12:36:54Z INFO [469/500] 1c6d601f-3b8e-42da-862c-5accdf7bc38e: valid; 10.3 s; peak memory 5732 MiB.
2026-09-28T12:36:55Z INFO [470/500] 1c6d6569-0fed-4307-adef-06eaa1b8a630: valid; 1.1 s; peak memory 5732 MiB.
2026-09-28T12:36:57Z INFO [471/500] 1c6dcb4f-29ef-4a70-b0c2-e42e980f37d8: valid; 1.4 s; peak memory 5732 MiB.
2026-09-28T12:37:00Z INFO [472/500] 1c6dcd76-2799-41ed-b1e5-8646e42497ba: valid; 3.8 s; peak memory 5732 MiB.
2026-09-28T12:37:06Z INFO [473/500] 1c6e22cf-176d-4506-9e19-87ca77c48880: not valid; 5.8 s; peak memory 5732 MiB.
2026-09-28T12:37:08Z INFO [474/500] 1c6e636f-a4d3-44fd-a9a1-2e5035fc92e9: not valid; 1.5 s; peak memory 5732 MiB.
2026-09-28T12:37:09Z INFO [475/500] 1c6e712f-6b12-4a13-afce-746c6c4ad767: valid; 1.2 s; peak memory 5732 MiB.
2026-09-28T12:37:11Z INFO [476/500] 1c6f4a8e-0319-41ac-bfcf-bf8cb22459cb: valid; 2.0 s; peak memory 5732 MiB.
2026-09-28T12:37:12Z INFO [477/500] 1c6fb3c5-6a0c-408c-9fbc-00ed62d5bd25: not valid; 1.0 s; peak memory 5732 MiB.
2026-09-28T12:37:14Z INFO [478/500] 1c6fb513-e6c8-4e6b-9682-7295cfd54bb6: valid; 1.8 s; peak memory 5732 MiB.
2026-09-28T12:37:15Z INFO [479/500] 1c6fd78b-d8ab-4575-b057-fc87ef003650: not valid; 1.4 s; peak memory 5732 MiB.
2026-09-28T12:37:16Z WARNING 1c6ff3aa-a86e-4d88-861d-e08c7e79cfa8: failed while opening the NWB file (ConstructError: (root/acquisition/_iblmic_audioSpectrogram/bands GroupBuilder {'attributes': {'colnames': array(['freq'], dtype=object), 'description': 'spectogram frequencies', 'namespace': 'core', 'neurodata_type': 'FrequencyBandsTable', 'object_id': 'b9c09726-0373-4754-93bd-9594243086eb'}, 'groups': {}, 'datasets': {'freq': root/acquisition/_iblmic_audioSpectrogram/bands/freq DatasetBuilder {'attributes': {'description': 'frequency value', 'namespace': 'hdmf-common', 'neurodata_type': 'VectorData', 'object_id': 'a0773b50-9a04-4fdf-8201-7545cd78530a'}, 'data': <HDF5 dataset "freq": shape (257,), type "<f4">}, 'id': root/acquisition/_iblmic_audioSpectrogram/bands/id DatasetBuilder {'attributes': {'namespace': 'hdmf-common', 'neurodata_type': 'ElementIdentifiers', 'object_id': 'b4a6fa92-3bd1-49d7-bff9-2c437bef2215'}, 'data': <HDF5 dataset "id": shape (257,), type "<i4">}}, 'links': {}}, "Could not construct FrequencyBandsTable object due to: column must have the same number of rows as 'id'"))
2026-09-28T12:37:18Z INFO [481/500] 1c705275-4abd-4ac8-9564-be3f394a4d04: valid; 1.5 s; peak memory 5732 MiB.
2026-09-28T12:37:20Z INFO [482/500] 1c7061d5-1f00-4c15-8ff9-07b10297c0c4: valid; 1.7 s; peak memory 5732 MiB.
2026-09-28T12:37:21Z INFO [483/500] 1c70f451-767b-4792-b372-704374cdeffb: not valid; 1.1 s; peak memory 5732 MiB.
2026-09-28T12:37:22Z INFO [484/500] 1c711e31-f892-4672-b0ae-dd5cb253fd9e: not valid; 1.1 s; peak memory 5732 MiB.
2026-09-28T12:37:23Z INFO [485/500] 1c716ceb-8b98-4d05-8441-86d8cc352515: valid; 1.0 s; peak memory 5732 MiB.
2026-09-28T12:37:24Z INFO [486/500] 1c71a8cb-4c6e-41e0-827d-017e908f3993: not valid; 0.9 s; peak memory 5732 MiB.
2026-09-28T12:37:26Z INFO [487/500] 1c71f9ce-1bba-42c3-baf5-91898067b821: valid; 1.8 s; peak memory 5732 MiB.
2026-09-28T12:37:29Z INFO [488/500] 1c720772-0d54-4d96-bf06-dde08e9e1a80: valid; 3.7 s; peak memory 5758 MiB.
2026-09-28T12:37:31Z INFO [489/500] 1c723520-a60f-41d5-aa97-9bfdbd10ec51: valid; 2.0 s; peak memory 5758 MiB.
2026-09-28T12:37:32Z INFO [490/500] 1c73712a-a158-42f2-bb13-d403a2468e41: valid; 1.0 s; peak memory 5758 MiB.
2026-09-28T12:37:34Z INFO [491/500] 1c73a288-db31-42f5-9764-c9d8ee8c7dd2: valid; 1.5 s; peak memory 5758 MiB.
2026-09-28T12:37:35Z INFO [492/500] 1c73d78e-32fd-4703-bf56-a11313236d7d: valid; 1.2 s; peak memory 5758 MiB.
2026-09-28T12:37:37Z INFO [493/500] 1c73fac1-4415-407c-b0a3-1b0d17b371a3: not valid; 1.6 s; peak memory 5758 MiB.
2026-09-28T12:37:40Z INFO [494/500] 1c740fba-3b5d-4453-a31b-2364800236b7: valid; 3.8 s; peak memory 5758 MiB.
2026-09-28T12:37:41Z INFO [495/500] 1c741a55-f433-4c42-b3bd-c089b6d7d5ea: valid; 1.1 s; peak memory 5758 MiB.
2026-09-28T12:37:42Z INFO [496/500] 1c742ce0-8f4c-4326-8ac9-04f68b319e3f: not valid; 1.1 s; peak memory 5758 MiB.
2026-09-28T12:37:54Z INFO [497/500] 1c747991-f251-4dac-bf32-4d1c32a5af3a: valid; 11.3 s; peak memory 5766 MiB.
2026-09-28T12:37:55Z INFO [498/500] 1c74a179-9c7a-4034-a94b-357dd88b1b5d: valid; 1.5 s; peak memory 5766 MiB.
2026-09-28T12:37:56Z INFO [499/500] 1c74da12-5946-46e1-af9d-4252c584a68b: valid; 1.0 s; peak memory 5768 MiB.
2026-09-28T12:37:58Z WARNING 1c74ff72-62e5-429e-8efb-0be0456197aa: failed while opening the NWB file (ConstructError: (root/acquisition/_iblmic_audioSpectrogram/bands GroupBuilder {'attributes': {'colnames': array(['freq'], dtype=object), 'description': 'spectogram frequencies', 'namespace': 'core', 'neurodata_type': 'FrequencyBandsTable', 'object_id': '450881b8-c5c0-4d9e-a485-754eae70aafe'}, 'groups': {}, 'datasets': {'freq': root/acquisition/_iblmic_audioSpectrogram/bands/freq DatasetBuilder {'attributes': {'description': 'frequency value', 'namespace': 'hdmf-common', 'neurodata_type': 'VectorData', 'object_id': 'dc772d82-cd65-4c4b-a644-8397eddaaa08'}, 'data': <HDF5 dataset "freq": shape (257,), type "<f4">}, 'id': root/acquisition/_iblmic_audioSpectrogram/bands/id DatasetBuilder {'attributes': {'namespace': 'hdmf-common', 'neurodata_type': 'ElementIdentifiers', 'object_id': '4c25d8ae-f548-431b-b3e1-e2763fdfda2f'}, 'data': <HDF5 dataset "id": shape (257,), type "<i4">}}, 'links': {}}, "Could not construct FrequencyBandsTable object due to: column must have the same number of rows as 'id'"))
2026-09-28T12:37:58Z INFO [500/500] 1c74ff72-62e5-429e-8efb-0be0456197aa: checkpointed 83510 records.
2026-09-28T12:37:59Z INFO Wrote 83510 records to /tmp/derivatives/content_id_to_valid_nwb_file.jsonl (472 new, 28 failed) in 27.2 min (peak memory 5772 MiB).
