2026-09-24T16:01:16Z INFO Logging to /tmp/logs/update_2026-09-24T16-01-16Z.log.
2026-09-24T16:01:16Z INFO Update content-id-to-valid-nwb-file (base directory /tmp).
2026-09-24T16:01:19Z INFO Processing 500 items (77510 already recorded).
2026-09-24T16:01:21Z INFO [1/500] 133dd1b8-af06-486d-967d-834c046b8a12: not valid; 2.4 s; peak memory 342 MiB.
2026-09-24T16:01:23Z INFO [2/500] 133e077f-8ffe-4461-9f90-798eed447623: valid; 1.7 s; peak memory 344 MiB.
2026-09-24T16:01:24Z INFO [3/500] 133e1d65-eab6-414d-af9c-e70c2b4c942b: valid; 1.2 s; peak memory 346 MiB.
2026-09-24T16:01:27Z INFO [4/500] 133e6384-ec85-4826-945e-4ce42a36be4f: valid; 2.6 s; peak memory 353 MiB.
2026-09-24T16:01:29Z WARNING 133e9865-e476-47be-8059-49489fa91696: failed while opening the NWB file (ConstructError: (root/acquisition/_iblmic_audioSpectrogram/bands GroupBuilder {'attributes': {'colnames': array(['freq'], dtype=object), 'description': 'spectogram frequencies', 'namespace': 'core', 'neurodata_type': 'FrequencyBandsTable', 'object_id': '0ded8e41-4daa-4922-89c5-1dfc9aa62be9'}, 'groups': {}, 'datasets': {'freq': root/acquisition/_iblmic_audioSpectrogram/bands/freq DatasetBuilder {'attributes': {'description': 'frequency value', 'namespace': 'hdmf-common', 'neurodata_type': 'VectorData', 'object_id': '8c68c5b6-704f-47d8-823b-cd7d7ba43276'}, 'data': <HDF5 dataset "freq": shape (257,), type "<f4">}, 'id': root/acquisition/_iblmic_audioSpectrogram/bands/id DatasetBuilder {'attributes': {'namespace': 'hdmf-common', 'neurodata_type': 'ElementIdentifiers', 'object_id': '70edc14a-5c2d-413f-b45b-30764f1f529f'}, 'data': <HDF5 dataset "id": shape (257,), type "<i4">}}, 'links': {}}, "Could not construct FrequencyBandsTable object due to: column must have the same number of rows as 'id'"))
2026-09-24T16:01:32Z INFO [6/500] 133fb86c-53a9-46e6-9947-816b7083860e: valid; 3.1 s; peak memory 384 MiB.
2026-09-24T16:01:36Z INFO [7/500] 133fdedd-fd51-4100-8377-c771b1aa8721: not valid; 4.2 s; peak memory 400 MiB.
2026-09-24T16:01:40Z INFO [8/500] 133fecfd-538b-4237-9696-95fe08005d88: not valid; 4.1 s; peak memory 417 MiB.
2026-09-24T16:01:41Z INFO [9/500] 133fedf3-469a-4d4f-a579-8c1f0eb48d88: valid; 1.4 s; peak memory 417 MiB.
2026-09-24T16:01:44Z INFO [10/500] 13406bbd-8622-40f5-8d91-c38b76510513: not valid; 2.4 s; peak memory 430 MiB.
2026-09-24T16:01:45Z INFO [11/500] 1340de89-59ad-43ff-9c7a-29e188046316: valid; 1.5 s; peak memory 432 MiB.
2026-09-24T16:01:47Z INFO [12/500] 1341d7fb-a13a-4f67-a63d-dbf8e6f52cb7: not valid; 2.0 s; peak memory 444 MiB.
2026-09-24T16:01:53Z INFO [13/500] 1341ee69-285a-43c5-9cd1-c1c5b6b25de6: valid; 5.7 s; peak memory 459 MiB.
2026-09-24T16:01:55Z INFO [14/500] 1341f32e-5346-4652-87d0-ea9d3a860118: valid; 2.3 s; peak memory 459 MiB.
2026-09-24T16:01:57Z INFO [15/500] 134222dc-5f83-424c-8b18-ee29552bb29e: valid; 1.3 s; peak memory 459 MiB.
2026-09-24T16:01:57Z WARNING 1342694c-4ed6-47a1-8d45-2e0a79d7037f: failed while retrieving asset information from the DANDI API (NotFoundError: No asset at path 'sub-LG615/sub-LG615_ses-20250921_obj-a8d7lb_ophys.nwb' in version 0.260915.2135. Verify the path is correct and the asset exists in this version. Use 'dandi ls' to list available assets.)
2026-09-24T16:01:59Z INFO [17/500] 13429b05-8335-4794-94ca-da6ada0139e9: not valid; 1.9 s; peak memory 459 MiB.
2026-09-24T16:02:01Z WARNING 1342b59c-2725-461d-bb4c-950f80037c2c: failed while opening the NWB file (ConstructError: (root/acquisition/_iblmic_audioSpectrogram/bands GroupBuilder {'attributes': {'colnames': array(['freq'], dtype=object), 'description': 'spectogram frequencies', 'namespace': 'core', 'neurodata_type': 'FrequencyBandsTable', 'object_id': 'ad03a4f4-8fbd-411e-8dd0-16bf6d80dd69'}, 'groups': {}, 'datasets': {'freq': root/acquisition/_iblmic_audioSpectrogram/bands/freq DatasetBuilder {'attributes': {'description': 'frequency value', 'namespace': 'hdmf-common', 'neurodata_type': 'VectorData', 'object_id': 'a8de74ee-b7c1-4849-a078-0d2a77f0bd99'}, 'data': <HDF5 dataset "freq": shape (257,), type "<f4">}, 'id': root/acquisition/_iblmic_audioSpectrogram/bands/id DatasetBuilder {'attributes': {'namespace': 'hdmf-common', 'neurodata_type': 'ElementIdentifiers', 'object_id': 'c977c5bc-bbe0-4feb-b0c8-b7555c489e76'}, 'data': <HDF5 dataset "id": shape (257,), type "<i4">}}, 'links': {}}, "Could not construct FrequencyBandsTable object due to: column must have the same number of rows as 'id'"))
2026-09-24T16:02:02Z INFO [19/500] 1342c5e7-8ac8-40d0-9bb0-78b7e6a8f2e1: valid; 1.4 s; peak memory 459 MiB.
2026-09-24T16:02:03Z INFO [20/500] 1342db4e-8771-4f34-a44f-c7b4857b7b92: not valid; 1.5 s; peak memory 459 MiB.
2026-09-24T16:02:06Z INFO [21/500] 1343af82-9920-4df9-99df-46057e71fd85: valid; 2.4 s; peak memory 459 MiB.
2026-09-24T16:02:19Z INFO [22/500] 13440302-5655-4044-a60e-b638a2c42f0e: valid; 12.9 s; peak memory 513 MiB.
2026-09-24T16:02:22Z INFO [23/500] 13446798-634d-42ad-8dfe-dd10227711db: valid; 2.9 s; peak memory 530 MiB.
2026-09-24T16:02:27Z INFO [24/500] 1344e805-b9df-4845-b34f-bc73827144c6: valid; 4.9 s; peak memory 552 MiB.
2026-09-24T16:02:28Z INFO [25/500] 1345aa6f-5bbb-41c0-89b0-886f1026f942: valid; 1.5 s; peak memory 554 MiB.
2026-09-24T16:02:35Z INFO [26/500] 1345bd22-9c8a-494d-b4de-278ac4c5a000: not valid; 6.6 s; peak memory 566 MiB.
2026-09-24T16:02:37Z INFO [27/500] 1346df87-d398-4d26-8d6b-64412b3911c9: not valid; 1.8 s; peak memory 566 MiB.
2026-09-24T16:02:39Z INFO [28/500] 1346fc67-5609-4f0a-aab8-c38d2374e563: valid; 2.8 s; peak memory 566 MiB.
2026-09-24T16:02:41Z INFO [29/500] 13471dbb-0598-41b8-8f77-73bb69e1ac73: not valid; 2.0 s; peak memory 566 MiB.
2026-09-24T16:02:43Z INFO [30/500] 13472a48-1537-4f02-8480-2f144f6f98e0: not valid; 1.6 s; peak memory 566 MiB.
2026-09-24T16:05:16Z INFO [31/500] 13479dcb-a728-4b46-b998-3202f82e821b: not valid; 153.3 s; peak memory 965 MiB.
2026-09-24T16:05:18Z INFO [32/500] 1347f5a0-10bd-404e-8124-1a83809ca62e: valid; 1.5 s; peak memory 967 MiB.
2026-09-24T16:05:20Z INFO [33/500] 13483ac5-23ea-4e96-9fc4-22e8702e9605: not valid; 2.0 s; peak memory 970 MiB.
2026-09-24T16:05:23Z INFO [34/500] 13489159-0362-40fd-9946-608385885878: valid; 3.0 s; peak memory 974 MiB.
2026-09-24T16:05:24Z INFO [35/500] 1348aad8-5e4a-4205-9e9d-e9490b40af4b: valid; 1.5 s; peak memory 976 MiB.
2026-09-24T16:05:29Z INFO [36/500] 1348d149-d519-4d66-afcd-666597d7046f: valid; 4.8 s; peak memory 980 MiB.
2026-09-24T16:05:52Z INFO [37/500] 13490d95-7eb3-4aca-af6f-9e75fd300a64: valid; 22.5 s; peak memory 1011 MiB.
2026-09-24T16:05:57Z INFO [38/500] 1349577e-a787-490c-abdf-b93d1699da73: valid; 5.0 s; peak memory 1017 MiB.
2026-09-24T16:05:58Z INFO [39/500] 13497038-5c9e-4ffd-b571-73c50720c8ad: valid; 1.3 s; peak memory 1018 MiB.
2026-09-24T16:06:05Z INFO [40/500] 1349b2cf-69b0-4f06-854a-83c771fca422: not valid; 7.1 s; peak memory 1023 MiB.
2026-09-24T16:06:07Z INFO [41/500] 1349ea9d-d5ab-4d29-90d6-b7ff38d79bd7: not valid; 2.0 s; peak memory 1024 MiB.
2026-09-24T16:06:12Z INFO [42/500] 134a1706-dace-4558-a715-9a58be65c6ac: valid; 4.6 s; peak memory 1031 MiB.
2026-09-24T16:06:15Z INFO [43/500] 134a1df7-173f-466b-b9b4-8508a2c91cf7: valid; 3.2 s; peak memory 1035 MiB.
2026-09-24T16:06:17Z INFO [44/500] 134a5a09-5381-4b3a-9b05-17b77163dce8: not valid; 2.1 s; peak memory 1035 MiB.
2026-09-24T16:06:17Z WARNING 134b524b-57f7-49e8-ba86-0ad1ab3f7aa9: failed while retrieving asset information from the DANDI API (NotFoundError: No asset at path 'sub-484676/sub-484676_ses-20210413T112028_behavior+ecephys+ogen.nwb' in version 0.231012.2129. Verify the path is correct and the asset exists in this version. Use 'dandi ls' to list available assets.)
2026-09-24T16:06:20Z INFO [46/500] 134bda01-6404-4110-83a2-d5cd444aa125: valid; 2.8 s; peak memory 1035 MiB.
2026-09-24T16:06:22Z INFO [47/500] 134bda46-6495-4488-9465-734e55d44598: valid; 2.1 s; peak memory 1035 MiB.
2026-09-24T16:06:23Z INFO [48/500] 134c7a08-2dd3-4f3f-8cc1-fa6b661c693d: valid; 1.4 s; peak memory 1035 MiB.
2026-09-24T16:06:31Z INFO [49/500] 134ca0a3-592f-48bf-82da-3f7b1d72f8ae: valid; 7.2 s; peak memory 1036 MiB.
2026-09-24T16:06:33Z INFO [50/500] 134cbd50-881a-433a-b88d-948d626d8f26: not valid; 2.5 s; peak memory 1036 MiB.
2026-09-24T16:06:34Z INFO [50/500] 134cbd50-881a-433a-b88d-948d626d8f26: checkpointed 77560 records.
2026-09-24T16:06:49Z INFO [51/500] 134cec99-4b00-4c18-8f32-4f6ab9475a80: valid; 15.2 s; peak memory 1058 MiB.
2026-09-24T16:06:51Z INFO [52/500] 134db831-b647-4847-bbe3-4687dfa0687b: valid; 2.2 s; peak memory 1060 MiB.
2026-09-24T16:07:03Z INFO [53/500] 134e1d66-eeb1-4601-923e-dba0a40b8b7f: valid; 12.0 s; peak memory 1076 MiB.
2026-09-24T16:07:04Z INFO [54/500] 134fc9e1-5ec1-46b1-8778-033b0330bde2: valid; 1.4 s; peak memory 1077 MiB.
2026-09-24T16:08:05Z INFO [55/500] 134ffa36-b21d-45ba-9193-a3fea7932bac: valid; 60.4 s; peak memory 1159 MiB.
2026-09-24T16:08:07Z INFO [56/500] 135081aa-c435-4f03-819d-6ceec138c35f: valid; 2.5 s; peak memory 1161 MiB.
2026-09-24T16:08:22Z INFO [57/500] 1350bdbb-8288-497b-b244-fc368c60130b: valid; 15.0 s; peak memory 1161 MiB.
2026-09-24T16:08:25Z INFO [58/500] 13518f67-480e-4d51-8058-79c97618d23a: valid; 3.1 s; peak memory 1161 MiB.
2026-09-24T16:08:29Z INFO [59/500] 135190e5-0956-44bb-9105-6a8e3a64dd9e: valid; 3.2 s; peak memory 1161 MiB.
2026-09-24T16:09:05Z INFO [60/500] 1351e761-ae28-4425-b1c4-463d34fb5d43: not valid; 36.0 s; peak memory 1161 MiB.
2026-09-24T16:09:16Z INFO [61/500] 13521e18-20cc-4e3c-97e0-9747eefa4438: valid; 10.8 s; peak memory 1161 MiB.
2026-09-24T16:09:16Z WARNING 1352da89-63f0-4616-bd1e-563a0f6d950e: failed while retrieving asset information from the DANDI API (NotFoundError: No asset at path 'sub-parkinson-simulated-lfp/sub-parkinson-simulated-lfp_ses-9718_ecephys.nwb' in version 0.250327.2220. Verify the path is correct and the asset exists in this version. Use 'dandi ls' to list available assets.)
2026-09-24T16:09:18Z INFO [63/500] 13536168-0fc7-4531-b2b2-f338dbb90989: valid; 2.4 s; peak memory 1161 MiB.
2026-09-24T16:09:20Z INFO [64/500] 13537a30-43d6-415f-b485-9b550cd3bf0f: valid; 2.0 s; peak memory 1161 MiB.
2026-09-24T16:09:22Z INFO [65/500] 13546452-95c1-489e-af47-488be8861496: not valid; 1.9 s; peak memory 1161 MiB.
2026-09-24T16:09:25Z INFO [66/500] 13548573-6b53-4d0a-bfa8-28f6dabe10da: valid; 2.7 s; peak memory 1161 MiB.
2026-09-24T16:09:35Z INFO [67/500] 1354a6e7-c14a-45f2-9524-e91f887958a5: valid; 10.0 s; peak memory 1161 MiB.
2026-09-24T16:09:37Z INFO [68/500] 13552f75-57e8-4eb9-a11b-a64c8e47e71f: valid; 2.1 s; peak memory 1161 MiB.
2026-09-24T16:09:38Z INFO [69/500] 13557aa6-67d0-4c0f-b426-d1e691510f2b: valid; 1.5 s; peak memory 1161 MiB.
2026-09-24T16:09:56Z INFO [70/500] 13558250-827d-476e-91a0-5e785e4c4a91: valid; 17.7 s; peak memory 1241 MiB.
2026-09-24T16:10:08Z INFO [71/500] 135616c1-8718-4f77-8e93-179e8dd6e7c6: not valid; 12.1 s; peak memory 1293 MiB.
2026-09-24T16:10:11Z INFO [72/500] 13566458-8c3a-412b-a510-e5f0738b30a5: valid; 2.6 s; peak memory 1307 MiB.
2026-09-24T16:10:13Z INFO [73/500] 1357a3b1-ad3f-424d-ba68-1fbc41ab731e: valid; 2.1 s; peak memory 1317 MiB.
2026-09-24T16:10:22Z INFO [74/500] 13580b84-482a-4dd7-aae9-39e351cc5da6: valid; 9.0 s; peak memory 1371 MiB.
2026-09-24T16:10:24Z INFO [75/500] 13592204-e51a-4574-b4e2-ca5eb6b1f04e: valid; 2.0 s; peak memory 1378 MiB.
2026-09-24T16:10:26Z INFO [76/500] 13597728-96b8-4162-adc6-cb4d96757c48: valid; 2.2 s; peak memory 1391 MiB.
2026-09-24T16:10:29Z INFO [77/500] 1359dbba-3c27-4a16-be24-dd268740c3aa: valid; 3.2 s; peak memory 1397 MiB.
2026-09-24T16:10:32Z INFO [78/500] 135a25e1-c660-4de9-8b50-d00534c17b22: valid; 2.8 s; peak memory 1397 MiB.
2026-09-24T16:10:34Z INFO [79/500] 135abd8f-171d-4d5d-9253-3c4c1a19d3ee: not valid; 1.9 s; peak memory 1397 MiB.
2026-09-24T16:10:45Z INFO [80/500] 135ac248-8271-48dc-a17d-da3f91fb5a4e: valid; 11.6 s; peak memory 1465 MiB.
2026-09-24T16:10:53Z INFO [81/500] 135b31cf-78a0-4252-8650-47d1a758246b: valid; 7.3 s; peak memory 1465 MiB.
2026-09-24T16:10:54Z INFO [82/500] 135b433a-072f-4cfc-8f8e-926140066453: valid; 1.6 s; peak memory 1465 MiB.
2026-09-24T16:10:55Z INFO [83/500] 135d873f-bd14-488e-ad6c-5e767947df6c: valid; 1.1 s; peak memory 1465 MiB.
2026-09-24T16:10:58Z INFO [84/500] 135e8a53-9053-47ec-b879-88e98b5af2db: valid; 2.4 s; peak memory 1465 MiB.
2026-09-24T16:11:00Z INFO [85/500] 135ea621-5f44-4b42-8e73-521081d01843: valid; 2.7 s; peak memory 1465 MiB.
2026-09-24T16:11:03Z INFO [86/500] 135f7bf0-4b9f-45de-874a-172056846045: valid; 2.9 s; peak memory 1466 MiB.
2026-09-24T16:11:05Z INFO [87/500] 135f9756-c6bb-47d7-bc90-b09781dea543: valid; 1.4 s; peak memory 1466 MiB.
2026-09-24T16:11:07Z INFO [88/500] 135fb9c6-093c-4427-9cd3-41bb12bc2dec: valid; 2.4 s; peak memory 1466 MiB.
2026-09-24T16:11:11Z INFO [89/500] 13612bf9-fbb3-4032-8b20-b97d98e78c69: valid; 3.5 s; peak memory 1466 MiB.
2026-09-24T16:11:13Z INFO [90/500] 13616f02-4361-478e-86d5-b56dd1b8b2b9: valid; 2.4 s; peak memory 1466 MiB.
2026-09-24T16:11:17Z INFO [91/500] 13617848-c39b-420b-844b-5b01f89f276c: valid; 3.9 s; peak memory 1466 MiB.
2026-09-24T16:11:19Z INFO [92/500] 13618baf-0ef3-4205-a10b-8373f6e56c4a: not valid; 2.1 s; peak memory 1466 MiB.
2026-09-24T16:12:51Z INFO [93/500] 136244be-d3d2-4b5a-aa86-28b4e1c05c4d: valid; 91.7 s; peak memory 1525 MiB.
2026-09-24T16:12:53Z INFO [94/500] 13626ca0-4141-4b86-b4b3-83e24fadc75e: valid; 2.4 s; peak memory 1526 MiB.
2026-09-24T16:12:55Z INFO [95/500] 1362946e-9065-4064-ae94-bb061cfb848d: valid; 2.1 s; peak memory 1527 MiB.
2026-09-24T16:12:59Z INFO [96/500] 13630964-2cac-4020-85ef-dba7f862140a: not valid; 3.9 s; peak memory 1527 MiB.
2026-09-24T16:12:59Z WARNING 13632fd9-ac77-4814-9bee-773d35a5ca4b: failed while retrieving asset information from the DANDI API (NotFoundError: No such Dandiset: 001269)
2026-09-24T16:13:01Z INFO [98/500] 13634d0c-86a6-47f0-8fbd-33590f38afdc: valid; 2.0 s; peak memory 1527 MiB.
2026-09-24T16:13:04Z INFO [99/500] 13640bc1-6cef-4bb4-9285-b0fc069e2d74: not valid; 2.9 s; peak memory 1527 MiB.
2026-09-24T16:13:06Z INFO [100/500] 13646c31-dd74-4767-b67b-d5d92d236eea: valid; 1.5 s; peak memory 1527 MiB.
2026-09-24T16:13:06Z INFO [100/500] 13646c31-dd74-4767-b67b-d5d92d236eea: checkpointed 77610 records.
2026-09-24T16:13:08Z INFO [101/500] 1364a858-40d0-428d-827d-449e117692c9: valid; 1.3 s; peak memory 1527 MiB.
2026-09-24T16:13:09Z INFO [102/500] 1364e21e-bb47-405b-a1a1-e7f376ff9001: valid; 1.6 s; peak memory 1527 MiB.
2026-09-24T16:13:12Z INFO [103/500] 1364fcf5-c8ad-4720-a4f8-ec942f57c236: valid; 3.3 s; peak memory 1527 MiB.
2026-09-24T16:13:14Z INFO [104/500] 1365cad7-90fd-4143-bf0b-5d787e532604: valid; 1.4 s; peak memory 1527 MiB.
2026-09-24T16:13:34Z INFO [105/500] 1365d89e-ab13-4abc-a787-e4781aa7de7e: valid; 19.7 s; peak memory 1676 MiB.
2026-09-24T16:13:40Z INFO [106/500] 1365ddf9-b66d-4b9e-874f-971127c08d77: valid; 6.5 s; peak memory 1689 MiB.
2026-09-24T16:13:44Z INFO [107/500] 1367ce85-c6b0-46bb-99c1-908881151440: valid; 3.4 s; peak memory 1691 MiB.
2026-09-24T16:13:45Z INFO [108/500] 1368280e-7adf-430b-b2c1-5927634bb3af: not valid; 1.9 s; peak memory 1691 MiB.
2026-09-24T16:13:48Z INFO [109/500] 136843bd-7f18-49ab-9c96-05e435a3f838: valid; 2.5 s; peak memory 1691 MiB.
2026-09-24T16:13:50Z INFO [110/500] 13685c7f-a790-4ca5-b792-a60bd5b24c53: valid; 2.3 s; peak memory 1691 MiB.
2026-09-24T16:13:52Z INFO [111/500] 136880a8-dadb-45af-a48a-f96c8753ea95: not valid; 1.4 s; peak memory 1691 MiB.
2026-09-24T16:13:54Z WARNING 1368c82e-cb85-42c9-9451-86546fbde4e3: failed while opening the NWB file (ConstructError: (root/acquisition/_iblmic_audioSpectrogram/bands GroupBuilder {'attributes': {'colnames': array(['freq'], dtype=object), 'description': 'spectogram frequencies', 'namespace': 'core', 'neurodata_type': 'FrequencyBandsTable', 'object_id': '414c4182-ef36-4373-9fff-4a0da6231445'}, 'groups': {}, 'datasets': {'freq': root/acquisition/_iblmic_audioSpectrogram/bands/freq DatasetBuilder {'attributes': {'description': 'frequency value', 'namespace': 'hdmf-common', 'neurodata_type': 'VectorData', 'object_id': '9795489b-9832-4d0a-b419-a05d178f6c6c'}, 'data': <HDF5 dataset "freq": shape (257,), type "<f4">}, 'id': root/acquisition/_iblmic_audioSpectrogram/bands/id DatasetBuilder {'attributes': {'namespace': 'hdmf-common', 'neurodata_type': 'ElementIdentifiers', 'object_id': 'dc18ca7c-b93c-49a2-8e09-7ad7fba0df96'}, 'data': <HDF5 dataset "id": shape (257,), type "<i4">}}, 'links': {}}, "Could not construct FrequencyBandsTable object due to: column must have the same number of rows as 'id'"))
2026-09-24T16:14:25Z INFO [113/500] 13694863-a01d-4714-8258-00074bdf1745: not valid; 31.6 s; peak memory 2576 MiB.
2026-09-24T16:14:27Z INFO [114/500] 1369e729-d2de-4b9b-8e24-30fd6def7656: valid; 1.4 s; peak memory 2576 MiB.
2026-09-24T16:15:20Z INFO [115/500] 136acd98-ca4b-4021-aeec-ddf8d8024de9: valid; 53.3 s; peak memory 2698 MiB.
2026-09-24T16:15:23Z INFO [116/500] 136ad2bb-8f55-41fc-942f-8672d0b99824: valid; 3.3 s; peak memory 2702 MiB.
2026-09-24T16:15:26Z INFO [117/500] 136ae4aa-8bf5-4e21-a8d0-582b1d9043c3: valid; 3.1 s; peak memory 2707 MiB.
2026-09-24T16:15:28Z INFO [118/500] 136b087e-ac58-473d-8f77-a5b8a45a0e81: valid; 2.2 s; peak memory 2719 MiB.
2026-09-24T16:15:33Z INFO [119/500] 136b6a3a-da86-4c0b-a5d5-3b9573546566: not valid; 4.4 s; peak memory 2727 MiB.
2026-09-24T16:15:35Z INFO [120/500] 136ba91b-3833-46d4-8010-d517b14d12bf: valid; 2.2 s; peak memory 2738 MiB.
2026-09-24T16:15:37Z INFO [121/500] 136c04dd-2924-49eb-b048-9e2c1d9c75c7: valid; 2.2 s; peak memory 2749 MiB.
2026-09-24T16:15:39Z INFO [122/500] 136c5383-c88f-4fe7-8b76-73df824bbc96: valid; 1.4 s; peak memory 2753 MiB.
2026-09-24T16:15:40Z INFO [123/500] 136c90af-bc56-4e0f-ac28-f839862a63e9: valid; 1.3 s; peak memory 2755 MiB.
2026-09-24T16:15:44Z INFO [124/500] 136c9a1b-6fb2-410d-ac17-a84047c4ddcf: not valid; 4.2 s; peak memory 2762 MiB.
2026-09-24T16:15:47Z INFO [125/500] 136c9f39-54f8-43c3-80a6-8816dfd5edcd: valid; 2.3 s; peak memory 2777 MiB.
2026-09-24T16:16:59Z INFO [126/500] 136d39bf-70cd-4886-bb10-450c089368f3: not valid; 72.8 s; peak memory 3433 MiB.
2026-09-24T16:17:18Z INFO [127/500] 136d4bc0-18da-4926-a055-d52d3001a8db: valid; 18.8 s; peak memory 3544 MiB.
2026-09-24T16:17:20Z INFO [128/500] 136d57ef-1f23-4e69-8c55-e5efb7d5c81b: valid; 2.2 s; peak memory 3544 MiB.
2026-09-24T16:17:22Z INFO [129/500] 136d95e2-9b84-4d05-94c6-5aec6de75020: valid; 1.5 s; peak memory 3544 MiB.
2026-09-24T16:17:24Z INFO [130/500] 136e884d-825d-4541-83d2-88bebbabf671: valid; 2.5 s; peak memory 3544 MiB.
2026-09-24T16:17:29Z INFO [131/500] 136f0bf1-7035-404a-bfb6-b24b95b0a9f7: valid; 4.5 s; peak memory 3544 MiB.
2026-09-24T16:17:31Z INFO [132/500] 136fd11d-23da-4da2-a7de-f7f7cceaeb71: not valid; 2.6 s; peak memory 3544 MiB.
2026-09-24T16:17:33Z INFO [133/500] 136ff662-0e79-442d-a942-c7cad7c92743: not valid; 1.7 s; peak memory 3544 MiB.
2026-09-24T16:17:35Z INFO [134/500] 13703ed8-7fba-485a-a628-f352f3735ad9: valid; 1.4 s; peak memory 3544 MiB.
2026-09-24T16:17:39Z INFO [135/500] 1370ae87-4814-4ed2-928e-1d2999d860bf: not valid; 4.7 s; peak memory 3544 MiB.
2026-09-24T16:17:43Z INFO [136/500] 13711ba7-e5dd-4a97-b5e2-3d7fd3d6c423: valid; 3.8 s; peak memory 3544 MiB.
2026-09-24T16:17:45Z INFO [137/500] 13716166-81b6-4d54-a446-247bafe03c5c: valid; 2.0 s; peak memory 3545 MiB.
2026-09-24T16:17:50Z INFO [138/500] 137164bf-2230-4bd6-9019-54f437b5d166: valid; 4.8 s; peak memory 3545 MiB.
2026-09-24T16:17:51Z INFO [139/500] 13716b5c-04b4-4799-a7ca-d5a6df354e93: valid; 1.3 s; peak memory 3545 MiB.
2026-09-24T16:17:54Z INFO [140/500] 137237d4-eaa3-4f1f-ab54-da77ac3e8769: valid; 2.9 s; peak memory 3546 MiB.
2026-09-24T16:17:57Z INFO [141/500] 137298ee-7cb7-44eb-aecf-95ef819c4c90: valid; 2.4 s; peak memory 3546 MiB.
2026-09-24T16:17:59Z INFO [142/500] 13734058-9fcb-4e75-a19b-534da6b45692: valid; 2.1 s; peak memory 3546 MiB.
2026-09-24T16:18:01Z INFO [143/500] 1373c074-8fcf-44b9-aeb5-1a484e33852b: not valid; 2.1 s; peak memory 3546 MiB.
2026-09-24T16:18:02Z INFO [144/500] 13753607-5a7c-45ee-b43d-04b3cbd35c36: valid; 1.3 s; peak memory 3546 MiB.
2026-09-24T16:18:04Z INFO [145/500] 1375d175-deb7-4842-b575-3d138c97eb5b: not valid; 2.1 s; peak memory 3546 MiB.
2026-09-24T16:18:06Z INFO [146/500] 13761acb-29b5-44c4-94d4-5d0261fac0cd: not valid; 1.6 s; peak memory 3546 MiB.
2026-09-24T16:18:07Z INFO [147/500] 13764f63-7a51-4b35-aa4a-1f2cc99c68d0: valid; 1.6 s; peak memory 3546 MiB.
2026-09-24T16:18:09Z INFO [148/500] 13768881-e3d7-4fa8-9b61-e2e1e34d4892: valid; 2.0 s; peak memory 3546 MiB.
2026-09-24T16:18:27Z INFO [149/500] 1376a8ea-10f9-4283-8b19-63b7af725eca: valid; 17.3 s; peak memory 3547 MiB.
2026-09-24T16:18:29Z INFO [150/500] 1376bfa4-f374-47dc-b758-7d759e6c97c0: valid; 2.0 s; peak memory 3547 MiB.
2026-09-24T16:18:29Z INFO [150/500] 1376bfa4-f374-47dc-b758-7d759e6c97c0: checkpointed 77660 records.
2026-09-24T16:18:32Z INFO [151/500] 137710a2-1791-42a4-b537-e22f1c353da2: valid; 2.9 s; peak memory 3547 MiB.
2026-09-24T16:18:34Z INFO [152/500] 1377fe07-2603-404e-9c71-c897d0527e8f: not valid; 1.6 s; peak memory 3547 MiB.
2026-09-24T16:18:35Z INFO [153/500] 1378681e-8d08-41a7-a1b4-003625740360: valid; 1.4 s; peak memory 3547 MiB.
2026-09-24T16:18:37Z INFO [154/500] 13786c50-43d2-4cd6-9543-d8d02d08ff5a: valid; 1.6 s; peak memory 3547 MiB.
2026-09-24T16:18:38Z INFO [155/500] 13787bab-b860-4634-96c3-1d0f534cd174: valid; 1.4 s; peak memory 3547 MiB.
2026-09-24T16:18:40Z WARNING 1379859c-a454-449b-a160-b75797564975: failed while opening the NWB file (ConstructError: (root/acquisition/_iblmic_audioSpectrogram/bands GroupBuilder {'attributes': {'colnames': array(['freq'], dtype=object), 'description': 'spectogram frequencies', 'namespace': 'core', 'neurodata_type': 'FrequencyBandsTable', 'object_id': 'cc6cae1b-af0d-44c8-996f-ee9544a7a808'}, 'groups': {}, 'datasets': {'freq': root/acquisition/_iblmic_audioSpectrogram/bands/freq DatasetBuilder {'attributes': {'description': 'frequency value', 'namespace': 'hdmf-common', 'neurodata_type': 'VectorData', 'object_id': '0de96f0e-6500-48f1-b9e3-da3375b72785'}, 'data': <HDF5 dataset "freq": shape (257,), type "<f4">}, 'id': root/acquisition/_iblmic_audioSpectrogram/bands/id DatasetBuilder {'attributes': {'namespace': 'hdmf-common', 'neurodata_type': 'ElementIdentifiers', 'object_id': '251997db-0fb0-4dd2-a105-295d8565dc21'}, 'data': <HDF5 dataset "id": shape (257,), type "<i4">}}, 'links': {}}, "Could not construct FrequencyBandsTable object due to: column must have the same number of rows as 'id'"))
2026-09-24T16:18:42Z INFO [157/500] 1379a9ae-e904-4ca2-9cca-82de578e1052: valid; 1.4 s; peak memory 3547 MiB.
2026-09-24T16:18:44Z INFO [158/500] 137a22e3-f521-4c7c-b3e5-3e41d1a2365e: not valid; 2.4 s; peak memory 3547 MiB.
2026-09-24T16:18:48Z INFO [159/500] 137bec33-8869-4065-89ec-36a0c3fd7ff7: valid; 3.9 s; peak memory 3547 MiB.
2026-09-24T16:18:49Z INFO [160/500] 137d29ab-0bb8-40ce-a903-c291d8c74d9e: valid; 1.3 s; peak memory 3547 MiB.
2026-09-24T16:18:52Z INFO [161/500] 137dd132-f0c2-4655-93d0-b3ba16d9fa50: valid; 2.6 s; peak memory 3547 MiB.
2026-09-24T16:18:55Z INFO [162/500] 137e358c-10c7-4820-8e3a-ede81b683c78: not valid; 3.5 s; peak memory 3550 MiB.
2026-09-24T16:18:58Z INFO [163/500] 137f3798-9a85-48bf-a762-cc74d5c3e187: valid; 2.2 s; peak memory 3553 MiB.
2026-09-24T16:18:59Z INFO [164/500] 137f8bd2-2bdb-40a7-bf8d-c3b3d3af20fc: valid; 1.3 s; peak memory 3554 MiB.
2026-09-24T16:19:01Z INFO [165/500] 137fba70-ab14-41c1-9046-3c596e1f420d: valid; 2.7 s; peak memory 3570 MiB.
2026-09-24T16:19:03Z INFO [166/500] 1380935a-e673-428b-ad9e-110739a770e1: valid; 1.3 s; peak memory 3570 MiB.
2026-09-24T16:19:07Z INFO [167/500] 1380f687-ea13-4a95-8262-9681b23d3876: not valid; 3.8 s; peak memory 3572 MiB.
2026-09-24T16:19:11Z INFO [168/500] 138100eb-dac1-465f-bac9-8270abc27231: not valid; 4.1 s; peak memory 3577 MiB.
2026-09-24T16:19:13Z INFO [169/500] 1381231f-8dbc-4a87-a4c8-3d2a183c547d: not valid; 1.9 s; peak memory 3577 MiB.
2026-09-24T16:19:14Z INFO [170/500] 13817ff1-24d9-47f6-bb32-6a55fa2d5eb5: not valid; 1.6 s; peak memory 3577 MiB.
2026-09-24T16:19:18Z INFO [171/500] 1381a65f-762f-4099-be27-22fc02cbac5a: valid; 3.3 s; peak memory 3577 MiB.
2026-09-24T16:19:19Z INFO [172/500] 1381ef92-aaaa-456c-be2c-1fbef5c17149: valid; 1.3 s; peak memory 3578 MiB.
2026-09-24T16:19:21Z INFO [173/500] 13826ac5-3a57-4a23-b9ce-dc6f96b73b5b: valid; 2.0 s; peak memory 3578 MiB.
2026-09-24T16:19:23Z INFO [174/500] 1382962f-9990-48bc-bbc5-4bf01e7f15fd: not valid; 2.3 s; peak memory 3578 MiB.
2026-09-24T16:19:25Z INFO [175/500] 13836f84-de42-4d34-9390-1f8b709e9155: valid; 1.4 s; peak memory 3578 MiB.
2026-09-24T16:19:43Z INFO [176/500] 1383d018-fd2e-46df-a1fb-05f0f10b5987: valid; 18.8 s; peak memory 3606 MiB.
2026-09-24T16:19:47Z INFO [177/500] 13847125-f9c9-4d46-9c99-564d6d9d8f7c: not valid; 4.1 s; peak memory 3621 MiB.
2026-09-24T16:19:52Z INFO [178/500] 1384916f-6c6f-4c91-9ffc-87d123eb27fd: valid; 4.9 s; peak memory 3622 MiB.
2026-09-24T16:19:54Z INFO [179/500] 13849402-ca91-42b9-a4e7-fac3d3744b49: valid; 1.3 s; peak memory 3623 MiB.
2026-09-24T16:19:55Z INFO [180/500] 138550bf-b691-4541-baa1-fa9ba45cab17: not valid; 1.6 s; peak memory 3624 MiB.
2026-09-24T16:19:57Z INFO [181/500] 1385cb8f-0535-4c5a-a14f-43c690c3a77a: not valid; 1.6 s; peak memory 3624 MiB.
2026-09-24T16:19:58Z INFO [182/500] 1386767e-7b08-46a6-9f2f-3c1fdab7c724: valid; 1.3 s; peak memory 3625 MiB.
2026-09-24T16:20:00Z INFO [183/500] 1387234e-561e-4df7-aaaa-6e27c246a2dc: not valid; 1.7 s; peak memory 3626 MiB.
2026-09-24T16:20:02Z INFO [184/500] 1387adc3-29fe-45f3-a5f6-e479bb51cc31: valid; 2.0 s; peak memory 3627 MiB.
2026-09-24T16:20:14Z INFO [185/500] 138835ec-06d9-42b1-90ff-b6fb9d871dcf: valid; 12.1 s; peak memory 3642 MiB.
2026-09-24T16:20:17Z WARNING 1388565a-9e21-4e9b-8b3b-620aadec2a1f: failed while opening the NWB file (ConstructError: (root/general/optogenetics/PatternedOptogeneticStimulusSite GroupBuilder {'attributes': {'effector': 'GUR-3/PRDX-2', 'namespace': 'ndx-patterned-ogen', 'neurodata_type': 'PatternedOptogeneticStimulusSite', 'object_id': '9c5e02bd-2b49-4be1-9f78-916e0c0cb7d0'}, 'groups': {}, 'datasets': {'description': root/general/optogenetics/PatternedOptogeneticStimulusSite/description DatasetBuilder {'attributes': {}, 'data': 'Scanning'}, 'excitation_lambda': root/general/optogenetics/PatternedOptogeneticStimulusSite/excitation_lambda DatasetBuilder {'attributes': {}, 'data': np.float64(850.0)}, 'location': root/general/optogenetics/PatternedOptogeneticStimulusSite/location DatasetBuilder {'attributes': {}, 'data': 'whole brain'}}, 'links': {'device': root/general/optogenetics/PatternedOptogeneticStimulusSite/device LinkBuilder {'builder': root/general/devices/OptogeneticDevice GroupBuilder {'attributes': {'description': '', 'namespace': 'core', 'neurodata_type': 'Device', 'object_id': '2cd5d979-ad9c-4b38-a6f7-0c6b83c6b42b'}, 'groups': {}, 'datasets': {}, 'links': {}}}, 'light_source': root/general/optogenetics/PatternedOptogeneticStimulusSite/light_source LinkBuilder {'builder': root/general/devices/AmplifiedLaser GroupBuilder {'attributes': {'description': 'For two-photon optogenetic targeting, we used an optical parametric amplifier (OPA; Light Conversion ORPHEUS) pumped by a femtosecond amplified laser (Light Conversion PHAROS).', 'filter_description': 'Short pass at 1040 nm', 'manufacturer': 'Light Conversion', 'model': 'ORPHEUS amplifier and PHAROS laser', 'namespace': 'ndx-patterned-ogen', 'neurodata_type': 'LightSource', 'object_id': 'a0a76d96-bdbc-4434-84d9-3901c0432b04', 'peak_power_in_W': np.float64(0.0012), 'pulse_rate_in_Hz': np.float64(500000.0), 'stimulation_wavelength_in_nm': np.float64(850.0)}, 'groups': {}, 'datasets': {}, 'links': {}}}}}, "Could not construct PatternedOptogeneticStimulusSite object due to: CustomClassGenerator.set_init.<locals>.__init__: incorrect type for 'spatial_light_modulator' (got 'list', expected 'Device')"))
2026-09-24T16:20:18Z INFO [187/500] 13897e72-1cad-4111-ad70-cd24266149cf: valid; 1.4 s; peak memory 3643 MiB.
2026-09-24T16:20:21Z INFO [188/500] 138a0511-ca60-4883-9f81-128f0f66e6b9: valid; 2.1 s; peak memory 3643 MiB.
2026-09-24T16:20:22Z INFO [189/500] 138bb282-550e-49db-8287-988ed7f12063: valid; 1.6 s; peak memory 3643 MiB.
2026-09-24T16:20:23Z INFO [190/500] 138c1012-a87c-43ca-9cb7-682abe03cbd3: valid; 1.2 s; peak memory 3643 MiB.
2026-09-24T16:20:26Z INFO [191/500] 138c4cd1-fa13-450d-ad10-1f11cb0d032f: valid; 3.1 s; peak memory 3643 MiB.
2026-09-24T16:20:28Z INFO [192/500] 138c992d-aa90-4902-8a3b-d0d3d804addb: valid; 1.3 s; peak memory 3643 MiB.
2026-09-24T16:20:47Z INFO [193/500] 138ccd44-45ad-4a65-a5fb-5d22374d28d8: valid; 19.2 s; peak memory 3670 MiB.
2026-09-24T16:20:49Z INFO [194/500] 138cdbf0-a593-4860-8a32-1934d507fe67: not valid; 1.8 s; peak memory 3671 MiB.
2026-09-24T16:20:50Z INFO [195/500] 138d9746-4108-490a-87d7-427f0a4f6482: valid; 1.0 s; peak memory 3672 MiB.
2026-09-24T16:20:53Z INFO [196/500] 138e8d31-0c71-4193-8d4f-5b434595550d: valid; 3.0 s; peak memory 3674 MiB.
2026-09-24T16:20:54Z INFO [197/500] 138edf17-d33c-4e11-9eae-aa1015e1cc32: not valid; 1.6 s; peak memory 3674 MiB.
2026-09-24T16:20:56Z INFO [198/500] 138eead7-ee04-46a8-a2b6-ef609525e082: valid; 2.0 s; peak memory 3676 MiB.
2026-09-24T16:20:59Z INFO [199/500] 138eee0c-7dce-4d73-a767-dbeeed833b45: valid; 3.1 s; peak memory 3678 MiB.
2026-09-24T16:21:01Z INFO [200/500] 138f31be-4dc8-4464-a864-12fd3c95f640: not valid; 1.6 s; peak memory 3678 MiB.
2026-09-24T16:21:02Z INFO [200/500] 138f31be-4dc8-4464-a864-12fd3c95f640: checkpointed 77710 records.
2026-09-24T16:21:03Z INFO [201/500] 138f92c5-1295-4206-ab63-57818290a7c5: valid; 1.6 s; peak memory 3678 MiB.
2026-09-24T16:21:05Z INFO [202/500] 138fbe5e-ca96-4dc8-9a69-f6703970c626: valid; 1.4 s; peak memory 3678 MiB.
2026-09-24T16:21:07Z INFO [203/500] 13913522-0247-4984-b600-a4f44b1db01a: valid; 2.2 s; peak memory 3678 MiB.
2026-09-24T16:21:14Z INFO [204/500] 139160a5-0c9c-450f-9291-6befc980445d: valid; 7.1 s; peak memory 3678 MiB.
2026-09-24T16:21:22Z INFO [205/500] 1391bc01-1026-4af2-9f75-56eaceb42cd4: valid; 7.7 s; peak memory 3678 MiB.
2026-09-24T16:21:24Z INFO [206/500] 139219a8-34eb-4cec-b325-3c70960ab8f7: not valid; 1.9 s; peak memory 3678 MiB.
2026-09-24T16:21:27Z INFO [207/500] 13921a4c-f322-4346-a09f-1a197740e8fd: valid; 3.2 s; peak memory 3678 MiB.
2026-09-24T16:21:40Z INFO [208/500] 13924934-96d0-45c8-8506-93462fddd916: valid; 13.0 s; peak memory 3690 MiB.
2026-09-24T16:21:42Z INFO [209/500] 1392585c-6a55-4ff7-a916-3cd89679a142: valid; 1.9 s; peak memory 3690 MiB.
2026-09-24T16:21:43Z INFO [210/500] 1392afff-68e4-4ebe-bb83-56d2914a34b4: valid; 1.3 s; peak memory 3690 MiB.
2026-09-24T16:21:44Z INFO [211/500] 1392cdbd-a4f7-4add-a7b0-fb150cc0b713: valid; 1.4 s; peak memory 3690 MiB.
2026-09-24T16:21:48Z INFO [212/500] 13935b55-aafd-4f9c-9f4d-ccacd31a5d79: not valid; 3.6 s; peak memory 3690 MiB.
2026-09-24T16:21:50Z INFO [213/500] 13939106-5c64-4b35-8706-ccf1a36f8b74: not valid; 1.8 s; peak memory 3690 MiB.
2026-09-24T16:21:53Z INFO [214/500] 1393cec1-7e9c-4053-9896-326bfc8c3c98: valid; 2.8 s; peak memory 3690 MiB.
2026-09-24T16:22:02Z INFO [215/500] 1393ee7f-6004-485a-b7e4-0338354c492a: valid; 8.9 s; peak memory 3705 MiB.
2026-09-24T16:22:04Z INFO [216/500] 1393f3b7-2f6b-4191-926f-58d8a5511a30: valid; 2.2 s; peak memory 3707 MiB.
2026-09-24T16:22:08Z INFO [217/500] 13941732-6226-4349-82a1-1c5006894eb8: valid; 4.7 s; peak memory 3712 MiB.
2026-09-24T16:22:11Z INFO [218/500] 13944c30-13f8-4a34-88ba-2bb1bde6690b: valid; 2.2 s; peak memory 3714 MiB.
2026-09-24T16:22:14Z INFO [219/500] 139583ad-fd59-4a88-9870-1846033026cc: not valid; 3.0 s; peak memory 3714 MiB.
2026-09-24T16:22:17Z INFO [220/500] 139588ac-063e-458b-843d-838d7cbd909c: valid; 2.9 s; peak memory 3716 MiB.
2026-09-24T16:22:20Z INFO [221/500] 1395d302-3e94-4a35-960e-b1793586b9e3: valid; 2.9 s; peak memory 3716 MiB.
2026-09-24T16:22:41Z INFO [222/500] 139607a1-a253-41c0-ba6f-1874a187baf5: valid; 21.7 s; peak memory 3726 MiB.
2026-09-24T16:22:44Z INFO [223/500] 13963262-82ea-4510-ae5c-70c6e41932a9: valid; 2.3 s; peak memory 3726 MiB.
2026-09-24T16:22:46Z INFO [224/500] 1396c4a7-fdf3-4a6d-a354-20a8a33385d4: valid; 2.7 s; peak memory 3728 MiB.
2026-09-24T16:22:48Z INFO [225/500] 1397711f-0fd0-4059-ae02-92c31fed6ec3: valid; 2.1 s; peak memory 3728 MiB.
2026-09-24T16:22:50Z INFO [226/500] 13978034-8759-405a-8fee-6ebee705c840: not valid; 1.9 s; peak memory 3730 MiB.
2026-09-24T16:22:55Z INFO [227/500] 1397990f-bdb7-4264-82cd-4c22bb7b6d83: valid; 4.4 s; peak memory 3733 MiB.
2026-09-24T16:22:56Z INFO [228/500] 1397fbb9-5a68-4b5f-8765-844d74869100: valid; 1.0 s; peak memory 3734 MiB.
2026-09-24T16:22:57Z INFO [229/500] 139829e7-c4f2-4f77-95a2-660c252f881a: valid; 1.4 s; peak memory 3735 MiB.
2026-09-24T16:23:13Z INFO [230/500] 1398c3bc-d106-4a02-a76e-6f67aaf5e7cc: valid; 16.4 s; peak memory 3817 MiB.
2026-09-24T16:23:16Z INFO [231/500] 13997214-00f0-4d19-b13d-b81699d6e0ef: valid; 3.0 s; peak memory 3817 MiB.
2026-09-24T16:23:18Z INFO [232/500] 139a0762-4629-482a-b92c-c33e639285a5: valid; 2.0 s; peak memory 3817 MiB.
2026-09-24T16:23:20Z INFO [233/500] 139a7d40-f3fc-4f2f-968f-bc7e678fe29c: valid; 1.2 s; peak memory 3817 MiB.
2026-09-24T16:23:21Z INFO [234/500] 139a93b1-030a-4fb1-bcf0-210611d1cc9e: not valid; 1.6 s; peak memory 3817 MiB.
2026-09-24T16:23:25Z INFO [235/500] 139aad7f-a3c1-4df9-814e-a74b26affe11: not valid; 4.3 s; peak memory 3818 MiB.
2026-09-24T16:23:27Z INFO [236/500] 139ab1e7-1837-4f0e-b382-0fdfd3ae1548: valid; 1.3 s; peak memory 3818 MiB.
2026-09-24T16:23:30Z INFO [237/500] 139bb4eb-cba7-49f9-a770-d944d6bca0b3: valid; 3.2 s; peak memory 3818 MiB.
2026-09-24T16:23:33Z INFO [238/500] 139bc754-b6b2-420d-acb5-dfb276df93c4: valid; 3.0 s; peak memory 3818 MiB.
2026-09-24T16:23:34Z INFO [239/500] 139c51f4-9e7f-4a44-886b-391dd797e49e: valid; 1.2 s; peak memory 3818 MiB.
2026-09-24T16:23:36Z INFO [240/500] 139c569e-c7fb-4d7e-bb13-1d8539a5de2c: not valid; 1.5 s; peak memory 3818 MiB.
2026-09-24T16:23:36Z WARNING 139c849d-79ee-4fe4-9e58-4e8c99114fef: failed while retrieving asset information from the DANDI API (NotFoundError: No such Dandiset: 000948)
2026-09-24T16:24:12Z INFO [242/500] 139c9cd7-934e-4a43-aed4-906434805ea9: not valid; 36.2 s; peak memory 3819 MiB.
2026-09-24T16:24:14Z INFO [243/500] 139d80c6-7dd1-4918-a5f8-a039a9d6e503: not valid; 2.0 s; peak memory 3819 MiB.
2026-09-24T16:24:28Z INFO [244/500] 139d8857-0fc6-47b8-aafe-e9c44b896d1b: not valid; 14.4 s; peak memory 3819 MiB.
2026-09-24T16:24:30Z INFO [245/500] 139d9d5f-c6e9-4564-b261-037fbe48e0b7: valid; 1.7 s; peak memory 3819 MiB.
2026-09-24T16:24:35Z INFO [246/500] 139dfba3-3d01-489a-b1e6-e4f4eb541e66: valid; 4.7 s; peak memory 3819 MiB.
2026-09-24T16:24:37Z INFO [247/500] 139e1840-34ec-4e50-bc28-cb0ffd84c1bb: valid; 1.9 s; peak memory 3819 MiB.
2026-09-24T16:24:39Z INFO [248/500] 139eb78d-6708-4250-8345-316f30ad9601: not valid; 1.9 s; peak memory 3819 MiB.
2026-09-24T16:24:49Z INFO [249/500] 139f29a8-6673-4928-ba0a-b54f8d3a8030: valid; 10.1 s; peak memory 3826 MiB.
2026-09-24T16:24:52Z INFO [250/500] 139f29be-c769-4181-ac73-39fcfe4988ab: valid; 3.8 s; peak memory 3826 MiB.
2026-09-24T16:24:53Z INFO [250/500] 139f29be-c769-4181-ac73-39fcfe4988ab: checkpointed 77760 records.
2026-09-24T16:24:56Z INFO [251/500] 139f7679-1f33-4d7f-96d0-ea928d7ff118: valid; 2.8 s; peak memory 3826 MiB.
2026-09-24T16:24:57Z INFO [252/500] 139f7f40-7a34-4941-aea6-8cf601bb662f: valid; 1.5 s; peak memory 3826 MiB.
2026-09-24T16:25:33Z INFO [253/500] 139fc672-eb8a-47c1-8485-57a9e4f610c8: not valid; 35.8 s; peak memory 3840 MiB.
2026-09-24T16:25:51Z INFO [254/500] 139fcaae-44b0-4960-9f9b-21beb3058d24: valid; 17.8 s; peak memory 3872 MiB.
2026-09-24T16:25:52Z INFO [255/500] 13a07149-86aa-42e1-8632-2eabd7e36d56: valid; 1.6 s; peak memory 3872 MiB.
2026-09-24T16:25:57Z INFO [256/500] 13a093cf-3bca-4603-a632-417c95a9371e: valid; 4.1 s; peak memory 3873 MiB.
2026-09-24T16:25:59Z INFO [257/500] 13a095bf-5a30-4332-8677-d8d6d3eb6a30: valid; 2.5 s; peak memory 3875 MiB.
2026-09-24T16:26:03Z INFO [258/500] 13a10b7b-dc60-4c79-a9e1-ffb8678a55a4: valid; 3.4 s; peak memory 3877 MiB.
2026-09-24T16:26:07Z INFO [259/500] 13a11468-0c23-41d3-9120-c9ab994a65c7: valid; 4.5 s; peak memory 3883 MiB.
2026-09-24T16:26:09Z WARNING 13a2c215-7d98-4cb4-9d51-0887258e832f: failed while opening the NWB file (ConstructError: (root/acquisition/event_code_meanings GroupBuilder {'attributes': {'colnames': array(['value', 'meaning'], dtype=object), 'description': 'Mapping integer event codes to event labels', 'namespace': 'ndx-events', 'neurodata_type': 'MeaningsTable', 'object_id': 'e643570a-1b78-480b-96d9-867d695d707d'}, 'groups': {}, 'datasets': {'id': root/acquisition/event_code_meanings/id DatasetBuilder {'attributes': {'namespace': 'hdmf-common', 'neurodata_type': 'ElementIdentifiers', 'object_id': '06cbc651-d907-426a-8ef7-53a96fefe54b'}, 'data': <HDF5 dataset "id": shape (26,), type "<i8">}, 'meaning': root/acquisition/event_code_meanings/meaning DatasetBuilder {'attributes': {'description': 'The meaning of the value in the parent CategoricalVectorData object.', 'namespace': 'hdmf-experimental', 'neurodata_type': 'VectorData', 'object_id': 'bf07dfbe-1990-488e-9f6c-fec45519f942'}, 'data': <StrDataset for HDF5 dataset "meaning": shape (26,), type "|O">}, 'value': root/acquisition/event_code_meanings/value DatasetBuilder {'attributes': {'description': 'The value of the parent CategoricalVectorData object.', 'namespace': 'hdmf-experimental', 'neurodata_type': 'VectorData', 'object_id': '8cfafe9f-f754-439c-8114-29f8f68c6c6b'}, 'data': <HDF5 dataset "value": shape (26,), type "<i8">}}, 'links': {}}, "Could not construct MeaningsTable object due to: MeaningsTable.__init__: missing argument 'target'"))
2026-09-24T16:26:10Z INFO [261/500] 13a2dbfc-0db7-4d7e-90f1-2225be15ca18: valid; 1.9 s; peak memory 3887 MiB.
2026-09-24T16:26:13Z INFO [262/500] 13a347b1-e988-4d16-aec1-006ce9c250b7: valid; 2.2 s; peak memory 3889 MiB.
2026-09-24T16:26:15Z INFO [263/500] 13a42978-d272-4729-aaa7-fc6f669c8812: not valid; 2.8 s; peak memory 3891 MiB.
2026-09-24T16:26:17Z WARNING 13a4c791-ec15-4b89-bcea-a944713a5d20: failed while opening the NWB file (ValueError: Cannot resolve included group spec 'electrodes' with data_type_inc 'ElectrodesTable' because a group spec with the same name already exists with data_type_inc 'DynamicTable', and data type 'DynamicTable' is not a child type of data type 'ElectrodesTable'.)
2026-09-24T16:26:30Z INFO [265/500] 13a609f5-9daf-48a9-8d6a-88429126e705: valid; 13.0 s; peak memory 3934 MiB.
2026-09-24T16:26:32Z INFO [266/500] 13a6142f-db7a-42b4-a8d0-59534c585b4a: valid; 1.8 s; peak memory 3934 MiB.
2026-09-24T16:26:35Z INFO [267/500] 13a64ffd-9f4a-4f5d-82aa-b56b806cb6ef: not valid; 3.2 s; peak memory 3934 MiB.
2026-09-24T16:26:41Z INFO [268/500] 13a6b021-9593-405f-9d3e-8e19adfd8950: valid; 5.7 s; peak memory 3936 MiB.
2026-09-24T16:26:43Z INFO [269/500] 13a6b241-2f2b-4503-a597-ff9ff5ab5469: not valid; 2.1 s; peak memory 3936 MiB.
2026-09-24T16:26:52Z INFO [270/500] 13a6b391-851a-4974-a64b-0c2bbd65e56f: valid; 8.9 s; peak memory 3951 MiB.
2026-09-24T16:26:57Z INFO [271/500] 13a6f1b7-dd57-4255-9a64-5f9b3a0e80c7: valid; 4.7 s; peak memory 3955 MiB.
2026-09-24T16:26:59Z INFO [272/500] 13a75225-e6ab-4af7-a8b8-32e5178f486c: valid; 2.2 s; peak memory 3956 MiB.
2026-09-24T16:27:00Z INFO [273/500] 13a81fd0-433a-4154-8aaf-fecb82010df2: valid; 1.5 s; peak memory 3956 MiB.
2026-09-24T16:27:05Z INFO [274/500] 13a925a3-e530-4692-9009-bde19e5bffe2: not valid; 4.4 s; peak memory 3966 MiB.
2026-09-24T16:27:07Z INFO [275/500] 13aa2794-a5a1-4e96-bae2-bff4bd5d7d34: not valid; 2.3 s; peak memory 3970 MiB.
2026-09-24T16:27:08Z INFO [276/500] 13aa2e36-fe5a-44c7-9cd8-18fdc1d3bbfe: valid; 1.3 s; peak memory 3973 MiB.
2026-09-24T16:27:10Z INFO [277/500] 13aa564f-6ac5-4bbb-9e55-4f2b796dfce6: valid; 1.7 s; peak memory 3975 MiB.
2026-09-24T16:27:12Z INFO [278/500] 13aa97cf-8ca7-4618-8fa9-87cd85bd3a9f: valid; 1.9 s; peak memory 3980 MiB.
2026-09-24T16:27:14Z INFO [279/500] 13aafae7-bd02-4510-b8db-b7a8cca2e04a: valid; 2.1 s; peak memory 3985 MiB.
2026-09-24T16:27:22Z INFO [280/500] 13ac9343-a4b4-43b4-be2b-463691bc3e72: valid; 8.2 s; peak memory 4000 MiB.
2026-09-24T16:27:25Z INFO [281/500] 13ad97c3-dc95-4359-a14c-f37ac581d44b: valid; 2.5 s; peak memory 4008 MiB.
2026-09-24T16:27:27Z INFO [282/500] 13ae51df-101f-4f5a-a023-d1fff1001484: not valid; 2.0 s; peak memory 4011 MiB.
2026-09-24T16:27:29Z WARNING 13ae5f96-859b-46d9-9c03-6a132f9f7069: failed while opening the NWB file (ConstructError: (root/acquisition/_iblmic_audioSpectrogram/bands GroupBuilder {'attributes': {'colnames': array(['freq'], dtype=object), 'description': 'spectogram frequencies', 'namespace': 'core', 'neurodata_type': 'FrequencyBandsTable', 'object_id': '328f0cf9-0b1b-43bb-b4b5-c49b0de4bebc'}, 'groups': {}, 'datasets': {'freq': root/acquisition/_iblmic_audioSpectrogram/bands/freq DatasetBuilder {'attributes': {'description': 'frequency value', 'namespace': 'hdmf-common', 'neurodata_type': 'VectorData', 'object_id': '79ea2781-11a2-4084-a0ff-c80bc99b0232'}, 'data': <HDF5 dataset "freq": shape (257,), type "<f4">}, 'id': root/acquisition/_iblmic_audioSpectrogram/bands/id DatasetBuilder {'attributes': {'namespace': 'hdmf-common', 'neurodata_type': 'ElementIdentifiers', 'object_id': '1795ad20-c1ff-49ec-86dd-15191b6d1855'}, 'data': <HDF5 dataset "id": shape (257,), type "<i4">}}, 'links': {}}, "Could not construct FrequencyBandsTable object due to: column must have the same number of rows as 'id'"))
2026-09-24T16:27:32Z INFO [284/500] 13af6693-81cb-40af-a960-fbb4e340f5f3: not valid; 2.8 s; peak memory 4011 MiB.
2026-09-24T16:27:33Z INFO [285/500] 13af78ed-5aec-49ba-8198-18fc74b8795f: valid; 1.6 s; peak memory 4011 MiB.
2026-09-24T16:27:38Z INFO [286/500] 13b1ccac-1f7b-4bc4-bca3-f6403552ab2b: not valid; 4.2 s; peak memory 4011 MiB.
2026-09-24T16:27:39Z INFO [287/500] 13b290c7-737d-47d2-81ee-4300b1aaddd4: valid; 1.3 s; peak memory 4011 MiB.
2026-09-24T16:27:42Z INFO [288/500] 13b36e32-9208-4f3b-8018-678d0ce3c3cc: valid; 2.8 s; peak memory 4011 MiB.
2026-09-24T16:27:44Z INFO [289/500] 13b40552-9468-4d84-8320-73df1f6b6965: not valid; 2.1 s; peak memory 4011 MiB.
2026-09-24T16:28:02Z INFO [290/500] 13b42f55-96d0-401e-bf4c-d6d6a0100aa4: not valid; 18.1 s; peak memory 4030 MiB.
2026-09-24T16:28:03Z INFO [291/500] 13b44843-8007-469a-bb4f-dbce0f832667: valid; 1.4 s; peak memory 4030 MiB.
2026-09-24T16:28:06Z INFO [292/500] 13b4672c-cec1-43df-a11c-039cdfcc42f5: valid; 2.3 s; peak memory 4030 MiB.
2026-09-24T16:28:20Z INFO [293/500] 13b53b9e-3d8b-42b9-bf08-9ef2d66ce73c: valid; 14.2 s; peak memory 4109 MiB.
2026-09-24T16:28:21Z INFO [294/500] 13b55513-26ee-4d69-9189-cf3707cd5be9: valid; 1.1 s; peak memory 4109 MiB.
2026-09-24T16:28:35Z INFO [295/500] 13b5ace3-0725-4561-be35-4245c3ab08da: valid; 14.4 s; peak memory 4289 MiB.
2026-09-24T16:28:39Z INFO [296/500] 13b5d3ef-deb1-4a03-b5ed-f30787183efe: valid; 3.3 s; peak memory 4289 MiB.
2026-09-24T16:28:39Z WARNING 13b5e49f-d7df-4a83-98ea-034720e9a25b: failed while retrieving asset information from the DANDI API (NotFoundError: No asset at path 'sub-455220/sub-455220_ses-20190731T151805_behavior+ecephys+ogen.nwb' in version 0.231012.2129. Verify the path is correct and the asset exists in this version. Use 'dandi ls' to list available assets.)
2026-09-24T16:28:40Z INFO [298/500] 13b5f550-1516-41c1-8d6a-58f951d22afd: valid; 1.3 s; peak memory 4289 MiB.
2026-09-24T16:28:42Z INFO [299/500] 13b6278f-f586-4501-87cb-1d286cd94f40: not valid; 2.0 s; peak memory 4289 MiB.
2026-09-24T16:28:43Z INFO [300/500] 13b6563e-2153-4f1b-a2e7-77691fcb0cc3: valid; 1.3 s; peak memory 4289 MiB.
2026-09-24T16:28:44Z INFO [300/500] 13b6563e-2153-4f1b-a2e7-77691fcb0cc3: checkpointed 77810 records.
2026-09-24T16:28:45Z INFO [301/500] 13b71494-59fe-407c-bf84-08507401c470: valid; 1.4 s; peak memory 4289 MiB.
2026-09-24T16:28:47Z INFO [302/500] 13b7bbed-6122-458f-8502-a235136c7de9: not valid; 1.6 s; peak memory 4289 MiB.
2026-09-24T16:28:49Z INFO [303/500] 13b81168-5d4e-4135-a6d3-09df478fa248: not valid; 1.8 s; peak memory 4289 MiB.
2026-09-24T16:28:51Z INFO [304/500] 13b88269-6e1c-48ba-836b-2cac33c9f527: valid; 2.7 s; peak memory 4289 MiB.
2026-09-24T16:28:53Z INFO [305/500] 13b88427-0091-43e5-ad36-58bedb5daed3: valid; 1.3 s; peak memory 4289 MiB.
2026-09-24T16:28:55Z INFO [306/500] 13b91ec4-4b59-41b3-ae87-18890d885fd7: valid; 2.6 s; peak memory 4289 MiB.
2026-09-24T16:28:57Z INFO [307/500] 13b92f5e-55e1-488a-ad23-860d9517273c: valid; 2.0 s; peak memory 4289 MiB.
2026-09-24T16:29:07Z INFO [308/500] 13ba5c49-265d-4d38-80da-8464450528b4: valid; 9.9 s; peak memory 4289 MiB.
2026-09-24T16:29:17Z INFO [309/500] 13bb01d6-7128-438e-86e3-9bb1b1a1234e: valid; 9.8 s; peak memory 4289 MiB.
2026-09-24T16:29:25Z INFO [310/500] 13bb0b6b-31b7-4750-ba8e-ec960d7a28ca: valid; 8.4 s; peak memory 4289 MiB.
2026-09-24T16:29:27Z INFO [311/500] 13bb1dfe-910a-4f1e-a3c6-ba4b0eea7213: valid; 1.4 s; peak memory 4289 MiB.
2026-09-24T16:29:29Z INFO [312/500] 13bb471f-30bd-405c-b5c2-d9013c47fcf5: valid; 1.9 s; peak memory 4289 MiB.
2026-09-24T16:29:30Z INFO [313/500] 13bbe32b-3fda-4dc3-b065-a9eba6f5924d: valid; 1.8 s; peak memory 4289 MiB.
2026-09-24T16:29:33Z INFO [314/500] 13bbfe74-9c38-45f8-bec0-6c81e19a4f25: valid; 2.7 s; peak memory 4289 MiB.
2026-09-24T16:29:35Z INFO [315/500] 13bc4a5d-1020-4d14-b544-c910daec06b6: not valid; 1.6 s; peak memory 4289 MiB.
2026-09-24T16:29:36Z INFO [316/500] 13be2e8f-9655-40ce-9b6c-76850f3a7e46: valid; 1.0 s; peak memory 4289 MiB.
2026-09-24T16:29:37Z INFO [317/500] 13be873e-1674-4cb8-8e75-80791eb7bdaf: valid; 1.0 s; peak memory 4289 MiB.
2026-09-24T16:29:48Z INFO [318/500] 13be9de5-1ddd-41ae-a24e-4b09a6bcbfa9: valid; 10.7 s; peak memory 4299 MiB.
2026-09-24T16:29:50Z INFO [319/500] 13beb2a0-8cd5-4c3b-b70e-a3fa8651ac98: not valid; 1.9 s; peak memory 4305 MiB.
2026-09-24T16:29:50Z WARNING 13bec429-b3b9-4842-9ee3-5440cca92139: failed while retrieving asset information from the DANDI API (NotFoundError: No such Dandiset: 001269)
2026-09-24T16:29:51Z INFO [321/500] 13bef94d-8281-45e9-9dc6-b5fcfeb45f7a: valid; 1.3 s; peak memory 4308 MiB.
2026-09-24T16:29:54Z INFO [322/500] 13bf5f26-f1b1-4eff-9326-b2057bb0e1ac: valid; 2.7 s; peak memory 4314 MiB.
2026-09-24T16:30:08Z INFO [323/500] 13bf77c2-a16d-4dd1-8e8c-0809510a2db5: valid; 14.0 s; peak memory 4314 MiB.
2026-09-24T16:30:10Z INFO [324/500] 13bf9099-9b0b-4ee9-87cd-74f6000165e6: not valid; 1.9 s; peak memory 4314 MiB.
2026-09-24T16:30:12Z INFO [325/500] 13bff222-74f5-4c59-a7a0-1a5a8f724c1e: valid; 2.6 s; peak memory 4314 MiB.
2026-09-24T16:30:13Z INFO [326/500] 13c01040-c516-43cd-afb5-af3e9b7dcdaa: valid; 1.0 s; peak memory 4314 MiB.
2026-09-24T16:30:21Z INFO [327/500] 13c11ae4-f93e-41d9-ae1b-71d1c7bb669d: valid; 8.4 s; peak memory 4314 MiB.
2026-09-24T16:30:23Z INFO [328/500] 13c1ba4e-076d-4697-bce9-6bc178aed2cb: valid; 2.0 s; peak memory 4314 MiB.
2026-09-24T16:30:25Z INFO [329/500] 13c1c13f-b539-46e5-bb13-0243cde2f996: valid; 1.4 s; peak memory 4317 MiB.
2026-09-24T16:30:27Z INFO [330/500] 13c22e0b-cfe8-4e4d-b349-0ae98495df43: valid; 2.1 s; peak memory 4325 MiB.
2026-09-24T16:30:29Z INFO [331/500] 13c29f0d-f4e2-40f8-9190-64722ab54132: valid; 2.4 s; peak memory 4337 MiB.
2026-09-24T16:30:31Z INFO [332/500] 13c2a9a5-7e93-4d52-87e4-f54fbcba2944: valid; 1.5 s; peak memory 4340 MiB.
2026-09-24T16:30:33Z INFO [333/500] 13c2d71c-c443-41e5-a2eb-9a803eaed0cc: not valid; 2.0 s; peak memory 4342 MiB.
2026-09-24T16:30:34Z INFO [334/500] 13c37fa1-401d-4e72-9f6a-907638c3a733: valid; 1.3 s; peak memory 4344 MiB.
2026-09-24T16:30:37Z INFO [335/500] 13c45a56-5b7d-4e40-9b3c-785ecf43281c: valid; 2.4 s; peak memory 4355 MiB.
2026-09-24T16:30:47Z INFO [336/500] 13c4a488-5007-42d6-9c02-1da4ce8ef843: not valid; 10.4 s; peak memory 4367 MiB.
2026-09-24T16:30:48Z INFO [337/500] 13c5dfa4-7df1-48c8-b140-6173b7703c09: valid; 1.2 s; peak memory 4367 MiB.
2026-09-24T16:30:50Z INFO [338/500] 13c61c08-b603-4e58-8c5a-cedc11714024: not valid; 1.9 s; peak memory 4367 MiB.
2026-09-24T16:30:54Z INFO [339/500] 13c654d3-d857-4625-9364-cc5941f5d33c: valid; 3.8 s; peak memory 4367 MiB.
2026-09-24T16:30:58Z INFO [340/500] 13c69aef-6e27-44b8-8562-32f244b18c3b: not valid; 4.0 s; peak memory 4370 MiB.
2026-09-24T16:31:03Z INFO [341/500] 13c6df9e-7b29-40e2-a777-4dedfc3012b4: valid; 4.8 s; peak memory 4370 MiB.
2026-09-24T16:31:05Z INFO [342/500] 13c753a6-8d85-4ac8-a0b7-cd677902f25f: valid; 2.6 s; peak memory 4370 MiB.
2026-09-24T16:31:07Z INFO [343/500] 13c852dc-fa46-483b-bae9-07d67dbd5125: not valid; 1.5 s; peak memory 4370 MiB.
2026-09-24T16:31:10Z INFO [344/500] 13c85544-3cfc-4cbd-bed7-9ca512ba58ef: valid; 3.5 s; peak memory 4372 MiB.
2026-09-24T16:31:10Z WARNING 13c8aee4-d61b-4f71-a069-a2e356771832: failed while retrieving asset information from the DANDI API (NotFoundError: No asset at path 'sub-parkinson-simulated-lfp/sub-parkinson-simulated-lfp_ses-3951_ecephys.nwb' in version 0.250327.2220. Verify the path is correct and the asset exists in this version. Use 'dandi ls' to list available assets.)
2026-09-24T16:31:11Z INFO [346/500] 13c92ee5-7f3b-4ca2-bc1e-0817ca6259a8: valid; 1.1 s; peak memory 4372 MiB.
2026-09-24T16:31:14Z INFO [347/500] 13c9d902-5648-4fd0-8d70-4b7cdd2eb669: valid; 2.2 s; peak memory 4373 MiB.
2026-09-24T16:31:15Z INFO [348/500] 13ca0c83-1675-4e2e-9b48-7e40ac886f87: valid; 1.6 s; peak memory 4373 MiB.
2026-09-24T16:31:17Z INFO [349/500] 13ca2bac-04be-4a6b-8987-eafe35dabf9c: valid; 2.1 s; peak memory 4374 MiB.
2026-09-24T16:31:20Z INFO [350/500] 13cb020d-cd1c-4743-aec8-12b8cd4cf642: valid; 2.6 s; peak memory 4375 MiB.
2026-09-24T16:31:20Z INFO [350/500] 13cb020d-cd1c-4743-aec8-12b8cd4cf642: checkpointed 77860 records.
2026-09-24T16:31:22Z INFO [351/500] 13cb119e-89f1-462a-afe1-9125561ba1eb: valid; 1.5 s; peak memory 4376 MiB.
2026-09-24T16:31:24Z WARNING 13cb1950-3334-4d14-8be1-f03d9ef1c68b: failed while opening the NWB file (ConstructError: (root/acquisition/_iblmic_audioSpectrogram/bands GroupBuilder {'attributes': {'colnames': array(['freq'], dtype=object), 'description': 'spectogram frequencies', 'namespace': 'core', 'neurodata_type': 'FrequencyBandsTable', 'object_id': '7f079831-3ae8-4bd7-b20f-e3d7917f4cfc'}, 'groups': {}, 'datasets': {'freq': root/acquisition/_iblmic_audioSpectrogram/bands/freq DatasetBuilder {'attributes': {'description': 'frequency value', 'namespace': 'hdmf-common', 'neurodata_type': 'VectorData', 'object_id': 'a0bcf385-49d2-435c-8607-0e873285adb1'}, 'data': <HDF5 dataset "freq": shape (257,), type "<f4">}, 'id': root/acquisition/_iblmic_audioSpectrogram/bands/id DatasetBuilder {'attributes': {'namespace': 'hdmf-common', 'neurodata_type': 'ElementIdentifiers', 'object_id': 'fb6cd886-4096-4d03-b9bb-bca2f82ada01'}, 'data': <HDF5 dataset "id": shape (257,), type "<i4">}}, 'links': {}}, "Could not construct FrequencyBandsTable object due to: column must have the same number of rows as 'id'"))
2026-09-24T16:31:26Z INFO [353/500] 13cb21d2-aef7-479b-8153-3dfee33b5323: valid; 2.4 s; peak memory 4379 MiB.
2026-09-24T16:31:28Z INFO [354/500] 13cb3d6f-a7be-4e0f-8e7d-b8d264ec19e6: valid; 1.3 s; peak memory 4379 MiB.
2026-09-24T16:31:34Z INFO [355/500] 13cbdfac-4fca-44ad-827e-78e24ec5dfd5: valid; 6.7 s; peak memory 4388 MiB.
2026-09-24T16:31:37Z INFO [356/500] 13cc0454-defd-4163-bf77-690148f55baf: valid; 2.1 s; peak memory 4389 MiB.
2026-09-24T16:31:39Z INFO [357/500] 13cc22ac-aa1c-48cb-99d4-f5df6ed8d7cd: not valid; 2.0 s; peak memory 4391 MiB.
2026-09-24T16:31:56Z INFO [358/500] 13cc6b6d-b969-452a-8cd8-3e2d999122c5: valid; 17.8 s; peak memory 4415 MiB.
2026-09-24T16:31:58Z INFO [359/500] 13cd5c0f-c3d6-40db-9bdd-ff75d53837dc: valid; 1.3 s; peak memory 4415 MiB.
2026-09-24T16:32:00Z INFO [360/500] 13ce48ec-6449-4100-a61c-177b4ffc0da4: valid; 2.7 s; peak memory 4417 MiB.
2026-09-24T16:32:02Z INFO [361/500] 13ce5af0-d2a6-4b13-94df-038cc950e743: valid; 1.3 s; peak memory 4417 MiB.
2026-09-24T16:32:03Z INFO [362/500] 13cf410e-46cc-4b21-8037-d831e3638448: valid; 1.1 s; peak memory 4418 MiB.
2026-09-24T16:32:05Z INFO [363/500] 13d23c61-e1ef-444c-9f7f-5020ff09d1a2: valid; 2.4 s; peak memory 4419 MiB.
2026-09-24T16:32:08Z INFO [364/500] 13d24842-d4bd-4cce-845e-233d1af0d0a7: valid; 3.0 s; peak memory 4427 MiB.
2026-09-24T16:32:11Z INFO [365/500] 13d2941f-6b7e-4993-b974-33ef5648c8f8: not valid; 2.8 s; peak memory 4432 MiB.
2026-09-24T16:32:14Z INFO [366/500] 13d338d3-cde2-4e59-b8c3-46cadff7c843: valid; 3.4 s; peak memory 4435 MiB.
2026-09-24T16:32:17Z INFO [367/500] 13d40c81-7c17-4bf8-9537-a1042e4421ae: valid; 2.5 s; peak memory 4435 MiB.
2026-09-24T16:32:19Z INFO [368/500] 13d4a25a-ad1e-4f4c-a7ea-55e2f7641ca1: valid; 2.5 s; peak memory 4435 MiB.
2026-09-24T16:32:22Z INFO [369/500] 13d4f386-6300-4101-a7dd-68e51b575a67: valid; 2.3 s; peak memory 4435 MiB.
2026-09-24T16:32:23Z INFO [370/500] 13d52f7f-4da0-423b-821d-90a2f3d4e850: not valid; 1.6 s; peak memory 4435 MiB.
2026-09-24T16:32:25Z INFO [371/500] 13d55cd9-3752-43f3-a42b-e8d3cd2417e7: valid; 1.4 s; peak memory 4435 MiB.
2026-09-24T16:32:32Z INFO [372/500] 13d56a1c-cb26-44a1-85b4-cd33fe9e5ca7: not valid; 7.7 s; peak memory 4447 MiB.
2026-09-24T16:32:34Z INFO [373/500] 13d586db-d03c-45c8-ae94-71cc41ce57ce: not valid; 2.0 s; peak memory 4447 MiB.
2026-09-24T16:32:37Z INFO [374/500] 13d6cca9-4f07-485e-bb48-379e9ddcf8fa: valid; 2.3 s; peak memory 4449 MiB.
2026-09-24T16:32:38Z INFO [375/500] 13d7013a-b11e-4c72-96a8-870e819ca932: valid; 1.5 s; peak memory 4449 MiB.
2026-09-24T16:32:40Z INFO [376/500] 13d7cca4-8722-4db9-b8b6-91c9703c3b0b: valid; 1.5 s; peak memory 4450 MiB.
2026-09-24T16:32:41Z INFO [377/500] 13d7df15-c395-42ba-a140-44f8efa1b56d: valid; 1.4 s; peak memory 4452 MiB.
2026-09-24T16:32:44Z INFO [378/500] 13d812c7-6c56-4ee0-8db5-c386f81b3978: valid; 2.4 s; peak memory 4457 MiB.
2026-09-24T16:32:45Z INFO [379/500] 13d844d0-fedb-46cb-a336-02b5420d81fe: valid; 1.4 s; peak memory 4459 MiB.
2026-09-24T16:32:47Z INFO [380/500] 13d86e98-bc37-41d6-bb08-317b3a34fe5b: not valid; 1.6 s; peak memory 4461 MiB.
2026-09-24T16:32:48Z INFO [381/500] 13d8b22a-1285-41ab-bfae-efa5fd19d3ce: valid; 1.9 s; peak memory 4464 MiB.
2026-09-24T16:32:50Z INFO [382/500] 13d94cb2-9445-4f55-b904-bb99534cc771: not valid; 1.8 s; peak memory 4467 MiB.
2026-09-24T16:32:52Z INFO [383/500] 13d959ff-bf4c-499f-9717-e1e737717cbb: valid; 1.5 s; peak memory 4469 MiB.
2026-09-24T16:32:54Z INFO [384/500] 13da009e-adde-4c37-8285-9fb80812fc36: not valid; 1.8 s; peak memory 4472 MiB.
2026-09-24T16:32:56Z INFO [385/500] 13dad738-eb8c-4ff4-a66a-dfe0e47618d4: valid; 2.4 s; peak memory 4475 MiB.
2026-09-24T16:33:45Z INFO [386/500] 13db29ff-1454-412d-8680-ecd7a38c6f95: not valid; 49.0 s; peak memory 5111 MiB.
2026-09-24T16:33:47Z INFO [387/500] 13db4b73-882e-4fe4-a5d3-4724e0f00eb7: valid; 2.4 s; peak memory 5114 MiB.
2026-09-24T16:33:50Z INFO [388/500] 13dc6815-1f9c-4d05-b79f-ed5f38bc0125: valid; 2.3 s; peak memory 5116 MiB.
2026-09-24T16:33:52Z INFO [389/500] 13dc741e-3014-4fd3-82cc-fc0b713a5437: valid; 2.5 s; peak memory 5135 MiB.
2026-09-24T16:33:55Z INFO [390/500] 13dcf0eb-cfa0-4aca-9b85-58b2e1630a81: valid; 3.0 s; peak memory 5135 MiB.
2026-09-24T16:33:58Z INFO [391/500] 13dcfe10-d1d5-4542-840d-08d6f053d6be: valid; 2.8 s; peak memory 5136 MiB.
2026-09-24T16:34:00Z WARNING 13dd0b7a-de5e-4179-8706-7e85dcbb6201: failed while opening the NWB file (ConstructError: (root/acquisition/_iblmic_audioSpectrogram/bands GroupBuilder {'attributes': {'colnames': array(['freq'], dtype=object), 'description': 'spectogram frequencies', 'namespace': 'core', 'neurodata_type': 'FrequencyBandsTable', 'object_id': 'ca329e05-7e7e-42b9-8f0d-9eeb8febf7ca'}, 'groups': {}, 'datasets': {'freq': root/acquisition/_iblmic_audioSpectrogram/bands/freq DatasetBuilder {'attributes': {'description': 'frequency value', 'namespace': 'hdmf-common', 'neurodata_type': 'VectorData', 'object_id': '8162e7bf-7807-44a9-9ada-c4971a908950'}, 'data': <HDF5 dataset "freq": shape (257,), type "<f4">}, 'id': root/acquisition/_iblmic_audioSpectrogram/bands/id DatasetBuilder {'attributes': {'namespace': 'hdmf-common', 'neurodata_type': 'ElementIdentifiers', 'object_id': 'bdd4d57d-258d-4ebf-9bd3-1e601d0beeb7'}, 'data': <HDF5 dataset "id": shape (257,), type "<i4">}}, 'links': {}}, "Could not construct FrequencyBandsTable object due to: column must have the same number of rows as 'id'"))
2026-09-24T16:34:01Z INFO [393/500] 13dd525f-8c3b-457d-9217-23c18208bef5: valid; 1.3 s; peak memory 5142 MiB.
2026-09-24T16:34:01Z WARNING 13df06b5-e76f-41ed-82e8-645aeb4208a3: failed while retrieving asset information from the DANDI API (NotFoundError: No such Dandiset: 001533)
2026-09-24T16:34:05Z INFO [395/500] 13dfc4b5-6501-4dac-9c25-d6133f14a1a6: valid; 3.4 s; peak memory 5146 MiB.
2026-09-24T16:34:07Z INFO [396/500] 13dff7bc-ca31-460a-aa08-7af30d22a13e: valid; 2.3 s; peak memory 5149 MiB.
2026-09-24T16:34:11Z INFO [397/500] 13e02560-d956-490b-9e64-61e2b51d1efe: valid; 4.2 s; peak memory 5150 MiB.
2026-09-24T16:34:14Z INFO [398/500] 13e05d28-5180-42b5-ab23-977cb8507acb: valid; 2.6 s; peak memory 5157 MiB.
2026-09-24T16:34:16Z INFO [399/500] 13e0b3b4-b540-4be6-9adc-bf408e0d4099: not valid; 2.2 s; peak memory 5164 MiB.
2026-09-24T16:34:18Z INFO [400/500] 13e117aa-c15b-4c29-84df-3fdde121d034: valid; 1.8 s; peak memory 5165 MiB.
2026-09-24T16:34:18Z INFO [400/500] 13e117aa-c15b-4c29-84df-3fdde121d034: checkpointed 77910 records.
2026-09-24T16:34:35Z INFO [401/500] 13e1a011-6b81-4960-a3fc-db7f036768fd: valid; 16.1 s; peak memory 5356 MiB.
2026-09-24T16:34:36Z INFO [402/500] 13e1e976-e809-4f23-9730-d9ddd228aab6: valid; 1.0 s; peak memory 5356 MiB.
2026-09-24T16:34:38Z INFO [403/500] 13e239c9-2f49-4650-849b-a2399ca18b40: valid; 2.3 s; peak memory 5356 MiB.
2026-09-24T16:34:41Z INFO [404/500] 13e28978-c47b-4905-a886-46636044c887: valid; 3.0 s; peak memory 5356 MiB.
2026-09-24T16:34:45Z INFO [405/500] 13e3cd55-8ed0-4b2b-83a6-18c90e8d819f: valid; 4.4 s; peak memory 5356 MiB.
2026-09-24T16:34:50Z INFO [406/500] 13e3de8b-445c-413c-92f6-1b83a8553195: valid; 4.9 s; peak memory 5356 MiB.
2026-09-24T16:34:52Z INFO [407/500] 13e4340f-2af6-435c-a721-a3558a426a9c: not valid; 1.9 s; peak memory 5356 MiB.
2026-09-24T16:35:00Z INFO [408/500] 13e5f0f0-5ddb-4077-af8a-b5f8cc9805e2: valid; 8.1 s; peak memory 5357 MiB.
2026-09-24T16:35:01Z INFO [409/500] 13e612fd-eaf9-488c-9162-486e4c7804cf: valid; 1.3 s; peak memory 5357 MiB.
2026-09-24T16:35:05Z INFO [410/500] 13e6610d-08d8-4790-9f9e-de2677f943de: valid; 3.2 s; peak memory 5357 MiB.
2026-09-24T16:35:09Z INFO [411/500] 13e6b967-593d-4023-87fc-e5cdfabcbd94: not valid; 3.8 s; peak memory 5357 MiB.
2026-09-24T16:35:28Z INFO [412/500] 13e6c76a-51e9-470f-ae45-51d8cd975045: valid; 19.4 s; peak memory 5398 MiB.
2026-09-24T16:35:30Z INFO [413/500] 13e6ef3f-c7a1-4b58-8c22-5fe106a474f6: valid; 1.6 s; peak memory 5401 MiB.
2026-09-24T16:35:31Z INFO [414/500] 13e76514-ad22-41ee-a1cd-5d8e4fc438f6: valid; 1.1 s; peak memory 5403 MiB.
2026-09-24T16:35:33Z INFO [415/500] 13e83fa2-d3a3-4961-b410-167b3c986092: valid; 2.3 s; peak memory 5407 MiB.
2026-09-24T16:35:35Z WARNING 13e8ccd9-9a8d-427c-8c3d-bdeb7f93eb9b: failed while opening the NWB file (ConstructError: (root/acquisition/_iblmic_audioSpectrogram/bands GroupBuilder {'attributes': {'colnames': array(['freq'], dtype=object), 'description': 'spectogram frequencies', 'namespace': 'core', 'neurodata_type': 'FrequencyBandsTable', 'object_id': '7da239f6-f382-4d4e-884a-6d2510064e4b'}, 'groups': {}, 'datasets': {'freq': root/acquisition/_iblmic_audioSpectrogram/bands/freq DatasetBuilder {'attributes': {'description': 'frequency value', 'namespace': 'hdmf-common', 'neurodata_type': 'VectorData', 'object_id': '78d2b830-9507-41db-a477-f1dfd5b65c01'}, 'data': <HDF5 dataset "freq": shape (257,), type "<f4">}, 'id': root/acquisition/_iblmic_audioSpectrogram/bands/id DatasetBuilder {'attributes': {'namespace': 'hdmf-common', 'neurodata_type': 'ElementIdentifiers', 'object_id': '35e87b30-27cf-40a9-9f38-4831e4adbcd8'}, 'data': <HDF5 dataset "id": shape (257,), type "<i4">}}, 'links': {}}, "Could not construct FrequencyBandsTable object due to: column must have the same number of rows as 'id'"))
2026-09-24T16:35:56Z INFO [417/500] 13e8d822-0238-4074-894d-d0e49da739be: valid; 20.5 s; peak memory 5497 MiB.
2026-09-24T16:35:59Z INFO [418/500] 13e8e1ab-3a6d-4fb0-ac6b-9c1c6cf9028d: valid; 3.5 s; peak memory 5503 MiB.
2026-09-24T16:36:01Z INFO [419/500] 13e9b56e-5f0a-458f-a812-aec3d8ed2a67: valid; 1.4 s; peak memory 5503 MiB.
2026-09-24T16:36:02Z INFO [420/500] 13eac146-c500-4f40-ac54-837c7a20edee: valid; 1.5 s; peak memory 5503 MiB.
2026-09-24T16:36:15Z INFO [421/500] 13eadf5f-af3b-4528-8171-d7b828557fdd: valid; 13.0 s; peak memory 5503 MiB.
2026-09-24T16:36:17Z INFO [422/500] 13eb32e2-115e-4766-857a-2f9f59b62347: valid; 2.0 s; peak memory 5503 MiB.
2026-09-24T16:36:18Z INFO [423/500] 13ec3657-ceb9-4a37-8a88-e05029cd708a: valid; 1.1 s; peak memory 5503 MiB.
2026-09-24T16:36:21Z INFO [424/500] 13ed7c5f-1013-4ea1-904b-0e1d1f7e5976: valid; 2.5 s; peak memory 5503 MiB.
2026-09-24T16:36:25Z INFO [425/500] 13edfb62-421f-42e7-8a10-b1f93e852c20: valid; 4.3 s; peak memory 5503 MiB.
2026-09-24T16:36:27Z INFO [426/500] 13ee0001-8ac6-49e0-b116-43ef7a83b4ac: valid; 1.4 s; peak memory 5503 MiB.
2026-09-24T16:36:29Z INFO [427/500] 13ee3077-a6a7-4206-945d-7857947ced22: valid; 2.1 s; peak memory 5503 MiB.
2026-09-24T16:36:30Z INFO [428/500] 13ee89e5-4e49-4e4d-a74d-b05fe8946a51: not valid; 1.7 s; peak memory 5503 MiB.
2026-09-24T16:36:32Z INFO [429/500] 13eec5be-00ab-4c83-91aa-aa6c4cccaef6: valid; 1.5 s; peak memory 5503 MiB.
2026-09-24T16:36:34Z WARNING 13ef24c5-89b1-4f75-9b9b-5ef2ee56e340: failed while opening the NWB file (ConstructError: (root/acquisition/event_code_meanings GroupBuilder {'attributes': {'colnames': array(['value', 'meaning'], dtype=object), 'description': 'Mapping integer event codes to event labels', 'namespace': 'ndx-events', 'neurodata_type': 'MeaningsTable', 'object_id': 'fd6d3158-372d-493b-b938-c3492454a717'}, 'groups': {}, 'datasets': {'id': root/acquisition/event_code_meanings/id DatasetBuilder {'attributes': {'namespace': 'hdmf-common', 'neurodata_type': 'ElementIdentifiers', 'object_id': '01b16fab-b58d-4888-9566-de9fb4e73214'}, 'data': <HDF5 dataset "id": shape (26,), type "<i8">}, 'meaning': root/acquisition/event_code_meanings/meaning DatasetBuilder {'attributes': {'description': 'The meaning of the value in the parent CategoricalVectorData object.', 'namespace': 'hdmf-experimental', 'neurodata_type': 'VectorData', 'object_id': '61269ffb-253e-40de-8edd-2dbd2424ef48'}, 'data': <StrDataset for HDF5 dataset "meaning": shape (26,), type "|O">}, 'value': root/acquisition/event_code_meanings/value DatasetBuilder {'attributes': {'description': 'The value of the parent CategoricalVectorData object.', 'namespace': 'hdmf-experimental', 'neurodata_type': 'VectorData', 'object_id': '742941cc-6812-4a12-930e-7cd8b083ce33'}, 'data': <HDF5 dataset "value": shape (26,), type "<i8">}}, 'links': {}}, "Could not construct MeaningsTable object due to: MeaningsTable.__init__: missing argument 'target'"))
2026-09-24T16:36:36Z INFO [431/500] 13ef2665-de9e-47d5-a828-d27ecc85d75e: valid; 2.6 s; peak memory 5503 MiB.
2026-09-24T16:36:39Z INFO [432/500] 13ef6ad9-ab44-4520-bdc0-d6f90ea8323c: valid; 2.2 s; peak memory 5503 MiB.
2026-09-24T16:36:40Z INFO [433/500] 13ef9d84-3b31-49a1-a9b9-1357ed2593b9: valid; 1.3 s; peak memory 5503 MiB.
2026-09-24T16:36:41Z INFO [434/500] 13efc7f9-fe6a-448e-b3ba-736c6320b560: valid; 1.3 s; peak memory 5503 MiB.
2026-09-24T16:37:26Z INFO [435/500] 13f0b024-7b8a-41c8-b3a8-74ae111f656f: valid; 44.9 s; peak memory 5518 MiB.
2026-09-24T16:37:39Z INFO [436/500] 13f0b3dc-cdca-45e7-883f-a25d0b4b6f31: valid; 12.4 s; peak memory 5545 MiB.
2026-09-24T16:37:42Z INFO [437/500] 13f0b57f-ec2f-433b-b6de-ab522d72ef93: valid; 3.1 s; peak memory 5552 MiB.
2026-09-24T16:37:43Z INFO [438/500] 13f11b37-b48c-4963-9c28-458b55b2d79a: valid; 1.4 s; peak memory 5555 MiB.
2026-09-24T16:37:54Z INFO [439/500] 13f1b9f3-cfa4-404b-8313-961f1ff7372e: valid; 11.3 s; peak memory 5650 MiB.
2026-09-24T16:37:56Z INFO [440/500] 13f1e0a3-b8ff-4da5-8bab-13cd49e42cf6: not valid; 1.5 s; peak memory 5652 MiB.
2026-09-24T16:38:00Z INFO [441/500] 13f22982-416d-4cb1-845f-5f353e09a12b: not valid; 4.0 s; peak memory 5675 MiB.
2026-09-24T16:38:01Z INFO [442/500] 13f28acb-f922-4af7-aa30-1c7f161118df: not valid; 1.5 s; peak memory 5678 MiB.
2026-09-24T16:38:03Z INFO [443/500] 13f2f97e-db10-49e2-ad4f-58618fd0df02: valid; 1.9 s; peak memory 5680 MiB.
2026-09-24T16:38:05Z INFO [444/500] 13f367de-bb9e-400d-802f-38ba1690736f: not valid; 2.2 s; peak memory 5681 MiB.
2026-09-24T16:38:07Z INFO [445/500] 13f36bfa-fe70-4789-8617-94a2d5bbbe56: not valid; 1.9 s; peak memory 5681 MiB.
2026-09-24T16:38:09Z INFO [446/500] 13f461f8-de65-4dad-8896-a48bd6dc2967: not valid; 1.7 s; peak memory 5681 MiB.
2026-09-24T16:38:10Z INFO [447/500] 13f4a1d2-9f3d-4978-95c9-fab5b7961ab7: not valid; 1.2 s; peak memory 5681 MiB.
2026-09-24T16:38:13Z INFO [448/500] 13f4aeec-b9fb-43c1-a623-393cfdfc9cbe: valid; 2.6 s; peak memory 5686 MiB.
2026-09-24T16:38:32Z INFO [449/500] 13f4ca31-e179-4f34-9505-f04cef5fa5ad: valid; 19.0 s; peak memory 5686 MiB.
2026-09-24T16:38:46Z INFO [450/500] 13f5ceac-c62c-4e92-a7c3-25c6eb3e34e9: valid; 13.7 s; peak memory 5687 MiB.
2026-09-24T16:38:46Z INFO [450/500] 13f5ceac-c62c-4e92-a7c3-25c6eb3e34e9: checkpointed 77960 records.
2026-09-24T16:38:51Z INFO [451/500] 13f628ef-0575-4953-a577-0c1c3a39c30c: not valid; 4.6 s; peak memory 5687 MiB.
2026-09-24T16:38:53Z INFO [452/500] 13f6453f-4ab5-4cd2-a2ad-a5f4fec4dcd2: valid; 2.7 s; peak memory 5687 MiB.
2026-09-24T16:38:56Z INFO [453/500] 13f67639-5e01-4a17-9eab-5e3d2d958c2f: valid; 2.2 s; peak memory 5687 MiB.
2026-09-24T16:38:57Z INFO [454/500] 13f68ba9-b508-4042-ac72-6cf91c580c33: valid; 1.4 s; peak memory 5687 MiB.
2026-09-24T16:40:15Z INFO [455/500] 13f6dda1-8cde-42d9-8aab-afb397aa9f57: valid; 78.4 s; peak memory 6013 MiB.
2026-09-24T16:40:18Z INFO [456/500] 13f6e93e-c400-4f5d-8ab2-195f1077d1e8: not valid; 2.2 s; peak memory 6013 MiB.
2026-09-24T16:40:19Z INFO [457/500] 13f6f6e4-0a78-4793-a35c-0fd32bccf70c: not valid; 1.7 s; peak memory 6013 MiB.
2026-09-24T16:40:21Z INFO [458/500] 13f701d1-96fd-4f9b-82ea-070da8eb8b7a: valid; 2.0 s; peak memory 6013 MiB.
2026-09-24T16:40:23Z INFO [459/500] 13f80f43-d4a5-4119-a634-109dc22d3120: not valid; 1.9 s; peak memory 6013 MiB.
2026-09-24T16:40:26Z INFO [460/500] 13f86365-03bb-4d23-9d1b-c707aeac268f: valid; 2.6 s; peak memory 6013 MiB.
2026-09-24T16:40:28Z INFO [461/500] 13f952f4-3173-498c-a977-8edb33c623a7: not valid; 2.0 s; peak memory 6013 MiB.
2026-09-24T16:40:30Z INFO [462/500] 13f9c01c-6677-4107-9092-d867326162ac: valid; 2.0 s; peak memory 6013 MiB.
2026-09-24T16:40:31Z INFO [463/500] 13f9ee39-795a-4781-8516-769b13a70afc: valid; 1.4 s; peak memory 6013 MiB.
2026-09-24T16:40:39Z INFO [464/500] 13fae07f-61bc-4a52-a299-3f7156b42553: valid; 8.1 s; peak memory 6013 MiB.
2026-09-24T16:40:51Z INFO [465/500] 13fb83e3-79a2-4c84-ba1c-9569f73ac721: valid; 11.7 s; peak memory 6013 MiB.
2026-09-24T16:40:53Z INFO [466/500] 13fbac7b-39aa-4428-b615-647c85a49bd1: valid; 1.8 s; peak memory 6013 MiB.
2026-09-24T16:41:01Z INFO [467/500] 13fc1ade-56ea-4d43-b17a-19507e4a177b: valid; 8.3 s; peak memory 6013 MiB.
2026-09-24T16:41:06Z INFO [468/500] 13fc5474-ceef-417c-9d28-6013c3d362e1: valid; 4.8 s; peak memory 6013 MiB.
2026-09-24T16:41:08Z INFO [469/500] 13fcd1c1-c862-47bb-a337-d257d7a852a5: valid; 2.0 s; peak memory 6013 MiB.
2026-09-24T16:41:11Z INFO [470/500] 13fcf83b-a59e-4332-8bc6-fe34b661155b: not valid; 3.6 s; peak memory 6013 MiB.
2026-09-24T16:41:13Z INFO [471/500] 13fd043a-c587-4876-a9eb-d6c7ed78b39f: not valid; 1.1 s; peak memory 6013 MiB.
2026-09-24T16:41:14Z INFO [472/500] 13fd498d-ff67-4acc-b7c9-03a4ecfc4e90: valid; 1.3 s; peak memory 6013 MiB.
2026-09-24T16:41:16Z INFO [473/500] 13fe5e8b-b6f7-4218-9f2e-07fef7e33d3b: valid; 1.9 s; peak memory 6013 MiB.
2026-09-24T16:41:17Z INFO [474/500] 13fee413-c323-4c2d-bdbe-e1c054c1a727: valid; 1.6 s; peak memory 6013 MiB.
2026-09-24T16:41:19Z INFO [475/500] 13ffa4d5-3956-4475-884f-d8f8f21affb4: valid; 1.5 s; peak memory 6013 MiB.
2026-09-24T16:41:21Z INFO [476/500] 13ffbe90-87ff-4d0f-9ad5-85f0c5b336fe: not valid; 1.7 s; peak memory 6013 MiB.
2026-09-24T16:41:23Z INFO [477/500] 13fff133-6138-4d01-94fb-33567b968430: valid; 2.8 s; peak memory 6013 MiB.
2026-09-24T16:41:25Z INFO [478/500] 140006d8-b9b4-465f-b38e-68b4a06ca548: valid; 1.5 s; peak memory 6013 MiB.
2026-09-24T16:41:27Z INFO [479/500] 14009f14-70f1-45d5-b355-4ce874aaa4de: not valid; 2.0 s; peak memory 6013 MiB.
2026-09-24T16:41:30Z INFO [480/500] 1400aee0-29e1-4eb2-85e7-8138cbe27d8d: valid; 3.2 s; peak memory 6013 MiB.
2026-09-24T16:41:46Z INFO [481/500] 1400d233-c9fa-4b31-9abb-8e5058065792: valid; 16.3 s; peak memory 6045 MiB.
2026-09-24T16:41:52Z INFO [482/500] 1400e153-b97f-4770-b221-3eb602c7084a: valid; 5.4 s; peak memory 6045 MiB.
2026-09-24T16:41:53Z INFO [483/500] 1401fd7a-2726-44f1-930b-67c72b009577: not valid; 1.4 s; peak memory 6045 MiB.
2026-09-24T16:41:56Z INFO [484/500] 14021e9b-e5d3-41b5-a9fc-572542d2a6e1: valid; 2.6 s; peak memory 6045 MiB.
2026-09-24T16:41:58Z WARNING 140339d2-05be-4535-9021-289e42ee5654: failed while opening the NWB file (ConstructError: (root/acquisition/_iblmic_audioSpectrogram/bands GroupBuilder {'attributes': {'colnames': array(['freq'], dtype=object), 'description': 'spectogram frequencies', 'namespace': 'core', 'neurodata_type': 'FrequencyBandsTable', 'object_id': 'd297966f-0ec1-4fd9-b8f3-3c3c8a8405dc'}, 'groups': {}, 'datasets': {'freq': root/acquisition/_iblmic_audioSpectrogram/bands/freq DatasetBuilder {'attributes': {'description': 'frequency value', 'namespace': 'hdmf-common', 'neurodata_type': 'VectorData', 'object_id': 'a9aaea79-5402-4c1e-b10a-42f914a08553'}, 'data': <HDF5 dataset "freq": shape (257,), type "<f4">}, 'id': root/acquisition/_iblmic_audioSpectrogram/bands/id DatasetBuilder {'attributes': {'namespace': 'hdmf-common', 'neurodata_type': 'ElementIdentifiers', 'object_id': '4beb0aa8-220b-48b6-9b65-a97643f47652'}, 'data': <HDF5 dataset "id": shape (257,), type "<i4">}}, 'links': {}}, "Could not construct FrequencyBandsTable object due to: column must have the same number of rows as 'id'"))
2026-09-24T16:42:00Z WARNING 14036d25-03b1-487e-a594-4a9ccf51b1bc: failed while opening the NWB file (ConstructError: (root/acquisition/event_code_meanings GroupBuilder {'attributes': {'colnames': array(['value', 'meaning'], dtype=object), 'description': 'Mapping integer event codes to event labels', 'namespace': 'ndx-events', 'neurodata_type': 'MeaningsTable', 'object_id': 'dd1552e9-ff77-4bad-9d59-593207c58be4'}, 'groups': {}, 'datasets': {'id': root/acquisition/event_code_meanings/id DatasetBuilder {'attributes': {'namespace': 'hdmf-common', 'neurodata_type': 'ElementIdentifiers', 'object_id': 'f626e81d-4829-43cb-a889-77b295a02bae'}, 'data': <HDF5 dataset "id": shape (26,), type "<i8">}, 'meaning': root/acquisition/event_code_meanings/meaning DatasetBuilder {'attributes': {'description': 'The meaning of the value in the parent CategoricalVectorData object.', 'namespace': 'hdmf-experimental', 'neurodata_type': 'VectorData', 'object_id': '7bbaa42a-fd47-440b-808e-b8657ed4269f'}, 'data': <StrDataset for HDF5 dataset "meaning": shape (26,), type "|O">}, 'value': root/acquisition/event_code_meanings/value DatasetBuilder {'attributes': {'description': 'The value of the parent CategoricalVectorData object.', 'namespace': 'hdmf-experimental', 'neurodata_type': 'VectorData', 'object_id': '9f8f9417-6ba0-4098-9033-2e2dc830427b'}, 'data': <HDF5 dataset "value": shape (26,), type "<i8">}}, 'links': {}}, "Could not construct MeaningsTable object due to: MeaningsTable.__init__: missing argument 'target'"))
2026-09-24T16:42:02Z WARNING 1403ef41-69a0-4714-be9e-ed947d83ad95: failed while opening the NWB file (ConstructError: (root/acquisition/_iblmic_audioSpectrogram/bands GroupBuilder {'attributes': {'colnames': array(['freq'], dtype=object), 'description': 'spectogram frequencies', 'namespace': 'core', 'neurodata_type': 'FrequencyBandsTable', 'object_id': '8c698653-ffb6-49a0-b15c-7f5336f3b94f'}, 'groups': {}, 'datasets': {'freq': root/acquisition/_iblmic_audioSpectrogram/bands/freq DatasetBuilder {'attributes': {'description': 'frequency value', 'namespace': 'hdmf-common', 'neurodata_type': 'VectorData', 'object_id': 'd8c7c49f-37b5-41ec-8711-372991fa0c62'}, 'data': <HDF5 dataset "freq": shape (257,), type "<f4">}, 'id': root/acquisition/_iblmic_audioSpectrogram/bands/id DatasetBuilder {'attributes': {'namespace': 'hdmf-common', 'neurodata_type': 'ElementIdentifiers', 'object_id': '900c196c-adee-407a-9251-e410e05ef464'}, 'data': <HDF5 dataset "id": shape (257,), type "<i4">}}, 'links': {}}, "Could not construct FrequencyBandsTable object due to: column must have the same number of rows as 'id'"))
2026-09-24T16:42:06Z INFO [488/500] 140575bd-b05d-4f52-a3f6-dc0df7b17927: valid; 4.3 s; peak memory 6051 MiB.
2026-09-24T16:42:19Z INFO [489/500] 1405f194-3821-4d78-8c2c-bf421ae9930b: valid; 12.7 s; peak memory 6494 MiB.
2026-09-24T16:42:28Z INFO [490/500] 14061f01-f54e-472d-b33f-f95a8c9a7e98: valid; 9.5 s; peak memory 6494 MiB.
2026-09-24T16:42:29Z INFO [491/500] 1406c2a1-95b5-4361-8bc8-92e5715153af: valid; 1.2 s; peak memory 6494 MiB.
2026-09-24T16:42:31Z INFO [492/500] 1406f1fb-8988-43d4-8b6d-e20efdd4e7fe: valid; 1.3 s; peak memory 6494 MiB.
2026-09-24T16:42:33Z INFO [493/500] 140708bd-118f-40c0-910b-430bfe4f7b50: valid; 2.1 s; peak memory 6494 MiB.
2026-09-24T16:42:34Z INFO [494/500] 14077ff7-14f4-4abb-945b-c0e00e72e94d: valid; 1.4 s; peak memory 6494 MiB.
2026-09-24T16:42:36Z INFO [495/500] 1407ad2e-2c21-4ee7-8a38-38d2e64919ca: valid; 1.6 s; peak memory 6494 MiB.
2026-09-24T16:42:38Z INFO [496/500] 140a5952-c72f-441c-ae4f-f17dbc9dab4e: valid; 2.7 s; peak memory 6494 MiB.
2026-09-24T16:42:40Z INFO [497/500] 140aa29f-1773-4090-a74a-f842106484db: valid; 1.3 s; peak memory 6494 MiB.
2026-09-24T16:42:42Z INFO [498/500] 140b4284-4206-41e6-a0af-f66f204a381c: valid; 1.9 s; peak memory 6494 MiB.
2026-09-24T16:42:44Z INFO [499/500] 140bb5b0-24b7-4ef6-b0e9-5f4dfef1cc1e: not valid; 1.8 s; peak memory 6494 MiB.
2026-09-24T16:42:45Z INFO [500/500] 140c3bc3-187c-464a-b6d6-54e1a61d9188: valid; 1.5 s; peak memory 6494 MiB.
2026-09-24T16:42:46Z INFO [500/500] 140c3bc3-187c-464a-b6d6-54e1a61d9188: checkpointed 78010 records.
2026-09-24T16:42:46Z INFO Wrote 78010 records to /tmp/derivatives/content_id_to_valid_nwb_file.jsonl (476 new, 24 failed) in 41.4 min (peak memory 6494 MiB).
