2026-09-18T15:18:49Z INFO Logging to /tmp/logs/update_2026-09-18T15-18-49Z.log.
2026-09-18T15:18:49Z INFO Update content-id-to-valid-nwb-file (base directory /tmp).
2026-09-18T15:18:52Z INFO Processing 500 items (68510 already recorded).
2026-09-18T15:18:53Z INFO [1/500] 058f9ca5-fbef-4721-8365-953213b7e7dc: not valid; 1.3 s; peak memory 332 MiB.
2026-09-18T15:18:56Z INFO [2/500] 058fb16f-716c-4d24-ac65-a7167a2ce0d0: not valid; 2.9 s; peak memory 374 MiB.
2026-09-18T15:19:04Z INFO [3/500] 058fefa7-b128-4045-87d7-40b429b60aca: valid; 7.9 s; peak memory 458 MiB.
2026-09-18T15:19:06Z INFO [4/500] 05905626-ffdc-4356-bc6d-1b3743831f26: valid; 2.2 s; peak memory 481 MiB.
2026-09-18T15:19:09Z INFO [5/500] 059089ef-799d-4198-a6b6-7f2cc22a04b9: valid; 3.2 s; peak memory 496 MiB.
2026-09-18T15:19:10Z INFO [6/500] 05908c8c-0dc4-4055-8ceb-2bc7c190a638: not valid; 1.0 s; peak memory 498 MiB.
2026-09-18T15:19:13Z INFO [7/500] 0590a34a-5a3c-42c3-be96-5071220c0b31: valid; 2.6 s; peak memory 511 MiB.
2026-09-18T15:19:13Z INFO [8/500] 0590bcf0-c36b-4d8f-bb44-78c315425afa: not valid; 0.8 s; peak memory 513 MiB.
2026-09-18T15:19:14Z INFO [9/500] 059202c7-04af-4fea-88b7-2c2253d22e1b: valid; 0.8 s; peak memory 516 MiB.
2026-09-18T15:19:15Z INFO [10/500] 059229d1-113f-4cba-9962-c472b969ebb2: not valid; 0.7 s; peak memory 518 MiB.
2026-09-18T15:19:16Z INFO [11/500] 0592d28c-9eba-4113-8b6c-9a936557c21a: valid; 0.8 s; peak memory 518 MiB.
2026-09-18T15:19:16Z INFO [12/500] 0592ecef-0a70-48fa-b6a5-b6f3408585a4: valid; 0.7 s; peak memory 520 MiB.
2026-09-18T15:19:19Z INFO [13/500] 0592f8d0-6fc0-4504-a97d-a4dbc5c35a79: valid; 2.3 s; peak memory 526 MiB.
2026-09-18T15:19:20Z INFO [14/500] 05935ceb-44b7-4cad-b5dd-a53265b9e5e2: valid; 0.8 s; peak memory 526 MiB.
2026-09-18T15:19:27Z INFO [15/500] 0593b853-d93c-467d-8ad3-586ba6838f93: valid; 7.3 s; peak memory 586 MiB.
2026-09-18T15:19:28Z INFO [16/500] 0593c7ec-419d-42f0-97a2-f7ae26bd0e9b: valid; 1.4 s; peak memory 595 MiB.
2026-09-18T15:19:31Z INFO [17/500] 05942bb0-486d-45bd-816f-2330ebe172b6: valid; 2.4 s; peak memory 602 MiB.
2026-09-18T15:19:31Z INFO [18/500] 05949dbb-a3a7-407f-97b7-16904ed9acf0: valid; 0.7 s; peak memory 602 MiB.
2026-09-18T15:19:32Z INFO [19/500] 05951d4d-8ab8-4368-bb4d-b529942fca6f: valid; 0.7 s; peak memory 602 MiB.
2026-09-18T15:19:33Z INFO [20/500] 0595737a-c45e-4e6f-ad93-b63e93df6551: valid; 1.4 s; peak memory 602 MiB.
2026-09-18T15:19:34Z INFO [21/500] 05960e92-e35d-47f8-a9d4-b278ecc14a42: valid; 0.8 s; peak memory 602 MiB.
2026-09-18T15:19:36Z INFO [22/500] 05963fc2-b683-4891-9323-529ece8e0087: valid; 1.6 s; peak memory 602 MiB.
2026-09-18T15:19:39Z INFO [23/500] 05967496-30d0-4968-bc09-fb9e69884b4a: valid; 2.8 s; peak memory 602 MiB.
2026-09-18T15:19:45Z INFO [24/500] 0596879b-8669-4735-80d8-a7dd67b7d7bd: valid; 6.2 s; peak memory 750 MiB.
2026-09-18T15:19:45Z INFO [25/500] 05968f6e-1635-4d81-9544-e53a1bd77f25: valid; 0.5 s; peak memory 750 MiB.
2026-09-18T15:20:09Z INFO [26/500] 0596ed64-f930-44b4-b7ba-2a6204683f9c: valid; 23.6 s; peak memory 840 MiB.
2026-09-18T15:20:11Z INFO [27/500] 059722f8-2154-4ce9-a7ef-f3d463cda8b5: valid; 1.6 s; peak memory 841 MiB.
2026-09-18T15:20:20Z INFO [28/500] 05973403-95ec-412e-b34e-aae27d3e5ff5: valid; 8.9 s; peak memory 997 MiB.
2026-09-18T15:20:21Z INFO [29/500] 05977b12-9625-482c-957d-cb83dadfaf08: valid; 1.3 s; peak memory 997 MiB.
2026-09-18T15:20:23Z INFO [30/500] 0597848c-4be9-4eba-b5f0-f39d92cdf7c2: valid; 1.7 s; peak memory 999 MiB.
2026-09-18T15:20:24Z INFO [31/500] 0597f0ac-1cce-433e-ab2f-b74d8094a959: not valid; 1.1 s; peak memory 1013 MiB.
2026-09-18T15:20:25Z WARNING 0597ff4a-34c4-4931-91dc-572019c9b2be: failed while opening the NWB file (ConstructError: (root/general/optogenetics/PatternedOptogeneticStimulusSite GroupBuilder {'attributes': {'effector': 'GUR-3/PRDX-2', 'namespace': 'ndx-patterned-ogen', 'neurodata_type': 'PatternedOptogeneticStimulusSite', 'object_id': '282f8187-b6c4-4a74-bd9f-2a991222d0e1'}, 'groups': {}, 'datasets': {'description': root/general/optogenetics/PatternedOptogeneticStimulusSite/description DatasetBuilder {'attributes': {}, 'data': 'Scanning'}, 'excitation_lambda': root/general/optogenetics/PatternedOptogeneticStimulusSite/excitation_lambda DatasetBuilder {'attributes': {}, 'data': np.float64(850.0)}, 'location': root/general/optogenetics/PatternedOptogeneticStimulusSite/location DatasetBuilder {'attributes': {}, 'data': 'whole brain'}}, 'links': {'device': root/general/optogenetics/PatternedOptogeneticStimulusSite/device LinkBuilder {'builder': root/general/devices/OptogeneticDevice GroupBuilder {'attributes': {'description': '', 'namespace': 'core', 'neurodata_type': 'Device', 'object_id': '28ae4dbc-e2d1-42da-8ace-c6cf244bcedb'}, 'groups': {}, 'datasets': {}, 'links': {}}}, 'light_source': root/general/optogenetics/PatternedOptogeneticStimulusSite/light_source LinkBuilder {'builder': root/general/devices/AmplifiedLaser GroupBuilder {'attributes': {'description': 'For two-photon optogenetic targeting, we used an optical parametric amplifier (OPA; Light Conversion ORPHEUS) pumped by a femtosecond amplified laser (Light Conversion PHAROS).', 'filter_description': 'Short pass at 1040 nm', 'manufacturer': 'Light Conversion', 'model': 'ORPHEUS amplifier and PHAROS laser', 'namespace': 'ndx-patterned-ogen', 'neurodata_type': 'LightSource', 'object_id': '1a5725f7-7c45-4e87-8c9f-63fd82ea1410', 'peak_power_in_W': np.float64(0.0012), 'pulse_rate_in_Hz': np.float64(500000.0), 'stimulation_wavelength_in_nm': np.float64(850.0)}, 'groups': {}, 'datasets': {}, 'links': {}}}}}, "Could not construct PatternedOptogeneticStimulusSite object due to: CustomClassGenerator.set_init.<locals>.__init__: incorrect type for 'spatial_light_modulator' (got 'list', expected 'Device')"))
2026-09-18T15:20:26Z INFO [33/500] 0598f8e5-8f77-46fe-8333-a8618b8334d5: not valid; 1.1 s; peak memory 1036 MiB.
2026-09-18T15:20:28Z INFO [34/500] 05993923-c38c-4d1f-905a-f164e4c46392: not valid; 1.2 s; peak memory 1038 MiB.
2026-09-18T15:20:29Z INFO [35/500] 059960f0-691e-4a65-a5eb-7439867bbc38: valid; 1.7 s; peak memory 1038 MiB.
2026-09-18T15:20:31Z INFO [36/500] 059985e5-b4f5-458f-a3b2-b750bdd8c13b: valid; 1.5 s; peak memory 1038 MiB.
2026-09-18T15:20:32Z INFO [37/500] 059992cb-4592-49a4-a3c9-9984fc06ab35: valid; 0.8 s; peak memory 1038 MiB.
2026-09-18T15:20:32Z INFO [38/500] 059a21bb-49ce-4b68-bd86-126dea368e6b: valid; 0.7 s; peak memory 1038 MiB.
2026-09-18T15:20:34Z INFO [39/500] 059a809a-b5ed-4493-b061-d7c93c42f356: valid; 1.3 s; peak memory 1038 MiB.
2026-09-18T15:20:35Z INFO [40/500] 059ad843-aa85-4859-88e4-203b68be8186: not valid; 0.9 s; peak memory 1038 MiB.
2026-09-18T15:20:36Z INFO [41/500] 059b5dab-1309-4e3a-9f2b-33b86b3eae20: valid; 1.2 s; peak memory 1038 MiB.
2026-09-18T15:20:38Z INFO [42/500] 059b853c-9cb8-4a5d-a0ee-c79c1043c635: valid; 2.6 s; peak memory 1038 MiB.
2026-09-18T15:20:39Z INFO [43/500] 059c6ba2-5a9c-4a5f-840d-4b5b9c56aa04: not valid; 0.8 s; peak memory 1038 MiB.
2026-09-18T15:20:40Z INFO [44/500] 059c7aa6-60e6-4341-833d-4f3d92390119: not valid; 1.3 s; peak memory 1038 MiB.
2026-09-18T15:20:42Z INFO [45/500] 059c83d2-d1b7-4829-9355-666486f33838: not valid; 1.1 s; peak memory 1038 MiB.
2026-09-18T15:20:43Z INFO [46/500] 059d47a4-6dd0-4e3c-8eb5-58e19f4761f5: valid; 1.8 s; peak memory 1038 MiB.
2026-09-18T15:20:45Z INFO [47/500] 059d76c4-8f4d-4383-a97e-e0f344cd4b7f: valid; 1.6 s; peak memory 1038 MiB.
2026-09-18T15:20:46Z INFO [48/500] 059d9455-cba1-47c6-bb8f-e5b4df0961d1: valid; 0.7 s; peak memory 1038 MiB.
2026-09-18T15:20:47Z INFO [49/500] 059e90ad-6155-473e-be77-d8a316b09d67: valid; 1.2 s; peak memory 1038 MiB.
2026-09-18T15:20:50Z INFO [50/500] 059ea73f-c621-4f4e-93c4-6e023f0fd4a6: not valid; 2.8 s; peak memory 1038 MiB.
2026-09-18T15:20:50Z INFO [50/500] 059ea73f-c621-4f4e-93c4-6e023f0fd4a6: checkpointed 68560 records.
2026-09-18T15:20:51Z INFO [51/500] 059f09fb-b87f-4b83-96ee-e68e6c40f340: valid; 0.7 s; peak memory 1038 MiB.
2026-09-18T15:20:51Z INFO [52/500] 059f268d-12f2-46c1-a00c-e891977cd4a4: valid; 0.6 s; peak memory 1038 MiB.
2026-09-18T15:20:52Z INFO [53/500] 059f3791-9241-4963-84f2-c1cae189b86d: valid; 0.7 s; peak memory 1038 MiB.
2026-09-18T15:20:53Z INFO [54/500] 059fac40-4a2a-491c-8002-5d082264de28: valid; 1.0 s; peak memory 1038 MiB.
2026-09-18T15:20:54Z INFO [55/500] 059fda3a-50b5-4dde-8fca-ea928ac012e3: valid; 0.7 s; peak memory 1038 MiB.
2026-09-18T15:20:55Z INFO [56/500] 05a0a69e-70a8-4de7-85a4-6304ccdf3563: valid; 1.1 s; peak memory 1038 MiB.
2026-09-18T15:20:59Z INFO [57/500] 05a0b7b9-c1bd-458d-9798-93fa8a8aa595: valid; 4.4 s; peak memory 1048 MiB.
2026-09-18T15:21:00Z INFO [58/500] 05a0ee39-4b38-4bcf-8310-86a5982c86de: valid; 0.7 s; peak memory 1049 MiB.
2026-09-18T15:21:00Z INFO [59/500] 05a25ab5-f0cf-49bc-a846-4aff5bdd2673: valid; 0.6 s; peak memory 1050 MiB.
2026-09-18T15:21:01Z INFO [60/500] 05a29a0d-0cf8-47ba-9a18-654c36ba787b: valid; 0.7 s; peak memory 1050 MiB.
2026-09-18T15:21:02Z INFO [61/500] 05a2cdcc-8424-4ae0-a387-15403aa0fd54: valid; 1.1 s; peak memory 1051 MiB.
2026-09-18T15:21:03Z WARNING 05a2d84e-5b24-4d90-baca-dbb5e83dd80e: failed while opening the NWB file (ConstructError: (root/acquisition/_iblmic_audioSpectrogram/bands GroupBuilder {'attributes': {'colnames': array(['freq'], dtype=object), 'description': 'spectogram frequencies', 'namespace': 'core', 'neurodata_type': 'FrequencyBandsTable', 'object_id': '3b1d3ce6-bb5e-4f11-a342-9acd29c0169d'}, 'groups': {}, 'datasets': {'freq': root/acquisition/_iblmic_audioSpectrogram/bands/freq DatasetBuilder {'attributes': {'description': 'frequency value', 'namespace': 'hdmf-common', 'neurodata_type': 'VectorData', 'object_id': 'adf5e8ab-7060-4e8b-b517-e54e8fd8cae1'}, 'data': <HDF5 dataset "freq": shape (257,), type "<f4">}, 'id': root/acquisition/_iblmic_audioSpectrogram/bands/id DatasetBuilder {'attributes': {'namespace': 'hdmf-common', 'neurodata_type': 'ElementIdentifiers', 'object_id': '9930df6f-b297-4ba3-9037-7444a94b0ee3'}, 'data': <HDF5 dataset "id": shape (257,), type "<i4">}}, 'links': {}}, "Could not construct FrequencyBandsTable object due to: column must have the same number of rows as 'id'"))
2026-09-18T15:21:04Z INFO [63/500] 05a40dda-6a2d-4bab-8d30-501d837b3923: valid; 0.8 s; peak memory 1052 MiB.
2026-09-18T15:21:05Z INFO [64/500] 05a438dc-ce99-4cb4-aa78-f42618447f53: valid; 1.1 s; peak memory 1057 MiB.
2026-09-18T15:21:06Z INFO [65/500] 05a4ab50-fdaa-4e35-8769-534a2f008787: not valid; 1.0 s; peak memory 1058 MiB.
2026-09-18T15:21:07Z INFO [66/500] 05a54513-16dd-48cf-bd41-d58447365491: valid; 1.0 s; peak memory 1065 MiB.
2026-09-18T15:21:15Z INFO [67/500] 05a5dd5c-333c-45e0-ae9e-cffb94fcc7eb: valid; 7.7 s; peak memory 1083 MiB.
2026-09-18T15:21:16Z INFO [68/500] 05a6cb19-8fea-45e2-b8b0-f4b6ff0a4538: valid; 1.3 s; peak memory 1084 MiB.
2026-09-18T15:21:17Z INFO [69/500] 05a6d22f-97f9-4867-93b5-c2bec299e417: valid; 0.8 s; peak memory 1085 MiB.
2026-09-18T15:21:18Z INFO [70/500] 05a6d903-3130-43c4-b02a-49d5fefc5925: not valid; 1.2 s; peak memory 1086 MiB.
2026-09-18T15:21:19Z INFO [71/500] 05a73ef3-9ba7-43d5-8af0-5f74ed1fc541: valid; 0.6 s; peak memory 1086 MiB.
2026-09-18T15:21:20Z INFO [72/500] 05a74b0f-7bf7-43f1-99ce-b87ab353336e: valid; 0.8 s; peak memory 1087 MiB.
2026-09-18T15:21:21Z INFO [73/500] 05a76531-49a9-402e-80ee-76284cdd97fc: valid; 1.2 s; peak memory 1088 MiB.
2026-09-18T15:21:28Z INFO [74/500] 05a82e66-4b4d-4421-a904-748c6ca11a38: valid; 6.9 s; peak memory 1136 MiB.
2026-09-18T15:21:29Z WARNING 05a8a33b-b3de-47b7-a821-caacb335c7d8: failed while opening the NWB file (ConstructError: (root/acquisition/_iblmic_audioSpectrogram/bands GroupBuilder {'attributes': {'colnames': array(['freq'], dtype=object), 'description': 'spectogram frequencies', 'namespace': 'core', 'neurodata_type': 'FrequencyBandsTable', 'object_id': 'd595c961-0208-41ad-bcf6-b67a67829b1a'}, 'groups': {}, 'datasets': {'freq': root/acquisition/_iblmic_audioSpectrogram/bands/freq DatasetBuilder {'attributes': {'description': 'frequency value', 'namespace': 'hdmf-common', 'neurodata_type': 'VectorData', 'object_id': 'f7230fab-4d73-4186-97bc-fdd14297561c'}, 'data': <HDF5 dataset "freq": shape (257,), type "<f4">}, 'id': root/acquisition/_iblmic_audioSpectrogram/bands/id DatasetBuilder {'attributes': {'namespace': 'hdmf-common', 'neurodata_type': 'ElementIdentifiers', 'object_id': '0ffe3965-61ff-4263-af1b-6e41e42ef602'}, 'data': <HDF5 dataset "id": shape (257,), type "<i4">}}, 'links': {}}, "Could not construct FrequencyBandsTable object due to: column must have the same number of rows as 'id'"))
2026-09-18T15:21:31Z INFO [76/500] 05a8d371-6821-4629-9672-81c73f40d132: valid; 2.0 s; peak memory 1147 MiB.
2026-09-18T15:21:32Z INFO [77/500] 05a960bd-657d-46fe-a422-b829a8a624c1: valid; 1.3 s; peak memory 1150 MiB.
2026-09-18T15:21:34Z INFO [78/500] 05a98e73-5522-4e91-8324-f03120d7eda8: valid; 2.0 s; peak memory 1155 MiB.
2026-09-18T15:21:35Z INFO [79/500] 05a9ae09-4c3d-44b3-8be5-f27068fdd854: valid; 0.6 s; peak memory 1156 MiB.
2026-09-18T15:21:45Z INFO [80/500] 05a9ec4a-b95b-4648-98ca-c68cba66031f: valid; 9.8 s; peak memory 1355 MiB.
2026-09-18T15:21:47Z INFO [81/500] 05aa21c2-9411-452e-be6f-72ef756c1072: not valid; 1.9 s; peak memory 1355 MiB.
2026-09-18T15:21:48Z INFO [82/500] 05aa22f2-d2f5-4c69-a68d-f0ee5dc8f6fd: valid; 1.4 s; peak memory 1355 MiB.
2026-09-18T15:21:49Z INFO [83/500] 05aa287a-7a12-405a-a5cf-271bd4acc386: valid; 1.3 s; peak memory 1355 MiB.
2026-09-18T15:21:50Z INFO [84/500] 05aa6494-0342-4297-8671-9631520f5b6c: valid; 1.2 s; peak memory 1355 MiB.
2026-09-18T15:21:52Z INFO [85/500] 05aac6cf-1b02-414b-897c-f14b4bff29cb: valid; 1.5 s; peak memory 1355 MiB.
2026-09-18T15:22:00Z INFO [86/500] 05ab3ca1-ed1e-4aff-801c-1a7a086cfd27: not valid; 7.9 s; peak memory 1357 MiB.
2026-09-18T15:22:00Z INFO [87/500] 05ab4781-bffd-49a7-baef-ac4e789257a5: valid; 0.8 s; peak memory 1357 MiB.
2026-09-18T15:22:09Z INFO [88/500] 05ac8459-fdb4-4951-b750-46113406401d: valid; 8.9 s; peak memory 1359 MiB.
2026-09-18T15:22:10Z INFO [89/500] 05ac8f9a-b0ea-40da-9b2a-7aef05ce8bd5: not valid; 1.0 s; peak memory 1359 MiB.
2026-09-18T15:22:11Z WARNING 05aca50b-3f88-47d7-908f-c63eb444146c: failed while opening the NWB file (ConstructError: (root/acquisition/event_code_meanings GroupBuilder {'attributes': {'colnames': array(['value', 'meaning'], dtype=object), 'description': 'Mapping integer event codes to event labels', 'namespace': 'ndx-events', 'neurodata_type': 'MeaningsTable', 'object_id': '739647f0-fdab-478f-902d-1d46923527a5'}, 'groups': {}, 'datasets': {'id': root/acquisition/event_code_meanings/id DatasetBuilder {'attributes': {'namespace': 'hdmf-common', 'neurodata_type': 'ElementIdentifiers', 'object_id': '63533cab-0eee-4f26-b35c-b81fd1a3ddb0'}, 'data': <HDF5 dataset "id": shape (26,), type "<i8">}, 'meaning': root/acquisition/event_code_meanings/meaning DatasetBuilder {'attributes': {'description': 'The meaning of the value in the parent CategoricalVectorData object.', 'namespace': 'hdmf-experimental', 'neurodata_type': 'VectorData', 'object_id': 'e8f52db2-ac59-4652-8b86-e5be668c0cfa'}, 'data': <StrDataset for HDF5 dataset "meaning": shape (26,), type "|O">}, 'value': root/acquisition/event_code_meanings/value DatasetBuilder {'attributes': {'description': 'The value of the parent CategoricalVectorData object.', 'namespace': 'hdmf-experimental', 'neurodata_type': 'VectorData', 'object_id': '37251b4c-b376-43b9-bd26-12273dcdb8e9'}, 'data': <HDF5 dataset "value": shape (26,), type "<i8">}}, 'links': {}}, "Could not construct MeaningsTable object due to: MeaningsTable.__init__: missing argument 'target'"))
2026-09-18T15:22:12Z INFO [91/500] 05acb171-09e1-4394-bfaf-b0828f996a15: valid; 0.5 s; peak memory 1359 MiB.
2026-09-18T15:22:13Z INFO [92/500] 05acb20e-69f8-46eb-ad2d-1d14ac886bba: valid; 0.7 s; peak memory 1359 MiB.
2026-09-18T15:22:16Z INFO [93/500] 05ad0a98-5a36-4bfe-bb9c-53f61efd8bcf: not valid; 2.9 s; peak memory 1359 MiB.
2026-09-18T15:22:16Z INFO [94/500] 05add16e-2387-4e76-9d3a-3667cf9281a6: valid; 0.8 s; peak memory 1359 MiB.
2026-09-18T15:22:21Z INFO [95/500] 05ae2b09-d67d-4f7a-90b6-076d954877ab: valid; 5.2 s; peak memory 1472 MiB.
2026-09-18T15:22:23Z INFO [96/500] 05ae9d47-2315-4b36-8f4e-657024d0aaf6: valid; 1.4 s; peak memory 1472 MiB.
2026-09-18T15:22:23Z INFO [97/500] 05aebd7d-2516-481e-aad7-dab5325ed098: valid; 0.6 s; peak memory 1472 MiB.
2026-09-18T15:22:25Z INFO [98/500] 05af3357-5bdf-44f0-b2fc-7588805eecfd: not valid; 1.8 s; peak memory 1472 MiB.
2026-09-18T15:22:26Z INFO [99/500] 05af8256-ac52-44a4-b787-cbc5bf8496af: not valid; 0.8 s; peak memory 1472 MiB.
2026-09-18T15:22:27Z INFO [100/500] 05af878f-410a-4456-9414-632d2ab75408: not valid; 0.9 s; peak memory 1472 MiB.
2026-09-18T15:22:27Z INFO [100/500] 05af878f-410a-4456-9414-632d2ab75408: checkpointed 68610 records.
2026-09-18T15:22:29Z INFO [101/500] 05afda79-c8b9-409c-a4d1-94c14dee0183: valid; 1.2 s; peak memory 1472 MiB.
2026-09-18T15:22:29Z INFO [102/500] 05b07817-d5d3-4a2d-babc-1e84fceef41d: valid; 0.8 s; peak memory 1472 MiB.
2026-09-18T15:22:30Z INFO [103/500] 05b14ae9-d3c6-4772-845f-1d976251507a: not valid; 0.9 s; peak memory 1472 MiB.
2026-09-18T15:22:31Z INFO [104/500] 05b20ba1-7181-4980-a8f8-8036b95b91a9: valid; 1.2 s; peak memory 1472 MiB.
2026-09-18T15:22:33Z INFO [105/500] 05b2471f-c03c-4ed4-b67c-588e2f08fc82: valid; 1.2 s; peak memory 1472 MiB.
2026-09-18T15:22:35Z INFO [106/500] 05b2b0c0-11c3-482a-8c92-5cb52d275cc9: not valid; 2.2 s; peak memory 1472 MiB.
2026-09-18T15:22:36Z INFO [107/500] 05b2b2f1-7bb7-4d65-ade2-561d3df26feb: not valid; 0.8 s; peak memory 1472 MiB.
2026-09-18T15:22:37Z INFO [108/500] 05b309aa-c900-4a93-a923-1f688da6124d: valid; 1.1 s; peak memory 1472 MiB.
2026-09-18T15:22:37Z INFO [109/500] 05b320ee-4547-4a84-b60d-73e5da0c1142: valid; 0.5 s; peak memory 1472 MiB.
2026-09-18T15:22:39Z WARNING 05b3b7a8-1aae-489f-a89b-51088d45d42d: failed while opening the NWB file (ConstructError: (root/acquisition/_iblmic_audioSpectrogram/bands GroupBuilder {'attributes': {'colnames': array(['freq'], dtype=object), 'description': 'spectogram frequencies', 'namespace': 'core', 'neurodata_type': 'FrequencyBandsTable', 'object_id': '37b2ced7-9a60-4444-baca-a5dd7a400af6'}, 'groups': {}, 'datasets': {'freq': root/acquisition/_iblmic_audioSpectrogram/bands/freq DatasetBuilder {'attributes': {'description': 'frequency value', 'namespace': 'hdmf-common', 'neurodata_type': 'VectorData', 'object_id': '9ab5f69c-515f-4473-8877-ee41ac1ce0d2'}, 'data': <HDF5 dataset "freq": shape (257,), type "<f4">}, 'id': root/acquisition/_iblmic_audioSpectrogram/bands/id DatasetBuilder {'attributes': {'namespace': 'hdmf-common', 'neurodata_type': 'ElementIdentifiers', 'object_id': '6be0af04-a8ad-4544-ae88-96baaf0c353a'}, 'data': <HDF5 dataset "id": shape (257,), type "<i4">}}, 'links': {}}, "Could not construct FrequencyBandsTable object due to: column must have the same number of rows as 'id'"))
2026-09-18T15:22:39Z INFO [111/500] 05b3c55d-2c1e-4f0e-9b36-eea4c5826366: valid; 0.7 s; peak memory 1472 MiB.
2026-09-18T15:22:40Z INFO [112/500] 05b40349-27b3-454a-a55b-105606a62d3d: not valid; 0.9 s; peak memory 1472 MiB.
2026-09-18T15:22:44Z INFO [113/500] 05b496f6-87ac-4c5e-a77b-a3f504b522da: valid; 4.0 s; peak memory 1472 MiB.
2026-09-18T15:23:24Z INFO [114/500] 05b4ee62-d548-434b-a92c-d234a646dd2b: valid; 39.8 s; peak memory 1505 MiB.
2026-09-18T15:23:25Z INFO [115/500] 05b55d06-6b9c-4e31-9efc-cf0886c6422c: valid; 1.2 s; peak memory 1508 MiB.
2026-09-18T15:23:27Z INFO [116/500] 05b677f8-9df6-40f7-88a1-b9c53126bf3a: valid; 2.2 s; peak memory 1510 MiB.
2026-09-18T15:23:28Z INFO [117/500] 05b6fbc4-d998-40bc-81ae-028c4ed95d0f: not valid; 0.6 s; peak memory 1510 MiB.
2026-09-18T15:23:29Z INFO [118/500] 05b756ec-d669-4e3b-b044-ddd520fbd54d: valid; 1.4 s; peak memory 1510 MiB.
2026-09-18T15:23:30Z INFO [119/500] 05b8073e-c8bb-41db-8911-2ce119aca306: valid; 0.6 s; peak memory 1510 MiB.
2026-09-18T15:23:31Z INFO [120/500] 05b85da6-d091-4f85-b39f-f0686a57753d: valid; 1.2 s; peak memory 1510 MiB.
2026-09-18T15:23:33Z INFO [121/500] 05b86317-c0c4-4a34-bddb-0c7d1bc25eba: valid; 1.6 s; peak memory 1510 MiB.
2026-09-18T15:23:33Z INFO [122/500] 05b88182-7c82-4dd3-b9c1-dca9bd2cb9a5: valid; 0.6 s; peak memory 1510 MiB.
2026-09-18T15:23:36Z INFO [123/500] 05b8b18a-952b-4450-8376-08c58a27eb18: not valid; 2.4 s; peak memory 1510 MiB.
2026-09-18T15:23:40Z INFO [124/500] 05b92744-7cd5-44d3-a2f1-935457251bf3: valid; 4.3 s; peak memory 1510 MiB.
2026-09-18T15:23:46Z INFO [125/500] 05b9b3f3-b227-439c-b2a9-22695e610bf0: valid; 6.2 s; peak memory 1510 MiB.
2026-09-18T15:23:48Z INFO [126/500] 05b9edef-54e6-4769-ac85-4275504e4b7a: not valid; 1.2 s; peak memory 1510 MiB.
2026-09-18T15:23:48Z INFO [127/500] 05b9fbf9-57bb-4c29-8bf3-d3bd2ad26e05: not valid; 0.8 s; peak memory 1510 MiB.
2026-09-18T15:23:56Z INFO [128/500] 05ba097b-f014-4e05-8b8a-362101cf2a56: valid; 7.5 s; peak memory 1510 MiB.
2026-09-18T15:23:58Z INFO [129/500] 05bb0b64-af6d-4adf-8027-354a4a31e459: valid; 1.7 s; peak memory 1510 MiB.
2026-09-18T15:23:58Z INFO [130/500] 05bb30d1-2ae2-4075-a701-06e81eb86bd2: valid; 0.7 s; peak memory 1510 MiB.
2026-09-18T15:23:59Z INFO [131/500] 05bb62fb-d744-42c4-bd9f-b9ce063cf0c8: not valid; 1.1 s; peak memory 1510 MiB.
2026-09-18T15:24:02Z INFO [132/500] 05bb8557-415c-4fd0-8c7f-e3fc7bb752bc: valid; 2.9 s; peak memory 1510 MiB.
2026-09-18T15:24:03Z INFO [133/500] 05bb8f73-a0e4-4f04-a4aa-8b44ee63103c: not valid; 0.9 s; peak memory 1510 MiB.
2026-09-18T15:24:05Z INFO [134/500] 05bba29b-3e89-40db-be27-9d275cac385e: valid; 2.1 s; peak memory 1510 MiB.
2026-09-18T15:24:06Z INFO [135/500] 05bcb449-9693-405e-a78f-d2fe9b064582: not valid; 0.9 s; peak memory 1510 MiB.
2026-09-18T15:24:11Z INFO [136/500] 05bcc39e-61b6-4dc8-8f37-5b7201de8fb3: valid; 4.6 s; peak memory 1510 MiB.
2026-09-18T15:24:12Z INFO [137/500] 05bceb2c-dc2f-4b3a-b625-8806fc26f274: valid; 1.5 s; peak memory 1510 MiB.
2026-09-18T15:24:15Z INFO [138/500] 05bdb147-d79b-4de4-a99b-0bda64dbcd26: valid; 2.7 s; peak memory 1510 MiB.
2026-09-18T15:24:16Z INFO [139/500] 05bea909-fab0-453d-b0bc-f401e4cf6a63: valid; 1.4 s; peak memory 1510 MiB.
2026-09-18T15:24:17Z INFO [140/500] 05bf2ad8-20ec-4fb9-a570-21dccabc3f39: not valid; 0.8 s; peak memory 1510 MiB.
2026-09-18T15:24:17Z WARNING 05bfe182-cec9-4141-b1c4-95dca3832864: failed while retrieving asset information from the DANDI API (NotFoundError: No asset at path 'sub-parkinson-simulated-lfp/sub-parkinson-simulated-lfp_ses-9515_ecephys.nwb' in version 0.250327.2220. Verify the path is correct and the asset exists in this version. Use 'dandi ls' to list available assets.)
2026-09-18T15:24:19Z INFO [142/500] 05c0d03c-2eaf-4df2-9673-2ece9f433147: valid; 2.0 s; peak memory 1510 MiB.
2026-09-18T15:24:20Z INFO [143/500] 05c0d1f1-9c4e-4440-8374-fc7931605646: not valid; 0.8 s; peak memory 1510 MiB.
2026-09-18T15:24:21Z INFO [144/500] 05c0f741-419c-4706-b8d7-f43dd97ec10b: valid; 1.1 s; peak memory 1510 MiB.
2026-09-18T15:24:22Z INFO [145/500] 05c1438f-4d55-47c5-8852-db4707df3225: valid; 1.1 s; peak memory 1510 MiB.
2026-09-18T15:24:23Z INFO [146/500] 05c1d11d-a2c5-44ec-8df0-ae66612122a6: valid; 1.1 s; peak memory 1510 MiB.
2026-09-18T15:24:25Z INFO [147/500] 05c22c2c-dcb0-46a2-9fbc-c04488a7f54f: valid; 1.2 s; peak memory 1510 MiB.
2026-09-18T15:24:26Z INFO [148/500] 05c24b1c-b3bb-4234-978b-f5395ade6f2b: not valid; 0.9 s; peak memory 1510 MiB.
2026-09-18T15:24:27Z INFO [149/500] 05c2623b-5023-427a-8671-5435fe4e426d: valid; 1.1 s; peak memory 1510 MiB.
2026-09-18T15:24:28Z INFO [150/500] 05c2abd2-7b77-45e5-a87f-18613f174e9c: valid; 1.1 s; peak memory 1510 MiB.
2026-09-18T15:24:28Z INFO [150/500] 05c2abd2-7b77-45e5-a87f-18613f174e9c: checkpointed 68660 records.
2026-09-18T15:24:29Z INFO [151/500] 05c2d567-b360-48f4-810c-afaf0e9519f2: not valid; 1.3 s; peak memory 1510 MiB.
2026-09-18T15:24:31Z INFO [152/500] 05c2f42b-b527-4e28-a812-364e2605c37f: valid; 1.2 s; peak memory 1510 MiB.
2026-09-18T15:24:33Z INFO [153/500] 05c378d6-b02a-4f48-a18e-634bbc0c97dc: valid; 2.7 s; peak memory 1510 MiB.
2026-09-18T15:24:34Z INFO [154/500] 05c49001-5a59-4c04-bef3-375790346433: not valid; 1.1 s; peak memory 1512 MiB.
2026-09-18T15:24:36Z INFO [155/500] 05c4e2d1-a042-40af-bf8e-e28071718747: valid; 1.2 s; peak memory 1512 MiB.
2026-09-18T15:24:37Z INFO [156/500] 05c5b4dc-9d43-4a4f-87eb-b42fa5bf1f11: valid; 1.4 s; peak memory 1515 MiB.
2026-09-18T15:24:38Z INFO [157/500] 05c5f3df-9747-4400-8257-060d8ff702ac: valid; 0.7 s; peak memory 1515 MiB.
2026-09-18T15:24:40Z INFO [158/500] 05c613b2-93d6-4ee6-8a6c-3aa5ef2ec969: valid; 2.0 s; peak memory 1517 MiB.
2026-09-18T15:24:41Z INFO [159/500] 05c61974-434e-4184-ab40-c33d50052088: valid; 1.3 s; peak memory 1518 MiB.
2026-09-18T15:24:42Z INFO [160/500] 05c6dc24-51c8-4a41-8526-450b8f1e9c7e: valid; 0.8 s; peak memory 1520 MiB.
2026-09-18T15:24:45Z INFO [161/500] 05c734ed-4b11-4d90-9181-80d2ed559f89: valid; 3.0 s; peak memory 1527 MiB.
2026-09-18T15:24:45Z INFO [162/500] 05c7fc4c-b739-4c1f-bfbc-0892e81a29a2: valid; 0.5 s; peak memory 1530 MiB.
2026-09-18T15:24:47Z INFO [163/500] 05c82f28-bc3f-48a5-8e66-3978df5491f8: valid; 1.7 s; peak memory 1532 MiB.
2026-09-18T15:24:48Z INFO [164/500] 05c88a3a-6fd9-43f3-85d2-cd299005759b: valid; 1.2 s; peak memory 1542 MiB.
2026-09-18T15:24:49Z INFO [165/500] 05c8b5b5-3595-448e-8752-06a6f3bd2598: not valid; 0.9 s; peak memory 1545 MiB.
2026-09-18T15:24:51Z INFO [166/500] 05c8b753-73d7-42c5-acee-1a7eacb26a37: valid; 2.0 s; peak memory 1548 MiB.
2026-09-18T15:24:52Z INFO [167/500] 05c93d9a-f5be-4fbb-9f7e-cd289c6cc7eb: not valid; 1.0 s; peak memory 1548 MiB.
2026-09-18T15:24:53Z INFO [168/500] 05c9690a-7a8b-43f9-bd70-2f1eb672c60a: valid; 0.9 s; peak memory 1548 MiB.
2026-09-18T15:24:54Z INFO [169/500] 05c9a560-b7a7-40ab-bcde-7a8dc987f71a: not valid; 1.0 s; peak memory 1549 MiB.
2026-09-18T15:24:55Z INFO [170/500] 05c9b174-4a6e-4d5d-b568-2948e618ee9f: not valid; 0.9 s; peak memory 1549 MiB.
2026-09-18T15:24:56Z INFO [171/500] 05c9d2fe-3da7-45b4-9872-a88f0a580531: valid; 0.7 s; peak memory 1549 MiB.
2026-09-18T15:24:57Z WARNING 05ca94c2-54c9-4916-82f8-36047fa61433: failed while opening the NWB file (ConstructError: (root/acquisition/_iblmic_audioSpectrogram/bands GroupBuilder {'attributes': {'colnames': array(['freq'], dtype=object), 'description': 'spectogram frequencies', 'namespace': 'core', 'neurodata_type': 'FrequencyBandsTable', 'object_id': '86beab49-f435-4608-93fb-b10961a4257d'}, 'groups': {}, 'datasets': {'freq': root/acquisition/_iblmic_audioSpectrogram/bands/freq DatasetBuilder {'attributes': {'description': 'frequency value', 'namespace': 'hdmf-common', 'neurodata_type': 'VectorData', 'object_id': 'd36c7afe-d16b-4d56-9f58-c121cd6efec2'}, 'data': <HDF5 dataset "freq": shape (257,), type "<f4">}, 'id': root/acquisition/_iblmic_audioSpectrogram/bands/id DatasetBuilder {'attributes': {'namespace': 'hdmf-common', 'neurodata_type': 'ElementIdentifiers', 'object_id': 'c964a10e-dfd3-467f-9e03-02fb31a2c342'}, 'data': <HDF5 dataset "id": shape (257,), type "<i4">}}, 'links': {}}, "Could not construct FrequencyBandsTable object due to: column must have the same number of rows as 'id'"))
2026-09-18T15:24:58Z INFO [173/500] 05ca9bb6-639a-472e-8eb4-399ed9a52c09: not valid; 1.2 s; peak memory 1552 MiB.
2026-09-18T15:25:18Z INFO [174/500] 05cb109a-cc08-414a-8319-184f1c57b426: valid; 19.8 s; peak memory 1646 MiB.
2026-09-18T15:25:19Z INFO [175/500] 05cb6639-ed9a-4b1f-aec3-4ba92522bacf: valid; 1.6 s; peak memory 1657 MiB.
2026-09-18T15:25:21Z INFO [176/500] 05cb6c48-85f4-4bf7-9fc0-4b5163dfc5ce: valid; 1.3 s; peak memory 1669 MiB.
2026-09-18T15:25:22Z INFO [177/500] 05cbc955-d0e4-4fe2-bcdc-1123ae448302: valid; 1.1 s; peak memory 1676 MiB.
2026-09-18T15:25:22Z INFO [178/500] 05cbe4c5-10d0-4be0-8165-54023e3365b3: valid; 0.6 s; peak memory 1679 MiB.
2026-09-18T15:25:23Z INFO [179/500] 05cc0bdc-7588-4d72-9555-017e3936a13b: valid; 1.0 s; peak memory 1681 MiB.
2026-09-18T15:25:25Z INFO [180/500] 05cc0d18-7f31-4034-afbd-8b10e2613101: valid; 1.8 s; peak memory 1682 MiB.
2026-09-18T15:25:27Z INFO [181/500] 05cdddb0-99c2-4dcb-b547-72675f21b048: valid; 1.8 s; peak memory 1682 MiB.
2026-09-18T15:25:28Z INFO [182/500] 05ce6a89-c16c-4cf3-8fda-e5e8eaacb29c: valid; 1.3 s; peak memory 1688 MiB.
2026-09-18T15:25:29Z INFO [183/500] 05ce86e7-9dcd-473d-bdc3-b0932b164814: valid; 0.5 s; peak memory 1688 MiB.
2026-09-18T15:25:30Z INFO [184/500] 05cf5867-d1ca-411c-9c31-5c9e64d4b91c: valid; 0.8 s; peak memory 1688 MiB.
2026-09-18T15:25:30Z INFO [185/500] 05cf647f-c9a4-447c-82ed-0995dd65f7b0: valid; 0.8 s; peak memory 1688 MiB.
2026-09-18T15:25:37Z INFO [186/500] 05d016bf-0013-46c8-85a9-43317a3d97f9: valid; 6.2 s; peak memory 1688 MiB.
2026-09-18T15:25:38Z INFO [187/500] 05d0f20f-7dfa-4a75-a6f0-5991b08ff145: valid; 1.8 s; peak memory 1688 MiB.
2026-09-18T15:25:40Z INFO [188/500] 05d1999b-579c-41d4-90f3-4e4578c78092: valid; 1.2 s; peak memory 1688 MiB.
2026-09-18T15:25:41Z INFO [189/500] 05d31498-49de-41f9-8fa0-5c9bf05e182c: valid; 1.1 s; peak memory 1688 MiB.
2026-09-18T15:25:43Z INFO [190/500] 05d338a6-ce76-4b41-8581-d917e769a17b: valid; 2.5 s; peak memory 1688 MiB.
2026-09-18T15:25:49Z INFO [191/500] 05d3af79-2153-4a61-b03e-4a446f7ffe4d: valid; 6.0 s; peak memory 1698 MiB.
2026-09-18T15:25:54Z INFO [192/500] 05d3f15d-7f28-425b-8669-38104b4ab19e: valid; 4.5 s; peak memory 1754 MiB.
2026-09-18T15:26:01Z INFO [193/500] 05d3f2a3-de1e-41ae-a7bf-617d3b0f443b: valid; 7.0 s; peak memory 1887 MiB.
2026-09-18T15:26:02Z INFO [194/500] 05d59750-956d-42a6-af96-02071f1cd2eb: not valid; 0.9 s; peak memory 1887 MiB.
2026-09-18T15:26:03Z INFO [195/500] 05d5c1b2-40ee-4be7-b8d0-b3399be7c7b1: valid; 1.4 s; peak memory 1887 MiB.
2026-09-18T15:26:05Z INFO [196/500] 05d6987e-c450-44c9-a154-e55fa8c5eb9e: not valid; 1.5 s; peak memory 1887 MiB.
2026-09-18T15:26:06Z INFO [197/500] 05d6b2b6-db8c-488d-83db-6b2913d834b9: valid; 1.2 s; peak memory 1894 MiB.
2026-09-18T15:26:08Z INFO [198/500] 05d70301-25b7-4952-806d-dd0c18af0d9b: valid; 2.2 s; peak memory 1897 MiB.
2026-09-18T15:26:09Z INFO [199/500] 05d76bda-b96d-40e5-9b79-43ee6d21c5d4: valid; 0.7 s; peak memory 1897 MiB.
2026-09-18T15:26:12Z INFO [200/500] 05d777b8-e8d2-4d3d-9485-2a4c92430c35: valid; 3.2 s; peak memory 1898 MiB.
2026-09-18T15:26:12Z INFO [200/500] 05d777b8-e8d2-4d3d-9485-2a4c92430c35: checkpointed 68710 records.
2026-09-18T15:26:14Z INFO [201/500] 05d7bcc7-e237-477d-97dd-c5f5ba02dc94: not valid; 1.2 s; peak memory 1898 MiB.
2026-09-18T15:26:14Z INFO [202/500] 05d7e774-4f38-4a01-a3d6-44ee446384a1: valid; 0.6 s; peak memory 1898 MiB.
2026-09-18T15:26:15Z INFO [203/500] 05d873da-a99c-434d-9742-4c6b6bd5a121: not valid; 1.2 s; peak memory 1898 MiB.
2026-09-18T15:26:16Z INFO [204/500] 05d8c301-ff5d-40bb-b8f9-86873da610a1: valid; 0.7 s; peak memory 1898 MiB.
2026-09-18T15:26:17Z INFO [205/500] 05d8ccf3-876a-4bef-8538-84d573c95cdb: valid; 1.4 s; peak memory 1898 MiB.
2026-09-18T15:26:20Z INFO [206/500] 05d923fd-21c9-4a66-b16e-2733edb17f3c: valid; 2.7 s; peak memory 1898 MiB.
2026-09-18T15:26:21Z INFO [207/500] 05da4c35-5ff5-4d85-8da2-2ccef029ce2b: valid; 0.7 s; peak memory 1898 MiB.
2026-09-18T15:26:21Z WARNING 05db6295-b861-49fe-b725-fe73436a3765: failed while retrieving asset information from the DANDI API (NotFoundError: No asset at path 'sub-parkinson-simulated-lfp/sub-parkinson-simulated-lfp_ses-9999_ecephys.nwb' in version 0.250327.2220. Verify the path is correct and the asset exists in this version. Use 'dandi ls' to list available assets.)
2026-09-18T15:26:22Z INFO [209/500] 05db92d2-7293-4c3e-aec1-5f3dfd6350c4: valid; 1.1 s; peak memory 1898 MiB.
2026-09-18T15:26:23Z INFO [210/500] 05dbc7f8-556a-4ef1-bf43-b5f879147d54: valid; 1.5 s; peak memory 1899 MiB.
2026-09-18T15:26:25Z INFO [211/500] 05dc77fd-77c4-4b6e-b421-6379db323205: valid; 1.3 s; peak memory 1899 MiB.
2026-09-18T15:26:26Z INFO [212/500] 05dc8659-2f41-44a7-a071-552ba7695630: valid; 0.8 s; peak memory 1899 MiB.
2026-09-18T15:26:27Z INFO [213/500] 05dc8ba0-cb03-472c-a3b8-235538b6d9d0: valid; 1.1 s; peak memory 1899 MiB.
2026-09-18T15:26:29Z INFO [214/500] 05dcd973-feb0-4a2b-94b2-93953e79bd6c: not valid; 2.9 s; peak memory 1899 MiB.
2026-09-18T15:26:30Z INFO [215/500] 05dd56f3-3d6d-4079-aa71-b7b3c757c763: valid; 0.7 s; peak memory 1899 MiB.
2026-09-18T15:26:31Z INFO [216/500] 05dd7005-8e80-4752-8ba7-e515a0c13621: not valid; 0.9 s; peak memory 1899 MiB.
2026-09-18T15:26:32Z INFO [217/500] 05ddd569-9eb4-4939-9ba9-e3e526a2aba0: not valid; 0.8 s; peak memory 1899 MiB.
2026-09-18T15:26:34Z INFO [218/500] 05dedba2-a197-47e6-9eab-a1c7aece477a: valid; 2.1 s; peak memory 1899 MiB.
2026-09-18T15:26:36Z INFO [219/500] 05df2eac-21b7-42c7-95b1-8efe96f20973: not valid; 1.5 s; peak memory 1899 MiB.
2026-09-18T15:26:37Z INFO [220/500] 05df6333-fcaa-44c4-8f64-1c04b25c6f89: not valid; 1.1 s; peak memory 1900 MiB.
2026-09-18T15:26:39Z INFO [221/500] 05df9cf5-b792-47f7-9ecb-587cd66e3c39: valid; 2.2 s; peak memory 1900 MiB.
2026-09-18T15:26:40Z INFO [222/500] 05e0426c-b4e8-4060-88df-362a50808253: not valid; 1.0 s; peak memory 1900 MiB.
2026-09-18T15:26:40Z WARNING 05e079f3-7bfb-4a84-97a2-2e53a9e6bf07: failed while retrieving asset information from the DANDI API (NotFoundError: No asset at path 'sub-parkinson-simulated-lfp/sub-parkinson-simulated-lfp_ses-2482_ecephys.nwb' in version 0.250327.2220. Verify the path is correct and the asset exists in this version. Use 'dandi ls' to list available assets.)
2026-09-18T15:26:42Z INFO [224/500] 05e0d672-991e-4cfe-9547-a261d1a79509: not valid; 2.3 s; peak memory 1900 MiB.
2026-09-18T15:26:43Z INFO [225/500] 05e1a42b-1cbc-4c38-a5fb-2abd6415ba2d: valid; 0.7 s; peak memory 1900 MiB.
2026-09-18T15:26:44Z INFO [226/500] 05e2103b-74c2-426d-a706-050008721705: not valid; 0.9 s; peak memory 1900 MiB.
2026-09-18T15:26:52Z INFO [227/500] 05e233f6-aa50-41ac-a914-78b1f8085252: valid; 8.4 s; peak memory 1911 MiB.
2026-09-18T15:26:53Z INFO [228/500] 05e35301-1526-4b02-8dd3-0f7c0ad3c84d: valid; 0.6 s; peak memory 1912 MiB.
2026-09-18T15:26:54Z INFO [229/500] 05e35e26-21d1-4944-80eb-f7baebc8c814: valid; 1.1 s; peak memory 1921 MiB.
2026-09-18T15:26:55Z INFO [230/500] 05e3811a-81c4-413b-b57d-aa3742862023: valid; 1.4 s; peak memory 1931 MiB.
2026-09-18T15:26:56Z INFO [231/500] 05e441fb-0630-4c46-92cc-ecd950399983: not valid; 0.8 s; peak memory 1931 MiB.
2026-09-18T15:26:59Z INFO [232/500] 05e4dbca-fae4-48dc-84df-e8a4730a1f9f: valid; 3.0 s; peak memory 1931 MiB.
2026-09-18T15:27:00Z INFO [233/500] 05e534ac-c07c-4ee1-b7c8-ac7af219e8d8: not valid; 0.9 s; peak memory 1931 MiB.
2026-09-18T15:27:02Z INFO [234/500] 05e5c201-ceb8-4d5e-a219-fbbd42541b81: valid; 2.1 s; peak memory 1931 MiB.
2026-09-18T15:27:03Z INFO [235/500] 05e68a0f-027e-4327-a2cc-f4aa621db137: valid; 0.6 s; peak memory 1931 MiB.
2026-09-18T15:27:04Z INFO [236/500] 05e71c88-9970-464d-9401-e2e8a75d5dc5: not valid; 0.9 s; peak memory 1931 MiB.
2026-09-18T15:27:04Z INFO [237/500] 05e72725-88b9-433c-a51e-1cddc4873824: valid; 0.9 s; peak memory 1931 MiB.
2026-09-18T15:27:05Z INFO [238/500] 05e7f721-5ad1-403f-8b54-8014ca5e75c6: valid; 0.7 s; peak memory 1931 MiB.
2026-09-18T15:27:06Z INFO [239/500] 05e8ef25-1200-4501-a0bb-b64fdf1c7933: valid; 0.6 s; peak memory 1931 MiB.
2026-09-18T15:27:11Z INFO [240/500] 05e8f7a2-d382-4a5d-822a-611b2d0270d2: valid; 5.4 s; peak memory 1931 MiB.
2026-09-18T15:27:12Z INFO [241/500] 05e94777-75dc-43c7-91cd-7e7b2603c805: valid; 0.7 s; peak memory 1931 MiB.
2026-09-18T15:27:12Z INFO [242/500] 05e9ebc4-4666-45ec-b4d6-869ff5271643: valid; 0.6 s; peak memory 1931 MiB.
2026-09-18T15:27:14Z INFO [243/500] 05ea494b-de0b-4fe0-bd4d-7055fc85780d: valid; 1.2 s; peak memory 1933 MiB.
2026-09-18T15:27:16Z INFO [244/500] 05ea7dd1-b7d4-4bc8-a08d-a4adf0525700: not valid; 2.5 s; peak memory 1933 MiB.
2026-09-18T15:27:17Z INFO [245/500] 05ea8d33-b53d-407f-9736-7fec9f206781: valid; 1.2 s; peak memory 1933 MiB.
2026-09-18T15:27:18Z INFO [246/500] 05eaafae-e852-4c05-a11d-e0b6f21218a2: valid; 1.1 s; peak memory 1933 MiB.
2026-09-18T15:27:19Z INFO [247/500] 05eab37c-b2ce-41ea-bcbf-10ffab5f70dd: valid; 0.6 s; peak memory 1933 MiB.
2026-09-18T15:27:21Z INFO [248/500] 05eb09a5-725f-4bee-8d66-6553939d4502: valid; 1.7 s; peak memory 1933 MiB.
2026-09-18T15:27:21Z INFO [249/500] 05eb4bee-9edb-4fce-bc03-11d1bb799695: valid; 0.6 s; peak memory 1933 MiB.
2026-09-18T15:27:26Z INFO [250/500] 05ec479e-e0a6-4ae8-94a0-f49b848d9667: valid; 4.3 s; peak memory 1938 MiB.
2026-09-18T15:27:26Z INFO [250/500] 05ec479e-e0a6-4ae8-94a0-f49b848d9667: checkpointed 68760 records.
2026-09-18T15:27:27Z INFO [251/500] 05ec9737-0ecf-40b9-a76f-ad86c7280010: valid; 1.2 s; peak memory 1940 MiB.
2026-09-18T15:27:28Z INFO [252/500] 05ec9ebf-23ef-4025-bba4-ee3db17ed1d8: valid; 1.1 s; peak memory 1941 MiB.
2026-09-18T15:27:30Z INFO [253/500] 05ed4305-f4a3-469f-ab3a-316d5d173f43: valid; 1.8 s; peak memory 1944 MiB.
2026-09-18T15:27:32Z INFO [254/500] 05ed9ba8-f436-41c0-b287-c38a7d730330: valid; 1.9 s; peak memory 1950 MiB.
2026-09-18T15:27:33Z INFO [255/500] 05ee6a6f-1c35-4843-ae4f-6ed19536a877: not valid; 0.8 s; peak memory 1953 MiB.
2026-09-18T15:27:34Z INFO [256/500] 05ee9814-3628-4b26-b93b-e46db92e012d: valid; 0.7 s; peak memory 1956 MiB.
2026-09-18T15:27:35Z INFO [257/500] 05eef235-4a4d-4906-a04d-7e27b6ceeea5: not valid; 1.0 s; peak memory 1959 MiB.
2026-09-18T15:27:36Z INFO [258/500] 05ef215a-fb86-4b37-aaf8-65c9a1e3eaf0: not valid; 1.9 s; peak memory 1962 MiB.
2026-09-18T15:27:38Z INFO [259/500] 05ef2e52-45ad-4ff1-a637-08d45e546ba5: valid; 1.9 s; peak memory 1962 MiB.
2026-09-18T15:27:39Z INFO [260/500] 05efe630-7226-421a-bf58-fb59e9f61c60: not valid; 0.8 s; peak memory 1963 MiB.
2026-09-18T15:27:40Z INFO [261/500] 05effca2-9191-4cd8-aa41-2fd89127c62f: valid; 0.7 s; peak memory 1964 MiB.
2026-09-18T15:27:41Z INFO [262/500] 05f0b29c-85b8-4567-a6d5-f4556726b2b8: not valid; 0.9 s; peak memory 1965 MiB.
2026-09-18T15:27:41Z INFO [263/500] 05f0d47a-e01c-4225-a5a6-648d3e8b6b43: valid; 0.6 s; peak memory 1965 MiB.
2026-09-18T15:27:42Z INFO [264/500] 05f0f63d-9ee0-4131-ab57-ca6c27b4e797: valid; 1.1 s; peak memory 1966 MiB.
2026-09-18T15:27:44Z INFO [265/500] 05f0fd6a-446c-4045-870f-03d7acd79172: valid; 1.3 s; peak memory 1971 MiB.
2026-09-18T15:27:44Z INFO [266/500] 05f143dc-06b7-48c3-b55d-fb93e7e9438e: valid; 0.5 s; peak memory 1973 MiB.
2026-09-18T15:27:45Z INFO [267/500] 05f1c78b-2ee2-41c0-9fcc-312556fabe30: valid; 0.9 s; peak memory 1978 MiB.
2026-09-18T15:27:46Z INFO [268/500] 05f20ce4-8891-454e-9f69-d7e00ca50ff6: valid; 0.7 s; peak memory 1979 MiB.
2026-09-18T15:27:47Z INFO [269/500] 05f239ba-07d8-4975-b9f3-8df2c7cca894: valid; 1.1 s; peak memory 1987 MiB.
2026-09-18T15:27:48Z INFO [270/500] 05f2b26a-f8ab-45ee-a44d-c20ad46b3747: valid; 1.6 s; peak memory 2025 MiB.
2026-09-18T15:27:50Z WARNING 05f2eeb9-0df3-438c-9d2d-e433fe3a9ee0: failed while opening the NWB file (ConstructError: (root/acquisition/_iblmic_audioSpectrogram/bands GroupBuilder {'attributes': {'colnames': array(['freq'], dtype=object), 'description': 'spectogram frequencies', 'namespace': 'core', 'neurodata_type': 'FrequencyBandsTable', 'object_id': 'ebda5a86-77a2-49fd-92d6-63ffeb86dd5c'}, 'groups': {}, 'datasets': {'freq': root/acquisition/_iblmic_audioSpectrogram/bands/freq DatasetBuilder {'attributes': {'description': 'frequency value', 'namespace': 'hdmf-common', 'neurodata_type': 'VectorData', 'object_id': '6c18cbc3-d7a9-479b-92af-3ec9e725435b'}, 'data': <HDF5 dataset "freq": shape (257,), type "<f4">}, 'id': root/acquisition/_iblmic_audioSpectrogram/bands/id DatasetBuilder {'attributes': {'namespace': 'hdmf-common', 'neurodata_type': 'ElementIdentifiers', 'object_id': '32588f5c-fc4b-446a-9007-f8d5b8c79e36'}, 'data': <HDF5 dataset "id": shape (257,), type "<i4">}}, 'links': {}}, "Could not construct FrequencyBandsTable object due to: column must have the same number of rows as 'id'"))
2026-09-18T15:27:52Z INFO [272/500] 05f3136f-0ee1-4f47-a9e3-d4c942cc9c81: valid; 2.2 s; peak memory 2025 MiB.
2026-09-18T15:27:53Z INFO [273/500] 05f3494d-d3e3-4dda-9464-f1a051eded56: not valid; 0.8 s; peak memory 2025 MiB.
2026-09-18T15:27:54Z INFO [274/500] 05f3a955-29c3-4026-bb0a-7ba696875cb4: valid; 1.6 s; peak memory 2025 MiB.
2026-09-18T15:27:55Z INFO [275/500] 05f3b55d-c1f6-43e4-a704-27b9d4c7a9ef: valid; 0.6 s; peak memory 2025 MiB.
2026-09-18T15:27:56Z INFO [276/500] 05f3cfa8-9f08-4927-ad5f-342da130320b: valid; 1.4 s; peak memory 2026 MiB.
2026-09-18T15:27:58Z INFO [277/500] 05f3dc3c-9b1c-47bf-98d9-710430c3da6f: not valid; 1.4 s; peak memory 2028 MiB.
2026-09-18T15:27:59Z INFO [278/500] 05f4453c-284f-46ee-9fa9-59668d201382: not valid; 0.8 s; peak memory 2028 MiB.
2026-09-18T15:28:01Z INFO [279/500] 05f4a5d3-d52d-4891-8166-71c6477d0b27: valid; 2.5 s; peak memory 2028 MiB.
2026-09-18T15:28:02Z WARNING 05f4be04-7d01-4b59-81be-1fe942e2ff90: failed while opening the NWB file (ConstructError: (root/acquisition/event_code_meanings GroupBuilder {'attributes': {'colnames': array(['value', 'meaning'], dtype=object), 'description': 'Mapping integer event codes to event labels', 'namespace': 'ndx-events', 'neurodata_type': 'MeaningsTable', 'object_id': '8aea6bf7-57e3-4101-81e4-a9e4296c04d4'}, 'groups': {}, 'datasets': {'id': root/acquisition/event_code_meanings/id DatasetBuilder {'attributes': {'namespace': 'hdmf-common', 'neurodata_type': 'ElementIdentifiers', 'object_id': '067831d4-7a7d-4575-a43c-8d945bf31213'}, 'data': <HDF5 dataset "id": shape (26,), type "<i8">}, 'meaning': root/acquisition/event_code_meanings/meaning DatasetBuilder {'attributes': {'description': 'The meaning of the value in the parent CategoricalVectorData object.', 'namespace': 'hdmf-experimental', 'neurodata_type': 'VectorData', 'object_id': '47ee7785-6ecf-404d-b1f4-879f2f063e34'}, 'data': <StrDataset for HDF5 dataset "meaning": shape (26,), type "|O">}, 'value': root/acquisition/event_code_meanings/value DatasetBuilder {'attributes': {'description': 'The value of the parent CategoricalVectorData object.', 'namespace': 'hdmf-experimental', 'neurodata_type': 'VectorData', 'object_id': '6db4b5c5-fe10-40a9-bf6e-5b574bfee5ef'}, 'data': <HDF5 dataset "value": shape (26,), type "<i8">}}, 'links': {}}, "Could not construct MeaningsTable object due to: MeaningsTable.__init__: missing argument 'target'"))
2026-09-18T15:28:03Z INFO [281/500] 05f50eca-b79b-4327-b313-16929383fbbb: valid; 0.5 s; peak memory 2028 MiB.
2026-09-18T15:28:03Z INFO [282/500] 05f5e694-2d48-450f-9696-2964323179c9: not valid; 0.9 s; peak memory 2028 MiB.
2026-09-18T15:28:04Z INFO [283/500] 05f608eb-3bbb-4808-9c5e-085603fe3285: valid; 0.6 s; peak memory 2028 MiB.
2026-09-18T15:28:05Z INFO [284/500] 05f8d751-d5e5-4766-a43f-d85cce320bab: valid; 1.4 s; peak memory 2028 MiB.
2026-09-18T15:28:07Z WARNING 05f97371-d1f7-40a4-b9c6-53e26ba048dc: failed while opening the NWB file (ConstructError: (root/acquisition/_iblmic_audioSpectrogram/bands GroupBuilder {'attributes': {'colnames': array(['freq'], dtype=object), 'description': 'spectogram frequencies', 'namespace': 'core', 'neurodata_type': 'FrequencyBandsTable', 'object_id': '9468258a-cf48-467a-b7e4-b0a55726f89c'}, 'groups': {}, 'datasets': {'freq': root/acquisition/_iblmic_audioSpectrogram/bands/freq DatasetBuilder {'attributes': {'description': 'frequency value', 'namespace': 'hdmf-common', 'neurodata_type': 'VectorData', 'object_id': '67abf79b-1029-4152-816e-248bace753a5'}, 'data': <HDF5 dataset "freq": shape (257,), type "<f4">}, 'id': root/acquisition/_iblmic_audioSpectrogram/bands/id DatasetBuilder {'attributes': {'namespace': 'hdmf-common', 'neurodata_type': 'ElementIdentifiers', 'object_id': 'a979e0b5-b134-473b-b5e1-d3b9187ad837'}, 'data': <HDF5 dataset "id": shape (257,), type "<i4">}}, 'links': {}}, "Could not construct FrequencyBandsTable object due to: column must have the same number of rows as 'id'"))
2026-09-18T15:28:20Z INFO [286/500] 05f9bf7c-f0f9-4654-92e2-aa3ef0611936: valid; 13.5 s; peak memory 2054 MiB.
2026-09-18T15:28:21Z INFO [287/500] 05f9ecce-4852-4f2e-a6c4-7e2ee9f2f426: valid; 0.8 s; peak memory 2055 MiB.
2026-09-18T15:28:22Z INFO [288/500] 05fa4c8c-4f10-47dc-af9a-23d96cfa4741: valid; 1.2 s; peak memory 2061 MiB.
2026-09-18T15:28:23Z INFO [289/500] 05fa8355-2829-40a9-a63d-5fcd2466009f: not valid; 1.0 s; peak memory 2063 MiB.
2026-09-18T15:28:25Z INFO [290/500] 05fa8c09-a117-4302-b46b-ba8cc6a5e967: not valid; 2.3 s; peak memory 2063 MiB.
2026-09-18T15:28:27Z INFO [291/500] 05fb064d-b4b4-426c-bc4f-ec3560c9124a: valid; 1.5 s; peak memory 2066 MiB.
2026-09-18T15:28:28Z INFO [292/500] 05fb5f6b-c7b5-4020-9d53-e11f54de9359: not valid; 0.9 s; peak memory 2066 MiB.
2026-09-18T15:28:28Z INFO [293/500] 05fb7d83-a0f8-40ea-8b5c-6a5680aeae21: valid; 0.7 s; peak memory 2067 MiB.
2026-09-18T15:28:29Z INFO [294/500] 05fd313e-f053-4289-9493-11d7a7cc6cf5: valid; 0.5 s; peak memory 2068 MiB.
2026-09-18T15:28:30Z INFO [295/500] 05fde508-f243-4bdf-ac40-1001129044dc: valid; 0.8 s; peak memory 2068 MiB.
2026-09-18T15:28:37Z INFO [296/500] 05fdf2f4-7820-4025-8c0c-93ab90303e0c: valid; 7.3 s; peak memory 2186 MiB.
2026-09-18T15:28:38Z INFO [297/500] 05fffd9c-515a-42bd-8013-c167535033cb: not valid; 0.9 s; peak memory 2186 MiB.
2026-09-18T15:28:40Z INFO [298/500] 06000f7c-33e3-4339-8610-9c6ab261ca3f: valid; 1.7 s; peak memory 2186 MiB.
2026-09-18T15:28:42Z INFO [299/500] 06002d0f-dd05-4b29-9b8d-03b65b5e9c31: valid; 2.0 s; peak memory 2191 MiB.
2026-09-18T15:28:43Z INFO [300/500] 06004c45-6b03-43af-b6ef-af8314ef56bc: valid; 1.2 s; peak memory 2202 MiB.
2026-09-18T15:28:43Z INFO [300/500] 06004c45-6b03-43af-b6ef-af8314ef56bc: checkpointed 68810 records.
2026-09-18T15:28:46Z INFO [301/500] 0600a8fe-cabe-4429-81ef-d33aa8707ed1: valid; 3.1 s; peak memory 2207 MiB.
2026-09-18T15:28:49Z INFO [302/500] 0600cebe-9d03-42d7-8773-6152682ab07c: not valid; 2.7 s; peak memory 2207 MiB.
2026-09-18T15:28:54Z INFO [303/500] 06013454-b90b-4a71-b185-5ab28afece33: valid; 4.7 s; peak memory 2208 MiB.
2026-09-18T15:29:03Z INFO [304/500] 0601a1a2-16b9-413a-a3e0-7f34facf4e12: valid; 9.0 s; peak memory 2221 MiB.
2026-09-18T15:29:03Z INFO [305/500] 06023a1d-8594-4f24-be76-8f9157f09159: valid; 0.7 s; peak memory 2224 MiB.
2026-09-18T15:29:04Z INFO [306/500] 0602d0b3-7c54-45a0-b2e7-cd9c059a55ec: not valid; 0.9 s; peak memory 2226 MiB.
2026-09-18T15:29:05Z INFO [307/500] 06035bbe-79ac-4489-8a5f-30de67459492: not valid; 1.0 s; peak memory 2231 MiB.
2026-09-18T15:29:07Z INFO [308/500] 0603694d-9de8-4248-9c0e-06908a1e3446: valid; 1.7 s; peak memory 2238 MiB.
2026-09-18T15:29:08Z INFO [309/500] 0604c650-37ef-46bd-986a-7cf186058d83: valid; 0.7 s; peak memory 2242 MiB.
2026-09-18T15:29:09Z INFO [310/500] 0605eeb5-4e07-4ed8-ab36-8eb8f8e999be: valid; 1.2 s; peak memory 2251 MiB.
2026-09-18T15:29:11Z INFO [311/500] 06062c46-17fd-4c33-81c0-0ef3a459febe: valid; 2.0 s; peak memory 2256 MiB.
2026-09-18T15:29:12Z INFO [312/500] 06064851-8416-4bbc-b65b-a7078508a73e: valid; 1.3 s; peak memory 2261 MiB.
2026-09-18T15:29:13Z INFO [313/500] 060658f4-8259-4a11-9956-ec09f4de36e4: valid; 1.1 s; peak memory 2261 MiB.
2026-09-18T15:29:14Z INFO [314/500] 0606e019-7e03-4f94-a11a-b15fd320fba6: valid; 0.5 s; peak memory 2261 MiB.
2026-09-18T15:29:14Z INFO [315/500] 0606f291-decb-4351-931a-c71a6785d113: valid; 0.8 s; peak memory 2261 MiB.
2026-09-18T15:29:16Z INFO [316/500] 060722aa-386f-4db5-9a95-b62e23b5bdf0: valid; 1.2 s; peak memory 2261 MiB.
2026-09-18T15:29:17Z INFO [317/500] 0607d26e-2069-46c0-805a-bfa0b71134dc: valid; 1.8 s; peak memory 2261 MiB.
2026-09-18T15:29:19Z INFO [318/500] 0607e82d-48d3-4138-b9fc-ac79d8dc5e19: valid; 1.0 s; peak memory 2261 MiB.
2026-09-18T15:29:19Z INFO [319/500] 0607f6d7-7fa5-4a78-9f7a-a8b63ef53177: valid; 0.6 s; peak memory 2261 MiB.
2026-09-18T15:29:20Z INFO [320/500] 06087bce-7543-4069-875f-5b229e9c343b: valid; 1.3 s; peak memory 2261 MiB.
2026-09-18T15:29:21Z INFO [321/500] 0608dfb9-b444-4910-b079-84052f997a93: valid; 0.8 s; peak memory 2261 MiB.
2026-09-18T15:29:22Z INFO [322/500] 060948fb-920a-49ac-b017-976e9809c9b9: valid; 1.1 s; peak memory 2261 MiB.
2026-09-18T15:29:24Z INFO [323/500] 0609aa9d-a105-4a41-b53f-7433b21ce793: valid; 1.8 s; peak memory 2261 MiB.
2026-09-18T15:29:25Z INFO [324/500] 060a053c-822f-4891-ac62-cf01ca51c1c9: valid; 0.9 s; peak memory 2261 MiB.
2026-09-18T15:29:32Z INFO [325/500] 060a9924-1bcd-435f-b90d-5c6bef6eb85e: valid; 6.4 s; peak memory 2280 MiB.
2026-09-18T15:29:32Z INFO [326/500] 060aa881-c880-4b23-8216-a6b1d776249c: not valid; 0.8 s; peak memory 2281 MiB.
2026-09-18T15:29:34Z INFO [327/500] 060acfd4-c4c1-46f6-b204-93e1355e10cd: not valid; 1.5 s; peak memory 2282 MiB.
2026-09-18T15:29:35Z INFO [328/500] 060af9e3-f332-4215-90b5-07cd409db49f: valid; 1.3 s; peak memory 2282 MiB.
2026-09-18T15:29:36Z INFO [329/500] 060b0ec6-30aa-4082-8181-4cd469b1a007: not valid; 1.2 s; peak memory 2282 MiB.
2026-09-18T15:29:37Z INFO [330/500] 060b3791-8c23-4610-bc12-6867b5ee4214: not valid; 0.9 s; peak memory 2282 MiB.
2026-09-18T15:29:39Z INFO [331/500] 060bd594-f528-4ef3-8a8d-1a18ab32c9a2: valid; 2.2 s; peak memory 2282 MiB.
2026-09-18T15:29:40Z INFO [332/500] 060c0c74-e02e-415e-8e8c-95658a13ffe4: valid; 0.9 s; peak memory 2282 MiB.
2026-09-18T15:29:47Z INFO [333/500] 060c6f92-060e-43b4-81d9-c38c96080307: valid; 6.8 s; peak memory 2450 MiB.
2026-09-18T15:29:48Z INFO [334/500] 060c95b4-d1ee-4edb-b7f2-4a1ace14fb72: valid; 1.1 s; peak memory 2450 MiB.
2026-09-18T15:29:49Z INFO [335/500] 060c9cd5-8bb0-48bb-a18a-21ca152f3d4f: not valid; 0.8 s; peak memory 2450 MiB.
2026-09-18T15:29:50Z INFO [336/500] 060cbde0-0ddb-44d5-9cc5-bcd3ca924b20: valid; 1.3 s; peak memory 2450 MiB.
2026-09-18T15:29:51Z INFO [337/500] 060d12b4-1114-458e-a239-f93f8a522caf: valid; 0.7 s; peak memory 2450 MiB.
2026-09-18T15:29:53Z INFO [338/500] 060d1f95-54a5-4080-89c1-46126b1b5938: valid; 1.7 s; peak memory 2450 MiB.
2026-09-18T15:29:53Z INFO [339/500] 060d3788-9647-4797-8d47-a08a9b6e8f30: valid; 0.8 s; peak memory 2450 MiB.
2026-09-18T15:29:54Z INFO [340/500] 060d8c5b-979e-4a46-93d6-709b22a337d6: not valid; 0.9 s; peak memory 2450 MiB.
2026-09-18T15:29:55Z INFO [341/500] 060d90d5-a21c-4998-8b33-33ababb81fdc: valid; 0.7 s; peak memory 2450 MiB.
2026-09-18T15:29:56Z INFO [342/500] 060d93b3-37db-4eee-b3b3-5b292ed1345d: valid; 1.0 s; peak memory 2450 MiB.
2026-09-18T15:29:57Z INFO [343/500] 060e08d4-f986-4e23-a2fd-e1b417a588ef: valid; 1.2 s; peak memory 2450 MiB.
2026-09-18T15:29:58Z INFO [344/500] 06104797-27b3-4c1e-8dce-37f2005cc888: valid; 0.6 s; peak memory 2450 MiB.
2026-09-18T15:29:59Z INFO [345/500] 0610f5a3-1874-4f74-b745-bfa768c6255f: valid; 1.2 s; peak memory 2455 MiB.
2026-09-18T15:30:01Z INFO [346/500] 0611fa9b-ed34-4b7f-acce-42cdd509f337: valid; 1.8 s; peak memory 2458 MiB.
2026-09-18T15:30:02Z INFO [347/500] 06127b69-cbd9-4e61-bfa8-0d61f16b7612: valid; 1.3 s; peak memory 2480 MiB.
2026-09-18T15:30:04Z INFO [348/500] 06128244-c37c-47eb-87d0-1b814a2da3aa: not valid; 1.7 s; peak memory 2482 MiB.
2026-09-18T15:30:07Z INFO [349/500] 0612fabe-930b-4fa0-b06c-af59af24ce6a: valid; 3.1 s; peak memory 2498 MiB.
2026-09-18T15:30:08Z INFO [350/500] 061415db-a037-42aa-9d50-1c71bae175b5: valid; 0.6 s; peak memory 2500 MiB.
2026-09-18T15:30:08Z INFO [350/500] 061415db-a037-42aa-9d50-1c71bae175b5: checkpointed 68860 records.
2026-09-18T15:30:09Z INFO [351/500] 061448a4-0e58-41a0-a433-e2d3eeafc591: not valid; 1.1 s; peak memory 2504 MiB.
2026-09-18T15:30:10Z INFO [352/500] 0614a7c3-0e8f-492d-9f16-d64026af4177: not valid; 0.8 s; peak memory 2506 MiB.
2026-09-18T15:30:12Z INFO [353/500] 061519c1-4d0d-482e-a26d-3a1d67b03c1f: valid; 1.8 s; peak memory 2512 MiB.
2026-09-18T15:30:16Z INFO [354/500] 0615e5ef-adee-4b40-80fe-6f801849602c: valid; 4.0 s; peak memory 2543 MiB.
2026-09-18T15:30:18Z INFO [355/500] 06165cfa-1b29-4ee1-9119-5153a739ff2d: valid; 2.3 s; peak memory 2546 MiB.
2026-09-18T15:30:19Z INFO [356/500] 06167989-7983-48d2-b660-eed6ba2a9e69: valid; 0.8 s; peak memory 2546 MiB.
2026-09-18T15:30:20Z INFO [357/500] 06176dff-b275-44e1-ac5b-4e6ccd421869: not valid; 1.6 s; peak memory 2546 MiB.
2026-09-18T15:30:22Z INFO [358/500] 06179190-98c4-42f8-9447-9a1e6131654a: valid; 1.1 s; peak memory 2546 MiB.
2026-09-18T15:30:23Z INFO [359/500] 0618188e-14e0-4469-8b7e-836cc4a19454: valid; 1.6 s; peak memory 2546 MiB.
2026-09-18T15:30:25Z INFO [360/500] 061835c6-1806-4dfa-8b04-1209b9673067: valid; 1.7 s; peak memory 2546 MiB.
2026-09-18T15:30:26Z INFO [361/500] 0618b93b-7fd7-4afc-9110-a78b36a01131: valid; 1.3 s; peak memory 2546 MiB.
2026-09-18T15:30:34Z INFO [362/500] 0618d989-b4cb-48b1-9bd2-2da5b91e19c3: valid; 7.6 s; peak memory 2711 MiB.
2026-09-18T15:30:34Z INFO [363/500] 0618f873-3717-4c8c-b0ed-9a512b8c3a11: valid; 0.5 s; peak memory 2711 MiB.
2026-09-18T15:30:36Z INFO [364/500] 06197ec9-bb44-4ed9-8ab8-ce3b737c4ff7: valid; 2.2 s; peak memory 2711 MiB.
2026-09-18T15:30:37Z INFO [365/500] 061a8145-8925-4f1d-857e-5ebe170d4bd3: valid; 0.6 s; peak memory 2711 MiB.
2026-09-18T15:30:38Z INFO [366/500] 061af0c3-ad52-4da6-a500-f81e2952319d: valid; 1.3 s; peak memory 2711 MiB.
2026-09-18T15:30:40Z INFO [367/500] 061b0535-71e9-4f31-900e-40c8cae85d16: valid; 1.6 s; peak memory 2711 MiB.
2026-09-18T15:30:41Z INFO [368/500] 061b386f-22d4-4f92-9f31-e5e838afa652: valid; 1.6 s; peak memory 2711 MiB.
2026-09-18T15:30:42Z INFO [369/500] 061b3eb6-9ee2-4838-afc6-168036e64f69: valid; 0.5 s; peak memory 2711 MiB.
2026-09-18T15:30:42Z INFO [370/500] 061b98ee-4721-453e-a6a8-2a9af672f144: valid; 0.5 s; peak memory 2711 MiB.
2026-09-18T15:30:44Z INFO [371/500] 061bbe04-d740-4894-83ca-4043ae4c09d3: valid; 1.9 s; peak memory 2711 MiB.
2026-09-18T15:30:45Z INFO [372/500] 061bea1d-3a14-4539-85e3-687abc974460: valid; 0.7 s; peak memory 2711 MiB.
2026-09-18T15:30:50Z INFO [373/500] 061c10f1-8a97-4bf4-9245-aac3d3bd967f: valid; 4.7 s; peak memory 2711 MiB.
2026-09-18T15:30:52Z INFO [374/500] 061c34b5-0547-4201-919c-297c5a87026f: valid; 1.9 s; peak memory 2711 MiB.
2026-09-18T15:30:59Z INFO [375/500] 061d20f7-c542-410c-b417-af7f5e173818: valid; 7.1 s; peak memory 2711 MiB.
2026-09-18T15:31:01Z INFO [376/500] 061db240-adca-4ba5-a90a-f1ae5ac07397: valid; 2.1 s; peak memory 2711 MiB.
2026-09-18T15:31:02Z INFO [377/500] 061dc76c-6105-4ff6-803d-71815770e7d1: valid; 0.7 s; peak memory 2711 MiB.
2026-09-18T15:31:03Z INFO [378/500] 061dd4f8-2290-4d2d-a541-2cbacc98acd0: valid; 1.4 s; peak memory 2711 MiB.
2026-09-18T15:31:04Z INFO [379/500] 061e705b-25de-44e9-85c2-2dabf69d9b58: valid; 1.4 s; peak memory 2711 MiB.
2026-09-18T15:31:07Z INFO [380/500] 061edea9-7ab2-41d4-b8db-340904e1f96a: valid; 3.1 s; peak memory 2711 MiB.
2026-09-18T15:31:09Z INFO [381/500] 061ef96c-fb22-4520-a3f1-cc5bd29bd4df: valid; 1.1 s; peak memory 2711 MiB.
2026-09-18T15:31:11Z INFO [382/500] 061fbd89-8d96-47e9-997b-784fe94dc938: valid; 2.1 s; peak memory 2711 MiB.
2026-09-18T15:31:13Z INFO [383/500] 061ff426-931e-47ab-8df3-7972e0a928d1: valid; 2.1 s; peak memory 2711 MiB.
2026-09-18T15:31:14Z INFO [384/500] 06204752-aa72-4473-8216-0fc469392cd7: valid; 1.1 s; peak memory 2711 MiB.
2026-09-18T15:31:15Z INFO [385/500] 0621049b-6244-47b5-a775-90c537c5ea17: valid; 0.8 s; peak memory 2711 MiB.
2026-09-18T15:31:15Z INFO [386/500] 0621aba8-5151-4a6f-af47-60ee6db0cae5: valid; 0.6 s; peak memory 2711 MiB.
2026-09-18T15:31:17Z INFO [387/500] 0622341e-8be1-455c-9a8e-a2c7e3dc4b1b: valid; 1.9 s; peak memory 2711 MiB.
2026-09-18T15:31:24Z INFO [388/500] 0622b75a-099c-444a-8d00-991b2595c468: valid; 6.9 s; peak memory 2718 MiB.
2026-09-18T15:31:29Z INFO [389/500] 0622fa24-92f8-4db1-af6e-e708ad667d46: valid; 4.6 s; peak memory 2727 MiB.
2026-09-18T15:31:34Z INFO [390/500] 06243f9f-4c6f-4f3c-b9be-bb8310168042: valid; 5.5 s; peak memory 2758 MiB.
2026-09-18T15:31:35Z INFO [391/500] 0624bbc1-b9be-4f19-bd72-217a0cd0059f: valid; 0.8 s; peak memory 2760 MiB.
2026-09-18T15:31:37Z INFO [392/500] 0625454b-3c71-4c12-80d5-364cc5662786: valid; 2.0 s; peak memory 2760 MiB.
2026-09-18T15:31:38Z INFO [393/500] 06255cc8-583e-4b9c-ab49-2f99c67f85b6: valid; 0.8 s; peak memory 2760 MiB.
2026-09-18T15:31:38Z INFO [394/500] 06256cdc-1dfc-4e28-97c4-762a10292a0a: valid; 0.6 s; peak memory 2760 MiB.
2026-09-18T15:31:39Z INFO [395/500] 0625ee95-6044-4b3e-8732-e8d0e10cff24: valid; 0.7 s; peak memory 2760 MiB.
2026-09-18T15:31:41Z INFO [396/500] 06274a58-4672-4fd7-a657-5de59871f729: valid; 1.6 s; peak memory 2760 MiB.
2026-09-18T15:31:42Z INFO [397/500] 06275527-a527-49e3-a056-751d0651ff62: valid; 1.7 s; peak memory 2760 MiB.
2026-09-18T15:31:43Z WARNING 062789da-c361-4c91-998f-4c774e350215: failed while retrieving asset information from the DANDI API (NotFoundError: No asset at path 'sub-460434/sub-460434_ses-20191114T142520_behavior+ecephys+ogen.nwb' in version 0.231012.2129. Verify the path is correct and the asset exists in this version. Use 'dandi ls' to list available assets.)
2026-09-18T15:31:43Z INFO [399/500] 06279f06-3ffa-453b-83bf-0ec54af6bbce: valid; 0.7 s; peak memory 2760 MiB.
2026-09-18T15:31:44Z INFO [400/500] 0627c244-eab3-4ef4-bcdc-a922a2246808: not valid; 1.2 s; peak memory 2760 MiB.
2026-09-18T15:31:45Z INFO [400/500] 0627c244-eab3-4ef4-bcdc-a922a2246808: checkpointed 68910 records.
2026-09-18T15:31:47Z INFO [401/500] 0627f491-8950-43ac-84fa-095873589dfb: not valid; 2.4 s; peak memory 2760 MiB.
2026-09-18T15:31:50Z INFO [402/500] 06280f2a-32ee-4375-95a2-b9802dc7c8a4: valid; 2.6 s; peak memory 2760 MiB.
2026-09-18T15:31:51Z INFO [403/500] 06281662-2661-459e-99cc-c95a363aa43d: valid; 1.2 s; peak memory 2760 MiB.
2026-09-18T15:31:52Z INFO [404/500] 06288bf7-8da2-4207-99a3-a22f04bec5fb: valid; 0.9 s; peak memory 2760 MiB.
2026-09-18T15:31:53Z INFO [405/500] 0628f45e-a166-420a-83d7-05a08960fbf6: valid; 1.2 s; peak memory 2765 MiB.
2026-09-18T15:31:54Z INFO [406/500] 06292771-63f6-4f40-b178-f34ac24b656b: valid; 0.8 s; peak memory 2767 MiB.
2026-09-18T15:31:55Z INFO [407/500] 06293818-34a4-4a8c-8cad-1bc49406292e: not valid; 0.7 s; peak memory 2768 MiB.
2026-09-18T15:31:56Z WARNING 062945a1-2cea-4137-a692-1b67b592be95: failed while opening the NWB file (ConstructError: (root/acquisition/_iblmic_audioSpectrogram/bands GroupBuilder {'attributes': {'colnames': array(['freq'], dtype=object), 'description': 'spectogram frequencies', 'namespace': 'core', 'neurodata_type': 'FrequencyBandsTable', 'object_id': '2fcef864-be4c-41e0-ae0c-2f7fffe15809'}, 'groups': {}, 'datasets': {'freq': root/acquisition/_iblmic_audioSpectrogram/bands/freq DatasetBuilder {'attributes': {'description': 'frequency value', 'namespace': 'hdmf-common', 'neurodata_type': 'VectorData', 'object_id': 'f2cdbc38-9beb-403d-8e40-669eccf6648e'}, 'data': <HDF5 dataset "freq": shape (257,), type "<f4">}, 'id': root/acquisition/_iblmic_audioSpectrogram/bands/id DatasetBuilder {'attributes': {'namespace': 'hdmf-common', 'neurodata_type': 'ElementIdentifiers', 'object_id': '3be5a675-940d-4134-beff-0977a239a7f9'}, 'data': <HDF5 dataset "id": shape (257,), type "<i4">}}, 'links': {}}, "Could not construct FrequencyBandsTable object due to: column must have the same number of rows as 'id'"))
2026-09-18T15:31:57Z INFO [409/500] 06296593-16c1-4f3a-8bef-712065d235ab: valid; 1.1 s; peak memory 2778 MiB.
2026-09-18T15:31:58Z INFO [410/500] 06297fda-fad5-407d-8ff6-279b2300a4a6: valid; 1.2 s; peak memory 2795 MiB.
2026-09-18T15:31:59Z INFO [411/500] 06298e72-8d52-48eb-87dc-defde3ebdd3f: valid; 1.2 s; peak memory 2802 MiB.
2026-09-18T15:32:09Z INFO [412/500] 062b119c-f494-4efa-97b1-8461a0e1d5fd: valid; 9.9 s; peak memory 3035 MiB.
2026-09-18T15:32:10Z INFO [413/500] 062b47a6-42ef-4588-bd13-37ddeac9c761: valid; 0.7 s; peak memory 3035 MiB.
2026-09-18T15:32:11Z INFO [414/500] 062b6d52-a344-491e-87f7-f013e2458f98: valid; 0.7 s; peak memory 3035 MiB.
2026-09-18T15:32:12Z INFO [415/500] 062bee73-a15b-4e4b-83c7-9989c91de070: valid; 1.2 s; peak memory 3035 MiB.
2026-09-18T15:32:13Z INFO [416/500] 062c99ce-956d-4e2c-8696-2dfbe1cccf08: not valid; 1.1 s; peak memory 3035 MiB.
2026-09-18T15:32:14Z INFO [417/500] 062ce444-4791-47d1-8d9c-8d6eb52df596: valid; 0.7 s; peak memory 3035 MiB.
2026-09-18T15:32:14Z INFO [418/500] 062d3b4a-4952-46a0-a895-f853dd3674d8: valid; 0.7 s; peak memory 3035 MiB.
2026-09-18T15:32:15Z INFO [419/500] 062d860e-5f83-4524-9a2b-63a1b9f77290: valid; 0.5 s; peak memory 3035 MiB.
2026-09-18T15:32:16Z INFO [420/500] 062d8774-c470-46c3-a0cb-472cf1f6211a: valid; 1.3 s; peak memory 3035 MiB.
2026-09-18T15:32:18Z INFO [421/500] 062e37b3-c1ea-4369-92a8-3305988befaf: valid; 2.1 s; peak memory 3035 MiB.
2026-09-18T15:32:20Z INFO [422/500] 062f0519-96fe-4124-b590-fd18d34c28fa: valid; 1.8 s; peak memory 3035 MiB.
2026-09-18T15:32:21Z INFO [423/500] 062f71af-977a-4570-aadf-0d53c7fcaf34: valid; 1.4 s; peak memory 3035 MiB.
2026-09-18T15:32:23Z WARNING 063022c9-09be-4e50-90be-8f79c8055bbd: failed while opening the NWB file (ConstructError: (root/acquisition/_iblmic_audioSpectrogram/bands GroupBuilder {'attributes': {'colnames': array(['freq'], dtype=object), 'description': 'spectogram frequencies', 'namespace': 'core', 'neurodata_type': 'FrequencyBandsTable', 'object_id': '56ba22d8-c515-42c0-9458-6fd6522e2d37'}, 'groups': {}, 'datasets': {'freq': root/acquisition/_iblmic_audioSpectrogram/bands/freq DatasetBuilder {'attributes': {'description': 'frequency value', 'namespace': 'hdmf-common', 'neurodata_type': 'VectorData', 'object_id': 'c675a6b8-dcbc-4ad2-8dd8-52e1e2558056'}, 'data': <HDF5 dataset "freq": shape (257,), type "<f4">}, 'id': root/acquisition/_iblmic_audioSpectrogram/bands/id DatasetBuilder {'attributes': {'namespace': 'hdmf-common', 'neurodata_type': 'ElementIdentifiers', 'object_id': '1bbdfcf8-58e3-4a54-ae9e-c80a516fad32'}, 'data': <HDF5 dataset "id": shape (257,), type "<i4">}}, 'links': {}}, "Could not construct FrequencyBandsTable object due to: column must have the same number of rows as 'id'"))
2026-09-18T15:32:24Z INFO [425/500] 0630e495-2357-4782-ace1-0413c4179f74: valid; 1.1 s; peak memory 3042 MiB.
2026-09-18T15:32:26Z INFO [426/500] 06315c81-1db7-4a5e-a867-725faef7b3e1: valid; 1.9 s; peak memory 3045 MiB.
2026-09-18T15:32:27Z WARNING 06318a8b-c68c-4813-bb6d-70237329c509: failed while opening the NWB file (ConstructError: (root/acquisition/_iblmic_audioSpectrogram/bands GroupBuilder {'attributes': {'colnames': array(['freq'], dtype=object), 'description': 'spectogram frequencies', 'namespace': 'core', 'neurodata_type': 'FrequencyBandsTable', 'object_id': '0b90197e-d9e1-4a69-a6f8-b743e1c6cfc3'}, 'groups': {}, 'datasets': {'freq': root/acquisition/_iblmic_audioSpectrogram/bands/freq DatasetBuilder {'attributes': {'description': 'frequency value', 'namespace': 'hdmf-common', 'neurodata_type': 'VectorData', 'object_id': 'ea2232b5-498e-410e-8582-29e76f375b99'}, 'data': <HDF5 dataset "freq": shape (257,), type "<f4">}, 'id': root/acquisition/_iblmic_audioSpectrogram/bands/id DatasetBuilder {'attributes': {'namespace': 'hdmf-common', 'neurodata_type': 'ElementIdentifiers', 'object_id': 'f64c457c-c635-40ab-ac94-a20d656f4e4d'}, 'data': <HDF5 dataset "id": shape (257,), type "<i4">}}, 'links': {}}, "Could not construct FrequencyBandsTable object due to: column must have the same number of rows as 'id'"))
2026-09-18T15:32:28Z INFO [428/500] 0631c5ab-cfb0-446a-a8d6-015217a58bdf: valid; 1.0 s; peak memory 3045 MiB.
2026-09-18T15:32:28Z INFO [429/500] 063234d5-8191-4727-9b6f-320bdbae42fb: valid; 0.7 s; peak memory 3045 MiB.
2026-09-18T15:32:29Z INFO [430/500] 063265df-e650-4d60-acd3-f1f2ea6cc439: not valid; 0.9 s; peak memory 3045 MiB.
2026-09-18T15:32:31Z INFO [431/500] 0633997c-909e-4a6f-8fe2-43742d96d394: valid; 2.0 s; peak memory 3045 MiB.
2026-09-18T15:32:41Z INFO [432/500] 06342620-0d87-4635-8e61-bf806bfbf1ae: valid; 9.8 s; peak memory 3267 MiB.
2026-09-18T15:32:43Z INFO [433/500] 06357054-2c64-4fdf-81de-d511f5ee1124: valid; 1.7 s; peak memory 3267 MiB.
2026-09-18T15:32:49Z INFO [434/500] 0635ad8c-2bcf-4dad-a782-84297ee261bd: valid; 5.8 s; peak memory 3272 MiB.
2026-09-18T15:32:50Z INFO [435/500] 063665e4-5815-4e56-b2a7-adf95aef4402: valid; 1.2 s; peak memory 3283 MiB.
2026-09-18T15:32:51Z INFO [436/500] 06374223-a883-4cbe-a595-1d39d063a18a: valid; 1.5 s; peak memory 3286 MiB.
2026-09-18T15:32:58Z INFO [437/500] 0637499a-79bb-43aa-9166-c508ccded85d: valid; 6.1 s; peak memory 3295 MiB.
2026-09-18T15:32:59Z INFO [438/500] 06384e41-2d4f-49be-9b00-bbaddee03d50: valid; 1.0 s; peak memory 3295 MiB.
2026-09-18T15:33:00Z INFO [439/500] 06384e4a-2157-454c-b00d-2678b11a3fb9: valid; 1.1 s; peak memory 3295 MiB.
2026-09-18T15:33:00Z INFO [440/500] 06387e57-5933-47c7-8769-d5859e4de41d: valid; 0.7 s; peak memory 3295 MiB.
2026-09-18T15:33:01Z INFO [441/500] 06392758-6031-43d5-a391-85e44c48d724: valid; 0.9 s; peak memory 3295 MiB.
2026-09-18T15:33:02Z INFO [442/500] 06397cef-43c7-453c-a09a-8abffcc45bdf: valid; 0.7 s; peak memory 3295 MiB.
2026-09-18T15:33:04Z INFO [443/500] 0639875c-f3cd-4a0d-b430-8456112044e0: valid; 2.2 s; peak memory 3295 MiB.
2026-09-18T15:33:05Z INFO [444/500] 0639c4c1-b239-4abf-ba72-67897b411478: valid; 0.9 s; peak memory 3295 MiB.
2026-09-18T15:33:06Z INFO [445/500] 063a5873-80ff-47c9-8ae9-5f4e986b781c: not valid; 1.0 s; peak memory 3295 MiB.
2026-09-18T15:33:07Z WARNING 063a7ba6-3ca5-4877-847b-93648b82a319: failed while opening the NWB file (ConstructError: (root/acquisition/event_code_meanings GroupBuilder {'attributes': {'colnames': array(['value', 'meaning'], dtype=object), 'description': 'Mapping integer event codes to event labels', 'namespace': 'ndx-events', 'neurodata_type': 'MeaningsTable', 'object_id': 'f36ff443-0f69-491e-8fc6-4637325a283a'}, 'groups': {}, 'datasets': {'id': root/acquisition/event_code_meanings/id DatasetBuilder {'attributes': {'namespace': 'hdmf-common', 'neurodata_type': 'ElementIdentifiers', 'object_id': 'e7096afa-7265-4c56-9dc0-45ecb1cdb4c8'}, 'data': <HDF5 dataset "id": shape (26,), type "<i8">}, 'meaning': root/acquisition/event_code_meanings/meaning DatasetBuilder {'attributes': {'description': 'The meaning of the value in the parent CategoricalVectorData object.', 'namespace': 'hdmf-experimental', 'neurodata_type': 'VectorData', 'object_id': '49ddcb2a-c165-44a8-afec-76d9b93233bc'}, 'data': <StrDataset for HDF5 dataset "meaning": shape (26,), type "|O">}, 'value': root/acquisition/event_code_meanings/value DatasetBuilder {'attributes': {'description': 'The value of the parent CategoricalVectorData object.', 'namespace': 'hdmf-experimental', 'neurodata_type': 'VectorData', 'object_id': '8d4aa82a-fc6a-478c-90f8-ec39666cd994'}, 'data': <HDF5 dataset "value": shape (26,), type "<i8">}}, 'links': {}}, "Could not construct MeaningsTable object due to: MeaningsTable.__init__: missing argument 'target'"))
2026-09-18T15:33:08Z INFO [447/500] 063a8c80-e733-4305-9c05-db0467ffcc99: valid; 1.3 s; peak memory 3295 MiB.
2026-09-18T15:33:09Z INFO [448/500] 063b9771-b0c0-4b84-8b7d-fb52929b3087: not valid; 0.7 s; peak memory 3295 MiB.
2026-09-18T15:33:11Z INFO [449/500] 063ba6dd-fe93-4b62-8e78-c36caa3f218b: valid; 1.9 s; peak memory 3295 MiB.
2026-09-18T15:33:12Z INFO [450/500] 063c151f-e780-4184-8414-32e4b8c5a660: not valid; 1.1 s; peak memory 3295 MiB.
2026-09-18T15:33:12Z INFO [450/500] 063c151f-e780-4184-8414-32e4b8c5a660: checkpointed 68960 records.
2026-09-18T15:33:13Z INFO [451/500] 063c4615-8a8d-4fc8-a63e-240e2783e295: valid; 0.8 s; peak memory 3295 MiB.
2026-09-18T15:33:14Z INFO [452/500] 063c539f-e7ac-4a23-8509-831139a2e7aa: valid; 0.5 s; peak memory 3295 MiB.
2026-09-18T15:33:14Z INFO [453/500] 063cbe7b-a487-436a-ae25-8575e63f28cc: not valid; 0.7 s; peak memory 3295 MiB.
2026-09-18T15:33:16Z INFO [454/500] 063cc827-28ea-4b8f-b60a-0925d7a3c9c0: valid; 1.4 s; peak memory 3295 MiB.
2026-09-18T15:33:16Z INFO [455/500] 063cf5f9-3060-4f93-956a-3758b97797f7: valid; 0.6 s; peak memory 3295 MiB.
2026-09-18T15:33:17Z INFO [456/500] 063daf21-7649-4d6f-b61c-d421bbce6b90: valid; 0.6 s; peak memory 3295 MiB.
2026-09-18T15:33:18Z INFO [457/500] 063ddba6-d815-4ebf-a07a-c334e322c0df: valid; 0.6 s; peak memory 3295 MiB.
2026-09-18T15:33:19Z INFO [458/500] 063e0daa-27e8-4de9-bbaf-170a7b007df6: not valid; 1.2 s; peak memory 3295 MiB.
2026-09-18T15:33:20Z INFO [459/500] 063e1010-251a-476e-a3b9-b14dcb4ccd92: valid; 1.0 s; peak memory 3295 MiB.
2026-09-18T15:33:21Z INFO [460/500] 063e7b14-8011-4c1a-bdbe-163e714b6c78: valid; 0.7 s; peak memory 3295 MiB.
2026-09-18T15:33:22Z INFO [461/500] 063e8b6d-9ed4-47c3-94fe-7ef7fcf89f94: valid; 1.4 s; peak memory 3295 MiB.
2026-09-18T15:33:22Z INFO [462/500] 063eafa6-d6e0-4a75-b654-2ef6924c4ab2: valid; 0.6 s; peak memory 3295 MiB.
2026-09-18T15:33:24Z INFO [463/500] 063ef5b0-df31-494a-88d2-e4665f208cd2: valid; 1.8 s; peak memory 3295 MiB.
2026-09-18T15:33:25Z INFO [464/500] 063f3c9e-b441-4710-abb7-4f78f160720a: valid; 0.6 s; peak memory 3295 MiB.
2026-09-18T15:33:25Z INFO [465/500] 063fac7e-cfb6-43de-9a93-477f040a81f0: valid; 0.6 s; peak memory 3295 MiB.
2026-09-18T15:33:26Z INFO [466/500] 06411428-d49b-494e-a33f-5b8ead0f02da: valid; 1.0 s; peak memory 3295 MiB.
2026-09-18T15:33:28Z INFO [467/500] 06413f8e-7534-471c-9008-054680bd8a03: valid; 1.5 s; peak memory 3295 MiB.
2026-09-18T15:33:29Z INFO [468/500] 06428351-7781-42bd-8808-c77f1b3ae72d: not valid; 1.0 s; peak memory 3295 MiB.
2026-09-18T15:33:30Z INFO [469/500] 0642db8c-7d15-4d37-8ef2-bba03cb85781: not valid; 1.5 s; peak memory 3295 MiB.
2026-09-18T15:33:32Z INFO [470/500] 0642dc4e-05bf-4e95-b6ca-010a00c50995: valid; 1.2 s; peak memory 3295 MiB.
2026-09-18T15:33:32Z INFO [471/500] 0642eb8f-e6c5-4939-8627-7c1084227514: valid; 0.7 s; peak memory 3295 MiB.
2026-09-18T15:33:39Z INFO [472/500] 0642f605-fec4-4c29-affe-a5f1f451b213: valid; 6.8 s; peak memory 3299 MiB.
2026-09-18T15:33:40Z INFO [473/500] 06430d9f-df19-4688-8739-081a2acd8a9a: valid; 0.6 s; peak memory 3301 MiB.
2026-09-18T15:33:41Z INFO [474/500] 064321e5-c412-4725-9e4e-713c4d5b1acd: valid; 1.4 s; peak memory 3306 MiB.
2026-09-18T15:33:42Z INFO [475/500] 06432b78-01c4-4c88-a167-cd2600bed824: not valid; 1.0 s; peak memory 3309 MiB.
2026-09-18T15:33:43Z INFO [476/500] 0643c4de-a3fd-469a-ae47-1d2d9cd4edef: valid; 1.1 s; peak memory 3320 MiB.
2026-09-18T15:33:45Z WARNING 064472ba-490c-4d08-85ce-7d443519b88e: failed while opening the NWB file (ConstructError: (root/acquisition/_iblmic_audioSpectrogram/bands GroupBuilder {'attributes': {'colnames': array(['freq'], dtype=object), 'description': 'spectogram frequencies', 'namespace': 'core', 'neurodata_type': 'FrequencyBandsTable', 'object_id': '2dc1ad77-f4ac-4c8f-a737-ca3870828aa0'}, 'groups': {}, 'datasets': {'freq': root/acquisition/_iblmic_audioSpectrogram/bands/freq DatasetBuilder {'attributes': {'description': 'frequency value', 'namespace': 'hdmf-common', 'neurodata_type': 'VectorData', 'object_id': '24e7424e-d65b-4a9e-a72b-378403f71d55'}, 'data': <HDF5 dataset "freq": shape (257,), type "<f4">}, 'id': root/acquisition/_iblmic_audioSpectrogram/bands/id DatasetBuilder {'attributes': {'namespace': 'hdmf-common', 'neurodata_type': 'ElementIdentifiers', 'object_id': '5a2e67e7-2480-4729-b665-50684c75da9e'}, 'data': <HDF5 dataset "id": shape (257,), type "<i4">}}, 'links': {}}, "Could not construct FrequencyBandsTable object due to: column must have the same number of rows as 'id'"))
2026-09-18T15:33:45Z WARNING 06447f41-36f2-432c-86ad-cdfc3f516c84: failed while retrieving asset information from the DANDI API (NotFoundError: No asset at path 'sub-440959/sub-440959_ses-20190220T134256_behavior+ecephys+ogen.nwb' in version 0.231012.2129. Verify the path is correct and the asset exists in this version. Use 'dandi ls' to list available assets.)
2026-09-18T15:33:46Z WARNING 0644ca78-1e30-44c8-97f9-56fb316fba7f: failed while opening the NWB file (ConstructError: (root/acquisition/event_code_meanings GroupBuilder {'attributes': {'colnames': array(['value', 'meaning'], dtype=object), 'description': 'Mapping integer event codes to event labels', 'namespace': 'ndx-events', 'neurodata_type': 'MeaningsTable', 'object_id': '2c0aeaf2-c81a-42e8-a6d1-ffdd772ee194'}, 'groups': {}, 'datasets': {'id': root/acquisition/event_code_meanings/id DatasetBuilder {'attributes': {'namespace': 'hdmf-common', 'neurodata_type': 'ElementIdentifiers', 'object_id': 'eddcc8a6-576d-48f7-8f35-db42820c0f4f'}, 'data': <HDF5 dataset "id": shape (26,), type "<i8">}, 'meaning': root/acquisition/event_code_meanings/meaning DatasetBuilder {'attributes': {'description': 'The meaning of the value in the parent CategoricalVectorData object.', 'namespace': 'hdmf-experimental', 'neurodata_type': 'VectorData', 'object_id': 'b84a2ea7-6722-4849-8d99-9ab05adf5517'}, 'data': <StrDataset for HDF5 dataset "meaning": shape (26,), type "|O">}, 'value': root/acquisition/event_code_meanings/value DatasetBuilder {'attributes': {'description': 'The value of the parent CategoricalVectorData object.', 'namespace': 'hdmf-experimental', 'neurodata_type': 'VectorData', 'object_id': 'affebeaa-33e9-426b-b5d5-da6f5d2a4f89'}, 'data': <HDF5 dataset "value": shape (26,), type "<i8">}}, 'links': {}}, "Could not construct MeaningsTable object due to: MeaningsTable.__init__: missing argument 'target'"))
2026-09-18T15:33:47Z INFO [480/500] 0645ce8b-6b59-469a-82d4-d69346661ccf: valid; 1.1 s; peak memory 3323 MiB.
2026-09-18T15:33:49Z INFO [481/500] 06465edb-98c8-4045-9ec1-def68b90023e: valid; 2.1 s; peak memory 3323 MiB.
2026-09-18T15:33:51Z INFO [482/500] 06475e17-516b-4b66-b380-9511f0888709: not valid; 2.2 s; peak memory 3323 MiB.
2026-09-18T15:33:52Z INFO [483/500] 0647bd8b-457d-4547-a190-48e9524eb309: not valid; 0.8 s; peak memory 3323 MiB.
2026-09-18T15:33:54Z INFO [484/500] 064860df-570c-4227-9b54-f865d0c5a4b0: valid; 1.6 s; peak memory 3323 MiB.
2026-09-18T15:34:02Z INFO [485/500] 06492739-d971-48d7-a928-bb514297b654: valid; 8.3 s; peak memory 3323 MiB.
2026-09-18T15:34:04Z INFO [486/500] 064958e4-3118-40fe-b883-4687b2025dbc: valid; 2.0 s; peak memory 3323 MiB.
2026-09-18T15:34:05Z INFO [487/500] 06499c2f-bc79-4aff-b925-d4161f90e396: valid; 1.2 s; peak memory 3323 MiB.
2026-09-18T15:34:13Z INFO [488/500] 064aca28-2913-4827-8a3a-ac6853cf0d6b: not valid; 8.5 s; peak memory 3361 MiB.
2026-09-18T15:34:18Z INFO [489/500] 064b3162-fbd2-4595-8057-6d2c3ecd69ce: not valid; 4.0 s; peak memory 3377 MiB.
2026-09-18T15:34:23Z INFO [490/500] 064b68fd-4161-4a1e-9b43-6623b3ed1fe7: valid; 5.4 s; peak memory 3388 MiB.
2026-09-18T15:34:31Z INFO [491/500] 064b93f8-7f9c-45e1-a314-636d43448b09: valid; 8.2 s; peak memory 3430 MiB.
2026-09-18T15:34:32Z INFO [492/500] 064baebd-0d02-4984-91cd-059187b474ca: not valid; 0.8 s; peak memory 3431 MiB.
2026-09-18T15:34:32Z INFO [493/500] 064bcd8d-ba08-4136-86c8-e3d2e489bb62: valid; 0.6 s; peak memory 3432 MiB.
2026-09-18T15:34:34Z WARNING 064c0c1d-e7d2-4f80-ac25-1ae3e2e1c99a: failed while opening the NWB file (ConstructError: (root/acquisition/_iblmic_audioSpectrogram/bands GroupBuilder {'attributes': {'colnames': array(['freq'], dtype=object), 'description': 'spectogram frequencies', 'namespace': 'core', 'neurodata_type': 'FrequencyBandsTable', 'object_id': '07b60e95-b7e3-4f93-b4a8-85160f3b9a99'}, 'groups': {}, 'datasets': {'freq': root/acquisition/_iblmic_audioSpectrogram/bands/freq DatasetBuilder {'attributes': {'description': 'frequency value', 'namespace': 'hdmf-common', 'neurodata_type': 'VectorData', 'object_id': 'f53b7e20-2a13-4590-934f-f520aa6010c6'}, 'data': <HDF5 dataset "freq": shape (257,), type "<f4">}, 'id': root/acquisition/_iblmic_audioSpectrogram/bands/id DatasetBuilder {'attributes': {'namespace': 'hdmf-common', 'neurodata_type': 'ElementIdentifiers', 'object_id': 'aeb1e9cd-9c13-4637-a5bb-1261e79d9e16'}, 'data': <HDF5 dataset "id": shape (257,), type "<i4">}}, 'links': {}}, "Could not construct FrequencyBandsTable object due to: column must have the same number of rows as 'id'"))
2026-09-18T15:34:35Z INFO [495/500] 064c6124-27a9-49f6-94ed-a1d9f5ee35ed: not valid; 1.3 s; peak memory 3435 MiB.
2026-09-18T15:34:35Z WARNING 064cae41-5de0-427d-996e-43bb0697b80a: failed while retrieving asset information from the DANDI API (NotFoundError: No such Dandiset: 000561)
2026-09-18T15:34:35Z INFO [497/500] 064d012c-d950-478e-8f6f-95f65fe09ded: valid; 0.5 s; peak memory 3436 MiB.
2026-09-18T15:34:38Z INFO [498/500] 064d5a9f-3b6b-4f84-8736-c99b7e9e32bb: valid; 2.1 s; peak memory 3445 MiB.
2026-09-18T15:34:39Z INFO [499/500] 064d871c-e5ba-415b-b0e6-2fccd4f32196: valid; 1.1 s; peak memory 3448 MiB.
2026-09-18T15:34:45Z INFO [500/500] 064d8e0b-280e-49b2-bfc9-ab14e6d837c4: valid; 6.3 s; peak memory 3509 MiB.
2026-09-18T15:34:45Z INFO [500/500] 064d8e0b-280e-49b2-bfc9-ab14e6d837c4: checkpointed 69010 records.
2026-09-18T15:34:46Z INFO Wrote 69010 records to /tmp/derivatives/content_id_to_valid_nwb_file.jsonl (478 new, 22 failed) in 15.9 min (peak memory 3511 MiB).
