2026-09-29T11:42:25Z INFO Logging to /tmp/logs/update_2026-09-29T11-42-25Z.log.
2026-09-29T11:42:25Z INFO Update content-id-to-valid-nwb-file (base directory /tmp).
2026-09-29T11:42:28Z INFO Processing 500 items (84010 already recorded).
2026-09-29T11:42:42Z INFO [1/500] 1d44a3ae-479b-4e13-b434-9489fbae9f35: valid; 14.1 s; peak memory 498 MiB.
2026-09-29T11:42:55Z INFO [2/500] 1d44fa15-0395-4ad7-97ad-13986f2aa8ef: valid; 12.4 s; peak memory 505 MiB.
2026-09-29T11:42:58Z INFO [3/500] 1d453077-bb37-4f8f-a7a8-61e53e1564f9: valid; 2.8 s; peak memory 516 MiB.
2026-09-29T11:43:01Z INFO [4/500] 1d454e59-2964-4acf-9d84-c1d1b66923d3: valid; 3.1 s; peak memory 519 MiB.
2026-09-29T11:43:17Z INFO [5/500] 1d456034-4aff-4345-9946-71c6f99830bf: valid; 16.8 s; peak memory 587 MiB.
2026-09-29T11:43:20Z INFO [6/500] 1d45ad9d-a853-43f7-a2b2-6285f173fc05: not valid; 2.4 s; peak memory 594 MiB.
2026-09-29T11:43:22Z INFO [7/500] 1d4617e9-adc4-48e5-ae5e-f7f174c041f3: valid; 2.2 s; peak memory 608 MiB.
2026-09-29T11:43:26Z INFO [8/500] 1d476db8-8e11-452c-a5ef-2850ed06c707: valid; 4.3 s; peak memory 617 MiB.
2026-09-29T11:43:28Z INFO [9/500] 1d477235-8d6f-48cb-a859-f3ce1e28cc83: not valid; 1.5 s; peak memory 619 MiB.
2026-09-29T11:43:30Z INFO [10/500] 1d478925-3cb8-4ff4-9a10-6f802c0f4f8d: valid; 2.0 s; peak memory 622 MiB.
2026-09-29T11:43:44Z INFO [11/500] 1d47d22e-e5f4-475d-b746-da92bed98827: valid; 14.1 s; peak memory 688 MiB.
2026-09-29T11:43:46Z INFO [12/500] 1d48453f-b83d-4bd4-bc90-5f0c6497fa07: not valid; 1.8 s; peak memory 695 MiB.
2026-09-29T11:43:47Z INFO [13/500] 1d48634e-988b-4d28-8534-ac36e42565ac: valid; 1.6 s; peak memory 697 MiB.
2026-09-29T11:43:50Z INFO [14/500] 1d487b60-2189-40f4-b7b5-8d860852df2a: not valid; 2.8 s; peak memory 708 MiB.
2026-09-29T11:43:52Z INFO [15/500] 1d48874d-84b7-4237-844e-126fb9b4122f: valid; 1.6 s; peak memory 708 MiB.
2026-09-29T11:44:02Z INFO [16/500] 1d492a99-6b76-4f11-a54f-e466e957afcf: not valid; 9.8 s; peak memory 708 MiB.
2026-09-29T11:44:03Z INFO [17/500] 1d498050-ad1c-4e39-b546-527895fd3e64: not valid; 1.6 s; peak memory 708 MiB.
2026-09-29T11:44:07Z INFO [18/500] 1d498940-4565-411f-aa2e-c86414777a66: valid; 3.3 s; peak memory 708 MiB.
2026-09-29T11:44:11Z INFO [19/500] 1d499d5e-d00c-42f2-ba78-105dbf2d7985: not valid; 4.2 s; peak memory 708 MiB.
2026-09-29T11:44:12Z INFO [20/500] 1d49f01a-23ba-49ba-bfda-31883025b36a: valid; 1.6 s; peak memory 708 MiB.
2026-09-29T11:44:34Z INFO [21/500] 1d4a0329-c297-4991-b349-28fb9687ac17: valid; 22.0 s; peak memory 708 MiB.
2026-09-29T11:44:36Z INFO [22/500] 1d4a1fcd-b71d-4bcc-ad11-dfbd27d513e4: valid; 1.3 s; peak memory 708 MiB.
2026-09-29T11:44:37Z INFO [23/500] 1d4c50ae-a428-4b17-a66a-0785b081b942: valid; 1.3 s; peak memory 708 MiB.
2026-09-29T11:44:40Z INFO [24/500] 1d4c9793-e5e3-442f-8d84-3775d4805963: valid; 3.5 s; peak memory 708 MiB.
2026-09-29T11:44:43Z INFO [25/500] 1d4cfc89-2e22-4cf8-a008-1dad824e9c92: not valid; 2.5 s; peak memory 708 MiB.
2026-09-29T11:44:46Z INFO [26/500] 1d4d119a-5229-4cc9-966f-0b7a5302550f: valid; 2.8 s; peak memory 708 MiB.
2026-09-29T11:44:49Z INFO [27/500] 1d4d62e5-fe10-4b73-b17e-0bf47be44f55: valid; 3.1 s; peak memory 710 MiB.
2026-09-29T11:44:52Z INFO [28/500] 1d4da3bb-34bf-4ec7-b052-c1420add6a55: valid; 3.6 s; peak memory 711 MiB.
2026-09-29T11:45:08Z INFO [29/500] 1d4e4217-b980-4c4e-bd90-ed81cb5bee84: not valid; 15.3 s; peak memory 713 MiB.
2026-09-29T11:45:16Z INFO [30/500] 1d4e888e-af95-4f16-b92f-41d5834d9652: valid; 7.9 s; peak memory 713 MiB.
2026-09-29T11:45:17Z INFO [31/500] 1d4eeef9-bb18-44ef-920b-4dce85a44248: valid; 1.7 s; peak memory 713 MiB.
2026-09-29T11:45:19Z INFO [32/500] 1d4f9153-9f20-4ebe-bfa3-ae4b8b30552e: valid; 2.1 s; peak memory 719 MiB.
2026-09-29T11:45:23Z INFO [33/500] 1d503377-533b-43da-8710-e2b7458fe0c2: valid; 3.3 s; peak memory 730 MiB.
2026-09-29T11:45:24Z INFO [34/500] 1d50b4f2-a50e-4573-be6e-bbb40ed62064: valid; 1.4 s; peak memory 732 MiB.
2026-09-29T11:45:27Z INFO [35/500] 1d50ba69-99ca-414f-83e2-0d30f0606463: valid; 3.1 s; peak memory 743 MiB.
2026-09-29T11:45:29Z INFO [36/500] 1d50e425-9df2-478f-b431-526d7275c551: valid; 1.9 s; peak memory 754 MiB.
2026-09-29T11:45:38Z INFO [37/500] 1d515f8c-344a-492d-86dd-600f06b03eca: valid; 9.1 s; peak memory 790 MiB.
2026-09-29T11:45:41Z INFO [38/500] 1d5183b7-69e9-4adc-b2b6-47288535cb7a: valid; 2.3 s; peak memory 800 MiB.
2026-09-29T11:45:49Z INFO [39/500] 1d518d67-4c86-4e2f-8955-6e2c44407f86: valid; 8.3 s; peak memory 812 MiB.
2026-09-29T11:45:50Z INFO [40/500] 1d51a60a-2213-444c-a7c9-bb30dde9344f: valid; 1.5 s; peak memory 812 MiB.
2026-09-29T11:45:53Z INFO [41/500] 1d525b39-05e9-4738-9cea-f2dd2449df23: valid; 2.8 s; peak memory 812 MiB.
2026-09-29T11:45:53Z WARNING 1d5268c4-acf3-4267-86e5-a2dcea378c3a: failed while retrieving asset information from the DANDI API (NotFoundError: No asset at path 'sub-724172/sub-724172_ses-724172-2024-10-03-11-02-57-json.nwb' in version 0.260928.2230. Verify the path is correct and the asset exists in this version. Use 'dandi ls' to list available assets.)
2026-09-29T11:45:55Z INFO [43/500] 1d526fd7-558a-4658-a059-bd4672bda0c5: valid; 1.3 s; peak memory 812 MiB.
2026-09-29T11:45:57Z INFO [44/500] 1d52d4e1-e0d8-4daa-90f3-d2c1013668e4: valid; 2.1 s; peak memory 812 MiB.
2026-09-29T11:45:59Z INFO [45/500] 1d53324e-3bc2-47f5-91f2-3af51f4179e3: valid; 2.0 s; peak memory 812 MiB.
2026-09-29T11:46:00Z INFO [46/500] 1d53a1d9-cc90-46a7-bfd7-0c92362ffe2c: valid; 1.5 s; peak memory 812 MiB.
2026-09-29T11:46:02Z INFO [47/500] 1d53cb49-57db-44d5-a86e-4299ffeabf77: not valid; 1.6 s; peak memory 812 MiB.
2026-09-29T11:46:04Z INFO [48/500] 1d54360b-1b7f-41a9-8465-0d126836641f: valid; 2.6 s; peak memory 816 MiB.
2026-09-29T11:46:05Z INFO [49/500] 1d547244-5d5f-43eb-9210-f516ca367a5d: not valid; 1.1 s; peak memory 816 MiB.
2026-09-29T11:46:06Z WARNING 1d548692-b16c-4906-9249-2bbbd4c434e8: failed while retrieving asset information from the DANDI API (NotFoundError: No such Dandiset: 000948)
2026-09-29T11:46:06Z INFO [50/500] 1d548692-b16c-4906-9249-2bbbd4c434e8: checkpointed 84060 records.
2026-09-29T11:46:08Z INFO [51/500] 1d54b24d-5e5b-4e99-bd46-b80fc64b6cf4: valid; 1.6 s; peak memory 816 MiB.
2026-09-29T11:46:09Z INFO [52/500] 1d54b7c3-c774-4e44-87de-8e3ba1cb1f98: valid; 1.5 s; peak memory 816 MiB.
2026-09-29T11:46:11Z INFO [53/500] 1d5597b7-03ad-404e-833e-f33315c6bdf7: valid; 2.2 s; peak memory 817 MiB.
2026-09-29T11:46:13Z INFO [54/500] 1d55ac2f-9fa9-4234-9d3d-56b4a8d7b319: valid; 2.0 s; peak memory 817 MiB.
2026-09-29T11:46:15Z INFO [55/500] 1d55f9e4-f2a5-4870-88da-666cc14bc447: valid; 1.4 s; peak memory 817 MiB.
2026-09-29T11:46:17Z INFO [56/500] 1d573d6a-d9ac-4c72-885d-0cfba135999a: valid; 2.3 s; peak memory 817 MiB.
2026-09-29T11:46:19Z INFO [57/500] 1d575967-5ffe-40d2-820e-cfd65c92a0eb: not valid; 2.2 s; peak memory 817 MiB.
2026-09-29T11:46:37Z INFO [58/500] 1d57b654-76ac-4b77-8132-72d3568cde39: valid; 18.1 s; peak memory 843 MiB.
2026-09-29T11:46:40Z INFO [59/500] 1d57be3d-0f67-4df0-8608-673de9d3651a: valid; 2.4 s; peak memory 846 MiB.
2026-09-29T11:46:45Z INFO [60/500] 1d582b01-0c9e-4348-aaa1-d11cb8738b21: valid; 5.3 s; peak memory 848 MiB.
2026-09-29T11:46:48Z INFO [61/500] 1d58387d-ad61-47a7-9628-49e77e8f9999: valid; 3.1 s; peak memory 848 MiB.
2026-09-29T11:46:50Z INFO [62/500] 1d589199-d5ce-4363-8935-5a28fc206651: valid; 1.6 s; peak memory 849 MiB.
2026-09-29T11:46:52Z INFO [63/500] 1d59ff0e-12af-4c06-8483-d36b2fde10fb: valid; 2.2 s; peak memory 855 MiB.
2026-09-29T11:46:53Z INFO [64/500] 1d5a5c41-0d79-4b08-a2bc-f18b5ef3ce3d: not valid; 1.4 s; peak memory 859 MiB.
2026-09-29T11:46:55Z INFO [65/500] 1d5a96fd-3a83-43e7-b4a9-b937df250744: valid; 1.5 s; peak memory 860 MiB.
2026-09-29T11:46:56Z INFO [66/500] 1d5aa35e-672b-4c42-b9ce-b964fbbf98fb: valid; 1.4 s; peak memory 860 MiB.
2026-09-29T11:46:59Z INFO [67/500] 1d5abe7b-ed61-47f6-84a4-9ebb5fb3cc74: valid; 2.7 s; peak memory 860 MiB.
2026-09-29T11:47:01Z INFO [68/500] 1d5b5e0e-8580-45b2-a840-32ae29a04866: not valid; 2.0 s; peak memory 861 MiB.
2026-09-29T11:47:04Z INFO [69/500] 1d5be787-a931-4a28-ac7f-0fd94f561045: not valid; 2.6 s; peak memory 863 MiB.
2026-09-29T11:47:05Z INFO [70/500] 1d5be81a-20c2-44ef-85f2-53c2c9454bd2: valid; 1.5 s; peak memory 863 MiB.
2026-09-29T11:47:06Z INFO [71/500] 1d5cfe53-3ca5-4b82-8150-07ee1228d79b: valid; 1.1 s; peak memory 863 MiB.
2026-09-29T11:47:10Z INFO [72/500] 1d5d07fa-2060-4962-970c-8f8dd80255fe: valid; 3.5 s; peak memory 863 MiB.
2026-09-29T11:47:21Z INFO [73/500] 1d5d5054-c764-46dc-b7ca-a6ad5b8de16c: valid; 11.3 s; peak memory 1086 MiB.
2026-09-29T11:47:24Z INFO [74/500] 1d5d6811-565c-4e85-8144-166ad80df624: valid; 2.4 s; peak memory 1086 MiB.
2026-09-29T11:47:26Z INFO [75/500] 1d5eaaec-3dd9-427b-8dd7-ae0a10167bdf: valid; 2.8 s; peak memory 1086 MiB.
2026-09-29T11:47:27Z INFO [76/500] 1d5ec7ea-301a-49b1-a68e-5f3dcda1ca96: valid; 1.1 s; peak memory 1086 MiB.
2026-09-29T11:47:29Z INFO [77/500] 1d5ed6c0-2523-45ef-b1a9-8e20e3bbd6ec: valid; 2.1 s; peak memory 1086 MiB.
2026-09-29T11:47:31Z INFO [78/500] 1d5f8e7f-4c56-4b21-aa2e-1c89e78beaa4: valid; 1.3 s; peak memory 1086 MiB.
2026-09-29T11:47:32Z INFO [79/500] 1d5fb413-f8a4-4f1a-bd07-420c8fbe85d3: valid; 1.5 s; peak memory 1086 MiB.
2026-09-29T11:47:34Z INFO [80/500] 1d5fde82-c72e-4d33-9375-afabaafe1df4: not valid; 1.6 s; peak memory 1086 MiB.
2026-09-29T11:47:37Z INFO [81/500] 1d613cf1-8fb7-4caa-bf93-73f06c2085eb: valid; 3.1 s; peak memory 1086 MiB.
2026-09-29T11:47:40Z INFO [82/500] 1d622e66-eecc-4843-9f05-ee18fa0a3fbc: not valid; 2.8 s; peak memory 1086 MiB.
2026-09-29T11:47:42Z INFO [83/500] 1d62399a-415d-457b-9b1d-60660973584a: valid; 1.8 s; peak memory 1086 MiB.
2026-09-29T11:47:42Z WARNING 1d6270e9-0b33-4150-843e-86a145b92cd9: failed while retrieving asset information from the DANDI API (NotFoundError: No asset at path 'sub-714626/sub-714626_ses-1327655771_probe-5_ecephys.nwb' in version 0.250311.2145. Verify the path is correct and the asset exists in this version. Use 'dandi ls' to list available assets.)
2026-09-29T11:47:53Z INFO [85/500] 1d62ddea-b5fd-4bba-8a82-1aec2dd8feee: valid; 11.2 s; peak memory 1086 MiB.
2026-09-29T11:47:56Z INFO [86/500] 1d633ead-e611-483a-9062-98085250f740: valid; 3.0 s; peak memory 1086 MiB.
2026-09-29T11:48:04Z INFO [87/500] 1d635f26-413f-48cb-baa9-7c43a9b23390: valid; 8.7 s; peak memory 1086 MiB.
2026-09-29T11:48:08Z INFO [88/500] 1d63f825-ec5e-4c41-a1e0-5e09e6eba7fe: valid; 3.1 s; peak memory 1086 MiB.
2026-09-29T11:48:09Z INFO [89/500] 1d644125-1a62-4b53-8325-6ac6c9e5e412: not valid; 1.1 s; peak memory 1086 MiB.
2026-09-29T11:48:24Z INFO [90/500] 1d6454fa-e661-4c04-98f1-2f9a4749afe3: valid; 15.7 s; peak memory 1149 MiB.
2026-09-29T11:48:27Z INFO [91/500] 1d649f55-5c71-4292-84cd-1fb4614b0807: valid; 2.5 s; peak memory 1161 MiB.
2026-09-29T11:48:29Z INFO [92/500] 1d64e925-162b-442e-9f18-808c0bd99b86: valid; 2.3 s; peak memory 1164 MiB.
2026-09-29T11:48:31Z INFO [93/500] 1d6521e5-3a7d-4459-8693-65511343ef12: valid; 1.9 s; peak memory 1164 MiB.
2026-09-29T11:48:33Z INFO [94/500] 1d673d62-f186-4e45-9c08-85ee5a4ce2cb: valid; 1.4 s; peak memory 1164 MiB.
2026-09-29T11:48:37Z INFO [95/500] 1d6808b8-36b2-4b63-94c1-0404eeb82a91: valid; 4.0 s; peak memory 1164 MiB.
2026-09-29T11:48:40Z INFO [96/500] 1d688865-bffe-41db-8e72-0430a00aa6ca: valid; 3.2 s; peak memory 1164 MiB.
2026-09-29T11:48:41Z INFO [97/500] 1d68a9b4-effd-4fff-8993-25aef963692b: valid; 1.3 s; peak memory 1164 MiB.
2026-09-29T11:48:43Z INFO [98/500] 1d68bcbf-30c7-42bc-b1cb-b909a0974213: valid; 1.5 s; peak memory 1164 MiB.
2026-09-29T11:48:46Z INFO [99/500] 1d68f6e6-f25a-4927-8156-d420bcb20340: valid; 3.2 s; peak memory 1164 MiB.
2026-09-29T11:48:48Z INFO [100/500] 1d697d04-9a3e-4d39-b4f2-d3d9b3f4dd18: not valid; 2.2 s; peak memory 1164 MiB.
2026-09-29T11:48:48Z INFO [100/500] 1d697d04-9a3e-4d39-b4f2-d3d9b3f4dd18: checkpointed 84110 records.
2026-09-29T11:48:52Z INFO [101/500] 1d69f860-3cd4-4e53-a521-f9ba4b2e5a77: valid; 3.8 s; peak memory 1164 MiB.
2026-09-29T11:49:03Z INFO [102/500] 1d6a05ce-8c45-45af-af5d-425c2eb7e1ce: valid; 11.1 s; peak memory 1164 MiB.
2026-09-29T11:49:06Z INFO [103/500] 1d6a6751-e7e5-416d-a077-82ba6cd0feb6: valid; 2.2 s; peak memory 1164 MiB.
2026-09-29T11:49:18Z INFO [104/500] 1d6ac403-9fc3-4dfc-bf08-17d336bd704b: not valid; 13.0 s; peak memory 1165 MiB.
2026-09-29T11:49:20Z INFO [105/500] 1d6b1aac-87e2-4c9c-88a9-1b3e2a2b65b7: valid; 1.7 s; peak memory 1165 MiB.
2026-09-29T11:49:23Z INFO [106/500] 1d6b2d1b-e5ff-4ec0-a7a0-b930cbda61f4: valid; 2.4 s; peak memory 1174 MiB.
2026-09-29T11:49:24Z INFO [107/500] 1d6b46c3-4536-4075-9e6b-542953d615d4: valid; 1.9 s; peak memory 1174 MiB.
2026-09-29T11:49:30Z INFO [108/500] 1d6b5f46-ee9e-4a9b-af30-2e39b1b8c45c: not valid; 5.2 s; peak memory 1174 MiB.
2026-09-29T11:49:32Z INFO [109/500] 1d6b7add-d925-4f42-a436-8d7867b9ad5f: not valid; 2.0 s; peak memory 1174 MiB.
2026-09-29T11:49:44Z INFO [110/500] 1d6ba10e-2a82-4c7d-8e52-0f58f48fde45: valid; 12.8 s; peak memory 1174 MiB.
2026-09-29T11:49:55Z INFO [111/500] 1d6be3eb-9563-494b-bff8-272e81e5fdd8: valid; 10.6 s; peak memory 1177 MiB.
2026-09-29T11:49:59Z INFO [112/500] 1d6c511a-c333-431d-95af-9d761a3b3500: valid; 3.5 s; peak memory 1179 MiB.
2026-09-29T11:50:01Z INFO [113/500] 1d6c6e84-0d2f-4f30-9f61-87cc73616120: valid; 2.0 s; peak memory 1179 MiB.
2026-09-29T11:50:02Z INFO [114/500] 1d6c7e4a-dc1e-409b-8707-a6ade2e073e5: not valid; 1.5 s; peak memory 1179 MiB.
2026-09-29T11:50:15Z INFO [115/500] 1d6cac8d-ca41-4927-a2fc-7c73303f580b: valid; 12.8 s; peak memory 1240 MiB.
2026-09-29T11:50:28Z INFO [116/500] 1d6d925d-24f5-48f2-aaf9-6d7f02aa047b: valid; 12.6 s; peak memory 1243 MiB.
2026-09-29T11:50:30Z INFO [117/500] 1d6e8847-ba26-44a3-be5c-140dfb41762f: valid; 2.5 s; peak memory 1249 MiB.
2026-09-29T11:50:33Z INFO [118/500] 1d6eaa52-34cb-49fe-ad33-54753b54c6a9: valid; 3.4 s; peak memory 1250 MiB.
2026-09-29T11:50:37Z INFO [119/500] 1d70a664-fc5e-4801-875f-a40668652bb4: not valid; 3.4 s; peak memory 1250 MiB.
2026-09-29T11:50:40Z INFO [120/500] 1d70c231-a433-4648-8b66-61cde326a7f6: valid; 2.8 s; peak memory 1250 MiB.
2026-09-29T11:50:51Z INFO [121/500] 1d710ca9-ef93-41fb-adf3-4aa2b274da03: valid; 11.5 s; peak memory 1254 MiB.
2026-09-29T11:50:52Z INFO [122/500] 1d718573-2b50-43b2-a559-27783ab81deb: valid; 1.4 s; peak memory 1255 MiB.
2026-09-29T11:50:55Z INFO [123/500] 1d71b910-7144-4e68-80fc-89aef0e1a24d: not valid; 2.1 s; peak memory 1257 MiB.
2026-09-29T11:51:00Z INFO [124/500] 1d71cc0c-b89e-4a57-b000-1167f57bc6aa: not valid; 4.9 s; peak memory 1277 MiB.
2026-09-29T11:51:01Z INFO [125/500] 1d72bf34-677a-4fd0-a850-ccb2be8b484f: not valid; 1.9 s; peak memory 1277 MiB.
2026-09-29T11:51:04Z INFO [126/500] 1d72dd64-4218-413a-a922-79ff847f9e2b: valid; 2.1 s; peak memory 1277 MiB.
2026-09-29T11:51:11Z INFO [127/500] 1d734781-d93d-4e77-aaf8-9a2127f0be7b: valid; 7.7 s; peak memory 1277 MiB.
2026-09-29T11:51:13Z INFO [128/500] 1d7358cb-c5c1-4f46-bb69-d50606c6d880: valid; 1.4 s; peak memory 1277 MiB.
2026-09-29T11:51:15Z INFO [129/500] 1d73ae6f-0546-44a3-a79e-09e5b0a2c3c3: valid; 2.0 s; peak memory 1279 MiB.
2026-09-29T11:51:16Z INFO [130/500] 1d73f19f-060f-4c67-a764-e2e6ceeb6b48: valid; 1.5 s; peak memory 1280 MiB.
2026-09-29T11:51:26Z INFO [131/500] 1d7427ef-c71b-4525-ac37-400653099061: valid; 9.6 s; peak memory 1318 MiB.
2026-09-29T11:51:27Z INFO [132/500] 1d74388c-4ffc-411d-8b88-602253de4fa1: not valid; 1.6 s; peak memory 1322 MiB.
2026-09-29T11:51:30Z INFO [133/500] 1d744aed-9c35-4b43-b2bb-2652c542958c: not valid; 2.6 s; peak memory 1326 MiB.
2026-09-29T11:51:32Z WARNING 1d7468bc-9873-438f-9b10-03d2cd9718bc: failed while opening the NWB file (ConstructError: (root/acquisition/_iblmic_audioSpectrogram/bands GroupBuilder {'attributes': {'colnames': array(['freq'], dtype=object), 'description': 'spectogram frequencies', 'namespace': 'core', 'neurodata_type': 'FrequencyBandsTable', 'object_id': 'b064ff9b-4b67-45e4-af60-81795163e4af'}, 'groups': {}, 'datasets': {'freq': root/acquisition/_iblmic_audioSpectrogram/bands/freq DatasetBuilder {'attributes': {'description': 'frequency value', 'namespace': 'hdmf-common', 'neurodata_type': 'VectorData', 'object_id': 'ccc52907-bae6-4c14-9da0-92707c99c241'}, 'data': <HDF5 dataset "freq": shape (257,), type "<f4">}, 'id': root/acquisition/_iblmic_audioSpectrogram/bands/id DatasetBuilder {'attributes': {'namespace': 'hdmf-common', 'neurodata_type': 'ElementIdentifiers', 'object_id': '56cc4370-cbf2-4e27-90b2-c8b84ccf02a4'}, 'data': <HDF5 dataset "id": shape (257,), type "<i4">}}, 'links': {}}, "Could not construct FrequencyBandsTable object due to: column must have the same number of rows as 'id'"))
2026-09-29T11:51:34Z INFO [135/500] 1d750540-a536-470c-9575-b7a49dd8ade8: valid; 1.5 s; peak memory 1326 MiB.
2026-09-29T11:51:35Z INFO [136/500] 1d7508e8-9fa6-485c-92c3-ced520d94e70: valid; 1.4 s; peak memory 1326 MiB.
2026-09-29T11:51:36Z INFO [137/500] 1d753699-cd5b-4de3-a919-0c087b2da245: valid; 1.4 s; peak memory 1326 MiB.
2026-09-29T11:51:39Z INFO [138/500] 1d756f1c-edc2-4a8c-920c-b7abb0ebea9e: valid; 2.8 s; peak memory 1326 MiB.
2026-09-29T11:51:40Z INFO [139/500] 1d7576d3-a947-4784-aa96-8f90df09ffa1: valid; 1.3 s; peak memory 1326 MiB.
2026-09-29T11:51:44Z INFO [140/500] 1d7598dc-edca-425a-9562-7158fc95661d: not valid; 3.5 s; peak memory 1326 MiB.
2026-09-29T11:51:47Z INFO [141/500] 1d75a502-223e-45db-b46c-e37a350028f6: valid; 2.6 s; peak memory 1332 MiB.
2026-09-29T11:51:49Z INFO [142/500] 1d75a5a1-bf3e-4aba-908a-f8406083064f: not valid; 2.2 s; peak memory 1332 MiB.
2026-09-29T11:51:50Z INFO [143/500] 1d76f3df-aab6-4f04-9e58-f509fcf6d77d: valid; 1.4 s; peak memory 1332 MiB.
2026-09-29T11:51:52Z INFO [144/500] 1d77512e-34bc-4924-b84f-6e950771d0fd: not valid; 1.7 s; peak memory 1332 MiB.
2026-09-29T11:51:53Z INFO [145/500] 1d77ac9a-804c-4035-8e87-6ee78cd5108b: valid; 1.5 s; peak memory 1332 MiB.
2026-09-29T11:51:55Z INFO [146/500] 1d784572-d1e1-41cf-b6ea-fbd60982c115: valid; 2.1 s; peak memory 1332 MiB.
2026-09-29T11:51:58Z INFO [147/500] 1d78aa67-90f3-4e8d-a10d-bcf8e75d221a: valid; 3.0 s; peak memory 1332 MiB.
2026-09-29T11:52:03Z INFO [148/500] 1d790c5e-8270-4575-b921-13c12ee5f5d3: valid; 4.3 s; peak memory 1338 MiB.
2026-09-29T11:52:05Z INFO [149/500] 1d796c9b-bc34-4f6b-9407-17dbd33be6da: not valid; 2.2 s; peak memory 1343 MiB.
2026-09-29T11:52:13Z INFO [150/500] 1d7a21d6-2013-4628-a9a1-86454cef8172: valid; 8.5 s; peak memory 1364 MiB.
2026-09-29T11:52:14Z INFO [150/500] 1d7a21d6-2013-4628-a9a1-86454cef8172: checkpointed 84160 records.
2026-09-29T11:52:16Z INFO [151/500] 1d7a8056-297d-4547-a684-f917ddfc2f0b: not valid; 2.1 s; peak memory 1366 MiB.
2026-09-29T11:52:30Z INFO [152/500] 1d7b8279-14b8-409b-90e4-6f4bb5c93e49: valid; 13.8 s; peak memory 1387 MiB.
2026-09-29T11:52:32Z INFO [153/500] 1d7bc871-fc6f-421c-9bc2-92ef2b5d6b27: valid; 2.0 s; peak memory 1389 MiB.
2026-09-29T11:52:33Z INFO [154/500] 1d7c5296-d093-4d98-85a4-6883f1702b21: valid; 1.3 s; peak memory 1391 MiB.
2026-09-29T11:52:35Z INFO [155/500] 1d7c8be6-eae1-4f51-a3d8-a241f8cd0289: valid; 1.6 s; peak memory 1394 MiB.
2026-09-29T11:52:47Z INFO [156/500] 1d7ce8c9-b150-43a5-9a9e-8c9251bdfef9: valid; 12.1 s; peak memory 1448 MiB.
2026-09-29T11:52:51Z INFO [157/500] 1d7dc8bf-c7cd-46fe-9c16-eb76a1228680: valid; 3.8 s; peak memory 1456 MiB.
2026-09-29T11:53:00Z INFO [158/500] 1d7e8344-7099-47f0-932e-f4c7621152c0: valid; 9.3 s; peak memory 1507 MiB.
2026-09-29T11:53:08Z INFO [159/500] 1d7f318a-9d8f-4416-b44f-c54f5747176c: valid; 7.7 s; peak memory 1540 MiB.
2026-09-29T11:53:11Z INFO [160/500] 1d7f4c7e-4395-494c-b7b4-b25090992267: valid; 3.6 s; peak memory 1547 MiB.
2026-09-29T11:53:13Z INFO [161/500] 1d7fa6c3-190d-442e-aa41-7dce971bbf7b: not valid; 2.0 s; peak memory 1547 MiB.
2026-09-29T11:53:15Z INFO [162/500] 1d7fc91b-a00c-4050-8570-e37b2aea8d5a: valid; 2.1 s; peak memory 1547 MiB.
2026-09-29T11:53:17Z INFO [163/500] 1d7fdf30-2284-4329-ac16-59307d54401b: valid; 1.4 s; peak memory 1547 MiB.
2026-09-29T11:53:19Z INFO [164/500] 1d80a8cc-1f02-4530-9532-36fe125894b9: not valid; 1.8 s; peak memory 1547 MiB.
2026-09-29T11:53:20Z INFO [165/500] 1d819d78-4596-41ec-8f1f-951d8b852c4c: valid; 1.4 s; peak memory 1547 MiB.
2026-09-29T11:53:28Z INFO [166/500] 1d81de90-bb86-4ce8-a400-98591f8707a4: valid; 8.6 s; peak memory 1548 MiB.
2026-09-29T11:53:37Z INFO [167/500] 1d81e01f-a073-4bf5-8553-677acac0af01: valid; 8.2 s; peak memory 1548 MiB.
2026-09-29T11:53:38Z INFO [168/500] 1d81ea64-9404-465c-98ce-12708cb97a0e: valid; 1.4 s; peak memory 1548 MiB.
2026-09-29T11:53:40Z INFO [169/500] 1d81f79f-fb05-436f-ae97-ace540520119: valid; 2.2 s; peak memory 1548 MiB.
2026-09-29T11:53:42Z INFO [170/500] 1d823e46-f223-491b-ae52-d65b867a0ec8: valid; 2.1 s; peak memory 1548 MiB.
2026-09-29T11:53:44Z INFO [171/500] 1d82aba8-f176-4b47-a2d4-36910693b048: valid; 1.4 s; peak memory 1548 MiB.
2026-09-29T11:53:45Z INFO [172/500] 1d83799b-0815-4e35-9ec1-dd5f20ffe031: valid; 1.1 s; peak memory 1548 MiB.
2026-09-29T11:53:47Z INFO [173/500] 1d85a177-5b31-45a0-9feb-5372c32e75d3: valid; 2.3 s; peak memory 1548 MiB.
2026-09-29T11:53:49Z INFO [174/500] 1d8633ce-3c34-4af6-ab97-62b5f07ff397: not valid; 1.5 s; peak memory 1548 MiB.
2026-09-29T11:54:04Z INFO [175/500] 1d86df76-3bb3-421c-9d95-02f6db042fc2: valid; 15.3 s; peak memory 1553 MiB.
2026-09-29T11:54:08Z INFO [176/500] 1d86e34e-9340-4674-8950-764e1c450483: not valid; 3.7 s; peak memory 1561 MiB.
2026-09-29T11:54:10Z INFO [177/500] 1d8714a5-31a2-4be4-a4d8-fe26d097d8a6: not valid; 2.1 s; peak memory 1565 MiB.
2026-09-29T11:54:58Z INFO [178/500] 1d87237c-2ee0-4212-9731-c27125634745: valid; 47.8 s; peak memory 1855 MiB.
2026-09-29T11:55:03Z INFO [179/500] 1d873e66-f656-4dcb-b926-46068491f5c4: not valid; 5.1 s; peak memory 1869 MiB.
2026-09-29T11:55:06Z INFO [180/500] 1d87bd32-315a-4f1e-9e74-24f3fcdeb4e1: valid; 3.1 s; peak memory 1893 MiB.
2026-09-29T11:55:10Z INFO [181/500] 1d889599-abfa-4f1a-865f-b499c9c695d1: valid; 4.2 s; peak memory 1893 MiB.
2026-09-29T11:55:19Z INFO [182/500] 1d88a99f-53be-4b78-963b-c308836ef1bb: valid; 9.3 s; peak memory 1895 MiB.
2026-09-29T11:55:21Z INFO [183/500] 1d892e63-8c7a-4aad-997b-f197d88dfc33: valid; 2.0 s; peak memory 1895 MiB.
2026-09-29T11:55:24Z INFO [184/500] 1d898af5-0699-414b-a3ed-f3f85b52093b: valid; 2.3 s; peak memory 1895 MiB.
2026-09-29T11:55:28Z INFO [185/500] 1d89953a-09a8-4fe8-b454-224d06bc6454: valid; 4.4 s; peak memory 1895 MiB.
2026-09-29T11:55:29Z INFO [186/500] 1d89bdbe-4576-470c-96a2-43d3e05e1214: valid; 1.4 s; peak memory 1895 MiB.
2026-09-29T11:55:31Z INFO [187/500] 1d8a1df7-08c5-4e1c-9737-4344b2365693: not valid; 2.0 s; peak memory 1895 MiB.
2026-09-29T11:55:40Z INFO [188/500] 1d8a6b60-df0b-4d89-8f81-d5279d9b9ebe: valid; 9.2 s; peak memory 1895 MiB.
2026-09-29T11:55:53Z INFO [189/500] 1d8aafbf-7db6-4c50-ac40-c6a4033fca39: valid; 12.1 s; peak memory 1895 MiB.
2026-09-29T11:55:55Z INFO [190/500] 1d8b3392-c817-48f3-b58f-8901b2398599: valid; 2.0 s; peak memory 1895 MiB.
2026-09-29T11:55:57Z INFO [191/500] 1d8c247f-32c3-4bc7-9ac1-41fcaa608d5a: not valid; 1.9 s; peak memory 1895 MiB.
2026-09-29T11:56:04Z WARNING 1d8c42b2-9027-48dc-acaf-3daade0f4777: failed while opening the NWB file (ValueError: Cannot resolve included group spec 'electrodes' with data_type_inc 'ElectrodesTable' because a group spec with the same name already exists with data_type_inc 'DynamicTable', and data type 'DynamicTable' is not a child type of data type 'ElectrodesTable'.)
2026-09-29T11:56:06Z INFO [193/500] 1d8c46cd-a534-47fb-ac14-4292b0621026: valid; 1.6 s; peak memory 1895 MiB.
2026-09-29T11:56:07Z INFO [194/500] 1d8d46d4-6689-42b5-a35a-31957a77d011: not valid; 1.6 s; peak memory 1895 MiB.
2026-09-29T11:56:09Z INFO [195/500] 1d8d788d-09ae-4613-ac06-303d771f51f7: valid; 1.5 s; peak memory 1895 MiB.
2026-09-29T11:56:11Z INFO [196/500] 1d8d8d02-562f-4cdb-a986-5a2f1445c77b: not valid; 1.8 s; peak memory 1895 MiB.
2026-09-29T11:56:13Z INFO [197/500] 1d8d98bd-ff4e-47e8-98f0-4347af4fe947: valid; 2.2 s; peak memory 1895 MiB.
2026-09-29T11:56:15Z INFO [198/500] 1d8e1cdd-d996-4f9c-82c7-7ca9fa521f40: valid; 2.4 s; peak memory 1895 MiB.
2026-09-29T11:56:17Z INFO [199/500] 1d8f3921-bc8c-423f-97e4-105aafa70ccf: not valid; 2.0 s; peak memory 1895 MiB.
2026-09-29T11:56:23Z INFO [200/500] 1d8feb76-61c3-4a1f-aa42-6bf7e1459836: not valid; 5.6 s; peak memory 1895 MiB.
2026-09-29T11:56:23Z INFO [200/500] 1d8feb76-61c3-4a1f-aa42-6bf7e1459836: checkpointed 84210 records.
2026-09-29T11:56:28Z INFO [201/500] 1d902be6-6e3b-4d38-aca0-a4c72da61d12: valid; 4.4 s; peak memory 1895 MiB.
2026-09-29T11:56:30Z INFO [202/500] 1d91d1d9-aa2d-48bc-ab77-154150399974: valid; 2.0 s; peak memory 1895 MiB.
2026-09-29T11:56:31Z INFO [203/500] 1d91f15a-ce18-498d-9ab8-15b054035454: valid; 1.0 s; peak memory 1895 MiB.
2026-09-29T11:56:33Z INFO [204/500] 1d92773e-0ab2-47a4-967c-235823ea52f3: not valid; 2.0 s; peak memory 1895 MiB.
2026-09-29T11:56:36Z INFO [205/500] 1d92799d-a045-40df-917b-9db4a38c1e19: valid; 3.3 s; peak memory 1895 MiB.
2026-09-29T11:56:38Z INFO [206/500] 1d92b611-877e-471a-9698-fa22ddcd7c99: valid; 1.7 s; peak memory 1895 MiB.
2026-09-29T11:57:02Z INFO [207/500] 1d92ee49-3059-4dee-b74e-67b55cceae8a: not valid; 24.1 s; peak memory 1895 MiB.
2026-09-29T11:57:04Z INFO [208/500] 1d933906-c5cb-47db-9e14-0ed0c37e90b5: valid; 2.4 s; peak memory 1895 MiB.
2026-09-29T11:57:07Z INFO [209/500] 1d935650-db01-4edc-804c-1cd17d008d1e: valid; 2.3 s; peak memory 1895 MiB.
2026-09-29T11:57:09Z INFO [210/500] 1d93dcfd-a984-4260-b382-c31455397f26: valid; 2.3 s; peak memory 1895 MiB.
2026-09-29T11:57:12Z INFO [211/500] 1d94126b-f500-4111-bc6c-ed29c8de16b4: valid; 2.8 s; peak memory 1895 MiB.
2026-09-29T11:57:15Z INFO [212/500] 1d94c5c0-36a6-459e-a7cb-8292142ea45d: valid; 3.3 s; peak memory 1895 MiB.
2026-09-29T11:57:16Z INFO [213/500] 1d94f1aa-3a08-425e-b52a-71977babf1b3: valid; 1.1 s; peak memory 1895 MiB.
2026-09-29T11:57:18Z INFO [214/500] 1d94f728-3a5b-420c-8da3-9c147c728986: valid; 2.3 s; peak memory 1895 MiB.
2026-09-29T11:57:32Z INFO [215/500] 1d956344-61d2-44fe-8384-5cf6c42c88ff: valid; 13.4 s; peak memory 1896 MiB.
2026-09-29T11:57:34Z INFO [216/500] 1d95f47a-90be-4b87-bf0a-84f674179b21: valid; 1.9 s; peak memory 1897 MiB.
2026-09-29T11:57:35Z INFO [217/500] 1d96506f-15a1-4a25-be47-fa72c7f12846: valid; 1.4 s; peak memory 1897 MiB.
2026-09-29T11:57:42Z INFO [218/500] 1d96d7a1-9beb-4520-bd7f-0bd13fa58c61: not valid; 6.4 s; peak memory 2024 MiB.
2026-09-29T11:57:44Z INFO [219/500] 1d9790f4-3ead-403e-a871-47412101d81d: valid; 2.6 s; peak memory 2024 MiB.
2026-09-29T11:57:47Z INFO [220/500] 1d97efd3-152b-471d-9033-2e08589b8fe3: valid; 2.9 s; peak memory 2024 MiB.
2026-09-29T11:57:49Z INFO [221/500] 1d9800b2-e638-46c5-988e-acb6ce8f69de: not valid; 2.2 s; peak memory 2024 MiB.
2026-09-29T11:57:52Z INFO [222/500] 1d98b9ba-16d7-48d0-8ed1-37c0f03b68c7: valid; 2.4 s; peak memory 2024 MiB.
2026-09-29T11:57:54Z INFO [223/500] 1d9908f5-fbb6-4bfe-8a47-5c57a4be4a64: valid; 2.0 s; peak memory 2024 MiB.
2026-09-29T11:57:55Z INFO [224/500] 1d996bc2-de44-43f9-baf6-3277d5a6e05c: valid; 1.4 s; peak memory 2024 MiB.
2026-09-29T11:58:06Z INFO [225/500] 1d9ad242-b3ba-4538-9e03-1a1b3359f9b7: valid; 10.9 s; peak memory 2024 MiB.
2026-09-29T11:58:08Z INFO [226/500] 1d9adcc4-9610-40b4-90f8-cab5044a13c7: not valid; 2.0 s; peak memory 2024 MiB.
2026-09-29T11:58:28Z INFO [227/500] 1d9b02df-c3df-4e6e-b12d-71972b1e973a: valid; 20.0 s; peak memory 2024 MiB.
2026-09-29T11:58:30Z INFO [228/500] 1d9b96fd-631d-4949-9ca7-89345836eb37: valid; 1.7 s; peak memory 2024 MiB.
2026-09-29T11:58:32Z INFO [229/500] 1d9befb5-79e1-4aff-b99e-f799ea31b19c: valid; 2.3 s; peak memory 2024 MiB.
2026-09-29T11:58:42Z INFO [230/500] 1d9c6081-9f6c-404d-a5b2-d6847dc473e1: valid; 9.7 s; peak memory 2029 MiB.
2026-09-29T11:58:44Z INFO [231/500] 1d9c6a09-ede2-4f3f-bb90-ff77e6555b23: valid; 2.3 s; peak memory 2031 MiB.
2026-09-29T11:58:56Z INFO [232/500] 1d9cd2c0-adac-4259-b1c6-89d31b563d83: not valid; 12.0 s; peak memory 2055 MiB.
2026-09-29T11:58:59Z INFO [233/500] 1d9cd60a-2d9f-47dc-8a3a-8c29006120c8: valid; 3.4 s; peak memory 2056 MiB.
2026-09-29T11:59:20Z INFO [234/500] 1d9ce6c5-6b74-4ea3-84d0-bef08402f465: valid; 20.4 s; peak memory 2056 MiB.
2026-09-29T11:59:21Z INFO [235/500] 1d9d1445-1930-4860-80ef-cf9ef614e3c5: valid; 1.4 s; peak memory 2056 MiB.
2026-09-29T11:59:24Z INFO [236/500] 1d9d6405-d307-4dad-8cbb-68536afee9e6: valid; 2.6 s; peak memory 2056 MiB.
2026-09-29T11:59:24Z WARNING 1d9d7502-d8df-4df9-8f83-701419b39fc4: failed while retrieving asset information from the DANDI API (NotFoundError: No asset at path 'sub-M10/sub-M10_ses-TD1NoShock.nwb' in version 0.260902.1724. Verify the path is correct and the asset exists in this version. Use 'dandi ls' to list available assets.)
2026-09-29T11:59:26Z INFO [238/500] 1d9da12a-3a55-467a-baeb-7cab36a7c3b1: not valid; 2.0 s; peak memory 2056 MiB.
2026-09-29T11:59:28Z INFO [239/500] 1d9da68d-389e-475b-ac7f-29741c37a362: not valid; 2.0 s; peak memory 2056 MiB.
2026-09-29T11:59:29Z INFO [240/500] 1d9e8652-b927-44dc-82d3-26b3e911ecb6: valid; 1.4 s; peak memory 2056 MiB.
2026-09-29T11:59:41Z INFO [241/500] 1d9e970b-8c15-471e-bf25-9d39bcad9cf4: valid; 11.8 s; peak memory 2056 MiB.
2026-09-29T11:59:55Z INFO [242/500] 1d9f7668-c1d8-4203-8ae6-77548994a2a6: valid; 13.7 s; peak memory 2136 MiB.
2026-09-29T11:59:56Z INFO [243/500] 1da02dbb-09d5-45d9-bd29-0b48fcb70480: valid; 1.4 s; peak memory 2136 MiB.
2026-09-29T12:00:14Z INFO [244/500] 1da05b88-1710-4a0d-9e0a-da3627ebe9bf: not valid; 17.7 s; peak memory 2136 MiB.
2026-09-29T12:00:15Z INFO [245/500] 1da089ed-ea48-417c-b7ed-48853073a0b0: valid; 1.4 s; peak memory 2136 MiB.
2026-09-29T12:00:17Z INFO [246/500] 1da0ab11-0640-44cf-bc1d-7eb871de8577: valid; 2.3 s; peak memory 2136 MiB.
2026-09-29T12:00:20Z INFO [247/500] 1da0cf91-e2cd-4e63-88a1-a0cb8875517a: valid; 2.9 s; peak memory 2136 MiB.
2026-09-29T12:00:29Z INFO [248/500] 1da25bc1-a39a-4c4d-a4c5-452a00d416c2: valid; 8.2 s; peak memory 2136 MiB.
2026-09-29T12:00:42Z INFO [249/500] 1da279fe-62a5-46ff-b88b-7c880466ad9a: valid; 13.0 s; peak memory 2140 MiB.
2026-09-29T12:00:56Z INFO [250/500] 1da2ddec-0bd6-4a74-b981-90d3504b4e62: valid; 14.5 s; peak memory 2171 MiB.
2026-09-29T12:00:57Z INFO [250/500] 1da2ddec-0bd6-4a74-b981-90d3504b4e62: checkpointed 84260 records.
2026-09-29T12:00:58Z INFO [251/500] 1da33e6a-f58e-4f5a-80be-f623fc707a8d: valid; 1.1 s; peak memory 2174 MiB.
2026-09-29T12:00:59Z INFO [252/500] 1da4db93-bf2e-4724-90f8-13a5e8ea1012: valid; 1.5 s; peak memory 2174 MiB.
2026-09-29T12:01:01Z INFO [253/500] 1da55c96-3cfb-47fc-9e16-5429e3ef59f4: not valid; 1.8 s; peak memory 2174 MiB.
2026-09-29T12:01:04Z INFO [254/500] 1da5be43-6c13-4a71-b322-21bbd672b67c: valid; 3.3 s; peak memory 2175 MiB.
2026-09-29T12:01:07Z INFO [255/500] 1da68a17-aded-4de8-ac46-dbbd484ebcde: valid; 2.7 s; peak memory 2175 MiB.
2026-09-29T12:01:13Z INFO [256/500] 1da6adea-eaba-46f2-810c-c11f0cdf64f7: not valid; 6.3 s; peak memory 2175 MiB.
2026-09-29T12:01:16Z INFO [257/500] 1da6b537-af5e-4d7b-9600-e43df4e55c04: not valid; 3.1 s; peak memory 2175 MiB.
2026-09-29T12:01:18Z INFO [258/500] 1da76690-b676-4569-8fc5-43e161b7362e: not valid; 1.7 s; peak memory 2175 MiB.
2026-09-29T12:01:23Z INFO [259/500] 1da7766e-d2a2-4cb7-9e3c-6f1f5e8c59d8: valid; 4.5 s; peak memory 2175 MiB.
2026-09-29T12:01:25Z INFO [260/500] 1da7cc59-7346-45c8-a48d-3998570e7e9e: valid; 2.2 s; peak memory 2175 MiB.
2026-09-29T12:01:30Z INFO [261/500] 1da7e589-8987-46cb-96dc-19ee6916b975: valid; 5.0 s; peak memory 2176 MiB.
2026-09-29T12:01:40Z INFO [262/500] 1da7ed1d-1800-4066-b03d-194ce509a9d9: valid; 10.2 s; peak memory 2176 MiB.
2026-09-29T12:01:42Z INFO [263/500] 1da81064-c71c-4d01-be78-723e0074b1c2: valid; 2.1 s; peak memory 2176 MiB.
2026-09-29T12:01:44Z INFO [264/500] 1da864ac-5c15-4453-b12b-da79a010b059: not valid; 2.1 s; peak memory 2176 MiB.
2026-09-29T12:01:46Z INFO [265/500] 1da868d1-2622-49ec-91ec-80e2096fc04d: valid; 1.5 s; peak memory 2176 MiB.
2026-09-29T12:02:12Z INFO [266/500] 1da8b38b-5d41-4dfe-9525-61f85bb39c89: valid; 26.3 s; peak memory 2256 MiB.
2026-09-29T12:02:16Z INFO [267/500] 1da9a708-d0f6-44bf-aab8-6dd09170777e: valid; 4.1 s; peak memory 2263 MiB.
2026-09-29T12:02:17Z INFO [268/500] 1da9cb13-3069-4bf1-9c92-624298656391: not valid; 1.2 s; peak memory 2265 MiB.
2026-09-29T12:02:19Z INFO [269/500] 1da9f0d1-9994-4892-b416-b06ca8afb321: valid; 1.3 s; peak memory 2267 MiB.
2026-09-29T12:02:21Z INFO [270/500] 1daa4d84-d052-4e8f-a481-aa515f8714a1: valid; 2.2 s; peak memory 2276 MiB.
2026-09-29T12:02:33Z INFO [271/500] 1daa510b-af8a-4fbe-bd8e-32dc5f0b944f: valid; 12.6 s; peak memory 2286 MiB.
2026-09-29T12:02:35Z INFO [272/500] 1dab5281-63bf-4955-b4db-3541076e9628: valid; 1.5 s; peak memory 2288 MiB.
2026-09-29T12:02:36Z INFO [273/500] 1dab7faa-0f50-4a48-b290-e5224331ced3: valid; 1.1 s; peak memory 2291 MiB.
2026-09-29T12:02:37Z INFO [274/500] 1dac599f-471e-4975-9343-31004e41ec25: valid; 1.4 s; peak memory 2293 MiB.
2026-09-29T12:02:40Z INFO [275/500] 1dad003c-3677-4294-95fb-6b0cb5566e44: not valid; 2.4 s; peak memory 2295 MiB.
2026-09-29T12:02:48Z INFO [276/500] 1dad1f81-34b9-4d72-9905-5e4d695b8faa: valid; 8.5 s; peak memory 2307 MiB.
2026-09-29T12:02:51Z INFO [277/500] 1dad4e80-3660-4017-a079-40aff450866f: valid; 2.3 s; peak memory 2307 MiB.
2026-09-29T12:02:52Z INFO [278/500] 1dad5899-f742-4f37-818a-f1a571c5c7a5: valid; 1.4 s; peak memory 2307 MiB.
2026-09-29T12:02:54Z INFO [279/500] 1dadb1a5-4e3b-42b5-99ab-d048305da156: valid; 2.3 s; peak memory 2307 MiB.
2026-09-29T12:02:57Z INFO [280/500] 1dadc056-6e41-40e2-a000-f8fba6a23ee6: valid; 2.6 s; peak memory 2307 MiB.
2026-09-29T12:02:59Z INFO [281/500] 1dadf26e-994b-4b04-bee0-2ce68b4313f2: not valid; 2.6 s; peak memory 2307 MiB.
2026-09-29T12:03:02Z INFO [282/500] 1dadfc09-3571-466a-903d-8967a67f4262: valid; 2.1 s; peak memory 2307 MiB.
2026-09-29T12:03:02Z WARNING 1dae9f8c-0520-45bf-9149-23766c237d88: failed while retrieving asset information from the DANDI API (NotFoundError: No asset at path 'sub-07/sub-07_ses-20160305T103200_obj-1wdu15t_behavior+ecephys.nwb' in version 0.250815.1108. Verify the path is correct and the asset exists in this version. Use 'dandi ls' to list available assets.)
2026-09-29T12:03:03Z INFO [284/500] 1daec292-d9bb-4aed-b851-78d7af34e7d6: valid; 1.5 s; peak memory 2307 MiB.
2026-09-29T12:03:06Z INFO [285/500] 1dafe7db-1f6b-4c8d-aabc-23c92f3acb72: valid; 2.3 s; peak memory 2307 MiB.
2026-09-29T12:03:08Z INFO [286/500] 1db00230-eeaf-48b1-872e-17589f693e5a: valid; 2.3 s; peak memory 2307 MiB.
2026-09-29T12:03:10Z INFO [287/500] 1db0293e-ebd7-4f03-998f-727f1dde3501: valid; 2.1 s; peak memory 2307 MiB.
2026-09-29T12:03:12Z INFO [288/500] 1db0748a-a692-454b-9dfb-d0b7600e45f3: not valid; 2.3 s; peak memory 2307 MiB.
2026-09-29T12:03:14Z INFO [289/500] 1db104b5-f819-4537-981e-3e27cfd89282: valid; 2.1 s; peak memory 2307 MiB.
2026-09-29T12:03:16Z INFO [290/500] 1db108a1-868c-4fa9-a351-640434ac5226: not valid; 1.9 s; peak memory 2307 MiB.
2026-09-29T12:03:18Z INFO [291/500] 1db180d6-095f-442b-8329-ec7748e31ee4: valid; 1.5 s; peak memory 2307 MiB.
2026-09-29T12:03:20Z INFO [292/500] 1db28410-3736-4994-8343-c2b5aea299cd: not valid; 1.7 s; peak memory 2307 MiB.
2026-09-29T12:03:25Z INFO [293/500] 1db37dc0-7369-4344-8b41-02f5052eec5d: not valid; 5.2 s; peak memory 2307 MiB.
2026-09-29T12:03:32Z INFO [294/500] 1db38ba7-77fb-4747-b60c-75d11305f65f: valid; 7.1 s; peak memory 2307 MiB.
2026-09-29T12:03:34Z INFO [295/500] 1db3be7c-04ef-4d5f-922a-1c31c3657006: valid; 2.3 s; peak memory 2307 MiB.
2026-09-29T12:03:37Z INFO [296/500] 1db68184-d2e1-46c8-8bb2-48483bf6e391: valid; 2.6 s; peak memory 2307 MiB.
2026-09-29T12:03:38Z INFO [297/500] 1db6f60c-61be-4beb-a472-ed49816a2d3d: valid; 1.4 s; peak memory 2307 MiB.
2026-09-29T12:03:39Z INFO [298/500] 1db757be-5a74-42a2-9aae-01d27b83832f: valid; 1.4 s; peak memory 2307 MiB.
2026-09-29T12:03:44Z INFO [299/500] 1db84ccb-657e-4174-9b26-157044f25645: valid; 4.5 s; peak memory 2307 MiB.
2026-09-29T12:03:45Z INFO [300/500] 1db8a8f7-4691-4cb8-997f-086bd0664e37: valid; 1.5 s; peak memory 2307 MiB.
2026-09-29T12:03:46Z INFO [300/500] 1db8a8f7-4691-4cb8-997f-086bd0664e37: checkpointed 84310 records.
2026-09-29T12:03:48Z INFO [301/500] 1db8de94-0672-4ab5-b084-33df3274d60f: valid; 2.0 s; peak memory 2307 MiB.
2026-09-29T12:03:51Z WARNING 1dba1fe7-fff2-4d85-9167-38518528964f: failed while opening the NWB file (ConstructError: (root/general/optogenetics/PatternedOptogeneticStimulusSite GroupBuilder {'attributes': {'effector': 'GUR-3/PRDX-2', 'namespace': 'ndx-patterned-ogen', 'neurodata_type': 'PatternedOptogeneticStimulusSite', 'object_id': '99321e5e-c1d6-4f4d-8c4b-45ae0e859f43'}, 'groups': {}, 'datasets': {'description': root/general/optogenetics/PatternedOptogeneticStimulusSite/description DatasetBuilder {'attributes': {}, 'data': 'Scanning'}, 'excitation_lambda': root/general/optogenetics/PatternedOptogeneticStimulusSite/excitation_lambda DatasetBuilder {'attributes': {}, 'data': np.float64(850.0)}, 'location': root/general/optogenetics/PatternedOptogeneticStimulusSite/location DatasetBuilder {'attributes': {}, 'data': 'whole brain'}}, 'links': {'device': root/general/optogenetics/PatternedOptogeneticStimulusSite/device LinkBuilder {'builder': root/general/devices/OptogeneticDevice GroupBuilder {'attributes': {'description': '', 'namespace': 'core', 'neurodata_type': 'Device', 'object_id': '9ab09e13-cc61-43aa-aaf1-3a420bc98c70'}, 'groups': {}, 'datasets': {}, 'links': {}}}, 'light_source': root/general/optogenetics/PatternedOptogeneticStimulusSite/light_source LinkBuilder {'builder': root/general/devices/AmplifiedLaser GroupBuilder {'attributes': {'description': 'For two-photon optogenetic targeting, we used an optical parametric amplifier (OPA; Light Conversion ORPHEUS) pumped by a femtosecond amplified laser (Light Conversion PHAROS).', 'filter_description': 'Short pass at 1040 nm', 'manufacturer': 'Light Conversion', 'model': 'ORPHEUS amplifier and PHAROS laser', 'namespace': 'ndx-patterned-ogen', 'neurodata_type': 'LightSource', 'object_id': 'aa3cb97e-0125-48de-bfa8-821ed3a34e83', 'peak_power_in_W': np.float64(0.0012), 'pulse_rate_in_Hz': np.float64(500000.0), 'stimulation_wavelength_in_nm': np.float64(850.0)}, 'groups': {}, 'datasets': {}, 'links': {}}}}}, "Could not construct PatternedOptogeneticStimulusSite object due to: CustomClassGenerator.set_init.<locals>.__init__: incorrect type for 'spatial_light_modulator' (got 'list', expected 'Device')"))
2026-09-29T12:03:53Z INFO [303/500] 1dba8211-3af1-4c97-b672-bd868102e7e6: valid; 2.5 s; peak memory 2307 MiB.
2026-09-29T12:04:00Z INFO [304/500] 1dbaa11a-73b8-4184-900a-686cf560fe28: valid; 6.4 s; peak memory 2307 MiB.
2026-09-29T12:04:04Z INFO [305/500] 1dbb0207-31d5-4549-bb19-eae1b57c7494: valid; 4.5 s; peak memory 2307 MiB.
2026-09-29T12:04:52Z INFO [306/500] 1dbb24ef-8e74-48d4-a07a-dee8090f9fb5: valid; 47.8 s; peak memory 2447 MiB.
2026-09-29T12:04:54Z INFO [307/500] 1dbc99b8-c068-4c09-90bf-94390e6d9685: not valid; 2.0 s; peak memory 2447 MiB.
2026-09-29T12:04:56Z INFO [308/500] 1dbcc9aa-baa9-4ffb-b34a-3d845ecc801a: valid; 2.4 s; peak memory 2453 MiB.
2026-09-29T12:05:00Z INFO [309/500] 1dbe1169-c952-4fc9-914d-8e1a6cd02687: valid; 3.7 s; peak memory 2459 MiB.
2026-09-29T12:05:02Z INFO [310/500] 1dbe7250-2e1c-46ae-84c2-7a42e26e176a: valid; 1.5 s; peak memory 2460 MiB.
2026-09-29T12:05:10Z INFO [311/500] 1dbf074d-1a00-4c86-b5df-2ac4710ed7ba: valid; 8.0 s; peak memory 2496 MiB.
2026-09-29T12:05:12Z INFO [312/500] 1dbf96de-8f98-46d5-ba1b-082cd535324f: valid; 2.8 s; peak memory 2506 MiB.
2026-09-29T12:05:15Z INFO [313/500] 1dbf98da-8d10-4894-a412-f820b59ac1f7: valid; 2.2 s; peak memory 2512 MiB.
2026-09-29T12:05:19Z INFO [314/500] 1dbfd2f6-636b-46e5-b2e2-b632b2b673d4: not valid; 4.5 s; peak memory 2523 MiB.
2026-09-29T12:05:21Z INFO [315/500] 1dc18584-95d6-46a8-9e3b-ac56230c97b7: valid; 1.6 s; peak memory 2525 MiB.
2026-09-29T12:05:23Z INFO [316/500] 1dc186c1-8ff9-4801-9e77-1a8e8cd91416: valid; 2.2 s; peak memory 2533 MiB.
2026-09-29T12:05:24Z INFO [317/500] 1dc1a23b-df98-4597-8ade-705c829a1ecb: valid; 1.3 s; peak memory 2536 MiB.
2026-09-29T12:05:32Z INFO [318/500] 1dc1dad9-3d72-4343-9bf8-0d2a007d34c0: valid; 8.0 s; peak memory 2552 MiB.
2026-09-29T12:05:34Z INFO [319/500] 1dc1eb3c-e4f0-417c-b88f-de6cd3d34e48: valid; 2.2 s; peak memory 2552 MiB.
2026-09-29T12:05:39Z INFO [320/500] 1dc2029c-d022-41fe-afdc-235ac22f25b9: not valid; 4.3 s; peak memory 2552 MiB.
2026-09-29T12:05:41Z INFO [321/500] 1dc21d5e-e034-4bfa-9ca5-077e6ed7915b: not valid; 2.4 s; peak memory 2552 MiB.
2026-09-29T12:05:43Z INFO [322/500] 1dc22adb-39d4-4e28-9dcc-a03df621ef08: valid; 1.5 s; peak memory 2552 MiB.
2026-09-29T12:05:44Z INFO [323/500] 1dc24d72-0d0f-43c8-8b24-8bae85931528: valid; 1.4 s; peak memory 2552 MiB.
2026-09-29T12:05:46Z INFO [324/500] 1dc2e9a9-ae6d-471e-b7b7-4b684731b3de: valid; 1.4 s; peak memory 2552 MiB.
2026-09-29T12:05:57Z INFO [325/500] 1dc357df-f832-4bb7-98f9-047807f980bc: valid; 11.7 s; peak memory 2715 MiB.
2026-09-29T12:05:59Z INFO [326/500] 1dc372e0-ee9d-4cc6-9f58-1089e6dbf2ed: valid; 1.6 s; peak memory 2715 MiB.
2026-09-29T12:06:13Z INFO [327/500] 1dc389f7-c2ef-43b6-935a-ba75dcee8b6e: valid; 13.7 s; peak memory 2725 MiB.
2026-09-29T12:06:14Z INFO [328/500] 1dc38d1c-5b57-4ec3-884f-5283b3f03929: not valid; 1.6 s; peak memory 2725 MiB.
2026-09-29T12:06:17Z INFO [329/500] 1dc45975-bae1-4c65-919b-714fdf606de2: valid; 3.0 s; peak memory 2725 MiB.
2026-09-29T12:06:19Z INFO [330/500] 1dc48393-fa5d-4ba0-b5b2-c731e754a7d7: valid; 2.2 s; peak memory 2725 MiB.
2026-09-29T12:06:26Z INFO [331/500] 1dc4c9fd-62e8-47d9-9fb0-ffb6ccee6c82: valid; 6.9 s; peak memory 2725 MiB.
2026-09-29T12:06:31Z INFO [332/500] 1dc4e6cf-cc9d-46e1-92b5-eb659429682a: valid; 4.3 s; peak memory 2725 MiB.
2026-09-29T12:06:33Z INFO [333/500] 1dc5c5d8-16a0-41f1-bc89-08fd22640bc3: valid; 2.2 s; peak memory 2726 MiB.
2026-09-29T12:06:35Z WARNING 1dc5cfcf-5e46-447c-b9c5-85db747ef98e: failed while opening the NWB file (ConstructError: (root/acquisition/_iblmic_audioSpectrogram/bands GroupBuilder {'attributes': {'colnames': array(['freq'], dtype=object), 'description': 'spectogram frequencies', 'namespace': 'core', 'neurodata_type': 'FrequencyBandsTable', 'object_id': '78df11e6-aeb8-4670-b446-9a009e408b18'}, 'groups': {}, 'datasets': {'freq': root/acquisition/_iblmic_audioSpectrogram/bands/freq DatasetBuilder {'attributes': {'description': 'frequency value', 'namespace': 'hdmf-common', 'neurodata_type': 'VectorData', 'object_id': '56a1f296-755c-44a3-bdd7-cc349f5aad77'}, 'data': <HDF5 dataset "freq": shape (257,), type "<f4">}, 'id': root/acquisition/_iblmic_audioSpectrogram/bands/id DatasetBuilder {'attributes': {'namespace': 'hdmf-common', 'neurodata_type': 'ElementIdentifiers', 'object_id': '335737cb-add0-4151-9cb8-d1e0a3ed07ec'}, 'data': <HDF5 dataset "id": shape (257,), type "<i4">}}, 'links': {}}, "Could not construct FrequencyBandsTable object due to: column must have the same number of rows as 'id'"))
2026-09-29T12:06:37Z INFO [335/500] 1dc5e9cc-9ba5-4b90-ae9a-1553a5c8b7cc: valid; 2.2 s; peak memory 2726 MiB.
2026-09-29T12:06:40Z INFO [336/500] 1dc6e51f-b75d-47fb-85d5-3a92b25dc2c2: valid; 2.6 s; peak memory 2726 MiB.
2026-09-29T12:06:42Z INFO [337/500] 1dc6fa63-b60c-4f5c-a8c5-198e898243d8: valid; 2.1 s; peak memory 2726 MiB.
2026-09-29T12:08:36Z INFO [338/500] 1dc70f18-fb71-4bd0-9214-d7564c11619d: valid; 114.3 s; peak memory 2967 MiB.
2026-09-29T12:08:45Z INFO [339/500] 1dc7342e-a57b-431a-8452-99eede7e142d: valid; 9.2 s; peak memory 2971 MiB.
2026-09-29T12:08:47Z INFO [340/500] 1dc7caf1-875b-43a3-b507-8dbd6cb78a26: valid; 1.4 s; peak memory 2972 MiB.
2026-09-29T12:08:49Z INFO [341/500] 1dc8151f-89fe-426b-928e-e8c7e036f037: valid; 2.0 s; peak memory 2978 MiB.
2026-09-29T12:08:49Z WARNING 1dc8df96-95b7-4ebb-854e-c9fee98889d8: failed while retrieving asset information from the DANDI API (NotFoundError: No asset at path 'sub-parkinson-simulated-lfp/sub-parkinson-simulated-lfp_ses-3830_ecephys.nwb' in version 0.250327.2220. Verify the path is correct and the asset exists in this version. Use 'dandi ls' to list available assets.)
2026-09-29T12:08:51Z INFO [343/500] 1dc982a8-e200-44e2-9761-a48f67ce3cce: valid; 1.7 s; peak memory 2982 MiB.
2026-09-29T12:08:53Z INFO [344/500] 1dc989b1-af97-45b2-a42d-d36345e41227: valid; 2.1 s; peak memory 2987 MiB.
2026-09-29T12:08:55Z INFO [345/500] 1dc9c469-60ac-44ac-a078-35c245b135f1: valid; 2.2 s; peak memory 2989 MiB.
2026-09-29T12:08:57Z INFO [346/500] 1dca00e9-bb07-44ee-9d90-d7c6e1770219: not valid; 2.3 s; peak memory 2990 MiB.
2026-09-29T12:08:59Z INFO [347/500] 1dca1073-fdae-41e7-aae9-6854e4e2d202: valid; 1.2 s; peak memory 2992 MiB.
2026-09-29T12:09:01Z INFO [348/500] 1dcb0986-88ed-43ad-ac8b-382dd12436a1: not valid; 2.4 s; peak memory 2996 MiB.
2026-09-29T12:09:09Z INFO [349/500] 1dcb4083-0308-4a14-b7cb-5ffd02b024b9: valid; 8.5 s; peak memory 3123 MiB.
2026-09-29T12:09:12Z INFO [350/500] 1dcb8c03-e3fb-4eaf-9415-83c513c81a32: not valid; 2.2 s; peak memory 3123 MiB.
2026-09-29T12:09:12Z INFO [350/500] 1dcb8c03-e3fb-4eaf-9415-83c513c81a32: checkpointed 84360 records.
2026-09-29T12:09:20Z INFO [351/500] 1dcc97f7-d376-4382-8f2d-74639eb18400: valid; 7.7 s; peak memory 3124 MiB.
2026-09-29T12:09:23Z INFO [352/500] 1dcc9d00-8d64-4acd-843f-34988cef12b5: valid; 3.3 s; peak memory 3133 MiB.
2026-09-29T12:09:28Z INFO [353/500] 1dcc9d95-4fc4-4e3f-b332-24d8cedf2cb9: valid; 4.5 s; peak memory 3143 MiB.
2026-09-29T12:09:30Z WARNING 1dccbe7e-a85b-4c33-bc3d-87760ef6643f: failed while opening the NWB file (ConstructError: (root/acquisition/_iblmic_audioSpectrogram/bands GroupBuilder {'attributes': {'colnames': array(['freq'], dtype=object), 'description': 'spectogram frequencies', 'namespace': 'core', 'neurodata_type': 'FrequencyBandsTable', 'object_id': 'ebfbd7ab-ecc7-4991-a90a-eda3d709ad57'}, 'groups': {}, 'datasets': {'freq': root/acquisition/_iblmic_audioSpectrogram/bands/freq DatasetBuilder {'attributes': {'description': 'frequency value', 'namespace': 'hdmf-common', 'neurodata_type': 'VectorData', 'object_id': '9f448dfa-42d3-42ab-99ff-6dbada3592db'}, 'data': <HDF5 dataset "freq": shape (257,), type "<f4">}, 'id': root/acquisition/_iblmic_audioSpectrogram/bands/id DatasetBuilder {'attributes': {'namespace': 'hdmf-common', 'neurodata_type': 'ElementIdentifiers', 'object_id': '463d3ceb-12e9-445a-8c2a-70b9f8a7ee0f'}, 'data': <HDF5 dataset "id": shape (257,), type "<i4">}}, 'links': {}}, "Could not construct FrequencyBandsTable object due to: column must have the same number of rows as 'id'"))
2026-09-29T12:09:31Z INFO [355/500] 1dcce0ae-cabe-4b07-8a29-cb3fa0a14818: not valid; 1.1 s; peak memory 3151 MiB.
2026-09-29T12:09:41Z INFO [356/500] 1dcd89c6-bc8c-4473-8e24-0a09d7261170: valid; 10.0 s; peak memory 3180 MiB.
2026-09-29T12:09:42Z INFO [357/500] 1dce9b58-7cc2-40b6-9c38-fff63837b446: not valid; 1.5 s; peak memory 3180 MiB.
2026-09-29T12:09:45Z INFO [358/500] 1dceb257-5b25-47ee-a26c-7c005c9edac4: valid; 2.2 s; peak memory 3180 MiB.
2026-09-29T12:09:46Z INFO [359/500] 1dceba6a-1772-45e5-b5cc-76ed4ee1f72d: valid; 1.4 s; peak memory 3180 MiB.
2026-09-29T12:09:48Z INFO [360/500] 1dcf4f9b-98dd-461c-aa6c-8c05b46193d7: valid; 2.5 s; peak memory 3180 MiB.
2026-09-29T12:09:50Z INFO [361/500] 1dcf5961-4d48-4044-87ab-f682216ca46d: valid; 1.4 s; peak memory 3180 MiB.
2026-09-29T12:09:52Z INFO [362/500] 1dcf59c8-f74b-419a-b455-9e55016e7755: valid; 2.3 s; peak memory 3180 MiB.
2026-09-29T12:09:54Z INFO [363/500] 1dcf8bd2-0a79-4046-9523-0740794bf6e1: valid; 1.9 s; peak memory 3180 MiB.
2026-09-29T12:10:10Z INFO [364/500] 1dcf8d9e-d746-473e-bde8-bc277cfa0f3b: valid; 16.1 s; peak memory 3546 MiB.
2026-09-29T12:10:10Z WARNING 1dcff97f-35f4-4dd3-aa19-739f19ecb64b: failed while retrieving asset information from the DANDI API (NotFoundError: No asset at path 'sub-455220/sub-455220_ses-20190803T150200_behavior+ecephys+ogen.nwb' in version 0.231012.2129. Verify the path is correct and the asset exists in this version. Use 'dandi ls' to list available assets.)
2026-09-29T12:10:10Z WARNING 1dd02696-7ca7-44e0-a51c-0217bde90596: failed while retrieving asset information from the DANDI API (NotFoundError: No asset at path 'sub-EPCNHP1/sub-EPCNHP1_ses-2019-09-23-005_ecephys.nwb' in version 0.240701.1903. Verify the path is correct and the asset exists in this version. Use 'dandi ls' to list available assets.)
2026-09-29T12:10:23Z INFO [367/500] 1dd1a439-db4b-47ab-bb03-126642380907: valid; 12.6 s; peak memory 3546 MiB.
2026-09-29T12:10:27Z INFO [368/500] 1dd1b867-baaa-4fec-ac58-67e13e5b224b: valid; 3.8 s; peak memory 3546 MiB.
2026-09-29T12:10:28Z INFO [369/500] 1dd22b19-ca7e-42ae-8a1e-480b6ff4baab: valid; 1.3 s; peak memory 3546 MiB.
2026-09-29T12:10:29Z INFO [370/500] 1dd240c1-5a78-4a70-b656-93428d8ead19: valid; 1.0 s; peak memory 3546 MiB.
2026-09-29T12:10:55Z INFO [371/500] 1dd338ee-8cd6-442a-aa4c-352614aba3ed: not valid; 25.9 s; peak memory 3546 MiB.
2026-09-29T12:10:59Z INFO [372/500] 1dd3b9ed-f002-4a45-8096-e9d187769108: valid; 4.2 s; peak memory 3546 MiB.
2026-09-29T12:11:01Z INFO [373/500] 1dd4fd07-066a-4240-8c01-821bb9fb8944: not valid; 1.6 s; peak memory 3546 MiB.
2026-09-29T12:11:04Z INFO [374/500] 1dd561af-0d9b-421c-81f4-dcb54ec87a2c: valid; 2.8 s; peak memory 3546 MiB.
2026-09-29T12:11:07Z INFO [375/500] 1dd56bf1-c687-4dc8-a69a-e0f652b1b9c4: valid; 3.1 s; peak memory 3546 MiB.
2026-09-29T12:11:09Z INFO [376/500] 1dd57812-1967-407c-a371-6c15b963eca8: valid; 2.7 s; peak memory 3546 MiB.
2026-09-29T12:11:11Z INFO [377/500] 1dd60ac8-16c1-4194-bcf9-e2482d971429: valid; 2.1 s; peak memory 3546 MiB.
2026-09-29T12:11:16Z INFO [378/500] 1dd656b4-31b7-4c71-8af1-9b64e2c5fe87: not valid; 4.5 s; peak memory 3546 MiB.
2026-09-29T12:11:20Z INFO [379/500] 1dd6e65a-a93f-458b-abd2-5d88f7594c49: not valid; 4.4 s; peak memory 3546 MiB.
2026-09-29T12:11:20Z WARNING 1dd6e7a5-fa56-4fb8-ac65-023c72fadebe: failed while retrieving asset information from the DANDI API (NotFoundError: No asset at path 'sub-parkinson-simulated-beta/sub-parkinson-simulated-beta_ses-9146_ecephys.nwb' in version 0.250327.2220. Verify the path is correct and the asset exists in this version. Use 'dandi ls' to list available assets.)
2026-09-29T12:11:22Z INFO [381/500] 1dd76e4d-0d3a-41b7-8427-2d5035d52e19: not valid; 1.6 s; peak memory 3546 MiB.
2026-09-29T12:11:36Z INFO [382/500] 1dd84b50-4393-495f-a1cc-ccbe6de354da: valid; 14.2 s; peak memory 3546 MiB.
2026-09-29T12:11:37Z INFO [383/500] 1dd8cd25-636d-4043-bcb0-790efee6aa32: valid; 1.0 s; peak memory 3546 MiB.
2026-09-29T12:11:40Z INFO [384/500] 1dd9cdfa-769e-4915-b2bc-fd500c4dc596: valid; 3.3 s; peak memory 3546 MiB.
2026-09-29T12:11:42Z INFO [385/500] 1dda42b5-b4b6-418f-a6f1-d8cfb8c72a65: not valid; 1.4 s; peak memory 3546 MiB.
2026-09-29T12:11:45Z INFO [386/500] 1dda8ab2-f97b-4053-8f8e-d83b2400823f: valid; 3.6 s; peak memory 3546 MiB.
2026-09-29T12:11:48Z INFO [387/500] 1ddaaa7a-c34a-4680-8496-0c63cbd077b4: valid; 2.5 s; peak memory 3546 MiB.
2026-09-29T12:11:50Z INFO [388/500] 1ddac4f9-9a62-4373-9813-6e92fb50afd0: valid; 2.0 s; peak memory 3546 MiB.
2026-09-29T12:12:04Z INFO [389/500] 1ddae124-56e9-438e-825a-b6247f9cdfc9: valid; 13.9 s; peak memory 3546 MiB.
2026-09-29T12:12:07Z INFO [390/500] 1ddafc25-b3da-4fd4-89ef-6a7ce23dd617: valid; 3.3 s; peak memory 3546 MiB.
2026-09-29T12:12:09Z INFO [391/500] 1ddc4dcf-b92c-4d4c-b3b2-ccedbcd8df7b: valid; 1.5 s; peak memory 3546 MiB.
2026-09-29T12:12:12Z INFO [392/500] 1ddcd323-eda3-4075-bf86-de19c987d029: valid; 3.4 s; peak memory 3546 MiB.
2026-09-29T12:12:14Z INFO [393/500] 1ddd2ad0-d74e-42fe-a45c-4ee8aaea745b: not valid; 2.2 s; peak memory 3546 MiB.
2026-09-29T12:12:16Z INFO [394/500] 1dddbc1f-4d82-4c47-8520-0249f370b03b: valid; 2.0 s; peak memory 3546 MiB.
2026-09-29T12:14:22Z INFO [395/500] 1dddcb95-d6ad-47a1-90d5-90f2db88f227: not valid; 125.2 s; peak memory 3560 MiB.
2026-09-29T12:14:22Z WARNING 1dde0113-e4bc-4287-adf5-2b30ee3acf43: failed while retrieving asset information from the DANDI API (NotFoundError: No asset at path 'sub-460432/sub-460432_ses-20191219T134919_behavior+ecephys+ogen.nwb' in version 0.231012.2129. Verify the path is correct and the asset exists in this version. Use 'dandi ls' to list available assets.)
2026-09-29T12:14:23Z INFO [397/500] 1dde0497-cc44-49e9-b550-e187e171d961: valid; 1.4 s; peak memory 3562 MiB.
2026-09-29T12:14:25Z INFO [398/500] 1dde2260-fbfa-4675-a101-4a7703473d88: valid; 1.3 s; peak memory 3564 MiB.
2026-09-29T12:14:46Z INFO [399/500] 1dde658c-382f-4302-9df6-816c871815c6: valid; 21.4 s; peak memory 3576 MiB.
2026-09-29T12:14:50Z INFO [400/500] 1ddf412f-83b5-49d4-8f2e-b280c8897197: valid; 3.9 s; peak memory 3576 MiB.
2026-09-29T12:14:51Z INFO [400/500] 1ddf412f-83b5-49d4-8f2e-b280c8897197: checkpointed 84410 records.
2026-09-29T12:14:58Z INFO [401/500] 1ddf4ab0-d990-4d77-ae84-9def4c852722: valid; 7.3 s; peak memory 3576 MiB.
2026-09-29T12:14:59Z INFO [402/500] 1ddf8819-ed81-49e0-a55c-6352d42e063e: not valid; 1.3 s; peak memory 3576 MiB.
2026-09-29T12:15:02Z INFO [403/500] 1ddfd9fa-a83f-411b-8dfc-6654eef85f56: valid; 2.9 s; peak memory 3576 MiB.
2026-09-29T12:15:14Z INFO [404/500] 1ddfe9dc-c09e-439e-a47d-de05dcd317c8: valid; 12.2 s; peak memory 3576 MiB.
2026-09-29T12:15:16Z INFO [405/500] 1de0ef30-5dcf-4e26-b423-7b348464e5ac: valid; 1.6 s; peak memory 3576 MiB.
2026-09-29T12:15:18Z INFO [406/500] 1de15a59-4601-4878-9f72-da064402a080: valid; 1.5 s; peak memory 3576 MiB.
2026-09-29T12:15:19Z INFO [407/500] 1de19ecd-2676-4865-a675-23d9b90b0c75: not valid; 1.8 s; peak memory 3576 MiB.
2026-09-29T12:15:21Z INFO [408/500] 1de1befa-a40a-4e11-b293-73f285dacd3b: valid; 1.3 s; peak memory 3576 MiB.
2026-09-29T12:15:41Z INFO [409/500] 1de1c19c-8bfa-48d8-9bd6-aa7d770b7cea: valid; 20.8 s; peak memory 3649 MiB.
2026-09-29T12:15:44Z INFO [410/500] 1de1ee20-fd3b-410f-9e10-7ab5b3d8ef23: valid; 2.5 s; peak memory 3649 MiB.
2026-09-29T12:15:46Z WARNING 1de27890-f14c-45e7-aac4-b9aed7b26bbd: failed while opening the NWB file (ConstructError: (root/acquisition/_iblmic_audioSpectrogram/bands GroupBuilder {'attributes': {'colnames': array(['freq'], dtype=object), 'description': 'spectogram frequencies', 'namespace': 'core', 'neurodata_type': 'FrequencyBandsTable', 'object_id': 'aafd9fcf-7e14-47e9-a970-323f83c06017'}, 'groups': {}, 'datasets': {'freq': root/acquisition/_iblmic_audioSpectrogram/bands/freq DatasetBuilder {'attributes': {'description': 'frequency value', 'namespace': 'hdmf-common', 'neurodata_type': 'VectorData', 'object_id': '7dbc56ad-5e63-4015-9934-f1cf2cb0e71e'}, 'data': <HDF5 dataset "freq": shape (257,), type "<f4">}, 'id': root/acquisition/_iblmic_audioSpectrogram/bands/id DatasetBuilder {'attributes': {'namespace': 'hdmf-common', 'neurodata_type': 'ElementIdentifiers', 'object_id': '53664696-c03d-4a58-b20d-c3738abeeffd'}, 'data': <HDF5 dataset "id": shape (257,), type "<i4">}}, 'links': {}}, "Could not construct FrequencyBandsTable object due to: column must have the same number of rows as 'id'"))
2026-09-29T12:15:48Z INFO [412/500] 1de2a8fd-c7d1-4045-b9bb-3750a447f765: valid; 2.4 s; peak memory 3649 MiB.
2026-09-29T12:15:50Z INFO [413/500] 1de2eb69-97ea-444c-8e29-5e70b4b20e2a: valid; 2.0 s; peak memory 3649 MiB.
2026-09-29T12:15:52Z INFO [414/500] 1de31f8d-d9ba-4109-b3f5-5902b32bab3c: valid; 1.7 s; peak memory 3649 MiB.
2026-09-29T12:15:54Z INFO [415/500] 1de3da57-41d3-4cc5-92fd-03e4b841fe28: valid; 1.9 s; peak memory 3649 MiB.
2026-09-29T12:16:12Z INFO [416/500] 1de4488c-b72c-4eb3-b148-70d85a8dc8e7: valid; 17.6 s; peak memory 3760 MiB.
2026-09-29T12:16:28Z INFO [417/500] 1de4692f-c260-4e09-bb1b-48ec5ffdb261: valid; 16.3 s; peak memory 3766 MiB.
2026-09-29T12:16:35Z INFO [418/500] 1de4cc25-2609-4fa9-ae36-be251c09a03a: valid; 6.7 s; peak memory 3767 MiB.
2026-09-29T12:16:37Z INFO [419/500] 1de4cdcb-2574-4cef-8ca5-d6f3d3724481: valid; 2.7 s; peak memory 3767 MiB.
2026-09-29T12:16:41Z INFO [420/500] 1de4de4f-a483-48c8-a599-a52127c7119c: valid; 4.0 s; peak memory 3767 MiB.
2026-09-29T12:16:43Z INFO [421/500] 1de4eb28-fd98-4252-8e46-3f184983ca05: valid; 1.3 s; peak memory 3767 MiB.
2026-09-29T12:16:45Z INFO [422/500] 1de52f8c-84f0-4f6c-9e7f-913b146e2c57: valid; 2.6 s; peak memory 3767 MiB.
2026-09-29T12:16:47Z INFO [423/500] 1de52fca-94ad-497b-b040-c5d50d2b5ddf: valid; 1.8 s; peak memory 3767 MiB.
2026-09-29T12:16:49Z INFO [424/500] 1de57a9c-ded7-489c-ac83-069d4446a582: not valid; 2.2 s; peak memory 3767 MiB.
2026-09-29T12:16:53Z INFO [425/500] 1de59614-bf2c-4c14-8d35-4dbf4e6666eb: valid; 4.2 s; peak memory 3767 MiB.
2026-09-29T12:16:55Z INFO [426/500] 1de5cd23-f92b-4f0e-be96-eddec7c11f2a: valid; 2.0 s; peak memory 3767 MiB.
2026-09-29T12:16:57Z INFO [427/500] 1de5dde3-f775-4896-bbff-8eb25940ec21: not valid; 1.6 s; peak memory 3767 MiB.
2026-09-29T12:16:57Z WARNING 1de60e03-ce34-4517-b1de-1f7bea94eaf7: failed while retrieving asset information from the DANDI API (NotFoundError: No such Dandiset: 001533)
2026-09-29T12:16:59Z INFO [429/500] 1de65eef-f198-4d06-8da5-d4de3b8c9c7b: valid; 1.8 s; peak memory 3767 MiB.
2026-09-29T12:17:09Z INFO [430/500] 1de696d2-1685-4ce6-83aa-79aa44ed999e: valid; 9.8 s; peak memory 3900 MiB.
2026-09-29T12:17:11Z INFO [431/500] 1de6a973-830b-4b3c-9d78-820c5d7d14bb: valid; 2.2 s; peak memory 3900 MiB.
2026-09-29T12:17:12Z INFO [432/500] 1de78b63-27f1-4fbd-b25f-73745cfd1df9: valid; 1.4 s; peak memory 3900 MiB.
2026-09-29T12:17:17Z INFO [433/500] 1de7a298-0e83-49f3-9c54-f01dbd905902: valid; 5.0 s; peak memory 3900 MiB.
2026-09-29T12:17:19Z INFO [434/500] 1de84c0e-0385-45d9-b57f-583cedf6a046: not valid; 1.8 s; peak memory 3900 MiB.
2026-09-29T12:17:22Z INFO [435/500] 1de85b31-09cf-42db-873a-1d74f7409b56: valid; 3.3 s; peak memory 3900 MiB.
2026-09-29T12:17:25Z INFO [436/500] 1de897d7-698f-43f9-b740-b2df8909a4f1: valid; 2.4 s; peak memory 3900 MiB.
2026-09-29T12:17:27Z WARNING 1de9c4ce-23fc-445c-8e55-a370f5266dc4: failed while opening the NWB file (ConstructError: (root/acquisition/_iblmic_audioSpectrogram/bands GroupBuilder {'attributes': {'colnames': array(['freq'], dtype=object), 'description': 'spectogram frequencies', 'namespace': 'core', 'neurodata_type': 'FrequencyBandsTable', 'object_id': '130203d1-bdf0-4597-ac91-5ca0d08a749d'}, 'groups': {}, 'datasets': {'freq': root/acquisition/_iblmic_audioSpectrogram/bands/freq DatasetBuilder {'attributes': {'description': 'frequency value', 'namespace': 'hdmf-common', 'neurodata_type': 'VectorData', 'object_id': '20394671-92dc-4e69-85f5-f61f3e3234ed'}, 'data': <HDF5 dataset "freq": shape (257,), type "<f4">}, 'id': root/acquisition/_iblmic_audioSpectrogram/bands/id DatasetBuilder {'attributes': {'namespace': 'hdmf-common', 'neurodata_type': 'ElementIdentifiers', 'object_id': '2981ba68-e7e3-47b5-8961-cdf00c4d56ca'}, 'data': <HDF5 dataset "id": shape (257,), type "<i4">}}, 'links': {}}, "Could not construct FrequencyBandsTable object due to: column must have the same number of rows as 'id'"))
2026-09-29T12:17:28Z INFO [438/500] 1de9f3d0-50e2-41d1-a7ae-efed2cb5ddd3: valid; 1.5 s; peak memory 3900 MiB.
2026-09-29T12:17:30Z INFO [439/500] 1dea9d9a-b1a0-4a50-93fc-d1363b9aa4b5: valid; 1.4 s; peak memory 3900 MiB.
2026-09-29T12:17:32Z INFO [440/500] 1deb7667-7e53-436a-bb28-5cc1594f577c: valid; 2.2 s; peak memory 3900 MiB.
2026-09-29T12:17:34Z INFO [441/500] 1decaf6d-4955-47c7-9c3b-bc11f2bdf8e7: valid; 1.9 s; peak memory 3900 MiB.
2026-09-29T12:17:36Z INFO [442/500] 1ded849b-0015-4649-b9c4-74e918da6d0b: valid; 2.2 s; peak memory 3900 MiB.
2026-09-29T12:17:38Z INFO [443/500] 1ded84a8-3625-4f6e-8ef4-932a085096b0: valid; 2.1 s; peak memory 3900 MiB.
2026-09-29T12:17:40Z WARNING 1dee66ca-a016-4ffc-97a0-c0edc575f9b0: failed while opening the NWB file (ConstructError: (root/acquisition/_iblmic_audioSpectrogram/bands GroupBuilder {'attributes': {'colnames': array(['freq'], dtype=object), 'description': 'spectogram frequencies', 'namespace': 'core', 'neurodata_type': 'FrequencyBandsTable', 'object_id': '37de1bc9-0e80-4587-b8ed-f5409e0ce2a4'}, 'groups': {}, 'datasets': {'freq': root/acquisition/_iblmic_audioSpectrogram/bands/freq DatasetBuilder {'attributes': {'description': 'frequency value', 'namespace': 'hdmf-common', 'neurodata_type': 'VectorData', 'object_id': '8c50f6bb-7872-44ac-896b-af609f3f11ea'}, 'data': <HDF5 dataset "freq": shape (257,), type "<f4">}, 'id': root/acquisition/_iblmic_audioSpectrogram/bands/id DatasetBuilder {'attributes': {'namespace': 'hdmf-common', 'neurodata_type': 'ElementIdentifiers', 'object_id': 'd0e3bcdc-8c0e-45fb-9ac5-dc9e403685bb'}, 'data': <HDF5 dataset "id": shape (257,), type "<i4">}}, 'links': {}}, "Could not construct FrequencyBandsTable object due to: column must have the same number of rows as 'id'"))
2026-09-29T12:17:42Z INFO [445/500] 1dee7796-2925-4757-9db3-bce00d34dd28: not valid; 1.5 s; peak memory 3900 MiB.
2026-09-29T12:17:55Z INFO [446/500] 1deeefc1-ca17-4acd-8f43-0713e0abd8e0: not valid; 12.9 s; peak memory 3900 MiB.
2026-09-29T12:17:56Z INFO [447/500] 1def9554-bb8d-4ca7-a26b-fe5346eb5096: not valid; 1.6 s; peak memory 3900 MiB.
2026-09-29T12:17:58Z INFO [448/500] 1df031be-86af-445a-9531-c4af4a4e89b6: not valid; 1.5 s; peak memory 3900 MiB.
2026-09-29T12:18:02Z INFO [449/500] 1df06060-5dfd-40ab-8e0e-b820b483a27f: valid; 4.0 s; peak memory 3900 MiB.
2026-09-29T12:18:04Z INFO [450/500] 1df0de7a-b1dc-433b-9a07-78abb2451c14: valid; 2.4 s; peak memory 3900 MiB.
2026-09-29T12:18:05Z INFO [450/500] 1df0de7a-b1dc-433b-9a07-78abb2451c14: checkpointed 84460 records.
2026-09-29T12:18:08Z INFO [451/500] 1df16172-6f52-4f8d-b1ec-59ad8d83d62d: not valid; 3.3 s; peak memory 3900 MiB.
2026-09-29T12:18:10Z INFO [452/500] 1df1b164-80da-4b4d-8041-1ad2011369bf: valid; 1.8 s; peak memory 3900 MiB.
2026-09-29T12:18:12Z INFO [453/500] 1df2832e-ede5-43a3-9461-e1e8be5397f8: valid; 2.7 s; peak memory 3900 MiB.
2026-09-29T12:18:20Z INFO [454/500] 1df2baf3-692b-41cd-a469-b6d218adeca5: valid; 8.0 s; peak memory 3914 MiB.
2026-09-29T12:18:23Z INFO [455/500] 1df30151-791b-4d5e-894c-25955cb38d46: valid; 2.2 s; peak memory 3915 MiB.
2026-09-29T12:18:25Z INFO [456/500] 1df33b65-943a-4c09-841f-9305f5fbaa12: valid; 2.3 s; peak memory 3915 MiB.
2026-09-29T12:18:27Z INFO [457/500] 1df4488f-27db-46bc-b6ca-a31054f153ed: not valid; 1.7 s; peak memory 3915 MiB.
2026-09-29T12:18:28Z INFO [458/500] 1df4c501-204a-4da0-8e8c-370617134d44: valid; 1.5 s; peak memory 3915 MiB.
2026-09-29T12:18:31Z INFO [459/500] 1df5ba14-2678-4268-af4d-56ddf2eae9c4: valid; 2.7 s; peak memory 3915 MiB.
2026-09-29T12:18:34Z INFO [460/500] 1df5f154-b893-4a94-aee0-c0c07b91267d: valid; 3.2 s; peak memory 3915 MiB.
2026-09-29T12:18:37Z INFO [461/500] 1df64e60-6e83-4bfd-b910-14fda906464a: valid; 3.0 s; peak memory 3915 MiB.
2026-09-29T12:18:39Z INFO [462/500] 1df6ae16-7cef-4747-b0bc-8177698693dc: valid; 2.1 s; peak memory 3915 MiB.
2026-09-29T12:18:41Z INFO [463/500] 1df82ba9-3843-49e1-9456-604f453e9726: not valid; 1.7 s; peak memory 3915 MiB.
2026-09-29T12:18:58Z INFO [464/500] 1df961e3-5a8e-4287-8678-bc96c47d5c1f: valid; 16.9 s; peak memory 3921 MiB.
2026-09-29T12:19:11Z INFO [465/500] 1df9ac5f-4839-4b2d-b3e1-211db6832404: valid; 13.1 s; peak memory 3986 MiB.
2026-09-29T12:19:12Z INFO [466/500] 1dfa1144-24bb-4e8c-8d12-4d156cce8c2e: valid; 1.6 s; peak memory 3988 MiB.
2026-09-29T12:19:15Z INFO [467/500] 1dfae295-4f4b-4cd3-8f7f-7f5097655b2e: valid; 2.4 s; peak memory 3992 MiB.
2026-09-29T12:19:17Z INFO [468/500] 1dfc2eac-1399-4e2c-b811-173241dd4825: not valid; 1.8 s; peak memory 3994 MiB.
2026-09-29T12:19:18Z INFO [469/500] 1dfc4e61-a5fd-46cb-8e86-817a1d19ef89: valid; 1.9 s; peak memory 3996 MiB.
2026-09-29T12:19:20Z INFO [470/500] 1dfd661a-1571-446f-b7d4-3d75079050da: valid; 1.4 s; peak memory 3996 MiB.
2026-09-29T12:19:22Z INFO [471/500] 1dfe2c21-6518-438f-ab02-5394a32ad797: valid; 1.9 s; peak memory 4002 MiB.
2026-09-29T12:19:23Z INFO [472/500] 1dfe90ff-50f2-40d7-b52a-6da95f550fb8: valid; 1.1 s; peak memory 4003 MiB.
2026-09-29T12:19:24Z INFO [473/500] 1dfee4d9-0a7a-4265-97e6-3074997bc5ff: valid; 1.3 s; peak memory 4005 MiB.
2026-09-29T12:19:37Z INFO [474/500] 1dff4813-dcc1-490a-906e-1c771d9b9d3d: not valid; 13.2 s; peak memory 4063 MiB.
2026-09-29T12:19:42Z INFO [475/500] 1dff7cc3-2dcf-4ba1-a603-c7c911b69b58: valid; 5.1 s; peak memory 4075 MiB.
2026-09-29T12:19:51Z INFO [476/500] 1dff7fdb-1206-4e5f-ae77-d75f68e6f6d0: valid; 8.2 s; peak memory 4083 MiB.
2026-09-29T12:19:53Z INFO [477/500] 1e005f20-2caf-48ff-8a62-1b3d99176fb6: valid; 2.6 s; peak memory 4083 MiB.
2026-09-29T12:19:56Z INFO [478/500] 1e0068a8-e463-4361-8117-46021336ee02: valid; 3.1 s; peak memory 4083 MiB.
2026-09-29T12:20:02Z INFO [479/500] 1e0082be-043c-4b62-a58e-8ad405365f3b: valid; 5.2 s; peak memory 4083 MiB.
2026-09-29T12:20:03Z INFO [480/500] 1e018c19-f223-4cec-b9a2-462056e52588: valid; 1.6 s; peak memory 4083 MiB.
2026-09-29T12:20:05Z WARNING 1e0195c3-9481-4379-a277-39180931f083: failed while opening the NWB file (ConstructError: (root/acquisition/_iblmic_audioSpectrogram/bands GroupBuilder {'attributes': {'colnames': array(['freq'], dtype=object), 'description': 'spectogram frequencies', 'namespace': 'core', 'neurodata_type': 'FrequencyBandsTable', 'object_id': '39ac2ac3-9a02-4691-b822-216496fbdf95'}, 'groups': {}, 'datasets': {'freq': root/acquisition/_iblmic_audioSpectrogram/bands/freq DatasetBuilder {'attributes': {'description': 'frequency value', 'namespace': 'hdmf-common', 'neurodata_type': 'VectorData', 'object_id': '988fe628-abd6-42ce-bd42-4e4d5d06dce3'}, 'data': <HDF5 dataset "freq": shape (257,), type "<f4">}, 'id': root/acquisition/_iblmic_audioSpectrogram/bands/id DatasetBuilder {'attributes': {'namespace': 'hdmf-common', 'neurodata_type': 'ElementIdentifiers', 'object_id': '877f55fb-0ddd-4bc8-913c-85b1d22c94f7'}, 'data': <HDF5 dataset "id": shape (257,), type "<i4">}}, 'links': {}}, "Could not construct FrequencyBandsTable object due to: column must have the same number of rows as 'id'"))
2026-09-29T12:20:09Z INFO [482/500] 1e01dab4-7705-4b13-8db3-0a9f20d4dc10: valid; 3.3 s; peak memory 4083 MiB.
2026-09-29T12:20:12Z INFO [483/500] 1e028e7a-ccca-454c-9e6c-9e9e73ec5baf: valid; 3.7 s; peak memory 4083 MiB.
2026-09-29T12:20:16Z INFO [484/500] 1e0309fe-ae6f-421d-acb1-06fe7f1be15e: valid; 3.9 s; peak memory 4083 MiB.
2026-09-29T12:20:18Z INFO [485/500] 1e034a69-22fd-4d0f-b3d6-fe65c071f23f: not valid; 1.7 s; peak memory 4083 MiB.
2026-09-29T12:20:19Z INFO [486/500] 1e0358df-afcc-4dcc-b724-fb1e3cddf537: valid; 1.5 s; peak memory 4083 MiB.
2026-09-29T12:20:30Z INFO [487/500] 1e03e183-30b8-4287-9b92-6bbb70240b68: not valid; 11.3 s; peak memory 4083 MiB.
2026-09-29T12:20:34Z INFO [488/500] 1e03f127-7796-4312-acb8-b61ae5bb8c20: valid; 3.5 s; peak memory 4083 MiB.
2026-09-29T12:20:36Z INFO [489/500] 1e0571ef-7826-4f7d-9d04-3c75e3795eb1: not valid; 1.6 s; peak memory 4083 MiB.
2026-09-29T12:20:37Z INFO [490/500] 1e057bc6-090d-4679-9e15-82fff5d08662: valid; 1.4 s; peak memory 4083 MiB.
2026-09-29T12:20:39Z INFO [491/500] 1e05f77e-a420-4bf1-aa89-f5076e431755: valid; 1.7 s; peak memory 4083 MiB.
2026-09-29T12:20:42Z INFO [492/500] 1e073306-1753-4c26-9958-18569e3fd2a6: valid; 2.9 s; peak memory 4083 MiB.
2026-09-29T12:20:44Z INFO [493/500] 1e07e26c-470d-43bb-87a9-08a0ab511450: valid; 2.3 s; peak memory 4083 MiB.
2026-09-29T12:20:45Z INFO [494/500] 1e0801d2-dad6-46ef-a2ee-cb6f3863f8b8: valid; 1.3 s; peak memory 4083 MiB.
2026-09-29T12:20:51Z INFO [495/500] 1e08172d-1110-4492-8d5c-7d6e416023d4: valid; 5.9 s; peak memory 4083 MiB.
2026-09-29T12:20:53Z INFO [496/500] 1e086a42-8857-4a8c-af30-7907a0a0320e: valid; 2.5 s; peak memory 4083 MiB.
2026-09-29T12:20:55Z INFO [497/500] 1e08a14a-3b85-49c7-a40d-9dada025a610: valid; 1.3 s; peak memory 4083 MiB.
2026-09-29T12:20:58Z INFO [498/500] 1e093b21-c479-47fb-8656-e059813c448e: valid; 3.3 s; peak memory 4083 MiB.
2026-09-29T12:21:00Z WARNING 1e0a3b08-ee6d-410a-98b5-ac6144b0de1c: failed while opening the NWB file (ConstructError: (root/acquisition/event_code_meanings GroupBuilder {'attributes': {'colnames': array(['value', 'meaning'], dtype=object), 'description': 'Mapping integer event codes to event labels', 'namespace': 'ndx-events', 'neurodata_type': 'MeaningsTable', 'object_id': 'cf258321-8492-4d72-810a-ec9427830c35'}, 'groups': {}, 'datasets': {'id': root/acquisition/event_code_meanings/id DatasetBuilder {'attributes': {'namespace': 'hdmf-common', 'neurodata_type': 'ElementIdentifiers', 'object_id': 'c8501b41-2678-48e8-98bd-a7e18c736954'}, 'data': <HDF5 dataset "id": shape (26,), type "<i8">}, 'meaning': root/acquisition/event_code_meanings/meaning DatasetBuilder {'attributes': {'description': 'The meaning of the value in the parent CategoricalVectorData object.', 'namespace': 'hdmf-experimental', 'neurodata_type': 'VectorData', 'object_id': '3df7dca8-bdc2-429b-b9c2-59853a76c065'}, 'data': <StrDataset for HDF5 dataset "meaning": shape (26,), type "|O">}, 'value': root/acquisition/event_code_meanings/value DatasetBuilder {'attributes': {'description': 'The value of the parent CategoricalVectorData object.', 'namespace': 'hdmf-experimental', 'neurodata_type': 'VectorData', 'object_id': '9bd12d49-3c43-4a57-92f0-66aed17e3126'}, 'data': <HDF5 dataset "value": shape (26,), type "<i8">}}, 'links': {}}, "Could not construct MeaningsTable object due to: MeaningsTable.__init__: missing argument 'target'"))
2026-09-29T12:21:03Z INFO [500/500] 1e0a9ec6-bf63-40c7-b13a-557ad0328397: valid; 2.5 s; peak memory 4083 MiB.
2026-09-29T12:21:03Z INFO [500/500] 1e0a9ec6-bf63-40c7-b13a-557ad0328397: checkpointed 84510 records.
2026-09-29T12:21:04Z INFO Wrote 84510 records to /tmp/derivatives/content_id_to_valid_nwb_file.jsonl (479 new, 21 failed) in 38.6 min (peak memory 4083 MiB).
