2026-09-21T17:17:35Z INFO Logging to /tmp/logs/update_2026-09-21T17-17-35Z.log.
2026-09-21T17:17:35Z INFO Update content-id-to-valid-nwb-file (base directory /tmp).
2026-09-21T17:17:38Z INFO Processing 500 items (73010 already recorded).
2026-09-21T17:17:39Z INFO [1/500] 0c83f718-2af5-4943-9ed6-4fa50b7ace14: valid; 1.3 s; peak memory 337 MiB.
2026-09-21T17:17:42Z INFO [2/500] 0c8427fa-1b57-4f71-8fb4-aa7cc45ceb01: valid; 2.8 s; peak memory 356 MiB.
2026-09-21T17:17:43Z INFO [3/500] 0c844f18-c189-4991-8439-e55942bd52be: valid; 1.6 s; peak memory 367 MiB.
2026-09-21T17:17:44Z INFO [4/500] 0c8459e6-4109-4d57-b5c3-64fba140fab7: valid; 1.0 s; peak memory 370 MiB.
2026-09-21T17:17:45Z INFO [5/500] 0c847aca-fb9f-4db6-a752-0a57d853cdf6: not valid; 0.6 s; peak memory 372 MiB.
2026-09-21T17:17:46Z INFO [6/500] 0c84c7db-64e7-42c4-92bd-ff49d31ec2e4: not valid; 1.0 s; peak memory 379 MiB.
2026-09-21T17:17:47Z INFO [7/500] 0c84cf1e-9c0f-444f-9bc1-347150dda800: valid; 1.5 s; peak memory 388 MiB.
2026-09-21T17:17:50Z INFO [8/500] 0c854ba5-09a2-4c5a-bc58-413036720859: valid; 2.4 s; peak memory 406 MiB.
2026-09-21T17:17:54Z INFO [9/500] 0c855136-47ee-41a2-b8ee-57b5e0a518b1: not valid; 3.8 s; peak memory 427 MiB.
2026-09-21T17:17:55Z INFO [10/500] 0c85710b-c701-49a1-9d48-2f0518bd136b: not valid; 1.8 s; peak memory 435 MiB.
2026-09-21T17:17:56Z INFO [11/500] 0c86102c-a4ad-4123-9224-a988aa6bb66d: not valid; 0.9 s; peak memory 435 MiB.
2026-09-21T17:17:58Z INFO [12/500] 0c86349f-887a-424a-8ba5-7829815a85aa: valid; 1.6 s; peak memory 435 MiB.
2026-09-21T17:18:05Z INFO [13/500] 0c86755b-87f6-4518-9601-f4e329d59218: valid; 6.7 s; peak memory 628 MiB.
2026-09-21T17:18:07Z INFO [14/500] 0c86e473-9c4b-4fbf-9acd-58fc1348657a: valid; 1.9 s; peak memory 628 MiB.
2026-09-21T17:18:08Z INFO [15/500] 0c875f1f-5618-4f2d-afe0-a269189dc0bc: valid; 1.3 s; peak memory 628 MiB.
2026-09-21T17:18:09Z WARNING 0c8770be-19a3-4da2-9abd-95d220fbab2e: failed while opening the NWB file (ConstructError: (root/acquisition/_iblmic_audioSpectrogram/bands GroupBuilder {'attributes': {'colnames': array(['freq'], dtype=object), 'description': 'spectogram frequencies', 'namespace': 'core', 'neurodata_type': 'FrequencyBandsTable', 'object_id': 'ab19b76f-c090-41d9-b863-b76e624fadc7'}, 'groups': {}, 'datasets': {'freq': root/acquisition/_iblmic_audioSpectrogram/bands/freq DatasetBuilder {'attributes': {'description': 'frequency value', 'namespace': 'hdmf-common', 'neurodata_type': 'VectorData', 'object_id': '95f3f0f9-574f-407c-a423-4587c32c627d'}, 'data': <HDF5 dataset "freq": shape (257,), type "<f4">}, 'id': root/acquisition/_iblmic_audioSpectrogram/bands/id DatasetBuilder {'attributes': {'namespace': 'hdmf-common', 'neurodata_type': 'ElementIdentifiers', 'object_id': 'eec37398-3b62-42ac-ab0e-90ecd58b683e'}, 'data': <HDF5 dataset "id": shape (257,), type "<i4">}}, 'links': {}}, "Could not construct FrequencyBandsTable object due to: column must have the same number of rows as 'id'"))
2026-09-21T17:18:14Z INFO [17/500] 0c881dcd-83db-4dd6-99c3-b6103a5ed29a: not valid; 4.9 s; peak memory 674 MiB.
2026-09-21T17:18:16Z INFO [18/500] 0c882275-f543-4aea-93e9-9ab41b8200e0: valid; 2.1 s; peak memory 696 MiB.
2026-09-21T17:18:17Z INFO [19/500] 0c885822-94e5-490d-8498-79f5f43eb222: not valid; 0.9 s; peak memory 696 MiB.
2026-09-21T17:18:18Z INFO [20/500] 0c88d548-cf37-4e74-8938-47ff3ed86284: not valid; 1.2 s; peak memory 696 MiB.
2026-09-21T17:18:20Z INFO [21/500] 0c88fcf2-7a15-494f-9081-75dfab4547bb: valid; 1.9 s; peak memory 696 MiB.
2026-09-21T17:20:50Z INFO [22/500] 0c893b13-129c-4af2-b0ee-d3bfde9c1ab1: not valid; 150.0 s; peak memory 1615 MiB.
2026-09-21T17:20:51Z INFO [23/500] 0c894799-e5a1-4add-8ab1-0a5bd3f8dc9a: valid; 1.0 s; peak memory 1615 MiB.
2026-09-21T17:20:52Z INFO [24/500] 0c899809-a85b-432b-97b5-651525cc83c5: valid; 0.7 s; peak memory 1616 MiB.
2026-09-21T17:20:53Z INFO [25/500] 0c8b097d-0e80-4d09-b1f6-cdd3f7f98684: valid; 1.0 s; peak memory 1617 MiB.
2026-09-21T17:20:54Z INFO [26/500] 0c8b3d92-3091-4d3b-af1b-71d784e97e81: valid; 1.0 s; peak memory 1619 MiB.
2026-09-21T17:20:55Z INFO [27/500] 0c8b486f-53ad-4ece-8bd1-074dcae05272: valid; 1.2 s; peak memory 1622 MiB.
2026-09-21T17:20:57Z INFO [28/500] 0c8c083f-82c1-4b7c-8d4b-02bc2e7e679b: valid; 1.9 s; peak memory 1629 MiB.
2026-09-21T17:20:58Z INFO [29/500] 0c8c78fe-9070-4675-bbae-9b08ad8756f4: valid; 1.4 s; peak memory 1634 MiB.
2026-09-21T17:21:00Z WARNING 0c8dfdcf-09ec-4e50-b1ac-1fba39a87641: failed while opening the NWB file (ValueError: Cannot resolve included group spec 'electrodes' with data_type_inc 'ElectrodesTable' because a group spec with the same name already exists with data_type_inc 'DynamicTable', and data type 'DynamicTable' is not a child type of data type 'ElectrodesTable'.)
2026-09-21T17:21:00Z INFO [31/500] 0c8e2699-c4b3-46c8-a389-c9e561a4eea1: valid; 0.7 s; peak memory 1636 MiB.
2026-09-21T17:21:07Z INFO [32/500] 0c8e8251-4bf6-49c5-b51c-26afed14fffe: valid; 6.6 s; peak memory 1701 MiB.
2026-09-21T17:21:08Z INFO [33/500] 0c8f1b46-419d-4193-afe2-3e4eb89e1987: not valid; 0.9 s; peak memory 1707 MiB.
2026-09-21T17:21:09Z INFO [34/500] 0c8fb1d1-6217-4860-b7f2-49d94a6b09da: valid; 1.0 s; peak memory 1710 MiB.
2026-09-21T17:21:10Z INFO [35/500] 0c9027da-58bd-4c5f-912a-fe441eecdac1: not valid; 1.4 s; peak memory 1712 MiB.
2026-09-21T17:21:12Z INFO [36/500] 0c90815c-0753-48be-b290-065652c7a860: valid; 1.4 s; peak memory 1712 MiB.
2026-09-21T17:21:13Z INFO [37/500] 0c90c21e-d656-46b9-96df-ab2838e55e1c: valid; 1.4 s; peak memory 1712 MiB.
2026-09-21T17:21:14Z INFO [38/500] 0c90c912-80b6-4272-ab77-db9197656c73: valid; 1.1 s; peak memory 1712 MiB.
2026-09-21T17:21:15Z INFO [39/500] 0c90dc14-a18e-433b-9845-63a910891862: valid; 1.3 s; peak memory 1712 MiB.
2026-09-21T17:21:17Z INFO [40/500] 0c915dcd-c880-4b64-b8f6-6c7300948dfa: valid; 1.5 s; peak memory 1712 MiB.
2026-09-21T17:21:25Z INFO [41/500] 0c915e9d-d655-4a73-9473-3d297e169ac1: valid; 8.2 s; peak memory 1712 MiB.
2026-09-21T17:21:27Z INFO [42/500] 0c918999-95d0-4466-94ba-2cfde8d6bc1b: valid; 2.4 s; peak memory 1712 MiB.
2026-09-21T17:21:30Z INFO [43/500] 0c922276-7be6-41b7-9ebb-60681c97732b: valid; 2.9 s; peak memory 1712 MiB.
2026-09-21T17:21:36Z INFO [44/500] 0c92a3c7-b974-4012-ad31-9f136539c177: valid; 5.7 s; peak memory 1712 MiB.
2026-09-21T17:21:43Z INFO [45/500] 0c934369-5ad3-47e9-b15f-e865eceb9da1: valid; 7.4 s; peak memory 1735 MiB.
2026-09-21T17:21:48Z INFO [46/500] 0c93681a-bcac-4fbe-becd-1b61a83b21cc: valid; 4.8 s; peak memory 1759 MiB.
2026-09-21T17:21:49Z INFO [47/500] 0c93a211-ec70-42ce-96da-644f683e409f: valid; 1.2 s; peak memory 1760 MiB.
2026-09-21T17:21:50Z INFO [48/500] 0c93bfab-18df-43e7-868c-fb942541d398: valid; 0.7 s; peak memory 1761 MiB.
2026-09-21T17:21:51Z INFO [49/500] 0c93ddab-09c4-45b9-8921-a3658e1ea5f3: valid; 0.6 s; peak memory 1761 MiB.
2026-09-21T17:21:52Z INFO [50/500] 0c94bc20-9d80-43cf-b394-f1925c7deaa7: valid; 1.1 s; peak memory 1762 MiB.
2026-09-21T17:21:52Z INFO [50/500] 0c94bc20-9d80-43cf-b394-f1925c7deaa7: checkpointed 73060 records.
2026-09-21T17:21:53Z INFO [51/500] 0c94ee17-4b89-4b7c-90c0-7bd88c2c6af5: valid; 0.5 s; peak memory 1765 MiB.
2026-09-21T17:21:57Z INFO [52/500] 0c95f686-2fce-4c2c-8372-f5f4585fa37c: not valid; 4.1 s; peak memory 1769 MiB.
2026-09-21T17:21:57Z INFO [53/500] 0c96447d-5597-4880-ad2f-1d7b31485290: valid; 0.7 s; peak memory 1769 MiB.
2026-09-21T17:22:03Z INFO [54/500] 0c964493-32e3-42dc-9a7b-3e1bb534df7b: not valid; 5.1 s; peak memory 1791 MiB.
2026-09-21T17:22:05Z INFO [55/500] 0c9665b6-4d4f-4741-b058-0553b11ddfb1: valid; 2.1 s; peak memory 1792 MiB.
2026-09-21T17:22:07Z INFO [56/500] 0c969605-26b3-4f23-8da1-5d0f23b66451: not valid; 2.4 s; peak memory 1792 MiB.
2026-09-21T17:22:08Z INFO [57/500] 0c96bf7d-c763-4601-bc5d-01c4b3ef101a: valid; 0.6 s; peak memory 1792 MiB.
2026-09-21T17:22:09Z INFO [58/500] 0c96ea05-15c3-4387-b5d9-735c04689f40: valid; 1.0 s; peak memory 1792 MiB.
2026-09-21T17:22:09Z INFO [59/500] 0c975e47-fdf6-4ae6-8011-59f1445a8cca: valid; 0.7 s; peak memory 1792 MiB.
2026-09-21T17:22:10Z INFO [60/500] 0c97740f-4259-4181-a14a-2c6016c121ee: not valid; 0.9 s; peak memory 1792 MiB.
2026-09-21T17:22:11Z INFO [61/500] 0c97d371-ec3f-4a9c-a433-c2fd88ad6068: valid; 0.6 s; peak memory 1792 MiB.
2026-09-21T17:22:26Z INFO [62/500] 0c9858b7-3eaa-4962-8ed9-fac9894e6da7: not valid; 15.6 s; peak memory 1793 MiB.
2026-09-21T17:22:27Z INFO [63/500] 0c992412-8d38-413e-981a-bb7daf8ea8e4: valid; 0.5 s; peak memory 1793 MiB.
2026-09-21T17:22:38Z INFO [64/500] 0c99a0b4-003a-4b91-ac0a-bda9d63d6e92: valid; 11.2 s; peak memory 1793 MiB.
2026-09-21T17:22:39Z INFO [65/500] 0c99acd7-5fef-4e3e-b269-7e222d6bf605: not valid; 0.9 s; peak memory 1793 MiB.
2026-09-21T17:22:41Z INFO [66/500] 0c99acec-19ba-4394-83b8-0b913038d95d: valid; 1.6 s; peak memory 1793 MiB.
2026-09-21T17:22:43Z INFO [67/500] 0c9a0559-758d-4705-b2d9-831caf3e22c2: valid; 2.2 s; peak memory 1793 MiB.
2026-09-21T17:22:44Z INFO [68/500] 0c9a4c64-1ab1-458e-a988-f7d414fbbcb9: not valid; 0.8 s; peak memory 1793 MiB.
2026-09-21T17:22:45Z WARNING 0c9b1288-a59b-4bb1-bbc9-ef8e2190da08: failed while opening the NWB file (ConstructError: (root/acquisition/_iblmic_audioSpectrogram/bands GroupBuilder {'attributes': {'colnames': array(['freq'], dtype=object), 'description': 'spectogram frequencies', 'namespace': 'core', 'neurodata_type': 'FrequencyBandsTable', 'object_id': '6d089fd9-6544-4d1e-b0e3-7e18d15e375a'}, 'groups': {}, 'datasets': {'freq': root/acquisition/_iblmic_audioSpectrogram/bands/freq DatasetBuilder {'attributes': {'description': 'frequency value', 'namespace': 'hdmf-common', 'neurodata_type': 'VectorData', 'object_id': '320466c8-0fb1-4e3e-8f06-1a6807b9d9ce'}, 'data': <HDF5 dataset "freq": shape (257,), type "<f4">}, 'id': root/acquisition/_iblmic_audioSpectrogram/bands/id DatasetBuilder {'attributes': {'namespace': 'hdmf-common', 'neurodata_type': 'ElementIdentifiers', 'object_id': 'ec3d5e97-db90-46a0-a91a-74dc79dfbbaa'}, 'data': <HDF5 dataset "id": shape (257,), type "<i4">}}, 'links': {}}, "Could not construct FrequencyBandsTable object due to: column must have the same number of rows as 'id'"))
2026-09-21T17:22:45Z INFO [70/500] 0c9b3800-ac4e-4341-addb-7a92573a2b21: valid; 0.6 s; peak memory 1793 MiB.
2026-09-21T17:22:47Z INFO [71/500] 0c9b9e53-44d5-4a91-98ac-91d648b0163c: valid; 1.4 s; peak memory 1793 MiB.
2026-09-21T17:22:49Z INFO [72/500] 0c9c8dde-fa17-4a78-8cda-c1b7df8779de: valid; 2.0 s; peak memory 1793 MiB.
2026-09-21T17:22:50Z INFO [73/500] 0c9d001e-c43d-45c7-b6fe-d1af429a52a4: valid; 1.5 s; peak memory 1793 MiB.
2026-09-21T17:22:52Z INFO [74/500] 0c9d1ef4-f138-43f9-abc7-494438ecc23d: valid; 1.4 s; peak memory 1793 MiB.
2026-09-21T17:22:52Z INFO [75/500] 0c9d9838-b9c7-46f0-8575-130e736964a0: valid; 0.6 s; peak memory 1793 MiB.
2026-09-21T17:23:01Z INFO [76/500] 0c9df45c-d3f7-4b93-a3f4-5b93bd8387f9: not valid; 8.3 s; peak memory 1793 MiB.
2026-09-21T17:23:02Z INFO [77/500] 0c9e4d4a-d24b-46f7-84cf-bb1c50b289d1: not valid; 1.4 s; peak memory 1794 MiB.
2026-09-21T17:23:03Z INFO [78/500] 0c9e5114-b5e3-4a99-ba2d-5c3aba49be2e: valid; 1.5 s; peak memory 1796 MiB.
2026-09-21T17:23:04Z INFO [79/500] 0c9e8607-8d70-46da-aa33-116ed04e5af7: valid; 0.6 s; peak memory 1797 MiB.
2026-09-21T17:23:05Z INFO [80/500] 0c9ed46f-7820-4c98-bc18-249a1bc5651b: valid; 0.5 s; peak memory 1797 MiB.
2026-09-21T17:23:06Z INFO [81/500] 0c9efdd2-12a5-4500-8a9d-a8365efac770: valid; 1.7 s; peak memory 1799 MiB.
2026-09-21T17:23:07Z INFO [82/500] 0c9f1c15-311d-411d-8f2b-bb1bb79941b3: valid; 1.1 s; peak memory 1800 MiB.
2026-09-21T17:23:09Z INFO [83/500] 0c9f1e96-ed7b-44a5-b2a3-7a1f2977bd5d: valid; 1.3 s; peak memory 1800 MiB.
2026-09-21T17:23:10Z INFO [84/500] 0c9f80da-cb9e-4ad9-9124-0596ae3ebef1: not valid; 0.9 s; peak memory 1800 MiB.
2026-09-21T17:23:11Z INFO [85/500] 0ca0d493-ab94-40e3-b8d1-e3f44ed00f1b: not valid; 0.9 s; peak memory 1800 MiB.
2026-09-21T17:23:11Z INFO [86/500] 0ca13239-b128-459e-887c-cfb6a615a7f8: valid; 0.7 s; peak memory 1800 MiB.
2026-09-21T17:23:12Z INFO [87/500] 0ca1af61-a340-470b-af55-f682ab89c4f9: valid; 0.9 s; peak memory 1800 MiB.
2026-09-21T17:23:13Z INFO [88/500] 0ca2789d-d620-4874-afaa-ea7928aafe8c: valid; 0.6 s; peak memory 1800 MiB.
2026-09-21T17:23:22Z INFO [89/500] 0ca2aae7-becb-4500-9745-bcfbba902c5e: valid; 8.9 s; peak memory 1808 MiB.
2026-09-21T17:23:22Z INFO [90/500] 0ca30142-13c5-4aa0-8588-7212ff6ba0a4: valid; 0.5 s; peak memory 1808 MiB.
2026-09-21T17:23:28Z INFO [91/500] 0ca44c75-0ffa-4795-a239-5faf26c3276c: valid; 6.0 s; peak memory 1822 MiB.
2026-09-21T17:23:30Z INFO [92/500] 0ca478d2-3906-4172-8c06-d7691e51a7ee: valid; 1.4 s; peak memory 1824 MiB.
2026-09-21T17:23:39Z INFO [93/500] 0ca489dc-8c49-4444-a3ca-5298b181c683: valid; 9.1 s; peak memory 1855 MiB.
2026-09-21T17:23:39Z INFO [94/500] 0ca583e0-5190-4d42-b56b-79a77480d764: valid; 0.5 s; peak memory 1856 MiB.
2026-09-21T17:23:40Z INFO [95/500] 0ca5d8b2-d4cb-4372-81be-b3976818ef64: valid; 0.4 s; peak memory 1857 MiB.
2026-09-21T17:23:41Z INFO [96/500] 0ca66fab-77c9-434c-bcbb-088dc4618c90: valid; 0.8 s; peak memory 1857 MiB.
2026-09-21T17:23:41Z INFO [97/500] 0ca6803e-c0a6-49f8-b5fc-a1820abce9e5: valid; 0.7 s; peak memory 1858 MiB.
2026-09-21T17:23:42Z INFO [98/500] 0ca6a9b7-e2da-4fbb-ac9f-82e7df213443: valid; 0.6 s; peak memory 1858 MiB.
2026-09-21T17:23:43Z INFO [99/500] 0ca6af8a-dcaf-4580-9127-0b712b8a88df: valid; 1.2 s; peak memory 1859 MiB.
2026-09-21T17:23:44Z INFO [100/500] 0ca6c02b-cdd8-4353-80f7-ea7e99ec7f9a: not valid; 1.0 s; peak memory 1860 MiB.
2026-09-21T17:23:45Z INFO [100/500] 0ca6c02b-cdd8-4353-80f7-ea7e99ec7f9a: checkpointed 73110 records.
2026-09-21T17:23:45Z WARNING 0ca6f67c-8450-4562-bcac-03af3c38fa2e: failed while retrieving asset information from the DANDI API (NotFoundError: No asset at path 'sub-parkinson-simulated-beta/sub-parkinson-simulated-beta_ses-5218_ecephys.nwb' in version 0.250327.2220. Verify the path is correct and the asset exists in this version. Use 'dandi ls' to list available assets.)
2026-09-21T17:23:49Z INFO [102/500] 0ca7df4c-e21f-4188-b3bc-b2e2e8cb3115: valid; 4.1 s; peak memory 1878 MiB.
2026-09-21T17:23:51Z INFO [103/500] 0ca7f883-3a3f-4087-8d0c-029c8e98ee37: valid; 2.2 s; peak memory 1879 MiB.
2026-09-21T17:23:52Z INFO [104/500] 0ca913fd-c6ca-4142-9eb9-82537e4f7303: valid; 1.3 s; peak memory 1879 MiB.
2026-09-21T17:23:53Z INFO [105/500] 0caaa06c-58fa-47ee-810e-65e09c85ab2c: valid; 0.4 s; peak memory 1879 MiB.
2026-09-21T17:23:53Z INFO [106/500] 0caae806-5d7e-4b81-873c-dc23cd2381e9: valid; 0.7 s; peak memory 1879 MiB.
2026-09-21T17:23:54Z INFO [107/500] 0caaedce-7696-4563-815d-7ba5b0a35c95: valid; 0.6 s; peak memory 1879 MiB.
2026-09-21T17:24:00Z INFO [108/500] 0cab1578-d520-433a-9dac-acee68dfb0d9: valid; 6.2 s; peak memory 1990 MiB.
2026-09-21T17:24:00Z INFO [109/500] 0cab82fe-9bf6-4b97-b7f7-e35fa3ef5b87: valid; 0.5 s; peak memory 1990 MiB.
2026-09-21T17:24:04Z INFO [110/500] 0cabc989-dcdd-466d-bf9f-1b012d7b7423: not valid; 3.1 s; peak memory 1990 MiB.
2026-09-21T17:24:04Z INFO [111/500] 0cac1a92-c213-45a8-aad0-b38f2b30ce2a: not valid; 0.9 s; peak memory 1991 MiB.
2026-09-21T17:24:06Z INFO [112/500] 0cac9995-0d51-4763-a046-6303bb40dd44: valid; 1.2 s; peak memory 1991 MiB.
2026-09-21T17:24:08Z INFO [113/500] 0cad0f68-5304-48c7-a7f6-b0adaf66e41a: valid; 2.0 s; peak memory 1991 MiB.
2026-09-21T17:24:09Z INFO [114/500] 0cade163-c2e0-4ca1-88f9-a802b803a264: valid; 1.3 s; peak memory 1991 MiB.
2026-09-21T17:24:10Z INFO [115/500] 0cae0a41-48a4-4b84-8d3e-2d6aa23b8e87: valid; 1.3 s; peak memory 1991 MiB.
2026-09-21T17:24:12Z INFO [116/500] 0cae139a-b658-4048-9c44-98ea5240dab7: valid; 2.0 s; peak memory 1991 MiB.
2026-09-21T17:24:13Z INFO [117/500] 0caf61c8-aee5-4c1d-a648-e5354ca63bac: valid; 1.1 s; peak memory 1991 MiB.
2026-09-21T17:24:14Z INFO [118/500] 0caf94e2-05da-496d-b092-5a1d5dd00ab7: valid; 0.8 s; peak memory 1991 MiB.
2026-09-21T17:24:15Z WARNING 0cafbcce-8726-4be9-ab95-bcc546a45f33: failed while opening the NWB file (ConstructError: (root/acquisition/_iblmic_audioSpectrogram/bands GroupBuilder {'attributes': {'colnames': array(['freq'], dtype=object), 'description': 'spectogram frequencies', 'namespace': 'core', 'neurodata_type': 'FrequencyBandsTable', 'object_id': 'b81f2e6c-c757-4906-b10e-d82214e05991'}, 'groups': {}, 'datasets': {'freq': root/acquisition/_iblmic_audioSpectrogram/bands/freq DatasetBuilder {'attributes': {'description': 'frequency value', 'namespace': 'hdmf-common', 'neurodata_type': 'VectorData', 'object_id': '516d25ff-4d0a-4a1f-91fb-6909c0a3293f'}, 'data': <HDF5 dataset "freq": shape (257,), type "<f4">}, 'id': root/acquisition/_iblmic_audioSpectrogram/bands/id DatasetBuilder {'attributes': {'namespace': 'hdmf-common', 'neurodata_type': 'ElementIdentifiers', 'object_id': 'c37ef062-667d-47b8-8516-6b135c078c7e'}, 'data': <HDF5 dataset "id": shape (257,), type "<i4">}}, 'links': {}}, "Could not construct FrequencyBandsTable object due to: column must have the same number of rows as 'id'"))
2026-09-21T17:24:16Z INFO [120/500] 0cafd369-2eef-4504-b25c-0471ffc114c9: valid; 0.9 s; peak memory 1991 MiB.
2026-09-21T17:24:20Z INFO [121/500] 0cafd4ae-b95a-44ec-a556-05add1387130: not valid; 3.4 s; peak memory 1991 MiB.
2026-09-21T17:24:22Z INFO [122/500] 0cafe0d3-4359-4090-b642-b20aaac01c94: valid; 2.0 s; peak memory 1991 MiB.
2026-09-21T17:24:24Z INFO [123/500] 0cb00ea3-991b-4cac-8cfc-dd42e8abe33f: not valid; 2.5 s; peak memory 1991 MiB.
2026-09-21T17:24:25Z INFO [124/500] 0cb0ce39-d72b-4704-9f88-bc66a5c7c731: valid; 0.7 s; peak memory 1991 MiB.
2026-09-21T17:24:27Z INFO [125/500] 0cb11b79-8661-4414-bf05-7dc552eee4f8: not valid; 1.8 s; peak memory 1991 MiB.
2026-09-21T17:24:28Z WARNING 0cb1522f-c11f-482f-ad89-425a841f927e: failed while opening the NWB file (ConstructError: (root/acquisition/_iblmic_audioSpectrogram/bands GroupBuilder {'attributes': {'colnames': array(['freq'], dtype=object), 'description': 'spectogram frequencies', 'namespace': 'core', 'neurodata_type': 'FrequencyBandsTable', 'object_id': '0218ede3-5759-40bf-a627-81f001741de6'}, 'groups': {}, 'datasets': {'freq': root/acquisition/_iblmic_audioSpectrogram/bands/freq DatasetBuilder {'attributes': {'description': 'frequency value', 'namespace': 'hdmf-common', 'neurodata_type': 'VectorData', 'object_id': 'ae4da47e-4903-4a2c-88f5-4f3c255b50fe'}, 'data': <HDF5 dataset "freq": shape (257,), type "<f4">}, 'id': root/acquisition/_iblmic_audioSpectrogram/bands/id DatasetBuilder {'attributes': {'namespace': 'hdmf-common', 'neurodata_type': 'ElementIdentifiers', 'object_id': '23b0bb03-94cf-41be-9683-8ff8e79d933b'}, 'data': <HDF5 dataset "id": shape (257,), type "<i4">}}, 'links': {}}, "Could not construct FrequencyBandsTable object due to: column must have the same number of rows as 'id'"))
2026-09-21T17:24:29Z INFO [127/500] 0cb15af3-6f16-4b69-8d60-d964accad40f: not valid; 1.0 s; peak memory 1991 MiB.
2026-09-21T17:24:31Z INFO [128/500] 0cb1add9-a132-41d2-b51a-994a6d21ff8c: valid; 1.8 s; peak memory 1991 MiB.
2026-09-21T17:24:32Z INFO [129/500] 0cb1b0ec-bfd7-416d-83da-8d7f244eaacc: not valid; 1.0 s; peak memory 1991 MiB.
2026-09-21T17:24:32Z INFO [130/500] 0cb296af-b97f-457b-a243-a267148fd4ea: valid; 0.7 s; peak memory 1991 MiB.
2026-09-21T17:24:32Z WARNING 0cb3261b-7689-4c57-b0ba-111170376594: failed while retrieving asset information from the DANDI API (NotFoundError: No asset at path 'sub-F1/sub-F1_ses-20190411T210000_behavior+ophys.nwb' in version 0.260415.1712. Verify the path is correct and the asset exists in this version. Use 'dandi ls' to list available assets.)
2026-09-21T17:24:33Z INFO [132/500] 0cb3f9b5-0c65-4228-b6b3-cfc3fdbb4a4b: valid; 0.6 s; peak memory 1991 MiB.
2026-09-21T17:24:34Z INFO [133/500] 0cb42717-df88-4ca7-b4fc-66c694d6ae5b: not valid; 1.3 s; peak memory 1991 MiB.
2026-09-21T17:24:36Z INFO [134/500] 0cb48758-35c9-4f76-b675-40c9580f7d64: valid; 1.4 s; peak memory 1991 MiB.
2026-09-21T17:24:37Z WARNING 0cb4bfaa-5b31-4389-8dc0-161222e67eed: failed while opening the NWB file (ConstructError: (root/acquisition/_iblmic_audioSpectrogram/bands GroupBuilder {'attributes': {'colnames': array(['freq'], dtype=object), 'description': 'spectogram frequencies', 'namespace': 'core', 'neurodata_type': 'FrequencyBandsTable', 'object_id': '81b05703-9c8a-4fd6-acee-ca85536203de'}, 'groups': {}, 'datasets': {'freq': root/acquisition/_iblmic_audioSpectrogram/bands/freq DatasetBuilder {'attributes': {'description': 'frequency value', 'namespace': 'hdmf-common', 'neurodata_type': 'VectorData', 'object_id': 'eb268594-a85e-4dd5-96e4-6f9067f94bda'}, 'data': <HDF5 dataset "freq": shape (257,), type "<f4">}, 'id': root/acquisition/_iblmic_audioSpectrogram/bands/id DatasetBuilder {'attributes': {'namespace': 'hdmf-common', 'neurodata_type': 'ElementIdentifiers', 'object_id': 'd865b1a9-64d7-4ebb-85b7-2ed8fdf347f2'}, 'data': <HDF5 dataset "id": shape (257,), type "<i4">}}, 'links': {}}, "Could not construct FrequencyBandsTable object due to: column must have the same number of rows as 'id'"))
2026-09-21T17:24:38Z INFO [136/500] 0cb50ad4-a246-4121-8dac-9cc1160b4023: valid; 0.8 s; peak memory 1991 MiB.
2026-09-21T17:24:38Z INFO [137/500] 0cb6018c-007a-40dd-b5de-fd0117ac3299: valid; 0.7 s; peak memory 1991 MiB.
2026-09-21T17:24:40Z INFO [138/500] 0cb61ed4-f561-4f93-b14c-432de49e6619: valid; 1.8 s; peak memory 1991 MiB.
2026-09-21T17:24:41Z INFO [139/500] 0cb78b9e-5a60-4a42-856a-c1470d38ea91: valid; 1.3 s; peak memory 1991 MiB.
2026-09-21T17:24:43Z INFO [140/500] 0cb7c35d-23f6-4743-8e54-f12233484fd9: not valid; 2.0 s; peak memory 1991 MiB.
2026-09-21T17:24:45Z INFO [141/500] 0cb7ccaf-7c74-414b-ae72-4e1d8f9e04c1: valid; 1.9 s; peak memory 1991 MiB.
2026-09-21T17:24:46Z INFO [142/500] 0cb81fcb-95d9-4045-938d-372e7b5c2c6d: not valid; 0.8 s; peak memory 1991 MiB.
2026-09-21T17:24:47Z INFO [143/500] 0cb9539b-06dc-4fa1-99b6-5335e8cbf0cf: valid; 1.2 s; peak memory 1991 MiB.
2026-09-21T17:24:49Z INFO [144/500] 0cb99df3-ef1d-43a4-87f8-e75ce0b815ae: valid; 1.3 s; peak memory 1991 MiB.
2026-09-21T17:24:49Z INFO [145/500] 0cb9c43a-6610-4101-9bcb-a221055dd28e: valid; 0.5 s; peak memory 1991 MiB.
2026-09-21T17:24:51Z INFO [146/500] 0cba574d-cd88-46e7-aa14-08adf4e88878: valid; 2.1 s; peak memory 1991 MiB.
2026-09-21T17:24:53Z INFO [147/500] 0cba6224-5ca0-4e75-940a-6a3fc72d3f5c: valid; 2.1 s; peak memory 1991 MiB.
2026-09-21T17:24:55Z INFO [148/500] 0cbae780-a8b5-4caf-afa0-460218e004ba: valid; 1.5 s; peak memory 1991 MiB.
2026-09-21T17:24:56Z INFO [149/500] 0cbb05ef-ac17-47d0-bd80-43e32d51800c: valid; 0.9 s; peak memory 1991 MiB.
2026-09-21T17:24:57Z INFO [150/500] 0cbb3125-fc72-4a6a-999f-73818b3d07e7: valid; 1.3 s; peak memory 1991 MiB.
2026-09-21T17:24:57Z INFO [150/500] 0cbb3125-fc72-4a6a-999f-73818b3d07e7: checkpointed 73160 records.
2026-09-21T17:24:58Z INFO [151/500] 0cbb777a-a217-4422-8ce6-e97b1743e300: valid; 0.9 s; peak memory 1991 MiB.
2026-09-21T17:24:59Z INFO [152/500] 0cbb82d1-565d-4148-9b41-27975a2dc448: not valid; 1.0 s; peak memory 1991 MiB.
2026-09-21T17:25:00Z INFO [153/500] 0cbbd328-4a05-41c6-a388-23bee34ae855: valid; 0.8 s; peak memory 1991 MiB.
2026-09-21T17:25:01Z INFO [154/500] 0cbc33a0-f1c8-4bb9-911b-13003e7d860d: not valid; 1.0 s; peak memory 1991 MiB.
2026-09-21T17:25:02Z INFO [155/500] 0cbcc93b-6413-42a4-9ff2-192db81e59a9: valid; 1.1 s; peak memory 1991 MiB.
2026-09-21T17:25:04Z INFO [156/500] 0cbd268d-e2ff-4919-ab28-aafde7e83f56: valid; 1.5 s; peak memory 1991 MiB.
2026-09-21T17:25:04Z INFO [157/500] 0cbd8c0a-30c0-4b67-9c0b-cff0a6ba1f87: not valid; 0.6 s; peak memory 1991 MiB.
2026-09-21T17:25:06Z INFO [158/500] 0cbdeb16-eafa-4fdf-9dda-3bd5892a04ba: valid; 1.1 s; peak memory 1991 MiB.
2026-09-21T17:25:06Z INFO [159/500] 0cbe9f74-495d-46a9-b6dd-afe7e8a46450: valid; 0.8 s; peak memory 1991 MiB.
2026-09-21T17:25:09Z INFO [160/500] 0cbefada-23e8-44b6-a596-a67b21009594: not valid; 2.3 s; peak memory 1991 MiB.
2026-09-21T17:25:11Z INFO [161/500] 0cbefd5a-2284-4167-b2cd-bfd7aa5066a7: valid; 2.2 s; peak memory 1991 MiB.
2026-09-21T17:25:12Z INFO [162/500] 0cbf0247-8612-47d2-b9e1-ab0d7b03361e: valid; 1.1 s; peak memory 1991 MiB.
2026-09-21T17:25:13Z INFO [163/500] 0cbf33c8-0d31-4587-aa4d-6adc96eefc82: valid; 0.5 s; peak memory 1991 MiB.
2026-09-21T17:25:14Z INFO [164/500] 0cbfe541-294f-42e4-b142-b41b61d90ed8: valid; 1.9 s; peak memory 1991 MiB.
2026-09-21T17:26:07Z INFO [165/500] 0cc0b6b8-856b-4f8b-aa67-71f7f3e3a109: valid; 52.5 s; peak memory 2267 MiB.
2026-09-21T17:26:08Z INFO [166/500] 0cc0bc15-41f5-4fcf-aa44-ed1330bed371: valid; 1.3 s; peak memory 2267 MiB.
2026-09-21T17:26:09Z WARNING 0cc10933-3e1e-47a6-9707-fcb2a1a6a4ed: failed while opening the NWB file (ConstructError: (root/acquisition/event_code_meanings GroupBuilder {'attributes': {'colnames': array(['value', 'meaning'], dtype=object), 'description': 'Mapping integer event codes to event labels', 'namespace': 'ndx-events', 'neurodata_type': 'MeaningsTable', 'object_id': 'c7af8cdf-50ec-44b3-9684-2aa5ecf37801'}, 'groups': {}, 'datasets': {'id': root/acquisition/event_code_meanings/id DatasetBuilder {'attributes': {'namespace': 'hdmf-common', 'neurodata_type': 'ElementIdentifiers', 'object_id': '85cd58eb-3934-4b77-95e7-e5cb31835129'}, 'data': <HDF5 dataset "id": shape (26,), type "<i8">}, 'meaning': root/acquisition/event_code_meanings/meaning DatasetBuilder {'attributes': {'description': 'The meaning of the value in the parent CategoricalVectorData object.', 'namespace': 'hdmf-experimental', 'neurodata_type': 'VectorData', 'object_id': '55ec6c68-ecdc-4a7d-befb-61046552a998'}, 'data': <StrDataset for HDF5 dataset "meaning": shape (26,), type "|O">}, 'value': root/acquisition/event_code_meanings/value DatasetBuilder {'attributes': {'description': 'The value of the parent CategoricalVectorData object.', 'namespace': 'hdmf-experimental', 'neurodata_type': 'VectorData', 'object_id': 'db643a99-9c0c-41a0-aba4-0c2a7bea7d1c'}, 'data': <HDF5 dataset "value": shape (26,), type "<i8">}}, 'links': {}}, "Could not construct MeaningsTable object due to: MeaningsTable.__init__: missing argument 'target'"))
2026-09-21T17:26:10Z INFO [168/500] 0cc1beb6-692b-499a-83c7-906fccfbbfe1: valid; 1.1 s; peak memory 2267 MiB.
2026-09-21T17:26:11Z INFO [169/500] 0cc203e6-6a52-4adf-9169-437802d79c52: valid; 1.0 s; peak memory 2267 MiB.
2026-09-21T17:26:16Z INFO [170/500] 0cc2eafe-74e9-49c7-860c-f43d345609ce: not valid; 5.0 s; peak memory 2267 MiB.
2026-09-21T17:26:18Z INFO [171/500] 0cc2fd16-bfe7-4050-8a6c-77ca8a1590e3: valid; 1.2 s; peak memory 2267 MiB.
2026-09-21T17:26:18Z INFO [172/500] 0cc36828-d02c-4762-acb6-6d4c40d815da: not valid; 0.8 s; peak memory 2267 MiB.
2026-09-21T17:26:20Z INFO [173/500] 0cc36ec6-9d3c-421b-a3b6-2b2f5e07e493: not valid; 1.0 s; peak memory 2267 MiB.
2026-09-21T17:26:20Z INFO [174/500] 0cc395a0-3461-41ee-877e-8450c51b2ba1: valid; 0.8 s; peak memory 2267 MiB.
2026-09-21T17:26:22Z INFO [175/500] 0cc3b4c0-2cd8-4a0b-a4fe-61f11e97a7ba: valid; 1.3 s; peak memory 2284 MiB.
2026-09-21T17:26:23Z INFO [176/500] 0cc3be3a-bdbb-44e4-b407-50732a634a4f: valid; 1.3 s; peak memory 2284 MiB.
2026-09-21T17:26:24Z INFO [177/500] 0cc463ca-3c18-4729-943c-31f8edda19b9: not valid; 1.0 s; peak memory 2284 MiB.
2026-09-21T17:26:26Z INFO [178/500] 0cc46824-e998-453f-8cba-02864eab0cf0: valid; 1.7 s; peak memory 2284 MiB.
2026-09-21T17:26:27Z INFO [179/500] 0cc488ba-7a71-46e9-9f71-c0ff6ec49fb5: not valid; 0.8 s; peak memory 2284 MiB.
2026-09-21T17:26:34Z INFO [180/500] 0cc5c820-2972-4c4e-89d7-8cd7ce5ad162: valid; 7.2 s; peak memory 2284 MiB.
2026-09-21T17:26:35Z INFO [181/500] 0cc634cb-7eb8-4b0c-8522-8c5506e67632: not valid; 0.8 s; peak memory 2284 MiB.
2026-09-21T17:26:40Z INFO [182/500] 0cc63ef1-296d-41d0-8edf-a2e051d4c83c: valid; 5.7 s; peak memory 2284 MiB.
2026-09-21T17:26:41Z INFO [183/500] 0cc6bc1e-15bb-4aad-9b15-54aa58e4ad06: valid; 0.8 s; peak memory 2284 MiB.
2026-09-21T17:26:42Z INFO [184/500] 0cc6c406-fd42-4177-ab33-42b5d39a5c7a: valid; 0.5 s; peak memory 2284 MiB.
2026-09-21T17:26:43Z WARNING 0cc76c39-c2f3-4b5b-bcc8-e012406900f8: failed while opening the NWB file (ConstructError: (root/acquisition/_iblmic_audioSpectrogram/bands GroupBuilder {'attributes': {'colnames': array(['freq'], dtype=object), 'description': 'spectogram frequencies', 'namespace': 'core', 'neurodata_type': 'FrequencyBandsTable', 'object_id': 'a3efdd0b-76e8-4043-88fe-67a628486336'}, 'groups': {}, 'datasets': {'freq': root/acquisition/_iblmic_audioSpectrogram/bands/freq DatasetBuilder {'attributes': {'description': 'frequency value', 'namespace': 'hdmf-common', 'neurodata_type': 'VectorData', 'object_id': 'd7e5700f-d84a-4cdf-9644-472a81c20527'}, 'data': <HDF5 dataset "freq": shape (257,), type "<f4">}, 'id': root/acquisition/_iblmic_audioSpectrogram/bands/id DatasetBuilder {'attributes': {'namespace': 'hdmf-common', 'neurodata_type': 'ElementIdentifiers', 'object_id': 'b05729c5-a119-4a2c-ab20-ce2ec29c29c9'}, 'data': <HDF5 dataset "id": shape (257,), type "<i4">}}, 'links': {}}, "Could not construct FrequencyBandsTable object due to: column must have the same number of rows as 'id'"))
2026-09-21T17:26:44Z INFO [186/500] 0cc84578-35b8-4ebe-8ba8-f1c76ebb149e: not valid; 0.9 s; peak memory 2284 MiB.
2026-09-21T17:26:45Z INFO [187/500] 0cc8a28c-60cb-41dc-8403-0849bb3b6db7: valid; 1.5 s; peak memory 2284 MiB.
2026-09-21T17:26:47Z INFO [188/500] 0cc90d90-73be-4996-b0d3-ed37b0740f50: not valid; 2.3 s; peak memory 2284 MiB.
2026-09-21T17:26:48Z INFO [189/500] 0cc9db5e-e6fb-4cb9-8b8d-d8c28720f148: valid; 0.6 s; peak memory 2284 MiB.
2026-09-21T17:26:49Z WARNING 0cca4a42-8785-40a3-8924-0f4e226bd094: failed while opening the NWB file (ConstructError: (root/acquisition/_iblmic_audioSpectrogram/bands GroupBuilder {'attributes': {'colnames': array(['freq'], dtype=object), 'description': 'spectogram frequencies', 'namespace': 'core', 'neurodata_type': 'FrequencyBandsTable', 'object_id': '64279533-5f1a-4b64-bc94-703f0cc7f4f9'}, 'groups': {}, 'datasets': {'freq': root/acquisition/_iblmic_audioSpectrogram/bands/freq DatasetBuilder {'attributes': {'description': 'frequency value', 'namespace': 'hdmf-common', 'neurodata_type': 'VectorData', 'object_id': '57ebf376-cb8b-468b-b1eb-caca258009e5'}, 'data': <HDF5 dataset "freq": shape (257,), type "<f4">}, 'id': root/acquisition/_iblmic_audioSpectrogram/bands/id DatasetBuilder {'attributes': {'namespace': 'hdmf-common', 'neurodata_type': 'ElementIdentifiers', 'object_id': 'a2067672-c671-4aed-a5f0-1e54eb086d76'}, 'data': <HDF5 dataset "id": shape (257,), type "<i4">}}, 'links': {}}, "Could not construct FrequencyBandsTable object due to: column must have the same number of rows as 'id'"))
2026-09-21T17:26:50Z INFO [191/500] 0cca56eb-69cc-40e5-ae3c-11b6007516f7: valid; 0.6 s; peak memory 2284 MiB.
2026-09-21T17:26:51Z INFO [192/500] 0ccae657-a46d-4148-9d86-de67833e1ef3: valid; 0.9 s; peak memory 2284 MiB.
2026-09-21T17:26:51Z INFO [193/500] 0ccb5a58-6abd-4681-b37b-f338b5a99279: valid; 0.5 s; peak memory 2284 MiB.
2026-09-21T17:26:52Z INFO [194/500] 0ccd16e3-ef1a-4015-804a-0db8ff95f1ef: valid; 1.1 s; peak memory 2284 MiB.
2026-09-21T17:26:53Z INFO [195/500] 0ccd3b5c-5f4a-4a10-970c-d4bd90c6e846: valid; 1.0 s; peak memory 2284 MiB.
2026-09-21T17:26:54Z INFO [196/500] 0ccd9b2e-9aa3-46d5-8f99-aa5ce0bda872: valid; 1.0 s; peak memory 2284 MiB.
2026-09-21T17:26:56Z INFO [197/500] 0ccdfb58-7a56-4c9b-a45b-e222b9f0777f: valid; 1.7 s; peak memory 2284 MiB.
2026-09-21T17:26:58Z INFO [198/500] 0ccdfc04-0040-412f-bd16-f7bb478b4f56: valid; 2.1 s; peak memory 2284 MiB.
2026-09-21T17:26:59Z INFO [199/500] 0cce0da8-a454-4ff7-8670-01104465a18f: valid; 0.7 s; peak memory 2284 MiB.
2026-09-21T17:26:59Z INFO [200/500] 0cce202c-411a-413d-bd5c-e4b4d4b4839d: valid; 0.5 s; peak memory 2284 MiB.
2026-09-21T17:27:00Z INFO [200/500] 0cce202c-411a-413d-bd5c-e4b4d4b4839d: checkpointed 73210 records.
2026-09-21T17:27:00Z INFO [201/500] 0cce4594-6f28-4b71-853b-761bf761b198: valid; 0.5 s; peak memory 2284 MiB.
2026-09-21T17:27:01Z INFO [202/500] 0cce6bc1-9f75-4d9c-9bf6-a056c86a0066: not valid; 1.1 s; peak memory 2284 MiB.
2026-09-21T17:27:02Z INFO [203/500] 0ccf51ea-7275-4f34-9731-39cc60245b75: not valid; 1.0 s; peak memory 2284 MiB.
2026-09-21T17:27:03Z WARNING 0ccfd093-f193-4e7c-ae61-44435aa008d1: failed while opening the NWB file (ValueError: Cannot resolve included group spec 'electrodes' with data_type_inc 'ElectrodesTable' because a group spec with the same name already exists with data_type_inc 'DynamicTable', and data type 'DynamicTable' is not a child type of data type 'ElectrodesTable'.)
2026-09-21T17:27:08Z INFO [205/500] 0ccfeb40-4d35-4283-9f37-d80020df3176: valid; 4.5 s; peak memory 2286 MiB.
2026-09-21T17:27:09Z INFO [206/500] 0cd037b8-4b81-4e4a-abd2-62b48fd50ef2: not valid; 0.8 s; peak memory 2286 MiB.
2026-09-21T17:27:09Z INFO [207/500] 0cd0935b-eb4a-4056-b772-8e7be884e767: valid; 0.6 s; peak memory 2286 MiB.
2026-09-21T17:27:10Z INFO [208/500] 0cd0c344-306e-4238-8896-fcad7a40bd63: valid; 1.3 s; peak memory 2287 MiB.
2026-09-21T17:27:11Z WARNING 0cd1080c-0a2a-4714-9351-8170574fa777: failed while opening the NWB file (ConstructError: (root/acquisition/_iblmic_audioSpectrogram/bands GroupBuilder {'attributes': {'colnames': array(['freq'], dtype=object), 'description': 'spectogram frequencies', 'namespace': 'core', 'neurodata_type': 'FrequencyBandsTable', 'object_id': '32f8ab4e-6776-4ae6-9ee5-e19736b8c259'}, 'groups': {}, 'datasets': {'freq': root/acquisition/_iblmic_audioSpectrogram/bands/freq DatasetBuilder {'attributes': {'description': 'frequency value', 'namespace': 'hdmf-common', 'neurodata_type': 'VectorData', 'object_id': 'ebf4e3a9-dd0c-465e-9d5c-c793cbf89cc0'}, 'data': <HDF5 dataset "freq": shape (257,), type "<f4">}, 'id': root/acquisition/_iblmic_audioSpectrogram/bands/id DatasetBuilder {'attributes': {'namespace': 'hdmf-common', 'neurodata_type': 'ElementIdentifiers', 'object_id': 'db8ec217-457b-4323-9882-45e12f5c5183'}, 'data': <HDF5 dataset "id": shape (257,), type "<i4">}}, 'links': {}}, "Could not construct FrequencyBandsTable object due to: column must have the same number of rows as 'id'"))
2026-09-21T17:27:13Z INFO [210/500] 0cd12701-30e9-4839-a36f-4bd2b3446a6b: not valid; 1.1 s; peak memory 2288 MiB.
2026-09-21T17:27:13Z INFO [211/500] 0cd12f14-0cee-45c0-a9ba-b09a68d9e4f6: not valid; 0.7 s; peak memory 2290 MiB.
2026-09-21T17:27:14Z INFO [212/500] 0cd137a3-ca08-4267-81aa-96b3236acf3d: valid; 0.5 s; peak memory 2291 MiB.
2026-09-21T17:27:14Z INFO [213/500] 0cd14c4d-260f-4399-b6b5-d8101522d075: valid; 0.7 s; peak memory 2291 MiB.
2026-09-21T17:27:22Z INFO [214/500] 0cd16cc3-ac83-461b-a110-2655c05fcbae: valid; 7.7 s; peak memory 2302 MiB.
2026-09-21T17:27:23Z INFO [215/500] 0cd1f00c-1924-4118-91cc-d956d9da5f16: valid; 1.0 s; peak memory 2304 MiB.
2026-09-21T17:27:24Z INFO [216/500] 0cd21d3e-1591-49e2-807c-a79b370307a9: valid; 0.7 s; peak memory 2305 MiB.
2026-09-21T17:27:25Z INFO [217/500] 0cd308e4-b71b-4842-952d-d7de743d79ee: not valid; 0.8 s; peak memory 2305 MiB.
2026-09-21T17:27:26Z INFO [218/500] 0cd37d3d-c614-4a6f-aff9-d66f76c5bb0b: not valid; 1.1 s; peak memory 2306 MiB.
2026-09-21T17:27:28Z INFO [219/500] 0cd3c0b7-befa-4a16-b24e-86adf64299f2: valid; 1.7 s; peak memory 2308 MiB.
2026-09-21T17:27:28Z INFO [220/500] 0cd4feb3-0fbb-4b42-83be-2ddf804c572b: not valid; 0.7 s; peak memory 2308 MiB.
2026-09-21T17:27:29Z INFO [221/500] 0cd5c7aa-37e4-4d41-a510-5b1c7cc8fabc: valid; 1.0 s; peak memory 2309 MiB.
2026-09-21T17:27:31Z INFO [222/500] 0cd5e642-4064-4829-a62c-afeb4a4be98e: valid; 1.8 s; peak memory 2311 MiB.
2026-09-21T17:27:31Z WARNING 0cd6a3b7-b46f-4b6b-989d-5ee6b99607a1: failed while retrieving asset information from the DANDI API (NotFoundError: No asset at path 'sub-02/sub-02_ses-20160213T153700_obj-1f4urbp_behavior+ecephys.nwb' in version 0.250815.1108. Verify the path is correct and the asset exists in this version. Use 'dandi ls' to list available assets.)
2026-09-21T17:27:32Z INFO [224/500] 0cd6e9d2-3808-4e17-9d9f-2b5c7e7054de: not valid; 0.9 s; peak memory 2313 MiB.
2026-09-21T17:27:33Z INFO [225/500] 0cd7d428-1b53-483f-b066-3439c2585bd9: valid; 0.6 s; peak memory 2313 MiB.
2026-09-21T17:27:34Z INFO [226/500] 0cd8d370-a436-47b5-9e50-4b518c1a234d: valid; 1.3 s; peak memory 2316 MiB.
2026-09-21T17:27:43Z INFO [227/500] 0cd9dcc9-0508-4bfe-a217-7e0946f17926: valid; 8.9 s; peak memory 2327 MiB.
2026-09-21T17:27:44Z INFO [228/500] 0cda266e-5667-4536-8583-16b4ae966afa: not valid; 0.9 s; peak memory 2328 MiB.
2026-09-21T17:27:46Z INFO [229/500] 0cda32c1-f8bd-43a5-8343-91acaf903acc: valid; 2.1 s; peak memory 2330 MiB.
2026-09-21T17:27:47Z INFO [230/500] 0cda8fcc-6379-4176-a309-dd6fb3ee150e: not valid; 0.9 s; peak memory 2331 MiB.
2026-09-21T17:27:48Z WARNING 0cdb30b2-839f-47d3-88cb-2f92876466da: failed while opening the NWB file (ConstructError: (root/acquisition/_iblmic_audioSpectrogram/bands GroupBuilder {'attributes': {'colnames': array(['freq'], dtype=object), 'description': 'spectogram frequencies', 'namespace': 'core', 'neurodata_type': 'FrequencyBandsTable', 'object_id': '89333254-6b08-4aee-a18d-3503221d781a'}, 'groups': {}, 'datasets': {'freq': root/acquisition/_iblmic_audioSpectrogram/bands/freq DatasetBuilder {'attributes': {'description': 'frequency value', 'namespace': 'hdmf-common', 'neurodata_type': 'VectorData', 'object_id': 'f2e8a3f9-621b-4c72-9ab6-c004b9538ee0'}, 'data': <HDF5 dataset "freq": shape (257,), type "<f4">}, 'id': root/acquisition/_iblmic_audioSpectrogram/bands/id DatasetBuilder {'attributes': {'namespace': 'hdmf-common', 'neurodata_type': 'ElementIdentifiers', 'object_id': '95565a45-2e6a-43b9-badf-e003c3c76408'}, 'data': <HDF5 dataset "id": shape (257,), type "<i4">}}, 'links': {}}, "Could not construct FrequencyBandsTable object due to: column must have the same number of rows as 'id'"))
2026-09-21T17:27:52Z INFO [232/500] 0cdb59f5-5c0f-4cb8-a2b9-85029f87379a: valid; 3.7 s; peak memory 2340 MiB.
2026-09-21T17:27:52Z INFO [233/500] 0cdb73c9-3b3b-4654-b34c-1217879b0484: valid; 0.7 s; peak memory 2341 MiB.
2026-09-21T17:27:54Z INFO [234/500] 0cdb7600-4b70-4455-b9c1-5c344ce7a82f: not valid; 2.1 s; peak memory 2345 MiB.
2026-09-21T17:27:55Z INFO [235/500] 0cdbcd84-424e-4a1b-88a3-8ab4daffdf46: valid; 0.6 s; peak memory 2345 MiB.
2026-09-21T17:27:56Z INFO [236/500] 0cdc095b-03bc-4cf4-9a4c-a1cec815b236: valid; 0.6 s; peak memory 2346 MiB.
2026-09-21T17:27:56Z INFO [237/500] 0cdc1bd3-fdc9-4e45-ae5e-c89b9d1d5bae: valid; 0.6 s; peak memory 2346 MiB.
2026-09-21T17:27:59Z INFO [238/500] 0cdc5e7f-b24a-4974-b542-45fa90dcfdc2: not valid; 2.4 s; peak memory 2349 MiB.
2026-09-21T17:27:59Z INFO [239/500] 0cdcb4a2-8039-4e15-84b4-ef80b03d3e22: valid; 0.4 s; peak memory 2350 MiB.
2026-09-21T17:28:00Z INFO [240/500] 0cdccbd7-7593-413c-a011-abfa7c5ea3f2: valid; 0.6 s; peak memory 2351 MiB.
2026-09-21T17:28:01Z INFO [241/500] 0cdcdff2-c8cc-495b-a8f0-00245357af75: valid; 1.0 s; peak memory 2352 MiB.
2026-09-21T17:28:01Z INFO [242/500] 0cdd32e2-b4fa-4dc9-842e-cf9a8111d4e0: valid; 0.7 s; peak memory 2354 MiB.
2026-09-21T17:28:02Z INFO [243/500] 0cdd4f0c-21a9-45d0-92bd-f07d11f5eff4: valid; 0.8 s; peak memory 2355 MiB.
2026-09-21T17:28:03Z INFO [244/500] 0cde1b68-3468-4d1e-b975-ac36a7276dfd: valid; 1.2 s; peak memory 2356 MiB.
2026-09-21T17:28:05Z INFO [245/500] 0cde5686-7487-4305-8996-143677f9e7a2: valid; 1.8 s; peak memory 2360 MiB.
2026-09-21T17:28:08Z INFO [246/500] 0cde5a57-630b-4183-8b50-cb343297b31e: valid; 2.9 s; peak memory 2373 MiB.
2026-09-21T17:28:16Z INFO [247/500] 0cde7fa1-b263-4a7f-ab24-3288ae848530: valid; 7.6 s; peak memory 2389 MiB.
2026-09-21T17:28:20Z INFO [248/500] 0cdf512b-701e-4634-95c3-839dc63e016e: valid; 4.7 s; peak memory 2409 MiB.
2026-09-21T17:28:21Z INFO [249/500] 0cdfa2d8-95e5-40e2-b968-30778e40f638: valid; 0.6 s; peak memory 2410 MiB.
2026-09-21T17:28:21Z INFO [250/500] 0cdfa478-8c0e-4795-bffe-d8cdd063db06: valid; 0.5 s; peak memory 2410 MiB.
2026-09-21T17:28:22Z INFO [250/500] 0cdfa478-8c0e-4795-bffe-d8cdd063db06: checkpointed 73260 records.
2026-09-21T17:28:24Z INFO [251/500] 0ce0b532-5749-48d3-b7d5-e4325d5b6c88: valid; 2.0 s; peak memory 2415 MiB.
2026-09-21T17:28:25Z INFO [252/500] 0ce1bec7-82e2-4f20-98a2-35ddfeee454f: valid; 0.9 s; peak memory 2417 MiB.
2026-09-21T17:28:25Z INFO [253/500] 0ce24ea7-ad86-4605-a35a-1aff5cde1971: valid; 0.6 s; peak memory 2419 MiB.
2026-09-21T17:28:27Z INFO [254/500] 0ce29560-7c54-4abb-8e2f-2b441b741328: valid; 1.1 s; peak memory 2428 MiB.
2026-09-21T17:28:28Z INFO [255/500] 0ce2a022-d735-4fba-ad75-caa662b48ef0: valid; 1.6 s; peak memory 2440 MiB.
2026-09-21T17:28:29Z WARNING 0ce2d112-e864-47b1-a6ee-56d7ee3a4d2e: failed while opening the NWB file (ConstructError: (root/acquisition/_iblmic_audioSpectrogram/bands GroupBuilder {'attributes': {'colnames': array(['freq'], dtype=object), 'description': 'spectogram frequencies', 'namespace': 'core', 'neurodata_type': 'FrequencyBandsTable', 'object_id': '50ecc884-7418-4589-b480-20e6bb047258'}, 'groups': {}, 'datasets': {'freq': root/acquisition/_iblmic_audioSpectrogram/bands/freq DatasetBuilder {'attributes': {'description': 'frequency value', 'namespace': 'hdmf-common', 'neurodata_type': 'VectorData', 'object_id': 'dfd3c95d-b4cd-4a07-9d2f-7ff5e1c8619e'}, 'data': <HDF5 dataset "freq": shape (257,), type "<f4">}, 'id': root/acquisition/_iblmic_audioSpectrogram/bands/id DatasetBuilder {'attributes': {'namespace': 'hdmf-common', 'neurodata_type': 'ElementIdentifiers', 'object_id': '0dc3dbde-c2b8-4e36-8b14-e347250c9c41'}, 'data': <HDF5 dataset "id": shape (257,), type "<i4">}}, 'links': {}}, "Could not construct FrequencyBandsTable object due to: column must have the same number of rows as 'id'"))
2026-09-21T17:28:31Z INFO [257/500] 0ce2f52a-d0de-4253-be7f-af66ffabffd3: valid; 1.5 s; peak memory 2447 MiB.
2026-09-21T17:28:32Z INFO [258/500] 0ce34447-0446-481b-b865-008b6869965c: valid; 1.1 s; peak memory 2447 MiB.
2026-09-21T17:28:33Z INFO [259/500] 0ce3a5dc-25af-4015-94f8-bbaea97c1735: not valid; 0.9 s; peak memory 2447 MiB.
2026-09-21T17:28:34Z INFO [260/500] 0ce48400-18c5-4bea-b164-adbee9153be7: not valid; 1.6 s; peak memory 2447 MiB.
2026-09-21T17:28:35Z INFO [261/500] 0ce531df-372e-4d79-a740-9f21b15c77a3: not valid; 0.8 s; peak memory 2447 MiB.
2026-09-21T17:28:36Z INFO [262/500] 0ce5860a-5329-4afa-8624-97ec476d89ec: valid; 0.6 s; peak memory 2447 MiB.
2026-09-21T17:28:36Z INFO [263/500] 0ce597f5-730c-4425-a9d7-1ff34375f570: valid; 0.6 s; peak memory 2447 MiB.
2026-09-21T17:28:37Z INFO [264/500] 0ce5bdc7-0df2-4c2d-87f0-fc237b580a10: valid; 0.7 s; peak memory 2447 MiB.
2026-09-21T17:28:39Z INFO [265/500] 0ce6487c-4df4-4a41-87a2-dae62e5e4180: valid; 2.4 s; peak memory 2447 MiB.
2026-09-21T17:28:41Z INFO [266/500] 0ce6e0a2-1499-4e17-9bf7-5e4882fb6176: valid; 1.9 s; peak memory 2447 MiB.
2026-09-21T17:28:45Z INFO [267/500] 0ce729b8-7238-4f09-b177-0c9f3e45b3c6: not valid; 3.5 s; peak memory 2447 MiB.
2026-09-21T17:28:45Z INFO [268/500] 0ce748b7-c2b9-42bf-a1b8-0ef682eb1a30: valid; 0.6 s; peak memory 2447 MiB.
2026-09-21T17:28:46Z INFO [269/500] 0ce787a6-2a7f-4e65-9fd9-6517a4b195b8: valid; 0.5 s; peak memory 2447 MiB.
2026-09-21T17:28:52Z INFO [270/500] 0ce78e5e-3f47-4d41-998d-49587c874637: not valid; 6.4 s; peak memory 2448 MiB.
2026-09-21T17:28:54Z INFO [271/500] 0ce7d61c-a2fb-42d3-be11-4824c956f430: valid; 1.8 s; peak memory 2448 MiB.
2026-09-21T17:28:56Z INFO [272/500] 0ce81479-6b55-407a-aedd-9a99dde3eb53: not valid; 1.7 s; peak memory 2448 MiB.
2026-09-21T17:28:56Z INFO [273/500] 0ce87d2c-6b48-48cc-92e6-2f14b4067d2f: valid; 0.5 s; peak memory 2448 MiB.
2026-09-21T17:28:58Z WARNING 0ce8b000-f2c9-44cd-b38a-e2b726c55c84: failed while opening the NWB file (ConstructError: (root/acquisition/_iblmic_audioSpectrogram/bands GroupBuilder {'attributes': {'colnames': array(['freq'], dtype=object), 'description': 'spectogram frequencies', 'namespace': 'core', 'neurodata_type': 'FrequencyBandsTable', 'object_id': '6d6b8a58-365c-4aba-a876-487aa766526b'}, 'groups': {}, 'datasets': {'freq': root/acquisition/_iblmic_audioSpectrogram/bands/freq DatasetBuilder {'attributes': {'description': 'frequency value', 'namespace': 'hdmf-common', 'neurodata_type': 'VectorData', 'object_id': '4f039f69-b049-4f58-acf5-61781d42f485'}, 'data': <HDF5 dataset "freq": shape (257,), type "<f4">}, 'id': root/acquisition/_iblmic_audioSpectrogram/bands/id DatasetBuilder {'attributes': {'namespace': 'hdmf-common', 'neurodata_type': 'ElementIdentifiers', 'object_id': 'ac567fa2-146c-4ecd-adf1-73350e2e5380'}, 'data': <HDF5 dataset "id": shape (257,), type "<i4">}}, 'links': {}}, "Could not construct FrequencyBandsTable object due to: column must have the same number of rows as 'id'"))
2026-09-21T17:28:58Z INFO [275/500] 0ce99c72-bb27-48d3-9a3b-f5cb90aefaf7: valid; 0.6 s; peak memory 2448 MiB.
2026-09-21T17:29:01Z INFO [276/500] 0ce9e562-dc7c-45db-96e1-cc597104a8b7: not valid; 2.7 s; peak memory 2453 MiB.
2026-09-21T17:29:02Z INFO [277/500] 0cea94f7-0c70-4db2-9b22-2a6d63dbbe8e: not valid; 1.0 s; peak memory 2457 MiB.
2026-09-21T17:29:03Z INFO [278/500] 0ceb7094-1f6f-4bec-b44e-2bb26dc4e454: valid; 1.1 s; peak memory 2461 MiB.
2026-09-21T17:29:04Z INFO [279/500] 0cebb049-83f7-4c58-af08-1a94c367d5ca: not valid; 0.8 s; peak memory 2464 MiB.
2026-09-21T17:29:05Z INFO [280/500] 0cec5586-7a98-452c-9c9e-f659aea5abb4: valid; 1.4 s; peak memory 2469 MiB.
2026-09-21T17:29:06Z INFO [281/500] 0cecb3f3-b122-403b-95a4-bfe902dfee00: valid; 1.1 s; peak memory 2494 MiB.
2026-09-21T17:29:08Z INFO [282/500] 0ced536b-e0f8-46d9-b471-d3fd5448a6c4: valid; 1.9 s; peak memory 2494 MiB.
2026-09-21T17:29:11Z INFO [283/500] 0ced6c04-851d-4f0a-86bb-fabd53b83de9: valid; 2.7 s; peak memory 2494 MiB.
2026-09-21T17:29:25Z INFO [284/500] 0cedcf53-1f85-4d3f-a3d6-c2c5f99918cf: valid; 13.9 s; peak memory 2494 MiB.
2026-09-21T17:29:32Z INFO [285/500] 0cee0278-c7db-45bf-b52f-0573dbfc01ac: valid; 7.4 s; peak memory 2499 MiB.
2026-09-21T17:29:33Z INFO [286/500] 0cee27c9-96a0-41e1-9436-0e36c94d2833: not valid; 0.9 s; peak memory 2500 MiB.
2026-09-21T17:29:34Z INFO [287/500] 0cee3301-a29c-4194-a50e-76d9ee2492ce: not valid; 0.5 s; peak memory 2501 MiB.
2026-09-21T17:29:35Z INFO [288/500] 0cef27b5-43df-4120-b8dc-8a4bc591ce5c: not valid; 1.0 s; peak memory 2502 MiB.
2026-09-21T17:29:36Z INFO [289/500] 0cf02b80-5fac-48e5-a75d-9f7aad954887: valid; 1.1 s; peak memory 2508 MiB.
2026-09-21T17:29:37Z INFO [290/500] 0cf050c7-7758-47bb-a792-6b7b4142b284: not valid; 0.9 s; peak memory 2508 MiB.
2026-09-21T17:29:47Z INFO [291/500] 0cf07aef-d7f5-4651-9890-0028797e53a2: valid; 10.2 s; peak memory 2532 MiB.
2026-09-21T17:29:47Z INFO [292/500] 0cf0b459-56af-45ee-abe6-6ef97b0abfb3: valid; 0.4 s; peak memory 2532 MiB.
2026-09-21T17:29:49Z INFO [293/500] 0cf0d4f5-e3b9-4994-b4db-3686a7679e2b: valid; 1.9 s; peak memory 2534 MiB.
2026-09-21T17:29:50Z INFO [294/500] 0cf19367-0df8-4bb9-84ff-c1ab0067bd97: not valid; 0.8 s; peak memory 2534 MiB.
2026-09-21T17:29:51Z INFO [295/500] 0cf1c2df-c8bd-40ee-98e2-c24e0094e6ad: valid; 0.7 s; peak memory 2535 MiB.
2026-09-21T17:29:51Z INFO [296/500] 0cf1f35d-f1de-4ad7-8b5f-f35b791e3bb5: valid; 0.6 s; peak memory 2536 MiB.
2026-09-21T17:29:53Z INFO [297/500] 0cf2906e-6d83-4007-a567-1d9a169d81e1: valid; 1.9 s; peak memory 2536 MiB.
2026-09-21T17:29:55Z INFO [298/500] 0cf2cdfa-7c77-4743-b434-209a73b49a96: not valid; 2.2 s; peak memory 2559 MiB.
2026-09-21T17:29:56Z INFO [299/500] 0cf303d8-41de-4bcd-9206-bfba6540eff7: valid; 1.1 s; peak memory 2564 MiB.
2026-09-21T17:29:57Z INFO [300/500] 0cf3145f-3998-4944-87e4-350f0c5031bd: valid; 0.9 s; peak memory 2566 MiB.
2026-09-21T17:29:58Z INFO [300/500] 0cf3145f-3998-4944-87e4-350f0c5031bd: checkpointed 73310 records.
2026-09-21T17:29:58Z INFO [301/500] 0cf33fb6-a569-4881-a47f-ff7b7741cf0d: valid; 0.5 s; peak memory 2566 MiB.
2026-09-21T17:29:59Z INFO [302/500] 0cf3acd2-7ff1-4285-8eb2-19dd16f1b1b9: valid; 0.7 s; peak memory 2566 MiB.
2026-09-21T17:29:59Z INFO [303/500] 0cf3fe91-c537-4b98-8375-aca8b2102bd0: valid; 0.6 s; peak memory 2566 MiB.
2026-09-21T17:30:00Z INFO [304/500] 0cf4683d-c205-483b-bd47-547e6066d804: valid; 1.1 s; peak memory 2566 MiB.
2026-09-21T17:30:02Z INFO [305/500] 0cf517e2-a26e-4d19-a417-0aecec71408a: valid; 1.2 s; peak memory 2570 MiB.
2026-09-21T17:30:05Z INFO [306/500] 0cf5a126-d1c2-4bc5-8829-2d45e1653122: valid; 3.2 s; peak memory 2575 MiB.
2026-09-21T17:30:12Z INFO [307/500] 0cf5e1d7-0766-40e9-9b99-98bf778edf3d: not valid; 6.9 s; peak memory 2586 MiB.
2026-09-21T17:30:12Z INFO [308/500] 0cf689da-b639-4cad-8c1e-158f5435707c: valid; 0.6 s; peak memory 2587 MiB.
2026-09-21T17:30:13Z INFO [309/500] 0cf6deaf-cd8f-4a4d-b02b-07bcc86eb871: valid; 1.0 s; peak memory 2588 MiB.
2026-09-21T17:30:26Z INFO [310/500] 0cf6e8a1-2543-4837-b6aa-168eadef7404: valid; 12.8 s; peak memory 2816 MiB.
2026-09-21T17:30:28Z INFO [311/500] 0cf73974-1cb4-446f-aa2a-764360491591: valid; 1.5 s; peak memory 2816 MiB.
2026-09-21T17:30:28Z INFO [312/500] 0cf745dd-f107-4307-9420-d6fb10736b5d: valid; 0.5 s; peak memory 2816 MiB.
2026-09-21T17:30:29Z INFO [313/500] 0cf776fd-5606-4143-a9e9-53034e3eaf37: valid; 0.8 s; peak memory 2817 MiB.
2026-09-21T17:30:30Z INFO [314/500] 0cf7b45c-d193-4f96-b8f4-0c782cea0d98: valid; 1.1 s; peak memory 2817 MiB.
2026-09-21T17:30:31Z INFO [315/500] 0cf7b6cb-7290-44f8-b960-e31e70f6a1ab: not valid; 1.1 s; peak memory 2817 MiB.
2026-09-21T17:30:34Z INFO [316/500] 0cf7e9d5-86e5-4d99-91f4-acc9fecc90ab: valid; 2.4 s; peak memory 2825 MiB.
2026-09-21T17:30:35Z INFO [317/500] 0cf86ddb-1779-4419-989f-250da7289c26: valid; 1.1 s; peak memory 2830 MiB.
2026-09-21T17:30:35Z INFO [318/500] 0cf8a32e-6f05-4f2f-bdb1-b50fc40ab4b7: valid; 0.7 s; peak memory 2832 MiB.
2026-09-21T17:30:36Z INFO [319/500] 0cf9e2c7-1878-4bf6-9684-7b3305c71fb8: valid; 0.8 s; peak memory 2835 MiB.
2026-09-21T17:30:38Z INFO [320/500] 0cfa4b4f-143a-4289-b0cc-b4c5260f058f: valid; 1.9 s; peak memory 2839 MiB.
2026-09-21T17:30:39Z INFO [321/500] 0cfabe92-1721-4a30-bd92-33f4c885e4e1: valid; 0.6 s; peak memory 2841 MiB.
2026-09-21T17:30:39Z INFO [322/500] 0cfad441-a47b-4e55-9f01-7531e885134e: valid; 0.6 s; peak memory 2843 MiB.
2026-09-21T17:30:40Z INFO [323/500] 0cfb75d1-aa3e-4a6c-a25e-61fc2d245301: valid; 1.2 s; peak memory 2845 MiB.
2026-09-21T17:30:43Z INFO [324/500] 0cfb8332-dfa1-4cbf-9a26-36d63fe551b0: valid; 2.1 s; peak memory 2849 MiB.
2026-09-21T17:30:44Z INFO [325/500] 0cfbbfb7-c5fb-4d1b-92a0-1e6e1eb8ce6d: valid; 1.6 s; peak memory 2849 MiB.
2026-09-21T17:30:45Z INFO [326/500] 0cfbefce-428a-4da5-b00e-bf3b06c6de16: not valid; 0.8 s; peak memory 2849 MiB.
2026-09-21T17:30:46Z INFO [327/500] 0cfbf172-f237-4a57-b399-9bfb9b4892d3: valid; 1.3 s; peak memory 2849 MiB.
2026-09-21T17:30:47Z INFO [328/500] 0cfbf286-5600-4ada-88cc-6099be1f7e69: valid; 1.1 s; peak memory 2849 MiB.
2026-09-21T17:30:48Z INFO [329/500] 0cfc2d9e-b840-484c-8654-8d5ab5f6b53c: not valid; 0.9 s; peak memory 2849 MiB.
2026-09-21T17:30:54Z INFO [330/500] 0cfc3768-9d7b-4a4b-a2c5-411df7771b05: valid; 5.9 s; peak memory 2986 MiB.
2026-09-21T17:30:55Z INFO [331/500] 0cfcb936-616c-4841-96c5-e5813523e6ff: valid; 0.6 s; peak memory 2986 MiB.
2026-09-21T17:31:02Z INFO [332/500] 0cfcc94d-bbe5-4153-ae40-10ef19db34cc: valid; 7.8 s; peak memory 2986 MiB.
2026-09-21T17:31:03Z INFO [333/500] 0cfe78ed-445e-4999-ba2c-f5e3bc904f9e: not valid; 0.8 s; peak memory 2986 MiB.
2026-09-21T17:31:05Z INFO [334/500] 0cfeb599-cfb1-4540-8f2b-eea4910e2017: not valid; 1.6 s; peak memory 2987 MiB.
2026-09-21T17:31:06Z INFO [335/500] 0cff42e0-1f5e-4a78-8c86-cc0fe25ccb09: valid; 0.7 s; peak memory 2987 MiB.
2026-09-21T17:31:06Z INFO [336/500] 0cff8b55-469a-42b9-88da-16719b73ca9b: valid; 0.7 s; peak memory 2987 MiB.
2026-09-21T17:31:07Z INFO [337/500] 0cffe9b9-a295-499f-a535-033b10c6df3b: valid; 0.9 s; peak memory 2987 MiB.
2026-09-21T17:31:14Z INFO [338/500] 0d005d7d-3871-43cb-82e2-3bd7e6aceb21: valid; 7.2 s; peak memory 2987 MiB.
2026-09-21T17:31:17Z INFO [339/500] 0d0217d2-0359-48ce-a847-c66837a81c45: valid; 2.4 s; peak memory 2987 MiB.
2026-09-21T17:31:19Z INFO [340/500] 0d024ade-5a42-4aa8-8cf4-aec5c4f272f1: not valid; 2.2 s; peak memory 2987 MiB.
2026-09-21T17:31:20Z INFO [341/500] 0d026385-6d1e-4aa3-a10c-25d1da30fa2d: valid; 0.8 s; peak memory 2987 MiB.
2026-09-21T17:31:20Z INFO [342/500] 0d02961f-0d9f-42ff-8c34-4e2c09a95b49: valid; 0.6 s; peak memory 2987 MiB.
2026-09-21T17:31:21Z INFO [343/500] 0d02e76d-d503-4040-a6ff-94734a22f636: valid; 0.7 s; peak memory 2987 MiB.
2026-09-21T17:31:22Z INFO [344/500] 0d03443f-f932-4fed-8873-a67f095f633a: valid; 0.7 s; peak memory 2987 MiB.
2026-09-21T17:31:23Z INFO [345/500] 0d038171-5d24-4676-a5ea-d33be5c30f06: valid; 0.9 s; peak memory 2987 MiB.
2026-09-21T17:31:24Z INFO [346/500] 0d041123-2745-4e76-a392-861dacb07e52: valid; 1.0 s; peak memory 2987 MiB.
2026-09-21T17:31:24Z INFO [347/500] 0d041726-49f1-4981-a743-559d7775bf1e: valid; 0.6 s; peak memory 2987 MiB.
2026-09-21T17:31:25Z INFO [348/500] 0d041ae2-dde3-4178-a012-07ed7e45345d: valid; 0.8 s; peak memory 2987 MiB.
2026-09-21T17:31:26Z INFO [349/500] 0d041f27-6038-4493-878e-c80960127a9c: not valid; 0.6 s; peak memory 2987 MiB.
2026-09-21T17:31:29Z INFO [350/500] 0d043532-4dd4-44a0-a2f4-7ab735f9b757: valid; 3.4 s; peak memory 2988 MiB.
2026-09-21T17:31:29Z INFO [350/500] 0d043532-4dd4-44a0-a2f4-7ab735f9b757: checkpointed 73360 records.
2026-09-21T17:31:30Z INFO [351/500] 0d04693d-287f-4458-8572-703613c748a0: valid; 0.8 s; peak memory 2991 MiB.
2026-09-21T17:31:31Z INFO [352/500] 0d05d1bb-db5e-40e0-af3c-cdb658c0fdcb: not valid; 1.0 s; peak memory 2994 MiB.
2026-09-21T17:31:32Z INFO [353/500] 0d06f620-9783-41c4-9b16-eeb198b73d48: valid; 0.7 s; peak memory 2996 MiB.
2026-09-21T17:31:33Z WARNING 0d07869e-b48f-4590-8913-92000380494e: failed while opening the NWB file (ConstructError: (root/acquisition/event_code_meanings GroupBuilder {'attributes': {'colnames': array(['value', 'meaning'], dtype=object), 'description': 'Mapping integer event codes to event labels', 'namespace': 'ndx-events', 'neurodata_type': 'MeaningsTable', 'object_id': '5b093dff-6be9-401d-bc3d-fee4266a6740'}, 'groups': {}, 'datasets': {'id': root/acquisition/event_code_meanings/id DatasetBuilder {'attributes': {'namespace': 'hdmf-common', 'neurodata_type': 'ElementIdentifiers', 'object_id': '4863a5df-95b8-4810-96fe-aa09b7400549'}, 'data': <HDF5 dataset "id": shape (26,), type "<i8">}, 'meaning': root/acquisition/event_code_meanings/meaning DatasetBuilder {'attributes': {'description': 'The meaning of the value in the parent CategoricalVectorData object.', 'namespace': 'hdmf-experimental', 'neurodata_type': 'VectorData', 'object_id': '7ceb19a3-30d5-4ac8-b828-2b5aaeba6a4b'}, 'data': <StrDataset for HDF5 dataset "meaning": shape (26,), type "|O">}, 'value': root/acquisition/event_code_meanings/value DatasetBuilder {'attributes': {'description': 'The value of the parent CategoricalVectorData object.', 'namespace': 'hdmf-experimental', 'neurodata_type': 'VectorData', 'object_id': 'e0e45bfa-f5ef-4968-a256-2f990850bf73'}, 'data': <HDF5 dataset "value": shape (26,), type "<i8">}}, 'links': {}}, "Could not construct MeaningsTable object due to: MeaningsTable.__init__: missing argument 'target'"))
2026-09-21T17:31:36Z INFO [355/500] 0d07e2e8-85bd-43f9-a113-8ff036049658: not valid; 3.5 s; peak memory 3011 MiB.
2026-09-21T17:31:37Z INFO [356/500] 0d081d8f-ac76-4224-a1b1-10455fa1e9e3: not valid; 0.9 s; peak memory 3016 MiB.
2026-09-21T17:31:40Z INFO [357/500] 0d0928dd-60a8-4095-8d2f-c1eeb52c0db0: valid; 2.7 s; peak memory 3021 MiB.
2026-09-21T17:31:42Z INFO [358/500] 0d0963c9-45b0-4499-a264-b95ca526d56c: valid; 1.7 s; peak memory 3021 MiB.
2026-09-21T17:31:44Z INFO [359/500] 0d098005-755e-41ab-836b-1d688cc8f18e: not valid; 1.9 s; peak memory 3021 MiB.
2026-09-21T17:31:45Z INFO [360/500] 0d0a20f0-e9c5-481a-b4fa-1998cb1e058e: valid; 1.1 s; peak memory 3021 MiB.
2026-09-21T17:31:51Z INFO [361/500] 0d0a53c3-a194-47e3-afdb-63e5052909d0: valid; 6.8 s; peak memory 3054 MiB.
2026-09-21T17:31:59Z INFO [362/500] 0d0abad4-cab8-4017-b02e-30f841a98ec2: not valid; 7.4 s; peak memory 3134 MiB.
2026-09-21T17:32:04Z INFO [363/500] 0d0acda9-169f-4edf-8c8c-6dda82be5600: valid; 5.4 s; peak memory 3159 MiB.
2026-09-21T17:32:06Z WARNING 0d0b0c60-0e91-4003-83b5-96f157a4708d: failed while opening the NWB file (ConstructError: (root/general/optogenetics/PatternedOptogeneticStimulusSite GroupBuilder {'attributes': {'effector': 'GUR-3/PRDX-2', 'namespace': 'ndx-patterned-ogen', 'neurodata_type': 'PatternedOptogeneticStimulusSite', 'object_id': '54dc72a4-7390-41c0-804c-63e9adb71ab9'}, 'groups': {}, 'datasets': {'description': root/general/optogenetics/PatternedOptogeneticStimulusSite/description DatasetBuilder {'attributes': {}, 'data': 'Scanning'}, 'excitation_lambda': root/general/optogenetics/PatternedOptogeneticStimulusSite/excitation_lambda DatasetBuilder {'attributes': {}, 'data': np.float64(850.0)}, 'location': root/general/optogenetics/PatternedOptogeneticStimulusSite/location DatasetBuilder {'attributes': {}, 'data': 'whole brain'}}, 'links': {'device': root/general/optogenetics/PatternedOptogeneticStimulusSite/device LinkBuilder {'builder': root/general/devices/OptogeneticDevice GroupBuilder {'attributes': {'description': '', 'namespace': 'core', 'neurodata_type': 'Device', 'object_id': 'e5ed8b80-e4d2-4af6-867e-0ce82381239d'}, 'groups': {}, 'datasets': {}, 'links': {}}}, 'light_source': root/general/optogenetics/PatternedOptogeneticStimulusSite/light_source LinkBuilder {'builder': root/general/devices/AmplifiedLaser GroupBuilder {'attributes': {'description': 'For two-photon optogenetic targeting, we used an optical parametric amplifier (OPA; Light Conversion ORPHEUS) pumped by a femtosecond amplified laser (Light Conversion PHAROS).', 'filter_description': 'Short pass at 1040 nm', 'manufacturer': 'Light Conversion', 'model': 'ORPHEUS amplifier and PHAROS laser', 'namespace': 'ndx-patterned-ogen', 'neurodata_type': 'LightSource', 'object_id': '1344f6b3-d8c0-46df-9d88-30d1aa974adb', 'peak_power_in_W': np.float64(0.0012), 'pulse_rate_in_Hz': np.float64(500000.0), 'stimulation_wavelength_in_nm': np.float64(850.0)}, 'groups': {}, 'datasets': {}, 'links': {}}}}}, "Could not construct PatternedOptogeneticStimulusSite object due to: CustomClassGenerator.set_init.<locals>.__init__: incorrect type for 'spatial_light_modulator' (got 'list', expected 'Device')"))
2026-09-21T17:32:07Z INFO [365/500] 0d0b6144-0432-49d5-b8eb-04280a943cd9: valid; 0.8 s; peak memory 3159 MiB.
2026-09-21T17:32:18Z INFO [366/500] 0d0b7dfd-978f-42eb-b24e-70c8ded2e31f: valid; 11.1 s; peak memory 3818 MiB.
2026-09-21T17:32:20Z INFO [367/500] 0d0b8e45-bf06-466e-b802-f26a83c93795: valid; 2.0 s; peak memory 3818 MiB.
2026-09-21T17:32:21Z INFO [368/500] 0d0b9dce-103b-468e-86f8-2fa696b1a29b: valid; 1.2 s; peak memory 3818 MiB.
2026-09-21T17:32:23Z INFO [369/500] 0d0c592b-9d6a-4cdf-856b-ff94164d6cfd: valid; 2.4 s; peak memory 3818 MiB.
2026-09-21T17:32:24Z INFO [370/500] 0d0c8606-f2c1-4991-b626-e817d040d434: not valid; 1.2 s; peak memory 3818 MiB.
2026-09-21T17:32:25Z INFO [371/500] 0d0cbf03-d22c-4038-98b7-16d8e576134a: not valid; 0.7 s; peak memory 3818 MiB.
2026-09-21T17:32:26Z INFO [372/500] 0d0d2768-4da5-4e5d-bab6-5e3432b6f63f: valid; 1.1 s; peak memory 3818 MiB.
2026-09-21T17:32:27Z INFO [373/500] 0d0d398a-01f5-42a8-aa58-47831b6910c6: valid; 0.8 s; peak memory 3818 MiB.
2026-09-21T17:32:29Z INFO [374/500] 0d0dc05b-2c88-48bd-9ae3-e90f5f8e3466: valid; 1.6 s; peak memory 3818 MiB.
2026-09-21T17:32:30Z INFO [375/500] 0d0ee5ac-fdea-495e-a32c-9fcfc91d5dca: valid; 1.1 s; peak memory 3818 MiB.
2026-09-21T17:32:31Z INFO [376/500] 0d0eee7e-8840-4958-bd12-efdfaa9b0d78: not valid; 1.5 s; peak memory 3818 MiB.
2026-09-21T17:32:32Z INFO [377/500] 0d0ef2f6-7370-4f4f-80dc-d30752cbc79b: not valid; 0.9 s; peak memory 3818 MiB.
2026-09-21T17:32:33Z INFO [378/500] 0d0f90e2-7407-4228-ad50-b27487d6c88b: valid; 1.3 s; peak memory 3818 MiB.
2026-09-21T17:32:34Z INFO [379/500] 0d101ce5-953c-4d9b-9054-b79d5572948f: not valid; 0.5 s; peak memory 3818 MiB.
2026-09-21T17:32:40Z INFO [380/500] 0d103739-4693-491a-8d2b-887c64bb31ca: valid; 5.8 s; peak memory 3818 MiB.
2026-09-21T17:32:40Z INFO [381/500] 0d117a09-4639-461c-8573-df9d7353e14d: valid; 0.6 s; peak memory 3818 MiB.
2026-09-21T17:32:41Z INFO [382/500] 0d121299-c4e8-4803-ac29-7178667fc42a: valid; 1.2 s; peak memory 3818 MiB.
2026-09-21T17:32:42Z INFO [383/500] 0d121581-a0ee-4316-859e-e4afc285befa: not valid; 0.6 s; peak memory 3818 MiB.
2026-09-21T17:32:46Z INFO [384/500] 0d125ad9-1ad0-4c87-a2e4-1ed45c96e7f4: not valid; 4.2 s; peak memory 3818 MiB.
2026-09-21T17:32:47Z INFO [385/500] 0d125ddd-15f4-48f6-b32a-097b48725625: valid; 0.7 s; peak memory 3818 MiB.
2026-09-21T17:32:48Z INFO [386/500] 0d132155-189f-4db4-94a5-8999aafb0ded: valid; 0.7 s; peak memory 3819 MiB.
2026-09-21T17:32:49Z INFO [387/500] 0d141da9-a4c4-4131-b08f-483b60c72ce0: valid; 1.1 s; peak memory 3828 MiB.
2026-09-21T17:32:49Z WARNING 0d143835-7d4d-4739-ad53-1c910db05ad6: failed while retrieving asset information from the DANDI API (NotFoundError: No asset at path 'sub-parkinson-simulated-lfp/sub-parkinson-simulated-lfp_ses-5770_ecephys.nwb' in version 0.250327.2220. Verify the path is correct and the asset exists in this version. Use 'dandi ls' to list available assets.)
2026-09-21T17:32:49Z INFO [389/500] 0d1476da-76c2-46a0-8bd5-680c95bf4239: not valid; 0.7 s; peak memory 3828 MiB.
2026-09-21T17:32:51Z INFO [390/500] 0d1478f7-388c-4886-8057-bc6911bff7a0: valid; 1.3 s; peak memory 3833 MiB.
2026-09-21T17:33:08Z INFO [391/500] 0d150b45-ec36-48aa-aea9-1c8dfb6b99ea: valid; 17.3 s; peak memory 3984 MiB.
2026-09-21T17:33:12Z INFO [392/500] 0d15802a-c9a3-472b-8283-e903c2881857: valid; 4.3 s; peak memory 3996 MiB.
2026-09-21T17:33:13Z INFO [393/500] 0d1582b5-d510-4f7e-8667-0a715b8ecd7e: valid; 1.0 s; peak memory 3999 MiB.
2026-09-21T17:33:14Z INFO [394/500] 0d15e351-979e-435b-99f6-cf1e0cba65bc: not valid; 0.8 s; peak memory 3999 MiB.
2026-09-21T17:33:15Z INFO [395/500] 0d16c55d-fe46-4257-9584-776147d6cbdd: valid; 0.9 s; peak memory 3999 MiB.
2026-09-21T17:33:16Z INFO [396/500] 0d16f53b-be81-41eb-86b5-0565311a8b8d: valid; 1.3 s; peak memory 3999 MiB.
2026-09-21T17:33:18Z INFO [397/500] 0d178fbe-b7b8-42c2-8139-c73e229ebdb9: not valid; 1.8 s; peak memory 3999 MiB.
2026-09-21T17:33:19Z INFO [398/500] 0d17e709-b51e-4b3d-9a5a-127b5e5f5cdf: valid; 0.5 s; peak memory 3999 MiB.
2026-09-21T17:33:20Z INFO [399/500] 0d184638-e293-4ca1-8dbd-2903b70116c6: not valid; 1.2 s; peak memory 3999 MiB.
2026-09-21T17:33:21Z INFO [400/500] 0d188f10-221b-47e0-a305-52966a38b739: valid; 1.4 s; peak memory 3999 MiB.
2026-09-21T17:33:22Z INFO [400/500] 0d188f10-221b-47e0-a305-52966a38b739: checkpointed 73410 records.
2026-09-21T17:33:23Z INFO [401/500] 0d192d73-b4ba-469e-9afc-55c39e328e0d: valid; 1.1 s; peak memory 3999 MiB.
2026-09-21T17:33:36Z INFO [402/500] 0d195b1a-63fb-4ef1-aaa7-a908e94f03c9: valid; 12.8 s; peak memory 4053 MiB.
2026-09-21T17:33:38Z INFO [403/500] 0d1aad12-3a1d-422c-ac7e-28868ec7b0fd: not valid; 2.5 s; peak memory 4059 MiB.
2026-09-21T17:33:39Z INFO [404/500] 0d1adf29-deb8-424b-b0a4-e691e8607614: valid; 1.1 s; peak memory 4066 MiB.
2026-09-21T17:33:40Z INFO [405/500] 0d1aea94-b973-4ac3-8990-c2fdb29ae7bc: valid; 0.5 s; peak memory 4067 MiB.
2026-09-21T17:33:41Z INFO [406/500] 0d1b1558-ccb5-44a0-b206-7e14804f0388: not valid; 0.9 s; peak memory 4068 MiB.
2026-09-21T17:33:44Z INFO [407/500] 0d1b3ad6-0c18-4e10-a5af-11942ff483f7: not valid; 3.2 s; peak memory 4076 MiB.
2026-09-21T17:33:51Z INFO [408/500] 0d1b9268-d0a3-4d5b-a8a3-dfa0f2a0cb9f: valid; 7.2 s; peak memory 4259 MiB.
2026-09-21T17:33:57Z INFO [409/500] 0d1ba8f6-8f02-419d-8c11-dbfb0e5562a6: valid; 5.4 s; peak memory 4259 MiB.
2026-09-21T17:33:58Z INFO [410/500] 0d1bb231-f058-40f2-a4a5-2192d9b42fb0: valid; 1.5 s; peak memory 4259 MiB.
2026-09-21T17:33:59Z INFO [411/500] 0d1bd2b8-f051-4026-9262-facc0e99a258: valid; 1.2 s; peak memory 4259 MiB.
2026-09-21T17:34:00Z INFO [412/500] 0d1bd551-6edc-422f-b708-d0ce893f49be: valid; 1.2 s; peak memory 4259 MiB.
2026-09-21T17:34:01Z INFO [413/500] 0d1bdae3-9456-4e32-8158-14c262a3c547: valid; 0.5 s; peak memory 4259 MiB.
2026-09-21T17:34:10Z INFO [414/500] 0d1c766f-0c8f-45df-9dfc-5dc6e46b46cc: valid; 9.1 s; peak memory 4259 MiB.
2026-09-21T17:34:11Z INFO [415/500] 0d1eda69-6d78-43f7-a6dd-5e68f9c1cfd4: valid; 1.1 s; peak memory 4259 MiB.
2026-09-21T17:34:12Z INFO [416/500] 0d1f635a-d39d-445c-8bff-3e927e649ebc: valid; 1.1 s; peak memory 4259 MiB.
2026-09-21T17:34:14Z INFO [417/500] 0d1fe7ae-37fd-4730-be35-3c662ea39a02: not valid; 1.3 s; peak memory 4259 MiB.
2026-09-21T17:34:14Z INFO [418/500] 0d205362-6596-4a44-a9fb-cd048eb5dbfb: valid; 0.7 s; peak memory 4259 MiB.
2026-09-21T17:34:15Z WARNING 0d2055ac-d5d4-41f0-b0c8-2094d7010b6d: failed while opening the NWB file (ValueError: Cannot resolve included group spec 'electrodes' with data_type_inc 'ElectrodesTable' because a group spec with the same name already exists with data_type_inc 'DynamicTable', and data type 'DynamicTable' is not a child type of data type 'ElectrodesTable'.)
2026-09-21T17:34:17Z INFO [420/500] 0d208156-f640-448f-b1ab-68a58f117181: valid; 1.4 s; peak memory 4259 MiB.
2026-09-21T17:34:18Z INFO [421/500] 0d2095a0-14ce-426b-b848-9d81b930f2f8: valid; 1.0 s; peak memory 4260 MiB.
2026-09-21T17:34:22Z INFO [422/500] 0d2110d1-9b8b-4489-847a-ce562f0dabb9: valid; 4.4 s; peak memory 4261 MiB.
2026-09-21T17:34:23Z INFO [423/500] 0d217900-06d4-4e5d-9f36-55d7ea648ea1: not valid; 0.8 s; peak memory 4261 MiB.
2026-09-21T17:34:25Z WARNING 0d21d548-ce17-435a-a9c2-123522289457: failed while opening the NWB file (ConstructError: (root/acquisition/_iblmic_audioSpectrogram/bands GroupBuilder {'attributes': {'colnames': array(['freq'], dtype=object), 'description': 'spectogram frequencies', 'namespace': 'core', 'neurodata_type': 'FrequencyBandsTable', 'object_id': '194f03f8-e1e2-4c91-a366-432a083ae987'}, 'groups': {}, 'datasets': {'freq': root/acquisition/_iblmic_audioSpectrogram/bands/freq DatasetBuilder {'attributes': {'description': 'frequency value', 'namespace': 'hdmf-common', 'neurodata_type': 'VectorData', 'object_id': '3d92f06d-ff8e-4dd2-8018-de8458664103'}, 'data': <HDF5 dataset "freq": shape (257,), type "<f4">}, 'id': root/acquisition/_iblmic_audioSpectrogram/bands/id DatasetBuilder {'attributes': {'namespace': 'hdmf-common', 'neurodata_type': 'ElementIdentifiers', 'object_id': '7bb09a74-489a-480f-a1c8-89ba57939c09'}, 'data': <HDF5 dataset "id": shape (257,), type "<i4">}}, 'links': {}}, "Could not construct FrequencyBandsTable object due to: column must have the same number of rows as 'id'"))
2026-09-21T17:34:26Z INFO [425/500] 0d21f249-325a-409a-8f5e-2b75c7072a35: not valid; 1.0 s; peak memory 4261 MiB.
2026-09-21T17:34:30Z INFO [426/500] 0d2202e8-98a6-4d04-86fc-aa4f1d5e9757: valid; 4.2 s; peak memory 4261 MiB.
2026-09-21T17:34:31Z INFO [427/500] 0d2238c2-488d-49cd-ad8c-ebc4cefc5209: valid; 0.8 s; peak memory 4261 MiB.
2026-09-21T17:34:32Z WARNING 0d225e83-178d-4df0-b610-5a6cbda6c0a7: failed while opening the NWB file (ConstructError: (root/acquisition/_iblmic_audioSpectrogram/bands GroupBuilder {'attributes': {'colnames': array(['freq'], dtype=object), 'description': 'spectogram frequencies', 'namespace': 'core', 'neurodata_type': 'FrequencyBandsTable', 'object_id': '5edf3601-680e-4b10-acaa-52b1eaa660d7'}, 'groups': {}, 'datasets': {'freq': root/acquisition/_iblmic_audioSpectrogram/bands/freq DatasetBuilder {'attributes': {'description': 'frequency value', 'namespace': 'hdmf-common', 'neurodata_type': 'VectorData', 'object_id': '867927e6-19a2-4cf6-8a84-88b319ab047b'}, 'data': <HDF5 dataset "freq": shape (257,), type "<f4">}, 'id': root/acquisition/_iblmic_audioSpectrogram/bands/id DatasetBuilder {'attributes': {'namespace': 'hdmf-common', 'neurodata_type': 'ElementIdentifiers', 'object_id': 'c086d2c7-d415-4788-9713-c0e44537a922'}, 'data': <HDF5 dataset "id": shape (257,), type "<i4">}}, 'links': {}}, "Could not construct FrequencyBandsTable object due to: column must have the same number of rows as 'id'"))
2026-09-21T17:34:37Z INFO [429/500] 0d227f61-58bf-466f-9ac1-c632ddf2e433: not valid; 5.1 s; peak memory 4278 MiB.
2026-09-21T17:34:41Z INFO [430/500] 0d23011e-b8ed-42bd-a1c8-77637d4790ff: not valid; 4.5 s; peak memory 4288 MiB.
2026-09-21T17:34:42Z INFO [431/500] 0d230b7b-e502-46ec-b30e-d306df600cfc: not valid; 1.0 s; peak memory 4288 MiB.
2026-09-21T17:34:44Z INFO [432/500] 0d232397-3722-40e6-933d-cb0b71d23339: valid; 1.8 s; peak memory 4288 MiB.
2026-09-21T17:34:45Z INFO [433/500] 0d234ade-d9a3-4c3e-9669-63438021c2cf: not valid; 0.9 s; peak memory 4288 MiB.
2026-09-21T17:34:46Z INFO [434/500] 0d23780a-c684-44fe-8afc-c23c437a47d0: valid; 1.4 s; peak memory 4288 MiB.
2026-09-21T17:34:47Z INFO [435/500] 0d23ea15-d1fb-4894-b1fa-f06cafd0a93a: valid; 0.4 s; peak memory 4288 MiB.
2026-09-21T17:34:48Z INFO [436/500] 0d240bde-1c86-4df7-9dd8-d7b9f92e6758: valid; 1.4 s; peak memory 4288 MiB.
2026-09-21T17:34:49Z INFO [437/500] 0d244a0b-de95-4c85-b1c7-f5cb655a3960: valid; 1.0 s; peak memory 4288 MiB.
2026-09-21T17:34:52Z INFO [438/500] 0d246a45-6b75-4905-b1cb-a4cb963251bd: valid; 3.2 s; peak memory 4288 MiB.
2026-09-21T17:34:53Z INFO [439/500] 0d248cbd-77e0-4611-a505-c59141161bca: valid; 0.4 s; peak memory 4288 MiB.
2026-09-21T17:34:54Z INFO [440/500] 0d249cff-6c54-45bb-b789-0e198b1c86ae: not valid; 1.2 s; peak memory 4288 MiB.
2026-09-21T17:34:55Z INFO [441/500] 0d24af5b-13f0-4c8e-b517-06b0004ce3c6: valid; 1.0 s; peak memory 4288 MiB.
2026-09-21T17:35:02Z INFO [442/500] 0d24d321-62ac-42cd-b2e1-29748aaff76d: valid; 6.6 s; peak memory 4288 MiB.
2026-09-21T17:35:03Z INFO [443/500] 0d24dac6-4457-422e-95bd-159e4552e528: not valid; 1.1 s; peak memory 4288 MiB.
2026-09-21T17:35:09Z INFO [444/500] 0d2511e1-733c-45d9-8ff2-2f58b8b69a5f: valid; 6.6 s; peak memory 4288 MiB.
2026-09-21T17:35:10Z INFO [445/500] 0d25714c-8150-42d9-8112-403c672bee2c: valid; 0.6 s; peak memory 4288 MiB.
2026-09-21T17:35:11Z INFO [446/500] 0d26716c-84c2-4211-8426-b12584767d3d: not valid; 1.6 s; peak memory 4288 MiB.
2026-09-21T17:35:11Z WARNING 0d268b1b-4978-4878-8049-8a49af7ca43c: failed while retrieving asset information from the DANDI API (NotFoundError: No asset at path 'sub-parkinson-simulated-beta/sub-parkinson-simulated-beta_ses-5178_ecephys.nwb' in version 0.250327.2220. Verify the path is correct and the asset exists in this version. Use 'dandi ls' to list available assets.)
2026-09-21T17:35:13Z INFO [448/500] 0d269041-670c-45dd-9c4a-4761a753884d: valid; 1.8 s; peak memory 4288 MiB.
2026-09-21T17:35:14Z INFO [449/500] 0d272ac2-5108-411c-9563-b0603ba9f226: valid; 1.1 s; peak memory 4288 MiB.
2026-09-21T17:35:20Z INFO [450/500] 0d27b218-ffee-44a5-a1e8-16649a640ced: valid; 5.3 s; peak memory 4288 MiB.
2026-09-21T17:35:20Z INFO [450/500] 0d27b218-ffee-44a5-a1e8-16649a640ced: checkpointed 73460 records.
2026-09-21T17:35:22Z INFO [451/500] 0d27bf86-3ac3-4244-bf39-1fc1ff03b5bf: valid; 1.4 s; peak memory 4288 MiB.
2026-09-21T17:35:22Z INFO [452/500] 0d28a1fd-fe22-4c31-badb-85a3de39cab1: valid; 0.5 s; peak memory 4288 MiB.
2026-09-21T17:35:23Z INFO [453/500] 0d29ebe4-9686-4db8-be5f-cde6c3c0a9e8: valid; 0.5 s; peak memory 4288 MiB.
2026-09-21T17:35:23Z INFO [454/500] 0d29f589-7b61-49c2-ac6a-1286fb0ccfa2: valid; 0.5 s; peak memory 4288 MiB.
2026-09-21T17:35:24Z INFO [455/500] 0d2a8774-12e1-43fd-ac0c-243f4f6d7183: valid; 0.7 s; peak memory 4288 MiB.
2026-09-21T17:36:02Z INFO [456/500] 0d2b0f9c-856b-49ac-a163-fb2f54c8700a: not valid; 38.5 s; peak memory 4431 MiB.
2026-09-21T17:36:03Z INFO [457/500] 0d2b43d1-09e0-424a-bb4b-9c5fa1747746: valid; 0.7 s; peak memory 4433 MiB.
2026-09-21T17:36:12Z INFO [458/500] 0d2c5967-b716-4b34-94b9-7b3c8dfb513f: valid; 9.3 s; peak memory 4522 MiB.
2026-09-21T17:36:14Z INFO [459/500] 0d2c92e6-be6c-45c8-ad11-c0c38692c8bd: valid; 1.4 s; peak memory 4564 MiB.
2026-09-21T17:36:19Z INFO [460/500] 0d2ca719-4391-4a46-81b5-13cd5dd8ebb8: valid; 4.9 s; peak memory 4585 MiB.
2026-09-21T17:36:20Z INFO [461/500] 0d2e2956-118d-448c-ba60-e33278d1d236: valid; 1.2 s; peak memory 4596 MiB.
2026-09-21T17:36:20Z INFO [462/500] 0d2e83ea-afb1-4928-adba-eee9e8786e1e: valid; 0.5 s; peak memory 4599 MiB.
2026-09-21T17:36:21Z INFO [463/500] 0d2ee0b0-5a68-44ab-aea7-d52c473f3214: valid; 0.6 s; peak memory 4601 MiB.
2026-09-21T17:36:22Z INFO [464/500] 0d3021b2-00a7-4883-95a1-d2502f9d1cfa: valid; 1.1 s; peak memory 4607 MiB.
2026-09-21T17:36:23Z INFO [465/500] 0d30b298-cc69-4c32-8c30-c265cf6e1a5d: not valid; 0.6 s; peak memory 4610 MiB.
2026-09-21T17:36:31Z INFO [466/500] 0d30f75d-847c-4a60-9f0f-9028131abefd: valid; 8.1 s; peak memory 4635 MiB.
2026-09-21T17:36:32Z INFO [467/500] 0d31ce77-c917-4951-bfb3-e2459d0d263a: valid; 1.1 s; peak memory 4646 MiB.
2026-09-21T17:36:33Z INFO [468/500] 0d31cf03-5cc2-4f8c-a40f-33cf6fb07721: valid; 1.1 s; peak memory 4646 MiB.
2026-09-21T17:36:33Z WARNING 0d31d1ea-bd29-428e-a8e8-66c57ef51de0: failed while retrieving asset information from the DANDI API (NotFoundError: No asset at path 'sub-parkinson-simulated-lfp/sub-parkinson-simulated-lfp_ses-4440_ecephys.nwb' in version 0.250327.2220. Verify the path is correct and the asset exists in this version. Use 'dandi ls' to list available assets.)
2026-09-21T17:36:33Z INFO [470/500] 0d32045c-b864-464a-9285-fef0f3ed6879: valid; 0.6 s; peak memory 4646 MiB.
2026-09-21T17:36:39Z INFO [471/500] 0d32bacd-edca-45f8-9d38-4a8c7dad9fca: valid; 5.4 s; peak memory 4673 MiB.
2026-09-21T17:36:40Z INFO [472/500] 0d32fb8e-3d36-46cc-9a4c-8523d6772efa: valid; 0.6 s; peak memory 4676 MiB.
2026-09-21T17:36:46Z INFO [473/500] 0d3316ce-3027-4773-983c-35d5265cc360: not valid; 6.6 s; peak memory 4744 MiB.
2026-09-21T17:36:47Z INFO [474/500] 0d33bb16-2bc6-4f7f-9cd5-c8434a686581: valid; 0.5 s; peak memory 4744 MiB.
2026-09-21T17:36:47Z INFO [475/500] 0d340eab-39ba-4d94-9c57-691690d7dc06: valid; 0.7 s; peak memory 4744 MiB.
2026-09-21T17:36:48Z INFO [476/500] 0d350034-6fb0-4a96-8777-a0268c24045d: valid; 0.5 s; peak memory 4744 MiB.
2026-09-21T17:36:51Z INFO [477/500] 0d35aef4-d9d4-44a2-9c7c-070e7060e388: valid; 3.0 s; peak memory 4757 MiB.
2026-09-21T17:37:03Z INFO [478/500] 0d35efcb-30c0-4206-af8b-79abc0035f95: valid; 11.7 s; peak memory 4854 MiB.
2026-09-21T17:37:03Z INFO [479/500] 0d3634aa-aa70-447c-9310-c65198aba0bf: valid; 0.7 s; peak memory 4854 MiB.
2026-09-21T17:37:07Z INFO [480/500] 0d3694ff-9e18-4edb-88ae-cf219b46502e: valid; 3.8 s; peak memory 4854 MiB.
2026-09-21T17:38:25Z INFO [481/500] 0d36f64f-1a73-4a64-965a-f2290d83ca1e: not valid; 77.9 s; peak memory 5099 MiB.
2026-09-21T17:38:34Z INFO [482/500] 0d36fb14-a991-43fb-9aa7-a91ad2959c60: valid; 8.5 s; peak memory 5175 MiB.
2026-09-21T17:38:40Z INFO [483/500] 0d37ed8f-67b4-4930-abd1-a2ce82218a03: not valid; 6.3 s; peak memory 5236 MiB.
2026-09-21T17:38:49Z INFO [484/500] 0d3858dc-3aa7-449e-9b64-091f8cf4bdaa: valid; 9.0 s; peak memory 5405 MiB.
2026-09-21T17:38:50Z WARNING 0d391109-e0eb-41c3-af0a-0256d39ce9f4: failed while opening the NWB file (ConstructError: (root/acquisition/_iblmic_audioSpectrogram/bands GroupBuilder {'attributes': {'colnames': array(['freq'], dtype=object), 'description': 'spectogram frequencies', 'namespace': 'core', 'neurodata_type': 'FrequencyBandsTable', 'object_id': '80c90ff1-86a9-4469-a345-b399234ff4a9'}, 'groups': {}, 'datasets': {'freq': root/acquisition/_iblmic_audioSpectrogram/bands/freq DatasetBuilder {'attributes': {'description': 'frequency value', 'namespace': 'hdmf-common', 'neurodata_type': 'VectorData', 'object_id': 'e2607613-30f7-40be-95d5-b81dcbac3288'}, 'data': <HDF5 dataset "freq": shape (257,), type "<f4">}, 'id': root/acquisition/_iblmic_audioSpectrogram/bands/id DatasetBuilder {'attributes': {'namespace': 'hdmf-common', 'neurodata_type': 'ElementIdentifiers', 'object_id': 'adedb0db-53f2-432a-a270-b52147697fe7'}, 'data': <HDF5 dataset "id": shape (257,), type "<i4">}}, 'links': {}}, "Could not construct FrequencyBandsTable object due to: column must have the same number of rows as 'id'"))
2026-09-21T17:38:51Z INFO [486/500] 0d39e7de-1ac3-4962-87c8-64000e762119: not valid; 0.9 s; peak memory 5405 MiB.
2026-09-21T17:38:52Z INFO [487/500] 0d3a1537-146a-40f8-a00e-791a3c98b388: valid; 0.5 s; peak memory 5405 MiB.
2026-09-21T17:38:55Z INFO [488/500] 0d3a185f-df45-4a17-a610-4527fd93ba73: not valid; 3.3 s; peak memory 5440 MiB.
2026-09-21T17:38:57Z INFO [489/500] 0d3a46b6-2b1a-4585-b786-e8658dd304f4: valid; 1.5 s; peak memory 5440 MiB.
2026-09-21T17:38:59Z INFO [490/500] 0d3a538f-8026-4efb-8d49-9963c45e78e4: valid; 2.1 s; peak memory 5440 MiB.
2026-09-21T17:39:00Z INFO [491/500] 0d3a7117-a47d-4837-86f4-18cde7636cd6: valid; 1.1 s; peak memory 5440 MiB.
2026-09-21T17:39:00Z INFO [492/500] 0d3abf51-c7df-427d-b8b3-3e8e1a465e7a: valid; 0.6 s; peak memory 5440 MiB.
2026-09-21T17:39:03Z INFO [493/500] 0d3b588a-37a6-4b82-8a9a-d227e8fc8264: valid; 2.6 s; peak memory 5440 MiB.
2026-09-21T17:39:05Z INFO [494/500] 0d3b6884-8d93-42a3-8bf8-e953740ab40a: valid; 1.8 s; peak memory 5440 MiB.
2026-09-21T17:39:06Z INFO [495/500] 0d3b694d-51a1-45de-b443-5468b325bfd6: valid; 1.0 s; peak memory 5440 MiB.
2026-09-21T17:39:07Z INFO [496/500] 0d3bd2e0-0c99-43ea-9c92-8076cf651106: valid; 0.7 s; peak memory 5440 MiB.
2026-09-21T17:39:07Z INFO [497/500] 0d3bf31f-1ffc-478e-9f85-414fb82b3099: valid; 0.7 s; peak memory 5440 MiB.
2026-09-21T17:39:09Z INFO [498/500] 0d3bfd09-5025-40bd-9a68-4c19d5e2238d: valid; 1.5 s; peak memory 5440 MiB.
2026-09-21T17:39:10Z WARNING 0d3c58b9-180f-4ccd-88d1-acf7dad26f53: failed while opening the NWB file (ConstructError: (root/acquisition/_iblmic_audioSpectrogram/bands GroupBuilder {'attributes': {'colnames': array(['freq'], dtype=object), 'description': 'spectogram frequencies', 'namespace': 'core', 'neurodata_type': 'FrequencyBandsTable', 'object_id': '3d04b23c-2b61-4cb5-8837-6d1e5a9c66a6'}, 'groups': {}, 'datasets': {'freq': root/acquisition/_iblmic_audioSpectrogram/bands/freq DatasetBuilder {'attributes': {'description': 'frequency value', 'namespace': 'hdmf-common', 'neurodata_type': 'VectorData', 'object_id': '324457db-58f6-4d48-ac17-75747ae3cc21'}, 'data': <HDF5 dataset "freq": shape (257,), type "<f4">}, 'id': root/acquisition/_iblmic_audioSpectrogram/bands/id DatasetBuilder {'attributes': {'namespace': 'hdmf-common', 'neurodata_type': 'ElementIdentifiers', 'object_id': '0fdca692-aa92-4dad-a705-65426545ad77'}, 'data': <HDF5 dataset "id": shape (257,), type "<i4">}}, 'links': {}}, "Could not construct FrequencyBandsTable object due to: column must have the same number of rows as 'id'"))
2026-09-21T17:39:16Z INFO [500/500] 0d3cb2b9-5acc-4022-84e1-76de44e89bab: valid; 5.8 s; peak memory 5440 MiB.
2026-09-21T17:39:16Z INFO [500/500] 0d3cb2b9-5acc-4022-84e1-76de44e89bab: checkpointed 73510 records.
2026-09-21T17:39:17Z INFO Wrote 73510 records to /tmp/derivatives/content_id_to_valid_nwb_file.jsonl (473 new, 27 failed) in 21.6 min (peak memory 5440 MiB).
