2026-09-27T20:32:12Z INFO Logging to /tmp/logs/update_2026-09-27T20-32-12Z.log.
2026-09-27T20:32:12Z INFO Update content-id-to-valid-nwb-file (base directory /tmp).
2026-09-27T20:32:14Z INFO Processing 500 items (82510 already recorded).
2026-09-27T20:32:16Z INFO [1/500] 1af36811-8150-4e77-ac29-5793fc658685: valid; 1.8 s; peak memory 352 MiB.
2026-09-27T20:32:17Z INFO [2/500] 1af45e93-bd70-4924-8f7a-96c5e189a8dd: valid; 0.8 s; peak memory 354 MiB.
2026-09-27T20:32:18Z INFO [3/500] 1af484c0-1638-43a7-9871-5f68ac075494: valid; 1.4 s; peak memory 359 MiB.
2026-09-27T20:32:27Z INFO [4/500] 1af4f27c-b74c-40af-860a-f24c5892a2fd: valid; 8.2 s; peak memory 435 MiB.
2026-09-27T20:32:27Z INFO [5/500] 1af54bd7-a4c4-4442-b34b-93695e439c70: valid; 0.8 s; peak memory 437 MiB.
2026-09-27T20:32:29Z INFO [6/500] 1af551da-6f40-4595-8024-470881406a69: not valid; 1.1 s; peak memory 443 MiB.
2026-09-27T20:32:31Z INFO [7/500] 1af55522-66d9-4d63-acac-b1f9dd4c7496: valid; 2.2 s; peak memory 464 MiB.
2026-09-27T20:32:32Z INFO [8/500] 1af58c64-7f9a-4a63-b8a7-f29d954d6874: valid; 1.4 s; peak memory 478 MiB.
2026-09-27T20:32:34Z INFO [9/500] 1af58f08-f1d9-4f9b-b2f2-c97408339f60: valid; 1.5 s; peak memory 488 MiB.
2026-09-27T20:32:35Z INFO [10/500] 1af634ac-77ad-4c7e-8be1-0d80068f9405: valid; 1.8 s; peak memory 499 MiB.
2026-09-27T20:32:37Z INFO [11/500] 1af659ad-2701-45be-aea1-b89a58417f2f: valid; 1.4 s; peak memory 499 MiB.
2026-09-27T20:32:37Z INFO [12/500] 1af6bf98-4166-41bd-9a72-37ae070ff582: valid; 0.6 s; peak memory 499 MiB.
2026-09-27T20:32:42Z INFO [13/500] 1af6d203-d71e-4076-a2a3-f39cb70e48a1: valid; 4.3 s; peak memory 499 MiB.
2026-09-27T20:32:43Z INFO [14/500] 1af72a20-c410-4ec1-b997-75c0f3ea7561: not valid; 1.0 s; peak memory 499 MiB.
2026-09-27T20:32:51Z INFO [15/500] 1af75f1d-a770-42f9-b1c8-b4789ae0136f: valid; 8.0 s; peak memory 527 MiB.
2026-09-27T20:32:51Z INFO [16/500] 1af8ad42-77ac-48f9-a760-d01b5c5ca4cb: valid; 0.7 s; peak memory 529 MiB.
2026-09-27T20:32:53Z WARNING 1af8d64e-1068-44b6-9448-adbc7bc2e7f7: failed while opening the NWB file (ConstructError: (root/acquisition/_iblmic_audioSpectrogram/bands GroupBuilder {'attributes': {'colnames': array(['freq'], dtype=object), 'description': 'spectogram frequencies', 'namespace': 'core', 'neurodata_type': 'FrequencyBandsTable', 'object_id': '05473abb-9389-42a9-9832-bae44b713c20'}, 'groups': {}, 'datasets': {'freq': root/acquisition/_iblmic_audioSpectrogram/bands/freq DatasetBuilder {'attributes': {'description': 'frequency value', 'namespace': 'hdmf-common', 'neurodata_type': 'VectorData', 'object_id': 'b865ac77-083a-41ac-82af-a9a1aa3205a0'}, 'data': <HDF5 dataset "freq": shape (257,), type "<f4">}, 'id': root/acquisition/_iblmic_audioSpectrogram/bands/id DatasetBuilder {'attributes': {'namespace': 'hdmf-common', 'neurodata_type': 'ElementIdentifiers', 'object_id': '4a834727-1fe7-420a-b9a6-3d761b4889ae'}, 'data': <HDF5 dataset "id": shape (257,), type "<i4">}}, 'links': {}}, "Could not construct FrequencyBandsTable object due to: column must have the same number of rows as 'id'"))
2026-09-27T20:32:53Z INFO [18/500] 1afa07a2-6853-4da7-b5c5-277f262ee3c6: valid; 0.6 s; peak memory 535 MiB.
2026-09-27T20:32:54Z INFO [19/500] 1afac52c-b8f4-4a70-a25d-05a242378a7a: valid; 0.8 s; peak memory 537 MiB.
2026-09-27T20:32:56Z INFO [20/500] 1afb06bd-4643-40ac-bb0f-c29776988b1a: valid; 2.3 s; peak memory 541 MiB.
2026-09-27T20:32:57Z INFO [21/500] 1afbd26e-2e8e-46f8-b6ab-a0bd87ea24cf: not valid; 0.7 s; peak memory 543 MiB.
2026-09-27T20:32:58Z INFO [22/500] 1afc17cb-e333-405e-929e-e4aca7d12f1c: valid; 0.6 s; peak memory 545 MiB.
2026-09-27T20:32:58Z INFO [23/500] 1afc3821-5107-442a-bec5-1ea6a871fb36: valid; 0.6 s; peak memory 546 MiB.
2026-09-27T20:33:00Z INFO [24/500] 1afc6543-8239-421e-9b80-56da5b9cb191: valid; 1.8 s; peak memory 549 MiB.
2026-09-27T20:33:01Z INFO [25/500] 1afc7990-55f0-4f36-a2f2-18cbbc2d2159: valid; 0.7 s; peak memory 549 MiB.
2026-09-27T20:33:02Z INFO [26/500] 1afcb0ee-fd1c-499b-a823-4d09545b141c: valid; 1.4 s; peak memory 551 MiB.
2026-09-27T20:33:03Z INFO [27/500] 1afd4c45-c9c0-4331-bbfb-ec5cd589fe34: not valid; 1.0 s; peak memory 557 MiB.
2026-09-27T20:33:04Z INFO [28/500] 1afddeed-f687-4c04-ae66-8ef677f7eeca: valid; 0.8 s; peak memory 558 MiB.
2026-09-27T20:33:06Z INFO [29/500] 1afdff9e-84e9-4dfe-9927-61f5c2e954e9: not valid; 1.6 s; peak memory 567 MiB.
2026-09-27T20:33:07Z INFO [30/500] 1afe12e2-8ea8-4142-90cd-804693253d09: valid; 1.9 s; peak memory 572 MiB.
2026-09-27T20:33:09Z INFO [31/500] 1afe4dc8-ce45-4446-8753-9936fa6bfc99: valid; 1.2 s; peak memory 572 MiB.
2026-09-27T20:33:09Z INFO [32/500] 1b00688e-6854-4479-8e6b-87c9d7905344: valid; 0.7 s; peak memory 572 MiB.
2026-09-27T20:33:11Z INFO [33/500] 1b00a1d2-a22a-448b-93f9-6656590fce6c: not valid; 1.5 s; peak memory 572 MiB.
2026-09-27T20:33:19Z INFO [34/500] 1b00f848-3af3-4b38-8a94-c2f821793668: not valid; 7.7 s; peak memory 572 MiB.
2026-09-27T20:33:19Z INFO [35/500] 1b0135d1-b194-400f-acf3-b579b302b827: valid; 0.9 s; peak memory 572 MiB.
2026-09-27T20:33:31Z INFO [36/500] 1b01c958-449f-4da3-ac9c-1411e05b4872: valid; 11.9 s; peak memory 692 MiB.
2026-09-27T20:33:33Z INFO [37/500] 1b022849-ae55-4dd9-858e-80caefa9c827: valid; 2.0 s; peak memory 693 MiB.
2026-09-27T20:33:34Z INFO [38/500] 1b027c9d-eea2-44cf-84b8-8a45859a5554: valid; 0.8 s; peak memory 696 MiB.
2026-09-27T20:33:35Z INFO [39/500] 1b027cb8-d77c-4dc1-aa2b-478c4f04cf23: valid; 1.1 s; peak memory 704 MiB.
2026-09-27T20:33:43Z INFO [40/500] 1b029df2-9cac-4d07-bb86-f75ebe175b4d: valid; 7.8 s; peak memory 772 MiB.
2026-09-27T20:33:44Z INFO [41/500] 1b033a30-ed2d-4c68-b3f7-86061f992046: valid; 1.2 s; peak memory 782 MiB.
2026-09-27T20:33:45Z INFO [42/500] 1b03590c-ddd6-4b0a-89bb-ad418e6d75d1: valid; 1.1 s; peak memory 794 MiB.
2026-09-27T20:33:53Z INFO [43/500] 1b04a40e-4f40-4840-93d0-78fda0383a19: valid; 7.7 s; peak memory 870 MiB.
2026-09-27T20:33:55Z INFO [44/500] 1b04cd93-ce02-4160-b0e1-b3a180ebbbdc: valid; 1.6 s; peak memory 870 MiB.
2026-09-27T20:33:56Z INFO [45/500] 1b053579-dd2b-4b44-8da4-56b39a24d594: valid; 1.5 s; peak memory 870 MiB.
2026-09-27T20:33:58Z INFO [46/500] 1b05636e-0e8d-4417-85ed-95bef93c3e1b: valid; 1.7 s; peak memory 870 MiB.
2026-09-27T20:34:00Z INFO [47/500] 1b056e37-d4be-4401-a646-6f66e1ad114a: valid; 1.7 s; peak memory 871 MiB.
2026-09-27T20:34:00Z INFO [48/500] 1b05718c-53d9-497c-83f5-59392bd6d113: valid; 0.7 s; peak memory 871 MiB.
2026-09-27T20:34:01Z INFO [49/500] 1b0614a1-cff8-468e-a664-96f57d09f08f: valid; 0.7 s; peak memory 871 MiB.
2026-09-27T20:34:04Z INFO [50/500] 1b064473-f723-4b55-a147-fcb7919de65a: not valid; 3.3 s; peak memory 871 MiB.
2026-09-27T20:34:05Z INFO [50/500] 1b064473-f723-4b55-a147-fcb7919de65a: checkpointed 82560 records.
2026-09-27T20:34:15Z INFO [51/500] 1b06f63c-0f20-4a39-8966-36baed36e30e: not valid; 10.2 s; peak memory 872 MiB.
2026-09-27T20:34:16Z INFO [52/500] 1b074d1e-9329-45dc-8125-a4db982e54d5: valid; 1.0 s; peak memory 872 MiB.
2026-09-27T20:34:17Z INFO [53/500] 1b0890a7-623c-4010-8143-5c1f881127b3: not valid; 1.2 s; peak memory 872 MiB.
2026-09-27T20:34:25Z INFO [54/500] 1b08f0ab-67ad-46cf-b083-c04b2b90a412: valid; 7.3 s; peak memory 1028 MiB.
2026-09-27T20:34:25Z WARNING 1b0918d9-4a7a-4739-a569-4b87082cb3b3: failed while retrieving asset information from the DANDI API (NotFoundError: No asset at path '409828_2018-12-10_15-28-55.nwb.zarr' in version draft. Verify the path is correct and the asset exists in this version. Use 'dandi ls' to list available assets.)
2026-09-27T20:34:26Z INFO [56/500] 1b097a7b-f3e4-416b-93e0-b04c7f8f9151: not valid; 1.2 s; peak memory 1028 MiB.
2026-09-27T20:34:26Z INFO [57/500] 1b0a0c42-dd5d-4383-a8a6-894dbc179db7: valid; 0.7 s; peak memory 1028 MiB.
2026-09-27T20:34:29Z INFO [58/500] 1b0a3c2f-1c10-42af-9fad-6a737dd1f099: valid; 2.1 s; peak memory 1028 MiB.
2026-09-27T20:34:30Z INFO [59/500] 1b0a5c08-41a8-40a2-ba8b-e7e41dd24f8a: not valid; 0.9 s; peak memory 1028 MiB.
2026-09-27T20:34:31Z INFO [60/500] 1b0ab8a9-b531-49be-bff8-4bb759d5fbc3: valid; 1.0 s; peak memory 1028 MiB.
2026-09-27T20:34:31Z INFO [61/500] 1b0b312d-1ff8-442e-8ec1-500ab4d0a8dc: not valid; 0.9 s; peak memory 1028 MiB.
2026-09-27T20:34:33Z INFO [62/500] 1b0b550c-9326-4b9f-962b-1e7f57e91a0e: valid; 1.2 s; peak memory 1028 MiB.
2026-09-27T20:34:36Z INFO [63/500] 1b0c340f-d8a4-487b-9a74-369937a547c8: not valid; 3.1 s; peak memory 1028 MiB.
2026-09-27T20:34:37Z INFO [64/500] 1b0c4a61-bb5c-4616-b35f-fb274b49318d: valid; 1.5 s; peak memory 1028 MiB.
2026-09-27T20:34:38Z INFO [65/500] 1b0da3dc-d7c1-4330-a6f6-606e97efafba: valid; 0.5 s; peak memory 1028 MiB.
2026-09-27T20:34:50Z INFO [66/500] 1b0dbb12-4f07-4dbb-94e4-93361f4a942b: valid; 11.7 s; peak memory 1028 MiB.
2026-09-27T20:34:50Z INFO [67/500] 1b0dedb4-71cf-42d8-afad-7888573d5cbf: valid; 0.7 s; peak memory 1028 MiB.
2026-09-27T20:34:52Z INFO [68/500] 1b0ece62-bf23-40fc-aa24-0d3302713455: valid; 1.4 s; peak memory 1028 MiB.
2026-09-27T20:34:55Z INFO [69/500] 1b0eed87-9790-4bc9-95ab-68b2140e27c0: not valid; 3.8 s; peak memory 1028 MiB.
2026-09-27T20:34:56Z INFO [70/500] 1b0eee3b-e8cf-444e-b32f-44e3a4284bb2: not valid; 0.6 s; peak memory 1028 MiB.
2026-09-27T20:34:58Z INFO [71/500] 1b0f8efb-97d1-4d84-abed-0b1729b2791e: valid; 1.9 s; peak memory 1028 MiB.
2026-09-27T20:35:00Z INFO [72/500] 1b0f9aaf-edd9-40d4-ac98-d453c51b6c79: valid; 1.9 s; peak memory 1028 MiB.
2026-09-27T20:35:01Z INFO [73/500] 1b0fda33-ccd7-4e01-a859-3431596cf7ff: valid; 1.1 s; peak memory 1028 MiB.
2026-09-27T20:35:02Z INFO [74/500] 1b0fe35d-97a7-44b0-bf43-df5bf74a282a: not valid; 1.0 s; peak memory 1028 MiB.
2026-09-27T20:35:04Z INFO [75/500] 1b105c8e-e77f-4661-a130-f26d7926a30a: valid; 2.2 s; peak memory 1028 MiB.
2026-09-27T20:35:05Z INFO [76/500] 1b107cf8-6af7-4136-bf87-9e6898c80341: not valid; 1.1 s; peak memory 1028 MiB.
2026-09-27T20:35:06Z INFO [77/500] 1b10f877-12b1-49e2-8182-f9ebf70b52de: valid; 0.8 s; peak memory 1028 MiB.
2026-09-27T20:35:15Z INFO [78/500] 1b11b281-8d80-4d73-b7ca-6817736a4f1e: not valid; 9.3 s; peak memory 1028 MiB.
2026-09-27T20:35:18Z INFO [79/500] 1b128c85-f32b-4093-a8b0-0340530183f6: valid; 2.4 s; peak memory 1028 MiB.
2026-09-27T20:35:20Z INFO [80/500] 1b1310f5-ac6c-4d23-95e1-ab3610e5026f: not valid; 1.8 s; peak memory 1028 MiB.
2026-09-27T20:35:20Z INFO [81/500] 1b13294e-9ea0-4434-9c6e-514c3f2e0189: not valid; 0.9 s; peak memory 1028 MiB.
2026-09-27T20:35:24Z INFO [82/500] 1b133b9e-e643-4b79-9fb6-ce1a084c26f5: not valid; 3.8 s; peak memory 1028 MiB.
2026-09-27T20:35:26Z INFO [83/500] 1b133ce1-2213-48c3-bbe0-c55df6a8db00: valid; 1.4 s; peak memory 1028 MiB.
2026-09-27T20:35:27Z INFO [84/500] 1b13aaef-ffb3-4d6d-9940-6a653bd9b0fb: valid; 1.3 s; peak memory 1028 MiB.
2026-09-27T20:35:30Z INFO [85/500] 1b13ea5e-2f9a-4a0f-b294-514adc1641f1: valid; 2.7 s; peak memory 1028 MiB.
2026-09-27T20:35:30Z WARNING 1b16283f-0e26-4f35-9b5d-bdf0b0008f23: failed while retrieving asset information from the DANDI API (NotFoundError: No such Dandiset: 000561)
2026-09-27T20:35:31Z INFO [87/500] 1b16a58e-20ee-41c4-981e-3aa8c94d8391: valid; 1.1 s; peak memory 1028 MiB.
2026-09-27T20:35:35Z INFO [88/500] 1b16cc5a-c3bb-4ad2-83e7-21f1c3d9faed: not valid; 4.4 s; peak memory 1028 MiB.
2026-09-27T20:35:36Z INFO [89/500] 1b181fa7-76d0-40d2-a719-52239c545d6d: valid; 0.7 s; peak memory 1028 MiB.
2026-09-27T20:35:38Z INFO [90/500] 1b193914-fc92-4d57-8c00-332cc67433a7: valid; 2.6 s; peak memory 1028 MiB.
2026-09-27T20:35:40Z INFO [91/500] 1b19b146-228f-472e-a3f7-44edaabcf783: valid; 1.2 s; peak memory 1028 MiB.
2026-09-27T20:35:40Z INFO [92/500] 1b19eabd-7bb7-40fa-9698-42fb1f950064: valid; 0.9 s; peak memory 1028 MiB.
2026-09-27T20:35:45Z INFO [93/500] 1b19f5ad-bf9b-43eb-80f0-cf39f0fa5463: valid; 4.5 s; peak memory 1028 MiB.
2026-09-27T20:35:46Z INFO [94/500] 1b1a6232-6af7-4783-be44-5d702c66e60d: valid; 0.6 s; peak memory 1028 MiB.
2026-09-27T20:35:47Z INFO [95/500] 1b1acc18-12d5-49ee-99c7-590c4c358abd: valid; 1.0 s; peak memory 1028 MiB.
2026-09-27T20:35:48Z INFO [96/500] 1b1b8be9-21fb-41c9-902c-61940e1d1a50: valid; 1.2 s; peak memory 1028 MiB.
2026-09-27T20:35:49Z INFO [97/500] 1b1ba45c-fa48-45e3-beba-365f0430283c: not valid; 1.0 s; peak memory 1028 MiB.
2026-09-27T20:35:50Z INFO [98/500] 1b1c02ca-9a56-4c92-bd4e-c772c544ca4c: valid; 1.4 s; peak memory 1028 MiB.
2026-09-27T20:35:51Z INFO [99/500] 1b1c3080-e092-43f9-99ea-e49ae846af08: not valid; 1.0 s; peak memory 1028 MiB.
2026-09-27T20:35:59Z INFO [100/500] 1b1c3bee-7ab3-4716-9846-30800a7109da: valid; 7.8 s; peak memory 1047 MiB.
2026-09-27T20:36:00Z INFO [100/500] 1b1c3bee-7ab3-4716-9846-30800a7109da: checkpointed 82610 records.
2026-09-27T20:36:01Z INFO [101/500] 1b1c58f7-9aee-42c9-abfc-d3be7bcc0ab8: not valid; 1.9 s; peak memory 1055 MiB.
2026-09-27T20:36:09Z INFO [102/500] 1b1cc320-39a3-43b5-b742-74dae145e385: valid; 8.0 s; peak memory 1127 MiB.
2026-09-27T20:36:12Z INFO [103/500] 1b1e1fe5-4c52-45ad-b6f3-dff28e12e762: not valid; 2.9 s; peak memory 1132 MiB.
2026-09-27T20:36:15Z INFO [104/500] 1b1f58c6-7ca5-443f-a5b3-5a558337eca7: valid; 2.8 s; peak memory 1132 MiB.
2026-09-27T20:36:16Z INFO [105/500] 1b1fa49f-4f47-4187-8a92-2cd5285e6e81: valid; 0.8 s; peak memory 1132 MiB.
2026-09-27T20:36:17Z INFO [106/500] 1b2045f9-df8c-44ca-bb4d-021d07305bfc: not valid; 1.1 s; peak memory 1132 MiB.
2026-09-27T20:36:19Z INFO [107/500] 1b20c525-c1e6-4185-8f69-e534d529fc20: valid; 1.5 s; peak memory 1132 MiB.
2026-09-27T20:36:19Z INFO [108/500] 1b216ff6-80a0-4ed5-a715-649f97667f48: valid; 0.7 s; peak memory 1132 MiB.
2026-09-27T20:36:20Z INFO [109/500] 1b218499-5fbd-47fc-896f-fed8a23e92f9: not valid; 0.9 s; peak memory 1132 MiB.
2026-09-27T20:36:21Z INFO [110/500] 1b221fe6-a4fd-4c14-8914-c6ba9eb0cd78: valid; 0.7 s; peak memory 1132 MiB.
2026-09-27T20:36:25Z INFO [111/500] 1b226a86-80c7-4b6a-8f42-9c2c0c0522d8: valid; 3.8 s; peak memory 1132 MiB.
2026-09-27T20:36:25Z INFO [112/500] 1b23a226-f774-445b-ae09-2a8ba05290a1: valid; 0.6 s; peak memory 1132 MiB.
2026-09-27T20:36:27Z INFO [113/500] 1b23fe77-a861-4b0e-bd85-5c2ff81dfeae: not valid; 1.8 s; peak memory 1132 MiB.
2026-09-27T20:36:36Z INFO [114/500] 1b244b32-7bfe-43f3-8378-72eab59624b1: valid; 8.9 s; peak memory 1207 MiB.
2026-09-27T20:36:37Z INFO [115/500] 1b24d6ad-bb61-41e5-b094-97debe167178: valid; 0.7 s; peak memory 1207 MiB.
2026-09-27T20:36:38Z INFO [116/500] 1b251c84-6e9a-4c23-b7b8-9d9b07302db6: not valid; 1.1 s; peak memory 1207 MiB.
2026-09-27T20:36:40Z INFO [117/500] 1b260e3c-a5ae-4978-89c6-3f7c32c1c957: valid; 2.5 s; peak memory 1207 MiB.
2026-09-27T20:36:43Z INFO [118/500] 1b26a793-3ff2-4955-b554-bf06b5e9920b: not valid; 2.7 s; peak memory 1207 MiB.
2026-09-27T20:36:44Z INFO [119/500] 1b26b80c-459d-4fea-b85c-8d8fa2266361: not valid; 1.3 s; peak memory 1207 MiB.
2026-09-27T20:36:47Z INFO [120/500] 1b2718a0-e47b-437b-8397-c076d2860738: valid; 3.4 s; peak memory 1207 MiB.
2026-09-27T20:36:49Z INFO [121/500] 1b28a63f-4795-4557-8204-4b2fe183c9ec: valid; 1.2 s; peak memory 1207 MiB.
2026-09-27T20:36:49Z INFO [122/500] 1b29793e-1d66-420e-9dd3-d08147236783: valid; 0.6 s; peak memory 1207 MiB.
2026-09-27T20:36:51Z INFO [123/500] 1b29b73b-1200-4d68-bc2e-71615748f5a5: valid; 2.0 s; peak memory 1207 MiB.
2026-09-27T20:36:53Z INFO [124/500] 1b2ba18e-f3f1-4e91-8a11-f02c3a56e886: valid; 2.0 s; peak memory 1207 MiB.
2026-09-27T20:36:54Z INFO [125/500] 1b2bb8a0-6261-44df-827a-70f28248b914: valid; 1.2 s; peak memory 1207 MiB.
2026-09-27T20:36:56Z INFO [126/500] 1b2bdb42-4716-4188-aebd-edcf0ed0e413: valid; 1.9 s; peak memory 1207 MiB.
2026-09-27T20:36:57Z INFO [127/500] 1b2bef07-b0f2-4784-aa4d-e22cf614798c: valid; 0.8 s; peak memory 1207 MiB.
2026-09-27T20:36:58Z INFO [128/500] 1b2c6825-8795-4fe6-b9e2-cc3531713a47: valid; 1.4 s; peak memory 1207 MiB.
2026-09-27T20:36:59Z INFO [129/500] 1b2c777c-446f-4b31-b64b-69188cfb5cfa: not valid; 0.9 s; peak memory 1207 MiB.
2026-09-27T20:37:01Z INFO [130/500] 1b2c7910-9465-4e7c-b30f-f0dd3d410d4f: valid; 1.7 s; peak memory 1207 MiB.
2026-09-27T20:37:01Z WARNING 1b2d7428-bea5-4479-a023-b5c28de6087e: failed while retrieving asset information from the DANDI API (NotFoundError: No asset at path 'sub-440958/sub-440958_ses-20190217T154414_behavior+ecephys+ogen.nwb' in version 0.231012.2129. Verify the path is correct and the asset exists in this version. Use 'dandi ls' to list available assets.)
2026-09-27T20:37:03Z INFO [132/500] 1b2e5fe3-3da8-4506-9347-a8600a599408: valid; 1.5 s; peak memory 1207 MiB.
2026-09-27T20:37:32Z INFO [133/500] 1b2ebb93-9e71-4946-aefe-b44ff250a45c: not valid; 28.9 s; peak memory 1735 MiB.
2026-09-27T20:37:33Z INFO [134/500] 1b2f3e54-9108-49a8-a901-39b961c66bad: not valid; 1.1 s; peak memory 1735 MiB.
2026-09-27T20:37:35Z INFO [135/500] 1b30148f-ba8c-44d2-a283-18a68c5c67c5: valid; 2.0 s; peak memory 1738 MiB.
2026-09-27T20:37:40Z INFO [136/500] 1b3042b7-fa26-4236-bd41-da3cd61153bc: valid; 5.2 s; peak memory 1766 MiB.
2026-09-27T20:37:43Z INFO [137/500] 1b3089a0-0150-4885-9c39-94828b433132: not valid; 2.7 s; peak memory 1775 MiB.
2026-09-27T20:37:43Z INFO [138/500] 1b30d050-9f95-4f1b-ae3d-b890c93f4068: valid; 0.6 s; peak memory 1775 MiB.
2026-09-27T20:37:44Z INFO [139/500] 1b31233c-85bc-4e42-a27d-699a1b49baa1: valid; 0.7 s; peak memory 1775 MiB.
2026-09-27T20:37:45Z INFO [140/500] 1b322a2f-4eca-415c-88a7-3f1071370a59: valid; 1.1 s; peak memory 1775 MiB.
2026-09-27T20:37:47Z INFO [141/500] 1b325904-05c0-4d0e-9d5c-d182d87ec958: valid; 2.1 s; peak memory 1775 MiB.
2026-09-27T20:37:48Z INFO [142/500] 1b328d87-57d2-4f8d-a00b-a7b38ebc8432: valid; 0.5 s; peak memory 1775 MiB.
2026-09-27T20:37:49Z INFO [143/500] 1b32d631-fe02-4573-94e3-39fd47310542: valid; 1.1 s; peak memory 1775 MiB.
2026-09-27T20:37:50Z INFO [144/500] 1b32f127-6c1e-4aa8-b323-7f42abf10c34: not valid; 0.9 s; peak memory 1775 MiB.
2026-09-27T20:37:53Z INFO [145/500] 1b3323a2-3fbc-4d82-bc36-fba1f05519df: valid; 3.5 s; peak memory 1775 MiB.
2026-09-27T20:37:54Z INFO [146/500] 1b338d22-da56-4722-8b08-766039efd462: valid; 0.6 s; peak memory 1775 MiB.
2026-09-27T20:37:55Z INFO [147/500] 1b345558-92a4-4fb8-a865-ab385ec2aef9: not valid; 1.2 s; peak memory 1776 MiB.
2026-09-27T20:37:56Z INFO [148/500] 1b3458d3-afe9-4890-a28e-5efc52a14bd5: not valid; 0.9 s; peak memory 1776 MiB.
2026-09-27T20:37:57Z INFO [149/500] 1b348004-1aba-4328-be26-2e81d61bd3a6: valid; 1.5 s; peak memory 1776 MiB.
2026-09-27T20:37:58Z INFO [150/500] 1b34a31c-5a79-4c49-81a4-265430772f28: valid; 0.5 s; peak memory 1776 MiB.
2026-09-27T20:37:58Z INFO [150/500] 1b34a31c-5a79-4c49-81a4-265430772f28: checkpointed 82660 records.
2026-09-27T20:38:00Z INFO [151/500] 1b34a37d-3ff5-4f57-970a-0af714098a92: valid; 2.2 s; peak memory 1776 MiB.
2026-09-27T20:38:02Z INFO [152/500] 1b34e5c2-a824-4982-925c-2093d2c219dd: valid; 1.9 s; peak memory 1776 MiB.
2026-09-27T20:38:03Z INFO [153/500] 1b34f143-c783-4170-b3db-63aa9ee38d92: valid; 0.5 s; peak memory 1776 MiB.
2026-09-27T20:38:04Z INFO [154/500] 1b351092-cbe0-4179-91fe-a1b78b775718: valid; 1.1 s; peak memory 1776 MiB.
2026-09-27T20:38:06Z INFO [155/500] 1b354138-91c3-43b7-a005-8b8b4d13b6f5: valid; 1.6 s; peak memory 1777 MiB.
2026-09-27T20:38:28Z INFO [156/500] 1b355901-48a2-40bb-a7bb-223c40f6b5fd: valid; 22.2 s; peak memory 2770 MiB.
2026-09-27T20:38:42Z INFO [157/500] 1b35d443-cc89-4d2e-a2fe-ce8c8580f8c9: valid; 14.5 s; peak memory 2811 MiB.
2026-09-27T20:38:43Z INFO [158/500] 1b3692f7-dd10-433d-b875-d6eb459721de: valid; 0.7 s; peak memory 2813 MiB.
2026-09-27T20:38:44Z INFO [159/500] 1b36bc83-d02e-4b3b-917a-40c02b4ce7d4: valid; 0.6 s; peak memory 2815 MiB.
2026-09-27T20:38:44Z INFO [160/500] 1b36bf98-1672-45ea-b3ff-39ec73e7f3fd: valid; 0.9 s; peak memory 2818 MiB.
2026-09-27T20:38:46Z INFO [161/500] 1b36d676-87a3-47cc-8a43-4b51592389b4: valid; 1.3 s; peak memory 2837 MiB.
2026-09-27T20:38:48Z INFO [162/500] 1b370e83-e2e1-4c2c-b1f6-fad4f6bcc531: valid; 2.0 s; peak memory 2837 MiB.
2026-09-27T20:38:48Z INFO [163/500] 1b3710b2-bf4c-4be8-ba21-43c0d5a839a9: valid; 0.7 s; peak memory 2837 MiB.
2026-09-27T20:38:50Z INFO [164/500] 1b371add-999f-4ce0-bc93-c89625df3e5c: valid; 1.9 s; peak memory 2837 MiB.
2026-09-27T20:38:51Z INFO [165/500] 1b372bf0-7e0e-4147-8cb8-194b1068f2a3: valid; 1.1 s; peak memory 2837 MiB.
2026-09-27T20:38:52Z INFO [166/500] 1b37a3ee-2ba0-4cc8-bc73-5e654e49b0c3: valid; 0.6 s; peak memory 2837 MiB.
2026-09-27T20:38:53Z INFO [167/500] 1b37cd42-79b4-48cc-8144-a5644c75abfd: valid; 0.7 s; peak memory 2837 MiB.
2026-09-27T20:38:54Z INFO [168/500] 1b381749-7098-484b-af81-5eab3e80c4ae: not valid; 1.0 s; peak memory 2837 MiB.
2026-09-27T20:39:17Z INFO [169/500] 1b389a94-77ca-4bc3-84b6-6e34d82fdda7: not valid; 23.4 s; peak memory 2852 MiB.
2026-09-27T20:39:18Z INFO [170/500] 1b38d247-2243-45c6-80e1-3d33ea707f78: not valid; 0.9 s; peak memory 2852 MiB.
2026-09-27T20:39:20Z INFO [171/500] 1b39b077-25d9-421a-bb95-ba1288354670: valid; 2.0 s; peak memory 2852 MiB.
2026-09-27T20:39:21Z INFO [172/500] 1b39dad2-355e-42c6-9337-67eef98137d2: valid; 1.3 s; peak memory 2852 MiB.
2026-09-27T20:39:22Z INFO [173/500] 1b39f664-a6e5-47fd-86dc-6aeae60f04dd: valid; 0.7 s; peak memory 2852 MiB.
2026-09-27T20:39:23Z INFO [174/500] 1b39f6dd-3484-47ac-ac55-e5cb7b7d6b5e: not valid; 0.9 s; peak memory 2852 MiB.
2026-09-27T20:39:25Z INFO [175/500] 1b39faf4-df76-474f-8174-092c7b9e7f55: valid; 1.9 s; peak memory 2852 MiB.
2026-09-27T20:39:26Z INFO [176/500] 1b3af3b3-c892-490e-ae39-6fd6e5c8211f: valid; 1.5 s; peak memory 2852 MiB.
2026-09-27T20:39:28Z INFO [177/500] 1b3c7ae8-88f6-4ce8-a82b-cf204904d08a: not valid; 1.6 s; peak memory 2852 MiB.
2026-09-27T20:39:29Z INFO [178/500] 1b3d2375-41ef-41bd-9eda-24490ae74e5e: valid; 1.1 s; peak memory 2852 MiB.
2026-09-27T20:39:30Z INFO [179/500] 1b3d2fb9-2e7e-419e-85cc-440d54835a09: valid; 0.7 s; peak memory 2852 MiB.
2026-09-27T20:39:31Z INFO [180/500] 1b3df003-58f0-4ae5-b0ed-a542b6071d6e: valid; 1.2 s; peak memory 2852 MiB.
2026-09-27T20:39:32Z INFO [181/500] 1b3e9f29-ecbe-4246-aea2-38622fa03e34: not valid; 0.8 s; peak memory 2852 MiB.
2026-09-27T20:39:33Z INFO [182/500] 1b4031e4-7932-430c-b22b-171a4f81204a: valid; 1.2 s; peak memory 2852 MiB.
2026-09-27T20:39:34Z INFO [183/500] 1b408379-6606-4724-a4c7-544831938697: not valid; 1.1 s; peak memory 2852 MiB.
2026-09-27T20:39:36Z INFO [184/500] 1b4158dc-09db-4363-bdf0-7e8a93bb91db: not valid; 1.7 s; peak memory 2852 MiB.
2026-09-27T20:39:37Z INFO [185/500] 1b41a9c3-331d-4c01-9ccb-5f0b821c5e77: valid; 1.6 s; peak memory 2852 MiB.
2026-09-27T20:39:39Z INFO [186/500] 1b429fcd-2364-49f3-bc29-af1d28c3a196: valid; 1.2 s; peak memory 2852 MiB.
2026-09-27T20:39:41Z INFO [187/500] 1b42ab5d-c00c-48ae-921b-80c9b8ebde10: valid; 2.9 s; peak memory 2852 MiB.
2026-09-27T20:39:43Z INFO [188/500] 1b42afc4-e84f-420e-a199-0577735cfd35: valid; 1.6 s; peak memory 2852 MiB.
2026-09-27T20:39:44Z INFO [189/500] 1b42d582-cebf-4b0d-accb-84c53eca1136: valid; 0.8 s; peak memory 2852 MiB.
2026-09-27T20:39:45Z WARNING 1b4344a2-ec30-4ee4-9501-a32e63140a43: failed while opening the NWB file (ConstructError: (root/acquisition/event_code_meanings GroupBuilder {'attributes': {'colnames': array(['value', 'meaning'], dtype=object), 'description': 'Mapping integer event codes to event labels', 'namespace': 'ndx-events', 'neurodata_type': 'MeaningsTable', 'object_id': 'bba2e0a1-cdf4-4cff-b9a1-c0b9221c5b48'}, 'groups': {}, 'datasets': {'id': root/acquisition/event_code_meanings/id DatasetBuilder {'attributes': {'namespace': 'hdmf-common', 'neurodata_type': 'ElementIdentifiers', 'object_id': 'cdd17f2f-ea67-4238-a3fd-18287d07d34e'}, 'data': <HDF5 dataset "id": shape (26,), type "<i8">}, 'meaning': root/acquisition/event_code_meanings/meaning DatasetBuilder {'attributes': {'description': 'The meaning of the value in the parent CategoricalVectorData object.', 'namespace': 'hdmf-experimental', 'neurodata_type': 'VectorData', 'object_id': '967ea73f-7fd4-4a1e-a5be-4851df6bd09e'}, 'data': <StrDataset for HDF5 dataset "meaning": shape (26,), type "|O">}, 'value': root/acquisition/event_code_meanings/value DatasetBuilder {'attributes': {'description': 'The value of the parent CategoricalVectorData object.', 'namespace': 'hdmf-experimental', 'neurodata_type': 'VectorData', 'object_id': '1fa0d25d-8934-4778-acb6-5a68730fe3cb'}, 'data': <HDF5 dataset "value": shape (26,), type "<i8">}}, 'links': {}}, "Could not construct MeaningsTable object due to: MeaningsTable.__init__: missing argument 'target'"))
2026-09-27T20:39:46Z INFO [191/500] 1b4364e9-f5e0-49f4-be8d-72ece203f5a3: valid; 1.2 s; peak memory 2852 MiB.
2026-09-27T20:39:47Z INFO [192/500] 1b43e104-ed87-462e-adce-3e8f5f110b4b: valid; 0.5 s; peak memory 2852 MiB.
2026-09-27T20:39:47Z INFO [193/500] 1b43f8fe-6171-4357-a86d-d19f30feb032: valid; 0.7 s; peak memory 2852 MiB.
2026-09-27T20:39:48Z INFO [194/500] 1b440544-6bb4-4df2-ab5c-8f71e7f546d2: valid; 0.6 s; peak memory 2852 MiB.
2026-09-27T20:39:49Z INFO [195/500] 1b4408b2-1585-4d5d-93d4-7aaaf8786327: not valid; 0.7 s; peak memory 2852 MiB.
2026-09-27T20:39:50Z INFO [196/500] 1b44e262-379d-4c8e-852a-094197777589: not valid; 0.9 s; peak memory 2852 MiB.
2026-09-27T20:39:51Z INFO [197/500] 1b45281c-bb8d-4c03-81d1-e1951d28f662: valid; 0.8 s; peak memory 2852 MiB.
2026-09-27T20:39:52Z INFO [198/500] 1b456f5e-4a67-40a7-85ab-7e0fd9b1afc0: valid; 1.0 s; peak memory 2852 MiB.
2026-09-27T20:39:52Z INFO [199/500] 1b457133-0bd0-463e-996d-89b6256915e2: valid; 0.5 s; peak memory 2852 MiB.
2026-09-27T20:39:53Z INFO [200/500] 1b46f895-e328-4065-8366-c364162a8904: valid; 0.9 s; peak memory 2852 MiB.
2026-09-27T20:39:53Z INFO [200/500] 1b46f895-e328-4065-8366-c364162a8904: checkpointed 82710 records.
2026-09-27T20:39:55Z INFO [201/500] 1b474cbf-6046-4d4b-a520-035505b86452: valid; 1.3 s; peak memory 2852 MiB.
2026-09-27T20:39:56Z INFO [202/500] 1b480be5-aca0-43f4-83c1-3c394098c711: not valid; 1.0 s; peak memory 2852 MiB.
2026-09-27T20:39:58Z INFO [203/500] 1b482037-2652-4af0-ac29-6bf66f2cabf3: valid; 2.1 s; peak memory 2852 MiB.
2026-09-27T20:39:59Z INFO [204/500] 1b482ead-e96f-40a2-9fbc-e5462c60e15e: not valid; 0.9 s; peak memory 2852 MiB.
2026-09-27T20:40:00Z INFO [205/500] 1b486391-55dd-4eef-814a-d0718f95e9f8: valid; 1.1 s; peak memory 2852 MiB.
2026-09-27T20:40:01Z WARNING 1b48fd30-bbf1-4bf2-b342-9aa9b66cbc70: failed while opening the NWB file (ConstructError: (root/acquisition/event_code_meanings GroupBuilder {'attributes': {'colnames': array(['value', 'meaning'], dtype=object), 'description': 'Mapping integer event codes to event labels', 'namespace': 'ndx-events', 'neurodata_type': 'MeaningsTable', 'object_id': '2aeb3218-757a-40fd-aba8-efbee6a79dc0'}, 'groups': {}, 'datasets': {'id': root/acquisition/event_code_meanings/id DatasetBuilder {'attributes': {'namespace': 'hdmf-common', 'neurodata_type': 'ElementIdentifiers', 'object_id': 'a38be21e-0790-40ab-b1e0-44db994104a8'}, 'data': <HDF5 dataset "id": shape (26,), type "<i8">}, 'meaning': root/acquisition/event_code_meanings/meaning DatasetBuilder {'attributes': {'description': 'The meaning of the value in the parent CategoricalVectorData object.', 'namespace': 'hdmf-experimental', 'neurodata_type': 'VectorData', 'object_id': '0a166964-9e33-436c-98a6-ec253a3b32ea'}, 'data': <StrDataset for HDF5 dataset "meaning": shape (26,), type "|O">}, 'value': root/acquisition/event_code_meanings/value DatasetBuilder {'attributes': {'description': 'The value of the parent CategoricalVectorData object.', 'namespace': 'hdmf-experimental', 'neurodata_type': 'VectorData', 'object_id': 'b08f3d59-59b2-4e89-a5be-f4549c687d9c'}, 'data': <HDF5 dataset "value": shape (26,), type "<i8">}}, 'links': {}}, "Could not construct MeaningsTable object due to: MeaningsTable.__init__: missing argument 'target'"))
2026-09-27T20:40:02Z INFO [207/500] 1b495862-757e-475b-9d0d-4239c0e37f15: valid; 0.8 s; peak memory 2852 MiB.
2026-09-27T20:40:04Z INFO [208/500] 1b497974-c26c-447a-97f2-c05db85e6669: valid; 1.9 s; peak memory 2852 MiB.
2026-09-27T20:40:04Z INFO [209/500] 1b4b2a3b-1b15-4c09-9898-860de833830a: not valid; 0.8 s; peak memory 2852 MiB.
2026-09-27T20:40:05Z INFO [210/500] 1b4cc61b-d005-476c-b094-3c8c97fd1f60: valid; 1.0 s; peak memory 2852 MiB.
2026-09-27T20:40:06Z INFO [211/500] 1b500396-4432-43f7-8073-df8b96b20007: valid; 0.8 s; peak memory 2852 MiB.
2026-09-27T20:40:07Z INFO [212/500] 1b502ae7-ec4d-4ec2-9718-16f1ae6b02bc: valid; 0.7 s; peak memory 2852 MiB.
2026-09-27T20:40:07Z INFO [213/500] 1b510ed0-1e05-4500-a1e1-6c0bb691c9e8: valid; 0.5 s; peak memory 2852 MiB.
2026-09-27T20:40:09Z INFO [214/500] 1b512b13-abfa-426d-b173-344e5a5ec61e: valid; 1.4 s; peak memory 2852 MiB.
2026-09-27T20:40:10Z INFO [215/500] 1b516565-cb79-49ff-8abf-2377669d26d9: valid; 1.7 s; peak memory 2854 MiB.
2026-09-27T20:40:10Z WARNING 1b518351-a8ae-4581-b90e-4073cf13836c: failed while retrieving asset information from the DANDI API (NotFoundError: No such Dandiset: 000477)
2026-09-27T20:40:11Z INFO [217/500] 1b52549e-b48b-4c49-ad26-1d369d079ea0: valid; 0.8 s; peak memory 2854 MiB.
2026-09-27T20:40:12Z INFO [218/500] 1b526549-facb-475f-bf3d-83c4aebfc5a1: not valid; 1.0 s; peak memory 2857 MiB.
2026-09-27T20:40:15Z INFO [219/500] 1b53c6e8-7b4f-4400-8a98-6b76895c636b: valid; 2.7 s; peak memory 2857 MiB.
2026-09-27T20:40:16Z WARNING 1b5556c4-fd9d-4012-b3b8-f1f91e262658: failed while opening the NWB file (ConstructError: (root/acquisition/_iblmic_audioSpectrogram/bands GroupBuilder {'attributes': {'colnames': array(['freq'], dtype=object), 'description': 'spectogram frequencies', 'namespace': 'core', 'neurodata_type': 'FrequencyBandsTable', 'object_id': 'dd73165c-eab3-4a08-84f2-b4323495d4aa'}, 'groups': {}, 'datasets': {'freq': root/acquisition/_iblmic_audioSpectrogram/bands/freq DatasetBuilder {'attributes': {'description': 'frequency value', 'namespace': 'hdmf-common', 'neurodata_type': 'VectorData', 'object_id': '842b9371-079e-44ea-8e67-40ba3ffe0d73'}, 'data': <HDF5 dataset "freq": shape (257,), type "<f4">}, 'id': root/acquisition/_iblmic_audioSpectrogram/bands/id DatasetBuilder {'attributes': {'namespace': 'hdmf-common', 'neurodata_type': 'ElementIdentifiers', 'object_id': 'f24f18d2-709d-4d90-9e59-ae138e95cb89'}, 'data': <HDF5 dataset "id": shape (257,), type "<i4">}}, 'links': {}}, "Could not construct FrequencyBandsTable object due to: column must have the same number of rows as 'id'"))
2026-09-27T20:40:17Z INFO [221/500] 1b557005-d03a-450b-954c-f4749c63af0e: not valid; 0.9 s; peak memory 2857 MiB.
2026-09-27T20:40:18Z INFO [222/500] 1b56389c-5b99-4cab-90fd-d98501d73dd5: valid; 1.2 s; peak memory 2857 MiB.
2026-09-27T20:40:19Z INFO [223/500] 1b576aec-fe3b-41bf-a6a7-3e776293824c: not valid; 0.9 s; peak memory 2857 MiB.
2026-09-27T20:40:20Z INFO [224/500] 1b578a24-b744-49a8-8855-07c91bce1d80: valid; 1.4 s; peak memory 2857 MiB.
2026-09-27T20:40:21Z INFO [225/500] 1b57fa2b-63f9-4aa3-bc3b-34e63150031b: valid; 0.6 s; peak memory 2857 MiB.
2026-09-27T20:40:22Z INFO [226/500] 1b5826e6-db71-4e41-9e53-2a0dafa3700f: valid; 0.6 s; peak memory 2857 MiB.
2026-09-27T20:40:22Z INFO [227/500] 1b58c066-5f6d-4675-8c7b-10c67d539d8a: not valid; 0.8 s; peak memory 2859 MiB.
2026-09-27T20:40:25Z INFO [228/500] 1b59e6a6-5541-4166-a18c-2dd9f0372998: not valid; 2.6 s; peak memory 2865 MiB.
2026-09-27T20:40:27Z INFO [229/500] 1b5a2e1a-881f-41c1-b86a-f5bbe961eba7: not valid; 1.8 s; peak memory 2871 MiB.
2026-09-27T20:40:28Z INFO [230/500] 1b5a500b-b046-48fd-b987-84ec2ea84c42: valid; 0.8 s; peak memory 2874 MiB.
2026-09-27T20:40:29Z INFO [231/500] 1b5aa35e-1ab9-4500-9993-0d511fd42f66: not valid; 1.1 s; peak memory 2876 MiB.
2026-09-27T20:40:30Z INFO [232/500] 1b5ad14a-ea7f-4cf1-9490-16c9cd7fd8a9: valid; 1.7 s; peak memory 2883 MiB.
2026-09-27T20:40:32Z INFO [233/500] 1b5bbbe3-120b-4377-b71a-4d46092f1959: valid; 1.1 s; peak memory 2885 MiB.
2026-09-27T20:40:33Z INFO [234/500] 1b5cb029-36b8-48f8-912f-ff6396b5da27: not valid; 1.2 s; peak memory 2885 MiB.
2026-09-27T20:40:33Z INFO [235/500] 1b5d3665-10ce-4e81-8cf7-9a860f41551c: valid; 0.4 s; peak memory 2885 MiB.
2026-09-27T20:40:34Z INFO [236/500] 1b5d61cf-1089-4def-ac9a-4051229fa422: valid; 0.7 s; peak memory 2885 MiB.
2026-09-27T20:40:35Z INFO [237/500] 1b5e5062-f411-45b3-a21d-73cddbad744e: valid; 0.7 s; peak memory 2885 MiB.
2026-09-27T20:40:36Z INFO [238/500] 1b5e6512-eacc-4b49-bb46-e5bf49e75669: valid; 1.5 s; peak memory 2885 MiB.
2026-09-27T20:40:39Z INFO [239/500] 1b5f1ae1-2ef4-46bd-a30a-cc4acbc970d1: valid; 2.8 s; peak memory 2895 MiB.
2026-09-27T20:40:40Z INFO [240/500] 1b5fc059-5a8c-41ee-805a-529f99f59b31: valid; 1.0 s; peak memory 2898 MiB.
2026-09-27T20:40:42Z INFO [241/500] 1b5fcec0-fbef-4f3e-9528-d4f493b15105: valid; 1.9 s; peak memory 2905 MiB.
2026-09-27T20:40:46Z INFO [242/500] 1b5fdc86-5280-4097-a0d3-26b11c2a06f3: valid; 4.4 s; peak memory 2969 MiB.
2026-09-27T20:40:47Z INFO [243/500] 1b5fef11-c244-4648-8f47-d3f97df12767: valid; 0.7 s; peak memory 2971 MiB.
2026-09-27T20:40:48Z INFO [244/500] 1b600be7-d9e1-4d03-a7fa-f16518033776: valid; 0.9 s; peak memory 2973 MiB.
2026-09-27T20:40:50Z INFO [245/500] 1b605179-650b-4c39-97c7-bd2ab6d5ed7d: valid; 2.3 s; peak memory 2975 MiB.
2026-09-27T20:40:50Z WARNING 1b6149d4-b934-4b9c-922b-74454f67fa34: failed while retrieving asset information from the DANDI API (NotFoundError: No such Dandiset: 001533)
2026-09-27T20:40:51Z INFO [247/500] 1b61fe29-de19-4e2d-be07-9fc1898dec0f: valid; 1.4 s; peak memory 2975 MiB.
2026-09-27T20:40:53Z INFO [248/500] 1b626ece-ed8d-4898-a28c-1ab2073a700f: valid; 1.5 s; peak memory 2975 MiB.
2026-09-27T20:40:54Z INFO [249/500] 1b62ef64-b4cb-42e8-80d0-ebc0d397170e: valid; 1.3 s; peak memory 2976 MiB.
2026-09-27T20:40:55Z INFO [250/500] 1b62f71e-8e4e-46f4-b4da-c8644d30a192: valid; 0.6 s; peak memory 2976 MiB.
2026-09-27T20:40:55Z INFO [250/500] 1b62f71e-8e4e-46f4-b4da-c8644d30a192: checkpointed 82760 records.
2026-09-27T20:40:56Z INFO [251/500] 1b63708b-4da7-4360-b440-64cc73f3cbb9: valid; 1.1 s; peak memory 2979 MiB.
2026-09-27T20:40:57Z INFO [252/500] 1b63eb33-d03c-4404-a346-63d0b5086e2a: valid; 1.0 s; peak memory 2979 MiB.
2026-09-27T20:40:58Z INFO [253/500] 1b64cf59-f1da-413c-b56a-ecdd76c47e3d: not valid; 0.9 s; peak memory 2979 MiB.
2026-09-27T20:40:59Z INFO [254/500] 1b656b72-8923-43cd-8ffd-61fd7bc9388a: valid; 0.6 s; peak memory 2979 MiB.
2026-09-27T20:41:03Z INFO [255/500] 1b659c45-9d76-401f-ae91-212231b46410: valid; 4.0 s; peak memory 2989 MiB.
2026-09-27T20:41:04Z INFO [256/500] 1b66119b-ae55-4a58-88cd-3bd36b9e87c0: valid; 1.3 s; peak memory 2994 MiB.
2026-09-27T20:41:05Z INFO [257/500] 1b663e78-2f81-4a35-a5df-81577ad56c00: valid; 0.8 s; peak memory 2996 MiB.
2026-09-27T20:41:07Z INFO [258/500] 1b6692e3-8dde-4bc6-80eb-cf2ce47d6278: valid; 1.5 s; peak memory 3002 MiB.
2026-09-27T20:41:08Z INFO [259/500] 1b66db97-4aac-476c-b18b-b389663731d2: valid; 1.8 s; peak memory 3004 MiB.
2026-09-27T20:41:10Z INFO [260/500] 1b6741bb-d5a7-47b5-86ca-16927445fe3a: not valid; 2.0 s; peak memory 3008 MiB.
2026-09-27T20:41:11Z INFO [261/500] 1b67490b-15ba-4e7b-b1ad-79b1390ce3b9: not valid; 1.0 s; peak memory 3013 MiB.
2026-09-27T20:41:12Z INFO [262/500] 1b67a8d7-4009-46bd-80ae-c7745964c9da: valid; 0.5 s; peak memory 3015 MiB.
2026-09-27T20:41:13Z INFO [263/500] 1b680fda-03b0-4ffd-bda0-81d18c6d1f4a: valid; 1.1 s; peak memory 3024 MiB.
2026-09-27T20:41:14Z INFO [264/500] 1b69050b-f295-4091-ab77-09af67256c20: valid; 0.7 s; peak memory 3026 MiB.
2026-09-27T20:41:15Z INFO [265/500] 1b69b520-fded-4e8a-9ee3-c23c41e75c05: valid; 1.9 s; peak memory 3029 MiB.
2026-09-27T20:41:16Z INFO [266/500] 1b69eec2-3b64-4dad-94d9-fb7fa87f7605: valid; 0.8 s; peak memory 3029 MiB.
2026-09-27T20:41:17Z INFO [267/500] 1b69f4fe-3c69-4e8b-a80c-90ab5d676e9e: not valid; 1.0 s; peak memory 3029 MiB.
2026-09-27T20:41:23Z INFO [268/500] 1b69f66e-ceda-4b69-8eb1-fc86d5ae9667: not valid; 5.5 s; peak memory 3049 MiB.
2026-09-27T20:41:25Z INFO [269/500] 1b6a41d3-9a7c-45dc-b835-ab188e7bd786: valid; 1.9 s; peak memory 3059 MiB.
2026-09-27T20:41:26Z INFO [270/500] 1b6a48c9-d862-4c5d-9404-8aeac5eceb0d: not valid; 0.9 s; peak memory 3063 MiB.
2026-09-27T20:41:28Z INFO [271/500] 1b6aad1f-b878-4a86-a307-691fbc8063ae: valid; 2.0 s; peak memory 3067 MiB.
2026-09-27T20:41:31Z INFO [272/500] 1b6b7955-ff3d-427e-9d7a-9ee7bb360ba0: valid; 3.0 s; peak memory 3072 MiB.
2026-09-27T20:41:31Z INFO [273/500] 1b6b8833-7c1c-4d6b-afe4-bbe463a1e90e: valid; 0.5 s; peak memory 3072 MiB.
2026-09-27T20:41:32Z INFO [274/500] 1b6b95d4-2bac-4a5d-b3a6-be3ecf9873d8: valid; 1.2 s; peak memory 3072 MiB.
2026-09-27T20:41:35Z INFO [275/500] 1b6bca83-524c-4d1e-bc7d-10906d7e8ca0: valid; 2.6 s; peak memory 3072 MiB.
2026-09-27T20:41:43Z INFO [276/500] 1b6ca915-3e02-4aaa-a441-8e1bcb28a1b6: valid; 7.5 s; peak memory 3106 MiB.
2026-09-27T20:41:44Z INFO [277/500] 1b6caebd-f563-44d1-a9ab-bcea83dec8e1: not valid; 1.8 s; peak memory 3120 MiB.
2026-09-27T20:41:45Z INFO [278/500] 1b6cc21d-e887-46bc-9694-48a0c2c5edca: valid; 1.0 s; peak memory 3122 MiB.
2026-09-27T20:41:45Z WARNING 1b6cc723-feab-46b8-b1b5-6ea123fc60b9: failed while retrieving asset information from the DANDI API (NotFoundError: No asset at path 'sub-parkinson-simulated-lfp/sub-parkinson-simulated-lfp_ses-4338_ecephys.nwb' in version 0.250327.2220. Verify the path is correct and the asset exists in this version. Use 'dandi ls' to list available assets.)
2026-09-27T20:41:46Z INFO [280/500] 1b6cecbe-4515-4f5b-bea3-3a30dae84db5: valid; 0.7 s; peak memory 3122 MiB.
2026-09-27T20:41:47Z WARNING 1b6dd8a5-e77a-4c93-8d45-18bb4f6f464c: failed while opening the NWB file (ConstructError: (root/acquisition/_iblmic_audioSpectrogram/bands GroupBuilder {'attributes': {'colnames': array(['freq'], dtype=object), 'description': 'spectogram frequencies', 'namespace': 'core', 'neurodata_type': 'FrequencyBandsTable', 'object_id': '0f6f92ce-cc4e-4a5f-b9b7-62fb9649087b'}, 'groups': {}, 'datasets': {'freq': root/acquisition/_iblmic_audioSpectrogram/bands/freq DatasetBuilder {'attributes': {'description': 'frequency value', 'namespace': 'hdmf-common', 'neurodata_type': 'VectorData', 'object_id': 'ec3a9f3c-99a0-4f7c-a2e9-29f3c1a3b487'}, 'data': <HDF5 dataset "freq": shape (257,), type "<f4">}, 'id': root/acquisition/_iblmic_audioSpectrogram/bands/id DatasetBuilder {'attributes': {'namespace': 'hdmf-common', 'neurodata_type': 'ElementIdentifiers', 'object_id': '15effa7d-9f2f-47f5-8c70-af01c44dcd96'}, 'data': <HDF5 dataset "id": shape (257,), type "<i4">}}, 'links': {}}, "Could not construct FrequencyBandsTable object due to: column must have the same number of rows as 'id'"))
2026-09-27T20:41:47Z WARNING 1b6ddff1-d552-482d-9631-588073b3e6a2: failed while retrieving asset information from the DANDI API (NotFoundError: No such Dandiset: 001533)
2026-09-27T20:41:48Z INFO [283/500] 1b6dff66-3994-431c-8f69-35f1d120cfe3: not valid; 1.0 s; peak memory 3127 MiB.
2026-09-27T20:41:50Z INFO [284/500] 1b6ef295-0ef5-4c47-b90c-9e1b28059d64: valid; 2.1 s; peak memory 3130 MiB.
2026-09-27T20:41:51Z INFO [285/500] 1b6f71c4-f46b-4c95-bae4-4ba197aa1787: valid; 0.9 s; peak memory 3135 MiB.
2026-09-27T20:41:52Z INFO [286/500] 1b6f74c9-63c3-4f15-b92f-4a4c9d7fcd6a: valid; 1.1 s; peak memory 3143 MiB.
2026-09-27T20:41:57Z INFO [287/500] 1b6f8286-233f-4db7-b578-3ac9e4fca337: valid; 5.0 s; peak memory 3337 MiB.
2026-09-27T20:41:59Z INFO [288/500] 1b6fceff-ac29-4307-aa68-04854c7e7b90: valid; 1.7 s; peak memory 3337 MiB.
2026-09-27T20:42:01Z INFO [289/500] 1b6fd53c-1cd8-4dfd-b440-6c56315ec367: valid; 1.4 s; peak memory 3337 MiB.
2026-09-27T20:42:01Z INFO [290/500] 1b70211a-a23a-48d0-a47c-8a72f0cb81c6: valid; 0.6 s; peak memory 3337 MiB.
2026-09-27T20:42:02Z INFO [291/500] 1b708f4b-f398-44b8-8d1a-debd6ff27fee: valid; 0.7 s; peak memory 3337 MiB.
2026-09-27T20:42:18Z INFO [292/500] 1b71189a-b8e6-4418-9215-8a8dd703f509: valid; 16.7 s; peak memory 3512 MiB.
2026-09-27T20:42:19Z INFO [293/500] 1b72ca5f-c9d8-4d2d-b444-bad52cb05139: valid; 0.8 s; peak memory 3514 MiB.
2026-09-27T20:42:21Z INFO [294/500] 1b732765-09b3-4956-9d3a-4675a52e332d: valid; 1.6 s; peak memory 3516 MiB.
2026-09-27T20:42:22Z INFO [295/500] 1b74184a-2249-438b-ba23-0ab623490405: not valid; 1.1 s; peak memory 3518 MiB.
2026-09-27T20:42:23Z INFO [296/500] 1b7425c9-848f-484d-bd66-cc95ac6a4dfb: valid; 0.7 s; peak memory 3518 MiB.
2026-09-27T20:42:23Z INFO [297/500] 1b74286d-5986-4ed4-85c6-0075d248deed: valid; 0.6 s; peak memory 3520 MiB.
2026-09-27T20:42:24Z WARNING 1b750de0-2d4e-4fef-92e3-9b324defc826: failed while opening the NWB file (ConstructError: (root/acquisition/_iblmic_audioSpectrogram/bands GroupBuilder {'attributes': {'colnames': array(['freq'], dtype=object), 'description': 'spectogram frequencies', 'namespace': 'core', 'neurodata_type': 'FrequencyBandsTable', 'object_id': '5a51e5b6-8af0-4d92-a4e2-95ff5b303ea9'}, 'groups': {}, 'datasets': {'freq': root/acquisition/_iblmic_audioSpectrogram/bands/freq DatasetBuilder {'attributes': {'description': 'frequency value', 'namespace': 'hdmf-common', 'neurodata_type': 'VectorData', 'object_id': 'd942e5d3-024c-491f-9d1a-2695f54a28c7'}, 'data': <HDF5 dataset "freq": shape (257,), type "<f4">}, 'id': root/acquisition/_iblmic_audioSpectrogram/bands/id DatasetBuilder {'attributes': {'namespace': 'hdmf-common', 'neurodata_type': 'ElementIdentifiers', 'object_id': 'a3275d64-7bc8-4ee8-a9b1-8de5b7c5e376'}, 'data': <HDF5 dataset "id": shape (257,), type "<i4">}}, 'links': {}}, "Could not construct FrequencyBandsTable object due to: column must have the same number of rows as 'id'"))
2026-09-27T20:42:25Z INFO [299/500] 1b753053-816f-429a-8c81-3130d6b13567: valid; 0.7 s; peak memory 3522 MiB.
2026-09-27T20:42:26Z INFO [300/500] 1b75d81c-fa67-4fe7-b80d-22e840c6226f: not valid; 1.3 s; peak memory 3530 MiB.
2026-09-27T20:42:27Z INFO [300/500] 1b75d81c-fa67-4fe7-b80d-22e840c6226f: checkpointed 82810 records.
2026-09-27T20:42:28Z INFO [301/500] 1b765e75-a098-4f4c-a662-4da961424e8d: valid; 0.7 s; peak memory 3533 MiB.
2026-09-27T20:42:29Z INFO [302/500] 1b7665e1-8053-4761-99bb-328629f125e6: not valid; 0.8 s; peak memory 3534 MiB.
2026-09-27T20:42:29Z INFO [303/500] 1b7723f3-1c7a-417b-a678-78c96fa15569: valid; 0.5 s; peak memory 3536 MiB.
2026-09-27T20:42:30Z INFO [304/500] 1b7726ef-e5fd-4083-9134-e594e352a195: not valid; 0.8 s; peak memory 3539 MiB.
2026-09-27T20:42:37Z INFO [305/500] 1b7730e7-64b9-4c88-9c63-652ed57d4f68: valid; 6.8 s; peak memory 3563 MiB.
2026-09-27T20:42:41Z INFO [306/500] 1b7766c9-9cbd-4389-a992-3a0f510017f3: valid; 4.8 s; peak memory 3582 MiB.
2026-09-27T20:42:43Z INFO [307/500] 1b78fe3c-c22a-482c-92c9-3f9cd7d91d71: valid; 1.2 s; peak memory 3585 MiB.
2026-09-27T20:42:45Z INFO [308/500] 1b794147-c376-44b4-9112-a44ebe695251: valid; 2.2 s; peak memory 3585 MiB.
2026-09-27T20:42:46Z INFO [309/500] 1b799e1a-b2b1-4378-aa6d-e8783dffb234: valid; 1.5 s; peak memory 3585 MiB.
2026-09-27T20:42:47Z INFO [310/500] 1b79d0ed-2efa-456a-96d2-578ea0a91ec4: not valid; 0.8 s; peak memory 3585 MiB.
2026-09-27T20:43:01Z INFO [311/500] 1b79e3d6-48ab-4020-a9f2-76af621f22eb: valid; 13.7 s; peak memory 3589 MiB.
2026-09-27T20:43:02Z INFO [312/500] 1b7a0370-f6d6-4d2b-89d9-0d9e99fd8fba: valid; 0.8 s; peak memory 3590 MiB.
2026-09-27T20:43:03Z INFO [313/500] 1b7a78ac-2cce-44a7-9775-1e2c9ec56642: valid; 1.5 s; peak memory 3592 MiB.
2026-09-27T20:43:04Z INFO [314/500] 1b7ad6ec-0d83-4b01-9323-0d64d21ee1a3: not valid; 0.9 s; peak memory 3593 MiB.
2026-09-27T20:43:06Z INFO [315/500] 1b7adac2-10a4-4d29-8325-276d3661bd2b: valid; 1.9 s; peak memory 3593 MiB.
2026-09-27T20:43:08Z INFO [316/500] 1b7b4e0a-e423-44d8-9704-8ffa97ce3aa3: not valid; 2.5 s; peak memory 3596 MiB.
2026-09-27T20:43:10Z WARNING 1b7b7b7f-2eb2-46a2-af70-c22bf7bbb56e: failed while opening the NWB file (ConstructError: (root/acquisition/_iblmic_audioSpectrogram/bands GroupBuilder {'attributes': {'colnames': array(['freq'], dtype=object), 'description': 'spectogram frequencies', 'namespace': 'core', 'neurodata_type': 'FrequencyBandsTable', 'object_id': '50df8812-198e-44d5-9186-d6f14f8e8b3d'}, 'groups': {}, 'datasets': {'freq': root/acquisition/_iblmic_audioSpectrogram/bands/freq DatasetBuilder {'attributes': {'description': 'frequency value', 'namespace': 'hdmf-common', 'neurodata_type': 'VectorData', 'object_id': '813f7c72-4a2e-40b2-8a4b-e108eb87ce62'}, 'data': <HDF5 dataset "freq": shape (257,), type "<f4">}, 'id': root/acquisition/_iblmic_audioSpectrogram/bands/id DatasetBuilder {'attributes': {'namespace': 'hdmf-common', 'neurodata_type': 'ElementIdentifiers', 'object_id': '6bd3e945-afce-490d-b871-405055fc8e69'}, 'data': <HDF5 dataset "id": shape (257,), type "<i4">}}, 'links': {}}, "Could not construct FrequencyBandsTable object due to: column must have the same number of rows as 'id'"))
2026-09-27T20:43:11Z INFO [318/500] 1b7b973f-f5a4-4350-b7aa-dd18ad917208: valid; 0.8 s; peak memory 3597 MiB.
2026-09-27T20:43:13Z INFO [319/500] 1b7b9cb1-7f05-4a75-8c0b-e0240793239e: valid; 2.3 s; peak memory 3598 MiB.
2026-09-27T20:43:16Z INFO [320/500] 1b7c2ff4-0727-44b1-badb-61d6b7e857d9: valid; 3.0 s; peak memory 3601 MiB.
2026-09-27T20:43:18Z INFO [321/500] 1b7c7050-f6ae-46b4-af52-1510d28406bb: valid; 2.2 s; peak memory 3601 MiB.
2026-09-27T20:43:19Z INFO [322/500] 1b7c925d-13a7-4433-b822-ba2c25359660: valid; 0.6 s; peak memory 3601 MiB.
2026-09-27T20:43:21Z INFO [323/500] 1b7d4d30-8c19-44f9-88e0-faaa334ec248: valid; 2.0 s; peak memory 3602 MiB.
2026-09-27T20:43:22Z INFO [324/500] 1b7d5fcf-c1f7-42d3-b75f-4a02bb528c50: valid; 1.6 s; peak memory 3602 MiB.
2026-09-27T20:43:23Z INFO [325/500] 1b7e3700-3d1c-4397-8027-16eff53d192b: valid; 0.7 s; peak memory 3602 MiB.
2026-09-27T20:43:24Z INFO [326/500] 1b7e40e6-fabb-4e00-91d6-f50184f1ccad: not valid; 1.0 s; peak memory 3602 MiB.
2026-09-27T20:43:25Z INFO [327/500] 1b7e452c-1c00-4977-9f79-39dac588ed43: valid; 1.3 s; peak memory 3603 MiB.
2026-09-27T20:43:27Z INFO [328/500] 1b7e72ea-4410-4cc3-b1a8-bdc12a9f97dd: valid; 1.2 s; peak memory 3604 MiB.
2026-09-27T20:43:27Z INFO [329/500] 1b80b16f-938d-4f99-800c-125e39de4740: not valid; 0.9 s; peak memory 3605 MiB.
2026-09-27T20:43:35Z INFO [330/500] 1b8160d9-5928-4c3d-ab7e-3524e9b98067: valid; 7.9 s; peak memory 3618 MiB.
2026-09-27T20:43:37Z INFO [331/500] 1b8260fd-fa99-468e-8eeb-14aa7896d47d: valid; 1.3 s; peak memory 3620 MiB.
2026-09-27T20:43:38Z WARNING 1b82927d-a016-47c0-a044-8532caf22b2d: failed while opening the NWB file (ConstructError: (root/acquisition/_iblmic_audioSpectrogram/bands GroupBuilder {'attributes': {'colnames': array(['freq'], dtype=object), 'description': 'spectogram frequencies', 'namespace': 'core', 'neurodata_type': 'FrequencyBandsTable', 'object_id': 'd8d4b370-df6c-4a1a-a71e-be449c03cb94'}, 'groups': {}, 'datasets': {'freq': root/acquisition/_iblmic_audioSpectrogram/bands/freq DatasetBuilder {'attributes': {'description': 'frequency value', 'namespace': 'hdmf-common', 'neurodata_type': 'VectorData', 'object_id': '438cb61b-52d9-49d1-84eb-05bbc393e9d5'}, 'data': <HDF5 dataset "freq": shape (257,), type "<f4">}, 'id': root/acquisition/_iblmic_audioSpectrogram/bands/id DatasetBuilder {'attributes': {'namespace': 'hdmf-common', 'neurodata_type': 'ElementIdentifiers', 'object_id': '48b22432-085c-4223-908f-5cdc0c56a46c'}, 'data': <HDF5 dataset "id": shape (257,), type "<i4">}}, 'links': {}}, "Could not construct FrequencyBandsTable object due to: column must have the same number of rows as 'id'"))
2026-09-27T20:43:38Z INFO [333/500] 1b829f98-0655-496c-bbf2-b3acc2590b35: not valid; 0.4 s; peak memory 3621 MiB.
2026-09-27T20:43:39Z INFO [334/500] 1b82d10c-a477-4fd0-a3fb-0e83308038a0: valid; 0.8 s; peak memory 3622 MiB.
2026-09-27T20:43:41Z INFO [335/500] 1b82e75c-f6c5-45f0-b3e8-c384f6634bd8: valid; 1.8 s; peak memory 3624 MiB.
2026-09-27T20:43:42Z INFO [336/500] 1b831fbb-a633-4d03-b663-720117085ff6: valid; 1.2 s; peak memory 3626 MiB.
2026-09-27T20:43:43Z INFO [337/500] 1b83631d-9091-48a8-a339-5eb888a5eb75: valid; 0.7 s; peak memory 3627 MiB.
2026-09-27T20:43:43Z INFO [338/500] 1b843dc9-5a05-4539-9c64-4870b0f8cc93: not valid; 0.5 s; peak memory 3627 MiB.
2026-09-27T20:43:44Z INFO [339/500] 1b84b185-79f5-443a-a6ef-71152cb50900: not valid; 0.7 s; peak memory 3628 MiB.
2026-09-27T20:43:44Z INFO [340/500] 1b8543ad-45f8-40c9-926b-674efd9c3cf7: valid; 0.6 s; peak memory 3628 MiB.
2026-09-27T20:43:46Z INFO [341/500] 1b868978-8283-4c2c-ab47-186d7033ecda: valid; 1.3 s; peak memory 3630 MiB.
2026-09-27T20:43:47Z INFO [342/500] 1b87079e-8bbf-42ac-904b-9c15e5efeefe: valid; 1.1 s; peak memory 3631 MiB.
2026-09-27T20:43:48Z INFO [343/500] 1b871031-f758-4666-8456-3e59af863444: not valid; 1.6 s; peak memory 3634 MiB.
2026-09-27T20:43:50Z INFO [344/500] 1b871ce5-bda5-4a22-a78b-8dd468867f06: valid; 1.2 s; peak memory 3644 MiB.
2026-09-27T20:43:51Z INFO [345/500] 1b878f49-d3f2-4181-81a9-98654dd69df7: valid; 1.2 s; peak memory 3644 MiB.
2026-09-27T20:43:52Z INFO [346/500] 1b87dded-cc9f-4220-b413-b6429f7e7a57: valid; 0.7 s; peak memory 3644 MiB.
2026-09-27T20:43:52Z INFO [347/500] 1b881202-43a1-4774-8389-3018f030321c: valid; 0.7 s; peak memory 3645 MiB.
2026-09-27T20:43:54Z INFO [348/500] 1b883ac6-4ec7-4cdd-8784-38584faade32: valid; 2.0 s; peak memory 3646 MiB.
2026-09-27T20:43:55Z INFO [349/500] 1b884d99-a328-4c80-b958-32f8fb6e987b: valid; 0.7 s; peak memory 3646 MiB.
2026-09-27T20:43:57Z INFO [350/500] 1b88c0fa-75b2-4f21-971a-b73d14dc16c9: valid; 2.5 s; peak memory 3647 MiB.
2026-09-27T20:43:58Z INFO [350/500] 1b88c0fa-75b2-4f21-971a-b73d14dc16c9: checkpointed 82860 records.
2026-09-27T20:44:01Z INFO [351/500] 1b88d699-9c6c-495c-96b5-d402223a36fb: valid; 3.0 s; peak memory 3649 MiB.
2026-09-27T20:44:02Z INFO [352/500] 1b8aa521-cfba-4dc3-a193-7a8c30641c18: valid; 0.7 s; peak memory 3649 MiB.
2026-09-27T20:44:07Z INFO [353/500] 1b8ae058-71ed-4507-9cbc-8e50e3b82151: valid; 5.7 s; peak memory 3654 MiB.
2026-09-27T20:44:19Z INFO [354/500] 1b8b0aad-d41d-4462-a664-e2bfecb8bc3f: not valid; 11.5 s; peak memory 3682 MiB.
2026-09-27T20:44:20Z INFO [355/500] 1b8b5718-0ef3-4316-875c-428243db232d: valid; 1.3 s; peak memory 3684 MiB.
2026-09-27T20:44:25Z INFO [356/500] 1b8baa3c-fc44-4a63-824a-1ea4236b07c1: valid; 5.0 s; peak memory 3690 MiB.
2026-09-27T20:44:26Z INFO [357/500] 1b8c8877-9a33-43dd-b902-a4e70fe95308: not valid; 0.8 s; peak memory 3691 MiB.
2026-09-27T20:44:27Z WARNING 1b8d4bea-7b84-4e07-856a-b64b33c5062d: failed while opening the NWB file (ConstructError: (root/acquisition/_iblmic_audioSpectrogram/bands GroupBuilder {'attributes': {'colnames': array(['freq'], dtype=object), 'description': 'spectogram frequencies', 'namespace': 'core', 'neurodata_type': 'FrequencyBandsTable', 'object_id': '3d05a17e-8a1a-4ba2-8a05-a70970d46fcb'}, 'groups': {}, 'datasets': {'freq': root/acquisition/_iblmic_audioSpectrogram/bands/freq DatasetBuilder {'attributes': {'description': 'frequency value', 'namespace': 'hdmf-common', 'neurodata_type': 'VectorData', 'object_id': 'ab088804-de6c-416f-9c7d-de5a80a98a0c'}, 'data': <HDF5 dataset "freq": shape (257,), type "<f4">}, 'id': root/acquisition/_iblmic_audioSpectrogram/bands/id DatasetBuilder {'attributes': {'namespace': 'hdmf-common', 'neurodata_type': 'ElementIdentifiers', 'object_id': 'f33ba8e6-b48a-42af-bc14-85d756be9354'}, 'data': <HDF5 dataset "id": shape (257,), type "<i4">}}, 'links': {}}, "Could not construct FrequencyBandsTable object due to: column must have the same number of rows as 'id'"))
2026-09-27T20:44:28Z INFO [359/500] 1b8db6c8-be1b-4fb7-aded-c26892f8f309: not valid; 1.2 s; peak memory 3694 MiB.
2026-09-27T20:44:29Z INFO [360/500] 1b8e00e9-74cc-49de-bc8a-2e840f13a7a6: valid; 0.7 s; peak memory 3694 MiB.
2026-09-27T20:44:30Z INFO [361/500] 1b8f4f91-dfd0-4e65-860f-3a9598a596ad: not valid; 0.9 s; peak memory 3694 MiB.
2026-09-27T20:44:32Z INFO [362/500] 1b8f5b30-ec3e-4a3e-870c-9a223580977c: valid; 2.2 s; peak memory 3696 MiB.
2026-09-27T20:44:34Z INFO [363/500] 1b8ffae5-108b-4712-ab3b-ba5eba483595: not valid; 1.8 s; peak memory 3699 MiB.
2026-09-27T20:44:45Z INFO [364/500] 1b915b86-04ec-4b5a-a821-5a8a2dae1240: valid; 11.4 s; peak memory 3716 MiB.
2026-09-27T20:44:46Z INFO [365/500] 1b9224ef-1055-423f-bc67-52f9aaef415d: valid; 0.7 s; peak memory 3717 MiB.
2026-09-27T20:44:47Z INFO [366/500] 1b923cce-5c8e-4181-8158-fd2ba350ec47: valid; 0.6 s; peak memory 3718 MiB.
2026-09-27T20:44:51Z INFO [367/500] 1b92438b-cc8c-4550-a8ec-e18aed8725c1: valid; 4.8 s; peak memory 3726 MiB.
2026-09-27T20:44:53Z INFO [368/500] 1b9247fe-bbca-4944-95f4-2b864167f8c6: valid; 1.5 s; peak memory 3727 MiB.
2026-09-27T20:44:56Z INFO [369/500] 1b92ec40-44d5-43c8-a95c-cf7e04c9d643: valid; 2.7 s; peak memory 3733 MiB.
2026-09-27T20:44:58Z INFO [370/500] 1b9321fb-6d3a-4d49-a5af-b6b19a8ff2ad: not valid; 2.2 s; peak memory 3737 MiB.
2026-09-27T20:44:59Z INFO [371/500] 1b947d1f-954e-4131-a3dc-7456ae4d30f3: valid; 1.2 s; peak memory 3739 MiB.
2026-09-27T20:45:01Z INFO [372/500] 1b948869-226a-4c52-ba79-8beded2c38bf: valid; 1.5 s; peak memory 3741 MiB.
2026-09-27T20:45:01Z INFO [373/500] 1b953042-a749-49bb-80a2-984546fec79b: valid; 0.9 s; peak memory 3742 MiB.
2026-09-27T20:45:11Z INFO [374/500] 1b953ae9-7b32-490c-9ed9-af701f20a829: valid; 9.9 s; peak memory 3916 MiB.
2026-09-27T20:45:12Z INFO [375/500] 1b95632a-9eee-448c-b3cf-2e9bd941bcc7: valid; 0.7 s; peak memory 3916 MiB.
2026-09-27T20:45:13Z INFO [376/500] 1b965154-3580-4212-958f-0cd5c2779bcf: not valid; 0.6 s; peak memory 3916 MiB.
2026-09-27T20:45:35Z INFO [377/500] 1b965820-81e7-43e5-afa1-6f7a234a7b0d: not valid; 22.2 s; peak memory 3948 MiB.
2026-09-27T20:45:36Z INFO [378/500] 1b968c8a-2836-4361-b4e4-fdf3dddaee1b: valid; 0.7 s; peak memory 3950 MiB.
2026-09-27T20:45:36Z INFO [379/500] 1b9744da-d881-4fae-98ee-652e9169a05c: valid; 0.8 s; peak memory 3952 MiB.
2026-09-27T20:45:37Z INFO [380/500] 1b97a617-4043-4b9e-8164-4ff787c8052c: valid; 0.7 s; peak memory 3954 MiB.
2026-09-27T20:45:38Z INFO [381/500] 1b98538f-2431-4bc8-8526-258d405f6b60: not valid; 1.2 s; peak memory 3963 MiB.
2026-09-27T20:45:40Z INFO [382/500] 1b987a6d-228d-40b0-90d2-5a0a025e3def: valid; 1.3 s; peak memory 3972 MiB.
2026-09-27T20:45:41Z INFO [383/500] 1b993152-afe8-4d85-92f0-68d3853fc6f0: valid; 1.4 s; peak memory 3974 MiB.
2026-09-27T20:45:42Z INFO [384/500] 1b99b8be-8dc0-4703-aae4-57440242d338: valid; 0.6 s; peak memory 3977 MiB.
2026-09-27T20:45:50Z INFO [385/500] 1b99f5f1-a074-4546-8b18-7e1134b8b256: valid; 8.6 s; peak memory 4139 MiB.
2026-09-27T20:45:51Z INFO [386/500] 1b9a7d72-bb79-443b-a125-bcc804ab78c8: valid; 0.7 s; peak memory 4139 MiB.
2026-09-27T20:45:54Z INFO [387/500] 1b9aa0d8-f56d-4ef1-a43b-c7fbeb855446: valid; 2.6 s; peak memory 4139 MiB.
2026-09-27T20:45:55Z INFO [388/500] 1b9ba532-6cde-40dd-aa83-83b666af94bb: valid; 1.1 s; peak memory 4139 MiB.
2026-09-27T20:45:57Z INFO [389/500] 1b9bbb04-1a60-40e0-8217-572c548482bf: valid; 2.2 s; peak memory 4143 MiB.
2026-09-27T20:45:57Z INFO [390/500] 1b9c7301-63ae-4706-8e89-129e580c76bf: valid; 0.5 s; peak memory 4143 MiB.
2026-09-27T20:46:00Z INFO [391/500] 1b9d58c1-7d60-4507-a028-233e1321c6e4: valid; 2.6 s; peak memory 4143 MiB.
2026-09-27T20:46:01Z INFO [392/500] 1b9dadaf-74b1-4867-8546-6e2dfb5aaacc: valid; 1.6 s; peak memory 4143 MiB.
2026-09-27T20:46:02Z INFO [393/500] 1b9e3265-c0d9-42af-ac8a-5df695745e33: not valid; 0.9 s; peak memory 4143 MiB.
2026-09-27T20:46:04Z INFO [394/500] 1b9e6f06-2666-44ee-a49a-79e6c0898f39: valid; 1.6 s; peak memory 4143 MiB.
2026-09-27T20:46:06Z INFO [395/500] 1b9f0ab9-d914-4352-b380-7f8111b0c66c: valid; 1.9 s; peak memory 4144 MiB.
2026-09-27T20:46:07Z WARNING 1b9f3729-e643-48ac-84b7-0438c3311164: failed while opening the NWB file (ConstructError: (root/acquisition/_iblmic_audioSpectrogram/bands GroupBuilder {'attributes': {'colnames': array(['freq'], dtype=object), 'description': 'spectogram frequencies', 'namespace': 'core', 'neurodata_type': 'FrequencyBandsTable', 'object_id': '48406e75-4dac-4a01-9c23-91fb2e93c446'}, 'groups': {}, 'datasets': {'freq': root/acquisition/_iblmic_audioSpectrogram/bands/freq DatasetBuilder {'attributes': {'description': 'frequency value', 'namespace': 'hdmf-common', 'neurodata_type': 'VectorData', 'object_id': 'cafc2c11-670e-4544-a659-0a83cd6fd590'}, 'data': <HDF5 dataset "freq": shape (257,), type "<f4">}, 'id': root/acquisition/_iblmic_audioSpectrogram/bands/id DatasetBuilder {'attributes': {'namespace': 'hdmf-common', 'neurodata_type': 'ElementIdentifiers', 'object_id': 'a1e564b9-5737-4d04-b8b8-7ed4592605d8'}, 'data': <HDF5 dataset "id": shape (257,), type "<i4">}}, 'links': {}}, "Could not construct FrequencyBandsTable object due to: column must have the same number of rows as 'id'"))
2026-09-27T20:46:07Z WARNING 1b9facb9-18a7-44f3-856c-cef43a47e7cc: failed while retrieving asset information from the DANDI API (NotFoundError: No such Dandiset: 001269)
2026-09-27T20:46:09Z INFO [398/500] 1ba01123-b695-4b35-a25b-a4c7382f85d1: valid; 1.6 s; peak memory 4144 MiB.
2026-09-27T20:46:11Z INFO [399/500] 1ba07150-fd42-43d8-94d1-738479768382: not valid; 2.1 s; peak memory 4144 MiB.
2026-09-27T20:46:11Z INFO [400/500] 1ba08c2a-fb4f-4ef3-a398-38b3607bf4df: valid; 0.4 s; peak memory 4144 MiB.
2026-09-27T20:46:12Z INFO [400/500] 1ba08c2a-fb4f-4ef3-a398-38b3607bf4df: checkpointed 82910 records.
2026-09-27T20:46:13Z INFO [401/500] 1ba09084-361b-45ba-baeb-eec8504bc328: valid; 1.2 s; peak memory 4145 MiB.
2026-09-27T20:46:15Z INFO [402/500] 1ba090d2-3f2b-4646-a7fc-93a8baadfed9: valid; 2.2 s; peak memory 4150 MiB.
2026-09-27T20:46:18Z INFO [403/500] 1ba10845-5a1f-4e17-9607-a643e61d2db0: valid; 2.6 s; peak memory 4150 MiB.
2026-09-27T20:46:19Z INFO [404/500] 1ba16c82-b557-43ad-899e-9227cb61f865: valid; 1.4 s; peak memory 4150 MiB.
2026-09-27T20:46:20Z INFO [405/500] 1ba1d425-2425-4d7c-8b0f-a632334a379d: valid; 1.1 s; peak memory 4150 MiB.
2026-09-27T20:46:31Z INFO [406/500] 1ba231fa-015d-477b-a73f-bb70a5b38c9c: valid; 10.7 s; peak memory 4151 MiB.
2026-09-27T20:46:32Z INFO [407/500] 1ba28632-6e67-4b03-a9f9-4d33919b3604: valid; 0.8 s; peak memory 4152 MiB.
2026-09-27T20:46:32Z INFO [408/500] 1ba35306-0ab5-47c9-a3d5-274d5ef49550: not valid; 0.8 s; peak memory 4155 MiB.
2026-09-27T20:46:33Z INFO [409/500] 1ba39f0b-77c2-4b27-bc8f-8c4beb0807fe: valid; 0.7 s; peak memory 4158 MiB.
2026-09-27T20:46:34Z INFO [410/500] 1ba443ac-9e0d-4b78-b714-166229458bb0: valid; 0.8 s; peak memory 4162 MiB.
2026-09-27T20:46:46Z INFO [411/500] 1ba4b3e6-d3d1-4d37-aa43-a043187ff2b3: valid; 12.1 s; peak memory 4265 MiB.
2026-09-27T20:46:47Z INFO [412/500] 1ba4d6d3-e9ad-4861-8244-f4155dbf1d8b: valid; 0.6 s; peak memory 4267 MiB.
2026-09-27T20:46:48Z INFO [413/500] 1ba4e9ff-e279-4837-90a9-c46d30a9febd: not valid; 1.1 s; peak memory 4271 MiB.
2026-09-27T20:46:58Z INFO [414/500] 1ba540e0-e065-4791-b8a1-1a6acca62a2d: valid; 9.9 s; peak memory 4309 MiB.
2026-09-27T20:46:59Z INFO [415/500] 1ba5f2a1-db39-4d14-9125-5eb5944e1432: valid; 1.5 s; peak memory 4312 MiB.
2026-09-27T20:47:02Z INFO [416/500] 1ba5fa17-e3af-49b0-aafc-9577f22aad1b: not valid; 3.2 s; peak memory 4320 MiB.
2026-09-27T20:47:04Z INFO [417/500] 1ba60107-438f-4a35-8a3d-d6d0b58e7519: valid; 1.3 s; peak memory 4320 MiB.
2026-09-27T20:47:05Z INFO [418/500] 1ba66446-2b17-4a19-902e-3672ab218590: valid; 1.5 s; peak memory 4320 MiB.
2026-09-27T20:47:06Z INFO [419/500] 1ba6e5df-7aa3-4506-99a3-93f735d87ef3: valid; 0.7 s; peak memory 4320 MiB.
2026-09-27T20:47:15Z INFO [420/500] 1ba6f66c-a93e-49cf-915f-956ca4c35376: valid; 9.1 s; peak memory 4320 MiB.
2026-09-27T20:47:16Z INFO [421/500] 1ba7665b-ee37-40a8-a969-ee228d9669b4: valid; 1.5 s; peak memory 4320 MiB.
2026-09-27T20:47:36Z INFO [422/500] 1ba7c4d0-9569-4e7c-a57f-50fa1cd6ffee: not valid; 19.6 s; peak memory 4320 MiB.
2026-09-27T20:47:37Z INFO [423/500] 1ba7c7f3-ffe7-44ca-8bed-c5f07c8065eb: not valid; 1.0 s; peak memory 4320 MiB.
2026-09-27T20:47:38Z WARNING 1ba7eabc-7f56-44f3-a3a2-6da380d7f21e: failed while opening the NWB file (ConstructError: (root/acquisition/_iblmic_audioSpectrogram/bands GroupBuilder {'attributes': {'colnames': array(['freq'], dtype=object), 'description': 'spectogram frequencies', 'namespace': 'core', 'neurodata_type': 'FrequencyBandsTable', 'object_id': 'dffbdfd2-bd91-4087-a17c-9b290e3fbc32'}, 'groups': {}, 'datasets': {'freq': root/acquisition/_iblmic_audioSpectrogram/bands/freq DatasetBuilder {'attributes': {'description': 'frequency value', 'namespace': 'hdmf-common', 'neurodata_type': 'VectorData', 'object_id': 'ed0cc906-4016-4bbc-b341-538c1a49e0b3'}, 'data': <HDF5 dataset "freq": shape (257,), type "<f4">}, 'id': root/acquisition/_iblmic_audioSpectrogram/bands/id DatasetBuilder {'attributes': {'namespace': 'hdmf-common', 'neurodata_type': 'ElementIdentifiers', 'object_id': 'dd8e1243-39be-44a1-b515-92c3c3ea1518'}, 'data': <HDF5 dataset "id": shape (257,), type "<i4">}}, 'links': {}}, "Could not construct FrequencyBandsTable object due to: column must have the same number of rows as 'id'"))
2026-09-27T20:47:41Z INFO [425/500] 1ba7f9c3-ce4a-4206-b766-1cb7fc792957: not valid; 2.4 s; peak memory 4320 MiB.
2026-09-27T20:47:42Z INFO [426/500] 1ba87094-45ec-4805-a8f9-94c48eb9e83f: not valid; 1.0 s; peak memory 4320 MiB.
2026-09-27T20:47:46Z INFO [427/500] 1ba8867d-2718-46b2-9c74-f3c523d68669: valid; 4.4 s; peak memory 4326 MiB.
2026-09-27T20:47:47Z INFO [428/500] 1ba88e6d-2c50-46d9-9073-78da075eb16a: valid; 0.8 s; peak memory 4326 MiB.
2026-09-27T20:47:48Z INFO [429/500] 1ba8d463-c29f-4006-b51a-67a25cd6def7: valid; 0.8 s; peak memory 4326 MiB.
2026-09-27T20:47:48Z INFO [430/500] 1ba993f2-1b9e-437d-ad05-78d29d9d8376: valid; 0.6 s; peak memory 4326 MiB.
2026-09-27T20:47:49Z INFO [431/500] 1ba9dfa1-18bd-4c50-bd54-7868dceac487: not valid; 1.2 s; peak memory 4326 MiB.
2026-09-27T20:47:50Z INFO [432/500] 1baa03b9-cdb0-4a55-a10c-60ca5bbb81c8: valid; 0.8 s; peak memory 4326 MiB.
2026-09-27T20:47:51Z WARNING 1baa1a33-f0db-464a-9faf-cead1e903e3a: failed while opening the NWB file (ConstructError: (root/acquisition/_iblmic_audioSpectrogram/bands GroupBuilder {'attributes': {'colnames': array(['freq'], dtype=object), 'description': 'spectogram frequencies', 'namespace': 'core', 'neurodata_type': 'FrequencyBandsTable', 'object_id': '8ae64608-18af-4106-976e-721369b9ba55'}, 'groups': {}, 'datasets': {'freq': root/acquisition/_iblmic_audioSpectrogram/bands/freq DatasetBuilder {'attributes': {'description': 'frequency value', 'namespace': 'hdmf-common', 'neurodata_type': 'VectorData', 'object_id': '1d46a366-e707-46d6-97d6-e1de10b1ffe7'}, 'data': <HDF5 dataset "freq": shape (257,), type "<f4">}, 'id': root/acquisition/_iblmic_audioSpectrogram/bands/id DatasetBuilder {'attributes': {'namespace': 'hdmf-common', 'neurodata_type': 'ElementIdentifiers', 'object_id': '7fa4958c-11e0-42ad-9957-abe529ecea1b'}, 'data': <HDF5 dataset "id": shape (257,), type "<i4">}}, 'links': {}}, "Could not construct FrequencyBandsTable object due to: column must have the same number of rows as 'id'"))
2026-09-27T20:47:57Z INFO [434/500] 1baa7312-2c83-48af-936f-e0e660177b47: valid; 5.3 s; peak memory 4326 MiB.
2026-09-27T20:47:58Z INFO [435/500] 1baabc99-b8ad-4e7f-aced-d61ae3fdfb79: valid; 1.2 s; peak memory 4326 MiB.
2026-09-27T20:47:58Z INFO [436/500] 1baacfb5-31b8-4050-b1e6-63f1c6428224: valid; 0.6 s; peak memory 4326 MiB.
2026-09-27T20:47:59Z INFO [437/500] 1bab0be6-cd29-4732-80f1-139ca1dd0f53: not valid; 0.9 s; peak memory 4326 MiB.
2026-09-27T20:48:00Z INFO [438/500] 1bab87ec-8ab4-4601-af69-e6be7e55df3a: valid; 0.7 s; peak memory 4326 MiB.
2026-09-27T20:48:01Z INFO [439/500] 1bab8c82-585c-4099-bfd8-9c1ad8b7f535: valid; 1.1 s; peak memory 4326 MiB.
2026-09-27T20:48:02Z INFO [440/500] 1babf17a-586f-4bd6-bd4f-5ed99f5c13e1: not valid; 1.2 s; peak memory 4326 MiB.
2026-09-27T20:48:03Z INFO [441/500] 1bac753d-6e28-4858-9a5e-7d9988c4fe90: valid; 0.8 s; peak memory 4326 MiB.
2026-09-27T20:48:04Z INFO [442/500] 1bac9cbc-1ea1-4320-a6ff-da0301fff8a1: valid; 1.2 s; peak memory 4326 MiB.
2026-09-27T20:48:11Z INFO [443/500] 1bac9cc9-c928-48e6-aeb2-ce331e4ebf64: valid; 6.3 s; peak memory 4372 MiB.
2026-09-27T20:48:11Z INFO [444/500] 1bacd9a0-a1b0-4621-84bb-b562f583f1cf: not valid; 0.7 s; peak memory 4374 MiB.
2026-09-27T20:48:14Z INFO [445/500] 1bad33bc-152d-4e94-a37c-e19da7311d10: not valid; 2.8 s; peak memory 4379 MiB.
2026-09-27T20:48:15Z INFO [446/500] 1bad6d6f-ee93-461a-a5dc-3bbf24952fd3: valid; 1.2 s; peak memory 4379 MiB.
2026-09-27T20:48:16Z INFO [447/500] 1badad61-8ba5-42a2-9393-670764c296fb: valid; 0.6 s; peak memory 4379 MiB.
2026-09-27T20:48:17Z INFO [448/500] 1bae3b87-f3ee-4efe-b336-e1b35bc5ec2c: not valid; 1.1 s; peak memory 4379 MiB.
2026-09-27T20:48:29Z INFO [449/500] 1bae53b3-f4f2-4eee-8d69-b9f243cff895: valid; 11.7 s; peak memory 4396 MiB.
2026-09-27T20:48:40Z INFO [450/500] 1bae8118-c8fe-454f-bfaa-64255dda1977: valid; 11.1 s; peak memory 4461 MiB.
2026-09-27T20:48:40Z INFO [450/500] 1bae8118-c8fe-454f-bfaa-64255dda1977: checkpointed 82960 records.
2026-09-27T20:48:41Z INFO [451/500] 1baeb54d-f798-4434-a6fa-4b65134a24be: valid; 1.1 s; peak memory 4470 MiB.
2026-09-27T20:48:43Z WARNING 1baec7c5-9552-4036-be19-54378d72cbc5: failed while opening the NWB file (ConstructError: (root/acquisition/_iblmic_audioSpectrogram/bands GroupBuilder {'attributes': {'colnames': array(['freq'], dtype=object), 'description': 'spectogram frequencies', 'namespace': 'core', 'neurodata_type': 'FrequencyBandsTable', 'object_id': '78a87f61-3cca-4b57-970e-b660fac38605'}, 'groups': {}, 'datasets': {'freq': root/acquisition/_iblmic_audioSpectrogram/bands/freq DatasetBuilder {'attributes': {'description': 'frequency value', 'namespace': 'hdmf-common', 'neurodata_type': 'VectorData', 'object_id': '42a476fd-5d46-4e0c-a7c5-417f150c1227'}, 'data': <HDF5 dataset "freq": shape (257,), type "<f4">}, 'id': root/acquisition/_iblmic_audioSpectrogram/bands/id DatasetBuilder {'attributes': {'namespace': 'hdmf-common', 'neurodata_type': 'ElementIdentifiers', 'object_id': '98bd8188-d358-406e-8ad3-6830f6210a9d'}, 'data': <HDF5 dataset "id": shape (257,), type "<i4">}}, 'links': {}}, "Could not construct FrequencyBandsTable object due to: column must have the same number of rows as 'id'"))
2026-09-27T20:48:44Z INFO [453/500] 1baee707-d449-4293-8bd8-9c0ae09f1263: valid; 1.0 s; peak memory 4479 MiB.
2026-09-27T20:48:45Z INFO [454/500] 1baf3d76-ddd2-445e-917e-6242929690b9: valid; 1.4 s; peak memory 4503 MiB.
2026-09-27T20:48:45Z WARNING 1baf50b7-de10-441f-a276-c3861fdbee52: failed while retrieving asset information from the DANDI API (NotFoundError: No such Dandiset: 000732)
2026-09-27T20:48:46Z INFO [456/500] 1baf80b1-f6d7-44e9-a706-f988ad8c52ee: valid; 0.8 s; peak memory 4503 MiB.
2026-09-27T20:48:49Z INFO [457/500] 1baf879a-ee25-4056-815b-bfb21563c193: valid; 3.0 s; peak memory 4507 MiB.
2026-09-27T20:48:50Z INFO [458/500] 1baf93e1-7046-411b-9c2f-5f3927113d09: valid; 1.4 s; peak memory 4517 MiB.
2026-09-27T20:48:51Z INFO [459/500] 1bafec4e-3528-4281-9fe9-4a41df1c5917: valid; 1.2 s; peak memory 4521 MiB.
2026-09-27T20:48:53Z INFO [460/500] 1bb00634-3e34-4f23-b69e-8e3a8ba3c454: not valid; 1.6 s; peak memory 4524 MiB.
2026-09-27T20:48:53Z INFO [461/500] 1bb03c72-897c-42f7-853b-ed2ff3b0270f: valid; 0.5 s; peak memory 4524 MiB.
2026-09-27T20:48:55Z INFO [462/500] 1bb06a2b-cbfe-4e37-8b30-b94e4bcbb1ab: valid; 1.6 s; peak memory 4527 MiB.
2026-09-27T20:48:57Z INFO [463/500] 1bb0b1c9-f6be-46e9-8128-8671d1cf11b6: valid; 1.9 s; peak memory 4527 MiB.
2026-09-27T20:49:07Z INFO [464/500] 1bb0ea75-649d-4f4e-97bf-5b8541481e27: valid; 9.8 s; peak memory 4527 MiB.
2026-09-27T20:49:09Z INFO [465/500] 1bb10d6f-e24d-41d3-b2f1-6693ffc7457f: valid; 1.9 s; peak memory 4527 MiB.
2026-09-27T20:49:10Z WARNING 1bb17330-5d34-4a3e-aaee-b5eaf4f41f9f: failed while opening the NWB file (ConstructError: (root/acquisition/event_code_meanings GroupBuilder {'attributes': {'colnames': array(['value', 'meaning'], dtype=object), 'description': 'Mapping integer event codes to event labels', 'namespace': 'ndx-events', 'neurodata_type': 'MeaningsTable', 'object_id': 'd5d3be65-08fc-405e-baba-660f538b830e'}, 'groups': {}, 'datasets': {'id': root/acquisition/event_code_meanings/id DatasetBuilder {'attributes': {'namespace': 'hdmf-common', 'neurodata_type': 'ElementIdentifiers', 'object_id': 'a1bed72a-fb51-414e-a9a8-28f982ce075b'}, 'data': <HDF5 dataset "id": shape (26,), type "<i8">}, 'meaning': root/acquisition/event_code_meanings/meaning DatasetBuilder {'attributes': {'description': 'The meaning of the value in the parent CategoricalVectorData object.', 'namespace': 'hdmf-experimental', 'neurodata_type': 'VectorData', 'object_id': 'f93786ec-d001-46e2-8afa-ee64adea7354'}, 'data': <StrDataset for HDF5 dataset "meaning": shape (26,), type "|O">}, 'value': root/acquisition/event_code_meanings/value DatasetBuilder {'attributes': {'description': 'The value of the parent CategoricalVectorData object.', 'namespace': 'hdmf-experimental', 'neurodata_type': 'VectorData', 'object_id': '7d4e334c-0e9d-45ee-8c50-c0d43236dbde'}, 'data': <HDF5 dataset "value": shape (26,), type "<i8">}}, 'links': {}}, "Could not construct MeaningsTable object due to: MeaningsTable.__init__: missing argument 'target'"))
2026-09-27T20:49:10Z INFO [467/500] 1bb20962-5d58-4e8c-b40a-4739dd2eef4a: valid; 0.8 s; peak memory 4527 MiB.
2026-09-27T20:49:11Z INFO [468/500] 1bb221ba-834a-46b0-a00a-b2d1d032d998: valid; 0.8 s; peak memory 4527 MiB.
2026-09-27T20:49:16Z INFO [469/500] 1bb2222c-fa2c-4d8e-88b1-7500c8878d2d: valid; 4.9 s; peak memory 4527 MiB.
2026-09-27T20:49:17Z INFO [470/500] 1bb268f4-7198-494c-ad97-4da1fc95228c: valid; 1.1 s; peak memory 4527 MiB.
2026-09-27T20:49:18Z INFO [471/500] 1bb2cc45-84d3-44c9-a6b3-5c053c4e4d35: not valid; 0.8 s; peak memory 4527 MiB.
2026-09-27T20:49:18Z INFO [472/500] 1bb3467d-9d10-4229-8139-d22ce9f6d970: valid; 0.6 s; peak memory 4527 MiB.
2026-09-27T20:49:19Z INFO [473/500] 1bb40179-79bd-4503-96d8-c6c27fbb0bde: valid; 0.8 s; peak memory 4527 MiB.
2026-09-27T20:49:21Z INFO [474/500] 1bb4a9a9-b11f-4659-a193-a3eab103ac59: not valid; 1.2 s; peak memory 4527 MiB.
2026-09-27T20:49:22Z INFO [475/500] 1bb5114b-aab2-4fe9-86bb-120af73ec0ad: valid; 1.1 s; peak memory 4527 MiB.
2026-09-27T20:49:23Z INFO [476/500] 1bb52186-7feb-4a88-8411-56f4d710b273: not valid; 1.2 s; peak memory 4527 MiB.
2026-09-27T20:49:24Z INFO [477/500] 1bb53ee8-4ef3-4987-8173-32e70ffa3356: valid; 1.3 s; peak memory 4527 MiB.
2026-09-27T20:49:32Z INFO [478/500] 1bb57cd5-a94c-4e52-89e9-af54616bfe95: valid; 7.8 s; peak memory 4527 MiB.
2026-09-27T20:49:36Z INFO [479/500] 1bb58c79-5b82-4b5a-ae47-817986e30341: not valid; 4.0 s; peak memory 4543 MiB.
2026-09-27T20:49:37Z INFO [480/500] 1bb5bdcf-226a-4ad7-9bf9-62ba30249b46: valid; 1.2 s; peak memory 4543 MiB.
2026-09-27T20:49:39Z INFO [481/500] 1bb5f783-c6c6-4fae-a7d9-74e6d7eb485a: valid; 1.5 s; peak memory 4543 MiB.
2026-09-27T20:49:40Z INFO [482/500] 1bb5fb48-4dd5-4351-adfd-0e2c6b1e35df: not valid; 1.0 s; peak memory 4543 MiB.
2026-09-27T20:49:43Z INFO [483/500] 1bb60539-f61a-4df3-9cd6-baf76709ce22: valid; 2.9 s; peak memory 4543 MiB.
2026-09-27T20:49:43Z INFO [484/500] 1bb66743-4bad-4de8-becf-bd949d1b3d7b: valid; 0.8 s; peak memory 4543 MiB.
2026-09-27T20:49:45Z INFO [485/500] 1bb68077-d9fb-4ac2-9bd3-71b8eb94a75a: valid; 1.4 s; peak memory 4543 MiB.
2026-09-27T20:49:45Z INFO [486/500] 1bb742d4-1939-49aa-9b94-0f077330a4bb: valid; 0.8 s; peak memory 4543 MiB.
2026-09-27T20:49:46Z INFO [487/500] 1bb7bd56-3ba2-4e09-b725-5b046fc5c897: not valid; 0.9 s; peak memory 4543 MiB.
2026-09-27T20:49:48Z INFO [488/500] 1bb82270-e286-45b3-951a-17f766b8ada8: valid; 1.2 s; peak memory 4543 MiB.
2026-09-27T20:50:01Z INFO [489/500] 1bb8338b-3421-4431-a5a2-8ad2f82e7368: valid; 13.2 s; peak memory 4543 MiB.
2026-09-27T20:50:03Z INFO [490/500] 1bb851c9-2e39-4cb3-a683-35f367bd2020: valid; 2.1 s; peak memory 4543 MiB.
2026-09-27T20:50:04Z INFO [491/500] 1bb863cb-9fd6-4907-ac19-f433794fc994: not valid; 0.7 s; peak memory 4543 MiB.
2026-09-27T20:50:06Z INFO [492/500] 1bb869a4-6a6a-4116-8021-1548f117df9e: valid; 2.5 s; peak memory 4545 MiB.
2026-09-27T20:50:07Z INFO [493/500] 1bb8cd36-e01c-4a52-b1ec-6d6bcdc89c6e: valid; 1.1 s; peak memory 4545 MiB.
2026-09-27T20:50:08Z INFO [494/500] 1bb8e3aa-1ac8-4724-805b-43d0560278d5: valid; 1.1 s; peak memory 4545 MiB.
2026-09-27T20:50:10Z INFO [495/500] 1bb9123f-6f79-4e73-b628-13524538c35d: valid; 1.8 s; peak memory 4550 MiB.
2026-09-27T20:50:12Z INFO [496/500] 1bba4c71-7f4e-4caf-b457-efae76c40e4c: valid; 1.5 s; peak memory 4550 MiB.
2026-09-27T20:50:12Z WARNING 1bbaa2f0-678f-4cc7-802d-b9e616dff99b: failed while retrieving asset information from the DANDI API (NotFoundError: No asset at path 'sub-442571/sub-442571_ses-20190228T140832_behavior+ecephys+ogen.nwb' in version 0.231012.2129. Verify the path is correct and the asset exists in this version. Use 'dandi ls' to list available assets.)
2026-09-27T20:50:13Z WARNING 1bbb4ea8-a579-4532-ac31-f6cdbc3f7677: failed while opening the NWB file (ConstructError: (root/acquisition/event_code_meanings GroupBuilder {'attributes': {'colnames': array(['value', 'meaning'], dtype=object), 'description': 'Mapping integer event codes to event labels', 'namespace': 'ndx-events', 'neurodata_type': 'MeaningsTable', 'object_id': '89817918-01b0-4a74-898d-5cd69e66aabf'}, 'groups': {}, 'datasets': {'id': root/acquisition/event_code_meanings/id DatasetBuilder {'attributes': {'namespace': 'hdmf-common', 'neurodata_type': 'ElementIdentifiers', 'object_id': '369994e7-76d9-480c-bca1-53de32dfcd34'}, 'data': <HDF5 dataset "id": shape (26,), type "<i8">}, 'meaning': root/acquisition/event_code_meanings/meaning DatasetBuilder {'attributes': {'description': 'The meaning of the value in the parent CategoricalVectorData object.', 'namespace': 'hdmf-experimental', 'neurodata_type': 'VectorData', 'object_id': 'a60d3473-2902-46eb-b11b-b96a01cb4a80'}, 'data': <StrDataset for HDF5 dataset "meaning": shape (26,), type "|O">}, 'value': root/acquisition/event_code_meanings/value DatasetBuilder {'attributes': {'description': 'The value of the parent CategoricalVectorData object.', 'namespace': 'hdmf-experimental', 'neurodata_type': 'VectorData', 'object_id': '15340144-ebfa-4381-b8a6-8af25882af90'}, 'data': <HDF5 dataset "value": shape (26,), type "<i8">}}, 'links': {}}, "Could not construct MeaningsTable object due to: MeaningsTable.__init__: missing argument 'target'"))
2026-09-27T20:50:14Z WARNING 1bbc3c42-ae48-44c8-a90c-3798cbed3c08: failed while opening the NWB file (ConstructError: (root/acquisition/_iblmic_audioSpectrogram/bands GroupBuilder {'attributes': {'colnames': array(['freq'], dtype=object), 'description': 'spectogram frequencies', 'namespace': 'core', 'neurodata_type': 'FrequencyBandsTable', 'object_id': 'ffed2621-2374-4f66-8d77-22b1173fe3db'}, 'groups': {}, 'datasets': {'freq': root/acquisition/_iblmic_audioSpectrogram/bands/freq DatasetBuilder {'attributes': {'description': 'frequency value', 'namespace': 'hdmf-common', 'neurodata_type': 'VectorData', 'object_id': '0c67d776-5ff8-4d2c-bc1c-73f60f96e428'}, 'data': <HDF5 dataset "freq": shape (257,), type "<f4">}, 'id': root/acquisition/_iblmic_audioSpectrogram/bands/id DatasetBuilder {'attributes': {'namespace': 'hdmf-common', 'neurodata_type': 'ElementIdentifiers', 'object_id': 'e05edf33-27bc-4058-8bd5-c5ff0c6d2a20'}, 'data': <HDF5 dataset "id": shape (257,), type "<i4">}}, 'links': {}}, "Could not construct FrequencyBandsTable object due to: column must have the same number of rows as 'id'"))
2026-09-27T20:50:15Z INFO [500/500] 1bbce7ef-0cea-456b-a15f-1166150dca4e: valid; 1.1 s; peak memory 4551 MiB.
2026-09-27T20:50:16Z INFO [500/500] 1bbce7ef-0cea-456b-a15f-1166150dca4e: checkpointed 83010 records.
2026-09-27T20:50:16Z INFO Wrote 83010 records to /tmp/derivatives/content_id_to_valid_nwb_file.jsonl (474 new, 26 failed) in 18.0 min (peak memory 4553 MiB).
