2026-09-30T21:36:28Z INFO Logging to /tmp/logs/update_2026-09-30T21-36-28Z.log.
2026-09-30T21:36:28Z INFO Update content-id-to-valid-nwb-file (base directory /tmp).
2026-09-30T21:36:30Z INFO Processing 500 items (86510 already recorded).
2026-09-30T21:36:33Z INFO [1/500] 20fa9d9d-a7bd-42dd-a539-4509f311fc48: not valid; 3.4 s; peak memory 361 MiB.
2026-09-30T21:36:37Z INFO [2/500] 20faa905-b791-49ca-8c12-ebb7d21c3043: valid; 3.1 s; peak memory 387 MiB.
2026-09-30T21:36:38Z INFO [3/500] 20fb368a-d858-4f20-9b56-d0aedb280a3c: not valid; 1.1 s; peak memory 389 MiB.
2026-09-30T21:36:39Z INFO [4/500] 20fb3a25-7bd6-4563-85e5-89ff90cdf92a: not valid; 1.4 s; peak memory 398 MiB.
2026-09-30T21:36:45Z INFO [5/500] 20fc0490-b5c2-49c8-a056-f18653ecfa8b: valid; 6.4 s; peak memory 460 MiB.
2026-09-30T21:36:48Z INFO [6/500] 20fcc0c7-4584-4f4a-a370-7702bda8b4f8: valid; 2.3 s; peak memory 482 MiB.
2026-09-30T21:36:49Z INFO [7/500] 20fdcd60-3306-415a-a329-c7a2a843187f: valid; 0.9 s; peak memory 484 MiB.
2026-09-30T21:36:51Z INFO [8/500] 20fe7501-9208-4fb7-9856-7c2fdece0fd4: valid; 2.5 s; peak memory 492 MiB.
2026-09-30T21:36:54Z INFO [9/500] 20fe838f-76ca-481b-911e-69432b747e9f: valid; 2.5 s; peak memory 497 MiB.
2026-09-30T21:36:55Z INFO [10/500] 21000fa2-a276-48bc-89d6-fc37d7c7ce2f: valid; 1.4 s; peak memory 506 MiB.
2026-09-30T21:37:10Z INFO [11/500] 210014ef-0428-4eff-96e9-be02503cc247: valid; 15.4 s; peak memory 557 MiB.
2026-09-30T21:37:11Z INFO [12/500] 210091bf-cf96-46a9-8ccc-738a44ec4d55: valid; 0.8 s; peak memory 558 MiB.
2026-09-30T21:37:13Z INFO [13/500] 2100caa8-58d6-42b6-aa13-9c417a95d61f: valid; 2.1 s; peak memory 566 MiB.
2026-09-30T21:37:15Z INFO [14/500] 21010c0d-2ddc-4947-8fdd-6947da6422b9: valid; 1.4 s; peak memory 573 MiB.
2026-09-30T21:37:22Z INFO [15/500] 2101a4ba-aa84-4bb6-803a-14209dc6cc73: valid; 7.1 s; peak memory 656 MiB.
2026-09-30T21:37:23Z INFO [16/500] 2101db99-da0d-4535-80ef-4534acb9537a: valid; 1.0 s; peak memory 656 MiB.
2026-09-30T21:37:24Z INFO [17/500] 2101e655-806b-40a7-9609-7ee6b073d150: not valid; 1.3 s; peak memory 659 MiB.
2026-09-30T21:37:25Z INFO [18/500] 21024805-212d-40f7-896a-2870684609d6: not valid; 1.0 s; peak memory 663 MiB.
2026-09-30T21:37:26Z INFO [19/500] 21031de2-f8a1-4bf5-8cc9-50eef865fd85: valid; 0.8 s; peak memory 666 MiB.
2026-09-30T21:37:30Z INFO [20/500] 21036144-404a-4843-a563-dfb82220dee6: valid; 3.9 s; peak memory 683 MiB.
2026-09-30T21:37:31Z INFO [21/500] 21037e79-454e-49e2-bff5-a79ad49d8330: valid; 1.5 s; peak memory 686 MiB.
2026-09-30T21:37:32Z INFO [22/500] 2103f8c2-e49d-48cd-8d6d-54a3627a907d: valid; 1.1 s; peak memory 694 MiB.
2026-09-30T21:37:33Z INFO [23/500] 2104451f-fdb5-4643-9358-39a9ac78b483: valid; 1.0 s; peak memory 697 MiB.
2026-09-30T21:37:35Z INFO [24/500] 21045ee6-1b5b-422d-a908-f66b2c966381: not valid; 1.4 s; peak memory 700 MiB.
2026-09-30T21:37:36Z INFO [25/500] 2104643d-18ea-4fa6-af86-9de871f2c3d6: not valid; 1.0 s; peak memory 704 MiB.
2026-09-30T21:37:38Z INFO [26/500] 21048fc5-115e-41d0-8fd0-8bde4d88c52e: valid; 2.0 s; peak memory 707 MiB.
2026-09-30T21:37:44Z INFO [27/500] 2104af20-4030-4011-ac7a-4fbe6f97406a: valid; 6.0 s; peak memory 707 MiB.
2026-09-30T21:37:44Z WARNING 21056181-9f68-4bb0-9e02-aec5fc4abee3: failed while retrieving asset information from the DANDI API (NotFoundError: No asset at path 'sub-460432/sub-460432_ses-20191219T134919_behavior+ecephys+ogen.nwb' in version 0.231012.2129. Verify the path is correct and the asset exists in this version. Use 'dandi ls' to list available assets.)
2026-09-30T21:37:45Z INFO [29/500] 21057aa6-8957-478d-845d-6329fd327deb: not valid; 1.1 s; peak memory 707 MiB.
2026-09-30T21:37:46Z INFO [30/500] 2105ae44-11d0-4768-a6c2-a3012fdc9ef7: not valid; 0.9 s; peak memory 707 MiB.
2026-09-30T21:37:51Z INFO [31/500] 2105cc0a-ba8c-4ea3-9a9b-e29c84cdb7fd: not valid; 4.9 s; peak memory 707 MiB.
2026-09-30T21:38:09Z INFO [32/500] 21064a11-9bb3-47e9-b78e-f99ed6f24374: not valid; 18.6 s; peak memory 707 MiB.
2026-09-30T21:38:11Z INFO [33/500] 210651ed-fd8e-4f97-adfd-19867ce582e8: valid; 1.8 s; peak memory 707 MiB.
2026-09-30T21:38:13Z INFO [34/500] 21069fcd-448b-4208-b14e-796cecf61470: not valid; 1.3 s; peak memory 707 MiB.
2026-09-30T21:38:16Z INFO [35/500] 2106bc98-5f4f-4453-ae3e-6f81457e869b: valid; 3.3 s; peak memory 707 MiB.
2026-09-30T21:38:17Z INFO [36/500] 210722c2-f81e-49b5-865a-1dd97f16b15e: valid; 0.9 s; peak memory 707 MiB.
2026-09-30T21:38:23Z INFO [37/500] 21073ed0-a3ab-49fb-ad19-d8950522eae1: valid; 6.2 s; peak memory 719 MiB.
2026-09-30T21:38:24Z INFO [38/500] 2107be22-cd8c-46d5-8e09-e165f535010b: not valid; 1.3 s; peak memory 722 MiB.
2026-09-30T21:38:26Z INFO [39/500] 2107dd32-dd3e-43e7-ae2b-5cac82af27d4: valid; 1.3 s; peak memory 727 MiB.
2026-09-30T21:38:27Z INFO [40/500] 2107e02c-b7b1-4c12-a03c-94a876eec63d: not valid; 1.8 s; peak memory 733 MiB.
2026-09-30T21:38:27Z WARNING 2107fc87-8c57-4fc8-9a18-254d971c71f5: failed while retrieving asset information from the DANDI API (NotFoundError: No such Dandiset: 000948)
2026-09-30T21:38:30Z INFO [42/500] 210814d0-9d91-4c02-a215-33f8690d7eb6: valid; 2.1 s; peak memory 733 MiB.
2026-09-30T21:38:32Z INFO [43/500] 21087376-a246-45b9-9711-91ce662b73f4: not valid; 2.9 s; peak memory 733 MiB.
2026-09-30T21:38:33Z INFO [44/500] 21087e70-0382-4cfd-b8f6-7ca88ca2bb33: not valid; 0.9 s; peak memory 733 MiB.
2026-09-30T21:38:36Z INFO [45/500] 21089995-eef0-4b9e-8dc8-165cc5eeb0db: valid; 2.4 s; peak memory 733 MiB.
2026-09-30T21:38:36Z INFO [46/500] 2108b987-11f1-45cd-ada9-3be5071a68b9: valid; 0.8 s; peak memory 733 MiB.
2026-09-30T21:38:38Z INFO [47/500] 2108bab0-60f9-4b61-a164-7ef1234f33be: valid; 1.3 s; peak memory 733 MiB.
2026-09-30T21:38:39Z INFO [48/500] 21091282-60e5-4b84-a235-71b7f3521e10: valid; 1.7 s; peak memory 733 MiB.
2026-09-30T21:38:46Z INFO [49/500] 2109b21c-8001-4fb9-97dc-28f5df591fdb: valid; 6.2 s; peak memory 733 MiB.
2026-09-30T21:38:49Z INFO [50/500] 2109cb7c-c20e-437d-a371-f315c5854aaf: valid; 3.3 s; peak memory 733 MiB.
2026-09-30T21:38:49Z INFO [50/500] 2109cb7c-c20e-437d-a371-f315c5854aaf: checkpointed 86560 records.
2026-09-30T21:38:51Z INFO [51/500] 210a7a9c-8d20-4260-9be8-69fe2e58894d: valid; 1.3 s; peak memory 733 MiB.
2026-09-30T21:38:52Z INFO [52/500] 210bb8c6-0616-47dc-921f-b5c41575769c: valid; 1.5 s; peak memory 733 MiB.
2026-09-30T21:38:58Z INFO [53/500] 210c84fa-ab26-4987-8e22-fb20a634fec9: valid; 5.9 s; peak memory 733 MiB.
2026-09-30T21:38:59Z INFO [54/500] 210ded9c-2981-4638-9fad-852aad6481c7: valid; 0.9 s; peak memory 735 MiB.
2026-09-30T21:39:00Z INFO [55/500] 210efe71-9cf0-4f82-b5c5-6c8fdcb40162: valid; 0.9 s; peak memory 737 MiB.
2026-09-30T21:39:01Z INFO [56/500] 210f3591-6b92-41e3-bbb6-f58bd4fbf256: valid; 1.4 s; peak memory 742 MiB.
2026-09-30T21:39:02Z INFO [57/500] 210f5ae0-674e-427a-b16d-b242bba6b1ad: not valid; 1.0 s; peak memory 744 MiB.
2026-09-30T21:39:03Z INFO [58/500] 210f9858-0763-47a1-a9db-cfc45e6cb740: valid; 1.1 s; peak memory 745 MiB.
2026-09-30T21:39:05Z INFO [59/500] 210fbf3f-65ff-4b63-9cfa-9e67a993b687: valid; 1.1 s; peak memory 745 MiB.
2026-09-30T21:39:05Z INFO [60/500] 21103004-fa80-473b-a0ae-edfb38502589: valid; 0.9 s; peak memory 747 MiB.
2026-09-30T21:39:10Z INFO [61/500] 2110326c-7732-4b7b-85ed-2981b48b6424: valid; 4.8 s; peak memory 753 MiB.
2026-09-30T21:39:11Z INFO [62/500] 211118b5-1cfa-416d-8781-75e73a97455f: not valid; 1.1 s; peak memory 753 MiB.
2026-09-30T21:40:23Z INFO [63/500] 21111b7d-fc6a-44d4-a26f-8c920f7a9883: valid; 71.9 s; peak memory 1149 MiB.
2026-09-30T21:40:25Z WARNING 2111ba98-dcc0-4e39-9035-72c0461d7e2f: failed while opening the NWB file (ConstructError: (root/acquisition/_iblmic_audioSpectrogram/bands GroupBuilder {'attributes': {'colnames': array(['freq'], dtype=object), 'description': 'spectogram frequencies', 'namespace': 'core', 'neurodata_type': 'FrequencyBandsTable', 'object_id': 'cd92b7af-b3b2-46a2-8cae-63910446d424'}, 'groups': {}, 'datasets': {'freq': root/acquisition/_iblmic_audioSpectrogram/bands/freq DatasetBuilder {'attributes': {'description': 'frequency value', 'namespace': 'hdmf-common', 'neurodata_type': 'VectorData', 'object_id': '9bd1d50b-6487-4e1d-9711-271edd0f3cdb'}, 'data': <HDF5 dataset "freq": shape (257,), type "<f4">}, 'id': root/acquisition/_iblmic_audioSpectrogram/bands/id DatasetBuilder {'attributes': {'namespace': 'hdmf-common', 'neurodata_type': 'ElementIdentifiers', 'object_id': '0ef351dd-bdf2-42f7-97c2-ca25e515a23e'}, 'data': <HDF5 dataset "id": shape (257,), type "<i4">}}, 'links': {}}, "Could not construct FrequencyBandsTable object due to: column must have the same number of rows as 'id'"))
2026-09-30T21:40:27Z INFO [65/500] 2111e68a-1d22-482d-a2a5-e64a66c1b39e: valid; 1.8 s; peak memory 1178 MiB.
2026-09-30T21:40:28Z INFO [66/500] 2111ebed-0766-4d9c-812e-7e0db476aa9e: valid; 1.3 s; peak memory 1183 MiB.
2026-09-30T21:40:29Z INFO [67/500] 21121f49-f97b-4af5-aa9e-b979620bdaee: not valid; 1.0 s; peak memory 1185 MiB.
2026-09-30T21:40:30Z INFO [68/500] 21132111-7142-43f7-b4dd-df4f57a4166d: valid; 1.4 s; peak memory 1200 MiB.
2026-09-30T21:40:34Z INFO [69/500] 21133667-5503-4c38-a6b2-89ca1f9b1901: valid; 3.2 s; peak memory 1203 MiB.
2026-09-30T21:40:35Z INFO [70/500] 211336ca-3929-4813-952f-1a6edbe9d8b3: valid; 1.9 s; peak memory 1203 MiB.
2026-09-30T21:40:36Z INFO [71/500] 21144eac-b8b5-4eaf-881c-a0e04c4d6453: valid; 0.8 s; peak memory 1203 MiB.
2026-09-30T21:40:37Z INFO [72/500] 21153151-2c87-4076-8071-ed9a9fd98a8f: valid; 0.8 s; peak memory 1203 MiB.
2026-09-30T21:40:38Z INFO [73/500] 211598a9-a785-4c3e-b842-b7a990f1d07c: not valid; 1.2 s; peak memory 1203 MiB.
2026-09-30T21:40:39Z INFO [74/500] 2116d7cc-7c57-4c23-a822-623d22a11d72: not valid; 1.1 s; peak memory 1203 MiB.
2026-09-30T21:40:42Z INFO [75/500] 2116e525-9056-41eb-85cb-e99bc096b8c0: valid; 2.1 s; peak memory 1203 MiB.
2026-09-30T21:40:42Z INFO [76/500] 21173d15-2ebf-4b27-839c-a139b079de6f: not valid; 1.0 s; peak memory 1203 MiB.
2026-09-30T21:40:43Z INFO [77/500] 2117c47f-d0fa-4e48-a455-d50066617d46: valid; 0.9 s; peak memory 1203 MiB.
2026-09-30T21:40:54Z INFO [78/500] 2117de28-5dff-4f13-a8ed-ef8630b80140: valid; 10.8 s; peak memory 1203 MiB.
2026-09-30T21:40:55Z INFO [79/500] 211871c1-59fa-4322-9e77-c6ac821a808d: valid; 1.2 s; peak memory 1203 MiB.
2026-09-30T21:40:57Z INFO [80/500] 211886eb-1b19-430a-a0c4-ff6b92b83d11: valid; 1.7 s; peak memory 1203 MiB.
2026-09-30T21:41:07Z INFO [81/500] 21194bbb-7362-42a3-9252-af63effba688: valid; 9.4 s; peak memory 1203 MiB.
2026-09-30T21:41:08Z WARNING 2119e6e1-99cd-4644-a5e2-a485d46b7d1d: failed while opening the NWB file (ConstructError: (root/acquisition/_iblmic_audioSpectrogram/bands GroupBuilder {'attributes': {'colnames': array(['freq'], dtype=object), 'description': 'spectogram frequencies', 'namespace': 'core', 'neurodata_type': 'FrequencyBandsTable', 'object_id': '38b1e49b-f354-4b6a-8aab-e3bdf16cce48'}, 'groups': {}, 'datasets': {'freq': root/acquisition/_iblmic_audioSpectrogram/bands/freq DatasetBuilder {'attributes': {'description': 'frequency value', 'namespace': 'hdmf-common', 'neurodata_type': 'VectorData', 'object_id': 'bf98d5d8-341c-4120-b9d7-461346af83f3'}, 'data': <HDF5 dataset "freq": shape (257,), type "<f4">}, 'id': root/acquisition/_iblmic_audioSpectrogram/bands/id DatasetBuilder {'attributes': {'namespace': 'hdmf-common', 'neurodata_type': 'ElementIdentifiers', 'object_id': 'fe34a067-3056-476f-a3b9-399cbe2a22c7'}, 'data': <HDF5 dataset "id": shape (257,), type "<i4">}}, 'links': {}}, "Could not construct FrequencyBandsTable object due to: column must have the same number of rows as 'id'"))
2026-09-30T21:41:09Z INFO [83/500] 211a79df-7267-49da-90ab-e343840f6b7f: valid; 0.8 s; peak memory 1203 MiB.
2026-09-30T21:41:10Z INFO [84/500] 211b0000-ddea-469e-b905-7a0cc8f05bbe: valid; 1.0 s; peak memory 1203 MiB.
2026-09-30T21:41:11Z INFO [85/500] 211b894f-1920-427f-b049-134066524f63: valid; 0.8 s; peak memory 1203 MiB.
2026-09-30T21:41:12Z INFO [86/500] 211be8f3-fc45-4399-9f4c-fc039da0fe97: valid; 1.4 s; peak memory 1203 MiB.
2026-09-30T21:41:14Z INFO [87/500] 211c0f4c-871b-4055-813b-502ef3f33a5e: valid; 1.6 s; peak memory 1203 MiB.
2026-09-30T21:41:14Z INFO [88/500] 211c63a9-fd57-45cb-a093-27199bbdf744: valid; 0.9 s; peak memory 1203 MiB.
2026-09-30T21:41:16Z INFO [89/500] 211ca36f-7881-48e6-b2bc-e245ef734336: not valid; 1.2 s; peak memory 1203 MiB.
2026-09-30T21:41:17Z INFO [90/500] 211d3c5d-c21c-4a0e-af68-60446ff009b5: not valid; 1.1 s; peak memory 1203 MiB.
2026-09-30T21:41:18Z INFO [91/500] 211d6732-df79-4e27-9df8-a1e1a2726521: valid; 0.9 s; peak memory 1203 MiB.
2026-09-30T21:41:20Z INFO [92/500] 211d6cb0-eb9a-47ab-90ae-0a56ba403f1d: valid; 2.2 s; peak memory 1203 MiB.
2026-09-30T21:41:22Z INFO [93/500] 211d9a42-6c5b-4b29-b714-3e4dd8ccd283: valid; 2.0 s; peak memory 1203 MiB.
2026-09-30T21:41:24Z INFO [94/500] 211da519-19f4-4508-9951-027124aad557: valid; 1.8 s; peak memory 1203 MiB.
2026-09-30T21:41:29Z INFO [95/500] 211de4f0-1db6-4288-ae39-e55809e9cf29: valid; 5.3 s; peak memory 1203 MiB.
2026-09-30T21:41:31Z INFO [96/500] 211e391b-35c4-4475-ae4d-7ad2e287cc5c: valid; 2.2 s; peak memory 1203 MiB.
2026-09-30T21:41:32Z INFO [97/500] 211e497d-8217-49e0-9c8b-f21d1d4ff8e0: not valid; 0.9 s; peak memory 1203 MiB.
2026-09-30T21:41:33Z INFO [98/500] 211e4ceb-2e38-4fc7-914c-fbb3ee2cb6aa: valid; 0.8 s; peak memory 1203 MiB.
2026-09-30T21:41:34Z INFO [99/500] 211f821e-30b7-4873-9a78-d647d7c4c65d: valid; 0.8 s; peak memory 1203 MiB.
2026-09-30T21:41:35Z INFO [100/500] 211fc058-8588-4b35-9a94-5c6408cc241f: valid; 1.6 s; peak memory 1203 MiB.
2026-09-30T21:41:36Z INFO [100/500] 211fc058-8588-4b35-9a94-5c6408cc241f: checkpointed 86610 records.
2026-09-30T21:41:37Z INFO [101/500] 211fde8e-83e7-4312-804c-ba40bbab4e05: valid; 1.5 s; peak memory 1203 MiB.
2026-09-30T21:41:37Z WARNING 211fe10f-dca7-4cfc-b519-e036986d7e29: failed while retrieving asset information from the DANDI API (NotFoundError: No such Dandiset: 000948)
2026-09-30T21:41:39Z INFO [103/500] 21204b57-3ebd-4f41-9db0-85f35060c8aa: valid; 2.0 s; peak memory 1204 MiB.
2026-09-30T21:41:41Z INFO [104/500] 2120d764-76fc-4708-b2e5-fe614f63a53c: not valid; 1.2 s; peak memory 1204 MiB.
2026-09-30T21:41:45Z INFO [105/500] 21214aab-7717-4e63-a50b-3fe9b10a1ad8: valid; 4.9 s; peak memory 1204 MiB.
2026-09-30T21:41:51Z INFO [106/500] 212186dd-1287-4829-ba1f-7f00703dbda9: valid; 5.3 s; peak memory 1204 MiB.
2026-09-30T21:41:59Z INFO [107/500] 2121ba6d-3902-4c36-ab8c-82ee868dbf8f: valid; 8.3 s; peak memory 1204 MiB.
2026-09-30T21:42:01Z INFO [108/500] 2121db1b-dc2d-4dad-b9fe-d87b0e6602ba: valid; 1.9 s; peak memory 1204 MiB.
2026-09-30T21:42:02Z INFO [109/500] 2122abee-1a85-4008-9b3b-7a143d084d26: valid; 0.7 s; peak memory 1204 MiB.
2026-09-30T21:42:02Z INFO [110/500] 212387f3-7025-4f80-ad74-8760b1606627: not valid; 0.6 s; peak memory 1204 MiB.
2026-09-30T21:42:04Z INFO [111/500] 212412b5-7009-407a-a109-e55226ac9cba: valid; 2.2 s; peak memory 1204 MiB.
2026-09-30T21:42:06Z INFO [112/500] 21242226-12f3-443f-b0a0-79da4878e259: valid; 1.4 s; peak memory 1204 MiB.
2026-09-30T21:42:08Z INFO [113/500] 21242413-fc20-4549-b35f-fb111c6d8f6c: not valid; 1.7 s; peak memory 1204 MiB.
2026-09-30T21:42:09Z INFO [114/500] 21243e63-e23c-4401-ae18-d35d2cfa8104: not valid; 1.1 s; peak memory 1204 MiB.
2026-09-30T21:42:12Z INFO [115/500] 212444c6-0ee2-435f-9449-3bd7d9cd2c9a: valid; 3.1 s; peak memory 1204 MiB.
2026-09-30T21:42:13Z INFO [116/500] 21245c2a-16c0-49ed-972b-7bfbc27e18fa: valid; 1.5 s; peak memory 1204 MiB.
2026-09-30T21:42:15Z INFO [117/500] 21248bef-639d-467d-91bb-3c98d82256ba: valid; 1.6 s; peak memory 1204 MiB.
2026-09-30T21:42:16Z INFO [118/500] 2124b4ba-98c8-43df-a44e-bc7e4949a2b2: valid; 1.2 s; peak memory 1204 MiB.
2026-09-30T21:42:19Z INFO [119/500] 2124f001-bb5c-4ab3-8f52-c62a2be8c67e: valid; 3.3 s; peak memory 1207 MiB.
2026-09-30T21:42:22Z INFO [120/500] 21264a37-0e75-4b5b-a5ea-6621e802af38: not valid; 2.8 s; peak memory 1208 MiB.
2026-09-30T21:42:23Z INFO [121/500] 212699d6-5c08-423f-a1f7-258e83420cdd: not valid; 1.1 s; peak memory 1208 MiB.
2026-09-30T21:42:24Z INFO [122/500] 2126ad94-c604-4805-b6c9-60578fdaecc0: not valid; 1.2 s; peak memory 1208 MiB.
2026-09-30T21:42:25Z INFO [123/500] 21275f91-7844-4d9f-83c3-cb87b7eba728: valid; 0.9 s; peak memory 1208 MiB.
2026-09-30T21:42:27Z INFO [124/500] 2127c0c7-6582-4bef-a6d7-c13436499881: valid; 1.3 s; peak memory 1208 MiB.
2026-09-30T21:42:29Z INFO [125/500] 21286334-6f2b-4ab5-8afb-3e4bce610fab: valid; 2.1 s; peak memory 1208 MiB.
2026-09-30T21:42:36Z INFO [126/500] 2128e8e0-532b-4981-a362-26797b2139d9: valid; 7.4 s; peak memory 1208 MiB.
2026-09-30T21:42:37Z INFO [127/500] 21293758-9e66-4f3c-bbe2-18abf655bb15: valid; 0.9 s; peak memory 1208 MiB.
2026-09-30T21:42:39Z INFO [128/500] 21294e4a-ec7f-48a9-8933-098d07aafaaf: valid; 1.7 s; peak memory 1208 MiB.
2026-09-30T21:42:48Z INFO [129/500] 21297a24-a363-4b40-9585-197771353be2: valid; 9.3 s; peak memory 1208 MiB.
2026-09-30T21:42:51Z INFO [130/500] 212998b7-c7d5-4524-8654-cb656c77f10c: valid; 2.8 s; peak memory 1208 MiB.
2026-09-30T21:42:52Z INFO [131/500] 21299aa0-d95a-4080-9aa4-7c99774ce6cb: valid; 0.9 s; peak memory 1208 MiB.
2026-09-30T21:42:53Z INFO [132/500] 2129eaaa-1d84-42dc-b7bb-3dda6372b1fa: valid; 1.0 s; peak memory 1208 MiB.
2026-09-30T21:42:53Z WARNING 212a3a33-1700-4334-a787-e1bb80492f76: failed while retrieving asset information from the DANDI API (NotFoundError: No asset at path 'sub-parkinson-simulated-lfp/sub-parkinson-simulated-lfp_ses-6624_ecephys.nwb' in version 0.250327.2220. Verify the path is correct and the asset exists in this version. Use 'dandi ls' to list available assets.)
2026-09-30T21:42:53Z INFO [134/500] 212a3e17-22e5-4136-8b49-f24e362c6f74: valid; 0.7 s; peak memory 1208 MiB.
2026-09-30T21:42:55Z INFO [135/500] 212aac4f-8353-4f14-b738-7be15b75c9d6: valid; 2.0 s; peak memory 1209 MiB.
2026-09-30T21:43:03Z INFO [136/500] 212aac56-0f42-48be-a6f3-bacf4bca3a6f: valid; 7.2 s; peak memory 1209 MiB.
2026-09-30T21:43:08Z INFO [137/500] 212b194e-faf0-4f5b-94d2-56fd0cbb2b91: valid; 5.2 s; peak memory 1209 MiB.
2026-09-30T21:43:09Z INFO [138/500] 212b83ca-963d-445c-b5fd-c387188725fd: valid; 0.8 s; peak memory 1209 MiB.
2026-09-30T21:43:18Z INFO [139/500] 212b9f80-c8bf-41f4-8dd8-76da5e3c01e4: valid; 9.7 s; peak memory 1209 MiB.
2026-09-30T21:43:19Z INFO [140/500] 212be5c2-309d-4dba-a540-1a24ada25a89: not valid; 1.0 s; peak memory 1209 MiB.
2026-09-30T21:43:21Z INFO [141/500] 212c2aff-9ba4-4ee2-8941-436b18df2b24: valid; 1.3 s; peak memory 1209 MiB.
2026-09-30T21:43:22Z INFO [142/500] 212c6547-26ef-49e2-bda4-30d3b04835dc: valid; 1.7 s; peak memory 1209 MiB.
2026-09-30T21:43:23Z INFO [143/500] 212e5b1e-c5b2-4957-abf8-3310a7025aa6: valid; 0.8 s; peak memory 1209 MiB.
2026-09-30T21:43:24Z INFO [144/500] 212ed00d-fd0e-47e9-8466-7d2192904d49: valid; 1.2 s; peak memory 1209 MiB.
2026-09-30T21:43:26Z INFO [145/500] 212f927f-3796-4a6d-b5b1-3f9bfaa2626a: valid; 1.2 s; peak memory 1209 MiB.
2026-09-30T21:43:27Z INFO [146/500] 2130194b-d947-4bbd-86b3-479eff0b220a: not valid; 1.3 s; peak memory 1209 MiB.
2026-09-30T21:43:29Z INFO [147/500] 21308d82-8785-4096-aac4-5a68bc45804d: valid; 1.9 s; peak memory 1209 MiB.
2026-09-30T21:43:30Z INFO [148/500] 2130b236-d2f7-4d16-ba71-cc2664d77b3d: not valid; 1.5 s; peak memory 1209 MiB.
2026-09-30T21:43:31Z INFO [149/500] 213279ad-d6ef-453f-b263-02f0bdd473c1: valid; 1.1 s; peak memory 1209 MiB.
2026-09-30T21:43:33Z INFO [150/500] 213280e9-b831-43cf-ba42-6a120f5611d7: valid; 2.1 s; peak memory 1209 MiB.
2026-09-30T21:43:34Z INFO [150/500] 213280e9-b831-43cf-ba42-6a120f5611d7: checkpointed 86660 records.
2026-09-30T21:43:36Z INFO [151/500] 2132ac87-4713-43ba-9d61-8ce78c788743: not valid; 1.7 s; peak memory 1209 MiB.
2026-09-30T21:43:37Z INFO [152/500] 2132da4a-5a6b-4dd0-8627-f95310bc7dae: not valid; 1.5 s; peak memory 1209 MiB.
2026-09-30T21:43:41Z INFO [153/500] 21345aaf-1a78-4edc-bf6d-4b608a30d36b: valid; 3.6 s; peak memory 1209 MiB.
2026-09-30T21:43:44Z INFO [154/500] 21346254-41fa-42fe-a9b7-48eb2e2f996a: not valid; 2.6 s; peak memory 1209 MiB.
2026-09-30T21:43:44Z INFO [155/500] 21355e39-8b12-432c-8480-7aa4bddb03e2: not valid; 0.9 s; peak memory 1209 MiB.
2026-09-30T21:43:47Z INFO [156/500] 2136445f-71b3-4dee-a07b-95e53ca5812e: valid; 2.1 s; peak memory 1209 MiB.
2026-09-30T21:43:47Z INFO [157/500] 2136e3fd-a9de-412f-a7e5-5b5c2088cd03: valid; 0.9 s; peak memory 1209 MiB.
2026-09-30T21:44:08Z INFO [158/500] 2137335d-6f88-49b0-bbac-6580682a6bfe: not valid; 20.6 s; peak memory 1212 MiB.
2026-09-30T21:44:09Z INFO [159/500] 21377859-df18-43a1-aac6-63c248f8d627: valid; 1.3 s; peak memory 1214 MiB.
2026-09-30T21:44:10Z INFO [160/500] 2137951a-aee2-4cb6-8ca7-1376f913852c: valid; 0.8 s; peak memory 1215 MiB.
2026-09-30T21:44:11Z INFO [161/500] 2137aa1c-afd4-49ea-988c-63b951edd706: valid; 0.9 s; peak memory 1215 MiB.
2026-09-30T21:44:17Z INFO [162/500] 2137c24c-c28d-4e5c-94bb-d5e668e227ce: not valid; 6.2 s; peak memory 1226 MiB.
2026-09-30T21:44:18Z INFO [163/500] 2137cde6-72fe-42c1-a27b-8d35de1aa223: not valid; 1.1 s; peak memory 1226 MiB.
2026-09-30T21:44:20Z INFO [164/500] 2137fbbe-c3cc-4c89-8e08-459539a3acc3: valid; 2.0 s; peak memory 1226 MiB.
2026-09-30T21:44:22Z INFO [165/500] 2138274f-c607-4b27-8937-c09f152aade2: valid; 1.6 s; peak memory 1226 MiB.
2026-09-30T21:44:23Z INFO [166/500] 213925cf-dc97-4820-a5f8-2cf8710809fc: valid; 0.9 s; peak memory 1226 MiB.
2026-09-30T21:44:24Z INFO [167/500] 213aca54-388e-49fe-afd0-fbea5bc8a362: valid; 0.9 s; peak memory 1226 MiB.
2026-09-30T21:44:25Z INFO [168/500] 213ad806-1fc6-45c1-929d-d73804fb7d20: valid; 1.6 s; peak memory 1226 MiB.
2026-09-30T21:44:26Z INFO [169/500] 213b4544-25d4-442a-9f06-4cc80d122a2a: valid; 0.9 s; peak memory 1226 MiB.
2026-09-30T21:44:28Z WARNING 213bce0c-9bfb-41a7-b753-24536305e11e: failed while opening the NWB file (ConstructError: (root/acquisition/_iblmic_audioSpectrogram/bands GroupBuilder {'attributes': {'colnames': array(['freq'], dtype=object), 'description': 'spectogram frequencies', 'namespace': 'core', 'neurodata_type': 'FrequencyBandsTable', 'object_id': 'd86f04b8-45b1-4cd6-9983-075e017a06e0'}, 'groups': {}, 'datasets': {'freq': root/acquisition/_iblmic_audioSpectrogram/bands/freq DatasetBuilder {'attributes': {'description': 'frequency value', 'namespace': 'hdmf-common', 'neurodata_type': 'VectorData', 'object_id': 'c4256c61-6e5c-41f3-9ef2-f5c83695ce2b'}, 'data': <HDF5 dataset "freq": shape (257,), type "<f4">}, 'id': root/acquisition/_iblmic_audioSpectrogram/bands/id DatasetBuilder {'attributes': {'namespace': 'hdmf-common', 'neurodata_type': 'ElementIdentifiers', 'object_id': '4f434a55-191a-4e31-9f99-e7000f8b31b0'}, 'data': <HDF5 dataset "id": shape (257,), type "<i4">}}, 'links': {}}, "Could not construct FrequencyBandsTable object due to: column must have the same number of rows as 'id'"))
2026-09-30T21:44:34Z INFO [171/500] 213cdf25-9561-47e6-a932-94cf0ca867c4: valid; 6.1 s; peak memory 1226 MiB.
2026-09-30T21:44:35Z INFO [172/500] 213ce006-5a14-4e1e-bced-8629348d00d3: valid; 1.0 s; peak memory 1226 MiB.
2026-09-30T21:44:37Z INFO [173/500] 213d9633-57cf-4fe6-b1a7-72c2a17aabd2: valid; 1.6 s; peak memory 1226 MiB.
2026-09-30T21:44:37Z INFO [174/500] 213e25a9-0ed8-42f0-b13e-5a118ea987f1: valid; 0.7 s; peak memory 1226 MiB.
2026-09-30T21:44:39Z INFO [175/500] 213e5304-6438-45a7-b1db-f23e55c2bd66: valid; 1.4 s; peak memory 1227 MiB.
2026-09-30T21:45:08Z INFO [176/500] 213f24a1-f422-4fa1-8657-f22c773745cb: valid; 29.3 s; peak memory 1490 MiB.
2026-09-30T21:45:09Z INFO [177/500] 213f2598-137d-4485-b83e-37934a05cef7: valid; 1.3 s; peak memory 1491 MiB.
2026-09-30T21:45:11Z INFO [178/500] 213fb80a-7756-4b14-a4c1-82c41f9f5046: valid; 1.8 s; peak memory 1497 MiB.
2026-09-30T21:45:12Z INFO [179/500] 213fbed4-3056-431f-8ccc-867c9c70a7a8: valid; 0.7 s; peak memory 1499 MiB.
2026-09-30T21:45:13Z INFO [180/500] 21401041-196d-4750-9496-aba3d76354cb: valid; 1.6 s; peak memory 1507 MiB.
2026-09-30T21:45:16Z INFO [181/500] 21406f7c-1704-4143-804a-eb4e6e9dfbba: valid; 2.3 s; peak memory 1516 MiB.
2026-09-30T21:45:17Z INFO [182/500] 21408218-c9a6-4204-99e4-50d6faa31fd3: valid; 1.1 s; peak memory 1521 MiB.
2026-09-30T21:45:19Z INFO [183/500] 21411c76-e3c2-43f1-b693-bded5e3864fe: valid; 1.9 s; peak memory 1529 MiB.
2026-09-30T21:45:20Z INFO [184/500] 214233cf-4127-49aa-86b1-baa709fa21dc: not valid; 0.9 s; peak memory 1534 MiB.
2026-09-30T21:45:21Z INFO [185/500] 21425b21-ba47-4318-ac20-13390cf02267: valid; 0.9 s; peak memory 1536 MiB.
2026-09-30T21:45:44Z INFO [186/500] 21428e59-9e98-4900-82cf-e4432125219a: valid; 23.3 s; peak memory 1809 MiB.
2026-09-30T21:45:54Z INFO [187/500] 2142c0d1-7068-432c-9060-a6ec148ed714: valid; 9.6 s; peak memory 1885 MiB.
2026-09-30T21:45:55Z INFO [188/500] 21434d81-b3d0-4d11-8dcc-e62392c79c92: valid; 1.8 s; peak memory 1885 MiB.
2026-09-30T21:45:57Z INFO [189/500] 2143c40c-bfd6-4093-b2ce-c5f01d2f2813: valid; 1.5 s; peak memory 1885 MiB.
2026-09-30T21:46:05Z INFO [190/500] 2143e60d-cac9-43ba-bb5b-3be1cfb47db2: valid; 8.6 s; peak memory 1890 MiB.
2026-09-30T21:46:17Z INFO [191/500] 21445fc9-50e3-4a73-acc4-bee4eb802d51: not valid; 11.4 s; peak memory 1925 MiB.
2026-09-30T21:46:19Z INFO [192/500] 21446be3-708a-4377-b168-a5959ea8c1ef: valid; 2.0 s; peak memory 1926 MiB.
2026-09-30T21:46:20Z INFO [193/500] 214489b6-8ad6-43e1-9bc0-002959793426: valid; 0.8 s; peak memory 1926 MiB.
2026-09-30T21:46:33Z INFO [194/500] 2144a523-a1f4-4f87-ada4-d1db3c95beee: valid; 13.1 s; peak memory 1975 MiB.
2026-09-30T21:46:36Z INFO [195/500] 21452d83-76e9-438a-b26f-dca7b25286e3: valid; 2.9 s; peak memory 1975 MiB.
2026-09-30T21:46:37Z INFO [196/500] 21455a1e-ce9c-4a16-9c00-d4075bb926f1: valid; 1.3 s; peak memory 1975 MiB.
2026-09-30T21:46:37Z WARNING 2145690c-5750-4f15-ab26-4d037def4872: failed while retrieving asset information from the DANDI API (NotFoundError: No asset at path 'sub-456772/sub-456772_ses-20191119T115109_behavior+ecephys+ogen.nwb' in version 0.231012.2129. Verify the path is correct and the asset exists in this version. Use 'dandi ls' to list available assets.)
2026-09-30T21:46:39Z INFO [198/500] 2145aefe-a40a-45b9-a35f-74b2c740cf03: valid; 1.7 s; peak memory 1975 MiB.
2026-09-30T21:46:40Z INFO [199/500] 2146211f-c620-47e8-9db5-dadd4422b615: valid; 1.5 s; peak memory 1975 MiB.
2026-09-30T21:46:43Z INFO [200/500] 21468f31-37e4-414b-90cf-79cc65bd713a: valid; 2.5 s; peak memory 1975 MiB.
2026-09-30T21:46:43Z INFO [200/500] 21468f31-37e4-414b-90cf-79cc65bd713a: checkpointed 86710 records.
2026-09-30T21:46:47Z INFO [201/500] 2146acdc-de22-4cf3-bede-61e2b968e045: not valid; 3.5 s; peak memory 1975 MiB.
2026-09-30T21:46:48Z INFO [202/500] 2146f1e1-d082-4ee4-bf30-6b5a1a795611: not valid; 1.3 s; peak memory 1975 MiB.
2026-09-30T21:46:49Z INFO [203/500] 2147a217-ae9d-4882-ac9e-09c338eb94a8: valid; 0.8 s; peak memory 1975 MiB.
2026-09-30T21:48:36Z INFO [204/500] 214840d9-8c21-479b-823b-ac90419c2415: valid; 106.5 s; peak memory 2385 MiB.
2026-09-30T21:48:38Z INFO [205/500] 2148ae3f-5dfe-4e12-b5d4-322f456d9655: valid; 2.5 s; peak memory 2385 MiB.
2026-09-30T21:48:39Z INFO [206/500] 2148ba03-b2b2-46e3-bd0e-78c105498e80: valid; 1.1 s; peak memory 2385 MiB.
2026-09-30T21:48:41Z INFO [207/500] 2148fa97-99ea-427a-b274-96fd80ec9ac4: valid; 1.6 s; peak memory 2385 MiB.
2026-09-30T21:48:42Z INFO [208/500] 2148fb80-7f30-496d-9817-a7b367b14ef1: valid; 1.6 s; peak memory 2385 MiB.
2026-09-30T21:48:43Z INFO [209/500] 21490a9b-f81f-4c9d-b45e-5c05ab25575a: not valid; 1.1 s; peak memory 2385 MiB.
2026-09-30T21:48:45Z INFO [210/500] 21493615-6ff5-4b86-bdb9-b2d48ef5306e: not valid; 1.3 s; peak memory 2385 MiB.
2026-09-30T21:48:46Z INFO [211/500] 2149578f-0b2d-4e8d-8d85-13c244d822c0: valid; 1.2 s; peak memory 2385 MiB.
2026-09-30T21:48:47Z INFO [212/500] 21497f37-abf2-4f0d-81f0-e74b33eecc8c: valid; 0.9 s; peak memory 2385 MiB.
2026-09-30T21:48:48Z INFO [213/500] 214a0b30-1468-467b-bef4-29bab5c99fb5: not valid; 1.4 s; peak memory 2385 MiB.
2026-09-30T21:48:50Z INFO [214/500] 214a616a-61a2-4975-82c5-0ecfb76cbdb4: valid; 2.0 s; peak memory 2385 MiB.
2026-09-30T21:48:51Z INFO [215/500] 214aff04-aff9-4755-a875-4a56aa5f472f: valid; 1.2 s; peak memory 2385 MiB.
2026-09-30T21:48:53Z INFO [216/500] 214b86ab-350a-45fd-8e98-90973f051d6c: valid; 1.3 s; peak memory 2385 MiB.
2026-09-30T21:48:55Z INFO [217/500] 214bba6c-0983-4c51-935e-815ff1c37fb9: valid; 2.1 s; peak memory 2385 MiB.
2026-09-30T21:48:56Z INFO [218/500] 214bd924-c8e3-4a15-8161-3f628f93562a: valid; 1.0 s; peak memory 2385 MiB.
2026-09-30T21:48:58Z INFO [219/500] 214bdde6-08d4-4b41-a63c-81aeb6a952e3: not valid; 1.8 s; peak memory 2385 MiB.
2026-09-30T21:48:58Z INFO [220/500] 214c05d1-5947-44ac-b731-e4874add2bfa: valid; 0.8 s; peak memory 2385 MiB.
2026-09-30T21:48:59Z INFO [221/500] 214d20d2-4288-4106-b075-c009700a2bfa: valid; 0.8 s; peak memory 2385 MiB.
2026-09-30T21:49:05Z INFO [222/500] 214d5450-59bb-4294-948f-6929501a8c1b: valid; 5.3 s; peak memory 2402 MiB.
2026-09-30T21:49:06Z INFO [223/500] 214d9ef5-8ad2-4d33-8e96-094a9b7bacd6: valid; 1.3 s; peak memory 2403 MiB.
2026-09-30T21:49:07Z INFO [224/500] 214dd68b-cdd2-4ebb-ab39-b4a8f025bdd6: valid; 1.6 s; peak memory 2408 MiB.
2026-09-30T21:49:09Z INFO [225/500] 214df5ee-e071-4776-9fb1-53501ce938d7: not valid; 1.4 s; peak memory 2408 MiB.
2026-09-30T21:49:10Z INFO [226/500] 214df875-a1f1-48ff-99e6-4698cd0eae1b: valid; 1.1 s; peak memory 2408 MiB.
2026-09-30T21:49:11Z INFO [227/500] 214e1989-0787-494a-a1d8-fef8cb90e328: valid; 1.4 s; peak memory 2408 MiB.
2026-09-30T21:49:23Z INFO [228/500] 214e9b8b-fcee-4bfa-9860-8d285b2ac7ad: valid; 11.8 s; peak memory 2428 MiB.
2026-09-30T21:49:24Z INFO [229/500] 214f89a4-0282-4376-bb13-aaacbc0e1b72: not valid; 1.3 s; peak memory 2428 MiB.
2026-09-30T21:49:25Z INFO [230/500] 214fa2f5-cb61-45a0-b16c-76b36143aef7: valid; 0.8 s; peak memory 2428 MiB.
2026-09-30T21:49:27Z INFO [231/500] 215158e6-a94f-46b2-b0fb-3736ca892828: valid; 2.2 s; peak memory 2428 MiB.
2026-09-30T21:49:29Z INFO [232/500] 21516a5f-46b6-4d48-a785-95828fc89035: valid; 2.0 s; peak memory 2428 MiB.
2026-09-30T21:49:33Z INFO [233/500] 21518c69-1f22-4946-a052-577707a3bde2: valid; 4.0 s; peak memory 2428 MiB.
2026-09-30T21:49:36Z INFO [234/500] 21525413-1040-4f67-831d-e9dc74cbc0e6: not valid; 3.1 s; peak memory 2431 MiB.
2026-09-30T21:49:57Z INFO [235/500] 21526288-ee57-43f1-b4f3-fd8800374277: valid; 20.3 s; peak memory 2463 MiB.
2026-09-30T21:49:59Z INFO [236/500] 2152f767-f889-489e-b610-28482442c0ab: valid; 2.1 s; peak memory 2465 MiB.
2026-09-30T21:50:00Z INFO [237/500] 21534e9b-27e8-424a-bfc9-f783667482e6: not valid; 1.2 s; peak memory 2465 MiB.
2026-09-30T21:50:01Z INFO [238/500] 21536844-cf6a-415a-8dde-74db319f6fa0: valid; 0.9 s; peak memory 2465 MiB.
2026-09-30T21:50:03Z INFO [239/500] 21541f52-a6a7-4e0a-b189-03b6201d5522: valid; 2.0 s; peak memory 2465 MiB.
2026-09-30T21:50:04Z INFO [240/500] 2154253c-7e79-4dbe-8640-671210ca42ca: not valid; 0.7 s; peak memory 2465 MiB.
2026-09-30T21:50:13Z INFO [241/500] 21542a19-2c04-4710-b2d3-874bad5ba7e0: valid; 9.3 s; peak memory 2465 MiB.
2026-09-30T21:50:21Z INFO [242/500] 2154c8ec-3fc6-4165-8bb5-a05cf69d55ac: valid; 7.8 s; peak memory 2611 MiB.
2026-09-30T21:50:22Z INFO [243/500] 2155ddb0-8079-49c7-98d3-026a2db466a8: not valid; 1.1 s; peak memory 2611 MiB.
2026-09-30T21:50:22Z WARNING 215687a2-9536-4696-9a3b-26f24132503e: failed while retrieving asset information from the DANDI API (NotFoundError: No asset at path 'sub-715811/sub-715811_ses-1328842209_probe-2_ecephys.nwb' in version 0.250311.2145. Verify the path is correct and the asset exists in this version. Use 'dandi ls' to list available assets.)
2026-09-30T21:50:24Z INFO [245/500] 215696ee-7b44-4e7a-aaae-acea758a71fe: valid; 1.5 s; peak memory 2611 MiB.
2026-09-30T21:50:25Z INFO [246/500] 21570409-422e-4201-80a6-9e8eec538dcf: valid; 0.9 s; peak memory 2611 MiB.
2026-09-30T21:50:26Z INFO [247/500] 215766ad-9030-40b9-b0c3-f363c36751e5: valid; 1.4 s; peak memory 2611 MiB.
2026-09-30T21:50:27Z INFO [248/500] 21576d55-946f-45dd-995b-88b2400b274f: valid; 1.0 s; peak memory 2611 MiB.
2026-09-30T21:50:29Z INFO [249/500] 2157ac95-d290-417e-b8ff-c52a1b8e2301: valid; 1.6 s; peak memory 2611 MiB.
2026-09-30T21:50:31Z INFO [250/500] 2157d266-b7a1-4490-9c40-6402cd05eafe: valid; 2.3 s; peak memory 2611 MiB.
2026-09-30T21:50:31Z INFO [250/500] 2157d266-b7a1-4490-9c40-6402cd05eafe: checkpointed 86760 records.
2026-09-30T21:50:34Z INFO [251/500] 2157e8c5-14a9-479f-b41d-fbf610f95710: valid; 2.3 s; peak memory 2612 MiB.
2026-09-30T21:50:42Z INFO [252/500] 21582144-021a-430d-8691-c081c9769413: valid; 8.2 s; peak memory 2612 MiB.
2026-09-30T21:50:43Z INFO [253/500] 21589d52-9508-497c-ad2a-1580797b6afa: valid; 1.3 s; peak memory 2612 MiB.
2026-09-30T21:50:51Z INFO [254/500] 2158d860-11f9-4481-be85-cd17d2079a2b: not valid; 8.3 s; peak memory 2612 MiB.
2026-09-30T21:50:53Z INFO [255/500] 215993c2-3729-4a23-aaca-7266fc415d14: not valid; 1.4 s; peak memory 2612 MiB.
2026-09-30T21:50:54Z INFO [256/500] 2159f963-ed51-4231-953b-7f64e626ad71: valid; 1.2 s; peak memory 2612 MiB.
2026-09-30T21:50:56Z INFO [257/500] 215adaf8-e75c-4eb8-bf4e-8f6af03f5d63: valid; 2.3 s; peak memory 2612 MiB.
2026-09-30T21:50:59Z INFO [258/500] 215ae2f8-3046-4f08-835a-cf055b7ee00a: valid; 2.2 s; peak memory 2612 MiB.
2026-09-30T21:51:00Z INFO [259/500] 215b042a-a949-46b8-ac59-5bfbc8c81aaf: valid; 1.3 s; peak memory 2612 MiB.
2026-09-30T21:51:05Z INFO [260/500] 215b1481-f707-4acd-802e-4e4e4baff60e: valid; 5.5 s; peak memory 2613 MiB.
2026-09-30T21:51:25Z INFO [261/500] 215b65d5-168f-4272-bfa0-33d1660d6c3f: not valid; 19.6 s; peak memory 2613 MiB.
2026-09-30T21:51:26Z INFO [262/500] 215c1ae4-ffb4-4520-9e82-f3ea22c5b8a0: valid; 1.1 s; peak memory 2613 MiB.
2026-09-30T21:51:27Z INFO [263/500] 215c1f1d-83f8-4f2a-bab4-6f1a3e7c454e: valid; 1.0 s; peak memory 2613 MiB.
2026-09-30T21:51:29Z INFO [264/500] 215c2225-98cf-42b0-94f9-f7dfb75a4209: valid; 1.8 s; peak memory 2613 MiB.
2026-09-30T21:51:30Z INFO [265/500] 215c3538-b2b5-49bb-89fa-7b7e1dece909: valid; 1.0 s; peak memory 2613 MiB.
2026-09-30T21:51:31Z INFO [266/500] 215c59c9-2f81-4876-bd73-87af48f4e4ba: valid; 0.9 s; peak memory 2613 MiB.
2026-09-30T21:51:32Z INFO [267/500] 215cd745-6fe6-43da-b6d4-e491f9d15245: valid; 1.2 s; peak memory 2613 MiB.
2026-09-30T21:51:33Z INFO [268/500] 215cf033-aa9d-431c-aab5-e52fe952f1c6: valid; 1.0 s; peak memory 2613 MiB.
2026-09-30T21:51:48Z INFO [269/500] 215d50a9-001f-4b3d-81e8-45e3b24ca21c: valid; 15.2 s; peak memory 2626 MiB.
2026-09-30T21:51:49Z INFO [270/500] 215dd86e-2f59-404d-9f81-c7a0cbde27d2: valid; 1.0 s; peak memory 2627 MiB.
2026-09-30T21:51:51Z INFO [271/500] 215f18b4-8ec9-4952-9df0-261f2e37a4d3: valid; 1.6 s; peak memory 2628 MiB.
2026-09-30T21:51:52Z INFO [272/500] 215f50f9-dcad-4f89-b24e-34beeee50bb1: valid; 1.3 s; peak memory 2630 MiB.
2026-09-30T21:51:54Z INFO [273/500] 215fb449-5916-4eae-a8ed-7ef92e40b382: valid; 1.6 s; peak memory 2631 MiB.
2026-09-30T21:52:02Z INFO [274/500] 215ffb78-7910-468f-ade7-07ae2978e8d2: valid; 8.6 s; peak memory 2654 MiB.
2026-09-30T21:52:06Z INFO [275/500] 21601446-43f6-4302-993f-472c0215034e: not valid; 3.9 s; peak memory 2666 MiB.
2026-09-30T21:52:07Z INFO [276/500] 2160b91c-10ba-4cf5-b57f-09313aed3591: valid; 0.9 s; peak memory 2668 MiB.
2026-09-30T21:52:09Z INFO [277/500] 2160f688-b926-49e9-abf8-618702c57c81: valid; 2.3 s; peak memory 2671 MiB.
2026-09-30T21:52:09Z WARNING 2161285b-6cbd-41de-af92-af130eb9b8d5: failed while retrieving asset information from the DANDI API (NotFoundError: No such Dandiset: 000948)
2026-09-30T21:52:11Z INFO [279/500] 2161ca7b-af05-48d3-bbf9-e6dc3fdf1e79: valid; 1.9 s; peak memory 2671 MiB.
2026-09-30T21:52:12Z INFO [280/500] 2161d828-8f95-47ef-b1eb-8b9b779006a0: not valid; 1.1 s; peak memory 2671 MiB.
2026-09-30T21:52:14Z INFO [281/500] 21620d4d-60c6-4007-a403-992e10d16ec6: valid; 1.6 s; peak memory 2671 MiB.
2026-09-30T21:52:16Z WARNING 2162709a-d740-4da3-b073-4150488cca42: failed while opening the NWB file (ConstructError: (root/acquisition/_iblmic_audioSpectrogram/bands GroupBuilder {'attributes': {'colnames': array(['freq'], dtype=object), 'description': 'spectogram frequencies', 'namespace': 'core', 'neurodata_type': 'FrequencyBandsTable', 'object_id': 'cabcab2c-aca1-4c2a-8da8-642e40ad1aae'}, 'groups': {}, 'datasets': {'freq': root/acquisition/_iblmic_audioSpectrogram/bands/freq DatasetBuilder {'attributes': {'description': 'frequency value', 'namespace': 'hdmf-common', 'neurodata_type': 'VectorData', 'object_id': '14c033be-4a5b-4067-9161-2a1edc198b52'}, 'data': <HDF5 dataset "freq": shape (257,), type "<f4">}, 'id': root/acquisition/_iblmic_audioSpectrogram/bands/id DatasetBuilder {'attributes': {'namespace': 'hdmf-common', 'neurodata_type': 'ElementIdentifiers', 'object_id': '5cbbb72e-da7f-4c4d-a09f-4cb10bf7dbc6'}, 'data': <HDF5 dataset "id": shape (257,), type "<i4">}}, 'links': {}}, "Could not construct FrequencyBandsTable object due to: column must have the same number of rows as 'id'"))
2026-09-30T21:52:17Z INFO [283/500] 216355c3-fb9c-492c-a166-5c37b5cded59: valid; 1.6 s; peak memory 2671 MiB.
2026-09-30T21:52:18Z INFO [284/500] 216409a7-56f4-4f7a-ad49-ee882301e70c: valid; 0.9 s; peak memory 2671 MiB.
2026-09-30T21:52:20Z INFO [285/500] 2164807b-fef5-46d6-ab5f-0d2572ce9086: valid; 1.7 s; peak memory 2671 MiB.
2026-09-30T21:52:21Z INFO [286/500] 2164ff02-843a-47e6-a383-7dfd505f2a65: valid; 1.2 s; peak memory 2671 MiB.
2026-09-30T21:52:22Z INFO [287/500] 216708d6-3606-4eba-a8e2-c308d266667c: valid; 0.9 s; peak memory 2671 MiB.
2026-09-30T21:52:23Z INFO [288/500] 21670e33-d03f-415c-b9e4-cef3edf06d79: valid; 0.8 s; peak memory 2671 MiB.
2026-09-30T21:52:26Z INFO [289/500] 216723e6-ba56-4706-a8a4-d2bc980d626c: valid; 3.0 s; peak memory 2671 MiB.
2026-09-30T21:52:27Z INFO [290/500] 2167410b-19d0-4a04-bf13-43623491dd40: valid; 0.9 s; peak memory 2671 MiB.
2026-09-30T21:52:28Z INFO [291/500] 21675eed-88d1-4ca2-a38b-054bd5296c2b: valid; 0.8 s; peak memory 2671 MiB.
2026-09-30T21:52:35Z INFO [292/500] 2167d977-bb46-49e0-9ecc-41b03b976089: not valid; 7.4 s; peak memory 2671 MiB.
2026-09-30T21:52:37Z INFO [293/500] 21681102-e5ed-4d9f-a28f-fff91a3b18a6: not valid; 1.5 s; peak memory 2671 MiB.
2026-09-30T21:52:38Z INFO [294/500] 2168384e-a5a5-4e1e-97e0-d3e2d701cc90: valid; 1.5 s; peak memory 2671 MiB.
2026-09-30T21:52:42Z INFO [295/500] 216859e2-fea0-4d20-b0ab-a5b04af17212: valid; 3.5 s; peak memory 2671 MiB.
2026-09-30T21:52:42Z INFO [296/500] 2168e9db-504a-4a08-8915-cfe064d89dd1: valid; 0.9 s; peak memory 2671 MiB.
2026-09-30T21:52:55Z INFO [297/500] 21690179-2b97-4114-9906-2dabb20b0b0b: valid; 12.5 s; peak memory 2671 MiB.
2026-09-30T21:52:55Z WARNING 21692bdd-c57d-451d-baae-bf874a0494af: failed while retrieving asset information from the DANDI API (NotFoundError: No asset at path 'sub-02/sub-02_ses-20160211T120600_behavior+ecephys.nwb' in version 0.250815.1108. Verify the path is correct and the asset exists in this version. Use 'dandi ls' to list available assets.)
2026-09-30T21:52:57Z INFO [299/500] 21698c88-ea4d-4066-8381-75e8661fd929: not valid; 1.8 s; peak memory 2671 MiB.
2026-09-30T21:52:58Z INFO [300/500] 21699246-bf43-4229-bc11-5d420b69a4fe: valid; 1.5 s; peak memory 2671 MiB.
2026-09-30T21:52:59Z INFO [300/500] 21699246-bf43-4229-bc11-5d420b69a4fe: checkpointed 86810 records.
2026-09-30T21:53:00Z INFO [301/500] 2169a45a-687c-4fa2-87da-6839acbb9800: valid; 1.0 s; peak memory 2671 MiB.
2026-09-30T21:53:01Z INFO [302/500] 2169a508-52f6-4268-acf5-0f022abcee59: valid; 1.3 s; peak memory 2671 MiB.
2026-09-30T21:53:03Z INFO [303/500] 2169b0b8-9486-4823-9868-68c0b134c160: not valid; 1.7 s; peak memory 2671 MiB.
2026-09-30T21:53:06Z INFO [304/500] 216a324a-18a0-4536-a2c2-55df8bb955e4: valid; 2.8 s; peak memory 2671 MiB.
2026-09-30T21:53:07Z INFO [305/500] 216adb4a-bb43-4cf9-a0ab-1d1d6d7bc5c0: valid; 1.7 s; peak memory 2671 MiB.
2026-09-30T21:53:09Z INFO [306/500] 216daa48-edac-4e2a-949a-37a60e1bf387: valid; 1.7 s; peak memory 2671 MiB.
2026-09-30T21:53:11Z INFO [307/500] 216e17b9-8534-49be-9866-65229d57c6ae: valid; 1.8 s; peak memory 2671 MiB.
2026-09-30T21:53:12Z INFO [308/500] 216e61f3-7876-450a-8d43-d32195d56058: valid; 1.1 s; peak memory 2671 MiB.
2026-09-30T21:53:13Z WARNING 216ea798-6f6a-4655-8ac3-1ecb35144d5b: failed while opening the NWB file (ValueError: Cannot resolve included group spec 'electrodes' with data_type_inc 'ElectrodesTable' because a group spec with the same name already exists with data_type_inc 'DynamicTable', and data type 'DynamicTable' is not a child type of data type 'ElectrodesTable'.)
2026-09-30T21:53:15Z INFO [310/500] 216f19ba-67fb-4569-a711-9e7b64556bf5: valid; 1.9 s; peak memory 2671 MiB.
2026-09-30T21:53:23Z INFO [311/500] 216f207a-e7f4-43cb-a30a-513bce692de1: not valid; 7.7 s; peak memory 2674 MiB.
2026-09-30T21:53:24Z INFO [312/500] 216f4c74-ae90-45aa-bcf2-b12781fbdb0d: valid; 1.6 s; peak memory 2676 MiB.
2026-09-30T21:53:25Z INFO [313/500] 216fef51-cbd9-4d67-8cf9-9334213e3c7c: not valid; 1.2 s; peak memory 2677 MiB.
2026-09-30T21:53:26Z INFO [314/500] 21700922-8a91-4dab-965c-50db239cb4cb: valid; 0.9 s; peak memory 2677 MiB.
2026-09-30T21:53:27Z INFO [315/500] 21719eaa-db66-41a2-9caf-19fcda2786bd: valid; 0.9 s; peak memory 2677 MiB.
2026-09-30T21:53:28Z INFO [316/500] 2171e2ad-26d9-4982-866c-42fa2118f60a: valid; 0.9 s; peak memory 2677 MiB.
2026-09-30T21:53:29Z INFO [317/500] 2172426d-2fef-4f31-8f96-19e53c3236d3: valid; 1.1 s; peak memory 2677 MiB.
2026-09-30T21:53:30Z INFO [318/500] 2172cecc-5c63-45cf-8d01-2cb89f1ca0ba: valid; 0.9 s; peak memory 2677 MiB.
2026-09-30T21:53:32Z INFO [319/500] 2173c0b2-d5c7-4a57-943d-d5d203bf15c4: valid; 1.5 s; peak memory 2677 MiB.
2026-09-30T21:53:34Z INFO [320/500] 21745057-b947-41a0-b3d6-66eae4752836: not valid; 2.3 s; peak memory 2677 MiB.
2026-09-30T21:53:35Z INFO [321/500] 2174a616-1c1d-478c-af4b-93dec6962d43: valid; 0.9 s; peak memory 2677 MiB.
2026-09-30T21:53:38Z INFO [322/500] 2174e394-86b9-442a-a8ba-0d334b57e19f: not valid; 3.4 s; peak memory 2683 MiB.
2026-09-30T21:53:39Z INFO [323/500] 21757bd0-ae2a-4eb5-a365-ae97d68a3803: not valid; 1.0 s; peak memory 2683 MiB.
2026-09-30T21:53:41Z INFO [324/500] 21759b01-37cb-4334-ada1-e70aba9c4541: valid; 1.7 s; peak memory 2683 MiB.
2026-09-30T21:53:42Z INFO [325/500] 2175bccf-6bc5-44c9-ab00-37f13b18b523: valid; 1.2 s; peak memory 2683 MiB.
2026-09-30T21:53:43Z INFO [326/500] 217637b8-5d78-49b3-a3d1-d474d51a3085: valid; 1.2 s; peak memory 2683 MiB.
2026-09-30T21:53:51Z INFO [327/500] 21764f5d-7248-44be-88bd-9fa81bb6f298: valid; 7.5 s; peak memory 2688 MiB.
2026-09-30T21:53:52Z INFO [328/500] 217685cf-21ed-4bb9-8d10-d18c9c17fdc3: valid; 1.5 s; peak memory 2690 MiB.
2026-09-30T21:53:54Z INFO [329/500] 2176a8da-0788-42b1-bef6-c4715e464cd4: valid; 1.4 s; peak memory 2690 MiB.
2026-09-30T21:53:55Z INFO [330/500] 217728d8-f955-4160-b625-584d35d12217: valid; 1.5 s; peak memory 2690 MiB.
2026-09-30T21:53:57Z INFO [331/500] 21775d32-2668-47db-b094-12274e6319bf: valid; 2.2 s; peak memory 2690 MiB.
2026-09-30T21:54:02Z INFO [332/500] 21777d5f-5812-41b6-b1e0-44bd80cfef5f: valid; 4.2 s; peak memory 2690 MiB.
2026-09-30T21:54:10Z INFO [333/500] 217789c2-6e76-415f-bd3f-1f21aebaa0d5: valid; 8.5 s; peak memory 2730 MiB.
2026-09-30T21:54:11Z INFO [334/500] 2177906a-2596-4095-9a76-6cdbdf0edb96: valid; 1.0 s; peak memory 2732 MiB.
2026-09-30T21:54:12Z INFO [335/500] 21786f4b-cec1-4866-b1d8-1ede2e73d1dd: not valid; 1.1 s; peak memory 2734 MiB.
2026-09-30T21:54:14Z INFO [336/500] 2178b743-e8fb-49e6-931c-fa57ac90e516: not valid; 1.8 s; peak memory 2741 MiB.
2026-09-30T21:54:19Z INFO [337/500] 2178ed93-47a7-4433-ad25-da33c7af0406: valid; 5.4 s; peak memory 2750 MiB.
2026-09-30T21:54:21Z INFO [338/500] 217901e4-01d4-465d-a8c7-249be55af466: valid; 1.3 s; peak memory 2761 MiB.
2026-09-30T21:54:22Z INFO [339/500] 2179b2bd-73d0-402b-b80b-7871d4b3a227: valid; 1.6 s; peak memory 2767 MiB.
2026-09-30T21:54:24Z INFO [340/500] 2179c0f0-5e97-4008-9f85-79a9aa068e07: valid; 1.5 s; peak memory 2778 MiB.
2026-09-30T21:54:24Z INFO [341/500] 217b9cd4-6e53-449a-b016-e419b50c335c: valid; 0.6 s; peak memory 2778 MiB.
2026-09-30T21:54:28Z INFO [342/500] 217c05c4-ebab-498e-bd21-0826dd818d49: valid; 3.5 s; peak memory 2778 MiB.
2026-09-30T21:54:30Z INFO [343/500] 217c14fb-d039-48f1-a85a-0b3a553e673f: valid; 2.0 s; peak memory 2778 MiB.
2026-09-30T21:54:31Z INFO [344/500] 217c1950-4bc6-4a3e-894f-72032e6feb51: not valid; 1.1 s; peak memory 2778 MiB.
2026-09-30T21:54:32Z INFO [345/500] 217c4ced-b145-4748-8c6a-cafdbb071a52: valid; 1.0 s; peak memory 2778 MiB.
2026-09-30T21:54:33Z WARNING 217c5f3a-706b-4fa5-b827-d0b2f9453ee8: failed while opening the NWB file (ConstructError: (root/acquisition/event_code_meanings GroupBuilder {'attributes': {'colnames': array(['value', 'meaning'], dtype=object), 'description': 'Mapping integer event codes to event labels', 'namespace': 'ndx-events', 'neurodata_type': 'MeaningsTable', 'object_id': '49ea12bd-bf82-4eba-9b0a-52f898be9244'}, 'groups': {}, 'datasets': {'id': root/acquisition/event_code_meanings/id DatasetBuilder {'attributes': {'namespace': 'hdmf-common', 'neurodata_type': 'ElementIdentifiers', 'object_id': '19b0bced-8c40-4319-9b62-1bd9891b62aa'}, 'data': <HDF5 dataset "id": shape (26,), type "<i8">}, 'meaning': root/acquisition/event_code_meanings/meaning DatasetBuilder {'attributes': {'description': 'The meaning of the value in the parent CategoricalVectorData object.', 'namespace': 'hdmf-experimental', 'neurodata_type': 'VectorData', 'object_id': '3f465e15-4f97-4165-9817-f3ecfed6aa0c'}, 'data': <StrDataset for HDF5 dataset "meaning": shape (26,), type "|O">}, 'value': root/acquisition/event_code_meanings/value DatasetBuilder {'attributes': {'description': 'The value of the parent CategoricalVectorData object.', 'namespace': 'hdmf-experimental', 'neurodata_type': 'VectorData', 'object_id': 'a74e6732-665e-40b1-b6ea-3825b3544c45'}, 'data': <HDF5 dataset "value": shape (26,), type "<i8">}}, 'links': {}}, "Could not construct MeaningsTable object due to: MeaningsTable.__init__: missing argument 'target'"))
2026-09-30T21:54:35Z INFO [347/500] 217daae8-a3c4-4d60-94e1-c4b23317c5b6: valid; 1.5 s; peak memory 2778 MiB.
2026-09-30T21:54:36Z INFO [348/500] 217e5e92-e7af-4f96-87ff-4c014b0e3d8c: valid; 1.4 s; peak memory 2778 MiB.
2026-09-30T21:54:42Z INFO [349/500] 217eb747-a301-4e2d-8291-37dede79d8f9: valid; 6.4 s; peak memory 2778 MiB.
2026-09-30T21:54:44Z INFO [350/500] 217f0baf-8f74-4075-ada1-f2c46d363a5b: valid; 1.5 s; peak memory 2778 MiB.
2026-09-30T21:54:45Z INFO [350/500] 217f0baf-8f74-4075-ada1-f2c46d363a5b: checkpointed 86860 records.
2026-09-30T21:54:46Z INFO [351/500] 217f8e57-25ba-4795-80ea-04749e94796d: valid; 0.9 s; peak memory 2779 MiB.
2026-09-30T21:54:47Z INFO [352/500] 2180244c-a9ab-40ba-a9f8-8e26e8e647bc: not valid; 1.2 s; peak memory 2782 MiB.
2026-09-30T21:54:55Z INFO [353/500] 2180c778-71f3-479c-8eaf-18ba957301d0: valid; 8.1 s; peak memory 2930 MiB.
2026-09-30T21:55:10Z INFO [354/500] 218113a3-cd6c-4ab0-bfa2-0fdf812ad899: valid; 15.1 s; peak memory 2974 MiB.
2026-09-30T21:55:17Z INFO [355/500] 218128c2-2d49-4378-a9cd-c368f3147f69: valid; 6.6 s; peak memory 3003 MiB.
2026-09-30T21:55:19Z INFO [356/500] 2181a1e5-384d-42e3-acf6-e1aee0c9f479: valid; 2.2 s; peak memory 3005 MiB.
2026-09-30T21:55:20Z INFO [357/500] 2181c9c3-db99-4724-9170-e4269102fd52: valid; 1.6 s; peak memory 3005 MiB.
2026-09-30T21:55:22Z INFO [358/500] 2182068a-d103-4274-a8cd-e0809a6933c4: valid; 1.3 s; peak memory 3005 MiB.
2026-09-30T21:55:23Z INFO [359/500] 218275b9-e954-4a62-988f-b3c8a23d6c24: valid; 1.4 s; peak memory 3005 MiB.
2026-09-30T21:55:25Z INFO [360/500] 2182a40a-c849-4dfb-8e3c-6ff797b5c89d: valid; 1.4 s; peak memory 3005 MiB.
2026-09-30T21:55:26Z INFO [361/500] 218327c0-de59-47da-bf3e-68f06200a093: valid; 1.8 s; peak memory 3005 MiB.
2026-09-30T21:55:26Z WARNING 21836385-af09-4780-b7d2-97a70b9afd01: failed while retrieving asset information from the DANDI API (NotFoundError: No asset at path 'sub-440959/sub-440959_ses-20190226T140636_behavior+ecephys+ogen.nwb' in version 0.231012.2129. Verify the path is correct and the asset exists in this version. Use 'dandi ls' to list available assets.)
2026-09-30T21:55:28Z INFO [363/500] 21843d57-2bd1-47d6-ae13-6b68b96663c2: not valid; 1.3 s; peak memory 3005 MiB.
2026-09-30T21:55:29Z INFO [364/500] 2184f80b-0485-44d8-b596-2c3632912376: valid; 1.5 s; peak memory 3005 MiB.
2026-09-30T21:55:37Z INFO [365/500] 218505fe-ca46-4e00-8e28-7bfeeaea7cc1: valid; 7.6 s; peak memory 3006 MiB.
2026-09-30T21:55:38Z INFO [366/500] 21854ef5-a998-4386-aeab-97574352c341: valid; 1.2 s; peak memory 3006 MiB.
2026-09-30T21:55:39Z WARNING 2185c43a-738a-423b-87a6-48e1cdfd1349: failed while opening the NWB file (ConstructError: (root/acquisition/_iblmic_audioSpectrogram/bands GroupBuilder {'attributes': {'colnames': array(['freq'], dtype=object), 'description': 'spectogram frequencies', 'namespace': 'core', 'neurodata_type': 'FrequencyBandsTable', 'object_id': '53cc0de4-6638-4764-8486-9df40c42bd5e'}, 'groups': {}, 'datasets': {'freq': root/acquisition/_iblmic_audioSpectrogram/bands/freq DatasetBuilder {'attributes': {'description': 'frequency value', 'namespace': 'hdmf-common', 'neurodata_type': 'VectorData', 'object_id': '2a5ac97e-0eda-4beb-a83b-2a22b03d0aee'}, 'data': <HDF5 dataset "freq": shape (257,), type "<f4">}, 'id': root/acquisition/_iblmic_audioSpectrogram/bands/id DatasetBuilder {'attributes': {'namespace': 'hdmf-common', 'neurodata_type': 'ElementIdentifiers', 'object_id': '081d261b-722c-4b6d-9c4d-cddea738f131'}, 'data': <HDF5 dataset "id": shape (257,), type "<i4">}}, 'links': {}}, "Could not construct FrequencyBandsTable object due to: column must have the same number of rows as 'id'"))
2026-09-30T21:55:46Z INFO [368/500] 2185d4e7-3827-464e-a4ac-415a80af0ed0: valid; 6.7 s; peak memory 3006 MiB.
2026-09-30T21:55:47Z INFO [369/500] 2185ed7c-fc8b-46bb-999a-c05860425e69: not valid; 1.2 s; peak memory 3006 MiB.
2026-09-30T21:55:48Z INFO [370/500] 21862b90-b837-4ada-9275-d73745dd72ae: valid; 1.2 s; peak memory 3006 MiB.
2026-09-30T21:55:49Z INFO [371/500] 2187c6dc-fa3b-4675-9e69-97c0aa56d871: not valid; 1.0 s; peak memory 3006 MiB.
2026-09-30T21:55:53Z INFO [372/500] 2187c700-98a2-4532-8fc4-1abe495aa312: valid; 4.0 s; peak memory 3006 MiB.
2026-09-30T21:55:56Z INFO [373/500] 2189198e-c16c-4227-8164-1c418f8d8405: valid; 2.2 s; peak memory 3006 MiB.
2026-09-30T21:55:57Z INFO [374/500] 218944b8-de7c-494f-95ef-875f9901311d: valid; 1.0 s; peak memory 3006 MiB.
2026-09-30T21:55:57Z INFO [375/500] 218976b0-0eb8-4c3b-8052-81f485432fd3: valid; 0.8 s; peak memory 3006 MiB.
2026-09-30T21:55:58Z INFO [376/500] 218981da-5041-4992-bdd5-8a7c245af9a2: valid; 0.9 s; peak memory 3006 MiB.
2026-09-30T21:55:59Z INFO [377/500] 218a24b4-8ac4-44c5-a175-0ae6c2a1c8d6: valid; 0.7 s; peak memory 3006 MiB.
2026-09-30T21:56:00Z INFO [378/500] 218c15b7-31b4-44f3-afea-0f2a4ab78833: not valid; 1.0 s; peak memory 3006 MiB.
2026-09-30T21:56:01Z INFO [379/500] 218c2506-d088-4168-aa16-d92dc6ad8c95: valid; 1.0 s; peak memory 3006 MiB.
2026-09-30T21:56:02Z INFO [380/500] 218cb66d-38e0-4d4a-bf58-7bc27dee65a5: not valid; 1.3 s; peak memory 3006 MiB.
2026-09-30T21:56:03Z INFO [381/500] 218cccf8-370a-4f13-b3e7-35d0defad89c: not valid; 1.2 s; peak memory 3006 MiB.
2026-09-30T21:56:05Z INFO [382/500] 218cd2c4-c77f-4e27-961f-2ba30e953013: not valid; 1.4 s; peak memory 3006 MiB.
2026-09-30T21:56:06Z INFO [383/500] 218d4094-cca2-4c11-9c16-93300030b217: valid; 0.9 s; peak memory 3006 MiB.
2026-09-30T21:56:06Z INFO [384/500] 218d9909-be91-41d7-888a-40828ce9c813: valid; 0.7 s; peak memory 3006 MiB.
2026-09-30T21:56:11Z INFO [385/500] 218df05d-1a3f-41ca-a9d4-749da6d72842: not valid; 4.6 s; peak memory 3006 MiB.
2026-09-30T21:56:12Z INFO [386/500] 218fca8a-b71e-43c6-95c4-ca21e53d569a: not valid; 1.6 s; peak memory 3006 MiB.
2026-09-30T21:56:14Z INFO [387/500] 219041ee-edd1-4be1-9ed1-900eb0eecdfa: valid; 1.5 s; peak memory 3006 MiB.
2026-09-30T21:56:15Z INFO [388/500] 21906ad7-9d1c-4db5-b820-dd96038600d3: valid; 0.9 s; peak memory 3006 MiB.
2026-09-30T21:56:16Z INFO [389/500] 21913a95-05b5-40bf-866c-f86c48ead207: valid; 1.2 s; peak memory 3006 MiB.
2026-09-30T21:56:17Z INFO [390/500] 21918863-db16-4fb8-99c7-d8d4b95efce4: valid; 1.0 s; peak memory 3006 MiB.
2026-09-30T21:56:20Z INFO [391/500] 21919464-4c82-4525-9275-8a81a2550395: valid; 3.0 s; peak memory 3006 MiB.
2026-09-30T21:56:21Z INFO [392/500] 2191b4d8-ee69-4268-a60e-9d58b651f894: valid; 1.1 s; peak memory 3006 MiB.
2026-09-30T21:56:23Z INFO [393/500] 219261cd-dd59-4b24-96fb-5922cdc0c525: valid; 2.0 s; peak memory 3006 MiB.
2026-09-30T21:56:24Z INFO [394/500] 2193b13f-f076-405f-a86b-dbc6acca4392: valid; 1.2 s; peak memory 3006 MiB.
2026-09-30T21:56:25Z INFO [395/500] 2193b215-7f49-46df-9984-ddf10bac6c14: valid; 0.9 s; peak memory 3006 MiB.
2026-09-30T21:56:39Z INFO [396/500] 21942254-07f2-4954-b4a6-037e7b2fefe1: valid; 13.5 s; peak memory 3118 MiB.
2026-09-30T21:56:40Z INFO [397/500] 219482f9-3b20-4bc2-a739-ddd999db50d8: valid; 1.7 s; peak memory 3118 MiB.
2026-09-30T21:57:01Z INFO [398/500] 21951fe6-9a8d-4e3f-b036-3404dac7a305: valid; 20.3 s; peak memory 3186 MiB.
2026-09-30T21:57:03Z INFO [399/500] 21958e94-1a8a-4792-a684-4bd6be1346fa: not valid; 2.8 s; peak memory 3193 MiB.
2026-09-30T21:57:04Z WARNING 2195e470-ecba-4fe0-97dc-9de231d99244: failed while opening the NWB file (ConstructError: (root/acquisition/_iblmic_audioSpectrogram/bands GroupBuilder {'attributes': {'colnames': array(['freq'], dtype=object), 'description': 'spectogram frequencies', 'namespace': 'core', 'neurodata_type': 'FrequencyBandsTable', 'object_id': 'c2ee47a7-ce61-44cd-bcd7-1bee41948d92'}, 'groups': {}, 'datasets': {'freq': root/acquisition/_iblmic_audioSpectrogram/bands/freq DatasetBuilder {'attributes': {'description': 'frequency value', 'namespace': 'hdmf-common', 'neurodata_type': 'VectorData', 'object_id': 'c3f2ce0f-1ffe-4e7d-a98d-2551d5cf50f3'}, 'data': <HDF5 dataset "freq": shape (257,), type "<f4">}, 'id': root/acquisition/_iblmic_audioSpectrogram/bands/id DatasetBuilder {'attributes': {'namespace': 'hdmf-common', 'neurodata_type': 'ElementIdentifiers', 'object_id': 'e414e111-d5ef-460c-b8e2-36dcc5960152'}, 'data': <HDF5 dataset "id": shape (257,), type "<i4">}}, 'links': {}}, "Could not construct FrequencyBandsTable object due to: column must have the same number of rows as 'id'"))
2026-09-30T21:57:05Z INFO [400/500] 2195e470-ecba-4fe0-97dc-9de231d99244: checkpointed 86910 records.
2026-09-30T21:57:07Z INFO [401/500] 2195f87f-45c3-411e-b4ac-35e337dd881b: valid; 1.9 s; peak memory 3208 MiB.
2026-09-30T21:57:08Z INFO [402/500] 2196012c-42fd-4d1f-b13e-21bb8e7522a5: valid; 0.9 s; peak memory 3210 MiB.
2026-09-30T21:57:10Z INFO [403/500] 2196c6b6-d42e-4c14-b475-ffa828370699: valid; 2.3 s; peak memory 3220 MiB.
2026-09-30T21:57:12Z INFO [404/500] 2196cfde-e0bd-48d8-b6e4-c3032cdd1d74: valid; 1.6 s; peak memory 3227 MiB.
2026-09-30T21:57:13Z INFO [405/500] 2197158e-994f-442c-8348-b7db5c746d2d: valid; 1.5 s; peak memory 3240 MiB.
2026-09-30T21:57:16Z INFO [406/500] 2197a6f8-535a-4026-8409-a40a389a86c3: valid; 2.7 s; peak memory 3243 MiB.
2026-09-30T21:57:17Z INFO [407/500] 21981f72-1a1b-434c-8530-904db440a456: valid; 1.5 s; peak memory 3243 MiB.
2026-09-30T21:57:18Z INFO [408/500] 219845ff-7af9-46f5-b8a9-5a061fe2f51c: valid; 1.0 s; peak memory 3243 MiB.
2026-09-30T21:57:19Z INFO [409/500] 2198a07c-7655-4a79-a8d2-051f48fe3577: valid; 0.9 s; peak memory 3243 MiB.
2026-09-30T21:57:32Z INFO [410/500] 2198cba8-3b97-45d6-81f3-e11c5069c9fa: not valid; 12.7 s; peak memory 3243 MiB.
2026-09-30T21:57:36Z INFO [411/500] 21994da1-477a-4e88-ba3a-096919592d7a: not valid; 3.8 s; peak memory 3243 MiB.
2026-09-30T21:57:36Z WARNING 219975f7-2f59-4a7a-b5cc-02dd52880848: failed while retrieving asset information from the DANDI API (NotFoundError: No asset at path 'sub-791691/sub-791691_ses-behavior-791691-2025-06-26-13-39-22.nwb' in version 0.260928.2230. Verify the path is correct and the asset exists in this version. Use 'dandi ls' to list available assets.)
2026-09-30T21:57:38Z INFO [413/500] 2199bd44-2f1b-436c-b011-c6b77f77d95e: valid; 2.3 s; peak memory 3243 MiB.
2026-09-30T21:57:40Z INFO [414/500] 219a6f3d-9286-4e1f-8f51-efe48eb9463f: not valid; 1.9 s; peak memory 3243 MiB.
2026-09-30T21:57:41Z INFO [415/500] 219adcf9-2e48-4bae-a217-4694f3b34caf: not valid; 1.0 s; peak memory 3243 MiB.
2026-09-30T21:57:43Z INFO [416/500] 219afa0a-79ea-4d75-a5f6-478ad0633a77: valid; 1.9 s; peak memory 3243 MiB.
2026-09-30T21:57:44Z INFO [417/500] 219b5a72-87c5-4214-a638-f871f1631880: not valid; 1.1 s; peak memory 3243 MiB.
2026-09-30T21:57:46Z INFO [418/500] 219b5ed7-d137-45b5-9b13-a883ae279fb2: valid; 1.4 s; peak memory 3243 MiB.
2026-09-30T21:57:47Z INFO [419/500] 219c008e-fad4-4c2a-b41d-90dd34eb2cbe: valid; 1.3 s; peak memory 3243 MiB.
2026-09-30T21:57:54Z INFO [420/500] 219c8385-bef7-4794-988e-f4e792177a9d: valid; 7.2 s; peak memory 3244 MiB.
2026-09-30T21:57:57Z INFO [421/500] 219c9fa7-8545-4369-9709-29d97c83eff3: valid; 3.1 s; peak memory 3244 MiB.
2026-09-30T21:57:58Z INFO [422/500] 219cde05-08d5-4501-95ba-861bd79cce0a: valid; 0.9 s; peak memory 3244 MiB.
2026-09-30T21:57:59Z INFO [423/500] 219ce184-cafc-4380-a031-4ebc9d5a042c: valid; 1.1 s; peak memory 3244 MiB.
2026-09-30T21:58:00Z INFO [424/500] 219d2eae-7279-4cd3-95d8-3e9d64ce2965: not valid; 0.9 s; peak memory 3244 MiB.
2026-09-30T21:58:03Z INFO [425/500] 219d638f-d8a2-4ef4-99f0-b16739b2654e: not valid; 2.3 s; peak memory 3247 MiB.
2026-09-30T21:58:04Z INFO [426/500] 219d7bfd-ca28-4377-bb9e-f58fd7694215: valid; 1.5 s; peak memory 3248 MiB.
2026-09-30T21:58:06Z INFO [427/500] 219dbdb7-228a-4a4f-96b1-3d82d81d085d: valid; 1.6 s; peak memory 3250 MiB.
2026-09-30T21:58:07Z INFO [428/500] 219e21fc-06a3-40ac-928a-f9b60d756e8a: valid; 1.0 s; peak memory 3251 MiB.
2026-09-30T21:58:08Z INFO [429/500] 219e47fb-2181-4f63-b960-0f4568c3cfd1: not valid; 0.9 s; peak memory 3252 MiB.
2026-09-30T21:58:08Z WARNING 219e9f3c-657b-4578-897d-390ee5363757: failed while retrieving asset information from the DANDI API (NotFoundError: No asset at path 'sub-754896/sub-754896_ses-behavior-754896-2025-01-03-17-20-19.nwb' in version 0.260928.2230. Verify the path is correct and the asset exists in this version. Use 'dandi ls' to list available assets.)
2026-09-30T21:58:09Z INFO [431/500] 219f6b2d-a391-4ac2-ada2-be06c72b4412: not valid; 1.1 s; peak memory 3256 MiB.
2026-09-30T21:58:10Z INFO [432/500] 219f9961-d28b-4194-a5ab-6a2b18160c85: not valid; 0.9 s; peak memory 3260 MiB.
2026-09-30T21:58:11Z INFO [433/500] 219fd017-baa2-4fd0-b679-1a64ba829433: valid; 1.1 s; peak memory 3262 MiB.
2026-09-30T21:58:20Z INFO [434/500] 21a04138-5449-4b5c-a4c5-84aed64d24d9: valid; 9.1 s; peak memory 3382 MiB.
2026-09-30T21:58:24Z INFO [435/500] 21a06613-f0a3-4513-900b-87c9318ce6d9: valid; 4.4 s; peak memory 3382 MiB.
2026-09-30T21:58:31Z INFO [436/500] 21a0ff0d-e603-4c86-80d0-9888f08a1860: valid; 6.6 s; peak memory 3392 MiB.
2026-09-30T21:58:32Z INFO [437/500] 21a13134-1951-4fe3-a66b-8d1d8b38a4ce: not valid; 1.1 s; peak memory 3393 MiB.
2026-09-30T21:58:33Z INFO [438/500] 21a1383b-3c38-4b81-b29d-e99fdcf0bfe8: valid; 1.5 s; peak memory 3398 MiB.
2026-09-30T21:58:34Z INFO [439/500] 21a26489-467d-4c79-b24b-d391a42b3b43: valid; 0.9 s; peak memory 3399 MiB.
2026-09-30T21:58:35Z INFO [440/500] 21a2cb5e-8323-47e9-87bb-c55d3f955837: valid; 1.0 s; peak memory 3400 MiB.
2026-09-30T21:58:36Z INFO [441/500] 21a36cd6-7731-419d-b1c6-92334b69375d: valid; 1.1 s; peak memory 3401 MiB.
2026-09-30T21:58:40Z INFO [442/500] 21a3bc54-7b2e-4c6d-9630-4d69ae43591a: valid; 3.9 s; peak memory 3405 MiB.
2026-09-30T21:58:41Z INFO [443/500] 21a3e2a6-302a-4c01-807f-e83c8c156315: valid; 1.0 s; peak memory 3405 MiB.
2026-09-30T21:58:43Z INFO [444/500] 21a3f2a0-11ef-47f5-84fe-2c7445f53553: valid; 1.7 s; peak memory 3405 MiB.
2026-09-30T21:58:44Z INFO [445/500] 21a45739-1738-407d-8bd6-9b703765743d: valid; 0.9 s; peak memory 3405 MiB.
2026-09-30T21:58:45Z INFO [446/500] 21a51b81-c892-48ff-947f-d86acbe9ea6e: valid; 0.8 s; peak memory 3405 MiB.
2026-09-30T22:00:06Z INFO [447/500] 21a5237f-32a9-4e08-944e-66ec6a755e5b: valid; 81.3 s; peak memory 3821 MiB.
2026-09-30T22:00:09Z INFO [448/500] 21a529c8-28bb-420d-8b2d-211c6e30953f: valid; 3.4 s; peak memory 3821 MiB.
2026-09-30T22:00:11Z INFO [449/500] 21a52c0e-32c5-497f-b4c0-fa292132200f: valid; 1.2 s; peak memory 3821 MiB.
2026-09-30T22:00:12Z INFO [450/500] 21a55905-c2f4-40bc-a4fa-24012c402fd7: valid; 1.1 s; peak memory 3821 MiB.
2026-09-30T22:00:12Z INFO [450/500] 21a55905-c2f4-40bc-a4fa-24012c402fd7: checkpointed 86960 records.
2026-09-30T22:00:14Z INFO [451/500] 21a65055-883e-4f84-8c98-a145a778e276: valid; 1.6 s; peak memory 3821 MiB.
2026-09-30T22:00:16Z INFO [452/500] 21a67965-8bc0-464c-a4d0-f2d4871a23a1: valid; 2.3 s; peak memory 3821 MiB.
2026-09-30T22:00:17Z INFO [453/500] 21a72a6a-4633-42a7-bd00-82421b7e8323: valid; 1.0 s; peak memory 3821 MiB.
2026-09-30T22:00:18Z INFO [454/500] 21a7c857-b6fa-4b6d-8c53-285601ed6af9: valid; 1.2 s; peak memory 3821 MiB.
2026-09-30T22:00:19Z WARNING 21a84519-b70a-4b2e-bbdf-2a2df52a90e3: failed while retrieving asset information from the DANDI API (NotFoundError: No such Dandiset: 000948)
2026-09-30T22:00:21Z INFO [456/500] 21a918fd-09eb-4f21-baca-7b99f159b30a: valid; 2.0 s; peak memory 3821 MiB.
2026-09-30T22:00:25Z INFO [457/500] 21a9ea57-4160-42e2-b93f-412fb35a2a0e: valid; 4.3 s; peak memory 3821 MiB.
2026-09-30T22:00:36Z INFO [458/500] 21aa2fe8-6725-4a19-a0fe-e4ff8a7254d6: valid; 11.3 s; peak memory 3821 MiB.
2026-09-30T22:00:38Z INFO [459/500] 21aa3d03-bcfe-4fd8-ab9e-157f924352ef: valid; 1.4 s; peak memory 3821 MiB.
2026-09-30T22:00:40Z INFO [460/500] 21ab00ef-3907-4c8c-b36d-20a6b7aad243: valid; 2.1 s; peak memory 3821 MiB.
2026-09-30T22:00:40Z WARNING 21ab8784-bbf5-4881-a2cd-9546f73f977d: failed while retrieving asset information from the DANDI API (NotFoundError: No asset at path 'sub-parkinson-simulated-lfp/sub-parkinson-simulated-lfp_ses-8361_ecephys.nwb' in version 0.250327.2220. Verify the path is correct and the asset exists in this version. Use 'dandi ls' to list available assets.)
2026-09-30T22:00:41Z INFO [462/500] 21ab9091-c331-4b98-bbb7-540ccbd8214c: valid; 1.3 s; peak memory 3821 MiB.
2026-09-30T22:00:43Z INFO [463/500] 21abe1be-c8f8-40a8-bf32-62d6c6abcdc5: valid; 1.5 s; peak memory 3821 MiB.
2026-09-30T22:00:44Z INFO [464/500] 21ac13d5-c52a-4a27-9459-e2b9c510c46b: not valid; 1.1 s; peak memory 3821 MiB.
2026-09-30T22:00:45Z INFO [465/500] 21ac44c2-e293-4429-b1e1-0d32904ec2c8: valid; 0.8 s; peak memory 3821 MiB.
2026-09-30T22:00:46Z INFO [466/500] 21ac5470-f23a-4770-a3b8-87ac52ddcfa1: not valid; 1.1 s; peak memory 3821 MiB.
2026-09-30T22:00:47Z INFO [467/500] 21acb57f-2947-4f55-a2f3-ea089c3ca2fb: valid; 1.0 s; peak memory 3821 MiB.
2026-09-30T22:00:48Z INFO [468/500] 21aced19-f002-4c09-818f-2dba35a7ea3f: valid; 1.3 s; peak memory 3821 MiB.
2026-09-30T22:00:54Z INFO [469/500] 21ad5124-9697-4279-8b89-e9bf7bc3098e: valid; 6.1 s; peak memory 3855 MiB.
2026-09-30T22:01:01Z INFO [470/500] 21ad8684-f018-403e-b919-0e57e3ccb5d4: valid; 6.8 s; peak memory 3861 MiB.
2026-09-30T22:01:02Z INFO [471/500] 21adaf5f-008f-4243-97e7-4cf793ac9b27: valid; 1.4 s; peak memory 3861 MiB.
2026-09-30T22:01:04Z INFO [472/500] 21ae654a-148a-4622-93a9-c8f607578818: valid; 1.8 s; peak memory 3861 MiB.
2026-09-30T22:01:05Z INFO [473/500] 21af8312-9247-4fb6-9451-ed142eaaa2e2: valid; 1.3 s; peak memory 3861 MiB.
2026-09-30T22:01:10Z INFO [474/500] 21afe056-c2e9-496d-bb7b-48de93a5dda2: valid; 4.6 s; peak memory 3861 MiB.
2026-09-30T22:01:11Z INFO [475/500] 21b10824-d00a-4755-adbb-24814cd15f7a: valid; 1.3 s; peak memory 3861 MiB.
2026-09-30T22:01:13Z INFO [476/500] 21b13a1d-5f35-41cd-af15-24a6253cb64a: valid; 1.3 s; peak memory 3861 MiB.
2026-09-30T22:01:14Z INFO [477/500] 21b1a0b4-d144-48aa-b76d-5ea98e298bad: valid; 1.0 s; peak memory 3861 MiB.
2026-09-30T22:01:24Z INFO [478/500] 21b1be89-bc7f-486f-9047-278fd3372917: valid; 9.9 s; peak memory 3900 MiB.
2026-09-30T22:01:26Z INFO [479/500] 21b1d934-c99b-4b14-bac1-76344ad4b715: valid; 2.0 s; peak memory 3900 MiB.
2026-09-30T22:01:27Z INFO [480/500] 21b1e0ef-dfb4-4980-af9b-828a0f9396f4: valid; 1.5 s; peak memory 3900 MiB.
2026-09-30T22:01:29Z INFO [481/500] 21b234c5-6ef7-4fb6-a8c3-4b8f91d1cb56: valid; 1.8 s; peak memory 3900 MiB.
2026-09-30T22:01:30Z INFO [482/500] 21b2742f-0b3b-4079-988a-4bded7bf0cec: valid; 1.2 s; peak memory 3900 MiB.
2026-09-30T22:01:33Z INFO [483/500] 21b2abe5-0bc2-4237-9121-a4b87369118f: valid; 3.3 s; peak memory 3900 MiB.
2026-09-30T22:01:35Z WARNING 21b30c4c-13bd-4b77-92f9-cd8e2f369b07: failed while opening the NWB file (ConstructError: (root/acquisition/_iblmic_audioSpectrogram/bands GroupBuilder {'attributes': {'colnames': array(['freq'], dtype=object), 'description': 'spectogram frequencies', 'namespace': 'core', 'neurodata_type': 'FrequencyBandsTable', 'object_id': '75d21e62-cb96-40e9-bce4-e7bef8902c36'}, 'groups': {}, 'datasets': {'freq': root/acquisition/_iblmic_audioSpectrogram/bands/freq DatasetBuilder {'attributes': {'description': 'frequency value', 'namespace': 'hdmf-common', 'neurodata_type': 'VectorData', 'object_id': 'cc305712-8c0c-4907-a83b-f0f44c86ae4c'}, 'data': <HDF5 dataset "freq": shape (257,), type "<f4">}, 'id': root/acquisition/_iblmic_audioSpectrogram/bands/id DatasetBuilder {'attributes': {'namespace': 'hdmf-common', 'neurodata_type': 'ElementIdentifiers', 'object_id': 'c964f49e-52a0-4789-878a-0c0497446441'}, 'data': <HDF5 dataset "id": shape (257,), type "<i4">}}, 'links': {}}, "Could not construct FrequencyBandsTable object due to: column must have the same number of rows as 'id'"))
2026-09-30T22:01:41Z INFO [485/500] 21b37330-ae77-4c67-ab52-9e7efe814317: valid; 5.7 s; peak memory 3900 MiB.
2026-09-30T22:01:41Z INFO [486/500] 21b3d8ce-f687-4302-8ed3-b7d2eb018748: valid; 0.9 s; peak memory 3900 MiB.
2026-09-30T22:01:43Z INFO [487/500] 21b46a5d-e281-490d-807a-241755552d6f: valid; 1.3 s; peak memory 3900 MiB.
2026-09-30T22:01:44Z INFO [488/500] 21b4eab6-aee0-4a16-a533-858c9378cd63: valid; 0.9 s; peak memory 3900 MiB.
2026-09-30T22:01:46Z INFO [489/500] 21b588e9-7a0a-4d39-8181-71662ab64f0e: valid; 2.0 s; peak memory 3900 MiB.
2026-09-30T22:01:47Z INFO [490/500] 21b5d2ef-b444-415c-afbd-f909a860fbfa: valid; 1.5 s; peak memory 3900 MiB.
2026-09-30T22:03:28Z INFO [491/500] 21b5f3e0-2ca1-49cd-9234-29d3b2351f78: valid; 101.2 s; peak memory 4526 MiB.
2026-09-30T22:03:30Z INFO [492/500] 21b679d3-92e5-4326-be4d-936056c6bad7: valid; 1.3 s; peak memory 4526 MiB.
2026-09-30T22:03:31Z INFO [493/500] 21b76b29-7edf-4a86-b5af-59a9366a36d4: valid; 1.7 s; peak memory 4526 MiB.
2026-09-30T22:03:32Z INFO [494/500] 21b76c26-84b1-4d08-84fd-532b2114be1e: not valid; 1.0 s; peak memory 4526 MiB.
2026-09-30T22:03:34Z INFO [495/500] 21b7872b-e86d-4a03-94e3-2967ac96ca54: not valid; 1.2 s; peak memory 4526 MiB.
2026-09-30T22:03:35Z INFO [496/500] 21b875c1-e804-41c6-b0ab-3647554a4c3f: not valid; 1.1 s; peak memory 4526 MiB.
2026-09-30T22:03:36Z INFO [497/500] 21b8ed40-66bf-4890-8f72-0f5c975b7db6: valid; 0.9 s; peak memory 4526 MiB.
2026-09-30T22:03:39Z INFO [498/500] 21b8fada-1e95-411a-8b5d-cac953e3ad53: not valid; 3.1 s; peak memory 4526 MiB.
2026-09-30T22:03:40Z WARNING 21b92bf0-cd7e-43d7-9f5d-ba9c8a19a1ee: failed while opening the NWB file (ConstructError: (root/acquisition/_iblmic_audioSpectrogram/bands GroupBuilder {'attributes': {'colnames': array(['freq'], dtype=object), 'description': 'spectogram frequencies', 'namespace': 'core', 'neurodata_type': 'FrequencyBandsTable', 'object_id': '0c30eb3c-6b9f-44e7-b739-b1e63c8c9322'}, 'groups': {}, 'datasets': {'freq': root/acquisition/_iblmic_audioSpectrogram/bands/freq DatasetBuilder {'attributes': {'description': 'frequency value', 'namespace': 'hdmf-common', 'neurodata_type': 'VectorData', 'object_id': '7b6cd978-0838-4e4c-b8cd-0ee5be028d82'}, 'data': <HDF5 dataset "freq": shape (257,), type "<f4">}, 'id': root/acquisition/_iblmic_audioSpectrogram/bands/id DatasetBuilder {'attributes': {'namespace': 'hdmf-common', 'neurodata_type': 'ElementIdentifiers', 'object_id': '7bb3c4e2-b34e-4420-97cf-9c0e601a8871'}, 'data': <HDF5 dataset "id": shape (257,), type "<i4">}}, 'links': {}}, "Could not construct FrequencyBandsTable object due to: column must have the same number of rows as 'id'"))
2026-09-30T22:03:41Z INFO [500/500] 21b9b658-43ec-4842-9f83-130c7fc880df: valid; 0.8 s; peak memory 4526 MiB.
2026-09-30T22:03:42Z INFO [500/500] 21b9b658-43ec-4842-9f83-130c7fc880df: checkpointed 87010 records.
2026-09-30T22:03:42Z INFO Wrote 87010 records to /tmp/derivatives/content_id_to_valid_nwb_file.jsonl (477 new, 23 failed) in 27.2 min (peak memory 4526 MiB).
