2026-10-01T22:05:02Z INFO Logging to /tmp/logs/update_2026-10-01T22-05-02Z.log.
2026-10-01T22:05:02Z INFO Update content-id-to-valid-nwb-file (base directory /tmp).
2026-10-01T22:05:05Z INFO Processing 500 items (88010 already recorded).
2026-10-01T22:05:07Z INFO [1/500] 2349f3f4-3497-4467-9960-942e40400dc0: not valid; 2.1 s; peak memory 359 MiB.
2026-10-01T22:05:11Z INFO [2/500] 234a4a11-6340-4ee5-909c-e32c2230392b: valid; 3.1 s; peak memory 379 MiB.
2026-10-01T22:05:18Z INFO [3/500] 234aa968-1ee4-452e-a519-3e0b8ab146a7: valid; 7.3 s; peak memory 431 MiB.
2026-10-01T22:05:24Z INFO [4/500] 234bb4f8-b440-4352-9b16-d71004a812d9: valid; 5.9 s; peak memory 436 MiB.
2026-10-01T22:05:26Z INFO [5/500] 234d40f9-a472-47fb-9170-13c27ac4e488: valid; 2.3 s; peak memory 441 MiB.
2026-10-01T22:05:29Z INFO [6/500] 234e0be2-09e8-45de-876e-623064053e8c: valid; 3.0 s; peak memory 442 MiB.
2026-10-01T22:05:31Z INFO [7/500] 234e96bb-9d36-4d81-8bb6-c44df8af3be7: valid; 2.3 s; peak memory 455 MiB.
2026-10-01T22:05:33Z INFO [8/500] 234e9b16-1496-4eda-a67d-7952e56f7786: valid; 1.3 s; peak memory 455 MiB.
2026-10-01T22:05:51Z INFO [9/500] 234eca77-db15-4d4c-a3d2-fa66f54a0a5f: valid; 17.9 s; peak memory 509 MiB.
2026-10-01T22:05:55Z INFO [10/500] 234f640a-e7bd-4e13-b683-ef413d7f3df1: not valid; 4.0 s; peak memory 516 MiB.
2026-10-01T22:05:57Z INFO [11/500] 234f6c09-3bdb-41a7-9bbb-610369661c56: valid; 2.7 s; peak memory 529 MiB.
2026-10-01T22:05:59Z INFO [12/500] 234fa0c6-2446-4a6f-8aa0-954c3f1e3f77: valid; 1.4 s; peak memory 531 MiB.
2026-10-01T22:06:00Z INFO [13/500] 234faa9a-7499-40d3-ba88-7175909f5707: not valid; 1.0 s; peak memory 533 MiB.
2026-10-01T22:06:01Z INFO [14/500] 234fc700-8453-4235-ac00-1ad04640322e: valid; 1.2 s; peak memory 535 MiB.
2026-10-01T22:06:02Z INFO [15/500] 23502fc9-b60f-47e6-93ea-9ff6e9cbd705: not valid; 1.4 s; peak memory 539 MiB.
2026-10-01T22:06:04Z INFO [16/500] 2350f0ca-1417-4a18-9eb5-d722ede3a772: valid; 1.5 s; peak memory 539 MiB.
2026-10-01T22:06:12Z INFO [17/500] 2351cad6-b959-4101-9fc4-e013445bd0d9: valid; 8.4 s; peak memory 556 MiB.
2026-10-01T22:06:16Z INFO [18/500] 2351e5f9-0e79-412f-b718-5ab78041d0c1: valid; 3.3 s; peak memory 562 MiB.
2026-10-01T22:06:22Z INFO [19/500] 2352ad08-5d43-455b-8dc4-002c0b087762: valid; 6.1 s; peak memory 596 MiB.
2026-10-01T22:06:23Z INFO [20/500] 2352f599-5170-4129-b9bc-5d2adfdb2c7e: not valid; 1.8 s; peak memory 610 MiB.
2026-10-01T22:06:25Z INFO [21/500] 23540c51-4255-4a39-ae5e-cbecda59680d: valid; 2.0 s; peak memory 624 MiB.
2026-10-01T22:07:01Z INFO [22/500] 235430d3-bde8-468c-8251-a53321d7323f: valid; 35.9 s; peak memory 731 MiB.
2026-10-01T22:07:04Z INFO [23/500] 2354bf72-c7a1-4259-9b78-4a1d270d2603: valid; 2.5 s; peak memory 735 MiB.
2026-10-01T22:07:06Z INFO [24/500] 2354edfa-5dad-49f9-a18b-b07a7c4c904a: valid; 2.2 s; peak memory 735 MiB.
2026-10-01T22:07:08Z INFO [25/500] 2355099c-a625-403d-a2af-dff25d24b20a: valid; 2.4 s; peak memory 735 MiB.
2026-10-01T22:07:10Z INFO [26/500] 2355994d-aef5-4264-9c5b-c60d9860ef61: not valid; 1.8 s; peak memory 735 MiB.
2026-10-01T22:07:12Z INFO [27/500] 2355ab91-4ae1-449f-8447-57ae6e7f6a03: valid; 1.4 s; peak memory 735 MiB.
2026-10-01T22:07:27Z INFO [28/500] 2355ef4a-f3ff-4aba-91e9-92e2bca77f79: valid; 15.3 s; peak memory 735 MiB.
2026-10-01T22:07:35Z INFO [29/500] 235602a3-2656-439a-8e49-ada19aff1eae: valid; 8.5 s; peak memory 735 MiB.
2026-10-01T22:07:42Z INFO [30/500] 23561f50-d014-4787-977b-8e392ff2b088: not valid; 7.1 s; peak memory 735 MiB.
2026-10-01T22:07:45Z INFO [31/500] 2356a6b2-08dd-41e2-9502-e6c0c48c9daf: valid; 2.4 s; peak memory 735 MiB.
2026-10-01T22:07:47Z INFO [32/500] 2357e205-4d0d-4bc7-892d-c493208bc788: valid; 1.6 s; peak memory 735 MiB.
2026-10-01T22:07:48Z INFO [33/500] 23582d3e-0797-473e-af6a-18018c8800e8: valid; 1.7 s; peak memory 735 MiB.
2026-10-01T22:07:50Z INFO [34/500] 23588055-d983-4d47-9566-60b706002e7a: valid; 1.3 s; peak memory 735 MiB.
2026-10-01T22:07:51Z INFO [35/500] 2358a834-b258-4934-b818-f836be345ab0: valid; 1.6 s; peak memory 735 MiB.
2026-10-01T22:07:53Z INFO [36/500] 23590f00-1eaf-49ed-9eae-2413b6442034: valid; 2.3 s; peak memory 737 MiB.
2026-10-01T22:07:55Z INFO [37/500] 23593783-f29a-4d3e-8355-733f203e1a28: valid; 1.2 s; peak memory 737 MiB.
2026-10-01T22:07:57Z INFO [38/500] 2359429b-ec30-4faa-a785-7435f40667b1: valid; 2.4 s; peak memory 737 MiB.
2026-10-01T22:08:09Z INFO [39/500] 2359faee-6c3d-4015-a0c4-ab4a91bb84b8: valid; 11.6 s; peak memory 737 MiB.
2026-10-01T22:08:10Z INFO [40/500] 235a2a98-943a-4678-a62d-3a8703730777: valid; 1.7 s; peak memory 737 MiB.
2026-10-01T22:08:12Z INFO [41/500] 235a5f0f-8876-4d25-b6c1-476ad6c8e19d: valid; 1.7 s; peak memory 737 MiB.
2026-10-01T22:08:13Z INFO [42/500] 235a949b-6df5-4333-a742-4f8bfea0601f: not valid; 1.3 s; peak memory 737 MiB.
2026-10-01T22:08:15Z INFO [43/500] 235b1fb7-bf65-4cb3-8534-00da34cf3e9f: not valid; 1.3 s; peak memory 737 MiB.
2026-10-01T22:08:16Z INFO [44/500] 235c0143-603c-4cab-9ebe-8a470fdbf39a: not valid; 1.4 s; peak memory 737 MiB.
2026-10-01T22:08:21Z INFO [45/500] 235c11ac-8523-40a7-984f-b390b066a3d4: valid; 5.0 s; peak memory 737 MiB.
2026-10-01T22:08:23Z INFO [46/500] 235cb181-41ab-4040-922e-9084dc37af96: not valid; 1.6 s; peak memory 737 MiB.
2026-10-01T22:08:25Z INFO [47/500] 235cde94-a4ab-47c1-ae17-fa0928d6731d: valid; 2.3 s; peak memory 744 MiB.
2026-10-01T22:08:28Z INFO [48/500] 235d4131-3674-47a9-9a28-4de74e882de5: valid; 3.0 s; peak memory 744 MiB.
2026-10-01T22:08:31Z INFO [49/500] 235d564a-3cd8-4044-9f39-164ee2c37f83: valid; 3.0 s; peak memory 744 MiB.
2026-10-01T22:08:33Z INFO [50/500] 235d9d82-4a20-42bb-9d1f-eb4369265297: valid; 2.3 s; peak memory 744 MiB.
2026-10-01T22:08:34Z INFO [50/500] 235d9d82-4a20-42bb-9d1f-eb4369265297: checkpointed 88060 records.
2026-10-01T22:08:35Z INFO [51/500] 235dbb8e-ea0d-4dcc-95bd-e167d7b257d3: not valid; 1.5 s; peak memory 744 MiB.
2026-10-01T22:08:37Z INFO [52/500] 235e38b4-6832-46b3-9a5a-dc86114c0716: not valid; 1.2 s; peak memory 744 MiB.
2026-10-01T22:08:41Z INFO [53/500] 235eaeb9-cb21-470e-a13d-73defe0c428c: valid; 4.1 s; peak memory 744 MiB.
2026-10-01T22:08:43Z INFO [54/500] 235ef1e4-25da-4869-88fb-002bb8f07416: not valid; 1.7 s; peak memory 744 MiB.
2026-10-01T22:08:45Z INFO [55/500] 235fada6-0b81-424e-9505-16d56016eb70: valid; 2.3 s; peak memory 744 MiB.
2026-10-01T22:08:46Z INFO [56/500] 235fe01a-d947-4df8-9df4-d8870cc1ede1: not valid; 1.3 s; peak memory 744 MiB.
2026-10-01T22:08:56Z INFO [57/500] 2360785a-ae5c-408a-b259-3b0bd233f56a: valid; 9.9 s; peak memory 798 MiB.
2026-10-01T22:08:59Z INFO [58/500] 23607a98-292e-4d9b-aa25-9e9d9c84b908: not valid; 3.3 s; peak memory 798 MiB.
2026-10-01T22:09:03Z INFO [59/500] 2360c559-5ea0-47aa-94cb-2463074b5ca9: not valid; 3.2 s; peak memory 801 MiB.
2026-10-01T22:09:06Z INFO [60/500] 2361282c-ecf6-44b0-a28c-4c1414c049fc: not valid; 3.2 s; peak memory 807 MiB.
2026-10-01T22:09:08Z INFO [61/500] 2361551d-295d-498a-a186-d4c1a1a13695: valid; 1.9 s; peak memory 813 MiB.
2026-10-01T22:09:09Z INFO [62/500] 23618ce6-3699-4bf6-8b39-9f59d16fac92: valid; 1.1 s; peak memory 816 MiB.
2026-10-01T22:09:10Z INFO [63/500] 2361ad9e-8901-4c55-8792-689c531062c7: valid; 1.1 s; peak memory 818 MiB.
2026-10-01T22:09:12Z INFO [64/500] 2361d71a-395f-4a27-ac96-e23c472a39f7: valid; 1.7 s; peak memory 825 MiB.
2026-10-01T22:09:13Z INFO [65/500] 23621898-3c46-4653-8610-e804f58d04d5: not valid; 1.9 s; peak memory 830 MiB.
2026-10-01T22:09:19Z INFO [66/500] 236358fb-b560-4582-8089-1b84d6cbc38d: valid; 5.2 s; peak memory 840 MiB.
2026-10-01T22:09:21Z INFO [67/500] 23639fd7-1dd6-48e7-9b3e-3fc2902f8924: not valid; 2.4 s; peak memory 846 MiB.
2026-10-01T22:09:22Z INFO [68/500] 2363bf29-5788-48ca-b5f5-5b3c6741d12d: valid; 0.9 s; peak memory 846 MiB.
2026-10-01T22:09:24Z INFO [69/500] 2363c77f-a8c1-4af0-aece-8eb4bbd58475: not valid; 1.7 s; peak memory 846 MiB.
2026-10-01T22:09:26Z INFO [70/500] 2363d8ac-a3c3-4639-a0fb-50c6df8e42e7: valid; 2.6 s; peak memory 846 MiB.
2026-10-01T22:09:28Z INFO [71/500] 236405a2-13eb-44ca-935f-bb8ba5f8b81f: valid; 2.1 s; peak memory 846 MiB.
2026-10-01T22:09:31Z INFO [72/500] 23641a6c-eb67-438e-904c-8178d36cc45c: valid; 2.4 s; peak memory 846 MiB.
2026-10-01T22:09:33Z INFO [73/500] 23652bea-d346-48c9-81c8-c3c258f3e6bd: not valid; 2.0 s; peak memory 846 MiB.
2026-10-01T22:09:35Z INFO [74/500] 23658186-d9ed-4fcd-a2aa-bba2adb56ce0: not valid; 2.1 s; peak memory 846 MiB.
2026-10-01T22:09:38Z INFO [75/500] 23659f24-e5e9-4c3c-a160-fba3f67c8836: not valid; 3.4 s; peak memory 846 MiB.
2026-10-01T22:09:40Z INFO [76/500] 2365b448-27d3-4d7b-baf9-8c0a9c6e1638: valid; 1.5 s; peak memory 846 MiB.
2026-10-01T22:09:41Z INFO [77/500] 2365d773-c3dc-4ed2-aa9c-276cba348ec1: valid; 1.2 s; peak memory 846 MiB.
2026-10-01T22:09:42Z INFO [78/500] 23676155-5ac7-42d5-a651-9bc10e2affd1: valid; 1.5 s; peak memory 846 MiB.
2026-10-01T22:09:45Z INFO [79/500] 23686402-dcae-47a6-a5ac-04f8dd9ca8fd: valid; 2.2 s; peak memory 846 MiB.
2026-10-01T22:09:46Z INFO [80/500] 23688cca-de38-46b2-b917-60c1ad4434c6: not valid; 1.2 s; peak memory 846 MiB.
2026-10-01T22:09:47Z INFO [81/500] 23688eba-ece4-41fe-b0fc-cdea53129654: valid; 1.3 s; peak memory 846 MiB.
2026-10-01T22:09:50Z INFO [82/500] 2369a908-5131-462f-82d0-bb31516939c1: valid; 2.4 s; peak memory 846 MiB.
2026-10-01T22:09:52Z INFO [83/500] 2369de48-af10-4fd9-9843-6878aeee2e59: valid; 2.2 s; peak memory 846 MiB.
2026-10-01T22:09:53Z INFO [84/500] 2369df13-2cda-427d-8abf-52133646c55d: not valid; 1.6 s; peak memory 846 MiB.
2026-10-01T22:10:11Z INFO [85/500] 2369ff22-7bdc-4ef3-b5fa-dab6502e5e77: valid; 17.3 s; peak memory 920 MiB.
2026-10-01T22:10:13Z INFO [86/500] 236ad08b-1279-44fc-92f3-274f323d04c0: valid; 2.8 s; peak memory 929 MiB.
2026-10-01T22:10:16Z INFO [87/500] 236aeabc-3290-4535-ab0a-46d4969f7623: not valid; 2.2 s; peak memory 937 MiB.
2026-10-01T22:10:17Z INFO [88/500] 236af2da-9aec-47aa-97bd-d4d2da33c48d: not valid; 1.6 s; peak memory 941 MiB.
2026-10-01T22:10:20Z INFO [89/500] 236b5e27-1e69-4cee-9c1e-f05dec6acd64: valid; 2.3 s; peak memory 951 MiB.
2026-10-01T22:10:22Z INFO [90/500] 236b6da6-caae-48a1-a266-0324ab9491b3: valid; 2.1 s; peak memory 963 MiB.
2026-10-01T22:10:23Z INFO [91/500] 236b9ef3-a171-42e3-b2fd-a70ceea12ad6: valid; 1.3 s; peak memory 966 MiB.
2026-10-01T22:10:25Z INFO [92/500] 236c090a-50dc-4fd2-bd67-f312bd5bcbfa: valid; 2.0 s; peak memory 968 MiB.
2026-10-01T22:10:34Z INFO [93/500] 236c1f29-8ddc-4ea4-97cc-d7e995295d6b: valid; 8.8 s; peak memory 968 MiB.
2026-10-01T22:10:36Z INFO [94/500] 236c2131-0e0f-4dfa-a022-71fd0d87f2de: not valid; 2.5 s; peak memory 968 MiB.
2026-10-01T22:10:50Z INFO [95/500] 236c69a3-76d8-4171-894a-2858e90d5119: valid; 13.6 s; peak memory 1377 MiB.
2026-10-01T22:10:52Z INFO [96/500] 236ca6a3-d25b-48a5-ba5b-303db2350f9f: valid; 2.0 s; peak memory 1377 MiB.
2026-10-01T22:10:54Z INFO [97/500] 236d2477-8453-493d-9579-59c4aea9588e: valid; 2.6 s; peak memory 1377 MiB.
2026-10-01T22:11:02Z INFO [98/500] 236dd757-7c26-49ae-b843-1672b570671b: valid; 7.2 s; peak memory 1377 MiB.
2026-10-01T22:11:04Z INFO [99/500] 236df40e-d19e-481e-8301-87fc0292d18c: valid; 2.7 s; peak memory 1377 MiB.
2026-10-01T22:11:05Z INFO [100/500] 236e0826-1a53-4f21-ba5a-c905a16c4a8d: valid; 0.9 s; peak memory 1377 MiB.
2026-10-01T22:11:06Z INFO [100/500] 236e0826-1a53-4f21-ba5a-c905a16c4a8d: checkpointed 88110 records.
2026-10-01T22:11:07Z INFO [101/500] 236e2aee-cd19-4943-a744-7ac0f9399b02: valid; 1.1 s; peak memory 1377 MiB.
2026-10-01T22:11:14Z INFO [102/500] 236f1d48-091b-477e-9df6-3759a808bdf1: valid; 7.1 s; peak memory 1377 MiB.
2026-10-01T22:11:16Z INFO [103/500] 236f418b-9244-4b1b-ab6a-cca2b59a3d7f: valid; 1.9 s; peak memory 1377 MiB.
2026-10-01T22:11:17Z INFO [104/500] 236f5f45-e123-4eac-b86d-7e543837a399: valid; 0.9 s; peak memory 1377 MiB.
2026-10-01T22:11:20Z INFO [105/500] 236f71d3-0a64-44c0-a584-843d5bcc72d4: valid; 2.8 s; peak memory 1377 MiB.
2026-10-01T22:11:21Z INFO [106/500] 236f75ff-8bbc-441d-966f-4a440ed3739a: valid; 1.1 s; peak memory 1377 MiB.
2026-10-01T22:11:22Z INFO [107/500] 236fb066-b049-4ec1-968b-841433963363: valid; 1.2 s; peak memory 1377 MiB.
2026-10-01T22:11:24Z INFO [108/500] 2370078c-10e5-45dc-830a-f0a4c285d224: valid; 2.2 s; peak memory 1377 MiB.
2026-10-01T22:11:27Z INFO [109/500] 23705fcf-202e-45a7-9495-e53fb381c940: not valid; 3.2 s; peak memory 1377 MiB.
2026-10-01T22:11:40Z INFO [110/500] 2370ad05-0bc4-47dd-9a36-e84c67aac0fe: valid; 12.4 s; peak memory 1437 MiB.
2026-10-01T22:11:42Z INFO [111/500] 2370ce9f-3f18-4427-8ca9-803057b0e864: valid; 2.4 s; peak memory 1446 MiB.
2026-10-01T22:11:43Z INFO [112/500] 23721db0-3b7e-4b88-8c78-ba5a611a669a: valid; 1.1 s; peak memory 1446 MiB.
2026-10-01T22:11:45Z INFO [113/500] 2373a5f8-275c-4a82-9987-9d3fa81d5ee7: valid; 2.0 s; peak memory 1446 MiB.
2026-10-01T22:11:47Z INFO [114/500] 2373c219-22fb-49f1-9786-17bf003ec588: not valid; 1.6 s; peak memory 1446 MiB.
2026-10-01T22:11:48Z INFO [115/500] 23764972-d9fb-4a6f-89b6-051e0591d63f: valid; 0.8 s; peak memory 1446 MiB.
2026-10-01T22:11:50Z INFO [116/500] 2376ee77-d828-4478-945c-b8c9228a4cf4: valid; 2.5 s; peak memory 1446 MiB.
2026-10-01T22:13:26Z INFO [117/500] 2378210a-4d46-4aa9-9f83-b796ffab6a79: valid; 95.3 s; peak memory 1831 MiB.
2026-10-01T22:13:27Z INFO [118/500] 23783fd8-5cbb-4544-8a5c-7059a64bd2e6: not valid; 1.6 s; peak memory 1831 MiB.
2026-10-01T22:13:29Z INFO [119/500] 237842ec-a12e-4c3d-b386-8fcbfb1ce585: valid; 2.4 s; peak memory 1831 MiB.
2026-10-01T22:13:32Z INFO [120/500] 2378a057-49a6-4482-bd1c-870c1dcdd378: valid; 2.2 s; peak memory 1831 MiB.
2026-10-01T22:13:34Z INFO [121/500] 2378f5c7-d182-46a5-ac73-2f32c76cb9b7: valid; 1.8 s; peak memory 1831 MiB.
2026-10-01T22:13:35Z INFO [122/500] 23790028-8cc4-4d15-8c56-dd01defdca87: valid; 1.5 s; peak memory 1831 MiB.
2026-10-01T22:13:37Z INFO [123/500] 23791715-5b6f-4b4a-b8a4-4667a351fbc9: valid; 2.1 s; peak memory 1831 MiB.
2026-10-01T22:13:54Z INFO [124/500] 2379383a-dc42-4da8-934d-3459c5833af2: valid; 16.5 s; peak memory 1831 MiB.
2026-10-01T22:13:57Z INFO [125/500] 2379f134-678a-491f-aa16-9744476c4f96: valid; 3.5 s; peak memory 1831 MiB.
2026-10-01T22:13:58Z INFO [126/500] 237a1171-b9d1-4ebf-a80c-7d2908ba6227: valid; 1.2 s; peak memory 1831 MiB.
2026-10-01T22:14:07Z INFO [127/500] 237a3780-2a8c-4c8a-ba06-98176a1c0bfc: valid; 8.8 s; peak memory 1831 MiB.
2026-10-01T22:14:09Z INFO [128/500] 237abe46-c3f8-4fe7-9402-85664b4b3d9e: valid; 1.4 s; peak memory 1831 MiB.
2026-10-01T22:14:10Z INFO [129/500] 237b2ddc-d7e7-4633-94df-5f9738f39006: valid; 1.3 s; peak memory 1831 MiB.
2026-10-01T22:14:12Z INFO [130/500] 237c3356-428d-4456-9a7f-25e4967a1b2e: valid; 2.2 s; peak memory 1831 MiB.
2026-10-01T22:14:14Z INFO [131/500] 237c5172-9129-4300-9388-826157ea8975: valid; 1.7 s; peak memory 1833 MiB.
2026-10-01T22:14:16Z INFO [132/500] 237c5685-ba47-4fdb-bfe3-bf1fd77eb4d5: valid; 2.4 s; peak memory 1833 MiB.
2026-10-01T22:14:18Z INFO [133/500] 237c7e57-1316-4822-98cf-43db85a03876: not valid; 1.9 s; peak memory 1835 MiB.
2026-10-01T22:14:20Z INFO [134/500] 237ccdb3-e596-4034-ace9-52d49f48852f: valid; 1.6 s; peak memory 1842 MiB.
2026-10-01T22:14:21Z INFO [135/500] 237de2f8-ed6e-4bb2-a7ef-010cd4443d6c: not valid; 1.5 s; peak memory 1845 MiB.
2026-10-01T22:14:22Z INFO [136/500] 237dfacd-ae2b-4891-8b79-dfc4fed4a2fb: valid; 1.2 s; peak memory 1848 MiB.
2026-10-01T22:14:26Z INFO [137/500] 237e0487-0640-483c-b4c3-dffdff7a54f0: valid; 3.2 s; peak memory 1860 MiB.
2026-10-01T22:14:27Z INFO [138/500] 237e695b-f15c-40a3-b898-513f57ddf51b: valid; 1.4 s; peak memory 1862 MiB.
2026-10-01T22:14:29Z INFO [139/500] 237ec2fb-235f-4aeb-a21e-a3a9d24c82c5: valid; 2.2 s; peak memory 1865 MiB.
2026-10-01T22:14:31Z INFO [140/500] 237f025e-dda7-4635-a731-c87b970055e5: valid; 1.3 s; peak memory 1866 MiB.
2026-10-01T22:14:34Z INFO [141/500] 237f8362-9ff0-4ded-afa0-e33b78e6a703: valid; 3.7 s; peak memory 1883 MiB.
2026-10-01T22:14:36Z INFO [142/500] 237fb988-18c2-44a2-9426-790a350787c7: valid; 1.7 s; peak memory 1892 MiB.
2026-10-01T22:14:38Z INFO [143/500] 2380b7a8-b565-4959-a4c6-43008645f852: valid; 1.7 s; peak memory 1903 MiB.
2026-10-01T22:14:40Z INFO [144/500] 238151e2-fdb9-48e7-93cc-f2c9a51833c0: not valid; 2.1 s; peak memory 1906 MiB.
2026-10-01T22:14:42Z INFO [145/500] 238163ff-d12f-4244-82e1-95264fde9c1c: valid; 1.9 s; peak memory 1906 MiB.
2026-10-01T22:14:43Z INFO [146/500] 2381a28d-a4f2-4ac7-a950-7dabc590371b: valid; 1.5 s; peak memory 1906 MiB.
2026-10-01T22:14:49Z INFO [147/500] 23823e7d-6104-43e6-a72e-dff7cbccbe0b: not valid; 5.5 s; peak memory 1933 MiB.
2026-10-01T22:14:50Z INFO [148/500] 23826985-4182-4004-a294-aacde09e4b2f: valid; 1.8 s; peak memory 1933 MiB.
2026-10-01T22:14:52Z INFO [149/500] 238312dc-92ce-44f4-bb8b-940c7b98639d: valid; 2.1 s; peak memory 1933 MiB.
2026-10-01T22:14:54Z INFO [150/500] 23833b10-8ff0-44d3-a032-d6aae737d031: valid; 1.1 s; peak memory 1933 MiB.
2026-10-01T22:14:54Z INFO [150/500] 23833b10-8ff0-44d3-a032-d6aae737d031: checkpointed 88160 records.
2026-10-01T22:14:56Z INFO [151/500] 238466e5-f02e-4cb7-aa9e-8cf5194da645: valid; 1.5 s; peak memory 1933 MiB.
2026-10-01T22:14:57Z INFO [152/500] 2384d31f-bfa3-4637-9b16-750739f17cc7: valid; 1.1 s; peak memory 1933 MiB.
2026-10-01T22:14:58Z INFO [153/500] 23857e0f-57f6-40cd-b109-f43be08075a7: valid; 1.4 s; peak memory 1933 MiB.
2026-10-01T22:15:00Z INFO [154/500] 2385de83-21fc-4627-b0b6-2babb1ddf7c5: valid; 1.8 s; peak memory 1933 MiB.
2026-10-01T22:15:01Z INFO [155/500] 2385fbe4-6831-44b6-b7cf-9508ca06bdab: valid; 1.3 s; peak memory 1933 MiB.
2026-10-01T22:15:04Z INFO [156/500] 23865272-5e6a-4f08-814b-4f218b871b1c: valid; 2.2 s; peak memory 1936 MiB.
2026-10-01T22:15:12Z INFO [157/500] 23867b7f-b2a7-4b89-b435-7845998a1b29: not valid; 8.9 s; peak memory 1991 MiB.
2026-10-01T22:15:16Z INFO [158/500] 2386f782-6f50-41da-b863-c2e2fa734c6a: valid; 3.6 s; peak memory 1998 MiB.
2026-10-01T22:15:17Z INFO [159/500] 238719ad-6f93-4953-ab33-5d865241a13c: valid; 0.9 s; peak memory 2001 MiB.
2026-10-01T22:15:18Z INFO [160/500] 23877e93-7b07-4ba3-9c8d-5e9980b66b53: valid; 0.9 s; peak memory 2003 MiB.
2026-10-01T22:15:20Z INFO [161/500] 23880f4e-17de-4532-801f-bfb8c1fa18d9: valid; 2.5 s; peak memory 2007 MiB.
2026-10-01T22:15:24Z INFO [162/500] 23885ce1-c635-4a4a-a0d2-3cf230287067: valid; 3.9 s; peak memory 2009 MiB.
2026-10-01T22:15:25Z INFO [163/500] 2388f1a9-b682-4430-9c95-60ebaf252cd3: valid; 1.2 s; peak memory 2009 MiB.
2026-10-01T22:15:27Z INFO [164/500] 238917bb-0f44-472e-a1a2-ae311b69a197: valid; 1.3 s; peak memory 2009 MiB.
2026-10-01T22:15:30Z INFO [165/500] 2389a1cb-213e-488d-ab2e-2a428f57bf28: valid; 3.5 s; peak memory 2009 MiB.
2026-10-01T22:15:32Z INFO [166/500] 238a8c19-dcb4-409d-91e9-0b05ccd276ac: valid; 1.5 s; peak memory 2009 MiB.
2026-10-01T22:15:33Z INFO [167/500] 238ad6f2-8096-4732-8cf2-66ccc5b7f373: valid; 1.1 s; peak memory 2009 MiB.
2026-10-01T22:15:37Z INFO [168/500] 238bc067-c73d-4aec-ab69-f18bb09399fa: valid; 4.5 s; peak memory 2009 MiB.
2026-10-01T22:15:39Z INFO [169/500] 238bc57c-24c3-43c4-b250-480e14e5a1c0: valid; 1.6 s; peak memory 2009 MiB.
2026-10-01T22:15:51Z INFO [170/500] 238bc975-7f22-42db-95b2-e38210de45d5: valid; 12.4 s; peak memory 2011 MiB.
2026-10-01T22:15:53Z INFO [171/500] 238c3bc6-3f69-4bbb-b882-f0d951a30614: valid; 1.7 s; peak memory 2012 MiB.
2026-10-01T22:16:04Z INFO [172/500] 238c8c8d-e313-495a-913e-868aeccaeebd: not valid; 10.9 s; peak memory 2061 MiB.
2026-10-01T22:16:06Z INFO [173/500] 238d8ee4-e597-4178-9ca6-075b9010294c: valid; 2.1 s; peak memory 2065 MiB.
2026-10-01T22:16:08Z INFO [174/500] 238db5ff-c49b-4561-864d-02ca98a0f53d: valid; 1.6 s; peak memory 2075 MiB.
2026-10-01T22:16:13Z INFO [175/500] 238deee9-52a3-4fd7-95a6-451fc3b813b1: valid; 4.9 s; peak memory 2088 MiB.
2026-10-01T22:16:14Z INFO [176/500] 238df124-b561-45a5-b4e1-2d85d7504b40: valid; 1.5 s; peak memory 2096 MiB.
2026-10-01T22:16:16Z INFO [177/500] 238f582e-6725-449e-b70e-b78ad9a20045: not valid; 1.5 s; peak memory 2101 MiB.
2026-10-01T22:16:25Z INFO [178/500] 23903685-9c3b-40d6-9e34-5eaf09979552: valid; 9.4 s; peak memory 2203 MiB.
2026-10-01T22:16:26Z INFO [179/500] 2390d37d-68a8-467f-af49-23a87fec8621: not valid; 1.4 s; peak memory 2203 MiB.
2026-10-01T22:16:28Z INFO [180/500] 2391cc9f-8c52-46c8-a523-3e03dc8b1327: valid; 1.7 s; peak memory 2203 MiB.
2026-10-01T22:16:34Z INFO [181/500] 23926427-95d9-45aa-b40f-e469a699334e: valid; 6.2 s; peak memory 2239 MiB.
2026-10-01T22:16:37Z INFO [182/500] 23926e62-af5a-485a-9c7d-c359251efe33: valid; 2.8 s; peak memory 2239 MiB.
2026-10-01T22:16:56Z INFO [183/500] 239392db-8488-4676-9266-fa7a3b2244c3: valid; 18.4 s; peak memory 2371 MiB.
2026-10-01T22:16:57Z WARNING 239392f7-7201-42ac-b9a4-f6aa5ac9e176: failed while opening the NWB file (ConstructError: (root/acquisition/_iblmic_audioSpectrogram/bands GroupBuilder {'attributes': {'colnames': array(['freq'], dtype=object), 'description': 'spectogram frequencies', 'namespace': 'core', 'neurodata_type': 'FrequencyBandsTable', 'object_id': 'bf4442c7-ddda-42b8-bd1d-46aaf88e9695'}, 'groups': {}, 'datasets': {'freq': root/acquisition/_iblmic_audioSpectrogram/bands/freq DatasetBuilder {'attributes': {'description': 'frequency value', 'namespace': 'hdmf-common', 'neurodata_type': 'VectorData', 'object_id': 'aca699fc-eef8-4995-89c5-ac6e7f8f5bcb'}, 'data': <HDF5 dataset "freq": shape (257,), type "<f4">}, 'id': root/acquisition/_iblmic_audioSpectrogram/bands/id DatasetBuilder {'attributes': {'namespace': 'hdmf-common', 'neurodata_type': 'ElementIdentifiers', 'object_id': '5f3f332a-e84a-4ce3-a2fb-e5b64b4f755c'}, 'data': <HDF5 dataset "id": shape (257,), type "<i4">}}, 'links': {}}, "Could not construct FrequencyBandsTable object due to: column must have the same number of rows as 'id'"))
2026-10-01T22:16:59Z INFO [185/500] 2393b1b1-d6d5-4551-9650-cecd8270fe4f: valid; 1.8 s; peak memory 2376 MiB.
2026-10-01T22:17:02Z INFO [186/500] 239408c1-b156-4d66-af73-4a1e5e3969e5: not valid; 3.3 s; peak memory 2387 MiB.
2026-10-01T22:17:03Z INFO [187/500] 239439b9-e19e-4f9b-b2a4-82c44b4535f0: valid; 1.1 s; peak memory 2389 MiB.
2026-10-01T22:17:05Z INFO [188/500] 23947168-0a5a-47ba-b512-0718e57386de: not valid; 1.6 s; peak memory 2392 MiB.
2026-10-01T22:17:08Z INFO [189/500] 23961c4d-9ab3-4283-8c45-ba1667c683b1: valid; 2.6 s; peak memory 2395 MiB.
2026-10-01T22:17:09Z INFO [190/500] 239663a6-07ed-4d93-9f2c-c170727e4629: valid; 1.7 s; peak memory 2396 MiB.
2026-10-01T22:17:12Z INFO [191/500] 2396a861-29b0-4061-bead-b465461d036d: valid; 2.3 s; peak memory 2396 MiB.
2026-10-01T22:17:13Z INFO [192/500] 2397812e-8dca-4cbd-8e5a-8035801053ee: not valid; 1.4 s; peak memory 2396 MiB.
2026-10-01T22:17:15Z INFO [193/500] 239816d6-33d6-4da1-8fc3-9f3fd4cc18cf: not valid; 1.7 s; peak memory 2396 MiB.
2026-10-01T22:17:16Z INFO [194/500] 2399a1c5-2ed3-4895-ad55-7863e426366b: not valid; 1.6 s; peak memory 2396 MiB.
2026-10-01T22:17:18Z INFO [195/500] 2399a4e6-49f2-4d1f-bf15-26e4d7e92435: valid; 1.6 s; peak memory 2396 MiB.
2026-10-01T22:17:20Z INFO [196/500] 2399a803-0d44-4205-95fc-f6027cda1fe2: valid; 2.5 s; peak memory 2396 MiB.
2026-10-01T22:17:22Z INFO [197/500] 239bfd56-8208-4103-a204-ef15d49f9e5d: not valid; 1.6 s; peak memory 2396 MiB.
2026-10-01T22:17:29Z INFO [198/500] 239c70f2-d6cb-46eb-b402-23a57d3219d9: valid; 7.0 s; peak memory 2396 MiB.
2026-10-01T22:17:29Z WARNING 239c8401-97fe-4f7e-8832-ea3dcfae8cdb: failed while retrieving asset information from the DANDI API (NotFoundError: No asset at path 'sub-ZS059/sub-ZS059_ses-behavior-ZS059-2021-04-17-15-44-53.nwb' in version 0.260928.2230. Verify the path is correct and the asset exists in this version. Use 'dandi ls' to list available assets.)
2026-10-01T22:17:30Z INFO [200/500] 239cac79-da90-4be8-a30f-608628a0d6dc: valid; 1.2 s; peak memory 2396 MiB.
2026-10-01T22:17:31Z INFO [200/500] 239cac79-da90-4be8-a30f-608628a0d6dc: checkpointed 88210 records.
2026-10-01T22:17:33Z WARNING 239d71ab-c276-4e6f-a5ea-62d243bb2d5d: failed while opening the NWB file (ConstructError: (root/acquisition/event_code_meanings GroupBuilder {'attributes': {'colnames': array(['value', 'meaning'], dtype=object), 'description': 'Mapping integer event codes to event labels', 'namespace': 'ndx-events', 'neurodata_type': 'MeaningsTable', 'object_id': '4cd3d762-317e-4a44-b85c-12790e026c45'}, 'groups': {}, 'datasets': {'id': root/acquisition/event_code_meanings/id DatasetBuilder {'attributes': {'namespace': 'hdmf-common', 'neurodata_type': 'ElementIdentifiers', 'object_id': '127eae28-4eaa-4e94-a8a2-79a0158706c7'}, 'data': <HDF5 dataset "id": shape (26,), type "<i8">}, 'meaning': root/acquisition/event_code_meanings/meaning DatasetBuilder {'attributes': {'description': 'The meaning of the value in the parent CategoricalVectorData object.', 'namespace': 'hdmf-experimental', 'neurodata_type': 'VectorData', 'object_id': 'cc243b09-1413-459f-b97f-c4a818b3c4cf'}, 'data': <StrDataset for HDF5 dataset "meaning": shape (26,), type "|O">}, 'value': root/acquisition/event_code_meanings/value DatasetBuilder {'attributes': {'description': 'The value of the parent CategoricalVectorData object.', 'namespace': 'hdmf-experimental', 'neurodata_type': 'VectorData', 'object_id': 'ed9e9f73-dfe3-4e27-aeb8-40a8d33a008a'}, 'data': <HDF5 dataset "value": shape (26,), type "<i8">}}, 'links': {}}, "Could not construct MeaningsTable object due to: MeaningsTable.__init__: missing argument 'target'"))
2026-10-01T22:17:34Z INFO [202/500] 239e513e-93e0-4e8d-97a3-49184e4fb04f: valid; 1.2 s; peak memory 2396 MiB.
2026-10-01T22:17:35Z INFO [203/500] 239f69f0-a8b5-4f20-b570-ae40138abaa2: valid; 1.3 s; peak memory 2396 MiB.
2026-10-01T22:17:37Z INFO [204/500] 239f916d-206c-42a0-a1f3-673c38f37787: valid; 1.7 s; peak memory 2396 MiB.
2026-10-01T22:17:39Z INFO [205/500] 239fa8c0-20f8-404b-ad44-23f18086fae2: valid; 2.6 s; peak memory 2397 MiB.
2026-10-01T22:17:41Z INFO [206/500] 239fb32b-eb7d-45c9-b4e6-7ba84b39e28f: valid; 1.8 s; peak memory 2397 MiB.
2026-10-01T22:17:44Z INFO [207/500] 23a00614-5ac1-4e40-a806-300481e4d35b: valid; 2.6 s; peak memory 2397 MiB.
2026-10-01T22:17:45Z INFO [208/500] 23a02552-18d5-436c-ba60-b3be76d052c6: not valid; 1.5 s; peak memory 2397 MiB.
2026-10-01T22:17:47Z INFO [209/500] 23a0c6c4-f64f-4975-8d39-aac3a12a6e0a: not valid; 1.7 s; peak memory 2397 MiB.
2026-10-01T22:17:48Z INFO [210/500] 23a0ff54-d38c-4aac-9c7a-56c9182b0815: valid; 1.2 s; peak memory 2397 MiB.
2026-10-01T22:17:50Z WARNING 23a10c60-6ceb-4147-bd27-f0a55bae5c30: failed while opening the NWB file (ConstructError: (root/acquisition/_iblmic_audioSpectrogram/bands GroupBuilder {'attributes': {'colnames': array(['freq'], dtype=object), 'description': 'spectogram frequencies', 'namespace': 'core', 'neurodata_type': 'FrequencyBandsTable', 'object_id': 'd4359fd0-3179-4d13-8ae8-67d6cdf4f373'}, 'groups': {}, 'datasets': {'freq': root/acquisition/_iblmic_audioSpectrogram/bands/freq DatasetBuilder {'attributes': {'description': 'frequency value', 'namespace': 'hdmf-common', 'neurodata_type': 'VectorData', 'object_id': 'b32a74d7-30e4-4374-ad9c-d659fb1529ab'}, 'data': <HDF5 dataset "freq": shape (257,), type "<f4">}, 'id': root/acquisition/_iblmic_audioSpectrogram/bands/id DatasetBuilder {'attributes': {'namespace': 'hdmf-common', 'neurodata_type': 'ElementIdentifiers', 'object_id': '278b0a84-75e4-405c-9efd-e87faa555f57'}, 'data': <HDF5 dataset "id": shape (257,), type "<i4">}}, 'links': {}}, "Could not construct FrequencyBandsTable object due to: column must have the same number of rows as 'id'"))
2026-10-01T22:17:53Z INFO [212/500] 23a11ddb-19d6-4e38-96fe-8c5acc6c3cee: valid; 2.7 s; peak memory 2398 MiB.
2026-10-01T22:17:54Z INFO [213/500] 23a187e1-ef3b-4223-ade2-2146f0039153: valid; 1.2 s; peak memory 2398 MiB.
2026-10-01T22:17:56Z INFO [214/500] 23a19fa3-c500-4907-9540-ca51cfc21095: valid; 2.0 s; peak memory 2400 MiB.
2026-10-01T22:17:57Z INFO [215/500] 23a1ee90-4702-4115-b266-09acf5a896e1: valid; 1.3 s; peak memory 2400 MiB.
2026-10-01T22:17:59Z INFO [216/500] 23a22985-7e2d-45c8-9790-ece41a94a6ef: valid; 1.6 s; peak memory 2400 MiB.
2026-10-01T22:18:00Z INFO [217/500] 23a23f59-7265-4ec8-bb51-5d65474a8cfb: valid; 1.2 s; peak memory 2400 MiB.
2026-10-01T22:18:11Z INFO [218/500] 23a2f6c7-a719-456f-b360-10d3b6095628: valid; 10.9 s; peak memory 2636 MiB.
2026-10-01T22:18:12Z INFO [219/500] 23a32b47-a114-44dd-924a-460ee7a25317: valid; 1.3 s; peak memory 2636 MiB.
2026-10-01T22:18:13Z INFO [220/500] 23a4118f-9183-45cc-9c22-4ecaa2ede0f9: valid; 1.2 s; peak memory 2636 MiB.
2026-10-01T22:18:15Z INFO [221/500] 23a44362-12a3-4251-8443-a770f0e16df9: valid; 1.5 s; peak memory 2636 MiB.
2026-10-01T22:18:17Z INFO [222/500] 23a452a1-6659-4b16-b230-5b801be25a40: valid; 2.5 s; peak memory 2636 MiB.
2026-10-01T22:18:32Z INFO [223/500] 23a45ef4-62b6-4e75-8c70-f4983881ae6b: valid; 14.9 s; peak memory 2640 MiB.
2026-10-01T22:18:34Z INFO [224/500] 23a5090a-b0e3-4adb-8d7e-1a5157d158d6: not valid; 1.7 s; peak memory 2645 MiB.
2026-10-01T22:18:37Z INFO [225/500] 23a547a6-164d-472c-977f-570a67dc3b87: valid; 2.5 s; peak memory 2657 MiB.
2026-10-01T22:18:38Z INFO [226/500] 23a56536-8d5d-4810-9ddf-2e91cfe1b55b: valid; 1.3 s; peak memory 2660 MiB.
2026-10-01T22:18:40Z INFO [227/500] 23a5fe9e-fca2-4565-8702-a04a96965e19: valid; 2.4 s; peak memory 2685 MiB.
2026-10-01T22:18:42Z INFO [228/500] 23a610f0-a73b-4f2f-9747-aa7f1c251f81: valid; 1.6 s; peak memory 2685 MiB.
2026-10-01T22:18:43Z INFO [229/500] 23a62335-ef1a-487f-a6a5-714eb0804af6: not valid; 1.1 s; peak memory 2688 MiB.
2026-10-01T22:18:46Z INFO [230/500] 23a6393c-0d23-493b-808c-11dd18c6c599: valid; 2.9 s; peak memory 2690 MiB.
2026-10-01T22:18:47Z INFO [231/500] 23a70fec-f081-476b-9a13-2cb0cd3dbcc5: valid; 1.6 s; peak memory 2690 MiB.
2026-10-01T22:18:49Z INFO [232/500] 23a74d02-7b04-41f3-a291-0999e9928b9e: valid; 1.1 s; peak memory 2690 MiB.
2026-10-01T22:18:50Z INFO [233/500] 23a75ce8-c95a-4df7-9854-fd48186f47ba: valid; 1.2 s; peak memory 2690 MiB.
2026-10-01T22:18:52Z INFO [234/500] 23a7d03a-1f39-4e25-9571-a6dba57277ae: valid; 2.4 s; peak memory 2690 MiB.
2026-10-01T22:18:54Z WARNING 23a831d9-cd7c-4f70-97b2-64d075ae7204: failed while opening the NWB file (ConstructError: (root/acquisition/event_code_meanings GroupBuilder {'attributes': {'colnames': array(['value', 'meaning'], dtype=object), 'description': 'Mapping integer event codes to event labels', 'namespace': 'ndx-events', 'neurodata_type': 'MeaningsTable', 'object_id': '6991e5fe-e00d-451b-8163-1187250454db'}, 'groups': {}, 'datasets': {'id': root/acquisition/event_code_meanings/id DatasetBuilder {'attributes': {'namespace': 'hdmf-common', 'neurodata_type': 'ElementIdentifiers', 'object_id': '453603c6-eb7d-4a3e-8ff7-d1b2a67f5607'}, 'data': <HDF5 dataset "id": shape (26,), type "<i8">}, 'meaning': root/acquisition/event_code_meanings/meaning DatasetBuilder {'attributes': {'description': 'The meaning of the value in the parent CategoricalVectorData object.', 'namespace': 'hdmf-experimental', 'neurodata_type': 'VectorData', 'object_id': 'c259488e-cf60-41a2-b5d5-722a09164d84'}, 'data': <StrDataset for HDF5 dataset "meaning": shape (26,), type "|O">}, 'value': root/acquisition/event_code_meanings/value DatasetBuilder {'attributes': {'description': 'The value of the parent CategoricalVectorData object.', 'namespace': 'hdmf-experimental', 'neurodata_type': 'VectorData', 'object_id': '84863109-8a25-4132-bca5-dc296e8ddf30'}, 'data': <HDF5 dataset "value": shape (26,), type "<i8">}}, 'links': {}}, "Could not construct MeaningsTable object due to: MeaningsTable.__init__: missing argument 'target'"))
2026-10-01T22:18:55Z INFO [236/500] 23a900ee-03ff-48b1-8872-f43cefafd37e: valid; 1.4 s; peak memory 2690 MiB.
2026-10-01T22:18:56Z INFO [237/500] 23a9669a-1088-4484-b7cb-2991e81a5954: not valid; 1.3 s; peak memory 2690 MiB.
2026-10-01T22:18:57Z INFO [238/500] 23a96c35-f0be-4ecd-b023-5831a148aa8e: valid; 1.2 s; peak memory 2690 MiB.
2026-10-01T22:18:59Z INFO [239/500] 23a97a3f-d8d4-4905-9d95-ddfb060be13e: valid; 1.6 s; peak memory 2690 MiB.
2026-10-01T22:19:10Z INFO [240/500] 23aa5917-9d1a-4b70-a314-2790b9218574: valid; 11.1 s; peak memory 2690 MiB.
2026-10-01T22:19:19Z INFO [241/500] 23aa8b73-7eaf-4cba-b0c7-6f90830b8823: valid; 8.9 s; peak memory 2690 MiB.
2026-10-01T22:19:26Z INFO [242/500] 23ab0b67-ab69-47d1-a8f3-3ab5e6f954be: valid; 6.7 s; peak memory 2690 MiB.
2026-10-01T22:19:27Z INFO [243/500] 23ab525a-b57e-4581-8fa3-10fd7936874b: valid; 1.2 s; peak memory 2690 MiB.
2026-10-01T22:19:28Z INFO [244/500] 23ab80ea-6448-4e84-9722-0475acb236d2: valid; 1.2 s; peak memory 2691 MiB.
2026-10-01T22:19:30Z INFO [245/500] 23ab90da-ee2d-4e64-8ac8-c3e99218e569: valid; 1.9 s; peak memory 2700 MiB.
2026-10-01T22:19:58Z INFO [246/500] 23abe3a8-854c-43bf-a11d-dec2d8a7acbe: valid; 28.2 s; peak memory 2720 MiB.
2026-10-01T22:20:00Z INFO [247/500] 23abf297-02d9-4504-bf00-d4185f800192: valid; 2.3 s; peak memory 2723 MiB.
2026-10-01T22:20:02Z INFO [248/500] 23acc26f-2c09-4240-b122-95985dc2ad50: not valid; 1.1 s; peak memory 2724 MiB.
2026-10-01T22:20:03Z INFO [249/500] 23ad8229-c45b-4074-a442-146289e249b2: valid; 1.2 s; peak memory 2724 MiB.
2026-10-01T22:20:05Z INFO [250/500] 23ada509-cd03-4285-b068-1cc6be794be9: valid; 2.3 s; peak memory 2724 MiB.
2026-10-01T22:20:06Z INFO [250/500] 23ada509-cd03-4285-b068-1cc6be794be9: checkpointed 88260 records.
2026-10-01T22:20:06Z WARNING 23addaaf-d00b-4582-a427-980bb17b54bc: failed while retrieving asset information from the DANDI API (NotFoundError: No such Dandiset: 001269)
2026-10-01T22:20:07Z INFO [252/500] 23ae0410-e034-4e8a-874c-bc6afb6cd884: not valid; 1.7 s; peak memory 2724 MiB.
2026-10-01T22:20:09Z INFO [253/500] 23ae168e-ab18-4bd7-8d7c-d9348a64686f: valid; 1.7 s; peak memory 2724 MiB.
2026-10-01T22:20:11Z INFO [254/500] 23aef22a-e56b-4f8f-a133-2f30d1d26801: valid; 1.6 s; peak memory 2724 MiB.
2026-10-01T22:20:12Z INFO [255/500] 23af2c50-c66e-45cc-8178-7184c92d3825: valid; 1.4 s; peak memory 2724 MiB.
2026-10-01T22:20:44Z INFO [256/500] 23afaaf0-57f3-4a44-87b0-a29ca2a0f62b: not valid; 31.7 s; peak memory 2724 MiB.
2026-10-01T22:20:46Z INFO [257/500] 23afc58d-b491-4280-8c7c-973d2464093d: valid; 1.9 s; peak memory 2724 MiB.
2026-10-01T22:20:48Z INFO [258/500] 23b0bf08-5f9a-4a1e-b7e0-41155eea6ba8: valid; 2.2 s; peak memory 2724 MiB.
2026-10-01T22:20:49Z INFO [259/500] 23b1e230-39f6-46dd-a7d7-54d5e5d1558a: not valid; 1.0 s; peak memory 2724 MiB.
2026-10-01T22:20:52Z INFO [260/500] 23b1f316-9fca-4ce9-9dac-7406da0b12ae: valid; 2.4 s; peak memory 2724 MiB.
2026-10-01T22:20:54Z INFO [261/500] 23b28cc4-cbfe-41df-8373-4f3ce8004add: valid; 2.5 s; peak memory 2724 MiB.
2026-10-01T22:20:56Z INFO [262/500] 23b30224-d42d-4d94-aae4-3b8ab2c4a1bb: valid; 1.6 s; peak memory 2724 MiB.
2026-10-01T22:20:56Z WARNING 23b3953b-59f5-4f26-bdb0-d6db32885717: failed while retrieving asset information from the DANDI API (NotFoundError: No asset at path 'sub-healthy-simulated-lfp/sub-healthy-simulated-lfp_ses-1289_ecephys.nwb' in version 0.250327.2220. Verify the path is correct and the asset exists in this version. Use 'dandi ls' to list available assets.)
2026-10-01T22:21:07Z INFO [264/500] 23b398eb-a99b-43d1-b4b3-e42cace78992: valid; 11.0 s; peak memory 2895 MiB.
2026-10-01T22:21:08Z INFO [265/500] 23b3a3e6-7362-4a5b-bbb1-3d15e5ce7ef1: not valid; 1.3 s; peak memory 2895 MiB.
2026-10-01T22:21:10Z INFO [266/500] 23b3a4a2-0451-4144-a8ee-17253060a53e: valid; 1.7 s; peak memory 2895 MiB.
2026-10-01T22:21:11Z INFO [267/500] 23b42790-5799-40db-812a-301a7271fc3a: not valid; 1.4 s; peak memory 2895 MiB.
2026-10-01T22:21:12Z INFO [268/500] 23b449c0-89a2-4b55-becb-22e2834273df: valid; 1.1 s; peak memory 2895 MiB.
2026-10-01T22:21:23Z INFO [269/500] 23b4894a-9032-413a-800f-bfed362e6c4f: valid; 11.0 s; peak memory 2934 MiB.
2026-10-01T22:21:27Z INFO [270/500] 23b50840-7c80-47e7-a480-d4250056bfd7: valid; 3.7 s; peak memory 2941 MiB.
2026-10-01T22:21:30Z INFO [271/500] 23b5374d-ccff-4ab5-9e21-b3cca610365f: not valid; 2.9 s; peak memory 2956 MiB.
2026-10-01T22:21:34Z INFO [272/500] 23b564f1-6ec2-4817-b302-4e93350bb24d: not valid; 3.7 s; peak memory 2960 MiB.
2026-10-01T22:21:36Z INFO [273/500] 23b56f10-4cb0-47c1-bd63-ae04e7d5e9c5: valid; 2.3 s; peak memory 2963 MiB.
2026-10-01T22:21:39Z INFO [274/500] 23b632c6-dbfc-40ea-9540-6dd02e7bbfc8: valid; 2.6 s; peak memory 2963 MiB.
2026-10-01T22:21:40Z INFO [275/500] 23b634f4-5224-449c-9a35-d32ac11ec668: not valid; 1.4 s; peak memory 2963 MiB.
2026-10-01T22:21:41Z INFO [276/500] 23b6516d-0ea9-42b8-8b4f-f1108f188252: not valid; 1.4 s; peak memory 2963 MiB.
2026-10-01T22:21:43Z INFO [277/500] 23b65f68-57a6-4a31-a881-d425b403c8eb: not valid; 1.3 s; peak memory 2963 MiB.
2026-10-01T22:21:44Z INFO [278/500] 23b6973e-c247-4dbb-9f1b-930495e0b804: valid; 1.2 s; peak memory 2963 MiB.
2026-10-01T22:21:46Z INFO [279/500] 23b72ef4-e4eb-446f-8ee8-4616a684644f: valid; 2.5 s; peak memory 2963 MiB.
2026-10-01T22:21:46Z WARNING 23b7ac1a-c970-437e-bfb4-05358fe7a669: failed while retrieving asset information from the DANDI API (NotFoundError: No asset at path 'sub-parkinson-simulated-beta/sub-parkinson-simulated-beta_ses-9648_ecephys.nwb' in version 0.250327.2220. Verify the path is correct and the asset exists in this version. Use 'dandi ls' to list available assets.)
2026-10-01T22:21:51Z INFO [281/500] 23b83fe1-a867-47f8-b5b3-de3e7438325b: not valid; 4.4 s; peak memory 2963 MiB.
2026-10-01T22:21:52Z INFO [282/500] 23b84876-a6bd-4bd9-a2d0-b30f30fca9a4: valid; 1.2 s; peak memory 2963 MiB.
2026-10-01T22:21:56Z INFO [283/500] 23b86f18-cb7d-41e6-905f-ca04c34113b9: valid; 4.2 s; peak memory 2963 MiB.
2026-10-01T22:21:59Z INFO [284/500] 23b97b06-6208-4f93-8e00-c0c6b3fc0c16: valid; 3.0 s; peak memory 2963 MiB.
2026-10-01T22:22:01Z INFO [285/500] 23b9c7b9-0759-45ce-bd79-977a0207726e: not valid; 2.0 s; peak memory 2963 MiB.
2026-10-01T22:22:07Z INFO [286/500] 23ba176b-234d-4fe8-b18a-0a509f1ab65f: not valid; 5.7 s; peak memory 2963 MiB.
2026-10-01T22:22:18Z INFO [287/500] 23ba8671-985b-48d0-b7bd-34ce8332fa3a: valid; 10.8 s; peak memory 2963 MiB.
2026-10-01T22:22:20Z INFO [288/500] 23bb54f3-8046-4114-bec2-e20975b9fd0e: valid; 2.8 s; peak memory 2963 MiB.
2026-10-01T22:22:22Z INFO [289/500] 23bbc6a8-91ee-49f7-a3da-0bbc075ecf94: not valid; 1.5 s; peak memory 2963 MiB.
2026-10-01T22:22:23Z INFO [290/500] 23bcd289-1668-4f97-b9c6-0bba68bf7b35: not valid; 1.4 s; peak memory 2963 MiB.
2026-10-01T22:22:26Z INFO [291/500] 23bd136e-60b7-43aa-ac53-cd27b5bb7a40: valid; 2.7 s; peak memory 2963 MiB.
2026-10-01T22:22:27Z INFO [292/500] 23be4d7b-e034-4575-a3ea-f7138ba0a2cf: valid; 1.2 s; peak memory 2964 MiB.
2026-10-01T22:22:28Z INFO [293/500] 23be7366-cbee-4d66-bfd3-c8793e4e53b4: valid; 1.3 s; peak memory 2964 MiB.
2026-10-01T22:22:30Z INFO [294/500] 23becbfc-7a1f-4730-8ccf-d5ef071bae25: valid; 1.6 s; peak memory 2966 MiB.
2026-10-01T22:22:32Z WARNING 23bf8dc8-24b7-4efa-b56d-7a5863069a9e: failed while opening the NWB file (ConstructError: (root/acquisition/_iblmic_audioSpectrogram/bands GroupBuilder {'attributes': {'colnames': array(['freq'], dtype=object), 'description': 'spectogram frequencies', 'namespace': 'core', 'neurodata_type': 'FrequencyBandsTable', 'object_id': '94cafd48-6d25-4f74-8ff4-e794ccc0e68e'}, 'groups': {}, 'datasets': {'freq': root/acquisition/_iblmic_audioSpectrogram/bands/freq DatasetBuilder {'attributes': {'description': 'frequency value', 'namespace': 'hdmf-common', 'neurodata_type': 'VectorData', 'object_id': 'be7445e2-0d79-441b-b8d6-fc676ca39ab1'}, 'data': <HDF5 dataset "freq": shape (257,), type "<f4">}, 'id': root/acquisition/_iblmic_audioSpectrogram/bands/id DatasetBuilder {'attributes': {'namespace': 'hdmf-common', 'neurodata_type': 'ElementIdentifiers', 'object_id': '26fb1fa9-2a7d-4914-ab8c-e1a6e70129fd'}, 'data': <HDF5 dataset "id": shape (257,), type "<i4">}}, 'links': {}}, "Could not construct FrequencyBandsTable object due to: column must have the same number of rows as 'id'"))
2026-10-01T22:22:33Z INFO [296/500] 23c034f4-b026-4201-acf2-88dcd3b02771: valid; 1.7 s; peak memory 2969 MiB.
2026-10-01T22:22:37Z INFO [297/500] 23c066f1-5980-4592-877c-9b75f4ca8969: valid; 3.6 s; peak memory 2972 MiB.
2026-10-01T22:22:40Z INFO [298/500] 23c09725-909c-4fa7-9f5b-99cc72797eba: valid; 2.6 s; peak memory 2974 MiB.
2026-10-01T22:22:45Z INFO [299/500] 23c17501-cd29-4565-a4c0-d6f3b0e57dc7: valid; 5.5 s; peak memory 2986 MiB.
2026-10-01T22:22:47Z INFO [300/500] 23c177d3-7677-468c-aaf5-68092621d1f2: valid; 1.7 s; peak memory 2989 MiB.
2026-10-01T22:22:47Z INFO [300/500] 23c177d3-7677-468c-aaf5-68092621d1f2: checkpointed 88310 records.
2026-10-01T22:22:49Z INFO [301/500] 23c32748-0847-4681-934b-53b067f4efcd: not valid; 1.4 s; peak memory 2989 MiB.
2026-10-01T22:22:50Z INFO [302/500] 23c3405a-a5c5-4a3b-8bec-f15080596171: valid; 1.8 s; peak memory 2989 MiB.
2026-10-01T22:22:52Z WARNING 23c38621-1342-4b59-a466-953196378195: failed while opening the NWB file (ConstructError: (root/acquisition/_iblmic_audioSpectrogram/bands GroupBuilder {'attributes': {'colnames': array(['freq'], dtype=object), 'description': 'spectogram frequencies', 'namespace': 'core', 'neurodata_type': 'FrequencyBandsTable', 'object_id': 'f2181f08-22f3-42cc-8aa7-15e7d7b34982'}, 'groups': {}, 'datasets': {'freq': root/acquisition/_iblmic_audioSpectrogram/bands/freq DatasetBuilder {'attributes': {'description': 'frequency value', 'namespace': 'hdmf-common', 'neurodata_type': 'VectorData', 'object_id': 'c80a4a49-02ec-4c8d-a6b6-bf45dcbf048c'}, 'data': <HDF5 dataset "freq": shape (257,), type "<f4">}, 'id': root/acquisition/_iblmic_audioSpectrogram/bands/id DatasetBuilder {'attributes': {'namespace': 'hdmf-common', 'neurodata_type': 'ElementIdentifiers', 'object_id': '3fe0be91-57a6-4ee1-ac97-8702b47a53e2'}, 'data': <HDF5 dataset "id": shape (257,), type "<i4">}}, 'links': {}}, "Could not construct FrequencyBandsTable object due to: column must have the same number of rows as 'id'"))
2026-10-01T22:22:53Z INFO [304/500] 23c3beb5-c756-4253-9be4-9d36bd155ddd: valid; 1.1 s; peak memory 2989 MiB.
2026-10-01T22:22:55Z INFO [305/500] 23c42a0d-d85d-4962-8860-c9c85f2a4c18: valid; 1.6 s; peak memory 2989 MiB.
2026-10-01T22:22:57Z WARNING 23c43971-d11a-462a-b23b-6f93face8be5: failed while opening the NWB file (ConstructError: (root/acquisition/_iblmic_audioSpectrogram/bands GroupBuilder {'attributes': {'colnames': array(['freq'], dtype=object), 'description': 'spectogram frequencies', 'namespace': 'core', 'neurodata_type': 'FrequencyBandsTable', 'object_id': 'eda352ad-32e0-4525-a921-265a12b1ca89'}, 'groups': {}, 'datasets': {'freq': root/acquisition/_iblmic_audioSpectrogram/bands/freq DatasetBuilder {'attributes': {'description': 'frequency value', 'namespace': 'hdmf-common', 'neurodata_type': 'VectorData', 'object_id': '9d3dcb3f-0ff9-4778-ba92-e0d011a05b4c'}, 'data': <HDF5 dataset "freq": shape (257,), type "<f4">}, 'id': root/acquisition/_iblmic_audioSpectrogram/bands/id DatasetBuilder {'attributes': {'namespace': 'hdmf-common', 'neurodata_type': 'ElementIdentifiers', 'object_id': '1d369f92-dad1-4748-a9c6-587b4ebee13a'}, 'data': <HDF5 dataset "id": shape (257,), type "<i4">}}, 'links': {}}, "Could not construct FrequencyBandsTable object due to: column must have the same number of rows as 'id'"))
2026-10-01T22:22:57Z WARNING 23c46fea-619e-49f9-9671-068cb4efeef3: failed while retrieving asset information from the DANDI API (NotFoundError: No asset at path 'sub-ZS059/sub-ZS059_ses-behavior-ZS059-2021-04-25-16-22-31.nwb' in version 0.260928.2230. Verify the path is correct and the asset exists in this version. Use 'dandi ls' to list available assets.)
2026-10-01T22:23:08Z INFO [308/500] 23c4c5ac-34c1-4b59-a7bd-49ae0df7c18c: valid; 11.7 s; peak memory 3013 MiB.
2026-10-01T22:23:09Z INFO [309/500] 23c5328d-e959-433c-9cb7-c4e798011965: valid; 1.1 s; peak memory 3015 MiB.
2026-10-01T22:23:14Z INFO [310/500] 23c54c44-3d95-4d38-ad69-b9200db83f94: valid; 4.2 s; peak memory 3023 MiB.
2026-10-01T22:23:18Z INFO [311/500] 23c6110a-542c-43f8-a5d9-ba84846c76b7: valid; 4.6 s; peak memory 3089 MiB.
2026-10-01T22:23:22Z INFO [312/500] 23c68f1f-813c-4962-bf13-2f3a08454c80: valid; 3.7 s; peak memory 3092 MiB.
2026-10-01T22:23:24Z INFO [313/500] 23c83371-1469-4483-890a-e6366958b326: valid; 2.1 s; peak memory 3096 MiB.
2026-10-01T22:23:39Z INFO [314/500] 23c91679-a461-495c-b677-9f832e328492: valid; 14.8 s; peak memory 3169 MiB.
2026-10-01T22:23:45Z INFO [315/500] 23c99fe1-098d-49a4-841a-61933d0bf3ec: valid; 6.5 s; peak memory 3258 MiB.
2026-10-01T22:23:46Z INFO [316/500] 23c9f909-97b8-4394-9bdd-d2246430fe90: valid; 1.3 s; peak memory 3261 MiB.
2026-10-01T22:23:48Z INFO [317/500] 23ca21a7-12a4-47e1-bc48-5738e0e8fa6a: valid; 1.4 s; peak memory 3263 MiB.
2026-10-01T22:23:50Z INFO [318/500] 23cb696d-0a0d-47b1-846b-0b28c029fc74: valid; 2.3 s; peak memory 3269 MiB.
2026-10-01T22:23:52Z INFO [319/500] 23cb7f54-57d0-4d7a-b174-800061fffe1e: valid; 1.9 s; peak memory 3272 MiB.
2026-10-01T22:23:54Z INFO [320/500] 23cb83d5-39f6-4a31-b40f-353c07e0bab0: valid; 1.9 s; peak memory 3276 MiB.
2026-10-01T22:23:55Z INFO [321/500] 23cb9013-f04b-493b-90ec-d346fe9341e8: valid; 1.2 s; peak memory 3280 MiB.
2026-10-01T22:23:58Z INFO [322/500] 23cbace7-4d51-4eb4-8acc-ab882c0d1ec6: valid; 2.3 s; peak memory 3282 MiB.
2026-10-01T22:23:59Z INFO [323/500] 23cbcb10-5e56-40c4-a571-058e714bf183: valid; 1.6 s; peak memory 3282 MiB.
2026-10-01T22:24:00Z INFO [324/500] 23cbdff3-e3fe-4576-92e4-ef84af6861d4: valid; 1.2 s; peak memory 3282 MiB.
2026-10-01T22:24:01Z INFO [325/500] 23cc128e-286f-4a30-9d96-c1cf83b19f25: valid; 1.0 s; peak memory 3282 MiB.
2026-10-01T22:24:04Z INFO [326/500] 23ccf3a0-fb01-43ea-bf78-c3ef76e45f4e: not valid; 2.9 s; peak memory 3282 MiB.
2026-10-01T22:24:05Z INFO [327/500] 23cd6f44-8a68-46c4-b26a-4b05f29cfff4: valid; 0.9 s; peak memory 3282 MiB.
2026-10-01T22:24:06Z INFO [328/500] 23cd7989-4dd3-4ac4-a784-6672f85c231f: valid; 1.2 s; peak memory 3282 MiB.
2026-10-01T22:24:13Z INFO [329/500] 23cde396-7a65-4747-8235-d2234f651a10: valid; 6.1 s; peak memory 3282 MiB.
2026-10-01T22:24:42Z INFO [330/500] 23ce8bed-fdd7-483b-a834-c4ca83369bab: valid; 29.2 s; peak memory 3282 MiB.
2026-10-01T22:24:43Z INFO [331/500] 23cf33fb-1360-43cd-9e7f-a85d666ba156: valid; 1.5 s; peak memory 3282 MiB.
2026-10-01T22:24:45Z INFO [332/500] 23d0a32a-68e6-488a-968d-0b49ea0ffc46: valid; 2.3 s; peak memory 3282 MiB.
2026-10-01T22:24:47Z INFO [333/500] 23d0d724-7fb0-4ff3-9cfa-cf39cee3b587: valid; 1.1 s; peak memory 3282 MiB.
2026-10-01T22:25:06Z INFO [334/500] 23d207e3-cfe7-4232-ad0e-bd460b8d612d: not valid; 19.1 s; peak memory 3366 MiB.
2026-10-01T22:25:09Z INFO [335/500] 23d210dd-3835-4b9b-954b-22a723c7639e: valid; 3.4 s; peak memory 3366 MiB.
2026-10-01T22:25:18Z INFO [336/500] 23d22c77-8626-46fe-b5e4-3bc529f28b77: valid; 8.7 s; peak memory 3401 MiB.
2026-10-01T22:25:19Z INFO [337/500] 23d23df3-27ba-4169-9fcb-09f4bdc9bfe4: not valid; 1.4 s; peak memory 3402 MiB.
2026-10-01T22:25:21Z INFO [338/500] 23d257e2-efc1-4dba-8213-45655a053050: valid; 1.2 s; peak memory 3403 MiB.
2026-10-01T22:25:22Z INFO [339/500] 23d26fec-5ecb-4b21-b92e-a1cce864e80b: valid; 1.3 s; peak memory 3404 MiB.
2026-10-01T22:25:24Z INFO [340/500] 23d3105a-f1b3-4e75-813d-35a757c7ef01: valid; 2.1 s; peak memory 3405 MiB.
2026-10-01T22:25:26Z INFO [341/500] 23d310cf-0ae1-4e62-82ca-03f9e2e6eefb: valid; 2.6 s; peak memory 3405 MiB.
2026-10-01T22:25:28Z INFO [342/500] 23d35a5b-d475-4bdd-b9b9-d7a2a750d22c: valid; 1.2 s; peak memory 3405 MiB.
2026-10-01T22:25:32Z INFO [343/500] 23d40160-fb92-4599-866f-876417214882: valid; 3.8 s; peak memory 3405 MiB.
2026-10-01T22:25:33Z INFO [344/500] 23d45ad9-4941-4d8a-8e90-b93b0ec0a8e7: valid; 1.2 s; peak memory 3405 MiB.
2026-10-01T22:25:35Z INFO [345/500] 23d4bf61-7834-4e59-bb60-23a415d1b64c: valid; 2.0 s; peak memory 3405 MiB.
2026-10-01T22:25:36Z INFO [346/500] 23d6ea35-3936-4595-bbc9-464412f07a0d: valid; 1.6 s; peak memory 3405 MiB.
2026-10-01T22:25:38Z INFO [347/500] 23d7004b-1e2a-47d6-bf6a-9fbde4295467: not valid; 1.5 s; peak memory 3405 MiB.
2026-10-01T22:25:39Z INFO [348/500] 23d7077a-c177-4bf0-8882-0d3d446733d8: not valid; 1.4 s; peak memory 3405 MiB.
2026-10-01T22:25:42Z INFO [349/500] 23d7327d-fe6c-4ed2-b852-5ab3d8fc3632: valid; 2.5 s; peak memory 3405 MiB.
2026-10-01T22:25:43Z INFO [350/500] 23d7406d-e698-4e07-9028-6dabf34445e9: valid; 1.5 s; peak memory 3405 MiB.
2026-10-01T22:25:44Z INFO [350/500] 23d7406d-e698-4e07-9028-6dabf34445e9: checkpointed 88360 records.
2026-10-01T22:25:46Z INFO [351/500] 23d7745d-6331-4647-aac1-3aa6b73e9553: valid; 1.8 s; peak memory 3405 MiB.
2026-10-01T22:25:47Z INFO [352/500] 23d811c5-456f-4085-b23e-7d63361f9acb: not valid; 1.4 s; peak memory 3405 MiB.
2026-10-01T22:25:48Z INFO [353/500] 23d8329a-89eb-43a3-88ab-50a72536fbb8: valid; 1.0 s; peak memory 3405 MiB.
2026-10-01T22:25:51Z INFO [354/500] 23d87368-24ba-42d7-9587-ac6757d0abc8: valid; 2.4 s; peak memory 3405 MiB.
2026-10-01T22:25:57Z INFO [355/500] 23d8d2a9-ba6f-42f4-83c3-f6b253ec8d84: valid; 6.2 s; peak memory 3405 MiB.
2026-10-01T22:26:03Z INFO [356/500] 23d93ba2-6f86-44c5-af6a-9c2f34a511a2: valid; 6.1 s; peak memory 3408 MiB.
2026-10-01T22:26:05Z INFO [357/500] 23d9cc8d-34ae-4c41-b477-182a3e036a3c: valid; 2.1 s; peak memory 3410 MiB.
2026-10-01T22:26:07Z INFO [358/500] 23d9d7f0-19ec-46d7-b2ea-fc6409661fdb: valid; 2.2 s; peak memory 3410 MiB.
2026-10-01T22:26:09Z INFO [359/500] 23dafa15-d33e-4d24-877e-3394374fff01: not valid; 1.4 s; peak memory 3410 MiB.
2026-10-01T22:26:10Z INFO [360/500] 23dbe367-11eb-47c8-8331-358ef589b0ec: valid; 1.8 s; peak memory 3410 MiB.
2026-10-01T22:26:12Z INFO [361/500] 23dd8945-6424-4ab6-a8b3-d0d9ff238f0a: valid; 1.2 s; peak memory 3410 MiB.
2026-10-01T22:26:13Z INFO [362/500] 23ddb3bd-2f84-4b52-a31c-40343a7a17a1: valid; 1.5 s; peak memory 3410 MiB.
2026-10-01T22:26:15Z INFO [363/500] 23ddf1e3-eeac-463e-965a-93bbbb943780: valid; 1.8 s; peak memory 3410 MiB.
2026-10-01T22:26:17Z INFO [364/500] 23de72d4-5cc1-4290-b467-4ba54a7fb4ec: valid; 2.3 s; peak memory 3410 MiB.
2026-10-01T22:26:19Z WARNING 23df0ba5-18ee-4cf7-99cf-7e78888358c6: failed while opening the NWB file (ConstructError: (root/acquisition/_iblmic_audioSpectrogram/bands GroupBuilder {'attributes': {'colnames': array(['freq'], dtype=object), 'description': 'spectogram frequencies', 'namespace': 'core', 'neurodata_type': 'FrequencyBandsTable', 'object_id': 'e1239212-6e95-4ca3-92cc-cf31e3c42005'}, 'groups': {}, 'datasets': {'freq': root/acquisition/_iblmic_audioSpectrogram/bands/freq DatasetBuilder {'attributes': {'description': 'frequency value', 'namespace': 'hdmf-common', 'neurodata_type': 'VectorData', 'object_id': 'ee0bbb0f-248d-4514-b185-80252c5b9e0a'}, 'data': <HDF5 dataset "freq": shape (257,), type "<f4">}, 'id': root/acquisition/_iblmic_audioSpectrogram/bands/id DatasetBuilder {'attributes': {'namespace': 'hdmf-common', 'neurodata_type': 'ElementIdentifiers', 'object_id': '5df72f1a-12bf-40f3-9514-7e66d90c5bfb'}, 'data': <HDF5 dataset "id": shape (257,), type "<i4">}}, 'links': {}}, "Could not construct FrequencyBandsTable object due to: column must have the same number of rows as 'id'"))
2026-10-01T22:26:21Z INFO [366/500] 23df1009-876a-4c52-80f6-00348a8adadb: valid; 1.7 s; peak memory 3410 MiB.
2026-10-01T22:26:22Z INFO [367/500] 23df1e6f-6872-4cbf-b78e-6bb2c546dbb1: valid; 0.9 s; peak memory 3410 MiB.
2026-10-01T22:26:23Z INFO [368/500] 23df999f-0a74-4a48-8df1-4feba406bcb0: valid; 1.7 s; peak memory 3410 MiB.
2026-10-01T22:26:23Z WARNING 23dfbf4a-6ad5-446d-8a71-ca069adccef5: failed while retrieving asset information from the DANDI API (NotFoundError: No such Dandiset: 001269)
2026-10-01T22:26:25Z INFO [370/500] 23e0895f-cbcd-4b84-b752-36ef6ca29118: not valid; 1.4 s; peak memory 3410 MiB.
2026-10-01T22:26:26Z INFO [371/500] 23e0b0ae-e096-476d-987c-c8012733fec5: valid; 1.2 s; peak memory 3410 MiB.
2026-10-01T22:26:30Z INFO [372/500] 23e124f2-5a87-4328-bb8f-a38a8fe0e51c: valid; 3.7 s; peak memory 3410 MiB.
2026-10-01T22:26:35Z INFO [373/500] 23e12bf5-ef15-4d7f-b812-53abf25386e9: not valid; 4.7 s; peak memory 3410 MiB.
2026-10-01T22:26:36Z INFO [374/500] 23e15c24-0315-4535-aeeb-7d25f77ecfd2: valid; 1.2 s; peak memory 3410 MiB.
2026-10-01T22:26:38Z INFO [375/500] 23e1c417-0428-4031-a2d1-6b747377d2d0: valid; 2.1 s; peak memory 3410 MiB.
2026-10-01T22:26:40Z INFO [376/500] 23e2ac00-54e2-4830-9bde-3364243ea9f0: valid; 1.8 s; peak memory 3410 MiB.
2026-10-01T22:26:42Z INFO [377/500] 23e2ed67-429d-4f40-b6da-eb4469ed7e2d: valid; 2.3 s; peak memory 3410 MiB.
2026-10-01T22:26:46Z INFO [378/500] 23e358b2-38cf-440a-8148-e8f8c29d0ef8: valid; 4.5 s; peak memory 3413 MiB.
2026-10-01T22:26:48Z INFO [379/500] 23e36879-0b90-4a8a-9b09-02f9abc996ee: valid; 1.3 s; peak memory 3414 MiB.
2026-10-01T22:26:49Z INFO [380/500] 23e39f22-a331-4a1a-a043-4096ed9234c5: not valid; 1.5 s; peak memory 3415 MiB.
2026-10-01T22:26:51Z WARNING 23e3b0ae-0019-4bf9-9090-ddda6e28e57c: failed while opening the NWB file (ConstructError: (root/acquisition/_iblmic_audioSpectrogram/bands GroupBuilder {'attributes': {'colnames': array(['freq'], dtype=object), 'description': 'spectogram frequencies', 'namespace': 'core', 'neurodata_type': 'FrequencyBandsTable', 'object_id': 'bc7c0f0a-c0ff-49e9-87ba-ff5cf50bd356'}, 'groups': {}, 'datasets': {'freq': root/acquisition/_iblmic_audioSpectrogram/bands/freq DatasetBuilder {'attributes': {'description': 'frequency value', 'namespace': 'hdmf-common', 'neurodata_type': 'VectorData', 'object_id': 'a360af4f-610e-45a0-b0bd-946894ef69d0'}, 'data': <HDF5 dataset "freq": shape (257,), type "<f4">}, 'id': root/acquisition/_iblmic_audioSpectrogram/bands/id DatasetBuilder {'attributes': {'namespace': 'hdmf-common', 'neurodata_type': 'ElementIdentifiers', 'object_id': '2762673d-89fb-46b2-8f4a-a12150276e6e'}, 'data': <HDF5 dataset "id": shape (257,), type "<i4">}}, 'links': {}}, "Could not construct FrequencyBandsTable object due to: column must have the same number of rows as 'id'"))
2026-10-01T22:26:55Z INFO [382/500] 23e3fca3-4522-4b4d-966e-5bbbe56a8f2f: valid; 3.8 s; peak memory 3420 MiB.
2026-10-01T22:26:57Z INFO [383/500] 23e49074-f442-435e-8962-e6de2e4eeb8d: valid; 2.5 s; peak memory 3422 MiB.
2026-10-01T22:27:07Z INFO [384/500] 23e4ea66-fe2f-4c08-8a48-b4acf30e23ab: valid; 10.2 s; peak memory 3484 MiB.
2026-10-01T22:27:09Z INFO [385/500] 23e4f25e-e573-41e5-8f21-d54d3637cd12: not valid; 1.3 s; peak memory 3486 MiB.
2026-10-01T22:27:10Z INFO [386/500] 23e570e9-90ae-41ab-8529-31ce1a423fb7: valid; 1.2 s; peak memory 3489 MiB.
2026-10-01T22:27:15Z INFO [387/500] 23e5c530-3a8e-4fb2-8a9c-99ba1086815e: valid; 4.6 s; peak memory 3499 MiB.
2026-10-01T22:27:20Z INFO [388/500] 23e82a56-495d-40b5-901c-925cf843d714: valid; 5.7 s; peak memory 3572 MiB.
2026-10-01T22:27:22Z INFO [389/500] 23e85944-e03f-47a0-9330-f742f6378df6: valid; 2.2 s; peak memory 3572 MiB.
2026-10-01T22:27:24Z INFO [390/500] 23e86267-477a-4ef1-b43d-fb62268f7f00: valid; 1.4 s; peak memory 3572 MiB.
2026-10-01T22:27:25Z INFO [391/500] 23e8a1fa-ab06-4f2c-9df4-dc45bbae1058: valid; 1.6 s; peak memory 3572 MiB.
2026-10-01T22:28:02Z INFO [392/500] 23e9b765-6198-4d78-8474-f69134fb374c: not valid; 36.3 s; peak memory 3706 MiB.
2026-10-01T22:28:03Z INFO [393/500] 23e9ec56-f34b-4524-93cc-34cc2d13ed40: valid; 0.9 s; peak memory 3708 MiB.
2026-10-01T22:28:04Z INFO [394/500] 23ea0309-25ac-4a82-b6c6-46f83e61d226: valid; 1.8 s; peak memory 3711 MiB.
2026-10-01T22:28:06Z INFO [395/500] 23eb6025-90d3-4e61-bb9f-a36e51a84477: valid; 1.8 s; peak memory 3720 MiB.
2026-10-01T22:28:08Z INFO [396/500] 23ebf0a3-8be6-447b-a21c-c4adcafaaff0: valid; 1.6 s; peak memory 3726 MiB.
2026-10-01T22:28:09Z INFO [397/500] 23ebfd4c-64d1-4c1d-b313-f4429a3739a4: valid; 1.2 s; peak memory 3727 MiB.
2026-10-01T22:28:10Z INFO [398/500] 23ec7377-db67-45be-ac21-68ea5172060a: valid; 1.1 s; peak memory 3729 MiB.
2026-10-01T22:28:11Z INFO [399/500] 23ed2118-3694-4674-aa9e-3c4b32ca8ea7: not valid; 1.3 s; peak memory 3731 MiB.
2026-10-01T22:28:13Z INFO [400/500] 23ed343e-e5b3-454b-af86-f3af6d63a6f1: not valid; 1.7 s; peak memory 3732 MiB.
2026-10-01T22:28:14Z INFO [400/500] 23ed343e-e5b3-454b-af86-f3af6d63a6f1: checkpointed 88410 records.
2026-10-01T22:28:16Z INFO [401/500] 23ee87ed-9b19-4ba9-a7eb-14abee4f3b68: not valid; 2.5 s; peak memory 3738 MiB.
2026-10-01T22:28:27Z INFO [402/500] 23ee8ab0-0fcf-491d-bcdf-029946701d1f: valid; 11.2 s; peak memory 3814 MiB.
2026-10-01T22:28:29Z WARNING 23ef115b-e687-4e99-bd1b-3a06e12b6ba7: failed while opening the NWB file (ConstructError: (root/acquisition/event_code_meanings GroupBuilder {'attributes': {'colnames': array(['value', 'meaning'], dtype=object), 'description': 'Mapping integer event codes to event labels', 'namespace': 'ndx-events', 'neurodata_type': 'MeaningsTable', 'object_id': '08434693-98b0-4032-ba31-6ab622bb26a8'}, 'groups': {}, 'datasets': {'id': root/acquisition/event_code_meanings/id DatasetBuilder {'attributes': {'namespace': 'hdmf-common', 'neurodata_type': 'ElementIdentifiers', 'object_id': 'd6f91b2d-95bc-4548-8a54-157c54595876'}, 'data': <HDF5 dataset "id": shape (26,), type "<i8">}, 'meaning': root/acquisition/event_code_meanings/meaning DatasetBuilder {'attributes': {'description': 'The meaning of the value in the parent CategoricalVectorData object.', 'namespace': 'hdmf-experimental', 'neurodata_type': 'VectorData', 'object_id': '4feb56a0-a5f1-4dcc-8db6-9a675e5786e9'}, 'data': <StrDataset for HDF5 dataset "meaning": shape (26,), type "|O">}, 'value': root/acquisition/event_code_meanings/value DatasetBuilder {'attributes': {'description': 'The value of the parent CategoricalVectorData object.', 'namespace': 'hdmf-experimental', 'neurodata_type': 'VectorData', 'object_id': '30d5c7a6-7e94-4ef1-bd15-c2a5616c6fe4'}, 'data': <HDF5 dataset "value": shape (26,), type "<i8">}}, 'links': {}}, "Could not construct MeaningsTable object due to: MeaningsTable.__init__: missing argument 'target'"))
2026-10-01T22:28:31Z INFO [404/500] 23ef38fa-c13f-475d-91b0-2233f09ba87e: valid; 2.2 s; peak memory 3822 MiB.
2026-10-01T22:28:33Z WARNING 23ef832c-8ea9-4d7b-a4b9-1a268c84a114: failed while opening the NWB file (ConstructError: (root/acquisition/event_code_meanings GroupBuilder {'attributes': {'colnames': array(['value', 'meaning'], dtype=object), 'description': 'Mapping integer event codes to event labels', 'namespace': 'ndx-events', 'neurodata_type': 'MeaningsTable', 'object_id': '1c251143-6a56-4c5f-b9f4-73953942d794'}, 'groups': {}, 'datasets': {'id': root/acquisition/event_code_meanings/id DatasetBuilder {'attributes': {'namespace': 'hdmf-common', 'neurodata_type': 'ElementIdentifiers', 'object_id': '504ea878-8653-4a3b-9d2e-94a7ab631578'}, 'data': <HDF5 dataset "id": shape (26,), type "<i8">}, 'meaning': root/acquisition/event_code_meanings/meaning DatasetBuilder {'attributes': {'description': 'The meaning of the value in the parent CategoricalVectorData object.', 'namespace': 'hdmf-experimental', 'neurodata_type': 'VectorData', 'object_id': '4f8f1431-3445-405f-a713-d86c73d2803f'}, 'data': <StrDataset for HDF5 dataset "meaning": shape (26,), type "|O">}, 'value': root/acquisition/event_code_meanings/value DatasetBuilder {'attributes': {'description': 'The value of the parent CategoricalVectorData object.', 'namespace': 'hdmf-experimental', 'neurodata_type': 'VectorData', 'object_id': '66e93339-7f46-4bd8-889d-eb7736ec4db6'}, 'data': <HDF5 dataset "value": shape (26,), type "<i8">}}, 'links': {}}, "Could not construct MeaningsTable object due to: MeaningsTable.__init__: missing argument 'target'"))
2026-10-01T22:28:35Z INFO [406/500] 23f12b3d-5f8c-45e4-a7db-a71a38da7672: valid; 2.1 s; peak memory 3822 MiB.
2026-10-01T22:28:39Z INFO [407/500] 23f18e64-f869-498c-81fe-d158c429d190: valid; 3.6 s; peak memory 3822 MiB.
2026-10-01T22:28:41Z INFO [408/500] 23f19353-048c-4db4-aece-ae3baa68853d: valid; 2.3 s; peak memory 3822 MiB.
2026-10-01T22:28:42Z INFO [409/500] 23f27de2-436a-453f-ac45-e4ed8390fce6: valid; 1.2 s; peak memory 3822 MiB.
2026-10-01T22:28:45Z INFO [410/500] 23f28d5c-c0ed-4c77-a689-37af426da62a: not valid; 2.7 s; peak memory 3823 MiB.
2026-10-01T22:29:12Z INFO [411/500] 23f3975a-0d2d-4d5b-9192-468910029db9: not valid; 26.9 s; peak memory 3823 MiB.
2026-10-01T22:29:14Z INFO [412/500] 23f3c05b-42ac-42fa-ab37-f0613ee8cc0a: valid; 2.3 s; peak memory 3823 MiB.
2026-10-01T22:29:27Z INFO [413/500] 23f49f1b-9a39-48c8-8dac-a63f4ccc8ca3: valid; 12.7 s; peak memory 3823 MiB.
2026-10-01T22:29:36Z INFO [414/500] 23f5bd5c-d8c0-4139-9f8b-f76873029172: valid; 9.4 s; peak memory 3831 MiB.
2026-10-01T22:29:38Z INFO [415/500] 23f5ee78-d650-4172-8ae1-cefe1915f35a: valid; 2.3 s; peak memory 3837 MiB.
2026-10-01T22:29:40Z INFO [416/500] 23f7af5c-48ac-45e5-a721-ac6b5b28a75d: not valid; 2.0 s; peak memory 3839 MiB.
2026-10-01T22:29:44Z INFO [417/500] 23f7cfaa-67b2-47a7-bd3d-f23e2e904a1a: valid; 3.4 s; peak memory 3839 MiB.
2026-10-01T22:29:54Z INFO [418/500] 23f86615-4a78-421f-84c9-7f63474905d6: valid; 9.8 s; peak memory 3839 MiB.
2026-10-01T22:29:55Z INFO [419/500] 23f8e483-acf2-43c1-882c-42589371917d: valid; 1.3 s; peak memory 3839 MiB.
2026-10-01T22:29:56Z INFO [420/500] 23f92f80-f6ba-4ade-b7c3-668342ce0273: not valid; 1.3 s; peak memory 3839 MiB.
2026-10-01T22:29:58Z INFO [421/500] 23f96194-280e-4d7b-aa48-8f4b52143b9f: not valid; 1.5 s; peak memory 3839 MiB.
2026-10-01T22:29:59Z INFO [422/500] 23f99121-ed11-4648-878e-4a24725b8772: not valid; 1.3 s; peak memory 3839 MiB.
2026-10-01T22:30:00Z INFO [423/500] 23f9a78a-c285-4b50-9de7-552b18310cd5: valid; 1.1 s; peak memory 3839 MiB.
2026-10-01T22:30:06Z INFO [424/500] 23f9a856-49b3-4c23-924a-74ce1c865232: valid; 5.5 s; peak memory 3839 MiB.
2026-10-01T22:30:07Z INFO [425/500] 23f9c2c8-f6d4-467d-bdf9-6ffa5a23a632: valid; 1.3 s; peak memory 3839 MiB.
2026-10-01T22:30:08Z INFO [426/500] 23fa1317-ad7a-4966-8945-76e93d26cd36: valid; 1.0 s; peak memory 3839 MiB.
2026-10-01T22:30:09Z INFO [427/500] 23fa4479-f86f-4ec5-8d12-17fb8b889697: valid; 1.2 s; peak memory 3839 MiB.
2026-10-01T22:30:10Z INFO [428/500] 23fb032b-524f-4ffb-bed9-de0e4b7374f4: valid; 1.1 s; peak memory 3839 MiB.
2026-10-01T22:30:13Z INFO [429/500] 23fb9180-a735-4922-b374-d54df18cf1bd: valid; 2.2 s; peak memory 3839 MiB.
2026-10-01T22:30:15Z INFO [430/500] 23fbd2db-4dcd-429e-9156-dd99a9cf9b9a: valid; 2.5 s; peak memory 3839 MiB.
2026-10-01T22:30:33Z INFO [431/500] 23fc280a-360b-409b-a03f-e45c9281313b: valid; 17.7 s; peak memory 3839 MiB.
2026-10-01T22:30:37Z INFO [432/500] 23fc37df-7d0c-49db-968c-c5c12b826a2a: valid; 4.0 s; peak memory 3839 MiB.
2026-10-01T22:30:38Z INFO [433/500] 23fc9d05-1c7c-49f2-a8dd-fca9ef7ad857: valid; 0.9 s; peak memory 3839 MiB.
2026-10-01T22:30:39Z INFO [434/500] 23fd5021-fa3a-4b1a-9017-1afaf60575a7: valid; 1.1 s; peak memory 3839 MiB.
2026-10-01T22:30:40Z INFO [435/500] 23ff500b-7974-429f-adbf-8fd262e3aad3: valid; 1.0 s; peak memory 3839 MiB.
2026-10-01T22:30:41Z INFO [436/500] 23ffc191-6d32-4c7b-8019-88afd99ff350: valid; 1.6 s; peak memory 3839 MiB.
2026-10-01T22:30:45Z INFO [437/500] 23ffdb18-87f7-4171-b0d8-1cf9380a77d1: valid; 4.0 s; peak memory 3839 MiB.
2026-10-01T22:30:47Z WARNING 23fffbfe-d4e5-4906-b728-73997c981e11: failed while opening the NWB file (ConstructError: (root/acquisition/_iblmic_audioSpectrogram/bands GroupBuilder {'attributes': {'colnames': array(['freq'], dtype=object), 'description': 'spectogram frequencies', 'namespace': 'core', 'neurodata_type': 'FrequencyBandsTable', 'object_id': '38fc505e-a452-4547-a687-327e4e4a8d1b'}, 'groups': {}, 'datasets': {'freq': root/acquisition/_iblmic_audioSpectrogram/bands/freq DatasetBuilder {'attributes': {'description': 'frequency value', 'namespace': 'hdmf-common', 'neurodata_type': 'VectorData', 'object_id': '8a0cd93f-ae05-408a-bfbc-5b345a8325e1'}, 'data': <HDF5 dataset "freq": shape (257,), type "<f4">}, 'id': root/acquisition/_iblmic_audioSpectrogram/bands/id DatasetBuilder {'attributes': {'namespace': 'hdmf-common', 'neurodata_type': 'ElementIdentifiers', 'object_id': 'b938db2f-2804-4530-828e-157289b3411f'}, 'data': <HDF5 dataset "id": shape (257,), type "<i4">}}, 'links': {}}, "Could not construct FrequencyBandsTable object due to: column must have the same number of rows as 'id'"))
2026-10-01T22:30:49Z INFO [439/500] 24011dc8-4003-4d2a-857c-62fc211e4497: valid; 1.5 s; peak memory 3839 MiB.
2026-10-01T22:30:50Z INFO [440/500] 24011dd5-10ae-425b-b9e4-021d2838f146: valid; 1.1 s; peak memory 3839 MiB.
2026-10-01T22:30:50Z WARNING 2402670c-dd38-41c5-aeb7-6709e40fcce1: failed while retrieving asset information from the DANDI API (NotFoundError: No asset at path 'sub-669489/sub-669489_ses-behavior-669489-2023-07-12-15-26-19.nwb' in version 0.260928.2230. Verify the path is correct and the asset exists in this version. Use 'dandi ls' to list available assets.)
2026-10-01T22:30:51Z INFO [442/500] 2402bcdb-7666-4750-87f2-f2f5bba0c272: valid; 1.3 s; peak memory 3839 MiB.
2026-10-01T22:30:54Z INFO [443/500] 240324ac-86bf-4695-984a-cc9da030193c: valid; 2.6 s; peak memory 3839 MiB.
2026-10-01T22:31:48Z INFO [444/500] 24033974-3a85-41d2-b85f-259231d4f44f: not valid; 54.6 s; peak memory 3977 MiB.
2026-10-01T22:31:51Z INFO [445/500] 24039472-cd53-44c4-b6d6-e3a666ddafba: not valid; 2.4 s; peak memory 3984 MiB.
2026-10-01T22:31:52Z INFO [446/500] 2403c653-35d8-4b08-bc22-67009edc0524: valid; 1.2 s; peak memory 3984 MiB.
2026-10-01T22:31:54Z INFO [447/500] 2403e5c3-9b25-461d-a18c-1ffa2b09aa3b: valid; 1.8 s; peak memory 3992 MiB.
2026-10-01T22:32:01Z INFO [448/500] 24044c74-1861-463b-86a5-4b3bbdde8fad: valid; 7.7 s; peak memory 4197 MiB.
2026-10-01T22:32:02Z INFO [449/500] 2404e9a1-a5dd-4bda-bdc4-30c548a8388c: valid; 1.2 s; peak memory 4197 MiB.
2026-10-01T22:32:12Z INFO [450/500] 2404fdae-fe42-4d0a-80f7-1d5d15e678b2: valid; 9.2 s; peak memory 4237 MiB.
2026-10-01T22:32:12Z INFO [450/500] 2404fdae-fe42-4d0a-80f7-1d5d15e678b2: checkpointed 88460 records.
2026-10-01T22:32:16Z INFO [451/500] 24054b02-bc75-407e-81eb-b1496d5a7187: not valid; 3.2 s; peak memory 4247 MiB.
2026-10-01T22:32:17Z INFO [452/500] 24059d6e-037d-4933-a90a-e291f8b070f5: valid; 1.4 s; peak memory 4251 MiB.
2026-10-01T22:32:18Z INFO [453/500] 2405b6ac-fc25-4e38-b31a-f99a418b24e7: valid; 1.2 s; peak memory 4254 MiB.
2026-10-01T22:32:19Z INFO [454/500] 24063f9b-32bc-4e5e-97b6-92b374c5c29e: valid; 1.3 s; peak memory 4256 MiB.
2026-10-01T22:32:21Z INFO [455/500] 24070e34-d799-46d8-9d6d-6d3d8e3fb4ce: valid; 1.6 s; peak memory 4267 MiB.
2026-10-01T22:32:22Z INFO [456/500] 240860f2-a722-41a2-a033-50f279a38793: not valid; 1.4 s; peak memory 4270 MiB.
2026-10-01T22:32:24Z INFO [457/500] 24088461-55a1-4f6c-a1c7-38abafebc65d: valid; 1.1 s; peak memory 4270 MiB.
2026-10-01T22:32:25Z INFO [458/500] 2408ff6f-acc0-4ab8-a5a6-da611a182f84: valid; 1.9 s; peak memory 4271 MiB.
2026-10-01T22:32:27Z INFO [459/500] 24090291-a449-42e7-82e3-63fd86f09ee0: valid; 1.2 s; peak memory 4272 MiB.
2026-10-01T22:32:28Z INFO [460/500] 2409a0a6-1c04-495a-a784-7724b19e96d7: valid; 1.2 s; peak memory 4274 MiB.
2026-10-01T22:32:30Z INFO [461/500] 240a753d-8727-4749-b2df-02e7d9d2c84b: valid; 1.8 s; peak memory 4279 MiB.
2026-10-01T22:32:31Z INFO [462/500] 240ac7a7-eb8e-458a-a967-d0e6ba7bfbf1: valid; 1.3 s; peak memory 4281 MiB.
2026-10-01T22:32:47Z INFO [463/500] 240b3133-2008-4c6a-9726-11c1212989bc: valid; 15.8 s; peak memory 4302 MiB.
2026-10-01T22:32:49Z INFO [464/500] 240bb0ec-ae0e-40ec-ac09-1526f045402e: valid; 2.6 s; peak memory 4302 MiB.
2026-10-01T22:32:51Z INFO [465/500] 240c231c-af53-4cd6-a825-9f7486feb68b: not valid; 1.3 s; peak memory 4302 MiB.
2026-10-01T22:32:52Z INFO [466/500] 240c5333-73b5-412b-90e4-9f26d3e0c794: valid; 1.1 s; peak memory 4302 MiB.
2026-10-01T22:32:53Z INFO [467/500] 240c54ee-f724-4c8d-a05d-816f1780b8e7: valid; 1.1 s; peak memory 4302 MiB.
2026-10-01T22:32:54Z INFO [468/500] 240c58a5-e40e-463a-94a8-a2b4619bae26: valid; 1.2 s; peak memory 4302 MiB.
2026-10-01T22:32:55Z INFO [469/500] 240c9cd2-d938-4e2a-9179-74644087516f: valid; 1.0 s; peak memory 4302 MiB.
2026-10-01T22:33:08Z INFO [470/500] 240ce9cb-2d8b-45ed-ba35-38e7b848a876: valid; 13.3 s; peak memory 4429 MiB.
2026-10-01T22:33:17Z INFO [471/500] 240cf5ff-2d79-48eb-9201-6bfad00b6a82: valid; 8.8 s; peak memory 4429 MiB.
2026-10-01T22:33:18Z INFO [472/500] 240d8357-7d94-4e3c-954c-f0aa3f23af72: valid; 1.0 s; peak memory 4429 MiB.
2026-10-01T22:33:20Z INFO [473/500] 240e302e-d24a-4c12-aa7d-6da105b5850d: valid; 1.6 s; peak memory 4429 MiB.
2026-10-01T22:33:21Z INFO [474/500] 240e5dc0-86dc-42c2-be75-29cdd79a881d: valid; 0.9 s; peak memory 4429 MiB.
2026-10-01T22:33:22Z INFO [475/500] 240e849b-f0c0-41d6-88c0-b62733f61cf7: not valid; 1.0 s; peak memory 4429 MiB.
2026-10-01T22:33:23Z INFO [476/500] 24114297-07da-454b-b602-088978804e18: valid; 1.3 s; peak memory 4429 MiB.
2026-10-01T22:33:25Z INFO [477/500] 2411607f-0598-40dd-8a7e-9b12cb9e4485: not valid; 2.0 s; peak memory 4429 MiB.
2026-10-01T22:33:27Z WARNING 2411b2a4-7733-4e3e-bcc3-5df999dd3bc7: failed while opening the NWB file (ValueError: Cannot extend float64 to float)
2026-10-01T22:33:35Z INFO [479/500] 2411bb35-0d84-41ae-965c-6f21d370e411: valid; 8.1 s; peak memory 4436 MiB.
2026-10-01T22:33:38Z INFO [480/500] 2411d1d6-621c-42e7-9618-21dcc6bf4e30: valid; 2.2 s; peak memory 4438 MiB.
2026-10-01T22:33:39Z WARNING 2411efbc-b13d-4245-85d9-91a1f4f0982d: failed while opening the NWB file (ConstructError: (root/acquisition/_iblmic_audioSpectrogram/bands GroupBuilder {'attributes': {'colnames': array(['freq'], dtype=object), 'description': 'spectogram frequencies', 'namespace': 'core', 'neurodata_type': 'FrequencyBandsTable', 'object_id': '991baf28-6956-4d6b-aec3-a4d7e4a60dc2'}, 'groups': {}, 'datasets': {'freq': root/acquisition/_iblmic_audioSpectrogram/bands/freq DatasetBuilder {'attributes': {'description': 'frequency value', 'namespace': 'hdmf-common', 'neurodata_type': 'VectorData', 'object_id': 'e6dc50db-4b80-4e9d-a3b7-4e68283a57cd'}, 'data': <HDF5 dataset "freq": shape (257,), type "<f4">}, 'id': root/acquisition/_iblmic_audioSpectrogram/bands/id DatasetBuilder {'attributes': {'namespace': 'hdmf-common', 'neurodata_type': 'ElementIdentifiers', 'object_id': '39e42946-9d40-46b2-b827-ce5ac55b74c4'}, 'data': <HDF5 dataset "id": shape (257,), type "<i4">}}, 'links': {}}, "Could not construct FrequencyBandsTable object due to: column must have the same number of rows as 'id'"))
2026-10-01T22:33:40Z INFO [482/500] 2412122c-d998-44ee-bc8c-18d6ec085f02: valid; 1.1 s; peak memory 4438 MiB.
2026-10-01T22:33:43Z INFO [483/500] 2412a30c-77f2-483a-afc0-91c070337664: valid; 2.4 s; peak memory 4438 MiB.
2026-10-01T22:33:44Z INFO [484/500] 24137c1b-d3c5-417a-a09d-847676d422e2: valid; 1.4 s; peak memory 4438 MiB.
2026-10-01T22:33:45Z INFO [485/500] 24151ebc-d2ca-498f-b5ff-bfcba4b22f16: not valid; 1.4 s; peak memory 4438 MiB.
2026-10-01T22:33:47Z INFO [486/500] 2415a8c3-5e5a-4e72-8a16-e76ffb29d9b0: valid; 1.6 s; peak memory 4438 MiB.
2026-10-01T22:33:48Z INFO [487/500] 2415bb59-71db-47ab-9168-f85add83e9d9: not valid; 1.2 s; peak memory 4438 MiB.
2026-10-01T22:34:16Z INFO [488/500] 2415dc4f-9135-4d11-9962-9535e1a29777: valid; 27.7 s; peak memory 4438 MiB.
2026-10-01T22:34:17Z INFO [489/500] 24163ad8-c15f-4dad-bfe5-ab03958a9760: not valid; 1.4 s; peak memory 4438 MiB.
2026-10-01T22:34:19Z INFO [490/500] 241663cd-eb0d-4423-a315-6317eae1c532: valid; 1.2 s; peak memory 4438 MiB.
2026-10-01T22:34:29Z INFO [491/500] 2416b752-fe88-47bb-86e9-1d2fc4c35beb: valid; 10.3 s; peak memory 4438 MiB.
2026-10-01T22:34:30Z INFO [492/500] 2416f091-7da3-45e5-8d56-b43b3877fa8b: valid; 0.9 s; peak memory 4438 MiB.
2026-10-01T22:34:32Z INFO [493/500] 2416f80e-180a-4b0d-9b6e-cc44308707fc: valid; 2.1 s; peak memory 4438 MiB.
2026-10-01T22:34:34Z INFO [494/500] 2417514a-d60e-4272-af9a-8537244ea456: valid; 2.1 s; peak memory 4438 MiB.
2026-10-01T22:34:34Z WARNING 24182641-dd79-4f70-a94e-b302964ce762: failed while retrieving asset information from the DANDI API (NotFoundError: No such Dandiset: 000948)
2026-10-01T22:34:36Z INFO [496/500] 24194bbc-b71d-419d-a650-9cc966645168: not valid; 1.7 s; peak memory 4438 MiB.
2026-10-01T22:34:37Z INFO [497/500] 241951b3-6082-4d90-b745-983ab90b7926: valid; 1.3 s; peak memory 4438 MiB.
2026-10-01T22:34:39Z INFO [498/500] 2419b0e4-3914-4296-8d9d-deb3a6ad6d75: valid; 1.7 s; peak memory 4438 MiB.
2026-10-01T22:34:41Z INFO [499/500] 2419b748-33b8-4e05-9dc8-2f604d0d963e: valid; 2.1 s; peak memory 4438 MiB.
2026-10-01T22:34:51Z INFO [500/500] 2419f0de-f360-401c-a955-260f127a5a7c: not valid; 10.1 s; peak memory 4438 MiB.
2026-10-01T22:34:51Z INFO [500/500] 2419f0de-f360-401c-a955-260f127a5a7c: checkpointed 88510 records.
2026-10-01T22:34:52Z INFO Wrote 88510 records to /tmp/derivatives/content_id_to_valid_nwb_file.jsonl (478 new, 22 failed) in 29.8 min (peak memory 4438 MiB).
