2026-09-28T22:42:15Z INFO Logging to /tmp/logs/update_2026-09-28T22-42-15Z.log.
2026-09-28T22:42:15Z INFO Update content-id-to-valid-nwb-file (base directory /tmp).
2026-09-28T22:42:18Z INFO Processing 500 items (83510 already recorded).
2026-09-28T22:42:24Z INFO [1/500] 1c7546c6-be7e-402e-89c4-95d59878f3e8: valid; 5.4 s; peak memory 363 MiB.
2026-09-28T22:43:01Z INFO [2/500] 1c7654d1-e032-4cbe-b2c9-ebdc66bef1ec: not valid; 37.3 s; peak memory 431 MiB.
2026-09-28T22:43:04Z INFO [3/500] 1c77244a-b415-423d-b613-be42324703f4: valid; 2.6 s; peak memory 436 MiB.
2026-09-28T22:43:07Z INFO [4/500] 1c777095-3cbd-4c06-b4cf-6630e03b0ac3: valid; 3.5 s; peak memory 440 MiB.
2026-09-28T22:43:09Z INFO [5/500] 1c778529-a169-4a5f-8a58-3b394b51487f: valid; 1.7 s; peak memory 443 MiB.
2026-09-28T22:43:11Z INFO [6/500] 1c778e9d-8c77-4a6d-b202-bcebbbed84af: not valid; 1.7 s; peak memory 445 MiB.
2026-09-28T22:43:12Z INFO [7/500] 1c779793-cbb9-4c60-862d-2f9c0717b861: valid; 1.8 s; peak memory 447 MiB.
2026-09-28T22:43:15Z INFO [8/500] 1c78af2a-e296-4612-8a4a-099900a4adf1: valid; 2.2 s; peak memory 458 MiB.
2026-09-28T22:43:17Z INFO [9/500] 1c795fdc-cd1a-4d5f-a7af-abccbbe800f5: not valid; 2.6 s; peak memory 459 MiB.
2026-09-28T22:43:19Z INFO [10/500] 1c798adf-ae5d-48cc-acc3-5b7a37595e3c: valid; 1.6 s; peak memory 459 MiB.
2026-09-28T22:43:32Z INFO [11/500] 1c7a08f5-921a-43e9-8226-3538168ef128: valid; 12.8 s; peak memory 486 MiB.
2026-09-28T22:43:34Z INFO [12/500] 1c7a2157-3730-439d-a165-72ea4fafea4b: not valid; 2.4 s; peak memory 490 MiB.
2026-09-28T22:43:36Z INFO [13/500] 1c7a85f0-8433-40dd-be38-e825dbd65238: not valid; 2.1 s; peak memory 498 MiB.
2026-09-28T22:43:38Z INFO [14/500] 1c7a9c76-6e9b-4914-affd-84882605e0ee: not valid; 1.7 s; peak memory 498 MiB.
2026-09-28T22:43:41Z INFO [15/500] 1c7aa2e6-9bcd-4e36-bb5d-23362f39cdaa: valid; 3.5 s; peak memory 502 MiB.
2026-09-28T22:43:44Z INFO [16/500] 1c7ae646-dc56-4a49-a6f4-c0a49851ced8: valid; 2.5 s; peak memory 510 MiB.
2026-09-28T22:43:49Z INFO [17/500] 1c7b6f59-cf65-4c66-8fb7-b74e3a183d7a: valid; 5.2 s; peak memory 530 MiB.
2026-09-28T22:43:51Z INFO [18/500] 1c7cd9cf-ae57-49ba-9726-2898bdd594fa: valid; 2.5 s; peak memory 532 MiB.
2026-09-28T22:44:02Z INFO [19/500] 1c7ddbd6-5195-4978-b611-8367ee2e906b: valid; 10.1 s; peak memory 552 MiB.
2026-09-28T22:44:03Z INFO [20/500] 1c7e2dec-1c27-4971-88dc-c7b0f94c2e63: valid; 1.8 s; peak memory 558 MiB.
2026-09-28T22:44:07Z INFO [21/500] 1c7f1173-5558-483d-80d7-366c3fe4d3f6: valid; 3.6 s; peak memory 563 MiB.
2026-09-28T22:44:10Z INFO [22/500] 1c7f2485-ba77-4a4b-a266-57bdd626ac92: valid; 2.8 s; peak memory 574 MiB.
2026-09-28T22:44:13Z INFO [23/500] 1c80b228-46d6-470b-b65f-dbcef52fba7e: valid; 2.9 s; peak memory 597 MiB.
2026-09-28T22:44:14Z INFO [24/500] 1c817e47-f85c-4860-8fc7-1d1af95e20be: valid; 1.2 s; peak memory 597 MiB.
2026-09-28T22:44:29Z INFO [25/500] 1c822183-1979-47c6-9bb4-e005248b872c: not valid; 15.0 s; peak memory 658 MiB.
2026-09-28T22:44:31Z INFO [26/500] 1c82ceea-b6bf-4ea0-87c1-358b66b387a1: not valid; 2.3 s; peak memory 665 MiB.
2026-09-28T22:44:35Z INFO [27/500] 1c82d394-02be-493a-a490-f97825bf10cd: not valid; 4.2 s; peak memory 680 MiB.
2026-09-28T22:44:36Z WARNING 1c84ab4f-3220-4629-a6ba-45b30b09ab59: failed while retrieving asset information from the DANDI API (NotFoundError: No asset at path 'sub-parkinson-simulated-lfp/sub-parkinson-simulated-lfp_ses-5658_ecephys.nwb' in version 0.250327.2220. Verify the path is correct and the asset exists in this version. Use 'dandi ls' to list available assets.)
2026-09-28T22:44:37Z INFO [29/500] 1c85924b-17d4-4606-8836-b355b7ebe12e: valid; 1.9 s; peak memory 683 MiB.
2026-09-28T22:44:40Z INFO [30/500] 1c85a956-1155-47e1-a862-c2cc6a66bc2a: not valid; 2.2 s; peak memory 687 MiB.
2026-09-28T22:44:42Z INFO [31/500] 1c86d1ee-1f52-4fb9-8050-c15b2e35552a: valid; 2.2 s; peak memory 687 MiB.
2026-09-28T22:44:44Z INFO [32/500] 1c86e8e1-dedc-4a69-90d7-dd44bcd658d6: valid; 2.2 s; peak memory 687 MiB.
2026-09-28T22:44:46Z INFO [33/500] 1c881020-464e-438a-a59a-88531133e160: not valid; 2.0 s; peak memory 687 MiB.
2026-09-28T22:44:48Z INFO [34/500] 1c88219b-f312-4002-acbc-a1c2e7b8c5a8: valid; 1.4 s; peak memory 687 MiB.
2026-09-28T22:44:52Z INFO [35/500] 1c899ab7-25c0-4259-b689-92da7f4fee8f: not valid; 4.2 s; peak memory 699 MiB.
2026-09-28T22:45:09Z INFO [36/500] 1c8a0686-b42b-4609-9f03-ddff8fcfd465: valid; 17.4 s; peak memory 755 MiB.
2026-09-28T22:45:12Z INFO [37/500] 1c8a48fd-f8d6-4d29-b63b-8caa35154f30: valid; 2.8 s; peak memory 755 MiB.
2026-09-28T22:45:14Z INFO [38/500] 1c8a5df3-10bf-4a95-b8c4-a8f4ddca20ee: not valid; 2.1 s; peak memory 755 MiB.
2026-09-28T22:45:23Z INFO [39/500] 1c8ac8f6-1ded-451e-9aa5-acb349f236cb: not valid; 9.3 s; peak memory 755 MiB.
2026-09-28T22:45:25Z INFO [40/500] 1c8b1968-06b5-4a3a-a04d-e5f4e4e6566b: not valid; 1.9 s; peak memory 755 MiB.
2026-09-28T22:45:28Z INFO [41/500] 1c8b1bd3-d4ff-4d1b-98ed-1310846d52ef: valid; 2.7 s; peak memory 756 MiB.
2026-09-28T22:45:30Z INFO [42/500] 1c8b7734-fc99-4374-bbbf-d487eca568a6: valid; 1.7 s; peak memory 756 MiB.
2026-09-28T22:45:31Z INFO [43/500] 1c8b9df8-c267-45b5-8f86-dbdf4bb0e64b: not valid; 1.6 s; peak memory 756 MiB.
2026-09-28T22:45:33Z INFO [44/500] 1c8bca2f-a75e-437d-9c7a-2c6d1caf1bc1: valid; 2.0 s; peak memory 756 MiB.
2026-09-28T22:45:36Z INFO [45/500] 1c8bda3a-37d3-408f-886a-2839bb46517e: valid; 2.9 s; peak memory 758 MiB.
2026-09-28T22:45:52Z INFO [46/500] 1c8bdc0f-04e0-4083-8489-89652b649a28: valid; 15.7 s; peak memory 872 MiB.
2026-09-28T22:45:53Z INFO [47/500] 1c8ca8f5-205a-41f8-858b-23cdd47b01a8: valid; 1.5 s; peak memory 872 MiB.
2026-09-28T22:46:02Z INFO [48/500] 1c8cf6f8-6d64-4564-89a1-70e6113e1811: valid; 8.4 s; peak memory 872 MiB.
2026-09-28T22:46:17Z INFO [49/500] 1c8d097c-a12a-4a4d-be67-289fe6087c7f: not valid; 15.2 s; peak memory 885 MiB.
2026-09-28T22:46:18Z INFO [50/500] 1c8d55fb-e2dc-413a-90da-65d14061c135: valid; 1.2 s; peak memory 887 MiB.
2026-09-28T22:46:19Z INFO [50/500] 1c8d55fb-e2dc-413a-90da-65d14061c135: checkpointed 83560 records.
2026-09-28T22:46:20Z INFO [51/500] 1c8d66b9-003f-4f28-8b2d-104a6c584572: not valid; 1.9 s; peak memory 889 MiB.
2026-09-28T22:46:23Z INFO [52/500] 1c8d7216-e44b-4753-9321-352d0f785a27: valid; 3.0 s; peak memory 902 MiB.
2026-09-28T22:46:33Z INFO [53/500] 1c8d9f38-ca3b-4df9-a7bd-39e1eb056d54: valid; 9.1 s; peak memory 953 MiB.
2026-09-28T22:46:48Z INFO [54/500] 1c8dc80c-b192-4c93-88f5-7c7e890e4735: valid; 15.7 s; peak memory 1039 MiB.
2026-09-28T22:46:50Z INFO [55/500] 1c8decc7-b789-4589-acbf-a5f9787ca551: valid; 1.5 s; peak memory 1041 MiB.
2026-09-28T22:46:53Z INFO [56/500] 1c8e13fa-c6b5-40a4-911e-f9952e058b09: valid; 3.5 s; peak memory 1069 MiB.
2026-09-28T22:47:08Z INFO [57/500] 1c8e2899-ade4-400b-aa80-74ec819f10c9: valid; 14.8 s; peak memory 1078 MiB.
2026-09-28T22:47:10Z INFO [58/500] 1c8e6205-bc2d-49e0-9ab3-606ff34e13c3: valid; 2.2 s; peak memory 1083 MiB.
2026-09-28T22:47:19Z INFO [59/500] 1c8e9f1f-15ca-4286-8e20-fca5e1592d32: valid; 9.1 s; peak memory 1098 MiB.
2026-09-28T22:47:21Z INFO [60/500] 1c8f4b2a-db0f-4d03-afce-62a610d8e9ed: valid; 1.2 s; peak memory 1101 MiB.
2026-09-28T22:47:23Z INFO [61/500] 1c8fecb7-bd32-4f54-94c3-cf01aead8561: valid; 2.9 s; peak memory 1106 MiB.
2026-09-28T22:47:25Z INFO [62/500] 1c90e057-75a6-4877-b752-fd3b1d34d802: valid; 1.3 s; peak memory 1106 MiB.
2026-09-28T22:47:28Z INFO [63/500] 1c9106c8-b7a6-4dcb-87e6-3d17b2e999d3: valid; 2.8 s; peak memory 1106 MiB.
2026-09-28T22:47:36Z INFO [64/500] 1c915056-c7ac-4680-812f-5f5b3bd0c5e5: valid; 8.6 s; peak memory 1106 MiB.
2026-09-28T22:47:39Z INFO [65/500] 1c915c32-8fc8-452d-b242-0ecf7a8d55e7: valid; 2.9 s; peak memory 1106 MiB.
2026-09-28T22:47:47Z INFO [66/500] 1c9189d3-4dd6-4f15-a457-efe48839e57b: valid; 7.9 s; peak memory 1106 MiB.
2026-09-28T22:47:49Z INFO [67/500] 1c91cafe-e1b1-4e38-bac5-fb07cae4f1c5: valid; 2.1 s; peak memory 1106 MiB.
2026-09-28T22:47:52Z INFO [68/500] 1c91cce2-3d0b-4c42-a64e-383c7658edd6: valid; 2.6 s; peak memory 1106 MiB.
2026-09-28T22:47:53Z INFO [69/500] 1c929943-e5e4-4da8-bfc5-e717c983fede: valid; 1.1 s; peak memory 1106 MiB.
2026-09-28T22:47:56Z INFO [70/500] 1c92aa4e-33d9-4067-8d60-a41cda8ace23: valid; 2.9 s; peak memory 1106 MiB.
2026-09-28T22:48:15Z INFO [71/500] 1c92c766-4377-4b0e-969b-405c7d07a8dc: valid; 19.7 s; peak memory 1106 MiB.
2026-09-28T22:48:18Z INFO [72/500] 1c92d951-b837-4520-82dd-4d9c427fdec3: valid; 2.3 s; peak memory 1106 MiB.
2026-09-28T22:48:19Z WARNING 1c93a757-772f-4b3a-ba39-13703d47efa1: failed while opening the NWB file (ConstructError: (root/acquisition/event_code_meanings GroupBuilder {'attributes': {'colnames': array(['value', 'meaning'], dtype=object), 'description': 'Mapping integer event codes to event labels', 'namespace': 'ndx-events', 'neurodata_type': 'MeaningsTable', 'object_id': 'e769ed43-65fb-4d15-a612-3fcb9cc1c66b'}, 'groups': {}, 'datasets': {'id': root/acquisition/event_code_meanings/id DatasetBuilder {'attributes': {'namespace': 'hdmf-common', 'neurodata_type': 'ElementIdentifiers', 'object_id': '7de5b156-adfa-49e8-b413-973bcdb5fb12'}, 'data': <HDF5 dataset "id": shape (26,), type "<i8">}, 'meaning': root/acquisition/event_code_meanings/meaning DatasetBuilder {'attributes': {'description': 'The meaning of the value in the parent CategoricalVectorData object.', 'namespace': 'hdmf-experimental', 'neurodata_type': 'VectorData', 'object_id': 'ccdfe55c-fe82-489b-8a62-82be408fb1c4'}, 'data': <StrDataset for HDF5 dataset "meaning": shape (26,), type "|O">}, 'value': root/acquisition/event_code_meanings/value DatasetBuilder {'attributes': {'description': 'The value of the parent CategoricalVectorData object.', 'namespace': 'hdmf-experimental', 'neurodata_type': 'VectorData', 'object_id': '24e50ae1-e811-4da5-a4e6-3a1f17439a31'}, 'data': <HDF5 dataset "value": shape (26,), type "<i8">}}, 'links': {}}, "Could not construct MeaningsTable object due to: MeaningsTable.__init__: missing argument 'target'"))
2026-09-28T22:48:22Z INFO [74/500] 1c93abac-7d74-4e1f-b3e8-0f32bed00cf9: not valid; 2.1 s; peak memory 1106 MiB.
2026-09-28T22:48:42Z INFO [75/500] 1c93c07d-d83d-4abb-9bd6-035525913669: valid; 20.2 s; peak memory 1106 MiB.
2026-09-28T22:48:44Z INFO [76/500] 1c95220d-d6b1-4667-9e64-d5fca2a8efaf: valid; 1.8 s; peak memory 1106 MiB.
2026-09-28T22:48:45Z INFO [77/500] 1c95498a-2ff7-4819-ad79-a4732c146029: not valid; 1.6 s; peak memory 1106 MiB.
2026-09-28T22:48:48Z INFO [78/500] 1c95ca6b-6069-4163-923c-1f7beeb2a965: valid; 2.5 s; peak memory 1106 MiB.
2026-09-28T22:48:52Z INFO [79/500] 1c95fc0b-08c3-411f-8a02-c6de1be5f3de: not valid; 4.0 s; peak memory 1106 MiB.
2026-09-28T22:48:52Z WARNING 1c960973-8789-41a2-98e5-21cb110b1e6b: failed while retrieving asset information from the DANDI API (NotFoundError: No asset at path 'sub-parkinson-simulated-beta/sub-parkinson-simulated-beta_ses-9908_ecephys.nwb' in version 0.250327.2220. Verify the path is correct and the asset exists in this version. Use 'dandi ls' to list available assets.)
2026-09-28T22:49:02Z INFO [81/500] 1c965125-48a7-4fca-8b41-a5d71d2ea5bd: valid; 9.9 s; peak memory 1106 MiB.
2026-09-28T22:49:04Z INFO [82/500] 1c965adc-edb4-4b7c-b4fb-1418b08351bf: valid; 2.7 s; peak memory 1108 MiB.
2026-09-28T22:49:06Z INFO [83/500] 1c986159-d8bc-47ea-a7c1-9cde6cb0cbc0: valid; 2.2 s; peak memory 1108 MiB.
2026-09-28T22:49:10Z INFO [84/500] 1c98c61a-ddf7-4fa7-8302-399e9048f46a: valid; 3.8 s; peak memory 1108 MiB.
2026-09-28T22:49:14Z INFO [85/500] 1c9a2866-8e43-46bf-ad48-5ff7b9663171: valid; 3.3 s; peak memory 1108 MiB.
2026-09-28T22:49:15Z INFO [86/500] 1c9a461a-e3c8-4c0d-b764-6d49a85ca609: valid; 1.4 s; peak memory 1108 MiB.
2026-09-28T22:49:17Z INFO [87/500] 1c9b60ac-63cc-497d-89cd-a40bad664199: valid; 2.2 s; peak memory 1108 MiB.
2026-09-28T22:49:21Z INFO [88/500] 1c9b8121-53b0-4967-8fa7-318ba2d521ad: valid; 4.1 s; peak memory 1108 MiB.
2026-09-28T22:49:23Z WARNING 1c9bca0d-6b4d-4b5e-9094-b7324efe2695: failed while opening the NWB file (ConstructError: (root/acquisition/_iblmic_audioSpectrogram/bands GroupBuilder {'attributes': {'colnames': array(['freq'], dtype=object), 'description': 'spectogram frequencies', 'namespace': 'core', 'neurodata_type': 'FrequencyBandsTable', 'object_id': '1aee8eea-555d-4d48-972c-c6d58627b77e'}, 'groups': {}, 'datasets': {'freq': root/acquisition/_iblmic_audioSpectrogram/bands/freq DatasetBuilder {'attributes': {'description': 'frequency value', 'namespace': 'hdmf-common', 'neurodata_type': 'VectorData', 'object_id': '004f0168-ebdf-445c-8664-5e4ec8773914'}, 'data': <HDF5 dataset "freq": shape (257,), type "<f4">}, 'id': root/acquisition/_iblmic_audioSpectrogram/bands/id DatasetBuilder {'attributes': {'namespace': 'hdmf-common', 'neurodata_type': 'ElementIdentifiers', 'object_id': '74d26639-68e9-4075-9ef8-1ff6aa72dbea'}, 'data': <HDF5 dataset "id": shape (257,), type "<i4">}}, 'links': {}}, "Could not construct FrequencyBandsTable object due to: column must have the same number of rows as 'id'"))
2026-09-28T22:49:25Z INFO [90/500] 1c9c712e-08f7-4d21-8ca8-fa561e34ace6: not valid; 2.1 s; peak memory 1109 MiB.
2026-09-28T22:49:27Z INFO [91/500] 1c9d155a-7bb3-4fe6-9af3-98b292bb2569: valid; 1.7 s; peak memory 1109 MiB.
2026-09-28T22:49:29Z INFO [92/500] 1c9d4228-152a-4825-9490-1c1955215f6f: valid; 2.2 s; peak memory 1109 MiB.
2026-09-28T22:49:31Z INFO [93/500] 1c9d5129-a324-4785-a13c-a2c03e68394d: valid; 1.4 s; peak memory 1109 MiB.
2026-09-28T22:49:49Z INFO [94/500] 1c9f263b-365c-489b-b37c-38a4d3aec202: valid; 18.3 s; peak memory 1197 MiB.
2026-09-28T22:49:50Z INFO [95/500] 1c9f390c-2abb-4986-a648-354d6fa39302: not valid; 1.6 s; peak memory 1197 MiB.
2026-09-28T22:49:52Z INFO [96/500] 1c9f7439-df07-4616-9a4a-155c05f253d4: valid; 1.4 s; peak memory 1197 MiB.
2026-09-28T22:49:54Z INFO [97/500] 1c9f75f0-734d-4c10-a99a-1c4a54a25077: valid; 2.0 s; peak memory 1197 MiB.
2026-09-28T22:49:58Z INFO [98/500] 1ca014f1-4693-4589-bcb6-b6bbd5d63c09: not valid; 4.0 s; peak memory 1197 MiB.
2026-09-28T22:50:00Z INFO [99/500] 1ca0e110-ff72-40e0-8826-d7be617ec64b: valid; 1.9 s; peak memory 1197 MiB.
2026-09-28T22:50:03Z INFO [100/500] 1ca10c6d-1f0f-4bb3-bf8a-0b9cfa73653d: valid; 2.9 s; peak memory 1197 MiB.
2026-09-28T22:50:03Z INFO [100/500] 1ca10c6d-1f0f-4bb3-bf8a-0b9cfa73653d: checkpointed 83610 records.
2026-09-28T22:50:05Z INFO [101/500] 1ca128cb-8dd0-489c-aff0-09ab49636325: valid; 1.6 s; peak memory 1197 MiB.
2026-09-28T22:50:06Z INFO [102/500] 1ca172a5-7de1-407c-93d2-83e3db2290df: valid; 1.4 s; peak memory 1197 MiB.
2026-09-28T22:50:09Z INFO [103/500] 1ca1caa9-443f-4ab6-978e-fc5f6a7e418f: valid; 2.5 s; peak memory 1197 MiB.
2026-09-28T22:50:11Z INFO [104/500] 1ca26be3-4bcc-483b-bff4-448aeb3078a7: not valid; 2.3 s; peak memory 1197 MiB.
2026-09-28T22:50:13Z INFO [105/500] 1ca36ceb-8d1e-4403-8737-fea3aacb3b33: valid; 1.6 s; peak memory 1197 MiB.
2026-09-28T22:50:15Z INFO [106/500] 1ca3da48-84bb-4761-b366-7ec6c5d614b5: valid; 2.0 s; peak memory 1197 MiB.
2026-09-28T22:50:17Z INFO [107/500] 1ca42e04-14c1-41f0-8a9d-3d8e2a0b0caa: valid; 2.8 s; peak memory 1197 MiB.
2026-09-28T22:50:27Z INFO [108/500] 1ca48418-b3fe-4895-9302-f14ba8dfacc2: valid; 10.1 s; peak memory 1198 MiB.
2026-09-28T22:50:30Z INFO [109/500] 1ca4b071-0d5d-4fb5-97ca-27fd6e66a819: valid; 2.7 s; peak memory 1198 MiB.
2026-09-28T22:50:32Z INFO [110/500] 1ca55373-91dc-4f11-989f-e378a67d3f96: valid; 1.7 s; peak memory 1198 MiB.
2026-09-28T22:50:33Z INFO [111/500] 1ca55bf8-0751-404e-921d-5e699b299925: not valid; 1.6 s; peak memory 1198 MiB.
2026-09-28T22:50:35Z INFO [112/500] 1ca6eb7c-f082-4e4d-ae5d-8e74824174e3: valid; 1.6 s; peak memory 1198 MiB.
2026-09-28T22:50:36Z INFO [113/500] 1ca81958-f381-4fa7-a5a9-a439f6f781c7: valid; 1.4 s; peak memory 1198 MiB.
2026-09-28T22:50:41Z INFO [114/500] 1ca85c2b-27f2-4461-99fc-379e43a3a6eb: valid; 4.2 s; peak memory 1198 MiB.
2026-09-28T22:50:44Z INFO [115/500] 1ca8a50d-491f-4f7b-8765-77cc09253199: valid; 3.3 s; peak memory 1199 MiB.
2026-09-28T22:50:46Z INFO [116/500] 1caa7911-5263-49d3-bd32-f7c70d8c62f9: not valid; 1.7 s; peak memory 1199 MiB.
2026-09-28T22:50:48Z INFO [117/500] 1caaf39e-0b3d-41a1-8142-78e8f43b4512: valid; 2.8 s; peak memory 1201 MiB.
2026-09-28T22:50:50Z INFO [118/500] 1cab00b7-7681-4a59-92a4-bf7cbbf2b2cd: valid; 2.1 s; peak memory 1203 MiB.
2026-09-28T22:50:53Z INFO [119/500] 1cab0c3c-8155-4e3d-9f18-a1f151a38c81: valid; 2.9 s; peak memory 1211 MiB.
2026-09-28T22:50:55Z INFO [120/500] 1cab339f-a771-4f01-8d76-676586f5f508: valid; 1.2 s; peak memory 1213 MiB.
2026-09-28T22:50:57Z INFO [121/500] 1cab6de6-f4f7-4f65-8867-23d4784b9af4: valid; 2.3 s; peak memory 1217 MiB.
2026-09-28T22:50:58Z INFO [122/500] 1cab95a6-4c53-4778-9dd9-ef12e2291155: valid; 1.1 s; peak memory 1217 MiB.
2026-09-28T22:51:00Z INFO [123/500] 1cac1314-3230-4046-b04b-3ecd7799ae07: valid; 1.4 s; peak memory 1217 MiB.
2026-09-28T22:51:01Z INFO [124/500] 1cac5a26-7a5d-4e31-80a7-d973d027257f: valid; 1.5 s; peak memory 1218 MiB.
2026-09-28T22:51:04Z INFO [125/500] 1cac94f2-3b1e-441a-9db7-298bc1ba7067: valid; 2.7 s; peak memory 1219 MiB.
2026-09-28T22:51:05Z INFO [126/500] 1cacd6ee-b9ef-4f37-91f3-2ff13b964c04: valid; 1.5 s; peak memory 1219 MiB.
2026-09-28T22:51:07Z INFO [127/500] 1cad6a1e-f724-443b-bc95-0eae4fa93f88: valid; 1.5 s; peak memory 1219 MiB.
2026-09-28T22:51:09Z INFO [128/500] 1cad99fc-be5d-4618-ab68-58dcbafd7e79: valid; 2.0 s; peak memory 1219 MiB.
2026-09-28T22:51:12Z INFO [129/500] 1cadb2aa-3cf4-4516-8efb-862d4af6c733: valid; 3.0 s; peak memory 1219 MiB.
2026-09-28T22:51:14Z INFO [130/500] 1cae27b5-c204-46b8-9039-1cae5be21365: valid; 2.1 s; peak memory 1219 MiB.
2026-09-28T22:51:26Z INFO [131/500] 1caec590-ce08-47fe-8e54-907e3e1a004c: valid; 12.3 s; peak memory 1226 MiB.
2026-09-28T22:51:27Z INFO [132/500] 1caed921-946a-409a-94f1-85787e43b2ee: valid; 1.4 s; peak memory 1228 MiB.
2026-09-28T22:51:29Z INFO [133/500] 1caef009-e96e-470e-ad59-04eb0152267c: valid; 1.9 s; peak memory 1231 MiB.
2026-09-28T22:51:31Z INFO [134/500] 1caf1036-a164-4d1b-bcda-04549be4acff: valid; 1.6 s; peak memory 1233 MiB.
2026-09-28T22:51:32Z INFO [135/500] 1caf368f-7823-42f8-84f7-be2d3edbfc02: valid; 1.4 s; peak memory 1234 MiB.
2026-09-28T22:51:35Z INFO [136/500] 1caf3c2b-fcb2-4a0b-abe1-cab0edadcc13: not valid; 2.6 s; peak memory 1243 MiB.
2026-09-28T22:51:36Z INFO [137/500] 1cafc1aa-bc67-4271-aa81-8b6230c12fed: valid; 1.4 s; peak memory 1246 MiB.
2026-09-28T22:51:38Z INFO [138/500] 1cafc751-c930-4b88-9051-56b867de61c9: valid; 1.8 s; peak memory 1247 MiB.
2026-09-28T22:51:42Z INFO [139/500] 1cafff02-d9a1-4963-8e4a-1fa1dd8a1f73: not valid; 4.3 s; peak memory 1251 MiB.
2026-09-28T22:51:44Z INFO [140/500] 1cb00f2b-9f35-49e0-a6c8-ba410838134c: valid; 1.7 s; peak memory 1251 MiB.
2026-09-28T22:51:47Z INFO [141/500] 1cb02bd2-c645-42fd-b3bb-3a42b7f132e4: valid; 2.9 s; peak memory 1251 MiB.
2026-09-28T22:51:49Z INFO [142/500] 1cb05ae3-8d77-438d-8ec8-3bc9ae507a51: valid; 2.2 s; peak memory 1251 MiB.
2026-09-28T22:51:51Z INFO [143/500] 1cb0863d-de6e-465e-bd75-a56139116ebe: not valid; 1.8 s; peak memory 1251 MiB.
2026-09-28T22:51:53Z INFO [144/500] 1cb0ecd3-c16d-4be0-9dc6-20010f2bfa9d: valid; 1.5 s; peak memory 1251 MiB.
2026-09-28T22:51:55Z INFO [145/500] 1cb117b3-254f-422d-b652-ba805a034598: valid; 2.4 s; peak memory 1251 MiB.
2026-09-28T22:51:57Z INFO [146/500] 1cb15364-89df-4926-9bc8-1f15dca94f78: valid; 1.9 s; peak memory 1251 MiB.
2026-09-28T22:53:15Z INFO [147/500] 1cb16a41-5c09-47fd-9891-7e62d89f94fb: not valid; 77.7 s; peak memory 1456 MiB.
2026-09-28T22:53:30Z INFO [148/500] 1cb2a4b2-4d9f-4059-a1d8-805f4df24f7c: valid; 15.3 s; peak memory 1528 MiB.
2026-09-28T22:53:33Z INFO [149/500] 1cb36206-8064-4bc7-9cad-5496a610a69f: valid; 2.6 s; peak memory 1539 MiB.
2026-09-28T22:53:34Z INFO [150/500] 1cb3964c-d1bb-4a64-8abe-c649cb235754: not valid; 1.6 s; peak memory 1542 MiB.
2026-09-28T22:53:35Z INFO [150/500] 1cb3964c-d1bb-4a64-8abe-c649cb235754: checkpointed 83660 records.
2026-09-28T22:53:37Z INFO [151/500] 1cb53456-e381-4691-9765-d9118118b693: valid; 1.6 s; peak memory 1545 MiB.
2026-09-28T22:53:40Z INFO [152/500] 1cb559c1-6114-4fd5-a994-068197ea5d69: valid; 3.5 s; peak memory 1550 MiB.
2026-09-28T22:53:42Z INFO [153/500] 1cb56b67-8529-4e3b-a650-b8c17837bb0d: not valid; 1.6 s; peak memory 1550 MiB.
2026-09-28T22:53:43Z INFO [154/500] 1cb5a7bf-222f-4d7e-9d2b-4da3a507d04b: not valid; 1.8 s; peak memory 1550 MiB.
2026-09-28T22:53:45Z INFO [155/500] 1cb5c741-134b-42f8-8fb3-fcbbc13b129b: valid; 1.4 s; peak memory 1550 MiB.
2026-09-28T22:53:50Z INFO [156/500] 1cb6622c-fcd5-4a74-8274-2230bbf5dea1: valid; 5.0 s; peak memory 1551 MiB.
2026-09-28T22:53:55Z INFO [157/500] 1cb69bf7-3361-4a9c-9997-80b55f72f36f: valid; 5.6 s; peak memory 1551 MiB.
2026-09-28T22:53:57Z INFO [158/500] 1cb6a6a6-abf9-4749-a9bf-cd61815bef61: valid; 1.9 s; peak memory 1551 MiB.
2026-09-28T22:53:59Z INFO [159/500] 1cb6dac3-dc72-4595-baf4-5a67e37517df: valid; 2.0 s; peak memory 1551 MiB.
2026-09-28T22:54:03Z INFO [160/500] 1cb6eec2-bacb-4fa2-8663-4d6114cd6397: valid; 3.4 s; peak memory 1553 MiB.
2026-09-28T22:54:05Z INFO [161/500] 1cb6f392-1be5-4652-9b55-5e78fea28695: valid; 2.4 s; peak memory 1553 MiB.
2026-09-28T22:54:27Z INFO [162/500] 1cb755ce-79c2-4706-b5a7-29ba039605a6: valid; 22.3 s; peak memory 1558 MiB.
2026-09-28T22:54:29Z INFO [163/500] 1cb7a113-7f1c-4f62-bda9-86f5c0f70e38: valid; 1.7 s; peak memory 1559 MiB.
2026-09-28T22:54:32Z INFO [164/500] 1cb8cc84-61b5-4dac-8db9-95bf359c4260: valid; 2.7 s; peak memory 1582 MiB.
2026-09-28T22:54:45Z INFO [165/500] 1cb9c1f5-dff2-448d-86ff-c817bcd5811a: valid; 12.7 s; peak memory 1595 MiB.
2026-09-28T22:54:47Z INFO [166/500] 1cba0f09-fd17-4c8a-affa-9b63401372f7: valid; 2.1 s; peak memory 1597 MiB.
2026-09-28T22:54:48Z INFO [167/500] 1cba6230-b1bd-4d04-acb4-3fb3f8c0e5e2: not valid; 1.2 s; peak memory 1597 MiB.
2026-09-28T22:54:52Z INFO [168/500] 1cba7b15-8477-4419-973a-8bee54cdddf6: not valid; 4.2 s; peak memory 1600 MiB.
2026-09-28T22:54:54Z INFO [169/500] 1cbb44b0-787d-4594-af22-3ede98636763: valid; 1.5 s; peak memory 1600 MiB.
2026-09-28T22:54:59Z INFO [170/500] 1cbb87bc-3117-4e56-96e0-a3beaa62d5e5: valid; 5.1 s; peak memory 1603 MiB.
2026-09-28T22:55:01Z INFO [171/500] 1cbbbd09-f979-470f-ba22-eaff92f0313a: not valid; 1.8 s; peak memory 1604 MiB.
2026-09-28T22:55:03Z INFO [172/500] 1cbbbf9c-e27f-4c64-b28c-7f4b096d8275: valid; 2.6 s; peak memory 1606 MiB.
2026-09-28T22:55:20Z INFO [173/500] 1cbc2cf8-4cff-459f-9902-387dba045338: valid; 16.6 s; peak memory 1640 MiB.
2026-09-28T22:55:22Z INFO [174/500] 1cbd6735-a4d2-4d20-a8de-1140b468bb04: valid; 2.3 s; peak memory 1641 MiB.
2026-09-28T22:55:28Z INFO [175/500] 1cbe4e1c-aebd-409e-be55-483b7c1b8498: valid; 5.6 s; peak memory 1644 MiB.
2026-09-28T22:55:29Z INFO [176/500] 1cbec104-9e8c-4414-8ad2-36642243a1b9: not valid; 1.9 s; peak memory 1645 MiB.
2026-09-28T22:55:33Z INFO [177/500] 1cbed917-aef2-486b-a864-d6f9d6499ede: valid; 3.9 s; peak memory 1652 MiB.
2026-09-28T22:55:35Z INFO [178/500] 1cbf15f0-9f9a-461e-8899-909cd04405da: not valid; 2.0 s; peak memory 1652 MiB.
2026-09-28T22:55:37Z INFO [179/500] 1cbf8467-ff0a-4350-b1d5-134c1c95483a: not valid; 1.6 s; peak memory 1652 MiB.
2026-09-28T22:55:39Z INFO [180/500] 1cc073e9-a0ce-43d3-8073-428f2f7d5b22: valid; 1.9 s; peak memory 1652 MiB.
2026-09-28T22:55:42Z INFO [181/500] 1cc0d6fe-4fd9-4be3-9ab7-41379b8b02ab: valid; 2.9 s; peak memory 1652 MiB.
2026-09-28T22:55:43Z INFO [182/500] 1cc110f0-ed43-48af-ac27-219e61a7572d: valid; 1.3 s; peak memory 1652 MiB.
2026-09-28T22:55:45Z INFO [183/500] 1cc197ca-7363-4d3d-8c81-38321be9a29a: valid; 1.5 s; peak memory 1652 MiB.
2026-09-28T22:55:58Z INFO [184/500] 1cc21348-f659-48e0-8920-6ced9d5b6a6b: valid; 13.4 s; peak memory 1652 MiB.
2026-09-28T22:56:00Z INFO [185/500] 1cc2a0b3-04a7-4d66-9d75-370f02bdd661: valid; 1.6 s; peak memory 1652 MiB.
2026-09-28T22:56:01Z WARNING 1cc349ee-29b3-4060-9e15-d509a59bab2c: failed while opening the NWB file (ValueError: Cannot resolve included group spec 'electrodes' with data_type_inc 'ElectrodesTable' because a group spec with the same name already exists with data_type_inc 'DynamicTable', and data type 'DynamicTable' is not a child type of data type 'ElectrodesTable'.)
2026-09-28T22:56:07Z INFO [187/500] 1cc375bc-caec-4653-834b-f27aff4093b3: valid; 5.8 s; peak memory 1652 MiB.
2026-09-28T22:56:09Z INFO [188/500] 1cc4042c-8b05-4329-b460-9d5e2d566c85: valid; 1.6 s; peak memory 1652 MiB.
2026-09-28T22:56:11Z INFO [189/500] 1cc49d17-de10-4566-bfa1-872913c1cd5d: valid; 2.4 s; peak memory 1657 MiB.
2026-09-28T22:56:13Z INFO [190/500] 1cc4a783-79f5-4471-bf8c-87e5fa543715: not valid; 1.7 s; peak memory 1660 MiB.
2026-09-28T22:56:14Z INFO [191/500] 1cc4d6bf-58f4-4295-96b0-a459c8a6671a: valid; 1.4 s; peak memory 1663 MiB.
2026-09-28T22:56:17Z INFO [192/500] 1cc552ca-c068-4631-b52a-52ddd53a74e5: valid; 2.5 s; peak memory 1668 MiB.
2026-09-28T22:56:18Z INFO [193/500] 1cc5f54d-d197-4cc1-953e-8ef4c2d50135: valid; 1.6 s; peak memory 1670 MiB.
2026-09-28T22:56:21Z INFO [194/500] 1cc66a61-40c4-4742-9bcf-ff536423d4ca: valid; 2.9 s; peak memory 1674 MiB.
2026-09-28T22:56:37Z INFO [195/500] 1cc6dc33-7914-466f-a6d0-3528c8a82414: valid; 15.8 s; peak memory 1691 MiB.
2026-09-28T22:56:40Z INFO [196/500] 1cc7fa03-1ec3-4eec-bf48-b6edc1c4609d: not valid; 3.3 s; peak memory 1691 MiB.
2026-09-28T22:56:54Z INFO [197/500] 1cc83b83-5680-4b77-9218-6cd797c942b9: valid; 13.5 s; peak memory 1746 MiB.
2026-09-28T22:56:57Z INFO [198/500] 1cc88e56-b871-451f-9c7f-bb15de03e062: valid; 2.9 s; peak memory 1756 MiB.
2026-09-28T22:56:58Z INFO [199/500] 1cc8c784-ffcb-4af8-a3cd-1d70b1d9a833: valid; 1.5 s; peak memory 1758 MiB.
2026-09-28T22:57:00Z INFO [200/500] 1cc99a00-ac43-4863-bb23-7a3588a4f492: valid; 1.9 s; peak memory 1764 MiB.
2026-09-28T22:57:01Z INFO [200/500] 1cc99a00-ac43-4863-bb23-7a3588a4f492: checkpointed 83710 records.
2026-09-28T22:57:04Z INFO [201/500] 1cc9ab6b-d9c6-4e35-9a4e-84a2624d021d: valid; 3.8 s; peak memory 1768 MiB.
2026-09-28T22:57:18Z INFO [202/500] 1cc9c1b0-27e0-4f68-8971-f02abdc7ee12: valid; 13.2 s; peak memory 1773 MiB.
2026-09-28T22:57:20Z INFO [203/500] 1cca0e2a-d827-4bf9-a9b9-cc689f7ddbcd: valid; 2.2 s; peak memory 1782 MiB.
2026-09-28T22:57:22Z INFO [204/500] 1ccc083b-e6d9-4492-9626-be2bc82ae260: not valid; 2.1 s; peak memory 1784 MiB.
2026-09-28T22:57:25Z INFO [205/500] 1ccc4fbc-9319-47f9-8f91-155c8483163c: valid; 2.9 s; peak memory 1789 MiB.
2026-09-28T22:57:27Z INFO [206/500] 1ccc8e31-997a-4aef-9bc9-241b0167d594: not valid; 2.1 s; peak memory 1789 MiB.
2026-09-28T22:57:29Z INFO [207/500] 1cccffce-2ac6-46e0-ba21-06763ac60423: valid; 2.4 s; peak memory 1789 MiB.
2026-09-28T22:57:33Z INFO [208/500] 1ccd3b59-3ab9-4f68-b043-1f02b0613841: valid; 3.1 s; peak memory 1789 MiB.
2026-09-28T22:57:34Z INFO [209/500] 1ccdb4b4-788e-406f-9943-c9a8370b54d5: not valid; 1.5 s; peak memory 1789 MiB.
2026-09-28T22:57:36Z INFO [210/500] 1ccea12e-5bba-4fc9-b43b-e00e368f17d6: valid; 1.5 s; peak memory 1789 MiB.
2026-09-28T22:57:38Z INFO [211/500] 1ccf809a-5774-4f29-be28-938d4aefe9ba: valid; 2.4 s; peak memory 1789 MiB.
2026-09-28T22:57:41Z INFO [212/500] 1cd00c51-eae8-4247-bc32-627aad62bb8a: valid; 3.0 s; peak memory 1789 MiB.
2026-09-28T22:57:43Z INFO [213/500] 1cd175da-b69a-4ebd-a453-583178564df7: valid; 2.5 s; peak memory 1789 MiB.
2026-09-28T22:57:50Z INFO [214/500] 1cd1b2cc-b9ea-40a2-9320-69f1ab73a5e9: valid; 7.1 s; peak memory 1789 MiB.
2026-09-28T22:58:06Z INFO [215/500] 1cd1bfb6-534b-4908-8785-a956a6b6aee7: valid; 15.2 s; peak memory 2030 MiB.
2026-09-28T22:58:11Z INFO [216/500] 1cd1cf84-699c-4691-be42-8dfd3df97486: not valid; 5.0 s; peak memory 2030 MiB.
2026-09-28T22:58:12Z INFO [217/500] 1cd1d2da-cd15-49e1-b58f-fc4f6f6c6259: valid; 1.6 s; peak memory 2030 MiB.
2026-09-28T22:58:15Z INFO [218/500] 1cd21df1-6d35-464c-a663-ba68b49cd6ff: not valid; 2.5 s; peak memory 2030 MiB.
2026-09-28T22:58:17Z INFO [219/500] 1cd2626a-3eea-4fb3-a346-8b80efb2b8f4: valid; 2.6 s; peak memory 2030 MiB.
2026-09-28T22:58:20Z INFO [220/500] 1cd31185-b1e8-4b95-b019-32fb280202b8: valid; 2.6 s; peak memory 2030 MiB.
2026-09-28T22:58:23Z INFO [221/500] 1cd34496-9a25-47b1-8309-ab4c83d612cb: valid; 2.8 s; peak memory 2030 MiB.
2026-09-28T22:58:24Z INFO [222/500] 1cd369d3-dfe0-4ca4-835e-e89e54284eb3: valid; 1.5 s; peak memory 2030 MiB.
2026-09-28T22:58:26Z INFO [223/500] 1cd392d1-3e17-4b84-9e63-a06abbdf2511: valid; 1.4 s; peak memory 2030 MiB.
2026-09-28T22:58:27Z INFO [224/500] 1cd3f1e3-6964-43eb-baf6-bc2789f35647: valid; 1.2 s; peak memory 2030 MiB.
2026-09-28T22:58:43Z INFO [225/500] 1cd40e61-fc02-4376-8120-5716fea11ed2: not valid; 15.9 s; peak memory 2030 MiB.
2026-09-28T22:58:45Z INFO [226/500] 1cd4b2d0-9411-4263-9906-fbd65e0a1c72: valid; 2.0 s; peak memory 2030 MiB.
2026-09-28T22:58:57Z INFO [227/500] 1cd4ea0f-baaa-4541-a764-24b46d339ad9: valid; 12.5 s; peak memory 2030 MiB.
2026-09-28T22:59:01Z INFO [228/500] 1cd5ecef-833e-481a-abbe-e1194bc4b66f: valid; 3.3 s; peak memory 2030 MiB.
2026-09-28T22:59:01Z WARNING 1cd6ffcb-7258-4204-abfb-f6333122ac4d: failed while retrieving asset information from the DANDI API (NotFoundError: No such Dandiset: 001533)
2026-09-28T22:59:06Z INFO [230/500] 1cd70b89-8278-4fbb-a1e0-5916aad0f107: valid; 5.3 s; peak memory 2030 MiB.
2026-09-28T22:59:12Z INFO [231/500] 1cd7bd95-936a-44dc-bf28-68ca4566b211: not valid; 5.5 s; peak memory 2030 MiB.
2026-09-28T22:59:14Z INFO [232/500] 1cd83a2a-0c16-47c7-a52f-8e95222735ea: valid; 2.9 s; peak memory 2030 MiB.
2026-09-28T22:59:17Z INFO [233/500] 1cd8f547-d0d6-4ce8-9aa8-d862ae2c547a: valid; 2.1 s; peak memory 2030 MiB.
2026-09-28T22:59:17Z WARNING 1cd91f7d-5e1a-4d98-a123-51f92be2ffa2: failed while retrieving asset information from the DANDI API (NotFoundError: No asset at path 'sub-ZS062/sub-ZS062_ses-behavior-ZS062-2021-04-09-19-27-26.nwb' in version 0.260928.2230. Verify the path is correct and the asset exists in this version. Use 'dandi ls' to list available assets.)
2026-09-28T22:59:20Z INFO [235/500] 1cd96794-958d-41f3-a758-c5420e8518a9: valid; 3.3 s; peak memory 2030 MiB.
2026-09-28T22:59:24Z INFO [236/500] 1cd97776-dd30-4b54-977a-a70661124c85: valid; 4.1 s; peak memory 2030 MiB.
2026-09-28T22:59:26Z INFO [237/500] 1cda01af-d960-45a7-80f7-8ecbae64a836: valid; 1.5 s; peak memory 2030 MiB.
2026-09-28T22:59:28Z INFO [238/500] 1cda3200-d63e-4810-b979-623cf21fb044: valid; 2.1 s; peak memory 2030 MiB.
2026-09-28T22:59:28Z WARNING 1cdb0180-c5db-49a9-aa95-d3224851d99d: failed while retrieving asset information from the DANDI API (NotFoundError: No asset at path 'sub-M8/sub-M8_ses-TD2Shock_behavior.nwb' in version 0.260902.1724. Verify the path is correct and the asset exists in this version. Use 'dandi ls' to list available assets.)
2026-09-28T22:59:29Z INFO [240/500] 1cdb0629-2a9c-4efc-a904-59abe7f244af: valid; 1.4 s; peak memory 2030 MiB.
2026-09-28T22:59:31Z INFO [241/500] 1cdb2b16-ffdb-49f2-a004-82ba38cc646c: valid; 1.4 s; peak memory 2030 MiB.
2026-09-28T22:59:33Z INFO [242/500] 1cdb7f14-4acb-4748-84d3-139041d1c711: valid; 2.2 s; peak memory 2030 MiB.
2026-09-28T22:59:35Z INFO [243/500] 1cdbe72b-b616-4cdc-81b4-d13f3e96942d: not valid; 1.5 s; peak memory 2030 MiB.
2026-09-28T22:59:36Z INFO [244/500] 1cdc2a90-e164-4e93-99ee-3c4363883774: valid; 1.6 s; peak memory 2030 MiB.
2026-09-28T22:59:38Z WARNING 1cdc59b6-2c7e-41e3-beb4-d206d1ee6d32: failed while opening the NWB file (ConstructError: (root/acquisition/_iblmic_audioSpectrogram/bands GroupBuilder {'attributes': {'colnames': array(['freq'], dtype=object), 'description': 'spectogram frequencies', 'namespace': 'core', 'neurodata_type': 'FrequencyBandsTable', 'object_id': 'aaed025d-cef0-4f09-bbee-de6651d1993a'}, 'groups': {}, 'datasets': {'freq': root/acquisition/_iblmic_audioSpectrogram/bands/freq DatasetBuilder {'attributes': {'description': 'frequency value', 'namespace': 'hdmf-common', 'neurodata_type': 'VectorData', 'object_id': 'e2242baf-244d-4683-89eb-8e94181cb17a'}, 'data': <HDF5 dataset "freq": shape (257,), type "<f4">}, 'id': root/acquisition/_iblmic_audioSpectrogram/bands/id DatasetBuilder {'attributes': {'namespace': 'hdmf-common', 'neurodata_type': 'ElementIdentifiers', 'object_id': '1127d2f2-3d06-4838-9a45-f272dc286b43'}, 'data': <HDF5 dataset "id": shape (257,), type "<i4">}}, 'links': {}}, "Could not construct FrequencyBandsTable object due to: column must have the same number of rows as 'id'"))
2026-09-28T22:59:40Z INFO [246/500] 1cdd1cc5-7922-4cc9-97cf-a9ae89739127: valid; 2.0 s; peak memory 2030 MiB.
2026-09-28T23:00:02Z INFO [247/500] 1cde861e-3ef5-4c3d-8736-1911cc0fb5cb: valid; 21.8 s; peak memory 2086 MiB.
2026-09-28T23:00:04Z INFO [248/500] 1cde943b-31a1-412c-9cdc-05ccfb7bb924: valid; 2.1 s; peak memory 2097 MiB.
2026-09-28T23:00:04Z WARNING 1cdf5d4b-4819-4015-8cdf-46a2cda4339e: failed while retrieving asset information from the DANDI API (NotFoundError: No asset at path 'sub-LG609/sub-LG609_ses-20250914_obj-ewskw8_ophys.nwb' in version 0.260915.2135. Verify the path is correct and the asset exists in this version. Use 'dandi ls' to list available assets.)
2026-09-28T23:00:07Z INFO [250/500] 1cdfe8f7-d589-4fdc-b4fa-5894ab24a9cb: valid; 3.1 s; peak memory 2109 MiB.
2026-09-28T23:00:08Z INFO [250/500] 1cdfe8f7-d589-4fdc-b4fa-5894ab24a9cb: checkpointed 83760 records.
2026-09-28T23:00:22Z INFO [251/500] 1ce090d3-f44c-4a04-9ade-5ff74f7d22fe: valid; 13.5 s; peak memory 2138 MiB.
2026-09-28T23:00:23Z INFO [252/500] 1ce0d7b0-4ed6-4da8-90cd-255c58b71ed0: not valid; 1.6 s; peak memory 2139 MiB.
2026-09-28T23:00:25Z INFO [253/500] 1ce1b8a4-c312-4636-9a03-0b21f9e78c36: valid; 1.6 s; peak memory 2139 MiB.
2026-09-28T23:00:26Z INFO [254/500] 1ce1d923-e107-48dc-9a33-eeb98a55384a: not valid; 1.7 s; peak memory 2140 MiB.
2026-09-28T23:00:28Z INFO [255/500] 1ce1f591-d1ea-4f6e-8b55-1a38cbd3c1d2: valid; 1.5 s; peak memory 2143 MiB.
2026-09-28T23:00:29Z INFO [256/500] 1ce22088-d284-431c-b685-535bf7e3156d: valid; 1.5 s; peak memory 2145 MiB.
2026-09-28T23:00:35Z INFO [257/500] 1ce36fdb-5b2e-4681-b638-e3fb09ad295a: valid; 5.6 s; peak memory 2149 MiB.
2026-09-28T23:00:37Z INFO [258/500] 1ce3fcbf-a154-4537-921b-cfba70caecf9: valid; 2.0 s; peak memory 2149 MiB.
2026-09-28T23:00:39Z INFO [259/500] 1ce43969-adae-415d-9753-de1b132e7502: not valid; 1.7 s; peak memory 2149 MiB.
2026-09-28T23:00:49Z INFO [260/500] 1ce5236a-8b22-4119-9277-3522bd4ba95b: valid; 10.4 s; peak memory 2149 MiB.
2026-09-28T23:00:51Z INFO [261/500] 1ce5dbc5-8371-4598-b27e-f14e55e7a9cf: valid; 2.2 s; peak memory 2149 MiB.
2026-09-28T23:00:54Z INFO [262/500] 1ce623ec-73e6-4bac-bb58-74a8c159b317: valid; 2.7 s; peak memory 2149 MiB.
2026-09-28T23:00:57Z INFO [263/500] 1ce6406c-2350-4499-80b8-1083a620975a: not valid; 2.8 s; peak memory 2149 MiB.
2026-09-28T23:00:57Z WARNING 1ce669c4-2ad3-4b34-8922-0aba956773dc: failed while retrieving asset information from the DANDI API (NotFoundError: No asset at path 'sub-699472/sub-699472_ses-behavior-699472-2023-12-22-10-25-19.nwb' in version 0.260928.2230. Verify the path is correct and the asset exists in this version. Use 'dandi ls' to list available assets.)
2026-09-28T23:00:58Z INFO [265/500] 1ce67c36-4bd2-4a71-bae9-b8872b22977b: valid; 1.3 s; peak memory 2149 MiB.
2026-09-28T23:01:00Z INFO [266/500] 1ce68687-4fd4-4c91-a26d-edb59eb06f03: valid; 2.1 s; peak memory 2149 MiB.
2026-09-28T23:01:01Z WARNING 1ce6a0bb-8a07-4ade-9166-81e8389c81e9: failed while retrieving asset information from the DANDI API (NotFoundError: No asset at path 'sub-749472/sub-749472_ses-behavior-749472-2025-01-09-13-56-02.nwb' in version 0.260928.2230. Verify the path is correct and the asset exists in this version. Use 'dandi ls' to list available assets.)
2026-09-28T23:01:02Z INFO [268/500] 1ce6a651-1342-4ab3-a616-7035ddbd8e92: valid; 1.6 s; peak memory 2149 MiB.
2026-09-28T23:01:05Z INFO [269/500] 1ce6b75a-d15e-4382-8d2e-11fb0684b06a: valid; 3.1 s; peak memory 2149 MiB.
2026-09-28T23:01:06Z INFO [270/500] 1ce6e537-1cae-45bd-b959-219a91853a20: valid; 1.1 s; peak memory 2149 MiB.
2026-09-28T23:01:08Z INFO [271/500] 1ce7065a-fe80-44b4-b31e-c28bd4499a1a: valid; 1.5 s; peak memory 2149 MiB.
2026-09-28T23:01:10Z WARNING 1ce792a5-244c-4541-aa37-14a32739dcde: failed while opening the NWB file (ConstructError: (root/acquisition/_iblmic_audioSpectrogram/bands GroupBuilder {'attributes': {'colnames': array(['freq'], dtype=object), 'description': 'spectogram frequencies', 'namespace': 'core', 'neurodata_type': 'FrequencyBandsTable', 'object_id': 'b2836a98-6d68-40d7-b9ac-08df5bfa4153'}, 'groups': {}, 'datasets': {'freq': root/acquisition/_iblmic_audioSpectrogram/bands/freq DatasetBuilder {'attributes': {'description': 'frequency value', 'namespace': 'hdmf-common', 'neurodata_type': 'VectorData', 'object_id': '4c35f3f8-919e-46ec-9008-741a3affc445'}, 'data': <HDF5 dataset "freq": shape (257,), type "<f4">}, 'id': root/acquisition/_iblmic_audioSpectrogram/bands/id DatasetBuilder {'attributes': {'namespace': 'hdmf-common', 'neurodata_type': 'ElementIdentifiers', 'object_id': 'd4a38a5d-ff8c-4243-b1c7-a712c72b4943'}, 'data': <HDF5 dataset "id": shape (257,), type "<i4">}}, 'links': {}}, "Could not construct FrequencyBandsTable object due to: column must have the same number of rows as 'id'"))
2026-09-28T23:01:12Z INFO [273/500] 1ce81e19-b64e-49db-9cbf-b55893c39fd1: valid; 2.2 s; peak memory 2149 MiB.
2026-09-28T23:01:14Z WARNING 1ce99a54-deef-4484-9834-13896c325a9f: failed while opening the NWB file (ConstructError: (root/acquisition/_iblmic_audioSpectrogram/bands GroupBuilder {'attributes': {'colnames': array(['freq'], dtype=object), 'description': 'spectogram frequencies', 'namespace': 'core', 'neurodata_type': 'FrequencyBandsTable', 'object_id': '8542597b-27cb-4431-b7d7-206a7e8f1b48'}, 'groups': {}, 'datasets': {'freq': root/acquisition/_iblmic_audioSpectrogram/bands/freq DatasetBuilder {'attributes': {'description': 'frequency value', 'namespace': 'hdmf-common', 'neurodata_type': 'VectorData', 'object_id': '1282d9cc-5f54-4648-b088-0b6fce239748'}, 'data': <HDF5 dataset "freq": shape (257,), type "<f4">}, 'id': root/acquisition/_iblmic_audioSpectrogram/bands/id DatasetBuilder {'attributes': {'namespace': 'hdmf-common', 'neurodata_type': 'ElementIdentifiers', 'object_id': '69392eb6-ab57-4394-9144-a47fad1f3c71'}, 'data': <HDF5 dataset "id": shape (257,), type "<i4">}}, 'links': {}}, "Could not construct FrequencyBandsTable object due to: column must have the same number of rows as 'id'"))
2026-09-28T23:01:16Z INFO [275/500] 1cea09c2-a5be-4037-adc3-a93b174480a4: valid; 1.9 s; peak memory 2149 MiB.
2026-09-28T23:01:19Z INFO [276/500] 1cea853e-1e68-4371-ab41-a3eb2a36c836: valid; 3.2 s; peak memory 2149 MiB.
2026-09-28T23:01:22Z INFO [277/500] 1ceb0127-b0b3-4f00-8170-7ae18b20297a: valid; 2.4 s; peak memory 2149 MiB.
2026-09-28T23:01:26Z INFO [278/500] 1ceb0f53-332f-4514-94bd-fc4388713eae: valid; 4.1 s; peak memory 2149 MiB.
2026-09-28T23:01:28Z INFO [279/500] 1ceb2a03-c0e5-4175-815b-661723f85384: not valid; 1.7 s; peak memory 2149 MiB.
2026-09-28T23:01:28Z WARNING 1cec1fc1-09bb-488f-9c36-142691d1267d: failed while retrieving asset information from the DANDI API (NotFoundError: No such Dandiset: 001889)
2026-09-28T23:01:29Z INFO [281/500] 1cec72e8-ebe5-4fb3-9955-5d409e10f210: valid; 1.7 s; peak memory 2149 MiB.
2026-09-28T23:01:32Z INFO [282/500] 1ced0b64-d1f2-4515-9ecb-020fda5582e6: valid; 2.5 s; peak memory 2149 MiB.
2026-09-28T23:01:34Z INFO [283/500] 1ced53c9-df54-4b70-80b2-928a7b9da0d0: not valid; 2.1 s; peak memory 2149 MiB.
2026-09-28T23:01:36Z INFO [284/500] 1cedf8cc-2267-4621-8b68-fc21b8c78b6a: valid; 2.5 s; peak memory 2149 MiB.
2026-09-28T23:01:40Z INFO [285/500] 1cee18f5-66c0-4e6a-9291-03c878979949: valid; 3.3 s; peak memory 2149 MiB.
2026-09-28T23:01:42Z INFO [286/500] 1cee5a63-b18d-4d2c-a884-31ea5bea6ce6: not valid; 2.2 s; peak memory 2149 MiB.
2026-09-28T23:01:45Z INFO [287/500] 1cee6c2d-6427-438d-bfaa-014737f33319: valid; 3.2 s; peak memory 2149 MiB.
2026-09-28T23:01:47Z INFO [288/500] 1cefab24-faaf-4ed3-892d-b518fc40c997: not valid; 1.6 s; peak memory 2149 MiB.
2026-09-28T23:01:49Z INFO [289/500] 1cefc329-fa41-4ae1-acbd-314c916ecd0c: not valid; 1.9 s; peak memory 2149 MiB.
2026-09-28T23:01:51Z WARNING 1cf04adf-4464-43fe-bfe3-2e6dfe1a3d83: failed while opening the NWB file (ConstructError: (root/general/optogenetics/PatternedOptogeneticStimulusSite GroupBuilder {'attributes': {'effector': 'GUR-3/PRDX-2', 'namespace': 'ndx-patterned-ogen', 'neurodata_type': 'PatternedOptogeneticStimulusSite', 'object_id': 'ecbe66b3-faad-4332-a73b-4a0374c10bfa'}, 'groups': {}, 'datasets': {'description': root/general/optogenetics/PatternedOptogeneticStimulusSite/description DatasetBuilder {'attributes': {}, 'data': 'Scanning'}, 'excitation_lambda': root/general/optogenetics/PatternedOptogeneticStimulusSite/excitation_lambda DatasetBuilder {'attributes': {}, 'data': np.float64(850.0)}, 'location': root/general/optogenetics/PatternedOptogeneticStimulusSite/location DatasetBuilder {'attributes': {}, 'data': 'whole brain'}}, 'links': {'device': root/general/optogenetics/PatternedOptogeneticStimulusSite/device LinkBuilder {'builder': root/general/devices/OptogeneticDevice GroupBuilder {'attributes': {'description': '', 'namespace': 'core', 'neurodata_type': 'Device', 'object_id': 'b7bc1fc0-d81d-4ef0-a62d-22dac66e9b86'}, 'groups': {}, 'datasets': {}, 'links': {}}}, 'light_source': root/general/optogenetics/PatternedOptogeneticStimulusSite/light_source LinkBuilder {'builder': root/general/devices/AmplifiedLaser GroupBuilder {'attributes': {'description': 'For two-photon optogenetic targeting, we used an optical parametric amplifier (OPA; Light Conversion ORPHEUS) pumped by a femtosecond amplified laser (Light Conversion PHAROS).', 'filter_description': 'Short pass at 1040 nm', 'manufacturer': 'Light Conversion', 'model': 'ORPHEUS amplifier and PHAROS laser', 'namespace': 'ndx-patterned-ogen', 'neurodata_type': 'LightSource', 'object_id': '00d4bf70-5ff2-45ae-9e46-3fd8793c91d9', 'peak_power_in_W': np.float64(0.0012), 'pulse_rate_in_Hz': np.float64(500000.0), 'stimulation_wavelength_in_nm': np.float64(850.0)}, 'groups': {}, 'datasets': {}, 'links': {}}}}}, "Could not construct PatternedOptogeneticStimulusSite object due to: CustomClassGenerator.set_init.<locals>.__init__: incorrect type for 'spatial_light_modulator' (got 'list', expected 'Device')"))
2026-09-28T23:01:55Z INFO [291/500] 1cf05dbb-8504-45bd-87e1-f40b1c182e51: valid; 3.6 s; peak memory 2149 MiB.
2026-09-28T23:02:13Z INFO [292/500] 1cf0aef2-3324-45ef-9864-58ab912bb899: not valid; 18.1 s; peak memory 2149 MiB.
2026-09-28T23:02:15Z INFO [293/500] 1cf0bd66-7fd3-4c7f-927e-95d7f74ebf12: not valid; 1.7 s; peak memory 2149 MiB.
2026-09-28T23:02:29Z INFO [294/500] 1cf13779-1d1a-480d-9c7e-152a7776dfc1: valid; 14.7 s; peak memory 2251 MiB.
2026-09-28T23:02:31Z WARNING 1cf1cc25-62b5-4f0b-b450-4df598d2a409: failed while opening the NWB file (ConstructError: (root/acquisition/_iblmic_audioSpectrogram/bands GroupBuilder {'attributes': {'colnames': array(['freq'], dtype=object), 'description': 'spectogram frequencies', 'namespace': 'core', 'neurodata_type': 'FrequencyBandsTable', 'object_id': '8f940b9c-d4e5-4ae8-9aec-381db0bd5ca3'}, 'groups': {}, 'datasets': {'freq': root/acquisition/_iblmic_audioSpectrogram/bands/freq DatasetBuilder {'attributes': {'description': 'frequency value', 'namespace': 'hdmf-common', 'neurodata_type': 'VectorData', 'object_id': '4664ee56-2921-47d0-8c67-fef160561677'}, 'data': <HDF5 dataset "freq": shape (257,), type "<f4">}, 'id': root/acquisition/_iblmic_audioSpectrogram/bands/id DatasetBuilder {'attributes': {'namespace': 'hdmf-common', 'neurodata_type': 'ElementIdentifiers', 'object_id': 'd27e72d0-a763-4e65-919f-c12a7ed13b24'}, 'data': <HDF5 dataset "id": shape (257,), type "<i4">}}, 'links': {}}, "Could not construct FrequencyBandsTable object due to: column must have the same number of rows as 'id'"))
2026-09-28T23:02:33Z INFO [296/500] 1cf1de9a-b381-4d9a-ba78-3eba3b508e41: not valid; 2.0 s; peak memory 2251 MiB.
2026-09-28T23:02:36Z INFO [297/500] 1cf56b24-4638-4d76-a68e-59993f181cc0: valid; 2.3 s; peak memory 2251 MiB.
2026-09-28T23:02:37Z INFO [298/500] 1cf5d4c7-de05-409f-a606-5c2ed04ae804: valid; 1.5 s; peak memory 2252 MiB.
2026-09-28T23:02:39Z WARNING 1cf637d1-6dc9-4ac7-806d-ca36311218ae: failed while opening the NWB file (ConstructError: (root/acquisition/_iblmic_audioSpectrogram/bands GroupBuilder {'attributes': {'colnames': array(['freq'], dtype=object), 'description': 'spectogram frequencies', 'namespace': 'core', 'neurodata_type': 'FrequencyBandsTable', 'object_id': '4b64cc5e-fd6e-4aed-9186-5c86c34248af'}, 'groups': {}, 'datasets': {'freq': root/acquisition/_iblmic_audioSpectrogram/bands/freq DatasetBuilder {'attributes': {'description': 'frequency value', 'namespace': 'hdmf-common', 'neurodata_type': 'VectorData', 'object_id': '57b482f7-535d-45af-93bd-5ba4219ebe78'}, 'data': <HDF5 dataset "freq": shape (257,), type "<f4">}, 'id': root/acquisition/_iblmic_audioSpectrogram/bands/id DatasetBuilder {'attributes': {'namespace': 'hdmf-common', 'neurodata_type': 'ElementIdentifiers', 'object_id': '477e58f9-4606-486f-8d7d-618dca865fdc'}, 'data': <HDF5 dataset "id": shape (257,), type "<i4">}}, 'links': {}}, "Could not construct FrequencyBandsTable object due to: column must have the same number of rows as 'id'"))
2026-09-28T23:02:41Z INFO [300/500] 1cf669c7-330f-4c0d-96d4-f4be2a1f8b26: valid; 1.4 s; peak memory 2257 MiB.
2026-09-28T23:02:41Z INFO [300/500] 1cf669c7-330f-4c0d-96d4-f4be2a1f8b26: checkpointed 83810 records.
2026-09-28T23:02:45Z INFO [301/500] 1cf6d389-d624-4273-9c07-bfda4bbdbc77: valid; 3.5 s; peak memory 2260 MiB.
2026-09-28T23:03:02Z INFO [302/500] 1cf71b27-5693-48a5-819b-d9d1a6da3801: valid; 17.6 s; peak memory 2295 MiB.
2026-09-28T23:03:06Z INFO [303/500] 1cf74cd6-e52e-4b6a-ab4d-08de22ec2ccb: not valid; 3.3 s; peak memory 2312 MiB.
2026-09-28T23:03:08Z INFO [304/500] 1cf77f3e-f525-42f0-a7a8-14d1c6564779: valid; 2.5 s; peak memory 2314 MiB.
2026-09-28T23:03:10Z INFO [305/500] 1cf82d37-eb0d-4046-a620-88bb692a5875: valid; 2.3 s; peak memory 2314 MiB.
2026-09-28T23:03:12Z INFO [306/500] 1cf8889c-c684-4bc6-8ee2-f00c34ca07c2: valid; 1.6 s; peak memory 2314 MiB.
2026-09-28T23:03:14Z INFO [307/500] 1cf9ecad-e6e5-4b49-81f8-c2cffabfb2dc: valid; 1.6 s; peak memory 2314 MiB.
2026-09-28T23:03:17Z INFO [308/500] 1cfa8e17-6e09-424d-bcee-35e036de0f45: valid; 3.0 s; peak memory 2314 MiB.
2026-09-28T23:03:19Z INFO [309/500] 1cfb1460-807b-41ce-b164-8be75038a065: valid; 2.7 s; peak memory 2314 MiB.
2026-09-28T23:03:21Z INFO [310/500] 1cfb3baf-45b8-4159-8c1b-17cf05faf756: not valid; 1.9 s; peak memory 2314 MiB.
2026-09-28T23:03:23Z INFO [311/500] 1cfb4210-6d9e-4edd-9dab-255e4162657f: valid; 2.1 s; peak memory 2314 MiB.
2026-09-28T23:03:28Z INFO [312/500] 1cfb806c-70f1-4dac-b693-aed9db3ef7c3: not valid; 5.1 s; peak memory 2314 MiB.
2026-09-28T23:03:30Z INFO [313/500] 1cfbaff4-89c6-4c21-8a9f-d5e2c2e24e81: not valid; 1.6 s; peak memory 2314 MiB.
2026-09-28T23:03:35Z INFO [314/500] 1cfbb669-fe85-4ac6-af0b-bddb05109227: not valid; 4.6 s; peak memory 2314 MiB.
2026-09-28T23:03:38Z INFO [315/500] 1cfbc469-597f-42f8-ae4c-e3b6aff63806: valid; 3.0 s; peak memory 2314 MiB.
2026-09-28T23:03:39Z INFO [316/500] 1cfbf95b-356d-4f62-b0d6-68b098716f88: valid; 1.5 s; peak memory 2314 MiB.
2026-09-28T23:03:42Z INFO [317/500] 1cfd741d-1946-4e01-b26c-0db0b03fd793: valid; 2.8 s; peak memory 2314 MiB.
2026-09-28T23:03:45Z INFO [318/500] 1cffc313-a83c-43ac-b4cd-ff2fa81fc088: valid; 2.9 s; peak memory 2314 MiB.
2026-09-28T23:03:54Z INFO [319/500] 1d00096b-f3a5-4e32-b2b3-b8b1188d8dd4: valid; 9.3 s; peak memory 2314 MiB.
2026-09-28T23:03:57Z INFO [320/500] 1d0022e2-cf5b-4fe8-900b-37986ee2edb3: valid; 2.5 s; peak memory 2314 MiB.
2026-09-28T23:03:59Z INFO [321/500] 1d00245c-4ee5-403c-8a74-147158a4df85: valid; 2.9 s; peak memory 2318 MiB.
2026-09-28T23:04:01Z INFO [322/500] 1d00970c-1cef-4104-bee9-320ef318f388: valid; 1.3 s; peak memory 2318 MiB.
2026-09-28T23:04:03Z INFO [323/500] 1d00b115-9b2d-43f2-bb4e-b49df3856445: valid; 2.3 s; peak memory 2319 MiB.
2026-09-28T23:04:09Z INFO [324/500] 1d00be17-9d28-48a7-a2c7-2ee7b94afadd: valid; 5.7 s; peak memory 2330 MiB.
2026-09-28T23:04:10Z INFO [325/500] 1d016fb6-59fe-4687-964c-db04d16a7b14: not valid; 1.7 s; peak memory 2334 MiB.
2026-09-28T23:04:21Z INFO [326/500] 1d01910b-01b5-49b3-8994-c3ee47f44b6c: valid; 10.7 s; peak memory 2358 MiB.
2026-09-28T23:04:22Z INFO [327/500] 1d019921-a0df-47ae-afac-8b40d3b3526f: valid; 1.2 s; peak memory 2360 MiB.
2026-09-28T23:04:26Z INFO [328/500] 1d01a2f8-d189-4a58-8d6c-fa6710041bd8: valid; 3.2 s; peak memory 2363 MiB.
2026-09-28T23:04:32Z INFO [329/500] 1d020e6b-52e4-4f83-9ff7-7bf535b1d8d1: valid; 6.0 s; peak memory 2363 MiB.
2026-09-28T23:04:42Z INFO [330/500] 1d022953-5232-4d80-8284-933c64b175aa: valid; 10.0 s; peak memory 2534 MiB.
2026-09-28T23:04:43Z INFO [331/500] 1d024bea-de72-4e36-9990-a637d8d83886: valid; 1.4 s; peak memory 2534 MiB.
2026-09-28T23:04:43Z WARNING 1d025526-680f-49af-8936-3f2d1432dcbe: failed while retrieving asset information from the DANDI API (NotFoundError: No asset at path 'sub-18/sub-18_ses-18_ecephys+image.nwb' in version 0.230530.1822. Verify the path is correct and the asset exists in this version. Use 'dandi ls' to list available assets.)
2026-09-28T23:04:45Z INFO [333/500] 1d02878a-e1b6-4dba-9ab7-ed2d97aa4f33: valid; 2.1 s; peak memory 2534 MiB.
2026-09-28T23:04:48Z INFO [334/500] 1d036931-c55e-41e0-b26a-3e5b4a3473e5: valid; 2.4 s; peak memory 2534 MiB.
2026-09-28T23:04:50Z INFO [335/500] 1d0390f4-d7f3-4b0c-a130-a4f2f068a44e: valid; 2.6 s; peak memory 2534 MiB.
2026-09-28T23:05:08Z INFO [336/500] 1d039b2f-736d-4e91-bf48-4c29c94c2eab: valid; 17.9 s; peak memory 2536 MiB.
2026-09-28T23:05:10Z INFO [337/500] 1d0441c8-6af9-402c-9d10-670d0b658177: not valid; 1.9 s; peak memory 2537 MiB.
2026-09-28T23:05:12Z INFO [338/500] 1d0495a2-9eb4-41b5-83d0-f0b513b0ff9b: not valid; 2.2 s; peak memory 2537 MiB.
2026-09-28T23:05:16Z INFO [339/500] 1d04c2ce-cf32-42e8-a69e-efc8f20af40d: valid; 3.9 s; peak memory 2541 MiB.
2026-09-28T23:05:18Z INFO [340/500] 1d051d17-4648-4cb5-8d75-2ee031a8a235: valid; 1.3 s; peak memory 2541 MiB.
2026-09-28T23:05:22Z INFO [341/500] 1d05706a-d7b0-4931-9a2b-116a068d2860: valid; 4.7 s; peak memory 2544 MiB.
2026-09-28T23:05:26Z INFO [342/500] 1d073ac4-e349-4434-9127-d8191c066930: valid; 3.5 s; peak memory 2548 MiB.
2026-09-28T23:05:28Z INFO [343/500] 1d08a85f-9695-4edb-a2dd-20c850ec97b2: valid; 2.1 s; peak memory 2550 MiB.
2026-09-28T23:05:31Z INFO [344/500] 1d091911-5b67-4882-b984-d71a59436111: valid; 3.0 s; peak memory 2556 MiB.
2026-09-28T23:05:33Z INFO [345/500] 1d09e139-0a60-49f8-8155-6a8eba47d1f2: valid; 2.5 s; peak memory 2562 MiB.
2026-09-28T23:05:36Z INFO [346/500] 1d0a9386-30d1-4f1b-be54-92d6de625322: valid; 2.6 s; peak memory 2566 MiB.
2026-09-28T23:05:49Z INFO [347/500] 1d0ad948-9e73-4f2d-841d-20a2f8957115: valid; 12.5 s; peak memory 2794 MiB.
2026-09-28T23:05:51Z INFO [348/500] 1d0aeceb-63e8-4e1c-b3fa-3f6a6ad5b7c9: valid; 2.7 s; peak memory 2796 MiB.
2026-09-28T23:05:56Z INFO [349/500] 1d0b910f-1e78-4a37-9033-444843f1dc78: valid; 4.3 s; peak memory 2797 MiB.
2026-09-28T23:06:23Z INFO [350/500] 1d0be286-c42d-4dc7-8603-6a1b9589d22b: valid; 27.9 s; peak memory 2922 MiB.
2026-09-28T23:06:24Z INFO [350/500] 1d0be286-c42d-4dc7-8603-6a1b9589d22b: checkpointed 83860 records.
2026-09-28T23:06:27Z INFO [351/500] 1d0c0261-dd7a-4153-ac9d-b9a0ea65abe1: valid; 2.9 s; peak memory 2922 MiB.
2026-09-28T23:06:29Z INFO [352/500] 1d0c7e0d-7f27-4069-8749-a8d999237470: valid; 2.0 s; peak memory 2922 MiB.
2026-09-28T23:06:35Z INFO [353/500] 1d0ce60b-629e-43a2-9f01-2d5516ee818c: valid; 5.6 s; peak memory 2922 MiB.
2026-09-28T23:06:36Z INFO [354/500] 1d0ceede-318d-4987-8731-d9e9585ea1b1: valid; 1.5 s; peak memory 2922 MiB.
2026-09-28T23:06:37Z INFO [355/500] 1d0d12ed-ad51-45ef-9040-7e010fa11f92: not valid; 1.1 s; peak memory 2922 MiB.
2026-09-28T23:06:40Z INFO [356/500] 1d0d9f8b-451a-4646-a779-8e4f6a890502: valid; 2.9 s; peak memory 2922 MiB.
2026-09-28T23:06:42Z INFO [357/500] 1d0dbd98-897c-46ea-826d-de3e22689872: valid; 1.6 s; peak memory 2922 MiB.
2026-09-28T23:06:44Z INFO [358/500] 1d0e05e6-9be9-4e0f-a9b6-c06fe820cb19: not valid; 2.2 s; peak memory 2922 MiB.
2026-09-28T23:06:46Z INFO [359/500] 1d0e7b18-6192-4d0c-a5ad-fb1594ee7b38: valid; 2.3 s; peak memory 2922 MiB.
2026-09-28T23:06:48Z INFO [360/500] 1d0ec8af-d583-4d1a-8785-78ac24ef5c1e: valid; 2.2 s; peak memory 2923 MiB.
2026-09-28T23:06:50Z INFO [361/500] 1d0edd8b-c91a-4f4b-95e1-9d1e51a5a86a: valid; 1.6 s; peak memory 2923 MiB.
2026-09-28T23:06:52Z INFO [362/500] 1d0f0719-cb14-4a38-9603-e3511aa84f52: not valid; 2.3 s; peak memory 2923 MiB.
2026-09-28T23:07:15Z INFO [363/500] 1d0f1582-a429-4a13-a570-64413e15e479: valid; 23.0 s; peak memory 2924 MiB.
2026-09-28T23:07:18Z INFO [364/500] 1d0f4fc9-c27b-49e0-93dc-57273d527e7d: valid; 3.2 s; peak memory 2924 MiB.
2026-09-28T23:07:21Z INFO [365/500] 1d0f52a8-681b-4798-9ebb-799c137b117c: valid; 2.9 s; peak memory 2924 MiB.
2026-09-28T23:07:23Z INFO [366/500] 1d0f90e1-b663-4997-94ac-25e8f5950aa3: valid; 2.0 s; peak memory 2924 MiB.
2026-09-28T23:07:26Z INFO [367/500] 1d0fc676-8126-4830-a8ac-af98c52791da: valid; 3.0 s; peak memory 2924 MiB.
2026-09-28T23:07:28Z INFO [368/500] 1d101de6-ff85-4da9-99d5-d093d8c7e718: valid; 2.1 s; peak memory 2924 MiB.
2026-09-28T23:07:30Z INFO [369/500] 1d108ba9-4a85-4896-a4b4-0931f2cfff47: valid; 1.6 s; peak memory 2924 MiB.
2026-09-28T23:07:32Z INFO [370/500] 1d10a6ec-72af-4d58-ad2c-9b87751349c8: valid; 2.0 s; peak memory 2924 MiB.
2026-09-28T23:07:37Z INFO [371/500] 1d113359-45b3-4c14-a842-b2b1c0861190: valid; 4.8 s; peak memory 2924 MiB.
2026-09-28T23:07:42Z INFO [372/500] 1d11afe8-76ff-488b-ba52-3ebc6175aa11: not valid; 5.6 s; peak memory 2924 MiB.
2026-09-28T23:07:44Z INFO [373/500] 1d128541-081c-4892-979a-72ccdbb309a0: valid; 1.5 s; peak memory 2924 MiB.
2026-09-28T23:07:48Z INFO [374/500] 1d12ca73-c14f-4b7e-b417-7d8283f7d462: not valid; 4.1 s; peak memory 2927 MiB.
2026-09-28T23:07:50Z INFO [375/500] 1d12d61c-d2db-46ff-9063-27d7388cf0c1: valid; 1.5 s; peak memory 2928 MiB.
2026-09-28T23:07:51Z INFO [376/500] 1d132a50-bf5a-49e0-b144-663c6c92949b: valid; 1.3 s; peak memory 2929 MiB.
2026-09-28T23:07:54Z INFO [377/500] 1d13d176-99d1-4c11-9cb5-8e3d019a57a6: valid; 3.0 s; peak memory 2930 MiB.
2026-09-28T23:07:55Z INFO [378/500] 1d143496-94f0-4481-8d7b-eeb14a74e83b: valid; 1.5 s; peak memory 2931 MiB.
2026-09-28T23:07:57Z INFO [379/500] 1d14605b-a9bb-4c2b-b961-9f3e4584be12: valid; 2.0 s; peak memory 2932 MiB.
2026-09-28T23:07:59Z INFO [380/500] 1d1470a6-f899-4080-90d7-de15a023ee5b: valid; 1.8 s; peak memory 2933 MiB.
2026-09-28T23:08:00Z INFO [381/500] 1d149408-7642-4de2-853f-a9e7edba48bc: valid; 1.3 s; peak memory 2933 MiB.
2026-09-28T23:08:04Z INFO [382/500] 1d14942d-ee29-41b7-b6cd-3d6428454ecc: valid; 3.1 s; peak memory 2937 MiB.
2026-09-28T23:08:05Z INFO [383/500] 1d151e15-c03b-4620-9b25-12e585908663: valid; 1.5 s; peak memory 2938 MiB.
2026-09-28T23:08:07Z INFO [384/500] 1d15e7bc-2d2d-4808-9efc-129d289534de: valid; 1.8 s; peak memory 2939 MiB.
2026-09-28T23:08:09Z INFO [385/500] 1d1669cd-c3e0-4cc1-a1b8-1bfc75de2d55: valid; 2.2 s; peak memory 2940 MiB.
2026-09-28T23:08:11Z INFO [386/500] 1d16a7f0-74e2-4713-b521-72f65a14e6aa: valid; 2.1 s; peak memory 2940 MiB.
2026-09-28T23:08:27Z INFO [387/500] 1d174ea3-f4e8-4ab3-8c8f-67b637a00ceb: valid; 15.6 s; peak memory 2955 MiB.
2026-09-28T23:08:28Z INFO [388/500] 1d1788ff-11c6-4c9c-97d5-3b987b72698e: valid; 1.6 s; peak memory 2956 MiB.
2026-09-28T23:08:30Z INFO [389/500] 1d180bd4-cf1f-4509-99cf-9660fb487aec: valid; 1.5 s; peak memory 2957 MiB.
2026-09-28T23:08:31Z INFO [390/500] 1d191e95-a0de-42bf-8c8a-82b6ecf7232b: not valid; 1.3 s; peak memory 2957 MiB.
2026-09-28T23:08:34Z INFO [391/500] 1d194dc1-c9a0-4819-9172-249696d8c51e: valid; 2.6 s; peak memory 2958 MiB.
2026-09-28T23:08:36Z INFO [392/500] 1d195b95-d256-4bf6-b51c-2cf6f768d623: valid; 2.3 s; peak memory 2959 MiB.
2026-09-28T23:08:38Z INFO [393/500] 1d19e6a3-dd7a-497c-9235-cd441d7434c1: valid; 1.9 s; peak memory 2960 MiB.
2026-09-28T23:08:39Z INFO [394/500] 1d1ab247-601a-4967-a651-ffc041dc24ea: valid; 1.5 s; peak memory 2961 MiB.
2026-09-28T23:08:42Z INFO [395/500] 1d1adce8-6c07-4e3a-a5d0-1dde83a45ed8: not valid; 2.8 s; peak memory 2962 MiB.
2026-09-28T23:08:44Z INFO [396/500] 1d1b2d93-6ab4-4a75-a35d-88969eb8582b: valid; 2.0 s; peak memory 2962 MiB.
2026-09-28T23:08:46Z INFO [397/500] 1d1b61fa-3759-4d1f-ba90-df27cc511e05: valid; 2.3 s; peak memory 2962 MiB.
2026-09-28T23:08:51Z INFO [398/500] 1d1b6c50-8210-4166-a973-30a8129ea3b4: not valid; 4.8 s; peak memory 2965 MiB.
2026-09-28T23:08:54Z INFO [399/500] 1d1b97c1-bd4f-40f4-b765-76977988ef0a: valid; 2.5 s; peak memory 2967 MiB.
2026-09-28T23:08:56Z INFO [400/500] 1d1e302a-4452-4894-9372-34d222ebdcc3: not valid; 1.9 s; peak memory 2968 MiB.
2026-09-28T23:08:56Z INFO [400/500] 1d1e302a-4452-4894-9372-34d222ebdcc3: checkpointed 83910 records.
2026-09-28T23:08:58Z INFO [401/500] 1d1e30ef-b182-4566-aea6-e76faa4dc7a4: valid; 1.5 s; peak memory 2971 MiB.
2026-09-28T23:09:01Z INFO [402/500] 1d1ef16f-8963-4a7e-99fe-ac24267c1b38: valid; 2.9 s; peak memory 2971 MiB.
2026-09-28T23:09:04Z INFO [403/500] 1d1f2340-11c3-4c15-a28d-6614c06aa1c2: valid; 3.2 s; peak memory 2981 MiB.
2026-09-28T23:09:06Z INFO [404/500] 1d207737-d312-4f6e-a36c-6a5d2f959488: valid; 2.3 s; peak memory 2990 MiB.
2026-09-28T23:09:19Z INFO [405/500] 1d2093ad-a67c-4ab8-b3eb-7851b9718055: valid; 13.1 s; peak memory 3145 MiB.
2026-09-28T23:09:31Z INFO [406/500] 1d211211-1807-4da1-a7f4-8c5d54bc3923: valid; 11.9 s; peak memory 3155 MiB.
2026-09-28T23:09:32Z INFO [407/500] 1d21fa33-cf3a-4cd0-8f78-3251a44d6419: not valid; 1.3 s; peak memory 3157 MiB.
2026-09-28T23:09:34Z INFO [408/500] 1d225eb1-2e04-472e-96aa-89bb14c77715: valid; 2.0 s; peak memory 3168 MiB.
2026-09-28T23:09:38Z INFO [409/500] 1d2337f2-2e53-4cca-b0ea-56832e51182e: valid; 4.2 s; peak memory 3172 MiB.
2026-09-28T23:09:40Z INFO [410/500] 1d233b4b-9ab7-4030-ad45-5d79b65bf3ee: not valid; 1.4 s; peak memory 3172 MiB.
2026-09-28T23:09:41Z INFO [411/500] 1d24da57-eda7-4f81-8dd4-0ec434c5f74d: valid; 1.5 s; peak memory 3172 MiB.
2026-09-28T23:09:44Z INFO [412/500] 1d250bd2-1bde-441e-bcc6-c582531809bb: valid; 2.4 s; peak memory 3172 MiB.
2026-09-28T23:09:45Z INFO [413/500] 1d254150-9e74-47a0-a7b3-48a5f7759fb7: not valid; 1.7 s; peak memory 3172 MiB.
2026-09-28T23:09:55Z INFO [414/500] 1d258732-a70b-4f40-b428-457e71e6b9e8: valid; 9.8 s; peak memory 3172 MiB.
2026-09-28T23:09:57Z INFO [415/500] 1d26dd21-7fd1-4d18-ba26-143e3ac51152: valid; 2.0 s; peak memory 3172 MiB.
2026-09-28T23:10:00Z INFO [416/500] 1d26e301-2ff7-4433-bf96-6cc11291375d: not valid; 2.5 s; peak memory 3172 MiB.
2026-09-28T23:10:03Z INFO [417/500] 1d2760ec-09f5-4394-befc-f33a97d9e6ce: valid; 3.0 s; peak memory 3172 MiB.
2026-09-28T23:10:05Z INFO [418/500] 1d279127-bd5a-4e34-9eb4-d08075550f7e: valid; 2.3 s; peak memory 3172 MiB.
2026-09-28T23:10:07Z WARNING 1d27bc36-2159-4178-b743-220244cf3936: failed while opening the NWB file (ConstructError: (root/acquisition/_iblmic_audioSpectrogram/bands GroupBuilder {'attributes': {'colnames': array(['freq'], dtype=object), 'description': 'spectogram frequencies', 'namespace': 'core', 'neurodata_type': 'FrequencyBandsTable', 'object_id': '75571994-8af2-4e74-81a7-556142eab912'}, 'groups': {}, 'datasets': {'freq': root/acquisition/_iblmic_audioSpectrogram/bands/freq DatasetBuilder {'attributes': {'description': 'frequency value', 'namespace': 'hdmf-common', 'neurodata_type': 'VectorData', 'object_id': '4890d22d-f412-46bd-b077-f7c3564ae80b'}, 'data': <HDF5 dataset "freq": shape (257,), type "<f4">}, 'id': root/acquisition/_iblmic_audioSpectrogram/bands/id DatasetBuilder {'attributes': {'namespace': 'hdmf-common', 'neurodata_type': 'ElementIdentifiers', 'object_id': '152b4ec2-6acf-465d-b944-1c03856b1db4'}, 'data': <HDF5 dataset "id": shape (257,), type "<i4">}}, 'links': {}}, "Could not construct FrequencyBandsTable object due to: column must have the same number of rows as 'id'"))
2026-09-28T23:10:30Z INFO [420/500] 1d2963f8-d7c4-4e26-9260-da2120a4dd5f: valid; 22.1 s; peak memory 3187 MiB.
2026-09-28T23:10:32Z INFO [421/500] 1d29719d-fa70-40c0-bb0f-3ecd91fb1124: valid; 2.9 s; peak memory 3215 MiB.
2026-09-28T23:10:35Z INFO [422/500] 1d29d50e-5553-44b2-8b9f-b259c54a7b51: valid; 2.4 s; peak memory 3215 MiB.
2026-09-28T23:10:37Z INFO [423/500] 1d2bd393-b141-447c-9a3a-d6a475d32769: valid; 2.2 s; peak memory 3215 MiB.
2026-09-28T23:10:42Z INFO [424/500] 1d2bdabd-e529-4617-9b41-1d93ff7c35e3: valid; 5.0 s; peak memory 3215 MiB.
2026-09-28T23:10:47Z INFO [425/500] 1d2c608f-fdcf-4ce5-a6d9-eb3bb497e564: not valid; 4.9 s; peak memory 3215 MiB.
2026-09-28T23:10:49Z INFO [426/500] 1d2ce440-70af-4c02-815b-e3589e0ba4ac: valid; 2.3 s; peak memory 3222 MiB.
2026-09-28T23:10:52Z INFO [427/500] 1d2d0ef0-99ae-47d9-b4ff-219d2ba65e46: valid; 2.7 s; peak memory 3229 MiB.
2026-09-28T23:11:12Z INFO [428/500] 1d2d18b8-d275-4826-8135-9f641e69ae20: valid; 20.4 s; peak memory 3267 MiB.
2026-09-28T23:11:16Z INFO [429/500] 1d2d25df-f8f7-4662-bf09-807e819503a8: valid; 3.3 s; peak memory 3267 MiB.
2026-09-28T23:11:21Z INFO [430/500] 1d2d8359-1979-46f5-a8f6-ccc66803fc56: valid; 4.9 s; peak memory 3267 MiB.
2026-09-28T23:11:22Z INFO [431/500] 1d2dacba-4658-49e3-a392-cca5ad1604c0: not valid; 1.5 s; peak memory 3267 MiB.
2026-09-28T23:11:24Z INFO [432/500] 1d2dbc63-3d46-43eb-9adf-a11e74d40827: valid; 1.6 s; peak memory 3267 MiB.
2026-09-28T23:11:32Z INFO [433/500] 1d2e17fe-b4b3-4a75-8383-07705db540b6: valid; 8.2 s; peak memory 3267 MiB.
2026-09-28T23:11:39Z INFO [434/500] 1d2e1c06-e4a9-4bfd-8e2a-43a37f1d0916: valid; 7.3 s; peak memory 3267 MiB.
2026-09-28T23:11:48Z INFO [435/500] 1d2e2c12-a356-49f4-9143-8acb601a3a36: valid; 8.7 s; peak memory 3277 MiB.
2026-09-28T23:11:51Z INFO [436/500] 1d2e766a-52bd-4e87-adfe-5ed69236cd89: not valid; 2.7 s; peak memory 3279 MiB.
2026-09-28T23:11:52Z INFO [437/500] 1d2eb54a-9e30-4851-a04d-8cfd3d5335b0: valid; 1.7 s; peak memory 3281 MiB.
2026-09-28T23:11:55Z INFO [438/500] 1d2eeab4-5861-4ab2-ac90-d372b07b6068: valid; 2.9 s; peak memory 3284 MiB.
2026-09-28T23:12:00Z INFO [439/500] 1d2ef3db-c4e5-40b9-acc8-ce31b5e05e2b: valid; 4.5 s; peak memory 3286 MiB.
2026-09-28T23:12:02Z INFO [440/500] 1d2fe2cb-d2bc-4ea8-8fcf-271a066dffef: valid; 2.1 s; peak memory 3286 MiB.
2026-09-28T23:12:05Z INFO [441/500] 1d2fe5c6-d0ce-42a4-9a06-c6cc43e0b795: valid; 3.0 s; peak memory 3286 MiB.
2026-09-28T23:12:06Z INFO [442/500] 1d2ff430-115b-486d-b331-19dbe6d22621: valid; 1.3 s; peak memory 3286 MiB.
2026-09-28T23:12:09Z INFO [443/500] 1d3002bf-c389-40b8-8795-34b282480f3b: valid; 2.4 s; peak memory 3286 MiB.
2026-09-28T23:12:10Z INFO [444/500] 1d3031af-2e09-469a-96e2-52cb2fb4178b: valid; 1.5 s; peak memory 3286 MiB.
2026-09-28T23:12:12Z INFO [445/500] 1d3048a4-d35e-41d8-ae25-a25640815922: valid; 1.5 s; peak memory 3286 MiB.
2026-09-28T23:12:14Z INFO [446/500] 1d30c942-4c02-478d-b8bc-1e256728856b: valid; 2.1 s; peak memory 3286 MiB.
2026-09-28T23:12:33Z INFO [447/500] 1d31055e-c47c-4e37-9272-f8caa53aa0c0: valid; 19.6 s; peak memory 3420 MiB.
2026-09-28T23:12:45Z INFO [448/500] 1d310e5b-e3bc-48fe-8dde-21c98a04e78f: valid; 11.5 s; peak memory 3579 MiB.
2026-09-28T23:12:47Z INFO [449/500] 1d3119bb-f1c1-463e-ab9b-a24b89198c30: valid; 2.4 s; peak memory 3579 MiB.
2026-09-28T23:12:56Z INFO [450/500] 1d313b95-39cb-44ed-9f22-39c8d25be4c9: valid; 8.4 s; peak memory 3579 MiB.
2026-09-28T23:12:56Z INFO [450/500] 1d313b95-39cb-44ed-9f22-39c8d25be4c9: checkpointed 83960 records.
2026-09-28T23:12:59Z INFO [451/500] 1d31400c-3550-4b85-a1ee-3a980146344b: valid; 2.5 s; peak memory 3579 MiB.
2026-09-28T23:13:01Z INFO [452/500] 1d320683-96d1-4d19-ad8f-7cb47f094c44: not valid; 2.3 s; peak memory 3579 MiB.
2026-09-28T23:13:02Z INFO [453/500] 1d3220f5-034e-4c7a-ba7f-445433b5d067: valid; 1.5 s; peak memory 3579 MiB.
2026-09-28T23:13:05Z INFO [454/500] 1d32a8e2-6cbd-4f6d-a11f-7939d6c3f7c9: valid; 2.3 s; peak memory 3579 MiB.
2026-09-28T23:13:06Z INFO [455/500] 1d32c2c7-68e5-4723-80a7-782b463e2f36: valid; 1.4 s; peak memory 3579 MiB.
2026-09-28T23:13:08Z INFO [456/500] 1d332e17-e7f5-4dc6-b6db-d7ab1e09fbf5: not valid; 1.7 s; peak memory 3579 MiB.
2026-09-28T23:13:10Z WARNING 1d3515ac-b145-4f4e-82e6-c91aabca3e7a: failed while opening the NWB file (ConstructError: (root/acquisition/event_code_meanings GroupBuilder {'attributes': {'colnames': array(['value', 'meaning'], dtype=object), 'description': 'Mapping integer event codes to event labels', 'namespace': 'ndx-events', 'neurodata_type': 'MeaningsTable', 'object_id': '68055297-7b00-4bae-9fd8-2a5b66f43473'}, 'groups': {}, 'datasets': {'id': root/acquisition/event_code_meanings/id DatasetBuilder {'attributes': {'namespace': 'hdmf-common', 'neurodata_type': 'ElementIdentifiers', 'object_id': '903308b0-ca83-48e9-a351-6eae009a9553'}, 'data': <HDF5 dataset "id": shape (26,), type "<i8">}, 'meaning': root/acquisition/event_code_meanings/meaning DatasetBuilder {'attributes': {'description': 'The meaning of the value in the parent CategoricalVectorData object.', 'namespace': 'hdmf-experimental', 'neurodata_type': 'VectorData', 'object_id': 'ba635181-ed6b-44c5-9a66-7ca77f566531'}, 'data': <StrDataset for HDF5 dataset "meaning": shape (26,), type "|O">}, 'value': root/acquisition/event_code_meanings/value DatasetBuilder {'attributes': {'description': 'The value of the parent CategoricalVectorData object.', 'namespace': 'hdmf-experimental', 'neurodata_type': 'VectorData', 'object_id': '4cabe898-0ba5-44aa-8c4b-ed11a13d5218'}, 'data': <HDF5 dataset "value": shape (26,), type "<i8">}}, 'links': {}}, "Could not construct MeaningsTable object due to: MeaningsTable.__init__: missing argument 'target'"))
2026-09-28T23:13:13Z INFO [458/500] 1d357c04-bfd9-46d5-abba-ac056496b0e8: valid; 3.2 s; peak memory 3579 MiB.
2026-09-28T23:13:14Z INFO [459/500] 1d36cb6a-b65d-4e1c-b3d7-3e27e2a9a262: valid; 1.4 s; peak memory 3579 MiB.
2026-09-28T23:13:16Z INFO [460/500] 1d3723e5-08a8-4e16-b206-ec6bcc4e61bb: valid; 2.1 s; peak memory 3579 MiB.
2026-09-28T23:13:18Z INFO [461/500] 1d374a66-688c-44b2-8609-1779af77819a: not valid; 1.9 s; peak memory 3579 MiB.
2026-09-28T23:13:20Z INFO [462/500] 1d375bfa-d9c9-42ce-9202-2027e5cca4d5: valid; 2.0 s; peak memory 3579 MiB.
2026-09-28T23:13:24Z INFO [463/500] 1d3783e0-0d38-42ed-ae98-435ed87c080c: valid; 3.4 s; peak memory 3579 MiB.
2026-09-28T23:13:26Z INFO [464/500] 1d37ce02-4d90-4f63-9622-27102747b6b8: valid; 2.3 s; peak memory 3579 MiB.
2026-09-28T23:13:30Z INFO [465/500] 1d3861fb-6903-4e5a-b34d-2829ad7c5779: valid; 3.9 s; peak memory 3579 MiB.
2026-09-28T23:13:30Z WARNING 1d387019-91e2-4f1b-b6db-06b6aec39213: failed while retrieving asset information from the DANDI API (NotFoundError: No asset at path 'sub-parkinson-simulated-lfp/sub-parkinson-simulated-lfp_ses-6111_ecephys.nwb' in version 0.250327.2220. Verify the path is correct and the asset exists in this version. Use 'dandi ls' to list available assets.)
2026-09-28T23:13:32Z INFO [467/500] 1d3938a2-c798-4444-a13c-1a6fbf7304dd: not valid; 1.7 s; peak memory 3579 MiB.
2026-09-28T23:13:34Z INFO [468/500] 1d3994e4-72e8-4a65-9fe4-2658d9f6fa78: valid; 2.6 s; peak memory 3579 MiB.
2026-09-28T23:13:38Z INFO [469/500] 1d39f83c-a6e8-457e-93c6-41d8907b5c0f: valid; 3.2 s; peak memory 3579 MiB.
2026-09-28T23:13:39Z INFO [470/500] 1d39f8c5-43c7-429e-928a-7f4fbad0eadd: valid; 1.5 s; peak memory 3579 MiB.
2026-09-28T23:13:41Z INFO [471/500] 1d3a3fc3-1b6f-4f14-a671-1c5aec9cc65a: not valid; 2.1 s; peak memory 3579 MiB.
2026-09-28T23:13:42Z INFO [472/500] 1d3b03d0-0d6d-4173-b6c0-e19c9e2a0d08: valid; 1.2 s; peak memory 3579 MiB.
2026-09-28T23:13:44Z INFO [473/500] 1d3b2275-39c2-4c55-8ebd-f3fea1030995: valid; 1.5 s; peak memory 3579 MiB.
2026-09-28T23:13:48Z INFO [474/500] 1d3ba0f0-40a8-4518-941f-b38f1e01d437: valid; 3.7 s; peak memory 3579 MiB.
2026-09-28T23:13:52Z INFO [475/500] 1d3bbf79-ba54-4c2b-b017-d2b57387edf9: valid; 4.7 s; peak memory 3579 MiB.
2026-09-28T23:13:54Z INFO [476/500] 1d3c0b73-a1aa-4bae-bcdb-d5ab7fd81484: valid; 1.4 s; peak memory 3579 MiB.
2026-09-28T23:13:55Z INFO [477/500] 1d3c3c6d-0bea-42aa-a5ce-95d029a4b6b6: valid; 1.5 s; peak memory 3579 MiB.
2026-09-28T23:13:56Z INFO [478/500] 1d3cd867-65c4-407b-abd6-f6f949e6e12d: valid; 1.3 s; peak memory 3579 MiB.
2026-09-28T23:13:58Z INFO [479/500] 1d3ceba3-d60d-45fa-acb2-80da40890675: valid; 1.6 s; peak memory 3579 MiB.
2026-09-28T23:14:01Z INFO [480/500] 1d3cfb95-e5c8-4b93-8cf7-602df672ff7c: valid; 3.2 s; peak memory 3579 MiB.
2026-09-28T23:14:03Z INFO [481/500] 1d3d10df-a836-4161-964a-a030bc1b66d0: valid; 2.0 s; peak memory 3579 MiB.
2026-09-28T23:14:03Z WARNING 1d3e25d9-c9f8-46bc-86f0-e5cb7dc8c81d: failed while retrieving asset information from the DANDI API (NotFoundError: No asset at path 'sub-A3705/sub-A3705_behavior+ecephys.nwb' in version 0.260512.1701. Verify the path is correct and the asset exists in this version. Use 'dandi ls' to list available assets.)
2026-09-28T23:14:05Z INFO [483/500] 1d3e5f24-a023-4d99-98db-fb096cfefcbb: valid; 2.0 s; peak memory 3579 MiB.
2026-09-28T23:14:07Z INFO [484/500] 1d3f05dd-7e1d-4d42-8287-149aa9bed922: valid; 1.4 s; peak memory 3579 MiB.
2026-09-28T23:14:08Z INFO [485/500] 1d3f6f21-3140-4f44-82f7-aec7550d0aa3: valid; 1.4 s; peak memory 3579 MiB.
2026-09-28T23:14:11Z INFO [486/500] 1d3f7379-e2f3-495d-a9cd-a0cc0f52cf4f: valid; 2.8 s; peak memory 3579 MiB.
2026-09-28T23:14:13Z INFO [487/500] 1d3faee1-da75-42c3-b04c-276801b6f7f1: not valid; 2.2 s; peak memory 3579 MiB.
2026-09-28T23:14:30Z INFO [488/500] 1d40cf22-148a-4f14-94a8-ff442bb06af0: valid; 17.0 s; peak memory 3579 MiB.
2026-09-28T23:14:32Z INFO [489/500] 1d418b23-9421-4b14-8410-4f0562bebf1c: valid; 1.9 s; peak memory 3579 MiB.
2026-09-28T23:14:34Z INFO [490/500] 1d41f909-3824-4dfa-83a9-36976b82efdc: valid; 1.5 s; peak memory 3579 MiB.
2026-09-28T23:14:59Z INFO [491/500] 1d420b60-9ace-4675-a60d-cb1a62eed03e: valid; 25.2 s; peak memory 3745 MiB.
2026-09-28T23:15:00Z INFO [492/500] 1d429383-9cfc-4580-ad4b-dd0c0273ece6: valid; 1.7 s; peak memory 3745 MiB.
2026-09-28T23:15:02Z INFO [493/500] 1d42a063-4f9b-4fa1-a5c0-6bc5ac0e6a74: valid; 1.7 s; peak memory 3745 MiB.
2026-09-28T23:15:05Z INFO [494/500] 1d42f191-d091-44ec-8cb5-e0e4a48c9d28: valid; 3.2 s; peak memory 3745 MiB.
2026-09-28T23:15:15Z INFO [495/500] 1d431c4d-4f01-4ee1-94b1-ec3a1a6d15ad: valid; 9.8 s; peak memory 3797 MiB.
2026-09-28T23:15:18Z INFO [496/500] 1d432ab1-13a1-428c-b377-0b6e39d6a3b4: valid; 2.4 s; peak memory 3814 MiB.
2026-09-28T23:15:19Z INFO [497/500] 1d432f02-4dd7-45d4-b8c6-53790087a6cb: not valid; 1.7 s; peak memory 3814 MiB.
2026-09-28T23:15:24Z INFO [498/500] 1d43c41a-d6c2-47ce-9f9e-ddc3ed666be9: not valid; 4.6 s; peak memory 3825 MiB.
2026-09-28T23:15:26Z WARNING 1d43c57c-ccd7-4ddd-8edb-7540e129a640: failed while opening the NWB file (ConstructError: (root/acquisition/_iblmic_audioSpectrogram/bands GroupBuilder {'attributes': {'colnames': array(['freq'], dtype=object), 'description': 'spectogram frequencies', 'namespace': 'core', 'neurodata_type': 'FrequencyBandsTable', 'object_id': '08ac8d03-edf1-4c6a-8109-d2ead10d1582'}, 'groups': {}, 'datasets': {'freq': root/acquisition/_iblmic_audioSpectrogram/bands/freq DatasetBuilder {'attributes': {'description': 'frequency value', 'namespace': 'hdmf-common', 'neurodata_type': 'VectorData', 'object_id': '48b8a609-7a82-47a1-8ba1-7aa497e97473'}, 'data': <HDF5 dataset "freq": shape (257,), type "<f4">}, 'id': root/acquisition/_iblmic_audioSpectrogram/bands/id DatasetBuilder {'attributes': {'namespace': 'hdmf-common', 'neurodata_type': 'ElementIdentifiers', 'object_id': 'b3290126-6633-41ef-8ef7-05581c8b521a'}, 'data': <HDF5 dataset "id": shape (257,), type "<i4">}}, 'links': {}}, "Could not construct FrequencyBandsTable object due to: column must have the same number of rows as 'id'"))
2026-09-28T23:15:30Z INFO [500/500] 1d442189-4225-4714-a105-c5d0252b763e: valid; 3.8 s; peak memory 3833 MiB.
2026-09-28T23:15:30Z INFO [500/500] 1d442189-4225-4714-a105-c5d0252b763e: checkpointed 84010 records.
2026-09-28T23:15:31Z INFO Wrote 84010 records to /tmp/derivatives/content_id_to_valid_nwb_file.jsonl (476 new, 24 failed) in 33.2 min (peak memory 3833 MiB).
