2026-09-27T10:56:32Z INFO Logging to /tmp/logs/update_2026-09-27T10-56-32Z.log.
2026-09-27T10:56:32Z INFO Update content-id-to-valid-nwb-file (base directory /tmp).
2026-09-27T10:56:34Z INFO Processing 500 items (81510 already recorded).
2026-09-27T10:56:36Z INFO [1/500] 091545b4-23a3-4800-9610-758f48780822: valid; 2.0 s; peak memory 350 MiB.
2026-09-27T10:56:42Z INFO [2/500] 12c7b0dc-8bc3-4346-b173-8b9a02f7b0fe: valid; 5.4 s; peak memory 422 MiB.
2026-09-27T10:56:42Z WARNING 196f920a-f148-472c-bfa0-9bfa8a540458: failed while retrieving asset information from the DANDI API (NotFoundError: No asset at path 'sub-healthy-simulated-lfp/sub-healthy-simulated-lfp_ses-7736_ecephys.nwb' in version 0.250327.2220. Verify the path is correct and the asset exists in this version. Use 'dandi ls' to list available assets.)
2026-09-27T10:56:44Z INFO [4/500] 197049a9-6f64-4104-9ce2-6c96b1d8f2e4: not valid; 1.7 s; peak memory 422 MiB.
2026-09-27T10:56:45Z WARNING 19705268-3fcd-42a4-8fa2-d0b18716351d: failed while opening the NWB file (ConstructError: (root/acquisition/_iblmic_audioSpectrogram/bands GroupBuilder {'attributes': {'colnames': array(['freq'], dtype=object), 'description': 'spectogram frequencies', 'namespace': 'core', 'neurodata_type': 'FrequencyBandsTable', 'object_id': '46a9d861-dcd0-4fd5-8297-6857852f9676'}, 'groups': {}, 'datasets': {'freq': root/acquisition/_iblmic_audioSpectrogram/bands/freq DatasetBuilder {'attributes': {'description': 'frequency value', 'namespace': 'hdmf-common', 'neurodata_type': 'VectorData', 'object_id': 'e5c8d22a-d169-4b36-ab71-2ea4719b7b2e'}, 'data': <HDF5 dataset "freq": shape (257,), type "<f4">}, 'id': root/acquisition/_iblmic_audioSpectrogram/bands/id DatasetBuilder {'attributes': {'namespace': 'hdmf-common', 'neurodata_type': 'ElementIdentifiers', 'object_id': '145419fd-217a-429b-92fa-1c0860ff309a'}, 'data': <HDF5 dataset "id": shape (257,), type "<i4">}}, 'links': {}}, "Could not construct FrequencyBandsTable object due to: column must have the same number of rows as 'id'"))
2026-09-27T10:56:47Z INFO [6/500] 19708001-b147-4c25-b131-b525de1e6a1d: valid; 1.3 s; peak memory 422 MiB.
2026-09-27T10:56:48Z WARNING 19712fa5-6510-4bdb-855a-a7f1a1ede5c2: failed while opening the NWB file (ConstructError: (root/acquisition/_iblmic_audioSpectrogram/bands GroupBuilder {'attributes': {'colnames': array(['freq'], dtype=object), 'description': 'spectogram frequencies', 'namespace': 'core', 'neurodata_type': 'FrequencyBandsTable', 'object_id': '37ff8a77-bf07-4ed7-beb7-89a1df1b62dd'}, 'groups': {}, 'datasets': {'freq': root/acquisition/_iblmic_audioSpectrogram/bands/freq DatasetBuilder {'attributes': {'description': 'frequency value', 'namespace': 'hdmf-common', 'neurodata_type': 'VectorData', 'object_id': '65591e85-539c-4c3b-80da-f76e5e66ddaa'}, 'data': <HDF5 dataset "freq": shape (257,), type "<f4">}, 'id': root/acquisition/_iblmic_audioSpectrogram/bands/id DatasetBuilder {'attributes': {'namespace': 'hdmf-common', 'neurodata_type': 'ElementIdentifiers', 'object_id': 'ae7f2594-4ed3-430f-989b-7929105321aa'}, 'data': <HDF5 dataset "id": shape (257,), type "<i4">}}, 'links': {}}, "Could not construct FrequencyBandsTable object due to: column must have the same number of rows as 'id'"))
2026-09-27T10:56:50Z INFO [8/500] 1971b24d-aead-4133-bdcd-dedfa85950bb: valid; 1.6 s; peak memory 435 MiB.
2026-09-27T10:56:51Z INFO [9/500] 1971e724-9367-4772-926e-bfdd842d6a43: valid; 1.3 s; peak memory 437 MiB.
2026-09-27T10:56:55Z INFO [10/500] 197210bd-98e6-4586-97f7-653cdce9c0a4: valid; 3.2 s; peak memory 445 MiB.
2026-09-27T10:56:56Z INFO [11/500] 197313c8-5786-4326-94f2-8a9a9c6adbea: not valid; 1.6 s; peak memory 452 MiB.
2026-09-27T10:56:59Z INFO [12/500] 19737b61-627a-436f-9542-ef305bf8d531: valid; 2.9 s; peak memory 472 MiB.
2026-09-27T10:57:01Z INFO [13/500] 19745cf3-d5c1-4197-bdd0-092f2037cd52: not valid; 1.5 s; peak memory 480 MiB.
2026-09-27T10:57:02Z WARNING 19745de4-359c-4220-868d-1ed947559e0d: failed while opening the NWB file (ConstructError: (root/acquisition/event_code_meanings GroupBuilder {'attributes': {'colnames': array(['value', 'meaning'], dtype=object), 'description': 'Mapping integer event codes to event labels', 'namespace': 'ndx-events', 'neurodata_type': 'MeaningsTable', 'object_id': '7a436742-54c3-46e8-8953-3cc12f04d1e3'}, 'groups': {}, 'datasets': {'id': root/acquisition/event_code_meanings/id DatasetBuilder {'attributes': {'namespace': 'hdmf-common', 'neurodata_type': 'ElementIdentifiers', 'object_id': '8deab676-11fc-4068-a747-60ac35173a89'}, 'data': <HDF5 dataset "id": shape (26,), type "<i8">}, 'meaning': root/acquisition/event_code_meanings/meaning DatasetBuilder {'attributes': {'description': 'The meaning of the value in the parent CategoricalVectorData object.', 'namespace': 'hdmf-experimental', 'neurodata_type': 'VectorData', 'object_id': '9b487281-97ee-4c3b-8cb9-a5a17c93cadf'}, 'data': <StrDataset for HDF5 dataset "meaning": shape (26,), type "|O">}, 'value': root/acquisition/event_code_meanings/value DatasetBuilder {'attributes': {'description': 'The value of the parent CategoricalVectorData object.', 'namespace': 'hdmf-experimental', 'neurodata_type': 'VectorData', 'object_id': '2a09594a-748e-4660-b9bc-0826a6f6cd71'}, 'data': <HDF5 dataset "value": shape (26,), type "<i8">}}, 'links': {}}, "Could not construct MeaningsTable object due to: MeaningsTable.__init__: missing argument 'target'"))
2026-09-27T10:57:03Z INFO [15/500] 197460a2-f96c-4187-8815-7e62a4a3c428: valid; 1.3 s; peak memory 490 MiB.
2026-09-27T10:57:04Z INFO [16/500] 19746c69-a4c1-4f22-b190-0c8aa409431e: valid; 1.0 s; peak memory 492 MiB.
2026-09-27T10:57:06Z INFO [17/500] 19748848-d268-42ff-b8c1-6fdc0ac1251e: not valid; 1.7 s; peak memory 498 MiB.
2026-09-27T10:57:08Z INFO [18/500] 197489d6-803d-4b97-b714-e0f40576c881: valid; 1.8 s; peak memory 502 MiB.
2026-09-27T10:57:10Z INFO [19/500] 19751cb2-f18d-4cff-858c-3c8c7e97b07e: valid; 2.1 s; peak memory 505 MiB.
2026-09-27T10:57:11Z INFO [20/500] 19756565-abfe-4a94-a553-410847aeb226: valid; 1.5 s; peak memory 505 MiB.
2026-09-27T10:57:13Z INFO [21/500] 19756d3e-71e4-45b1-856c-94d4a2c2ef57: not valid; 1.2 s; peak memory 505 MiB.
2026-09-27T10:57:14Z INFO [22/500] 19759755-2f24-4c76-a0b1-bbde80f3a847: valid; 1.5 s; peak memory 505 MiB.
2026-09-27T10:57:19Z INFO [23/500] 1975e8e7-6b1c-4975-b6f4-0ec47b517166: valid; 5.0 s; peak memory 505 MiB.
2026-09-27T10:57:21Z INFO [24/500] 1975f897-2591-4d9c-b4b6-9f7c00f38b75: valid; 1.4 s; peak memory 505 MiB.
2026-09-27T10:57:23Z INFO [25/500] 19768e6c-e4bc-4424-a3f2-1765094363fa: valid; 2.1 s; peak memory 505 MiB.
2026-09-27T10:57:24Z INFO [26/500] 19769177-336c-4391-a660-314fbec79d90: valid; 1.1 s; peak memory 505 MiB.
2026-09-27T10:57:26Z INFO [27/500] 1976a2c3-c510-4113-9cfc-f37731c506e1: valid; 1.8 s; peak memory 510 MiB.
2026-09-27T10:57:42Z INFO [28/500] 19773a6a-9fe1-4178-83d4-69d828b2b474: valid; 16.3 s; peak memory 620 MiB.
2026-09-27T10:57:46Z INFO [29/500] 19773ed8-ba3a-440e-a691-b686c1144941: not valid; 4.0 s; peak memory 627 MiB.
2026-09-27T10:57:46Z WARNING 19778b38-2c9b-470e-8e3d-c04692c9e495: failed while retrieving asset information from the DANDI API (NotFoundError: No asset at path 'sub-EPCNHP1/sub-EPCNHP1_ses-2020-02-03-005_ecephys.nwb' in version 0.240701.1903. Verify the path is correct and the asset exists in this version. Use 'dandi ls' to list available assets.)
2026-09-27T10:57:48Z INFO [31/500] 1977bca3-bb5c-46bf-90f7-34e74cce2e75: valid; 2.0 s; peak memory 636 MiB.
2026-09-27T10:57:50Z INFO [32/500] 1977cc0a-dc57-4c21-a2ef-fff977c2c0e3: valid; 1.7 s; peak memory 649 MiB.
2026-09-27T10:57:51Z INFO [33/500] 19781d73-7500-4b05-a162-805d2197e9da: valid; 1.3 s; peak memory 652 MiB.
2026-09-27T10:57:53Z INFO [34/500] 1978bbf7-c681-48e4-9717-11baf7061457: not valid; 1.4 s; peak memory 656 MiB.
2026-09-27T10:57:55Z INFO [35/500] 19792c66-a432-4b92-a7e3-fa474beeec22: valid; 2.5 s; peak memory 664 MiB.
2026-09-27T10:57:59Z INFO [36/500] 19792c7a-c9a5-4794-8dc2-cf6c1ffd86de: valid; 3.5 s; peak memory 664 MiB.
2026-09-27T10:58:00Z WARNING 19797a57-4358-40c8-95c9-3ceca713e71f: failed while opening the NWB file (ConstructError: (root/acquisition/_iblmic_audioSpectrogram/bands GroupBuilder {'attributes': {'colnames': array(['freq'], dtype=object), 'description': 'spectogram frequencies', 'namespace': 'core', 'neurodata_type': 'FrequencyBandsTable', 'object_id': '24f05e63-68b0-489f-850d-8c72cb9b0099'}, 'groups': {}, 'datasets': {'freq': root/acquisition/_iblmic_audioSpectrogram/bands/freq DatasetBuilder {'attributes': {'description': 'frequency value', 'namespace': 'hdmf-common', 'neurodata_type': 'VectorData', 'object_id': '28453035-e657-4ac7-8994-23bbe5493a37'}, 'data': <HDF5 dataset "freq": shape (257,), type "<f4">}, 'id': root/acquisition/_iblmic_audioSpectrogram/bands/id DatasetBuilder {'attributes': {'namespace': 'hdmf-common', 'neurodata_type': 'ElementIdentifiers', 'object_id': 'd599cd94-ed5a-4c5c-8385-1297ad9dd4f3'}, 'data': <HDF5 dataset "id": shape (257,), type "<i4">}}, 'links': {}}, "Could not construct FrequencyBandsTable object due to: column must have the same number of rows as 'id'"))
2026-09-27T10:58:03Z INFO [38/500] 197a1737-f068-4e09-a5a7-f32068622f5f: valid; 2.3 s; peak memory 665 MiB.
2026-09-27T10:58:04Z INFO [39/500] 197a6e49-3d64-462e-9de8-3d865715bc51: valid; 1.0 s; peak memory 665 MiB.
2026-09-27T10:58:06Z INFO [40/500] 197b2141-15eb-4d9a-9186-3aafdb36a024: valid; 2.5 s; peak memory 665 MiB.
2026-09-27T10:58:07Z INFO [41/500] 197ba4fd-a66a-43b9-bd89-24282021263d: valid; 1.1 s; peak memory 665 MiB.
2026-09-27T10:58:08Z INFO [42/500] 197c39ea-a371-43ff-96d2-75e00c3b78a5: valid; 0.9 s; peak memory 665 MiB.
2026-09-27T10:58:10Z INFO [43/500] 197c3d23-047e-4b9d-abfe-9a2363da1e1c: valid; 2.0 s; peak memory 671 MiB.
2026-09-27T10:58:12Z INFO [44/500] 197d3bad-8fa0-41d6-bf11-3dcf7cfcc0d3: valid; 1.6 s; peak memory 671 MiB.
2026-09-27T10:58:20Z INFO [45/500] 197d68c8-ecff-483f-bd71-6099a989e0a1: valid; 8.4 s; peak memory 681 MiB.
2026-09-27T10:58:21Z INFO [46/500] 197decfd-6f48-4d7f-a723-23a0c08f83db: valid; 1.2 s; peak memory 682 MiB.
2026-09-27T10:58:23Z INFO [47/500] 197df93b-1786-4449-804a-3cdbf438b8c0: not valid; 1.8 s; peak memory 682 MiB.
2026-09-27T10:58:25Z INFO [48/500] 197e069d-b2e4-4302-9d61-166d55e52897: valid; 2.2 s; peak memory 682 MiB.
2026-09-27T10:58:27Z WARNING 197e4eed-cf78-4449-8739-852ad016c06d: failed while opening the NWB file (ConstructError: (root/acquisition/_iblmic_audioSpectrogram/bands GroupBuilder {'attributes': {'colnames': array(['freq'], dtype=object), 'description': 'spectogram frequencies', 'namespace': 'core', 'neurodata_type': 'FrequencyBandsTable', 'object_id': '0aab5005-db09-4fcb-8ebc-53a36dedcad5'}, 'groups': {}, 'datasets': {'freq': root/acquisition/_iblmic_audioSpectrogram/bands/freq DatasetBuilder {'attributes': {'description': 'frequency value', 'namespace': 'hdmf-common', 'neurodata_type': 'VectorData', 'object_id': 'bfd79da9-a407-4419-ac52-0300901c9604'}, 'data': <HDF5 dataset "freq": shape (257,), type "<f4">}, 'id': root/acquisition/_iblmic_audioSpectrogram/bands/id DatasetBuilder {'attributes': {'namespace': 'hdmf-common', 'neurodata_type': 'ElementIdentifiers', 'object_id': 'fcfae99d-ac61-4fe3-af43-3dde5a8cb25a'}, 'data': <HDF5 dataset "id": shape (257,), type "<i4">}}, 'links': {}}, "Could not construct FrequencyBandsTable object due to: column must have the same number of rows as 'id'"))
2026-09-27T10:58:29Z WARNING 197e5e84-55fd-4de7-904d-4799bdb3f149: failed while opening the NWB file (ConstructError: (root/general/optogenetics/PatternedOptogeneticStimulusSite GroupBuilder {'attributes': {'effector': 'GUR-3/PRDX-2', 'namespace': 'ndx-patterned-ogen', 'neurodata_type': 'PatternedOptogeneticStimulusSite', 'object_id': '9af37c72-7026-4854-b6b8-0f8e062b92d3'}, 'groups': {}, 'datasets': {'description': root/general/optogenetics/PatternedOptogeneticStimulusSite/description DatasetBuilder {'attributes': {}, 'data': 'Scanning'}, 'excitation_lambda': root/general/optogenetics/PatternedOptogeneticStimulusSite/excitation_lambda DatasetBuilder {'attributes': {}, 'data': np.float64(850.0)}, 'location': root/general/optogenetics/PatternedOptogeneticStimulusSite/location DatasetBuilder {'attributes': {}, 'data': 'whole brain'}}, 'links': {'device': root/general/optogenetics/PatternedOptogeneticStimulusSite/device LinkBuilder {'builder': root/general/devices/OptogeneticDevice GroupBuilder {'attributes': {'description': '', 'namespace': 'core', 'neurodata_type': 'Device', 'object_id': '3a0f10de-1a51-4d16-a8bb-b65a024a932d'}, 'groups': {}, 'datasets': {}, 'links': {}}}, 'light_source': root/general/optogenetics/PatternedOptogeneticStimulusSite/light_source LinkBuilder {'builder': root/general/devices/AmplifiedLaser GroupBuilder {'attributes': {'description': 'For two-photon optogenetic targeting, we used an optical parametric amplifier (OPA; Light Conversion ORPHEUS) pumped by a femtosecond amplified laser (Light Conversion PHAROS).', 'filter_description': 'Short pass at 1040 nm', 'manufacturer': 'Light Conversion', 'model': 'ORPHEUS amplifier and PHAROS laser', 'namespace': 'ndx-patterned-ogen', 'neurodata_type': 'LightSource', 'object_id': 'c76e8fbb-2c63-4f36-b387-caa916977897', 'peak_power_in_W': np.float64(0.0012), 'pulse_rate_in_Hz': np.float64(500000.0), 'stimulation_wavelength_in_nm': np.float64(850.0)}, 'groups': {}, 'datasets': {}, 'links': {}}}}}, "Could not construct PatternedOptogeneticStimulusSite object due to: CustomClassGenerator.set_init.<locals>.__init__: incorrect type for 'spatial_light_modulator' (got 'list', expected 'Device')"))
2026-09-27T10:58:30Z INFO [50/500] 197e5e84-55fd-4de7-904d-4799bdb3f149: checkpointed 81560 records.
2026-09-27T10:58:32Z INFO [51/500] 197e72e1-f99f-4443-88bf-8d6c0be60078: not valid; 1.7 s; peak memory 682 MiB.
2026-09-27T10:58:34Z INFO [52/500] 197f82d6-a456-4aec-b75d-7290aaa79410: valid; 2.4 s; peak memory 683 MiB.
2026-09-27T10:58:36Z INFO [53/500] 197fa944-fbd8-4271-ae44-aaee39fa07c7: valid; 1.5 s; peak memory 683 MiB.
2026-09-27T10:58:37Z INFO [54/500] 197ffc42-f849-4982-9318-a5f8d44d0fb0: valid; 1.2 s; peak memory 683 MiB.
2026-09-27T10:58:39Z INFO [55/500] 19805616-55c8-41f8-ba3d-6a90f4ed8dea: valid; 1.8 s; peak memory 683 MiB.
2026-09-27T10:58:41Z INFO [56/500] 19811f9d-3bc2-4a00-9940-fb2468c3b788: valid; 2.2 s; peak memory 683 MiB.
2026-09-27T10:58:47Z INFO [57/500] 19817624-7ce5-45ac-9d09-6888249a1cf0: valid; 6.0 s; peak memory 683 MiB.
2026-09-27T10:58:48Z INFO [58/500] 1981bf75-8c25-4977-94a0-c0ee88c49663: valid; 1.3 s; peak memory 683 MiB.
2026-09-27T10:59:03Z INFO [59/500] 1981de96-aae7-4ded-899a-51a80b0ae7d3: not valid; 15.2 s; peak memory 710 MiB.
2026-09-27T10:59:04Z INFO [60/500] 19839e0a-6879-4d00-a716-7c9115750025: valid; 1.2 s; peak memory 713 MiB.
2026-09-27T10:59:07Z INFO [61/500] 198464b9-82e4-4ed5-ab3c-cae8112983b1: valid; 2.3 s; peak memory 720 MiB.
2026-09-27T10:59:10Z INFO [62/500] 198466e3-2a9c-4eb4-b390-592f4f4a09f8: not valid; 3.5 s; peak memory 732 MiB.
2026-09-27T10:59:12Z INFO [63/500] 1984f03f-04d6-4f7e-9145-17dd5e6fd6b6: not valid; 1.8 s; peak memory 734 MiB.
2026-09-27T10:59:15Z INFO [64/500] 198553cd-de79-4445-89a3-090c3eb7f41a: valid; 2.7 s; peak memory 741 MiB.
2026-09-27T10:59:16Z INFO [65/500] 19858930-1085-44f5-9b31-154fef36f35b: valid; 1.0 s; peak memory 741 MiB.
2026-09-27T10:59:17Z INFO [66/500] 19858d4b-8385-4eb6-a95d-f017aa9fb4f5: valid; 1.7 s; peak memory 741 MiB.
2026-09-27T10:59:18Z INFO [67/500] 19863ec6-8c78-41e3-8810-ab303b94f67b: valid; 1.1 s; peak memory 741 MiB.
2026-09-27T10:59:20Z INFO [68/500] 198664b7-f3f4-4240-9561-5da044d95b20: valid; 1.8 s; peak memory 741 MiB.
2026-09-27T10:59:24Z INFO [69/500] 19873a50-bd73-41bc-8c00-3e6717cd8e5f: valid; 4.3 s; peak memory 742 MiB.
2026-09-27T10:59:26Z INFO [70/500] 198779ef-f747-4733-82f2-4e6aa8e6d4c7: valid; 1.7 s; peak memory 742 MiB.
2026-09-27T10:59:28Z INFO [71/500] 1987abf7-7659-4e8b-a9de-a8b6893e7c5c: valid; 1.5 s; peak memory 744 MiB.
2026-09-27T10:59:29Z INFO [72/500] 1987c976-ee20-458f-b9e4-c88dd5357c1d: valid; 1.5 s; peak memory 744 MiB.
2026-09-27T10:59:31Z WARNING 19888d58-045d-485f-a8bd-a727a107a280: failed while opening the NWB file (ConstructError: (root/acquisition/_iblmic_audioSpectrogram/bands GroupBuilder {'attributes': {'colnames': array(['freq'], dtype=object), 'description': 'spectogram frequencies', 'namespace': 'core', 'neurodata_type': 'FrequencyBandsTable', 'object_id': 'f491714c-40b3-403c-85bb-040a50aca9f5'}, 'groups': {}, 'datasets': {'freq': root/acquisition/_iblmic_audioSpectrogram/bands/freq DatasetBuilder {'attributes': {'description': 'frequency value', 'namespace': 'hdmf-common', 'neurodata_type': 'VectorData', 'object_id': '25f29f39-13c1-414f-839c-571dcd0a13bc'}, 'data': <HDF5 dataset "freq": shape (257,), type "<f4">}, 'id': root/acquisition/_iblmic_audioSpectrogram/bands/id DatasetBuilder {'attributes': {'namespace': 'hdmf-common', 'neurodata_type': 'ElementIdentifiers', 'object_id': '8aebf65b-d086-489f-913f-2c81027bc4f8'}, 'data': <HDF5 dataset "id": shape (257,), type "<i4">}}, 'links': {}}, "Could not construct FrequencyBandsTable object due to: column must have the same number of rows as 'id'"))
2026-09-27T10:59:33Z INFO [74/500] 1988cb11-a899-499f-afcd-06fa0f279272: valid; 1.7 s; peak memory 746 MiB.
2026-09-27T10:59:34Z INFO [75/500] 198973bb-88ca-4ced-bba4-fe4bbd51afb5: valid; 1.9 s; peak memory 750 MiB.
2026-09-27T10:59:36Z INFO [76/500] 19897db7-a91d-4590-861a-7972cfed40f9: valid; 1.5 s; peak memory 754 MiB.
2026-09-27T10:59:43Z INFO [77/500] 1989d1ac-1be6-40cd-ad82-dd083cb41465: valid; 7.5 s; peak memory 800 MiB.
2026-09-27T10:59:49Z INFO [78/500] 198a2fc4-6526-4b29-a13f-f5fad43951bb: valid; 5.7 s; peak memory 815 MiB.
2026-09-27T11:00:05Z INFO [79/500] 198b2f28-2f5c-4b0f-965a-c38aa6918ad7: valid; 16.3 s; peak memory 1155 MiB.
2026-09-27T11:00:06Z WARNING 198b7665-a140-4fcc-aa42-d8a5f78dfa6d: failed while retrieving asset information from the DANDI API (NotFoundError: No such Dandiset: 001269)
2026-09-27T11:00:07Z INFO [81/500] 198be658-ed84-4f00-9c7d-9ab91f7050ca: valid; 1.6 s; peak memory 1155 MiB.
2026-09-27T11:00:09Z INFO [82/500] 198c4f0d-7879-402a-9ba8-e5ca6808bfa4: valid; 1.5 s; peak memory 1155 MiB.
2026-09-27T11:00:11Z INFO [83/500] 198c6c57-72da-47e6-a871-94f2973d92af: not valid; 2.8 s; peak memory 1158 MiB.
2026-09-27T11:00:17Z INFO [84/500] 198cb718-d9fa-4fa1-8354-f66ae3b92fc3: valid; 5.5 s; peak memory 1173 MiB.
2026-09-27T11:00:19Z INFO [85/500] 198d9da1-9685-400e-bb4f-86c2933870cd: valid; 1.8 s; peak memory 1180 MiB.
2026-09-27T11:00:38Z INFO [86/500] 198dac18-4e0f-448e-8a16-c141311ea3d2: valid; 18.9 s; peak memory 1280 MiB.
2026-09-27T11:00:40Z INFO [87/500] 198f1516-c554-41db-8a06-f383a82577d3: valid; 2.1 s; peak memory 1285 MiB.
2026-09-27T11:00:41Z INFO [88/500] 198f497c-fe80-41d3-82d8-253faa43a40d: not valid; 1.6 s; peak memory 1292 MiB.
2026-09-27T11:00:41Z WARNING 1990fb41-fc2c-423d-ab93-a8ddbdeb478e: failed while retrieving asset information from the DANDI API (NotFoundError: No asset at path 'sub-784803/sub-784803_ses-behavior-784803-2025-07-01-13-58-23.nwb' in version draft. Verify the path is correct and the asset exists in this version. Use 'dandi ls' to list available assets.)
2026-09-27T11:00:43Z INFO [90/500] 19911255-3f4b-4d38-a584-c77f1ce15243: valid; 2.1 s; peak memory 1300 MiB.
2026-09-27T11:00:46Z INFO [91/500] 1991333f-0637-4b1a-8fa2-ca49aceca23a: valid; 2.6 s; peak memory 1309 MiB.
2026-09-27T11:00:47Z INFO [92/500] 1991817c-a9c9-466b-b0c5-fb9315c5ef5c: not valid; 1.5 s; peak memory 1309 MiB.
2026-09-27T11:00:49Z INFO [93/500] 1991b284-1988-450a-82ca-7748288f0adc: valid; 1.8 s; peak memory 1309 MiB.
2026-09-27T11:00:50Z INFO [94/500] 1991d275-6f20-4b66-a97f-40ce3d9624b9: valid; 1.2 s; peak memory 1309 MiB.
2026-09-27T11:00:52Z INFO [95/500] 199206a2-48fd-4cf5-851a-d0334290302a: valid; 1.2 s; peak memory 1309 MiB.
2026-09-27T11:01:04Z INFO [96/500] 1992162b-eda1-4bc4-81de-924149b66207: valid; 12.8 s; peak memory 1384 MiB.
2026-09-27T11:01:10Z INFO [97/500] 1992ef9e-4540-4da0-ab74-63257ee65054: valid; 5.1 s; peak memory 1384 MiB.
2026-09-27T11:01:11Z INFO [98/500] 1993ddf6-c198-4a0d-b7e1-d54e4c974e3e: not valid; 1.3 s; peak memory 1384 MiB.
2026-09-27T11:01:13Z INFO [99/500] 199426f2-9025-44cc-ac4c-d5d243f4aa23: valid; 2.3 s; peak memory 1384 MiB.
2026-09-27T11:01:14Z INFO [100/500] 19944bfd-3e54-41ee-8b8c-292f6346a869: not valid; 1.3 s; peak memory 1384 MiB.
2026-09-27T11:01:15Z INFO [100/500] 19944bfd-3e54-41ee-8b8c-292f6346a869: checkpointed 81610 records.
2026-09-27T11:01:20Z INFO [101/500] 19950823-aba2-4b51-ac21-c491de3e87a2: valid; 4.6 s; peak memory 1384 MiB.
2026-09-27T11:01:24Z INFO [102/500] 199529fe-dabf-4ede-85c7-4f80cc78fd0c: not valid; 3.8 s; peak memory 1384 MiB.
2026-09-27T11:01:25Z INFO [103/500] 1995bdc5-dd5e-40fa-b034-a8df48274d68: not valid; 1.8 s; peak memory 1384 MiB.
2026-09-27T11:01:31Z INFO [104/500] 199701e7-a410-4cbf-9516-510a555e9b16: valid; 6.0 s; peak memory 1464 MiB.
2026-09-27T11:01:33Z INFO [105/500] 19971d6f-1e33-49f4-837c-1862b9484b90: not valid; 1.4 s; peak memory 1464 MiB.
2026-09-27T11:01:36Z INFO [106/500] 1997e3d4-cfd3-43b4-9434-48bc94e463e2: valid; 2.8 s; peak memory 1464 MiB.
2026-09-27T11:01:46Z INFO [107/500] 19991265-c9ce-4167-a4df-d4fbb216dd4d: valid; 10.3 s; peak memory 1464 MiB.
2026-09-27T11:01:47Z INFO [108/500] 19994844-a49c-41e8-a198-46b39fe3baee: valid; 1.0 s; peak memory 1464 MiB.
2026-09-27T11:01:48Z INFO [109/500] 19996550-ae04-4e33-81bc-45f616e8c817: valid; 1.3 s; peak memory 1464 MiB.
2026-09-27T11:01:52Z INFO [110/500] 19998990-d06f-40db-8d07-c5121b317b6a: valid; 3.5 s; peak memory 1464 MiB.
2026-09-27T11:01:53Z INFO [111/500] 1999bf1d-ce24-4d22-89fc-1e8816c29245: valid; 1.5 s; peak memory 1464 MiB.
2026-09-27T11:02:09Z INFO [112/500] 199a6469-8e9f-44f1-b05e-dc831b65628e: not valid; 16.3 s; peak memory 1483 MiB.
2026-09-27T11:02:11Z INFO [113/500] 199b4e12-d57a-42e1-9398-65d448dc874e: valid; 1.8 s; peak memory 1483 MiB.
2026-09-27T11:02:15Z INFO [114/500] 199b6de3-dbed-4e35-bdd9-fedbc96daa3e: valid; 4.2 s; peak memory 1485 MiB.
2026-09-27T11:02:17Z INFO [115/500] 199b868a-6032-4258-ac6e-c7dea99a4e6b: valid; 1.5 s; peak memory 1486 MiB.
2026-09-27T11:02:38Z INFO [116/500] 199c1f67-8ec8-463f-9139-55d1bc27437b: not valid; 21.1 s; peak memory 1516 MiB.
2026-09-27T11:02:40Z WARNING 199c6d22-0619-43ba-9d64-b3b082ef2887: failed while opening the NWB file (ConstructError: (root/acquisition/_iblmic_audioSpectrogram/bands GroupBuilder {'attributes': {'colnames': array(['freq'], dtype=object), 'description': 'spectogram frequencies', 'namespace': 'core', 'neurodata_type': 'FrequencyBandsTable', 'object_id': 'b10c5bc1-cc87-4f49-abc2-85be3b6227b1'}, 'groups': {}, 'datasets': {'freq': root/acquisition/_iblmic_audioSpectrogram/bands/freq DatasetBuilder {'attributes': {'description': 'frequency value', 'namespace': 'hdmf-common', 'neurodata_type': 'VectorData', 'object_id': 'bbbdde1f-d7a0-4a96-addc-c1b81b99e343'}, 'data': <HDF5 dataset "freq": shape (257,), type "<f4">}, 'id': root/acquisition/_iblmic_audioSpectrogram/bands/id DatasetBuilder {'attributes': {'namespace': 'hdmf-common', 'neurodata_type': 'ElementIdentifiers', 'object_id': 'ad7b1507-4561-4518-a2c2-e40f6c0c5f7b'}, 'data': <HDF5 dataset "id": shape (257,), type "<i4">}}, 'links': {}}, "Could not construct FrequencyBandsTable object due to: column must have the same number of rows as 'id'"))
2026-09-27T11:02:49Z INFO [118/500] 199c88b5-4629-48f4-bc97-04e474261aa5: valid; 9.6 s; peak memory 1631 MiB.
2026-09-27T11:02:50Z INFO [119/500] 199ce24d-aeeb-4c66-9304-e26a5372d450: valid; 1.0 s; peak memory 1631 MiB.
2026-09-27T11:03:00Z INFO [120/500] 199d13b6-2a67-4275-ac66-62b445bb45de: not valid; 9.6 s; peak memory 1687 MiB.
2026-09-27T11:03:02Z INFO [121/500] 199da42f-a96f-459e-9bd5-91e901ab0ebb: not valid; 1.7 s; peak memory 1687 MiB.
2026-09-27T11:03:06Z INFO [122/500] 199e5419-2fdd-4ae9-9161-44505b6fb8ba: not valid; 4.2 s; peak memory 1687 MiB.
2026-09-27T11:03:07Z INFO [123/500] 199ec995-1176-4869-82f4-b39435b62bb2: valid; 1.4 s; peak memory 1687 MiB.
2026-09-27T11:03:09Z INFO [124/500] 199efbc6-384d-4c6c-882a-ca1deb9c2de5: valid; 1.8 s; peak memory 1687 MiB.
2026-09-27T11:03:11Z INFO [125/500] 199f5b85-af94-47bf-84d3-7dfef17c793f: valid; 1.6 s; peak memory 1687 MiB.
2026-09-27T11:03:12Z INFO [126/500] 199f7c93-36a0-4070-a602-b3c6dc45bfb5: valid; 0.9 s; peak memory 1687 MiB.
2026-09-27T11:03:13Z WARNING 199f8f50-d155-4094-97a8-df1224bee29b: failed while opening the NWB file (ConstructError: (root/acquisition/_iblmic_audioSpectrogram/bands GroupBuilder {'attributes': {'colnames': array(['freq'], dtype=object), 'description': 'spectogram frequencies', 'namespace': 'core', 'neurodata_type': 'FrequencyBandsTable', 'object_id': '1de81b8e-7761-4dff-9817-60c451358d82'}, 'groups': {}, 'datasets': {'freq': root/acquisition/_iblmic_audioSpectrogram/bands/freq DatasetBuilder {'attributes': {'description': 'frequency value', 'namespace': 'hdmf-common', 'neurodata_type': 'VectorData', 'object_id': 'f00742b2-62c2-475c-bd94-96bf6ecea7d2'}, 'data': <HDF5 dataset "freq": shape (257,), type "<f4">}, 'id': root/acquisition/_iblmic_audioSpectrogram/bands/id DatasetBuilder {'attributes': {'namespace': 'hdmf-common', 'neurodata_type': 'ElementIdentifiers', 'object_id': '431b0bc8-c1f4-4bd1-9a78-833253f4d530'}, 'data': <HDF5 dataset "id": shape (257,), type "<i4">}}, 'links': {}}, "Could not construct FrequencyBandsTable object due to: column must have the same number of rows as 'id'"))
2026-09-27T11:03:15Z INFO [128/500] 199f941f-57aa-418c-bc1d-89f87e828d66: not valid; 1.3 s; peak memory 1687 MiB.
2026-09-27T11:03:16Z INFO [129/500] 19a026db-27d0-443a-b0c1-6e946360d7c7: valid; 1.2 s; peak memory 1687 MiB.
2026-09-27T11:03:17Z INFO [130/500] 19a03568-ff97-438e-a933-41add7c847ec: not valid; 1.2 s; peak memory 1687 MiB.
2026-09-27T11:03:18Z INFO [131/500] 19a03751-791f-4fcb-a96c-e900e071e8d4: valid; 1.3 s; peak memory 1687 MiB.
2026-09-27T11:03:19Z INFO [132/500] 19a2ad5b-65b5-45be-b51d-170e1a73986a: valid; 0.9 s; peak memory 1687 MiB.
2026-09-27T11:03:24Z INFO [133/500] 19a2f25a-5306-4d18-84b5-ddb8bb3f94fc: not valid; 5.2 s; peak memory 1689 MiB.
2026-09-27T11:03:25Z INFO [134/500] 19a3a5ec-ee52-44ca-bd16-6164db0a9f36: valid; 1.1 s; peak memory 1689 MiB.
2026-09-27T11:03:28Z INFO [135/500] 19a3c3cf-29a3-4f5c-a7f5-1652e59fbdfc: valid; 3.0 s; peak memory 1689 MiB.
2026-09-27T11:03:29Z INFO [136/500] 19a3c4e2-1e34-4987-8b95-24ab1b4d94c0: valid; 1.0 s; peak memory 1689 MiB.
2026-09-27T11:03:33Z INFO [137/500] 19a43529-dfd9-42c8-9948-37412e058d9b: valid; 3.6 s; peak memory 1689 MiB.
2026-09-27T11:03:39Z INFO [138/500] 19a4a3da-086c-41f9-9126-64b198797687: not valid; 5.6 s; peak memory 1689 MiB.
2026-09-27T11:03:40Z INFO [139/500] 19a4a40a-dfa9-48e4-aa7c-4ed730c485d4: valid; 1.1 s; peak memory 1689 MiB.
2026-09-27T11:03:41Z INFO [140/500] 19a4c2e3-3606-47c2-b816-bb9e31175ca7: not valid; 1.5 s; peak memory 1689 MiB.
2026-09-27T11:03:43Z INFO [141/500] 19a64db3-b69b-4303-b4ed-5ac3f25d5da0: valid; 1.6 s; peak memory 1689 MiB.
2026-09-27T11:03:44Z INFO [142/500] 19a67a7f-30fe-4d2c-86aa-41dfc3b62d1d: valid; 1.1 s; peak memory 1689 MiB.
2026-09-27T11:03:56Z INFO [143/500] 19a6d42b-9fcc-4c8a-8f69-7763d2a285af: not valid; 12.5 s; peak memory 1702 MiB.
2026-09-27T11:04:03Z INFO [144/500] 19a70ac2-836f-4994-8aa5-b62364988787: valid; 6.5 s; peak memory 1722 MiB.
2026-09-27T11:04:04Z INFO [145/500] 19a70f2b-48f5-4fec-855c-3b99836cabe6: valid; 1.1 s; peak memory 1723 MiB.
2026-09-27T11:04:05Z INFO [146/500] 19a723a2-7e35-4122-8ffe-349fe797e3ab: valid; 1.5 s; peak memory 1724 MiB.
2026-09-27T11:04:14Z INFO [147/500] 19a73c69-8484-4567-912d-13c1677e9564: valid; 8.6 s; peak memory 1740 MiB.
2026-09-27T11:04:16Z INFO [148/500] 19a79a8b-d53b-4785-a5f5-7ecbae90d9a5: valid; 2.3 s; peak memory 1742 MiB.
2026-09-27T11:04:18Z INFO [149/500] 19a7cc9f-794f-41c4-8c5d-8af65f4128b5: not valid; 1.5 s; peak memory 1742 MiB.
2026-09-27T11:04:18Z WARNING 19a7cde4-d5f1-48e9-9ff7-0362e31ac198: failed while retrieving asset information from the DANDI API (NotFoundError: No such Dandiset: 000948)
2026-09-27T11:04:19Z INFO [150/500] 19a7cde4-d5f1-48e9-9ff7-0362e31ac198: checkpointed 81660 records.
2026-09-27T11:04:30Z INFO [151/500] 19a83705-079f-47c1-b861-7babafa75283: valid; 11.1 s; peak memory 1798 MiB.
2026-09-27T11:04:32Z INFO [152/500] 19a8389e-92e0-4ce8-bb70-aa579d45dd24: valid; 2.1 s; peak memory 1798 MiB.
2026-09-27T11:04:37Z INFO [153/500] 19a8afc2-a0fc-4d40-a05c-118be4b4fe11: valid; 4.8 s; peak memory 1798 MiB.
2026-09-27T11:04:38Z INFO [154/500] 19a8d744-f833-434a-b902-6ca45fb39d21: valid; 1.8 s; peak memory 1798 MiB.
2026-09-27T11:04:40Z INFO [155/500] 19a8f244-dca6-4f50-b0e6-e46b952a7927: not valid; 1.4 s; peak memory 1798 MiB.
2026-09-27T11:04:45Z INFO [156/500] 19a9f800-c2b1-43c0-98dd-6da660a457cc: valid; 5.5 s; peak memory 1801 MiB.
2026-09-27T11:04:53Z INFO [157/500] 19aa2ca6-80d2-43dd-ac26-94bfc965577b: valid; 8.2 s; peak memory 1954 MiB.
2026-09-27T11:04:54Z INFO [158/500] 19aa3c47-b72d-4336-9e16-6ebe7ea76bbc: valid; 1.1 s; peak memory 1954 MiB.
2026-09-27T11:04:57Z INFO [159/500] 19aaf276-e9c7-4989-a2a8-d2d965e3ca13: not valid; 2.1 s; peak memory 1954 MiB.
2026-09-27T11:04:58Z INFO [160/500] 19ab23ed-06f3-46cd-b442-d8f031f21795: valid; 1.2 s; peak memory 1954 MiB.
2026-09-27T11:05:01Z INFO [161/500] 19ab7618-476e-459e-bec6-807ab704522a: valid; 2.8 s; peak memory 1954 MiB.
2026-09-27T11:05:08Z INFO [162/500] 19acaded-ce99-41fb-81fd-613a597f04d4: valid; 7.2 s; peak memory 1954 MiB.
2026-09-27T11:05:09Z INFO [163/500] 19aceda5-34fb-4eee-9f87-5f561bf1f094: valid; 1.2 s; peak memory 1954 MiB.
2026-09-27T11:05:10Z INFO [164/500] 19acf3d8-0d1b-42a3-b97a-68f9a60e1edd: valid; 1.4 s; peak memory 1954 MiB.
2026-09-27T11:05:16Z INFO [165/500] 19add37d-641c-4dcb-9cba-59c07adcc198: not valid; 5.1 s; peak memory 1954 MiB.
2026-09-27T11:05:17Z INFO [166/500] 19ae1b56-b2f2-44cc-9de0-138633137c91: valid; 1.2 s; peak memory 1954 MiB.
2026-09-27T11:05:18Z INFO [167/500] 19ae95f9-f874-40f9-8c79-2c5c3791a2c6: valid; 1.2 s; peak memory 1954 MiB.
2026-09-27T11:05:20Z INFO [168/500] 19aefdd2-e1bb-4e32-9267-4c548a25fdc7: valid; 1.7 s; peak memory 1954 MiB.
2026-09-27T11:05:21Z INFO [169/500] 19affce9-3047-4d93-b759-d6b27e5a90f6: valid; 1.1 s; peak memory 1954 MiB.
2026-09-27T11:05:22Z INFO [170/500] 19b01bac-d223-408e-88dc-ef835480dde5: valid; 1.3 s; peak memory 1954 MiB.
2026-09-27T11:05:24Z INFO [171/500] 19b05f4a-5f00-46bc-aed5-156760da602f: valid; 2.4 s; peak memory 1954 MiB.
2026-09-27T11:05:28Z INFO [172/500] 19b0ba36-1d6c-4135-bcb7-e6a0d9e7f151: not valid; 3.3 s; peak memory 1954 MiB.
2026-09-27T11:05:28Z WARNING 19b0d3ac-5307-406e-9e5c-11da66ff6d62: failed while retrieving asset information from the DANDI API (NotFoundError: No asset at path 'sub-739970/sub-739970_ses-739970-2024-10-16-12-15-29-json.nwb' in version draft. Verify the path is correct and the asset exists in this version. Use 'dandi ls' to list available assets.)
2026-09-27T11:05:29Z INFO [174/500] 19b128e8-dbd8-447c-8afc-90a62e5fc10e: valid; 1.1 s; peak memory 1954 MiB.
2026-09-27T11:05:30Z INFO [175/500] 19b1fce3-d8f3-4987-95e1-9b89bbf8207b: valid; 1.2 s; peak memory 1954 MiB.
2026-09-27T11:05:32Z INFO [176/500] 19b29c49-9400-4ae3-915c-8f233cd637bb: not valid; 1.5 s; peak memory 1954 MiB.
2026-09-27T11:05:34Z INFO [177/500] 19b2e2d8-e3e1-4c27-b606-96e3ec2754c7: valid; 2.5 s; peak memory 1954 MiB.
2026-09-27T11:05:36Z INFO [178/500] 19b2e447-860b-4fe7-b2af-cc88eb444278: valid; 1.6 s; peak memory 1954 MiB.
2026-09-27T11:05:37Z INFO [179/500] 19b4317b-2ca2-40b5-8651-4c2ce1d34692: valid; 1.2 s; peak memory 1954 MiB.
2026-09-27T11:05:38Z WARNING 19b476c6-785a-46c9-922c-d41c50950e9a: failed while opening the NWB file (ValueError: Cannot resolve included group spec 'electrodes' with data_type_inc 'ElectrodesTable' because a group spec with the same name already exists with data_type_inc 'DynamicTable', and data type 'DynamicTable' is not a child type of data type 'ElectrodesTable'.)
2026-09-27T11:05:40Z INFO [181/500] 19b4b45d-a121-40c8-9adb-7f31c6b0c916: valid; 1.2 s; peak memory 1954 MiB.
2026-09-27T11:05:51Z INFO [182/500] 19b4c90d-9417-4554-9250-63ebb1074171: valid; 11.5 s; peak memory 1954 MiB.
2026-09-27T11:05:52Z INFO [183/500] 19b59382-1ef2-4ab6-9499-21dc8d301648: valid; 1.3 s; peak memory 1954 MiB.
2026-09-27T11:05:55Z INFO [184/500] 19b60825-5dd2-4e7e-9bb2-a78df5bbfc4c: valid; 2.9 s; peak memory 1960 MiB.
2026-09-27T11:05:58Z INFO [185/500] 19b63b2b-5ce8-49cb-893d-aa790ff675c2: not valid; 2.4 s; peak memory 1960 MiB.
2026-09-27T11:06:00Z INFO [186/500] 19b6c78d-65e8-4494-bd98-96f75e036f86: valid; 2.2 s; peak memory 1960 MiB.
2026-09-27T11:06:02Z INFO [187/500] 19b6cc8f-607e-407c-8bb5-bf7ef8966a7a: valid; 2.3 s; peak memory 1960 MiB.
2026-09-27T11:06:05Z INFO [188/500] 19b730ce-ff7c-4df4-98d4-d9e861950f4f: valid; 2.4 s; peak memory 1961 MiB.
2026-09-27T11:06:06Z INFO [189/500] 19b73f18-7e0b-4616-856c-08a22ee8fc60: valid; 1.8 s; peak memory 1961 MiB.
2026-09-27T11:06:09Z INFO [190/500] 19b855a2-7593-49f3-8e4e-c2a6295bc46b: valid; 2.4 s; peak memory 1961 MiB.
2026-09-27T11:06:10Z INFO [191/500] 19b86fd8-6ee3-47a8-bca5-6f697c221745: not valid; 1.7 s; peak memory 1961 MiB.
2026-09-27T11:06:12Z INFO [192/500] 19b88991-59b5-4e6f-8a4d-675bac09dda1: valid; 1.3 s; peak memory 1961 MiB.
2026-09-27T11:06:13Z INFO [193/500] 19b93984-f7d2-4a3c-97dd-73bbcabb1fda: valid; 0.9 s; peak memory 1961 MiB.
2026-09-27T11:06:15Z INFO [194/500] 19b95305-1a6f-461c-9525-85cd920f342e: valid; 1.9 s; peak memory 1961 MiB.
2026-09-27T11:06:16Z INFO [195/500] 19b9c33d-c926-44a0-84b7-7ad26805cb19: valid; 1.3 s; peak memory 1961 MiB.
2026-09-27T11:06:18Z INFO [196/500] 19bb2079-9453-4650-ab54-b8122bf7d4a7: valid; 2.2 s; peak memory 1961 MiB.
2026-09-27T11:06:18Z WARNING 19bb4ac7-1328-4ba4-bce2-565c5d031cc6: failed while retrieving asset information from the DANDI API (NotFoundError: No asset at path 'sub-parkinson-simulated-lfp/sub-parkinson-simulated-lfp_ses-2769_ecephys.nwb' in version 0.250327.2220. Verify the path is correct and the asset exists in this version. Use 'dandi ls' to list available assets.)
2026-09-27T11:06:21Z INFO [198/500] 19bc8d8d-0638-4e82-b30f-5afb6fe8d2de: not valid; 3.2 s; peak memory 1961 MiB.
2026-09-27T11:06:23Z INFO [199/500] 19bd5371-b3c9-4071-8b25-74f6d54daf82: valid; 1.2 s; peak memory 1961 MiB.
2026-09-27T11:06:24Z INFO [200/500] 19bdba67-a391-4795-9fd2-70fae1efed4f: valid; 1.6 s; peak memory 1961 MiB.
2026-09-27T11:06:25Z INFO [200/500] 19bdba67-a391-4795-9fd2-70fae1efed4f: checkpointed 81710 records.
2026-09-27T11:06:26Z INFO [201/500] 19bdd6c2-f379-41ec-b2d1-12e04ac52953: valid; 1.6 s; peak memory 1961 MiB.
2026-09-27T11:06:28Z INFO [202/500] 19bde76c-88ec-4886-90f1-e36db639eb6c: valid; 1.1 s; peak memory 1961 MiB.
2026-09-27T11:06:31Z INFO [203/500] 19be0d7a-68ad-430b-9713-33580b366805: valid; 3.5 s; peak memory 1961 MiB.
2026-09-27T11:06:34Z INFO [204/500] 19bebe56-66f5-44be-8647-328bde24973f: valid; 2.6 s; peak memory 1961 MiB.
2026-09-27T11:06:35Z INFO [205/500] 19bef4d8-b3cc-4b07-8d04-8f4b9e8c309f: valid; 1.2 s; peak memory 1961 MiB.
2026-09-27T11:06:36Z INFO [206/500] 19c0c45a-b033-43cb-a0ef-40b74ccd2a9f: not valid; 1.5 s; peak memory 1961 MiB.
2026-09-27T11:06:39Z INFO [207/500] 19c12d12-5938-4176-b0b9-cd6bff5a7fd1: valid; 2.5 s; peak memory 1961 MiB.
2026-09-27T11:06:47Z INFO [208/500] 19c14161-8e23-4fbb-a8b1-77da8d84c544: valid; 8.1 s; peak memory 1961 MiB.
2026-09-27T11:06:50Z INFO [209/500] 19c18475-cb6b-4cb2-afe5-bd3922175f46: valid; 3.1 s; peak memory 2002 MiB.
2026-09-27T11:06:51Z INFO [210/500] 19c1ce6e-0f58-4c74-883f-bf53f140d8bf: valid; 1.1 s; peak memory 2002 MiB.
2026-09-27T11:06:53Z INFO [211/500] 19c1ddab-f7f1-4c1f-af81-ec1c7a37e7fb: valid; 2.1 s; peak memory 2002 MiB.
2026-09-27T11:06:57Z INFO [212/500] 19c1f3d2-1c99-4560-acb5-2f0c0c5936f4: not valid; 3.3 s; peak memory 2002 MiB.
2026-09-27T11:06:58Z INFO [213/500] 19c252b9-63ca-4b64-910e-7714413bc2a1: valid; 1.9 s; peak memory 2002 MiB.
2026-09-27T11:07:00Z INFO [214/500] 19c2cb3b-bdb7-4cb4-ac54-b086839a0774: not valid; 1.4 s; peak memory 2002 MiB.
2026-09-27T11:07:01Z INFO [215/500] 19c35403-48f3-4213-b1cb-6f757ef43323: valid; 1.3 s; peak memory 2002 MiB.
2026-09-27T11:07:03Z INFO [216/500] 19c3aba3-8cb4-4e62-985d-de6c2eca7f05: valid; 1.6 s; peak memory 2002 MiB.
2026-09-27T11:07:04Z INFO [217/500] 19c45fed-f5e7-4108-93ea-b37c08ea2af3: valid; 1.2 s; peak memory 2002 MiB.
2026-09-27T11:07:17Z INFO [218/500] 19c52d2e-7739-43ed-b5ff-6be498e90be6: valid; 12.9 s; peak memory 2024 MiB.
2026-09-27T11:07:35Z INFO [219/500] 19c65486-b65c-4f24-9961-bc24065a913c: not valid; 18.4 s; peak memory 2122 MiB.
2026-09-27T11:07:37Z INFO [220/500] 19c695f3-7fc4-4a7b-a828-96c2522d6eb1: valid; 2.4 s; peak memory 2127 MiB.
2026-09-27T11:07:39Z INFO [221/500] 19c761c8-fc26-4d0a-b8e3-f5c155af0317: valid; 1.7 s; peak memory 2134 MiB.
2026-09-27T11:07:40Z INFO [222/500] 19c79416-b78a-4332-bace-7fef5dad1b2b: valid; 1.1 s; peak memory 2136 MiB.
2026-09-27T11:07:42Z INFO [223/500] 19c7b6e7-a2f1-4100-b59d-625f92766fa4: not valid; 1.4 s; peak memory 2138 MiB.
2026-09-27T11:07:43Z INFO [224/500] 19c88782-584b-490d-9a94-94a5e0de6a97: valid; 1.0 s; peak memory 2140 MiB.
2026-09-27T11:07:44Z INFO [225/500] 19c92c0b-1893-4681-a620-333cd2405627: valid; 1.2 s; peak memory 2142 MiB.
2026-09-27T11:07:49Z INFO [226/500] 19c9a12d-f51e-480a-9627-b45919d3083d: valid; 5.7 s; peak memory 2154 MiB.
2026-09-27T11:07:59Z INFO [227/500] 19c9a304-a0ae-44aa-9adc-424e7b03f279: valid; 9.2 s; peak memory 2182 MiB.
2026-09-27T11:08:01Z INFO [228/500] 19c9d15a-2a18-4b83-ab24-3092c50a6f91: valid; 2.3 s; peak memory 2185 MiB.
2026-09-27T11:08:03Z INFO [229/500] 19ca1714-41bb-4496-a66c-ec12cbf1bcb6: valid; 2.2 s; peak memory 2191 MiB.
2026-09-27T11:08:06Z INFO [230/500] 19ca1927-8a89-49f8-a639-fa9820aeb686: valid; 2.4 s; peak memory 2191 MiB.
2026-09-27T11:08:09Z INFO [231/500] 19cb4e11-1f53-4161-9290-7232945f3263: valid; 3.2 s; peak memory 2193 MiB.
2026-09-27T11:08:11Z INFO [232/500] 19cb8886-198a-41df-9463-4b2cc52f8ffb: valid; 2.2 s; peak memory 2197 MiB.
2026-09-27T11:08:12Z INFO [233/500] 19cbbb2c-67f1-4478-bcbc-a97d8b4444e0: valid; 1.2 s; peak memory 2197 MiB.
2026-09-27T11:08:14Z INFO [234/500] 19cbf9eb-0b64-4271-8aa5-e18b98d242af: valid; 1.6 s; peak memory 2197 MiB.
2026-09-27T11:08:15Z INFO [235/500] 19cc1575-1d5b-4142-b9c3-a32b345a133b: not valid; 1.3 s; peak memory 2197 MiB.
2026-09-27T11:08:16Z INFO [236/500] 19cd1e21-f951-4cf1-a40a-1f03252fae4c: valid; 1.1 s; peak memory 2197 MiB.
2026-09-27T11:08:20Z INFO [237/500] 19cd8985-78aa-4fc5-b0d8-fd64e2fc5120: valid; 3.7 s; peak memory 2197 MiB.
2026-09-27T11:08:22Z INFO [238/500] 19cd9b6d-a5b9-4394-aa3f-ced33437c77a: valid; 1.9 s; peak memory 2197 MiB.
2026-09-27T11:08:23Z INFO [239/500] 19cdbeca-8cd2-40cf-8625-79667fde43a2: valid; 1.7 s; peak memory 2197 MiB.
2026-09-27T11:08:27Z INFO [240/500] 19ce3441-c7ea-4ca0-b01d-a1758d83aff3: not valid; 3.3 s; peak memory 2197 MiB.
2026-09-27T11:08:28Z INFO [241/500] 19cf0d72-3cb4-4502-98fd-17e161dc651a: valid; 1.2 s; peak memory 2197 MiB.
2026-09-27T11:08:29Z INFO [242/500] 19cffdde-bb5a-45c0-a397-b591ff965c8f: valid; 1.5 s; peak memory 2197 MiB.
2026-09-27T11:08:31Z INFO [243/500] 19d02aac-9de7-4177-9f9a-4092ba15284b: valid; 2.0 s; peak memory 2197 MiB.
2026-09-27T11:08:38Z INFO [244/500] 19d08da6-6b05-4d49-9a8a-638711b6d6ad: valid; 6.3 s; peak memory 2197 MiB.
2026-09-27T11:08:39Z INFO [245/500] 19d0b042-e470-462a-a708-d5c580663c9b: valid; 1.2 s; peak memory 2197 MiB.
2026-09-27T11:08:39Z WARNING 19d0ccee-f0f8-4207-b388-f7888b08524e: failed while retrieving asset information from the DANDI API (NotFoundError: No asset at path 'sub-440958/sub-440958_ses-20190214T123412_behavior+ecephys+ogen.nwb' in version 0.231012.2129. Verify the path is correct and the asset exists in this version. Use 'dandi ls' to list available assets.)
2026-09-27T11:08:41Z INFO [247/500] 19d0ea7d-3958-470d-b75f-30ea8fab2f88: valid; 2.1 s; peak memory 2197 MiB.
2026-09-27T11:08:42Z INFO [248/500] 19d17af5-8f23-43cb-958c-da8158e630e8: valid; 1.1 s; peak memory 2197 MiB.
2026-09-27T11:08:43Z INFO [249/500] 19d1a7d1-2427-4c84-8715-e4c5a25fe6c9: valid; 1.0 s; peak memory 2197 MiB.
2026-09-27T11:08:45Z INFO [250/500] 19d23892-026e-4bcf-ab70-406c68c9f114: valid; 2.1 s; peak memory 2197 MiB.
2026-09-27T11:08:46Z INFO [250/500] 19d23892-026e-4bcf-ab70-406c68c9f114: checkpointed 81760 records.
2026-09-27T11:08:46Z WARNING 19d2aaf9-808b-40b4-8c8e-bfc3abeca30e: failed while retrieving asset information from the DANDI API (NotFoundError: No asset at path 'sub-449141/sub-449141_ses-20190530T173316_behavior+ecephys+ogen.nwb' in version 0.231012.2129. Verify the path is correct and the asset exists in this version. Use 'dandi ls' to list available assets.)
2026-09-27T11:08:48Z INFO [252/500] 19d3571c-af3b-4586-8f10-e36fccf05b4e: valid; 2.3 s; peak memory 2197 MiB.
2026-09-27T11:08:50Z INFO [253/500] 19d36b9a-e2b4-4708-bcfe-f697f2bb2c35: not valid; 1.4 s; peak memory 2197 MiB.
2026-09-27T11:08:51Z INFO [254/500] 19d474c8-3e6f-4e08-bb23-bca08e9618b3: valid; 1.2 s; peak memory 2197 MiB.
2026-09-27T11:08:53Z INFO [255/500] 19d4dc3f-024e-4919-bd34-4ce552da2219: valid; 2.1 s; peak memory 2197 MiB.
2026-09-27T11:09:08Z INFO [256/500] 19d56bf0-7ecb-4c4f-b08d-3f05701ae315: valid; 15.5 s; peak memory 2827 MiB.
2026-09-27T11:09:10Z INFO [257/500] 19d582cb-13cc-4754-bf5f-79299c7d8222: valid; 1.8 s; peak memory 2827 MiB.
2026-09-27T11:09:18Z INFO [258/500] 19d61151-5731-4da8-b485-fbfbdb8fcfe9: valid; 7.9 s; peak memory 2827 MiB.
2026-09-27T11:09:20Z INFO [259/500] 19d62532-301e-48a0-a7d4-9ce386b3ba3e: valid; 1.5 s; peak memory 2827 MiB.
2026-09-27T11:09:24Z INFO [260/500] 19d64590-2c49-41b2-ad38-3621ce7c2f9a: not valid; 4.7 s; peak memory 2827 MiB.
2026-09-27T11:09:33Z INFO [261/500] 19d64a0a-3afc-4a09-bbba-1c9eeabf5547: valid; 9.0 s; peak memory 2827 MiB.
2026-09-27T11:09:36Z INFO [262/500] 19d737eb-46b8-426e-b3ec-fb05f8b30695: valid; 2.9 s; peak memory 2827 MiB.
2026-09-27T11:09:43Z INFO [263/500] 19d7620f-e93d-4667-b1b2-8c10f80e406f: valid; 7.4 s; peak memory 2827 MiB.
2026-09-27T11:09:46Z INFO [264/500] 19d7d611-493e-40f4-9da6-42ca2e450c84: valid; 2.4 s; peak memory 2827 MiB.
2026-09-27T11:09:49Z INFO [265/500] 19d837f3-5686-4d51-99ef-fde7b887b274: valid; 3.4 s; peak memory 2827 MiB.
2026-09-27T11:09:51Z INFO [266/500] 19d890c0-f105-4b75-b266-9a6c348c93ae: not valid; 1.7 s; peak memory 2827 MiB.
2026-09-27T11:09:53Z INFO [267/500] 19d8aae3-5422-4761-b35c-1a6d99b10024: valid; 1.6 s; peak memory 2827 MiB.
2026-09-27T11:09:54Z INFO [268/500] 19d8e45b-f7ab-4f24-a9fd-1b48b92fb02a: valid; 1.5 s; peak memory 2827 MiB.
2026-09-27T11:09:55Z INFO [269/500] 19d923f7-b98b-4f9c-a034-6305ff0cbacf: valid; 0.8 s; peak memory 2827 MiB.
2026-09-27T11:09:57Z INFO [270/500] 19d95810-475a-42dc-9408-4a686cf04d24: not valid; 1.9 s; peak memory 2827 MiB.
2026-09-27T11:09:58Z WARNING 19d95a5c-324e-44ab-bdd2-bfe719079189: failed while opening the NWB file (ConstructError: (root/acquisition/_iblmic_audioSpectrogram/bands GroupBuilder {'attributes': {'colnames': array(['freq'], dtype=object), 'description': 'spectogram frequencies', 'namespace': 'core', 'neurodata_type': 'FrequencyBandsTable', 'object_id': '43cb85b5-764f-466b-8343-4cc0e7250888'}, 'groups': {}, 'datasets': {'freq': root/acquisition/_iblmic_audioSpectrogram/bands/freq DatasetBuilder {'attributes': {'description': 'frequency value', 'namespace': 'hdmf-common', 'neurodata_type': 'VectorData', 'object_id': '30ffc238-e445-41e2-841a-57850894ef10'}, 'data': <HDF5 dataset "freq": shape (257,), type "<f4">}, 'id': root/acquisition/_iblmic_audioSpectrogram/bands/id DatasetBuilder {'attributes': {'namespace': 'hdmf-common', 'neurodata_type': 'ElementIdentifiers', 'object_id': 'f6d8bffd-6e0b-4b90-887e-5a9c29e56b38'}, 'data': <HDF5 dataset "id": shape (257,), type "<i4">}}, 'links': {}}, "Could not construct FrequencyBandsTable object due to: column must have the same number of rows as 'id'"))
2026-09-27T11:10:01Z INFO [272/500] 19d990fe-b5ee-4ecd-a35b-cc9def2cdd22: valid; 2.7 s; peak memory 2827 MiB.
2026-09-27T11:10:02Z INFO [273/500] 19d9cf9f-887e-41bc-8fbb-149ecbf98fee: valid; 1.3 s; peak memory 2827 MiB.
2026-09-27T11:10:04Z INFO [274/500] 19d9e69a-3af5-4b48-acdc-3de3efc51c91: not valid; 1.1 s; peak memory 2827 MiB.
2026-09-27T11:10:08Z INFO [275/500] 19da9a9d-7802-4955-8edb-704dc7389039: valid; 4.6 s; peak memory 2827 MiB.
2026-09-27T11:10:12Z INFO [276/500] 19dade61-31fb-4a57-a6c1-242a63faef94: valid; 3.4 s; peak memory 2827 MiB.
2026-09-27T11:10:13Z INFO [277/500] 19db0655-ec90-43b1-9ba2-b7ceed5e9124: valid; 1.2 s; peak memory 2827 MiB.
2026-09-27T11:10:15Z INFO [278/500] 19db957f-1d05-40c4-8911-bfbf816a7724: valid; 2.1 s; peak memory 2827 MiB.
2026-09-27T11:10:17Z INFO [279/500] 19dbc478-4dee-4d53-b578-bf3b31aa2229: valid; 1.7 s; peak memory 2827 MiB.
2026-09-27T11:10:18Z INFO [280/500] 19dbfb0e-cc18-4cb6-a6cd-4a665d266a12: valid; 1.8 s; peak memory 2827 MiB.
2026-09-27T11:10:18Z WARNING 19dc17c1-0abf-40cb-ac8f-6b284e79cc9c: failed while retrieving asset information from the DANDI API (NotFoundError: No asset at path 'sub-parkinson-simulated-lfp/sub-parkinson-simulated-lfp_ses-2631_ecephys.nwb' in version 0.250327.2220. Verify the path is correct and the asset exists in this version. Use 'dandi ls' to list available assets.)
2026-09-27T11:10:21Z INFO [282/500] 19dc9d86-009d-49c7-ac0c-b93b70e8f1b4: not valid; 2.7 s; peak memory 2827 MiB.
2026-09-27T11:10:24Z INFO [283/500] 19ddc1bb-bb2f-407d-a6b2-c733eac7a8ff: valid; 2.4 s; peak memory 2837 MiB.
2026-09-27T11:10:28Z INFO [284/500] 19ddf3ff-551c-437b-acd1-950b857a46d5: not valid; 4.3 s; peak memory 2837 MiB.
2026-09-27T11:10:32Z INFO [285/500] 19de29f9-dce3-4431-9ac0-b19fb558b1f4: not valid; 3.7 s; peak memory 2837 MiB.
2026-09-27T11:10:38Z INFO [286/500] 19de2ebd-18b4-4622-a1d9-48db653e868f: valid; 6.5 s; peak memory 2857 MiB.
2026-09-27T11:10:39Z INFO [287/500] 19de3850-2739-4102-a6bd-2570031c9921: not valid; 1.3 s; peak memory 2860 MiB.
2026-09-27T11:10:41Z INFO [288/500] 19de6874-1fe1-4079-a93b-47c933c95d2f: valid; 1.8 s; peak memory 2872 MiB.
2026-09-27T11:10:43Z INFO [289/500] 19de6b1f-1963-4548-8e5d-891669ad118e: valid; 1.6 s; peak memory 2876 MiB.
2026-09-27T11:10:51Z INFO [290/500] 19de790b-5ef8-45a1-97e0-30c1eb84ab4d: valid; 8.4 s; peak memory 2903 MiB.
2026-09-27T11:10:53Z INFO [291/500] 19de927e-8fbb-40ee-946d-76f3ec7936e6: valid; 2.2 s; peak memory 2906 MiB.
2026-09-27T11:10:57Z INFO [292/500] 19dece49-03f2-43f3-bdfd-24331c844e5b: not valid; 3.7 s; peak memory 2918 MiB.
2026-09-27T11:10:58Z INFO [293/500] 19df1680-cefa-436a-a463-f99aae82976a: not valid; 1.3 s; peak memory 2919 MiB.
2026-09-27T11:11:01Z INFO [294/500] 19e058e1-915d-4f12-b0e2-82518b99708b: valid; 2.7 s; peak memory 2922 MiB.
2026-09-27T11:11:03Z INFO [295/500] 19e12dbc-e1da-409c-bc61-0c894e362988: valid; 1.7 s; peak memory 2922 MiB.
2026-09-27T11:11:06Z INFO [296/500] 19e2ce70-bb65-4eba-848c-c0256e09d040: valid; 2.8 s; peak memory 2922 MiB.
2026-09-27T11:11:07Z INFO [297/500] 19e37fc9-53b4-4245-a2ec-bb0726bc435e: valid; 1.7 s; peak memory 2922 MiB.
2026-09-27T11:11:09Z INFO [298/500] 19e3f73b-989a-424e-836b-58558b5c68e8: valid; 1.6 s; peak memory 2922 MiB.
2026-09-27T11:11:12Z INFO [299/500] 19e42ee1-f42b-4f7f-8d02-78767d82ca82: valid; 2.7 s; peak memory 2922 MiB.
2026-09-27T11:11:13Z INFO [300/500] 19e53fc1-e17a-4e7d-85d3-cdf3bb0327c4: not valid; 1.7 s; peak memory 2922 MiB.
2026-09-27T11:11:14Z INFO [300/500] 19e53fc1-e17a-4e7d-85d3-cdf3bb0327c4: checkpointed 81810 records.
2026-09-27T11:11:15Z INFO [301/500] 19e54763-d65a-4db7-85a1-fb8a3634e1bd: valid; 1.2 s; peak memory 2922 MiB.
2026-09-27T11:11:16Z INFO [302/500] 19e5f90c-4b0c-4f19-a59d-4f02a458cbb3: valid; 1.2 s; peak memory 2922 MiB.
2026-09-27T11:11:17Z INFO [303/500] 19e73cc8-b63c-4f55-ae63-95317e027ef4: valid; 1.1 s; peak memory 2922 MiB.
2026-09-27T11:11:26Z INFO [304/500] 19e78c5b-61f2-4e18-bb13-1cde00d99b00: valid; 8.9 s; peak memory 2930 MiB.
2026-09-27T11:11:27Z INFO [305/500] 19e7cdfd-e483-4fb4-9671-2fc9b5650286: valid; 1.2 s; peak memory 2932 MiB.
2026-09-27T11:11:30Z INFO [306/500] 19e833e7-f343-40b9-90c3-c9a1fce58fab: valid; 2.3 s; peak memory 2934 MiB.
2026-09-27T11:11:51Z INFO [307/500] 19e85c66-d98f-4159-9534-ec87aa87d212: valid; 21.1 s; peak memory 2971 MiB.
2026-09-27T11:11:53Z INFO [308/500] 19e8a585-85ba-4889-b487-f8cfa4f08c98: valid; 1.9 s; peak memory 2982 MiB.
2026-09-27T11:11:54Z INFO [309/500] 19e8e474-c997-4e5f-a78a-32e645eba235: valid; 1.1 s; peak memory 2985 MiB.
2026-09-27T11:11:55Z INFO [310/500] 19e8ec0f-92fd-41fa-93ea-426636d552da: valid; 1.5 s; peak memory 2996 MiB.
2026-09-27T11:11:57Z INFO [311/500] 19e92b6a-efd7-4b06-bba3-1a19a9e2952f: valid; 1.9 s; peak memory 2999 MiB.
2026-09-27T11:11:59Z WARNING 19e95f99-03b3-4b7e-8b9f-3c56e5572a7c: failed while opening the NWB file (ConstructError: (root/acquisition/_iblmic_audioSpectrogram/bands GroupBuilder {'attributes': {'colnames': array(['freq'], dtype=object), 'description': 'spectogram frequencies', 'namespace': 'core', 'neurodata_type': 'FrequencyBandsTable', 'object_id': 'e9c5501d-f0c4-4b9b-8966-cc5f1e774faa'}, 'groups': {}, 'datasets': {'freq': root/acquisition/_iblmic_audioSpectrogram/bands/freq DatasetBuilder {'attributes': {'description': 'frequency value', 'namespace': 'hdmf-common', 'neurodata_type': 'VectorData', 'object_id': '7a046bd5-b8cd-46db-a7ca-602bd5af3e96'}, 'data': <HDF5 dataset "freq": shape (257,), type "<f4">}, 'id': root/acquisition/_iblmic_audioSpectrogram/bands/id DatasetBuilder {'attributes': {'namespace': 'hdmf-common', 'neurodata_type': 'ElementIdentifiers', 'object_id': '4981ff97-8491-48dd-951d-98d52dcfedae'}, 'data': <HDF5 dataset "id": shape (257,), type "<i4">}}, 'links': {}}, "Could not construct FrequencyBandsTable object due to: column must have the same number of rows as 'id'"))
2026-09-27T11:12:01Z INFO [313/500] 19e96442-26c0-42a6-a8e9-d857bee50056: not valid; 1.7 s; peak memory 3006 MiB.
2026-09-27T11:12:03Z INFO [314/500] 19e9758a-0ed9-45df-a122-4d07ded71824: valid; 1.9 s; peak memory 3014 MiB.
2026-09-27T11:12:05Z WARNING 19ea30cc-5eee-4c9a-bb44-60dcdc25e0d8: failed while opening the NWB file (ConstructError: (root/acquisition/_iblmic_audioSpectrogram/bands GroupBuilder {'attributes': {'colnames': array(['freq'], dtype=object), 'description': 'spectogram frequencies', 'namespace': 'core', 'neurodata_type': 'FrequencyBandsTable', 'object_id': 'f1953192-a773-4607-a418-09d17f80f0e7'}, 'groups': {}, 'datasets': {'freq': root/acquisition/_iblmic_audioSpectrogram/bands/freq DatasetBuilder {'attributes': {'description': 'frequency value', 'namespace': 'hdmf-common', 'neurodata_type': 'VectorData', 'object_id': 'a5e1f617-fef9-480c-80b0-c6dad6194348'}, 'data': <HDF5 dataset "freq": shape (257,), type "<f4">}, 'id': root/acquisition/_iblmic_audioSpectrogram/bands/id DatasetBuilder {'attributes': {'namespace': 'hdmf-common', 'neurodata_type': 'ElementIdentifiers', 'object_id': 'b53e946b-25bc-489e-8bcf-650c27577a27'}, 'data': <HDF5 dataset "id": shape (257,), type "<i4">}}, 'links': {}}, "Could not construct FrequencyBandsTable object due to: column must have the same number of rows as 'id'"))
2026-09-27T11:12:06Z INFO [316/500] 19eaa004-521f-494c-8f77-905fa00e0b4d: valid; 1.6 s; peak memory 3026 MiB.
2026-09-27T11:12:09Z INFO [317/500] 19ebc439-dd97-4f36-a3a0-9eb235571d7a: valid; 2.4 s; peak memory 3031 MiB.
2026-09-27T11:12:10Z INFO [318/500] 19ebc5ae-5b3c-4d73-a3a9-aa5319434f41: valid; 1.1 s; peak memory 3034 MiB.
2026-09-27T11:12:14Z INFO [319/500] 19ebcc7c-12a8-4b4e-91b9-3bc469d55b97: valid; 3.9 s; peak memory 3038 MiB.
2026-09-27T11:12:15Z INFO [320/500] 19ebfacf-8e46-4cf3-a58b-469eaf436211: not valid; 1.2 s; peak memory 3038 MiB.
2026-09-27T11:12:16Z INFO [321/500] 19ec83f4-c222-43bd-900a-2b1510ce84d8: valid; 1.0 s; peak memory 3038 MiB.
2026-09-27T11:12:18Z INFO [322/500] 19ed1212-1ca4-47ca-a665-ce09fa8bd05d: valid; 1.7 s; peak memory 3039 MiB.
2026-09-27T11:12:58Z INFO [323/500] 19ed4057-9bde-4d7a-a3ba-e036703982a4: valid; 40.7 s; peak memory 3061 MiB.
2026-09-27T11:13:05Z INFO [324/500] 19ed7ffc-a393-473f-a741-297bb7a55794: valid; 6.3 s; peak memory 3070 MiB.
2026-09-27T11:13:14Z INFO [325/500] 19edabcb-94f1-450c-937b-44795b6c9116: valid; 9.2 s; peak memory 3089 MiB.
2026-09-27T11:13:18Z INFO [326/500] 19edd1f1-c36a-4e68-8576-979a7556cc79: not valid; 4.4 s; peak memory 3120 MiB.
2026-09-27T11:13:20Z INFO [327/500] 19ef43bd-a660-4eae-83d5-4d83c1910f8f: not valid; 1.5 s; peak memory 3122 MiB.
2026-09-27T11:13:21Z INFO [328/500] 19ef76a1-0d5d-4819-a83b-3f8546f20c5c: valid; 1.1 s; peak memory 3122 MiB.
2026-09-27T11:13:23Z INFO [329/500] 19f05caa-9fb6-468b-be41-61132615c78c: valid; 1.8 s; peak memory 3122 MiB.
2026-09-27T11:13:25Z INFO [330/500] 19f15357-c644-42cc-9923-eb770674616f: valid; 2.4 s; peak memory 3122 MiB.
2026-09-27T11:13:26Z INFO [331/500] 19f17682-108a-4031-bad8-f7410f57f4dd: not valid; 1.4 s; peak memory 3122 MiB.
2026-09-27T11:13:28Z INFO [332/500] 19f1f430-26d5-4ff5-9a61-6ea673522e7c: valid; 1.7 s; peak memory 3122 MiB.
2026-09-27T11:13:47Z INFO [333/500] 19f21515-fc08-4184-ace0-7a3d37ffa26d: valid; 19.2 s; peak memory 3122 MiB.
2026-09-27T11:13:49Z INFO [334/500] 19f23d7a-8499-4f99-ae7a-f6bee3c79165: valid; 1.9 s; peak memory 3122 MiB.
2026-09-27T11:13:57Z INFO [335/500] 19f259e2-fbc9-4d2c-99fb-c8e87459ca13: valid; 7.7 s; peak memory 3154 MiB.
2026-09-27T11:14:00Z INFO [336/500] 19f2a1b0-5642-4b20-98c9-85c70fe77a79: valid; 2.7 s; peak memory 3162 MiB.
2026-09-27T11:14:01Z INFO [337/500] 19f2e0c6-bc10-40e8-b3ac-ae2e5110b10e: valid; 1.2 s; peak memory 3165 MiB.
2026-09-27T11:14:04Z INFO [338/500] 19f3a2d9-d84e-442d-bb2c-9c794e65d552: not valid; 3.6 s; peak memory 3171 MiB.
2026-09-27T11:14:05Z WARNING 19f41217-0492-4f66-99dd-dfed8b54611d: failed while retrieving asset information from the DANDI API (NotFoundError: No such Dandiset: 001533)
2026-09-27T11:14:08Z INFO [340/500] 19f48d03-b4b6-4ed3-883c-1368162d49d5: valid; 3.3 s; peak memory 3178 MiB.
2026-09-27T11:14:10Z INFO [341/500] 19f4cc2e-1db7-49da-8cb4-67eb12dd266a: valid; 2.5 s; peak memory 3190 MiB.
2026-09-27T11:14:11Z INFO [342/500] 19f4da45-518c-478e-8a60-0d742e498a10: valid; 1.1 s; peak memory 3192 MiB.
2026-09-27T11:14:19Z INFO [343/500] 19f56490-61b8-4597-8e11-d077870dea1a: valid; 7.1 s; peak memory 3200 MiB.
2026-09-27T11:14:20Z INFO [344/500] 19f58e8b-fb51-442b-ad95-3cb7bdd0e118: valid; 1.8 s; peak memory 3200 MiB.
2026-09-27T11:14:22Z INFO [345/500] 19f5e028-8db9-48c0-ad12-b2c8a51394e1: not valid; 1.4 s; peak memory 3200 MiB.
2026-09-27T11:14:25Z INFO [346/500] 19f5e7fd-f507-4903-9f96-be6327606dce: valid; 3.0 s; peak memory 3200 MiB.
2026-09-27T11:14:26Z INFO [347/500] 19f603c0-c21d-4080-a3f2-f246a435d916: valid; 1.0 s; peak memory 3200 MiB.
2026-09-27T11:14:27Z INFO [348/500] 19f626a7-72e9-4d1d-acea-9d9c34b3b3ef: valid; 1.2 s; peak memory 3200 MiB.
2026-09-27T11:14:29Z INFO [349/500] 19f7150c-0eee-4b05-aa37-871ecd651cfd: valid; 1.9 s; peak memory 3200 MiB.
2026-09-27T11:14:31Z INFO [350/500] 19f75838-7128-467c-a84a-30b8d38062d5: valid; 1.8 s; peak memory 3200 MiB.
2026-09-27T11:14:31Z INFO [350/500] 19f75838-7128-467c-a84a-30b8d38062d5: checkpointed 81860 records.
2026-09-27T11:14:34Z INFO [351/500] 19f7b6fb-ee91-4d37-88b4-5e7671bec304: valid; 2.5 s; peak memory 3200 MiB.
2026-09-27T11:14:35Z INFO [352/500] 19f8118b-9f63-4208-8255-6406338dfbd2: valid; 1.0 s; peak memory 3200 MiB.
2026-09-27T11:14:48Z INFO [353/500] 19f82df2-4a3d-4c01-9c0a-8c197b62a9c2: valid; 13.7 s; peak memory 3258 MiB.
2026-09-27T11:14:50Z INFO [354/500] 19fa64f2-70ac-4312-91a2-1c2676acd898: valid; 1.2 s; peak memory 3258 MiB.
2026-09-27T11:14:52Z INFO [355/500] 19faa473-f9ce-4ef6-9359-2bd253055625: valid; 2.3 s; peak memory 3258 MiB.
2026-09-27T11:14:55Z INFO [356/500] 19fad590-9f7d-4f1e-99db-fbe408de0fd7: valid; 2.8 s; peak memory 3258 MiB.
2026-09-27T11:14:57Z INFO [357/500] 19faeacb-503c-4d55-a6c5-495bd829915d: valid; 2.1 s; peak memory 3258 MiB.
2026-09-27T11:14:58Z INFO [358/500] 19fca134-6946-4018-afb9-f57484186a7e: valid; 1.1 s; peak memory 3258 MiB.
2026-09-27T11:15:00Z INFO [359/500] 19fd88ca-8b03-40e3-b1ee-60325a82fada: valid; 1.8 s; peak memory 3258 MiB.
2026-09-27T11:15:15Z INFO [360/500] 19fdb041-fe22-4158-bccb-8a0483871811: valid; 15.5 s; peak memory 3258 MiB.
2026-09-27T11:15:17Z INFO [361/500] 19fdd04d-f610-4087-bc71-77cc67e69f95: not valid; 1.3 s; peak memory 3258 MiB.
2026-09-27T11:15:19Z INFO [362/500] 19fdd862-1329-48f7-ae3b-9b4955dbceae: valid; 2.5 s; peak memory 3258 MiB.
2026-09-27T11:15:22Z INFO [363/500] 19fde837-ef45-497f-ac9d-fa8b9a2ae75f: valid; 2.6 s; peak memory 3258 MiB.
2026-09-27T11:15:24Z INFO [364/500] 19fdee38-d3c3-4220-b63f-803721a5eaa6: valid; 2.0 s; peak memory 3258 MiB.
2026-09-27T11:15:25Z INFO [365/500] 19fec72d-d1e5-437b-9e22-5408f6452838: valid; 1.8 s; peak memory 3258 MiB.
2026-09-27T11:15:27Z INFO [366/500] 19ff168e-4f8d-4bed-982c-e58ce3acf2ae: valid; 1.3 s; peak memory 3258 MiB.
2026-09-27T11:15:42Z INFO [367/500] 19ff4e03-1213-4a25-acd9-39bd19b2a87a: valid; 14.7 s; peak memory 3261 MiB.
2026-09-27T11:15:43Z INFO [368/500] 1a008eea-6b3d-4a1c-bea0-63d8e78dad72: valid; 1.1 s; peak memory 3261 MiB.
2026-09-27T11:15:45Z WARNING 1a00f30e-8440-426a-a481-946bb8e130a1: failed while opening the NWB file (ConstructError: (root/acquisition/_iblmic_audioSpectrogram/bands GroupBuilder {'attributes': {'colnames': array(['freq'], dtype=object), 'description': 'spectogram frequencies', 'namespace': 'core', 'neurodata_type': 'FrequencyBandsTable', 'object_id': '4c3fb812-0309-4443-a389-8346793b8423'}, 'groups': {}, 'datasets': {'freq': root/acquisition/_iblmic_audioSpectrogram/bands/freq DatasetBuilder {'attributes': {'description': 'frequency value', 'namespace': 'hdmf-common', 'neurodata_type': 'VectorData', 'object_id': '38466d2f-2519-43d2-8c1a-fa1c8caef0b1'}, 'data': <HDF5 dataset "freq": shape (257,), type "<f4">}, 'id': root/acquisition/_iblmic_audioSpectrogram/bands/id DatasetBuilder {'attributes': {'namespace': 'hdmf-common', 'neurodata_type': 'ElementIdentifiers', 'object_id': 'ff2b05da-337a-498c-9362-85b8f229ddee'}, 'data': <HDF5 dataset "id": shape (257,), type "<i4">}}, 'links': {}}, "Could not construct FrequencyBandsTable object due to: column must have the same number of rows as 'id'"))
2026-09-27T11:15:53Z INFO [370/500] 1a01638f-4080-4c7c-8841-d6e9270e3fdd: valid; 8.3 s; peak memory 3304 MiB.
2026-09-27T11:15:55Z INFO [371/500] 1a0190ad-f414-4b2c-b75b-bf6618a538be: valid; 2.5 s; peak memory 3314 MiB.
2026-09-27T11:15:57Z INFO [372/500] 1a0199df-5424-4e04-b9fc-d51ee5cc1c83: valid; 1.2 s; peak memory 3316 MiB.
2026-09-27T11:15:58Z INFO [373/500] 1a01a73e-d1af-4466-96e0-1f1cb363f682: not valid; 1.4 s; peak memory 3319 MiB.
2026-09-27T11:16:00Z INFO [374/500] 1a01aa68-1180-4e7c-8e54-61a974e7a63e: valid; 1.7 s; peak memory 3326 MiB.
2026-09-27T11:16:01Z INFO [375/500] 1a01d26d-fbd1-4443-9497-357257e07e8b: not valid; 1.3 s; peak memory 3330 MiB.
2026-09-27T11:16:02Z INFO [376/500] 1a01d3a8-e105-438c-8d1f-116204c05f39: valid; 1.1 s; peak memory 3332 MiB.
2026-09-27T11:16:04Z INFO [377/500] 1a01f04c-858d-4501-9a70-780d54f679a8: valid; 2.4 s; peak memory 3336 MiB.
2026-09-27T11:16:06Z INFO [378/500] 1a027357-4650-4001-a972-91428db75b18: valid; 1.7 s; peak memory 3346 MiB.
2026-09-27T11:16:48Z INFO [379/500] 1a028d12-01aa-471e-80ee-62e4b653be62: valid; 41.5 s; peak memory 3475 MiB.
2026-09-27T11:16:49Z INFO [380/500] 1a029f9c-f766-47a3-91dc-6a94de09fd86: valid; 1.1 s; peak memory 3478 MiB.
2026-09-27T11:16:50Z INFO [381/500] 1a02bf4d-12d7-45c0-b202-020535746c5e: valid; 1.3 s; peak memory 3480 MiB.
2026-09-27T11:16:51Z INFO [382/500] 1a037541-d660-456e-9216-eab10bd27abd: not valid; 1.4 s; peak memory 3484 MiB.
2026-09-27T11:16:53Z INFO [383/500] 1a03f4d9-2843-4f1a-9543-e7acded20b10: valid; 1.3 s; peak memory 3486 MiB.
2026-09-27T11:16:54Z INFO [384/500] 1a048944-f375-4120-aa9f-9aef66c63031: valid; 1.2 s; peak memory 3486 MiB.
2026-09-27T11:16:55Z INFO [385/500] 1a048ff9-1315-4056-968f-7f276236a346: valid; 1.4 s; peak memory 3491 MiB.
2026-09-27T11:16:58Z INFO [386/500] 1a04c40f-d7cf-4b9e-b7ea-b39646ca04ee: valid; 2.4 s; peak memory 3497 MiB.
2026-09-27T11:17:05Z INFO [387/500] 1a04f1e0-b70a-4340-ae2a-4cd370f39c9f: valid; 6.9 s; peak memory 3558 MiB.
2026-09-27T11:17:06Z INFO [388/500] 1a051feb-9641-424b-a423-d507aaa9d738: valid; 1.9 s; peak memory 3564 MiB.
2026-09-27T11:17:08Z INFO [389/500] 1a056d12-da93-43a2-8cbb-858f8e4ea7e7: valid; 1.2 s; peak memory 3567 MiB.
2026-09-27T11:17:09Z INFO [390/500] 1a05b896-de17-4216-bd9d-931ab9fb38c1: valid; 1.1 s; peak memory 3569 MiB.
2026-09-27T11:17:13Z INFO [391/500] 1a067f26-34de-4110-8a00-4ea26b33e5c3: valid; 4.8 s; peak memory 3596 MiB.
2026-09-27T11:17:15Z INFO [392/500] 1a06e7f1-cb68-439c-a20e-692945607c39: valid; 1.9 s; peak memory 3600 MiB.
2026-09-27T11:17:18Z INFO [393/500] 1a07107e-6cbe-4f72-868a-497b2503a292: not valid; 2.3 s; peak memory 3605 MiB.
2026-09-27T11:17:19Z INFO [394/500] 1a071771-c2e6-4f50-9690-7649b937c94f: valid; 1.8 s; peak memory 3611 MiB.
2026-09-27T11:17:22Z INFO [395/500] 1a07ccbd-7344-48ed-974f-e40f534b6f3e: valid; 2.9 s; peak memory 3614 MiB.
2026-09-27T11:17:24Z INFO [396/500] 1a07e43c-bb35-4311-b453-8c745a503c30: valid; 2.0 s; peak memory 3614 MiB.
2026-09-27T11:17:26Z WARNING 1a07ffca-eba5-4641-93d9-1c61a32bcc68: failed while opening the NWB file (ConstructError: (root/acquisition/event_code_meanings GroupBuilder {'attributes': {'colnames': array(['value', 'meaning'], dtype=object), 'description': 'Mapping integer event codes to event labels', 'namespace': 'ndx-events', 'neurodata_type': 'MeaningsTable', 'object_id': '3ffdf996-ff23-4b49-b498-78c218a72fa3'}, 'groups': {}, 'datasets': {'id': root/acquisition/event_code_meanings/id DatasetBuilder {'attributes': {'namespace': 'hdmf-common', 'neurodata_type': 'ElementIdentifiers', 'object_id': 'b11e38b6-043b-498f-a04d-73d4511f87ed'}, 'data': <HDF5 dataset "id": shape (26,), type "<i8">}, 'meaning': root/acquisition/event_code_meanings/meaning DatasetBuilder {'attributes': {'description': 'The meaning of the value in the parent CategoricalVectorData object.', 'namespace': 'hdmf-experimental', 'neurodata_type': 'VectorData', 'object_id': '92f9bd64-24c7-4c8c-ace2-c75bff614559'}, 'data': <StrDataset for HDF5 dataset "meaning": shape (26,), type "|O">}, 'value': root/acquisition/event_code_meanings/value DatasetBuilder {'attributes': {'description': 'The value of the parent CategoricalVectorData object.', 'namespace': 'hdmf-experimental', 'neurodata_type': 'VectorData', 'object_id': 'bccbce0a-a2cb-4826-8801-2984ec05c8fa'}, 'data': <HDF5 dataset "value": shape (26,), type "<i8">}}, 'links': {}}, "Could not construct MeaningsTable object due to: MeaningsTable.__init__: missing argument 'target'"))
2026-09-27T11:17:28Z INFO [398/500] 1a084baf-8b2b-4a50-904b-153fadf9e508: not valid; 1.8 s; peak memory 3614 MiB.
2026-09-27T11:17:29Z INFO [399/500] 1a08c429-7fb5-47b9-929b-905a4558b617: not valid; 1.6 s; peak memory 3614 MiB.
2026-09-27T11:17:31Z INFO [400/500] 1a08ec4f-d8e2-4e4f-8032-c3bdaff42cec: valid; 1.0 s; peak memory 3614 MiB.
2026-09-27T11:17:31Z INFO [400/500] 1a08ec4f-d8e2-4e4f-8032-c3bdaff42cec: checkpointed 81910 records.
2026-09-27T11:17:33Z INFO [401/500] 1a09c02d-27f8-415e-bd01-e95c083adb24: valid; 2.2 s; peak memory 3614 MiB.
2026-09-27T11:17:39Z INFO [402/500] 1a0a9780-190d-440c-af80-c86eec75e152: valid; 6.0 s; peak memory 3614 MiB.
2026-09-27T11:17:41Z INFO [403/500] 1a0afbd2-72bb-40b3-b865-cd9806b85e9c: not valid; 2.0 s; peak memory 3614 MiB.
2026-09-27T11:17:43Z INFO [404/500] 1a0bb058-78a2-4d7f-b138-763ea3c7d903: valid; 1.3 s; peak memory 3614 MiB.
2026-09-27T11:17:46Z INFO [405/500] 1a0c2d5a-558e-49a3-b264-8d6d5a1e8d5f: valid; 3.6 s; peak memory 3614 MiB.
2026-09-27T11:17:47Z INFO [406/500] 1a0c6dee-03c2-487e-8589-0a54991cf4ea: not valid; 1.3 s; peak memory 3614 MiB.
2026-09-27T11:17:55Z INFO [407/500] 1a0c8aa9-a1b2-4e92-8acd-ef7720806e93: valid; 7.1 s; peak memory 3614 MiB.
2026-09-27T11:17:56Z WARNING 1a0daf4d-b5ce-4f97-a24b-291c02ec7d5f: failed while opening the NWB file (ConstructError: (root/acquisition/_iblmic_audioSpectrogram/bands GroupBuilder {'attributes': {'colnames': array(['freq'], dtype=object), 'description': 'spectogram frequencies', 'namespace': 'core', 'neurodata_type': 'FrequencyBandsTable', 'object_id': '3c68237f-bb7f-4f5c-a392-680ff3606bf9'}, 'groups': {}, 'datasets': {'freq': root/acquisition/_iblmic_audioSpectrogram/bands/freq DatasetBuilder {'attributes': {'description': 'frequency value', 'namespace': 'hdmf-common', 'neurodata_type': 'VectorData', 'object_id': 'f2ae7169-fb3f-4183-af42-383df77aeb85'}, 'data': <HDF5 dataset "freq": shape (257,), type "<f4">}, 'id': root/acquisition/_iblmic_audioSpectrogram/bands/id DatasetBuilder {'attributes': {'namespace': 'hdmf-common', 'neurodata_type': 'ElementIdentifiers', 'object_id': '730b6454-fe13-4686-ae52-130a837276dd'}, 'data': <HDF5 dataset "id": shape (257,), type "<i4">}}, 'links': {}}, "Could not construct FrequencyBandsTable object due to: column must have the same number of rows as 'id'"))
2026-09-27T11:18:02Z INFO [409/500] 1a0ddf9d-06f0-458c-8339-5657f576035d: valid; 6.2 s; peak memory 3614 MiB.
2026-09-27T11:18:08Z INFO [410/500] 1a0e4e32-4454-4dac-90cd-9b5802a66b91: valid; 5.8 s; peak memory 3614 MiB.
2026-09-27T11:18:10Z INFO [411/500] 1a0e9524-91c6-42db-9dee-89ead18d4913: valid; 1.5 s; peak memory 3614 MiB.
2026-09-27T11:18:12Z INFO [412/500] 1a0ecc22-1cc4-4e5e-95d5-04ccb0d7bbe2: valid; 2.1 s; peak memory 3614 MiB.
2026-09-27T11:18:14Z INFO [413/500] 1a0f1228-f9aa-4491-b3f8-ddaa8d768ecb: not valid; 2.3 s; peak memory 3614 MiB.
2026-09-27T11:18:16Z INFO [414/500] 1a0f6546-bbf4-4b14-ae34-01b62574fb40: valid; 2.1 s; peak memory 3614 MiB.
2026-09-27T11:18:32Z INFO [415/500] 1a0f9270-6260-40f3-8358-c2b8ae99d2f6: valid; 15.9 s; peak memory 3625 MiB.
2026-09-27T11:18:34Z INFO [416/500] 1a0fa08d-baa9-4b6d-95d6-83971564cce4: valid; 1.6 s; peak memory 3625 MiB.
2026-09-27T11:18:35Z INFO [417/500] 1a0ffd7f-2fa4-4862-baed-637a776e113c: valid; 1.5 s; peak memory 3625 MiB.
2026-09-27T11:18:36Z INFO [418/500] 1a105408-4cf9-4a02-93d7-b7ecbd10f4ad: not valid; 1.1 s; peak memory 3625 MiB.
2026-09-27T11:18:38Z INFO [419/500] 1a1145f5-477f-4b8a-8974-ff95c17ebaa4: valid; 1.8 s; peak memory 3625 MiB.
2026-09-27T11:18:40Z INFO [420/500] 1a11510a-7254-461f-8a17-82a776af4f91: not valid; 1.8 s; peak memory 3625 MiB.
2026-09-27T11:18:44Z INFO [421/500] 1a116f4b-293f-4b21-b749-d5de0cf5beab: not valid; 4.0 s; peak memory 3654 MiB.
2026-09-27T11:19:00Z INFO [422/500] 1a124329-3ed1-4349-bded-a5260450445a: valid; 15.8 s; peak memory 3668 MiB.
2026-09-27T11:19:02Z INFO [423/500] 1a12b2f1-df59-4df6-a16c-e506cbe48da9: valid; 2.3 s; peak memory 3668 MiB.
2026-09-27T11:19:04Z INFO [424/500] 1a13ec80-3d18-4fcc-8d21-ef3a3982d721: valid; 2.5 s; peak memory 3668 MiB.
2026-09-27T11:19:06Z INFO [425/500] 1a14188f-200d-4cde-aaf1-a616dfea4f5b: valid; 1.7 s; peak memory 3668 MiB.
2026-09-27T11:19:09Z INFO [426/500] 1a1424f0-5a82-4737-a483-cd1fc64d14fd: not valid; 2.4 s; peak memory 3668 MiB.
2026-09-27T11:19:15Z INFO [427/500] 1a143618-7bf2-4954-8b44-d3815ea57d42: valid; 6.2 s; peak memory 3668 MiB.
2026-09-27T11:19:18Z INFO [428/500] 1a1446d1-8139-4a12-a036-6ed9f1b2d8d9: not valid; 3.3 s; peak memory 3668 MiB.
2026-09-27T11:19:20Z INFO [429/500] 1a154d3e-f094-4aee-bd3c-8bb414b24adc: valid; 2.1 s; peak memory 3668 MiB.
2026-09-27T11:19:21Z INFO [430/500] 1a156d9e-3f6f-4628-9d18-e826affc3995: valid; 1.1 s; peak memory 3668 MiB.
2026-09-27T11:19:33Z INFO [431/500] 1a16b224-1bef-45d1-a965-1edbaff73c6c: valid; 11.4 s; peak memory 3672 MiB.
2026-09-27T11:19:37Z INFO [432/500] 1a173deb-f6ff-420e-b0ee-a8117c1624fe: valid; 3.9 s; peak memory 3676 MiB.
2026-09-27T11:19:38Z INFO [433/500] 1a175b99-46ed-412e-bb6e-9f08cb1cb868: valid; 1.2 s; peak memory 3676 MiB.
2026-09-27T11:19:42Z INFO [434/500] 1a17c273-6f5a-4d94-b67c-826b2d8ae68b: valid; 4.1 s; peak memory 3681 MiB.
2026-09-27T11:19:43Z INFO [435/500] 1a1854a6-8ac7-465d-a0d4-a03b1d202508: valid; 1.0 s; peak memory 3681 MiB.
2026-09-27T11:19:44Z INFO [436/500] 1a18c290-ba52-4d6f-a80a-26d644b52f8f: valid; 1.2 s; peak memory 3682 MiB.
2026-09-27T11:19:46Z INFO [437/500] 1a1a7c72-cc2e-44a5-9002-9ac1cf47ec0e: valid; 1.5 s; peak memory 3683 MiB.
2026-09-27T11:19:50Z INFO [438/500] 1a1ac5a5-253e-4d41-af05-f6ed2d777483: valid; 4.9 s; peak memory 3857 MiB.
2026-09-27T11:19:52Z INFO [439/500] 1a1b338a-0833-47e3-b6a2-d0c84c2ed5c6: valid; 1.5 s; peak memory 3857 MiB.
2026-09-27T11:19:54Z INFO [440/500] 1a1b5057-5a29-4e20-9d75-bed857035209: valid; 2.4 s; peak memory 3857 MiB.
2026-09-27T11:19:57Z INFO [441/500] 1a1b59c5-3bcf-42d2-859e-3d9e94551785: valid; 2.2 s; peak memory 3857 MiB.
2026-09-27T11:19:58Z INFO [442/500] 1a1bc1bd-fc05-4829-b9e2-0a32b91e99ba: valid; 1.5 s; peak memory 3857 MiB.
2026-09-27T11:20:00Z INFO [443/500] 1a1c723e-7bee-4e3a-9106-eb1e92246636: not valid; 1.7 s; peak memory 3857 MiB.
2026-09-27T11:20:02Z INFO [444/500] 1a1c80bf-0c04-4cb8-9240-50c701d11d43: valid; 1.6 s; peak memory 3857 MiB.
2026-09-27T11:20:03Z INFO [445/500] 1a1cb4c1-2746-4417-8760-0ddd889b7383: valid; 1.8 s; peak memory 3857 MiB.
2026-09-27T11:20:04Z INFO [446/500] 1a1d6113-a6ba-4122-95f3-b9e34b2007e9: valid; 1.1 s; peak memory 3857 MiB.
2026-09-27T11:20:06Z INFO [447/500] 1a1d9b18-d71d-49f8-ac28-3f5b440ddf15: valid; 1.5 s; peak memory 3857 MiB.
2026-09-27T11:20:18Z INFO [448/500] 1a1dc490-a832-47a1-b190-3a5e575669fa: valid; 12.5 s; peak memory 3857 MiB.
2026-09-27T11:20:20Z INFO [449/500] 1a1dc653-1d21-45eb-b70a-5c01afa58c7b: valid; 1.5 s; peak memory 3857 MiB.
2026-09-27T11:20:21Z INFO [450/500] 1a1de04e-3085-4313-9551-43d7d39b34f2: valid; 1.2 s; peak memory 3857 MiB.
2026-09-27T11:20:22Z INFO [450/500] 1a1de04e-3085-4313-9551-43d7d39b34f2: checkpointed 81960 records.
2026-09-27T11:20:24Z INFO [451/500] 1a1de71b-bb61-4509-a8c6-6c01b944d375: valid; 1.9 s; peak memory 3857 MiB.
2026-09-27T11:20:25Z INFO [452/500] 1a1e3880-ba15-48fb-9ae3-e238b7e4585b: valid; 1.0 s; peak memory 3857 MiB.
2026-09-27T11:20:29Z INFO [453/500] 1a1e8948-57c1-4e71-8990-374c4cef82fe: valid; 4.1 s; peak memory 3857 MiB.
2026-09-27T11:20:29Z WARNING 1a1f3f0b-4692-4eaf-9e5c-5d912137b45d: failed while retrieving asset information from the DANDI API (NotFoundError: No asset at path 'sub-parkinson-simulated-lfp/sub-parkinson-simulated-lfp_ses-1492_ecephys.nwb' in version 0.250327.2220. Verify the path is correct and the asset exists in this version. Use 'dandi ls' to list available assets.)
2026-09-27T11:20:30Z INFO [455/500] 1a1f5b13-2740-4db5-bd5e-22c41ef286d4: valid; 1.3 s; peak memory 3857 MiB.
2026-09-27T11:20:32Z INFO [456/500] 1a1fd2e0-c33f-4f7f-a1e0-623717db5aa7: valid; 1.6 s; peak memory 3857 MiB.
2026-09-27T11:20:34Z INFO [457/500] 1a21f665-312a-4c41-bb44-2e330ec45332: valid; 1.9 s; peak memory 3857 MiB.
2026-09-27T11:20:40Z INFO [458/500] 1a22293d-46f9-4353-a8d7-f2ba884d6c0c: valid; 6.6 s; peak memory 3857 MiB.
2026-09-27T11:20:42Z INFO [459/500] 1a22bafa-4543-49aa-a4b1-2eb677d84f6f: not valid; 1.7 s; peak memory 3857 MiB.
2026-09-27T11:20:42Z WARNING 1a232e15-de96-4261-bc53-7e08dbf68c21: failed while retrieving asset information from the DANDI API (NotFoundError: No asset at path 'sub-LG445/sub-LG445_ses-20250324_obj-2rrevb_ophys.nwb' in version 0.260915.2135. Verify the path is correct and the asset exists in this version. Use 'dandi ls' to list available assets.)
2026-09-27T11:20:44Z INFO [461/500] 1a23c29e-a89c-4453-9b40-1f6262085145: valid; 1.9 s; peak memory 3857 MiB.
2026-09-27T11:20:47Z INFO [462/500] 1a23c631-3135-4b2b-966f-b1a9dbddf303: valid; 2.7 s; peak memory 3857 MiB.
2026-09-27T11:20:48Z INFO [463/500] 1a244339-93d0-48db-bd92-4abe389fb578: valid; 1.2 s; peak memory 3857 MiB.
2026-09-27T11:20:50Z INFO [464/500] 1a24c454-e8ce-48c3-809a-2a061872effb: valid; 1.8 s; peak memory 3857 MiB.
2026-09-27T11:20:51Z INFO [465/500] 1a2507ea-e839-47c0-b58a-6a811d208945: valid; 1.4 s; peak memory 3857 MiB.
2026-09-27T11:20:53Z INFO [466/500] 1a258440-7910-474b-9c5f-ac2f92dcb857: not valid; 1.6 s; peak memory 3857 MiB.
2026-09-27T11:21:05Z INFO [467/500] 1a25e8b0-617a-47e4-a36f-4525b8f35ab3: valid; 12.5 s; peak memory 3857 MiB.
2026-09-27T11:21:08Z INFO [468/500] 1a263790-a027-4d56-8fc4-765461169a74: valid; 2.6 s; peak memory 3857 MiB.
2026-09-27T11:21:16Z INFO [469/500] 1a266f80-d91c-4fc6-bed9-ed0132427bb1: valid; 8.0 s; peak memory 3857 MiB.
2026-09-27T11:21:19Z INFO [470/500] 1a267c71-e99f-42d8-991f-85926fce9eed: valid; 3.5 s; peak memory 3857 MiB.
2026-09-27T11:21:22Z INFO [471/500] 1a26aa5c-6684-4664-a895-b95a1a18356a: valid; 2.9 s; peak memory 3857 MiB.
2026-09-27T11:21:24Z INFO [472/500] 1a2780f0-46d9-4b94-8d77-7e81bf332229: valid; 1.6 s; peak memory 3857 MiB.
2026-09-27T11:21:26Z INFO [473/500] 1a27f07e-51a6-4cf0-b794-129bdeadf747: valid; 2.0 s; peak memory 3857 MiB.
2026-09-27T11:21:28Z INFO [474/500] 1a2825b5-2c3f-4ec3-88b6-6c1e87d8bf43: valid; 2.3 s; peak memory 3857 MiB.
2026-09-27T11:21:32Z INFO [475/500] 1a2846ef-229d-4a91-8bc7-d15f32a19515: valid; 4.5 s; peak memory 3857 MiB.
2026-09-27T11:21:33Z WARNING 1a285f85-2d14-441a-b290-20144338fa85: failed while retrieving asset information from the DANDI API (NotFoundError: No asset at path 'sub-460434/sub-460434_ses-20191115T135939_behavior+ecephys+ogen.nwb' in version 0.231012.2129. Verify the path is correct and the asset exists in this version. Use 'dandi ls' to list available assets.)
2026-09-27T11:21:35Z INFO [477/500] 1a288d37-7f91-4b5e-a8c2-e26f85357aff: valid; 2.5 s; peak memory 3857 MiB.
2026-09-27T11:22:00Z INFO [478/500] 1a28bb08-2b75-46cc-9aca-026886d03446: not valid; 25.0 s; peak memory 4022 MiB.
2026-09-27T11:22:01Z INFO [479/500] 1a28f655-d37e-4a62-8866-8e0322883fc4: valid; 1.2 s; peak memory 4022 MiB.
2026-09-27T11:22:03Z INFO [480/500] 1a291ff5-ea5d-4cec-9717-b8148d88c834: valid; 2.2 s; peak memory 4024 MiB.
2026-09-27T11:22:08Z INFO [481/500] 1a29362d-e12d-4c83-aa89-463ffb3ec467: not valid; 4.4 s; peak memory 4078 MiB.
2026-09-27T11:22:09Z INFO [482/500] 1a2975d8-ebe3-4da3-a624-0ddb983b90d3: valid; 1.1 s; peak memory 4078 MiB.
2026-09-27T11:22:10Z INFO [483/500] 1a29e866-c6af-4173-a165-dee383a4ba4b: valid; 1.1 s; peak memory 4078 MiB.
2026-09-27T11:22:11Z INFO [484/500] 1a2a8def-d243-4410-9ae0-820c894ebb85: valid; 1.1 s; peak memory 4078 MiB.
2026-09-27T11:22:12Z INFO [485/500] 1a2ae6ea-498b-4b5b-b2c5-3a9aaf7dbc8b: valid; 1.2 s; peak memory 4078 MiB.
2026-09-27T11:22:14Z WARNING 1a2afbca-0a69-42fb-99ad-fdd5f2ac3703: failed while opening the NWB file (ConstructError: (root/acquisition/_iblmic_audioSpectrogram/bands GroupBuilder {'attributes': {'colnames': array(['freq'], dtype=object), 'description': 'spectogram frequencies', 'namespace': 'core', 'neurodata_type': 'FrequencyBandsTable', 'object_id': 'c39c9d12-bb83-43de-9853-3ed4a19eb19f'}, 'groups': {}, 'datasets': {'freq': root/acquisition/_iblmic_audioSpectrogram/bands/freq DatasetBuilder {'attributes': {'description': 'frequency value', 'namespace': 'hdmf-common', 'neurodata_type': 'VectorData', 'object_id': 'df6cb8ab-3acd-418f-ae89-4c717dca480e'}, 'data': <HDF5 dataset "freq": shape (257,), type "<f4">}, 'id': root/acquisition/_iblmic_audioSpectrogram/bands/id DatasetBuilder {'attributes': {'namespace': 'hdmf-common', 'neurodata_type': 'ElementIdentifiers', 'object_id': 'dbda713a-0ab4-4490-be1c-14ce4cce6771'}, 'data': <HDF5 dataset "id": shape (257,), type "<i4">}}, 'links': {}}, "Could not construct FrequencyBandsTable object due to: column must have the same number of rows as 'id'"))
2026-09-27T11:22:14Z WARNING 1a2b87af-d37d-4522-94e9-9d9dcee980cd: failed while retrieving asset information from the DANDI API (NotFoundError: No asset at path 'sub-EPCNHP1/sub-EPCNHP1_ses-2019-07-15-007_ecephys.nwb' in version 0.240701.1903. Verify the path is correct and the asset exists in this version. Use 'dandi ls' to list available assets.)
2026-09-27T11:22:16Z INFO [488/500] 1a2b9668-e967-4c02-b3cf-d9bbf7f40efe: valid; 1.9 s; peak memory 4083 MiB.
2026-09-27T11:22:17Z INFO [489/500] 1a2bdd6c-6f36-42e4-a4a1-c4ab6cd8b5bc: valid; 1.1 s; peak memory 4083 MiB.
2026-09-27T11:22:20Z INFO [490/500] 1a2bea5a-48d8-48fa-a450-30fd2bf55e45: valid; 2.4 s; peak memory 4083 MiB.
2026-09-27T11:22:21Z INFO [491/500] 1a2c62cc-08cb-4680-a866-1c7177350c4d: valid; 1.1 s; peak memory 4083 MiB.
2026-09-27T11:22:22Z INFO [492/500] 1a2c6883-f6a7-4521-bf7b-7d1df3a250dd: valid; 1.1 s; peak memory 4083 MiB.
2026-09-27T11:22:24Z INFO [493/500] 1a2c89df-67e4-431f-91ef-db2af28ea004: valid; 1.8 s; peak memory 4085 MiB.
2026-09-27T11:22:25Z INFO [494/500] 1a2cf516-600b-491b-bca6-fa29f9c0cc76: not valid; 1.9 s; peak memory 4086 MiB.
2026-09-27T11:22:27Z INFO [495/500] 1a2d19f4-a1b8-4c58-bec4-2b01433df08f: valid; 1.0 s; peak memory 4087 MiB.
2026-09-27T11:22:34Z INFO [496/500] 1a2d7266-aa54-4518-96f5-cf2d99788a23: valid; 7.2 s; peak memory 4128 MiB.
2026-09-27T11:22:35Z INFO [497/500] 1a2e03a6-48bc-4a58-a714-8aa15d02d015: valid; 1.2 s; peak memory 4129 MiB.
2026-09-27T11:22:38Z INFO [498/500] 1a2e55f4-d874-4444-9ab5-625be0ccd42c: valid; 3.1 s; peak memory 4136 MiB.
2026-09-27T11:22:39Z WARNING 1a2e6d6a-3620-4102-b3c9-ba6879d0688d: failed while opening the NWB file (ConstructError: (root/acquisition/_iblmic_audioSpectrogram/bands GroupBuilder {'attributes': {'colnames': array(['freq'], dtype=object), 'description': 'spectogram frequencies', 'namespace': 'core', 'neurodata_type': 'FrequencyBandsTable', 'object_id': 'a7ee68c8-7f27-41d3-acbb-2ae927ab0b30'}, 'groups': {}, 'datasets': {'freq': root/acquisition/_iblmic_audioSpectrogram/bands/freq DatasetBuilder {'attributes': {'description': 'frequency value', 'namespace': 'hdmf-common', 'neurodata_type': 'VectorData', 'object_id': '2984931f-c2b7-46c0-8e81-e523e04144d7'}, 'data': <HDF5 dataset "freq": shape (257,), type "<f4">}, 'id': root/acquisition/_iblmic_audioSpectrogram/bands/id DatasetBuilder {'attributes': {'namespace': 'hdmf-common', 'neurodata_type': 'ElementIdentifiers', 'object_id': 'df4743e1-1064-41a4-9b3a-0c6f907f48cc'}, 'data': <HDF5 dataset "id": shape (257,), type "<i4">}}, 'links': {}}, "Could not construct FrequencyBandsTable object due to: column must have the same number of rows as 'id'"))
2026-09-27T11:22:43Z INFO [500/500] 1a2ead31-af52-4706-9d28-a2aeb4e43280: not valid; 3.5 s; peak memory 4142 MiB.
2026-09-27T11:22:44Z INFO [500/500] 1a2ead31-af52-4706-9d28-a2aeb4e43280: checkpointed 82010 records.
2026-09-27T11:22:44Z INFO Wrote 82010 records to /tmp/derivatives/content_id_to_valid_nwb_file.jsonl (467 new, 33 failed) in 26.2 min (peak memory 4142 MiB).
