2026-09-23T20:47:30Z INFO Logging to /tmp/logs/update_2026-09-23T20-47-30Z.log.
2026-09-23T20:47:30Z INFO Update content-id-to-valid-nwb-file (base directory /tmp).
2026-09-23T20:47:32Z INFO Processing 500 items (76510 already recorded).
2026-09-23T20:47:35Z INFO [1/500] 11d29c76-0c11-483a-86db-7b1988c5d03e: valid; 3.1 s; peak memory 339 MiB.
2026-09-23T20:47:37Z INFO [2/500] 11d38f6a-d28d-468f-a942-bc2284024cf5: valid; 2.2 s; peak memory 350 MiB.
2026-09-23T20:47:37Z WARNING 11d3a4c7-f42d-4309-9a10-cba0a1d35201: failed while retrieving asset information from the DANDI API (NotFoundError: No such Dandiset: 001533)
2026-09-23T20:47:39Z WARNING 11d3fe69-af4e-499e-95c2-49701360cd8f: failed while opening the NWB file (ConstructError: (root/acquisition/_iblmic_audioSpectrogram/bands GroupBuilder {'attributes': {'colnames': array(['freq'], dtype=object), 'description': 'spectogram frequencies', 'namespace': 'core', 'neurodata_type': 'FrequencyBandsTable', 'object_id': '3f94f65d-ec8d-46cd-91b8-62232f125f3b'}, 'groups': {}, 'datasets': {'freq': root/acquisition/_iblmic_audioSpectrogram/bands/freq DatasetBuilder {'attributes': {'description': 'frequency value', 'namespace': 'hdmf-common', 'neurodata_type': 'VectorData', 'object_id': '716a90ed-9a5c-470a-b8ec-4d665acb3708'}, 'data': <HDF5 dataset "freq": shape (257,), type "<f4">}, 'id': root/acquisition/_iblmic_audioSpectrogram/bands/id DatasetBuilder {'attributes': {'namespace': 'hdmf-common', 'neurodata_type': 'ElementIdentifiers', 'object_id': 'ec920e3e-4ce3-4479-a750-8293be799f36'}, 'data': <HDF5 dataset "id": shape (257,), type "<i4">}}, 'links': {}}, "Could not construct FrequencyBandsTable object due to: column must have the same number of rows as 'id'"))
2026-09-23T20:47:40Z INFO [5/500] 11d4e474-9164-4e37-ac11-d41347e57812: valid; 1.2 s; peak memory 359 MiB.
2026-09-23T20:47:42Z INFO [6/500] 11d605b6-9445-4304-a18b-6dc2bdeca112: not valid; 1.5 s; peak memory 362 MiB.
2026-09-23T20:47:44Z INFO [7/500] 11d746fa-bdc2-4a92-83b5-8a4b77fe8a38: valid; 2.0 s; peak memory 371 MiB.
2026-09-23T20:47:45Z INFO [8/500] 11d77b47-c29c-4477-8a4f-b6d7adadc4a9: valid; 1.0 s; peak memory 374 MiB.
2026-09-23T20:47:46Z INFO [9/500] 11d821ad-586a-4d03-891f-c36d6ffed9fa: not valid; 1.5 s; peak memory 380 MiB.
2026-09-23T20:47:47Z WARNING 11d89448-1436-4d61-b38f-2e0403c7f1d4: failed while opening the NWB file (ConstructError: (root/acquisition/_iblmic_audioSpectrogram/bands GroupBuilder {'attributes': {'colnames': array(['freq'], dtype=object), 'description': 'spectogram frequencies', 'namespace': 'core', 'neurodata_type': 'FrequencyBandsTable', 'object_id': '4c8164f1-4f63-4990-b8fe-86c186b2acb5'}, 'groups': {}, 'datasets': {'freq': root/acquisition/_iblmic_audioSpectrogram/bands/freq DatasetBuilder {'attributes': {'description': 'frequency value', 'namespace': 'hdmf-common', 'neurodata_type': 'VectorData', 'object_id': '6335c108-1f47-4769-9eb7-5ddfcf23512e'}, 'data': <HDF5 dataset "freq": shape (257,), type "<f4">}, 'id': root/acquisition/_iblmic_audioSpectrogram/bands/id DatasetBuilder {'attributes': {'namespace': 'hdmf-common', 'neurodata_type': 'ElementIdentifiers', 'object_id': 'af0b2dd8-53ad-4627-99a3-ed53d8d2e931'}, 'data': <HDF5 dataset "id": shape (257,), type "<i4">}}, 'links': {}}, "Could not construct FrequencyBandsTable object due to: column must have the same number of rows as 'id'"))
2026-09-23T20:47:49Z INFO [11/500] 11d8a194-f938-4aba-a59c-ea65a16672b8: valid; 1.1 s; peak memory 396 MiB.
2026-09-23T20:47:50Z INFO [12/500] 11d93f52-f83d-42b6-aecc-51ea86898fd8: valid; 1.5 s; peak memory 406 MiB.
2026-09-23T20:47:52Z INFO [13/500] 11d93fea-0c51-4232-9135-32a67baabae8: not valid; 1.8 s; peak memory 420 MiB.
2026-09-23T20:47:53Z INFO [14/500] 11d94c55-0ec5-4d8a-83f7-1eccbad80a95: valid; 1.2 s; peak memory 423 MiB.
2026-09-23T20:47:54Z INFO [15/500] 11d9d0b8-13f8-4ccb-a456-a4c7b5558450: valid; 1.2 s; peak memory 425 MiB.
2026-09-23T20:47:55Z INFO [16/500] 11da770a-56e0-41aa-95bc-75d1eb6c6504: valid; 0.9 s; peak memory 425 MiB.
2026-09-23T20:47:56Z INFO [17/500] 11da9056-ab64-40f9-b14b-78f7fa81afc2: valid; 1.0 s; peak memory 428 MiB.
2026-09-23T20:47:57Z INFO [18/500] 11da97f9-4074-4979-90a0-caabc908276d: not valid; 1.1 s; peak memory 432 MiB.
2026-09-23T20:47:58Z INFO [19/500] 11dacd19-ca04-4a4e-a7b0-fb10e7d4f846: valid; 1.0 s; peak memory 433 MiB.
2026-09-23T20:48:00Z INFO [20/500] 11db390b-76b0-44a6-bc6c-9444376a03a7: valid; 2.1 s; peak memory 441 MiB.
2026-09-23T20:48:02Z INFO [21/500] 11db6667-8d7c-4003-8740-0d3d52f098f9: valid; 2.1 s; peak memory 441 MiB.
2026-09-23T20:48:04Z INFO [22/500] 11db8c5f-4ed9-41c5-8eb0-36b78b41abd3: valid; 1.7 s; peak memory 441 MiB.
2026-09-23T20:48:06Z INFO [23/500] 11dbada3-56e2-4c85-87d5-ade73d45dd07: valid; 1.9 s; peak memory 441 MiB.
2026-09-23T20:48:07Z INFO [24/500] 11dbd60f-58b3-4668-86b1-c966c3ce29c0: valid; 1.3 s; peak memory 441 MiB.
2026-09-23T20:48:09Z INFO [25/500] 11dc4696-8397-48b4-997b-0015b3d4973f: valid; 1.6 s; peak memory 441 MiB.
2026-09-23T20:48:11Z INFO [26/500] 11dd8f17-5048-4daf-8ade-afef9fa18c35: not valid; 1.7 s; peak memory 445 MiB.
2026-09-23T20:48:13Z INFO [27/500] 11de4dbb-06a2-47df-8a4c-07ef55df3760: valid; 2.6 s; peak memory 451 MiB.
2026-09-23T20:48:14Z INFO [28/500] 11de70cb-0c4b-4b1d-9f1a-47ede8605b1f: not valid; 1.0 s; peak memory 455 MiB.
2026-09-23T20:48:16Z INFO [29/500] 11df0366-de40-4955-97f5-7944c95a0913: valid; 2.0 s; peak memory 470 MiB.
2026-09-23T20:48:19Z INFO [30/500] 11e02d61-5d5a-4f3f-bf40-58fbff135686: valid; 2.7 s; peak memory 472 MiB.
2026-09-23T20:48:20Z INFO [31/500] 11e04caa-6b35-463f-8f4d-a8c7a90313bc: not valid; 1.4 s; peak memory 472 MiB.
2026-09-23T20:48:21Z INFO [32/500] 11e0d70e-eaac-442e-8a85-12834df27c4b: valid; 0.9 s; peak memory 472 MiB.
2026-09-23T20:48:23Z INFO [33/500] 11e10c63-0236-4f17-8231-6bfef6afad2e: not valid; 1.5 s; peak memory 472 MiB.
2026-09-23T20:48:24Z INFO [34/500] 11e11d3d-4349-4ac5-8c9c-4120c5a20ed6: valid; 1.5 s; peak memory 472 MiB.
2026-09-23T20:48:25Z INFO [35/500] 11e16620-ea63-48e2-af1d-757e915c18b5: valid; 1.0 s; peak memory 472 MiB.
2026-09-23T20:48:27Z INFO [36/500] 11e18a2d-cd89-4101-8296-e84951a0ebb1: valid; 2.3 s; peak memory 478 MiB.
2026-09-23T20:48:29Z WARNING 11e20147-95df-4909-89b7-37292d3b1b93: failed while opening the NWB file (ConstructError: (root/general/optogenetics/PatternedOptogeneticStimulusSite GroupBuilder {'attributes': {'effector': 'GUR-3/PRDX-2', 'namespace': 'ndx-patterned-ogen', 'neurodata_type': 'PatternedOptogeneticStimulusSite', 'object_id': '28a3fe87-522a-4284-83bd-693766a37cc0'}, 'groups': {}, 'datasets': {'description': root/general/optogenetics/PatternedOptogeneticStimulusSite/description DatasetBuilder {'attributes': {}, 'data': 'Scanning'}, 'excitation_lambda': root/general/optogenetics/PatternedOptogeneticStimulusSite/excitation_lambda DatasetBuilder {'attributes': {}, 'data': np.float64(850.0)}, 'location': root/general/optogenetics/PatternedOptogeneticStimulusSite/location DatasetBuilder {'attributes': {}, 'data': 'whole brain'}}, 'links': {'device': root/general/optogenetics/PatternedOptogeneticStimulusSite/device LinkBuilder {'builder': root/general/devices/OptogeneticDevice GroupBuilder {'attributes': {'description': '', 'namespace': 'core', 'neurodata_type': 'Device', 'object_id': '966e3ae5-206f-48d7-8a9e-0cd46163ebd2'}, 'groups': {}, 'datasets': {}, 'links': {}}}, 'light_source': root/general/optogenetics/PatternedOptogeneticStimulusSite/light_source LinkBuilder {'builder': root/general/devices/AmplifiedLaser GroupBuilder {'attributes': {'description': 'For two-photon optogenetic targeting, we used an optical parametric amplifier (OPA; Light Conversion ORPHEUS) pumped by a femtosecond amplified laser (Light Conversion PHAROS).', 'filter_description': 'Short pass at 1040 nm', 'manufacturer': 'Light Conversion', 'model': 'ORPHEUS amplifier and PHAROS laser', 'namespace': 'ndx-patterned-ogen', 'neurodata_type': 'LightSource', 'object_id': '29979599-0b7c-4e3c-8d27-8bb755a87428', 'peak_power_in_W': np.float64(0.0012), 'pulse_rate_in_Hz': np.float64(500000.0), 'stimulation_wavelength_in_nm': np.float64(850.0)}, 'groups': {}, 'datasets': {}, 'links': {}}}}}, "Could not construct PatternedOptogeneticStimulusSite object due to: CustomClassGenerator.set_init.<locals>.__init__: incorrect type for 'spatial_light_modulator' (got 'list', expected 'Device')"))
2026-09-23T20:48:32Z INFO [38/500] 11e25a7e-d94d-47b5-84f8-d442a70b108a: valid; 2.4 s; peak memory 501 MiB.
2026-09-23T20:48:33Z INFO [39/500] 11e2b502-e7b2-4872-8f9f-e7bd5004e34c: valid; 1.4 s; peak memory 514 MiB.
2026-09-23T20:48:34Z INFO [40/500] 11e34c8f-967e-4c55-971f-3462f6b6632a: valid; 1.0 s; peak memory 514 MiB.
2026-09-23T20:48:35Z INFO [41/500] 11e36a66-7a7b-4684-b015-d1ed0276fdcf: valid; 1.2 s; peak memory 514 MiB.
2026-09-23T20:48:36Z INFO [42/500] 11e44296-e009-4078-9ff1-2b268b5b1f41: valid; 0.8 s; peak memory 514 MiB.
2026-09-23T20:48:37Z INFO [43/500] 11e44ad1-83b8-42aa-90bf-782d5c94466e: valid; 1.4 s; peak memory 514 MiB.
2026-09-23T20:48:38Z INFO [44/500] 11e49c92-5af8-4c11-b5df-7131920b53fc: valid; 1.0 s; peak memory 514 MiB.
2026-09-23T20:48:40Z INFO [45/500] 11e567e9-3bac-460c-ac5b-61285a0caf1b: valid; 1.0 s; peak memory 514 MiB.
2026-09-23T20:49:40Z INFO [46/500] 11e5e937-b8f3-451a-8664-14b0346d7e5d: valid; 60.1 s; peak memory 753 MiB.
2026-09-23T20:49:41Z INFO [47/500] 11e5ead8-b811-44bd-baa8-1cd1358a6419: not valid; 1.2 s; peak memory 753 MiB.
2026-09-23T20:49:42Z INFO [48/500] 11e6374a-3139-40f8-99f0-164622241642: valid; 1.6 s; peak memory 753 MiB.
2026-09-23T20:49:44Z INFO [49/500] 11e67d8d-bf0a-4f73-8e14-c3a711a172f3: not valid; 1.1 s; peak memory 753 MiB.
2026-09-23T20:49:45Z INFO [50/500] 11e6ec10-f8e9-44ff-a57d-8367e15c30f1: valid; 1.6 s; peak memory 753 MiB.
2026-09-23T20:49:46Z INFO [50/500] 11e6ec10-f8e9-44ff-a57d-8367e15c30f1: checkpointed 76560 records.
2026-09-23T20:49:51Z INFO [51/500] 11e6f258-de0a-42b9-b7e4-b221580a05b8: valid; 5.7 s; peak memory 756 MiB.
2026-09-23T20:49:54Z INFO [52/500] 11e6fbd2-7727-42e1-a5ac-68f571b1b958: valid; 2.4 s; peak memory 760 MiB.
2026-09-23T20:49:55Z INFO [53/500] 11e7aeea-a059-4a69-90ab-5c0ebd339d11: valid; 1.1 s; peak memory 760 MiB.
2026-09-23T20:49:56Z INFO [54/500] 11e7e5eb-2e0a-49db-a425-bc5fee0b6962: not valid; 1.5 s; peak memory 760 MiB.
2026-09-23T20:50:00Z INFO [55/500] 11e8301b-144c-43f6-a3a4-6e38b3f815f7: valid; 3.6 s; peak memory 805 MiB.
2026-09-23T20:50:12Z INFO [56/500] 11e89513-5ed1-4fc2-bc8f-4d32fe869e73: valid; 12.0 s; peak memory 878 MiB.
2026-09-23T20:50:13Z INFO [57/500] 11e93042-2657-4b85-b033-1ee759817673: valid; 1.0 s; peak memory 880 MiB.
2026-09-23T20:50:15Z INFO [58/500] 11e9fbf5-64be-468b-9833-80746fb17793: valid; 2.5 s; peak memory 886 MiB.
2026-09-23T20:50:17Z INFO [59/500] 11ea1097-a9c5-4db7-8e99-82a1f6c777fb: valid; 1.6 s; peak memory 892 MiB.
2026-09-23T20:50:18Z INFO [60/500] 11eaa7c7-5b71-4217-8ce5-eb0fc9cfb76f: not valid; 1.1 s; peak memory 895 MiB.
2026-09-23T20:50:19Z INFO [61/500] 11eac290-0f75-42d8-982a-8ca25373505c: valid; 0.9 s; peak memory 898 MiB.
2026-09-23T20:50:20Z INFO [62/500] 11eb55d6-e818-4fa4-8c3d-ac5141156136: not valid; 1.1 s; peak memory 902 MiB.
2026-09-23T20:50:26Z INFO [63/500] 11eb665a-9204-4904-9d94-c923c4555094: valid; 5.8 s; peak memory 952 MiB.
2026-09-23T20:50:28Z INFO [64/500] 11ebc16f-3eee-4b67-a5d6-16cce19d84a8: valid; 1.6 s; peak memory 958 MiB.
2026-09-23T20:50:41Z INFO [65/500] 11ebcd44-48f5-498f-98f6-430d7e028468: valid; 13.4 s; peak memory 987 MiB.
2026-09-23T20:50:44Z INFO [66/500] 11ebed8f-c38d-43c9-8342-098918138a2e: valid; 3.2 s; peak memory 987 MiB.
2026-09-23T20:50:47Z INFO [67/500] 11ebfeb2-1d34-4779-ad1e-2bde9017c249: valid; 3.1 s; peak memory 988 MiB.
2026-09-23T20:50:48Z INFO [68/500] 11ec77b9-c931-4779-8536-67735488da7f: valid; 1.0 s; peak memory 988 MiB.
2026-09-23T20:50:49Z INFO [69/500] 11ec8933-1456-4942-922b-94e5878bb991: not valid; 0.7 s; peak memory 988 MiB.
2026-09-23T20:50:55Z INFO [70/500] 11eca715-f59a-4f71-a42e-5706d04b0665: valid; 5.6 s; peak memory 993 MiB.
2026-09-23T20:50:56Z INFO [71/500] 11ecbaca-cbb1-48d5-827a-f7b16aee238f: not valid; 1.2 s; peak memory 994 MiB.
2026-09-23T20:50:57Z INFO [72/500] 11ee000e-1890-415c-a316-07eed2aac577: valid; 1.3 s; peak memory 994 MiB.
2026-09-23T20:50:58Z INFO [73/500] 11ee001e-1354-447b-a545-6d8be013237d: valid; 0.9 s; peak memory 994 MiB.
2026-09-23T20:50:59Z INFO [74/500] 11ee6172-2cbc-4131-ab37-4fedf1a0d80d: valid; 0.8 s; peak memory 994 MiB.
2026-09-23T20:51:00Z INFO [75/500] 11ee716f-4be4-49af-86aa-b2af23f4b880: valid; 1.2 s; peak memory 994 MiB.
2026-09-23T20:51:01Z INFO [76/500] 11ee8084-a567-435b-b533-444923c0140c: valid; 1.0 s; peak memory 994 MiB.
2026-09-23T20:51:12Z INFO [77/500] 11ee8d3a-b164-4c17-84e2-4a761ba5ec68: valid; 11.4 s; peak memory 1027 MiB.
2026-09-23T20:51:14Z INFO [78/500] 11eeb954-97ef-4902-8409-24989dae959e: valid; 1.8 s; peak memory 1030 MiB.
2026-09-23T20:51:15Z INFO [79/500] 11eed946-5b46-47cf-ba65-3a7627f85771: valid; 1.1 s; peak memory 1030 MiB.
2026-09-23T20:51:17Z INFO [80/500] 11eede50-a27b-4d8b-8ce5-192981258f33: valid; 1.5 s; peak memory 1031 MiB.
2026-09-23T20:51:18Z INFO [81/500] 11efd6e6-1b59-44a5-96c7-843e97ee5566: valid; 0.9 s; peak memory 1032 MiB.
2026-09-23T20:51:28Z INFO [82/500] 11efe21a-c7fd-40e4-bb3b-8305dc60b40c: not valid; 10.2 s; peak memory 1088 MiB.
2026-09-23T20:51:28Z WARNING 11effc68-6238-45b2-9f11-ca843c0cb6f7: failed while retrieving asset information from the DANDI API (NotFoundError: No such Dandiset: 000948)
2026-09-23T20:51:29Z INFO [84/500] 11f0be72-b5cb-4dec-872b-ce453ffee39a: valid; 1.6 s; peak memory 1088 MiB.
2026-09-23T20:51:31Z INFO [85/500] 11f0da7b-a05b-4508-9540-6eb793b9777f: valid; 1.6 s; peak memory 1088 MiB.
2026-09-23T20:51:32Z INFO [86/500] 11f15691-529b-47ea-8a78-fab6a9fbadcf: valid; 1.1 s; peak memory 1088 MiB.
2026-09-23T20:51:45Z INFO [87/500] 11f190c2-b7a3-4b16-be3d-c32a47d90673: valid; 12.8 s; peak memory 1088 MiB.
2026-09-23T20:51:47Z INFO [88/500] 11f1ef7b-7afa-4f9d-bb5c-e1957d40bfa1: valid; 2.3 s; peak memory 1088 MiB.
2026-09-23T20:51:50Z INFO [89/500] 11f2fb2a-4e08-4880-9fc7-2fa7a295a24d: not valid; 3.1 s; peak memory 1088 MiB.
2026-09-23T20:51:59Z INFO [90/500] 11f362a8-1f2b-4779-b383-e6affd3aa9c9: valid; 8.6 s; peak memory 1137 MiB.
2026-09-23T20:52:00Z INFO [91/500] 11f3b531-ef2c-44da-b6a7-3e8f83221ba9: valid; 1.7 s; peak memory 1137 MiB.
2026-09-23T20:52:02Z INFO [92/500] 11f3b9ca-5fc5-4630-a05d-714a43523022: not valid; 1.7 s; peak memory 1139 MiB.
2026-09-23T20:52:08Z INFO [93/500] 11f3c185-10a8-4808-a89d-3ae50cd4507e: valid; 5.9 s; peak memory 1163 MiB.
2026-09-23T20:52:09Z INFO [94/500] 11f3d9e6-0619-4f3b-aff1-b10435cbcb57: valid; 1.1 s; peak memory 1165 MiB.
2026-09-23T20:52:11Z INFO [95/500] 11f3e0d0-4edd-4a8e-bf53-b9bd5b8391e4: valid; 1.4 s; peak memory 1167 MiB.
2026-09-23T20:52:18Z INFO [96/500] 11f421ee-a92c-4da0-8e03-1cb125033c4a: valid; 7.4 s; peak memory 1189 MiB.
2026-09-23T20:52:20Z INFO [97/500] 11f433b5-17cf-452d-a67b-24403bec05e5: valid; 2.3 s; peak memory 1200 MiB.
2026-09-23T20:52:21Z INFO [98/500] 11f4873a-bb94-445b-9a6d-6952171482d6: valid; 0.7 s; peak memory 1200 MiB.
2026-09-23T20:52:22Z INFO [99/500] 11f48ffd-e66f-4b33-a346-286638ecb6cc: valid; 0.8 s; peak memory 1200 MiB.
2026-09-23T20:52:24Z INFO [100/500] 11f50bf2-a51f-4077-a2f5-96c3cc535607: valid; 2.0 s; peak memory 1200 MiB.
2026-09-23T20:52:24Z INFO [100/500] 11f50bf2-a51f-4077-a2f5-96c3cc535607: checkpointed 76610 records.
2026-09-23T20:52:26Z INFO [101/500] 11f50bfe-d3db-4a63-820d-6af2e3a7f028: valid; 1.8 s; peak memory 1200 MiB.
2026-09-23T20:52:31Z INFO [102/500] 11f58917-0666-4d03-86d7-2acc595a6f5f: not valid; 5.2 s; peak memory 1200 MiB.
2026-09-23T20:52:33Z INFO [103/500] 11f65b60-01f0-48f8-805e-9f0cd1b0c9d8: valid; 1.3 s; peak memory 1200 MiB.
2026-09-23T20:52:34Z INFO [104/500] 11f68282-640e-49b6-a27f-a6858de2cd2b: valid; 1.6 s; peak memory 1200 MiB.
2026-09-23T20:52:36Z INFO [105/500] 11f6f243-f5ad-46a0-a944-20f7ff6df797: valid; 1.4 s; peak memory 1200 MiB.
2026-09-23T20:53:09Z INFO [106/500] 11f7b47e-bb42-42bf-b138-b8f58d5c7840: valid; 33.2 s; peak memory 1396 MiB.
2026-09-23T20:53:11Z INFO [107/500] 11f7c8cc-7223-4c4c-9708-971dd32bd90f: valid; 2.2 s; peak memory 1403 MiB.
2026-09-23T20:53:22Z INFO [108/500] 11f8700e-f585-415e-b3ca-b13cc1620ef6: valid; 10.7 s; peak memory 1419 MiB.
2026-09-23T20:53:25Z INFO [109/500] 11f8c177-b44f-4874-a526-a891b14de36a: valid; 3.5 s; peak memory 1423 MiB.
2026-09-23T20:54:07Z INFO [110/500] 11f8cc2e-afac-4dac-b575-567471c8ba15: valid; 42.1 s; peak memory 1494 MiB.
2026-09-23T20:54:37Z INFO [111/500] 11f90025-e8bd-40da-82b4-16fb0eecc8ca: valid; 29.3 s; peak memory 1542 MiB.
2026-09-23T20:54:38Z INFO [112/500] 11f92f3a-ac9f-4022-bbe2-ef0f21bb8dff: valid; 1.6 s; peak memory 1560 MiB.
2026-09-23T20:54:41Z INFO [113/500] 11f93b27-0367-4344-8e71-5f0e82074d1a: valid; 3.0 s; peak memory 1577 MiB.
2026-09-23T20:54:41Z WARNING 11f95c67-f201-43d6-9f72-4713b37a887f: failed while retrieving asset information from the DANDI API (NotFoundError: No asset at path 'sub-LG445/sub-LG445_ses-20250328_obj-1ru5yjw_ophys.nwb' in version 0.260915.2135. Verify the path is correct and the asset exists in this version. Use 'dandi ls' to list available assets.)
2026-09-23T20:54:42Z INFO [115/500] 11f99a2c-f06a-4f15-bb9d-8db12c6c86be: valid; 0.9 s; peak memory 1577 MiB.
2026-09-23T20:54:44Z INFO [116/500] 11fb8235-157f-4239-9fc2-7620978a61c5: valid; 1.4 s; peak memory 1577 MiB.
2026-09-23T20:54:45Z INFO [117/500] 11fb97ad-fb19-4b0d-ba27-817a46de01d9: valid; 1.0 s; peak memory 1577 MiB.
2026-09-23T20:54:46Z INFO [118/500] 11fbc4d1-a204-4f06-af01-9b20905404f5: valid; 1.5 s; peak memory 1577 MiB.
2026-09-23T20:54:57Z INFO [119/500] 11fc6920-b435-4628-9446-35754187f33d: valid; 10.8 s; peak memory 1681 MiB.
2026-09-23T20:55:05Z INFO [120/500] 11fc6a93-d244-4752-b8bf-b5fb6873d8c6: valid; 7.8 s; peak memory 1830 MiB.
2026-09-23T20:55:06Z INFO [121/500] 11fcb818-bca0-44e1-a074-76e02b5c332b: valid; 0.9 s; peak memory 1830 MiB.
2026-09-23T20:55:13Z INFO [122/500] 11fda530-e803-474c-8d48-2a0e0bbef3ad: valid; 7.3 s; peak memory 1830 MiB.
2026-09-23T20:55:15Z INFO [123/500] 11fe78b0-3fff-40fa-b2b2-39b0eed882ac: not valid; 1.6 s; peak memory 1836 MiB.
2026-09-23T20:55:15Z INFO [124/500] 11feaeef-3944-402a-add1-519a7056c4b4: valid; 0.8 s; peak memory 1836 MiB.
2026-09-23T20:55:21Z INFO [125/500] 11fec506-4d17-4ca7-8df3-ee12d4af0fd7: not valid; 5.7 s; peak memory 1878 MiB.
2026-09-23T20:55:26Z INFO [126/500] 11fee3f1-b7d8-4703-826f-b35d26eb8d91: not valid; 4.9 s; peak memory 1886 MiB.
2026-09-23T20:55:31Z INFO [127/500] 11fee54b-0cad-4093-8c2b-b550c73a668f: not valid; 5.5 s; peak memory 1893 MiB.
2026-09-23T20:55:33Z WARNING 11fefb3c-4177-4dc2-ba0f-57c9632e2973: failed while opening the NWB file (ConstructError: (root/acquisition/_iblmic_audioSpectrogram/bands GroupBuilder {'attributes': {'colnames': array(['freq'], dtype=object), 'description': 'spectogram frequencies', 'namespace': 'core', 'neurodata_type': 'FrequencyBandsTable', 'object_id': 'c6edcf7c-f202-4e7f-b021-7b766b11c13f'}, 'groups': {}, 'datasets': {'freq': root/acquisition/_iblmic_audioSpectrogram/bands/freq DatasetBuilder {'attributes': {'description': 'frequency value', 'namespace': 'hdmf-common', 'neurodata_type': 'VectorData', 'object_id': 'ab2d698c-9f8b-4f54-a551-849541c2dcc8'}, 'data': <HDF5 dataset "freq": shape (257,), type "<f4">}, 'id': root/acquisition/_iblmic_audioSpectrogram/bands/id DatasetBuilder {'attributes': {'namespace': 'hdmf-common', 'neurodata_type': 'ElementIdentifiers', 'object_id': '4d6808bb-5e53-40ac-9d4f-197d6b49b995'}, 'data': <HDF5 dataset "id": shape (257,), type "<i4">}}, 'links': {}}, "Could not construct FrequencyBandsTable object due to: column must have the same number of rows as 'id'"))
2026-09-23T20:55:34Z INFO [129/500] 11ff0d56-e359-4ca0-8562-788c921538f4: valid; 1.4 s; peak memory 1895 MiB.
2026-09-23T20:55:35Z INFO [130/500] 11ffb9ce-d6fe-4d85-a7fb-bb599e6dda48: valid; 0.8 s; peak memory 1895 MiB.
2026-09-23T20:55:43Z INFO [131/500] 12002ebd-c3c0-4c7d-9a77-db590f4795d9: valid; 8.3 s; peak memory 1895 MiB.
2026-09-23T20:55:45Z INFO [132/500] 1200b15a-028a-4414-943e-b32aeaf31200: valid; 1.5 s; peak memory 1895 MiB.
2026-09-23T20:55:46Z INFO [133/500] 1200e0e3-e430-4006-a469-53f1fde9c00d: valid; 1.4 s; peak memory 1895 MiB.
2026-09-23T20:55:47Z INFO [134/500] 1200f110-f397-46d2-a2e0-f6ae84674653: valid; 0.9 s; peak memory 1895 MiB.
2026-09-23T20:56:35Z INFO [135/500] 12015104-8ec2-4418-872e-51ed11095dec: valid; 47.6 s; peak memory 1925 MiB.
2026-09-23T20:56:36Z WARNING 12017f6c-4b5a-48af-8b42-a94bd47bcceb: failed while opening the NWB file (ConstructError: (root/acquisition/_iblmic_audioSpectrogram/bands GroupBuilder {'attributes': {'colnames': array(['freq'], dtype=object), 'description': 'spectogram frequencies', 'namespace': 'core', 'neurodata_type': 'FrequencyBandsTable', 'object_id': 'eabc4f3d-ce4c-454a-99bf-497c1ef8f1a5'}, 'groups': {}, 'datasets': {'freq': root/acquisition/_iblmic_audioSpectrogram/bands/freq DatasetBuilder {'attributes': {'description': 'frequency value', 'namespace': 'hdmf-common', 'neurodata_type': 'VectorData', 'object_id': 'f43b050c-8877-4367-9cca-71293e3b8756'}, 'data': <HDF5 dataset "freq": shape (257,), type "<f4">}, 'id': root/acquisition/_iblmic_audioSpectrogram/bands/id DatasetBuilder {'attributes': {'namespace': 'hdmf-common', 'neurodata_type': 'ElementIdentifiers', 'object_id': '1abfec69-c800-4c89-b4ef-7abc7dd1d696'}, 'data': <HDF5 dataset "id": shape (257,), type "<i4">}}, 'links': {}}, "Could not construct FrequencyBandsTable object due to: column must have the same number of rows as 'id'"))
2026-09-23T20:56:38Z INFO [137/500] 12019d91-2b45-45da-89cb-f345f018722d: valid; 2.0 s; peak memory 1925 MiB.
2026-09-23T20:56:40Z INFO [138/500] 1201b39a-a8ae-4032-89ab-eb8c5402f42f: valid; 1.9 s; peak memory 1925 MiB.
2026-09-23T20:56:41Z INFO [139/500] 12035adc-54f9-4e3b-8131-2ffb6b0cf7c3: valid; 1.0 s; peak memory 1925 MiB.
2026-09-23T20:56:43Z INFO [140/500] 1203844c-f7e0-479c-8a13-121f4f24af12: not valid; 1.6 s; peak memory 1925 MiB.
2026-09-23T20:56:44Z INFO [141/500] 12041904-7898-4d75-9c4d-85f160d81e51: valid; 1.1 s; peak memory 1925 MiB.
2026-09-23T20:56:45Z INFO [142/500] 12041b2a-269d-412b-8df8-c68c79604681: valid; 1.3 s; peak memory 1925 MiB.
2026-09-23T20:56:47Z INFO [143/500] 1205bbd8-888a-4c32-b63e-4a1268ff95b7: valid; 1.7 s; peak memory 1925 MiB.
2026-09-23T20:56:48Z INFO [144/500] 1205f767-eecb-4afd-a374-028c5fd7c6f4: valid; 0.9 s; peak memory 1925 MiB.
2026-09-23T20:56:48Z INFO [145/500] 12060631-d404-43ea-a54e-32d7e47a4470: valid; 0.7 s; peak memory 1925 MiB.
2026-09-23T20:56:49Z INFO [146/500] 1206f64c-3d08-4916-8039-ce5e121555d4: valid; 0.9 s; peak memory 1925 MiB.
2026-09-23T20:56:50Z INFO [147/500] 12088ef1-9c0a-4157-931a-3703820b7d26: not valid; 1.0 s; peak memory 1925 MiB.
2026-09-23T20:56:55Z INFO [148/500] 1208df2d-6d5b-4037-b56f-0d6f6b2f9d60: valid; 5.1 s; peak memory 1925 MiB.
2026-09-23T20:56:57Z INFO [149/500] 1208eb1e-8106-4d13-b157-b834ad6b1d53: valid; 1.9 s; peak memory 1925 MiB.
2026-09-23T20:56:57Z WARNING 1209b2b4-a1fe-48fa-b469-a846062b3d01: failed while retrieving asset information from the DANDI API (NotFoundError: No such Dandiset: 000732)
2026-09-23T20:56:58Z INFO [150/500] 1209b2b4-a1fe-48fa-b469-a846062b3d01: checkpointed 76660 records.
2026-09-23T20:57:46Z INFO [151/500] 1209f31a-acda-4ee9-9d9b-4eb861acf8f4: valid; 47.9 s; peak memory 2087 MiB.
2026-09-23T20:57:47Z INFO [152/500] 120a2703-8221-4418-889f-be0adf7495cf: valid; 1.5 s; peak memory 2087 MiB.
2026-09-23T20:57:58Z INFO [153/500] 120a27e8-f074-41fd-80be-513db971a0dc: valid; 10.4 s; peak memory 2148 MiB.
2026-09-23T20:58:00Z INFO [154/500] 120a6996-db51-4ade-aba8-5087c0e6d68f: valid; 1.8 s; peak memory 2148 MiB.
2026-09-23T20:58:05Z INFO [155/500] 120abe6d-b4d4-44a6-b8af-bfa70bb337f0: valid; 5.9 s; peak memory 2148 MiB.
2026-09-23T20:58:06Z INFO [156/500] 120aeeca-3322-4569-b04d-864adbe35bc1: valid; 0.8 s; peak memory 2148 MiB.
2026-09-23T20:58:08Z INFO [157/500] 120b3e34-b185-4a48-ae86-cddf1fa345be: valid; 1.3 s; peak memory 2148 MiB.
2026-09-23T20:58:09Z INFO [158/500] 120b60f1-2872-4ea9-8793-04d1e26128a7: not valid; 1.3 s; peak memory 2148 MiB.
2026-09-23T20:58:10Z INFO [159/500] 120b836e-9afb-492b-9d44-974f89656b11: valid; 0.8 s; peak memory 2148 MiB.
2026-09-23T20:58:11Z INFO [160/500] 120c1ef9-093e-4646-82fb-850abc4ae2bc: valid; 1.4 s; peak memory 2148 MiB.
2026-09-23T20:58:13Z INFO [161/500] 120cb8a6-b8d5-4440-b93a-886e442ab240: not valid; 1.5 s; peak memory 2148 MiB.
2026-09-23T20:58:16Z INFO [162/500] 120cfb9e-71fc-445f-b4fe-d7e32399f4db: valid; 3.2 s; peak memory 2148 MiB.
2026-09-23T20:58:22Z INFO [163/500] 120d40e5-0126-42e6-a451-4f019581aaee: not valid; 5.7 s; peak memory 2148 MiB.
2026-09-23T20:58:23Z INFO [164/500] 120d912a-4407-4399-9c9e-7554f1ce6f36: valid; 1.8 s; peak memory 2148 MiB.
2026-09-23T20:58:24Z INFO [165/500] 120dd847-87da-4ca8-97c5-b91969f12fae: valid; 0.9 s; peak memory 2148 MiB.
2026-09-23T20:58:25Z INFO [166/500] 120df354-e893-4d32-91e6-5d6abfb784a3: valid; 1.0 s; peak memory 2148 MiB.
2026-09-23T20:58:27Z INFO [167/500] 120e44a1-5706-46e9-ab6e-f1a6fe7cc24c: valid; 1.7 s; peak memory 2148 MiB.
2026-09-23T20:58:28Z INFO [168/500] 120efc08-64de-470c-b41d-5330a3eece23: not valid; 1.3 s; peak memory 2148 MiB.
2026-09-23T20:58:29Z INFO [169/500] 120f147a-ce99-41da-9dc0-05d67c6517f0: valid; 0.9 s; peak memory 2148 MiB.
2026-09-23T20:58:31Z INFO [170/500] 120f542e-9dbf-4e31-9021-e6c7460f38ff: valid; 1.3 s; peak memory 2148 MiB.
2026-09-23T20:58:32Z INFO [171/500] 120f78da-7bc0-40f9-8019-c90e4995bcb3: valid; 1.3 s; peak memory 2148 MiB.
2026-09-23T20:58:33Z INFO [172/500] 12101f91-5658-4f2b-90fa-82943835d730: valid; 1.5 s; peak memory 2148 MiB.
2026-09-23T20:58:35Z INFO [173/500] 12103d53-aba2-49a7-ae4a-bebacb0e4749: valid; 1.4 s; peak memory 2148 MiB.
2026-09-23T20:58:37Z INFO [174/500] 1210a0bb-3534-4d5f-94c7-b4905a1eedc0: valid; 2.3 s; peak memory 2148 MiB.
2026-09-23T20:58:38Z INFO [175/500] 12111f9c-54e0-4794-a151-4016e61b1a38: valid; 0.9 s; peak memory 2149 MiB.
2026-09-23T20:58:41Z INFO [176/500] 12118745-95b5-4634-800c-56a068ad650d: valid; 2.5 s; peak memory 2149 MiB.
2026-09-23T20:58:42Z INFO [177/500] 1212a13c-cd5a-4d7a-895d-5926e5f7d5d3: valid; 1.2 s; peak memory 2149 MiB.
2026-09-23T20:58:54Z INFO [178/500] 1212b804-9350-470b-a18e-dbd8cd944a09: valid; 12.2 s; peak memory 2282 MiB.
2026-09-23T20:58:55Z INFO [179/500] 12134ed9-8cb8-4b9b-840f-f31d01b93aaf: valid; 1.5 s; peak memory 2282 MiB.
2026-09-23T20:58:58Z INFO [180/500] 121350f7-2f15-4894-b070-3bfbb20f3cd3: valid; 3.0 s; peak memory 2282 MiB.
2026-09-23T20:58:59Z WARNING 1213e7fc-8f18-4390-b097-367cc0328ad4: failed while retrieving asset information from the DANDI API (NotFoundError: No asset at path 'sub-EPCNHP1/sub-EPCNHP1_ses-2019-07-01-009_ecephys.nwb' in version 0.240701.1903. Verify the path is correct and the asset exists in this version. Use 'dandi ls' to list available assets.)
2026-09-23T20:58:59Z INFO [182/500] 1214355a-de8e-41f3-ad66-9b1d28d472b4: not valid; 0.9 s; peak memory 2282 MiB.
2026-09-23T20:59:01Z INFO [183/500] 1215143d-de87-4b46-b417-0e0bac375456: valid; 1.0 s; peak memory 2282 MiB.
2026-09-23T20:59:03Z INFO [184/500] 121542f6-8622-4bcb-97c0-e11b400b9917: not valid; 2.7 s; peak memory 2282 MiB.
2026-09-23T20:59:11Z INFO [185/500] 1215d3f1-4998-4119-a1c8-3e2bc03ca793: valid; 7.6 s; peak memory 2294 MiB.
2026-09-23T20:59:16Z INFO [186/500] 121643b9-965a-48cb-b1cc-a781615665dc: valid; 5.1 s; peak memory 2330 MiB.
2026-09-23T20:59:54Z INFO [187/500] 1216b8bb-5b2d-463f-8814-dd441be25ae3: valid; 38.2 s; peak memory 2499 MiB.
2026-09-23T20:59:56Z INFO [188/500] 121720c9-e282-4112-bb5e-b4af4895da0a: valid; 1.6 s; peak memory 2499 MiB.
2026-09-23T20:59:57Z INFO [189/500] 1217343c-f3cb-40c9-933c-eacd21fb8af3: valid; 0.9 s; peak memory 2499 MiB.
2026-09-23T20:59:58Z INFO [190/500] 12174aa1-75f8-4865-b70a-23d7ed7f583c: valid; 1.2 s; peak memory 2499 MiB.
2026-09-23T20:59:59Z INFO [191/500] 1217db55-6c2b-4a4c-b3c8-ebac212d1f82: valid; 1.5 s; peak memory 2499 MiB.
2026-09-23T21:00:02Z INFO [192/500] 1217f4dc-914b-4f63-a66f-9d36fb25db79: not valid; 2.6 s; peak memory 2499 MiB.
2026-09-23T21:00:03Z INFO [193/500] 12183924-2f33-492d-8687-27f8ecb8f0c8: valid; 1.1 s; peak memory 2499 MiB.
2026-09-23T21:00:05Z WARNING 1218a9d4-888e-4c94-a7ea-67b470bda5ae: failed while opening the NWB file (ConstructError: (root/acquisition/_iblmic_audioSpectrogram/bands GroupBuilder {'attributes': {'colnames': array(['freq'], dtype=object), 'description': 'spectogram frequencies', 'namespace': 'core', 'neurodata_type': 'FrequencyBandsTable', 'object_id': '52f3deec-46d2-4b3b-ac50-76ccae76790f'}, 'groups': {}, 'datasets': {'freq': root/acquisition/_iblmic_audioSpectrogram/bands/freq DatasetBuilder {'attributes': {'description': 'frequency value', 'namespace': 'hdmf-common', 'neurodata_type': 'VectorData', 'object_id': '3e893331-d491-46ce-a619-bb37e9b67c84'}, 'data': <HDF5 dataset "freq": shape (257,), type "<f4">}, 'id': root/acquisition/_iblmic_audioSpectrogram/bands/id DatasetBuilder {'attributes': {'namespace': 'hdmf-common', 'neurodata_type': 'ElementIdentifiers', 'object_id': 'a8d3025e-f3fa-4c0b-bf0d-9d491d66cea2'}, 'data': <HDF5 dataset "id": shape (257,), type "<i4">}}, 'links': {}}, "Could not construct FrequencyBandsTable object due to: column must have the same number of rows as 'id'"))
2026-09-23T21:00:05Z INFO [195/500] 1218bc4a-8407-431e-8c1f-e5f87f9a13f1: not valid; 0.9 s; peak memory 2499 MiB.
2026-09-23T21:00:08Z INFO [196/500] 121a0a0c-7b8d-42e0-8dc4-15a8f2c63b39: not valid; 2.9 s; peak memory 2499 MiB.
2026-09-23T21:00:10Z INFO [197/500] 121a1419-772f-407b-931e-1f6fdcc2d56b: valid; 1.8 s; peak memory 2499 MiB.
2026-09-23T21:00:11Z INFO [198/500] 121aa54f-7a26-4e7a-855f-e209fac313cb: valid; 1.1 s; peak memory 2499 MiB.
2026-09-23T21:00:12Z INFO [199/500] 121ad2be-6ddc-48e5-850d-76d4ddb02744: valid; 1.0 s; peak memory 2499 MiB.
2026-09-23T21:00:14Z INFO [200/500] 121b56b5-3d0d-49bb-9297-bd9d6ae249b5: valid; 1.3 s; peak memory 2499 MiB.
2026-09-23T21:00:14Z INFO [200/500] 121b56b5-3d0d-49bb-9297-bd9d6ae249b5: checkpointed 76710 records.
2026-09-23T21:00:14Z WARNING 121b6fa1-95c5-4fbc-9e8a-a68fc9812c81: failed while retrieving asset information from the DANDI API (NotFoundError: No asset at path 'sub-460432/sub-460432_ses-20191217T123303_behavior+ecephys+ogen.nwb' in version 0.231012.2129. Verify the path is correct and the asset exists in this version. Use 'dandi ls' to list available assets.)
2026-09-23T21:00:16Z INFO [202/500] 121b9342-fa95-4e19-8af4-9b427f1757b7: valid; 1.4 s; peak memory 2499 MiB.
2026-09-23T21:00:18Z INFO [203/500] 121c346c-e1ed-4bc9-a021-1b243412f0d8: valid; 2.5 s; peak memory 2499 MiB.
2026-09-23T21:00:19Z INFO [204/500] 121cb979-5d3e-4816-8b83-c85aa3a0d416: not valid; 1.0 s; peak memory 2499 MiB.
2026-09-23T21:00:20Z INFO [205/500] 121da5c1-1e62-4edc-8ee1-7d32ddeab1db: valid; 0.7 s; peak memory 2499 MiB.
2026-09-23T21:00:21Z INFO [206/500] 121dcef4-e731-44db-859f-8f961bc107ed: valid; 1.0 s; peak memory 2499 MiB.
2026-09-23T21:00:23Z INFO [207/500] 121dfcbe-390b-4e0b-ae3e-10b7e3cd1239: valid; 1.9 s; peak memory 2499 MiB.
2026-09-23T21:00:24Z INFO [208/500] 121e2cbb-5de4-464d-8f20-7c85137059e8: valid; 1.3 s; peak memory 2499 MiB.
2026-09-23T21:00:25Z INFO [209/500] 121e8fe4-a633-422b-8a9f-c9116648c46c: valid; 0.9 s; peak memory 2499 MiB.
2026-09-23T21:00:26Z INFO [210/500] 121ef46f-6008-41a2-acd0-a9eebf55a271: valid; 1.0 s; peak memory 2499 MiB.
2026-09-23T21:00:27Z INFO [211/500] 121f035b-8e03-4ec3-8432-9e265cb5f36d: valid; 1.0 s; peak memory 2499 MiB.
2026-09-23T21:00:30Z INFO [212/500] 121f2566-6460-45de-ac8b-6fba0d873a1a: valid; 3.2 s; peak memory 2499 MiB.
2026-09-23T21:00:45Z INFO [213/500] 121f537b-2391-4335-aca1-42136475a638: valid; 15.0 s; peak memory 2499 MiB.
2026-09-23T21:00:52Z INFO [214/500] 121f5974-fe5e-4ed1-a1e1-9f6f447f9448: valid; 7.0 s; peak memory 2499 MiB.
2026-09-23T21:00:53Z INFO [215/500] 121fcbec-44a6-4e6b-b6c5-347da2cf2c45: valid; 1.2 s; peak memory 2499 MiB.
2026-09-23T21:00:54Z INFO [216/500] 121ff89c-63ae-40b3-915f-6978e45abd07: valid; 1.0 s; peak memory 2499 MiB.
2026-09-23T21:00:56Z INFO [217/500] 12201348-d45a-4678-a7db-40da18fdcaf2: valid; 2.1 s; peak memory 2499 MiB.
2026-09-23T21:00:59Z INFO [218/500] 122015e2-1ed5-45a0-9b90-33a9d6654a05: valid; 2.4 s; peak memory 2499 MiB.
2026-09-23T21:01:00Z INFO [219/500] 122019fc-ef8d-4e3c-a7ff-2495211b0e15: valid; 1.0 s; peak memory 2499 MiB.
2026-09-23T21:01:01Z INFO [220/500] 12202a7f-0634-4d21-9c69-8b181bde52ea: not valid; 1.6 s; peak memory 2499 MiB.
2026-09-23T21:01:03Z INFO [221/500] 12208c1d-ac30-4051-8698-14cf4bd0bea5: not valid; 1.5 s; peak memory 2499 MiB.
2026-09-23T21:01:04Z INFO [222/500] 1221263b-f8a8-4935-801a-1c1130ce4b4e: valid; 0.8 s; peak memory 2499 MiB.
2026-09-23T21:01:07Z INFO [223/500] 12213733-f2a4-4f96-b27e-16a657582eaf: valid; 3.3 s; peak memory 2499 MiB.
2026-09-23T21:01:12Z INFO [224/500] 122231d3-8301-4405-8e54-236679e97191: not valid; 4.7 s; peak memory 2499 MiB.
2026-09-23T21:01:12Z INFO [225/500] 122259a8-f439-45ab-8f7c-27e9c201f421: not valid; 0.9 s; peak memory 2499 MiB.
2026-09-23T21:01:20Z INFO [226/500] 1222cb68-e0e5-48ac-9a89-cb86d6261e87: not valid; 7.0 s; peak memory 2499 MiB.
2026-09-23T21:01:21Z INFO [227/500] 12231469-3eea-4ebc-85fe-dcd922cfe67d: valid; 1.9 s; peak memory 2499 MiB.
2026-09-23T21:01:22Z INFO [228/500] 1223d42e-0e81-4385-9a52-8074b59b7caf: valid; 0.9 s; peak memory 2499 MiB.
2026-09-23T21:01:27Z INFO [229/500] 1224106b-06f6-4a29-970e-78714c1e01c1: valid; 4.4 s; peak memory 2499 MiB.
2026-09-23T21:01:28Z INFO [230/500] 122474cd-4193-44c5-80d7-ae786a69df69: not valid; 1.2 s; peak memory 2499 MiB.
2026-09-23T21:01:29Z INFO [231/500] 1225718a-55af-41eb-beb3-64ed4689b853: not valid; 1.0 s; peak memory 2499 MiB.
2026-09-23T21:01:30Z INFO [232/500] 1225a220-011e-4835-8d3d-bf90747bf43e: valid; 1.2 s; peak memory 2499 MiB.
2026-09-23T21:01:31Z INFO [233/500] 1225c307-def8-41a1-ad6c-910d9cc3e376: valid; 1.3 s; peak memory 2499 MiB.
2026-09-23T21:01:33Z INFO [234/500] 122607e7-75b1-4a4f-9d62-5232feea57c4: valid; 1.8 s; peak memory 2499 MiB.
2026-09-23T21:01:34Z INFO [235/500] 1226946d-2167-4dd4-9909-1fcadf8c1465: valid; 1.1 s; peak memory 2499 MiB.
2026-09-23T21:01:42Z INFO [236/500] 122694f6-2581-4218-9f00-963af2fe1551: valid; 7.7 s; peak memory 2499 MiB.
2026-09-23T21:01:43Z WARNING 12269bba-3cb8-415d-8a0d-8df53e362143: failed while opening the NWB file (ConstructError: (root/acquisition/_iblmic_audioSpectrogram/bands GroupBuilder {'attributes': {'colnames': array(['freq'], dtype=object), 'description': 'spectogram frequencies', 'namespace': 'core', 'neurodata_type': 'FrequencyBandsTable', 'object_id': '3ee5bbe7-33e7-4cd7-9a8e-f8d36a3b27d5'}, 'groups': {}, 'datasets': {'freq': root/acquisition/_iblmic_audioSpectrogram/bands/freq DatasetBuilder {'attributes': {'description': 'frequency value', 'namespace': 'hdmf-common', 'neurodata_type': 'VectorData', 'object_id': 'e5708ac3-4d1a-4fd3-b41b-9411d64a5a29'}, 'data': <HDF5 dataset "freq": shape (257,), type "<f4">}, 'id': root/acquisition/_iblmic_audioSpectrogram/bands/id DatasetBuilder {'attributes': {'namespace': 'hdmf-common', 'neurodata_type': 'ElementIdentifiers', 'object_id': 'fcf348ae-5abf-479e-9c9f-24f5dfb6bf7b'}, 'data': <HDF5 dataset "id": shape (257,), type "<i4">}}, 'links': {}}, "Could not construct FrequencyBandsTable object due to: column must have the same number of rows as 'id'"))
2026-09-23T21:01:45Z INFO [238/500] 1227d65c-a3c4-4e0c-94ba-d7dc2eccc981: valid; 1.0 s; peak memory 2499 MiB.
2026-09-23T21:01:47Z INFO [239/500] 12283c9b-6149-4981-8010-38c63e41ac25: valid; 2.1 s; peak memory 2499 MiB.
2026-09-23T21:01:52Z INFO [240/500] 1228415a-1cd2-44e2-ad59-8c87f3ef0445: valid; 5.5 s; peak memory 2499 MiB.
2026-09-23T21:01:53Z INFO [241/500] 1228c416-6ba4-4a1d-af59-6973ed089126: valid; 1.1 s; peak memory 2499 MiB.
2026-09-23T21:01:54Z INFO [242/500] 1228dc38-0dff-4856-b197-9f9771154139: valid; 1.0 s; peak memory 2499 MiB.
2026-09-23T21:01:56Z INFO [243/500] 12291183-811e-4512-93b8-f8cd24e52ff0: valid; 1.5 s; peak memory 2499 MiB.
2026-09-23T21:01:57Z INFO [244/500] 12292560-39c6-45a2-99be-def76f945712: not valid; 1.6 s; peak memory 2499 MiB.
2026-09-23T21:01:59Z INFO [245/500] 12298b03-60ee-4bc9-8703-4a48c964c449: valid; 1.8 s; peak memory 2499 MiB.
2026-09-23T21:02:01Z INFO [246/500] 122ad4d8-647b-49d9-992b-0f55c9e0f1fe: valid; 2.0 s; peak memory 2499 MiB.
2026-09-23T21:02:02Z WARNING 122b33d3-416b-4ba6-b4dc-e683b4654e19: failed while opening the NWB file (ConstructError: (root/acquisition/_iblmic_audioSpectrogram/bands GroupBuilder {'attributes': {'colnames': array(['freq'], dtype=object), 'description': 'spectogram frequencies', 'namespace': 'core', 'neurodata_type': 'FrequencyBandsTable', 'object_id': '2796af79-e62f-43cb-8256-4484f3206874'}, 'groups': {}, 'datasets': {'freq': root/acquisition/_iblmic_audioSpectrogram/bands/freq DatasetBuilder {'attributes': {'description': 'frequency value', 'namespace': 'hdmf-common', 'neurodata_type': 'VectorData', 'object_id': 'a1234106-d8af-4bd3-b77f-1ffc89927d89'}, 'data': <HDF5 dataset "freq": shape (257,), type "<f4">}, 'id': root/acquisition/_iblmic_audioSpectrogram/bands/id DatasetBuilder {'attributes': {'namespace': 'hdmf-common', 'neurodata_type': 'ElementIdentifiers', 'object_id': '0fbad1ad-f5d9-4c87-a693-191508106db0'}, 'data': <HDF5 dataset "id": shape (257,), type "<i4">}}, 'links': {}}, "Could not construct FrequencyBandsTable object due to: column must have the same number of rows as 'id'"))
2026-09-23T21:02:04Z INFO [248/500] 122bcd31-2025-4cc0-8893-ea9ffac15000: valid; 1.5 s; peak memory 2499 MiB.
2026-09-23T21:02:05Z INFO [249/500] 122be16e-9eb3-4f7d-bcf5-abd53daaac3c: not valid; 1.1 s; peak memory 2499 MiB.
2026-09-23T21:02:06Z INFO [250/500] 122d7796-6bf3-41fd-9588-a0ab9173878e: valid; 1.4 s; peak memory 2499 MiB.
2026-09-23T21:02:07Z INFO [250/500] 122d7796-6bf3-41fd-9588-a0ab9173878e: checkpointed 76760 records.
2026-09-23T21:02:11Z INFO [251/500] 122d9b95-433b-433f-af03-f0ed5a8ffb3a: valid; 3.7 s; peak memory 2499 MiB.
2026-09-23T21:02:25Z INFO [252/500] 122ded53-02cb-4754-9410-ce06319c5015: valid; 14.1 s; peak memory 2534 MiB.
2026-09-23T21:02:26Z INFO [253/500] 122e7600-613a-4d72-85ce-27f3202c48f4: not valid; 1.7 s; peak memory 2542 MiB.
2026-09-23T21:02:27Z INFO [254/500] 122e9d9f-8201-498e-ae1b-ad67df4c2a88: valid; 0.7 s; peak memory 2545 MiB.
2026-09-23T21:02:29Z INFO [255/500] 122ecc40-754c-43fe-9f36-0a754ec11034: not valid; 1.3 s; peak memory 2548 MiB.
2026-09-23T21:02:29Z INFO [256/500] 122f3d58-d0cd-45ce-a706-2aeee35fb44e: valid; 0.8 s; peak memory 2550 MiB.
2026-09-23T21:02:30Z INFO [257/500] 122f48e9-d34c-4a02-9a6f-9f6211fb696d: valid; 0.7 s; peak memory 2552 MiB.
2026-09-23T21:02:32Z INFO [258/500] 122f9538-8877-4679-b22d-40ae8953d4ae: valid; 1.6 s; peak memory 2552 MiB.
2026-09-23T21:02:34Z INFO [259/500] 12305f60-5d53-45fc-a84a-bc1de12ccfa5: valid; 2.7 s; peak memory 2554 MiB.
2026-09-23T21:02:38Z INFO [260/500] 12307bc9-9d83-4515-a17d-973f170c73fa: not valid; 3.2 s; peak memory 2576 MiB.
2026-09-23T21:02:39Z INFO [261/500] 12309178-a161-4588-a2db-2f823eea3318: valid; 1.0 s; peak memory 2577 MiB.
2026-09-23T21:02:40Z INFO [262/500] 1230d2ec-c89c-4eb1-a4c9-ea7e944e325d: valid; 0.9 s; peak memory 2579 MiB.
2026-09-23T21:02:41Z INFO [263/500] 1232061f-7492-4a0b-882e-59197c89f4ab: not valid; 1.8 s; peak memory 2582 MiB.
2026-09-23T21:02:43Z INFO [264/500] 1232084a-53af-43c3-9198-d5966baedcf0: not valid; 1.7 s; peak memory 2584 MiB.
2026-09-23T21:02:45Z INFO [265/500] 123237a3-0fc9-4279-a233-0d43afcf7d8f: valid; 1.9 s; peak memory 2584 MiB.
2026-09-23T21:02:46Z INFO [266/500] 1232e661-8518-4acd-a2ac-b8e2bb7d5c9a: valid; 1.0 s; peak memory 2584 MiB.
2026-09-23T21:02:47Z INFO [267/500] 1232f915-dfcc-44dc-9dba-01b0aad35a76: valid; 1.4 s; peak memory 2584 MiB.
2026-09-23T21:03:27Z INFO [268/500] 12331c6c-1773-4743-93cc-f47318d928f6: valid; 39.3 s; peak memory 2702 MiB.
2026-09-23T21:03:47Z INFO [269/500] 12334a4f-5e90-479e-ab2f-32fffc2b6f9a: not valid; 20.2 s; peak memory 2831 MiB.
2026-09-23T21:03:49Z INFO [270/500] 1233a047-9995-4dc9-a165-ffc3ad78e76a: valid; 2.2 s; peak memory 2840 MiB.
2026-09-23T21:03:50Z INFO [271/500] 12341f9f-a878-4193-9a48-3d77a6e181c1: valid; 1.1 s; peak memory 2840 MiB.
2026-09-23T21:03:54Z INFO [272/500] 1234795a-8904-4acd-8294-ee6b35823257: valid; 4.2 s; peak memory 2849 MiB.
2026-09-23T21:04:04Z INFO [273/500] 1235ec9c-5b62-41fb-8947-7aa7c5e963ac: valid; 9.6 s; peak memory 2849 MiB.
2026-09-23T21:04:05Z INFO [274/500] 12364d6d-1440-4acb-b8c4-589689039451: valid; 1.3 s; peak memory 2849 MiB.
2026-09-23T21:04:06Z INFO [275/500] 12366380-6674-45cf-a39d-33fcf11b279d: not valid; 1.3 s; peak memory 2849 MiB.
2026-09-23T21:04:08Z INFO [276/500] 1236eb43-41b6-4d57-a955-45ed70f49e85: valid; 1.7 s; peak memory 2849 MiB.
2026-09-23T21:04:09Z INFO [277/500] 1236f925-ff1e-40f6-9446-94707d7a52b3: valid; 0.8 s; peak memory 2849 MiB.
2026-09-23T21:04:10Z INFO [278/500] 1237a22e-1c54-4ca0-b960-d114b1ffa75a: valid; 1.0 s; peak memory 2849 MiB.
2026-09-23T21:04:12Z INFO [279/500] 1237b066-fede-41d5-8b6a-402e560ed4d8: not valid; 2.3 s; peak memory 2849 MiB.
2026-09-23T21:04:14Z INFO [280/500] 12382fc7-378d-447f-abfc-61cd294d16f3: valid; 2.1 s; peak memory 2849 MiB.
2026-09-23T21:04:15Z INFO [281/500] 12385aab-7078-459b-beeb-aeb8bff303be: valid; 0.9 s; peak memory 2849 MiB.
2026-09-23T21:04:17Z INFO [282/500] 12388f91-3998-4586-a805-74ceedbddb58: valid; 1.4 s; peak memory 2849 MiB.
2026-09-23T21:04:18Z INFO [283/500] 1238af79-b0c1-4865-ba36-d2edc36fcda3: not valid; 0.9 s; peak memory 2849 MiB.
2026-09-23T21:04:19Z INFO [284/500] 1239df50-c2bc-4c9e-a7e2-8fceb823b63b: valid; 1.1 s; peak memory 2849 MiB.
2026-09-23T21:04:20Z WARNING 123a0bd6-4d22-4149-b9e4-bd4e07bbc3da: failed while opening the NWB file (ConstructError: (root/acquisition/_iblmic_audioSpectrogram/bands GroupBuilder {'attributes': {'colnames': array(['freq'], dtype=object), 'description': 'spectogram frequencies', 'namespace': 'core', 'neurodata_type': 'FrequencyBandsTable', 'object_id': 'c91955b0-66aa-4ede-a546-a44d3dc60122'}, 'groups': {}, 'datasets': {'freq': root/acquisition/_iblmic_audioSpectrogram/bands/freq DatasetBuilder {'attributes': {'description': 'frequency value', 'namespace': 'hdmf-common', 'neurodata_type': 'VectorData', 'object_id': '55041bca-b449-4492-b72e-ba687303719a'}, 'data': <HDF5 dataset "freq": shape (257,), type "<f4">}, 'id': root/acquisition/_iblmic_audioSpectrogram/bands/id DatasetBuilder {'attributes': {'namespace': 'hdmf-common', 'neurodata_type': 'ElementIdentifiers', 'object_id': '44b297b6-8870-4f62-b5ff-d6389057c121'}, 'data': <HDF5 dataset "id": shape (257,), type "<i4">}}, 'links': {}}, "Could not construct FrequencyBandsTable object due to: column must have the same number of rows as 'id'"))
2026-09-23T21:04:21Z INFO [286/500] 123a2644-802c-47b0-a907-593b71112a20: valid; 1.3 s; peak memory 2849 MiB.
2026-09-23T21:04:23Z INFO [287/500] 123a6d68-d47d-426d-a706-a6b7d5e2cab4: valid; 1.6 s; peak memory 2853 MiB.
2026-09-23T21:04:24Z INFO [288/500] 123ae694-a5fb-499d-b1b5-f4127f2f127d: not valid; 1.2 s; peak memory 2853 MiB.
2026-09-23T21:04:25Z INFO [289/500] 123ca2c4-e542-46ae-a15e-4288a816cb36: valid; 1.0 s; peak memory 2853 MiB.
2026-09-23T21:04:26Z INFO [290/500] 123d2c8c-1d9d-4a5d-8e3d-f5d80ef68ef1: valid; 1.0 s; peak memory 2853 MiB.
2026-09-23T21:04:27Z INFO [291/500] 123d8175-aee9-4d1a-80f5-5b0246fea862: not valid; 1.3 s; peak memory 2853 MiB.
2026-09-23T21:04:28Z INFO [292/500] 123da8f4-9316-4812-9e34-b27bcb1f0295: not valid; 1.2 s; peak memory 2853 MiB.
2026-09-23T21:04:45Z INFO [293/500] 123e8e3a-0480-451a-86fd-8d9e0fd00e0f: valid; 16.3 s; peak memory 3028 MiB.
2026-09-23T21:04:47Z INFO [294/500] 123f179c-7be2-4f50-a7d7-5cfcc9dd73a2: not valid; 2.5 s; peak memory 3028 MiB.
2026-09-23T21:04:49Z INFO [295/500] 123f412d-5508-4584-9b81-c3d8488d8f46: valid; 1.3 s; peak memory 3032 MiB.
2026-09-23T21:04:50Z INFO [296/500] 123f60a1-b332-442e-850f-5206d3a77867: valid; 1.0 s; peak memory 3033 MiB.
2026-09-23T21:04:52Z INFO [297/500] 123f7c0c-5789-475b-846b-ada8cc415fce: valid; 1.9 s; peak memory 3034 MiB.
2026-09-23T21:04:52Z INFO [298/500] 123f847c-95d9-445a-b82b-792060d0e6db: valid; 1.0 s; peak memory 3035 MiB.
2026-09-23T21:04:53Z INFO [299/500] 1240195e-3812-4145-90b7-ee169150b96b: valid; 0.8 s; peak memory 3036 MiB.
2026-09-23T21:04:55Z INFO [300/500] 12402105-b7a5-4fb7-9104-39eec9c02ce2: valid; 1.2 s; peak memory 3041 MiB.
2026-09-23T21:04:55Z INFO [300/500] 12402105-b7a5-4fb7-9104-39eec9c02ce2: checkpointed 76810 records.
2026-09-23T21:05:09Z INFO [301/500] 124046f3-de4c-4282-beb8-1debfcd5d0f5: valid; 14.2 s; peak memory 3052 MiB.
2026-09-23T21:05:11Z WARNING 124055e3-1380-4a5c-bf07-54349904e7cd: failed while opening the NWB file (ConstructError: (root/acquisition/_iblmic_audioSpectrogram/bands GroupBuilder {'attributes': {'colnames': array(['freq'], dtype=object), 'description': 'spectogram frequencies', 'namespace': 'core', 'neurodata_type': 'FrequencyBandsTable', 'object_id': 'd1163610-8d8d-4225-98c0-597d3cf0cc44'}, 'groups': {}, 'datasets': {'freq': root/acquisition/_iblmic_audioSpectrogram/bands/freq DatasetBuilder {'attributes': {'description': 'frequency value', 'namespace': 'hdmf-common', 'neurodata_type': 'VectorData', 'object_id': 'da2ded16-7a1f-4f7b-8003-a21c02630d7d'}, 'data': <HDF5 dataset "freq": shape (257,), type "<f4">}, 'id': root/acquisition/_iblmic_audioSpectrogram/bands/id DatasetBuilder {'attributes': {'namespace': 'hdmf-common', 'neurodata_type': 'ElementIdentifiers', 'object_id': '417b70cd-a33f-4290-bcc0-e604276c855f'}, 'data': <HDF5 dataset "id": shape (257,), type "<i4">}}, 'links': {}}, "Could not construct FrequencyBandsTable object due to: column must have the same number of rows as 'id'"))
2026-09-23T21:05:22Z INFO [303/500] 1241486c-137c-4086-b89b-1150c6224489: valid; 11.0 s; peak memory 3052 MiB.
2026-09-23T21:05:24Z INFO [304/500] 12414a9e-e429-480c-9f03-411adc1deda5: valid; 2.2 s; peak memory 3052 MiB.
2026-09-23T21:05:31Z INFO [305/500] 12415cf0-7e0d-4ae5-a3d5-1b426f865e59: valid; 7.6 s; peak memory 3052 MiB.
2026-09-23T21:05:32Z INFO [306/500] 1241959b-4eb8-424d-9da0-ebf7b5736ec4: valid; 1.0 s; peak memory 3052 MiB.
2026-09-23T21:05:34Z INFO [307/500] 12420852-30b3-4107-8211-cb7b61555f3f: valid; 2.0 s; peak memory 3052 MiB.
2026-09-23T21:05:35Z INFO [308/500] 1242178f-2342-4812-a8a3-5f4a5bc0aca2: valid; 1.1 s; peak memory 3052 MiB.
2026-09-23T21:05:37Z INFO [309/500] 1242627f-7b68-4415-b21b-3bb9bfc1d644: valid; 1.6 s; peak memory 3052 MiB.
2026-09-23T21:05:54Z INFO [310/500] 1242ac71-6197-4f94-a6c6-3e3caa3f9c98: valid; 17.1 s; peak memory 3059 MiB.
2026-09-23T21:06:03Z INFO [311/500] 1243f7b5-aa1c-42c4-a2ab-57f55ab98148: valid; 9.0 s; peak memory 3074 MiB.
2026-09-23T21:06:09Z INFO [312/500] 12443364-73c5-47d5-82f4-ef976f5cfe12: valid; 5.7 s; peak memory 3081 MiB.
2026-09-23T21:06:11Z INFO [313/500] 124600a8-44fb-4c9f-b577-cf4d14ef8dc2: valid; 1.9 s; peak memory 3082 MiB.
2026-09-23T21:06:15Z INFO [314/500] 12460bfd-07cc-46f5-8f59-519307d612bd: valid; 3.9 s; peak memory 3088 MiB.
2026-09-23T21:06:16Z INFO [315/500] 12473b11-1086-45b6-8486-e82baad9b008: not valid; 1.4 s; peak memory 3089 MiB.
2026-09-23T21:06:17Z INFO [316/500] 1247da6b-c0f7-4102-a8d4-a24c738c04a4: not valid; 1.1 s; peak memory 3092 MiB.
2026-09-23T21:06:19Z INFO [317/500] 1247fc1a-ad02-4e7c-ad3f-c7a4014c49b9: valid; 1.7 s; peak memory 3093 MiB.
2026-09-23T21:06:24Z INFO [318/500] 1248607a-40e7-4606-8ba7-9d02bdf7d83a: valid; 5.1 s; peak memory 3113 MiB.
2026-09-23T21:06:25Z INFO [319/500] 12498b74-d1df-474c-9220-7e524c696404: valid; 1.3 s; peak memory 3115 MiB.
2026-09-23T21:06:26Z INFO [320/500] 1249a68b-2fb4-49e3-b02d-41eb60d90a33: valid; 0.9 s; peak memory 3116 MiB.
2026-09-23T21:06:27Z INFO [321/500] 124a745e-1f4e-4585-b4b8-cbba82fcdb5f: valid; 1.0 s; peak memory 3116 MiB.
2026-09-23T21:06:28Z INFO [322/500] 124acc53-a531-495c-badb-43aa32a7ce36: valid; 1.0 s; peak memory 3116 MiB.
2026-09-23T21:06:29Z INFO [323/500] 124b2e02-2ba0-436e-991e-981974c56dda: valid; 1.2 s; peak memory 3116 MiB.
2026-09-23T21:06:30Z INFO [324/500] 124bec39-a99a-4dd1-975e-6e710174b189: not valid; 1.3 s; peak memory 3116 MiB.
2026-09-23T21:06:31Z INFO [325/500] 124c3dc4-9c68-49b5-b7bb-052fbdeaa224: valid; 0.9 s; peak memory 3116 MiB.
2026-09-23T21:06:33Z INFO [326/500] 124e4633-08f7-4d19-b6ed-23ed0c251658: valid; 1.2 s; peak memory 3116 MiB.
2026-09-23T21:06:33Z INFO [327/500] 124e7eb2-5d46-47b7-a6cf-dd317950d6e2: valid; 0.8 s; peak memory 3116 MiB.
2026-09-23T21:06:35Z INFO [328/500] 124e9c90-4e6c-43c7-a690-0a1d6b3cf803: not valid; 1.1 s; peak memory 3116 MiB.
2026-09-23T21:06:36Z INFO [329/500] 124efbbf-f079-43c4-91e8-61f59c9401cb: valid; 2.0 s; peak memory 3116 MiB.
2026-09-23T21:06:44Z INFO [330/500] 124efef8-e5d2-42dd-8734-c6d8deadaa9e: valid; 7.3 s; peak memory 3143 MiB.
2026-09-23T21:06:45Z INFO [331/500] 124f5fe2-d2f9-4763-9a56-6bf7b70d2d6c: valid; 1.6 s; peak memory 3145 MiB.
2026-09-23T21:06:46Z INFO [332/500] 124f65ae-28db-4559-acef-4bf610c694bc: not valid; 1.0 s; peak memory 3145 MiB.
2026-09-23T21:06:48Z INFO [333/500] 124f6cb5-0892-4348-bc7d-155cecd5d670: valid; 1.4 s; peak memory 3150 MiB.
2026-09-23T21:06:49Z INFO [334/500] 124f7e52-3c76-43ab-96bd-e281db735e30: valid; 0.7 s; peak memory 3151 MiB.
2026-09-23T21:06:49Z INFO [335/500] 12507fe6-2d43-4c53-9e29-979e5b358d8d: not valid; 0.7 s; peak memory 3152 MiB.
2026-09-23T21:06:51Z WARNING 12510a9b-161f-46a9-b1d0-654e689b5df1: failed while opening the NWB file (ConstructError: (root/general/optogenetics/PatternedOptogeneticStimulusSite GroupBuilder {'attributes': {'effector': 'GUR-3/PRDX-2', 'namespace': 'ndx-patterned-ogen', 'neurodata_type': 'PatternedOptogeneticStimulusSite', 'object_id': '4dd920de-04bb-4dce-af44-df5944b7ec75'}, 'groups': {}, 'datasets': {'description': root/general/optogenetics/PatternedOptogeneticStimulusSite/description DatasetBuilder {'attributes': {}, 'data': 'Scanning'}, 'excitation_lambda': root/general/optogenetics/PatternedOptogeneticStimulusSite/excitation_lambda DatasetBuilder {'attributes': {}, 'data': np.float64(850.0)}, 'location': root/general/optogenetics/PatternedOptogeneticStimulusSite/location DatasetBuilder {'attributes': {}, 'data': 'whole brain'}}, 'links': {'device': root/general/optogenetics/PatternedOptogeneticStimulusSite/device LinkBuilder {'builder': root/general/devices/OptogeneticDevice GroupBuilder {'attributes': {'description': '', 'namespace': 'core', 'neurodata_type': 'Device', 'object_id': '2b2739e9-be8b-4575-a965-776ff4184a85'}, 'groups': {}, 'datasets': {}, 'links': {}}}, 'light_source': root/general/optogenetics/PatternedOptogeneticStimulusSite/light_source LinkBuilder {'builder': root/general/devices/AmplifiedLaser GroupBuilder {'attributes': {'description': 'For two-photon optogenetic targeting, we used an optical parametric amplifier (OPA; Light Conversion ORPHEUS) pumped by a femtosecond amplified laser (Light Conversion PHAROS).', 'filter_description': 'Short pass at 1040 nm', 'manufacturer': 'Light Conversion', 'model': 'ORPHEUS amplifier and PHAROS laser', 'namespace': 'ndx-patterned-ogen', 'neurodata_type': 'LightSource', 'object_id': '429f5c21-d198-4b05-9092-be499a7df2b5', 'peak_power_in_W': np.float64(0.0012), 'pulse_rate_in_Hz': np.float64(500000.0), 'stimulation_wavelength_in_nm': np.float64(850.0)}, 'groups': {}, 'datasets': {}, 'links': {}}}}}, "Could not construct PatternedOptogeneticStimulusSite object due to: CustomClassGenerator.set_init.<locals>.__init__: incorrect type for 'spatial_light_modulator' (got 'list', expected 'Device')"))
2026-09-23T21:06:53Z INFO [337/500] 12514035-22af-47e6-96af-282555ba1ce2: valid; 1.2 s; peak memory 3153 MiB.
2026-09-23T21:06:53Z INFO [338/500] 1251c57c-8849-4964-b23f-9dc4468f06d7: valid; 0.9 s; peak memory 3153 MiB.
2026-09-23T21:06:55Z INFO [339/500] 1251e73d-441b-4130-b071-015e1bf6d9ea: valid; 1.5 s; peak memory 3153 MiB.
2026-09-23T21:06:57Z INFO [340/500] 12522d01-f4da-4423-ac6b-6fb227faa0dd: valid; 1.7 s; peak memory 3153 MiB.
2026-09-23T21:06:58Z INFO [341/500] 125292f9-971c-4027-95df-ce871c24a600: valid; 1.8 s; peak memory 3153 MiB.
2026-09-23T21:07:00Z INFO [342/500] 125318fa-5cdc-49e6-8ce8-3f307649db2a: valid; 1.7 s; peak memory 3153 MiB.
2026-09-23T21:07:01Z INFO [343/500] 12535101-3ccb-4a6e-83a8-c8e89b5db215: valid; 0.8 s; peak memory 3153 MiB.
2026-09-23T21:07:04Z INFO [344/500] 12535109-2438-40d6-a6ec-05c1c545e11c: valid; 3.1 s; peak memory 3153 MiB.
2026-09-23T21:07:05Z INFO [345/500] 12539831-cbdc-44cf-bbec-c15bc7d8fbd9: valid; 1.4 s; peak memory 3153 MiB.
2026-09-23T21:07:12Z INFO [346/500] 1253eea8-6548-4539-a0ff-be47c9ba7ce0: valid; 6.5 s; peak memory 3161 MiB.
2026-09-23T21:07:15Z INFO [347/500] 1254455e-bef2-443c-ba44-1ed4304a7054: valid; 3.5 s; peak memory 3170 MiB.
2026-09-23T21:07:17Z INFO [348/500] 1254548d-4ebd-48d0-b42f-86ec4515ab78: valid; 1.9 s; peak memory 3172 MiB.
2026-09-23T21:07:19Z INFO [349/500] 125461e5-22c5-422a-a61e-60d7757fc7e5: valid; 1.8 s; peak memory 3172 MiB.
2026-09-23T21:07:20Z INFO [350/500] 12548bba-b547-4bd5-a5a6-e56d04cc8ccd: valid; 1.2 s; peak memory 3172 MiB.
2026-09-23T21:07:21Z INFO [350/500] 12548bba-b547-4bd5-a5a6-e56d04cc8ccd: checkpointed 76860 records.
2026-09-23T21:07:23Z INFO [351/500] 1254d287-eb87-4a80-95f1-0b7b23371fef: valid; 1.7 s; peak memory 3172 MiB.
2026-09-23T21:07:25Z INFO [352/500] 1254f907-de33-4551-b564-3da16bf1fb0a: valid; 2.6 s; peak memory 3172 MiB.
2026-09-23T21:07:27Z INFO [353/500] 12555985-f1d0-4027-9770-7699e35a4050: valid; 1.7 s; peak memory 3172 MiB.
2026-09-23T21:07:28Z INFO [354/500] 1255cceb-2eb4-4c2d-a90e-e0fe9eff33f1: valid; 1.0 s; peak memory 3172 MiB.
2026-09-23T21:07:30Z WARNING 1255db98-2b69-44d0-ab7b-92883efdb37e: failed while opening the NWB file (ConstructError: (root/acquisition/_iblmic_audioSpectrogram/bands GroupBuilder {'attributes': {'colnames': array(['freq'], dtype=object), 'description': 'spectogram frequencies', 'namespace': 'core', 'neurodata_type': 'FrequencyBandsTable', 'object_id': 'bbfe8814-4aec-45c4-9647-c1c4be0c13d8'}, 'groups': {}, 'datasets': {'freq': root/acquisition/_iblmic_audioSpectrogram/bands/freq DatasetBuilder {'attributes': {'description': 'frequency value', 'namespace': 'hdmf-common', 'neurodata_type': 'VectorData', 'object_id': '504104ee-edb8-4c03-8f8b-2ddb47ce3691'}, 'data': <HDF5 dataset "freq": shape (257,), type "<f4">}, 'id': root/acquisition/_iblmic_audioSpectrogram/bands/id DatasetBuilder {'attributes': {'namespace': 'hdmf-common', 'neurodata_type': 'ElementIdentifiers', 'object_id': 'c4ab1499-8581-4762-895b-f5b41df87045'}, 'data': <HDF5 dataset "id": shape (257,), type "<i4">}}, 'links': {}}, "Could not construct FrequencyBandsTable object due to: column must have the same number of rows as 'id'"))
2026-09-23T21:07:32Z WARNING 12567496-62fb-42b4-936a-8bef39e7b64e: failed while opening the NWB file (ConstructError: (root/general/optogenetics/PatternedOptogeneticStimulusSite GroupBuilder {'attributes': {'effector': 'GUR-3/PRDX-2', 'namespace': 'ndx-patterned-ogen', 'neurodata_type': 'PatternedOptogeneticStimulusSite', 'object_id': '8be3a0e8-7c21-4cb8-9a96-d2c70cffe8da'}, 'groups': {}, 'datasets': {'description': root/general/optogenetics/PatternedOptogeneticStimulusSite/description DatasetBuilder {'attributes': {}, 'data': 'Scanning'}, 'excitation_lambda': root/general/optogenetics/PatternedOptogeneticStimulusSite/excitation_lambda DatasetBuilder {'attributes': {}, 'data': np.float64(850.0)}, 'location': root/general/optogenetics/PatternedOptogeneticStimulusSite/location DatasetBuilder {'attributes': {}, 'data': 'whole brain'}}, 'links': {'device': root/general/optogenetics/PatternedOptogeneticStimulusSite/device LinkBuilder {'builder': root/general/devices/OptogeneticDevice GroupBuilder {'attributes': {'description': '', 'namespace': 'core', 'neurodata_type': 'Device', 'object_id': '7632745e-c226-40fc-8ec2-2c35d1ed6bff'}, 'groups': {}, 'datasets': {}, 'links': {}}}, 'light_source': root/general/optogenetics/PatternedOptogeneticStimulusSite/light_source LinkBuilder {'builder': root/general/devices/AmplifiedLaser GroupBuilder {'attributes': {'description': 'For two-photon optogenetic targeting, we used an optical parametric amplifier (OPA; Light Conversion ORPHEUS) pumped by a femtosecond amplified laser (Light Conversion PHAROS).', 'filter_description': 'Short pass at 1040 nm', 'manufacturer': 'Light Conversion', 'model': 'ORPHEUS amplifier and PHAROS laser', 'namespace': 'ndx-patterned-ogen', 'neurodata_type': 'LightSource', 'object_id': 'aa51959e-14d7-4d29-b390-2549e883f733', 'peak_power_in_W': np.float64(0.0012), 'pulse_rate_in_Hz': np.float64(500000.0), 'stimulation_wavelength_in_nm': np.float64(850.0)}, 'groups': {}, 'datasets': {}, 'links': {}}}}}, "Could not construct PatternedOptogeneticStimulusSite object due to: CustomClassGenerator.set_init.<locals>.__init__: incorrect type for 'spatial_light_modulator' (got 'list', expected 'Device')"))
2026-09-23T21:07:33Z INFO [357/500] 12569eec-a831-43f9-89f0-9a473ee350bf: valid; 0.9 s; peak memory 3172 MiB.
2026-09-23T21:07:34Z INFO [358/500] 1256b55c-da6b-4b25-8da4-22af754269b0: not valid; 1.3 s; peak memory 3172 MiB.
2026-09-23T21:07:36Z INFO [359/500] 1256c05d-719b-4080-a463-b274d465c372: not valid; 1.6 s; peak memory 3172 MiB.
2026-09-23T21:07:37Z INFO [360/500] 12578473-1b21-4b49-8502-95f71a0db2d6: valid; 1.6 s; peak memory 3172 MiB.
2026-09-23T21:07:38Z INFO [361/500] 1257bf30-998e-44b8-afd7-fe33b43a58a4: valid; 1.2 s; peak memory 3172 MiB.
2026-09-23T21:07:39Z INFO [362/500] 125864cf-d055-4978-96d0-acef5f190e50: valid; 0.9 s; peak memory 3172 MiB.
2026-09-23T21:07:41Z INFO [363/500] 12589540-878c-44e8-b89d-5b878728b0e7: not valid; 1.3 s; peak memory 3172 MiB.
2026-09-23T21:07:42Z INFO [364/500] 1258a0e3-dd3f-432f-8a9e-31833fa893f2: not valid; 1.0 s; peak memory 3172 MiB.
2026-09-23T21:07:43Z INFO [365/500] 1258be3b-7d35-4ac5-a0f1-e25527b64386: valid; 1.5 s; peak memory 3172 MiB.
2026-09-23T21:07:44Z INFO [366/500] 1258d09b-cc1b-40d7-a6c7-889462571c81: valid; 0.7 s; peak memory 3172 MiB.
2026-09-23T21:07:45Z INFO [367/500] 12594ef6-a1ae-44ae-b984-363170b5535f: not valid; 1.4 s; peak memory 3172 MiB.
2026-09-23T21:07:46Z INFO [368/500] 125a86bd-7f93-4d09-a6bf-d291f3ba256a: valid; 1.0 s; peak memory 3172 MiB.
2026-09-23T21:07:48Z INFO [369/500] 125afa04-0f20-46e1-a8f6-53e35e0cd103: valid; 2.0 s; peak memory 3172 MiB.
2026-09-23T21:07:49Z INFO [370/500] 125ca03d-24ee-4447-93fd-dc4146ab05c6: not valid; 1.0 s; peak memory 3172 MiB.
2026-09-23T21:07:50Z INFO [371/500] 125ca9c4-eb45-4417-8007-ab919e4424af: not valid; 0.9 s; peak memory 3172 MiB.
2026-09-23T21:07:52Z INFO [372/500] 125ceb82-b587-4c71-83af-3371ccf65283: valid; 1.8 s; peak memory 3172 MiB.
2026-09-23T21:07:55Z INFO [373/500] 125df51a-be52-4574-96b7-26b955be1957: valid; 2.6 s; peak memory 3175 MiB.
2026-09-23T21:07:56Z INFO [374/500] 125e093e-e4d8-4d72-9c24-d774ae206d5b: valid; 1.1 s; peak memory 3175 MiB.
2026-09-23T21:07:57Z INFO [375/500] 125f2779-4ddd-4c55-9099-c328f5080f5b: not valid; 1.6 s; peak memory 3175 MiB.
2026-09-23T21:08:01Z INFO [376/500] 125fc347-ea2d-4571-8d96-1d81980d07bc: valid; 3.3 s; peak memory 3175 MiB.
2026-09-23T21:08:02Z INFO [377/500] 126147eb-c6fd-46b9-bd09-194200e4ce6f: valid; 0.9 s; peak memory 3175 MiB.
2026-09-23T21:08:03Z INFO [378/500] 12617c66-b813-4048-b218-05554201b4ba: valid; 1.0 s; peak memory 3175 MiB.
2026-09-23T21:08:04Z INFO [379/500] 12628a5b-6498-4f7a-96c8-eed6ab1a7762: not valid; 1.0 s; peak memory 3175 MiB.
2026-09-23T21:08:05Z INFO [380/500] 1262e222-4692-400a-b84e-8cd9e324a23e: valid; 1.4 s; peak memory 3175 MiB.
2026-09-23T21:08:06Z INFO [381/500] 126311e8-658e-4043-8cfb-440a3a326079: valid; 1.3 s; peak memory 3175 MiB.
2026-09-23T21:08:08Z INFO [382/500] 12639941-4a2e-4955-bd49-10dbba12aceb: valid; 1.6 s; peak memory 3193 MiB.
2026-09-23T21:08:22Z INFO [383/500] 1263b99e-eb99-497e-b1e7-b0a3e38a19cc: valid; 14.1 s; peak memory 3218 MiB.
2026-09-23T21:08:23Z INFO [384/500] 12640f33-231a-42a7-b1ab-e3c61ad9091c: valid; 0.8 s; peak memory 3218 MiB.
2026-09-23T21:08:24Z INFO [385/500] 1265b904-60fa-43ee-b67a-e70bbfd7e2a0: not valid; 1.6 s; peak memory 3218 MiB.
2026-09-23T21:08:27Z INFO [386/500] 126613e7-11a3-4a0c-8d15-7b2ab9f075a2: valid; 2.2 s; peak memory 3229 MiB.
2026-09-23T21:08:28Z INFO [387/500] 1266308f-ec74-4cd1-a81a-d537c18bb2eb: valid; 1.0 s; peak memory 3229 MiB.
2026-09-23T21:08:29Z INFO [388/500] 12665786-d846-48e4-ac19-70b299f6668a: not valid; 1.3 s; peak memory 3232 MiB.
2026-09-23T21:08:30Z INFO [389/500] 1266c4f9-7f73-4f1a-b02a-ac64f8752cd8: valid; 0.9 s; peak memory 3234 MiB.
2026-09-23T21:08:31Z INFO [390/500] 1266e214-db12-4ebe-966f-1e4f93c80e4d: not valid; 1.4 s; peak memory 3239 MiB.
2026-09-23T21:08:32Z INFO [391/500] 12672eab-1637-400d-88fe-82ab0130d89b: valid; 1.3 s; peak memory 3241 MiB.
2026-09-23T21:08:34Z INFO [392/500] 1267b4fc-c933-4703-8ec1-25145a4cf7b5: valid; 2.0 s; peak memory 3248 MiB.
2026-09-23T21:08:36Z INFO [393/500] 1268126d-dc0a-4241-8da4-cb50c87677c6: valid; 1.4 s; peak memory 3258 MiB.
2026-09-23T21:08:37Z INFO [394/500] 12688cb9-cccf-488f-82aa-ee5934eadf44: valid; 1.4 s; peak memory 3261 MiB.
2026-09-23T21:08:39Z INFO [395/500] 12690b7e-7351-46ac-be64-4e2376e713c5: valid; 1.8 s; peak memory 3264 MiB.
2026-09-23T21:08:41Z INFO [396/500] 12694437-7341-4b75-9eb3-c6745a04f6d5: not valid; 2.0 s; peak memory 3265 MiB.
2026-09-23T21:08:43Z INFO [397/500] 12695728-35e9-40a4-bb1e-fabdcad446a1: not valid; 2.3 s; peak memory 3265 MiB.
2026-09-23T21:08:45Z INFO [398/500] 1269863b-2055-4dd1-bbe9-cd2184684d69: valid; 1.3 s; peak memory 3266 MiB.
2026-09-23T21:08:46Z INFO [399/500] 1269a1ce-32c4-4ee0-ab5a-4ff936f369e5: not valid; 1.0 s; peak memory 3266 MiB.
2026-09-23T21:08:47Z INFO [400/500] 1269bc3c-5a83-46a8-bfec-cc65b1e5c55b: valid; 1.7 s; peak memory 3269 MiB.
2026-09-23T21:08:48Z INFO [400/500] 1269bc3c-5a83-46a8-bfec-cc65b1e5c55b: checkpointed 76910 records.
2026-09-23T21:08:51Z INFO [401/500] 126a1077-1413-4d18-a522-610f795cdbb8: valid; 3.0 s; peak memory 3277 MiB.
2026-09-23T21:08:52Z INFO [402/500] 126a3802-44fd-4c0f-9197-ed34b20c42d9: valid; 1.2 s; peak memory 3279 MiB.
2026-09-23T21:08:52Z WARNING 126ab191-d937-4818-81ae-9e613b6dc396: failed while retrieving asset information from the DANDI API (NotFoundError: No asset at path 'sub-parkinson-simulated-lfp/sub-parkinson-simulated-lfp_ses-5814_ecephys.nwb' in version 0.250327.2220. Verify the path is correct and the asset exists in this version. Use 'dandi ls' to list available assets.)
2026-09-23T21:08:53Z INFO [404/500] 126b1ef5-5d45-4529-9ca6-3541b05da935: not valid; 1.1 s; peak memory 3283 MiB.
2026-09-23T21:08:54Z INFO [405/500] 126b7b53-f6a4-4476-be15-10120dfbd884: valid; 1.1 s; peak memory 3286 MiB.
2026-09-23T21:08:55Z INFO [406/500] 126bbcb6-d2ae-4a4a-b585-9e6ab8151ca0: valid; 0.7 s; peak memory 3288 MiB.
2026-09-23T21:08:58Z INFO [407/500] 126bf2a7-cb96-48d3-9729-61a2aa43e6ea: not valid; 3.3 s; peak memory 3292 MiB.
2026-09-23T21:08:59Z INFO [408/500] 126c3d6e-65fb-4750-8d1c-a892cb4c5a98: valid; 1.2 s; peak memory 3293 MiB.
2026-09-23T21:09:01Z INFO [409/500] 126c487a-edeb-490a-981b-cf21552ff528: valid; 1.3 s; peak memory 3293 MiB.
2026-09-23T21:09:03Z INFO [410/500] 126cbf7b-1ae8-44e8-a8da-487c225fec15: valid; 1.9 s; peak memory 3293 MiB.
2026-09-23T21:09:04Z INFO [411/500] 126d0fdd-fe8c-4cd0-82ac-f5a8ea2dc3a9: valid; 1.2 s; peak memory 3294 MiB.
2026-09-23T21:09:06Z INFO [412/500] 126d5191-e49a-4e30-90ff-d6da4b742770: valid; 1.6 s; peak memory 3295 MiB.
2026-09-23T21:09:07Z INFO [413/500] 126dc148-913a-4a84-a5c9-601da3dfad82: valid; 1.0 s; peak memory 3295 MiB.
2026-09-23T21:09:08Z INFO [414/500] 126dda37-c8a6-42e7-95f2-7db8940ffb64: not valid; 1.0 s; peak memory 3296 MiB.
2026-09-23T21:09:09Z INFO [415/500] 126eec3d-1efc-44a0-8086-139f6b8b8b26: valid; 1.1 s; peak memory 3296 MiB.
2026-09-23T21:09:11Z INFO [416/500] 126f8478-e555-4fd6-9b78-e90ad83203af: valid; 1.8 s; peak memory 3298 MiB.
2026-09-23T21:09:12Z INFO [417/500] 126fa802-db00-400f-afb9-b984ce0e754c: valid; 1.0 s; peak memory 3300 MiB.
2026-09-23T21:09:13Z INFO [418/500] 12702403-8a43-4c8a-afc3-f13621a52b81: valid; 1.8 s; peak memory 3307 MiB.
2026-09-23T21:09:14Z INFO [419/500] 12702ecd-2ffc-4a0d-8049-b0d22529669f: valid; 0.7 s; peak memory 3309 MiB.
2026-09-23T21:09:16Z INFO [420/500] 12704483-ebb1-4dc3-9d6e-05cc74f88bfc: valid; 1.7 s; peak memory 3316 MiB.
2026-09-23T21:09:17Z INFO [421/500] 1270e4c6-38d1-434a-becb-f45c17efe63a: not valid; 1.5 s; peak memory 3321 MiB.
2026-09-23T21:09:18Z INFO [422/500] 12712139-ee1b-4c20-9cd9-8455b8937e96: valid; 1.0 s; peak memory 3324 MiB.
2026-09-23T21:09:20Z INFO [423/500] 1271b36a-a228-44e1-a223-4d5c5d69d094: valid; 2.0 s; peak memory 3333 MiB.
2026-09-23T21:09:21Z INFO [424/500] 12722f7e-a132-4c9f-a643-edc122b2597c: valid; 1.0 s; peak memory 3335 MiB.
2026-09-23T21:09:23Z INFO [425/500] 12723042-fd1d-430d-8c51-0954a2146d8b: valid; 2.2 s; peak memory 3337 MiB.
2026-09-23T21:09:26Z INFO [426/500] 12726f6a-9245-49ec-94e2-5ec3ae859ee6: valid; 2.3 s; peak memory 3337 MiB.
2026-09-23T21:09:28Z INFO [427/500] 127296c8-4314-4b8d-96bf-fffa3b325d77: valid; 2.6 s; peak memory 3344 MiB.
2026-09-23T21:10:40Z INFO [428/500] 1272b61f-d316-4e55-a238-cafef4e28035: valid; 71.5 s; peak memory 4439 MiB.
2026-09-23T21:10:47Z INFO [429/500] 1272cf92-43de-4699-8599-fb7e7fd455d1: valid; 7.4 s; peak memory 4512 MiB.
2026-09-23T21:10:55Z INFO [430/500] 1272dd63-01c6-4829-8def-bd037dc8e498: valid; 7.8 s; peak memory 4522 MiB.
2026-09-23T21:10:56Z INFO [431/500] 12736698-00d5-411e-968e-a14f73946bf1: valid; 1.1 s; peak memory 4524 MiB.
2026-09-23T21:10:57Z WARNING 1273b5e8-00d3-4fc7-ad74-67326ae67e9d: failed while opening the NWB file (ValueError: Cannot resolve included group spec 'electrodes' with data_type_inc 'ElectrodesTable' because a group spec with the same name already exists with data_type_inc 'DynamicTable', and data type 'DynamicTable' is not a child type of data type 'ElectrodesTable'.)
2026-09-23T21:11:07Z INFO [433/500] 12765c87-15a9-4ffb-a869-d4c15afe30d9: valid; 9.6 s; peak memory 4622 MiB.
2026-09-23T21:11:08Z INFO [434/500] 12778a87-a686-46e6-8fc5-4e2523546e9d: valid; 1.7 s; peak memory 4632 MiB.
2026-09-23T21:11:11Z INFO [435/500] 1277f007-9fa6-4c59-9a36-73878dd15e87: valid; 2.2 s; peak memory 4632 MiB.
2026-09-23T21:11:21Z INFO [436/500] 12783649-b0bf-464b-a696-959c40ea9ffc: valid; 10.0 s; peak memory 4659 MiB.
2026-09-23T21:11:22Z INFO [437/500] 12785737-e900-4b13-8d48-69ec405000b9: valid; 1.4 s; peak memory 4659 MiB.
2026-09-23T21:11:23Z INFO [438/500] 127904ba-562f-4819-b011-f9404707c435: valid; 1.5 s; peak memory 4659 MiB.
2026-09-23T21:11:26Z INFO [439/500] 1279cb3e-48e9-42bf-8e3f-06d24514df23: not valid; 2.0 s; peak memory 4659 MiB.
2026-09-23T21:11:26Z INFO [440/500] 127ac1c4-5ee5-4b67-a66e-a7880b29e3df: not valid; 0.8 s; peak memory 4659 MiB.
2026-09-23T21:11:28Z INFO [441/500] 127ac66d-4861-4a48-975f-4a51537a1f22: valid; 1.5 s; peak memory 4659 MiB.
2026-09-23T21:11:38Z INFO [442/500] 127ba951-a417-4de7-917e-f0672ede66d1: valid; 10.0 s; peak memory 4663 MiB.
2026-09-23T21:11:39Z INFO [443/500] 127ba9f5-293d-44b5-b22b-c8e4610636e2: valid; 0.8 s; peak memory 4663 MiB.
2026-09-23T21:11:40Z INFO [444/500] 127bb237-10e2-456a-900c-564762cd0579: not valid; 1.8 s; peak memory 4666 MiB.
2026-09-23T21:11:42Z INFO [445/500] 127bf413-1ec1-4f68-b977-227cc186c062: valid; 1.4 s; peak memory 4667 MiB.
2026-09-23T21:11:44Z INFO [446/500] 127c2a09-3b77-44a7-9631-c64442a2ad0a: valid; 2.4 s; peak memory 4672 MiB.
2026-09-23T21:11:47Z INFO [447/500] 127c5d48-d0ed-416c-b8a2-2092928b1692: not valid; 3.3 s; peak memory 4750 MiB.
2026-09-23T21:11:51Z INFO [448/500] 127cd283-1d5b-47b9-b111-808584826f92: valid; 3.3 s; peak memory 4750 MiB.
2026-09-23T21:11:57Z INFO [449/500] 127cf127-c3ef-4d2b-9ef2-339188cf2c04: valid; 5.8 s; peak memory 4750 MiB.
2026-09-23T21:11:58Z INFO [450/500] 127d216b-99ed-4b1b-91d2-74e12334f150: valid; 1.1 s; peak memory 4750 MiB.
2026-09-23T21:11:58Z INFO [450/500] 127d216b-99ed-4b1b-91d2-74e12334f150: checkpointed 76960 records.
2026-09-23T21:12:00Z INFO [451/500] 127dbdc5-b921-4cdb-b216-ecbb5cdaa1c3: valid; 1.9 s; peak memory 4750 MiB.
2026-09-23T21:12:01Z INFO [452/500] 127de718-9f72-4f49-b60c-574f0892a48f: not valid; 1.4 s; peak memory 4751 MiB.
2026-09-23T21:12:04Z INFO [453/500] 127eb96a-4981-498a-831a-5e4ef17071da: not valid; 2.8 s; peak memory 4751 MiB.
2026-09-23T21:12:06Z INFO [454/500] 127ec4c3-cf35-4aae-be88-38e19dcc7c19: valid; 1.7 s; peak memory 4751 MiB.
2026-09-23T21:12:08Z INFO [455/500] 127f17d3-8b3b-4ede-9fb8-90c97b6e289b: valid; 1.8 s; peak memory 4751 MiB.
2026-09-23T21:12:08Z WARNING 127f3ccf-0d4e-4be8-9154-554f2e07deb3: failed while retrieving asset information from the DANDI API (NotFoundError: No asset at path 'sub-06/sub-06_ses-20140828T152100_behavior+ecephys.nwb' in version 0.250815.1108. Verify the path is correct and the asset exists in this version. Use 'dandi ls' to list available assets.)
2026-09-23T21:12:08Z WARNING 127f4226-3f31-45e2-a7fc-e477f9f37774: failed while retrieving asset information from the DANDI API (NotFoundError: No asset at path 'sub-440959/sub-440959_ses-20190219T121506_behavior+ecephys+ogen.nwb' in version 0.231012.2129. Verify the path is correct and the asset exists in this version. Use 'dandi ls' to list available assets.)
2026-09-23T21:12:24Z INFO [458/500] 127f705c-f27e-4b06-8b28-f906d0451313: valid; 16.2 s; peak memory 4751 MiB.
2026-09-23T21:12:34Z INFO [459/500] 127f7149-5e5c-4ac4-b321-7566680132c0: valid; 9.5 s; peak memory 4751 MiB.
2026-09-23T21:12:35Z INFO [460/500] 127f7909-06fb-4e8a-b339-fdbd55bde312: valid; 1.5 s; peak memory 4751 MiB.
2026-09-23T21:13:05Z INFO [461/500] 127fc155-5fea-42e5-95b7-6f0fe653f859: valid; 30.2 s; peak memory 4934 MiB.
2026-09-23T21:13:07Z INFO [462/500] 127fe180-9bd5-4d17-b8a8-005e665a38b8: not valid; 2.0 s; peak memory 4937 MiB.
2026-09-23T21:13:08Z INFO [463/500] 1280ef32-3c65-4196-b2eb-a1cc09739932: valid; 1.0 s; peak memory 4939 MiB.
2026-09-23T21:13:10Z INFO [464/500] 1280f2b8-6f8c-4385-94ba-bd143fd61463: valid; 1.1 s; peak memory 4940 MiB.
2026-09-23T21:13:12Z INFO [465/500] 1281da61-cde3-4f1c-87e6-b25c0ff91633: valid; 1.9 s; peak memory 4949 MiB.
2026-09-23T21:13:13Z INFO [466/500] 1281e3f9-02c6-4364-8fd0-b8aa26b16ff3: not valid; 1.3 s; peak memory 4949 MiB.
2026-09-23T21:13:15Z INFO [467/500] 12824136-7e40-4385-baa3-4833aa55ddb1: not valid; 2.5 s; peak memory 4949 MiB.
2026-09-23T21:13:19Z INFO [468/500] 12828d04-8ab4-493a-83f1-2fee41d496a0: valid; 3.3 s; peak memory 4949 MiB.
2026-09-23T21:13:20Z INFO [469/500] 128299c1-cff9-48e5-ac54-150bb887e33c: valid; 1.1 s; peak memory 4949 MiB.
2026-09-23T21:13:21Z INFO [470/500] 1282b937-4363-4147-9065-e43b50ac4c04: valid; 1.0 s; peak memory 4949 MiB.
2026-09-23T21:13:22Z INFO [471/500] 1282c9e7-3c07-4932-b8d3-d8451ca5b9ca: valid; 1.5 s; peak memory 4949 MiB.
2026-09-23T21:13:23Z INFO [472/500] 12838ded-9f38-444b-9537-b1dc0616347f: valid; 0.8 s; peak memory 4949 MiB.
2026-09-23T21:13:24Z INFO [473/500] 128449c8-da61-4773-b897-e79613e09ba6: valid; 0.8 s; peak memory 4949 MiB.
2026-09-23T21:13:24Z WARNING 12844b55-0107-4c34-b823-5fb7b29206c1: failed while retrieving asset information from the DANDI API (NotFoundError: No asset at path 'sub-healthy-simulated-beta/sub-healthy-simulated-beta_ses-9073_ecephys.nwb' in version 0.250327.2220. Verify the path is correct and the asset exists in this version. Use 'dandi ls' to list available assets.)
2026-09-23T21:13:25Z INFO [475/500] 12847eb3-982f-4329-b84b-a359a8cb06b6: valid; 1.4 s; peak memory 4949 MiB.
2026-09-23T21:13:34Z INFO [476/500] 12860774-2abf-4829-94a4-6c471cf79077: valid; 9.2 s; peak memory 4989 MiB.
2026-09-23T21:13:39Z INFO [477/500] 128612ed-d309-4a6f-908b-a0276e21a60a: valid; 5.0 s; peak memory 4989 MiB.
2026-09-23T21:13:40Z INFO [478/500] 12864109-7d1a-4baf-81e9-4eb35c037148: not valid; 1.0 s; peak memory 4989 MiB.
2026-09-23T21:13:42Z INFO [479/500] 12864c5d-c3db-4b88-b4fc-7731a006497f: valid; 2.0 s; peak memory 4989 MiB.
2026-09-23T21:13:44Z INFO [480/500] 12874cea-a6ae-4ddc-9e38-404734c43cfb: valid; 1.4 s; peak memory 4989 MiB.
2026-09-23T21:13:45Z INFO [481/500] 12876af0-167c-4b2f-9aa3-b06618b58286: not valid; 1.5 s; peak memory 4989 MiB.
2026-09-23T21:13:47Z INFO [482/500] 12879e75-89aa-47cd-a462-5deb4178b7a1: not valid; 1.3 s; peak memory 4989 MiB.
2026-09-23T21:13:51Z INFO [483/500] 1287ad48-dc21-43de-8aff-8d2748057517: valid; 4.5 s; peak memory 4989 MiB.
2026-09-23T21:14:00Z INFO [484/500] 128811a2-a194-49d5-a32a-69ab794efd9b: valid; 8.4 s; peak memory 5026 MiB.
2026-09-23T21:14:01Z INFO [485/500] 128833a9-11ad-4e82-8482-cb0e2ad7a9f5: valid; 1.3 s; peak memory 5026 MiB.
2026-09-23T21:14:03Z INFO [486/500] 1288b258-c0e9-4ca4-8932-f9f4646ff637: valid; 1.8 s; peak memory 5026 MiB.
2026-09-23T21:14:03Z WARNING 1288c0ba-bdd4-4592-b1d3-8e32b1da371a: failed while retrieving asset information from the DANDI API (NotFoundError: No asset at path 'sub-parkinson-simulated-lfp/sub-parkinson-simulated-lfp_ses-5034_ecephys.nwb' in version 0.250327.2220. Verify the path is correct and the asset exists in this version. Use 'dandi ls' to list available assets.)
2026-09-23T21:14:04Z INFO [488/500] 12892150-5dc0-4551-97e8-5abcb7600b52: not valid; 1.6 s; peak memory 5026 MiB.
2026-09-23T21:14:06Z INFO [489/500] 12897cf0-7eda-4f90-b230-042c4b56ea1d: valid; 2.1 s; peak memory 5026 MiB.
2026-09-23T21:14:09Z INFO [490/500] 1289cbd3-913c-41f6-b77e-19a29777ab86: valid; 2.5 s; peak memory 5026 MiB.
2026-09-23T21:14:10Z INFO [491/500] 1289e785-6978-4744-bbb4-4e7d1870f58d: valid; 1.3 s; peak memory 5026 MiB.
2026-09-23T21:14:13Z INFO [492/500] 1289e869-bdbf-4d40-8d6f-ddab37aaeba9: valid; 2.7 s; peak memory 5026 MiB.
2026-09-23T21:14:13Z INFO [493/500] 128a5e3f-25bb-4d3e-bcaa-3a1b9b9db424: valid; 0.6 s; peak memory 5026 MiB.
2026-09-23T21:14:14Z INFO [494/500] 128a790d-f92f-411d-a219-b2a32efa43aa: valid; 1.0 s; peak memory 5026 MiB.
2026-09-23T21:14:16Z INFO [495/500] 128b3d71-352b-43e8-8738-68e296c1dd1d: not valid; 1.3 s; peak memory 5026 MiB.
2026-09-23T21:14:25Z INFO [496/500] 128b6b86-cd95-4023-9a56-45bee98a1b02: valid; 9.5 s; peak memory 5156 MiB.
2026-09-23T21:14:26Z INFO [497/500] 128b9d28-eef5-4b53-ad46-f890393a2165: valid; 1.0 s; peak memory 5159 MiB.
2026-09-23T21:14:27Z INFO [498/500] 128c2c70-f587-48ca-8f53-4b397a167c7c: valid; 1.0 s; peak memory 5161 MiB.
2026-09-23T21:14:28Z INFO [499/500] 128c2ef4-8b91-4069-a068-8842eb4f0a46: valid; 1.0 s; peak memory 5163 MiB.
2026-09-23T21:14:30Z INFO [500/500] 128c32f5-1de2-4d3e-8adb-ec23d5bb9819: valid; 1.4 s; peak memory 5174 MiB.
2026-09-23T21:14:30Z INFO [500/500] 128c32f5-1de2-4d3e-8adb-ec23d5bb9819: checkpointed 77010 records.
2026-09-23T21:14:31Z INFO Wrote 77010 records to /tmp/derivatives/content_id_to_valid_nwb_file.jsonl (475 new, 25 failed) in 27.0 min (peak memory 5177 MiB).
