2026-09-23T15:40:50Z INFO Logging to /tmp/logs/update_2026-09-23T15-40-50Z.log.
2026-09-23T15:40:50Z INFO Update content-id-to-valid-nwb-file (base directory /tmp).
2026-09-23T15:40:52Z INFO Processing 500 items (76010 already recorded).
2026-09-23T15:40:54Z INFO [1/500] 1109ab42-2cf6-4645-85f1-1df9906d80e2: valid; 1.4 s; peak memory 334 MiB.
2026-09-23T15:41:00Z INFO [2/500] 110ad363-48d9-4bdf-bb32-d28a164d76fa: valid; 6.6 s; peak memory 379 MiB.
2026-09-23T15:41:06Z INFO [3/500] 110ae4a0-1448-4832-9da4-88d08b46785e: valid; 5.8 s; peak memory 398 MiB.
2026-09-23T15:41:08Z INFO [4/500] 110bfa1d-2ec8-45fe-aab1-3bf68e892548: valid; 2.1 s; peak memory 406 MiB.
2026-09-23T15:41:10Z INFO [5/500] 110caba3-417f-4598-b626-8daab050bd79: valid; 1.9 s; peak memory 407 MiB.
2026-09-23T15:41:12Z INFO [6/500] 110cd4f5-66ae-41ec-95d3-ced960e574ce: valid; 2.1 s; peak memory 410 MiB.
2026-09-23T15:41:14Z INFO [7/500] 110d8366-a4ac-46ff-b32b-3a2036d7ecb9: not valid; 1.5 s; peak memory 411 MiB.
2026-09-23T15:41:16Z INFO [8/500] 110e221b-b718-49e1-bb7a-1001067dac3b: valid; 1.9 s; peak memory 419 MiB.
2026-09-23T15:41:18Z INFO [9/500] 110e7cd9-261c-4b23-8ddf-6450497fae37: not valid; 2.9 s; peak memory 432 MiB.
2026-09-23T15:41:20Z INFO [10/500] 110f80c9-3acf-4ea1-a475-22c03d8fcd01: valid; 1.6 s; peak memory 446 MiB.
2026-09-23T15:41:21Z INFO [11/500] 110f8c21-6d45-4608-9955-f0d50f5067e9: not valid; 0.9 s; peak memory 449 MiB.
2026-09-23T15:41:22Z INFO [12/500] 110fc4a1-f3be-4ad9-9e91-4a4ab7f2239f: not valid; 1.0 s; peak memory 452 MiB.
2026-09-23T15:41:24Z INFO [13/500] 110fdbb4-f11b-42b7-9c99-2bace46b52a1: valid; 2.4 s; peak memory 469 MiB.
2026-09-23T15:41:29Z INFO [14/500] 1110197b-913d-4c7d-8423-02ff2acd43d1: not valid; 4.8 s; peak memory 485 MiB.
2026-09-23T15:41:31Z INFO [15/500] 11104d68-9759-49ae-bb0b-f415c9b891de: valid; 1.7 s; peak memory 485 MiB.
2026-09-23T15:41:33Z INFO [16/500] 1110a489-3e46-4b0c-b5e4-6bd70f314114: valid; 1.7 s; peak memory 493 MiB.
2026-09-23T15:41:34Z INFO [17/500] 11112029-3b69-4810-ad13-a2a26d7e93fc: valid; 1.8 s; peak memory 523 MiB.
2026-09-23T15:41:34Z WARNING 11113ede-8c69-4f85-8bb0-5c13f4f6519e: failed while retrieving asset information from the DANDI API (NotFoundError: No such Dandiset: 000561)
2026-09-23T15:41:59Z INFO [19/500] 11118c6d-5471-4650-8d44-6230774a574c: not valid; 24.7 s; peak memory 536 MiB.
2026-09-23T15:42:01Z INFO [20/500] 11119d72-61fa-4eca-9451-39d02ea3b11d: valid; 2.1 s; peak memory 546 MiB.
2026-09-23T15:42:06Z INFO [21/500] 11120944-3fce-409e-ad6c-d9337693b8fd: valid; 5.0 s; peak memory 588 MiB.
2026-09-23T15:42:08Z INFO [22/500] 11127f73-740e-486d-b563-191656573fef: valid; 1.7 s; peak memory 592 MiB.
2026-09-23T15:42:10Z INFO [23/500] 1112f1d2-2d9a-4bdf-ae88-44b8bcf2ab9c: valid; 1.6 s; peak memory 594 MiB.
2026-09-23T15:42:10Z INFO [24/500] 11131a0a-47b6-427c-8f2e-dbc021e9a892: valid; 0.8 s; peak memory 595 MiB.
2026-09-23T15:42:11Z INFO [25/500] 1113823e-92c3-451e-b1fb-8efa9e6dd449: valid; 1.0 s; peak memory 597 MiB.
2026-09-23T15:42:12Z INFO [26/500] 11138c0c-a5a9-4480-8bd1-4aeb384a7c5e: valid; 1.1 s; peak memory 597 MiB.
2026-09-23T15:42:14Z INFO [27/500] 11143276-b466-4ec0-97ae-bcc07c6ae750: valid; 1.3 s; peak memory 602 MiB.
2026-09-23T15:42:22Z INFO [28/500] 11146555-c5a3-4654-83ee-5f2b84a792d3: not valid; 7.8 s; peak memory 927 MiB.
2026-09-23T15:42:23Z INFO [29/500] 11150156-d82f-4f90-8069-621782ece431: valid; 1.4 s; peak memory 927 MiB.
2026-09-23T15:42:24Z INFO [30/500] 11155357-781b-4f14-bc00-a37a19175053: not valid; 1.2 s; peak memory 927 MiB.
2026-09-23T15:42:25Z INFO [31/500] 1115a797-ddc1-4976-9332-fc9da35d5c69: valid; 0.7 s; peak memory 927 MiB.
2026-09-23T15:42:26Z INFO [32/500] 1116066b-b03e-4d5c-8e1b-2411aa92e9f9: valid; 1.4 s; peak memory 927 MiB.
2026-09-23T15:42:27Z INFO [33/500] 111635df-d933-44a9-801d-efc6f9043ebb: valid; 1.1 s; peak memory 927 MiB.
2026-09-23T15:42:28Z INFO [34/500] 111659d5-517b-4131-bf0c-11d7f4922320: valid; 1.0 s; peak memory 927 MiB.
2026-09-23T15:42:30Z INFO [35/500] 1116831d-90f6-4e02-a56d-8fbfca6ef7a7: not valid; 1.2 s; peak memory 927 MiB.
2026-09-23T15:42:30Z WARNING 1116c95d-85d1-4e6b-be34-0d2aacb84873: failed while retrieving asset information from the DANDI API (NotFoundError: No such Dandiset: 000948)
2026-09-23T15:42:31Z INFO [37/500] 1116fa33-78af-42cb-aaf9-eaff80d299b3: valid; 1.2 s; peak memory 927 MiB.
2026-09-23T15:42:33Z INFO [38/500] 11171e59-7696-4d27-8827-0bbc18e7a0f9: valid; 1.9 s; peak memory 927 MiB.
2026-09-23T15:42:34Z INFO [39/500] 11174f12-123b-4ec5-a9be-ba11e69b759e: not valid; 1.7 s; peak memory 927 MiB.
2026-09-23T15:42:35Z INFO [40/500] 11175479-c503-40d2-8486-55167daa2c44: valid; 0.9 s; peak memory 927 MiB.
2026-09-23T15:42:42Z INFO [41/500] 1118c407-0c5c-4c97-b34f-63b99fcc990d: valid; 7.1 s; peak memory 927 MiB.
2026-09-23T15:42:43Z INFO [42/500] 11192c53-2b7f-48c2-8ffc-e008bc9c9235: valid; 0.9 s; peak memory 927 MiB.
2026-09-23T15:42:44Z INFO [43/500] 11193579-9ee6-4205-aea9-43ebf93ca22a: valid; 0.9 s; peak memory 927 MiB.
2026-09-23T15:42:46Z INFO [44/500] 111951d3-3555-4a81-8ec9-44ea4d58c1e4: not valid; 1.7 s; peak memory 927 MiB.
2026-09-23T15:42:47Z INFO [45/500] 111a18a4-f912-40cf-9060-46b5e653bbb1: valid; 0.9 s; peak memory 927 MiB.
2026-09-23T15:42:48Z INFO [46/500] 111b6d7d-de95-4d9d-acee-d7abde7c39c7: not valid; 1.0 s; peak memory 927 MiB.
2026-09-23T15:42:51Z INFO [47/500] 111b7e53-c123-402a-a3b6-707b5973a960: valid; 3.3 s; peak memory 927 MiB.
2026-09-23T15:42:52Z WARNING 111b8505-9880-4c08-a82c-b990ce35996d: failed while opening the NWB file (ConstructError: (root/acquisition/event_code_meanings GroupBuilder {'attributes': {'colnames': array(['value', 'meaning'], dtype=object), 'description': 'Mapping integer event codes to event labels', 'namespace': 'ndx-events', 'neurodata_type': 'MeaningsTable', 'object_id': '8f95a06e-ce7e-4263-b27f-6180d4744660'}, 'groups': {}, 'datasets': {'id': root/acquisition/event_code_meanings/id DatasetBuilder {'attributes': {'namespace': 'hdmf-common', 'neurodata_type': 'ElementIdentifiers', 'object_id': 'a2620489-6873-4c33-8c90-d60b50d760f9'}, 'data': <HDF5 dataset "id": shape (26,), type "<i8">}, 'meaning': root/acquisition/event_code_meanings/meaning DatasetBuilder {'attributes': {'description': 'The meaning of the value in the parent CategoricalVectorData object.', 'namespace': 'hdmf-experimental', 'neurodata_type': 'VectorData', 'object_id': 'acccbbfa-b2f4-4a13-a0b1-c8227372c617'}, 'data': <StrDataset for HDF5 dataset "meaning": shape (26,), type "|O">}, 'value': root/acquisition/event_code_meanings/value DatasetBuilder {'attributes': {'description': 'The value of the parent CategoricalVectorData object.', 'namespace': 'hdmf-experimental', 'neurodata_type': 'VectorData', 'object_id': '48a50c0d-16c6-4e2f-831e-f8a68e231987'}, 'data': <HDF5 dataset "value": shape (26,), type "<i8">}}, 'links': {}}, "Could not construct MeaningsTable object due to: MeaningsTable.__init__: missing argument 'target'"))
2026-09-23T15:42:53Z INFO [49/500] 111b8cc4-e73b-4749-8613-1a54c3cf54fe: not valid; 0.8 s; peak memory 927 MiB.
2026-09-23T15:43:06Z INFO [50/500] 111bb4fc-f5ea-40a0-a0aa-e6617b0a676d: valid; 13.4 s; peak memory 927 MiB.
2026-09-23T15:43:07Z INFO [50/500] 111bb4fc-f5ea-40a0-a0aa-e6617b0a676d: checkpointed 76060 records.
2026-09-23T15:43:08Z INFO [51/500] 111bb9d6-cc32-47c7-868f-9f71d2eab7bf: valid; 0.9 s; peak memory 929 MiB.
2026-09-23T15:43:09Z INFO [52/500] 111c1e6c-e1aa-4e4f-8852-88a3d3c14d93: valid; 0.9 s; peak memory 931 MiB.
2026-09-23T15:43:12Z INFO [53/500] 111cd801-b4e6-43ed-bfd3-aa3a48cc2481: valid; 2.9 s; peak memory 936 MiB.
2026-09-23T15:43:13Z WARNING 111d619c-f5fd-4bd0-af58-12cfc09c7713: failed while opening the NWB file (ConstructError: (root/acquisition/event_code_meanings GroupBuilder {'attributes': {'colnames': array(['value', 'meaning'], dtype=object), 'description': 'Mapping integer event codes to event labels', 'namespace': 'ndx-events', 'neurodata_type': 'MeaningsTable', 'object_id': '78bab3ff-00be-4ae3-b9b0-16b696956bb3'}, 'groups': {}, 'datasets': {'id': root/acquisition/event_code_meanings/id DatasetBuilder {'attributes': {'namespace': 'hdmf-common', 'neurodata_type': 'ElementIdentifiers', 'object_id': '51ce4b5f-a722-45e4-8ab7-13282d6ed553'}, 'data': <HDF5 dataset "id": shape (26,), type "<i8">}, 'meaning': root/acquisition/event_code_meanings/meaning DatasetBuilder {'attributes': {'description': 'The meaning of the value in the parent CategoricalVectorData object.', 'namespace': 'hdmf-experimental', 'neurodata_type': 'VectorData', 'object_id': '2472b29c-d911-42b8-bf65-3e77d6c5597b'}, 'data': <StrDataset for HDF5 dataset "meaning": shape (26,), type "|O">}, 'value': root/acquisition/event_code_meanings/value DatasetBuilder {'attributes': {'description': 'The value of the parent CategoricalVectorData object.', 'namespace': 'hdmf-experimental', 'neurodata_type': 'VectorData', 'object_id': '491cd0fe-e6f2-4b25-84b4-b3ee74cc3d7d'}, 'data': <HDF5 dataset "value": shape (26,), type "<i8">}}, 'links': {}}, "Could not construct MeaningsTable object due to: MeaningsTable.__init__: missing argument 'target'"))
2026-09-23T15:43:14Z INFO [55/500] 111dec7d-fd60-4f36-a1d3-f2bd60df74f2: valid; 1.0 s; peak memory 942 MiB.
2026-09-23T15:43:15Z INFO [56/500] 111e2ffd-9c88-4c2d-955d-55fcd198c1c4: valid; 1.6 s; peak memory 949 MiB.
2026-09-23T15:43:16Z INFO [57/500] 111e319e-595f-47e4-816f-ba65ad921ef9: not valid; 1.1 s; peak memory 949 MiB.
2026-09-23T15:43:17Z INFO [58/500] 111e8f49-9684-4706-9a03-2a9afea4f298: valid; 1.0 s; peak memory 951 MiB.
2026-09-23T15:43:19Z INFO [59/500] 111eafa4-477c-40b1-aa86-ac56175ada6f: valid; 2.0 s; peak memory 956 MiB.
2026-09-23T15:43:20Z INFO [60/500] 111ee66b-d724-44c0-a6c1-97b67bfa6532: valid; 0.9 s; peak memory 956 MiB.
2026-09-23T15:43:22Z INFO [61/500] 111fd7a6-b2e4-42a8-b86b-b6475e660c0a: valid; 1.4 s; peak memory 956 MiB.
2026-09-23T15:43:30Z INFO [62/500] 11214135-eb34-43d7-9799-089eed97d444: not valid; 8.1 s; peak memory 956 MiB.
2026-09-23T15:43:31Z WARNING 11216893-7689-40aa-ac0e-f07c98bd1a84: failed while opening the NWB file (ConstructError: (root/acquisition/_iblmic_audioSpectrogram/bands GroupBuilder {'attributes': {'colnames': array(['freq'], dtype=object), 'description': 'spectogram frequencies', 'namespace': 'core', 'neurodata_type': 'FrequencyBandsTable', 'object_id': '6997cb5d-c673-4235-9126-b729433834c7'}, 'groups': {}, 'datasets': {'freq': root/acquisition/_iblmic_audioSpectrogram/bands/freq DatasetBuilder {'attributes': {'description': 'frequency value', 'namespace': 'hdmf-common', 'neurodata_type': 'VectorData', 'object_id': '2b064043-01dc-4296-bab5-c7ed51294f28'}, 'data': <HDF5 dataset "freq": shape (257,), type "<f4">}, 'id': root/acquisition/_iblmic_audioSpectrogram/bands/id DatasetBuilder {'attributes': {'namespace': 'hdmf-common', 'neurodata_type': 'ElementIdentifiers', 'object_id': '5816395c-69d4-4553-85b5-e6cd05199213'}, 'data': <HDF5 dataset "id": shape (257,), type "<i4">}}, 'links': {}}, "Could not construct FrequencyBandsTable object due to: column must have the same number of rows as 'id'"))
2026-09-23T15:43:32Z INFO [64/500] 11223744-df8a-493f-8087-a6e19034e717: valid; 1.6 s; peak memory 956 MiB.
2026-09-23T15:43:34Z INFO [65/500] 1122423f-2c69-4ecd-acaf-eaf3469937ae: valid; 1.5 s; peak memory 956 MiB.
2026-09-23T15:43:45Z INFO [66/500] 1122e627-ee5f-4e6e-823c-f9bd66b2a4fa: valid; 10.7 s; peak memory 1001 MiB.
2026-09-23T15:43:46Z INFO [67/500] 11234074-6daa-4db2-834f-dc5ea2a2aebc: not valid; 1.2 s; peak memory 1005 MiB.
2026-09-23T15:43:49Z INFO [68/500] 11235352-1c23-473e-8889-7012ddebe43e: not valid; 3.1 s; peak memory 1015 MiB.
2026-09-23T15:43:50Z INFO [69/500] 11238af0-7a0d-47b0-9ac1-136eeb5e711b: valid; 0.8 s; peak memory 1017 MiB.
2026-09-23T15:43:52Z INFO [70/500] 11248fec-4279-4545-b7df-99e1bd75cfac: valid; 1.9 s; peak memory 1020 MiB.
2026-09-23T15:43:53Z INFO [71/500] 1125cab0-dfbd-4d26-8bf5-72f9ebade82d: valid; 1.1 s; peak memory 1020 MiB.
2026-09-23T15:43:54Z INFO [72/500] 112615da-c4a5-4c4a-b8df-8616bb7896f7: valid; 1.1 s; peak memory 1020 MiB.
2026-09-23T15:43:55Z INFO [73/500] 11269669-52e3-4ee4-a79c-09f29df8da2f: valid; 1.3 s; peak memory 1020 MiB.
2026-09-23T15:43:56Z INFO [74/500] 11269dbd-8def-4d2c-8565-91bcceadaf99: valid; 0.8 s; peak memory 1020 MiB.
2026-09-23T15:43:57Z INFO [75/500] 1126a903-2e29-4a0c-b2e3-ef27cc7b7dae: valid; 0.8 s; peak memory 1020 MiB.
2026-09-23T15:43:58Z INFO [76/500] 1126d197-39e6-43fb-8cb4-ee79f18f4155: not valid; 1.1 s; peak memory 1020 MiB.
2026-09-23T15:43:59Z INFO [77/500] 11271ebb-5fb1-423a-bb6d-106c5bb36dd0: valid; 0.8 s; peak memory 1020 MiB.
2026-09-23T15:44:00Z INFO [78/500] 11273913-4e94-4501-b466-d5ec53a71e3c: valid; 0.9 s; peak memory 1020 MiB.
2026-09-23T15:44:06Z INFO [79/500] 11277121-b52e-4d64-9450-4d8d2fce0311: valid; 6.7 s; peak memory 1020 MiB.
2026-09-23T15:44:14Z INFO [80/500] 1127a7ce-bf3e-456c-80e3-c673121e7f5f: valid; 8.2 s; peak memory 1020 MiB.
2026-09-23T15:44:16Z INFO [81/500] 1127b149-20dd-48ff-954b-1319a4bc47c2: not valid; 1.3 s; peak memory 1020 MiB.
2026-09-23T15:44:17Z INFO [82/500] 1127d366-4639-4f2d-9332-d6df4f2c8d12: valid; 1.6 s; peak memory 1020 MiB.
2026-09-23T15:44:19Z INFO [83/500] 112832b9-29b4-419b-9ac2-54a4a465de05: valid; 1.3 s; peak memory 1020 MiB.
2026-09-23T15:44:20Z INFO [84/500] 112843ec-1fb6-4748-a09b-a8ae968fd095: valid; 1.5 s; peak memory 1020 MiB.
2026-09-23T15:44:21Z INFO [85/500] 112889ef-33e4-4a18-9f0f-dbaab43f6d4f: valid; 1.1 s; peak memory 1020 MiB.
2026-09-23T15:44:23Z INFO [86/500] 11290759-8d6b-422a-86c4-439c82c999ad: valid; 1.8 s; peak memory 1020 MiB.
2026-09-23T15:44:24Z INFO [87/500] 112918dc-9772-47cf-961a-93479f74b0b5: valid; 1.5 s; peak memory 1020 MiB.
2026-09-23T15:44:27Z INFO [88/500] 1129743f-e7a3-4508-bad9-8faae12089dc: not valid; 2.5 s; peak memory 1020 MiB.
2026-09-23T15:44:28Z INFO [89/500] 1129ada5-177a-41f8-9e4b-4ca6333b8160: not valid; 0.7 s; peak memory 1020 MiB.
2026-09-23T15:44:30Z INFO [90/500] 112a3380-89d0-407c-9884-0767c71372a3: valid; 2.0 s; peak memory 1020 MiB.
2026-09-23T15:44:31Z INFO [91/500] 112abf93-71b3-44bc-87bf-c27bff0f33f7: not valid; 1.3 s; peak memory 1020 MiB.
2026-09-23T15:44:39Z INFO [92/500] 112b1603-e284-4fe9-94a0-408dd2307a38: valid; 7.7 s; peak memory 1030 MiB.
2026-09-23T15:44:44Z INFO [93/500] 112b3241-b650-4ba0-a887-06a94eb4c8bc: valid; 4.8 s; peak memory 1058 MiB.
2026-09-23T15:44:46Z INFO [94/500] 112b642d-ec46-41bb-8467-a9e9ca367795: valid; 2.5 s; peak memory 1066 MiB.
2026-09-23T15:44:57Z INFO [95/500] 112be15f-0093-492a-81e4-865d09b4422c: valid; 11.3 s; peak memory 1138 MiB.
2026-09-23T15:44:59Z INFO [96/500] 112c270d-40ab-4a1b-afd9-c64e229e5870: valid; 1.1 s; peak memory 1140 MiB.
2026-09-23T15:45:04Z INFO [97/500] 112c2c0e-4543-48a0-ac0b-d028c638d19d: valid; 5.7 s; peak memory 1155 MiB.
2026-09-23T15:45:05Z INFO [98/500] 112c30f0-a9ff-46ae-bc7c-607999cc015b: not valid; 0.9 s; peak memory 1159 MiB.
2026-09-23T15:45:07Z INFO [99/500] 112cb808-7090-43a4-9acb-478af07d470f: valid; 2.2 s; peak memory 1163 MiB.
2026-09-23T15:45:08Z INFO [100/500] 112cf70d-48b3-4a58-984f-e0207e27d5cc: valid; 0.8 s; peak memory 1163 MiB.
2026-09-23T15:45:09Z INFO [100/500] 112cf70d-48b3-4a58-984f-e0207e27d5cc: checkpointed 76110 records.
2026-09-23T15:45:10Z INFO [101/500] 112d3ed8-fbe0-4449-a47b-875fdee36532: valid; 1.8 s; peak memory 1163 MiB.
2026-09-23T15:45:12Z INFO [102/500] 112d6300-c2c5-4d28-bdef-49835ca451ae: valid; 1.6 s; peak memory 1163 MiB.
2026-09-23T15:45:13Z INFO [103/500] 112d7099-1f02-476a-9626-7399e12a0e2c: valid; 0.6 s; peak memory 1163 MiB.
2026-09-23T15:45:15Z INFO [104/500] 112e0b43-5652-4882-8b62-8cc6c80dfc8f: not valid; 2.0 s; peak memory 1163 MiB.
2026-09-23T15:45:16Z INFO [105/500] 112e5735-800d-4092-9fb4-a1866b19e945: valid; 0.8 s; peak memory 1163 MiB.
2026-09-23T15:45:17Z INFO [106/500] 112e5ca6-6fb6-445e-8824-6fb399da9ccc: valid; 1.0 s; peak memory 1163 MiB.
2026-09-23T15:45:17Z INFO [107/500] 112ef89a-e040-46b8-a14d-fc9906a7edbe: not valid; 0.9 s; peak memory 1163 MiB.
2026-09-23T15:45:27Z INFO [108/500] 112f0c31-81a7-4eb7-9f55-9d95fea946b2: valid; 9.9 s; peak memory 1163 MiB.
2026-09-23T15:45:28Z WARNING 11304bf3-996f-4b4b-95af-1a57e5c4a0ec: failed while opening the NWB file (ValueError: Cannot resolve included group spec 'electrodes' with data_type_inc 'ElectrodesTable' because a group spec with the same name already exists with data_type_inc 'DynamicTable', and data type 'DynamicTable' is not a child type of data type 'ElectrodesTable'.)
2026-09-23T15:45:30Z INFO [110/500] 1130bd5f-9257-473e-9fba-5a4158faa973: valid; 1.7 s; peak memory 1163 MiB.
2026-09-23T15:45:32Z INFO [111/500] 1130ed04-d1cf-4b09-9a8f-c80d356b2656: valid; 1.7 s; peak memory 1163 MiB.
2026-09-23T15:45:33Z INFO [112/500] 11319d92-db45-4b28-8c8f-535b2c1bc314: not valid; 1.0 s; peak memory 1163 MiB.
2026-09-23T15:45:33Z INFO [113/500] 11332d78-9020-4ba7-89e8-1dade6eaab49: valid; 0.7 s; peak memory 1163 MiB.
2026-09-23T15:45:35Z INFO [114/500] 11339d80-72df-4be1-acbb-f7f9f33c5ea2: valid; 2.0 s; peak memory 1163 MiB.
2026-09-23T15:45:37Z INFO [115/500] 1133b01e-6c09-403d-b137-f48fe18124f8: valid; 1.3 s; peak memory 1163 MiB.
2026-09-23T15:45:40Z INFO [116/500] 1134b1bf-3eb9-45d5-acf7-c16ea6551f73: valid; 2.8 s; peak memory 1170 MiB.
2026-09-23T15:45:42Z INFO [117/500] 1134ba22-48ff-456a-a4a2-89d9a934dadf: valid; 2.1 s; peak memory 1170 MiB.
2026-09-23T15:45:43Z INFO [118/500] 113584a5-80f8-494e-93e1-d4a47dee2456: valid; 1.0 s; peak memory 1170 MiB.
2026-09-23T15:45:44Z INFO [119/500] 113684a7-6e89-4094-9104-af9952b1162f: valid; 0.8 s; peak memory 1170 MiB.
2026-09-23T15:45:45Z INFO [120/500] 1136a9a4-2443-4f64-9526-d8d55999403a: valid; 2.0 s; peak memory 1170 MiB.
2026-09-23T15:45:50Z INFO [121/500] 1136bb64-4d82-46b0-af21-ea9d5041cf35: valid; 4.8 s; peak memory 1175 MiB.
2026-09-23T15:45:51Z INFO [122/500] 1137a66f-18d5-47a4-89a1-5f5925abf855: valid; 0.9 s; peak memory 1176 MiB.
2026-09-23T15:45:54Z INFO [123/500] 11389b37-d368-4fca-86ff-31c97a866522: not valid; 2.7 s; peak memory 1180 MiB.
2026-09-23T15:45:55Z INFO [124/500] 1138d4fd-6777-44b4-b69e-5d6c75b28569: valid; 0.9 s; peak memory 1180 MiB.
2026-09-23T15:46:00Z INFO [125/500] 113a3eca-fcd0-4e52-81db-e779766e375e: valid; 5.2 s; peak memory 1209 MiB.
2026-09-23T15:46:01Z INFO [126/500] 113a5f8c-2ad5-4c38-ba4b-16572a84d938: valid; 0.9 s; peak memory 1210 MiB.
2026-09-23T15:46:02Z INFO [127/500] 113ab541-ee75-4df7-97ef-4e8af4c0c1f2: valid; 1.2 s; peak memory 1214 MiB.
2026-09-23T15:46:03Z INFO [128/500] 113ad38a-4df7-411b-808c-f28c66dc6d07: valid; 0.9 s; peak memory 1217 MiB.
2026-09-23T15:46:04Z INFO [129/500] 113b72cb-937b-4422-b6d2-c578451def2a: valid; 0.9 s; peak memory 1219 MiB.
2026-09-23T15:46:05Z INFO [130/500] 113b9dce-7b96-4968-9ddd-4d4585e53ae4: valid; 0.7 s; peak memory 1222 MiB.
2026-09-23T15:46:06Z INFO [131/500] 113be62e-7929-4650-94f7-3ef4aebcce79: valid; 1.3 s; peak memory 1228 MiB.
2026-09-23T15:46:08Z INFO [132/500] 113c8170-0934-487b-befe-713bc3c33ca1: valid; 1.8 s; peak memory 1247 MiB.
2026-09-23T15:46:14Z INFO [133/500] 113c9f79-ea83-48da-a0da-0fe064e20d12: valid; 6.1 s; peak memory 1284 MiB.
2026-09-23T15:46:15Z INFO [134/500] 113cd57e-2b38-4b65-a79d-4c389803f19a: valid; 1.6 s; peak memory 1284 MiB.
2026-09-23T15:46:17Z INFO [135/500] 113d28bf-1978-4453-ad70-470a74422bba: valid; 1.7 s; peak memory 1284 MiB.
2026-09-23T15:46:23Z INFO [136/500] 113e0faa-5bff-46cc-b801-a14ece3088e1: valid; 5.6 s; peak memory 1284 MiB.
2026-09-23T15:46:24Z INFO [137/500] 113e8c36-c70a-49ae-8c1a-2bb13d24a133: valid; 1.7 s; peak memory 1284 MiB.
2026-09-23T15:46:26Z INFO [138/500] 113ee642-6f75-4419-ab63-e51eb92c95ca: valid; 1.3 s; peak memory 1284 MiB.
2026-09-23T15:46:27Z INFO [139/500] 113f58dc-f7ad-4955-aa1d-027936c019f7: not valid; 1.3 s; peak memory 1284 MiB.
2026-09-23T15:46:31Z INFO [140/500] 113f761d-5532-4a69-9bea-152b1fb25899: not valid; 3.9 s; peak memory 1284 MiB.
2026-09-23T15:46:55Z INFO [141/500] 113f8540-969a-42e4-891a-9367677f35e2: not valid; 24.5 s; peak memory 2292 MiB.
2026-09-23T15:46:56Z INFO [142/500] 113fc399-bbd8-4656-8bd0-bff7d59570c7: not valid; 1.2 s; peak memory 2292 MiB.
2026-09-23T15:46:58Z INFO [143/500] 11404c9f-97d9-4dea-b641-1fe28e785eaf: valid; 1.5 s; peak memory 2292 MiB.
2026-09-23T15:46:59Z INFO [144/500] 11405314-abdd-4b76-8a3e-eb6aecc5135e: valid; 1.4 s; peak memory 2292 MiB.
2026-09-23T15:47:00Z INFO [145/500] 114109c4-5576-42be-8d19-491c0e397049: valid; 0.9 s; peak memory 2292 MiB.
2026-09-23T15:47:01Z INFO [146/500] 1141c569-e0af-47a3-a28d-b5674960bee9: not valid; 1.2 s; peak memory 2292 MiB.
2026-09-23T15:47:03Z INFO [147/500] 1141fbfb-f13b-4df2-8503-2e91a27af724: valid; 1.7 s; peak memory 2292 MiB.
2026-09-23T15:47:05Z INFO [148/500] 1142ce5f-47a4-48b8-8387-e91957dae68e: not valid; 2.2 s; peak memory 2292 MiB.
2026-09-23T15:47:07Z INFO [149/500] 1142f6cd-6d60-49b2-a9e9-e230082b89eb: valid; 1.2 s; peak memory 2292 MiB.
2026-09-23T15:47:08Z INFO [150/500] 1142f9e8-b8e0-4457-bb8a-4ea1c65c2142: valid; 1.4 s; peak memory 2292 MiB.
2026-09-23T15:47:09Z INFO [150/500] 1142f9e8-b8e0-4457-bb8a-4ea1c65c2142: checkpointed 76160 records.
2026-09-23T15:47:10Z INFO [151/500] 1142fe0b-a545-4dcb-941b-c5d5dd0235c7: valid; 1.0 s; peak memory 2292 MiB.
2026-09-23T15:47:11Z INFO [152/500] 114335f7-8365-41ab-ad9c-6018ef83bb70: valid; 1.0 s; peak memory 2292 MiB.
2026-09-23T15:47:12Z INFO [153/500] 11435d96-0795-449f-8000-08a99e7ff5e6: not valid; 1.7 s; peak memory 2292 MiB.
2026-09-23T15:47:13Z INFO [154/500] 1143a018-922c-4544-985f-360974f054d6: not valid; 1.0 s; peak memory 2292 MiB.
2026-09-23T15:47:15Z INFO [155/500] 1143b5e0-4ea9-4ed2-80dd-750ab4b55509: valid; 1.7 s; peak memory 2292 MiB.
2026-09-23T15:47:16Z INFO [156/500] 11442762-0e9d-4d0d-8f08-41b76510a47d: valid; 1.0 s; peak memory 2292 MiB.
2026-09-23T15:47:18Z INFO [157/500] 114520a1-c6ee-452c-8fdd-744cfcd5785b: valid; 2.4 s; peak memory 2292 MiB.
2026-09-23T15:47:20Z INFO [158/500] 11456ed0-5b34-49cc-b031-105939592921: valid; 1.1 s; peak memory 2292 MiB.
2026-09-23T15:47:20Z INFO [159/500] 1145d0c1-5d01-4173-a00f-d086bc3a179b: valid; 0.7 s; peak memory 2292 MiB.
2026-09-23T15:47:22Z INFO [160/500] 1145ed5a-9606-4102-b862-15cb0b80a69a: not valid; 1.8 s; peak memory 2292 MiB.
2026-09-23T15:47:24Z INFO [161/500] 11460355-214b-4b8c-b7cc-71fbff1588e1: valid; 1.9 s; peak memory 2292 MiB.
2026-09-23T15:47:25Z INFO [162/500] 1146d6fd-c499-4b37-8f80-70830ff9b659: valid; 1.3 s; peak memory 2292 MiB.
2026-09-23T15:47:33Z INFO [163/500] 1146f2d3-4c14-4a48-8db9-077071735053: valid; 7.6 s; peak memory 2292 MiB.
2026-09-23T15:47:35Z INFO [164/500] 114757d1-e973-4106-b6d2-ece6437dde27: valid; 2.3 s; peak memory 2292 MiB.
2026-09-23T15:47:36Z INFO [165/500] 114779e3-aceb-4810-a368-c8c9693b9be7: valid; 0.8 s; peak memory 2292 MiB.
2026-09-23T15:47:38Z INFO [166/500] 11478520-4825-46fd-ad1d-2e79f077feb9: valid; 2.1 s; peak memory 2292 MiB.
2026-09-23T15:47:39Z INFO [167/500] 1147c9ba-649e-46de-9266-177b9431bb7d: not valid; 1.4 s; peak memory 2292 MiB.
2026-09-23T15:47:42Z INFO [168/500] 114832a9-5f14-4f9c-84ff-27cb0069ddca: valid; 2.8 s; peak memory 2292 MiB.
2026-09-23T15:47:43Z INFO [169/500] 114969e2-1c67-4412-9966-a9cf82815aba: valid; 0.9 s; peak memory 2292 MiB.
2026-09-23T15:47:44Z WARNING 1149c960-9d0c-47e8-996f-daadf45c7fd7: failed while opening the NWB file (ConstructError: (root/acquisition/_iblmic_audioSpectrogram/bands GroupBuilder {'attributes': {'colnames': array(['freq'], dtype=object), 'description': 'spectogram frequencies', 'namespace': 'core', 'neurodata_type': 'FrequencyBandsTable', 'object_id': 'ab38d59f-bf0c-4f1c-b927-a7deb2a9636a'}, 'groups': {}, 'datasets': {'freq': root/acquisition/_iblmic_audioSpectrogram/bands/freq DatasetBuilder {'attributes': {'description': 'frequency value', 'namespace': 'hdmf-common', 'neurodata_type': 'VectorData', 'object_id': '5879ab14-c29d-42e2-9021-8c2581e50407'}, 'data': <HDF5 dataset "freq": shape (257,), type "<f4">}, 'id': root/acquisition/_iblmic_audioSpectrogram/bands/id DatasetBuilder {'attributes': {'namespace': 'hdmf-common', 'neurodata_type': 'ElementIdentifiers', 'object_id': '72a7dd0e-aa63-4836-85da-689e95547362'}, 'data': <HDF5 dataset "id": shape (257,), type "<i4">}}, 'links': {}}, "Could not construct FrequencyBandsTable object due to: column must have the same number of rows as 'id'"))
2026-09-23T15:47:51Z INFO [171/500] 114a30ee-f373-4b2c-a0e3-9b4b1824ec6e: valid; 6.1 s; peak memory 2292 MiB.
2026-09-23T15:47:52Z INFO [172/500] 114ab2ce-eaa4-447c-95b8-e43b7d590d11: valid; 1.2 s; peak memory 2292 MiB.
2026-09-23T15:47:53Z INFO [173/500] 114ad9d2-fe18-434d-85f8-2ac1feab999a: not valid; 1.2 s; peak memory 2292 MiB.
2026-09-23T15:47:54Z INFO [174/500] 114afb88-a128-4b52-aa93-8e1fbe7d9b57: valid; 1.4 s; peak memory 2292 MiB.
2026-09-23T15:47:56Z INFO [175/500] 114b473f-4039-4ca4-b3b0-435b15b7372c: valid; 1.2 s; peak memory 2292 MiB.
2026-09-23T15:47:57Z INFO [176/500] 114ba2fb-e1b0-4bbb-a088-b2a307079407: valid; 1.2 s; peak memory 2292 MiB.
2026-09-23T15:48:01Z INFO [177/500] 114c464e-f942-44f4-8dec-ef3c480815b1: valid; 4.5 s; peak memory 2321 MiB.
2026-09-23T15:48:02Z INFO [178/500] 114c6513-f978-4930-884f-77a2c26f960d: valid; 1.0 s; peak memory 2323 MiB.
2026-09-23T15:48:06Z INFO [179/500] 114c7e99-5858-4608-9469-bcd8348d8933: valid; 3.9 s; peak memory 2335 MiB.
2026-09-23T15:48:09Z INFO [180/500] 114c809b-8d69-45bf-9aab-0762f783ab75: valid; 3.2 s; peak memory 2335 MiB.
2026-09-23T15:48:11Z INFO [181/500] 114de751-01bb-4bef-9b0a-2e0ab6bf2c62: valid; 1.9 s; peak memory 2335 MiB.
2026-09-23T15:48:11Z WARNING 114df91c-5964-4689-a888-62f836ded720: failed while retrieving asset information from the DANDI API (NotFoundError: No asset at path 'sub-parkinson-simulated-beta/sub-parkinson-simulated-beta_ses-4214_ecephys.nwb' in version 0.250327.2220. Verify the path is correct and the asset exists in this version. Use 'dandi ls' to list available assets.)
2026-09-23T15:48:13Z INFO [183/500] 114e41aa-4d3b-4807-b6d4-ffbb7f779f96: valid; 1.9 s; peak memory 2335 MiB.
2026-09-23T15:48:16Z INFO [184/500] 114e41f3-eaf1-48ea-9d97-91b514d4e84c: not valid; 2.8 s; peak memory 2335 MiB.
2026-09-23T15:48:17Z INFO [185/500] 114efa8b-cb84-4b04-926b-83d1714b4fea: not valid; 1.1 s; peak memory 2335 MiB.
2026-09-23T15:48:18Z INFO [186/500] 114f62d4-bb1a-4f54-9e09-91250185d9be: valid; 1.0 s; peak memory 2335 MiB.
2026-09-23T15:48:21Z INFO [187/500] 114f65cc-12ef-4c4b-a1c8-4c5d18191e9d: valid; 2.4 s; peak memory 2335 MiB.
2026-09-23T15:48:22Z INFO [188/500] 11509c07-8d7c-4f1c-89a7-be458dbab909: valid; 1.6 s; peak memory 2336 MiB.
2026-09-23T15:48:22Z WARNING 115113c5-62ca-44c5-bdfb-d883aa002309: failed while retrieving asset information from the DANDI API (NotFoundError: No asset at path 'sub-healthy-simulated-beta/sub-healthy-simulated-beta_ses-1046_ecephys.nwb' in version 0.250327.2220. Verify the path is correct and the asset exists in this version. Use 'dandi ls' to list available assets.)
2026-09-23T15:48:23Z INFO [190/500] 11536767-73da-4041-a0d4-1104d8ed395c: valid; 0.9 s; peak memory 2336 MiB.
2026-09-23T15:48:24Z INFO [191/500] 1153bd82-ac32-45f0-9e2b-056034bb4ed7: valid; 0.9 s; peak memory 2336 MiB.
2026-09-23T15:48:25Z INFO [192/500] 1153e014-fa5e-4dea-bb68-d08538c35923: valid; 0.9 s; peak memory 2336 MiB.
2026-09-23T15:48:26Z INFO [193/500] 11540b90-7b4a-46bf-8fed-3ee910d2e11d: valid; 0.7 s; peak memory 2336 MiB.
2026-09-23T15:48:27Z INFO [194/500] 1154487d-c276-4847-93f6-1dedf5cbe538: not valid; 1.2 s; peak memory 2336 MiB.
2026-09-23T15:48:29Z INFO [195/500] 11550548-3875-4c19-bbb3-f59a441df7d0: not valid; 1.7 s; peak memory 2336 MiB.
2026-09-23T15:48:29Z INFO [196/500] 11554ed8-8110-42f8-a221-91d6c77b36d5: valid; 0.8 s; peak memory 2336 MiB.
2026-09-23T15:48:30Z INFO [197/500] 11561752-c1d5-4577-a599-c4323546f151: valid; 1.0 s; peak memory 2336 MiB.
2026-09-23T15:48:33Z INFO [198/500] 115629f2-88c8-40c5-8d0a-ae7753022aee: valid; 2.2 s; peak memory 2336 MiB.
2026-09-23T15:48:34Z INFO [199/500] 115729c9-1608-4365-bc60-1b763c5cecc8: valid; 1.6 s; peak memory 2337 MiB.
2026-09-23T15:48:35Z INFO [200/500] 1157395f-7df7-4599-96e9-5c9515f46039: valid; 0.9 s; peak memory 2337 MiB.
2026-09-23T15:48:36Z INFO [200/500] 1157395f-7df7-4599-96e9-5c9515f46039: checkpointed 76210 records.
2026-09-23T15:48:38Z INFO [201/500] 1157a182-1fef-4069-8ea6-36948293342a: valid; 1.8 s; peak memory 2338 MiB.
2026-09-23T15:48:39Z INFO [202/500] 1157cbf6-5cc9-4518-8112-28a6d9c830ee: valid; 1.3 s; peak memory 2338 MiB.
2026-09-23T15:48:41Z INFO [203/500] 1157f7f8-c5de-4698-a26f-aaf29d410e78: valid; 1.8 s; peak memory 2338 MiB.
2026-09-23T15:48:42Z INFO [204/500] 115850ce-679c-46c6-8b50-0e5711d6e4d6: not valid; 1.0 s; peak memory 2338 MiB.
2026-09-23T15:50:29Z INFO [205/500] 1158bb7b-769a-4f15-85be-6cb204a9a663: valid; 107.3 s; peak memory 2949 MiB.
2026-09-23T15:50:30Z INFO [206/500] 11596081-0863-49ad-87c4-4436233caf78: valid; 1.2 s; peak memory 2949 MiB.
2026-09-23T15:50:41Z INFO [207/500] 115a6769-135c-41f8-82b3-44312a41285b: valid; 11.0 s; peak memory 3034 MiB.
2026-09-23T15:50:42Z INFO [208/500] 115ace7c-9b4e-40e9-ae84-8962ee4f321d: not valid; 1.2 s; peak memory 3034 MiB.
2026-09-23T15:50:43Z INFO [209/500] 115b1568-9f8f-471b-8eea-5c4c58957f66: valid; 0.9 s; peak memory 3034 MiB.
2026-09-23T15:50:44Z INFO [210/500] 115b488c-c296-4a37-89e7-70ac972ce00d: valid; 1.2 s; peak memory 3034 MiB.
2026-09-23T15:50:52Z INFO [211/500] 115bb519-5535-4d32-aaff-d83c3f43195a: valid; 7.3 s; peak memory 3080 MiB.
2026-09-23T15:50:58Z INFO [212/500] 115bcfd3-c891-4c04-89d3-c81492de6d31: valid; 6.3 s; peak memory 3114 MiB.
2026-09-23T15:50:59Z INFO [213/500] 115c05a6-b8e1-4c04-964f-d7ee0a09a473: valid; 1.0 s; peak memory 3116 MiB.
2026-09-23T15:51:00Z INFO [214/500] 115dc2ae-557e-45a4-a3da-06e0bb4cbd11: valid; 0.9 s; peak memory 3119 MiB.
2026-09-23T15:51:06Z INFO [215/500] 115e1944-1eab-4185-b74f-61cf13280511: valid; 5.7 s; peak memory 3163 MiB.
2026-09-23T15:51:20Z INFO [216/500] 115e3191-0593-41d9-aaf2-aba9a5112af9: valid; 14.1 s; peak memory 3377 MiB.
2026-09-23T15:51:21Z WARNING 115ec356-5b94-4449-9330-875ebe73bdf8: failed while opening the NWB file (ConstructError: (root/acquisition/_iblmic_audioSpectrogram/bands GroupBuilder {'attributes': {'colnames': array(['freq'], dtype=object), 'description': 'spectogram frequencies', 'namespace': 'core', 'neurodata_type': 'FrequencyBandsTable', 'object_id': '6febd995-734d-4fd4-81e5-0a6524c41944'}, 'groups': {}, 'datasets': {'freq': root/acquisition/_iblmic_audioSpectrogram/bands/freq DatasetBuilder {'attributes': {'description': 'frequency value', 'namespace': 'hdmf-common', 'neurodata_type': 'VectorData', 'object_id': 'eca3d3f0-7ecf-47d2-8c9c-e4e991c316c3'}, 'data': <HDF5 dataset "freq": shape (257,), type "<f4">}, 'id': root/acquisition/_iblmic_audioSpectrogram/bands/id DatasetBuilder {'attributes': {'namespace': 'hdmf-common', 'neurodata_type': 'ElementIdentifiers', 'object_id': '04100fe3-79c6-41eb-9e3b-4e230a5e11d7'}, 'data': <HDF5 dataset "id": shape (257,), type "<i4">}}, 'links': {}}, "Could not construct FrequencyBandsTable object due to: column must have the same number of rows as 'id'"))
2026-09-23T15:51:22Z INFO [218/500] 1160d91e-1081-4359-abbc-471c625ff3b4: valid; 1.4 s; peak memory 3377 MiB.
2026-09-23T15:51:25Z INFO [219/500] 1160f0ae-2d4c-45eb-90dc-e294fc026465: valid; 3.0 s; peak memory 3377 MiB.
2026-09-23T15:51:27Z WARNING 1160f5e8-4e9e-4b75-8f26-12d0bab294c9: failed while opening the NWB file (ConstructError: (root/acquisition/_iblmic_audioSpectrogram/bands GroupBuilder {'attributes': {'colnames': array(['freq'], dtype=object), 'description': 'spectogram frequencies', 'namespace': 'core', 'neurodata_type': 'FrequencyBandsTable', 'object_id': 'd1d63434-3ea1-42f2-9f6d-2c2b214b5350'}, 'groups': {}, 'datasets': {'freq': root/acquisition/_iblmic_audioSpectrogram/bands/freq DatasetBuilder {'attributes': {'description': 'frequency value', 'namespace': 'hdmf-common', 'neurodata_type': 'VectorData', 'object_id': '6daa84a6-0196-49a7-9062-2f1124b51cd7'}, 'data': <HDF5 dataset "freq": shape (257,), type "<f4">}, 'id': root/acquisition/_iblmic_audioSpectrogram/bands/id DatasetBuilder {'attributes': {'namespace': 'hdmf-common', 'neurodata_type': 'ElementIdentifiers', 'object_id': 'a1be7232-b4f1-41c0-8a21-e270aebf9802'}, 'data': <HDF5 dataset "id": shape (257,), type "<i4">}}, 'links': {}}, "Could not construct FrequencyBandsTable object due to: column must have the same number of rows as 'id'"))
2026-09-23T15:51:34Z INFO [221/500] 11617c2f-5bf3-404a-a4c9-203ac507b43c: not valid; 7.2 s; peak memory 3423 MiB.
2026-09-23T15:51:34Z WARNING 1161da21-c594-4393-86ed-89b0cd3b921a: failed while retrieving asset information from the DANDI API (NotFoundError: No asset at path 'sub-7008-20190718-ikariDiscD4/sub-7008-20190718-ikariDiscD4_ses-7008-2019-07-18-16-31-46-ikariDiscD4_ecephys+image.nwb' in version draft. Verify the path is correct and the asset exists in this version. Use 'dandi ls' to list available assets.)
2026-09-23T15:51:37Z INFO [223/500] 116200c1-7c0c-4a5e-9818-b03680c5f757: valid; 2.2 s; peak memory 3423 MiB.
2026-09-23T15:51:42Z INFO [224/500] 11627e66-1657-46f5-8760-2283ca17ddec: valid; 5.3 s; peak memory 3423 MiB.
2026-09-23T15:51:43Z INFO [225/500] 1162b4bd-8fde-4cd9-9921-3119b6654b2f: valid; 0.8 s; peak memory 3423 MiB.
2026-09-23T15:51:44Z INFO [226/500] 1162b9c7-57dd-4b4f-9a12-e72be07bb0b4: valid; 1.0 s; peak memory 3423 MiB.
2026-09-23T15:51:45Z WARNING 1162e677-8757-418c-b08e-5dd56bc3f046: failed while opening the NWB file (ConstructError: (root/acquisition/event_code_meanings GroupBuilder {'attributes': {'colnames': array(['value', 'meaning'], dtype=object), 'description': 'Mapping integer event codes to event labels', 'namespace': 'ndx-events', 'neurodata_type': 'MeaningsTable', 'object_id': '3133d6f9-928e-4a96-a842-31bb549c6f98'}, 'groups': {}, 'datasets': {'id': root/acquisition/event_code_meanings/id DatasetBuilder {'attributes': {'namespace': 'hdmf-common', 'neurodata_type': 'ElementIdentifiers', 'object_id': 'b372c9d7-78c9-46af-82d1-6a21b1efa451'}, 'data': <HDF5 dataset "id": shape (26,), type "<i8">}, 'meaning': root/acquisition/event_code_meanings/meaning DatasetBuilder {'attributes': {'description': 'The meaning of the value in the parent CategoricalVectorData object.', 'namespace': 'hdmf-experimental', 'neurodata_type': 'VectorData', 'object_id': '340fe8e7-f102-43ac-91c2-bc66f0735966'}, 'data': <StrDataset for HDF5 dataset "meaning": shape (26,), type "|O">}, 'value': root/acquisition/event_code_meanings/value DatasetBuilder {'attributes': {'description': 'The value of the parent CategoricalVectorData object.', 'namespace': 'hdmf-experimental', 'neurodata_type': 'VectorData', 'object_id': 'c6b79778-c5a1-43a7-a8f0-4fe5c51e5765'}, 'data': <HDF5 dataset "value": shape (26,), type "<i8">}}, 'links': {}}, "Could not construct MeaningsTable object due to: MeaningsTable.__init__: missing argument 'target'"))
2026-09-23T15:51:47Z INFO [228/500] 116318c7-7603-4f9f-a033-0fd0de2b7dd0: valid; 2.3 s; peak memory 3423 MiB.
2026-09-23T15:51:48Z INFO [229/500] 11633790-4a12-444e-9b48-2a7ec8967b57: valid; 0.8 s; peak memory 3423 MiB.
2026-09-23T15:51:49Z INFO [230/500] 1164308b-9274-4642-9126-2a29cc298840: valid; 0.9 s; peak memory 3423 MiB.
2026-09-23T15:51:56Z INFO [231/500] 11644031-fe25-4bbd-867b-50a29f33e339: valid; 6.7 s; peak memory 3424 MiB.
2026-09-23T15:51:57Z INFO [232/500] 1164cde0-d0b8-4783-b0ed-9975f0fd9726: valid; 1.5 s; peak memory 3424 MiB.
2026-09-23T15:51:58Z INFO [233/500] 11652ff4-b460-4b23-a210-4e76fea7ad71: valid; 1.0 s; peak memory 3424 MiB.
2026-09-23T15:51:59Z INFO [234/500] 116536dc-13b3-4982-9823-83b54aa3948d: valid; 0.9 s; peak memory 3424 MiB.
2026-09-23T15:52:14Z INFO [235/500] 11655e33-9773-4755-b728-6622a80e7683: valid; 14.6 s; peak memory 3425 MiB.
2026-09-23T15:52:23Z INFO [236/500] 1165c201-662e-4dae-981f-afa49f6abe93: valid; 9.2 s; peak memory 3425 MiB.
2026-09-23T15:52:24Z INFO [237/500] 116603d1-d92f-46a1-bd61-94fa54283c37: valid; 0.9 s; peak memory 3425 MiB.
2026-09-23T15:52:25Z INFO [238/500] 11666a56-8626-484a-8322-40ed710e5cda: valid; 1.3 s; peak memory 3425 MiB.
2026-09-23T15:52:26Z INFO [239/500] 1167b175-f43a-4f6e-9186-4df766f115d6: valid; 1.4 s; peak memory 3425 MiB.
2026-09-23T15:52:27Z INFO [240/500] 1167f993-6192-4854-8470-0a2f2d47a228: valid; 0.9 s; peak memory 3425 MiB.
2026-09-23T15:52:30Z INFO [241/500] 11681a14-4a95-4e10-96fe-11b441298112: not valid; 3.1 s; peak memory 3425 MiB.
2026-09-23T15:52:32Z INFO [242/500] 1168b8ac-1d53-4b78-8260-0e8ee6278587: not valid; 1.1 s; peak memory 3425 MiB.
2026-09-23T15:52:53Z INFO [243/500] 116949e9-68f3-4cdd-b096-1ebdfb60ed8a: valid; 21.3 s; peak memory 3469 MiB.
2026-09-23T15:52:54Z INFO [244/500] 11696b4a-770b-4dd0-b936-0781a08d9902: valid; 1.3 s; peak memory 3479 MiB.
2026-09-23T15:52:55Z INFO [245/500] 1169e791-66bd-41ee-82fe-2f86225684aa: valid; 0.9 s; peak memory 3482 MiB.
2026-09-23T15:52:56Z INFO [246/500] 116b1007-1a37-4993-9267-c2c87355b376: not valid; 1.4 s; peak memory 3489 MiB.
2026-09-23T15:52:59Z INFO [247/500] 116b5b61-a12e-4c86-9613-a1cd2243aa82: valid; 2.1 s; peak memory 3497 MiB.
2026-09-23T15:52:59Z INFO [248/500] 116b689d-8007-4d92-a192-32dee153b7f0: valid; 0.8 s; peak memory 3497 MiB.
2026-09-23T15:53:01Z INFO [249/500] 116c3f8c-ff9f-476c-afbd-c74274062050: valid; 1.7 s; peak memory 3497 MiB.
2026-09-23T15:53:04Z INFO [250/500] 116c43cf-499f-49a0-90c1-8f71d85e2ba4: valid; 2.9 s; peak memory 3497 MiB.
2026-09-23T15:53:04Z INFO [250/500] 116c43cf-499f-49a0-90c1-8f71d85e2ba4: checkpointed 76260 records.
2026-09-23T15:53:05Z WARNING 116cc4b3-22bc-4019-8a2a-35efb05ec272: failed while retrieving asset information from the DANDI API (NotFoundError: No asset at path 'sub-441666/sub-441666_ses-20190513T144253_behavior+ecephys+ogen.nwb' in version 0.231012.2129. Verify the path is correct and the asset exists in this version. Use 'dandi ls' to list available assets.)
2026-09-23T15:53:07Z INFO [252/500] 116cd393-7e41-48ff-9c38-3009c17fc6c6: valid; 1.9 s; peak memory 3497 MiB.
2026-09-23T15:53:08Z INFO [253/500] 116cf83d-e467-43f2-987d-98020d795792: valid; 1.2 s; peak memory 3497 MiB.
2026-09-23T15:53:09Z INFO [254/500] 116d4d6a-a328-4a98-96a3-02475412be3b: valid; 1.4 s; peak memory 3497 MiB.
2026-09-23T15:53:13Z INFO [255/500] 116e1c71-f935-4638-88e8-489976233228: not valid; 4.3 s; peak memory 3497 MiB.
2026-09-23T15:53:16Z INFO [256/500] 116e736d-2a45-464b-bc69-239511e12428: valid; 2.6 s; peak memory 3497 MiB.
2026-09-23T15:53:17Z INFO [257/500] 116f548d-3e1b-4033-86a4-a17ba42910c2: valid; 0.8 s; peak memory 3497 MiB.
2026-09-23T15:53:18Z INFO [258/500] 116fa3e3-a15a-45a0-b4d3-80f7181b1877: valid; 1.4 s; peak memory 3497 MiB.
2026-09-23T15:53:19Z INFO [259/500] 116fc459-0e0c-41d6-be68-d50d79dd74d8: valid; 0.6 s; peak memory 3497 MiB.
2026-09-23T15:53:20Z INFO [260/500] 116fc720-915e-4c2b-8226-33e1f2457f69: valid; 1.0 s; peak memory 3497 MiB.
2026-09-23T15:53:21Z INFO [261/500] 11709443-0a5c-47a0-ab90-d00788ca69ec: valid; 1.3 s; peak memory 3503 MiB.
2026-09-23T15:53:22Z INFO [262/500] 1170f2a5-5a06-4227-984c-b0b2bc5cbb29: valid; 0.7 s; peak memory 3503 MiB.
2026-09-23T15:53:23Z INFO [263/500] 11710d7d-c299-4223-85b9-eb0533169b4a: not valid; 1.5 s; peak memory 3503 MiB.
2026-09-23T15:53:29Z INFO [264/500] 1171b52c-a4fc-477c-bb09-3f2de4da9827: valid; 5.3 s; peak memory 3503 MiB.
2026-09-23T15:53:30Z INFO [265/500] 11736a14-abc5-4ddf-bae3-d52906836457: valid; 1.6 s; peak memory 3503 MiB.
2026-09-23T15:53:31Z INFO [266/500] 11736d95-28d8-4a7b-bff0-ab0394305811: valid; 0.8 s; peak memory 3503 MiB.
2026-09-23T15:53:32Z INFO [267/500] 117373db-88b4-4e6d-85ca-9b2396c1e63a: valid; 0.9 s; peak memory 3503 MiB.
2026-09-23T15:53:38Z INFO [268/500] 1173798e-43a0-4f10-b832-e7b8469493ea: valid; 6.5 s; peak memory 3503 MiB.
2026-09-23T15:53:40Z WARNING 11737b2c-6348-455c-97bf-ab5785fb1665: failed while opening the NWB file (ConstructError: (root/acquisition/_iblmic_audioSpectrogram/bands GroupBuilder {'attributes': {'colnames': array(['freq'], dtype=object), 'description': 'spectogram frequencies', 'namespace': 'core', 'neurodata_type': 'FrequencyBandsTable', 'object_id': '3babe0b4-c5b8-47d3-aa7d-773f78e2394d'}, 'groups': {}, 'datasets': {'freq': root/acquisition/_iblmic_audioSpectrogram/bands/freq DatasetBuilder {'attributes': {'description': 'frequency value', 'namespace': 'hdmf-common', 'neurodata_type': 'VectorData', 'object_id': '251f3b98-dcc1-49c1-9d5f-df52934f9720'}, 'data': <HDF5 dataset "freq": shape (257,), type "<f4">}, 'id': root/acquisition/_iblmic_audioSpectrogram/bands/id DatasetBuilder {'attributes': {'namespace': 'hdmf-common', 'neurodata_type': 'ElementIdentifiers', 'object_id': '52500a17-6511-4347-a562-871817d47eeb'}, 'data': <HDF5 dataset "id": shape (257,), type "<i4">}}, 'links': {}}, "Could not construct FrequencyBandsTable object due to: column must have the same number of rows as 'id'"))
2026-09-23T15:53:41Z INFO [270/500] 11745690-30ba-459c-bb41-1abec2d3a800: valid; 0.9 s; peak memory 3503 MiB.
2026-09-23T15:53:42Z INFO [271/500] 11749a26-a344-4603-9c16-bbc8b1671633: not valid; 1.1 s; peak memory 3504 MiB.
2026-09-23T15:53:44Z INFO [272/500] 1174d7f7-ed85-47aa-a2ce-4a67440e0b9d: valid; 1.9 s; peak memory 3505 MiB.
2026-09-23T15:53:45Z WARNING 1174f62b-e801-43b9-b371-c64e40a63131: failed while opening the NWB file (ConstructError: (root/acquisition/_iblmic_audioSpectrogram/bands GroupBuilder {'attributes': {'colnames': array(['freq'], dtype=object), 'description': 'spectogram frequencies', 'namespace': 'core', 'neurodata_type': 'FrequencyBandsTable', 'object_id': '66af83c7-89f2-4fd9-9b02-94790eb0f626'}, 'groups': {}, 'datasets': {'freq': root/acquisition/_iblmic_audioSpectrogram/bands/freq DatasetBuilder {'attributes': {'description': 'frequency value', 'namespace': 'hdmf-common', 'neurodata_type': 'VectorData', 'object_id': '8380899a-9c6b-44b5-9680-eb8a05602012'}, 'data': <HDF5 dataset "freq": shape (257,), type "<f4">}, 'id': root/acquisition/_iblmic_audioSpectrogram/bands/id DatasetBuilder {'attributes': {'namespace': 'hdmf-common', 'neurodata_type': 'ElementIdentifiers', 'object_id': '522b9a3e-6ed4-4415-b548-9c5d1e529d5f'}, 'data': <HDF5 dataset "id": shape (257,), type "<i4">}}, 'links': {}}, "Could not construct FrequencyBandsTable object due to: column must have the same number of rows as 'id'"))
2026-09-23T15:53:47Z INFO [274/500] 1174fb0c-cd02-4bf1-be60-92fda6504a67: valid; 2.2 s; peak memory 3508 MiB.
2026-09-23T15:53:48Z INFO [275/500] 117563a4-f582-4752-904e-77dc4b2a625b: valid; 0.9 s; peak memory 3509 MiB.
2026-09-23T15:53:49Z INFO [276/500] 11756e3e-7284-4a13-8908-9fb52f9fe55a: valid; 1.1 s; peak memory 3510 MiB.
2026-09-23T15:53:52Z INFO [277/500] 11759f94-569c-4736-81d1-50c2db36a13f: not valid; 2.9 s; peak memory 3513 MiB.
2026-09-23T15:53:55Z INFO [278/500] 1175d266-3b09-4819-a664-d6bbfb238c14: not valid; 2.6 s; peak memory 3517 MiB.
2026-09-23T15:53:56Z INFO [279/500] 11760bfe-017e-4f70-b6ae-9932d83900dd: valid; 0.8 s; peak memory 3518 MiB.
2026-09-23T15:53:57Z INFO [280/500] 11767948-318a-44da-bf6a-11006b27e870: valid; 1.7 s; peak memory 3520 MiB.
2026-09-23T15:53:58Z INFO [281/500] 1176ef68-bd17-462c-bea5-43942de26c81: valid; 0.7 s; peak memory 3520 MiB.
2026-09-23T15:53:59Z INFO [282/500] 11770777-432c-4686-9d1c-da2b72f5f304: not valid; 0.9 s; peak memory 3520 MiB.
2026-09-23T15:54:01Z INFO [283/500] 11770b96-485e-4d56-aced-f4bd9e830d36: not valid; 1.8 s; peak memory 3521 MiB.
2026-09-23T15:54:02Z INFO [284/500] 1177650e-cd7c-4119-b9fd-610439b69dac: valid; 0.9 s; peak memory 3522 MiB.
2026-09-23T15:54:19Z INFO [285/500] 1177a123-0055-471d-a84a-a77dd3742ab6: valid; 17.0 s; peak memory 3546 MiB.
2026-09-23T15:54:26Z INFO [286/500] 1177ae93-fdbf-4147-98ec-5f90c2ba3320: valid; 7.5 s; peak memory 3571 MiB.
2026-09-23T15:54:28Z INFO [287/500] 11785b42-9e65-4127-8d7e-eca3f69b5a09: valid; 1.8 s; peak memory 3572 MiB.
2026-09-23T15:54:29Z INFO [288/500] 117863dd-9deb-4bd2-ba02-6dd37ae68917: valid; 1.4 s; peak memory 3574 MiB.
2026-09-23T15:54:32Z INFO [289/500] 1178bd63-6cf9-4665-b76d-92a354fc493c: valid; 3.1 s; peak memory 3624 MiB.
2026-09-23T15:54:33Z INFO [290/500] 1178fea4-7fc1-4ef6-811b-1a1f627e46ff: valid; 1.0 s; peak memory 3624 MiB.
2026-09-23T15:54:34Z INFO [291/500] 117916a6-6e81-4fd3-b76f-2ff99ce6da8b: not valid; 1.0 s; peak memory 3624 MiB.
2026-09-23T15:54:36Z INFO [292/500] 117937f5-d57e-4f0e-b619-3bb2d0b97ce8: valid; 1.4 s; peak memory 3624 MiB.
2026-09-23T15:54:37Z INFO [293/500] 11797bdf-c6d6-4387-a02e-8ed2346f61bf: valid; 0.8 s; peak memory 3624 MiB.
2026-09-23T15:54:38Z INFO [294/500] 11797e59-f050-48fd-8f09-76d974495000: not valid; 1.2 s; peak memory 3624 MiB.
2026-09-23T15:54:39Z INFO [295/500] 1179bcf1-3153-4931-8eed-839a57bc6afb: valid; 1.0 s; peak memory 3625 MiB.
2026-09-23T15:54:40Z INFO [296/500] 117a3cb1-8645-4334-93d2-e7580c3e886b: not valid; 0.8 s; peak memory 3625 MiB.
2026-09-23T15:54:41Z INFO [297/500] 117a764a-37cf-4d40-8a21-43cabae1d66e: valid; 0.9 s; peak memory 3625 MiB.
2026-09-23T15:54:42Z INFO [298/500] 117ad312-643c-46f3-9e34-bfcd627dfd60: not valid; 1.5 s; peak memory 3625 MiB.
2026-09-23T15:54:45Z INFO [299/500] 117c4cb9-c30b-4063-94b2-f1d8522e02f3: not valid; 2.7 s; peak memory 3625 MiB.
2026-09-23T15:54:46Z INFO [300/500] 117d178f-b3d3-4ea1-b41f-ab4a289c96d5: valid; 0.8 s; peak memory 3625 MiB.
2026-09-23T15:54:46Z INFO [300/500] 117d178f-b3d3-4ea1-b41f-ab4a289c96d5: checkpointed 76310 records.
2026-09-23T15:54:48Z INFO [301/500] 117d868e-2f52-42de-ac37-060bcb3fdf37: not valid; 1.8 s; peak memory 3625 MiB.
2026-09-23T15:54:49Z INFO [302/500] 117d997e-fae5-4f3e-9cdb-9d4b5468571f: valid; 1.5 s; peak memory 3625 MiB.
2026-09-23T15:55:01Z INFO [303/500] 117dbbb0-fb94-40ba-b80d-14ab43b6b4c5: not valid; 11.7 s; peak memory 3760 MiB.
2026-09-23T15:55:03Z INFO [304/500] 117ebb7a-e806-4884-8604-67a9280df774: valid; 1.5 s; peak memory 3760 MiB.
2026-09-23T15:55:04Z INFO [305/500] 117ed143-ed0a-4d7a-986b-ca71a4f94574: valid; 1.7 s; peak memory 3760 MiB.
2026-09-23T15:55:06Z INFO [306/500] 117f610b-e66a-48bd-8244-417674542ee3: valid; 1.3 s; peak memory 3760 MiB.
2026-09-23T15:55:09Z INFO [307/500] 11808620-996b-40bb-b37b-f62fa8839740: valid; 3.4 s; peak memory 3760 MiB.
2026-09-23T15:55:11Z INFO [308/500] 118100c2-770f-4eb8-a6bc-7cc4f3cbb4e2: valid; 1.6 s; peak memory 3760 MiB.
2026-09-23T15:55:15Z INFO [309/500] 1181144a-2faf-4ff1-a133-76f011280276: valid; 4.1 s; peak memory 3760 MiB.
2026-09-23T15:55:16Z INFO [310/500] 1181a0f3-221f-45ef-b592-6de82a01bd5e: valid; 1.4 s; peak memory 3760 MiB.
2026-09-23T15:55:18Z INFO [311/500] 1181b8e8-9f6c-4779-b8fe-1db3dde67160: valid; 2.2 s; peak memory 3760 MiB.
2026-09-23T15:55:20Z INFO [312/500] 1182040a-0fa0-423f-9862-b5c992cbef49: valid; 1.4 s; peak memory 3760 MiB.
2026-09-23T15:55:21Z INFO [313/500] 11824456-23a3-4c57-b6eb-9fc9e7e1a16d: not valid; 1.0 s; peak memory 3760 MiB.
2026-09-23T15:55:22Z INFO [314/500] 11827a3d-a9e8-41dd-ba43-fc31ed9a1292: valid; 1.5 s; peak memory 3761 MiB.
2026-09-23T15:55:31Z INFO [315/500] 1182f3ac-c9c7-4dff-8ea0-b21aee6cf1ae: valid; 8.5 s; peak memory 3778 MiB.
2026-09-23T15:55:32Z INFO [316/500] 11845074-9f94-4405-8aa3-129bc49f56ea: valid; 1.2 s; peak memory 3779 MiB.
2026-09-23T15:55:33Z INFO [317/500] 1184aed2-ff0c-4a12-95a0-f82ac52cc020: not valid; 1.3 s; peak memory 3780 MiB.
2026-09-23T15:55:39Z INFO [318/500] 11860e33-abd2-476b-86d0-4600aa9e095d: valid; 5.4 s; peak memory 3785 MiB.
2026-09-23T15:55:39Z INFO [319/500] 11863281-688c-4e26-b8d6-d392f2ee466a: valid; 0.8 s; peak memory 3786 MiB.
2026-09-23T15:55:40Z INFO [320/500] 11865de2-c651-4a37-bd86-d7ef77f110ef: valid; 0.9 s; peak memory 3786 MiB.
2026-09-23T15:55:42Z INFO [321/500] 1186b8ef-36d4-4943-acfe-80fd00b5c522: valid; 1.9 s; peak memory 3788 MiB.
2026-09-23T15:55:44Z INFO [322/500] 1186e3ac-1287-45d4-be59-2c89601cdd84: valid; 1.4 s; peak memory 3789 MiB.
2026-09-23T15:55:45Z INFO [323/500] 118720f7-d7d5-4b1d-bfaf-75e2d38f9a26: valid; 0.9 s; peak memory 3789 MiB.
2026-09-23T15:55:45Z INFO [324/500] 118728c0-c103-4220-a90d-ea65e928c69e: valid; 0.9 s; peak memory 3789 MiB.
2026-09-23T15:55:47Z INFO [325/500] 11878d89-ee6a-4503-bff1-4c81b552116f: valid; 2.0 s; peak memory 3790 MiB.
2026-09-23T15:55:48Z INFO [326/500] 1187f22d-579b-4668-aeae-f9aa1d4d7417: valid; 0.7 s; peak memory 3790 MiB.
2026-09-23T15:55:53Z INFO [327/500] 1187f3f5-0f66-4a9a-84d0-889dd65ce640: valid; 4.9 s; peak memory 3793 MiB.
2026-09-23T15:55:53Z WARNING 11882134-512e-4434-b265-0a8e466d3c17: failed while retrieving asset information from the DANDI API (NotFoundError: No asset at path 'sub-parkinson-simulated-lfp/sub-parkinson-simulated-lfp_ses-5065_ecephys.nwb' in version 0.250327.2220. Verify the path is correct and the asset exists in this version. Use 'dandi ls' to list available assets.)
2026-09-23T15:55:59Z INFO [329/500] 11885f42-109e-4a9e-8264-25d6f9ae462b: valid; 5.6 s; peak memory 3796 MiB.
2026-09-23T15:56:01Z INFO [330/500] 11888b31-07be-4694-9a74-0da5b059c1e8: valid; 2.2 s; peak memory 3801 MiB.
2026-09-23T15:56:02Z INFO [331/500] 1188a04d-fa87-49b7-9dc9-d315ba548995: not valid; 1.3 s; peak memory 3805 MiB.
2026-09-23T15:56:04Z INFO [332/500] 1188b656-31d0-45d4-bd0b-11708f2906c3: valid; 1.4 s; peak memory 3811 MiB.
2026-09-23T15:56:05Z INFO [333/500] 1188f612-33e5-453d-804b-e6eb4aee47de: valid; 1.6 s; peak memory 3822 MiB.
2026-09-23T15:56:06Z INFO [334/500] 118a0068-6a00-4f85-9e97-802046fa359e: not valid; 1.2 s; peak memory 3822 MiB.
2026-09-23T15:56:08Z INFO [335/500] 118a173f-68ae-42a5-a670-68882dc72c96: valid; 1.6 s; peak memory 3826 MiB.
2026-09-23T15:56:08Z WARNING 118a3bac-45e9-4d1c-8162-7d11947a3904: failed while retrieving asset information from the DANDI API (NotFoundError: No asset at path 'sub-698259/sub-698259_ses-1314229564_probe-5_ecephys.nwb' in version 0.250311.2145. Verify the path is correct and the asset exists in this version. Use 'dandi ls' to list available assets.)
2026-09-23T15:56:16Z INFO [337/500] 118a539d-9da4-4806-a14c-9f153e60e8d6: valid; 7.4 s; peak memory 3893 MiB.
2026-09-23T15:56:17Z INFO [338/500] 118ac84f-f7c1-4f21-ac27-93e80340a77c: not valid; 0.9 s; peak memory 3895 MiB.
2026-09-23T15:56:19Z INFO [339/500] 118aca9c-4945-4907-bd9d-c912d41d4d1f: valid; 2.5 s; peak memory 3898 MiB.
2026-09-23T15:56:21Z INFO [340/500] 118af7dd-ad77-4e77-a7f4-9111bebfbe39: not valid; 1.9 s; peak memory 3898 MiB.
2026-09-23T15:56:22Z WARNING 118b1eaa-0e73-44d3-851a-2f024614badb: failed while opening the NWB file (ConstructError: (root/acquisition/_iblmic_audioSpectrogram/bands GroupBuilder {'attributes': {'colnames': array(['freq'], dtype=object), 'description': 'spectogram frequencies', 'namespace': 'core', 'neurodata_type': 'FrequencyBandsTable', 'object_id': 'fd1327d3-f269-467e-a0f5-06910104250a'}, 'groups': {}, 'datasets': {'freq': root/acquisition/_iblmic_audioSpectrogram/bands/freq DatasetBuilder {'attributes': {'description': 'frequency value', 'namespace': 'hdmf-common', 'neurodata_type': 'VectorData', 'object_id': '12b2effc-95a8-4d08-b127-b3e3190abd3c'}, 'data': <HDF5 dataset "freq": shape (257,), type "<f4">}, 'id': root/acquisition/_iblmic_audioSpectrogram/bands/id DatasetBuilder {'attributes': {'namespace': 'hdmf-common', 'neurodata_type': 'ElementIdentifiers', 'object_id': 'bd6512f2-7f04-4fb6-8956-11b82947c2b7'}, 'data': <HDF5 dataset "id": shape (257,), type "<i4">}}, 'links': {}}, "Could not construct FrequencyBandsTable object due to: column must have the same number of rows as 'id'"))
2026-09-23T15:56:23Z INFO [342/500] 118b5e4b-f67e-4e0a-a001-6c219947580e: valid; 0.7 s; peak memory 3898 MiB.
2026-09-23T15:56:33Z INFO [343/500] 118b8115-131f-4e5c-84e7-1f099b891147: not valid; 10.1 s; peak memory 4049 MiB.
2026-09-23T15:56:35Z INFO [344/500] 118b821e-28f9-4b6f-b349-f21c37cbc903: not valid; 1.6 s; peak memory 4049 MiB.
2026-09-23T15:56:36Z INFO [345/500] 118e6f12-9157-47b2-8cc5-78eab2d9f39d: valid; 1.1 s; peak memory 4049 MiB.
2026-09-23T15:56:37Z INFO [346/500] 118eba48-c260-450b-be0a-1a9a1e0275be: valid; 0.9 s; peak memory 4049 MiB.
2026-09-23T15:56:38Z INFO [347/500] 118ffef4-c23b-41af-a8ed-b65d5a6402d4: valid; 1.3 s; peak memory 4049 MiB.
2026-09-23T15:56:39Z WARNING 1190917e-7a45-4248-a9ba-9ed64033c0b5: failed while opening the NWB file (ConstructError: (root/acquisition/_iblmic_audioSpectrogram/bands GroupBuilder {'attributes': {'colnames': array(['freq'], dtype=object), 'description': 'spectogram frequencies', 'namespace': 'core', 'neurodata_type': 'FrequencyBandsTable', 'object_id': '2ac11197-f2b7-4213-a014-a7f11e8fdc7b'}, 'groups': {}, 'datasets': {'freq': root/acquisition/_iblmic_audioSpectrogram/bands/freq DatasetBuilder {'attributes': {'description': 'frequency value', 'namespace': 'hdmf-common', 'neurodata_type': 'VectorData', 'object_id': 'a7c8dab3-537b-4df0-984c-c197b41b2d9f'}, 'data': <HDF5 dataset "freq": shape (257,), type "<f4">}, 'id': root/acquisition/_iblmic_audioSpectrogram/bands/id DatasetBuilder {'attributes': {'namespace': 'hdmf-common', 'neurodata_type': 'ElementIdentifiers', 'object_id': 'd4b19673-fdbb-4c6d-a23f-1b3e3bf69dea'}, 'data': <HDF5 dataset "id": shape (257,), type "<i4">}}, 'links': {}}, "Could not construct FrequencyBandsTable object due to: column must have the same number of rows as 'id'"))
2026-09-23T15:56:41Z INFO [349/500] 1191366a-14e9-44e9-a67d-d6c8214de1e0: valid; 1.6 s; peak memory 4049 MiB.
2026-09-23T15:56:42Z INFO [350/500] 11914ae7-d0d2-4044-8fb0-62d0066988b9: valid; 1.2 s; peak memory 4049 MiB.
2026-09-23T15:56:42Z INFO [350/500] 11914ae7-d0d2-4044-8fb0-62d0066988b9: checkpointed 76360 records.
2026-09-23T15:56:48Z INFO [351/500] 1191f876-0a8d-4477-9e47-1a336c61dc54: not valid; 6.1 s; peak memory 4051 MiB.
2026-09-23T15:56:50Z INFO [352/500] 11925ce7-e7ef-4460-8d6b-4211e16c1ea3: not valid; 1.0 s; peak memory 4052 MiB.
2026-09-23T15:56:53Z INFO [353/500] 11934c9d-8dfb-4d07-b718-6017086516d1: valid; 3.1 s; peak memory 4056 MiB.
2026-09-23T15:56:55Z INFO [354/500] 11935251-321e-4fdc-a8c0-8ac05227d0c6: valid; 2.2 s; peak memory 4056 MiB.
2026-09-23T15:56:56Z INFO [355/500] 1193707a-50ce-4b29-8ec7-afc0e0916cba: valid; 1.4 s; peak memory 4056 MiB.
2026-09-23T15:56:57Z INFO [356/500] 11938e18-a255-442d-8f1c-da144ac50453: not valid; 0.9 s; peak memory 4056 MiB.
2026-09-23T15:57:00Z INFO [357/500] 1193e4a5-453e-4391-bb60-6e45fa6882d8: valid; 3.0 s; peak memory 4056 MiB.
2026-09-23T15:57:00Z WARNING 11945f08-3e66-49c1-9a83-ce9b83d7b47b: failed while retrieving asset information from the DANDI API (NotFoundError: No asset at path 'sub-healthy-simulated-lfp/sub-healthy-simulated-lfp_ses-1392_ecephys.nwb' in version 0.250327.2220. Verify the path is correct and the asset exists in this version. Use 'dandi ls' to list available assets.)
2026-09-23T15:57:10Z INFO [359/500] 1194ee63-091f-42bb-be11-094a2eca6428: valid; 10.2 s; peak memory 4073 MiB.
2026-09-23T15:57:12Z INFO [360/500] 11953f8f-f4f4-44cc-9192-9c5dd35d8ab9: valid; 1.5 s; peak memory 4075 MiB.
2026-09-23T15:57:13Z INFO [361/500] 119554bc-f7ea-4dc8-9f3d-5e5d36f96c12: valid; 1.0 s; peak memory 4077 MiB.
2026-09-23T15:57:14Z INFO [362/500] 11958edd-c4a6-475a-8879-0c6df60105ff: valid; 1.3 s; peak memory 4086 MiB.
2026-09-23T15:57:16Z INFO [363/500] 1196df5b-7f2b-465c-a122-241b7ef1e616: valid; 1.4 s; peak memory 4092 MiB.
2026-09-23T15:57:17Z INFO [364/500] 1196ffb8-f9b9-4271-b410-7ce55af434e6: valid; 1.7 s; peak memory 4132 MiB.
2026-09-23T15:57:19Z WARNING 119710eb-1aa0-4a44-9f47-499b73239a45: failed while opening the NWB file (ConstructError: (root/acquisition/_iblmic_audioSpectrogram/bands GroupBuilder {'attributes': {'colnames': array(['freq'], dtype=object), 'description': 'spectogram frequencies', 'namespace': 'core', 'neurodata_type': 'FrequencyBandsTable', 'object_id': '7b9b8f9a-6ae7-442f-8438-c1603912ee2e'}, 'groups': {}, 'datasets': {'freq': root/acquisition/_iblmic_audioSpectrogram/bands/freq DatasetBuilder {'attributes': {'description': 'frequency value', 'namespace': 'hdmf-common', 'neurodata_type': 'VectorData', 'object_id': 'b1b8180b-e7b3-4748-8501-f77d073321b6'}, 'data': <HDF5 dataset "freq": shape (257,), type "<f4">}, 'id': root/acquisition/_iblmic_audioSpectrogram/bands/id DatasetBuilder {'attributes': {'namespace': 'hdmf-common', 'neurodata_type': 'ElementIdentifiers', 'object_id': '649118b3-7487-40bd-b548-1a71c521a0e9'}, 'data': <HDF5 dataset "id": shape (257,), type "<i4">}}, 'links': {}}, "Could not construct FrequencyBandsTable object due to: column must have the same number of rows as 'id'"))
2026-09-23T15:57:21Z INFO [366/500] 119741db-13e9-49b2-b8f1-1d292d25465d: not valid; 2.1 s; peak memory 4132 MiB.
2026-09-23T15:57:22Z INFO [367/500] 119803e6-0856-49c2-af16-65e7504d0a2f: valid; 0.8 s; peak memory 4132 MiB.
2026-09-23T15:57:23Z INFO [368/500] 11980b42-d958-48e0-aead-d9f329a6b17c: valid; 1.5 s; peak memory 4132 MiB.
2026-09-23T15:57:24Z INFO [369/500] 11985528-a9e1-451f-a61b-56e9f5b94d2a: valid; 0.8 s; peak memory 4132 MiB.
2026-09-23T15:57:26Z INFO [370/500] 11985e26-32c8-4c05-90b2-a0c97c7c82db: valid; 1.6 s; peak memory 4132 MiB.
2026-09-23T15:57:27Z INFO [371/500] 1198831e-ef18-465a-8ce2-1e4031395107: valid; 1.8 s; peak memory 4132 MiB.
2026-09-23T15:57:29Z INFO [372/500] 119a02c0-e46a-452a-a4ce-6447f35f5182: valid; 1.5 s; peak memory 4132 MiB.
2026-09-23T15:57:30Z INFO [373/500] 119a0f26-c392-4f44-a75b-5e48c300e322: valid; 1.3 s; peak memory 4132 MiB.
2026-09-23T15:57:31Z INFO [374/500] 119a4913-b675-4589-b0a6-4f56fd1421ef: valid; 0.8 s; peak memory 4132 MiB.
2026-09-23T15:57:39Z INFO [375/500] 119a962e-9511-43f4-bbcf-91b6f1a26ec7: valid; 8.2 s; peak memory 4132 MiB.
2026-09-23T15:57:47Z INFO [376/500] 119b344e-2635-45ea-8315-00e120e2946c: valid; 8.1 s; peak memory 4142 MiB.
2026-09-23T15:57:49Z INFO [377/500] 119b505a-11ab-48a0-94e0-ac377ebfeb27: valid; 1.5 s; peak memory 4145 MiB.
2026-09-23T15:57:50Z INFO [378/500] 119c8178-bc20-4060-88ee-98d487e3f0ab: not valid; 1.2 s; peak memory 4156 MiB.
2026-09-23T15:57:51Z INFO [379/500] 119c9eb5-dfb5-48a1-9bd5-4a28ce413d2c: valid; 0.8 s; peak memory 4158 MiB.
2026-09-23T15:58:00Z INFO [380/500] 119d87d7-56dc-4178-9bdb-4db9aa7df894: valid; 9.5 s; peak memory 4246 MiB.
2026-09-23T15:58:02Z INFO [381/500] 119d9aef-dfda-47c5-86e0-16f382aa7ac3: valid; 1.5 s; peak memory 4246 MiB.
2026-09-23T15:58:03Z INFO [382/500] 119e8c56-e301-49fc-a4c7-63d7af6f2b8e: valid; 0.9 s; peak memory 4246 MiB.
2026-09-23T15:58:05Z INFO [383/500] 119fc669-0a7b-48f6-b7e9-97adffbed663: valid; 2.1 s; peak memory 4246 MiB.
2026-09-23T15:58:06Z INFO [384/500] 119fccac-0653-429e-b375-413c4727cf44: valid; 1.3 s; peak memory 4246 MiB.
2026-09-23T15:58:07Z INFO [385/500] 119fdad5-6736-4155-8f94-9111a8b291e3: valid; 1.2 s; peak memory 4246 MiB.
2026-09-23T15:58:08Z INFO [386/500] 11a034bd-96d5-4616-96c8-3d9728ceda73: valid; 1.0 s; peak memory 4246 MiB.
2026-09-23T15:58:09Z INFO [387/500] 11a17f6e-bb86-40dc-a079-4e4c19410295: not valid; 1.0 s; peak memory 4246 MiB.
2026-09-23T15:58:11Z INFO [388/500] 11a22716-4aab-4835-8900-243ae6fd9930: valid; 2.0 s; peak memory 4246 MiB.
2026-09-23T15:58:13Z INFO [389/500] 11a26bbe-2831-45b9-9841-499fd637f5ed: valid; 1.4 s; peak memory 4246 MiB.
2026-09-23T15:58:14Z INFO [390/500] 11a27c17-7c7e-4990-a638-b881d5d29c1e: valid; 1.6 s; peak memory 4246 MiB.
2026-09-23T15:58:17Z INFO [391/500] 11a2c51e-aca5-4a37-b3df-4e0985b0f944: not valid; 2.7 s; peak memory 4246 MiB.
2026-09-23T15:58:18Z INFO [392/500] 11a314dc-c634-4630-8d1c-07e56faba4de: valid; 0.9 s; peak memory 4247 MiB.
2026-09-23T15:58:21Z INFO [393/500] 11a35a44-f6cf-4c5a-a58d-330492a5a077: valid; 3.3 s; peak memory 4252 MiB.
2026-09-23T15:58:36Z INFO [394/500] 11a3cc94-3295-4d2a-a5f9-de9adcd4a5be: valid; 14.5 s; peak memory 4257 MiB.
2026-09-23T15:58:38Z INFO [395/500] 11a3cd0d-e50e-4373-8071-36e14a3fbc17: valid; 2.5 s; peak memory 4259 MiB.
2026-09-23T15:58:40Z INFO [396/500] 11a427d2-58cb-4d76-a21c-618bb2632ecc: valid; 2.0 s; peak memory 4261 MiB.
2026-09-23T15:58:41Z INFO [397/500] 11a44560-fc37-4989-9482-e893202ad6cc: valid; 1.1 s; peak memory 4263 MiB.
2026-09-23T15:58:44Z INFO [398/500] 11a45dcf-3301-4eb5-bac7-377e3a6ba2be: valid; 2.5 s; peak memory 4265 MiB.
2026-09-23T15:58:46Z INFO [399/500] 11a4e34b-9cd5-46d2-8e70-1aa89ba78f37: not valid; 2.0 s; peak memory 4266 MiB.
2026-09-23T15:58:47Z INFO [400/500] 11a509bd-bcb7-4369-8a1e-69235683fea9: not valid; 1.4 s; peak memory 4268 MiB.
2026-09-23T15:58:48Z INFO [400/500] 11a509bd-bcb7-4369-8a1e-69235683fea9: checkpointed 76410 records.
2026-09-23T15:58:49Z INFO [401/500] 11a50db4-413e-4ac5-a415-40c857c2b113: not valid; 1.0 s; peak memory 4270 MiB.
2026-09-23T15:58:50Z INFO [402/500] 11a528f3-bf05-4d20-9422-f64503a6d5a2: valid; 1.4 s; peak memory 4270 MiB.
2026-09-23T15:58:51Z INFO [403/500] 11a57823-10d4-4c79-95cf-e60b452fd523: valid; 1.0 s; peak memory 4270 MiB.
2026-09-23T15:58:53Z INFO [404/500] 11a58774-affc-4727-af09-1b215503c618: valid; 1.4 s; peak memory 4271 MiB.
2026-09-23T15:58:54Z INFO [405/500] 11a61039-300b-4a23-85fd-63d98d523ead: not valid; 1.3 s; peak memory 4273 MiB.
2026-09-23T15:58:55Z INFO [406/500] 11a62d40-fefa-4c20-ac7f-62f3b1fc5f4c: valid; 1.3 s; peak memory 4277 MiB.
2026-09-23T15:58:59Z INFO [407/500] 11a632d4-438f-4185-a547-3924a8ae0027: valid; 3.2 s; peak memory 4282 MiB.
2026-09-23T15:59:10Z INFO [408/500] 11a64b97-14ca-41a2-b990-fe61a2e579eb: valid; 11.5 s; peak memory 4377 MiB.
2026-09-23T15:59:10Z WARNING 11a6b2a9-9599-4dad-a1bb-df995a6b53a8: failed while retrieving asset information from the DANDI API (NotFoundError: No asset at path 'sub-healthy-simulated-beta/sub-healthy-simulated-beta_ses-7129_ecephys.nwb' in version 0.250327.2220. Verify the path is correct and the asset exists in this version. Use 'dandi ls' to list available assets.)
2026-09-23T15:59:11Z INFO [410/500] 11a6d3a7-1816-4a50-8b79-e3ed3e2b25a5: valid; 0.9 s; peak memory 4379 MiB.
2026-09-23T15:59:12Z INFO [411/500] 11a7161c-dca1-4981-8408-3dbae4cd4771: valid; 1.1 s; peak memory 4383 MiB.
2026-09-23T15:59:15Z INFO [412/500] 11a7d218-9c03-4034-ba36-f155e30cf69c: valid; 2.5 s; peak memory 4386 MiB.
2026-09-23T15:59:16Z WARNING 11a7e29a-41e2-4289-b9ed-bcfea5386873: failed while opening the NWB file (ConstructError: (root/acquisition/_iblmic_audioSpectrogram/bands GroupBuilder {'attributes': {'colnames': array(['freq'], dtype=object), 'description': 'spectogram frequencies', 'namespace': 'core', 'neurodata_type': 'FrequencyBandsTable', 'object_id': '77238758-222c-44be-ab50-5a270c1ab595'}, 'groups': {}, 'datasets': {'freq': root/acquisition/_iblmic_audioSpectrogram/bands/freq DatasetBuilder {'attributes': {'description': 'frequency value', 'namespace': 'hdmf-common', 'neurodata_type': 'VectorData', 'object_id': '6bdfd00b-ea48-40e8-92b1-adc44cd046aa'}, 'data': <HDF5 dataset "freq": shape (257,), type "<f4">}, 'id': root/acquisition/_iblmic_audioSpectrogram/bands/id DatasetBuilder {'attributes': {'namespace': 'hdmf-common', 'neurodata_type': 'ElementIdentifiers', 'object_id': '3d112142-8dcb-4825-b5e3-ded8c6e03294'}, 'data': <HDF5 dataset "id": shape (257,), type "<i4">}}, 'links': {}}, "Could not construct FrequencyBandsTable object due to: column must have the same number of rows as 'id'"))
2026-09-23T15:59:17Z INFO [414/500] 11a83e2d-3909-47f7-a1f6-334aa292b538: valid; 0.9 s; peak memory 4386 MiB.
2026-09-23T15:59:18Z INFO [415/500] 11a8e348-7a9e-43f7-94ba-2be99e0c88ce: valid; 1.2 s; peak memory 4386 MiB.
2026-09-23T15:59:19Z INFO [416/500] 11a90903-6c52-49ff-be73-dbc151e52d64: valid; 1.5 s; peak memory 4386 MiB.
2026-09-23T15:59:21Z INFO [417/500] 11a93414-f0e0-451e-bb12-cc597bb44535: not valid; 1.2 s; peak memory 4386 MiB.
2026-09-23T15:59:22Z INFO [418/500] 11a9364e-4d67-4594-a082-bfea5cc48004: valid; 1.0 s; peak memory 4386 MiB.
2026-09-23T15:59:23Z INFO [419/500] 11a9f9a2-291b-4c28-975f-0f85b0236e31: valid; 1.5 s; peak memory 4386 MiB.
2026-09-23T15:59:30Z INFO [420/500] 11aa2a3f-cc0b-487e-949b-fe25577ac10f: valid; 6.5 s; peak memory 4562 MiB.
2026-09-23T15:59:31Z INFO [421/500] 11aa6f76-b4e8-4dcb-bcb8-a204afbc365c: valid; 1.4 s; peak memory 4562 MiB.
2026-09-23T15:59:32Z INFO [422/500] 11aa8400-0dd6-4867-8127-977f66148289: not valid; 1.2 s; peak memory 4562 MiB.
2026-09-23T15:59:34Z INFO [423/500] 11aabcc9-cffc-4ddf-8c6c-46d6ee8ce05f: valid; 2.2 s; peak memory 4562 MiB.
2026-09-23T15:59:35Z INFO [424/500] 11aadde2-6046-4776-83eb-c02e72685995: valid; 0.8 s; peak memory 4562 MiB.
2026-09-23T15:59:36Z INFO [425/500] 11abdf9d-1d3e-4db2-a404-7b9c13281dc5: valid; 0.9 s; peak memory 4562 MiB.
2026-09-23T15:59:37Z INFO [426/500] 11addb5e-773b-4b6f-9628-1de6b89a98ed: not valid; 0.9 s; peak memory 4562 MiB.
2026-09-23T15:59:53Z INFO [427/500] 11ae20b4-60e1-4cf0-b6eb-57103a3bfaff: valid; 16.6 s; peak memory 4681 MiB.
2026-09-23T15:59:54Z INFO [428/500] 11ae86a3-01b9-4c8b-87be-ae0fa79d1bb5: valid; 0.9 s; peak memory 4682 MiB.
2026-09-23T15:59:56Z INFO [429/500] 11af1ce7-ded6-4f25-8bcc-66e3e4498999: valid; 1.7 s; peak memory 4691 MiB.
2026-09-23T15:59:57Z INFO [430/500] 11af22a7-e045-4596-b770-99e5a441a833: valid; 1.0 s; peak memory 4691 MiB.
2026-09-23T16:00:05Z INFO [431/500] 11afe493-2d4a-4f13-8de6-2564184214b0: valid; 7.6 s; peak memory 4705 MiB.
2026-09-23T16:00:06Z INFO [432/500] 11b03a61-ffce-4405-a205-00fd733c3513: not valid; 1.1 s; peak memory 4706 MiB.
2026-09-23T16:00:11Z INFO [433/500] 11b05f79-e04b-4f16-b3d9-820cc649d92c: valid; 5.7 s; peak memory 4707 MiB.
2026-09-23T16:00:12Z INFO [434/500] 11b05fac-f744-4fbc-b559-1f7caa980e2a: valid; 0.9 s; peak memory 4707 MiB.
2026-09-23T16:00:20Z INFO [435/500] 11b09c0e-3617-4328-8494-b0ab06d1ae4c: valid; 8.1 s; peak memory 4717 MiB.
2026-09-23T16:00:24Z INFO [436/500] 11b0aa1c-c380-4ed8-96a6-615e1e59ef64: valid; 3.3 s; peak memory 4717 MiB.
2026-09-23T16:00:24Z INFO [437/500] 11b0f31f-05f9-4683-8fe6-d4d26f03be55: valid; 0.7 s; peak memory 4717 MiB.
2026-09-23T16:00:25Z INFO [438/500] 11b1b701-b699-4e2c-ae0b-2714aa25537f: valid; 1.0 s; peak memory 4717 MiB.
2026-09-23T16:00:26Z INFO [439/500] 11b21750-e159-493b-bb4e-88959d913254: valid; 0.8 s; peak memory 4717 MiB.
2026-09-23T16:00:29Z INFO [440/500] 11b21e19-9ec1-43c4-bb08-0e505ccdcfea: valid; 3.1 s; peak memory 4717 MiB.
2026-09-23T16:00:31Z INFO [441/500] 11b3cc82-cc4f-4ff1-80f5-ad96b2957e22: not valid; 1.1 s; peak memory 4717 MiB.
2026-09-23T16:00:33Z INFO [442/500] 11b3dad4-523a-477d-93b6-5d2e89e81110: not valid; 2.3 s; peak memory 4717 MiB.
2026-09-23T16:00:35Z INFO [443/500] 11b406e7-b128-48bb-9b57-2def69e860ce: valid; 2.1 s; peak memory 4717 MiB.
2026-09-23T16:00:36Z INFO [444/500] 11b46fb5-cecf-4a3b-8ce8-3b77cfac149d: not valid; 1.2 s; peak memory 4717 MiB.
2026-09-23T16:00:45Z INFO [445/500] 11b4a378-d481-4310-a7ca-2422c4298e0f: valid; 9.2 s; peak memory 4760 MiB.
2026-09-23T16:00:46Z INFO [446/500] 11b4b5d2-63fd-42f6-b62b-589895017851: not valid; 1.2 s; peak memory 4762 MiB.
2026-09-23T16:00:48Z INFO [447/500] 11b4d5cf-3425-4430-9123-ba76213704ae: valid; 1.8 s; peak memory 4764 MiB.
2026-09-23T16:00:50Z INFO [448/500] 11b521b2-e247-4091-af0a-eeae28150642: valid; 1.9 s; peak memory 4765 MiB.
2026-09-23T16:00:52Z INFO [449/500] 11b67e36-3c34-4992-bcd9-433323896002: valid; 1.7 s; peak memory 4765 MiB.
2026-09-23T16:00:53Z INFO [450/500] 11b694ec-4456-4da9-809d-4596692b7614: valid; 1.2 s; peak memory 4766 MiB.
2026-09-23T16:00:54Z INFO [450/500] 11b694ec-4456-4da9-809d-4596692b7614: checkpointed 76460 records.
2026-09-23T16:00:55Z INFO [451/500] 11b737e0-323d-4223-8d62-e6b354284095: not valid; 1.2 s; peak memory 4767 MiB.
2026-09-23T16:00:56Z INFO [452/500] 11b83325-7205-4c8d-a019-deb5cbfa8399: valid; 1.4 s; peak memory 4767 MiB.
2026-09-23T16:00:58Z INFO [453/500] 11b8fbf8-c258-4f88-b26e-4f7f6d8cf19d: valid; 1.9 s; peak memory 4767 MiB.
2026-09-23T16:00:59Z INFO [454/500] 11b94ed8-2869-4118-a8ba-d99da03d1693: not valid; 1.0 s; peak memory 4767 MiB.
2026-09-23T16:01:01Z INFO [455/500] 11ba6e72-d200-4135-afea-1e8fa127164d: valid; 2.1 s; peak memory 4767 MiB.
2026-09-23T16:01:02Z INFO [456/500] 11bac1fc-ce9a-48ae-b109-72aa2ef467e7: not valid; 1.3 s; peak memory 4767 MiB.
2026-09-23T16:01:04Z INFO [457/500] 11bb1007-c800-4764-a4ae-fbb41e720765: not valid; 1.2 s; peak memory 4767 MiB.
2026-09-23T16:01:05Z INFO [458/500] 11bc4210-ff4b-4c8c-9d0d-c1f9a5e1c282: valid; 1.8 s; peak memory 4767 MiB.
2026-09-23T16:01:10Z INFO [459/500] 11bc4a22-c5c9-4a83-92a0-4ec28a5b999a: valid; 4.1 s; peak memory 4767 MiB.
2026-09-23T16:01:11Z INFO [460/500] 11bc879b-63c4-42d8-b45b-d680c391b024: valid; 1.1 s; peak memory 4767 MiB.
2026-09-23T16:01:11Z INFO [461/500] 11bc89f4-bafa-4edd-8295-993953fe269f: valid; 0.8 s; peak memory 4767 MiB.
2026-09-23T16:01:13Z INFO [462/500] 11bc8efa-b722-4cee-b674-d1210c391a94: valid; 1.7 s; peak memory 4767 MiB.
2026-09-23T16:01:15Z INFO [463/500] 11bcb4d3-0353-4a02-80b9-c95fa02f1001: not valid; 1.5 s; peak memory 4767 MiB.
2026-09-23T16:01:15Z INFO [464/500] 11be8eba-a934-4f2b-9fa6-79a9381e21a5: valid; 0.9 s; peak memory 4767 MiB.
2026-09-23T16:01:16Z INFO [465/500] 11beb20c-5cb0-4c60-8933-e53b20fbee36: valid; 0.9 s; peak memory 4767 MiB.
2026-09-23T16:01:17Z INFO [466/500] 11bee9b0-6d54-4056-a7ec-e1125e0683f4: not valid; 1.1 s; peak memory 4767 MiB.
2026-09-23T16:01:19Z INFO [467/500] 11c04b04-e4fd-4eb6-8c13-1ad0e729fc19: valid; 1.5 s; peak memory 4767 MiB.
2026-09-23T16:01:20Z INFO [468/500] 11c10dde-2602-4faf-9127-9c86989bd59b: not valid; 1.2 s; peak memory 4767 MiB.
2026-09-23T16:01:21Z INFO [469/500] 11c14e61-0108-4249-9d0b-c9adcdbea644: valid; 1.2 s; peak memory 4770 MiB.
2026-09-23T16:01:26Z INFO [470/500] 11c19809-cfc2-4839-9ccc-6608f8252ee2: not valid; 4.7 s; peak memory 4776 MiB.
2026-09-23T16:01:31Z INFO [471/500] 11c22213-b140-4a15-9c47-1030aa53585a: not valid; 4.6 s; peak memory 4806 MiB.
2026-09-23T16:01:31Z WARNING 11c2aef6-35f2-4b23-ba13-22ff6a221160: failed while retrieving asset information from the DANDI API (NotFoundError: No such Dandiset: 001533)
2026-09-23T16:01:32Z INFO [473/500] 11c2b0ca-67fc-4262-9c78-626a2f94a9cf: valid; 0.9 s; peak memory 4806 MiB.
2026-09-23T16:01:32Z INFO [474/500] 11c38cd0-18cb-4664-8e49-bb759e0696a4: valid; 0.8 s; peak memory 4807 MiB.
2026-09-23T16:01:33Z INFO [475/500] 11c3ef0c-d847-4834-8691-c8401d863ee8: valid; 0.8 s; peak memory 4808 MiB.
2026-09-23T16:01:33Z WARNING 11c43925-3cbb-48f4-8d52-10a7dff1f856: failed while retrieving asset information from the DANDI API (NotFoundError: No asset at path 'sub-healthy-simulated-lfp/sub-healthy-simulated-lfp_ses-7276_ecephys.nwb' in version 0.250327.2220. Verify the path is correct and the asset exists in this version. Use 'dandi ls' to list available assets.)
2026-09-23T16:01:34Z INFO [477/500] 11c59e36-bc24-40a8-a206-7bedf2543c87: not valid; 1.0 s; peak memory 4809 MiB.
2026-09-23T16:01:41Z INFO [478/500] 11c7f808-60c3-47b4-bc58-cb4d54ed0f44: valid; 6.6 s; peak memory 4842 MiB.
2026-09-23T16:01:43Z INFO [479/500] 11c8323a-9446-471e-b6e4-a81c49b19328: not valid; 2.2 s; peak memory 4846 MiB.
2026-09-23T16:01:45Z INFO [480/500] 11c8bffc-d1a4-4ed4-8dfa-dce26d30e31e: valid; 1.5 s; peak memory 4846 MiB.
2026-09-23T16:01:47Z INFO [481/500] 11c9cc60-5fc9-48aa-9c26-c95697d1888f: valid; 2.0 s; peak memory 4846 MiB.
2026-09-23T16:01:48Z INFO [482/500] 11ca2a69-43f7-457e-859a-e32f397930ef: not valid; 0.9 s; peak memory 4846 MiB.
2026-09-23T16:01:48Z INFO [483/500] 11ca5384-6049-49e8-93ae-9497d7ffa811: valid; 0.9 s; peak memory 4846 MiB.
2026-09-23T16:01:56Z INFO [484/500] 11ca7433-804c-4112-9c2e-7b1abc6bc824: valid; 7.7 s; peak memory 4846 MiB.
2026-09-23T16:01:57Z INFO [485/500] 11caa139-bd90-424c-a058-216444fc3f66: valid; 0.8 s; peak memory 4846 MiB.
2026-09-23T16:01:59Z INFO [486/500] 11caab4e-d877-4f57-bd99-49ee6fa2e0dc: valid; 2.1 s; peak memory 4846 MiB.
2026-09-23T16:02:00Z INFO [487/500] 11caecd0-83e4-4a09-8ae2-6253d2f086d7: not valid; 1.3 s; peak memory 4846 MiB.
2026-09-23T16:02:01Z INFO [488/500] 11cc8802-f817-4560-af08-acc0f492ae8e: valid; 1.1 s; peak memory 4846 MiB.
2026-09-23T16:02:03Z INFO [489/500] 11cc9db7-2582-4945-a8ab-f9bd42ceb26b: valid; 1.1 s; peak memory 4846 MiB.
2026-09-23T16:02:05Z INFO [490/500] 11ccf009-19a2-43e8-9f85-81f81e47be3f: valid; 2.5 s; peak memory 4846 MiB.
2026-09-23T16:02:17Z INFO [491/500] 11ce63ea-9f3c-433d-bb1f-bccf3dc01e7f: valid; 12.4 s; peak memory 5042 MiB.
2026-09-23T16:02:18Z INFO [492/500] 11ce64bc-e749-44a6-94a7-8624b74794fa: valid; 0.9 s; peak memory 5044 MiB.
2026-09-23T16:02:21Z INFO [493/500] 11cea577-bb53-4abd-ac05-7ae18d1aca20: valid; 2.2 s; peak memory 5053 MiB.
2026-09-23T16:02:22Z INFO [494/500] 11cff7e1-646f-4ef4-b3aa-71d8acf5aaf5: valid; 1.8 s; peak memory 5057 MiB.
2026-09-23T16:02:24Z INFO [495/500] 11cffcf1-99ae-4bcd-8257-ee9593403935: not valid; 1.4 s; peak memory 5064 MiB.
2026-09-23T16:02:26Z INFO [496/500] 11d023b1-d3e2-4253-b6fb-f85d4f5e1f9b: valid; 1.8 s; peak memory 5067 MiB.
2026-09-23T16:02:27Z INFO [497/500] 11d08e53-ce02-4815-a469-14cf46074411: valid; 1.1 s; peak memory 5070 MiB.
2026-09-23T16:02:28Z INFO [498/500] 11d1b5d0-3d05-400b-b0fb-9be724a0f0d6: valid; 1.6 s; peak memory 5079 MiB.
2026-09-23T16:02:31Z INFO [499/500] 11d1fcc0-832f-4c43-af93-ca3f1a94e64f: not valid; 2.8 s; peak memory 5170 MiB.
2026-09-23T16:02:32Z INFO [500/500] 11d28eb0-bed1-43cf-9153-a21fe7cdb71d: not valid; 0.7 s; peak memory 5170 MiB.
2026-09-23T16:02:32Z INFO [500/500] 11d28eb0-bed1-43cf-9153-a21fe7cdb71d: checkpointed 76510 records.
2026-09-23T16:02:33Z INFO Wrote 76510 records to /tmp/derivatives/content_id_to_valid_nwb_file.jsonl (474 new, 26 failed) in 21.7 min (peak memory 5170 MiB).
