2026-09-26T15:14:06Z INFO Logging to /tmp/logs/update_2026-09-26T15-14-06Z.log.
2026-09-26T15:14:06Z INFO Update content-id-to-valid-nwb-file (base directory /tmp).
2026-09-26T15:14:08Z INFO Processing 500 items (80510 already recorded).
2026-09-26T15:14:13Z INFO [1/500] 17e23efc-7a25-4ca8-93e4-e0bdb22ae5bd: valid; 4.2 s; peak memory 370 MiB.
2026-09-26T15:14:14Z INFO [2/500] 17e2a106-ac22-4dcb-938b-4d034889f143: not valid; 1.9 s; peak memory 372 MiB.
2026-09-26T15:14:22Z INFO [3/500] 17e32568-6e1e-4367-a749-dd91d5aea64b: valid; 7.7 s; peak memory 398 MiB.
2026-09-26T15:14:22Z WARNING 17e33dd0-2f65-469a-b7e8-615511ce779e: failed while retrieving asset information from the DANDI API (NotFoundError: No such Dandiset: 001533)
2026-09-26T15:14:24Z INFO [5/500] 17e3b116-2eea-474d-a46e-7c6d386551e4: valid; 1.3 s; peak memory 401 MiB.
2026-09-26T15:14:25Z INFO [6/500] 17e3d3d8-8310-495e-a2ed-0dfd43347969: valid; 1.2 s; peak memory 403 MiB.
2026-09-26T15:14:26Z INFO [7/500] 17e41d93-d32c-47c1-a074-3f0cd38cd9c0: valid; 1.3 s; peak memory 403 MiB.
2026-09-26T15:14:28Z INFO [8/500] 17e4cd0c-f266-43c5-a366-fac76c9fd407: valid; 1.8 s; peak memory 406 MiB.
2026-09-26T15:14:30Z INFO [9/500] 17e54b5e-59ef-491e-bf24-95f4d30606b3: valid; 2.0 s; peak memory 411 MiB.
2026-09-26T15:14:44Z INFO [10/500] 17e55d2f-0dba-4949-b09d-407c559ac95b: valid; 14.6 s; peak memory 481 MiB.
2026-09-26T15:14:46Z INFO [11/500] 17e5a46e-44b3-4631-8bd5-ab81ede2648b: valid; 1.7 s; peak memory 484 MiB.
2026-09-26T15:14:48Z INFO [12/500] 17e5b452-624a-4354-9d9a-2e94423d77fe: not valid; 2.0 s; peak memory 492 MiB.
2026-09-26T15:14:51Z INFO [13/500] 17e6481c-814d-454d-8eff-6aa80e5c35b8: valid; 2.7 s; peak memory 509 MiB.
2026-09-26T15:14:53Z INFO [14/500] 17e74139-bf59-41ef-8e0a-d4cb18b696c6: not valid; 1.8 s; peak memory 518 MiB.
2026-09-26T15:14:56Z INFO [15/500] 17e76508-9056-4264-92ad-42b3d7d18818: valid; 3.3 s; peak memory 526 MiB.
2026-09-26T15:15:04Z INFO [16/500] 17e84773-8af2-481e-b364-4d45a8dc2b16: valid; 8.5 s; peak memory 572 MiB.
2026-09-26T15:15:06Z INFO [17/500] 17e9612c-7e4d-4798-8a73-2408aff29329: valid; 1.4 s; peak memory 574 MiB.
2026-09-26T15:15:07Z INFO [18/500] 17e9b4cc-05a6-4fa5-8b32-33f5764b1958: valid; 1.4 s; peak memory 576 MiB.
2026-09-26T15:15:10Z INFO [19/500] 17ea0980-62f1-4322-a743-94b2e6babd6c: valid; 3.0 s; peak memory 579 MiB.
2026-09-26T15:15:12Z INFO [20/500] 17ea1b97-28d3-4f20-957c-3ad1f2b64f89: valid; 1.3 s; peak memory 579 MiB.
2026-09-26T15:15:14Z INFO [21/500] 17ea460e-80cc-42e5-b54d-eca30bc58ee7: valid; 2.6 s; peak memory 579 MiB.
2026-09-26T15:15:16Z INFO [22/500] 17ea59a5-f8fe-4338-a552-a19c9d7a9613: not valid; 1.9 s; peak memory 579 MiB.
2026-09-26T15:15:19Z INFO [23/500] 17eaa56b-0773-4bc2-9a41-e534d9a88541: valid; 2.6 s; peak memory 579 MiB.
2026-09-26T15:15:21Z INFO [24/500] 17eab803-cfb2-47e3-8809-42b95911c17e: valid; 2.2 s; peak memory 579 MiB.
2026-09-26T15:15:23Z INFO [25/500] 17eadca4-56fe-4b9c-bb96-7cc1ce6375bd: valid; 2.5 s; peak memory 579 MiB.
2026-09-26T15:15:25Z INFO [26/500] 17eb0b52-ba81-4400-b941-d0628960bf2b: valid; 1.8 s; peak memory 579 MiB.
2026-09-26T15:15:29Z INFO [27/500] 17eba312-ff57-4cd2-9d6f-cfbea813c609: not valid; 4.1 s; peak memory 579 MiB.
2026-09-26T15:15:31Z INFO [28/500] 17ebb0b5-de01-43d3-94d4-511fa70d1d52: not valid; 1.5 s; peak memory 579 MiB.
2026-09-26T15:15:33Z INFO [29/500] 17ebb57e-48e9-401c-9aa6-7aefe4986d2c: valid; 2.1 s; peak memory 579 MiB.
2026-09-26T15:15:36Z INFO [30/500] 17ec19d2-a575-49b5-81bb-ba43cbcc7223: valid; 2.7 s; peak memory 579 MiB.
2026-09-26T15:15:40Z INFO [31/500] 17ec775f-7f37-4b0f-a561-bf9dc5a8c60a: valid; 4.0 s; peak memory 579 MiB.
2026-09-26T15:15:41Z INFO [32/500] 17ed5895-6cb1-43da-a9e5-942d231fed18: valid; 1.3 s; peak memory 579 MiB.
2026-09-26T15:15:43Z INFO [33/500] 17edb325-1efe-422a-988f-4a513cf5048d: not valid; 1.7 s; peak memory 579 MiB.
2026-09-26T15:15:44Z INFO [34/500] 17edf018-04f3-4ed4-8bb3-b794bcef3f4e: valid; 1.2 s; peak memory 579 MiB.
2026-09-26T15:15:48Z INFO [35/500] 17ee2327-1390-4ef5-b053-346ccbe837e9: valid; 4.0 s; peak memory 579 MiB.
2026-09-26T15:15:50Z INFO [36/500] 17ee7624-fa9d-4bbe-aa67-30d450507021: not valid; 2.4 s; peak memory 579 MiB.
2026-09-26T15:15:53Z INFO [37/500] 17ee8e21-e1b5-49a9-a62c-5eed78440df6: valid; 2.6 s; peak memory 579 MiB.
2026-09-26T15:15:56Z INFO [38/500] 17eec8d2-a1f7-4bfa-9521-8d44d28b24a4: valid; 3.3 s; peak memory 579 MiB.
2026-09-26T15:15:59Z INFO [39/500] 17ef1cf9-7d77-4931-9359-445cb321769f: valid; 2.4 s; peak memory 579 MiB.
2026-09-26T15:16:00Z INFO [40/500] 17ef2f5b-6667-4228-b96a-228333c551ac: valid; 1.2 s; peak memory 579 MiB.
2026-09-26T15:16:04Z INFO [41/500] 17efca04-ef80-4405-976f-84b54365c031: not valid; 3.8 s; peak memory 579 MiB.
2026-09-26T15:16:05Z INFO [42/500] 17efe6fc-395f-4c78-8083-6b787b799025: not valid; 1.5 s; peak memory 579 MiB.
2026-09-26T15:16:07Z INFO [43/500] 17f01313-d97c-4096-8147-bb77cdaf014c: valid; 1.5 s; peak memory 579 MiB.
2026-09-26T15:16:08Z INFO [44/500] 17f0fd66-521b-496e-9542-093420ed4f51: valid; 1.2 s; peak memory 579 MiB.
2026-09-26T15:16:09Z INFO [45/500] 17f1caa2-704b-459f-a886-6c5d14e85158: valid; 1.2 s; peak memory 579 MiB.
2026-09-26T15:16:11Z INFO [46/500] 17f1e515-e49e-4c72-aa38-fa237c879dbe: valid; 1.7 s; peak memory 579 MiB.
2026-09-26T15:16:12Z INFO [47/500] 17f2def5-ae55-4a92-8fdb-38259e129829: not valid; 1.6 s; peak memory 579 MiB.
2026-09-26T15:16:15Z INFO [48/500] 17f32f77-46fc-4aed-af9d-f1e4d31db191: valid; 2.6 s; peak memory 579 MiB.
2026-09-26T15:16:17Z INFO [49/500] 17f41f93-02a1-45fc-a9fb-a2b709bbe77b: valid; 2.6 s; peak memory 579 MiB.
2026-09-26T15:16:19Z WARNING 17f44b7c-63bb-47d8-8162-c3899175f649: failed while opening the NWB file (ConstructError: (root/acquisition/_iblmic_audioSpectrogram/bands GroupBuilder {'attributes': {'colnames': array(['freq'], dtype=object), 'description': 'spectogram frequencies', 'namespace': 'core', 'neurodata_type': 'FrequencyBandsTable', 'object_id': 'f47d694a-c854-4178-aa07-f3fe4e19fc78'}, 'groups': {}, 'datasets': {'freq': root/acquisition/_iblmic_audioSpectrogram/bands/freq DatasetBuilder {'attributes': {'description': 'frequency value', 'namespace': 'hdmf-common', 'neurodata_type': 'VectorData', 'object_id': '106767db-a251-4102-9e85-6ca34b501d9e'}, 'data': <HDF5 dataset "freq": shape (257,), type "<f4">}, 'id': root/acquisition/_iblmic_audioSpectrogram/bands/id DatasetBuilder {'attributes': {'namespace': 'hdmf-common', 'neurodata_type': 'ElementIdentifiers', 'object_id': '4a348b00-1e64-4586-949f-9253ea6c2351'}, 'data': <HDF5 dataset "id": shape (257,), type "<i4">}}, 'links': {}}, "Could not construct FrequencyBandsTable object due to: column must have the same number of rows as 'id'"))
2026-09-26T15:16:20Z INFO [50/500] 17f44b7c-63bb-47d8-8162-c3899175f649: checkpointed 80560 records.
2026-09-26T15:16:22Z INFO [51/500] 17f672e1-4032-4fb9-a6c8-60722385ed59: valid; 1.9 s; peak memory 579 MiB.
2026-09-26T15:16:26Z INFO [52/500] 17f6a83e-178e-46e7-b8d8-c93caabbb5be: not valid; 3.9 s; peak memory 579 MiB.
2026-09-26T15:16:28Z INFO [53/500] 17f6c754-a91d-4240-af00-5d17fb7d7daa: valid; 2.1 s; peak memory 579 MiB.
2026-09-26T15:16:29Z INFO [54/500] 17f6cef5-b1b3-4aae-8363-3e93b60dd9c6: valid; 1.0 s; peak memory 579 MiB.
2026-09-26T15:16:30Z INFO [55/500] 17f6daef-65fc-4b9d-8327-4652c06d7574: valid; 1.2 s; peak memory 579 MiB.
2026-09-26T15:16:33Z INFO [56/500] 17f94871-300c-416d-9e7c-ff78845ac92e: valid; 2.6 s; peak memory 583 MiB.
2026-09-26T15:16:34Z INFO [57/500] 17fa1956-fb67-4fad-bc7f-7336c2132c66: not valid; 1.5 s; peak memory 586 MiB.
2026-09-26T15:16:38Z INFO [58/500] 17fa706f-c757-40b0-a9db-59d1faa90463: valid; 4.1 s; peak memory 594 MiB.
2026-09-26T15:16:40Z INFO [59/500] 17fad35c-831d-4093-8a82-97ee01a19e40: valid; 1.4 s; peak memory 594 MiB.
2026-09-26T15:16:41Z INFO [60/500] 17fb476a-ae41-4182-a0a2-475c4239f26b: valid; 1.5 s; peak memory 594 MiB.
2026-09-26T15:16:43Z INFO [61/500] 17fb4a1d-85ef-4a1f-91d7-64b7dbe3163f: valid; 1.5 s; peak memory 594 MiB.
2026-09-26T15:16:45Z INFO [62/500] 17fb8db5-bc1f-4c8c-9e07-68439fd3148c: not valid; 2.0 s; peak memory 594 MiB.
2026-09-26T15:16:46Z INFO [63/500] 17fbd419-6623-4a34-bedf-bf21b143cca9: valid; 1.3 s; peak memory 594 MiB.
2026-09-26T15:16:47Z INFO [64/500] 17fbd9b7-c697-4d22-a799-1b3f881d22bf: valid; 1.3 s; peak memory 594 MiB.
2026-09-26T15:17:38Z INFO [65/500] 17fbda5f-290e-4683-ac12-cfe5a0bf3046: valid; 51.4 s; peak memory 749 MiB.
2026-09-26T15:17:52Z INFO [66/500] 17fcbd97-1d10-4ba6-b73b-912680c03c0c: valid; 13.7 s; peak memory 1006 MiB.
2026-09-26T15:17:54Z INFO [67/500] 17fd538e-fa7b-4b84-bfda-6cedd78a6b1b: not valid; 1.7 s; peak memory 1006 MiB.
2026-09-26T15:17:59Z INFO [68/500] 17fd87cd-d2df-4855-8d1d-7e050914e046: not valid; 5.1 s; peak memory 1015 MiB.
2026-09-26T15:18:01Z INFO [69/500] 17fed547-6947-449f-9585-6ea9658baa8c: valid; 1.8 s; peak memory 1015 MiB.
2026-09-26T15:18:05Z INFO [70/500] 17ff26b3-34ee-4dca-a230-3df6a5f2b97a: valid; 4.5 s; peak memory 1015 MiB.
2026-09-26T15:18:09Z INFO [71/500] 17ff2c00-446e-458e-a46d-a40699a0d74c: valid; 3.3 s; peak memory 1015 MiB.
2026-09-26T15:18:10Z INFO [72/500] 1800e462-d0fa-4750-a398-7c594619833f: valid; 1.4 s; peak memory 1015 MiB.
2026-09-26T15:18:12Z INFO [73/500] 18021f3f-8bef-466c-9003-db9230c0ec67: valid; 2.3 s; peak memory 1018 MiB.
2026-09-26T15:18:12Z WARNING 18022e25-d0eb-4f9d-b7ae-03e3eaac18b6: failed while retrieving asset information from the DANDI API (NotFoundError: No such Dandiset: 000948)
2026-09-26T15:18:14Z INFO [75/500] 18026264-a0a4-4e59-b981-f46f9220dbac: valid; 1.9 s; peak memory 1020 MiB.
2026-09-26T15:18:14Z WARNING 18029c27-981f-401d-a823-991d3cbd7b59: failed while retrieving asset information from the DANDI API (NotFoundError: No such Dandiset: 001889)
2026-09-26T15:18:16Z INFO [77/500] 1802b6d4-ad46-4d77-aae1-10030e20250c: valid; 1.3 s; peak memory 1020 MiB.
2026-09-26T15:18:17Z INFO [78/500] 1802e574-4d20-4800-8d15-6c326c6acd84: not valid; 1.5 s; peak memory 1021 MiB.
2026-09-26T15:18:25Z INFO [79/500] 1802ee4c-410f-4e4c-9345-088b73a63e18: valid; 7.7 s; peak memory 1022 MiB.
2026-09-26T15:18:25Z WARNING 1802fe3a-40e7-4175-9fd3-40d1c26148ac: failed while retrieving asset information from the DANDI API (NotFoundError: No asset at path 'sub-442571/sub-442571_ses-20190227T134351_behavior+ecephys+ogen.nwb' in version 0.231012.2129. Verify the path is correct and the asset exists in this version. Use 'dandi ls' to list available assets.)
2026-09-26T15:18:34Z INFO [81/500] 18036ceb-0e6b-42e8-997e-e1a222153593: valid; 9.1 s; peak memory 1034 MiB.
2026-09-26T15:18:36Z INFO [82/500] 18040419-176b-4343-960d-7844d05bab23: not valid; 1.3 s; peak memory 1034 MiB.
2026-09-26T15:18:37Z INFO [83/500] 180461c7-b83e-4a1c-acde-ef4e84508adb: not valid; 1.6 s; peak memory 1034 MiB.
2026-09-26T15:18:37Z WARNING 1804bbb8-9f7b-4acb-85ef-d5611d4b2076: failed while retrieving asset information from the DANDI API (NotFoundError: No such Dandiset: 001533)
2026-09-26T15:18:40Z INFO [85/500] 1804dddf-ca2c-4b68-be42-b898e322cd6c: valid; 2.3 s; peak memory 1034 MiB.
2026-09-26T15:18:42Z INFO [86/500] 18051030-af3f-48a7-bd03-ab528765fced: valid; 2.4 s; peak memory 1034 MiB.
2026-09-26T15:18:43Z INFO [87/500] 18056633-5c59-41fd-99ae-1dc81d68a0b7: valid; 1.3 s; peak memory 1034 MiB.
2026-09-26T15:18:45Z INFO [88/500] 18057dcd-d6fd-4f9f-8384-6156ab991d0e: valid; 1.4 s; peak memory 1034 MiB.
2026-09-26T15:18:45Z WARNING 18059fe7-2aeb-4607-b923-ff32aa1b6f68: failed while retrieving asset information from the DANDI API (NotFoundError: No such Dandiset: 000561)
2026-09-26T15:18:46Z INFO [90/500] 18064cc3-c464-4344-b28d-241f34c4e2f9: not valid; 1.1 s; peak memory 1034 MiB.
2026-09-26T15:18:50Z INFO [91/500] 18078402-1ae3-4bdf-be29-7fbe058bed41: not valid; 4.0 s; peak memory 1034 MiB.
2026-09-26T15:18:57Z INFO [92/500] 18079924-c019-45eb-82d2-9e62576c01f1: valid; 7.2 s; peak memory 1034 MiB.
2026-09-26T15:18:59Z INFO [93/500] 1807b07c-cdc6-4f32-9f3b-8059f5c2151c: not valid; 1.7 s; peak memory 1034 MiB.
2026-09-26T15:19:01Z INFO [94/500] 1808c04e-83bb-486a-826f-f9bf2f7e9d04: valid; 2.3 s; peak memory 1034 MiB.
2026-09-26T15:19:08Z INFO [95/500] 1808ca2b-6577-4297-80e1-9ba7ad0156fc: valid; 7.4 s; peak memory 1034 MiB.
2026-09-26T15:19:10Z INFO [96/500] 1809032f-9b97-4667-8195-17f501888f4d: valid; 1.3 s; peak memory 1034 MiB.
2026-09-26T15:19:12Z INFO [97/500] 1809fd7f-7308-4bd8-b2f3-19c0e440865c: valid; 1.9 s; peak memory 1034 MiB.
2026-09-26T15:19:13Z INFO [98/500] 180a1726-6982-4261-971c-22d017ccfa0d: not valid; 1.6 s; peak memory 1034 MiB.
2026-09-26T15:19:15Z INFO [99/500] 180a49e1-0ed7-438e-90ff-b3f67f791b7b: valid; 2.1 s; peak memory 1034 MiB.
2026-09-26T15:19:17Z INFO [100/500] 180a697e-6c28-458f-82cf-377ed4dd173f: valid; 1.9 s; peak memory 1034 MiB.
2026-09-26T15:19:18Z INFO [100/500] 180a697e-6c28-458f-82cf-377ed4dd173f: checkpointed 80610 records.
2026-09-26T15:19:19Z INFO [101/500] 180b0647-18a9-4f8b-bd12-92d34f42f46f: valid; 1.0 s; peak memory 1034 MiB.
2026-09-26T15:19:23Z INFO [102/500] 180bbbae-fe7b-45ce-b2c1-633a42ae8abb: valid; 4.7 s; peak memory 1034 MiB.
2026-09-26T15:19:25Z INFO [103/500] 180bc54a-db9c-4c24-a029-d803645c49ea: not valid; 1.5 s; peak memory 1034 MiB.
2026-09-26T15:19:26Z INFO [104/500] 180bc92a-252e-4420-b109-12f7eba111e0: valid; 1.3 s; peak memory 1034 MiB.
2026-09-26T15:19:27Z INFO [105/500] 180c314a-ee6f-4843-8e0d-4d28e23fa94d: valid; 1.0 s; peak memory 1034 MiB.
2026-09-26T15:19:28Z INFO [106/500] 180cf4cd-4004-4df1-8a80-a8389fcaff01: valid; 0.9 s; peak memory 1034 MiB.
2026-09-26T15:19:34Z INFO [107/500] 180d7ec6-0501-4d04-a81c-b5a8984826e0: valid; 6.0 s; peak memory 1034 MiB.
2026-09-26T15:19:47Z INFO [108/500] 180dc0b0-c841-4b13-a308-bc83a8d21aa3: valid; 12.7 s; peak memory 1034 MiB.
2026-09-26T15:19:49Z INFO [109/500] 180dd822-006b-4d05-b406-ca0329d1d8b0: not valid; 1.9 s; peak memory 1034 MiB.
2026-09-26T15:19:50Z INFO [110/500] 180de494-41c4-443b-971a-e1647b2ea362: not valid; 1.5 s; peak memory 1034 MiB.
2026-09-26T15:19:53Z INFO [111/500] 180e46a5-b772-4d85-9742-483a025baed0: valid; 2.9 s; peak memory 1034 MiB.
2026-09-26T15:19:56Z INFO [112/500] 180e48e1-7fbb-49d6-8212-e655ccbb0111: valid; 3.0 s; peak memory 1034 MiB.
2026-09-26T15:19:57Z INFO [113/500] 180e7dc4-954e-4eb4-b79f-dd67b7a4ebe7: not valid; 1.2 s; peak memory 1034 MiB.
2026-09-26T15:19:58Z INFO [114/500] 180ef678-12c9-4c42-a67c-ede6f22e7ecb: valid; 1.1 s; peak memory 1034 MiB.
2026-09-26T15:20:00Z INFO [115/500] 180f3311-bf68-4b58-9756-32c0bece7bab: not valid; 1.5 s; peak memory 1034 MiB.
2026-09-26T15:20:12Z INFO [116/500] 180f376e-d5c7-4613-987f-d0ec6f6b69cf: valid; 12.2 s; peak memory 1409 MiB.
2026-09-26T15:20:14Z INFO [117/500] 180f6f20-c7fb-47ef-bf71-0063fc014a23: valid; 2.0 s; peak memory 1409 MiB.
2026-09-26T15:20:15Z INFO [118/500] 180fed7d-1994-4af4-bb38-047e8f9b6708: valid; 1.2 s; peak memory 1409 MiB.
2026-09-26T15:20:17Z INFO [119/500] 18107e42-910e-4654-bcb4-9c7389148c8e: valid; 1.3 s; peak memory 1409 MiB.
2026-09-26T15:20:29Z INFO [120/500] 18109dd6-4a9b-4317-b494-f87ec95f1d83: valid; 12.7 s; peak memory 1409 MiB.
2026-09-26T15:20:31Z INFO [121/500] 1810baf1-1306-4a09-87ba-e5e85a1911f9: valid; 1.3 s; peak memory 1409 MiB.
2026-09-26T15:20:32Z INFO [122/500] 1810e5ee-fc7e-429e-87e4-849457772c70: valid; 1.4 s; peak memory 1409 MiB.
2026-09-26T15:20:33Z INFO [123/500] 18115267-a618-47bd-a1d6-bfbe627bf3a7: valid; 1.3 s; peak memory 1409 MiB.
2026-09-26T15:20:36Z INFO [124/500] 18118a17-8995-4ed9-abfe-d272e4e286dc: not valid; 2.2 s; peak memory 1409 MiB.
2026-09-26T15:20:37Z INFO [125/500] 1812cfe9-8f51-44f8-8768-2e623cd9f248: valid; 1.2 s; peak memory 1409 MiB.
2026-09-26T15:20:39Z INFO [126/500] 1812ee37-4709-4cbd-9ef0-de9dacfa8abf: not valid; 1.9 s; peak memory 1409 MiB.
2026-09-26T15:20:41Z INFO [127/500] 1814de12-395c-4713-924c-52c627203ee8: valid; 2.4 s; peak memory 1409 MiB.
2026-09-26T15:20:45Z INFO [128/500] 18151e9d-d204-4124-9140-f0dc7a799539: valid; 3.7 s; peak memory 1409 MiB.
2026-09-26T15:20:46Z INFO [129/500] 18152294-42bf-4063-8e28-19a8cdfe5c52: valid; 1.3 s; peak memory 1409 MiB.
2026-09-26T15:20:47Z INFO [130/500] 18152ebd-77e4-4cc7-90ec-37843017b1b1: valid; 1.2 s; peak memory 1409 MiB.
2026-09-26T15:20:53Z INFO [131/500] 18158303-bcda-4554-987f-d6e68ee9e642: valid; 5.5 s; peak memory 1409 MiB.
2026-09-26T15:20:54Z INFO [132/500] 18161187-e6d1-4c69-b0a2-e3f473aa3480: valid; 1.2 s; peak memory 1409 MiB.
2026-09-26T15:20:55Z INFO [133/500] 18165240-bfe0-4272-a355-3cd867674baa: valid; 1.1 s; peak memory 1409 MiB.
2026-09-26T15:20:58Z INFO [134/500] 1816b986-8c22-4e8d-b342-ffa63eb15efe: valid; 3.0 s; peak memory 1409 MiB.
2026-09-26T15:23:11Z INFO [135/500] 1816bc36-7ccf-4c59-bbbb-add6ea837a2f: valid; 132.6 s; peak memory 1632 MiB.
2026-09-26T15:23:13Z INFO [136/500] 1816d2c0-6ed7-4fdd-9b20-6a4af3f0ca37: not valid; 1.9 s; peak memory 1632 MiB.
2026-09-26T15:23:15Z WARNING 1816f0b6-41e1-4de4-9c0a-490f45a88864: failed while opening the NWB file (ConstructError: (root/acquisition/_iblmic_audioSpectrogram/bands GroupBuilder {'attributes': {'colnames': array(['freq'], dtype=object), 'description': 'spectogram frequencies', 'namespace': 'core', 'neurodata_type': 'FrequencyBandsTable', 'object_id': '2959228d-7785-40d6-82c7-871f9f3b258d'}, 'groups': {}, 'datasets': {'freq': root/acquisition/_iblmic_audioSpectrogram/bands/freq DatasetBuilder {'attributes': {'description': 'frequency value', 'namespace': 'hdmf-common', 'neurodata_type': 'VectorData', 'object_id': '18951761-25a8-401f-b07b-da439eee42f4'}, 'data': <HDF5 dataset "freq": shape (257,), type "<f4">}, 'id': root/acquisition/_iblmic_audioSpectrogram/bands/id DatasetBuilder {'attributes': {'namespace': 'hdmf-common', 'neurodata_type': 'ElementIdentifiers', 'object_id': 'd7190382-b33f-4a66-b151-600a651ecb8e'}, 'data': <HDF5 dataset "id": shape (257,), type "<i4">}}, 'links': {}}, "Could not construct FrequencyBandsTable object due to: column must have the same number of rows as 'id'"))
2026-09-26T15:23:16Z INFO [138/500] 18173016-33c8-4392-8016-9c11067265e3: not valid; 1.7 s; peak memory 1634 MiB.
2026-09-26T15:23:28Z INFO [139/500] 18181987-2e06-434e-a6ae-a2aa553e1c93: valid; 11.3 s; peak memory 1651 MiB.
2026-09-26T15:23:29Z INFO [140/500] 1818bcf3-f4d4-4741-946c-8e40cdc483db: valid; 1.2 s; peak memory 1652 MiB.
2026-09-26T15:23:32Z INFO [141/500] 1818dba0-21d8-463f-9f24-60864e93ce3c: valid; 2.5 s; peak memory 1653 MiB.
2026-09-26T15:23:33Z INFO [142/500] 1818e4af-2836-49fc-a814-a8a55a39fa44: valid; 1.1 s; peak memory 1653 MiB.
2026-09-26T15:23:35Z INFO [143/500] 18190c3f-fa8b-41d7-80f2-18fe35c5fd08: valid; 1.8 s; peak memory 1653 MiB.
2026-09-26T15:23:36Z INFO [144/500] 18193955-ee24-4ebd-873b-41094ce5d46a: valid; 1.4 s; peak memory 1653 MiB.
2026-09-26T15:23:37Z INFO [145/500] 1819927d-efa3-4cc5-8be6-a50ed0e0ea9d: valid; 1.2 s; peak memory 1653 MiB.
2026-09-26T15:23:38Z INFO [146/500] 1819ab13-16f6-417b-afa1-66c1e7963935: valid; 1.2 s; peak memory 1653 MiB.
2026-09-26T15:23:41Z INFO [147/500] 181a380d-f4a5-4791-8216-5cc8536492c8: valid; 2.9 s; peak memory 1655 MiB.
2026-09-26T15:23:44Z INFO [148/500] 181ae106-0261-4642-9b76-af7b8a861e0f: not valid; 2.2 s; peak memory 1655 MiB.
2026-09-26T15:23:51Z INFO [149/500] 181af991-fb56-4819-b60b-97e9431c9a51: valid; 7.5 s; peak memory 1663 MiB.
2026-09-26T15:23:52Z INFO [150/500] 181c1db1-2eab-48cc-9a84-fa7ddb349496: not valid; 1.4 s; peak memory 1664 MiB.
2026-09-26T15:23:53Z INFO [150/500] 181c1db1-2eab-48cc-9a84-fa7ddb349496: checkpointed 80660 records.
2026-09-26T15:23:55Z INFO [151/500] 181c9b9e-7ec6-45c4-aa1e-91152a7787e3: not valid; 1.7 s; peak memory 1666 MiB.
2026-09-26T15:23:56Z INFO [152/500] 181c9d4c-b099-4825-b260-c34b47873cbf: not valid; 1.8 s; peak memory 1666 MiB.
2026-09-26T15:23:58Z INFO [153/500] 181ce321-e7e1-4ef7-822e-f9092aa36c94: valid; 1.7 s; peak memory 1667 MiB.
2026-09-26T15:24:06Z INFO [154/500] 181d8df2-7f86-49b1-8f9c-3247aa240468: valid; 8.2 s; peak memory 1681 MiB.
2026-09-26T15:24:10Z INFO [155/500] 181e9e26-d790-48da-8fe7-57ee9f96c581: valid; 3.8 s; peak memory 1686 MiB.
2026-09-26T15:24:12Z INFO [156/500] 181eb06a-b472-4a73-a960-3c6a275ce58e: not valid; 1.6 s; peak memory 1689 MiB.
2026-09-26T15:24:13Z INFO [157/500] 181ef54d-ad24-43aa-bf4c-6fcbe1ddba7c: valid; 1.2 s; peak memory 1689 MiB.
2026-09-26T15:24:16Z INFO [158/500] 181f230b-e838-4bd0-8c20-7ce59dc214d8: valid; 2.8 s; peak memory 1725 MiB.
2026-09-26T15:24:18Z INFO [159/500] 181f77be-4948-4647-9fca-caeddd33926b: valid; 1.8 s; peak memory 1725 MiB.
2026-09-26T15:24:19Z INFO [160/500] 181f9a41-6e84-4468-b81b-c9f8dfef1e53: valid; 1.0 s; peak memory 1726 MiB.
2026-09-26T15:24:19Z WARNING 181fa3aa-e386-453c-853d-4b4b24d5e2e1: failed while retrieving asset information from the DANDI API (NotFoundError: No asset at path 'sub-R4/sub-R4_ses-20190905T210000_behavior+ophys.nwb' in version 0.260415.1712. Verify the path is correct and the asset exists in this version. Use 'dandi ls' to list available assets.)
2026-09-26T15:24:21Z INFO [162/500] 181fd677-4bc4-438c-886b-3adf34afe925: valid; 2.7 s; peak memory 1730 MiB.
2026-09-26T15:24:23Z INFO [163/500] 181fdea1-ae7d-4b42-8af5-48b0b17b71d8: valid; 1.4 s; peak memory 1731 MiB.
2026-09-26T15:24:24Z INFO [164/500] 18207c23-9497-4c72-a12a-14a59ba6b681: not valid; 1.6 s; peak memory 1731 MiB.
2026-09-26T15:24:26Z INFO [165/500] 1820a75b-efc9-44a3-8170-47f93d8b6fdd: valid; 1.3 s; peak memory 1732 MiB.
2026-09-26T15:24:28Z INFO [166/500] 1820dac9-c1a6-4d3b-b700-8fbe2172380c: valid; 1.9 s; peak memory 1732 MiB.
2026-09-26T15:24:31Z INFO [167/500] 18216241-4553-4496-a5aa-111fb55383e6: valid; 3.4 s; peak memory 1736 MiB.
2026-09-26T15:24:33Z INFO [168/500] 18217716-25b9-4ec3-830e-c91a96b89a1f: valid; 1.8 s; peak memory 1742 MiB.
2026-09-26T15:24:34Z INFO [169/500] 18217b4c-a01e-4053-a737-bb90fd1e796d: valid; 1.6 s; peak memory 1742 MiB.
2026-09-26T15:24:36Z INFO [170/500] 1821c4a8-2078-436c-aaf9-8305856f5929: not valid; 1.4 s; peak memory 1743 MiB.
2026-09-26T15:24:38Z INFO [171/500] 1821d863-be9f-4885-a6a5-43b6b852129e: valid; 2.4 s; peak memory 1744 MiB.
2026-09-26T15:24:48Z INFO [172/500] 18224a2e-e8f4-4540-87ab-3c0abbdbe86e: valid; 9.8 s; peak memory 1754 MiB.
2026-09-26T15:24:50Z INFO [173/500] 1822d4fb-100e-41eb-9271-dd624dafac7f: valid; 1.9 s; peak memory 1759 MiB.
2026-09-26T15:24:51Z INFO [174/500] 182339ba-8795-4f42-8ef8-dd9c6285704b: valid; 1.2 s; peak memory 1759 MiB.
2026-09-26T15:24:53Z INFO [175/500] 182360d9-2468-4cc5-b2e3-b4d0a3b8ef25: valid; 1.8 s; peak memory 1761 MiB.
2026-09-26T15:24:56Z INFO [176/500] 1823d50b-90bf-4f31-8bb0-acf260b0f13a: valid; 2.6 s; peak memory 1764 MiB.
2026-09-26T15:24:57Z INFO [177/500] 1824cde6-db5b-4a56-942e-e2d561f519a4: valid; 1.4 s; peak memory 1765 MiB.
2026-09-26T15:24:58Z INFO [178/500] 182509da-7003-4d60-918a-677f6bc12353: not valid; 1.4 s; peak memory 1766 MiB.
2026-09-26T15:24:59Z INFO [179/500] 18257c08-e00b-42db-9f71-7db6ff3314c3: valid; 1.2 s; peak memory 1767 MiB.
2026-09-26T15:25:05Z INFO [180/500] 18259fe2-6502-4a14-8a92-87ccb27867ae: valid; 5.8 s; peak memory 1777 MiB.
2026-09-26T15:25:08Z INFO [181/500] 1825f290-75ed-435d-9bad-59587b155e2f: valid; 2.7 s; peak memory 1779 MiB.
2026-09-26T15:25:09Z INFO [182/500] 18266083-3824-4971-a112-10b047840c27: valid; 1.1 s; peak memory 1779 MiB.
2026-09-26T15:25:11Z INFO [183/500] 1826a328-730a-47fd-93f0-2029b50d5413: not valid; 1.7 s; peak memory 1779 MiB.
2026-09-26T15:25:12Z INFO [184/500] 1826ee86-bc74-4246-bff1-0621125c59d2: valid; 1.3 s; peak memory 1779 MiB.
2026-09-26T15:25:18Z INFO [185/500] 182768ad-b932-4d33-afbe-3d5cfc9b61dc: valid; 5.8 s; peak memory 1779 MiB.
2026-09-26T15:25:20Z INFO [186/500] 1828b086-fb9a-4dcc-9c29-561f1ad18d31: valid; 2.1 s; peak memory 1779 MiB.
2026-09-26T15:25:21Z INFO [187/500] 1829cc71-05d1-457d-afd5-281fba214d05: valid; 1.3 s; peak memory 1779 MiB.
2026-09-26T15:25:23Z INFO [188/500] 182a12ca-55cb-4d7d-9b0e-ee3a9a320543: not valid; 1.6 s; peak memory 1779 MiB.
2026-09-26T15:25:25Z INFO [189/500] 182a569b-4fd7-486d-963c-6c47b8fe7a8e: valid; 2.1 s; peak memory 1779 MiB.
2026-09-26T15:25:27Z INFO [190/500] 182ac4d6-4444-468a-b088-24fbaee0c4d3: valid; 1.9 s; peak memory 1779 MiB.
2026-09-26T15:25:28Z INFO [191/500] 182aff34-c5bf-44c6-8e37-3a89856fe01c: valid; 1.2 s; peak memory 1779 MiB.
2026-09-26T15:25:29Z INFO [192/500] 182b8598-a563-495f-a0a5-430a702c77eb: not valid; 1.5 s; peak memory 1779 MiB.
2026-09-26T15:25:31Z INFO [193/500] 182ba61a-ee94-437d-8252-9bf29f93b8ad: not valid; 1.5 s; peak memory 1779 MiB.
2026-09-26T15:25:38Z INFO [194/500] 182cc7a8-2b11-4db8-a0c0-cb510d24e473: valid; 6.8 s; peak memory 1779 MiB.
2026-09-26T15:25:39Z INFO [195/500] 182d0fbc-62ce-494b-a013-628b71a1ecdf: valid; 1.3 s; peak memory 1779 MiB.
2026-09-26T15:25:41Z INFO [196/500] 182d6861-a675-457c-8d7d-0db4b8d1ab6e: valid; 2.0 s; peak memory 1779 MiB.
2026-09-26T15:25:43Z INFO [197/500] 182dc3da-5c52-495b-8365-11c02b4f06c6: valid; 1.8 s; peak memory 1779 MiB.
2026-09-26T15:25:45Z INFO [198/500] 182df9df-6645-42d2-85ca-34f4d354e1b9: valid; 2.4 s; peak memory 1779 MiB.
2026-09-26T15:25:46Z INFO [199/500] 182ee77b-c983-4aec-b5f5-fc4fd5db106e: valid; 1.3 s; peak memory 1779 MiB.
2026-09-26T15:25:48Z INFO [200/500] 1830023b-e5c4-4126-86e8-bb1428c5188a: valid; 1.2 s; peak memory 1779 MiB.
2026-09-26T15:25:48Z INFO [200/500] 1830023b-e5c4-4126-86e8-bb1428c5188a: checkpointed 80710 records.
2026-09-26T15:25:50Z INFO [201/500] 18307085-3d4b-4964-bbfe-0cf5f7eed486: valid; 2.1 s; peak memory 1779 MiB.
2026-09-26T15:25:52Z INFO [202/500] 1830ab5e-38e3-4233-8312-1a1fa0413806: not valid; 1.8 s; peak memory 1779 MiB.
2026-09-26T15:25:56Z INFO [203/500] 1830bb4f-6033-40a6-a6dd-c2f7059505a9: not valid; 4.0 s; peak memory 1779 MiB.
2026-09-26T15:25:58Z INFO [204/500] 1830cb0f-a862-40d3-9ef5-b1f86bdb3ca7: not valid; 2.5 s; peak memory 1779 MiB.
2026-09-26T15:26:00Z INFO [205/500] 1830cead-6cc4-4c28-be79-85ef37a743bf: valid; 1.2 s; peak memory 1779 MiB.
2026-09-26T15:26:01Z INFO [206/500] 1830e1e2-b9df-4f94-9c08-061d3500b020: not valid; 1.8 s; peak memory 1779 MiB.
2026-09-26T15:26:04Z INFO [207/500] 18328924-6d96-4d36-b5fb-7d0e33009110: valid; 2.1 s; peak memory 1779 MiB.
2026-09-26T15:26:05Z INFO [208/500] 18328aa5-1f6a-4b50-aa3d-712914ea8412: valid; 1.0 s; peak memory 1779 MiB.
2026-09-26T15:26:06Z INFO [209/500] 1832a908-97ee-4b4e-a661-5db578fb0d0a: valid; 1.3 s; peak memory 1779 MiB.
2026-09-26T15:26:22Z INFO [210/500] 1832c9b4-63bf-4b20-92ce-41cb5086cf34: valid; 16.5 s; peak memory 1790 MiB.
2026-09-26T15:26:25Z INFO [211/500] 18330cdf-648a-40a3-bde7-8032ea47f63f: valid; 3.0 s; peak memory 1790 MiB.
2026-09-26T15:26:38Z INFO [212/500] 18349d49-91a5-4867-9106-ddf813ef7478: valid; 12.5 s; peak memory 1990 MiB.
2026-09-26T15:26:39Z INFO [213/500] 1834ce36-b7b3-4ea6-8dcc-b60e72832c41: not valid; 1.6 s; peak memory 1990 MiB.
2026-09-26T15:26:41Z INFO [214/500] 1834f4b7-e61f-4600-928f-940287c22eb2: valid; 1.6 s; peak memory 1990 MiB.
2026-09-26T15:26:45Z INFO [215/500] 18354f86-08bf-4f0f-92a0-4438ac6d49ed: valid; 3.4 s; peak memory 1990 MiB.
2026-09-26T15:26:46Z INFO [216/500] 18359e03-0779-4571-8fa7-97922e894e60: valid; 1.2 s; peak memory 1990 MiB.
2026-09-26T15:26:58Z INFO [217/500] 1835a425-bec8-492d-9fe2-ed6b9f64f20b: valid; 12.1 s; peak memory 2091 MiB.
2026-09-26T15:27:00Z INFO [218/500] 1835f67f-7a36-4950-9cbc-c07a3d19f85a: not valid; 2.1 s; peak memory 2091 MiB.
2026-09-26T15:27:02Z WARNING 183642e4-7625-4cf8-a08d-d60f47df879f: failed while opening the NWB file (ConstructError: (root/acquisition/_iblmic_audioSpectrogram/bands GroupBuilder {'attributes': {'colnames': array(['freq'], dtype=object), 'description': 'spectogram frequencies', 'namespace': 'core', 'neurodata_type': 'FrequencyBandsTable', 'object_id': '90cdeadd-a34d-468d-a0d8-903971bfda31'}, 'groups': {}, 'datasets': {'freq': root/acquisition/_iblmic_audioSpectrogram/bands/freq DatasetBuilder {'attributes': {'description': 'frequency value', 'namespace': 'hdmf-common', 'neurodata_type': 'VectorData', 'object_id': '4bbd6e65-4996-4865-8008-880cd1caca29'}, 'data': <HDF5 dataset "freq": shape (257,), type "<f4">}, 'id': root/acquisition/_iblmic_audioSpectrogram/bands/id DatasetBuilder {'attributes': {'namespace': 'hdmf-common', 'neurodata_type': 'ElementIdentifiers', 'object_id': 'cc367c3d-a132-43bf-b883-2878b9169493'}, 'data': <HDF5 dataset "id": shape (257,), type "<i4">}}, 'links': {}}, "Could not construct FrequencyBandsTable object due to: column must have the same number of rows as 'id'"))
2026-09-26T15:27:03Z INFO [220/500] 1836721c-b30b-4fb2-ab20-a48e5ac69979: not valid; 1.6 s; peak memory 2091 MiB.
2026-09-26T15:27:05Z INFO [221/500] 1836ab4f-e9ed-49a3-8ae4-1e12905b0fbb: not valid; 2.0 s; peak memory 2091 MiB.
2026-09-26T15:27:08Z INFO [222/500] 1836f93d-6bf9-44dc-8d4a-65e86759dba6: valid; 3.1 s; peak memory 2093 MiB.
2026-09-26T15:27:10Z INFO [223/500] 18370afe-abf4-48eb-bad8-971e3a3f108b: not valid; 1.4 s; peak memory 2093 MiB.
2026-09-26T15:27:11Z INFO [224/500] 1837871f-3ff4-4bd7-a4a5-a1b5439d13a1: valid; 1.3 s; peak memory 2093 MiB.
2026-09-26T15:27:12Z INFO [225/500] 18381039-3d16-457c-a4f6-d9175b91659d: valid; 1.2 s; peak memory 2093 MiB.
2026-09-26T15:27:14Z INFO [226/500] 183891c4-57de-4eee-8fb6-c8b30ea74a30: valid; 2.1 s; peak memory 2093 MiB.
2026-09-26T15:27:24Z INFO [227/500] 18392350-eb3b-4006-96b2-4b760ca2f492: valid; 10.0 s; peak memory 2093 MiB.
2026-09-26T15:27:28Z INFO [228/500] 183938a2-136b-483b-901e-8ee7e00291d8: valid; 3.8 s; peak memory 2093 MiB.
2026-09-26T15:27:29Z INFO [229/500] 1839865f-eb47-4b47-983c-f94827212efe: valid; 1.2 s; peak memory 2093 MiB.
2026-09-26T15:27:30Z INFO [230/500] 183a9034-ed61-4dc0-967d-ea9234cec9f9: valid; 0.9 s; peak memory 2093 MiB.
2026-09-26T15:27:32Z INFO [231/500] 183aeaef-a2cb-46a7-ae2d-5a3a6b63cacb: valid; 1.1 s; peak memory 2093 MiB.
2026-09-26T15:27:33Z INFO [232/500] 183b686b-ae6d-40a6-af29-8acded95e19a: valid; 1.8 s; peak memory 2093 MiB.
2026-09-26T15:27:33Z WARNING 183bf42c-945d-48ac-8171-cefd259bb956: failed while retrieving asset information from the DANDI API (NotFoundError: No such Dandiset: 001533)
2026-09-26T15:27:36Z INFO [234/500] 183c48e7-54e4-46e0-8958-6fd81a69991b: valid; 2.6 s; peak memory 2093 MiB.
2026-09-26T15:27:38Z INFO [235/500] 183d663d-dcaf-4115-954e-34db49898205: valid; 2.1 s; peak memory 2093 MiB.
2026-09-26T15:27:41Z INFO [236/500] 183e40ea-015e-4019-9982-3c3b40ea39ca: valid; 2.5 s; peak memory 2093 MiB.
2026-09-26T15:27:42Z INFO [237/500] 183e61d2-7a79-4475-977c-a2144a9f0338: not valid; 1.9 s; peak memory 2093 MiB.
2026-09-26T15:27:44Z INFO [238/500] 183e7d8a-7136-4615-a7bd-ab4b258977ff: not valid; 1.6 s; peak memory 2093 MiB.
2026-09-26T15:27:46Z INFO [239/500] 183f711c-02e6-4144-bf70-70e73d47e8c6: not valid; 2.1 s; peak memory 2093 MiB.
2026-09-26T15:27:49Z INFO [240/500] 1840e1de-1d57-40f1-967e-e44dc1bc9e0f: not valid; 2.6 s; peak memory 2093 MiB.
2026-09-26T15:27:50Z INFO [241/500] 18412d33-72ca-4a8b-adce-ac3abd0c683a: valid; 1.2 s; peak memory 2093 MiB.
2026-09-26T15:27:54Z INFO [242/500] 18415f92-f195-4dbe-be66-2fe790e43717: not valid; 3.7 s; peak memory 2093 MiB.
2026-09-26T15:27:56Z INFO [243/500] 1841bd61-5471-46d0-abc4-9c5ca26db1d0: valid; 2.5 s; peak memory 2093 MiB.
2026-09-26T15:27:58Z INFO [244/500] 1841ca63-7c98-4f20-8a14-0f7ad4536d12: valid; 1.3 s; peak memory 2093 MiB.
2026-09-26T15:27:59Z INFO [245/500] 18421f56-3682-425b-a850-b246798e7283: not valid; 1.5 s; peak memory 2093 MiB.
2026-09-26T15:28:01Z INFO [246/500] 18423cec-6cbb-4af7-a257-22dc59a5630d: valid; 2.0 s; peak memory 2093 MiB.
2026-09-26T15:28:02Z INFO [247/500] 18424b9d-d6e8-446d-b693-18a3f84d320c: valid; 0.9 s; peak memory 2093 MiB.
2026-09-26T15:28:04Z INFO [248/500] 18443eab-b839-4a59-b681-623b11aaf62f: valid; 1.9 s; peak memory 2093 MiB.
2026-09-26T15:28:05Z INFO [249/500] 18448d3c-2d77-4166-90e8-c2b51e27bceb: valid; 1.4 s; peak memory 2093 MiB.
2026-09-26T15:28:17Z INFO [250/500] 1844ae07-d8f7-4423-a433-1b0292f4c32c: valid; 11.7 s; peak memory 2097 MiB.
2026-09-26T15:28:17Z INFO [250/500] 1844ae07-d8f7-4423-a433-1b0292f4c32c: checkpointed 80760 records.
2026-09-26T15:28:19Z INFO [251/500] 1844c3e2-abe6-4503-a4e6-090a329e6aef: valid; 1.6 s; peak memory 2099 MiB.
2026-09-26T15:28:23Z INFO [252/500] 1844ee17-389d-4436-9507-f56f6d6dfb23: valid; 3.5 s; peak memory 2099 MiB.
2026-09-26T15:28:25Z INFO [253/500] 1845e3a8-11d9-4516-9ba4-8a8661bab3e7: valid; 2.9 s; peak memory 2111 MiB.
2026-09-26T15:28:28Z INFO [254/500] 1845e9f1-a7f6-4a28-b853-964130a510f7: valid; 2.1 s; peak memory 2112 MiB.
2026-09-26T15:28:29Z INFO [255/500] 18462827-3c22-45cd-9ae7-ab01ca052453: valid; 1.2 s; peak memory 2112 MiB.
2026-09-26T15:28:30Z INFO [256/500] 184646ae-eebe-4b6f-9047-a8b49db6d617: valid; 1.4 s; peak memory 2112 MiB.
2026-09-26T15:28:51Z INFO [257/500] 1846797a-281d-4107-95ab-8807fc257c2a: valid; 20.3 s; peak memory 2142 MiB.
2026-09-26T15:28:53Z INFO [258/500] 18469d7a-3ca3-4733-a999-7643274065d5: valid; 2.5 s; peak memory 2150 MiB.
2026-09-26T15:28:55Z INFO [259/500] 18471c7a-4b0f-4e6d-afe2-8e2726308856: valid; 2.1 s; peak memory 2153 MiB.
2026-09-26T15:28:57Z INFO [260/500] 1847c952-1685-4942-86df-08ae05774612: not valid; 1.9 s; peak memory 2160 MiB.
2026-09-26T15:29:01Z INFO [261/500] 18489cea-91e9-4f91-82cc-b859dd087828: valid; 3.7 s; peak memory 2167 MiB.
2026-09-26T15:29:02Z INFO [262/500] 1848d96d-6ac2-4f20-952e-3a48c4764cc9: not valid; 1.3 s; peak memory 2171 MiB.
2026-09-26T15:29:03Z INFO [263/500] 1848e79f-0e1d-4ece-a29a-881af7aee1eb: valid; 1.3 s; peak memory 2174 MiB.
2026-09-26T15:29:05Z INFO [264/500] 18493ab1-12a3-4f1a-a4b2-ead6933150b7: valid; 1.7 s; peak memory 2179 MiB.
2026-09-26T15:29:06Z INFO [265/500] 1849820b-8b3a-4b91-91ea-f3194965883f: valid; 1.1 s; peak memory 2181 MiB.
2026-09-26T15:29:07Z INFO [266/500] 1849d376-e71c-4361-91bf-9417c23217c2: not valid; 1.1 s; peak memory 2185 MiB.
2026-09-26T15:29:25Z INFO [267/500] 184a13d3-ab75-4bfd-80c5-83348cd3fdce: not valid; 17.8 s; peak memory 2287 MiB.
2026-09-26T15:29:26Z INFO [268/500] 184af066-41b6-4165-8b7b-129a9d2bb458: not valid; 1.4 s; peak memory 2290 MiB.
2026-09-26T15:29:28Z INFO [269/500] 184b963f-73dc-4afb-a037-82913c660833: not valid; 1.7 s; peak memory 2294 MiB.
2026-09-26T15:29:30Z INFO [270/500] 184b97cd-7e96-4b22-885e-666cf873ee44: valid; 2.3 s; peak memory 2296 MiB.
2026-09-26T15:29:35Z INFO [271/500] 184bd52a-c1df-411f-829a-fb2825be04b9: valid; 4.6 s; peak memory 2296 MiB.
2026-09-26T15:29:36Z INFO [272/500] 184bd8f8-407b-4d2d-9b5e-966ce10dc0e8: valid; 1.3 s; peak memory 2296 MiB.
2026-09-26T15:29:44Z INFO [273/500] 184c526a-d7f2-427d-b41b-6df913ef63ee: valid; 8.1 s; peak memory 2296 MiB.
2026-09-26T15:29:54Z INFO [274/500] 184c8757-08ed-485a-b054-41cee6de8c1f: valid; 9.2 s; peak memory 2296 MiB.
2026-09-26T15:29:55Z INFO [275/500] 184cb46b-2757-4448-a7ba-effd27bf631b: valid; 1.9 s; peak memory 2296 MiB.
2026-09-26T15:29:57Z INFO [276/500] 184ce8db-2630-4c47-9830-7fb3151f925a: valid; 2.0 s; peak memory 2296 MiB.
2026-09-26T15:29:59Z INFO [277/500] 184d01ea-3cb1-4681-9480-317c24926568: not valid; 1.5 s; peak memory 2296 MiB.
2026-09-26T15:30:01Z INFO [278/500] 184d546f-77c4-4f56-b238-1aed3c6f08af: valid; 2.3 s; peak memory 2296 MiB.
2026-09-26T15:30:05Z INFO [279/500] 184d72f2-9274-4946-ad44-aa09ac4bb796: not valid; 3.9 s; peak memory 2296 MiB.
2026-09-26T15:30:10Z INFO [280/500] 184dc646-d4b8-4ffc-b9ba-9685e5c79bb7: valid; 5.2 s; peak memory 2296 MiB.
2026-09-26T15:30:12Z INFO [281/500] 184e1a5c-3a72-4100-88b4-b49012677849: valid; 1.2 s; peak memory 2296 MiB.
2026-09-26T15:30:13Z INFO [282/500] 184e9baf-7db4-42de-a9d3-7e72db215665: valid; 1.3 s; peak memory 2296 MiB.
2026-09-26T15:30:16Z INFO [283/500] 184ef78e-c49c-4c59-adae-904afc275ebc: not valid; 3.1 s; peak memory 2296 MiB.
2026-09-26T15:30:17Z INFO [284/500] 184f34e6-c1c2-4909-a2ed-850ec893959f: not valid; 1.5 s; peak memory 2296 MiB.
2026-09-26T15:30:19Z INFO [285/500] 184f53b4-30f3-4085-abe2-41b2e770688e: valid; 1.9 s; peak memory 2296 MiB.
2026-09-26T15:30:20Z WARNING 184f72f8-027d-46a3-a71d-d74dff4a7de4: failed while retrieving asset information from the DANDI API (NotFoundError: No asset at path 'sub-healthy-simulated-lfp/sub-healthy-simulated-lfp_ses-3196_ecephys.nwb' in version 0.250327.2220. Verify the path is correct and the asset exists in this version. Use 'dandi ls' to list available assets.)
2026-09-26T15:30:32Z INFO [287/500] 184f9a81-ad45-4b79-823e-3aff9971a3f7: not valid; 12.7 s; peak memory 2296 MiB.
2026-09-26T15:30:34Z INFO [288/500] 184fefbd-85e5-4a5f-8365-d610800c8d02: valid; 1.9 s; peak memory 2296 MiB.
2026-09-26T15:30:36Z INFO [289/500] 18502a0e-ccd8-4d56-bf1b-52ad9f63956f: valid; 1.3 s; peak memory 2296 MiB.
2026-09-26T15:30:38Z INFO [290/500] 18509a3f-0d3c-44ef-8d02-b3d502aaf843: not valid; 2.6 s; peak memory 2296 MiB.
2026-09-26T15:30:41Z INFO [291/500] 1850e4f2-2bea-4f2a-9c22-77aa4cd8f8bc: valid; 2.8 s; peak memory 2306 MiB.
2026-09-26T15:30:44Z INFO [292/500] 185113a3-6576-47c6-b1a6-6282b6eaad2d: valid; 2.6 s; peak memory 2306 MiB.
2026-09-26T15:30:53Z INFO [293/500] 1851898a-2d8a-428b-8e61-104b7ebb671f: valid; 9.4 s; peak memory 2361 MiB.
2026-09-26T15:30:55Z INFO [294/500] 1851f636-443d-4a65-9d7f-0a26de1278b9: valid; 2.3 s; peak memory 2368 MiB.
2026-09-26T15:31:00Z INFO [295/500] 18520076-691c-4324-ae9d-2f9745202a71: valid; 4.6 s; peak memory 2379 MiB.
2026-09-26T15:31:03Z INFO [296/500] 18539eee-5e25-4668-8f24-2988912a5aea: valid; 3.2 s; peak memory 2382 MiB.
2026-09-26T15:31:05Z INFO [297/500] 1853b962-63eb-4abb-a622-cdab8b0639c7: valid; 2.0 s; peak memory 2382 MiB.
2026-09-26T15:31:06Z INFO [298/500] 1853dc87-fc11-48a1-b65a-858eb7ee56c7: valid; 1.3 s; peak memory 2382 MiB.
2026-09-26T15:31:08Z INFO [299/500] 18553074-5f13-484e-ab38-b768c278a865: not valid; 1.4 s; peak memory 2382 MiB.
2026-09-26T15:31:09Z INFO [300/500] 18556b66-1363-4691-a8cf-b80fd2274153: valid; 1.2 s; peak memory 2382 MiB.
2026-09-26T15:31:09Z INFO [300/500] 18556b66-1363-4691-a8cf-b80fd2274153: checkpointed 80810 records.
2026-09-26T15:31:10Z INFO [301/500] 1855ea3b-a030-4b17-8a1b-547b3ca40f9f: valid; 1.2 s; peak memory 2383 MiB.
2026-09-26T15:31:12Z INFO [302/500] 185688e0-63cd-4630-91d7-3aa04bea4cac: valid; 1.3 s; peak memory 2383 MiB.
2026-09-26T15:31:17Z INFO [303/500] 1856f455-2b1a-4c50-a57c-6c5ef8940648: valid; 4.8 s; peak memory 2383 MiB.
2026-09-26T15:31:18Z INFO [304/500] 185728fb-a058-413c-86d2-3ba3493e3f45: valid; 0.9 s; peak memory 2383 MiB.
2026-09-26T15:31:20Z INFO [305/500] 18576c29-0b70-45df-9f4b-d71d325048f8: valid; 2.0 s; peak memory 2383 MiB.
2026-09-26T15:31:22Z INFO [306/500] 1858aef3-6cc4-41f9-9928-0a7daef33498: valid; 2.0 s; peak memory 2383 MiB.
2026-09-26T15:31:23Z INFO [307/500] 18590d43-4e30-4c99-a00a-fca5fcdcb938: not valid; 1.4 s; peak memory 2383 MiB.
2026-09-26T15:31:27Z INFO [308/500] 18590e15-3e82-4ce6-9c48-c00033016acb: not valid; 4.6 s; peak memory 2383 MiB.
2026-09-26T15:31:30Z INFO [309/500] 185917f9-8a12-42a6-948e-b9404fe505c6: valid; 2.1 s; peak memory 2383 MiB.
2026-09-26T15:31:34Z INFO [310/500] 1859ab4a-8063-44a8-a5df-054fbe90573c: valid; 4.4 s; peak memory 2383 MiB.
2026-09-26T15:31:37Z INFO [311/500] 185a0ed9-d943-4962-86f2-23a2b3572fab: valid; 3.1 s; peak memory 2383 MiB.
2026-09-26T15:31:39Z WARNING 185a1058-3122-4236-9f54-281122bb0c14: failed while opening the NWB file (ConstructError: (root/acquisition/event_code_meanings GroupBuilder {'attributes': {'colnames': array(['value', 'meaning'], dtype=object), 'description': 'Mapping integer event codes to event labels', 'namespace': 'ndx-events', 'neurodata_type': 'MeaningsTable', 'object_id': 'f911729a-65a8-4488-93cc-1f22f3b8fcd3'}, 'groups': {}, 'datasets': {'id': root/acquisition/event_code_meanings/id DatasetBuilder {'attributes': {'namespace': 'hdmf-common', 'neurodata_type': 'ElementIdentifiers', 'object_id': 'a4e4b880-0ee7-426f-b4de-771b0e9d75d6'}, 'data': <HDF5 dataset "id": shape (26,), type "<i8">}, 'meaning': root/acquisition/event_code_meanings/meaning DatasetBuilder {'attributes': {'description': 'The meaning of the value in the parent CategoricalVectorData object.', 'namespace': 'hdmf-experimental', 'neurodata_type': 'VectorData', 'object_id': '091cab10-a99e-4573-9e19-bfad6bab5a39'}, 'data': <StrDataset for HDF5 dataset "meaning": shape (26,), type "|O">}, 'value': root/acquisition/event_code_meanings/value DatasetBuilder {'attributes': {'description': 'The value of the parent CategoricalVectorData object.', 'namespace': 'hdmf-experimental', 'neurodata_type': 'VectorData', 'object_id': 'f545a10e-293c-436a-b92b-6b70235893cb'}, 'data': <HDF5 dataset "value": shape (26,), type "<i8">}}, 'links': {}}, "Could not construct MeaningsTable object due to: MeaningsTable.__init__: missing argument 'target'"))
2026-09-26T15:31:47Z INFO [313/500] 185a383e-c93a-413e-8ee9-a0e73ff19575: valid; 8.3 s; peak memory 2384 MiB.
2026-09-26T15:31:49Z INFO [314/500] 185ab558-fc34-4dc3-a8ad-3b19a59871e6: valid; 2.1 s; peak memory 2385 MiB.
2026-09-26T15:31:50Z INFO [315/500] 185b0265-9650-42e8-a582-39ed87e9b6c8: valid; 1.1 s; peak memory 2385 MiB.
2026-09-26T15:31:52Z INFO [316/500] 185ba9de-c15c-4166-9db6-85bed73d7765: valid; 1.2 s; peak memory 2386 MiB.
2026-09-26T15:31:54Z INFO [317/500] 185bcc98-7a65-42fd-95a9-8909aa0128d4: valid; 2.1 s; peak memory 2387 MiB.
2026-09-26T15:31:56Z INFO [318/500] 185bd97f-7370-46d2-a733-1e5d89f21383: valid; 2.0 s; peak memory 2390 MiB.
2026-09-26T15:31:57Z INFO [319/500] 185c2d3d-73dc-485c-8af4-dca8b68c4999: valid; 1.3 s; peak memory 2390 MiB.
2026-09-26T15:31:59Z INFO [320/500] 185d1580-bac5-4f4c-ab8c-42cd500f474d: valid; 1.8 s; peak memory 2398 MiB.
2026-09-26T15:32:00Z INFO [321/500] 185d2e2b-05a5-40f1-807e-622865be660f: not valid; 1.6 s; peak memory 2398 MiB.
2026-09-26T15:32:02Z INFO [322/500] 185d868b-d495-4dea-b1d1-20b596ff85b0: not valid; 1.9 s; peak memory 2404 MiB.
2026-09-26T15:32:04Z INFO [323/500] 185e1327-999f-4763-8ae3-aac07dba19f6: valid; 1.9 s; peak memory 2413 MiB.
2026-09-26T15:32:06Z INFO [324/500] 185f1c56-755f-4b20-a61e-fc9e2a69f1be: valid; 1.4 s; peak memory 2415 MiB.
2026-09-26T15:32:07Z INFO [325/500] 185f6096-3dc2-4e03-a9ab-3ae5cf364236: valid; 1.7 s; peak memory 2420 MiB.
2026-09-26T15:32:11Z INFO [326/500] 185f8ad7-a4b3-4ea5-b8b7-570006e56f7d: not valid; 4.1 s; peak memory 2424 MiB.
2026-09-26T15:32:13Z INFO [327/500] 185fffeb-31e0-4c1f-af22-a437476c91b2: valid; 1.7 s; peak memory 2424 MiB.
2026-09-26T15:32:14Z INFO [328/500] 18605167-eccb-498e-9512-ef698d50c98c: not valid; 1.4 s; peak memory 2424 MiB.
2026-09-26T15:32:17Z INFO [329/500] 18612675-9bfb-4136-94fe-6dac229be274: valid; 2.5 s; peak memory 2424 MiB.
2026-09-26T15:32:19Z INFO [330/500] 1861416a-05d7-4c2d-a848-992b338a5413: valid; 2.3 s; peak memory 2424 MiB.
2026-09-26T15:32:21Z INFO [331/500] 1861a9f3-1c7e-440e-a39a-d5749493ecfb: not valid; 1.5 s; peak memory 2424 MiB.
2026-09-26T15:32:22Z INFO [332/500] 1861b143-e224-4656-96a1-6c654a974370: not valid; 1.3 s; peak memory 2424 MiB.
2026-09-26T15:32:23Z INFO [333/500] 18627586-d154-4184-9e8c-7c449f120abd: valid; 1.2 s; peak memory 2424 MiB.
2026-09-26T15:32:38Z INFO [334/500] 18629906-e084-4a72-892b-f359e07311cd: valid; 14.3 s; peak memory 2430 MiB.
2026-09-26T15:32:39Z INFO [335/500] 18631b7d-2f7e-4be6-b86a-f5b616d05634: valid; 1.2 s; peak memory 2430 MiB.
2026-09-26T15:32:40Z INFO [336/500] 18632050-9c1a-42f8-a95e-26164747492f: valid; 1.2 s; peak memory 2430 MiB.
2026-09-26T15:32:41Z INFO [337/500] 18644e79-a020-4f7a-ad32-0b40e71c651d: not valid; 1.4 s; peak memory 2431 MiB.
2026-09-26T15:32:42Z INFO [338/500] 18646f5f-3309-4ae5-9ef2-bc4f6a76293c: valid; 1.0 s; peak memory 2431 MiB.
2026-09-26T15:32:45Z INFO [339/500] 1865033f-5d14-4960-b34b-94392b1ef4ac: valid; 2.4 s; peak memory 2432 MiB.
2026-09-26T15:32:46Z INFO [340/500] 18657a28-13ba-497c-8359-c3dc6e2abe24: valid; 1.2 s; peak memory 2432 MiB.
2026-09-26T15:32:49Z INFO [341/500] 1865e1bd-c01e-4a77-a559-4399fd0964f0: valid; 3.4 s; peak memory 2437 MiB.
2026-09-26T15:32:52Z INFO [342/500] 18663c2f-7c48-4540-9616-ffea3f69c3c1: valid; 2.4 s; peak memory 2438 MiB.
2026-09-26T15:33:00Z INFO [343/500] 186739f8-f37f-40a8-b4a2-74b9178fb9f6: valid; 7.8 s; peak memory 2447 MiB.
2026-09-26T15:33:01Z INFO [344/500] 18676079-57c0-47c1-bb89-c61118390d31: valid; 1.8 s; peak memory 2449 MiB.
2026-09-26T15:33:04Z INFO [345/500] 1867eafc-5cf1-423f-b0b5-d781a599fddf: not valid; 3.1 s; peak memory 2457 MiB.
2026-09-26T15:33:06Z INFO [346/500] 186909a2-8684-4ce5-a87e-dff5292a90c8: valid; 1.3 s; peak memory 2459 MiB.
2026-09-26T15:33:08Z INFO [347/500] 18695324-fb53-49d7-8c0d-15a987556d6d: valid; 2.4 s; peak memory 2462 MiB.
2026-09-26T15:33:11Z INFO [348/500] 18697945-ad10-4d29-8ee1-26003b9a3146: valid; 2.5 s; peak memory 2469 MiB.
2026-09-26T15:33:12Z INFO [349/500] 1869ed8b-1f5f-4774-b9ce-33aeaccf0603: not valid; 1.4 s; peak memory 2474 MiB.
2026-09-26T15:33:14Z INFO [350/500] 186a3c7d-af1c-40e1-aea1-a0767d455e78: valid; 1.6 s; peak memory 2477 MiB.
2026-09-26T15:33:14Z INFO [350/500] 186a3c7d-af1c-40e1-aea1-a0767d455e78: checkpointed 80860 records.
2026-09-26T15:33:15Z INFO [351/500] 186a8bbb-9a62-48c8-b0d4-795749fd1d11: valid; 1.2 s; peak memory 2479 MiB.
2026-09-26T15:33:19Z INFO [352/500] 186b32a8-ee25-4c9b-b059-cf5997c87c6c: not valid; 3.7 s; peak memory 2480 MiB.
2026-09-26T15:33:20Z INFO [353/500] 186b8bd6-d75a-4f23-ac2d-ae3761a8aedc: valid; 1.0 s; peak memory 2480 MiB.
2026-09-26T15:33:21Z INFO [354/500] 186ba103-f3b4-4234-b55a-64cb64b328b0: valid; 1.2 s; peak memory 2481 MiB.
2026-09-26T15:33:37Z INFO [355/500] 186c822b-0a57-414b-b8f1-c950d0004414: valid; 15.5 s; peak memory 2496 MiB.
2026-09-26T15:34:15Z INFO [356/500] 186d6063-b576-4cf5-82a0-8e23de5fa907: valid; 38.7 s; peak memory 3264 MiB.
2026-09-26T15:34:22Z INFO [357/500] 186d612d-2234-4e0e-8a54-20ac773ca151: valid; 6.8 s; peak memory 3294 MiB.
2026-09-26T15:34:29Z INFO [358/500] 186d996a-9ab0-499d-b9c1-6a85779ae3d2: not valid; 6.9 s; peak memory 3343 MiB.
2026-09-26T15:34:38Z INFO [359/500] 186efb65-c68a-4e42-9221-dc694a6a303b: valid; 9.2 s; peak memory 3361 MiB.
2026-09-26T15:34:43Z INFO [360/500] 1870075a-f317-4798-a1a6-4801815b346e: valid; 4.3 s; peak memory 3367 MiB.
2026-09-26T15:34:44Z INFO [361/500] 18703fe4-5081-4c62-bfc1-739ae44d1de5: not valid; 1.8 s; peak memory 3371 MiB.
2026-09-26T15:34:49Z INFO [362/500] 18705470-0782-402b-9830-e840453be383: not valid; 5.1 s; peak memory 3388 MiB.
2026-09-26T15:34:51Z INFO [363/500] 1870e2bd-c098-477b-a30a-94371c982ab7: not valid; 1.6 s; peak memory 3394 MiB.
2026-09-26T15:34:52Z INFO [364/500] 18717cca-0748-4008-b70c-dac6b8a1be09: valid; 1.2 s; peak memory 3397 MiB.
2026-09-26T15:34:56Z INFO [365/500] 18730c8d-a2f8-42ad-9517-45bc25681673: valid; 4.2 s; peak memory 3413 MiB.
2026-09-26T15:34:58Z INFO [366/500] 18735506-893e-44bd-b4d3-c312da2d29a1: valid; 1.2 s; peak memory 3416 MiB.
2026-09-26T15:35:01Z INFO [367/500] 18736652-1d6e-44f4-a9d4-f19858b2296e: valid; 3.5 s; peak memory 3424 MiB.
2026-09-26T15:35:08Z INFO [368/500] 1873ecfe-70f6-4619-9a92-39d298394cae: not valid; 6.5 s; peak memory 3424 MiB.
2026-09-26T15:35:09Z INFO [369/500] 187452e6-d17f-4723-9206-cc0a94bc243e: valid; 1.4 s; peak memory 3424 MiB.
2026-09-26T15:35:11Z INFO [370/500] 18748d5e-973b-4741-bc0e-8352e05ee404: valid; 1.9 s; peak memory 3424 MiB.
2026-09-26T15:35:29Z INFO [371/500] 1874b17f-3cfc-45e9-828d-c580db448c47: valid; 18.6 s; peak memory 3597 MiB.
2026-09-26T15:35:32Z INFO [372/500] 18750c94-7791-4662-916e-c811562073d1: not valid; 2.3 s; peak memory 3597 MiB.
2026-09-26T15:35:33Z INFO [373/500] 18751e78-2504-4ea6-8e5b-87f11ccaa903: valid; 1.3 s; peak memory 3597 MiB.
2026-09-26T15:35:35Z INFO [374/500] 1876218e-e507-40c2-8682-302f51f686b3: valid; 1.8 s; peak memory 3597 MiB.
2026-09-26T15:35:36Z INFO [375/500] 18763ecf-664e-42a6-b98d-5a13069fcf19: valid; 1.1 s; peak memory 3597 MiB.
2026-09-26T15:35:37Z INFO [376/500] 187679c8-fbe6-44b9-b7ad-97a23a67418f: valid; 1.2 s; peak memory 3597 MiB.
2026-09-26T15:35:38Z INFO [377/500] 1876d9dc-4404-4f39-b88f-420555b2ac95: valid; 1.1 s; peak memory 3597 MiB.
2026-09-26T15:35:41Z INFO [378/500] 18770f35-aa91-4bd8-844e-bb527f35a743: not valid; 2.9 s; peak memory 3597 MiB.
2026-09-26T15:35:43Z INFO [379/500] 187759b3-42b4-4daf-b77f-e267ce257746: valid; 1.4 s; peak memory 3597 MiB.
2026-09-26T15:35:44Z INFO [380/500] 18777003-b59c-459a-870e-734cd718dc27: valid; 1.1 s; peak memory 3597 MiB.
2026-09-26T15:35:46Z INFO [381/500] 1877f88b-0e20-4d9f-a694-a8e56d66d7a2: not valid; 1.9 s; peak memory 3597 MiB.
2026-09-26T15:35:48Z INFO [382/500] 1877faa9-aadd-4862-b83e-dfdc43b347f0: valid; 1.9 s; peak memory 3597 MiB.
2026-09-26T15:35:49Z INFO [383/500] 18783980-4549-4556-b6e9-c3e9f9dd53d2: not valid; 1.5 s; peak memory 3597 MiB.
2026-09-26T15:35:50Z INFO [384/500] 187850eb-37d2-40f6-bd2a-cd89f80ef078: valid; 1.2 s; peak memory 3597 MiB.
2026-09-26T15:35:51Z INFO [385/500] 1878f8bd-9c80-45ca-857d-11fe7094435d: valid; 1.2 s; peak memory 3597 MiB.
2026-09-26T15:35:53Z INFO [386/500] 18795861-9a7f-4bed-8ca1-c51d58c630f3: valid; 1.3 s; peak memory 3597 MiB.
2026-09-26T15:35:56Z INFO [387/500] 18796481-3200-498c-8c7d-1bfc87e0beb1: valid; 2.9 s; peak memory 3598 MiB.
2026-09-26T15:36:01Z INFO [388/500] 187a0b4c-2a11-4271-b7d2-efdbd99ce55b: valid; 5.2 s; peak memory 3598 MiB.
2026-09-26T15:36:03Z INFO [389/500] 187a766f-d01b-4fc2-b6b4-399e9ab27f84: valid; 1.7 s; peak memory 3598 MiB.
2026-09-26T15:36:04Z INFO [390/500] 187b7f8d-f773-4438-86f1-6008d262591c: not valid; 1.4 s; peak memory 3598 MiB.
2026-09-26T15:36:06Z INFO [391/500] 187b8976-5492-400e-b3dd-a9e8ee4d626e: valid; 2.4 s; peak memory 3598 MiB.
2026-09-26T15:36:08Z INFO [392/500] 187bd24c-d33b-4d92-bf24-3352f8516eb9: valid; 2.1 s; peak memory 3598 MiB.
2026-09-26T15:36:11Z INFO [393/500] 187c20f4-05ae-4167-b753-c8076316f39d: valid; 2.4 s; peak memory 3598 MiB.
2026-09-26T15:36:13Z INFO [394/500] 187c2794-4b22-4d0a-b32d-14f213ed10b1: valid; 1.9 s; peak memory 3598 MiB.
2026-09-26T15:36:14Z INFO [395/500] 187cb3f4-2346-4922-a763-5d6677b96601: valid; 1.4 s; peak memory 3598 MiB.
2026-09-26T15:36:16Z INFO [396/500] 187d8d84-c8f2-4169-ba62-93f5205a6ecb: valid; 1.9 s; peak memory 3598 MiB.
2026-09-26T15:36:18Z INFO [397/500] 187eb181-7ce7-4a5a-91a3-c97313c67bdf: valid; 1.8 s; peak memory 3598 MiB.
2026-09-26T15:36:20Z INFO [398/500] 187f3208-f9ef-435c-b186-247c93b3de90: not valid; 2.2 s; peak memory 3598 MiB.
2026-09-26T15:36:21Z INFO [399/500] 187f7402-2ba3-4ff4-8e87-5cc622f3917a: valid; 1.2 s; peak memory 3598 MiB.
2026-09-26T15:37:48Z INFO [400/500] 187f90da-bcba-4174-ab31-8310e0d47382: valid; 86.5 s; peak memory 3709 MiB.
2026-09-26T15:37:48Z INFO [400/500] 187f90da-bcba-4174-ab31-8310e0d47382: checkpointed 80910 records.
2026-09-26T15:37:51Z INFO [401/500] 188118ed-584e-40c4-b48f-bf9d53ab624e: valid; 2.5 s; peak memory 3709 MiB.
2026-09-26T15:37:53Z INFO [402/500] 1882062b-2561-411f-a42c-db3cf77eb16b: valid; 2.7 s; peak memory 3709 MiB.
2026-09-26T15:37:54Z WARNING 18823f74-8c98-40de-96a8-d656e70581d6: failed while retrieving asset information from the DANDI API (NotFoundError: No asset at path 'sub-701707/sub-701707_ses-behavior-701707-2024-01-04-16-39-43.nwb' in version draft. Verify the path is correct and the asset exists in this version. Use 'dandi ls' to list available assets.)
2026-09-26T15:37:55Z INFO [404/500] 1882cacc-88a8-434f-b91c-0fde4739b790: valid; 0.9 s; peak memory 3709 MiB.
2026-09-26T15:37:57Z INFO [405/500] 1882df74-748a-4221-81dc-9a1d99cfbb12: valid; 2.2 s; peak memory 3709 MiB.
2026-09-26T15:37:58Z INFO [406/500] 1883401f-36fc-4e46-92f3-22f6ac6e8f17: not valid; 1.4 s; peak memory 3709 MiB.
2026-09-26T15:38:02Z INFO [407/500] 1883c870-c31a-44ed-b73a-97b3926c74ce: valid; 3.5 s; peak memory 3709 MiB.
2026-09-26T15:38:03Z INFO [408/500] 1883e23e-f8d1-4c62-b2a0-94bf46ecdb0e: valid; 1.5 s; peak memory 3709 MiB.
2026-09-26T15:38:10Z INFO [409/500] 18844e33-ac19-4dda-ad00-d402b5b632a0: valid; 6.9 s; peak memory 3716 MiB.
2026-09-26T15:38:11Z INFO [410/500] 18853380-6fcf-41e1-9a6b-c55134fb8c6a: valid; 1.3 s; peak memory 3717 MiB.
2026-09-26T15:38:15Z INFO [411/500] 18854bbe-e575-4cc8-bd24-03c5088e47db: not valid; 3.8 s; peak memory 3721 MiB.
2026-09-26T15:38:18Z INFO [412/500] 1885556a-0696-47c1-9ce9-5b40768218c4: valid; 2.5 s; peak memory 3723 MiB.
2026-09-26T15:38:22Z INFO [413/500] 18856b42-6652-4ec7-9449-6c48e710e3fd: valid; 3.8 s; peak memory 3726 MiB.
2026-09-26T15:38:23Z INFO [414/500] 18856eb6-218b-438d-916d-b9e8341883b5: not valid; 1.6 s; peak memory 3728 MiB.
2026-09-26T15:38:25Z INFO [415/500] 1885b31e-4f25-4619-9bc9-f1f6aa964a72: not valid; 1.4 s; peak memory 3728 MiB.
2026-09-26T15:38:25Z WARNING 1885eb06-3ae7-46fd-90a8-098d3b4f3c88: failed while retrieving asset information from the DANDI API (NotFoundError: No such Dandiset: 001533)
2026-09-26T15:38:27Z INFO [417/500] 1886ab38-c382-4a71-9484-548f1735efb2: not valid; 2.7 s; peak memory 3739 MiB.
2026-09-26T15:38:29Z INFO [418/500] 1886ec8a-7e5a-4809-a1bb-3537cce53ead: valid; 2.1 s; peak memory 3741 MiB.
2026-09-26T15:38:31Z WARNING 1886eefb-7abd-4259-91a8-21fe45cfdd6c: failed while opening the NWB file (ValueError: Cannot resolve included group spec 'electrodes' with data_type_inc 'ElectrodesTable' because a group spec with the same name already exists with data_type_inc 'DynamicTable', and data type 'DynamicTable' is not a child type of data type 'ElectrodesTable'.)
2026-09-26T15:38:33Z WARNING 1887cbf4-7256-4822-8ad6-352d72a5914f: failed while opening the NWB file (ConstructError: (root/acquisition/_iblmic_audioSpectrogram/bands GroupBuilder {'attributes': {'colnames': array(['freq'], dtype=object), 'description': 'spectogram frequencies', 'namespace': 'core', 'neurodata_type': 'FrequencyBandsTable', 'object_id': '14bf5662-1881-48a2-839a-eeccd75f064d'}, 'groups': {}, 'datasets': {'freq': root/acquisition/_iblmic_audioSpectrogram/bands/freq DatasetBuilder {'attributes': {'description': 'frequency value', 'namespace': 'hdmf-common', 'neurodata_type': 'VectorData', 'object_id': 'dad08534-49de-4d92-b38a-e19d719cb10d'}, 'data': <HDF5 dataset "freq": shape (257,), type "<f4">}, 'id': root/acquisition/_iblmic_audioSpectrogram/bands/id DatasetBuilder {'attributes': {'namespace': 'hdmf-common', 'neurodata_type': 'ElementIdentifiers', 'object_id': '111d5b8e-82ce-4e03-a7a1-d5adbc1a4c72'}, 'data': <HDF5 dataset "id": shape (257,), type "<i4">}}, 'links': {}}, "Could not construct FrequencyBandsTable object due to: column must have the same number of rows as 'id'"))
2026-09-26T15:38:51Z INFO [421/500] 188867a8-156c-4025-9076-7ed4fb1efc78: valid; 17.9 s; peak memory 3783 MiB.
2026-09-26T15:38:54Z INFO [422/500] 1888d7d4-434a-48c1-87d5-1f66f1b4b424: valid; 2.9 s; peak memory 3784 MiB.
2026-09-26T15:39:14Z INFO [423/500] 1889ada6-7086-4bda-8197-6a043a4ceaae: valid; 20.2 s; peak memory 3785 MiB.
2026-09-26T15:39:15Z INFO [424/500] 188a1571-d91c-4597-b19d-c5891406f1d2: valid; 1.7 s; peak memory 3786 MiB.
2026-09-26T15:39:18Z INFO [425/500] 188a55b0-d78a-409c-baf0-77df96654641: valid; 2.3 s; peak memory 3786 MiB.
2026-09-26T15:39:20Z INFO [426/500] 188a80d0-7103-4766-9158-f9d7989e59a8: valid; 1.8 s; peak memory 3786 MiB.
2026-09-26T15:39:21Z INFO [427/500] 188ac55f-5d99-4288-9502-427b1d03a820: valid; 1.1 s; peak memory 3786 MiB.
2026-09-26T15:39:24Z INFO [428/500] 188c9139-84bb-4df3-b60a-21ca46f9135e: valid; 3.2 s; peak memory 3786 MiB.
2026-09-26T15:39:26Z WARNING 188d01e0-fa2d-4060-9b8b-e00949fe96bd: failed while opening the NWB file (ConstructError: (root/acquisition/_iblmic_audioSpectrogram/bands GroupBuilder {'attributes': {'colnames': array(['freq'], dtype=object), 'description': 'spectogram frequencies', 'namespace': 'core', 'neurodata_type': 'FrequencyBandsTable', 'object_id': '9e1e722d-6a6e-4268-8853-98996df0b463'}, 'groups': {}, 'datasets': {'freq': root/acquisition/_iblmic_audioSpectrogram/bands/freq DatasetBuilder {'attributes': {'description': 'frequency value', 'namespace': 'hdmf-common', 'neurodata_type': 'VectorData', 'object_id': '7f502248-6565-4df0-a672-e37402fcfcfe'}, 'data': <HDF5 dataset "freq": shape (257,), type "<f4">}, 'id': root/acquisition/_iblmic_audioSpectrogram/bands/id DatasetBuilder {'attributes': {'namespace': 'hdmf-common', 'neurodata_type': 'ElementIdentifiers', 'object_id': '91768ff1-3efa-40f8-9399-1ed1b8316c92'}, 'data': <HDF5 dataset "id": shape (257,), type "<i4">}}, 'links': {}}, "Could not construct FrequencyBandsTable object due to: column must have the same number of rows as 'id'"))
2026-09-26T15:39:27Z INFO [430/500] 188e2608-7f4b-4642-8f02-4d2738e62564: not valid; 1.1 s; peak memory 3786 MiB.
2026-09-26T15:39:29Z INFO [431/500] 188e3167-d80a-4fe7-ae08-87a64fe65f63: valid; 1.8 s; peak memory 3786 MiB.
2026-09-26T15:39:30Z INFO [432/500] 188e8b2f-7d3d-4226-9b71-02c39ea8b338: valid; 1.2 s; peak memory 3786 MiB.
2026-09-26T15:39:31Z INFO [433/500] 188ea9d1-d034-4c86-b439-d1b421dc3a87: valid; 1.3 s; peak memory 3786 MiB.
2026-09-26T15:39:40Z INFO [434/500] 188ecbb0-d67f-41ba-a2a7-d63d76fdd0a4: valid; 8.5 s; peak memory 3953 MiB.
2026-09-26T15:39:43Z INFO [435/500] 188f4266-468d-4413-84b4-f71afe92780d: valid; 2.7 s; peak memory 3953 MiB.
2026-09-26T15:39:44Z INFO [436/500] 18901c4e-e89a-407c-bc16-5dac3d678f25: valid; 1.8 s; peak memory 3953 MiB.
2026-09-26T15:39:46Z INFO [437/500] 18901f7f-18d8-4d57-bd55-02a0bab9f3e4: valid; 2.1 s; peak memory 3953 MiB.
2026-09-26T15:39:48Z INFO [438/500] 18908ee2-7196-4b61-b93a-86bc6b68c2e0: valid; 1.9 s; peak memory 3953 MiB.
2026-09-26T15:39:50Z INFO [439/500] 1890c6c2-78a7-4729-8bad-e287fe87a743: valid; 1.5 s; peak memory 3953 MiB.
2026-09-26T15:39:53Z INFO [440/500] 1891288e-5784-487d-9aa5-9750637268c4: valid; 2.8 s; peak memory 3953 MiB.
2026-09-26T15:40:03Z INFO [441/500] 189243bb-ed9d-4ca1-951e-44174f218748: not valid; 10.4 s; peak memory 3953 MiB.
2026-09-26T15:40:06Z INFO [442/500] 18925d21-d6ea-44b3-b045-08f6e7583739: not valid; 2.7 s; peak memory 3953 MiB.
2026-09-26T15:40:12Z INFO [443/500] 18926710-4c96-42f6-ac56-0eb2e2e99b28: valid; 6.8 s; peak memory 3969 MiB.
2026-09-26T15:40:16Z INFO [444/500] 18931c4f-31f5-45ce-94fc-1071a99f4e66: not valid; 3.4 s; peak memory 3973 MiB.
2026-09-26T15:40:24Z INFO [445/500] 1894b20e-ffbb-4964-abd9-7dba628e14be: valid; 7.7 s; peak memory 3973 MiB.
2026-09-26T15:40:39Z INFO [446/500] 189604f5-8c36-4c37-8636-afc9cea9a1b0: not valid; 15.1 s; peak memory 4019 MiB.
2026-09-26T15:40:40Z INFO [447/500] 18981184-a002-4de7-8a92-3beab777b616: not valid; 1.7 s; peak memory 4020 MiB.
2026-09-26T15:40:45Z INFO [448/500] 18994c08-bbec-4593-9054-bc4b60c589c1: valid; 4.2 s; peak memory 4023 MiB.
2026-09-26T15:40:47Z INFO [449/500] 18997242-1874-4bc1-9bd5-8c5d5bc82594: valid; 2.0 s; peak memory 4026 MiB.
2026-09-26T15:40:49Z INFO [450/500] 1899b4a4-e6c6-49be-82f4-10855bb78ef0: valid; 2.5 s; peak memory 4028 MiB.
2026-09-26T15:40:50Z INFO [450/500] 1899b4a4-e6c6-49be-82f4-10855bb78ef0: checkpointed 80960 records.
2026-09-26T15:41:09Z INFO [451/500] 1899ff75-396a-49f9-8d5e-e4516ccb0ed1: valid; 18.9 s; peak memory 4163 MiB.
2026-09-26T15:41:10Z INFO [452/500] 189a6543-5c0a-4715-bc72-430904d33640: not valid; 1.5 s; peak memory 4163 MiB.
2026-09-26T15:41:11Z INFO [453/500] 189b0231-4a40-4fa0-b6cc-1a58b7db847d: valid; 1.3 s; peak memory 4163 MiB.
2026-09-26T15:41:13Z INFO [454/500] 189b1a28-8751-4ebc-a15a-585315378945: valid; 1.4 s; peak memory 4163 MiB.
2026-09-26T15:41:14Z INFO [455/500] 189b764e-4f6e-42dc-baa5-6e5c4877602e: valid; 1.2 s; peak memory 4163 MiB.
2026-09-26T15:41:16Z INFO [456/500] 189c0b86-df03-471b-bcb5-021ea44cc67e: valid; 1.7 s; peak memory 4163 MiB.
2026-09-26T15:41:17Z INFO [457/500] 189ce577-eba6-46eb-8944-2d0c25fe56e5: not valid; 1.3 s; peak memory 4163 MiB.
2026-09-26T15:41:18Z INFO [458/500] 189d5d48-35eb-44da-9da0-ec860425a5c2: valid; 1.3 s; peak memory 4163 MiB.
2026-09-26T15:41:20Z INFO [459/500] 189e4b59-f516-4082-882b-ad5cb22aff6b: valid; 1.9 s; peak memory 4163 MiB.
2026-09-26T15:41:22Z INFO [460/500] 189eae47-b53a-48eb-8c09-294e891ea0e7: valid; 1.7 s; peak memory 4163 MiB.
2026-09-26T15:41:23Z INFO [461/500] 189ee019-4da4-4f99-835d-a5d304895bdb: valid; 1.3 s; peak memory 4163 MiB.
2026-09-26T15:41:25Z INFO [462/500] 189f4e30-319f-456f-b98b-5612bc59c03a: valid; 1.9 s; peak memory 4163 MiB.
2026-09-26T15:41:28Z INFO [463/500] 189fed99-9a84-4c92-8e8c-fda5e2947ec8: valid; 3.0 s; peak memory 4163 MiB.
2026-09-26T15:41:29Z INFO [464/500] 18a0676c-500a-4823-8618-d2648d47cade: valid; 1.3 s; peak memory 4163 MiB.
2026-09-26T15:41:31Z INFO [465/500] 18a08cc5-2dad-47d5-ae5a-9dd5ee302015: valid; 1.2 s; peak memory 4163 MiB.
2026-09-26T15:41:32Z INFO [466/500] 18a09f71-8c41-48b2-ac98-5400f0f02a4c: valid; 1.7 s; peak memory 4163 MiB.
2026-09-26T15:41:33Z INFO [467/500] 18a15291-9c41-4280-9847-2a8cf34f5885: valid; 0.9 s; peak memory 4163 MiB.
2026-09-26T15:41:36Z INFO [468/500] 18a19c92-34e2-43d9-b75b-3ca69f18160b: valid; 2.7 s; peak memory 4163 MiB.
2026-09-26T15:41:37Z INFO [469/500] 18a1c105-4994-4cf2-a693-b6b716d4d1a1: not valid; 1.5 s; peak memory 4163 MiB.
2026-09-26T15:41:41Z INFO [470/500] 18a22984-02ea-44fa-9590-1a7df0c7b4f4: valid; 4.0 s; peak memory 4164 MiB.
2026-09-26T15:41:46Z INFO [471/500] 18a26cfc-1b42-42c9-a493-c3a56f7991e3: valid; 4.4 s; peak memory 4164 MiB.
2026-09-26T15:41:47Z INFO [472/500] 18a28a00-f7dd-4967-9c79-1273532b71b0: valid; 1.3 s; peak memory 4164 MiB.
2026-09-26T15:41:49Z INFO [473/500] 18a29920-86fe-4ede-81d2-70fb8d0f007f: not valid; 1.8 s; peak memory 4164 MiB.
2026-09-26T15:41:50Z INFO [474/500] 18a2f16e-d3df-4082-9c76-45452eeafe40: not valid; 1.4 s; peak memory 4164 MiB.
2026-09-26T15:41:52Z INFO [475/500] 18a3b045-0d4d-4960-8ba0-2a6d7a2fb957: not valid; 1.8 s; peak memory 4164 MiB.
2026-09-26T15:41:57Z INFO [476/500] 18a46611-369e-44d3-9913-97b92da5fd9b: valid; 4.7 s; peak memory 4164 MiB.
2026-09-26T15:41:59Z INFO [477/500] 18a587df-21f3-4eed-8d00-3f95df9c43ed: valid; 2.1 s; peak memory 4164 MiB.
2026-09-26T15:42:01Z WARNING 18a5bf16-fcd2-4fef-9120-4ceb21cf1202: failed while opening the NWB file (ConstructError: (root/acquisition/_iblmic_audioSpectrogram/bands GroupBuilder {'attributes': {'colnames': array(['freq'], dtype=object), 'description': 'spectogram frequencies', 'namespace': 'core', 'neurodata_type': 'FrequencyBandsTable', 'object_id': '8ccaa783-b3a9-4d62-a83b-79484459682c'}, 'groups': {}, 'datasets': {'freq': root/acquisition/_iblmic_audioSpectrogram/bands/freq DatasetBuilder {'attributes': {'description': 'frequency value', 'namespace': 'hdmf-common', 'neurodata_type': 'VectorData', 'object_id': '8a025c4e-11ce-4bf0-9b5f-c8b0f6022fbe'}, 'data': <HDF5 dataset "freq": shape (257,), type "<f4">}, 'id': root/acquisition/_iblmic_audioSpectrogram/bands/id DatasetBuilder {'attributes': {'namespace': 'hdmf-common', 'neurodata_type': 'ElementIdentifiers', 'object_id': 'd2e58982-2630-4ac5-9599-e3baf69b21db'}, 'data': <HDF5 dataset "id": shape (257,), type "<i4">}}, 'links': {}}, "Could not construct FrequencyBandsTable object due to: column must have the same number of rows as 'id'"))
2026-09-26T15:42:11Z INFO [479/500] 18a62cf0-5f54-42ab-83c0-0fabe0b316d8: valid; 9.8 s; peak memory 4164 MiB.
2026-09-26T15:42:25Z INFO [480/500] 18a63c17-ebd0-4656-bb0c-6b7325007822: valid; 14.6 s; peak memory 4164 MiB.
2026-09-26T15:42:26Z INFO [481/500] 18a67a25-c40b-4056-acd8-e7c0b96b5b4f: not valid; 1.1 s; peak memory 4164 MiB.
2026-09-26T15:42:28Z INFO [482/500] 18a68661-7dbb-4e1d-a167-50135b2c2869: not valid; 1.8 s; peak memory 4164 MiB.
2026-09-26T15:42:30Z INFO [483/500] 18a6c325-6761-4ea3-876d-a146f2a78bab: not valid; 2.0 s; peak memory 4164 MiB.
2026-09-26T15:42:35Z INFO [484/500] 18a736db-b960-4c1a-ae5a-8585308f279c: not valid; 5.4 s; peak memory 4276 MiB.
2026-09-26T15:42:38Z INFO [485/500] 18a76b64-c597-4abe-9354-0519d683eb00: valid; 2.5 s; peak memory 4276 MiB.
2026-09-26T15:42:39Z INFO [486/500] 18a85e74-ee87-4c73-b17f-194ff44d531f: valid; 1.2 s; peak memory 4276 MiB.
2026-09-26T15:42:41Z INFO [487/500] 18a9ddb8-63b8-4e8b-a67b-aff86ea52ea2: valid; 1.9 s; peak memory 4276 MiB.
2026-09-26T15:42:43Z INFO [488/500] 18a9fdfc-9d6d-4b8f-b0a3-6eb821fcea60: valid; 1.9 s; peak memory 4276 MiB.
2026-09-26T15:42:58Z INFO [489/500] 18aa24f6-1f9d-4737-a5a9-c3c1a9203af1: valid; 15.2 s; peak memory 4276 MiB.
2026-09-26T15:43:00Z INFO [490/500] 18aaf2ea-051d-43e8-9f4e-6e20d5c1523e: valid; 2.2 s; peak memory 4276 MiB.
2026-09-26T15:43:03Z INFO [491/500] 18abc709-1efd-4e4f-bb67-354b11b9ec5d: valid; 2.9 s; peak memory 4276 MiB.
2026-09-26T15:43:06Z INFO [492/500] 18abe5b7-3edf-4c7f-aea1-bcee89fa3049: valid; 2.5 s; peak memory 4276 MiB.
2026-09-26T15:43:07Z INFO [493/500] 18ac4c30-f468-486e-9119-352385202bdb: valid; 1.3 s; peak memory 4276 MiB.
2026-09-26T15:43:11Z INFO [494/500] 18adae91-d58a-4257-8e69-7681753d5caf: not valid; 3.5 s; peak memory 4276 MiB.
2026-09-26T15:43:12Z INFO [495/500] 18adbc0a-4ac5-4138-a2d9-a7a2dde52b18: valid; 1.1 s; peak memory 4276 MiB.
2026-09-26T15:43:14Z INFO [496/500] 18aeec16-d712-44e7-9735-d8ec874fbffa: valid; 2.3 s; peak memory 4283 MiB.
2026-09-26T15:43:16Z INFO [497/500] 18af5016-b4c5-4654-b695-ec42e323564e: valid; 1.9 s; peak memory 4283 MiB.
2026-09-26T15:43:19Z INFO [498/500] 18b15c4b-1034-4fd0-bf8d-8834ccf49ef1: valid; 2.5 s; peak memory 4283 MiB.
2026-09-26T15:43:25Z INFO [499/500] 18b1e921-a1d1-4692-88d1-7e283ead9e8a: valid; 6.4 s; peak memory 4283 MiB.
2026-09-26T15:43:27Z INFO [500/500] 18b2684e-0720-42a8-bade-988cab17c81b: not valid; 1.8 s; peak memory 4283 MiB.
2026-09-26T15:43:27Z INFO [500/500] 18b2684e-0720-42a8-bade-988cab17c81b: checkpointed 81010 records.
2026-09-26T15:43:28Z INFO Wrote 81010 records to /tmp/derivatives/content_id_to_valid_nwb_file.jsonl (481 new, 19 failed) in 29.3 min (peak memory 4283 MiB).
