2026-09-20T19:54:24Z INFO Logging to /tmp/logs/update_2026-09-20T19-54-24Z.log.
2026-09-20T19:54:24Z INFO Update content-id-to-valid-nwb-file (base directory /tmp).
2026-09-20T19:54:26Z INFO Processing 500 items (72010 already recorded).
2026-09-20T19:54:29Z INFO [1/500] 0af959da-0907-4187-8b27-28f06cb1eacd: not valid; 3.0 s; peak memory 343 MiB.
2026-09-20T19:54:31Z WARNING 0afa33f9-4ea9-4291-a895-04aa84223a15: failed while opening the NWB file (ConstructError: (root/acquisition/_iblmic_audioSpectrogram/bands GroupBuilder {'attributes': {'colnames': array(['freq'], dtype=object), 'description': 'spectogram frequencies', 'namespace': 'core', 'neurodata_type': 'FrequencyBandsTable', 'object_id': 'b9935901-784e-44d5-96b6-f5f99751e876'}, 'groups': {}, 'datasets': {'freq': root/acquisition/_iblmic_audioSpectrogram/bands/freq DatasetBuilder {'attributes': {'description': 'frequency value', 'namespace': 'hdmf-common', 'neurodata_type': 'VectorData', 'object_id': '63feccef-9f99-4bfd-aad9-d8f6788ec7bf'}, 'data': <HDF5 dataset "freq": shape (257,), type "<f4">}, 'id': root/acquisition/_iblmic_audioSpectrogram/bands/id DatasetBuilder {'attributes': {'namespace': 'hdmf-common', 'neurodata_type': 'ElementIdentifiers', 'object_id': 'df66b563-2434-402a-9e2e-baff7f5bc448'}, 'data': <HDF5 dataset "id": shape (257,), type "<i4">}}, 'links': {}}, "Could not construct FrequencyBandsTable object due to: column must have the same number of rows as 'id'"))
2026-09-20T19:54:32Z INFO [3/500] 0afa78e9-4b08-4a75-b8b3-1ef04e372b49: valid; 1.0 s; peak memory 355 MiB.
2026-09-20T19:54:34Z INFO [4/500] 0afad85c-193f-4a90-9079-8da081727143: not valid; 1.8 s; peak memory 361 MiB.
2026-09-20T19:54:36Z INFO [5/500] 0afb8ec1-79fd-43fc-8d2a-ec86cb0d5d18: valid; 1.3 s; peak memory 363 MiB.
2026-09-20T19:54:37Z INFO [6/500] 0afba705-3c1c-4d09-89b3-3554ebb03417: valid; 1.2 s; peak memory 366 MiB.
2026-09-20T19:54:38Z INFO [7/500] 0afbde31-a55d-4ea3-880a-40a8288b94b3: valid; 1.2 s; peak memory 368 MiB.
2026-09-20T19:54:41Z INFO [8/500] 0afc0cf5-ed8a-45dc-b0fb-27e0daac8a9f: valid; 2.9 s; peak memory 383 MiB.
2026-09-20T19:54:41Z WARNING 0afc164f-b7dd-4be6-bc1e-4ac529475561: failed while retrieving asset information from the DANDI API (NotFoundError: No asset at path 'sub-LG449/sub-LG449_ses-20250331_obj-1lfgbs7_ophys.nwb' in version 0.260915.2135. Verify the path is correct and the asset exists in this version. Use 'dandi ls' to list available assets.)
2026-09-20T19:54:43Z INFO [10/500] 0afca395-e5b3-4532-9d71-36dc4ea08944: valid; 2.2 s; peak memory 404 MiB.
2026-09-20T19:55:03Z INFO [11/500] 0afd213f-3936-471d-88f7-d71a3775938b: valid; 19.9 s; peak memory 518 MiB.
2026-09-20T19:55:07Z INFO [12/500] 0afe043a-5edc-4fb5-ac3d-dc02ea148ba9: not valid; 4.0 s; peak memory 525 MiB.
2026-09-20T19:55:09Z INFO [13/500] 0afe69c8-6d7a-4d45-bac6-4b5687ca31cb: valid; 1.4 s; peak memory 525 MiB.
2026-09-20T19:55:10Z INFO [14/500] 0afe6e2c-ddee-4ec9-8c1e-b7b0b41e03f1: not valid; 1.7 s; peak memory 525 MiB.
2026-09-20T19:55:18Z INFO [15/500] 0afee90f-aab3-4097-9b30-365e17f0d917: valid; 7.2 s; peak memory 525 MiB.
2026-09-20T19:55:19Z INFO [16/500] 0aff64f9-e99e-407b-a950-8bfc2170051d: valid; 1.3 s; peak memory 525 MiB.
2026-09-20T19:55:28Z INFO [17/500] 0aff987f-2fae-4f80-aeeb-b6449911f09d: valid; 9.2 s; peak memory 525 MiB.
2026-09-20T19:55:30Z INFO [18/500] 0affa9da-1cfe-4427-9432-fad6439f47ee: valid; 1.9 s; peak memory 525 MiB.
2026-09-20T19:55:31Z INFO [19/500] 0b001349-d3d3-4461-aef2-8639a82b172c: valid; 1.2 s; peak memory 525 MiB.
2026-09-20T19:55:34Z INFO [20/500] 0b010bab-a0ed-428f-93b1-d705b459eaff: valid; 3.3 s; peak memory 525 MiB.
2026-09-20T19:55:47Z INFO [21/500] 0b0164ee-dd7e-4530-b06d-d0b9f2ff1430: valid; 12.8 s; peak memory 561 MiB.
2026-09-20T19:55:48Z INFO [22/500] 0b01fe88-0867-462a-8f73-7ab9cfac037a: valid; 1.2 s; peak memory 563 MiB.
2026-09-20T19:55:51Z INFO [23/500] 0b027a03-fd2d-47fc-b554-5ed6fb9c9fd3: valid; 2.5 s; peak memory 582 MiB.
2026-09-20T19:56:04Z INFO [24/500] 0b02d10f-85bc-4047-a354-58fdfa676d8d: valid; 12.7 s; peak memory 716 MiB.
2026-09-20T19:56:14Z INFO [25/500] 0b0330b2-e100-4860-9ec0-b1d884d325ff: valid; 10.3 s; peak memory 716 MiB.
2026-09-20T19:56:15Z INFO [26/500] 0b03cd2f-1bbb-41d9-b950-15ca01d88eb5: not valid; 1.5 s; peak memory 716 MiB.
2026-09-20T19:56:17Z INFO [27/500] 0b047b9e-d595-424d-a365-37e6f8b8bf9b: valid; 1.2 s; peak memory 716 MiB.
2026-09-20T19:56:18Z INFO [28/500] 0b05746d-7e90-473f-9416-f61da4eefba0: valid; 1.8 s; peak memory 716 MiB.
2026-09-20T19:56:23Z INFO [29/500] 0b05d1e1-c960-42a1-b0d3-504205a20e14: not valid; 4.2 s; peak memory 716 MiB.
2026-09-20T19:56:29Z INFO [30/500] 0b066692-0a42-4c77-bb1a-dd3a53c6a505: valid; 6.6 s; peak memory 716 MiB.
2026-09-20T19:56:41Z INFO [31/500] 0b06e5d8-812b-45bd-8969-50dc710eaac0: valid; 11.6 s; peak memory 747 MiB.
2026-09-20T19:56:43Z INFO [32/500] 0b070d34-b3ce-41b2-afe0-1f7234119de0: valid; 1.8 s; peak memory 760 MiB.
2026-09-20T19:56:45Z INFO [33/500] 0b072aaa-720b-47e6-963f-ff4cd0a6446e: not valid; 2.1 s; peak memory 765 MiB.
2026-09-20T19:56:47Z INFO [34/500] 0b0743c0-01e9-4af8-aa21-ff9a521a2102: valid; 2.3 s; peak memory 765 MiB.
2026-09-20T19:56:48Z INFO [35/500] 0b07c672-0c3b-42ba-a8f3-ddbc014ce2d4: valid; 1.1 s; peak memory 765 MiB.
2026-09-20T19:56:48Z WARNING 0b07d389-2b4c-4b01-a76e-8a1c5cd3bcf7: failed while retrieving asset information from the DANDI API (NotFoundError: No asset at path 'sub-parkinson-simulated-beta/sub-parkinson-simulated-beta_ses-9999_ecephys.nwb' in version 0.250327.2220. Verify the path is correct and the asset exists in this version. Use 'dandi ls' to list available assets.)
2026-09-20T19:56:50Z INFO [37/500] 0b08ae48-0421-4111-88e4-ca4958ccfec1: not valid; 1.6 s; peak memory 765 MiB.
2026-09-20T19:56:52Z INFO [38/500] 0b0a1f81-b472-4ae5-aab5-c31502429a51: valid; 1.9 s; peak memory 765 MiB.
2026-09-20T19:56:54Z WARNING 0b0aa692-8a8d-48a7-a9f0-d8f659d6a35e: failed while opening the NWB file (ConstructError: (root/acquisition/_iblmic_audioSpectrogram/bands GroupBuilder {'attributes': {'colnames': array(['freq'], dtype=object), 'description': 'spectogram frequencies', 'namespace': 'core', 'neurodata_type': 'FrequencyBandsTable', 'object_id': 'afc4c2cd-84dd-4742-ad0e-d317672470f5'}, 'groups': {}, 'datasets': {'freq': root/acquisition/_iblmic_audioSpectrogram/bands/freq DatasetBuilder {'attributes': {'description': 'frequency value', 'namespace': 'hdmf-common', 'neurodata_type': 'VectorData', 'object_id': '6592fcca-c13d-4961-92b2-2b0b3bef9945'}, 'data': <HDF5 dataset "freq": shape (257,), type "<f4">}, 'id': root/acquisition/_iblmic_audioSpectrogram/bands/id DatasetBuilder {'attributes': {'namespace': 'hdmf-common', 'neurodata_type': 'ElementIdentifiers', 'object_id': '0c169247-cbe7-48ef-a0c5-f7c66915e20c'}, 'data': <HDF5 dataset "id": shape (257,), type "<i4">}}, 'links': {}}, "Could not construct FrequencyBandsTable object due to: column must have the same number of rows as 'id'"))
2026-09-20T19:56:57Z INFO [40/500] 0b0b3f6f-fff9-4ab6-93bd-b64dc78d0caf: not valid; 3.3 s; peak memory 765 MiB.
2026-09-20T19:56:58Z INFO [41/500] 0b0b7537-2b71-483b-922e-26a4d80aa959: valid; 1.1 s; peak memory 765 MiB.
2026-09-20T19:57:00Z INFO [42/500] 0b0bd7b2-3fa6-4d32-a5eb-8495395da999: valid; 1.7 s; peak memory 765 MiB.
2026-09-20T19:57:01Z INFO [43/500] 0b0bd9a1-6f50-4c90-907c-306fd9187661: valid; 1.4 s; peak memory 765 MiB.
2026-09-20T19:57:03Z INFO [44/500] 0b0c6671-c22e-4613-8cd7-c75f600eceb0: valid; 1.8 s; peak memory 765 MiB.
2026-09-20T19:57:04Z INFO [45/500] 0b0c703c-cd2a-41da-8b20-3e45f361df79: not valid; 1.4 s; peak memory 765 MiB.
2026-09-20T19:57:05Z INFO [46/500] 0b0ca92b-dfc9-420c-b29e-ecf1ae5ecad8: valid; 1.2 s; peak memory 765 MiB.
2026-09-20T19:57:07Z INFO [47/500] 0b0cfc02-1015-4cdc-bb8f-5ab325a749a6: not valid; 1.7 s; peak memory 765 MiB.
2026-09-20T19:57:08Z INFO [48/500] 0b0d2cc5-42e9-4826-8202-9913dc61933d: valid; 1.2 s; peak memory 765 MiB.
2026-09-20T19:57:10Z INFO [49/500] 0b0dc8fe-6e5b-4933-8da2-ef3de24f6d83: valid; 1.7 s; peak memory 765 MiB.
2026-09-20T19:57:12Z INFO [50/500] 0b0dd946-873a-451c-ae8a-7184d4b911d7: valid; 2.1 s; peak memory 765 MiB.
2026-09-20T19:57:13Z INFO [50/500] 0b0dd946-873a-451c-ae8a-7184d4b911d7: checkpointed 72060 records.
2026-09-20T19:57:15Z INFO [51/500] 0b0ea95a-a753-4cd9-83b8-bb32f73470be: not valid; 1.6 s; peak memory 765 MiB.
2026-09-20T19:57:17Z INFO [52/500] 0b0edf71-57f7-4725-856d-722f65502c7a: valid; 2.6 s; peak memory 765 MiB.
2026-09-20T19:57:19Z INFO [53/500] 0b0f05cc-121d-4ffa-95be-a2f555aaa236: not valid; 1.6 s; peak memory 765 MiB.
2026-09-20T19:57:22Z INFO [54/500] 0b0f4166-271e-414b-be4e-db992084061c: valid; 2.8 s; peak memory 765 MiB.
2026-09-20T19:57:23Z INFO [55/500] 0b1086cf-069a-4e0b-90a0-bfb868aec024: not valid; 1.5 s; peak memory 765 MiB.
2026-09-20T19:57:28Z INFO [56/500] 0b108be4-36a3-4958-bb10-b53232fbc0e8: valid; 4.6 s; peak memory 765 MiB.
2026-09-20T19:57:29Z INFO [57/500] 0b111e3f-8262-4c16-ae03-22db6f76a2c8: valid; 1.2 s; peak memory 765 MiB.
2026-09-20T19:57:35Z INFO [58/500] 0b11297d-fad3-4394-9830-fb738400580e: valid; 6.4 s; peak memory 765 MiB.
2026-09-20T19:57:38Z INFO [59/500] 0b11cf19-6b8a-4885-864c-3831252faeeb: valid; 2.9 s; peak memory 765 MiB.
2026-09-20T19:57:41Z INFO [60/500] 0b12375f-9b5f-4c6c-b06c-5c68df38f91d: valid; 2.7 s; peak memory 765 MiB.
2026-09-20T19:57:43Z INFO [61/500] 0b130a84-f9ef-4fa7-b7f8-1316775f8797: valid; 2.6 s; peak memory 765 MiB.
2026-09-20T19:57:46Z INFO [62/500] 0b132fe0-e035-4bc3-8ee8-97922da91591: valid; 2.6 s; peak memory 765 MiB.
2026-09-20T19:57:47Z INFO [63/500] 0b13567f-e19a-4f7a-879b-ef79a1a4e435: valid; 1.5 s; peak memory 765 MiB.
2026-09-20T19:57:49Z INFO [64/500] 0b13b022-ba1f-4d3b-ad99-dc7c00bc83c6: valid; 1.9 s; peak memory 765 MiB.
2026-09-20T19:58:04Z INFO [65/500] 0b13fd06-a888-45d3-ab8d-c462c6d4078f: valid; 15.1 s; peak memory 983 MiB.
2026-09-20T19:58:07Z INFO [66/500] 0b140668-8aef-47bd-984a-57d5dc37fec1: valid; 3.1 s; peak memory 983 MiB.
2026-09-20T19:58:09Z INFO [67/500] 0b140c93-49c9-4815-ad98-a47e04df9969: valid; 1.9 s; peak memory 983 MiB.
2026-09-20T19:58:22Z INFO [68/500] 0b144ccd-9078-4bae-abb8-c58784bffaca: valid; 13.0 s; peak memory 1038 MiB.
2026-09-20T19:58:24Z WARNING 0b14637f-1f13-44cd-ba28-13691bb49025: failed while opening the NWB file (ConstructError: (root/acquisition/_iblmic_audioSpectrogram/bands GroupBuilder {'attributes': {'colnames': array(['freq'], dtype=object), 'description': 'spectogram frequencies', 'namespace': 'core', 'neurodata_type': 'FrequencyBandsTable', 'object_id': 'e60a3779-af04-4e94-beaf-1c2e9a612054'}, 'groups': {}, 'datasets': {'freq': root/acquisition/_iblmic_audioSpectrogram/bands/freq DatasetBuilder {'attributes': {'description': 'frequency value', 'namespace': 'hdmf-common', 'neurodata_type': 'VectorData', 'object_id': '25331705-6822-48dc-8331-ae727fa36dcb'}, 'data': <HDF5 dataset "freq": shape (257,), type "<f4">}, 'id': root/acquisition/_iblmic_audioSpectrogram/bands/id DatasetBuilder {'attributes': {'namespace': 'hdmf-common', 'neurodata_type': 'ElementIdentifiers', 'object_id': 'f2f77093-252e-4d81-a14f-620fe488e929'}, 'data': <HDF5 dataset "id": shape (257,), type "<i4">}}, 'links': {}}, "Could not construct FrequencyBandsTable object due to: column must have the same number of rows as 'id'"))
2026-09-20T19:58:42Z INFO [70/500] 0b148e20-06ac-48dd-9555-320756680398: not valid; 17.9 s; peak memory 1078 MiB.
2026-09-20T19:58:44Z INFO [71/500] 0b14a359-d461-4b79-a076-04fda88e2892: valid; 1.8 s; peak memory 1089 MiB.
2026-09-20T19:58:46Z WARNING 0b14e244-e750-4023-897e-607bf1f4df94: failed while opening the NWB file (ValueError: Cannot resolve included group spec 'electrodes' with data_type_inc 'ElectrodesTable' because a group spec with the same name already exists with data_type_inc 'DynamicTable', and data type 'DynamicTable' is not a child type of data type 'ElectrodesTable'.)
2026-09-20T19:58:47Z INFO [73/500] 0b153acc-e280-4929-9436-20d76beff624: valid; 1.7 s; peak memory 1094 MiB.
2026-09-20T19:58:49Z INFO [74/500] 0b153bdd-926e-41ee-b193-9621feefcea2: valid; 1.4 s; peak memory 1097 MiB.
2026-09-20T19:58:51Z WARNING 0b158e40-8a47-4b65-b606-12d51f5d0797: failed while opening the NWB file (ConstructError: (root/acquisition/_iblmic_audioSpectrogram/bands GroupBuilder {'attributes': {'colnames': array(['freq'], dtype=object), 'description': 'spectogram frequencies', 'namespace': 'core', 'neurodata_type': 'FrequencyBandsTable', 'object_id': 'c53b8469-1eea-418c-a788-e9d21ad5ae33'}, 'groups': {}, 'datasets': {'freq': root/acquisition/_iblmic_audioSpectrogram/bands/freq DatasetBuilder {'attributes': {'description': 'frequency value', 'namespace': 'hdmf-common', 'neurodata_type': 'VectorData', 'object_id': 'b256a8e6-017f-4cde-acca-ac0ecd286a08'}, 'data': <HDF5 dataset "freq": shape (257,), type "<f4">}, 'id': root/acquisition/_iblmic_audioSpectrogram/bands/id DatasetBuilder {'attributes': {'namespace': 'hdmf-common', 'neurodata_type': 'ElementIdentifiers', 'object_id': '038c983a-e54a-4484-a13f-6090427ff2de'}, 'data': <HDF5 dataset "id": shape (257,), type "<i4">}}, 'links': {}}, "Could not construct FrequencyBandsTable object due to: column must have the same number of rows as 'id'"))
2026-09-20T19:58:53Z INFO [76/500] 0b168f2a-3ba4-4292-99d2-e4ea750ee6bb: valid; 2.0 s; peak memory 1101 MiB.
2026-09-20T19:58:54Z INFO [77/500] 0b170191-8357-4511-bb30-96428a1f3717: valid; 1.2 s; peak memory 1101 MiB.
2026-09-20T19:59:19Z INFO [78/500] 0b1737ed-bdd4-48d0-b0df-5daf258a171b: valid; 24.8 s; peak memory 1101 MiB.
2026-09-20T19:59:20Z INFO [79/500] 0b1751d9-c838-45e0-bcd7-00b485df86cb: valid; 1.7 s; peak memory 1101 MiB.
2026-09-20T19:59:27Z INFO [80/500] 0b17d3eb-7c09-4746-8039-460fd8899511: valid; 7.0 s; peak memory 1101 MiB.
2026-09-20T19:59:29Z WARNING 0b188f2d-416d-47f1-b1e6-432eeae16d9c: failed while opening the NWB file (ConstructError: (root/acquisition/_iblmic_audioSpectrogram/bands GroupBuilder {'attributes': {'colnames': array(['freq'], dtype=object), 'description': 'spectogram frequencies', 'namespace': 'core', 'neurodata_type': 'FrequencyBandsTable', 'object_id': '21ff18e0-53d3-4de9-96d0-f13bb480884a'}, 'groups': {}, 'datasets': {'freq': root/acquisition/_iblmic_audioSpectrogram/bands/freq DatasetBuilder {'attributes': {'description': 'frequency value', 'namespace': 'hdmf-common', 'neurodata_type': 'VectorData', 'object_id': '4de1b750-ef71-4cd7-bc84-8a575168c9f2'}, 'data': <HDF5 dataset "freq": shape (257,), type "<f4">}, 'id': root/acquisition/_iblmic_audioSpectrogram/bands/id DatasetBuilder {'attributes': {'namespace': 'hdmf-common', 'neurodata_type': 'ElementIdentifiers', 'object_id': '363b1cf5-9dae-4e7f-902f-f94d091082fa'}, 'data': <HDF5 dataset "id": shape (257,), type "<i4">}}, 'links': {}}, "Could not construct FrequencyBandsTable object due to: column must have the same number of rows as 'id'"))
2026-09-20T19:59:38Z INFO [82/500] 0b1915eb-ea6c-4bc7-8110-b235ad1ac4c3: valid; 8.9 s; peak memory 1101 MiB.
2026-09-20T19:59:48Z INFO [83/500] 0b1918db-80bd-4295-ae37-1b07e7f952e2: valid; 10.4 s; peak memory 1120 MiB.
2026-09-20T19:59:49Z INFO [84/500] 0b195e2a-f0a1-4078-b28c-4f38c40081a1: valid; 1.2 s; peak memory 1123 MiB.
2026-09-20T19:59:51Z INFO [85/500] 0b19f873-f537-4388-87bf-ee8622c0e4b5: valid; 1.9 s; peak memory 1126 MiB.
2026-09-20T19:59:52Z INFO [86/500] 0b1a246d-01d0-4adc-a54f-e528a2d4280c: not valid; 1.1 s; peak memory 1126 MiB.
2026-09-20T19:59:57Z INFO [87/500] 0b1a420d-17c3-410d-aba1-89fd9d46f36a: valid; 4.6 s; peak memory 1127 MiB.
2026-09-20T19:59:59Z INFO [88/500] 0b1a66b8-0bd0-4d95-b240-21c6d3d6500c: valid; 2.0 s; peak memory 1127 MiB.
2026-09-20T20:00:00Z INFO [89/500] 0b1b8f06-b25e-4206-b69e-11f241e40fca: valid; 1.3 s; peak memory 1127 MiB.
2026-09-20T20:00:02Z INFO [90/500] 0b1bd3a8-31c8-4030-8652-667bf2fe6233: not valid; 1.4 s; peak memory 1127 MiB.
2026-09-20T20:00:03Z WARNING 0b1bd3d1-58ee-4ed6-b251-d6fd0f795931: failed while opening the NWB file (ValueError: Cannot resolve included group spec 'electrodes' with data_type_inc 'ElectrodesTable' because a group spec with the same name already exists with data_type_inc 'DynamicTable', and data type 'DynamicTable' is not a child type of data type 'ElectrodesTable'.)
2026-09-20T20:00:05Z INFO [92/500] 0b1c096f-2ba8-4fe3-942f-8e5cf83611eb: not valid; 1.5 s; peak memory 1127 MiB.
2026-09-20T20:00:06Z INFO [93/500] 0b1c0ebc-8643-4e84-a3b3-e7437dd44098: not valid; 1.6 s; peak memory 1127 MiB.
2026-09-20T20:00:08Z INFO [94/500] 0b1caea8-ffb5-4062-816f-307577a45c63: valid; 1.3 s; peak memory 1127 MiB.
2026-09-20T20:00:09Z INFO [95/500] 0b1d736d-ba61-4b73-9451-f572e04c62d4: not valid; 1.6 s; peak memory 1127 MiB.
2026-09-20T20:00:15Z INFO [96/500] 0b1d9622-7cd1-4ad0-ac68-c080c27b14e5: valid; 5.7 s; peak memory 1127 MiB.
2026-09-20T20:00:16Z INFO [97/500] 0b1d98f8-70d5-436c-8a66-aa64ad11ee1d: valid; 1.0 s; peak memory 1127 MiB.
2026-09-20T20:00:17Z INFO [98/500] 0b1f206e-1aff-40d9-b14c-e7b574cfd160: not valid; 1.6 s; peak memory 1127 MiB.
2026-09-20T20:00:19Z INFO [99/500] 0b1f5481-f006-400d-9671-8594365359b8: valid; 1.2 s; peak memory 1127 MiB.
2026-09-20T20:00:21Z INFO [100/500] 0b1fd5c3-2bff-4624-a677-509a1e9c22fa: not valid; 1.9 s; peak memory 1127 MiB.
2026-09-20T20:00:21Z INFO [100/500] 0b1fd5c3-2bff-4624-a677-509a1e9c22fa: checkpointed 72110 records.
2026-09-20T20:00:27Z INFO [101/500] 0b1fff1c-d192-4be1-b10b-6d4a4eb1dfd6: valid; 5.4 s; peak memory 1127 MiB.
2026-09-20T20:00:29Z INFO [102/500] 0b207236-a71f-4baf-b90e-d4c31160d487: valid; 2.0 s; peak memory 1127 MiB.
2026-09-20T20:00:31Z INFO [103/500] 0b20bc75-27be-46b6-bf35-3f4b37f35f31: valid; 2.2 s; peak memory 1127 MiB.
2026-09-20T20:00:32Z INFO [104/500] 0b2137a5-eec7-494d-94b3-524ce96c8de3: not valid; 1.4 s; peak memory 1127 MiB.
2026-09-20T20:00:36Z INFO [105/500] 0b217074-c987-4d04-b63f-64e54adf4495: not valid; 4.0 s; peak memory 1127 MiB.
2026-09-20T20:00:38Z INFO [106/500] 0b21c438-12d7-43f8-8222-5c9ca072db27: valid; 1.9 s; peak memory 1127 MiB.
2026-09-20T20:00:39Z INFO [107/500] 0b22a1f3-d4cc-4e1a-ae28-9f2a54233e84: valid; 1.5 s; peak memory 1127 MiB.
2026-09-20T20:00:41Z INFO [108/500] 0b240139-7927-4c15-9841-602f3634a00a: valid; 1.8 s; peak memory 1127 MiB.
2026-09-20T20:00:43Z INFO [109/500] 0b2574bf-156c-4870-b981-86d84ebe7262: valid; 2.0 s; peak memory 1127 MiB.
2026-09-20T20:00:45Z INFO [110/500] 0b26aa9b-ad07-4e67-97b7-17a52e22408a: not valid; 1.6 s; peak memory 1127 MiB.
2026-09-20T20:00:48Z INFO [111/500] 0b26edd8-7f95-4ec6-ad75-f09e34ebb64e: valid; 3.1 s; peak memory 1127 MiB.
2026-09-20T20:03:14Z INFO [112/500] 0b2719b6-bdcd-4f90-b8b4-d6d5e30da392: valid; 145.9 s; peak memory 1540 MiB.
2026-09-20T20:03:15Z INFO [113/500] 0b279b5c-3981-460b-98e2-c024ee1b2586: valid; 1.5 s; peak memory 1540 MiB.
2026-09-20T20:03:17Z INFO [114/500] 0b27de9b-c376-4285-9717-7ad213eae955: valid; 1.7 s; peak memory 1540 MiB.
2026-09-20T20:03:17Z WARNING 0b27ff72-9508-45ad-96e0-6ee0de3b94b1: failed while retrieving asset information from the DANDI API (NotFoundError: No such Dandiset: 000948)
2026-09-20T20:03:19Z INFO [116/500] 0b2899b5-d78f-48f3-a59a-d3fdf691f966: valid; 2.0 s; peak memory 1540 MiB.
2026-09-20T20:03:22Z INFO [117/500] 0b2925d2-3d1e-473d-894b-f0eeb84dd8b0: valid; 2.9 s; peak memory 1540 MiB.
2026-09-20T20:03:24Z INFO [118/500] 0b29e3ee-1841-47b4-a9a8-63fef07b6ca4: not valid; 1.6 s; peak memory 1540 MiB.
2026-09-20T20:03:25Z INFO [119/500] 0b2a9b1b-5c69-49b0-9f8b-3e14857f0944: valid; 1.2 s; peak memory 1540 MiB.
2026-09-20T20:03:39Z INFO [120/500] 0b2b0855-5c0c-429b-a196-902d5b101722: valid; 14.2 s; peak memory 1540 MiB.
2026-09-20T20:03:41Z INFO [121/500] 0b2b1b2c-1544-4159-a70c-b8548288849b: not valid; 1.7 s; peak memory 1540 MiB.
2026-09-20T20:03:48Z INFO [122/500] 0b2c62de-4220-4af7-8507-d724a4389560: valid; 7.1 s; peak memory 1540 MiB.
2026-09-20T20:03:48Z WARNING 0b2cef56-ccc4-4440-97eb-08b6adb323b5: failed while retrieving asset information from the DANDI API (NotFoundError: No asset at path 'sub-F13/sub-F13_ses-TD2NoShock_behavior.nwb' in version 0.260902.1724. Verify the path is correct and the asset exists in this version. Use 'dandi ls' to list available assets.)
2026-09-20T20:03:49Z INFO [124/500] 0b2dd134-8cc5-4dc9-af5a-ff04b8fe32a8: valid; 1.2 s; peak memory 1540 MiB.
2026-09-20T20:03:51Z INFO [125/500] 0b2e08bd-1afc-4277-9227-da35158ce7d4: not valid; 1.6 s; peak memory 1540 MiB.
2026-09-20T20:03:52Z INFO [126/500] 0b2e2421-5df3-49f3-ad03-350004f315d5: valid; 1.2 s; peak memory 1540 MiB.
2026-09-20T20:04:02Z INFO [127/500] 0b2f37af-7433-4c45-9c1a-e3e8c356183e: valid; 9.7 s; peak memory 1551 MiB.
2026-09-20T20:04:05Z INFO [128/500] 0b2ff777-693a-4bb2-bd0f-7c9f7705debf: valid; 2.7 s; peak memory 1552 MiB.
2026-09-20T20:04:06Z INFO [129/500] 0b2ffa75-c9a1-4bcc-a36c-675ed84cf1f7: valid; 2.0 s; peak memory 1554 MiB.
2026-09-20T20:04:13Z INFO [130/500] 0b309d70-80bd-4c15-8822-ac18c5d3eca2: valid; 7.0 s; peak memory 1733 MiB.
2026-09-20T20:04:15Z INFO [131/500] 0b323e98-bacb-419b-b23a-a4677b0da91d: valid; 1.1 s; peak memory 1733 MiB.
2026-09-20T20:04:16Z INFO [132/500] 0b32a99b-65d8-4454-a49d-32e7243f158d: valid; 1.3 s; peak memory 1733 MiB.
2026-09-20T20:04:18Z INFO [133/500] 0b32e366-4d8c-4116-be6c-81e7208b3f36: valid; 2.3 s; peak memory 1733 MiB.
2026-09-20T20:04:19Z INFO [134/500] 0b332bc1-b791-45ec-9631-f7ca05530231: valid; 1.2 s; peak memory 1733 MiB.
2026-09-20T20:04:20Z INFO [135/500] 0b33619d-020b-4094-b647-112caa8ab693: valid; 1.2 s; peak memory 1733 MiB.
2026-09-20T20:04:22Z INFO [136/500] 0b336393-ee2a-41b3-b363-fd1d6efe0c5d: valid; 1.8 s; peak memory 1733 MiB.
2026-09-20T20:04:25Z INFO [137/500] 0b338f75-e1f8-444f-bd23-b8d8518cf2ec: valid; 2.3 s; peak memory 1733 MiB.
2026-09-20T20:04:26Z INFO [138/500] 0b34330d-2c83-4f10-b294-9aabe6004bb9: valid; 1.8 s; peak memory 1733 MiB.
2026-09-20T20:04:28Z INFO [139/500] 0b34a5e8-4786-4e5c-8fb9-fc0fa220ced2: valid; 1.8 s; peak memory 1733 MiB.
2026-09-20T20:04:30Z INFO [140/500] 0b34c2a6-c2f5-436e-bedd-08ff1cfff808: valid; 1.3 s; peak memory 1733 MiB.
2026-09-20T20:04:32Z INFO [141/500] 0b3547b2-1a38-4488-a736-59bd0cbe2897: valid; 2.7 s; peak memory 1733 MiB.
2026-09-20T20:04:34Z WARNING 0b356353-04cb-47f3-9bf7-e57e7ed64d33: failed while opening the NWB file (ConstructError: (root/acquisition/event_code_meanings GroupBuilder {'attributes': {'colnames': array(['value', 'meaning'], dtype=object), 'description': 'Mapping integer event codes to event labels', 'namespace': 'ndx-events', 'neurodata_type': 'MeaningsTable', 'object_id': '89fc8e14-585c-435f-8a3d-9cd4a3a2b098'}, 'groups': {}, 'datasets': {'id': root/acquisition/event_code_meanings/id DatasetBuilder {'attributes': {'namespace': 'hdmf-common', 'neurodata_type': 'ElementIdentifiers', 'object_id': 'dfc7a525-18c1-492f-b9d8-78ea09d508f5'}, 'data': <HDF5 dataset "id": shape (26,), type "<i8">}, 'meaning': root/acquisition/event_code_meanings/meaning DatasetBuilder {'attributes': {'description': 'The meaning of the value in the parent CategoricalVectorData object.', 'namespace': 'hdmf-experimental', 'neurodata_type': 'VectorData', 'object_id': '939508d4-9504-4401-9a5e-b1ebb9b61492'}, 'data': <StrDataset for HDF5 dataset "meaning": shape (26,), type "|O">}, 'value': root/acquisition/event_code_meanings/value DatasetBuilder {'attributes': {'description': 'The value of the parent CategoricalVectorData object.', 'namespace': 'hdmf-experimental', 'neurodata_type': 'VectorData', 'object_id': 'a21d6eca-75d9-461a-8f0f-6f3f9563b966'}, 'data': <HDF5 dataset "value": shape (26,), type "<i8">}}, 'links': {}}, "Could not construct MeaningsTable object due to: MeaningsTable.__init__: missing argument 'target'"))
2026-09-20T20:04:36Z INFO [143/500] 0b359c34-a945-483e-a518-44f3e5255e7f: valid; 1.8 s; peak memory 1733 MiB.
2026-09-20T20:04:37Z INFO [144/500] 0b3608b7-b509-4f69-84e8-8e60f5184c42: valid; 1.3 s; peak memory 1733 MiB.
2026-09-20T20:04:39Z INFO [145/500] 0b36f13d-9ddc-42e3-ab7f-d5b148dfa5cd: valid; 2.5 s; peak memory 1733 MiB.
2026-09-20T20:04:43Z INFO [146/500] 0b380c64-939d-4092-8f4e-a2310ae85ab5: valid; 4.0 s; peak memory 1733 MiB.
2026-09-20T20:04:53Z INFO [147/500] 0b384237-969f-47c0-9d3b-582ce7fc624a: not valid; 9.8 s; peak memory 1740 MiB.
2026-09-20T20:04:54Z INFO [148/500] 0b39222d-8556-4f68-aa49-363144913a60: valid; 1.2 s; peak memory 1742 MiB.
2026-09-20T20:04:57Z INFO [149/500] 0b39b14c-add7-4ad6-ae87-242a0d56547a: valid; 2.2 s; peak memory 1745 MiB.
2026-09-20T20:04:59Z INFO [150/500] 0b39f342-a2a4-477c-807a-9659ef3b03ee: valid; 1.9 s; peak memory 1748 MiB.
2026-09-20T20:04:59Z INFO [150/500] 0b39f342-a2a4-477c-807a-9659ef3b03ee: checkpointed 72160 records.
2026-09-20T20:05:04Z INFO [151/500] 0b3a64b2-8589-4307-8493-336707bdfe21: valid; 4.7 s; peak memory 1754 MiB.
2026-09-20T20:05:07Z INFO [152/500] 0b3b55ce-8fb5-464e-a1ce-7079099dff7d: not valid; 3.1 s; peak memory 1754 MiB.
2026-09-20T20:05:08Z INFO [153/500] 0b3b86fd-3a30-44fb-9b07-6d365bbcfe20: valid; 1.3 s; peak memory 1754 MiB.
2026-09-20T20:05:10Z INFO [154/500] 0b3c8940-41b2-4aa2-b7f5-9e509acac302: not valid; 1.3 s; peak memory 1754 MiB.
2026-09-20T20:05:22Z INFO [155/500] 0b3c9831-4a16-457a-a260-9d11ad6313b5: valid; 12.1 s; peak memory 1873 MiB.
2026-09-20T20:05:24Z INFO [156/500] 0b3d8149-7e69-4fb2-91d3-8d2afe09b719: valid; 1.7 s; peak memory 1873 MiB.
2026-09-20T20:05:25Z INFO [157/500] 0b3da296-e1cf-40ba-aac2-7a2fecec7df6: valid; 1.2 s; peak memory 1873 MiB.
2026-09-20T20:05:26Z INFO [158/500] 0b3e4711-343e-4cc0-b9b8-4d422548972c: not valid; 1.2 s; peak memory 1873 MiB.
2026-09-20T20:05:28Z INFO [159/500] 0b3e9de9-773a-4fae-bcc7-8e55a1ef6582: valid; 1.9 s; peak memory 1873 MiB.
2026-09-20T20:05:30Z INFO [160/500] 0b3e9eb4-6f39-4b6e-a97a-adb499c47239: valid; 2.2 s; peak memory 1873 MiB.
2026-09-20T20:05:54Z INFO [161/500] 0b3eb498-838f-457a-bb9a-b444d41c5a8d: not valid; 24.2 s; peak memory 1946 MiB.
2026-09-20T20:06:01Z INFO [162/500] 0b3f2c8c-2f2a-44c4-bc84-3ce52b8a84c0: valid; 6.8 s; peak memory 1953 MiB.
2026-09-20T20:06:03Z INFO [163/500] 0b3f3640-d3db-4b1d-ad75-649fac331b6f: valid; 2.0 s; peak memory 1963 MiB.
2026-09-20T20:06:05Z INFO [164/500] 0b3f4edb-1787-44a4-b96e-91162aca788d: not valid; 2.0 s; peak memory 1966 MiB.
2026-09-20T20:06:06Z INFO [165/500] 0b4026bf-8939-4030-a98f-d9295992be05: not valid; 1.4 s; peak memory 1966 MiB.
2026-09-20T20:06:08Z INFO [166/500] 0b40287e-8e0d-49ff-b7d1-a5c09ff1bdc3: valid; 1.2 s; peak memory 1966 MiB.
2026-09-20T20:06:08Z WARNING 0b40c6b7-a4c0-43e5-82f6-a571956a719f: failed while retrieving asset information from the DANDI API (NotFoundError: No asset at path 'sub-EPCNHP1/sub-EPCNHP1_ses-2019-11-25-007_ecephys.nwb' in version 0.240701.1903. Verify the path is correct and the asset exists in this version. Use 'dandi ls' to list available assets.)
2026-09-20T20:06:09Z INFO [168/500] 0b42baaa-1d2c-459a-a61e-49d22b93c63e: valid; 1.0 s; peak memory 1966 MiB.
2026-09-20T20:06:09Z WARNING 0b42e688-0dd8-48cc-b8de-31c3bf56cfa9: failed while retrieving asset information from the DANDI API (NotFoundError: No asset at path 'behavior_749472_2025-01-09_13-56-02_combined.nwb.zarr' in version draft. Verify the path is correct and the asset exists in this version. Use 'dandi ls' to list available assets.)
2026-09-20T20:06:10Z INFO [170/500] 0b42e9b8-abdf-4b88-bebe-0f22e89d450c: valid; 1.2 s; peak memory 1966 MiB.
2026-09-20T20:06:12Z INFO [171/500] 0b43bc0a-e7a0-406f-b17c-3803396cd68f: valid; 1.5 s; peak memory 1966 MiB.
2026-09-20T20:06:13Z INFO [172/500] 0b44c302-629e-413f-b1d3-c642e104ffd3: valid; 1.2 s; peak memory 1966 MiB.
2026-09-20T20:06:15Z INFO [173/500] 0b44c986-19aa-4abe-897d-3a0678574f82: not valid; 1.6 s; peak memory 1966 MiB.
2026-09-20T20:06:22Z INFO [174/500] 0b44fdc7-f631-4ebc-99ab-3db90dcd5d98: valid; 7.0 s; peak memory 1967 MiB.
2026-09-20T20:06:23Z INFO [175/500] 0b450111-d416-4ce8-88ee-483ed81b43fe: valid; 1.3 s; peak memory 1970 MiB.
2026-09-20T20:06:25Z INFO [176/500] 0b45608f-d656-4be1-b28f-3fc06d2acbc4: valid; 2.4 s; peak memory 1973 MiB.
2026-09-20T20:06:26Z INFO [177/500] 0b456c21-bd29-49ab-b6c1-a4bb6805dee1: valid; 1.1 s; peak memory 1974 MiB.
2026-09-20T20:06:28Z INFO [178/500] 0b4589b4-3f47-4822-a0c3-67e56875c74a: valid; 1.2 s; peak memory 1976 MiB.
2026-09-20T20:06:29Z INFO [179/500] 0b46245f-b35b-4dc8-93cd-1a0c6e25bf9d: valid; 1.7 s; peak memory 1985 MiB.
2026-09-20T20:06:31Z INFO [180/500] 0b466329-0780-4d14-9b4e-c7274d76aa85: not valid; 1.4 s; peak memory 1988 MiB.
2026-09-20T20:06:33Z INFO [181/500] 0b468400-5d4d-4faf-bc1a-58af167326af: valid; 2.0 s; peak memory 1992 MiB.
2026-09-20T20:06:44Z INFO [182/500] 0b46a676-9687-4612-8aee-f882e512f2e5: valid; 10.9 s; peak memory 2208 MiB.
2026-09-20T20:06:46Z INFO [183/500] 0b479f50-474c-4d5c-bb9e-5860859b1610: valid; 2.1 s; peak memory 2208 MiB.
2026-09-20T20:06:48Z INFO [184/500] 0b47f65a-62f1-4a31-9c18-80395815e9d8: valid; 2.0 s; peak memory 2208 MiB.
2026-09-20T20:06:49Z INFO [185/500] 0b483d43-a52b-43eb-b51d-5322a9d2bfbb: not valid; 1.5 s; peak memory 2208 MiB.
2026-09-20T20:06:50Z INFO [186/500] 0b49e2e6-6290-45a2-b164-5c64c17d40ee: valid; 1.2 s; peak memory 2208 MiB.
2026-09-20T20:06:52Z INFO [187/500] 0b4a0a1c-5263-422b-ab26-692ba7b5690b: valid; 1.3 s; peak memory 2208 MiB.
2026-09-20T20:06:53Z INFO [188/500] 0b4a4659-d84c-403c-aa1d-86af47100770: valid; 1.2 s; peak memory 2208 MiB.
2026-09-20T20:06:55Z INFO [189/500] 0b4af40a-ddbe-4ad1-b721-4973b4db278b: valid; 2.1 s; peak memory 2208 MiB.
2026-09-20T20:06:57Z WARNING 0b4b0825-0a5a-42bd-919a-9e3ba3f6d202: failed while opening the NWB file (ConstructError: (root/acquisition/_iblmic_audioSpectrogram/bands GroupBuilder {'attributes': {'colnames': array(['freq'], dtype=object), 'description': 'spectogram frequencies', 'namespace': 'core', 'neurodata_type': 'FrequencyBandsTable', 'object_id': '63d071d8-c987-45f5-ac07-f4880724f3fb'}, 'groups': {}, 'datasets': {'freq': root/acquisition/_iblmic_audioSpectrogram/bands/freq DatasetBuilder {'attributes': {'description': 'frequency value', 'namespace': 'hdmf-common', 'neurodata_type': 'VectorData', 'object_id': '93af5c18-2919-4989-9bac-ac09fd184e7f'}, 'data': <HDF5 dataset "freq": shape (257,), type "<f4">}, 'id': root/acquisition/_iblmic_audioSpectrogram/bands/id DatasetBuilder {'attributes': {'namespace': 'hdmf-common', 'neurodata_type': 'ElementIdentifiers', 'object_id': '9b36332c-bf7d-4c21-8a3c-d6d90c141cdf'}, 'data': <HDF5 dataset "id": shape (257,), type "<i4">}}, 'links': {}}, "Could not construct FrequencyBandsTable object due to: column must have the same number of rows as 'id'"))
2026-09-20T20:06:59Z INFO [191/500] 0b4b8950-e0c9-49a4-b480-eef029e69d81: valid; 2.1 s; peak memory 2208 MiB.
2026-09-20T20:07:01Z INFO [192/500] 0b4c7afe-a47c-4b90-a83d-0d836f556bf3: valid; 2.2 s; peak memory 2208 MiB.
2026-09-20T20:07:03Z INFO [193/500] 0b4ca8a8-4100-4b24-b752-c8d961441986: valid; 2.0 s; peak memory 2208 MiB.
2026-09-20T20:07:04Z INFO [194/500] 0b4cd329-30b8-4dc4-a799-409149521d7d: valid; 1.2 s; peak memory 2208 MiB.
2026-09-20T20:07:06Z INFO [195/500] 0b4d0989-9193-46eb-b500-2f56b1416880: valid; 1.3 s; peak memory 2208 MiB.
2026-09-20T20:07:09Z INFO [196/500] 0b4d2c77-1459-4733-9f04-02821baf821d: not valid; 3.5 s; peak memory 2208 MiB.
2026-09-20T20:07:11Z INFO [197/500] 0b4d690c-ddd9-4d95-80aa-1a6d9a23c907: valid; 2.0 s; peak memory 2208 MiB.
2026-09-20T20:07:13Z INFO [198/500] 0b4d7b8d-ce40-42d3-872d-68495a72d88f: valid; 1.8 s; peak memory 2208 MiB.
2026-09-20T20:07:15Z INFO [199/500] 0b4e843b-4878-447a-9a56-42b85d927027: valid; 1.9 s; peak memory 2208 MiB.
2026-09-20T20:07:27Z INFO [200/500] 0b4eb1a8-a10b-4b55-8d3d-0969f1824364: valid; 12.2 s; peak memory 2208 MiB.
2026-09-20T20:07:28Z INFO [200/500] 0b4eb1a8-a10b-4b55-8d3d-0969f1824364: checkpointed 72210 records.
2026-09-20T20:07:30Z INFO [201/500] 0b4ec03d-d338-4459-a0ee-7b3e70f289e4: valid; 2.1 s; peak memory 2208 MiB.
2026-09-20T20:07:31Z INFO [202/500] 0b4ed660-9bb6-4a02-8abf-2546e7e96004: not valid; 1.5 s; peak memory 2208 MiB.
2026-09-20T20:07:33Z INFO [203/500] 0b4f67e6-7a1a-44a9-9492-523ca7a487bb: valid; 1.7 s; peak memory 2208 MiB.
2026-09-20T20:07:34Z INFO [204/500] 0b4fc9ac-ed67-4cf0-8968-12c5a09464eb: valid; 1.2 s; peak memory 2208 MiB.
2026-09-20T20:07:35Z INFO [205/500] 0b4ff4f0-04e4-4288-a4fc-281d5dd91c8b: valid; 1.2 s; peak memory 2208 MiB.
2026-09-20T20:07:39Z INFO [206/500] 0b5058e9-4f6e-45e9-a011-6385e2cedf2c: valid; 3.3 s; peak memory 2208 MiB.
2026-09-20T20:07:40Z INFO [207/500] 0b51e5d6-68d2-48ab-8936-1bb150c9c6a4: not valid; 1.5 s; peak memory 2208 MiB.
2026-09-20T20:07:42Z INFO [208/500] 0b522057-6c77-451e-9fde-e86f2ac2e7d5: valid; 1.8 s; peak memory 2208 MiB.
2026-09-20T20:07:47Z INFO [209/500] 0b52ac8e-a5e0-4305-b234-b739902b6a97: not valid; 4.7 s; peak memory 2212 MiB.
2026-09-20T20:07:49Z INFO [210/500] 0b52fdb6-6afd-4611-a1c9-5798860fe16a: valid; 2.8 s; peak memory 2212 MiB.
2026-09-20T20:07:51Z INFO [211/500] 0b5331d5-8e87-427e-b82e-d39280ad3fbd: valid; 1.3 s; peak memory 2213 MiB.
2026-09-20T20:07:53Z INFO [212/500] 0b54270a-b8fe-4951-a6ba-d6dfac362c50: valid; 2.4 s; peak memory 2216 MiB.
2026-09-20T20:07:57Z INFO [213/500] 0b5472b6-b657-46b1-8859-817389f3fd7c: not valid; 4.0 s; peak memory 2220 MiB.
2026-09-20T20:07:59Z INFO [214/500] 0b54dadc-af2b-48cc-8668-cd18002f8d64: valid; 1.3 s; peak memory 2220 MiB.
2026-09-20T20:08:11Z INFO [215/500] 0b553f93-b41d-4d48-bcb2-f6007e647272: valid; 12.3 s; peak memory 2220 MiB.
2026-09-20T20:08:22Z INFO [216/500] 0b554ee0-0eb4-41fc-b22c-08f9ba4ec21a: valid; 11.4 s; peak memory 2283 MiB.
2026-09-20T20:08:24Z INFO [217/500] 0b558a53-7c9a-4dcf-9539-abb8bc83becb: valid; 1.7 s; peak memory 2294 MiB.
2026-09-20T20:08:26Z INFO [218/500] 0b55e872-bb10-49bf-9eb5-6d8be88918d8: valid; 2.4 s; peak memory 2299 MiB.
2026-09-20T20:08:28Z INFO [219/500] 0b55f996-7eda-4cde-b042-f8ce861274bb: valid; 1.8 s; peak memory 2310 MiB.
2026-09-20T20:08:30Z INFO [220/500] 0b561c45-9c92-4794-bdea-b04f9facb9bb: valid; 1.8 s; peak memory 2314 MiB.
2026-09-20T20:08:32Z INFO [221/500] 0b56ac38-2d27-4129-9e5f-4daa17428719: valid; 2.3 s; peak memory 2320 MiB.
2026-09-20T20:08:34Z INFO [222/500] 0b56fc97-342e-4ff7-922b-34e73e88abd1: valid; 1.2 s; peak memory 2322 MiB.
2026-09-20T20:08:35Z INFO [223/500] 0b572e5d-fb3d-4282-8fc7-28ccbfc66f1f: valid; 1.8 s; peak memory 2331 MiB.
2026-09-20T20:08:37Z INFO [224/500] 0b5764d3-a823-4886-8958-27f519b9bcc5: valid; 1.1 s; peak memory 2333 MiB.
2026-09-20T20:08:39Z INFO [225/500] 0b5772ba-9101-4c6a-9dda-0e8c0853b4ef: not valid; 2.0 s; peak memory 2338 MiB.
2026-09-20T20:08:41Z INFO [226/500] 0b578e34-101c-4a62-9814-ce73dc0ea2f4: valid; 2.8 s; peak memory 2341 MiB.
2026-09-20T20:08:43Z INFO [227/500] 0b585bcf-164f-4f1d-8a2d-85c661a1d03a: valid; 1.2 s; peak memory 2341 MiB.
2026-09-20T20:08:57Z INFO [228/500] 0b58640d-da8e-4457-a0cf-98333a9f5e69: valid; 14.1 s; peak memory 2343 MiB.
2026-09-20T20:08:59Z INFO [229/500] 0b588dec-925e-430d-9a3d-6a405f8841bb: valid; 2.5 s; peak memory 2343 MiB.
2026-09-20T20:09:07Z INFO [230/500] 0b58ae3b-e4b9-4708-9aeb-79635eccbbce: valid; 7.4 s; peak memory 2343 MiB.
2026-09-20T20:09:13Z INFO [231/500] 0b58ffb9-0c33-4c24-b376-ce14e7410c8f: valid; 6.6 s; peak memory 2399 MiB.
2026-09-20T20:09:16Z INFO [232/500] 0b59310d-3d0c-49ee-910d-0db31f6d93ac: valid; 2.6 s; peak memory 2402 MiB.
2026-09-20T20:09:26Z INFO [233/500] 0b599b0b-411a-4d6c-854c-355df753ebd1: valid; 10.4 s; peak memory 2402 MiB.
2026-09-20T20:09:27Z INFO [234/500] 0b59da59-b4c8-430e-83c5-75f3af756e8a: valid; 0.9 s; peak memory 2402 MiB.
2026-09-20T20:09:28Z INFO [235/500] 0b5a5155-035b-4762-9292-e832c13ce718: valid; 1.2 s; peak memory 2402 MiB.
2026-09-20T20:09:31Z INFO [236/500] 0b5aaa91-fa43-41ca-b356-c0e162195b08: not valid; 3.1 s; peak memory 2402 MiB.
2026-09-20T20:09:33Z INFO [237/500] 0b5ad7a4-e520-460d-81f5-dad14f04ab31: valid; 1.2 s; peak memory 2402 MiB.
2026-09-20T20:09:37Z INFO [238/500] 0b5bb620-19dc-494a-8aba-697fce76c7a8: valid; 4.2 s; peak memory 2402 MiB.
2026-09-20T20:09:37Z WARNING 0b5bcb28-89c4-4248-ada2-3bc267b7237a: failed while retrieving asset information from the DANDI API (NotFoundError: No asset at path 'sub-parkinson-simulated-lfp/sub-parkinson-simulated-lfp_ses-2722_ecephys.nwb' in version 0.250327.2220. Verify the path is correct and the asset exists in this version. Use 'dandi ls' to list available assets.)
2026-09-20T20:09:41Z INFO [240/500] 0b5bf2a0-6e1d-4a44-a80e-f165d98e495f: valid; 4.5 s; peak memory 2402 MiB.
2026-09-20T20:09:43Z INFO [241/500] 0b5c3dde-0fbf-4597-8af3-e9898b6ec725: not valid; 1.5 s; peak memory 2402 MiB.
2026-09-20T20:09:45Z WARNING 0b5c504e-be67-4278-9362-aef7a3643ce3: failed while opening the NWB file (ConstructError: (root/acquisition/event_code_meanings GroupBuilder {'attributes': {'colnames': array(['value', 'meaning'], dtype=object), 'description': 'Mapping integer event codes to event labels', 'namespace': 'ndx-events', 'neurodata_type': 'MeaningsTable', 'object_id': '4f779739-aa7d-4f80-bddc-5077648eb70d'}, 'groups': {}, 'datasets': {'id': root/acquisition/event_code_meanings/id DatasetBuilder {'attributes': {'namespace': 'hdmf-common', 'neurodata_type': 'ElementIdentifiers', 'object_id': 'c5f65895-8c0a-40a7-aae3-c7a13a0b7fa8'}, 'data': <HDF5 dataset "id": shape (26,), type "<i8">}, 'meaning': root/acquisition/event_code_meanings/meaning DatasetBuilder {'attributes': {'description': 'The meaning of the value in the parent CategoricalVectorData object.', 'namespace': 'hdmf-experimental', 'neurodata_type': 'VectorData', 'object_id': '2dc20097-e6c7-4ffb-8796-d5098b3adb53'}, 'data': <StrDataset for HDF5 dataset "meaning": shape (26,), type "|O">}, 'value': root/acquisition/event_code_meanings/value DatasetBuilder {'attributes': {'description': 'The value of the parent CategoricalVectorData object.', 'namespace': 'hdmf-experimental', 'neurodata_type': 'VectorData', 'object_id': '45ebe50e-150c-4b11-b61d-cb37a9fc12f2'}, 'data': <HDF5 dataset "value": shape (26,), type "<i8">}}, 'links': {}}, "Could not construct MeaningsTable object due to: MeaningsTable.__init__: missing argument 'target'"))
2026-09-20T20:09:47Z INFO [243/500] 0b5d01fd-38fd-465f-bcb6-a51abe2f2405: valid; 2.1 s; peak memory 2402 MiB.
2026-09-20T20:09:48Z INFO [244/500] 0b5d3280-19f1-4757-be1e-71c5f2cfc699: valid; 1.2 s; peak memory 2402 MiB.
2026-09-20T20:09:49Z INFO [245/500] 0b5e0512-ed0d-40ad-a7ef-94ade1d447b1: valid; 1.4 s; peak memory 2402 MiB.
2026-09-20T20:09:51Z INFO [246/500] 0b5e1c0e-ff4b-4835-a120-1eba09f5ab02: valid; 1.5 s; peak memory 2402 MiB.
2026-09-20T20:09:56Z INFO [247/500] 0b5eff57-4841-4462-9306-357a4f85aa8a: not valid; 4.8 s; peak memory 2403 MiB.
2026-09-20T20:09:57Z INFO [248/500] 0b5f1a24-19f7-4cdd-8d4f-42f72732f899: not valid; 1.4 s; peak memory 2403 MiB.
2026-09-20T20:09:59Z INFO [249/500] 0b5f2eba-c472-4b63-9df3-942c587c256d: not valid; 2.0 s; peak memory 2403 MiB.
2026-09-20T20:10:01Z INFO [250/500] 0b5f2f7b-d698-417a-99ec-b65554b210f4: valid; 2.3 s; peak memory 2403 MiB.
2026-09-20T20:10:02Z INFO [250/500] 0b5f2f7b-d698-417a-99ec-b65554b210f4: checkpointed 72260 records.
2026-09-20T20:10:04Z INFO [251/500] 0b5f39c0-49fb-4a11-a2e2-00c7699f31ed: not valid; 1.6 s; peak memory 2404 MiB.
2026-09-20T20:10:04Z WARNING 0b5ff304-aa1d-4c93-9705-4dadee93acb4: failed while retrieving asset information from the DANDI API (NotFoundError: No such Dandiset: 000561)
2026-09-20T20:10:05Z INFO [253/500] 0b603f9b-5d80-4f86-b911-ccc735e3ded3: valid; 1.6 s; peak memory 2404 MiB.
2026-09-20T20:10:07Z INFO [254/500] 0b613280-c877-47f9-8153-e86b86c9a55b: valid; 2.2 s; peak memory 2404 MiB.
2026-09-20T20:10:10Z INFO [255/500] 0b614824-62c0-46aa-b1f1-e889b9225e13: valid; 2.7 s; peak memory 2404 MiB.
2026-09-20T20:10:14Z INFO [256/500] 0b616eed-1b64-4f35-bcc1-ae670df9b5e3: valid; 3.9 s; peak memory 2404 MiB.
2026-09-20T20:10:16Z INFO [257/500] 0b61705d-ecc2-408d-8429-629168f40988: valid; 1.8 s; peak memory 2404 MiB.
2026-09-20T20:10:18Z INFO [258/500] 0b6182a5-958f-40b9-9ca5-f2edf2f8078d: valid; 1.9 s; peak memory 2404 MiB.
2026-09-20T20:10:18Z WARNING 0b61b1cf-a75b-4d85-9b62-e37e48c8dac3: failed while retrieving asset information from the DANDI API (NotFoundError: No such Dandiset: 001269)
2026-09-20T20:10:20Z INFO [260/500] 0b61dcc5-a904-439f-a930-6d46308aa0ec: valid; 1.9 s; peak memory 2404 MiB.
2026-09-20T20:10:21Z INFO [261/500] 0b62044e-b3aa-4803-80ea-be0eaf70c770: valid; 1.3 s; peak memory 2404 MiB.
2026-09-20T20:10:23Z INFO [262/500] 0b62916f-46b9-4482-8777-9179010df153: not valid; 1.8 s; peak memory 2404 MiB.
2026-09-20T20:10:26Z INFO [263/500] 0b631ad7-589e-41f4-9604-d59563c8726f: not valid; 3.6 s; peak memory 2406 MiB.
2026-09-20T20:10:28Z INFO [264/500] 0b6349ce-2ee4-4ae3-afa8-f311e198c027: valid; 1.2 s; peak memory 2407 MiB.
2026-09-20T20:10:35Z INFO [265/500] 0b640a6e-336d-43dd-a08a-a46a0c7b024e: valid; 7.6 s; peak memory 2416 MiB.
2026-09-20T20:10:37Z INFO [266/500] 0b64b9d9-e596-4a07-a9bb-4773a7e04d2e: valid; 1.8 s; peak memory 2425 MiB.
2026-09-20T20:10:54Z INFO [267/500] 0b657ba7-905c-4e9f-9317-3c8ffff7b2de: valid; 16.8 s; peak memory 2448 MiB.
2026-09-20T20:10:58Z INFO [268/500] 0b65f3d8-721b-42f1-beaa-f08b946bc82d: valid; 3.8 s; peak memory 2492 MiB.
2026-09-20T20:10:59Z INFO [269/500] 0b66b272-2770-4465-b43e-5a2d4c14247e: not valid; 1.3 s; peak memory 2492 MiB.
2026-09-20T20:11:00Z INFO [270/500] 0b66b318-d18e-40be-88f4-e779b1310831: valid; 1.2 s; peak memory 2492 MiB.
2026-09-20T20:11:01Z INFO [271/500] 0b66d777-d24f-4608-9c94-8a619602c60f: valid; 1.2 s; peak memory 2492 MiB.
2026-09-20T20:11:03Z INFO [272/500] 0b67592b-b58d-4c44-a2c0-689474a0ae26: not valid; 1.8 s; peak memory 2492 MiB.
2026-09-20T20:11:04Z INFO [273/500] 0b675e34-d705-4652-bb94-893f62313c42: valid; 1.1 s; peak memory 2492 MiB.
2026-09-20T20:11:05Z INFO [274/500] 0b67f46a-48c6-498c-a1cb-9e3d8d1eccbf: valid; 1.0 s; peak memory 2492 MiB.
2026-09-20T20:11:07Z INFO [275/500] 0b68940b-485d-48e4-8e7a-e205086df1b5: not valid; 1.8 s; peak memory 2492 MiB.
2026-09-20T20:11:08Z INFO [276/500] 0b689776-01b3-42fc-a051-4889b81a4913: valid; 1.2 s; peak memory 2492 MiB.
2026-09-20T20:11:10Z INFO [277/500] 0b689c10-201f-416e-8eee-0eeb8a0f093e: valid; 1.8 s; peak memory 2493 MiB.
2026-09-20T20:11:12Z INFO [278/500] 0b68ba79-9d50-4d5f-99a0-dd40f18dd83a: valid; 1.6 s; peak memory 2498 MiB.
2026-09-20T20:11:13Z INFO [279/500] 0b68e9c0-71d7-4740-81cc-08849eea04c5: valid; 1.2 s; peak memory 2499 MiB.
2026-09-20T20:11:14Z INFO [280/500] 0b690371-13ed-41b4-a1dd-45581ba1b8f4: not valid; 1.5 s; peak memory 2502 MiB.
2026-09-20T20:11:28Z INFO [281/500] 0b690596-58ec-4936-8d57-64ae7fd2c548: valid; 14.0 s; peak memory 2575 MiB.
2026-09-20T20:11:31Z INFO [282/500] 0b6971ab-fee4-4331-81ae-b8efd24a227d: valid; 2.4 s; peak memory 2584 MiB.
2026-09-20T20:11:33Z INFO [283/500] 0b6aefac-2c7a-4600-9981-07cb99993067: valid; 2.1 s; peak memory 2593 MiB.
2026-09-20T20:11:36Z INFO [284/500] 0b6b23ef-8d1c-4a16-92c3-976f2d501d21: not valid; 3.6 s; peak memory 2604 MiB.
2026-09-20T20:11:43Z INFO [285/500] 0b6b57ee-6770-400d-bc83-9846a121ae4b: valid; 7.1 s; peak memory 2615 MiB.
2026-09-20T20:11:48Z INFO [286/500] 0b6b7362-b5ac-40c6-8ca3-7f66b662e269: valid; 4.3 s; peak memory 2620 MiB.
2026-09-20T20:11:56Z INFO [287/500] 0b6b9c26-7db8-4550-9e8e-efef71397fa3: valid; 8.2 s; peak memory 2620 MiB.
2026-09-20T20:11:58Z INFO [288/500] 0b6c6a33-f400-4f68-bca2-e8297f647599: valid; 1.9 s; peak memory 2620 MiB.
2026-09-20T20:12:15Z INFO [289/500] 0b6cdc43-6621-4c9e-9e56-c978907cc148: not valid; 17.2 s; peak memory 2665 MiB.
2026-09-20T20:12:29Z INFO [290/500] 0b6d0e29-2b7d-4d8f-b601-b2647983e582: not valid; 13.5 s; peak memory 2777 MiB.
2026-09-20T20:12:40Z INFO [291/500] 0b6de141-5af5-4d19-9536-d22cb9ee9621: valid; 11.6 s; peak memory 2799 MiB.
2026-09-20T20:12:41Z INFO [292/500] 0b6e2a14-138c-4c60-aa53-1e0a55cef5c2: valid; 1.2 s; peak memory 2800 MiB.
2026-09-20T20:12:43Z INFO [293/500] 0b6e9f8c-c029-46cb-9263-d6334512f589: not valid; 1.7 s; peak memory 2801 MiB.
2026-09-20T20:12:46Z INFO [294/500] 0b6f2098-f103-414d-8ef1-b1fbc32c54eb: valid; 2.9 s; peak memory 2806 MiB.
2026-09-20T20:12:47Z INFO [295/500] 0b6f2503-17bb-40ee-8afd-a7e715a90809: not valid; 1.4 s; peak memory 2806 MiB.
2026-09-20T20:12:49Z INFO [296/500] 0b6fd0e9-b5dd-4fe4-b51d-8b1e645e1623: valid; 1.2 s; peak memory 2806 MiB.
2026-09-20T20:13:04Z INFO [297/500] 0b700897-cb53-49eb-89f1-fbaea9894c1e: valid; 15.3 s; peak memory 2806 MiB.
2026-09-20T20:13:08Z INFO [298/500] 0b703e93-1d7f-4d99-9331-472b7c528156: valid; 3.7 s; peak memory 2806 MiB.
2026-09-20T20:13:09Z INFO [299/500] 0b70791e-752e-47aa-a3b5-56daab030ab5: valid; 1.9 s; peak memory 2806 MiB.
2026-09-20T20:13:16Z INFO [300/500] 0b70a1ea-24da-4ecf-9330-89ea7ee9be96: not valid; 6.8 s; peak memory 2806 MiB.
2026-09-20T20:13:17Z INFO [300/500] 0b70a1ea-24da-4ecf-9330-89ea7ee9be96: checkpointed 72310 records.
2026-09-20T20:13:18Z INFO [301/500] 0b718911-e114-47c8-85a5-8cf7be84a2c6: valid; 1.3 s; peak memory 2806 MiB.
2026-09-20T20:13:32Z INFO [302/500] 0b71a3f1-213f-4719-9b64-db3a97b26444: valid; 14.2 s; peak memory 2807 MiB.
2026-09-20T20:13:36Z INFO [303/500] 0b722f97-7ffe-48d2-a8fc-895d8b68b3bc: valid; 3.9 s; peak memory 2807 MiB.
2026-09-20T20:13:38Z INFO [304/500] 0b7265ff-abf4-4800-986f-e6b310ca261a: valid; 1.4 s; peak memory 2812 MiB.
2026-09-20T20:13:39Z INFO [305/500] 0b72fecf-9cac-4775-8171-09f6520e983d: valid; 1.8 s; peak memory 2815 MiB.
2026-09-20T20:13:40Z INFO [306/500] 0b738676-5a2e-4035-8b5d-387f951983cd: valid; 1.2 s; peak memory 2815 MiB.
2026-09-20T20:13:42Z INFO [307/500] 0b7392bd-7771-448a-a051-e3bdab2e88c4: valid; 1.3 s; peak memory 2815 MiB.
2026-09-20T20:13:49Z INFO [308/500] 0b73a2ac-8ee3-4f8e-8a43-aee5e4464819: valid; 7.6 s; peak memory 2815 MiB.
2026-09-20T20:13:51Z WARNING 0b73ada8-7451-4a9a-98d6-b4ea38cb7976: failed while opening the NWB file (ConstructError: (root/acquisition/_iblmic_audioSpectrogram/bands GroupBuilder {'attributes': {'colnames': array(['freq'], dtype=object), 'description': 'spectogram frequencies', 'namespace': 'core', 'neurodata_type': 'FrequencyBandsTable', 'object_id': '47e36037-70a7-42cc-84fb-2686dd7302df'}, 'groups': {}, 'datasets': {'freq': root/acquisition/_iblmic_audioSpectrogram/bands/freq DatasetBuilder {'attributes': {'description': 'frequency value', 'namespace': 'hdmf-common', 'neurodata_type': 'VectorData', 'object_id': '2a17c8f5-eaa9-4f1c-b12c-5952e507fac8'}, 'data': <HDF5 dataset "freq": shape (257,), type "<f4">}, 'id': root/acquisition/_iblmic_audioSpectrogram/bands/id DatasetBuilder {'attributes': {'namespace': 'hdmf-common', 'neurodata_type': 'ElementIdentifiers', 'object_id': '9525f552-3217-4f92-b217-fbbec8ff1d3e'}, 'data': <HDF5 dataset "id": shape (257,), type "<i4">}}, 'links': {}}, "Could not construct FrequencyBandsTable object due to: column must have the same number of rows as 'id'"))
2026-09-20T20:14:07Z INFO [310/500] 0b73cc22-f34e-418e-b968-e7b9b8e62138: valid; 16.1 s; peak memory 2815 MiB.
2026-09-20T20:14:09Z INFO [311/500] 0b742ffd-9b52-4869-9ca3-9c7aed48b5bd: valid; 1.3 s; peak memory 2815 MiB.
2026-09-20T20:14:40Z INFO [312/500] 0b743d42-89d1-4030-b9c7-efe487b4eba4: valid; 31.1 s; peak memory 3602 MiB.
2026-09-20T20:14:41Z INFO [313/500] 0b746130-02e1-404a-848a-37bc1a14bd57: not valid; 1.6 s; peak memory 3602 MiB.
2026-09-20T20:14:44Z INFO [314/500] 0b74c310-2a56-4203-bfa9-75d844f65f8a: not valid; 3.2 s; peak memory 3602 MiB.
2026-09-20T20:14:46Z WARNING 0b74d020-4386-4c3a-a408-8246c18d08a2: failed while opening the NWB file (ConstructError: (root/acquisition/_iblmic_audioSpectrogram/bands GroupBuilder {'attributes': {'colnames': array(['freq'], dtype=object), 'description': 'spectogram frequencies', 'namespace': 'core', 'neurodata_type': 'FrequencyBandsTable', 'object_id': '7169f2fd-7efd-453a-9f18-8666cafc7541'}, 'groups': {}, 'datasets': {'freq': root/acquisition/_iblmic_audioSpectrogram/bands/freq DatasetBuilder {'attributes': {'description': 'frequency value', 'namespace': 'hdmf-common', 'neurodata_type': 'VectorData', 'object_id': '27915960-dfac-4e10-bfa6-190cb9ff5b3b'}, 'data': <HDF5 dataset "freq": shape (257,), type "<f4">}, 'id': root/acquisition/_iblmic_audioSpectrogram/bands/id DatasetBuilder {'attributes': {'namespace': 'hdmf-common', 'neurodata_type': 'ElementIdentifiers', 'object_id': '544c8a62-5cc7-4d11-9d85-d77c93368f2e'}, 'data': <HDF5 dataset "id": shape (257,), type "<i4">}}, 'links': {}}, "Could not construct FrequencyBandsTable object due to: column must have the same number of rows as 'id'"))
2026-09-20T20:14:52Z INFO [316/500] 0b7539e2-d64d-4980-9593-93e4f1600646: not valid; 5.4 s; peak memory 3602 MiB.
2026-09-20T20:14:54Z INFO [317/500] 0b78033f-e5f5-42be-a299-70f31a836155: valid; 2.4 s; peak memory 3602 MiB.
2026-09-20T20:14:55Z INFO [318/500] 0b785289-bf44-4e7a-94ce-8d4840ab1fc5: valid; 0.9 s; peak memory 3602 MiB.
2026-09-20T20:15:04Z INFO [319/500] 0b792779-58af-4eb3-b0f8-618084df71ce: valid; 8.7 s; peak memory 3602 MiB.
2026-09-20T20:15:06Z INFO [320/500] 0b79434c-b4a9-482f-a19e-41e630a895c4: valid; 2.1 s; peak memory 3602 MiB.
2026-09-20T20:15:09Z INFO [321/500] 0b795118-49b1-46d6-841d-dc9bd626049b: not valid; 3.5 s; peak memory 3602 MiB.
2026-09-20T20:15:11Z INFO [322/500] 0b7a128d-041a-4b15-a343-e8afeba294b6: not valid; 1.5 s; peak memory 3602 MiB.
2026-09-20T20:15:13Z INFO [323/500] 0b7a61ba-3a12-4c0f-97ec-4802a9ca5824: not valid; 1.8 s; peak memory 3602 MiB.
2026-09-20T20:15:13Z INFO [324/500] 0b7a8868-108c-4b8b-a67d-28108c81cc4e: valid; 1.0 s; peak memory 3602 MiB.
2026-09-20T20:15:15Z INFO [325/500] 0b7a8aa3-d8cf-4329-b190-297c3c5b1046: valid; 1.7 s; peak memory 3602 MiB.
2026-09-20T20:15:15Z WARNING 0b7b04a7-bea2-4554-898a-659ebb7538df: failed while retrieving asset information from the DANDI API (NotFoundError: No asset at path 'sub-LG445/sub-LG445_ses-20250328_obj-1nmp1oz_ophys.nwb' in version 0.260915.2135. Verify the path is correct and the asset exists in this version. Use 'dandi ls' to list available assets.)
2026-09-20T20:15:17Z INFO [327/500] 0b7b0560-61c1-4b64-8caf-907d1bfbd09d: valid; 1.8 s; peak memory 3602 MiB.
2026-09-20T20:15:19Z INFO [328/500] 0b7c36e8-c6b4-46dd-90bc-663d5ab167b3: valid; 2.2 s; peak memory 3602 MiB.
2026-09-20T20:15:20Z INFO [329/500] 0b7c9bcb-8d9f-41fe-85e3-b02f262fb1fd: valid; 1.2 s; peak memory 3602 MiB.
2026-09-20T20:15:22Z INFO [330/500] 0b7d7fd2-e57b-4b68-a52f-8a2e3ef61fa3: valid; 1.3 s; peak memory 3602 MiB.
2026-09-20T20:15:24Z INFO [331/500] 0b7d90ed-39c1-4db2-83f5-23307077d420: valid; 1.8 s; peak memory 3602 MiB.
2026-09-20T20:15:25Z INFO [332/500] 0b7d9de9-cec1-4dda-94ff-2579a24e948a: not valid; 1.3 s; peak memory 3602 MiB.
2026-09-20T20:15:26Z INFO [333/500] 0b7df8df-d9fe-4dc4-addf-c4f850c700d6: valid; 1.2 s; peak memory 3602 MiB.
2026-09-20T20:15:29Z INFO [334/500] 0b7e078a-daea-42fc-842e-87cdbff06dc4: valid; 2.5 s; peak memory 3602 MiB.
2026-09-20T20:15:30Z INFO [335/500] 0b7e1394-028a-4847-871e-6a42b7ae317d: valid; 1.2 s; peak memory 3602 MiB.
2026-09-20T20:15:33Z INFO [336/500] 0b7ebed6-64cf-4977-b03b-ed45367e0100: valid; 3.0 s; peak memory 3602 MiB.
2026-09-20T20:15:35Z INFO [337/500] 0b7efbf7-1983-4951-bf7d-f91ce756ee9c: valid; 2.0 s; peak memory 3602 MiB.
2026-09-20T20:15:37Z INFO [338/500] 0b7f03a2-3f36-4a4f-80de-652124a3249e: valid; 2.2 s; peak memory 3602 MiB.
2026-09-20T20:15:39Z INFO [339/500] 0b7f2a5c-363f-4ec0-8d4a-09589b51b9b7: valid; 1.9 s; peak memory 3602 MiB.
2026-09-20T20:15:40Z INFO [340/500] 0b7f6f7b-c08a-4aef-92eb-1329d8b82cfd: valid; 1.0 s; peak memory 3602 MiB.
2026-09-20T20:15:42Z INFO [341/500] 0b7fa9d5-774b-4258-9cab-566efaa2f4d9: not valid; 1.9 s; peak memory 3602 MiB.
2026-09-20T20:15:50Z INFO [342/500] 0b7fc2b5-4b1e-487f-a11a-872f2d39f4bb: valid; 8.5 s; peak memory 3602 MiB.
2026-09-20T20:15:52Z INFO [343/500] 0b8001ec-83dc-45ea-9fd4-7ef9448c0033: valid; 2.0 s; peak memory 3602 MiB.
2026-09-20T20:16:09Z INFO [344/500] 0b804af3-2ef9-4045-9ff3-309844490c4c: valid; 16.9 s; peak memory 3664 MiB.
2026-09-20T20:16:21Z INFO [345/500] 0b808108-c583-41fc-a536-7fc6eee5cb43: valid; 11.9 s; peak memory 3851 MiB.
2026-09-20T20:16:22Z INFO [346/500] 0b80df68-f2f8-4eaf-9633-5fdb260b4d20: not valid; 1.4 s; peak memory 3851 MiB.
2026-09-20T20:16:24Z INFO [347/500] 0b8142f3-3e97-4e03-81d9-4dc1a485d9a9: valid; 1.2 s; peak memory 3851 MiB.
2026-09-20T20:16:26Z INFO [348/500] 0b81a9fb-4f09-4b7c-94f9-fc1b87cca9a2: valid; 2.2 s; peak memory 3851 MiB.
2026-09-20T20:16:28Z INFO [349/500] 0b829f6e-7172-4536-b106-23cddd9d3847: valid; 1.8 s; peak memory 3851 MiB.
2026-09-20T20:16:29Z INFO [350/500] 0b82a007-ee19-451f-9278-f5f8a85ef489: not valid; 1.2 s; peak memory 3851 MiB.
2026-09-20T20:16:29Z INFO [350/500] 0b82a007-ee19-451f-9278-f5f8a85ef489: checkpointed 72360 records.
2026-09-20T20:16:32Z INFO [351/500] 0b83e688-6016-47f2-8189-f32e8fd2feca: valid; 2.6 s; peak memory 3853 MiB.
2026-09-20T20:16:34Z INFO [352/500] 0b83ff71-5f75-455b-8724-a4880ffe4858: valid; 1.9 s; peak memory 3853 MiB.
2026-09-20T20:16:38Z INFO [353/500] 0b849e94-e4fd-4c11-a3b5-956d2028b3dc: valid; 4.3 s; peak memory 3853 MiB.
2026-09-20T20:16:40Z INFO [354/500] 0b84aa0b-216d-4b46-8e05-02e563038782: valid; 1.8 s; peak memory 3853 MiB.
2026-09-20T20:16:42Z INFO [355/500] 0b84dd45-d75c-4edd-86d5-8521479ff72f: valid; 1.7 s; peak memory 3856 MiB.
2026-09-20T20:16:43Z INFO [356/500] 0b855181-cab4-4e81-bd48-e8cfa4c93616: valid; 1.7 s; peak memory 3856 MiB.
2026-09-20T20:16:45Z INFO [357/500] 0b857fae-5fef-4ddf-8726-e4f85d1a1e97: valid; 1.6 s; peak memory 3856 MiB.
2026-09-20T20:16:47Z INFO [358/500] 0b8620ae-47a5-4966-92de-80b15f750f26: valid; 2.2 s; peak memory 3856 MiB.
2026-09-20T20:16:49Z INFO [359/500] 0b866595-76c7-4940-b336-7cdf760e4b40: valid; 2.0 s; peak memory 3856 MiB.
2026-09-20T20:16:50Z INFO [360/500] 0b8665e2-5e17-4135-9a88-b7440814dfaa: valid; 1.3 s; peak memory 3856 MiB.
2026-09-20T20:16:52Z WARNING 0b86a7d6-cbbe-4b67-a939-11796e5742bd: failed while opening the NWB file (ConstructError: (root/acquisition/event_code_meanings GroupBuilder {'attributes': {'colnames': array(['value', 'meaning'], dtype=object), 'description': 'Mapping integer event codes to event labels', 'namespace': 'ndx-events', 'neurodata_type': 'MeaningsTable', 'object_id': '4506fd09-c4df-46d2-b642-4afbf405ec8b'}, 'groups': {}, 'datasets': {'id': root/acquisition/event_code_meanings/id DatasetBuilder {'attributes': {'namespace': 'hdmf-common', 'neurodata_type': 'ElementIdentifiers', 'object_id': '1ac71510-4f49-42bd-a535-99d986223087'}, 'data': <HDF5 dataset "id": shape (26,), type "<i8">}, 'meaning': root/acquisition/event_code_meanings/meaning DatasetBuilder {'attributes': {'description': 'The meaning of the value in the parent CategoricalVectorData object.', 'namespace': 'hdmf-experimental', 'neurodata_type': 'VectorData', 'object_id': '737b1e9a-5b32-4425-a9a0-138efb678934'}, 'data': <StrDataset for HDF5 dataset "meaning": shape (26,), type "|O">}, 'value': root/acquisition/event_code_meanings/value DatasetBuilder {'attributes': {'description': 'The value of the parent CategoricalVectorData object.', 'namespace': 'hdmf-experimental', 'neurodata_type': 'VectorData', 'object_id': '0e21b134-b49c-4b90-8ee6-6b0c4c717bb0'}, 'data': <HDF5 dataset "value": shape (26,), type "<i8">}}, 'links': {}}, "Could not construct MeaningsTable object due to: MeaningsTable.__init__: missing argument 'target'"))
2026-09-20T20:16:54Z INFO [362/500] 0b86cca3-f54d-4a62-926c-3819822e7043: valid; 2.3 s; peak memory 3856 MiB.
2026-09-20T20:16:55Z INFO [363/500] 0b86d09c-cc9f-4de4-9ae4-56ca0875a3ba: valid; 1.0 s; peak memory 3856 MiB.
2026-09-20T20:16:58Z INFO [364/500] 0b875c0e-f757-4edd-8a73-ee590caae411: valid; 2.5 s; peak memory 3856 MiB.
2026-09-20T20:16:59Z INFO [365/500] 0b87d7ea-3784-4bfd-be44-018ed6ae6abf: valid; 1.4 s; peak memory 3856 MiB.
2026-09-20T20:16:59Z WARNING 0b8830b3-24a5-4ee5-97f0-70cbf8d07a92: failed while retrieving asset information from the DANDI API (NotFoundError: No asset at path 'sub-healthy-simulated-beta/sub-healthy-simulated-beta_ses-3981_ecephys.nwb' in version 0.250327.2220. Verify the path is correct and the asset exists in this version. Use 'dandi ls' to list available assets.)
2026-09-20T20:17:02Z INFO [367/500] 0b88dc4a-a190-49ec-bdfc-d3db764e091c: valid; 2.7 s; peak memory 3856 MiB.
2026-09-20T20:17:03Z INFO [368/500] 0b88f355-dbd5-4f9f-896a-f9ffd243ecd4: not valid; 1.3 s; peak memory 3856 MiB.
2026-09-20T20:17:13Z INFO [369/500] 0b89257d-d804-4b41-85fd-77eb4efe20bd: valid; 9.7 s; peak memory 3856 MiB.
2026-09-20T20:17:16Z INFO [370/500] 0b898b55-7b36-4703-8a26-c463780a067f: not valid; 2.8 s; peak memory 3856 MiB.
2026-09-20T20:17:18Z INFO [371/500] 0b89ccc5-cff2-4eda-b1dd-7d80d0ec60ec: valid; 1.7 s; peak memory 3856 MiB.
2026-09-20T20:17:19Z INFO [372/500] 0b8a47e7-e67c-46d7-b5b5-c3410fa611dd: valid; 1.2 s; peak memory 3856 MiB.
2026-09-20T20:17:21Z INFO [373/500] 0b8bcc97-1661-494f-82d5-e9ef1223ed3b: valid; 2.0 s; peak memory 3856 MiB.
2026-09-20T20:17:22Z INFO [374/500] 0b8beb50-3715-46ef-8998-13646ecc0a35: valid; 1.2 s; peak memory 3856 MiB.
2026-09-20T20:17:23Z INFO [375/500] 0b8c0c9a-ae38-442e-8142-089459f65222: valid; 1.2 s; peak memory 3856 MiB.
2026-09-20T20:17:26Z INFO [376/500] 0b8c2e90-08bd-4e9e-980c-773f892ff297: valid; 2.3 s; peak memory 3856 MiB.
2026-09-20T20:17:27Z INFO [377/500] 0b8cc4d9-5a24-463e-a08b-abbb78e308b7: valid; 1.2 s; peak memory 3856 MiB.
2026-09-20T20:17:28Z INFO [378/500] 0b8dd4fd-6bbd-47fe-a7fa-5fc4f4f90296: not valid; 1.7 s; peak memory 3857 MiB.
2026-09-20T20:17:31Z INFO [379/500] 0b8dece2-3d23-406a-868c-0fb98753f828: valid; 2.5 s; peak memory 3857 MiB.
2026-09-20T20:17:33Z INFO [380/500] 0b8ebe40-f21b-4ff7-941e-7b36fef46943: valid; 1.9 s; peak memory 3857 MiB.
2026-09-20T20:17:35Z INFO [381/500] 0b8f8155-cb7e-4eba-b8ab-83987dc068c0: valid; 2.0 s; peak memory 3857 MiB.
2026-09-20T20:17:37Z INFO [382/500] 0b8fbbe9-76e0-45a6-a47c-375e3c5fb1c8: valid; 2.7 s; peak memory 3857 MiB.
2026-09-20T20:17:39Z INFO [383/500] 0b8ffc33-db90-401a-ad8f-e99d68157ffc: valid; 1.1 s; peak memory 3857 MiB.
2026-09-20T20:17:40Z INFO [384/500] 0b90a54a-20cf-4413-b1a6-7b262e7af07b: valid; 1.9 s; peak memory 3857 MiB.
2026-09-20T20:17:42Z INFO [385/500] 0b911112-0e92-4404-b66c-3137c3637fd8: valid; 1.1 s; peak memory 3857 MiB.
2026-09-20T20:17:45Z INFO [386/500] 0b919100-c0a7-453c-a1b9-7517df9e6e6a: valid; 3.9 s; peak memory 3896 MiB.
2026-09-20T20:17:48Z INFO [387/500] 0b931f68-643e-4188-9bf9-a448461439ee: valid; 2.0 s; peak memory 3896 MiB.
2026-09-20T20:17:49Z INFO [388/500] 0b932449-eada-41ee-9479-98aecf4f22a0: not valid; 1.5 s; peak memory 3896 MiB.
2026-09-20T20:17:49Z WARNING 0b934afa-5c91-4741-9438-6600a8f44e33: failed while retrieving asset information from the DANDI API (NotFoundError: No asset at path 'sub-parkinson-simulated-beta/sub-parkinson-simulated-beta_ses-7650_ecephys.nwb' in version 0.250327.2220. Verify the path is correct and the asset exists in this version. Use 'dandi ls' to list available assets.)
2026-09-20T20:17:56Z INFO [390/500] 0b94130e-234e-45c8-8a22-d3b66d8a94ae: valid; 7.1 s; peak memory 3896 MiB.
2026-09-20T20:17:58Z INFO [391/500] 0b941d2d-3e65-47fa-8072-253ded3f7f5b: not valid; 1.7 s; peak memory 3897 MiB.
2026-09-20T20:17:59Z INFO [392/500] 0b942fe0-02fa-4260-ac92-0c69a03d344a: not valid; 1.2 s; peak memory 3898 MiB.
2026-09-20T20:18:01Z INFO [393/500] 0b9460b8-2aa2-4824-80fc-c795d3ad9a3d: not valid; 2.0 s; peak memory 3898 MiB.
2026-09-20T20:18:02Z INFO [394/500] 0b952897-2fd4-4b59-bcc7-0f9d856509f7: valid; 1.3 s; peak memory 3898 MiB.
2026-09-20T20:18:04Z INFO [395/500] 0b9574d6-9651-4514-9b38-51dc90b9618b: valid; 1.2 s; peak memory 3898 MiB.
2026-09-20T20:18:04Z INFO [396/500] 0b95cd91-7fec-420a-80a6-0ecf4f1efb5e: not valid; 0.9 s; peak memory 3898 MiB.
2026-09-20T20:18:14Z INFO [397/500] 0b95f825-360a-410d-a65c-f5537e332122: valid; 9.8 s; peak memory 3902 MiB.
2026-09-20T20:18:15Z INFO [398/500] 0b964b35-dbf7-4dc1-8edb-3cfa7e20a4ef: valid; 1.2 s; peak memory 3902 MiB.
2026-09-20T20:18:55Z INFO [399/500] 0b9783fc-5bef-4281-a37e-f59afadfb074: valid; 39.9 s; peak memory 4067 MiB.
2026-09-20T20:18:58Z INFO [400/500] 0b98682f-5d50-43de-ad6a-7351858a867e: valid; 2.8 s; peak memory 4067 MiB.
2026-09-20T20:18:59Z INFO [400/500] 0b98682f-5d50-43de-ad6a-7351858a867e: checkpointed 72410 records.
2026-09-20T20:19:01Z INFO [401/500] 0b98cfe5-0a4c-429b-b9b3-e49cc58ba18b: valid; 2.0 s; peak memory 4067 MiB.
2026-09-20T20:19:12Z INFO [402/500] 0b98d36a-8182-4809-ae7d-841332b08161: valid; 10.9 s; peak memory 4071 MiB.
2026-09-20T20:19:13Z INFO [403/500] 0b997700-8fea-4144-864e-5532f80b649b: not valid; 1.7 s; peak memory 4072 MiB.
2026-09-20T20:19:15Z INFO [404/500] 0b9a0062-8919-423a-ae32-8b54a772f03a: valid; 2.0 s; peak memory 4074 MiB.
2026-09-20T20:19:19Z INFO [405/500] 0b9a02c3-f236-46a4-8478-6db5fe83a0d5: not valid; 3.6 s; peak memory 4078 MiB.
2026-09-20T20:19:21Z INFO [406/500] 0b9a214b-a75a-4839-83ac-e57a1f7633e1: valid; 2.3 s; peak memory 4079 MiB.
2026-09-20T20:19:23Z INFO [407/500] 0b9a2873-9c81-4705-bfe9-d58a920e5fa5: valid; 1.8 s; peak memory 4081 MiB.
2026-09-20T20:19:25Z INFO [408/500] 0b9a42b0-f774-4967-9c96-347d3c81dd33: valid; 2.4 s; peak memory 4095 MiB.
2026-09-20T20:19:38Z INFO [409/500] 0b9a8224-d822-4a86-b2a8-dd6545fe9de4: valid; 12.3 s; peak memory 4104 MiB.
2026-09-20T20:19:39Z INFO [410/500] 0b9af87a-b6b9-4364-a569-872bbb0f261d: not valid; 1.6 s; peak memory 4104 MiB.
2026-09-20T20:19:41Z INFO [411/500] 0b9b1aa6-65ce-4227-906e-dcd131517da4: valid; 1.8 s; peak memory 4104 MiB.
2026-09-20T20:19:43Z INFO [412/500] 0b9b1d2d-cc9a-4fa3-9950-50eeef64c8d2: valid; 2.4 s; peak memory 4104 MiB.
2026-09-20T20:19:49Z INFO [413/500] 0b9b6fd9-930b-49bc-89da-a1c8c0e90e92: valid; 5.2 s; peak memory 4104 MiB.
2026-09-20T20:19:51Z INFO [414/500] 0b9bafd1-eeca-4ca6-b5c9-a2d11892fd97: valid; 2.6 s; peak memory 4104 MiB.
2026-09-20T20:19:52Z INFO [415/500] 0b9c1e3b-e914-4f5e-9177-82650ab5ac86: valid; 1.2 s; peak memory 4104 MiB.
2026-09-20T20:19:59Z INFO [416/500] 0b9c9803-5c2e-46ac-8e03-31ea70663e63: not valid; 6.3 s; peak memory 4121 MiB.
2026-09-20T20:20:01Z INFO [417/500] 0b9ca49b-c3f0-4206-8c61-54c64d9a74e5: not valid; 1.9 s; peak memory 4121 MiB.
2026-09-20T20:20:02Z INFO [418/500] 0b9d056c-2b47-4acc-88f3-dd59eb8a0938: valid; 1.3 s; peak memory 4121 MiB.
2026-09-20T20:20:05Z INFO [419/500] 0b9d1bb0-3762-4352-8f4a-ef181bf42330: valid; 2.9 s; peak memory 4121 MiB.
2026-09-20T20:20:07Z INFO [420/500] 0b9d3746-1a04-4165-9545-dfd14f4e03eb: not valid; 1.7 s; peak memory 4121 MiB.
2026-09-20T20:20:08Z INFO [421/500] 0b9d437f-7ade-4b08-a7a4-be53e34cce98: valid; 1.2 s; peak memory 4121 MiB.
2026-09-20T20:20:09Z INFO [422/500] 0b9d51b4-373b-47b7-a650-c40dbbe62d83: not valid; 1.8 s; peak memory 4121 MiB.
2026-09-20T20:20:11Z INFO [423/500] 0b9dd76d-3066-4ec3-87c7-4d737fab0022: not valid; 1.4 s; peak memory 4121 MiB.
2026-09-20T20:20:12Z INFO [424/500] 0b9e596d-5856-4ce4-bb74-65b2eca031c9: not valid; 1.6 s; peak memory 4121 MiB.
2026-09-20T20:20:14Z INFO [425/500] 0b9e8768-8bf1-4ad2-a440-63daad7ee8cf: valid; 1.7 s; peak memory 4121 MiB.
2026-09-20T20:20:25Z INFO [426/500] 0b9f0de0-1cfc-49a0-a2c8-2466a77e72ba: valid; 11.0 s; peak memory 4198 MiB.
2026-09-20T20:20:27Z INFO [427/500] 0b9fbf85-3bca-4d0c-9c87-1ba79cb84700: valid; 1.8 s; peak memory 4198 MiB.
2026-09-20T20:20:29Z INFO [428/500] 0ba068d9-617b-40e0-8f7f-64ad446c04d3: valid; 1.9 s; peak memory 4198 MiB.
2026-09-20T20:20:33Z INFO [429/500] 0ba06b47-23cf-4237-9318-69526489e139: valid; 4.4 s; peak memory 4198 MiB.
2026-09-20T20:20:36Z INFO [430/500] 0ba15b00-c1f1-499b-85c2-91f1ac65f52d: valid; 2.3 s; peak memory 4198 MiB.
2026-09-20T20:20:43Z INFO [431/500] 0ba1c031-9d47-48da-9b77-401669a070f5: not valid; 7.1 s; peak memory 4198 MiB.
2026-09-20T20:20:44Z INFO [432/500] 0ba24c9e-9f53-416c-b6b8-5558dde2e8b9: valid; 1.7 s; peak memory 4198 MiB.
2026-09-20T20:20:46Z INFO [433/500] 0ba28f30-b3ea-448a-94c3-b9c732d56fdf: valid; 1.5 s; peak memory 4198 MiB.
2026-09-20T20:20:50Z INFO [434/500] 0ba2a566-3f71-4747-bfa8-8e88fd1399ff: valid; 3.8 s; peak memory 4198 MiB.
2026-09-20T20:20:51Z INFO [435/500] 0ba4436e-9156-4717-b58a-96a611378013: valid; 1.2 s; peak memory 4198 MiB.
2026-09-20T20:21:04Z INFO [436/500] 0ba4d17d-c9cc-4e88-9927-e476e9bb738d: valid; 13.0 s; peak memory 4258 MiB.
2026-09-20T20:21:16Z INFO [437/500] 0ba5ae8d-e370-4112-830b-f6d15d5f6d0c: valid; 11.8 s; peak memory 4287 MiB.
2026-09-20T20:21:23Z INFO [438/500] 0ba65e5e-942f-4aae-8930-de566117cee0: not valid; 7.2 s; peak memory 4350 MiB.
2026-09-20T20:21:33Z INFO [439/500] 0ba6d73b-7ad2-4e65-97ab-7361a9a59e05: valid; 10.6 s; peak memory 4527 MiB.
2026-09-20T20:21:35Z INFO [440/500] 0ba714ff-76ea-4bb2-a530-76e0e796bcd3: not valid; 1.6 s; peak memory 4527 MiB.
2026-09-20T20:21:42Z INFO [441/500] 0ba78944-3f6c-491a-a5cb-623822b4d8d8: valid; 6.7 s; peak memory 4527 MiB.
2026-09-20T20:21:43Z INFO [442/500] 0ba81e66-fbe4-428e-a2b5-7c36389e31e2: not valid; 1.4 s; peak memory 4527 MiB.
2026-09-20T20:21:45Z INFO [443/500] 0ba87013-650d-4269-8407-fcac6f5c219f: valid; 1.5 s; peak memory 4527 MiB.
2026-09-20T20:21:46Z INFO [444/500] 0ba873d0-6316-4248-acfd-7c6f1fd3f165: valid; 1.7 s; peak memory 4527 MiB.
2026-09-20T20:22:34Z INFO [445/500] 0ba88c46-dcc3-4b00-9152-38b585b013a8: valid; 47.2 s; peak memory 5531 MiB.
2026-09-20T20:22:35Z WARNING 0ba8a7e5-17ff-44d5-875e-e19693d8648c: failed while opening the NWB file (ConstructError: (root/acquisition/event_code_meanings GroupBuilder {'attributes': {'colnames': array(['value', 'meaning'], dtype=object), 'description': 'Mapping integer event codes to event labels', 'namespace': 'ndx-events', 'neurodata_type': 'MeaningsTable', 'object_id': 'f51ed55f-28f1-4dd0-8a07-aaef0953377f'}, 'groups': {}, 'datasets': {'id': root/acquisition/event_code_meanings/id DatasetBuilder {'attributes': {'namespace': 'hdmf-common', 'neurodata_type': 'ElementIdentifiers', 'object_id': '8344ae6a-1d0b-480e-8515-e0900a5c512f'}, 'data': <HDF5 dataset "id": shape (26,), type "<i8">}, 'meaning': root/acquisition/event_code_meanings/meaning DatasetBuilder {'attributes': {'description': 'The meaning of the value in the parent CategoricalVectorData object.', 'namespace': 'hdmf-experimental', 'neurodata_type': 'VectorData', 'object_id': '13c837e8-fa19-49a7-b733-e33b1cd7cc61'}, 'data': <StrDataset for HDF5 dataset "meaning": shape (26,), type "|O">}, 'value': root/acquisition/event_code_meanings/value DatasetBuilder {'attributes': {'description': 'The value of the parent CategoricalVectorData object.', 'namespace': 'hdmf-experimental', 'neurodata_type': 'VectorData', 'object_id': 'fb216e5e-6d9d-44a9-9607-617c1a72f988'}, 'data': <HDF5 dataset "value": shape (26,), type "<i8">}}, 'links': {}}, "Could not construct MeaningsTable object due to: MeaningsTable.__init__: missing argument 'target'"))
2026-09-20T20:22:38Z INFO [447/500] 0ba8aca6-7b84-411d-af32-1a4ab2fec58a: valid; 2.4 s; peak memory 5531 MiB.
2026-09-20T20:22:40Z INFO [448/500] 0ba9657d-38c2-4f7b-910a-759253f4aa29: valid; 2.0 s; peak memory 5531 MiB.
2026-09-20T20:22:43Z INFO [449/500] 0ba96658-7e26-4628-917b-72d4d073305b: not valid; 3.5 s; peak memory 5531 MiB.
2026-09-20T20:22:45Z INFO [450/500] 0ba9f7c2-f61d-40cf-9c67-8ab243847651: valid; 1.3 s; peak memory 5531 MiB.
2026-09-20T20:22:45Z INFO [450/500] 0ba9f7c2-f61d-40cf-9c67-8ab243847651: checkpointed 72460 records.
2026-09-20T20:22:52Z INFO [451/500] 0baa096a-bbbd-4529-8a80-7688949854eb: valid; 6.7 s; peak memory 5531 MiB.
2026-09-20T20:22:54Z INFO [452/500] 0baa3698-391f-4262-a75d-ebe6b1a1866e: valid; 2.5 s; peak memory 5531 MiB.
2026-09-20T20:22:57Z INFO [453/500] 0baa5d80-820b-4d63-a55c-35195677ebbb: valid; 2.4 s; peak memory 5531 MiB.
2026-09-20T20:22:58Z INFO [454/500] 0bab122e-7b88-4520-b60a-0d227a483b82: valid; 1.2 s; peak memory 5531 MiB.
2026-09-20T20:23:02Z INFO [455/500] 0bab16bd-65a1-4aed-927d-865034ceb998: valid; 4.3 s; peak memory 5531 MiB.
2026-09-20T20:23:20Z INFO [456/500] 0bab38ee-e4a6-4a4c-958e-11346cf12bd5: valid; 18.2 s; peak memory 5532 MiB.
2026-09-20T20:23:22Z INFO [457/500] 0bac03f9-ed65-43f9-bb0b-7231aaf60024: not valid; 1.3 s; peak memory 5532 MiB.
2026-09-20T20:23:37Z INFO [458/500] 0bac6066-5635-46e3-8945-c0d506073017: not valid; 15.6 s; peak memory 5598 MiB.
2026-09-20T20:23:40Z INFO [459/500] 0bac7466-3f6f-49bf-8cb4-b9f205fe0b13: valid; 2.6 s; peak memory 5608 MiB.
2026-09-20T20:23:44Z INFO [460/500] 0bac7833-7316-4aae-b418-9f8f09f3ede9: valid; 3.6 s; peak memory 5612 MiB.
2026-09-20T20:23:48Z INFO [461/500] 0baca61d-eb8f-4642-a715-b2fe2892fb3f: valid; 4.0 s; peak memory 5612 MiB.
2026-09-20T20:23:49Z INFO [462/500] 0bad15d5-62c5-4a19-a289-b75ccd9ff676: valid; 1.7 s; peak memory 5612 MiB.
2026-09-20T20:23:50Z INFO [463/500] 0badfc74-5698-41d3-aca2-733a0763196e: valid; 1.2 s; peak memory 5612 MiB.
2026-09-20T20:23:53Z INFO [464/500] 0bae61c7-2b37-41e1-b617-5e437a88836d: valid; 2.2 s; peak memory 5612 MiB.
2026-09-20T20:24:02Z INFO [465/500] 0baeaa48-f317-441c-8dbe-61f9a051d7c7: not valid; 9.6 s; peak memory 5612 MiB.
2026-09-20T20:24:06Z INFO [466/500] 0baf4f54-8ee7-4da0-9ab2-0a44f92407b0: not valid; 4.2 s; peak memory 5612 MiB.
2026-09-20T20:24:09Z INFO [467/500] 0bafb133-2f60-44e0-b62f-93a7abd2d409: valid; 2.3 s; peak memory 5612 MiB.
2026-09-20T20:24:10Z INFO [468/500] 0bb031bb-d0ae-4d83-915f-89ed1046b7f3: valid; 1.7 s; peak memory 5612 MiB.
2026-09-20T20:24:12Z INFO [469/500] 0bb03fe0-a7b5-4347-92b5-d36ec157b7ff: valid; 1.7 s; peak memory 5612 MiB.
2026-09-20T20:24:15Z INFO [470/500] 0bb0e059-94ee-488e-b358-874075c85adf: not valid; 2.7 s; peak memory 5612 MiB.
2026-09-20T20:24:17Z INFO [471/500] 0bb185ba-5f1e-4e12-9173-95c0bf0438ff: valid; 1.7 s; peak memory 5612 MiB.
2026-09-20T20:24:18Z INFO [472/500] 0bb2fae8-9d0d-4561-945f-e68d101e23b3: valid; 1.2 s; peak memory 5612 MiB.
2026-09-20T20:24:19Z INFO [473/500] 0bb3bbfe-538b-4ed3-b683-c436b42366da: valid; 1.1 s; peak memory 5612 MiB.
2026-09-20T20:24:20Z INFO [474/500] 0bb3e9e2-cc62-4a05-8368-725eb107f03b: valid; 1.3 s; peak memory 5612 MiB.
2026-09-20T20:24:22Z INFO [475/500] 0bb401f6-f820-4932-964a-f30a84bdf353: valid; 1.4 s; peak memory 5612 MiB.
2026-09-20T20:24:23Z INFO [476/500] 0bb43f23-8d15-4c1e-94b0-fef2faf77590: valid; 1.7 s; peak memory 5612 MiB.
2026-09-20T20:24:30Z INFO [477/500] 0bb44ecf-20de-41ba-ba9a-beea340a36cb: valid; 6.5 s; peak memory 5612 MiB.
2026-09-20T20:24:31Z INFO [478/500] 0bb4805d-9f73-4e21-a713-25ed1a0ed788: valid; 1.2 s; peak memory 5612 MiB.
2026-09-20T20:24:33Z INFO [479/500] 0bb4bb71-c105-45d2-bb78-e37eea20056a: valid; 1.7 s; peak memory 5612 MiB.
2026-09-20T20:24:34Z INFO [480/500] 0bb4d459-f849-4c6d-933a-9ddc34745d3c: valid; 1.6 s; peak memory 5612 MiB.
2026-09-20T20:24:37Z INFO [481/500] 0bb4ff1d-6fa4-4fbb-a2b4-a84146b79056: valid; 2.5 s; peak memory 5612 MiB.
2026-09-20T20:24:38Z INFO [482/500] 0bb50755-dc71-4132-98f6-a59c1e5c6107: not valid; 1.7 s; peak memory 5612 MiB.
2026-09-20T20:24:40Z INFO [483/500] 0bb52018-feaf-4f97-bc9f-9ea043a82ef1: valid; 1.8 s; peak memory 5612 MiB.
2026-09-20T20:24:42Z INFO [484/500] 0bb59fd1-3e9c-4bdc-89d5-7f597e6b04b7: valid; 1.5 s; peak memory 5612 MiB.
2026-09-20T20:24:44Z INFO [485/500] 0bb641b1-f4ec-4145-b8f3-727b84c049da: not valid; 2.5 s; peak memory 5612 MiB.
2026-09-20T20:24:46Z INFO [486/500] 0bb72ff8-866c-420c-97dc-13b09702994a: not valid; 1.5 s; peak memory 5612 MiB.
2026-09-20T20:24:47Z INFO [487/500] 0bb7841a-96a8-49de-a9ea-b4b74cc79d90: valid; 1.1 s; peak memory 5612 MiB.
2026-09-20T20:24:48Z INFO [488/500] 0bb7dc38-7e44-46d3-8ead-518ddf010186: valid; 1.2 s; peak memory 5612 MiB.
2026-09-20T20:24:49Z INFO [489/500] 0bb87306-ff51-4af3-be35-61288b2dc801: valid; 1.3 s; peak memory 5612 MiB.
2026-09-20T20:24:50Z INFO [490/500] 0bb8a18d-ed79-4f17-806f-5359895e4218: valid; 1.2 s; peak memory 5612 MiB.
2026-09-20T20:24:53Z INFO [491/500] 0bb9d223-7810-4f80-b4a2-e7d1f1079eee: not valid; 2.1 s; peak memory 5612 MiB.
2026-09-20T20:24:54Z INFO [492/500] 0bb9e2c1-629c-4e44-838b-ee6ab2698503: valid; 1.2 s; peak memory 5612 MiB.
2026-09-20T20:24:55Z INFO [493/500] 0bbb3b87-f438-4d78-9a28-0fb0baed8ada: valid; 1.2 s; peak memory 5612 MiB.
2026-09-20T20:24:59Z INFO [494/500] 0bbb6952-c229-4752-9ec5-6ea254038ffd: not valid; 3.7 s; peak memory 5612 MiB.
2026-09-20T20:25:01Z INFO [495/500] 0bbb8a75-ea84-4c98-be1b-949a15803310: valid; 2.0 s; peak memory 5612 MiB.
2026-09-20T20:25:03Z INFO [496/500] 0bbc7582-0430-47b4-a628-73242d4f2112: valid; 1.9 s; peak memory 5612 MiB.
2026-09-20T20:25:04Z INFO [497/500] 0bbc9d1f-8061-49e2-a20b-46841bf16cb8: valid; 1.6 s; peak memory 5612 MiB.
2026-09-20T20:25:07Z INFO [498/500] 0bbcab52-c8cd-4081-9e75-9a6d2f661e37: valid; 2.4 s; peak memory 5612 MiB.
2026-09-20T20:25:08Z INFO [499/500] 0bbcc104-6bcf-416b-a132-b1acb2ed9009: not valid; 1.7 s; peak memory 5612 MiB.
2026-09-20T20:25:10Z INFO [500/500] 0bbcdb26-a817-4116-9d67-8f959f7aba52: valid; 1.7 s; peak memory 5612 MiB.
2026-09-20T20:25:11Z INFO [500/500] 0bbcdb26-a817-4116-9d67-8f959f7aba52: checkpointed 72510 records.
2026-09-20T20:25:11Z INFO Wrote 72510 records to /tmp/derivatives/content_id_to_valid_nwb_file.jsonl (474 new, 26 failed) in 30.7 min (peak memory 5612 MiB).
