2026-09-23T10:23:10Z INFO Logging to /tmp/logs/update_2026-09-23T10-23-10Z.log.
2026-09-23T10:23:10Z INFO Update content-id-to-valid-nwb-file (base directory /tmp).
2026-09-23T10:23:12Z INFO Processing 500 items (75510 already recorded).
2026-09-23T10:23:14Z INFO [1/500] 03cdc3ac-ee4a-4073-996f-67362a1e8905: valid; 1.3 s; peak memory 337 MiB.
2026-09-23T10:23:15Z INFO [2/500] 103b2bb4-dac2-4b34-80e5-b50a43a924b0: not valid; 1.1 s; peak memory 339 MiB.
2026-09-23T10:23:16Z INFO [3/500] 103bcc48-ef96-4fd3-8b3e-68d360ee14af: valid; 1.2 s; peak memory 340 MiB.
2026-09-23T10:23:18Z WARNING 103c7c1b-15d4-41f2-b371-e49b68833dba: failed while opening the NWB file (ConstructError: (root/acquisition/_iblmic_audioSpectrogram/bands GroupBuilder {'attributes': {'colnames': array(['freq'], dtype=object), 'description': 'spectogram frequencies', 'namespace': 'core', 'neurodata_type': 'FrequencyBandsTable', 'object_id': '75ca923b-3ea8-4762-bfcf-9460458586dc'}, 'groups': {}, 'datasets': {'freq': root/acquisition/_iblmic_audioSpectrogram/bands/freq DatasetBuilder {'attributes': {'description': 'frequency value', 'namespace': 'hdmf-common', 'neurodata_type': 'VectorData', 'object_id': 'b7f93259-0d50-45e0-b847-82f5edd6a125'}, 'data': <HDF5 dataset "freq": shape (257,), type "<f4">}, 'id': root/acquisition/_iblmic_audioSpectrogram/bands/id DatasetBuilder {'attributes': {'namespace': 'hdmf-common', 'neurodata_type': 'ElementIdentifiers', 'object_id': '89dcd0fe-8bc3-4b5d-b303-adb8406a25e4'}, 'data': <HDF5 dataset "id": shape (257,), type "<i4">}}, 'links': {}}, "Could not construct FrequencyBandsTable object due to: column must have the same number of rows as 'id'"))
2026-09-23T10:23:19Z INFO [5/500] 103c962b-4725-4f4c-bff7-943bac8ae678: valid; 1.8 s; peak memory 361 MiB.
2026-09-23T10:23:21Z INFO [6/500] 103d1962-e5c9-46db-b557-7d09974546e3: valid; 1.2 s; peak memory 366 MiB.
2026-09-23T10:23:22Z INFO [7/500] 103da90f-baa5-47d7-9b0c-9d011cd58aca: not valid; 1.1 s; peak memory 366 MiB.
2026-09-23T10:23:23Z INFO [8/500] 103db136-73b3-485a-ab13-134fc5d5e1f2: not valid; 1.1 s; peak memory 368 MiB.
2026-09-23T10:23:35Z INFO [9/500] 103db565-d0f7-46cb-b0a1-c83cf53e170b: valid; 12.3 s; peak memory 467 MiB.
2026-09-23T10:23:36Z INFO [10/500] 103de969-d7dd-4f02-b365-2193dbd43361: valid; 0.9 s; peak memory 469 MiB.
2026-09-23T10:23:36Z WARNING 103e3221-891e-401c-a48d-d009505febf7: failed while retrieving asset information from the DANDI API (NotFoundError: No asset at path 'sub-parkinson-simulated-lfp/sub-parkinson-simulated-lfp_ses-1059_ecephys.nwb' in version 0.250327.2220. Verify the path is correct and the asset exists in this version. Use 'dandi ls' to list available assets.)
2026-09-23T10:23:39Z INFO [12/500] 103e77a3-41c6-4a4b-b787-ce5b81f05fcc: valid; 3.2 s; peak memory 485 MiB.
2026-09-23T10:23:39Z WARNING 103ecf3a-6205-4e8a-85e0-bfd93350b149: failed while retrieving asset information from the DANDI API (NotFoundError: No asset at path 'sub-parkinson-simulated-beta/sub-parkinson-simulated-beta_ses-7863_ecephys.nwb' in version 0.250327.2220. Verify the path is correct and the asset exists in this version. Use 'dandi ls' to list available assets.)
2026-09-23T10:23:42Z INFO [14/500] 103eeaa4-e50f-4240-a254-cc4e2829ca52: valid; 3.0 s; peak memory 504 MiB.
2026-09-23T10:23:44Z INFO [15/500] 103f3a75-e335-4cb3-8564-0f50857a33b5: valid; 1.4 s; peak memory 519 MiB.
2026-09-23T10:23:52Z INFO [16/500] 103f60a8-b29b-4ef6-a450-5da465c7dc43: valid; 8.0 s; peak memory 582 MiB.
2026-09-23T10:23:54Z INFO [17/500] 10401ed9-2f73-4bb0-9f88-daae5047a741: valid; 2.4 s; peak memory 586 MiB.
2026-09-23T10:23:55Z INFO [18/500] 1040ab4c-da6c-474c-b5e8-52cb7ae33dc5: valid; 1.2 s; peak memory 586 MiB.
2026-09-23T10:23:56Z INFO [19/500] 1040df47-f26d-4280-a84c-b3440cff043c: valid; 0.9 s; peak memory 586 MiB.
2026-09-23T10:25:19Z INFO [20/500] 10412615-7a98-4f53-8ccf-14821f647977: valid; 82.5 s; peak memory 812 MiB.
2026-09-23T10:25:20Z INFO [21/500] 10412f2b-e17a-404f-91cc-5c3605407651: valid; 1.7 s; peak memory 812 MiB.
2026-09-23T10:25:21Z INFO [22/500] 10414878-c364-4379-b7e7-2f0de4055296: valid; 1.0 s; peak memory 812 MiB.
2026-09-23T10:25:26Z INFO [23/500] 10419ed2-a547-4180-a895-eb6867ad5930: valid; 4.5 s; peak memory 812 MiB.
2026-09-23T10:25:27Z INFO [24/500] 10429016-b960-4eb2-9d20-3fe73340c9bf: not valid; 1.5 s; peak memory 812 MiB.
2026-09-23T10:25:28Z INFO [25/500] 104295ef-b838-46e8-b02e-774c6e3a1509: not valid; 0.9 s; peak memory 812 MiB.
2026-09-23T10:25:30Z INFO [26/500] 1042c3e5-fd7d-45b4-8106-8ff5a8fbd5c2: valid; 1.5 s; peak memory 812 MiB.
2026-09-23T10:25:30Z INFO [27/500] 1042db87-4fc1-4910-a3f1-6c2f4c1480ab: not valid; 0.8 s; peak memory 812 MiB.
2026-09-23T10:25:31Z INFO [28/500] 1042df47-7eae-480c-a37f-3a2d311c5107: valid; 0.8 s; peak memory 812 MiB.
2026-09-23T10:25:32Z INFO [29/500] 10431016-a31f-4546-9338-13535cbb5d18: valid; 1.0 s; peak memory 812 MiB.
2026-09-23T10:25:33Z INFO [30/500] 1043ce36-c15d-4698-9843-675a39e56bf8: valid; 1.2 s; peak memory 812 MiB.
2026-09-23T10:25:35Z INFO [31/500] 10441041-dd03-4e47-b76d-bcce6f0053c4: not valid; 1.6 s; peak memory 812 MiB.
2026-09-23T10:25:36Z INFO [32/500] 1044784c-3b17-4280-b127-63a3dc1f428d: valid; 1.4 s; peak memory 812 MiB.
2026-09-23T10:25:37Z INFO [33/500] 10453efc-e13b-4896-adaa-7b5b69e39da1: valid; 0.9 s; peak memory 812 MiB.
2026-09-23T10:25:38Z INFO [34/500] 10461333-c978-4c57-aba1-791120d58045: valid; 1.1 s; peak memory 812 MiB.
2026-09-23T10:25:45Z INFO [35/500] 104818be-1fec-4e9a-b8a8-496b9973870a: valid; 6.5 s; peak memory 823 MiB.
2026-09-23T10:25:46Z INFO [36/500] 10498447-7403-4692-af13-c24d51b2ece4: valid; 0.6 s; peak memory 824 MiB.
2026-09-23T10:25:47Z INFO [37/500] 104994be-969e-4913-9158-3de25a7113fb: not valid; 1.0 s; peak memory 824 MiB.
2026-09-23T10:25:53Z INFO [38/500] 104a15c9-e3cc-4e43-abf9-53660f93e116: valid; 6.2 s; peak memory 832 MiB.
2026-09-23T10:25:55Z INFO [39/500] 104ab473-3511-4baa-8878-97c5fd8833cb: valid; 1.6 s; peak memory 844 MiB.
2026-09-23T10:25:57Z INFO [40/500] 104acc5c-1ed4-4f09-ad1a-2e6295445f17: valid; 2.0 s; peak memory 851 MiB.
2026-09-23T10:25:58Z INFO [41/500] 104b1436-9411-4032-9f4d-331c3a68ad30: valid; 1.1 s; peak memory 855 MiB.
2026-09-23T10:25:59Z INFO [42/500] 104b2140-518c-4d03-b580-9cbaf9088528: valid; 1.7 s; peak memory 865 MiB.
2026-09-23T10:26:09Z INFO [43/500] 104c3708-6e19-4e36-ba6f-3cf233d8f2cc: valid; 9.8 s; peak memory 949 MiB.
2026-09-23T10:26:12Z INFO [44/500] 104caad9-3c68-47a6-bdb1-c250ba6b2f58: valid; 2.5 s; peak memory 996 MiB.
2026-09-23T10:26:12Z INFO [45/500] 104cd17c-cc5a-45ff-a3b8-d248bb203639: valid; 0.9 s; peak memory 996 MiB.
2026-09-23T10:26:18Z INFO [46/500] 104d16b0-5db1-4100-8d1d-1095cf6f49ba: valid; 5.3 s; peak memory 1015 MiB.
2026-09-23T10:26:19Z INFO [47/500] 104d7dec-d6f4-4513-9318-90d8b50f221b: valid; 1.0 s; peak memory 1017 MiB.
2026-09-23T10:26:20Z INFO [48/500] 104d81b6-6c3a-4e4b-999a-37a5f9c35c9c: not valid; 1.2 s; peak memory 1020 MiB.
2026-09-23T10:26:24Z INFO [49/500] 104d8968-9ccd-4945-826c-14dd976de4b0: valid; 4.4 s; peak memory 1053 MiB.
2026-09-23T10:26:25Z INFO [50/500] 104dd8aa-45f9-495c-8111-09dfe009a716: not valid; 1.1 s; peak memory 1057 MiB.
2026-09-23T10:26:26Z INFO [50/500] 104dd8aa-45f9-495c-8111-09dfe009a716: checkpointed 75560 records.
2026-09-23T10:26:28Z INFO [51/500] 104f2a2c-01c6-409d-b849-f00497ed9a91: valid; 1.5 s; peak memory 1069 MiB.
2026-09-23T10:26:29Z INFO [52/500] 104f910a-93e7-40f1-a4bb-a477b8087c59: valid; 0.9 s; peak memory 1070 MiB.
2026-09-23T10:26:30Z INFO [53/500] 10510b5c-b380-4bdf-a53f-f1a778c19055: not valid; 1.1 s; peak memory 1074 MiB.
2026-09-23T10:26:31Z INFO [54/500] 10514435-1d8c-4a33-9e70-8f0035d66db7: valid; 0.9 s; peak memory 1079 MiB.
2026-09-23T10:26:31Z INFO [55/500] 1051616f-b70c-46d2-ae09-8149c86ff01c: valid; 0.9 s; peak memory 1081 MiB.
2026-09-23T10:26:32Z INFO [56/500] 10517c2c-5f76-4630-8322-e065723cf0c6: valid; 1.1 s; peak memory 1084 MiB.
2026-09-23T10:26:38Z INFO [57/500] 10520941-e258-47df-9eda-2843ce42827c: valid; 5.2 s; peak memory 1093 MiB.
2026-09-23T10:26:38Z INFO [58/500] 1052bbde-1600-458f-9bbb-58109af06d29: valid; 0.7 s; peak memory 1095 MiB.
2026-09-23T10:26:40Z INFO [59/500] 1053f8fe-0c46-4ddd-b12a-7d95a268ee4a: valid; 1.3 s; peak memory 1103 MiB.
2026-09-23T10:26:44Z INFO [60/500] 1054202e-a0ff-4f4c-83f9-e7f8c055f8ff: valid; 4.2 s; peak memory 1147 MiB.
2026-09-23T10:26:45Z INFO [61/500] 10544cbb-a069-475b-87ef-b05a868ee77d: valid; 0.9 s; peak memory 1147 MiB.
2026-09-23T10:26:48Z INFO [62/500] 1054910a-4742-4df7-983f-a89524175447: valid; 3.3 s; peak memory 1148 MiB.
2026-09-23T10:26:51Z INFO [63/500] 1054bfb8-afef-44d8-b331-01f168f6e38f: not valid; 2.5 s; peak memory 1148 MiB.
2026-09-23T10:26:53Z INFO [64/500] 10559d5d-c3e3-4f06-9f0d-c74da5ca2feb: not valid; 2.5 s; peak memory 1148 MiB.
2026-09-23T10:26:54Z INFO [65/500] 1055a997-26f7-407e-952a-0b011d35a6d8: valid; 0.8 s; peak memory 1148 MiB.
2026-09-23T10:27:00Z INFO [66/500] 1055fe42-75f4-48ec-a4b5-8f503b449579: valid; 5.7 s; peak memory 1148 MiB.
2026-09-23T10:27:01Z INFO [67/500] 105634b0-c85c-42bd-ba33-91ff52c9629f: valid; 1.2 s; peak memory 1148 MiB.
2026-09-23T10:27:02Z INFO [68/500] 105647c5-00ea-4820-b71a-c5ba534d8d46: valid; 0.8 s; peak memory 1148 MiB.
2026-09-23T10:27:03Z WARNING 10564b92-e3f5-4602-80c8-ab13e86d7dc0: failed while opening the NWB file (ValueError: Cannot resolve included group spec 'electrodes' with data_type_inc 'ElectrodesTable' because a group spec with the same name already exists with data_type_inc 'DynamicTable', and data type 'DynamicTable' is not a child type of data type 'ElectrodesTable'.)
2026-09-23T10:27:05Z INFO [70/500] 105672e7-79de-4064-bd1b-63adba569648: valid; 1.8 s; peak memory 1148 MiB.
2026-09-23T10:27:06Z INFO [71/500] 105856a4-1dd1-4584-ba0a-d2d1ca2ad7bc: not valid; 1.1 s; peak memory 1148 MiB.
2026-09-23T10:27:07Z INFO [72/500] 1059adad-cf0e-4a7d-a1f8-ff03d7132bcf: valid; 1.2 s; peak memory 1148 MiB.
2026-09-23T10:27:08Z INFO [73/500] 1059ebf7-b95b-43f1-825d-1760b2ead849: valid; 1.2 s; peak memory 1148 MiB.
2026-09-23T10:27:09Z INFO [74/500] 105a66b4-7bd1-4189-8121-c007ebe2ff76: valid; 1.2 s; peak memory 1148 MiB.
2026-09-23T10:27:21Z INFO [75/500] 105af599-9c9d-43eb-b162-264c3a6d6961: valid; 11.3 s; peak memory 1148 MiB.
2026-09-23T10:27:31Z INFO [76/500] 105b2068-b65c-4bdf-b574-d9a59d8bd4af: valid; 9.8 s; peak memory 1172 MiB.
2026-09-23T10:27:32Z INFO [77/500] 105b3775-d783-41cb-ac0a-5632952bbb73: valid; 1.2 s; peak memory 1179 MiB.
2026-09-23T10:27:35Z INFO [78/500] 105b8844-b2ca-412a-9ac8-6ca54bb7add8: not valid; 3.3 s; peak memory 1207 MiB.
2026-09-23T10:27:50Z INFO [79/500] 105c3b70-9f49-4d68-bbdd-11b779a332f2: valid; 14.7 s; peak memory 1349 MiB.
2026-09-23T10:27:50Z INFO [80/500] 105cd381-3186-42a6-86b2-a2c8924ced3e: valid; 0.6 s; peak memory 1350 MiB.
2026-09-23T10:27:52Z INFO [81/500] 105d7020-9ac8-4ef2-ad3d-512a46d7db7e: not valid; 1.3 s; peak memory 1353 MiB.
2026-09-23T10:27:53Z INFO [82/500] 105da8e5-2934-4023-b1d5-209c4365404f: valid; 0.9 s; peak memory 1353 MiB.
2026-09-23T10:27:54Z INFO [83/500] 105daf87-eb36-41bc-8db1-3ad6534c44ae: valid; 1.3 s; peak memory 1353 MiB.
2026-09-23T10:27:55Z INFO [84/500] 105e0d20-818e-452c-9adb-351e9a358cd7: valid; 1.0 s; peak memory 1353 MiB.
2026-09-23T10:27:55Z WARNING 105e20f4-3868-4381-ab00-2863027781cf: failed while retrieving asset information from the DANDI API (NotFoundError: No such Dandiset: 001533)
2026-09-23T10:27:56Z INFO [86/500] 105e4d27-f114-4e03-b197-4d1d89147ad2: valid; 0.8 s; peak memory 1353 MiB.
2026-09-23T10:27:57Z INFO [87/500] 105e9f32-619e-4a46-a1bd-410abdf99b2c: not valid; 1.0 s; peak memory 1353 MiB.
2026-09-23T10:27:58Z INFO [88/500] 105eb768-3c08-401b-864d-a404e9fc217b: not valid; 0.8 s; peak memory 1353 MiB.
2026-09-23T10:27:59Z INFO [89/500] 105ebf58-b230-4dd4-bca4-6f3b6934d483: valid; 1.2 s; peak memory 1353 MiB.
2026-09-23T10:28:00Z INFO [90/500] 105ff03b-192d-40ed-950b-79bfb3618c05: valid; 1.4 s; peak memory 1353 MiB.
2026-09-23T10:28:01Z INFO [91/500] 10608ee4-9475-446f-af51-f4b013a8df59: not valid; 1.1 s; peak memory 1353 MiB.
2026-09-23T10:28:02Z INFO [92/500] 1060b8a2-6554-4044-9835-f39a906bcec6: valid; 0.5 s; peak memory 1353 MiB.
2026-09-23T10:28:04Z INFO [93/500] 10615f14-cf04-419c-99a3-c23ad49e2709: valid; 1.9 s; peak memory 1353 MiB.
2026-09-23T10:28:05Z INFO [94/500] 1061eb08-c43d-4ff2-a2b7-40d4c8fd9e57: not valid; 0.9 s; peak memory 1353 MiB.
2026-09-23T10:28:06Z WARNING 10632391-910d-4a51-867f-5fd04885bcb7: failed while opening the NWB file (ConstructError: (root/acquisition/_iblmic_audioSpectrogram/bands GroupBuilder {'attributes': {'colnames': array(['freq'], dtype=object), 'description': 'spectogram frequencies', 'namespace': 'core', 'neurodata_type': 'FrequencyBandsTable', 'object_id': '6621d83e-4351-422c-a8c3-67b364ee09cb'}, 'groups': {}, 'datasets': {'freq': root/acquisition/_iblmic_audioSpectrogram/bands/freq DatasetBuilder {'attributes': {'description': 'frequency value', 'namespace': 'hdmf-common', 'neurodata_type': 'VectorData', 'object_id': '209235bf-d910-4a5d-9bd7-9d8c85926e14'}, 'data': <HDF5 dataset "freq": shape (257,), type "<f4">}, 'id': root/acquisition/_iblmic_audioSpectrogram/bands/id DatasetBuilder {'attributes': {'namespace': 'hdmf-common', 'neurodata_type': 'ElementIdentifiers', 'object_id': 'f0a1b247-9605-4095-90cd-b14f984cc871'}, 'data': <HDF5 dataset "id": shape (257,), type "<i4">}}, 'links': {}}, "Could not construct FrequencyBandsTable object due to: column must have the same number of rows as 'id'"))
2026-09-23T10:28:08Z INFO [96/500] 10632979-eaae-4a8e-bc5e-9a1ff92006a8: not valid; 2.4 s; peak memory 1354 MiB.
2026-09-23T10:28:09Z WARNING 10641226-eecf-46e1-9981-73eff6a73f35: failed while opening the NWB file (ConstructError: (root/acquisition/_iblmic_audioSpectrogram/bands GroupBuilder {'attributes': {'colnames': array(['freq'], dtype=object), 'description': 'spectogram frequencies', 'namespace': 'core', 'neurodata_type': 'FrequencyBandsTable', 'object_id': '3a2a73ed-2859-4be7-b093-cc4cd8e0581e'}, 'groups': {}, 'datasets': {'freq': root/acquisition/_iblmic_audioSpectrogram/bands/freq DatasetBuilder {'attributes': {'description': 'frequency value', 'namespace': 'hdmf-common', 'neurodata_type': 'VectorData', 'object_id': 'e8aff570-e13e-423e-9c34-9ec71dcc801f'}, 'data': <HDF5 dataset "freq": shape (257,), type "<f4">}, 'id': root/acquisition/_iblmic_audioSpectrogram/bands/id DatasetBuilder {'attributes': {'namespace': 'hdmf-common', 'neurodata_type': 'ElementIdentifiers', 'object_id': 'da09028f-c2bd-4c85-9278-9af03ce7aaf9'}, 'data': <HDF5 dataset "id": shape (257,), type "<i4">}}, 'links': {}}, "Could not construct FrequencyBandsTable object due to: column must have the same number of rows as 'id'"))
2026-09-23T10:28:11Z INFO [98/500] 106413b8-0743-4747-b497-ce1e53437226: valid; 1.4 s; peak memory 1362 MiB.
2026-09-23T10:28:12Z INFO [99/500] 10641665-96a4-4e43-b758-019cbb249821: valid; 1.1 s; peak memory 1362 MiB.
2026-09-23T10:28:13Z INFO [100/500] 1064c03a-0ad4-4b38-b0ee-6d64120ecdec: not valid; 1.2 s; peak memory 1362 MiB.
2026-09-23T10:28:14Z INFO [100/500] 1064c03a-0ad4-4b38-b0ee-6d64120ecdec: checkpointed 75610 records.
2026-09-23T10:28:16Z INFO [101/500] 10665c14-3646-4d23-9b33-8236a3cd8d9c: valid; 1.8 s; peak memory 1362 MiB.
2026-09-23T10:28:18Z INFO [102/500] 1066b3ba-83d9-4cb3-bfe3-ecf8539e2334: valid; 2.8 s; peak memory 1362 MiB.
2026-09-23T10:28:18Z WARNING 106759a1-9338-41e9-a3ea-633a654b43a4: failed while retrieving asset information from the DANDI API (NotFoundError: No asset at path 'sub-parkinson-simulated-beta/sub-parkinson-simulated-beta_ses-716_ecephys.nwb' in version 0.250327.2220. Verify the path is correct and the asset exists in this version. Use 'dandi ls' to list available assets.)
2026-09-23T10:28:20Z INFO [104/500] 10676b36-fe66-43bb-b2ed-15191aaf1d2f: valid; 1.4 s; peak memory 1362 MiB.
2026-09-23T10:28:21Z INFO [105/500] 1067d403-fa0d-44e7-8245-b4499d38f1b2: valid; 0.8 s; peak memory 1362 MiB.
2026-09-23T10:28:22Z INFO [106/500] 10684010-4f6d-4dd0-af3a-9dec2e9766de: valid; 0.9 s; peak memory 1362 MiB.
2026-09-23T10:28:22Z INFO [107/500] 106878ef-4776-44d3-a845-cf3e4e2b68ae: valid; 0.7 s; peak memory 1362 MiB.
2026-09-23T10:28:24Z INFO [108/500] 1068ed94-86d9-48fe-826c-30a7174cc3a1: valid; 1.4 s; peak memory 1362 MiB.
2026-09-23T10:28:25Z INFO [109/500] 106901b9-c8d7-4926-a833-6b6d4531968f: valid; 1.4 s; peak memory 1362 MiB.
2026-09-23T10:28:28Z INFO [110/500] 106a53b4-747e-4647-95b0-12bcb89d5500: valid; 3.3 s; peak memory 1362 MiB.
2026-09-23T10:28:29Z INFO [111/500] 106a904c-4f50-4960-8e23-4054288c2b11: valid; 0.8 s; peak memory 1362 MiB.
2026-09-23T10:28:30Z INFO [112/500] 106a9895-5ecc-4981-b962-4adea6666239: valid; 0.9 s; peak memory 1362 MiB.
2026-09-23T10:28:32Z INFO [113/500] 106b8ced-f1b7-444b-a680-709281ca06a3: not valid; 1.7 s; peak memory 1362 MiB.
2026-09-23T10:28:34Z INFO [114/500] 106b8fb0-9a14-4dd6-ba92-339f0824a537: valid; 1.7 s; peak memory 1362 MiB.
2026-09-23T10:28:34Z WARNING 106ba308-a490-497c-ace6-c6157bfce844: failed while retrieving asset information from the DANDI API (NotFoundError: No asset at path 'sub-parkinson-simulated-lfp/sub-parkinson-simulated-lfp_ses-4017_ecephys.nwb' in version 0.250327.2220. Verify the path is correct and the asset exists in this version. Use 'dandi ls' to list available assets.)
2026-09-23T10:28:35Z INFO [116/500] 106c4365-91f4-4bf9-beed-498108e4da30: not valid; 1.0 s; peak memory 1362 MiB.
2026-09-23T10:28:36Z WARNING 106d44a1-a4b4-43ac-b44d-57562b837e59: failed while opening the NWB file (ConstructError: (root/acquisition/_iblmic_audioSpectrogram/bands GroupBuilder {'attributes': {'colnames': array(['freq'], dtype=object), 'description': 'spectogram frequencies', 'namespace': 'core', 'neurodata_type': 'FrequencyBandsTable', 'object_id': '03f5de0d-aed0-4e1f-a2f1-886f855bf738'}, 'groups': {}, 'datasets': {'freq': root/acquisition/_iblmic_audioSpectrogram/bands/freq DatasetBuilder {'attributes': {'description': 'frequency value', 'namespace': 'hdmf-common', 'neurodata_type': 'VectorData', 'object_id': '3ebf584a-d58d-4691-8bbd-f9829d8b68f0'}, 'data': <HDF5 dataset "freq": shape (257,), type "<f4">}, 'id': root/acquisition/_iblmic_audioSpectrogram/bands/id DatasetBuilder {'attributes': {'namespace': 'hdmf-common', 'neurodata_type': 'ElementIdentifiers', 'object_id': 'cd0f0fff-fda4-4330-9b17-8cffc079e067'}, 'data': <HDF5 dataset "id": shape (257,), type "<i4">}}, 'links': {}}, "Could not construct FrequencyBandsTable object due to: column must have the same number of rows as 'id'"))
2026-09-23T10:28:37Z INFO [118/500] 106d6d42-8aec-465d-9ae9-4e4a053103a8: valid; 0.8 s; peak memory 1362 MiB.
2026-09-23T10:28:38Z INFO [119/500] 106dab9a-6e58-4a20-955d-cf23aab4fb92: valid; 1.1 s; peak memory 1362 MiB.
2026-09-23T10:28:39Z INFO [120/500] 106ddcac-ba04-4c1d-845c-183432529c34: not valid; 1.0 s; peak memory 1362 MiB.
2026-09-23T10:28:41Z INFO [121/500] 106de333-c25f-4eef-8333-d3cb5fe85076: valid; 1.4 s; peak memory 1362 MiB.
2026-09-23T10:28:42Z INFO [122/500] 106e1edd-906a-45a8-a957-1193a97a87e4: valid; 1.0 s; peak memory 1362 MiB.
2026-09-23T10:28:43Z INFO [123/500] 106e3359-8b0f-45eb-9760-c4646549a5b3: valid; 1.0 s; peak memory 1362 MiB.
2026-09-23T10:28:43Z INFO [124/500] 106f8a50-2c01-4b6f-b7d5-f91dc6124dbe: valid; 0.8 s; peak memory 1362 MiB.
2026-09-23T10:28:44Z INFO [125/500] 1070a531-ded1-40ce-815f-38702746fc90: valid; 0.7 s; peak memory 1362 MiB.
2026-09-23T10:28:45Z INFO [126/500] 1071eff6-2f17-406f-bac1-a831813621a5: not valid; 1.3 s; peak memory 1362 MiB.
2026-09-23T10:28:47Z INFO [127/500] 107269d0-da7d-4631-b9f0-7321865359aa: valid; 1.5 s; peak memory 1362 MiB.
2026-09-23T10:28:48Z INFO [128/500] 10727190-9bd5-4e28-aab4-efc2b695b17e: valid; 0.9 s; peak memory 1362 MiB.
2026-09-23T10:28:48Z WARNING 1072e70e-cbcf-4847-823a-59656d8a2ea0: failed while retrieving asset information from the DANDI API (NotFoundError: No such Dandiset: 000948)
2026-09-23T10:28:49Z INFO [130/500] 1072ed9f-8ed4-40e5-aef1-3189bc19f03d: valid; 1.2 s; peak memory 1362 MiB.
2026-09-23T10:28:54Z INFO [131/500] 107337b7-09bd-4f5d-846c-739a03ea757e: valid; 4.7 s; peak memory 1362 MiB.
2026-09-23T10:28:55Z INFO [132/500] 1073bb52-49f1-46df-a02d-1a62dd1b4586: valid; 1.1 s; peak memory 1362 MiB.
2026-09-23T10:28:56Z INFO [133/500] 1073c934-adce-4b34-ab64-f785889b2731: valid; 0.9 s; peak memory 1362 MiB.
2026-09-23T10:28:58Z INFO [134/500] 1073d24f-a804-4aea-bc8f-b71138894f71: valid; 2.1 s; peak memory 1362 MiB.
2026-09-23T10:29:02Z INFO [135/500] 1073e39c-0610-49e3-90ee-709d3e068b27: valid; 4.5 s; peak memory 1362 MiB.
2026-09-23T10:29:03Z INFO [136/500] 1073f105-73c1-4af6-8c4d-6adbbb57f26b: valid; 1.0 s; peak memory 1362 MiB.
2026-09-23T10:30:57Z INFO [137/500] 1073fd9c-331b-4ee4-a153-b6d105de0120: valid; 113.4 s; peak memory 1847 MiB.
2026-09-23T10:30:58Z INFO [138/500] 107470ae-9186-4713-a484-38511445db88: valid; 1.1 s; peak memory 1847 MiB.
2026-09-23T10:30:59Z INFO [139/500] 107508e9-87f4-4a3b-a88c-4987548c16ed: not valid; 1.3 s; peak memory 1847 MiB.
2026-09-23T10:31:19Z INFO [140/500] 10750e1a-25f9-4017-aec3-d1fc5ff57293: valid; 19.6 s; peak memory 1847 MiB.
2026-09-23T10:31:20Z INFO [141/500] 10768e97-fa9f-4f14-b979-00ead18fac65: not valid; 1.1 s; peak memory 1847 MiB.
2026-09-23T10:31:22Z INFO [142/500] 1076e86b-3679-4453-a2ef-ae2faa77f4f6: valid; 2.3 s; peak memory 1847 MiB.
2026-09-23T10:31:27Z INFO [143/500] 1076eb8b-06a4-4aae-9baf-302ebe1ba7bb: valid; 5.1 s; peak memory 1847 MiB.
2026-09-23T10:31:28Z INFO [144/500] 1077103d-8b8c-42bd-b413-02f356b11edc: not valid; 1.3 s; peak memory 1847 MiB.
2026-09-23T10:31:29Z INFO [145/500] 1077abc3-5fb7-4690-89db-bea0c71ef911: valid; 1.0 s; peak memory 1847 MiB.
2026-09-23T10:31:31Z INFO [146/500] 1077edc7-b4fa-4ba6-907a-b84509104ab1: valid; 1.2 s; peak memory 1847 MiB.
2026-09-23T10:31:33Z INFO [147/500] 10782cf1-c87e-4af2-bff8-c10425f6ae13: not valid; 2.7 s; peak memory 1854 MiB.
2026-09-23T10:31:35Z INFO [148/500] 1079a248-232f-4270-b3b8-0f4c9fbfe7e0: valid; 1.5 s; peak memory 1854 MiB.
2026-09-23T10:31:45Z INFO [149/500] 1079ed9b-678c-4929-a7d9-72b6425e4606: valid; 10.3 s; peak memory 1870 MiB.
2026-09-23T10:31:47Z INFO [150/500] 1079ef50-661b-4f43-9520-59b2cf084948: valid; 2.0 s; peak memory 1871 MiB.
2026-09-23T10:31:48Z INFO [150/500] 1079ef50-661b-4f43-9520-59b2cf084948: checkpointed 75660 records.
2026-09-23T10:31:49Z INFO [151/500] 107a174a-0af5-47cc-bac2-f0c52c00d1b0: valid; 0.8 s; peak memory 1874 MiB.
2026-09-23T10:31:50Z INFO [152/500] 107aaf27-51ca-4f52-84d7-e8ac95c3ad7a: valid; 1.3 s; peak memory 1875 MiB.
2026-09-23T10:31:52Z INFO [153/500] 107ada9d-9086-400d-90c3-75caeaa64ba1: valid; 2.1 s; peak memory 1878 MiB.
2026-09-23T10:31:55Z INFO [154/500] 107bd690-7204-4f35-9f57-df043609b606: not valid; 2.6 s; peak memory 1882 MiB.
2026-09-23T10:31:58Z INFO [155/500] 107be1ae-260f-4b03-bbfe-adc44f8bd4a5: not valid; 2.9 s; peak memory 1887 MiB.
2026-09-23T10:32:09Z INFO [156/500] 107be61a-e96e-4030-ab88-5a5700d1211c: valid; 11.7 s; peak memory 1919 MiB.
2026-09-23T10:32:10Z INFO [157/500] 107d8c59-a8cf-41c7-b6f7-ab0507a80977: valid; 1.0 s; peak memory 1920 MiB.
2026-09-23T10:32:13Z INFO [158/500] 107db118-3a97-466d-9b51-e62efd029d92: not valid; 2.5 s; peak memory 1920 MiB.
2026-09-23T10:32:15Z INFO [159/500] 107e23f8-679a-43f8-8d05-b868f6dc0b8a: valid; 2.6 s; peak memory 1920 MiB.
2026-09-23T10:32:17Z INFO [160/500] 107e71e7-a57a-4c16-ad68-3d02bb243800: valid; 1.7 s; peak memory 1920 MiB.
2026-09-23T10:32:18Z INFO [161/500] 107ebbf0-78fe-4714-b46e-d656d523ae45: not valid; 1.3 s; peak memory 1920 MiB.
2026-09-23T10:32:19Z INFO [162/500] 107ed871-8dcc-47a1-a139-4f11dc432bb8: valid; 0.9 s; peak memory 1920 MiB.
2026-09-23T10:32:20Z INFO [163/500] 107f286c-4cbb-4fd5-8bab-c6c36bd8a01a: valid; 0.7 s; peak memory 1920 MiB.
2026-09-23T10:32:20Z WARNING 107f5318-b5c2-4196-872a-3c497298adfe: failed while retrieving asset information from the DANDI API (NotFoundError: No asset at path 'sub-EPCNHP1/sub-EPCNHP1_ses-2019-08-12-007_ecephys.nwb' in version 0.240701.1903. Verify the path is correct and the asset exists in this version. Use 'dandi ls' to list available assets.)
2026-09-23T10:32:28Z INFO [165/500] 107ff394-0d1f-4773-98b1-e068b053033f: valid; 8.4 s; peak memory 1920 MiB.
2026-09-23T10:32:30Z INFO [166/500] 1081dc00-f182-4862-98f6-bc21894fd0a1: valid; 1.4 s; peak memory 1925 MiB.
2026-09-23T10:32:31Z INFO [167/500] 1082468e-861c-4f74-b4f6-28f6d16a2a8b: valid; 1.2 s; peak memory 1935 MiB.
2026-09-23T10:32:34Z INFO [168/500] 1082e055-4b5b-4085-8997-9b7869860a94: valid; 2.6 s; peak memory 1943 MiB.
2026-09-23T10:32:35Z INFO [169/500] 10837b5e-05ee-4b2f-93aa-516f4e467c91: valid; 0.8 s; peak memory 1945 MiB.
2026-09-23T10:32:36Z INFO [170/500] 1084bc4c-cea0-435e-9223-7360a98da030: not valid; 1.1 s; peak memory 1949 MiB.
2026-09-23T10:32:38Z INFO [171/500] 1084e7d9-bcbc-4ddc-83ad-eb099445d35a: valid; 2.3 s; peak memory 1955 MiB.
2026-09-23T10:32:39Z INFO [172/500] 10857552-d43f-4cf9-b16d-90fa1c9d29e7: valid; 0.9 s; peak memory 1955 MiB.
2026-09-23T10:32:40Z INFO [173/500] 10862265-2744-4737-917e-9e5473010913: valid; 1.4 s; peak memory 1955 MiB.
2026-09-23T10:32:42Z INFO [174/500] 108634f6-53c8-46a0-940b-87a7c37c4c0b: valid; 1.4 s; peak memory 1955 MiB.
2026-09-23T10:32:42Z INFO [175/500] 10863cb1-d616-41ba-a14c-ba7a9e803973: valid; 0.9 s; peak memory 1955 MiB.
2026-09-23T10:32:44Z INFO [176/500] 1086b1ec-5d0c-4c74-806c-bfbf2d982328: valid; 1.3 s; peak memory 1955 MiB.
2026-09-23T10:32:52Z INFO [177/500] 1087ac09-3f72-4ac4-bd18-43fedf92ed85: valid; 8.7 s; peak memory 1960 MiB.
2026-09-23T10:32:54Z INFO [178/500] 1087b643-fd7a-4624-b503-6b98696d554c: valid; 1.6 s; peak memory 1968 MiB.
2026-09-23T10:32:56Z INFO [179/500] 1087d8c4-2f12-485b-8a53-592129d7079f: not valid; 2.2 s; peak memory 1977 MiB.
2026-09-23T10:32:58Z INFO [180/500] 1087f44e-c903-4ad0-9dfd-d8b7f6fb9102: valid; 1.5 s; peak memory 1984 MiB.
2026-09-23T10:32:59Z INFO [181/500] 10887294-08c8-4c45-8af2-e6746f88898a: valid; 1.3 s; peak memory 1995 MiB.
2026-09-23T10:33:07Z INFO [182/500] 1088b943-c233-435e-9095-e9004f1f9082: not valid; 8.4 s; peak memory 2060 MiB.
2026-09-23T10:33:08Z INFO [183/500] 10891924-62f7-4699-911e-93b624110ef9: valid; 1.1 s; peak memory 2060 MiB.
2026-09-23T10:33:10Z INFO [184/500] 10894618-9a39-4020-be06-5b738be2d570: valid; 1.6 s; peak memory 2060 MiB.
2026-09-23T10:33:12Z INFO [185/500] 10896bce-6ffd-44c8-b515-3fe61923dc10: not valid; 1.4 s; peak memory 2060 MiB.
2026-09-23T10:33:13Z INFO [186/500] 108975d8-941f-40e3-a62d-6bccf4efd67a: valid; 1.9 s; peak memory 2060 MiB.
2026-09-23T10:33:15Z INFO [187/500] 1089e61c-c725-4307-99b9-980d8b9cb7df: not valid; 1.6 s; peak memory 2060 MiB.
2026-09-23T10:33:16Z INFO [188/500] 108a1ed6-999a-491f-a08a-5935eecd376f: valid; 1.1 s; peak memory 2060 MiB.
2026-09-23T10:33:17Z INFO [189/500] 108a6bb9-f8b4-4541-b25f-3f4bc74c8f3f: valid; 1.3 s; peak memory 2066 MiB.
2026-09-23T10:33:19Z INFO [190/500] 108c2bb1-bd5e-44dc-9a53-7300b7893d44: valid; 1.1 s; peak memory 2066 MiB.
2026-09-23T10:33:20Z INFO [191/500] 108c7fbd-09d9-4188-b9c6-662fe0f0a686: not valid; 1.2 s; peak memory 2066 MiB.
2026-09-23T10:33:21Z INFO [192/500] 108d19a6-5ff0-4328-807a-2519227efb91: not valid; 1.7 s; peak memory 2066 MiB.
2026-09-23T10:33:26Z INFO [193/500] 108e7fc9-3f8b-498c-937e-f8052af01e56: valid; 4.9 s; peak memory 2066 MiB.
2026-09-23T10:33:27Z INFO [194/500] 108ec01d-89dd-4c24-a2a7-1ec6f839c855: valid; 1.0 s; peak memory 2066 MiB.
2026-09-23T10:33:27Z WARNING 108eee48-372d-4a82-8ad7-da021cc26dda: failed while retrieving asset information from the DANDI API (NotFoundError: No asset at path 'sub-parkinson-simulated-lfp/sub-parkinson-simulated-lfp_ses-4837_ecephys.nwb' in version 0.250327.2220. Verify the path is correct and the asset exists in this version. Use 'dandi ls' to list available assets.)
2026-09-23T10:33:29Z INFO [196/500] 108fb671-1286-4735-a69d-e603e5e5b52e: valid; 1.7 s; peak memory 2067 MiB.
2026-09-23T10:33:30Z INFO [197/500] 108fe7e4-9bac-453c-8f5a-58495d3042d8: valid; 0.9 s; peak memory 2067 MiB.
2026-09-23T10:33:32Z INFO [198/500] 109145ef-715a-44a2-a1dd-6002331615bb: valid; 1.9 s; peak memory 2067 MiB.
2026-09-23T10:33:33Z INFO [199/500] 109155b8-c518-4634-b7e9-9aa2d24af367: valid; 1.0 s; peak memory 2067 MiB.
2026-09-23T10:33:33Z INFO [200/500] 10915ab6-c512-44b0-8c06-11becc4a19bf: valid; 0.7 s; peak memory 2067 MiB.
2026-09-23T10:33:34Z INFO [200/500] 10915ab6-c512-44b0-8c06-11becc4a19bf: checkpointed 75710 records.
2026-09-23T10:33:40Z INFO [201/500] 10918efe-342a-4f58-a9cc-d5a0f2e32617: valid; 5.9 s; peak memory 2067 MiB.
2026-09-23T10:33:41Z INFO [202/500] 10920998-3854-4d9f-b19b-6986c03ea424: valid; 0.8 s; peak memory 2067 MiB.
2026-09-23T10:33:42Z INFO [203/500] 10921f7a-a463-47a9-8927-ecfccc8a9cbe: not valid; 1.0 s; peak memory 2067 MiB.
2026-09-23T10:33:43Z INFO [204/500] 10922858-7654-4a3c-83fd-80aa20a604a6: valid; 0.9 s; peak memory 2067 MiB.
2026-09-23T10:33:47Z INFO [205/500] 10925d72-d70a-4ce3-8343-d921df09be71: valid; 4.2 s; peak memory 2067 MiB.
2026-09-23T10:33:49Z INFO [206/500] 1092e5bf-04a7-4376-b081-f68fbd90e533: not valid; 1.7 s; peak memory 2067 MiB.
2026-09-23T10:33:50Z INFO [207/500] 10932ba9-df8e-4af0-890b-d9db2009b586: not valid; 1.3 s; peak memory 2067 MiB.
2026-09-23T10:33:51Z INFO [208/500] 1093c8a4-f697-4d97-9aaf-2ff14a9375a8: valid; 0.6 s; peak memory 2067 MiB.
2026-09-23T10:33:51Z INFO [209/500] 10949770-010b-4e86-9c76-f278503ca379: valid; 0.9 s; peak memory 2067 MiB.
2026-09-23T10:33:53Z INFO [210/500] 1094f4c9-327d-40e9-8515-007a2ce30117: valid; 1.7 s; peak memory 2067 MiB.
2026-09-23T10:33:55Z WARNING 109510fc-ef16-4426-ba97-38a95b81391e: failed while opening the NWB file (ConstructError: (root/acquisition/_iblmic_audioSpectrogram/bands GroupBuilder {'attributes': {'colnames': array(['freq'], dtype=object), 'description': 'spectogram frequencies', 'namespace': 'core', 'neurodata_type': 'FrequencyBandsTable', 'object_id': '3cb213d9-c78a-4537-9076-31cadecf2898'}, 'groups': {}, 'datasets': {'freq': root/acquisition/_iblmic_audioSpectrogram/bands/freq DatasetBuilder {'attributes': {'description': 'frequency value', 'namespace': 'hdmf-common', 'neurodata_type': 'VectorData', 'object_id': '41c77a08-274f-4cd4-a356-b52c96740eaf'}, 'data': <HDF5 dataset "freq": shape (257,), type "<f4">}, 'id': root/acquisition/_iblmic_audioSpectrogram/bands/id DatasetBuilder {'attributes': {'namespace': 'hdmf-common', 'neurodata_type': 'ElementIdentifiers', 'object_id': '918e7904-125a-4ab6-b6a2-478492185042'}, 'data': <HDF5 dataset "id": shape (257,), type "<i4">}}, 'links': {}}, "Could not construct FrequencyBandsTable object due to: column must have the same number of rows as 'id'"))
2026-09-23T10:33:59Z INFO [212/500] 109689e9-7b9c-411f-b645-a04908809b15: valid; 4.5 s; peak memory 2067 MiB.
2026-09-23T10:34:00Z INFO [213/500] 10970300-be6a-4aa5-9fcf-d5c482ce2f5f: valid; 0.8 s; peak memory 2067 MiB.
2026-09-23T10:34:03Z INFO [214/500] 109723ec-28b6-42f0-a913-20e1dc1cce56: valid; 2.9 s; peak memory 2069 MiB.
2026-09-23T10:34:04Z INFO [215/500] 109786b5-3e84-41ed-99a8-afc7dd23ddb1: valid; 0.9 s; peak memory 2071 MiB.
2026-09-23T10:34:28Z INFO [216/500] 1097e605-6707-4eb3-b85a-7bf44258c0dc: not valid; 24.2 s; peak memory 3235 MiB.
2026-09-23T10:34:29Z INFO [217/500] 109837e5-0670-42e0-a544-cee5db2ad581: valid; 1.2 s; peak memory 3235 MiB.
2026-09-23T10:34:30Z INFO [218/500] 109882b1-0a3b-406e-b351-f450aa916eec: valid; 1.1 s; peak memory 3235 MiB.
2026-09-23T10:34:31Z INFO [219/500] 10996919-9440-46c6-b4fd-b3e689ae1aae: valid; 0.8 s; peak memory 3235 MiB.
2026-09-23T10:34:32Z INFO [220/500] 1099b4c6-2859-4eb5-a99e-a5c18a248ce9: valid; 1.4 s; peak memory 3235 MiB.
2026-09-23T10:34:33Z INFO [221/500] 109a9ea3-b1ab-4466-8554-5d4fc8110361: not valid; 1.0 s; peak memory 3235 MiB.
2026-09-23T10:34:34Z INFO [222/500] 109ae38b-469d-45d0-b8ae-be81834e5ae2: valid; 1.1 s; peak memory 3235 MiB.
2026-09-23T10:35:39Z INFO [223/500] 109b1715-f211-4e37-b21b-fe6b4f4dd1a5: valid; 64.1 s; peak memory 3235 MiB.
2026-09-23T10:35:41Z INFO [224/500] 109b55a9-93a8-4d81-8090-f915f5671f68: valid; 3.0 s; peak memory 3235 MiB.
2026-09-23T10:35:43Z INFO [225/500] 109bae78-5993-419f-a7fa-3d5ac8b5f7fd: valid; 1.4 s; peak memory 3235 MiB.
2026-09-23T10:35:44Z INFO [226/500] 109c3ac5-7fbb-402e-bfef-ef401ae810ee: not valid; 1.0 s; peak memory 3235 MiB.
2026-09-23T10:35:44Z INFO [227/500] 109c8284-d098-4032-aad8-797822ed7ff5: valid; 0.7 s; peak memory 3235 MiB.
2026-09-23T10:35:46Z INFO [228/500] 109d276b-9792-414c-8e79-5ce57275f4dc: valid; 1.2 s; peak memory 3235 MiB.
2026-09-23T10:35:47Z INFO [229/500] 109d4b5f-e5f0-439f-a667-0ca67cc1b8f8: valid; 1.2 s; peak memory 3235 MiB.
2026-09-23T10:35:48Z INFO [230/500] 109d7e76-96db-4b66-ac4f-4bf987ff8357: valid; 0.8 s; peak memory 3235 MiB.
2026-09-23T10:35:49Z INFO [231/500] 109db6a7-500b-4e59-83ca-8422c27137cf: valid; 1.0 s; peak memory 3235 MiB.
2026-09-23T10:35:55Z INFO [232/500] 109e4334-020e-49a0-b260-22272359c9d2: valid; 5.9 s; peak memory 3235 MiB.
2026-09-23T10:35:56Z INFO [233/500] 109ecae3-f48e-4c04-b737-e685344b07cc: valid; 1.5 s; peak memory 3235 MiB.
2026-09-23T10:36:05Z INFO [234/500] 109f6ebf-60df-4c56-b65b-ed7b1ae0777d: valid; 9.1 s; peak memory 3235 MiB.
2026-09-23T10:36:06Z INFO [235/500] 109fb37e-1e4c-4145-aa8b-85c513833006: not valid; 1.0 s; peak memory 3235 MiB.
2026-09-23T10:36:07Z INFO [236/500] 10a012af-0be7-4eb5-8ab0-762c71d48803: not valid; 0.9 s; peak memory 3235 MiB.
2026-09-23T10:36:09Z INFO [237/500] 10a05d6a-e3dd-4d83-9c8d-513ff44e1b38: valid; 1.6 s; peak memory 3235 MiB.
2026-09-23T10:36:09Z INFO [238/500] 10a08d80-7035-49b5-9cf9-1ea0527eba06: not valid; 0.7 s; peak memory 3235 MiB.
2026-09-23T10:36:14Z INFO [239/500] 10a17af8-eb69-4247-b325-b4eb3d6dee86: not valid; 4.8 s; peak memory 3235 MiB.
2026-09-23T10:36:15Z INFO [240/500] 10a18410-dc7f-4cc3-8e48-fb7699fbd0e3: valid; 0.7 s; peak memory 3235 MiB.
2026-09-23T10:36:16Z INFO [241/500] 10a24716-dfa1-41d2-b657-181cb25f777a: valid; 0.8 s; peak memory 3235 MiB.
2026-09-23T10:36:18Z INFO [242/500] 10a250a8-04d2-4f64-8d29-f89f61880248: valid; 2.1 s; peak memory 3235 MiB.
2026-09-23T10:36:23Z INFO [243/500] 10a2e8e1-dd7f-4899-a3c1-f79984d8c9f7: valid; 5.1 s; peak memory 3235 MiB.
2026-09-23T10:36:36Z INFO [244/500] 10a350fe-5d6d-4e83-8f55-d08890264d09: valid; 13.2 s; peak memory 3235 MiB.
2026-09-23T10:36:47Z INFO [245/500] 10a3610a-dbc1-4ada-9022-184ead82033f: valid; 11.0 s; peak memory 3235 MiB.
2026-09-23T10:36:49Z INFO [246/500] 10a3cc81-a0c2-4951-aec2-b85b407e5d0b: valid; 1.4 s; peak memory 3235 MiB.
2026-09-23T10:36:50Z INFO [247/500] 10a4c048-cf9d-48dd-a979-f584c3349a95: valid; 1.3 s; peak memory 3235 MiB.
2026-09-23T10:36:52Z INFO [248/500] 10a50d7b-f975-4177-ab0a-ef3674069c55: valid; 1.8 s; peak memory 3235 MiB.
2026-09-23T10:36:57Z INFO [249/500] 10a52ff8-70db-4b7c-adc4-9cb044581cfc: valid; 5.4 s; peak memory 3245 MiB.
2026-09-23T10:36:58Z INFO [250/500] 10a578e9-af76-4814-af3e-314ab82d5c5a: not valid; 1.0 s; peak memory 3245 MiB.
2026-09-23T10:36:59Z INFO [250/500] 10a578e9-af76-4814-af3e-314ab82d5c5a: checkpointed 75760 records.
2026-09-23T10:37:00Z INFO [251/500] 10a60ca7-3d04-431c-b4b0-1493adca10ac: valid; 1.2 s; peak memory 3245 MiB.
2026-09-23T10:37:01Z INFO [252/500] 10a6e602-8848-4a4f-9a42-1695ac087f09: valid; 0.8 s; peak memory 3245 MiB.
2026-09-23T10:37:01Z INFO [253/500] 10a786bb-b4b1-4589-a498-ff75b1a0de67: valid; 0.8 s; peak memory 3245 MiB.
2026-09-23T10:37:43Z INFO [254/500] 10a7b805-db0a-4991-99a4-605881d45b93: valid; 41.3 s; peak memory 3288 MiB.
2026-09-23T10:37:45Z INFO [255/500] 10a876a6-3d06-4dba-a842-716f43c8f0a6: valid; 2.1 s; peak memory 3298 MiB.
2026-09-23T10:37:46Z INFO [256/500] 10a8a491-0dbf-4018-894f-e1eefdb1f22c: valid; 1.4 s; peak memory 3298 MiB.
2026-09-23T10:37:48Z INFO [257/500] 10a90a62-1f05-4be6-80ce-7b05a90aeb22: valid; 1.5 s; peak memory 3298 MiB.
2026-09-23T10:37:49Z INFO [258/500] 10a924d1-de72-4143-860e-55c76d7d0d82: valid; 1.6 s; peak memory 3298 MiB.
2026-09-23T10:37:51Z INFO [259/500] 10a943a3-cba0-4270-a7a5-04ce1c512012: valid; 1.8 s; peak memory 3298 MiB.
2026-09-23T10:37:52Z INFO [260/500] 10a94972-79a6-4793-990e-1e3a48232458: valid; 1.3 s; peak memory 3298 MiB.
2026-09-23T10:37:53Z INFO [261/500] 10a95db0-86f5-4773-a8df-b80a8991d266: valid; 0.9 s; peak memory 3298 MiB.
2026-09-23T10:37:55Z INFO [262/500] 10a99bed-287d-432f-93de-9ec98d925048: valid; 2.0 s; peak memory 3298 MiB.
2026-09-23T10:37:57Z INFO [263/500] 10aa45f0-7b83-4ae5-8f09-33e1974d351f: valid; 2.1 s; peak memory 3298 MiB.
2026-09-23T10:37:59Z WARNING 10aaef90-411c-443d-922f-0247675cede7: failed while opening the NWB file (ConstructError: (root/acquisition/_iblmic_audioSpectrogram/bands GroupBuilder {'attributes': {'colnames': array(['freq'], dtype=object), 'description': 'spectogram frequencies', 'namespace': 'core', 'neurodata_type': 'FrequencyBandsTable', 'object_id': '65b7269e-a5f9-46ba-b26e-f4d5be20de73'}, 'groups': {}, 'datasets': {'freq': root/acquisition/_iblmic_audioSpectrogram/bands/freq DatasetBuilder {'attributes': {'description': 'frequency value', 'namespace': 'hdmf-common', 'neurodata_type': 'VectorData', 'object_id': 'ff6ecc4d-f25c-4507-bea1-580c3da4c11e'}, 'data': <HDF5 dataset "freq": shape (257,), type "<f4">}, 'id': root/acquisition/_iblmic_audioSpectrogram/bands/id DatasetBuilder {'attributes': {'namespace': 'hdmf-common', 'neurodata_type': 'ElementIdentifiers', 'object_id': '211f025b-ac88-4a62-9380-fb8f1f9f7de0'}, 'data': <HDF5 dataset "id": shape (257,), type "<i4">}}, 'links': {}}, "Could not construct FrequencyBandsTable object due to: column must have the same number of rows as 'id'"))
2026-09-23T10:37:59Z INFO [265/500] 10ab8ef3-3e39-4688-8ed8-c75614062898: valid; 0.7 s; peak memory 3298 MiB.
2026-09-23T10:38:02Z INFO [266/500] 10ab9fea-0fad-4c8e-9bb3-8c0690d66fb8: valid; 2.2 s; peak memory 3298 MiB.
2026-09-23T10:38:03Z INFO [267/500] 10ac1a40-6918-4eea-b80c-d887bad92ae9: valid; 1.4 s; peak memory 3298 MiB.
2026-09-23T10:38:08Z INFO [268/500] 10ac24fa-5825-4aea-9812-b5f3eeada411: valid; 4.9 s; peak memory 3298 MiB.
2026-09-23T10:38:09Z INFO [269/500] 10ac8d87-44d4-4a9c-99f9-6048925f1047: valid; 0.8 s; peak memory 3298 MiB.
2026-09-23T10:38:10Z INFO [270/500] 10acb369-9b00-4445-820d-874ff9756c83: valid; 1.7 s; peak memory 3298 MiB.
2026-09-23T10:38:11Z INFO [271/500] 10ad1677-82fd-4be8-9240-dcf4305483c3: valid; 1.0 s; peak memory 3298 MiB.
2026-09-23T10:38:12Z INFO [272/500] 10ad37b2-a0a5-4dc6-9fe0-a6f7a50d1e3e: valid; 0.9 s; peak memory 3298 MiB.
2026-09-23T10:38:13Z INFO [273/500] 10ad5dc7-ec27-4cce-a60f-c4faa4100509: valid; 1.2 s; peak memory 3298 MiB.
2026-09-23T10:38:15Z INFO [274/500] 10ad84ef-aa40-462c-a687-07f78cb285a7: valid; 2.0 s; peak memory 3298 MiB.
2026-09-23T10:38:17Z INFO [275/500] 10addf21-e956-4991-a805-6a196122da65: valid; 1.2 s; peak memory 3298 MiB.
2026-09-23T10:38:17Z INFO [276/500] 10adf08a-31f4-47f7-b3ff-5147ded50ae8: valid; 0.7 s; peak memory 3298 MiB.
2026-09-23T10:38:18Z INFO [277/500] 10aef2ad-6e1e-4ba7-95f2-410cec75f270: valid; 0.9 s; peak memory 3298 MiB.
2026-09-23T10:38:19Z INFO [278/500] 10b018b3-cbd6-4c39-8b1f-02545f968f18: valid; 0.8 s; peak memory 3298 MiB.
2026-09-23T10:38:21Z INFO [279/500] 10b030b0-0e8a-495b-aed3-70b5b45c9a23: not valid; 1.8 s; peak memory 3298 MiB.
2026-09-23T10:38:22Z INFO [280/500] 10b09e7e-1381-4b4a-9443-007042a0d1d5: not valid; 0.9 s; peak memory 3298 MiB.
2026-09-23T10:38:23Z INFO [281/500] 10b0a30f-7ca7-49bc-8748-cfe5e1c6b41f: valid; 0.9 s; peak memory 3298 MiB.
2026-09-23T10:39:47Z INFO [282/500] 10b15e1c-e19e-4337-934c-0a79fa4a2710: not valid; 84.3 s; peak memory 3712 MiB.
2026-09-23T10:39:55Z INFO [283/500] 10b1cc33-842b-4278-9a94-581e9ff5cf48: valid; 7.7 s; peak memory 3815 MiB.
2026-09-23T10:39:57Z INFO [284/500] 10b252bd-c35e-4404-9299-7e8f908d2701: valid; 2.0 s; peak memory 3824 MiB.
2026-09-23T10:39:57Z INFO [285/500] 10b260b0-f641-485c-8c85-d0a453c41511: valid; 0.6 s; peak memory 3827 MiB.
2026-09-23T10:39:59Z INFO [286/500] 10b46a95-6809-4a74-8ac5-c76422b8ed35: valid; 1.5 s; peak memory 3833 MiB.
2026-09-23T10:40:00Z INFO [287/500] 10b55d33-e928-4cee-bad2-87297214a656: valid; 1.3 s; peak memory 3844 MiB.
2026-09-23T10:40:01Z INFO [288/500] 10b57a8c-21b0-4db6-b29a-fc37059fa6ff: valid; 1.2 s; peak memory 3855 MiB.
2026-09-23T10:40:08Z INFO [289/500] 10b68a32-6a7d-49a6-97cd-db75be278318: valid; 7.1 s; peak memory 3918 MiB.
2026-09-23T10:40:09Z INFO [290/500] 10b6b2f1-113f-4887-a2e4-a32f40de36d6: not valid; 1.1 s; peak memory 3918 MiB.
2026-09-23T10:40:11Z INFO [291/500] 10b6ba14-03ee-4b0c-9faf-098fadc5f627: not valid; 1.4 s; peak memory 3918 MiB.
2026-09-23T10:40:11Z INFO [292/500] 10b76568-d37f-487e-bedf-9ffec6fb5826: valid; 0.7 s; peak memory 3918 MiB.
2026-09-23T10:40:13Z INFO [293/500] 10b7a74f-8377-459d-8373-5c1865a13086: valid; 1.3 s; peak memory 3918 MiB.
2026-09-23T10:40:14Z INFO [294/500] 10b7da6c-f107-47be-96a0-762428173316: valid; 1.4 s; peak memory 3918 MiB.
2026-09-23T10:40:15Z INFO [295/500] 10b80e1c-2bd7-4461-8bb4-6076df6db724: valid; 1.3 s; peak memory 3918 MiB.
2026-09-23T10:40:17Z INFO [296/500] 10b89f37-59e3-4373-b7a5-1f720e92552b: valid; 1.2 s; peak memory 3918 MiB.
2026-09-23T10:40:17Z INFO [297/500] 10b8a17d-affb-409c-b982-b31c227a0ce1: valid; 0.8 s; peak memory 3918 MiB.
2026-09-23T10:40:19Z INFO [298/500] 10b94771-8302-4c5a-8e5a-103d23b6885b: valid; 1.3 s; peak memory 3918 MiB.
2026-09-23T10:40:20Z INFO [299/500] 10b9dfdd-3534-4acd-aab0-91ddb6d4e8e7: valid; 0.8 s; peak memory 3918 MiB.
2026-09-23T10:40:21Z INFO [300/500] 10bac657-1a4e-4311-9927-de5270d3f488: valid; 1.2 s; peak memory 3918 MiB.
2026-09-23T10:40:21Z INFO [300/500] 10bac657-1a4e-4311-9927-de5270d3f488: checkpointed 75810 records.
2026-09-23T10:40:23Z INFO [301/500] 10baf779-6190-4e5a-ada9-4a38561f6c75: valid; 1.8 s; peak memory 3919 MiB.
2026-09-23T10:40:24Z INFO [302/500] 10bb2a51-b72e-4cfb-87a9-309235bf4440: not valid; 1.2 s; peak memory 3919 MiB.
2026-09-23T10:40:35Z INFO [303/500] 10bb6c77-c07e-40f7-a757-a888cf74f859: valid; 10.8 s; peak memory 3922 MiB.
2026-09-23T10:40:36Z INFO [304/500] 10bc0c9b-65c5-4f43-9c39-0b80c34e54a7: not valid; 1.4 s; peak memory 3923 MiB.
2026-09-23T10:40:45Z INFO [305/500] 10bc82bc-bff0-4a7b-a211-9e646a1a052a: valid; 8.5 s; peak memory 3929 MiB.
2026-09-23T10:42:27Z INFO [306/500] 10bc872b-5417-4364-89b8-f24c221af3d7: valid; 102.0 s; peak memory 4954 MiB.
2026-09-23T10:42:30Z INFO [307/500] 10bd4984-fe2d-4ea7-a756-7ecf0b63ae3d: valid; 2.7 s; peak memory 4970 MiB.
2026-09-23T10:42:31Z INFO [308/500] 10bd4c9e-d8b7-4e62-b920-8e540e1db74d: not valid; 1.1 s; peak memory 4972 MiB.
2026-09-23T10:42:32Z INFO [309/500] 10bd4ed4-fd94-4e18-9bfb-bc244460cec2: valid; 0.8 s; peak memory 4975 MiB.
2026-09-23T10:42:33Z INFO [310/500] 10bd564a-0216-4c74-a53d-9f9a76cc622e: valid; 1.5 s; peak memory 4979 MiB.
2026-09-23T10:42:34Z INFO [311/500] 10bd8c97-590f-4aad-8116-8934a71b4cf9: not valid; 1.0 s; peak memory 4980 MiB.
2026-09-23T10:42:36Z INFO [312/500] 10bdf545-1353-4293-a45f-8aa0d69d6aa0: valid; 2.0 s; peak memory 4994 MiB.
2026-09-23T10:42:37Z INFO [313/500] 10be0ba6-6a8a-49be-89de-b9be039d012e: valid; 1.0 s; peak memory 4996 MiB.
2026-09-23T10:42:38Z INFO [314/500] 10be6e12-2126-42e8-8bd8-3b805cddef7e: valid; 0.7 s; peak memory 4998 MiB.
2026-09-23T10:42:39Z INFO [315/500] 10be8d0f-dd52-4a9e-8fa6-ccef99f65484: valid; 0.9 s; peak memory 4998 MiB.
2026-09-23T10:42:40Z INFO [316/500] 10beb84b-915f-47ff-a688-63a74b26919f: valid; 0.9 s; peak memory 5001 MiB.
2026-09-23T10:42:41Z INFO [317/500] 10bee475-1ff0-49dd-8793-08341149034e: valid; 1.5 s; peak memory 5013 MiB.
2026-09-23T10:42:44Z WARNING 10bfb9e6-b773-4e5d-9280-ef8e98146494: failed while opening the NWB file (ValueError: Cannot extend float64 to float)
2026-09-23T10:42:45Z INFO [319/500] 10c0626f-deb1-4721-ad8f-a42454b2cae0: valid; 0.9 s; peak memory 5017 MiB.
2026-09-23T10:42:51Z INFO [320/500] 10c09141-f929-4248-96bf-0df69eb1aff4: valid; 5.7 s; peak memory 5017 MiB.
2026-09-23T10:42:52Z INFO [321/500] 10c126dc-82aa-4a9f-add8-1187c584adc7: valid; 1.2 s; peak memory 5017 MiB.
2026-09-23T10:42:53Z INFO [322/500] 10c12edc-1e3b-4a2f-bbdc-ffcdaf16212e: not valid; 1.1 s; peak memory 5017 MiB.
2026-09-23T10:42:54Z INFO [323/500] 10c1622a-7b27-465c-a0f5-74277f13e97e: valid; 1.1 s; peak memory 5017 MiB.
2026-09-23T10:42:59Z INFO [324/500] 10c1b92c-92d2-45c9-9f24-d9e9f560671d: valid; 4.6 s; peak memory 5017 MiB.
2026-09-23T10:43:02Z INFO [325/500] 10c2225a-e450-447f-9f5c-415b3f38b8d2: valid; 2.6 s; peak memory 5017 MiB.
2026-09-23T10:43:04Z INFO [326/500] 10c23f50-a889-4e6f-97ab-9c665e01e9a2: valid; 1.9 s; peak memory 5017 MiB.
2026-09-23T10:43:05Z INFO [327/500] 10c263e1-016c-4629-9878-8a420acfd7da: valid; 1.8 s; peak memory 5017 MiB.
2026-09-23T10:43:06Z INFO [328/500] 10c2c2a8-2eab-4587-8865-d45417d60cc4: not valid; 0.9 s; peak memory 5017 MiB.
2026-09-23T10:43:14Z INFO [329/500] 10c33128-7ee2-4a7a-8316-0d0a721af464: valid; 7.4 s; peak memory 5017 MiB.
2026-09-23T10:43:15Z INFO [330/500] 10c3aa50-c1e1-4746-9125-13f67eb8d49b: valid; 0.8 s; peak memory 5017 MiB.
2026-09-23T10:43:17Z INFO [331/500] 10c45119-8170-4dec-94f7-1ac65ecebb90: valid; 2.1 s; peak memory 5017 MiB.
2026-09-23T10:43:18Z INFO [332/500] 10c5a40e-6ecb-488a-906c-ad5bd297b31d: valid; 1.1 s; peak memory 5017 MiB.
2026-09-23T10:43:26Z INFO [333/500] 10c5afdd-9e2d-4858-b5b2-1ad2bd273b63: valid; 8.0 s; peak memory 5017 MiB.
2026-09-23T10:44:32Z INFO [334/500] 10c62505-9955-4d20-984e-956e0a860145: valid; 66.0 s; peak memory 5080 MiB.
2026-09-23T10:44:33Z INFO [335/500] 10c642ef-7888-4f84-9e57-41ebeb25cc1e: not valid; 1.1 s; peak memory 5080 MiB.
2026-09-23T10:44:38Z INFO [336/500] 10c69522-84af-468b-8d9e-2c77bd203358: valid; 5.4 s; peak memory 5080 MiB.
2026-09-23T10:44:39Z INFO [337/500] 10c6f29b-44f6-4d4c-aeae-f1ecee22023c: valid; 1.0 s; peak memory 5080 MiB.
2026-09-23T10:44:46Z INFO [338/500] 10c77839-0ec9-4b72-ad30-7c866d5be50d: valid; 6.9 s; peak memory 5080 MiB.
2026-09-23T10:44:49Z INFO [339/500] 10c7f2b7-29e5-4c4f-b4fe-5fe89ef41e34: not valid; 2.7 s; peak memory 5080 MiB.
2026-09-23T10:44:56Z INFO [340/500] 10c803d2-f8bd-44af-b94c-93628e3e6b7f: valid; 7.2 s; peak memory 5080 MiB.
2026-09-23T10:45:03Z INFO [341/500] 10c80d65-a105-48e7-bf54-4736142be19d: valid; 6.8 s; peak memory 5232 MiB.
2026-09-23T10:45:04Z INFO [342/500] 10c8b3ba-c7dc-4205-bd01-2363c5099e0c: not valid; 1.2 s; peak memory 5232 MiB.
2026-09-23T10:45:06Z INFO [343/500] 10c95e9a-7e41-42d4-aca8-366bcbce4949: valid; 1.5 s; peak memory 5232 MiB.
2026-09-23T10:45:11Z INFO [344/500] 10cab119-ca20-4fb6-bb8c-533b50a93826: valid; 5.1 s; peak memory 5232 MiB.
2026-09-23T10:45:12Z INFO [345/500] 10cb11a1-cc0e-4b04-a4a9-97836658d33b: valid; 1.3 s; peak memory 5232 MiB.
2026-09-23T10:45:15Z INFO [346/500] 10cb52c5-1e93-4f1c-a212-cfb2b189ad1c: not valid; 3.4 s; peak memory 5232 MiB.
2026-09-23T10:45:17Z INFO [347/500] 10cc6425-461c-423e-b489-8409188df549: not valid; 1.4 s; peak memory 5232 MiB.
2026-09-23T10:45:22Z INFO [348/500] 10cc898e-a7eb-4a3b-9196-b875096b232e: valid; 5.2 s; peak memory 5232 MiB.
2026-09-23T10:45:23Z INFO [349/500] 10cd2971-cece-4596-aa26-186faa31d3d5: valid; 1.0 s; peak memory 5232 MiB.
2026-09-23T10:45:44Z INFO [350/500] 10cd51e4-1c01-4ca3-8603-4966d4be979b: valid; 20.7 s; peak memory 5232 MiB.
2026-09-23T10:45:45Z INFO [350/500] 10cd51e4-1c01-4ca3-8603-4966d4be979b: checkpointed 75860 records.
2026-09-23T10:45:47Z INFO [351/500] 10ce2fef-64f7-4030-945e-32f58f2d663c: valid; 2.4 s; peak memory 5232 MiB.
2026-09-23T10:45:50Z INFO [352/500] 10ce5b9b-de0c-4413-8613-2d257fdd15d1: not valid; 3.0 s; peak memory 5235 MiB.
2026-09-23T10:46:00Z INFO [353/500] 10cfc7eb-86ed-443c-8144-a4e4866f9ce4: not valid; 9.7 s; peak memory 5235 MiB.
2026-09-23T10:46:01Z INFO [354/500] 10d07137-abc1-4a1a-9716-a2e1dc3f89b5: not valid; 1.6 s; peak memory 5235 MiB.
2026-09-23T10:46:02Z INFO [355/500] 10d0b5e3-2e9f-4620-81bc-2a91aa1724d9: valid; 1.0 s; peak memory 5235 MiB.
2026-09-23T10:46:14Z INFO [356/500] 10d13e84-1072-47b2-8910-075b440b8997: valid; 11.3 s; peak memory 5257 MiB.
2026-09-23T10:46:21Z INFO [357/500] 10d1bd9d-3abf-4dad-abf1-789abac5e4fa: valid; 7.1 s; peak memory 5291 MiB.
2026-09-23T10:46:22Z INFO [358/500] 10d1c8f1-b45f-405a-9e6a-29f9cb2bd1b0: valid; 0.9 s; peak memory 5292 MiB.
2026-09-23T10:46:23Z INFO [359/500] 10d20c0b-7913-49da-bcd3-0fab7cbcbce4: valid; 1.4 s; peak memory 5294 MiB.
2026-09-23T10:46:24Z INFO [360/500] 10d27456-2817-4c65-92ba-4bb109cce220: valid; 0.8 s; peak memory 5295 MiB.
2026-09-23T10:46:45Z INFO [361/500] 10d27abe-5550-4377-9558-456e973e13d4: valid; 21.7 s; peak memory 6008 MiB.
2026-09-23T10:46:47Z INFO [362/500] 10d27b10-c6bf-4efe-8888-c97051724d97: valid; 1.8 s; peak memory 6008 MiB.
2026-09-23T10:46:49Z INFO [363/500] 10d28e71-7619-42f2-8a5d-c5adbbe72391: valid; 1.4 s; peak memory 6008 MiB.
2026-09-23T10:46:50Z INFO [364/500] 10d2bf09-784e-4c4f-bd31-d8dd54807a99: valid; 1.0 s; peak memory 6008 MiB.
2026-09-23T10:46:50Z INFO [365/500] 10d2d3e2-abc3-4276-83bf-8b2e727cf997: valid; 0.8 s; peak memory 6008 MiB.
2026-09-23T10:46:52Z INFO [366/500] 10d2d4d2-dd52-4298-98c4-832db9588b85: not valid; 1.2 s; peak memory 6008 MiB.
2026-09-23T10:46:53Z INFO [367/500] 10d2f549-c4c7-46d5-a4e3-0d76b5d042a6: valid; 0.9 s; peak memory 6008 MiB.
2026-09-23T10:46:53Z INFO [368/500] 10d3766a-73db-4d2f-8257-99c05efdfb90: not valid; 0.9 s; peak memory 6008 MiB.
2026-09-23T10:46:55Z INFO [369/500] 10d3e055-66f8-4c94-ab9c-dacbf3ea6bd8: not valid; 1.2 s; peak memory 6008 MiB.
2026-09-23T10:46:58Z INFO [370/500] 10d489bc-7dd7-4a23-9742-c9f4982450a2: valid; 3.7 s; peak memory 6008 MiB.
2026-09-23T10:47:02Z INFO [371/500] 10d4c9e8-67de-46fb-ad38-e16f1e9207e5: valid; 3.8 s; peak memory 6008 MiB.
2026-09-23T10:47:04Z INFO [372/500] 10d4e558-25cf-42f6-907f-5d131825d9a4: valid; 1.6 s; peak memory 6008 MiB.
2026-09-23T10:47:05Z INFO [373/500] 10d5545e-3aeb-4a58-b699-70399b8a74f9: valid; 1.3 s; peak memory 6008 MiB.
2026-09-23T10:47:11Z INFO [374/500] 10d5cebb-c6c5-45e9-9832-8127e2d639bf: valid; 6.4 s; peak memory 6008 MiB.
2026-09-23T10:47:15Z INFO [375/500] 10d72323-f2cd-4df3-8295-290261f509e3: valid; 3.3 s; peak memory 6008 MiB.
2026-09-23T10:47:18Z INFO [376/500] 10d7320e-06d2-4965-a533-de339e30dc32: not valid; 3.1 s; peak memory 6008 MiB.
2026-09-23T10:47:21Z INFO [377/500] 10d77c7d-df11-4b6f-83d1-bf898e6f3110: not valid; 3.4 s; peak memory 6008 MiB.
2026-09-23T10:47:23Z INFO [378/500] 10d834b6-0201-46ad-84c1-c2b8abad8158: valid; 1.8 s; peak memory 6008 MiB.
2026-09-23T10:47:24Z INFO [379/500] 10d858cc-3b34-4243-9fcb-b9103b4b2e88: valid; 0.9 s; peak memory 6008 MiB.
2026-09-23T10:47:26Z INFO [380/500] 10d9568a-8d0f-48f9-b710-7888e0af7d5d: valid; 2.1 s; peak memory 6008 MiB.
2026-09-23T10:47:27Z INFO [381/500] 10d96039-6634-4b40-991b-1943d858a19d: valid; 1.1 s; peak memory 6008 MiB.
2026-09-23T10:47:29Z INFO [382/500] 10d9bc02-74ab-402e-ac14-d807c6d5cbef: valid; 2.1 s; peak memory 6008 MiB.
2026-09-23T10:47:30Z INFO [383/500] 10d9fc9e-50b8-4312-bed7-5a0fe18cc39a: valid; 1.3 s; peak memory 6008 MiB.
2026-09-23T10:47:40Z INFO [384/500] 10da5baa-93da-4231-b0ce-7c7175a9925f: valid; 9.9 s; peak memory 6008 MiB.
2026-09-23T10:47:41Z INFO [385/500] 10da9e8b-9723-42ff-9e3a-458623918f4e: valid; 0.9 s; peak memory 6008 MiB.
2026-09-23T10:47:42Z INFO [386/500] 10dab54f-f097-4574-bf33-ac8d47a00e56: valid; 0.8 s; peak memory 6008 MiB.
2026-09-23T10:47:56Z INFO [387/500] 10dada62-f0c0-4c85-b536-1e4e2e8c77c6: valid; 13.6 s; peak memory 6008 MiB.
2026-09-23T10:47:58Z INFO [388/500] 10dbd649-ebd2-4dff-841e-7009b85fe353: valid; 2.2 s; peak memory 6039 MiB.
2026-09-23T10:47:59Z INFO [389/500] 10dc7724-bd98-43ff-b22a-110abcfdb303: valid; 0.9 s; peak memory 6039 MiB.
2026-09-23T10:48:01Z INFO [390/500] 10dcc047-e3a7-4af6-a859-d4768b884125: valid; 2.3 s; peak memory 6039 MiB.
2026-09-23T10:48:04Z INFO [391/500] 10dd2b1f-1aa8-49ac-aa59-08f2ccfb412f: valid; 3.1 s; peak memory 6039 MiB.
2026-09-23T10:48:06Z INFO [392/500] 10dd60e4-843c-4ebb-8109-52903eee9e85: valid; 1.6 s; peak memory 6039 MiB.
2026-09-23T10:48:12Z INFO [393/500] 10dd8524-737f-41e2-9026-5045c74ae632: valid; 6.4 s; peak memory 6039 MiB.
2026-09-23T10:48:14Z INFO [394/500] 10de0d6e-8ab3-4072-9fd2-3ad6d5ab32af: not valid; 1.8 s; peak memory 6039 MiB.
2026-09-23T10:48:15Z INFO [395/500] 10de1718-c4af-41ca-b16f-f4ed2e60968b: valid; 1.6 s; peak memory 6039 MiB.
2026-09-23T10:48:29Z INFO [396/500] 10de8486-9e81-4ccb-8cdd-b5181cdfb080: not valid; 13.9 s; peak memory 6057 MiB.
2026-09-23T10:48:40Z INFO [397/500] 10df3632-ece9-483e-aa22-d1886fbc9b7f: valid; 10.3 s; peak memory 6113 MiB.
2026-09-23T10:48:41Z WARNING 10e07a71-97ad-4183-8755-14c4b3e99497: failed while opening the NWB file (ConstructError: (root/acquisition/_iblmic_audioSpectrogram/bands GroupBuilder {'attributes': {'colnames': array(['freq'], dtype=object), 'description': 'spectogram frequencies', 'namespace': 'core', 'neurodata_type': 'FrequencyBandsTable', 'object_id': '5739d38f-6f4e-431c-857f-2757cd866025'}, 'groups': {}, 'datasets': {'freq': root/acquisition/_iblmic_audioSpectrogram/bands/freq DatasetBuilder {'attributes': {'description': 'frequency value', 'namespace': 'hdmf-common', 'neurodata_type': 'VectorData', 'object_id': '060353b0-98e3-4506-8210-aa47d87ee48c'}, 'data': <HDF5 dataset "freq": shape (257,), type "<f4">}, 'id': root/acquisition/_iblmic_audioSpectrogram/bands/id DatasetBuilder {'attributes': {'namespace': 'hdmf-common', 'neurodata_type': 'ElementIdentifiers', 'object_id': '52716f95-e6fc-4cc0-bda1-dc0ad0c40c16'}, 'data': <HDF5 dataset "id": shape (257,), type "<i4">}}, 'links': {}}, "Could not construct FrequencyBandsTable object due to: column must have the same number of rows as 'id'"))
2026-09-23T10:48:43Z INFO [399/500] 10e0ff74-3f81-4710-8210-ecd94fae833e: valid; 1.6 s; peak memory 6120 MiB.
2026-09-23T10:48:44Z INFO [400/500] 10e17085-9209-4f3a-95de-7ab80470c774: valid; 1.4 s; peak memory 6123 MiB.
2026-09-23T10:48:44Z INFO [400/500] 10e17085-9209-4f3a-95de-7ab80470c774: checkpointed 75910 records.
2026-09-23T10:48:56Z INFO [401/500] 10e181d3-583b-4e05-ab13-a216a50fa551: valid; 11.4 s; peak memory 6138 MiB.
2026-09-23T10:49:01Z INFO [402/500] 10e1f4c6-8bed-4d9b-a4e6-d48900069d9e: valid; 5.2 s; peak memory 6139 MiB.
2026-09-23T10:49:06Z INFO [403/500] 10e33b26-54ed-415c-b6b9-e8fadbfaf61b: not valid; 4.6 s; peak memory 6139 MiB.
2026-09-23T10:49:07Z INFO [404/500] 10e351c6-7f8f-4530-8f68-b11c71cbda9d: not valid; 1.2 s; peak memory 6139 MiB.
2026-09-23T10:49:09Z INFO [405/500] 10e427ed-1958-4dbf-b16c-02003887e428: valid; 1.8 s; peak memory 6139 MiB.
2026-09-23T10:49:10Z INFO [406/500] 10e43dfb-88ee-4f31-a224-901a03f63dc7: valid; 0.9 s; peak memory 6139 MiB.
2026-09-23T10:49:11Z INFO [407/500] 10e45aa4-cc1b-4a61-8ea2-0b8d9c886b36: not valid; 1.1 s; peak memory 6139 MiB.
2026-09-23T10:49:12Z INFO [408/500] 10e6499a-17f0-46cf-a74f-f099bb7ec646: not valid; 0.9 s; peak memory 6139 MiB.
2026-09-23T10:49:14Z INFO [409/500] 10e76c3f-f36e-432b-9c23-8cac0cd76167: valid; 2.4 s; peak memory 6139 MiB.
2026-09-23T10:49:15Z INFO [410/500] 10e78344-55d9-45fb-93f6-95f2259b19f9: valid; 1.0 s; peak memory 6139 MiB.
2026-09-23T10:49:16Z INFO [411/500] 10e79aac-b89e-4d3b-b357-3526b0bd3d49: valid; 1.5 s; peak memory 6139 MiB.
2026-09-23T10:49:17Z INFO [412/500] 10e7bb69-db77-4ead-8be0-1e202fa0a810: valid; 0.7 s; peak memory 6139 MiB.
2026-09-23T10:49:18Z WARNING 10e7d3c4-c321-4c0f-9c70-1d70cbab44ec: failed while opening the NWB file (ConstructError: (root/acquisition/_iblmic_audioSpectrogram/bands GroupBuilder {'attributes': {'colnames': array(['freq'], dtype=object), 'description': 'spectogram frequencies', 'namespace': 'core', 'neurodata_type': 'FrequencyBandsTable', 'object_id': 'ef175ed2-f249-440f-8d6d-eba317485d96'}, 'groups': {}, 'datasets': {'freq': root/acquisition/_iblmic_audioSpectrogram/bands/freq DatasetBuilder {'attributes': {'description': 'frequency value', 'namespace': 'hdmf-common', 'neurodata_type': 'VectorData', 'object_id': 'a548a6c1-0050-4f1b-9917-968950188807'}, 'data': <HDF5 dataset "freq": shape (257,), type "<f4">}, 'id': root/acquisition/_iblmic_audioSpectrogram/bands/id DatasetBuilder {'attributes': {'namespace': 'hdmf-common', 'neurodata_type': 'ElementIdentifiers', 'object_id': 'd307c664-4bae-431c-9164-1d9ad5bc256f'}, 'data': <HDF5 dataset "id": shape (257,), type "<i4">}}, 'links': {}}, "Could not construct FrequencyBandsTable object due to: column must have the same number of rows as 'id'"))
2026-09-23T10:49:20Z INFO [414/500] 10e7fb59-bcce-49b0-9fba-114e0271f597: valid; 1.3 s; peak memory 6139 MiB.
2026-09-23T10:49:21Z INFO [415/500] 10e81bea-c4b7-4d12-a50e-131c500ba6c1: valid; 1.5 s; peak memory 6139 MiB.
2026-09-23T10:49:23Z INFO [416/500] 10e81da0-21fe-4233-be83-382ab6326320: valid; 1.9 s; peak memory 6139 MiB.
2026-09-23T10:49:24Z INFO [417/500] 10e89006-736c-43ac-a1e3-0be61a35f1a2: valid; 0.9 s; peak memory 6139 MiB.
2026-09-23T10:49:25Z WARNING 10e94dd3-cfd3-4495-a602-efb9e8bcf999: failed while opening the NWB file (ValueError: Cannot resolve included group spec 'electrodes' with data_type_inc 'ElectrodesTable' because a group spec with the same name already exists with data_type_inc 'DynamicTable', and data type 'DynamicTable' is not a child type of data type 'ElectrodesTable'.)
2026-09-23T10:49:26Z INFO [419/500] 10ea15d0-f884-4c8e-8d02-7928d2abd8ea: valid; 0.8 s; peak memory 6139 MiB.
2026-09-23T10:49:27Z INFO [420/500] 10ea4ef5-6a71-457d-afa0-8819d7ef7726: valid; 1.8 s; peak memory 6139 MiB.
2026-09-23T10:49:29Z WARNING 10ea9cf7-ec18-414d-a2c0-58d666e2bd45: failed while opening the NWB file (ConstructError: (root/acquisition/event_code_meanings GroupBuilder {'attributes': {'colnames': array(['value', 'meaning'], dtype=object), 'description': 'Mapping integer event codes to event labels', 'namespace': 'ndx-events', 'neurodata_type': 'MeaningsTable', 'object_id': '6257fc35-78c5-45a4-85cc-266b6c9e4a87'}, 'groups': {}, 'datasets': {'id': root/acquisition/event_code_meanings/id DatasetBuilder {'attributes': {'namespace': 'hdmf-common', 'neurodata_type': 'ElementIdentifiers', 'object_id': '90a34966-a9f8-43ac-8c1d-6fb91ba2b0a0'}, 'data': <HDF5 dataset "id": shape (26,), type "<i8">}, 'meaning': root/acquisition/event_code_meanings/meaning DatasetBuilder {'attributes': {'description': 'The meaning of the value in the parent CategoricalVectorData object.', 'namespace': 'hdmf-experimental', 'neurodata_type': 'VectorData', 'object_id': 'd8290a70-24bf-4ab4-9545-3e876caa6b8f'}, 'data': <StrDataset for HDF5 dataset "meaning": shape (26,), type "|O">}, 'value': root/acquisition/event_code_meanings/value DatasetBuilder {'attributes': {'description': 'The value of the parent CategoricalVectorData object.', 'namespace': 'hdmf-experimental', 'neurodata_type': 'VectorData', 'object_id': '253326bd-3102-4920-a83f-3ec81537e0a1'}, 'data': <HDF5 dataset "value": shape (26,), type "<i8">}}, 'links': {}}, "Could not construct MeaningsTable object due to: MeaningsTable.__init__: missing argument 'target'"))
2026-09-23T10:49:30Z INFO [422/500] 10eaa288-6cbf-4846-af90-4cb14c568c1f: not valid; 1.4 s; peak memory 6139 MiB.
2026-09-23T10:49:32Z INFO [423/500] 10eae85e-32fd-451e-b93f-5581d97bbc3b: not valid; 1.6 s; peak memory 6139 MiB.
2026-09-23T10:49:41Z INFO [424/500] 10eb2efc-744c-48ac-a518-1ce20bcba6b9: valid; 9.0 s; peak memory 6140 MiB.
2026-09-23T10:49:42Z INFO [425/500] 10ebad13-2e07-4a4f-817f-ff5cba863e97: valid; 1.2 s; peak memory 6140 MiB.
2026-09-23T10:49:43Z INFO [426/500] 10ebd607-49c6-412f-b54a-f9d2038f039f: valid; 1.0 s; peak memory 6140 MiB.
2026-09-23T10:49:44Z INFO [427/500] 10ec5651-5bd8-48ee-8d40-ab5caa874d43: not valid; 0.8 s; peak memory 6140 MiB.
2026-09-23T10:49:45Z INFO [428/500] 10ec5d5b-8461-4439-a47d-e59d137a962a: valid; 1.2 s; peak memory 6140 MiB.
2026-09-23T10:49:46Z INFO [429/500] 10ec78b9-2647-4a1f-b41a-226052cbdd3a: valid; 1.1 s; peak memory 6140 MiB.
2026-09-23T10:49:47Z INFO [430/500] 10ed2569-a1df-451b-90f0-c2f4250801b3: valid; 1.3 s; peak memory 6140 MiB.
2026-09-23T10:49:48Z INFO [431/500] 10edea5e-3b6a-4462-99a2-70c210154433: valid; 0.8 s; peak memory 6140 MiB.
2026-09-23T10:49:50Z WARNING 10ee08a2-b6f6-45d4-9056-a06dd8c7c1e4: failed while opening the NWB file (ConstructError: (root/acquisition/_iblmic_audioSpectrogram/bands GroupBuilder {'attributes': {'colnames': array(['freq'], dtype=object), 'description': 'spectogram frequencies', 'namespace': 'core', 'neurodata_type': 'FrequencyBandsTable', 'object_id': '6a747a21-4d0c-4a29-9e81-e65bbebf3319'}, 'groups': {}, 'datasets': {'freq': root/acquisition/_iblmic_audioSpectrogram/bands/freq DatasetBuilder {'attributes': {'description': 'frequency value', 'namespace': 'hdmf-common', 'neurodata_type': 'VectorData', 'object_id': '919e8f94-4e9e-450d-9ae4-167b5ee7e025'}, 'data': <HDF5 dataset "freq": shape (257,), type "<f4">}, 'id': root/acquisition/_iblmic_audioSpectrogram/bands/id DatasetBuilder {'attributes': {'namespace': 'hdmf-common', 'neurodata_type': 'ElementIdentifiers', 'object_id': '4e6288a8-7ae3-4a77-b6b6-0c26e57ef7de'}, 'data': <HDF5 dataset "id": shape (257,), type "<i4">}}, 'links': {}}, "Could not construct FrequencyBandsTable object due to: column must have the same number of rows as 'id'"))
2026-09-23T10:49:51Z INFO [433/500] 10ee63b1-1cbd-4f42-b2f4-2aa7c0f3085b: not valid; 1.1 s; peak memory 6140 MiB.
2026-09-23T10:49:52Z INFO [434/500] 10ee6718-ddd9-41db-b2a3-652c965de59c: not valid; 1.3 s; peak memory 6140 MiB.
2026-09-23T10:49:57Z INFO [435/500] 10ee88c9-7fc8-4882-be44-9b1fab3c74eb: valid; 5.4 s; peak memory 6140 MiB.
2026-09-23T10:49:58Z INFO [436/500] 10eea603-0faa-40c2-83fc-11dbc0246578: valid; 1.2 s; peak memory 6140 MiB.
2026-09-23T10:49:59Z INFO [437/500] 10ef76fd-d7cb-45cd-82d8-d41f9148e9da: valid; 0.9 s; peak memory 6140 MiB.
2026-09-23T10:50:01Z INFO [438/500] 10ef858a-0e8c-4c87-857f-6c32edf47b80: valid; 1.3 s; peak memory 6140 MiB.
2026-09-23T10:50:03Z INFO [439/500] 10ef8f17-54d0-43dc-895c-a13265253138: not valid; 2.4 s; peak memory 6145 MiB.
2026-09-23T10:50:04Z INFO [440/500] 10efb5ed-f4ca-4742-a8be-9eea4e2cd50e: valid; 1.3 s; peak memory 6145 MiB.
2026-09-23T10:50:06Z INFO [441/500] 10f1c071-fe44-4fac-b3af-83596e8705e8: valid; 1.5 s; peak memory 6145 MiB.
2026-09-23T10:50:07Z INFO [442/500] 10f1ee32-f8f3-4e9c-bb3c-3788f8ac48a8: valid; 1.6 s; peak memory 6145 MiB.
2026-09-23T10:50:09Z INFO [443/500] 10f1f773-b196-4b4d-80aa-98cf371203a9: valid; 1.9 s; peak memory 6145 MiB.
2026-09-23T10:50:11Z INFO [444/500] 10f29c41-58e4-4761-b709-e614b119f8a1: valid; 2.2 s; peak memory 6145 MiB.
2026-09-23T10:50:13Z INFO [445/500] 10f2cb2a-19da-484d-a181-ba87dd900f95: valid; 1.4 s; peak memory 6145 MiB.
2026-09-23T10:50:14Z WARNING 10f307f0-38a1-41ba-aa00-0e7c7499a329: failed while opening the NWB file (ConstructError: (root/acquisition/event_code_meanings GroupBuilder {'attributes': {'colnames': array(['value', 'meaning'], dtype=object), 'description': 'Mapping integer event codes to event labels', 'namespace': 'ndx-events', 'neurodata_type': 'MeaningsTable', 'object_id': '79c49f6c-97d6-4930-88cf-6520d83a8380'}, 'groups': {}, 'datasets': {'id': root/acquisition/event_code_meanings/id DatasetBuilder {'attributes': {'namespace': 'hdmf-common', 'neurodata_type': 'ElementIdentifiers', 'object_id': '06939e69-b5f4-45e3-a47a-c1fa27bcf476'}, 'data': <HDF5 dataset "id": shape (26,), type "<i8">}, 'meaning': root/acquisition/event_code_meanings/meaning DatasetBuilder {'attributes': {'description': 'The meaning of the value in the parent CategoricalVectorData object.', 'namespace': 'hdmf-experimental', 'neurodata_type': 'VectorData', 'object_id': '60624cce-5d1e-4b3d-99c1-c13de65ca52a'}, 'data': <StrDataset for HDF5 dataset "meaning": shape (26,), type "|O">}, 'value': root/acquisition/event_code_meanings/value DatasetBuilder {'attributes': {'description': 'The value of the parent CategoricalVectorData object.', 'namespace': 'hdmf-experimental', 'neurodata_type': 'VectorData', 'object_id': '7c53eedf-db32-4f56-ad2c-a18ebff9d787'}, 'data': <HDF5 dataset "value": shape (26,), type "<i8">}}, 'links': {}}, "Could not construct MeaningsTable object due to: MeaningsTable.__init__: missing argument 'target'"))
2026-09-23T10:50:26Z INFO [447/500] 10f351f7-26a3-4bb2-9f93-31cb4c074869: valid; 11.9 s; peak memory 6145 MiB.
2026-09-23T10:50:27Z WARNING 10f36aa3-cbab-40d0-a2f8-524d806b0e92: failed while opening the NWB file (ConstructError: (root/acquisition/_iblmic_audioSpectrogram/bands GroupBuilder {'attributes': {'colnames': array(['freq'], dtype=object), 'description': 'spectogram frequencies', 'namespace': 'core', 'neurodata_type': 'FrequencyBandsTable', 'object_id': '079faaab-90cb-4aa3-b9da-c8677f902551'}, 'groups': {}, 'datasets': {'freq': root/acquisition/_iblmic_audioSpectrogram/bands/freq DatasetBuilder {'attributes': {'description': 'frequency value', 'namespace': 'hdmf-common', 'neurodata_type': 'VectorData', 'object_id': 'b998b3f1-9fda-48b2-b664-9c17289c69f4'}, 'data': <HDF5 dataset "freq": shape (257,), type "<f4">}, 'id': root/acquisition/_iblmic_audioSpectrogram/bands/id DatasetBuilder {'attributes': {'namespace': 'hdmf-common', 'neurodata_type': 'ElementIdentifiers', 'object_id': '82b104a5-f230-4e56-9dd7-d3aaec1635d9'}, 'data': <HDF5 dataset "id": shape (257,), type "<i4">}}, 'links': {}}, "Could not construct FrequencyBandsTable object due to: column must have the same number of rows as 'id'"))
2026-09-23T10:50:28Z INFO [449/500] 10f57e33-996b-4cc4-bcb6-23a9046c64ac: not valid; 0.9 s; peak memory 6145 MiB.
2026-09-23T10:50:55Z INFO [450/500] 10f589cc-a5a6-4d48-b547-ce05bf8f8969: valid; 27.5 s; peak memory 6175 MiB.
2026-09-23T10:50:56Z INFO [450/500] 10f589cc-a5a6-4d48-b547-ce05bf8f8969: checkpointed 75960 records.
2026-09-23T10:50:57Z INFO [451/500] 10f59a6e-641f-4113-a1de-9aedf50da7b6: not valid; 1.4 s; peak memory 6179 MiB.
2026-09-23T10:50:59Z INFO [452/500] 10f5bd66-78cb-4ee5-b866-7e812c68f95f: valid; 1.8 s; peak memory 6180 MiB.
2026-09-23T10:51:00Z INFO [453/500] 10f6b5a5-1c7c-4cfe-bad5-2f7bd15c8e1e: valid; 0.8 s; peak memory 6181 MiB.
2026-09-23T10:51:02Z INFO [454/500] 10f6df6d-4fa1-495b-bea3-0ac38c98a0c7: valid; 1.6 s; peak memory 6196 MiB.
2026-09-23T10:51:03Z INFO [455/500] 10f71536-d109-4ecc-a171-f81568b25be2: valid; 1.4 s; peak memory 6196 MiB.
2026-09-23T10:51:10Z INFO [456/500] 10f82ca6-8a40-42eb-ad5f-4a983dd74e7b: valid; 6.7 s; peak memory 6210 MiB.
2026-09-23T10:51:11Z INFO [457/500] 10f85ba3-1598-4868-b185-21f9c88bc116: valid; 1.2 s; peak memory 6211 MiB.
2026-09-23T10:51:12Z INFO [458/500] 10f9bbdc-c66b-496e-8f5b-63ab76db9504: valid; 0.9 s; peak memory 6212 MiB.
2026-09-23T10:51:13Z INFO [459/500] 10f9f739-c32d-43c9-b320-e0670a8ad6db: valid; 0.9 s; peak memory 6213 MiB.
2026-09-23T10:51:14Z INFO [460/500] 10fa28c9-c4dd-4452-826b-00c15fd30957: valid; 1.4 s; peak memory 6225 MiB.
2026-09-23T10:51:19Z INFO [461/500] 10fa3695-18be-477c-892d-081c7603adec: valid; 5.4 s; peak memory 6228 MiB.
2026-09-23T10:51:21Z INFO [462/500] 10fa3b9a-d3d0-4b04-8ebf-c6996aafde97: valid; 1.8 s; peak memory 6228 MiB.
2026-09-23T10:51:24Z INFO [463/500] 10fadef3-7d38-495a-be0a-c2c7fe5cc582: valid; 2.6 s; peak memory 6228 MiB.
2026-09-23T10:51:25Z WARNING 10fb12f6-af60-48da-86a8-daa3649401ce: failed while opening the NWB file (ConstructError: (root/acquisition/_iblmic_audioSpectrogram/bands GroupBuilder {'attributes': {'colnames': array(['freq'], dtype=object), 'description': 'spectogram frequencies', 'namespace': 'core', 'neurodata_type': 'FrequencyBandsTable', 'object_id': 'd7d9adce-706c-4314-a192-183f81379deb'}, 'groups': {}, 'datasets': {'freq': root/acquisition/_iblmic_audioSpectrogram/bands/freq DatasetBuilder {'attributes': {'description': 'frequency value', 'namespace': 'hdmf-common', 'neurodata_type': 'VectorData', 'object_id': 'bfe2a24d-e57f-43f1-b4de-8ca61c405c6e'}, 'data': <HDF5 dataset "freq": shape (257,), type "<f4">}, 'id': root/acquisition/_iblmic_audioSpectrogram/bands/id DatasetBuilder {'attributes': {'namespace': 'hdmf-common', 'neurodata_type': 'ElementIdentifiers', 'object_id': '6cb3db77-185c-44b4-88db-dee406d60836'}, 'data': <HDF5 dataset "id": shape (257,), type "<i4">}}, 'links': {}}, "Could not construct FrequencyBandsTable object due to: column must have the same number of rows as 'id'"))
2026-09-23T10:51:27Z INFO [465/500] 10fb170f-2a5c-4510-8e3d-dbb4d892bf9b: valid; 2.2 s; peak memory 6228 MiB.
2026-09-23T10:51:28Z INFO [466/500] 10fc3634-694f-4185-b272-36f90ebe84ec: valid; 0.9 s; peak memory 6228 MiB.
2026-09-23T10:51:29Z INFO [467/500] 10fc5c11-9210-42a0-a451-dc41575a5a36: valid; 0.9 s; peak memory 6228 MiB.
2026-09-23T10:51:31Z INFO [468/500] 10fc8a38-982a-43da-8d37-f73c72cf2223: valid; 1.4 s; peak memory 6228 MiB.
2026-09-23T10:52:01Z INFO [469/500] 10fc9065-8942-45c9-aa75-1ec102f09a62: valid; 30.7 s; peak memory 6392 MiB.
2026-09-23T10:52:03Z INFO [470/500] 10fcc4c9-1cd6-4aab-948f-f3ba063ed0d7: valid; 1.2 s; peak memory 6393 MiB.
2026-09-23T10:52:04Z INFO [471/500] 10fd0cd5-e03d-40f1-8d18-67475c15ba3e: not valid; 1.2 s; peak memory 6394 MiB.
2026-09-23T10:52:05Z INFO [472/500] 10fdd593-4791-4056-a9ce-1d2e1047c293: valid; 1.0 s; peak memory 6400 MiB.
2026-09-23T10:52:19Z INFO [473/500] 10fe80f9-ba1d-4a3c-9b19-125f82a99194: valid; 14.5 s; peak memory 6436 MiB.
2026-09-23T10:52:20Z INFO [474/500] 110111dc-0ada-4bf2-a906-edb792f0a0b4: valid; 1.0 s; peak memory 6437 MiB.
2026-09-23T10:52:21Z INFO [475/500] 11014c03-bc80-474e-9fcd-790542c71235: valid; 0.8 s; peak memory 6438 MiB.
2026-09-23T10:52:22Z INFO [476/500] 11016a17-f63f-423b-abd0-8ff2245ecb49: not valid; 1.2 s; peak memory 6441 MiB.
2026-09-23T10:52:23Z INFO [477/500] 11018df0-95fb-4749-a468-026fe7f83057: valid; 1.2 s; peak memory 6443 MiB.
2026-09-23T10:52:27Z INFO [478/500] 1101d543-068c-4ac9-9717-0bfabe3919d0: not valid; 3.5 s; peak memory 6449 MiB.
2026-09-23T10:52:29Z INFO [479/500] 110285c4-f1ad-456a-9716-10920a3dcebd: not valid; 1.6 s; peak memory 6451 MiB.
2026-09-23T10:52:30Z INFO [480/500] 1102bf79-f1ea-4f33-8a50-a149b84cc941: valid; 1.1 s; peak memory 6452 MiB.
2026-09-23T10:52:31Z INFO [481/500] 11031655-85fa-4738-ab32-962ae6bb1a65: not valid; 1.8 s; peak memory 6452 MiB.
2026-09-23T10:52:34Z INFO [482/500] 11031dad-c0d1-433b-9566-e28cb65d6a00: not valid; 2.7 s; peak memory 6452 MiB.
2026-09-23T10:52:35Z INFO [483/500] 110352dd-c975-40ec-8692-44514852f6ea: valid; 1.2 s; peak memory 6452 MiB.
2026-09-23T10:52:36Z INFO [484/500] 11037bd7-db35-4a26-9398-c8559d80df39: valid; 0.8 s; peak memory 6452 MiB.
2026-09-23T10:52:37Z INFO [485/500] 110396c5-4199-459b-ab6d-e04c6c73fda9: valid; 1.2 s; peak memory 6452 MiB.
2026-09-23T10:52:45Z INFO [486/500] 1103a605-bf22-41cb-bc3f-e2de2172cf23: valid; 7.4 s; peak memory 6452 MiB.
2026-09-23T10:52:45Z WARNING 1103afea-880a-4191-b6de-6299475b9ce4: failed while retrieving asset information from the DANDI API (NotFoundError: No asset at path 'sub-parkinson-simulated-lfp/sub-parkinson-simulated-lfp_ses-919_ecephys.nwb' in version 0.250327.2220. Verify the path is correct and the asset exists in this version. Use 'dandi ls' to list available assets.)
2026-09-23T10:53:02Z INFO [488/500] 1103b314-7d3b-4468-975d-71b4b967cc27: not valid; 17.5 s; peak memory 6452 MiB.
2026-09-23T10:53:04Z INFO [489/500] 1103eb85-5038-49dd-8624-b4658b6b04ca: valid; 1.4 s; peak memory 6452 MiB.
2026-09-23T10:53:05Z INFO [490/500] 1105bc53-1037-4407-8423-1e851758a844: valid; 1.3 s; peak memory 6452 MiB.
2026-09-23T10:53:06Z INFO [491/500] 1105c3e5-ad8b-436c-8e40-39925c7e9845: valid; 0.7 s; peak memory 6452 MiB.
2026-09-23T10:53:07Z INFO [492/500] 11062cc5-846d-4cc3-85a5-fbfcab6527cd: not valid; 1.1 s; peak memory 6452 MiB.
2026-09-23T10:53:09Z INFO [493/500] 1106370f-3b4f-4278-83cd-fd3bbd99d9a3: valid; 1.8 s; peak memory 6452 MiB.
2026-09-23T10:53:10Z INFO [494/500] 1106cee9-3a73-4ef5-bfdc-93c1c50ed448: not valid; 1.2 s; peak memory 6452 MiB.
2026-09-23T10:53:11Z INFO [495/500] 110725c6-69dc-4a70-a960-fce3977e136e: valid; 1.5 s; peak memory 6452 MiB.
2026-09-23T10:53:12Z INFO [496/500] 1107e0bf-4360-4a2d-aa08-daa980fd8586: not valid; 1.0 s; peak memory 6452 MiB.
2026-09-23T10:53:14Z INFO [497/500] 11083dba-f6b6-450d-9709-0ac34e362564: valid; 1.7 s; peak memory 6452 MiB.
2026-09-23T10:53:15Z INFO [498/500] 1109343e-1e6e-45af-be79-2a9c7855419b: not valid; 0.8 s; peak memory 6452 MiB.
2026-09-23T10:53:18Z WARNING 1109368e-b4e6-411e-b7be-df26463777c4: failed while opening the NWB file (ConstructError: (root/acquisition/_iblmic_audioSpectrogram/bands GroupBuilder {'attributes': {'colnames': array(['freq'], dtype=object), 'description': 'spectogram frequencies', 'namespace': 'core', 'neurodata_type': 'FrequencyBandsTable', 'object_id': '6e28a7b3-3786-4d93-b4a4-79642ba2fda5'}, 'groups': {}, 'datasets': {'freq': root/acquisition/_iblmic_audioSpectrogram/bands/freq DatasetBuilder {'attributes': {'description': 'frequency value', 'namespace': 'hdmf-common', 'neurodata_type': 'VectorData', 'object_id': 'e7562d5e-9a3f-4fd6-94a4-62f382f374c2'}, 'data': <HDF5 dataset "freq": shape (257,), type "<f4">}, 'id': root/acquisition/_iblmic_audioSpectrogram/bands/id DatasetBuilder {'attributes': {'namespace': 'hdmf-common', 'neurodata_type': 'ElementIdentifiers', 'object_id': '8bd11236-58c6-49f1-ad19-718bda916940'}, 'data': <HDF5 dataset "id": shape (257,), type "<i4">}}, 'links': {}}, "Could not construct FrequencyBandsTable object due to: column must have the same number of rows as 'id'"))
2026-09-23T10:53:20Z INFO [500/500] 1109a622-6118-4403-ae1d-60bb8a5d87a4: not valid; 2.1 s; peak memory 6452 MiB.
2026-09-23T10:53:20Z INFO [500/500] 1109a622-6118-4403-ae1d-60bb8a5d87a4: checkpointed 76010 records.
2026-09-23T10:53:21Z INFO Wrote 76010 records to /tmp/derivatives/content_id_to_valid_nwb_file.jsonl (474 new, 26 failed) in 30.1 min (peak memory 6452 MiB).
