2026-10-01T17:42:56Z INFO Logging to /tmp/logs/update_2026-10-01T17-42-56Z.log.
2026-10-01T17:42:56Z INFO Update content-id-to-valid-nwb-file (base directory /tmp).
2026-10-01T17:42:59Z INFO Processing 500 items (87510 already recorded).
2026-10-01T17:43:01Z INFO [1/500] 227ca81c-15e7-4356-8dbd-ba696e3bc604: not valid; 1.9 s; peak memory 357 MiB.
2026-10-01T17:43:02Z INFO [2/500] 227d8a6b-0b8b-45a1-b2a7-079f94feafff: not valid; 1.5 s; peak memory 359 MiB.
2026-10-01T17:43:03Z INFO [3/500] 227dd027-1a38-43f9-b883-2674fb7d3c11: valid; 1.2 s; peak memory 361 MiB.
2026-10-01T17:43:06Z INFO [4/500] 227e324d-03bd-49ab-bc13-715b5873f8c8: valid; 2.9 s; peak memory 382 MiB.
2026-10-01T17:43:07Z INFO [5/500] 227e3f09-c433-4523-b14a-5cf8c159fa8b: valid; 1.1 s; peak memory 383 MiB.
2026-10-01T17:43:09Z INFO [6/500] 227ebc2b-78d6-475a-afdb-a17297af85d9: valid; 1.5 s; peak memory 386 MiB.
2026-10-01T17:43:12Z INFO [7/500] 227f79bc-db5c-469b-982d-471db18be816: valid; 2.6 s; peak memory 389 MiB.
2026-10-01T17:43:13Z INFO [8/500] 227fac2a-e8a4-4dc8-8bbc-22a2ca978e0a: valid; 1.4 s; peak memory 390 MiB.
2026-10-01T17:43:15Z INFO [9/500] 227fbb00-9d90-4bdb-8d30-77f000610522: valid; 2.5 s; peak memory 406 MiB.
2026-10-01T17:43:18Z INFO [10/500] 2280383f-e527-4963-8836-4adb65e24310: not valid; 2.3 s; peak memory 420 MiB.
2026-10-01T17:43:20Z INFO [11/500] 22812250-1120-4345-90e3-cbff9a02b913: valid; 2.4 s; peak memory 436 MiB.
2026-10-01T17:43:22Z INFO [12/500] 22825ceb-25e0-4ced-b9b6-3ec96bb8c336: valid; 1.5 s; peak memory 438 MiB.
2026-10-01T17:43:23Z INFO [13/500] 2282cf3d-cf58-4d79-9882-671d7b2d9b87: valid; 1.6 s; peak memory 443 MiB.
2026-10-01T17:43:25Z INFO [14/500] 2282d2c6-85f6-42db-86e4-c9901b11298e: valid; 2.4 s; peak memory 449 MiB.
2026-10-01T17:43:50Z INFO [15/500] 22833560-350d-4b1f-a5ac-4d3ae852ed54: valid; 24.8 s; peak memory 487 MiB.
2026-10-01T17:44:03Z INFO [16/500] 22838961-f90e-4c2b-a02e-bad47fdbf107: valid; 13.0 s; peak memory 550 MiB.
2026-10-01T17:44:04Z INFO [17/500] 2283b16a-75d8-443b-b759-c2eb75eaf8f7: valid; 1.1 s; peak memory 552 MiB.
2026-10-01T17:44:06Z INFO [18/500] 2283cebc-9920-4faa-9956-1935537cbcc6: not valid; 2.1 s; peak memory 555 MiB.
2026-10-01T17:44:15Z INFO [19/500] 2283e905-43ac-4b60-82f7-0629aecd50f2: not valid; 8.7 s; peak memory 615 MiB.
2026-10-01T17:44:18Z INFO [20/500] 2283f1ba-afa4-4251-8919-ad2fdb1f7413: valid; 2.4 s; peak memory 625 MiB.
2026-10-01T17:44:19Z INFO [21/500] 22842583-c1dc-4f70-886c-6605cf70d12b: valid; 1.5 s; peak memory 633 MiB.
2026-10-01T17:44:20Z INFO [22/500] 22849e9a-12da-495d-97fc-07ef35fc397a: valid; 1.4 s; peak memory 635 MiB.
2026-10-01T17:44:23Z INFO [23/500] 2284adf1-fe8c-4f30-b5e3-ba0a9d241ef9: not valid; 2.3 s; peak memory 645 MiB.
2026-10-01T17:44:50Z INFO [24/500] 2284f2d1-f551-4f3c-aa41-7db9c3ec546e: valid; 27.7 s; peak memory 835 MiB.
2026-10-01T17:44:51Z WARNING 228512e5-fb80-42b7-bacc-f4094722ffa7: failed while retrieving asset information from the DANDI API (NotFoundError: No asset at path 'sub-ControlMouse/sub-ControlMouse_ses-20230201_behavior.nwb' in version 0.260601.1203. Verify the path is correct and the asset exists in this version. Use 'dandi ls' to list available assets.)
2026-10-01T17:44:52Z INFO [26/500] 2286ecd6-6c62-482f-b2e6-a3fd40c94ecd: valid; 1.9 s; peak memory 835 MiB.
2026-10-01T17:44:57Z INFO [27/500] 228744a7-7795-4146-9c33-63cf695f4e05: not valid; 4.1 s; peak memory 835 MiB.
2026-10-01T17:44:59Z INFO [28/500] 228746af-fc20-4ae5-84e8-12b656baf2cd: valid; 2.1 s; peak memory 835 MiB.
2026-10-01T17:45:00Z INFO [29/500] 228766aa-64fc-400d-8d54-fb06ee771e82: valid; 1.6 s; peak memory 835 MiB.
2026-10-01T17:45:02Z INFO [30/500] 2287cbb0-01c2-4ea2-a3c7-dea1f5c827df: valid; 1.3 s; peak memory 835 MiB.
2026-10-01T17:45:04Z INFO [31/500] 2287de89-a7e7-45f7-adb8-e129771408f7: valid; 2.1 s; peak memory 835 MiB.
2026-10-01T17:45:06Z INFO [32/500] 2288457d-aeb3-44b8-9f5f-35cac39a3360: valid; 1.9 s; peak memory 835 MiB.
2026-10-01T17:45:19Z INFO [33/500] 2288df6f-c0b9-4938-a2d4-8fbf55a8e7d5: valid; 13.2 s; peak memory 835 MiB.
2026-10-01T17:45:21Z INFO [34/500] 228b0249-77d3-4509-b368-e4a1476b897f: valid; 2.6 s; peak memory 835 MiB.
2026-10-01T17:45:32Z INFO [35/500] 228cb7ca-82e6-4e6b-9baf-48ad8868802c: valid; 11.1 s; peak memory 907 MiB.
2026-10-01T17:45:34Z INFO [36/500] 228cd212-ed43-4051-bca0-ef43aab453c3: valid; 1.7 s; peak memory 919 MiB.
2026-10-01T17:45:37Z INFO [37/500] 228d0e2e-13fc-4729-b022-b4326b43fd22: valid; 2.8 s; peak memory 927 MiB.
2026-10-01T17:45:39Z INFO [38/500] 228dd125-0865-4732-999d-b5b81a488ca1: not valid; 2.2 s; peak memory 927 MiB.
2026-10-01T17:45:40Z INFO [39/500] 228de4fe-7d95-4b69-99b8-439713544856: valid; 1.2 s; peak memory 927 MiB.
2026-10-01T17:45:42Z INFO [40/500] 228df68e-b05c-46be-81e3-d3a82ae6cd56: valid; 1.8 s; peak memory 927 MiB.
2026-10-01T17:45:44Z INFO [41/500] 228e4ee5-1ec0-4b4d-ac37-f9b045d3808d: valid; 2.1 s; peak memory 927 MiB.
2026-10-01T17:45:46Z INFO [42/500] 228ffd3a-975f-4737-b1ed-d213d6a45fe4: not valid; 1.4 s; peak memory 927 MiB.
2026-10-01T17:45:48Z INFO [43/500] 22902035-19b4-44ca-941e-37028ccdfea0: valid; 2.2 s; peak memory 927 MiB.
2026-10-01T17:46:08Z INFO [44/500] 22903599-9a55-4676-9ed1-cc54835bb94f: valid; 20.1 s; peak memory 927 MiB.
2026-10-01T17:46:10Z INFO [45/500] 2290b45f-8c6d-41f8-8e85-87bec2293550: valid; 1.8 s; peak memory 927 MiB.
2026-10-01T17:46:12Z INFO [46/500] 2291048f-74d5-4a16-b7ac-856d2a4cb92f: valid; 2.6 s; peak memory 927 MiB.
2026-10-01T17:46:14Z INFO [47/500] 229130c4-55bb-41e5-b390-a6352471414e: valid; 1.1 s; peak memory 927 MiB.
2026-10-01T17:46:17Z INFO [48/500] 229149f5-a59c-41bc-b2bd-81e3fa29875f: valid; 3.2 s; peak memory 927 MiB.
2026-10-01T17:46:18Z INFO [49/500] 22917b50-745c-4cd7-a42d-11b4a40a1cae: valid; 1.4 s; peak memory 927 MiB.
2026-10-01T17:46:20Z INFO [50/500] 22918fc8-6787-4484-9927-1a05b4984f56: not valid; 1.8 s; peak memory 927 MiB.
2026-10-01T17:46:21Z INFO [50/500] 22918fc8-6787-4484-9927-1a05b4984f56: checkpointed 87560 records.
2026-10-01T17:46:23Z INFO [51/500] 2291f918-18d3-4b01-a5eb-f5d9ed3a39ff: valid; 2.4 s; peak memory 927 MiB.
2026-10-01T17:46:24Z INFO [52/500] 2292fadd-9115-4b88-aa61-6e3c187533e9: valid; 1.3 s; peak memory 927 MiB.
2026-10-01T17:46:42Z INFO [53/500] 229344ad-aa8f-4bcb-823f-b2646a1ea9ff: valid; 17.9 s; peak memory 929 MiB.
2026-10-01T17:46:43Z INFO [54/500] 2293db2c-5888-4e70-96db-69afc3fe43b0: valid; 1.2 s; peak memory 929 MiB.
2026-10-01T17:46:54Z INFO [55/500] 22942b86-1afd-4844-938f-3c8a56764653: valid; 10.6 s; peak memory 954 MiB.
2026-10-01T17:46:56Z INFO [56/500] 229449d0-610e-44da-b044-85130498a7c3: not valid; 1.9 s; peak memory 958 MiB.
2026-10-01T17:46:57Z INFO [57/500] 2294c05e-028c-41e4-8bbe-65bcb570a97c: valid; 1.5 s; peak memory 961 MiB.
2026-10-01T17:47:00Z INFO [58/500] 22955058-802f-46d6-be8f-097d7ef7000f: valid; 2.5 s; peak memory 969 MiB.
2026-10-01T17:47:03Z INFO [59/500] 22956aa7-9590-4f17-b65f-8ec12bc00ab7: valid; 3.0 s; peak memory 977 MiB.
2026-10-01T17:47:16Z INFO [60/500] 22959d10-bec4-4d56-8abc-0157b1ad3252: valid; 13.2 s; peak memory 1003 MiB.
2026-10-01T17:47:18Z INFO [61/500] 2295b549-26fe-4b1e-b93a-8ddbf32c6e63: valid; 1.8 s; peak memory 1006 MiB.
2026-10-01T17:47:19Z INFO [62/500] 2296621e-fd15-4db6-832e-c8858ee695ce: valid; 1.0 s; peak memory 1009 MiB.
2026-10-01T17:47:21Z INFO [63/500] 2296be40-4412-44d1-9715-0f7aad365bd8: valid; 2.0 s; peak memory 1021 MiB.
2026-10-01T17:47:23Z INFO [64/500] 2297b92e-14f7-4467-9b49-551dd1bd5b62: valid; 2.2 s; peak memory 1031 MiB.
2026-10-01T17:47:25Z INFO [65/500] 2297bcf6-1ea1-4fc1-b2d3-c074fa76b9c1: not valid; 1.7 s; peak memory 1033 MiB.
2026-10-01T17:47:32Z INFO [66/500] 2297e358-c610-43fe-b1c5-d7f008ac9206: valid; 7.2 s; peak memory 1144 MiB.
2026-10-01T17:47:34Z INFO [67/500] 229921cd-253c-4997-b12a-6806f237cf1b: valid; 2.1 s; peak memory 1149 MiB.
2026-10-01T17:47:37Z INFO [68/500] 22994d76-80f3-45a6-bf23-fd87d0070b11: not valid; 3.3 s; peak memory 1149 MiB.
2026-10-01T17:47:41Z INFO [69/500] 22995887-cad2-4dac-8071-7311702cdc35: not valid; 3.6 s; peak memory 1149 MiB.
2026-10-01T17:47:42Z INFO [70/500] 22996db7-c53d-4d78-8705-aadb2c8901a0: not valid; 1.5 s; peak memory 1149 MiB.
2026-10-01T17:47:44Z INFO [71/500] 2299ab6c-94c2-48bf-848c-4bce66adce96: valid; 2.0 s; peak memory 1149 MiB.
2026-10-01T17:47:46Z INFO [72/500] 229ac16c-09fc-4380-ad9e-233d99fd918c: not valid; 1.6 s; peak memory 1149 MiB.
2026-10-01T17:47:47Z INFO [73/500] 229b08d3-ea56-490f-83ad-014176e75537: valid; 1.0 s; peak memory 1149 MiB.
2026-10-01T17:47:53Z INFO [74/500] 229b7f7e-5690-4fdf-9a88-8e72ba357f9e: valid; 6.3 s; peak memory 1149 MiB.
2026-10-01T17:47:56Z INFO [75/500] 229be09e-4425-4182-9e83-942e96416c58: valid; 2.4 s; peak memory 1149 MiB.
2026-10-01T17:47:57Z INFO [76/500] 229c24c5-d258-4db4-82d3-624412f6916d: not valid; 1.5 s; peak memory 1149 MiB.
2026-10-01T17:47:59Z INFO [77/500] 229c90cb-8a85-4265-8b26-2027ec718050: valid; 2.1 s; peak memory 1149 MiB.
2026-10-01T17:48:01Z INFO [78/500] 229dc394-9805-4cf4-8d62-8e84ea20bfa8: valid; 1.3 s; peak memory 1149 MiB.
2026-10-01T17:48:01Z WARNING 229debcc-3c34-4150-b6b2-b1add7479697: failed while retrieving asset information from the DANDI API (NotFoundError: No asset at path 'sub-parkinson-simulated-lfp/sub-parkinson-simulated-lfp_ses-3548_ecephys.nwb' in version 0.250327.2220. Verify the path is correct and the asset exists in this version. Use 'dandi ls' to list available assets.)
2026-10-01T17:48:02Z INFO [80/500] 229f2a96-b070-4fbc-9859-81a63915a62f: valid; 1.7 s; peak memory 1149 MiB.
2026-10-01T17:48:04Z INFO [81/500] 229f3541-fcd1-4a86-8a7f-53f25a358e15: not valid; 2.0 s; peak memory 1149 MiB.
2026-10-01T17:48:07Z INFO [82/500] 229f638a-75f1-44c9-ade7-65a73f95ce56: valid; 2.5 s; peak memory 1149 MiB.
2026-10-01T17:48:09Z INFO [83/500] 229fb1d0-5c8e-40d4-88d9-72ab51d028c3: valid; 1.7 s; peak memory 1149 MiB.
2026-10-01T17:48:10Z INFO [84/500] 22a01d81-7e9c-4fe5-9e14-ca65021f133b: not valid; 1.5 s; peak memory 1149 MiB.
2026-10-01T17:48:12Z INFO [85/500] 22a1bfe4-c853-4f69-b1e8-eb94405569b2: not valid; 1.5 s; peak memory 1149 MiB.
2026-10-01T17:48:13Z INFO [86/500] 22a1fd3d-ef4c-40f0-9aaf-4d20e9ac07c0: not valid; 1.4 s; peak memory 1149 MiB.
2026-10-01T17:48:15Z INFO [87/500] 22a225a4-9fc8-474f-b1db-84303195328d: valid; 1.6 s; peak memory 1149 MiB.
2026-10-01T17:48:18Z INFO [88/500] 22a24806-a3fb-4037-8144-1790bcb6760b: not valid; 2.8 s; peak memory 1149 MiB.
2026-10-01T17:48:19Z INFO [89/500] 22a2a097-ae5c-4915-a468-82ea2658ece1: valid; 1.3 s; peak memory 1149 MiB.
2026-10-01T17:48:21Z INFO [90/500] 22a30bf3-4947-4ddc-8c92-6367a0286a87: not valid; 1.7 s; peak memory 1149 MiB.
2026-10-01T17:48:23Z INFO [91/500] 22a38991-b4ca-4c09-bda8-8da4197d41bd: valid; 2.6 s; peak memory 1149 MiB.
2026-10-01T17:48:26Z INFO [92/500] 22a3addb-ed84-4ad6-94dc-8f926cc4817d: valid; 3.2 s; peak memory 1149 MiB.
2026-10-01T17:48:28Z INFO [93/500] 22a45db5-f1d5-4029-900e-d8090eb3831a: valid; 1.5 s; peak memory 1149 MiB.
2026-10-01T17:48:29Z INFO [94/500] 22a4d6a7-54da-4345-812e-2fa52c0161cd: not valid; 1.5 s; peak memory 1149 MiB.
2026-10-01T17:48:31Z INFO [95/500] 22a52c93-bfa7-4d01-ac5a-b65c002ea6e0: valid; 2.2 s; peak memory 1149 MiB.
2026-10-01T17:48:33Z INFO [96/500] 22a5c776-9d4f-4a89-871e-138b1dec3f8b: valid; 1.8 s; peak memory 1149 MiB.
2026-10-01T17:48:35Z INFO [97/500] 22a65b9b-0a9a-4329-8895-deab20ac00ba: not valid; 2.0 s; peak memory 1149 MiB.
2026-10-01T17:48:44Z INFO [98/500] 22a6d7a2-e6ba-45f1-8ece-a05811a82bd2: valid; 9.2 s; peak memory 1161 MiB.
2026-10-01T17:48:45Z WARNING 22a6db1f-77a8-4363-8e57-c9675ef91747: failed while retrieving asset information from the DANDI API (NotFoundError: No asset at path 'sub-parkinson-simulated-lfp/sub-parkinson-simulated-lfp_ses-6462_ecephys.nwb' in version 0.250327.2220. Verify the path is correct and the asset exists in this version. Use 'dandi ls' to list available assets.)
2026-10-01T17:48:46Z INFO [100/500] 22a81088-71fa-4368-9973-68861f965993: valid; 1.0 s; peak memory 1162 MiB.
2026-10-01T17:48:46Z INFO [100/500] 22a81088-71fa-4368-9973-68861f965993: checkpointed 87610 records.
2026-10-01T17:48:58Z INFO [101/500] 22a86462-6df2-4553-a2b0-d60fb3e7b339: valid; 11.5 s; peak memory 1172 MiB.
2026-10-01T17:49:00Z INFO [102/500] 22aacecc-571e-4953-80ea-d928df281f87: valid; 2.4 s; peak memory 1172 MiB.
2026-10-01T17:49:01Z INFO [103/500] 22aad800-d175-4dc3-9101-8158df2f496f: valid; 1.3 s; peak memory 1172 MiB.
2026-10-01T17:49:04Z INFO [104/500] 22ab2981-2da9-45a8-81ad-bd7ea9f65dc4: valid; 2.6 s; peak memory 1172 MiB.
2026-10-01T17:49:07Z INFO [105/500] 22ab5009-3274-47cb-b52c-203b1d1d6229: valid; 2.7 s; peak memory 1172 MiB.
2026-10-01T17:49:25Z INFO [106/500] 22abeb5e-1c57-4a63-aee5-54f52a4a213d: valid; 18.4 s; peak memory 1217 MiB.
2026-10-01T17:49:28Z INFO [107/500] 22abfccf-cc34-47d6-87a0-7059de3c588e: valid; 3.2 s; peak memory 1221 MiB.
2026-10-01T17:49:31Z INFO [108/500] 22ac7066-d38c-49e2-8ef7-9843d4107c61: valid; 3.2 s; peak memory 1224 MiB.
2026-10-01T17:49:34Z INFO [109/500] 22acf4c9-57e3-4410-85f9-9577a8202501: valid; 2.7 s; peak memory 1227 MiB.
2026-10-01T17:49:35Z INFO [110/500] 22ad4295-3954-4412-8cf8-9e7b8a12c38c: not valid; 1.3 s; peak memory 1227 MiB.
2026-10-01T17:49:35Z WARNING 22ad9945-8539-4446-bd43-6ed7f97e10a3: failed while retrieving asset information from the DANDI API (NotFoundError: No such Dandiset: 001533)
2026-10-01T17:49:37Z INFO [112/500] 22addca6-9983-460c-8198-585f0a9925ff: not valid; 1.7 s; peak memory 1227 MiB.
2026-10-01T17:49:40Z INFO [113/500] 22addd97-b942-4af0-a29c-faa35b3b2ff8: valid; 2.4 s; peak memory 1227 MiB.
2026-10-01T17:49:47Z INFO [114/500] 22adf55e-bebc-42aa-ac9f-503b77e37a8c: valid; 7.5 s; peak memory 1227 MiB.
2026-10-01T17:49:52Z INFO [115/500] 22adff0c-b7a5-45bd-adc0-b0767d4d967f: valid; 5.0 s; peak memory 1227 MiB.
2026-10-01T17:49:53Z INFO [116/500] 22ae6679-0e8f-42d8-9d87-d59a291153b9: valid; 1.1 s; peak memory 1227 MiB.
2026-10-01T17:49:56Z INFO [117/500] 22ae9a93-772c-421a-87d3-78efc672b7fe: valid; 2.6 s; peak memory 1227 MiB.
2026-10-01T17:49:58Z INFO [118/500] 22afec5f-d6dc-4dbe-a502-d22650de2a5e: not valid; 2.3 s; peak memory 1227 MiB.
2026-10-01T17:50:01Z INFO [119/500] 22b0aac0-5980-41a0-87fe-912778a91087: valid; 2.4 s; peak memory 1227 MiB.
2026-10-01T17:50:02Z INFO [120/500] 22b0e0ad-a171-4588-97b4-1a9a71fd7f5e: not valid; 1.4 s; peak memory 1227 MiB.
2026-10-01T17:50:03Z INFO [121/500] 22b1087e-95f6-40e0-ad1f-818878654850: valid; 1.2 s; peak memory 1227 MiB.
2026-10-01T17:50:05Z INFO [122/500] 22b12b12-c4e8-4bad-8ac5-ef8d7c1e5ddb: valid; 1.5 s; peak memory 1227 MiB.
2026-10-01T17:50:06Z INFO [123/500] 22b15c01-762c-4144-8e71-22cccecb4ea7: valid; 1.9 s; peak memory 1227 MiB.
2026-10-01T17:50:08Z INFO [124/500] 22b191ec-47fc-4fb8-b06c-e7c6e777ed94: valid; 1.8 s; peak memory 1227 MiB.
2026-10-01T17:50:10Z INFO [125/500] 22b1ebc3-705c-4c8b-a975-23cb402b13ca: not valid; 1.8 s; peak memory 1227 MiB.
2026-10-01T17:50:11Z INFO [126/500] 22b2601c-706f-4cc9-b759-8277cb841ff5: valid; 1.3 s; peak memory 1227 MiB.
2026-10-01T17:50:20Z INFO [127/500] 22b31a67-2d63-4ff7-87e6-e75b1a70f656: valid; 9.0 s; peak memory 1230 MiB.
2026-10-01T17:50:22Z INFO [128/500] 22b38146-63b2-4fda-9360-0bba80ba66c8: valid; 1.4 s; peak memory 1230 MiB.
2026-10-01T17:50:23Z INFO [129/500] 22b4789f-4102-4d32-ad7d-d4e271f58a41: valid; 1.3 s; peak memory 1230 MiB.
2026-10-01T17:50:24Z INFO [130/500] 22b4c6f8-f7ae-492b-8dac-7955cf2e2156: valid; 0.9 s; peak memory 1230 MiB.
2026-10-01T17:50:26Z INFO [131/500] 22b572df-9979-4d20-97a0-e88cc6a4769f: valid; 2.3 s; peak memory 1230 MiB.
2026-10-01T17:50:30Z INFO [132/500] 22b5dd2f-89e5-42d1-a372-56014ea3db40: valid; 3.4 s; peak memory 1230 MiB.
2026-10-01T17:50:31Z INFO [133/500] 22b64207-9b0b-4099-aa5f-27fd3586da0b: valid; 1.8 s; peak memory 1230 MiB.
2026-10-01T17:50:39Z INFO [134/500] 22b65787-97f8-4af7-9f48-06a289eeab50: valid; 7.5 s; peak memory 1230 MiB.
2026-10-01T17:50:40Z INFO [135/500] 22b6e291-cd8a-4668-830a-c4168396ea9e: not valid; 1.5 s; peak memory 1230 MiB.
2026-10-01T17:50:44Z INFO [136/500] 22b727f5-517c-4344-b9ed-e603d3379740: valid; 4.0 s; peak memory 1230 MiB.
2026-10-01T17:50:47Z INFO [137/500] 22b73388-be5f-4419-a6aa-ee7b5dae822e: valid; 2.8 s; peak memory 1230 MiB.
2026-10-01T17:50:48Z INFO [138/500] 22b77b59-3dc2-429e-aaf4-f84d74ca5222: valid; 1.3 s; peak memory 1230 MiB.
2026-10-01T17:50:50Z INFO [139/500] 22b81d61-a9a9-4748-bcd4-a629f8ac3e47: not valid; 1.6 s; peak memory 1230 MiB.
2026-10-01T17:50:53Z INFO [140/500] 22b8315b-e17b-448b-a6ae-2eb5847462dd: valid; 3.0 s; peak memory 1230 MiB.
2026-10-01T17:50:54Z INFO [141/500] 22b89af1-7ce6-4ef6-b47e-afdbd19d40b1: valid; 1.1 s; peak memory 1230 MiB.
2026-10-01T17:51:02Z INFO [142/500] 22b8cc5e-090e-46c1-9590-b2659dcec058: valid; 8.0 s; peak memory 1230 MiB.
2026-10-01T17:51:03Z INFO [143/500] 22b94884-14ad-4373-b090-03d6ccbefb2e: valid; 1.0 s; peak memory 1230 MiB.
2026-10-01T17:51:05Z WARNING 22b9d44d-567f-48ae-a4a3-480430662b50: failed while opening the NWB file (ConstructError: (root/acquisition/_iblmic_audioSpectrogram/bands GroupBuilder {'attributes': {'colnames': array(['freq'], dtype=object), 'description': 'spectogram frequencies', 'namespace': 'core', 'neurodata_type': 'FrequencyBandsTable', 'object_id': '01d21984-9cbc-421f-badd-4ce020d183b4'}, 'groups': {}, 'datasets': {'freq': root/acquisition/_iblmic_audioSpectrogram/bands/freq DatasetBuilder {'attributes': {'description': 'frequency value', 'namespace': 'hdmf-common', 'neurodata_type': 'VectorData', 'object_id': '173ba134-2d3c-47fe-a645-725ff2774a36'}, 'data': <HDF5 dataset "freq": shape (257,), type "<f4">}, 'id': root/acquisition/_iblmic_audioSpectrogram/bands/id DatasetBuilder {'attributes': {'namespace': 'hdmf-common', 'neurodata_type': 'ElementIdentifiers', 'object_id': 'ae7058d0-a946-4a45-982b-a2593387a78f'}, 'data': <HDF5 dataset "id": shape (257,), type "<i4">}}, 'links': {}}, "Could not construct FrequencyBandsTable object due to: column must have the same number of rows as 'id'"))
2026-10-01T17:51:06Z INFO [145/500] 22ba4176-ddf3-4f1c-b173-03e7b3784076: valid; 1.5 s; peak memory 1230 MiB.
2026-10-01T17:51:08Z INFO [146/500] 22ba4489-28f4-46e8-8358-b5e68722ae2a: valid; 1.4 s; peak memory 1231 MiB.
2026-10-01T17:51:09Z INFO [147/500] 22bb4069-8a88-4b05-87f6-82d1886b8894: not valid; 1.3 s; peak memory 1232 MiB.
2026-10-01T17:51:11Z INFO [148/500] 22bb4472-972a-41b1-850a-149b813a2016: valid; 1.9 s; peak memory 1238 MiB.
2026-10-01T17:51:14Z INFO [149/500] 22bb6549-5796-42a5-81bf-4bd8dad042c3: valid; 2.5 s; peak memory 1240 MiB.
2026-10-01T17:51:19Z INFO [150/500] 22bcf48c-a1a3-4344-83e1-68f48105d3aa: not valid; 5.6 s; peak memory 1247 MiB.
2026-10-01T17:51:20Z INFO [150/500] 22bcf48c-a1a3-4344-83e1-68f48105d3aa: checkpointed 87660 records.
2026-10-01T17:51:23Z INFO [151/500] 22bd4598-8b66-4187-847f-d61382079f59: valid; 3.5 s; peak memory 1252 MiB.
2026-10-01T17:51:29Z INFO [152/500] 22bd6fa0-88c5-43d2-b551-846daaf6e037: not valid; 6.1 s; peak memory 1257 MiB.
2026-10-01T17:51:31Z INFO [153/500] 22be7ba6-0caa-45ed-aeaa-d4fdfa5a9b41: valid; 1.2 s; peak memory 1257 MiB.
2026-10-01T17:51:32Z INFO [154/500] 22be8934-58bb-407d-b7fe-12ea680bd2c5: not valid; 1.3 s; peak memory 1258 MiB.
2026-10-01T17:51:33Z INFO [155/500] 22bed272-a566-415d-a610-471154e5eba5: valid; 1.4 s; peak memory 1258 MiB.
2026-10-01T17:51:36Z INFO [156/500] 22bedb6c-7426-4431-8b29-a5f38f4f5c9b: valid; 2.4 s; peak memory 1258 MiB.
2026-10-01T17:51:38Z INFO [157/500] 22bf2589-d7bf-493f-a3dc-8ac1c9ac7cd3: valid; 2.0 s; peak memory 1263 MiB.
2026-10-01T17:51:39Z INFO [158/500] 22bfb194-4dcf-42a8-aa30-b4915f2f5818: valid; 1.9 s; peak memory 1263 MiB.
2026-10-01T17:51:50Z INFO [159/500] 22bfbb1c-17ed-45e0-a6ea-b4a7816855cd: valid; 10.5 s; peak memory 1280 MiB.
2026-10-01T17:51:52Z INFO [160/500] 22c01b86-befa-40b0-8223-2b9d9fb75ff3: valid; 2.6 s; peak memory 1286 MiB.
2026-10-01T17:51:57Z INFO [161/500] 22c01bd2-74f4-44c3-9274-6b07ad7339ea: valid; 4.7 s; peak memory 1293 MiB.
2026-10-01T17:51:59Z INFO [162/500] 22c02e47-8c3b-483e-9e86-f31c65e528dd: valid; 1.3 s; peak memory 1293 MiB.
2026-10-01T17:52:00Z INFO [163/500] 22c1d7c4-5b58-4294-b7a3-4b8d6e824c5d: valid; 1.5 s; peak memory 1295 MiB.
2026-10-01T17:52:01Z INFO [164/500] 22c25dd5-900d-486e-ba64-0a9ef5dd4449: valid; 1.4 s; peak memory 1296 MiB.
2026-10-01T17:52:03Z INFO [165/500] 22c2c04f-5a27-464c-8f4d-0f2482ddf86f: valid; 1.3 s; peak memory 1297 MiB.
2026-10-01T17:52:06Z INFO [166/500] 22c30017-98cd-4c1b-b7e6-371a52032b8a: valid; 2.9 s; peak memory 1301 MiB.
2026-10-01T17:52:07Z INFO [167/500] 22c3d2cb-b48c-488a-a76d-96bfeef61cc1: valid; 1.2 s; peak memory 1302 MiB.
2026-10-01T17:52:08Z INFO [168/500] 22c3ed1c-c92c-4d33-b707-d3b7d1a38e1e: not valid; 1.4 s; peak memory 1303 MiB.
2026-10-01T17:52:09Z INFO [169/500] 22c3f244-572d-4076-a0be-1c984a8ded6a: valid; 1.2 s; peak memory 1304 MiB.
2026-10-01T17:52:31Z INFO [170/500] 22c41451-75ce-4e27-a387-df96f8ee423c: valid; 21.3 s; peak memory 1345 MiB.
2026-10-01T17:52:32Z INFO [171/500] 22c42d68-86cb-4bd9-9638-6c78fd28676b: valid; 1.4 s; peak memory 1345 MiB.
2026-10-01T17:52:34Z INFO [172/500] 22c484ed-2cd6-46f4-8f2c-ba4d285e2da4: valid; 2.3 s; peak memory 1348 MiB.
2026-10-01T17:52:36Z INFO [173/500] 22c507dd-3c47-43b7-bcea-a3382137ebf8: not valid; 1.7 s; peak memory 1349 MiB.
2026-10-01T17:52:44Z INFO [174/500] 22c540b8-729b-4222-b97f-f496ade6f94d: not valid; 8.0 s; peak memory 1360 MiB.
2026-10-01T17:52:46Z INFO [175/500] 22c563c3-bea4-40ce-a7f2-4da6f02f7f8b: not valid; 1.8 s; peak memory 1360 MiB.
2026-10-01T17:52:49Z INFO [176/500] 22c5bbd6-11ec-47b3-ad84-d27ce7f78d80: valid; 3.1 s; peak memory 1361 MiB.
2026-10-01T17:52:52Z INFO [177/500] 22c5d90a-0ad0-4924-8821-3abf03032c94: valid; 3.4 s; peak memory 1361 MiB.
2026-10-01T17:52:55Z INFO [178/500] 22c5e9ee-f57b-4f28-bc3c-e55b214245f6: valid; 2.5 s; peak memory 1361 MiB.
2026-10-01T17:52:56Z INFO [179/500] 22c7484d-ff30-4913-bc2a-b4f6a800a4d7: not valid; 1.4 s; peak memory 1361 MiB.
2026-10-01T17:52:58Z INFO [180/500] 22c74dff-69cc-404f-af89-e62739f58a5d: not valid; 1.4 s; peak memory 1361 MiB.
2026-10-01T17:53:00Z INFO [181/500] 22c8354c-b95f-453d-b5fb-1e4cab1497c7: valid; 2.8 s; peak memory 1361 MiB.
2026-10-01T17:53:10Z INFO [182/500] 22c83a3c-2cce-4f88-9531-37697cc2185e: valid; 9.1 s; peak memory 1499 MiB.
2026-10-01T17:53:37Z INFO [183/500] 22c96b2e-7b81-4e98-a408-63a2e3fd3ef6: valid; 27.9 s; peak memory 1526 MiB.
2026-10-01T17:53:39Z INFO [184/500] 22c99f74-b65c-4080-982c-746a8e54018c: valid; 1.9 s; peak memory 1533 MiB.
2026-10-01T17:53:42Z INFO [185/500] 22c9f361-bc52-4391-b553-43f5a6579e14: valid; 2.3 s; peak memory 1536 MiB.
2026-10-01T17:53:43Z INFO [186/500] 22c9fb4d-3288-4a09-b186-dd57454acb75: not valid; 1.3 s; peak memory 1536 MiB.
2026-10-01T17:53:45Z INFO [187/500] 22ca7631-cbb6-408a-96f0-2c9e5c60fe90: valid; 2.1 s; peak memory 1536 MiB.
2026-10-01T17:53:47Z INFO [188/500] 22cad197-7239-49a4-98eb-1edf7607feb7: valid; 1.8 s; peak memory 1536 MiB.
2026-10-01T17:53:48Z INFO [189/500] 22cb6285-6b57-4077-8ddd-30d9c94a5338: valid; 1.3 s; peak memory 1536 MiB.
2026-10-01T17:53:50Z INFO [190/500] 22cbdb27-f086-4c60-9423-c775fd109342: valid; 1.6 s; peak memory 1536 MiB.
2026-10-01T17:53:53Z INFO [191/500] 22ccd4f9-5399-4ca5-9194-e5268a471139: valid; 3.0 s; peak memory 1536 MiB.
2026-10-01T17:53:56Z INFO [192/500] 22cce3f9-e796-4abb-a11e-2c3d48e97b99: not valid; 3.0 s; peak memory 1536 MiB.
2026-10-01T17:53:58Z INFO [193/500] 22cd4ee9-aa99-4cf7-8cbd-ba6e45f30277: valid; 2.5 s; peak memory 1536 MiB.
2026-10-01T17:54:12Z INFO [194/500] 22cd75cf-1148-4776-bf6e-4d2a5ac95dcd: valid; 13.2 s; peak memory 1536 MiB.
2026-10-01T17:54:13Z INFO [195/500] 22cda67d-1418-4cde-be2a-e5feda0b5bd6: valid; 1.6 s; peak memory 1537 MiB.
2026-10-01T17:54:15Z INFO [196/500] 22ce32c2-e32c-49f8-a2c3-3687ea45d363: valid; 2.2 s; peak memory 1546 MiB.
2026-10-01T17:54:17Z INFO [197/500] 22ce5bc5-0dc5-4c08-9738-b4c24cac8a9b: valid; 1.2 s; peak memory 1548 MiB.
2026-10-01T17:54:19Z INFO [198/500] 22cef7fe-89db-4f4d-b02b-68bffcdfea79: valid; 2.4 s; peak memory 1551 MiB.
2026-10-01T17:54:21Z INFO [199/500] 22cf7d97-3628-4622-9967-f8a9040481df: valid; 2.2 s; peak memory 1556 MiB.
2026-10-01T17:54:23Z INFO [200/500] 22cfc3ea-afb3-4755-942f-2d2f03295994: not valid; 1.4 s; peak memory 1558 MiB.
2026-10-01T17:54:23Z INFO [200/500] 22cfc3ea-afb3-4755-942f-2d2f03295994: checkpointed 87710 records.
2026-10-01T17:54:36Z INFO [201/500] 22d04cb2-432e-4654-a767-362cc33d2e9a: valid; 12.8 s; peak memory 1622 MiB.
2026-10-01T17:54:37Z INFO [202/500] 22d072ff-023d-434f-a74e-b7a8e5291fc8: valid; 1.3 s; peak memory 1624 MiB.
2026-10-01T17:54:38Z INFO [203/500] 22d19946-1c11-46e2-a503-7a97fcd2c03d: valid; 1.0 s; peak memory 1626 MiB.
2026-10-01T17:54:56Z INFO [204/500] 22d2e6a1-4dfa-4f22-af0f-9df8be9d68a8: valid; 17.2 s; peak memory 1643 MiB.
2026-10-01T17:54:56Z WARNING 22d35dce-895d-4529-852b-16e7f3d2b382: failed while retrieving asset information from the DANDI API (NotFoundError: No such Dandiset: 000561)
2026-10-01T17:57:19Z INFO [206/500] 22d450b0-9c81-455d-9ee9-6581500aa60f: valid; 143.0 s; peak memory 4865 MiB.
2026-10-01T17:57:21Z INFO [207/500] 22d518c7-188c-4570-bf0e-04c12db9386d: valid; 1.9 s; peak memory 4870 MiB.
2026-10-01T17:57:23Z INFO [208/500] 22d5733e-abe6-45ab-a530-a606b609796e: not valid; 2.3 s; peak memory 4874 MiB.
2026-10-01T17:57:29Z INFO [209/500] 22d65f52-0889-49a7-9a80-d010be568144: not valid; 5.7 s; peak memory 4878 MiB.
2026-10-01T17:57:32Z INFO [210/500] 22d66a86-68fe-4f3d-a6e1-86dafb9ff85b: not valid; 3.8 s; peak memory 4878 MiB.
2026-10-01T17:57:36Z INFO [211/500] 22d689b1-41ce-4f65-baa6-2d58c1d904f9: valid; 3.3 s; peak memory 4878 MiB.
2026-10-01T17:57:38Z INFO [212/500] 22d696b8-2abe-46a8-b20d-2355b147fa69: not valid; 2.1 s; peak memory 4878 MiB.
2026-10-01T17:57:43Z INFO [213/500] 22d74cbb-9565-419d-9a98-df849354868c: valid; 5.3 s; peak memory 4878 MiB.
2026-10-01T17:57:44Z INFO [214/500] 22d774a8-d436-4efc-9829-1895741ccc5e: not valid; 1.2 s; peak memory 4878 MiB.
2026-10-01T17:57:46Z INFO [215/500] 22d97a3b-e328-42fd-8a29-5fc37a4cfe93: not valid; 1.6 s; peak memory 4878 MiB.
2026-10-01T17:57:47Z INFO [216/500] 22da0803-692e-4993-a020-45586bd94d11: valid; 1.2 s; peak memory 4878 MiB.
2026-10-01T17:57:49Z INFO [217/500] 22da7129-995f-4ad3-9b73-d39787d6de0e: valid; 1.7 s; peak memory 4878 MiB.
2026-10-01T17:57:52Z INFO [218/500] 22db8aed-5e02-42f3-86b9-182b843f7629: valid; 3.0 s; peak memory 4878 MiB.
2026-10-01T17:58:03Z INFO [219/500] 22db926b-3a52-44ef-9302-856abf32882a: valid; 11.6 s; peak memory 4878 MiB.
2026-10-01T17:58:15Z INFO [220/500] 22db9604-17ef-42be-ad18-f7187f340d5a: valid; 11.8 s; peak memory 4878 MiB.
2026-10-01T17:58:16Z INFO [221/500] 22dbbc39-e64e-487b-b819-6a5b0eb96f38: valid; 1.2 s; peak memory 4878 MiB.
2026-10-01T17:58:27Z INFO [222/500] 22dbde36-a6d5-446b-b22f-5ef114591c19: valid; 10.2 s; peak memory 5141 MiB.
2026-10-01T17:58:28Z INFO [223/500] 22dbf3c4-21f6-437d-92fc-754b42210dd3: valid; 1.5 s; peak memory 5141 MiB.
2026-10-01T17:58:30Z INFO [224/500] 22dc03e0-7556-4de1-bc42-dfc4f1e146e3: valid; 2.4 s; peak memory 5141 MiB.
2026-10-01T17:58:33Z INFO [225/500] 22dd9c8a-08da-4965-ad12-3da3fa2a1d0d: valid; 2.7 s; peak memory 5141 MiB.
2026-10-01T17:58:35Z WARNING 22de1ff1-3c59-4d9b-8015-7935c38e9e52: failed while opening the NWB file (ConstructError: (root/acquisition/_iblmic_audioSpectrogram/bands GroupBuilder {'attributes': {'colnames': array(['freq'], dtype=object), 'description': 'spectogram frequencies', 'namespace': 'core', 'neurodata_type': 'FrequencyBandsTable', 'object_id': '97f6426a-f0f0-4889-9657-1a1be730b204'}, 'groups': {}, 'datasets': {'freq': root/acquisition/_iblmic_audioSpectrogram/bands/freq DatasetBuilder {'attributes': {'description': 'frequency value', 'namespace': 'hdmf-common', 'neurodata_type': 'VectorData', 'object_id': '94f1cccc-cdcc-4d9e-ab11-0dbcb26641df'}, 'data': <HDF5 dataset "freq": shape (257,), type "<f4">}, 'id': root/acquisition/_iblmic_audioSpectrogram/bands/id DatasetBuilder {'attributes': {'namespace': 'hdmf-common', 'neurodata_type': 'ElementIdentifiers', 'object_id': '0f205503-9d57-452a-b0ab-01af75c0a4d8'}, 'data': <HDF5 dataset "id": shape (257,), type "<i4">}}, 'links': {}}, "Could not construct FrequencyBandsTable object due to: column must have the same number of rows as 'id'"))
2026-10-01T17:58:37Z INFO [227/500] 22dea174-d619-49a5-ace4-4ed43b5f4aea: not valid; 1.8 s; peak memory 5141 MiB.
2026-10-01T17:58:38Z INFO [228/500] 22dea8e0-f065-4fe2-80db-64b2f504a3b3: not valid; 1.4 s; peak memory 5141 MiB.
2026-10-01T17:58:40Z INFO [229/500] 22dfc258-b807-435d-9f4d-04ca777514cf: not valid; 1.8 s; peak memory 5141 MiB.
2026-10-01T17:58:41Z INFO [230/500] 22e01c46-7ba0-4b47-a31d-ed757a80937f: valid; 1.6 s; peak memory 5141 MiB.
2026-10-01T17:58:51Z INFO [231/500] 22e0b57b-c6c0-47ca-a6e7-573728b6dfe2: valid; 9.6 s; peak memory 5141 MiB.
2026-10-01T17:58:51Z WARNING 22e11535-680b-4d1c-bb45-f21b406c92db: failed while retrieving asset information from the DANDI API (HTTPError: Error 401 while sending GET request to https://api.dandiarchive.org/api/dandisets/002015/: {"detail":"Authentication credentials were not provided."})
2026-10-01T17:58:53Z WARNING 22e13e75-52d8-4b2a-9ce3-44798d2cf019: failed while opening the NWB file (ConstructError: (root/acquisition/_iblmic_audioSpectrogram/bands GroupBuilder {'attributes': {'colnames': array(['freq'], dtype=object), 'description': 'spectogram frequencies', 'namespace': 'core', 'neurodata_type': 'FrequencyBandsTable', 'object_id': '29626e45-0345-4b52-938e-2d1c9e3108b4'}, 'groups': {}, 'datasets': {'freq': root/acquisition/_iblmic_audioSpectrogram/bands/freq DatasetBuilder {'attributes': {'description': 'frequency value', 'namespace': 'hdmf-common', 'neurodata_type': 'VectorData', 'object_id': 'd495d8d3-ccc4-464d-8286-f4e154b206ea'}, 'data': <HDF5 dataset "freq": shape (257,), type "<f4">}, 'id': root/acquisition/_iblmic_audioSpectrogram/bands/id DatasetBuilder {'attributes': {'namespace': 'hdmf-common', 'neurodata_type': 'ElementIdentifiers', 'object_id': '8d008ac4-9fb7-4cdd-8b11-4e5bec7f53a2'}, 'data': <HDF5 dataset "id": shape (257,), type "<i4">}}, 'links': {}}, "Could not construct FrequencyBandsTable object due to: column must have the same number of rows as 'id'"))
2026-10-01T17:58:55Z INFO [234/500] 22e35cdc-71bd-454f-b67e-63d0ceb51b67: valid; 2.4 s; peak memory 5141 MiB.
2026-10-01T17:59:05Z INFO [235/500] 22e3d155-f3ae-4049-80bc-22143c5d63de: valid; 9.6 s; peak memory 5141 MiB.
2026-10-01T17:59:07Z INFO [236/500] 22e3e500-1767-4616-b683-1fdbe95fdd67: valid; 2.1 s; peak memory 5141 MiB.
2026-10-01T17:59:08Z INFO [237/500] 22e3ece8-52b0-4ad4-9f3b-12b323f76296: valid; 1.2 s; peak memory 5141 MiB.
2026-10-01T17:59:11Z INFO [238/500] 22e43826-8c08-4e30-8d50-bf48ad53be7d: valid; 2.8 s; peak memory 5141 MiB.
2026-10-01T17:59:14Z INFO [239/500] 22e458a8-106a-42de-8a27-aa1797b79e95: valid; 2.8 s; peak memory 5141 MiB.
2026-10-01T17:59:16Z INFO [240/500] 22e46b7a-fbb3-40de-a996-cec4ee16d3e6: valid; 2.3 s; peak memory 5141 MiB.
2026-10-01T17:59:17Z INFO [241/500] 22e475f2-fb57-44f7-af36-57ecdfdf8a8e: valid; 1.0 s; peak memory 5141 MiB.
2026-10-01T17:59:31Z INFO [242/500] 22e4d4d0-c13e-466a-987b-63b19f16b352: valid; 14.0 s; peak memory 5141 MiB.
2026-10-01T17:59:33Z INFO [243/500] 22e51764-5c2e-41a8-b3ef-41f4c93975c0: not valid; 1.3 s; peak memory 5141 MiB.
2026-10-01T17:59:36Z INFO [244/500] 22e548a0-29f8-4b72-a60c-b3dec6f8f789: not valid; 3.6 s; peak memory 5141 MiB.
2026-10-01T17:59:37Z INFO [245/500] 22e5974c-ae00-46f8-a207-28f4d3f86124: not valid; 1.3 s; peak memory 5141 MiB.
2026-10-01T17:59:39Z INFO [246/500] 22e5e8f7-5a30-4118-8045-b86ba204ea38: not valid; 1.7 s; peak memory 5141 MiB.
2026-10-01T17:59:42Z INFO [247/500] 22e659c0-172d-4d0b-85a5-f45fa5ce2727: valid; 2.6 s; peak memory 5141 MiB.
2026-10-01T17:59:44Z WARNING 22e72a94-9ed5-4978-b31c-32d76e18a034: failed while opening the NWB file (ConstructError: (root/acquisition/_iblmic_audioSpectrogram/bands GroupBuilder {'attributes': {'colnames': array(['freq'], dtype=object), 'description': 'spectogram frequencies', 'namespace': 'core', 'neurodata_type': 'FrequencyBandsTable', 'object_id': '110f21aa-28aa-4d00-82ed-1cedd3aec5a0'}, 'groups': {}, 'datasets': {'freq': root/acquisition/_iblmic_audioSpectrogram/bands/freq DatasetBuilder {'attributes': {'description': 'frequency value', 'namespace': 'hdmf-common', 'neurodata_type': 'VectorData', 'object_id': '632eeae1-86d6-4955-b0b6-03b38c4ca239'}, 'data': <HDF5 dataset "freq": shape (257,), type "<f4">}, 'id': root/acquisition/_iblmic_audioSpectrogram/bands/id DatasetBuilder {'attributes': {'namespace': 'hdmf-common', 'neurodata_type': 'ElementIdentifiers', 'object_id': '8e8e115d-fce8-4c9a-a32d-29773159bd5e'}, 'data': <HDF5 dataset "id": shape (257,), type "<i4">}}, 'links': {}}, "Could not construct FrequencyBandsTable object due to: column must have the same number of rows as 'id'"))
2026-10-01T17:59:45Z INFO [249/500] 22e7bb04-ab69-48ec-9edf-4afb093113c1: not valid; 1.5 s; peak memory 5141 MiB.
2026-10-01T17:59:47Z INFO [250/500] 22e7f9c0-7beb-4bac-837c-c3850da5fe9d: valid; 2.0 s; peak memory 5141 MiB.
2026-10-01T17:59:48Z INFO [250/500] 22e7f9c0-7beb-4bac-837c-c3850da5fe9d: checkpointed 87760 records.
2026-10-01T17:59:50Z INFO [251/500] 22e80f4d-84b1-47c9-9748-1023c226b233: valid; 1.7 s; peak memory 5141 MiB.
2026-10-01T17:59:51Z INFO [252/500] 22e84abf-7d22-4745-a311-c24627514436: valid; 1.6 s; peak memory 5141 MiB.
2026-10-01T17:59:52Z INFO [253/500] 22e9ddcf-db6a-475b-a9e0-2e651b3def33: valid; 1.1 s; peak memory 5141 MiB.
2026-10-01T18:00:01Z INFO [254/500] 22e9f574-dd53-4eb2-883c-75e4572d0ef3: valid; 8.1 s; peak memory 5141 MiB.
2026-10-01T18:00:07Z INFO [255/500] 22eb438e-d5c3-4fa1-a2bf-6a8b60990354: valid; 6.0 s; peak memory 5141 MiB.
2026-10-01T18:00:09Z INFO [256/500] 22eb6201-ee10-4c97-b0b0-81fdbaa40011: valid; 2.9 s; peak memory 5141 MiB.
2026-10-01T18:00:12Z INFO [257/500] 22ebcf26-73fa-4486-8660-4c4ac91da80d: valid; 2.3 s; peak memory 5141 MiB.
2026-10-01T18:00:14Z INFO [258/500] 22ec8c4a-065f-468f-8411-955fbadde1bf: valid; 2.0 s; peak memory 5141 MiB.
2026-10-01T18:00:16Z INFO [259/500] 22ed2371-5996-4dff-a76c-bbf606df7f29: valid; 2.3 s; peak memory 5141 MiB.
2026-10-01T18:00:18Z INFO [260/500] 22ed8d39-b42d-469d-9d05-74dcdb960f48: valid; 1.9 s; peak memory 5141 MiB.
2026-10-01T18:00:19Z INFO [261/500] 22edcd96-defd-456c-9800-dac932975530: valid; 1.2 s; peak memory 5141 MiB.
2026-10-01T18:00:21Z INFO [262/500] 22ede0c6-ea27-487f-9cc8-f59dffe9fc35: valid; 2.0 s; peak memory 5141 MiB.
2026-10-01T18:00:23Z INFO [263/500] 22edea07-eed9-4e4a-a671-3e1a7f8e3e2e: valid; 1.7 s; peak memory 5141 MiB.
2026-10-01T18:00:26Z INFO [264/500] 22ee560e-bc87-462a-b76d-447f5fba205d: valid; 2.9 s; peak memory 5141 MiB.
2026-10-01T18:00:27Z INFO [265/500] 22eeb061-992b-4089-94ee-e2539e1ea4e3: valid; 1.6 s; peak memory 5141 MiB.
2026-10-01T18:00:29Z INFO [266/500] 22eeeab5-aec8-43db-80f4-10a0e492c825: valid; 1.6 s; peak memory 5141 MiB.
2026-10-01T18:00:32Z INFO [267/500] 22ef3c79-ab7b-43a4-8ee1-2097574890d0: valid; 2.9 s; peak memory 5141 MiB.
2026-10-01T18:00:33Z INFO [268/500] 22efcf95-9cf1-49d9-8102-45fb164e6a95: valid; 1.3 s; peak memory 5141 MiB.
2026-10-01T18:00:35Z INFO [269/500] 22eff31b-8f85-4c96-bf8f-8050fcef1e66: not valid; 1.6 s; peak memory 5141 MiB.
2026-10-01T18:00:36Z INFO [270/500] 22f061f9-10e7-47ef-bdbd-89e8a7ba4bed: valid; 1.1 s; peak memory 5141 MiB.
2026-10-01T18:00:37Z INFO [271/500] 22f07a97-2ab7-4cfa-9339-4b752e662085: valid; 1.3 s; peak memory 5141 MiB.
2026-10-01T18:00:39Z INFO [272/500] 22f09096-4756-4149-ac3a-e65664c430b1: valid; 2.0 s; peak memory 5141 MiB.
2026-10-01T18:00:42Z INFO [273/500] 22f10a92-bc12-4ddc-9014-d6e02c1b736b: valid; 2.8 s; peak memory 5141 MiB.
2026-10-01T18:00:44Z INFO [274/500] 22f1890c-cb57-4eed-af87-e9676e632c01: valid; 1.9 s; peak memory 5141 MiB.
2026-10-01T18:01:22Z INFO [275/500] 22f18cfe-a9ab-4561-bbcf-7e6b8f2b9fa6: valid; 38.0 s; peak memory 6017 MiB.
2026-10-01T18:01:26Z INFO [276/500] 22f19c92-7335-42f4-89d3-7163f944df4b: not valid; 3.8 s; peak memory 6017 MiB.
2026-10-01T18:01:30Z INFO [277/500] 22f24abe-b207-442e-a3e1-34caa6a81287: valid; 4.0 s; peak memory 6017 MiB.
2026-10-01T18:02:20Z INFO [278/500] 22f2ef69-93c1-4f72-9043-9aa3cddfe433: valid; 50.4 s; peak memory 6017 MiB.
2026-10-01T18:02:22Z INFO [279/500] 22f313c3-9aaa-4148-9396-42fc0f9598dd: valid; 1.5 s; peak memory 6017 MiB.
2026-10-01T18:02:31Z INFO [280/500] 22f362cc-e80c-4086-9ab4-9e4b599e599c: valid; 9.8 s; peak memory 6017 MiB.
2026-10-01T18:02:33Z INFO [281/500] 22f41d4a-9f27-43f8-9fb5-972ac11e0529: valid; 2.1 s; peak memory 6022 MiB.
2026-10-01T18:02:40Z INFO [282/500] 22f498d4-bda2-48e7-a699-b99835df78ac: valid; 6.5 s; peak memory 6037 MiB.
2026-10-01T18:02:40Z WARNING 22f4990f-8f3a-4474-83b9-90300bad7f32: failed while retrieving asset information from the DANDI API (NotFoundError: No asset at path 'sub-440957/sub-440957_ses-20190214T144611_behavior+ecephys+ogen.nwb' in version 0.231012.2129. Verify the path is correct and the asset exists in this version. Use 'dandi ls' to list available assets.)
2026-10-01T18:02:46Z INFO [284/500] 22f623f9-30c8-4882-ae0e-db89bf58a0a8: valid; 6.0 s; peak memory 6041 MiB.
2026-10-01T18:02:50Z INFO [285/500] 22f659af-a631-42a4-a564-056725993e0a: not valid; 4.4 s; peak memory 6042 MiB.
2026-10-01T18:02:52Z INFO [286/500] 22f686f1-dc76-47e7-9287-3214d145ae09: valid; 1.9 s; peak memory 6042 MiB.
2026-10-01T18:02:59Z INFO [287/500] 22f742ad-d29f-4d17-b741-00e900e9d689: valid; 7.1 s; peak memory 6042 MiB.
2026-10-01T18:03:02Z INFO [288/500] 22f78e47-5d0d-4ae4-bca0-f95e9810ed47: valid; 2.2 s; peak memory 6043 MiB.
2026-10-01T18:03:05Z INFO [289/500] 22f79e3b-f050-4c3c-bdae-0d7412b7c6ee: not valid; 3.3 s; peak memory 6043 MiB.
2026-10-01T18:03:07Z INFO [290/500] 22f95711-7ce9-48b9-99c7-f333a7349c0a: valid; 1.9 s; peak memory 6043 MiB.
2026-10-01T18:03:08Z INFO [291/500] 22fa0c39-8cd0-40aa-95c2-c901b331eb95: valid; 1.4 s; peak memory 6043 MiB.
2026-10-01T18:03:28Z INFO [292/500] 22fa2616-48fa-47ed-8216-f7b98726a53a: not valid; 20.2 s; peak memory 6092 MiB.
2026-10-01T18:03:30Z INFO [293/500] 22fa2867-ca24-41a9-a37d-0c8a6277d13f: valid; 1.3 s; peak memory 6092 MiB.
2026-10-01T18:03:32Z INFO [294/500] 22fa6567-ccce-4b89-a650-245b064b0848: valid; 1.9 s; peak memory 6093 MiB.
2026-10-01T18:03:35Z INFO [295/500] 22fad5a0-7c6b-4a9d-91e2-ca07f40d052f: valid; 3.3 s; peak memory 6095 MiB.
2026-10-01T18:03:37Z INFO [296/500] 22fb7cad-254d-4011-a7b7-d85b900ada16: not valid; 2.2 s; peak memory 6095 MiB.
2026-10-01T18:03:39Z INFO [297/500] 22fc4d1d-24cd-4e81-a322-966eb4b5b849: valid; 1.9 s; peak memory 6095 MiB.
2026-10-01T18:03:41Z INFO [298/500] 22fc999e-18bc-4867-b45d-35147f8d729b: valid; 2.0 s; peak memory 6095 MiB.
2026-10-01T18:03:48Z INFO [299/500] 22fccbbe-d300-4b6d-8015-87e8ad55f625: valid; 7.1 s; peak memory 6095 MiB.
2026-10-01T18:03:50Z INFO [300/500] 22fd4b1a-a817-43a1-9990-28c7f85d4b27: not valid; 1.7 s; peak memory 6095 MiB.
2026-10-01T18:03:50Z INFO [300/500] 22fd4b1a-a817-43a1-9990-28c7f85d4b27: checkpointed 87810 records.
2026-10-01T18:03:52Z INFO [301/500] 22fd70bf-0dea-4ae9-8dee-42af10712ad3: valid; 1.7 s; peak memory 6095 MiB.
2026-10-01T18:03:56Z INFO [302/500] 22fd71e7-ba0c-4fd6-9eb0-b6f3ecd35f91: not valid; 3.6 s; peak memory 6095 MiB.
2026-10-01T18:03:58Z INFO [303/500] 22fdd71a-4dbb-45af-a428-22de2c62a780: valid; 2.0 s; peak memory 6095 MiB.
2026-10-01T18:04:01Z INFO [304/500] 22fddffa-cdc4-4315-bb44-4f324da0aa3e: valid; 2.9 s; peak memory 6095 MiB.
2026-10-01T18:04:03Z INFO [305/500] 22fe4b81-86ce-47de-b3a7-631549cbe679: valid; 1.9 s; peak memory 6095 MiB.
2026-10-01T18:06:34Z INFO [306/500] 22fe8408-406a-4f76-a30a-817294f27ea8: valid; 151.4 s; peak memory 6251 MiB.
2026-10-01T18:06:46Z INFO [307/500] 22ff3e0b-65a9-4c91-83ad-3e15df795965: valid; 12.2 s; peak memory 6251 MiB.
2026-10-01T18:06:48Z INFO [308/500] 22ff9063-02f7-45f3-98e6-e435dbf3dfd8: valid; 1.7 s; peak memory 6251 MiB.
2026-10-01T18:06:49Z INFO [309/500] 22ffb653-9f50-4176-b74b-7bce0146a888: valid; 1.3 s; peak memory 6251 MiB.
2026-10-01T18:06:51Z INFO [310/500] 22fff86c-e9c1-4096-85d6-a11e14b0aed1: valid; 1.4 s; peak memory 6251 MiB.
2026-10-01T18:06:53Z INFO [311/500] 23002a2c-9b78-4678-be09-b28250de4a89: valid; 2.0 s; peak memory 6251 MiB.
2026-10-01T18:07:13Z INFO [312/500] 23004e3a-78d6-44c4-a272-8d4f42e88764: valid; 20.9 s; peak memory 6270 MiB.
2026-10-01T18:07:34Z INFO [313/500] 2300d3a4-9d8f-4268-a2dd-a30bbf039cb5: valid; 20.0 s; peak memory 6319 MiB.
2026-10-01T18:07:35Z INFO [314/500] 23017a80-2d95-4036-be19-af700ead6163: not valid; 1.5 s; peak memory 6319 MiB.
2026-10-01T18:07:38Z INFO [315/500] 2301b25f-ee3e-44c6-9cd2-2f33420b3674: valid; 3.0 s; peak memory 6319 MiB.
2026-10-01T18:07:40Z INFO [316/500] 2301f71d-39f2-4eaa-960f-12cacd48c7af: valid; 1.7 s; peak memory 6319 MiB.
2026-10-01T18:07:41Z INFO [317/500] 23027d1a-ce51-4232-bed9-19d6bbf52eb9: not valid; 1.6 s; peak memory 6319 MiB.
2026-10-01T18:07:44Z INFO [318/500] 23029953-6379-4c6a-afc3-52fa1d8e73b4: valid; 2.4 s; peak memory 6319 MiB.
2026-10-01T18:07:45Z INFO [319/500] 2303272d-ae7c-4f74-bfd8-65a3d8c6f494: valid; 1.7 s; peak memory 6319 MiB.
2026-10-01T18:07:47Z INFO [320/500] 2303f1a9-eaac-4be9-a063-8b526256f69e: not valid; 1.8 s; peak memory 6319 MiB.
2026-10-01T18:07:49Z INFO [321/500] 2304d957-4967-40cd-93ec-57dbe8c1a649: valid; 1.9 s; peak memory 6319 MiB.
2026-10-01T18:07:52Z INFO [322/500] 2304f736-a322-43e6-a606-1f894765ad37: valid; 2.6 s; peak memory 6319 MiB.
2026-10-01T18:07:54Z INFO [323/500] 2305bc61-2b05-4a49-bd94-103595ee6f21: valid; 1.9 s; peak memory 6319 MiB.
2026-10-01T18:07:55Z INFO [324/500] 2305c477-8718-4410-8f1a-973e18b9c2eb: valid; 1.0 s; peak memory 6319 MiB.
2026-10-01T18:07:57Z INFO [325/500] 2305dd46-d765-41a7-b5a8-403b9bb3a79b: valid; 2.7 s; peak memory 6319 MiB.
2026-10-01T18:07:59Z INFO [326/500] 230648ca-3fc2-417e-bfb5-93bd66ed547d: valid; 2.0 s; peak memory 6319 MiB.
2026-10-01T18:08:01Z INFO [327/500] 23069a93-9a82-4534-a3d3-63e38ba43bd9: valid; 1.5 s; peak memory 6319 MiB.
2026-10-01T18:08:03Z INFO [328/500] 23069f73-09da-479b-b37c-163111964f64: not valid; 2.3 s; peak memory 6319 MiB.
2026-10-01T18:08:04Z INFO [329/500] 2306aae5-844f-4688-a0d9-c102f8a2bbbe: valid; 1.2 s; peak memory 6319 MiB.
2026-10-01T18:08:10Z INFO [330/500] 230753ea-2d9c-45e7-8fbd-5a0cd5544489: valid; 5.5 s; peak memory 6319 MiB.
2026-10-01T18:08:12Z INFO [331/500] 2307574d-fba9-4eb1-9cd6-6aa224c71edc: valid; 2.2 s; peak memory 6319 MiB.
2026-10-01T18:08:14Z INFO [332/500] 2307d37e-bce0-4181-b412-94446ffd0688: valid; 2.1 s; peak memory 6319 MiB.
2026-10-01T18:08:16Z INFO [333/500] 23080da2-9ae1-403e-81e0-c141a3e04eed: valid; 1.9 s; peak memory 6319 MiB.
2026-10-01T18:08:17Z INFO [334/500] 230871d9-8adc-49e0-999c-bb441e04f56b: valid; 1.4 s; peak memory 6319 MiB.
2026-10-01T18:08:24Z INFO [335/500] 2308cd05-2a9e-4735-9d76-69944edaee00: valid; 6.5 s; peak memory 6319 MiB.
2026-10-01T18:08:26Z WARNING 23090311-f8c4-4221-846c-725b709c29b7: failed while opening the NWB file (ConstructError: (root/acquisition/event_code_meanings GroupBuilder {'attributes': {'colnames': array(['value', 'meaning'], dtype=object), 'description': 'Mapping integer event codes to event labels', 'namespace': 'ndx-events', 'neurodata_type': 'MeaningsTable', 'object_id': '95ead7e3-4abc-4540-9f5b-55610e779fab'}, 'groups': {}, 'datasets': {'id': root/acquisition/event_code_meanings/id DatasetBuilder {'attributes': {'namespace': 'hdmf-common', 'neurodata_type': 'ElementIdentifiers', 'object_id': '15defbe1-a5ba-4b60-9eee-854fb5d601a9'}, 'data': <HDF5 dataset "id": shape (26,), type "<i8">}, 'meaning': root/acquisition/event_code_meanings/meaning DatasetBuilder {'attributes': {'description': 'The meaning of the value in the parent CategoricalVectorData object.', 'namespace': 'hdmf-experimental', 'neurodata_type': 'VectorData', 'object_id': '4fb4bd46-8751-4a84-aa24-21238f22788b'}, 'data': <StrDataset for HDF5 dataset "meaning": shape (26,), type "|O">}, 'value': root/acquisition/event_code_meanings/value DatasetBuilder {'attributes': {'description': 'The value of the parent CategoricalVectorData object.', 'namespace': 'hdmf-experimental', 'neurodata_type': 'VectorData', 'object_id': 'c9e66102-5076-4633-8f41-95a7a53a121d'}, 'data': <HDF5 dataset "value": shape (26,), type "<i8">}}, 'links': {}}, "Could not construct MeaningsTable object due to: MeaningsTable.__init__: missing argument 'target'"))
2026-10-01T18:08:27Z INFO [337/500] 23099e53-4a15-4e85-81ee-f8788159a566: valid; 1.3 s; peak memory 6319 MiB.
2026-10-01T18:08:28Z INFO [338/500] 2309ee24-ecb0-4e12-afa1-42ad4503a822: not valid; 1.2 s; peak memory 6319 MiB.
2026-10-01T18:08:31Z INFO [339/500] 230a00f1-e44b-486e-a37d-96b12c8089f2: not valid; 2.6 s; peak memory 6319 MiB.
2026-10-01T18:08:33Z INFO [340/500] 230a25d3-a866-4de2-9aea-a66cd8352f20: valid; 2.0 s; peak memory 6319 MiB.
2026-10-01T18:08:35Z INFO [341/500] 230abade-d259-4894-8497-03c6a7387a16: valid; 2.0 s; peak memory 6319 MiB.
2026-10-01T18:08:38Z INFO [342/500] 230b3e12-3f35-41f0-a516-7910ada9da3e: valid; 2.9 s; peak memory 6319 MiB.
2026-10-01T18:08:40Z INFO [343/500] 230c6434-f61b-423c-af43-2e1eddbafaee: valid; 2.0 s; peak memory 6319 MiB.
2026-10-01T18:08:44Z INFO [344/500] 230c8503-b6fa-4a8b-98d5-4f08298a7a8e: not valid; 3.9 s; peak memory 6319 MiB.
2026-10-01T18:08:45Z INFO [345/500] 230c916f-7fb7-49a1-a760-ab5c0148d4b0: valid; 1.4 s; peak memory 6319 MiB.
2026-10-01T18:08:47Z INFO [346/500] 230cd311-a3b7-460d-9165-6ef3386f7cc0: not valid; 1.8 s; peak memory 6319 MiB.
2026-10-01T18:08:50Z INFO [347/500] 230ce45f-67b0-4358-af6e-98d462b6ae97: valid; 2.9 s; peak memory 6320 MiB.
2026-10-01T18:08:51Z INFO [348/500] 230d79db-54dc-49ce-b20e-c88ae070c933: valid; 1.3 s; peak memory 6321 MiB.
2026-10-01T18:08:59Z INFO [349/500] 230dcc96-eca0-4538-9d71-6909354ce5d7: not valid; 8.0 s; peak memory 6343 MiB.
2026-10-01T18:09:00Z INFO [350/500] 230e4e9d-7929-47b6-b68f-d928b616845f: valid; 1.3 s; peak memory 6344 MiB.
2026-10-01T18:09:01Z INFO [350/500] 230e4e9d-7929-47b6-b68f-d928b616845f: checkpointed 87860 records.
2026-10-01T18:09:03Z INFO [351/500] 230ea642-923d-46a6-b9f8-ebbe50e89400: not valid; 1.6 s; peak memory 6346 MiB.
2026-10-01T18:09:04Z INFO [352/500] 230f11d1-7336-41c6-8a6f-1cd545d534b7: valid; 1.1 s; peak memory 6346 MiB.
2026-10-01T18:09:13Z INFO [353/500] 230f8a41-6afb-4acf-9693-ab6800b45b0e: valid; 9.4 s; peak memory 6347 MiB.
2026-10-01T18:09:15Z INFO [354/500] 230fabbf-a232-4d79-aee4-2b93171c2f03: not valid; 1.9 s; peak memory 6347 MiB.
2026-10-01T18:09:22Z INFO [355/500] 2310125d-3596-445d-af64-583c7c236000: valid; 7.2 s; peak memory 6347 MiB.
2026-10-01T18:09:24Z INFO [356/500] 23109dd8-c9aa-40f4-af88-d84defabf197: valid; 1.8 s; peak memory 6347 MiB.
2026-10-01T18:09:25Z INFO [357/500] 2310f563-b48e-4182-92b5-a495c6ee767f: valid; 1.0 s; peak memory 6347 MiB.
2026-10-01T18:09:26Z INFO [358/500] 23110a90-0d5b-47f4-b2dd-9a18f8c3ce5b: valid; 1.2 s; peak memory 6347 MiB.
2026-10-01T18:09:28Z INFO [359/500] 2311370b-eb6d-41da-ac55-9634c6fb8894: valid; 2.0 s; peak memory 6347 MiB.
2026-10-01T18:09:30Z INFO [360/500] 23119f71-1c61-4701-9922-3a0821412236: valid; 1.5 s; peak memory 6347 MiB.
2026-10-01T18:09:31Z INFO [361/500] 2311d8ad-363e-48a3-9cce-a07d99badcb7: not valid; 1.5 s; peak memory 6347 MiB.
2026-10-01T18:09:33Z INFO [362/500] 23128312-cc38-4b30-97ff-317751b781bb: valid; 1.9 s; peak memory 6360 MiB.
2026-10-01T18:09:36Z INFO [363/500] 2312bd38-c309-42af-8b69-0e95ff227420: not valid; 2.3 s; peak memory 6360 MiB.
2026-10-01T18:09:38Z INFO [364/500] 23134728-0df0-4338-91f1-9c5c63e493da: valid; 2.0 s; peak memory 6362 MiB.
2026-10-01T18:09:39Z INFO [365/500] 23136e5c-5861-410c-a4cf-8f30071f84ba: valid; 1.2 s; peak memory 6363 MiB.
2026-10-01T18:09:40Z INFO [366/500] 2313ac7c-800c-473f-ba10-e466faa1861c: valid; 1.5 s; peak memory 6364 MiB.
2026-10-01T18:09:45Z INFO [367/500] 2313fa0f-75e5-415a-87d1-9f4a5492b159: valid; 5.1 s; peak memory 6368 MiB.
2026-10-01T18:09:47Z INFO [368/500] 231402bc-9f2e-4c9c-a8b3-607de0786c6f: valid; 1.3 s; peak memory 6369 MiB.
2026-10-01T18:09:48Z INFO [369/500] 23140e7c-8d24-4e26-963c-d9fece72b9f6: valid; 1.4 s; peak memory 6370 MiB.
2026-10-01T18:10:01Z INFO [370/500] 23147a80-58b6-4960-bab8-cf4daaa2f5c9: valid; 13.1 s; peak memory 6385 MiB.
2026-10-01T18:10:04Z INFO [371/500] 2314b183-dfa8-4b0b-85fe-9fcf1b3c6e43: valid; 3.2 s; peak memory 6386 MiB.
2026-10-01T18:10:07Z INFO [372/500] 23156109-95d5-4f24-b716-0e67d450ff38: valid; 2.2 s; peak memory 6386 MiB.
2026-10-01T18:10:14Z INFO [373/500] 2315b671-08b0-448b-a5aa-36578ef42c9b: valid; 7.1 s; peak memory 6386 MiB.
2026-10-01T18:10:15Z INFO [374/500] 231605dc-cc63-45e6-9647-71968bde5e8f: valid; 1.5 s; peak memory 6386 MiB.
2026-10-01T18:10:16Z INFO [375/500] 231645be-af10-4b7d-912e-6fd692caec44: not valid; 1.1 s; peak memory 6386 MiB.
2026-10-01T18:10:18Z INFO [376/500] 2316ccf4-8d1c-487b-8a74-29d6115d1fe1: valid; 1.3 s; peak memory 6386 MiB.
2026-10-01T18:10:19Z INFO [377/500] 2316e3ee-d1d4-466d-9fb9-993f134d658b: not valid; 1.9 s; peak memory 6386 MiB.
2026-10-01T18:10:22Z INFO [378/500] 2317110e-a731-4738-91fa-25598022f8c2: valid; 2.2 s; peak memory 6386 MiB.
2026-10-01T18:10:23Z INFO [379/500] 23178ac0-2442-4933-8db9-f1620969a2c3: valid; 1.9 s; peak memory 6386 MiB.
2026-10-01T18:10:25Z INFO [380/500] 23179412-e99d-4591-a7a0-3db6a8ca1a2a: valid; 1.7 s; peak memory 6386 MiB.
2026-10-01T18:10:27Z INFO [381/500] 2317a15a-9ca2-41c0-8932-314115010f98: not valid; 1.4 s; peak memory 6387 MiB.
2026-10-01T18:10:29Z INFO [382/500] 23194ec5-cca2-4251-81f3-db053e67d8b9: valid; 2.4 s; peak memory 6387 MiB.
2026-10-01T18:10:33Z INFO [383/500] 23199143-1be8-4d5e-9741-43594495bf02: valid; 4.4 s; peak memory 6390 MiB.
2026-10-01T18:10:35Z INFO [384/500] 231a48b9-2c77-4cb1-8982-07373a99bfad: valid; 1.8 s; peak memory 6390 MiB.
2026-10-01T18:10:37Z INFO [385/500] 231a74e4-80ed-48f5-a2bb-adf440ea6839: valid; 2.1 s; peak memory 6391 MiB.
2026-10-01T18:10:52Z INFO [386/500] 231af817-e732-40ec-842b-d872848c56b5: valid; 14.8 s; peak memory 6415 MiB.
2026-10-01T18:10:54Z INFO [387/500] 231b7d2e-02f2-4b6e-bfce-294214c6a0b1: valid; 2.1 s; peak memory 6430 MiB.
2026-10-01T18:10:56Z INFO [388/500] 231c2c53-7d8d-4df8-9495-2fbef4530ec5: not valid; 1.5 s; peak memory 6430 MiB.
2026-10-01T18:10:57Z INFO [389/500] 231d4662-52aa-417b-b564-bb2cf64dfe48: not valid; 1.5 s; peak memory 6430 MiB.
2026-10-01T18:10:58Z INFO [390/500] 231e8148-e434-42c7-9365-1f1ac0f26a92: valid; 1.1 s; peak memory 6431 MiB.
2026-10-01T18:11:01Z INFO [391/500] 231ed342-39af-456f-98b8-27dc86a3712f: valid; 2.7 s; peak memory 6433 MiB.
2026-10-01T18:11:14Z INFO [392/500] 231fd060-f63d-449e-9088-7cb7d7f329bd: not valid; 12.6 s; peak memory 6513 MiB.
2026-10-01T18:11:16Z INFO [393/500] 2320642e-5d2a-40ec-a0d0-b89999c7c8c1: valid; 2.1 s; peak memory 6513 MiB.
2026-10-01T18:14:02Z INFO [394/500] 23207573-3039-40bb-a398-0b8fce1acb61: valid; 166.3 s; peak memory 6898 MiB.
2026-10-01T18:14:11Z INFO [395/500] 23215879-db3c-4ea9-8991-14e68a572562: valid; 8.6 s; peak memory 7061 MiB.
2026-10-01T18:14:12Z INFO [396/500] 23216090-9ae7-4f0c-bdee-5ac52e79bc0b: valid; 1.1 s; peak memory 7061 MiB.
2026-10-01T18:14:13Z INFO [397/500] 232185cc-313a-4edf-b3f6-11b2e804740b: valid; 1.4 s; peak memory 7061 MiB.
2026-10-01T18:14:24Z INFO [398/500] 23219884-1bc8-48dd-ab5f-03d210607f0a: valid; 10.7 s; peak memory 7061 MiB.
2026-10-01T18:14:25Z INFO [399/500] 23221cc2-717e-40f1-925a-e03aea91bb98: valid; 1.1 s; peak memory 7061 MiB.
2026-10-01T18:14:28Z INFO [400/500] 2323f468-3fb3-4c47-9c8b-335eb231b3ae: not valid; 3.2 s; peak memory 7061 MiB.
2026-10-01T18:14:29Z INFO [400/500] 2323f468-3fb3-4c47-9c8b-335eb231b3ae: checkpointed 87910 records.
2026-10-01T18:14:34Z INFO [401/500] 23240d2f-4300-494a-a648-ec7486630530: valid; 5.1 s; peak memory 7061 MiB.
2026-10-01T18:14:46Z INFO [402/500] 2324503c-e3cc-4f21-8bde-c4fef5c142a8: valid; 12.3 s; peak memory 7061 MiB.
2026-10-01T18:14:47Z INFO [403/500] 2324774a-48f0-449f-bb7f-d8ab440e3351: valid; 1.2 s; peak memory 7061 MiB.
2026-10-01T18:14:47Z WARNING 232478bd-6f01-481d-b20e-72be7a31ad39: failed while retrieving asset information from the DANDI API (NotFoundError: No such Dandiset: 001889)
2026-10-01T18:14:49Z INFO [405/500] 23249618-5881-4c8c-9eef-aa5fd7ecb53c: valid; 1.1 s; peak memory 7061 MiB.
2026-10-01T18:14:50Z INFO [406/500] 2324d5f3-e42b-4794-8b15-21f17cc92ef0: valid; 1.0 s; peak memory 7061 MiB.
2026-10-01T18:15:03Z INFO [407/500] 23250105-cc94-449f-aa28-e71f7137919c: valid; 13.5 s; peak memory 7061 MiB.
2026-10-01T18:15:06Z INFO [408/500] 2325c06a-28ed-400e-bdda-085a23828dd5: valid; 2.8 s; peak memory 7061 MiB.
2026-10-01T18:15:07Z INFO [409/500] 23272c8c-5a59-470c-9e13-f08dc1d546d1: valid; 1.2 s; peak memory 7061 MiB.
2026-10-01T18:15:08Z INFO [410/500] 23274c45-1fc0-460d-9095-0366da08f45f: not valid; 1.3 s; peak memory 7061 MiB.
2026-10-01T18:15:10Z INFO [411/500] 23285b9a-8a5f-41ba-bc10-a7ff54f057fe: not valid; 1.3 s; peak memory 7061 MiB.
2026-10-01T18:15:11Z INFO [412/500] 23289e8c-5589-4234-9f44-6e447006f1bd: valid; 1.7 s; peak memory 7061 MiB.
2026-10-01T18:15:13Z INFO [413/500] 23292a06-9a22-468c-aef2-d1188cf90ee3: not valid; 1.7 s; peak memory 7061 MiB.
2026-10-01T18:15:15Z INFO [414/500] 2329a60f-f4e3-4554-bb56-d20e5613afbd: valid; 1.9 s; peak memory 7061 MiB.
2026-10-01T18:15:16Z INFO [415/500] 232ac883-c0d7-4873-a735-3e29d88165d3: valid; 1.4 s; peak memory 7061 MiB.
2026-10-01T18:15:18Z INFO [416/500] 232b77cb-6f27-44b7-81fd-84581dac3a6d: not valid; 1.6 s; peak memory 7061 MiB.
2026-10-01T18:15:19Z INFO [417/500] 232c83a0-a1ba-4e04-9982-a408e46028ce: valid; 1.4 s; peak memory 7061 MiB.
2026-10-01T18:15:26Z INFO [418/500] 232c982c-fa06-49ac-815d-2d16f838503c: valid; 7.0 s; peak memory 7061 MiB.
2026-10-01T18:15:28Z INFO [419/500] 232cf2ea-4760-4c3e-9f3a-6638f0bb8202: not valid; 2.0 s; peak memory 7061 MiB.
2026-10-01T18:15:32Z INFO [420/500] 232d0f9f-727e-4bc3-a55a-c6ddfcd102b1: valid; 3.8 s; peak memory 7061 MiB.
2026-10-01T18:15:33Z INFO [421/500] 232df63d-9872-4037-a85f-7ce0d9962c5d: valid; 1.2 s; peak memory 7061 MiB.
2026-10-01T18:15:34Z WARNING 232e26ae-2cfa-4fbd-a4b5-6b488c24273c: failed while retrieving asset information from the DANDI API (NotFoundError: No such Dandiset: 001533)
2026-10-01T18:15:35Z INFO [423/500] 232e301b-6a2e-432f-931d-83b58e1276df: not valid; 1.4 s; peak memory 7061 MiB.
2026-10-01T18:15:37Z INFO [424/500] 232e35b6-d74a-404b-a56b-5b8593523429: not valid; 1.9 s; peak memory 7061 MiB.
2026-10-01T18:15:40Z INFO [425/500] 232fcbf9-86e8-4ed6-ab52-8a9f51475e2c: valid; 2.7 s; peak memory 7061 MiB.
2026-10-01T18:15:41Z INFO [426/500] 232fe064-56c1-4b78-b8e1-b1235dd341a4: not valid; 1.1 s; peak memory 7061 MiB.
2026-10-01T18:15:44Z INFO [427/500] 23304704-69ab-4df6-a71f-928a1ea2b0ef: valid; 3.2 s; peak memory 7061 MiB.
2026-10-01T18:15:45Z INFO [428/500] 23305db4-ad6b-42a7-a019-8d2389c456bd: valid; 1.4 s; peak memory 7061 MiB.
2026-10-01T18:15:48Z INFO [429/500] 23306e53-9271-4dee-8f9c-811eea31d28c: valid; 2.3 s; peak memory 7061 MiB.
2026-10-01T18:15:49Z INFO [430/500] 23309735-4c8c-472e-9d48-bb338a46642b: not valid; 1.5 s; peak memory 7061 MiB.
2026-10-01T18:15:51Z INFO [431/500] 2330a601-d009-42b9-bba0-b6a702480596: valid; 2.4 s; peak memory 7061 MiB.
2026-10-01T18:15:53Z INFO [432/500] 233193de-14be-4d96-bbc4-00a8a01edbe7: valid; 1.9 s; peak memory 7061 MiB.
2026-10-01T18:15:55Z INFO [433/500] 2331e423-14ff-4b00-bb19-665824523a15: not valid; 1.3 s; peak memory 7061 MiB.
2026-10-01T18:15:57Z WARNING 2332dded-196b-4e93-ba08-2bbcb185f426: failed while opening the NWB file (ConstructError: (root/acquisition/_iblmic_audioSpectrogram/bands GroupBuilder {'attributes': {'colnames': array(['freq'], dtype=object), 'description': 'spectogram frequencies', 'namespace': 'core', 'neurodata_type': 'FrequencyBandsTable', 'object_id': 'a6307276-7f22-43f3-b245-b614c3eb79d0'}, 'groups': {}, 'datasets': {'freq': root/acquisition/_iblmic_audioSpectrogram/bands/freq DatasetBuilder {'attributes': {'description': 'frequency value', 'namespace': 'hdmf-common', 'neurodata_type': 'VectorData', 'object_id': 'e8700487-e733-4a60-ae44-23511392d627'}, 'data': <HDF5 dataset "freq": shape (257,), type "<f4">}, 'id': root/acquisition/_iblmic_audioSpectrogram/bands/id DatasetBuilder {'attributes': {'namespace': 'hdmf-common', 'neurodata_type': 'ElementIdentifiers', 'object_id': '6d6d8b62-02f3-4d97-a97d-f2eba112ec5d'}, 'data': <HDF5 dataset "id": shape (257,), type "<i4">}}, 'links': {}}, "Could not construct FrequencyBandsTable object due to: column must have the same number of rows as 'id'"))
2026-10-01T18:16:04Z INFO [435/500] 2332e381-f8d3-47fb-abed-3331d6d94b50: valid; 7.3 s; peak memory 7061 MiB.
2026-10-01T18:16:10Z INFO [436/500] 2332e549-536e-474d-884c-f5ad590335e4: valid; 6.0 s; peak memory 7061 MiB.
2026-10-01T18:16:11Z INFO [437/500] 2332f223-fb38-4b01-b880-6781a139a072: valid; 0.9 s; peak memory 7061 MiB.
2026-10-01T18:16:13Z INFO [438/500] 2333354d-b5e7-42a7-a9b5-637e9e668d77: valid; 2.4 s; peak memory 7061 MiB.
2026-10-01T18:16:34Z INFO [439/500] 23335295-69bd-4e7b-9b3f-4bd6a1fe6be6: not valid; 20.4 s; peak memory 7061 MiB.
2026-10-01T18:16:35Z INFO [440/500] 23340068-09c6-4b89-a794-87b1466d2bb0: valid; 1.8 s; peak memory 7061 MiB.
2026-10-01T18:16:47Z INFO [441/500] 2334983b-fbe8-4c40-934d-a47c8a31097e: valid; 12.1 s; peak memory 7061 MiB.
2026-10-01T18:17:01Z INFO [442/500] 233517e5-2199-4414-a775-302aa68cca16: valid; 13.9 s; peak memory 7061 MiB.
2026-10-01T18:17:03Z INFO [443/500] 23357f78-dab1-4642-bc1b-a5e4bf902d1f: valid; 2.0 s; peak memory 7061 MiB.
2026-10-01T18:17:05Z INFO [444/500] 23359d91-85ba-4bb3-9b65-9109223dca86: valid; 1.3 s; peak memory 7061 MiB.
2026-10-01T18:17:06Z INFO [445/500] 2335d6dc-7e5f-4071-8c74-854bc8eba258: valid; 1.4 s; peak memory 7061 MiB.
2026-10-01T18:17:08Z INFO [446/500] 233642a5-b522-4332-a76e-b842a25c9f1d: valid; 2.2 s; peak memory 7061 MiB.
2026-10-01T18:17:10Z INFO [447/500] 233653ac-58a8-4f11-9aa1-7d08bbb104df: valid; 1.7 s; peak memory 7061 MiB.
2026-10-01T18:17:12Z INFO [448/500] 23367ca6-5165-4f8f-91c0-c66f36c71691: valid; 1.8 s; peak memory 7061 MiB.
2026-10-01T18:17:22Z INFO [449/500] 23368180-d18a-478f-8915-df729fe989b8: valid; 10.0 s; peak memory 7061 MiB.
2026-10-01T18:17:23Z INFO [450/500] 2337fc2c-4721-4ca0-8552-cc4ab6c51c42: not valid; 1.5 s; peak memory 7061 MiB.
2026-10-01T18:17:24Z INFO [450/500] 2337fc2c-4721-4ca0-8552-cc4ab6c51c42: checkpointed 87960 records.
2026-10-01T18:17:27Z INFO [451/500] 23381042-32e3-43c0-a7a9-5f2bd13035d5: valid; 3.6 s; peak memory 7061 MiB.
2026-10-01T18:17:30Z INFO [452/500] 233842d0-d9ed-482c-857e-bbd0e9d383f4: valid; 2.2 s; peak memory 7061 MiB.
2026-10-01T18:17:32Z INFO [453/500] 2338f7ed-def2-46a5-bac1-cc02bf899c20: not valid; 2.0 s; peak memory 7061 MiB.
2026-10-01T18:17:34Z INFO [454/500] 23393911-4370-4084-9f9a-d565f8d7a33f: valid; 2.0 s; peak memory 7061 MiB.
2026-10-01T18:17:36Z INFO [455/500] 233959a0-bdf2-42ee-a79d-b4679a731cd8: valid; 2.4 s; peak memory 7061 MiB.
2026-10-01T18:17:37Z INFO [456/500] 23399f1b-a9ee-4b86-a43a-2f966ca45775: valid; 1.3 s; peak memory 7061 MiB.
2026-10-01T18:17:39Z INFO [457/500] 233a28fe-4e9a-4d3b-9ab0-51d6500199b6: valid; 1.5 s; peak memory 7061 MiB.
2026-10-01T18:17:39Z WARNING 233b0923-40f6-429c-aba7-7bd506dd942d: failed while retrieving asset information from the DANDI API (NotFoundError: No such Dandiset: 000477)
2026-10-01T18:17:40Z INFO [459/500] 233c1210-3bff-4881-8f4c-8977d52bea23: not valid; 1.5 s; peak memory 7061 MiB.
2026-10-01T18:17:45Z INFO [460/500] 233c4d05-b5e7-41f9-873e-209aba96966c: valid; 4.8 s; peak memory 7061 MiB.
2026-10-01T18:17:47Z INFO [461/500] 233c6199-5440-44be-9727-1ed09fcd6085: not valid; 1.9 s; peak memory 7061 MiB.
2026-10-01T18:17:50Z INFO [462/500] 233cc1f0-02b5-4e55-88f0-2a6ce5a897e4: valid; 2.6 s; peak memory 7061 MiB.
2026-10-01T18:17:52Z INFO [463/500] 233cd170-3b75-4b26-a700-903683c74a3a: valid; 2.1 s; peak memory 7061 MiB.
2026-10-01T18:17:53Z INFO [464/500] 233cf459-a509-4acd-8f53-89cecab1d0ca: valid; 1.3 s; peak memory 7061 MiB.
2026-10-01T18:17:56Z INFO [465/500] 233d056e-bf6a-42e3-adec-30af31042af2: valid; 2.5 s; peak memory 7061 MiB.
2026-10-01T18:17:57Z INFO [466/500] 233e3bac-dcbf-4c5d-8c1e-d4b698de286f: valid; 1.3 s; peak memory 7061 MiB.
2026-10-01T18:17:59Z INFO [467/500] 233e4396-0d3c-451c-894c-67d0fc2e01d8: valid; 1.7 s; peak memory 7061 MiB.
2026-10-01T18:17:59Z WARNING 233e6c73-59bf-4d9d-99fa-be3e9fd06e72: failed while retrieving asset information from the DANDI API (NotFoundError: No asset at path 'sub-669489/sub-669489_ses-behavior-669489-2023-06-28-13-10-12.nwb' in version 0.260928.2230. Verify the path is correct and the asset exists in this version. Use 'dandi ls' to list available assets.)
2026-10-01T18:18:01Z INFO [469/500] 233e83d7-6e2a-49cc-9a4f-dc9231a04ba6: valid; 2.3 s; peak memory 7061 MiB.
2026-10-01T18:18:03Z INFO [470/500] 233ec606-cce6-4971-9e2c-1342609e8148: not valid; 1.6 s; peak memory 7061 MiB.
2026-10-01T18:18:04Z INFO [471/500] 233fdfef-2c62-46f4-8ffe-45f4dcb56b63: valid; 1.4 s; peak memory 7061 MiB.
2026-10-01T18:18:05Z INFO [472/500] 234008dc-951b-44f4-8cd6-673d52afc689: valid; 1.4 s; peak memory 7061 MiB.
2026-10-01T18:18:07Z INFO [473/500] 23401e39-a51d-4d04-9c28-4cc599236d41: valid; 1.7 s; peak memory 7061 MiB.
2026-10-01T18:18:10Z INFO [474/500] 23407771-633c-42d0-8c71-996b67ca5190: valid; 3.3 s; peak memory 7061 MiB.
2026-10-01T18:18:31Z INFO [475/500] 23407e99-4b35-48b1-b6c0-91490a6ffdfa: valid; 20.3 s; peak memory 7061 MiB.
2026-10-01T18:18:32Z INFO [476/500] 23409a1b-6565-4ce7-9850-933e8a628b23: valid; 1.4 s; peak memory 7061 MiB.
2026-10-01T18:18:41Z INFO [477/500] 2340a694-588f-4ec2-83a4-f79ff0d0799b: valid; 8.4 s; peak memory 7061 MiB.
2026-10-01T18:18:42Z INFO [478/500] 2340bae2-2d60-4706-929e-242167694af0: valid; 1.1 s; peak memory 7061 MiB.
2026-10-01T18:18:43Z INFO [479/500] 23413c18-5474-4616-a380-eba889092b7f: not valid; 1.5 s; peak memory 7061 MiB.
2026-10-01T18:18:46Z INFO [480/500] 23414e39-b7b0-4ab3-bcd0-e02afac44d61: valid; 2.7 s; peak memory 7061 MiB.
2026-10-01T18:18:48Z INFO [481/500] 2341ac7c-effb-4c87-a42c-0c56a0fe2118: valid; 2.1 s; peak memory 7061 MiB.
2026-10-01T18:18:49Z INFO [482/500] 234288c3-a4d8-4369-9e58-8a6d8d26a303: valid; 1.5 s; peak memory 7061 MiB.
2026-10-01T18:18:51Z INFO [483/500] 2342aa70-28a1-421a-9a22-051195df0dcf: valid; 1.8 s; peak memory 7061 MiB.
2026-10-01T18:18:54Z INFO [484/500] 23439a94-1b37-4cd1-83c1-aa6996652f9f: valid; 2.9 s; peak memory 7061 MiB.
2026-10-01T18:18:56Z INFO [485/500] 2343f89b-ae24-47ef-bb83-a96212f90bbb: valid; 1.4 s; peak memory 7061 MiB.
2026-10-01T18:18:57Z INFO [486/500] 234403a1-5a1c-4ae2-8339-f51d75401d51: valid; 1.6 s; peak memory 7061 MiB.
2026-10-01T18:19:01Z INFO [487/500] 2344224d-50bd-4b95-95f4-ba642fce9932: valid; 3.7 s; peak memory 7061 MiB.
2026-10-01T18:19:03Z INFO [488/500] 23442c39-ad5a-4623-bde2-7fb35eaead98: valid; 1.7 s; peak memory 7061 MiB.
2026-10-01T18:19:05Z INFO [489/500] 2344bc3f-2554-4023-b429-dc8d182e19cf: valid; 2.1 s; peak memory 7061 MiB.
2026-10-01T18:19:07Z INFO [490/500] 2344c06f-764d-49ac-8c4a-ce5b45079ff6: not valid; 1.9 s; peak memory 7061 MiB.
2026-10-01T18:19:09Z INFO [491/500] 234571f4-e926-47ef-b3bc-8b712ad47c32: valid; 2.8 s; peak memory 7061 MiB.
2026-10-01T18:19:11Z INFO [492/500] 2345989b-3a61-4778-a0ee-6cdca78414a5: valid; 1.6 s; peak memory 7061 MiB.
2026-10-01T18:19:13Z INFO [493/500] 23459f25-670e-4206-838f-56e686054032: valid; 2.0 s; peak memory 7061 MiB.
2026-10-01T18:19:22Z INFO [494/500] 23465920-a4d4-48a3-944b-96e107da6a45: valid; 9.4 s; peak memory 7061 MiB.
2026-10-01T18:19:24Z INFO [495/500] 2346ed5e-256d-4b19-8a16-6785f4cba2ea: valid; 1.4 s; peak memory 7061 MiB.
2026-10-01T18:19:26Z INFO [496/500] 2347af00-db9a-4522-b3da-4719cbc4673e: not valid; 2.1 s; peak memory 7061 MiB.
2026-10-01T18:19:28Z INFO [497/500] 23481694-4c1f-4dc2-b718-485e9cda3f57: valid; 2.0 s; peak memory 7061 MiB.
2026-10-01T18:19:32Z INFO [498/500] 2348281c-408b-4fce-acfd-bd31619b1a0e: valid; 3.8 s; peak memory 7061 MiB.
2026-10-01T18:19:34Z INFO [499/500] 2348611e-bbc7-46c1-91c7-0db792cd1b2f: not valid; 2.1 s; peak memory 7061 MiB.
2026-10-01T18:19:35Z INFO [500/500] 2348a1ff-43a2-45f7-856c-44f44433e9ca: not valid; 1.6 s; peak memory 7061 MiB.
2026-10-01T18:19:36Z INFO [500/500] 2348a1ff-43a2-45f7-856c-44f44433e9ca: checkpointed 88010 records.
2026-10-01T18:19:37Z INFO Wrote 88010 records to /tmp/derivatives/content_id_to_valid_nwb_file.jsonl (483 new, 17 failed) in 36.6 min (peak memory 7061 MiB).
