2026-09-24T10:39:01Z INFO Logging to /tmp/logs/update_2026-09-24T10-39-01Z.log.
2026-09-24T10:39:01Z INFO Update content-id-to-valid-nwb-file (base directory /tmp).
2026-09-24T10:39:04Z INFO Processing 500 items (77010 already recorded).
2026-09-24T10:39:07Z INFO [1/500] 004dcca0-34c8-4b04-8229-bb49b3d00a29: valid; 2.8 s; peak memory 337 MiB.
2026-09-24T10:39:10Z INFO [2/500] 00cec8b0-5164-4a3a-a02c-946d70edfb6b: valid; 2.8 s; peak memory 343 MiB.
2026-09-24T10:39:12Z INFO [3/500] 018d6083-942f-4322-948a-5416034d58b0: valid; 2.7 s; peak memory 348 MiB.
2026-09-24T10:39:15Z INFO [4/500] 019f7ec4-5618-4756-8fd4-f19708b07477: valid; 2.8 s; peak memory 352 MiB.
2026-09-24T10:39:18Z INFO [5/500] 02a91933-a207-4f1f-828e-1884d7d1ca6d: valid; 2.9 s; peak memory 357 MiB.
2026-09-24T10:39:20Z INFO [6/500] 02c7245a-55cc-4225-9a80-1763a746f953: valid; 2.3 s; peak memory 361 MiB.
2026-09-24T10:39:23Z INFO [7/500] 0347b886-5145-4ff5-b921-7ddb454bbd7a: valid; 2.7 s; peak memory 366 MiB.
2026-09-24T10:39:25Z INFO [8/500] 045e19bf-4aef-45d1-81ec-7f9ad0d28c62: valid; 2.4 s; peak memory 369 MiB.
2026-09-24T10:39:28Z INFO [9/500] 05676ec9-7f1c-4840-8939-05161b45a42c: valid; 2.3 s; peak memory 373 MiB.
2026-09-24T10:39:30Z INFO [10/500] 062eaefe-3055-4a5d-9558-32662cbc1f93: valid; 2.5 s; peak memory 378 MiB.
2026-09-24T10:39:54Z INFO [11/500] 06a5808d-5e32-4eb4-be2e-67c9d09659d8: valid; 23.6 s; peak memory 444 MiB.
2026-09-24T10:39:57Z INFO [12/500] 072c019d-53f2-4cc1-b181-ec9218dcf84d: valid; 2.8 s; peak memory 444 MiB.
2026-09-24T10:39:59Z INFO [13/500] 0874236c-84ca-4a13-8c5a-00aea7f2dbbf: valid; 2.0 s; peak memory 444 MiB.
2026-09-24T10:40:01Z INFO [14/500] 08d66869-7fa3-4e85-93dc-143a69068a57: valid; 2.1 s; peak memory 444 MiB.
2026-09-24T10:40:03Z INFO [15/500] 091525e3-b436-4d91-b3ef-0bd761356383: valid; 2.4 s; peak memory 444 MiB.
2026-09-24T10:40:06Z INFO [16/500] 09d932df-3e9d-4b8f-af27-95b57bea2495: valid; 2.8 s; peak memory 444 MiB.
2026-09-24T10:40:09Z INFO [17/500] 0a61a66c-eafa-45eb-9f9d-5eca1dcf6e91: valid; 2.6 s; peak memory 444 MiB.
2026-09-24T10:40:11Z INFO [18/500] 0a73ada3-fef1-4414-9aa5-41e6ec146645: valid; 2.6 s; peak memory 444 MiB.
2026-09-24T10:40:14Z INFO [19/500] 0bbe4ddd-6289-4caa-8ad9-70bfc9f9bdc3: valid; 2.6 s; peak memory 444 MiB.
2026-09-24T10:40:16Z INFO [20/500] 0bc50623-3a3d-4aac-a63b-09643095843c: valid; 2.5 s; peak memory 444 MiB.
2026-09-24T10:40:19Z INFO [21/500] 0c2f9cb4-2971-450c-b5fe-6d105c2d387d: valid; 2.6 s; peak memory 444 MiB.
2026-09-24T10:40:22Z INFO [22/500] 0c55c2b0-4277-47ea-94c1-3598a129cbd5: valid; 3.1 s; peak memory 444 MiB.
2026-09-24T10:40:25Z INFO [23/500] 0ca67967-0dd6-4297-8206-bf3d0619b47e: valid; 2.7 s; peak memory 444 MiB.
2026-09-24T10:40:27Z INFO [24/500] 0cc674f1-2ea7-483f-b709-f849f624b9c2: valid; 2.2 s; peak memory 444 MiB.
2026-09-24T10:40:29Z INFO [25/500] 0ccdca3f-8e47-4108-b9e6-e63ab7b44eb6: valid; 2.2 s; peak memory 444 MiB.
2026-09-24T10:40:32Z INFO [26/500] 0d72160e-3cf8-46e9-bd53-ee54e128f1ce: valid; 3.0 s; peak memory 444 MiB.
2026-09-24T10:40:35Z INFO [27/500] 0d935ecf-80f5-44fe-be6d-298b7f163f29: valid; 2.6 s; peak memory 444 MiB.
2026-09-24T10:40:38Z INFO [28/500] 0eea9aad-258e-4bb3-ad83-b2246152fedb: valid; 3.1 s; peak memory 444 MiB.
2026-09-24T10:40:41Z INFO [29/500] 10c95fdd-42e2-45ae-87e6-8ab23f9a593b: valid; 2.8 s; peak memory 448 MiB.
2026-09-24T10:40:43Z INFO [30/500] 11419b3b-99a0-4f1d-911b-b1bd47ebcf20: valid; 2.3 s; peak memory 453 MiB.
2026-09-24T10:40:57Z INFO [31/500] 114cd714-9748-4a47-b13e-e71864c38adf: valid; 13.9 s; peak memory 537 MiB.
2026-09-24T10:41:00Z INFO [32/500] 11b2f505-6fad-4e40-93c5-b3b2941688cd: valid; 2.7 s; peak memory 537 MiB.
2026-09-24T10:41:02Z INFO [33/500] 11b943d7-94a2-44e6-a8e6-9eb21309cc63: valid; 2.1 s; peak memory 537 MiB.
2026-09-24T10:41:04Z INFO [34/500] 126b6a50-5c5d-4a01-b179-52a68e81b586: valid; 2.5 s; peak memory 537 MiB.
2026-09-24T10:41:06Z INFO [35/500] 128d6b9b-567e-49f3-be1d-d1ed9ed828ef: valid; 2.3 s; peak memory 537 MiB.
2026-09-24T10:41:10Z INFO [36/500] 128e00f6-0769-4277-aaa4-ab9cf443110d: valid; 3.2 s; peak memory 537 MiB.
2026-09-24T10:41:11Z INFO [37/500] 128e39e8-906e-4a02-8ce6-800b99e93f0b: not valid; 1.9 s; peak memory 537 MiB.
2026-09-24T10:41:13Z INFO [38/500] 128ea5ea-c803-472e-bed3-89aea1cc5545: not valid; 2.0 s; peak memory 537 MiB.
2026-09-24T10:41:15Z INFO [39/500] 128eba19-f93e-4f73-b306-093b4dea676d: valid; 1.3 s; peak memory 537 MiB.
2026-09-24T10:41:17Z WARNING 128ee4c1-469f-44f7-b600-b3417ab9e1c7: failed while opening the NWB file (ConstructError: (root/acquisition/event_code_meanings GroupBuilder {'attributes': {'colnames': array(['value', 'meaning'], dtype=object), 'description': 'Mapping integer event codes to event labels', 'namespace': 'ndx-events', 'neurodata_type': 'MeaningsTable', 'object_id': 'cea1ee4a-6782-4500-b91a-4e1e474fcecd'}, 'groups': {}, 'datasets': {'id': root/acquisition/event_code_meanings/id DatasetBuilder {'attributes': {'namespace': 'hdmf-common', 'neurodata_type': 'ElementIdentifiers', 'object_id': '1a6c9e0e-e626-4d09-b206-b7c61fb702a3'}, 'data': <HDF5 dataset "id": shape (26,), type "<i8">}, 'meaning': root/acquisition/event_code_meanings/meaning DatasetBuilder {'attributes': {'description': 'The meaning of the value in the parent CategoricalVectorData object.', 'namespace': 'hdmf-experimental', 'neurodata_type': 'VectorData', 'object_id': '33179dbd-356f-4154-9c25-e91ffebb6e21'}, 'data': <StrDataset for HDF5 dataset "meaning": shape (26,), type "|O">}, 'value': root/acquisition/event_code_meanings/value DatasetBuilder {'attributes': {'description': 'The value of the parent CategoricalVectorData object.', 'namespace': 'hdmf-experimental', 'neurodata_type': 'VectorData', 'object_id': '5091ff96-c54e-48c0-a553-4c81c8323df0'}, 'data': <HDF5 dataset "value": shape (26,), type "<i8">}}, 'links': {}}, "Could not construct MeaningsTable object due to: MeaningsTable.__init__: missing argument 'target'"))
2026-09-24T10:41:23Z INFO [41/500] 128ff30a-eb44-4a3f-9439-656049b3e169: not valid; 6.1 s; peak memory 560 MiB.
2026-09-24T10:41:25Z INFO [42/500] 12909031-7943-4995-8baa-adc895a56af4: not valid; 1.9 s; peak memory 567 MiB.
2026-09-24T10:41:25Z WARNING 1290b287-db3e-43be-8459-5b0a5734a527: failed while retrieving asset information from the DANDI API (NotFoundError: No asset at path 'sub-EPCNHP1/sub-EPCNHP1_ses-2019-07-22-001_ecephys.nwb' in version 0.240701.1903. Verify the path is correct and the asset exists in this version. Use 'dandi ls' to list available assets.)
2026-09-24T10:41:28Z INFO [44/500] 1290de9e-ff25-4534-8ad2-64908f9dcc4a: valid; 2.5 s; peak memory 573 MiB.
2026-09-24T10:41:30Z INFO [45/500] 1291e0c0-22db-439a-b033-e3c77f02527f: valid; 1.9 s; peak memory 577 MiB.
2026-09-24T10:41:32Z INFO [46/500] 1292574a-6ba9-4800-b6fb-e241db3f6833: valid; 2.5 s; peak memory 579 MiB.
2026-09-24T10:41:32Z WARNING 12927806-5520-4cea-adf4-a3b1e9e63868: failed while retrieving asset information from the DANDI API (NotFoundError: No asset at path 'sub-LG615/sub-LG615_ses-20250916_obj-1yrwf2t_ophys.nwb' in version 0.260915.2135. Verify the path is correct and the asset exists in this version. Use 'dandi ls' to list available assets.)
2026-09-24T10:41:35Z INFO [48/500] 1292d6c6-7ddc-442e-8dde-7b3d5235a3de: valid; 2.5 s; peak memory 579 MiB.
2026-09-24T10:41:37Z INFO [49/500] 1292d6f5-5233-4410-86b0-e264efd93419: valid; 2.5 s; peak memory 579 MiB.
2026-09-24T10:41:40Z INFO [50/500] 1292e86b-d3f9-4339-8db1-2d4f32991cb5: valid; 2.6 s; peak memory 579 MiB.
2026-09-24T10:41:41Z INFO [50/500] 1292e86b-d3f9-4339-8db1-2d4f32991cb5: checkpointed 77060 records.
2026-09-24T10:41:45Z INFO [51/500] 12937b49-7e20-4f1d-825c-e1a4c4845eea: valid; 4.2 s; peak memory 590 MiB.
2026-09-24T10:41:47Z INFO [52/500] 1293ec9a-763d-4bcc-bacf-7c9d9302d2e8: not valid; 2.0 s; peak memory 592 MiB.
2026-09-24T10:41:49Z INFO [53/500] 129420b8-cc3c-4ee7-bebb-6263b92f417e: valid; 2.6 s; peak memory 599 MiB.
2026-09-24T10:41:52Z INFO [54/500] 1294d09a-25be-4dc7-b1c6-f7de92a05c70: valid; 2.3 s; peak memory 599 MiB.
2026-09-24T10:41:54Z INFO [55/500] 1294d69e-e19d-47b8-80a6-ce816f2df700: valid; 2.2 s; peak memory 599 MiB.
2026-09-24T10:41:55Z INFO [56/500] 12974b9b-d644-4d93-a062-d93f83527331: valid; 1.1 s; peak memory 599 MiB.
2026-09-24T10:41:56Z INFO [57/500] 129763d1-9fc7-4a67-86ea-ab736d01feaa: valid; 1.6 s; peak memory 599 MiB.
2026-09-24T10:41:59Z INFO [58/500] 1297a02a-a0d5-4ff8-bf08-3c798583008d: not valid; 2.2 s; peak memory 599 MiB.
2026-09-24T10:42:01Z INFO [59/500] 129862a4-b096-4c25-aa1f-2ab79ef5ea0b: valid; 2.5 s; peak memory 599 MiB.
2026-09-24T10:43:26Z INFO [60/500] 12993b3c-8ee6-4f05-a7c9-78bfe1c156b5: valid; 85.3 s; peak memory 986 MiB.
2026-09-24T10:43:30Z INFO [61/500] 12995456-f6c0-455d-891c-37b9ebcf5cfe: valid; 3.8 s; peak memory 986 MiB.
2026-09-24T10:43:33Z INFO [62/500] 12997001-0b2b-48c0-9385-3b1363974296: valid; 2.3 s; peak memory 986 MiB.
2026-09-24T10:43:34Z INFO [63/500] 12998c30-8061-474d-8795-91c8761f9eed: valid; 1.8 s; peak memory 987 MiB.
2026-09-24T10:43:45Z INFO [64/500] 1299e442-2bf9-44e8-96ea-5859793b42a6: valid; 10.3 s; peak memory 1035 MiB.
2026-09-24T10:43:47Z INFO [65/500] 129a6037-8f9c-4b9e-8059-69234e3f03ca: valid; 2.9 s; peak memory 1059 MiB.
2026-09-24T10:43:51Z INFO [66/500] 129aad8c-9462-4cec-8135-e2942ac22fc4: valid; 3.5 s; peak memory 1063 MiB.
2026-09-24T10:43:53Z INFO [67/500] 129aff73-56eb-4c5e-aa22-f529c53971de: valid; 1.8 s; peak memory 1063 MiB.
2026-09-24T10:44:09Z INFO [68/500] 129b8412-65bf-4dfc-a570-f6ffa3210950: not valid; 16.4 s; peak memory 1074 MiB.
2026-09-24T10:44:25Z INFO [69/500] 129bb052-13cd-42f5-bf90-9b36bcf03d3c: valid; 16.1 s; peak memory 1074 MiB.
2026-09-24T10:44:28Z INFO [70/500] 129bdaf9-15c6-47f9-ac91-d062cb3271c4: valid; 3.1 s; peak memory 1074 MiB.
2026-09-24T10:44:32Z INFO [71/500] 129c0f12-95b4-4f59-aa7c-a09a69454b4f: valid; 3.1 s; peak memory 1074 MiB.
2026-09-24T10:44:34Z INFO [72/500] 129c8b2a-c7d2-4d75-a1e6-d0778cce4737: valid; 2.2 s; peak memory 1074 MiB.
2026-09-24T10:44:54Z INFO [73/500] 129cb6b3-4257-49a8-8545-c568c75d6ec2: valid; 20.4 s; peak memory 1074 MiB.
2026-09-24T10:44:56Z INFO [74/500] 129ccdd9-7656-4bd7-9804-1466256bf597: valid; 1.6 s; peak memory 1074 MiB.
2026-09-24T10:44:59Z WARNING 129cfa20-a06e-41e9-b34f-68adc3c61b23: failed while opening the NWB file (ConstructError: (root/general/optogenetics/PatternedOptogeneticStimulusSite GroupBuilder {'attributes': {'effector': 'GUR-3/PRDX-2', 'namespace': 'ndx-patterned-ogen', 'neurodata_type': 'PatternedOptogeneticStimulusSite', 'object_id': 'a711755b-7a5d-4035-9789-de6a29899ec2'}, 'groups': {}, 'datasets': {'description': root/general/optogenetics/PatternedOptogeneticStimulusSite/description DatasetBuilder {'attributes': {}, 'data': 'Scanning'}, 'excitation_lambda': root/general/optogenetics/PatternedOptogeneticStimulusSite/excitation_lambda DatasetBuilder {'attributes': {}, 'data': np.float64(850.0)}, 'location': root/general/optogenetics/PatternedOptogeneticStimulusSite/location DatasetBuilder {'attributes': {}, 'data': 'whole brain'}}, 'links': {'device': root/general/optogenetics/PatternedOptogeneticStimulusSite/device LinkBuilder {'builder': root/general/devices/OptogeneticDevice GroupBuilder {'attributes': {'description': '', 'namespace': 'core', 'neurodata_type': 'Device', 'object_id': '1ac514fa-01b6-46a9-bff8-42c3e48ab8d5'}, 'groups': {}, 'datasets': {}, 'links': {}}}, 'light_source': root/general/optogenetics/PatternedOptogeneticStimulusSite/light_source LinkBuilder {'builder': root/general/devices/AmplifiedLaser GroupBuilder {'attributes': {'description': 'For two-photon optogenetic targeting, we used an optical parametric amplifier (OPA; Light Conversion ORPHEUS) pumped by a femtosecond amplified laser (Light Conversion PHAROS).', 'filter_description': 'Short pass at 1040 nm', 'manufacturer': 'Light Conversion', 'model': 'ORPHEUS amplifier and PHAROS laser', 'namespace': 'ndx-patterned-ogen', 'neurodata_type': 'LightSource', 'object_id': '508f38da-679f-4609-8a1b-2b980d09edec', 'peak_power_in_W': np.float64(0.0012), 'pulse_rate_in_Hz': np.float64(500000.0), 'stimulation_wavelength_in_nm': np.float64(850.0)}, 'groups': {}, 'datasets': {}, 'links': {}}}}}, "Could not construct PatternedOptogeneticStimulusSite object due to: CustomClassGenerator.set_init.<locals>.__init__: incorrect type for 'spatial_light_modulator' (got 'list', expected 'Device')"))
2026-09-24T10:45:00Z INFO [76/500] 129d4d0d-25b7-464b-9502-00a13e39051f: valid; 1.2 s; peak memory 1074 MiB.
2026-09-24T10:45:02Z INFO [77/500] 129d5af9-1425-4b1b-a877-6f1d34126a71: not valid; 1.9 s; peak memory 1074 MiB.
2026-09-24T10:45:19Z INFO [78/500] 129d6ec8-a060-474e-9d8c-a46048964c3d: valid; 17.3 s; peak memory 1074 MiB.
2026-09-24T10:45:23Z INFO [79/500] 129de5a2-ac65-4444-abf2-c6ea3e88485a: valid; 4.0 s; peak memory 1074 MiB.
2026-09-24T10:45:25Z INFO [80/500] 129e8555-fd09-4fd5-8e72-c4fc25e3def7: valid; 1.5 s; peak memory 1074 MiB.
2026-09-24T10:45:33Z INFO [81/500] 129ee20a-9d75-4606-bfa2-96a9f4c9c6ff: valid; 8.0 s; peak memory 1074 MiB.
2026-09-24T10:45:35Z INFO [82/500] 129ee71d-ad3d-435c-8bf2-69a73844dea2: valid; 2.4 s; peak memory 1074 MiB.
2026-09-24T10:45:37Z INFO [83/500] 129f48de-e32f-48ff-8edd-5e2787fe64cf: valid; 1.9 s; peak memory 1074 MiB.
2026-09-24T10:45:39Z INFO [84/500] 129f98b1-8839-4be5-84e3-281e7b8635fa: valid; 1.6 s; peak memory 1074 MiB.
2026-09-24T10:45:41Z INFO [85/500] 129fff6a-eb37-495d-b0c6-b5ec86005b58: valid; 2.4 s; peak memory 1074 MiB.
2026-09-24T10:45:44Z INFO [86/500] 12a0186b-397e-405f-9b80-62d99da2a44b: valid; 2.8 s; peak memory 1074 MiB.
2026-09-24T10:45:46Z INFO [87/500] 12a0ce2c-7f46-4fa5-949b-2bb66e2021ff: not valid; 2.2 s; peak memory 1074 MiB.
2026-09-24T10:45:47Z INFO [88/500] 12a132be-1857-4ce2-8cc0-e62b9f6e2b81: valid; 1.4 s; peak memory 1076 MiB.
2026-09-24T10:45:50Z INFO [89/500] 12a16410-dec2-4ff2-8797-3237eb565a87: valid; 2.8 s; peak memory 1077 MiB.
2026-09-24T10:45:53Z INFO [90/500] 12a1dadf-6c40-47e7-b944-64f33fa6537d: valid; 3.4 s; peak memory 1077 MiB.
2026-09-24T10:45:55Z INFO [91/500] 12a1e954-8c19-4855-8ba4-001f172ea090: not valid; 2.0 s; peak memory 1077 MiB.
2026-09-24T10:45:58Z INFO [92/500] 12a2425f-d826-461a-8f9c-a418e254e542: not valid; 2.2 s; peak memory 1077 MiB.
2026-09-24T10:46:06Z INFO [93/500] 12a36cde-665f-4088-9acd-23efeeba5f8f: valid; 8.9 s; peak memory 1077 MiB.
2026-09-24T10:46:09Z INFO [94/500] 12a37b82-00c2-4c8d-89cd-dfd3733dd37e: not valid; 2.7 s; peak memory 1077 MiB.
2026-09-24T10:46:11Z INFO [95/500] 12a3a014-9fa5-48e0-b8ec-56a184e8442d: not valid; 1.9 s; peak memory 1077 MiB.
2026-09-24T10:46:14Z INFO [96/500] 12a4e53a-a249-4319-9c32-dca8010104a3: valid; 2.5 s; peak memory 1077 MiB.
2026-09-24T10:46:16Z INFO [97/500] 12a59932-8949-4623-9420-22721d97941e: valid; 2.4 s; peak memory 1077 MiB.
2026-09-24T10:46:18Z INFO [98/500] 12a64174-df72-4036-858e-088c4c0e1e0e: valid; 2.3 s; peak memory 1077 MiB.
2026-09-24T10:46:22Z INFO [99/500] 12a691e5-e1d4-40c7-bc6b-3c29e774953c: valid; 3.5 s; peak memory 1078 MiB.
2026-09-24T10:46:23Z INFO [100/500] 12a6a5f8-e86e-4368-ab4a-26a20300db8c: not valid; 1.6 s; peak memory 1078 MiB.
2026-09-24T10:46:24Z INFO [100/500] 12a6a5f8-e86e-4368-ab4a-26a20300db8c: checkpointed 77110 records.
2026-09-24T10:46:26Z INFO [101/500] 12a835da-5ec6-4377-a6a7-2471f762a577: not valid; 2.0 s; peak memory 1078 MiB.
2026-09-24T10:46:27Z INFO [102/500] 12a8b32c-126b-41a9-b342-1a6378f70fc3: valid; 1.5 s; peak memory 1078 MiB.
2026-09-24T10:46:30Z INFO [103/500] 12a95f1b-efef-42d5-83ef-167dc60da472: not valid; 2.3 s; peak memory 1078 MiB.
2026-09-24T10:46:32Z WARNING 12a9c26f-3962-4b58-8f4d-5ee9d3292694: failed while opening the NWB file (ConstructError: (root/acquisition/_iblmic_audioSpectrogram/bands GroupBuilder {'attributes': {'colnames': array(['freq'], dtype=object), 'description': 'spectogram frequencies', 'namespace': 'core', 'neurodata_type': 'FrequencyBandsTable', 'object_id': 'bce4a7fe-54a0-4816-85f3-01ec6ef1d30a'}, 'groups': {}, 'datasets': {'freq': root/acquisition/_iblmic_audioSpectrogram/bands/freq DatasetBuilder {'attributes': {'description': 'frequency value', 'namespace': 'hdmf-common', 'neurodata_type': 'VectorData', 'object_id': '5203cd75-a11a-4cf3-966e-8040cad1b985'}, 'data': <HDF5 dataset "freq": shape (257,), type "<f4">}, 'id': root/acquisition/_iblmic_audioSpectrogram/bands/id DatasetBuilder {'attributes': {'namespace': 'hdmf-common', 'neurodata_type': 'ElementIdentifiers', 'object_id': 'c5a27a97-a508-4610-b787-ce6321a94939'}, 'data': <HDF5 dataset "id": shape (257,), type "<i4">}}, 'links': {}}, "Could not construct FrequencyBandsTable object due to: column must have the same number of rows as 'id'"))
2026-09-24T10:46:33Z INFO [105/500] 12a9f896-c3b6-447a-8ff4-f49094a4d789: not valid; 1.6 s; peak memory 1078 MiB.
2026-09-24T10:46:36Z INFO [106/500] 12aa0956-d97b-4891-8db6-77efca1f318a: valid; 2.6 s; peak memory 1078 MiB.
2026-09-24T10:46:49Z INFO [107/500] 12abc2fe-e3df-443c-9e08-a4e3039fabdb: valid; 13.2 s; peak memory 1078 MiB.
2026-09-24T10:46:51Z INFO [108/500] 12ac7108-6393-4184-aeb4-d7765865d001: valid; 1.5 s; peak memory 1078 MiB.
2026-09-24T10:46:53Z INFO [109/500] 12ac8d8f-440d-4d58-ad76-13eb73c9cf39: not valid; 2.1 s; peak memory 1078 MiB.
2026-09-24T10:46:55Z INFO [110/500] 12acf638-e12c-4aef-97b7-4ff3d550157e: valid; 2.5 s; peak memory 1078 MiB.
2026-09-24T10:47:00Z INFO [111/500] 12ae183a-a36c-4136-936a-d327f5dc28d1: not valid; 4.8 s; peak memory 1081 MiB.
2026-09-24T10:47:11Z INFO [112/500] 12ae8857-7225-4a8e-b8f7-e86e02e2739c: valid; 11.3 s; peak memory 1081 MiB.
2026-09-24T10:47:13Z INFO [113/500] 12aed46e-2823-49ae-80e2-7e4adf81d936: valid; 1.5 s; peak memory 1081 MiB.
2026-09-24T10:47:16Z INFO [114/500] 12af8d74-7815-4d42-a3e5-b40e6eb83a59: valid; 3.1 s; peak memory 1081 MiB.
2026-09-24T10:47:20Z INFO [115/500] 12afca9c-4bac-4ec4-a569-0615691b39b9: valid; 4.0 s; peak memory 1081 MiB.
2026-09-24T10:47:22Z INFO [116/500] 12afd8a2-5cd5-455d-8432-ae680df28e7b: not valid; 2.0 s; peak memory 1081 MiB.
2026-09-24T10:47:25Z INFO [117/500] 12afe951-e765-429d-82f9-66c297b51aa7: valid; 3.0 s; peak memory 1081 MiB.
2026-09-24T10:47:27Z INFO [118/500] 12b00315-e14e-4857-8887-e9c0510ac721: valid; 2.2 s; peak memory 1081 MiB.
2026-09-24T10:47:30Z INFO [119/500] 12b00d97-6abd-42a6-a7e9-d7f7fd56aaaa: valid; 2.3 s; peak memory 1081 MiB.
2026-09-24T10:47:32Z INFO [120/500] 12b04bdb-c339-438b-9c2d-94afa2c7f8da: valid; 2.9 s; peak memory 1081 MiB.
2026-09-24T10:47:35Z INFO [121/500] 12b19540-2df1-4a10-a131-90db4f3a03d4: valid; 2.2 s; peak memory 1081 MiB.
2026-09-24T10:47:45Z INFO [122/500] 12b1bd7e-51f3-4486-9bd1-90880fbbf384: not valid; 9.9 s; peak memory 1081 MiB.
2026-09-24T10:47:47Z INFO [123/500] 12b1d616-4d7c-4709-9b89-f9fa6f1f266a: valid; 2.8 s; peak memory 1081 MiB.
2026-09-24T10:47:58Z INFO [124/500] 12b1dc16-4a01-4404-a412-21dfaaebc717: valid; 10.7 s; peak memory 1081 MiB.
2026-09-24T10:48:01Z INFO [125/500] 12b258f5-df3a-4550-a93a-574ddb125bb6: valid; 2.8 s; peak memory 1083 MiB.
2026-09-24T10:48:05Z INFO [126/500] 12b2b179-a422-494e-801f-448634a7d27d: not valid; 4.2 s; peak memory 1083 MiB.
2026-09-24T10:48:07Z INFO [127/500] 12b2c07b-bb7e-414e-9e7d-ac1660a7eac9: not valid; 2.3 s; peak memory 1083 MiB.
2026-09-24T10:48:09Z INFO [128/500] 12b2de3b-865c-49f9-a1fd-9c89bfc090fa: valid; 1.6 s; peak memory 1083 MiB.
2026-09-24T10:48:11Z INFO [129/500] 12b2de93-2245-4c7f-8762-e26b61074fe0: not valid; 1.7 s; peak memory 1083 MiB.
2026-09-24T10:48:16Z INFO [130/500] 12b36384-ec7c-4dee-9ad6-d31c191f2731: valid; 5.7 s; peak memory 1083 MiB.
2026-09-24T10:48:18Z INFO [131/500] 12b39ba0-f321-4a6b-8697-f83b30faeef2: not valid; 2.0 s; peak memory 1083 MiB.
2026-09-24T10:48:21Z INFO [132/500] 12b43d4b-166a-476a-91ac-24631be55d54: valid; 2.3 s; peak memory 1084 MiB.
2026-09-24T10:48:24Z INFO [133/500] 12b45946-5a82-40d1-9cdb-af789b7ff6fc: valid; 2.9 s; peak memory 1084 MiB.
2026-09-24T10:48:27Z INFO [134/500] 12b47ea2-3ff2-4068-a5ca-cb48868de0a6: valid; 3.0 s; peak memory 1084 MiB.
2026-09-24T10:48:28Z INFO [135/500] 12b48acc-3eb6-4aa3-8a5c-b9f6c1dcc20d: valid; 1.5 s; peak memory 1084 MiB.
2026-09-24T10:48:30Z INFO [136/500] 12b4aa27-b1ec-4a1e-bb26-9c21a335cbda: valid; 2.1 s; peak memory 1084 MiB.
2026-09-24T10:48:46Z INFO [137/500] 12b4daf8-657c-4466-9a27-e20edffae922: valid; 15.7 s; peak memory 1085 MiB.
2026-09-24T10:48:47Z INFO [138/500] 12b5bd8a-9a3a-4eba-8d6b-65c79476e861: valid; 1.4 s; peak memory 1085 MiB.
2026-09-24T10:48:50Z INFO [139/500] 12b60cf6-afd0-4ea2-82b2-9befae694db5: valid; 2.2 s; peak memory 1085 MiB.
2026-09-24T10:48:51Z INFO [140/500] 12b6a300-b8f0-4e76-bb4e-5b601b2bf9ba: not valid; 1.5 s; peak memory 1085 MiB.
2026-09-24T10:48:53Z INFO [141/500] 12b72d29-2282-4f55-b553-de70538e1746: not valid; 2.0 s; peak memory 1085 MiB.
2026-09-24T10:48:55Z INFO [142/500] 12b739ba-ec94-4742-9225-4024e7272153: not valid; 1.7 s; peak memory 1085 MiB.
2026-09-24T10:48:56Z INFO [143/500] 12b7b6a8-bf6f-4214-a963-36ee0a0ffbff: valid; 1.1 s; peak memory 1085 MiB.
2026-09-24T10:48:57Z INFO [144/500] 12b7c6be-ba8f-46b0-99ca-0278da077aa7: valid; 1.5 s; peak memory 1085 MiB.
2026-09-24T10:48:59Z INFO [145/500] 12b8092f-8a71-4bf3-bd81-1bbc726f4d4b: valid; 1.4 s; peak memory 1085 MiB.
2026-09-24T10:49:00Z INFO [146/500] 12b83b2b-8fb5-446d-942c-ff6d03971c2a: not valid; 1.5 s; peak memory 1085 MiB.
2026-09-24T10:49:02Z INFO [147/500] 12b8fde7-1ea7-4d12-b6bb-32a68dfa4875: not valid; 1.3 s; peak memory 1085 MiB.
2026-09-24T10:49:03Z INFO [148/500] 12b9f0f8-af7a-4c88-91a6-b78b62d24f79: not valid; 1.6 s; peak memory 1085 MiB.
2026-09-24T10:49:05Z INFO [149/500] 12ba4236-55f4-4ce0-96cc-7be806c6a16c: not valid; 2.1 s; peak memory 1085 MiB.
2026-09-24T10:49:09Z INFO [150/500] 12bad95f-d3b9-4e55-b38e-955557a2e049: not valid; 4.0 s; peak memory 1088 MiB.
2026-09-24T10:49:10Z INFO [150/500] 12bad95f-d3b9-4e55-b38e-955557a2e049: checkpointed 77160 records.
2026-09-24T10:49:24Z INFO [151/500] 12bb0a4f-ff89-41f8-92e9-f8e6f4e94f5d: valid; 14.3 s; peak memory 1110 MiB.
2026-09-24T10:49:27Z INFO [152/500] 12bb3bb1-2177-4b62-9da4-4479abbfc1ee: not valid; 2.8 s; peak memory 1113 MiB.
2026-09-24T10:49:31Z INFO [153/500] 12bb923a-e61c-49fc-bab0-db98d93b93e3: not valid; 3.7 s; peak memory 1113 MiB.
2026-09-24T10:49:32Z INFO [154/500] 12bba5f5-88d4-495b-ba8a-57377aeb3248: valid; 1.4 s; peak memory 1113 MiB.
2026-09-24T10:49:38Z INFO [155/500] 12bccc67-89ec-4d88-916c-38ac727c52b5: not valid; 6.0 s; peak memory 1113 MiB.
2026-09-24T10:49:40Z INFO [156/500] 12bcd538-749b-4072-9939-36a662dfa9b1: valid; 2.4 s; peak memory 1113 MiB.
2026-09-24T10:50:06Z INFO [157/500] 12bd530e-25f3-4b90-9a05-b5265c9bcfea: valid; 25.4 s; peak memory 1386 MiB.
2026-09-24T10:50:07Z INFO [158/500] 12bd64f3-79a9-49a4-b3b4-35d3e28e6186: valid; 1.5 s; peak memory 1387 MiB.
2026-09-24T10:50:36Z INFO [159/500] 12bdb5b8-70a0-4261-87d1-e087ac489c87: valid; 28.9 s; peak memory 1781 MiB.
2026-09-24T10:50:39Z INFO [160/500] 12bdc79f-153c-48ea-b652-12c6bade2cd0: valid; 2.7 s; peak memory 1781 MiB.
2026-09-24T10:50:42Z INFO [161/500] 12bdee17-a9ac-4d4a-afca-14ee65427348: valid; 2.8 s; peak memory 1781 MiB.
2026-09-24T10:50:43Z INFO [162/500] 12bdf99a-29e1-4f9a-8b7e-c76adfef42a5: valid; 1.4 s; peak memory 1781 MiB.
2026-09-24T10:50:45Z INFO [163/500] 12be4017-fe3a-4ff7-9a36-03fb09c76774: valid; 1.5 s; peak memory 1781 MiB.
2026-09-24T10:50:46Z INFO [164/500] 12be616e-1b83-4388-8283-736bbaff00b1: valid; 1.7 s; peak memory 1781 MiB.
2026-09-24T10:50:59Z INFO [165/500] 12bf7739-7e21-40ba-8df1-03cf2a90ffc0: valid; 13.1 s; peak memory 1781 MiB.
2026-09-24T10:51:01Z INFO [166/500] 12c1875d-23c5-4f55-90d4-bd3dbb3357e3: valid; 1.5 s; peak memory 1781 MiB.
2026-09-24T10:51:05Z INFO [167/500] 12c1a2e7-ae3a-45f1-988b-e20dcf712ba9: valid; 3.9 s; peak memory 1781 MiB.
2026-09-24T10:51:06Z INFO [168/500] 12c1ef84-b79c-4f26-bd43-a4120dcd50c9: valid; 1.5 s; peak memory 1781 MiB.
2026-09-24T10:51:23Z INFO [169/500] 12c40f96-a38a-4e72-94d7-73ff9c9b3af3: not valid; 17.0 s; peak memory 1793 MiB.
2026-09-24T10:51:27Z INFO [170/500] 12c48191-926e-4e83-a70c-ba319c3e0ed1: valid; 3.5 s; peak memory 1793 MiB.
2026-09-24T10:51:28Z INFO [171/500] 12c4932f-32d9-4f87-b9b3-ee8f59828554: valid; 1.5 s; peak memory 1793 MiB.
2026-09-24T10:51:30Z INFO [172/500] 12c516b2-8fe3-4f31-8973-dd0032645137: valid; 1.6 s; peak memory 1793 MiB.
2026-09-24T10:51:31Z INFO [173/500] 12c51c00-e7e2-4748-972e-221b17d24816: not valid; 1.4 s; peak memory 1793 MiB.
2026-09-24T10:51:34Z INFO [174/500] 12c551f8-d824-433c-97c8-5fb86cef2584: valid; 3.0 s; peak memory 1793 MiB.
2026-09-24T10:51:37Z INFO [175/500] 12c57e7b-9832-4f5a-b45a-f399ec28b1e4: valid; 2.2 s; peak memory 1793 MiB.
2026-09-24T10:51:39Z INFO [176/500] 12c5e3da-c0a9-4288-b1ea-0d36af4f0171: valid; 2.0 s; peak memory 1795 MiB.
2026-09-24T10:51:40Z INFO [177/500] 12c6d455-18d3-41d9-b16b-c4bebaba874d: valid; 1.8 s; peak memory 1795 MiB.
2026-09-24T10:51:43Z INFO [178/500] 12c6d862-080c-420a-af1f-66aad06293fc: valid; 2.2 s; peak memory 1795 MiB.
2026-09-24T10:51:44Z INFO [179/500] 12c70ee6-f562-4093-9ba8-63cfd1859179: valid; 1.4 s; peak memory 1795 MiB.
2026-09-24T10:51:59Z INFO [180/500] 12c7506c-e48c-4ca9-a14c-360368f7a052: not valid; 15.1 s; peak memory 1795 MiB.
2026-09-24T10:52:01Z INFO [181/500] 12c806dd-bbe0-4733-acd9-0cdd3719df2f: valid; 2.3 s; peak memory 1795 MiB.
2026-09-24T10:52:03Z INFO [182/500] 12c87de7-bc37-4e50-bd5d-1013835678fa: valid; 1.2 s; peak memory 1795 MiB.
2026-09-24T10:52:05Z INFO [183/500] 12c92aa1-f07a-49c0-8b2f-151a5bbc2bc2: valid; 2.4 s; peak memory 1795 MiB.
2026-09-24T10:52:08Z INFO [184/500] 12c99230-73c2-40a8-ba72-c517e77b8eb0: valid; 2.6 s; peak memory 1795 MiB.
2026-09-24T10:52:10Z INFO [185/500] 12c9b46b-09bb-42e9-b101-d3e4050100de: valid; 2.1 s; peak memory 1795 MiB.
2026-09-24T10:52:11Z INFO [186/500] 12c9d898-79ba-40e9-8287-f1eae4e5aec7: valid; 1.6 s; peak memory 1795 MiB.
2026-09-24T10:52:31Z INFO [187/500] 12ca12c6-1b15-442c-98c2-24cbfff86327: valid; 19.3 s; peak memory 1929 MiB.
2026-09-24T10:52:32Z INFO [188/500] 12ca4d58-9d65-4c2c-980f-4cd12f00cbd9: not valid; 1.7 s; peak memory 1929 MiB.
2026-09-24T10:52:34Z INFO [189/500] 12ca7689-5383-44a5-a876-23d6b06993fa: valid; 1.7 s; peak memory 1929 MiB.
2026-09-24T10:52:36Z INFO [190/500] 12ca9145-1f4e-4031-872a-13a911468979: valid; 1.5 s; peak memory 1929 MiB.
2026-09-24T10:52:37Z INFO [191/500] 12cb1c42-8ea5-4baf-94fd-9f595aa13ef3: valid; 1.5 s; peak memory 1929 MiB.
2026-09-24T10:52:39Z INFO [192/500] 12cb9e19-e134-470f-84cf-77133c5791e9: not valid; 1.7 s; peak memory 1929 MiB.
2026-09-24T10:52:41Z INFO [193/500] 12cbb7d0-819c-45f1-b474-bf1b64fcdb2c: valid; 2.1 s; peak memory 1929 MiB.
2026-09-24T10:52:45Z INFO [194/500] 12cbc261-75ed-48e3-b35f-d96477a7561b: valid; 4.6 s; peak memory 1929 MiB.
2026-09-24T10:52:48Z INFO [195/500] 12cbc77f-40c0-481d-ab97-0e94b00341bf: valid; 2.2 s; peak memory 1929 MiB.
2026-09-24T10:52:49Z INFO [196/500] 12cc990c-02cc-41e0-96b9-f7dab58a8fa5: valid; 1.4 s; peak memory 1929 MiB.
2026-09-24T10:52:51Z INFO [197/500] 12cca1fc-d55c-4de3-9713-782342706c2f: valid; 2.2 s; peak memory 1929 MiB.
2026-09-24T10:52:53Z INFO [198/500] 12cd34d8-48cd-4675-9140-4586cf7a2aa1: not valid; 1.9 s; peak memory 1929 MiB.
2026-09-24T10:52:57Z INFO [199/500] 12cdd38a-d738-4201-920f-5f939087b2c4: valid; 3.6 s; peak memory 1929 MiB.
2026-09-24T10:53:00Z INFO [200/500] 12ce0264-2ee1-4104-a9dd-ac0f148ba059: valid; 3.4 s; peak memory 1929 MiB.
2026-09-24T10:53:01Z INFO [200/500] 12ce0264-2ee1-4104-a9dd-ac0f148ba059: checkpointed 77210 records.
2026-09-24T10:53:03Z INFO [201/500] 12ceb313-e880-4cad-bc23-548eb32e9d0c: valid; 2.0 s; peak memory 1929 MiB.
2026-09-24T10:53:05Z INFO [202/500] 12cf3e0b-8c11-4b63-8140-69b2ac5e6066: valid; 2.3 s; peak memory 1929 MiB.
2026-09-24T10:53:10Z INFO [203/500] 12cf8f78-39ef-4e12-8a1e-5e1b9d3c145e: not valid; 5.3 s; peak memory 1929 MiB.
2026-09-24T10:53:12Z INFO [204/500] 12d08221-ab16-4066-80d7-81fb2dc43d8e: not valid; 1.9 s; peak memory 1929 MiB.
2026-09-24T10:53:19Z INFO [205/500] 12d08f77-07ed-4b9e-936c-b5c31a4ff21f: valid; 6.9 s; peak memory 1929 MiB.
2026-09-24T10:53:22Z INFO [206/500] 12d0cb6f-1cc2-4358-be69-439b9817c0a1: valid; 3.1 s; peak memory 1929 MiB.
2026-09-24T10:53:26Z INFO [207/500] 12d0e467-8eae-483f-b4aa-13e59646c177: valid; 4.2 s; peak memory 1929 MiB.
2026-09-24T10:53:28Z INFO [208/500] 12d2cac3-ae00-432e-959c-e7fc04e718c7: valid; 1.4 s; peak memory 1929 MiB.
2026-09-24T10:53:40Z INFO [209/500] 12d30258-a0d3-40b6-8259-3c1459b4f467: valid; 11.9 s; peak memory 1929 MiB.
2026-09-24T10:53:42Z WARNING 12d37025-0332-4d40-b5e6-603c6c3954b4: failed while opening the NWB file (ConstructError: (root/acquisition/_iblmic_audioSpectrogram/bands GroupBuilder {'attributes': {'colnames': array(['freq'], dtype=object), 'description': 'spectogram frequencies', 'namespace': 'core', 'neurodata_type': 'FrequencyBandsTable', 'object_id': 'ef65dca1-b60d-4dbc-ada2-1ea38eff28ec'}, 'groups': {}, 'datasets': {'freq': root/acquisition/_iblmic_audioSpectrogram/bands/freq DatasetBuilder {'attributes': {'description': 'frequency value', 'namespace': 'hdmf-common', 'neurodata_type': 'VectorData', 'object_id': '05660e12-ad86-444b-b61a-47dd379191d2'}, 'data': <HDF5 dataset "freq": shape (257,), type "<f4">}, 'id': root/acquisition/_iblmic_audioSpectrogram/bands/id DatasetBuilder {'attributes': {'namespace': 'hdmf-common', 'neurodata_type': 'ElementIdentifiers', 'object_id': 'b4d9ed78-faec-40ce-a9b0-ae901eec42b2'}, 'data': <HDF5 dataset "id": shape (257,), type "<i4">}}, 'links': {}}, "Could not construct FrequencyBandsTable object due to: column must have the same number of rows as 'id'"))
2026-09-24T10:53:50Z INFO [211/500] 12d3ca17-e4d7-446f-8f98-d65bbdcb4e8f: valid; 8.4 s; peak memory 1929 MiB.
2026-09-24T10:53:54Z INFO [212/500] 12d3e591-ed27-4b78-8dc9-3b5bcfa74372: valid; 3.4 s; peak memory 1929 MiB.
2026-09-24T10:53:55Z INFO [213/500] 12d448de-6681-408f-bd43-313f96e2b628: not valid; 1.8 s; peak memory 1929 MiB.
2026-09-24T10:53:58Z INFO [214/500] 12d4beb6-4236-4174-95b8-853c5e0d3d2f: valid; 2.3 s; peak memory 1929 MiB.
2026-09-24T10:53:59Z INFO [215/500] 12d4cba8-1f84-4a51-82af-175542cf541e: valid; 1.4 s; peak memory 1929 MiB.
2026-09-24T10:54:00Z INFO [216/500] 12d5aff7-6fcd-404d-bb63-e8d9b54ec532: valid; 1.4 s; peak memory 1929 MiB.
2026-09-24T10:54:02Z INFO [217/500] 12d5d0a7-b3e9-4294-9bd4-02c968f54230: valid; 1.5 s; peak memory 1929 MiB.
2026-09-24T10:54:03Z INFO [218/500] 12d60adb-02ee-44ee-8368-f5837b929562: valid; 1.5 s; peak memory 1929 MiB.
2026-09-24T10:54:06Z INFO [219/500] 12d70337-6f51-43ea-ae38-833870e3a870: not valid; 2.5 s; peak memory 1929 MiB.
2026-09-24T10:54:08Z INFO [220/500] 12d71af1-93e5-4ef5-9e14-209474f90787: not valid; 1.6 s; peak memory 1929 MiB.
2026-09-24T10:54:10Z INFO [221/500] 12d745e9-729e-484f-91fe-e538647025f6: not valid; 2.0 s; peak memory 1929 MiB.
2026-09-24T10:54:11Z INFO [222/500] 12d7d4b4-32d6-4044-99a2-da1c04dd13e8: valid; 1.6 s; peak memory 1929 MiB.
2026-09-24T10:54:13Z INFO [223/500] 12d82f30-a07f-4206-a0ce-fffcd3046a4d: valid; 1.6 s; peak memory 1929 MiB.
2026-09-24T10:54:14Z INFO [224/500] 12d8d8f4-3f99-4df6-8f4c-ccd4436ad486: valid; 1.7 s; peak memory 1929 MiB.
2026-09-24T10:54:17Z INFO [225/500] 12d8f75c-7ac6-43f1-8fbd-4570c66692e4: valid; 2.8 s; peak memory 1929 MiB.
2026-09-24T10:54:19Z INFO [226/500] 12d95e48-b757-4137-afbe-9578c60814d5: valid; 1.6 s; peak memory 1929 MiB.
2026-09-24T10:54:20Z INFO [227/500] 12d970ae-a1d9-41f0-8965-5923a94b87b5: valid; 1.6 s; peak memory 1929 MiB.
2026-09-24T10:54:21Z WARNING 12d989f8-7ce7-4e8f-9a76-6c1b3642804a: failed while retrieving asset information from the DANDI API (NotFoundError: No asset at path 'sub-456772/sub-456772_ses-20191120T130334_behavior+ecephys+ogen.nwb' in version 0.231012.2129. Verify the path is correct and the asset exists in this version. Use 'dandi ls' to list available assets.)
2026-09-24T10:54:30Z INFO [229/500] 12d990ac-b455-4765-917d-c94928b891e8: valid; 9.3 s; peak memory 1931 MiB.
2026-09-24T10:54:32Z INFO [230/500] 12d9a655-eee7-4889-982d-f4dd2e025f9a: valid; 2.2 s; peak memory 1932 MiB.
2026-09-24T10:54:35Z INFO [231/500] 12d9bf54-3f58-4030-8969-8e7fbbbaec9b: valid; 2.5 s; peak memory 1932 MiB.
2026-09-24T10:54:37Z INFO [232/500] 12dab1ed-d0e5-4175-b58f-b39ab441c8a0: valid; 2.0 s; peak memory 1932 MiB.
2026-09-24T10:54:39Z WARNING 12dad5df-81a5-4908-8fe9-d5b3433aa48c: failed while opening the NWB file (ConstructError: (root/acquisition/_iblmic_audioSpectrogram/bands GroupBuilder {'attributes': {'colnames': array(['freq'], dtype=object), 'description': 'spectogram frequencies', 'namespace': 'core', 'neurodata_type': 'FrequencyBandsTable', 'object_id': 'ff9a6657-bc4b-43c9-992d-aa59961e54af'}, 'groups': {}, 'datasets': {'freq': root/acquisition/_iblmic_audioSpectrogram/bands/freq DatasetBuilder {'attributes': {'description': 'frequency value', 'namespace': 'hdmf-common', 'neurodata_type': 'VectorData', 'object_id': 'a8961af1-c639-44b8-90b4-1adc2102c18e'}, 'data': <HDF5 dataset "freq": shape (257,), type "<f4">}, 'id': root/acquisition/_iblmic_audioSpectrogram/bands/id DatasetBuilder {'attributes': {'namespace': 'hdmf-common', 'neurodata_type': 'ElementIdentifiers', 'object_id': 'f2313198-138d-4113-82ac-7aa78658e3f2'}, 'data': <HDF5 dataset "id": shape (257,), type "<i4">}}, 'links': {}}, "Could not construct FrequencyBandsTable object due to: column must have the same number of rows as 'id'"))
2026-09-24T10:55:00Z INFO [234/500] 12db1ebb-80a8-4aac-bf5e-9f655fdf10f5: valid; 21.3 s; peak memory 1946 MiB.
2026-09-24T10:55:02Z INFO [235/500] 12db715a-91bc-41eb-8da5-923eece2ae99: valid; 1.7 s; peak memory 1947 MiB.
2026-09-24T10:55:04Z INFO [236/500] 12db71e8-56a7-463b-8815-f0b31d29d92d: valid; 1.9 s; peak memory 1949 MiB.
2026-09-24T10:55:07Z INFO [237/500] 12dbd229-ae3e-414e-93e1-10aeb37738b2: valid; 3.2 s; peak memory 1951 MiB.
2026-09-24T10:55:08Z INFO [238/500] 12dbe7db-2fe0-405b-b074-09202c6eb281: valid; 1.4 s; peak memory 1952 MiB.
2026-09-24T10:55:10Z INFO [239/500] 12dccc21-febb-4174-86a0-64779c987e9d: not valid; 1.9 s; peak memory 1953 MiB.
2026-09-24T10:55:12Z INFO [240/500] 12dce45b-dd64-436e-af75-14799938944b: not valid; 1.9 s; peak memory 1953 MiB.
2026-09-24T10:55:14Z INFO [241/500] 12dcf14a-3cc2-409f-be6a-b8744cc9e7b4: valid; 1.4 s; peak memory 1953 MiB.
2026-09-24T10:55:15Z INFO [242/500] 12dcfa8f-4b3b-4cc4-bc1b-6d757be513cc: valid; 1.4 s; peak memory 1953 MiB.
2026-09-24T10:55:17Z INFO [243/500] 12dd9c36-8c30-43fb-81ee-742e55a72cc2: valid; 1.5 s; peak memory 1953 MiB.
2026-09-24T10:55:19Z INFO [244/500] 12ddef33-ddb5-4e0e-aae8-3ed4b36698e7: valid; 2.4 s; peak memory 1954 MiB.
2026-09-24T10:55:21Z INFO [245/500] 12dec722-5554-4e2e-927c-5af6d7744c51: valid; 2.1 s; peak memory 1955 MiB.
2026-09-24T10:55:23Z WARNING 12df708f-5108-4843-b45c-5009b4beb1f6: failed while opening the NWB file (ConstructError: (root/acquisition/_iblmic_audioSpectrogram/bands GroupBuilder {'attributes': {'colnames': array(['freq'], dtype=object), 'description': 'spectogram frequencies', 'namespace': 'core', 'neurodata_type': 'FrequencyBandsTable', 'object_id': '4db6fc71-a0e1-4417-8c76-60473e706d45'}, 'groups': {}, 'datasets': {'freq': root/acquisition/_iblmic_audioSpectrogram/bands/freq DatasetBuilder {'attributes': {'description': 'frequency value', 'namespace': 'hdmf-common', 'neurodata_type': 'VectorData', 'object_id': '7fa25713-6678-4eab-8617-e6207121aaef'}, 'data': <HDF5 dataset "freq": shape (257,), type "<f4">}, 'id': root/acquisition/_iblmic_audioSpectrogram/bands/id DatasetBuilder {'attributes': {'namespace': 'hdmf-common', 'neurodata_type': 'ElementIdentifiers', 'object_id': '9a4ef94b-a1ed-409c-868e-c2465c3781ca'}, 'data': <HDF5 dataset "id": shape (257,), type "<i4">}}, 'links': {}}, "Could not construct FrequencyBandsTable object due to: column must have the same number of rows as 'id'"))
2026-09-24T10:55:31Z INFO [247/500] 12df81a3-e54a-41a8-98c8-208511598ef8: valid; 7.7 s; peak memory 1965 MiB.
2026-09-24T10:55:33Z INFO [248/500] 12dfae21-2eae-41e6-bad2-c8b6a0b71422: valid; 2.3 s; peak memory 1965 MiB.
2026-09-24T10:55:45Z INFO [249/500] 12dfb0fc-2f48-4de1-814a-c02fc020abf0: valid; 11.1 s; peak memory 1989 MiB.
2026-09-24T10:55:47Z INFO [250/500] 12dfee6c-d761-4b2b-8ee8-50d0bca638a4: valid; 2.4 s; peak memory 1992 MiB.
2026-09-24T10:55:47Z INFO [250/500] 12dfee6c-d761-4b2b-8ee8-50d0bca638a4: checkpointed 77260 records.
2026-09-24T10:56:23Z INFO [251/500] 12e0a306-488b-4b18-9674-576659f6b2b9: valid; 35.1 s; peak memory 2026 MiB.
2026-09-24T10:56:25Z INFO [252/500] 12e1216d-801f-484c-aa11-7fbbb07c2d7e: valid; 2.1 s; peak memory 2027 MiB.
2026-09-24T10:56:29Z INFO [253/500] 12e18b86-4066-4d34-9aac-30f8dd3f4a9a: valid; 4.2 s; peak memory 2031 MiB.
2026-09-24T10:56:31Z INFO [254/500] 12e22d83-3d0d-434e-b954-be11646fe8d4: valid; 2.2 s; peak memory 2032 MiB.
2026-09-24T10:56:33Z INFO [255/500] 12e41bfa-346d-4cab-80bb-c1baa5125e74: not valid; 2.1 s; peak memory 2032 MiB.
2026-09-24T10:56:35Z INFO [256/500] 12e41cdb-ec2a-487e-ada8-b9411fca7aaf: valid; 1.5 s; peak memory 2032 MiB.
2026-09-24T10:56:36Z INFO [257/500] 12e54092-273c-4f59-8e96-bd0227ea381c: not valid; 1.8 s; peak memory 2032 MiB.
2026-09-24T10:56:38Z INFO [258/500] 12e5fd78-b3a1-445e-815a-58785b602117: valid; 1.4 s; peak memory 2032 MiB.
2026-09-24T10:56:40Z INFO [259/500] 12e6acd9-bda1-4081-8ee6-5a686994043d: not valid; 1.7 s; peak memory 2033 MiB.
2026-09-24T10:56:41Z INFO [260/500] 12e79104-b741-41d2-a86c-ca4812bb4834: valid; 1.4 s; peak memory 2033 MiB.
2026-09-24T10:56:43Z INFO [261/500] 12e79c05-eb67-463f-82f8-71610076bc4b: not valid; 1.7 s; peak memory 2033 MiB.
2026-09-24T10:56:44Z INFO [262/500] 12e7e4b5-a30e-42a6-bcbd-11a04ac2377b: valid; 1.6 s; peak memory 2033 MiB.
2026-09-24T10:56:46Z INFO [263/500] 12e8bcbd-371c-4313-9384-65f35070b21c: valid; 2.0 s; peak memory 2034 MiB.
2026-09-24T10:56:49Z INFO [264/500] 12e979b1-351b-48f1-8f35-ca86017b530a: valid; 2.3 s; peak memory 2036 MiB.
2026-09-24T10:56:52Z INFO [265/500] 12ebafaa-9ab2-4799-8353-7f8f93efc2a5: not valid; 2.9 s; peak memory 2036 MiB.
2026-09-24T10:56:53Z INFO [266/500] 12ebbc85-238b-4e03-8a11-bdaa1643c281: valid; 1.4 s; peak memory 2036 MiB.
2026-09-24T10:56:55Z INFO [267/500] 12eccafa-59f1-4cc5-8b4e-f09d2514b257: valid; 1.7 s; peak memory 2037 MiB.
2026-09-24T10:56:57Z INFO [268/500] 12ed0331-b865-48cd-abfe-5c8ff46f18dd: valid; 2.4 s; peak memory 2038 MiB.
2026-09-24T10:56:58Z INFO [269/500] 12ed9edc-acf6-45c2-a0e9-3c7685cdddf0: valid; 1.4 s; peak memory 2038 MiB.
2026-09-24T10:57:00Z INFO [270/500] 12edf36c-7632-4d2b-ad8b-e15508ab6774: valid; 1.5 s; peak memory 2039 MiB.
2026-09-24T10:57:02Z INFO [271/500] 12edf4aa-2e3f-491b-a1e2-a3f65751bdf9: not valid; 2.4 s; peak memory 2039 MiB.
2026-09-24T10:57:05Z INFO [272/500] 12ee19dd-43c0-4b31-a204-e26cba25fd56: valid; 2.9 s; peak memory 2039 MiB.
2026-09-24T10:57:07Z INFO [273/500] 12ee4e38-5d09-40b8-befc-f14c8fe5eb9b: valid; 1.4 s; peak memory 2039 MiB.
2026-09-24T10:57:07Z WARNING 12ef0bd3-9e23-446e-8877-7ecc6da98a78: failed while retrieving asset information from the DANDI API (NotFoundError: No asset at path 'sub-EPCNHP1/sub-EPCNHP1_ses-2019-07-01-008_ecephys.nwb' in version 0.240701.1903. Verify the path is correct and the asset exists in this version. Use 'dandi ls' to list available assets.)
2026-09-24T10:57:12Z INFO [275/500] 12ef4cd6-393a-493b-8159-b499243f863d: not valid; 5.4 s; peak memory 2039 MiB.
2026-09-24T10:57:15Z INFO [276/500] 12ef92fb-a9ea-4d81-aa8b-466ba7438bde: valid; 3.1 s; peak memory 2039 MiB.
2026-09-24T10:57:25Z INFO [277/500] 12ef9580-6a79-4372-bbb1-bb1a124fab78: valid; 10.2 s; peak memory 2040 MiB.
2026-09-24T10:57:27Z INFO [278/500] 12f031d5-e632-4bbe-b0d9-712b22640c83: valid; 1.6 s; peak memory 2040 MiB.
2026-09-24T10:57:32Z INFO [279/500] 12f05416-cfeb-4c88-9b4a-54ab433a7b98: valid; 5.1 s; peak memory 2040 MiB.
2026-09-24T10:57:52Z INFO [280/500] 12f05d53-fa5a-42f1-9cc5-a53ef91b0234: valid; 20.3 s; peak memory 2049 MiB.
2026-09-24T10:57:56Z INFO [281/500] 12f0fcf4-0b16-40be-a92f-2fac5c2d9d9e: valid; 3.5 s; peak memory 2051 MiB.
2026-09-24T10:57:59Z INFO [282/500] 12f19e1f-ea86-4591-97cd-a483248f0006: valid; 3.4 s; peak memory 2055 MiB.
2026-09-24T10:58:02Z INFO [283/500] 12f23c6d-a963-4b8e-aab1-c8c0b2e038a5: valid; 2.6 s; peak memory 2055 MiB.
2026-09-24T10:58:11Z INFO [284/500] 12f2c85f-4736-4bda-a3b5-da250b7f1443: valid; 8.9 s; peak memory 2065 MiB.
2026-09-24T10:58:15Z INFO [285/500] 12f2f5c1-d9a7-49d3-a503-1ee98a61e2f0: valid; 4.1 s; peak memory 2066 MiB.
2026-09-24T10:58:17Z INFO [286/500] 12f3394f-99ca-4491-8ae7-76936ce909f0: valid; 1.6 s; peak memory 2066 MiB.
2026-09-24T10:58:18Z INFO [287/500] 12f35049-dba2-4eb4-946d-bedcee159d24: valid; 1.7 s; peak memory 2066 MiB.
2026-09-24T10:58:20Z INFO [288/500] 12f3d1c1-08cd-42fc-bdd2-5b557fdf0ceb: not valid; 1.7 s; peak memory 2066 MiB.
2026-09-24T10:58:23Z INFO [289/500] 12f40e2a-a5e5-4c48-b0c3-d9b771483edd: valid; 3.3 s; peak memory 2068 MiB.
2026-09-24T10:58:25Z INFO [290/500] 12f4416d-57ec-4b44-b6fd-51386d4d3554: not valid; 2.0 s; peak memory 2069 MiB.
2026-09-24T10:58:27Z INFO [291/500] 12f45320-d344-4167-b6be-c1aae8729988: valid; 1.4 s; peak memory 2070 MiB.
2026-09-24T10:58:39Z INFO [292/500] 12f455ae-4577-4d7c-96d1-4dc293b9fbf3: valid; 12.5 s; peak memory 2086 MiB.
2026-09-24T10:58:41Z INFO [293/500] 12f56c37-9d1c-4bbb-8fda-e14d9f4368ba: valid; 2.1 s; peak memory 2088 MiB.
2026-09-24T10:58:43Z INFO [294/500] 12f579dc-ff5d-4078-970f-5426e1fae0fd: not valid; 1.9 s; peak memory 2089 MiB.
2026-09-24T10:58:45Z INFO [295/500] 12f5b876-5333-4383-8790-2e5f56580412: not valid; 2.1 s; peak memory 2089 MiB.
2026-09-24T10:58:48Z WARNING 12f5c15d-e7dd-4dd3-8bcc-721267578e1e: failed while opening the NWB file (ConstructError: (root/acquisition/_iblmic_audioSpectrogram/bands GroupBuilder {'attributes': {'colnames': array(['freq'], dtype=object), 'description': 'spectogram frequencies', 'namespace': 'core', 'neurodata_type': 'FrequencyBandsTable', 'object_id': '08a2cf9c-2e87-418f-baa8-eab35f6179b5'}, 'groups': {}, 'datasets': {'freq': root/acquisition/_iblmic_audioSpectrogram/bands/freq DatasetBuilder {'attributes': {'description': 'frequency value', 'namespace': 'hdmf-common', 'neurodata_type': 'VectorData', 'object_id': '07177e3d-1f2e-4b58-8d37-66d795598b9f'}, 'data': <HDF5 dataset "freq": shape (257,), type "<f4">}, 'id': root/acquisition/_iblmic_audioSpectrogram/bands/id DatasetBuilder {'attributes': {'namespace': 'hdmf-common', 'neurodata_type': 'ElementIdentifiers', 'object_id': 'ff76879d-4dc8-4df9-ae44-2db50deb1445'}, 'data': <HDF5 dataset "id": shape (257,), type "<i4">}}, 'links': {}}, "Could not construct FrequencyBandsTable object due to: column must have the same number of rows as 'id'"))
2026-09-24T10:58:49Z INFO [297/500] 12f5fce7-ba75-48a0-a19f-510b584974ca: valid; 1.5 s; peak memory 2089 MiB.
2026-09-24T10:58:51Z INFO [298/500] 12f70657-8e3f-473c-9ceb-edbc2494fe41: valid; 1.4 s; peak memory 2089 MiB.
2026-09-24T10:58:55Z INFO [299/500] 12f719d4-db34-4e8d-83b5-355f5e85f65e: valid; 4.1 s; peak memory 2089 MiB.
2026-09-24T10:59:30Z INFO [300/500] 12f74299-07c2-42cd-97c2-4bdea622be61: valid; 35.0 s; peak memory 2112 MiB.
2026-09-24T10:59:30Z INFO [300/500] 12f74299-07c2-42cd-97c2-4bdea622be61: checkpointed 77310 records.
2026-09-24T10:59:38Z INFO [301/500] 12f7f15b-c0bc-4048-9660-313cb62ad026: valid; 8.0 s; peak memory 2122 MiB.
2026-09-24T10:59:39Z INFO [302/500] 12f826d9-a8c6-4c41-8937-b00853ea3e82: valid; 1.2 s; peak memory 2122 MiB.
2026-09-24T10:59:42Z INFO [303/500] 12f84855-a429-451c-8b3d-6b7f7337f474: valid; 2.6 s; peak memory 2124 MiB.
2026-09-24T10:59:46Z INFO [304/500] 12f8ba27-e078-4ba7-af00-9610bcad414a: valid; 3.7 s; peak memory 2126 MiB.
2026-09-24T10:59:49Z INFO [305/500] 12f9ebfc-c654-46a3-b127-fb7e184ed872: valid; 3.6 s; peak memory 2128 MiB.
2026-09-24T10:59:51Z INFO [306/500] 12fa8f5d-83db-4e75-95d0-8d44d7f326f1: not valid; 1.7 s; peak memory 2128 MiB.
2026-09-24T10:59:53Z INFO [307/500] 12fb26c2-42c8-45a1-b133-faff685499f6: valid; 1.5 s; peak memory 2128 MiB.
2026-09-24T10:59:54Z INFO [308/500] 12fb31b8-a9c7-4194-9dc8-98f66cbd92b5: valid; 1.5 s; peak memory 2128 MiB.
2026-09-24T10:59:56Z INFO [309/500] 12fc6093-2f0d-461c-be17-f90b929ca522: valid; 2.4 s; peak memory 2128 MiB.
2026-09-24T10:59:59Z INFO [310/500] 12fc74c7-50aa-40fa-b44c-bcf0e82bcc07: valid; 2.9 s; peak memory 2128 MiB.
2026-09-24T11:00:07Z INFO [311/500] 12fdc641-306b-4c83-8112-8244e4a846e1: not valid; 7.8 s; peak memory 2209 MiB.
2026-09-24T11:00:09Z INFO [312/500] 12fee79a-ed83-4ea8-9228-d9a8a539fad3: valid; 1.6 s; peak memory 2209 MiB.
2026-09-24T11:00:11Z INFO [313/500] 12ffd945-eefc-49ec-85ef-14760a75b76b: not valid; 2.0 s; peak memory 2209 MiB.
2026-09-24T11:00:13Z INFO [314/500] 12ffdce1-a7ad-4cb9-a0fd-87e2bbe9dc9e: valid; 1.8 s; peak memory 2209 MiB.
2026-09-24T11:00:16Z INFO [315/500] 12ffe5dd-6ff5-445e-a8ec-03acc79105cb: valid; 3.0 s; peak memory 2209 MiB.
2026-09-24T11:00:20Z INFO [316/500] 12ffe6a1-e7b7-44c3-9aec-1496b80b38d9: valid; 4.3 s; peak memory 2209 MiB.
2026-09-24T11:00:23Z INFO [317/500] 12ffe6b7-0023-46cf-8dde-46ec29ee8e99: valid; 2.9 s; peak memory 2209 MiB.
2026-09-24T11:00:26Z INFO [318/500] 12ffed92-2cab-4d30-bf45-6a1d6a5002b2: valid; 3.7 s; peak memory 2209 MiB.
2026-09-24T11:00:30Z INFO [319/500] 130001a7-d970-48cc-9899-05b9437806d6: valid; 3.3 s; peak memory 2209 MiB.
2026-09-24T11:00:33Z INFO [320/500] 13000e39-6ec6-48e1-86f2-bca82ea8c778: valid; 3.3 s; peak memory 2209 MiB.
2026-09-24T11:00:35Z INFO [321/500] 13022091-6d78-444c-922b-7f99f35c94aa: not valid; 1.9 s; peak memory 2209 MiB.
2026-09-24T11:00:37Z WARNING 13025d5b-6e73-4ad0-8b03-a7bd7708fd44: failed while opening the NWB file (ValueError: Cannot resolve included group spec 'electrodes' with data_type_inc 'ElectrodesTable' because a group spec with the same name already exists with data_type_inc 'DynamicTable', and data type 'DynamicTable' is not a child type of data type 'ElectrodesTable'.)
2026-09-24T11:00:38Z INFO [323/500] 1302646c-1c56-4cc0-be83-caa6838a6715: valid; 1.4 s; peak memory 2209 MiB.
2026-09-24T11:00:40Z INFO [324/500] 1302882a-e449-4b68-b48a-c3a43ab08633: valid; 2.0 s; peak memory 2209 MiB.
2026-09-24T11:00:42Z INFO [325/500] 1302e650-d44c-431b-8e80-9210a43bccbc: valid; 1.4 s; peak memory 2209 MiB.
2026-09-24T11:01:00Z INFO [326/500] 13046f00-798d-4066-aa0c-b788a87b1fc5: valid; 18.8 s; peak memory 2319 MiB.
2026-09-24T11:01:03Z INFO [327/500] 13049077-ac4a-4ed9-90d7-ac9516bfe020: valid; 2.4 s; peak memory 2319 MiB.
2026-09-24T11:01:08Z INFO [328/500] 13049d47-d2a7-4dbe-9b51-25b7c6da1012: valid; 5.6 s; peak memory 2319 MiB.
2026-09-24T11:01:13Z INFO [329/500] 1304a1f4-deac-4e6a-b53e-e1d788f0631c: valid; 4.9 s; peak memory 2319 MiB.
2026-09-24T11:01:16Z INFO [330/500] 1304e5f7-dbcc-4f35-86b5-ddaf2a820f21: valid; 3.1 s; peak memory 2319 MiB.
2026-09-24T11:01:21Z INFO [331/500] 13062a45-8833-4e79-939c-1fe893750b6c: valid; 4.7 s; peak memory 2325 MiB.
2026-09-24T11:01:26Z INFO [332/500] 1306cb7d-b0f1-44d5-a772-4c83c9bfaf2b: not valid; 4.5 s; peak memory 2330 MiB.
2026-09-24T11:01:33Z INFO [333/500] 1306f34a-1fe5-40dd-becc-c3b98a2fe8ea: not valid; 7.9 s; peak memory 2331 MiB.
2026-09-24T11:01:36Z INFO [334/500] 1307f2ed-e99a-4977-996f-255a7d2cb85f: valid; 2.1 s; peak memory 2331 MiB.
2026-09-24T11:01:38Z INFO [335/500] 1308070c-b622-4e4c-830b-2e0bc46eccd5: valid; 2.8 s; peak memory 2331 MiB.
2026-09-24T11:01:39Z WARNING 1308250a-ea07-49c3-98e3-2692ef5ad96e: failed while retrieving asset information from the DANDI API (NotFoundError: No asset at path 'sub-parkinson-simulated-beta/sub-parkinson-simulated-beta_ses-8623_ecephys.nwb' in version 0.250327.2220. Verify the path is correct and the asset exists in this version. Use 'dandi ls' to list available assets.)
2026-09-24T11:01:41Z INFO [337/500] 1308d66c-9617-4201-9579-6126dc83d234: not valid; 2.3 s; peak memory 2331 MiB.
2026-09-24T11:01:42Z INFO [338/500] 130982a2-b2b1-48fc-a712-45c0804ad55f: valid; 1.4 s; peak memory 2331 MiB.
2026-09-24T11:01:44Z INFO [339/500] 1309ece1-9d93-4f3a-af21-fec53d48ce2f: valid; 2.1 s; peak memory 2331 MiB.
2026-09-24T11:01:48Z INFO [340/500] 130a4f8c-edde-4834-b0c2-5eb276b30bab: not valid; 3.6 s; peak memory 2331 MiB.
2026-09-24T11:01:49Z INFO [341/500] 130a84af-f5ee-44aa-a9f7-b9b5b501f557: valid; 1.5 s; peak memory 2331 MiB.
2026-09-24T11:01:52Z INFO [342/500] 130abe3a-4556-4777-abf7-3129bcbde3ce: valid; 2.4 s; peak memory 2331 MiB.
2026-09-24T11:01:54Z INFO [343/500] 130b1b22-cea1-4a65-bf9b-c43d0c4cf856: valid; 2.1 s; peak memory 2331 MiB.
2026-09-24T11:01:56Z INFO [344/500] 130b1c5a-1627-4a2c-9604-69268a9a544d: not valid; 2.1 s; peak memory 2331 MiB.
2026-09-24T11:02:33Z INFO [345/500] 130b8ec2-d836-4221-8d58-3f7c23c1affe: not valid; 37.1 s; peak memory 2414 MiB.
2026-09-24T11:02:36Z INFO [346/500] 130bdfc3-5029-4a29-815f-bfe5a1061041: valid; 2.5 s; peak memory 2414 MiB.
2026-09-24T11:02:39Z INFO [347/500] 130c6bf2-4591-4ce9-8ada-76eb7d8f3711: valid; 3.6 s; peak memory 2414 MiB.
2026-09-24T11:02:39Z WARNING 130d020e-b646-480b-829d-4a735357cfc5: failed while retrieving asset information from the DANDI API (NotFoundError: No asset at path 'sub-parkinson-simulated-lfp/sub-parkinson-simulated-lfp_ses-2672_ecephys.nwb' in version 0.250327.2220. Verify the path is correct and the asset exists in this version. Use 'dandi ls' to list available assets.)
2026-09-24T11:02:43Z INFO [349/500] 130d2405-4d91-48fe-bb20-277c316b95f3: valid; 3.9 s; peak memory 2417 MiB.
2026-09-24T11:02:46Z INFO [350/500] 130d2d5b-0a99-4d26-82e1-156312ca4a55: valid; 2.9 s; peak memory 2417 MiB.
2026-09-24T11:02:47Z INFO [350/500] 130d2d5b-0a99-4d26-82e1-156312ca4a55: checkpointed 77360 records.
2026-09-24T11:02:49Z INFO [351/500] 130d5aa5-62a4-4cde-9077-01ff0ff50610: valid; 2.5 s; peak memory 2417 MiB.
2026-09-24T11:02:53Z INFO [352/500] 130dbebc-58cf-4d19-b977-6c9ed9555ec7: valid; 3.6 s; peak memory 2417 MiB.
2026-09-24T11:02:55Z INFO [353/500] 130e645a-4245-42ee-8141-f642e72d09bb: not valid; 2.0 s; peak memory 2417 MiB.
2026-09-24T11:02:57Z INFO [354/500] 130ee92e-851c-498c-a84d-06556389f5f8: valid; 2.1 s; peak memory 2417 MiB.
2026-09-24T11:02:58Z INFO [355/500] 130f32f7-09a3-4186-b7fe-5a741666be82: valid; 1.5 s; peak memory 2417 MiB.
2026-09-24T11:03:01Z INFO [356/500] 130f74fc-eab9-4f41-9474-99d92b102bd4: not valid; 2.7 s; peak memory 2417 MiB.
2026-09-24T11:03:03Z INFO [357/500] 130f8426-28fa-4e25-822b-76dc78999569: valid; 2.3 s; peak memory 2417 MiB.
2026-09-24T11:03:06Z INFO [358/500] 130fcca2-2680-4116-b2b3-5c9da671cf82: valid; 2.4 s; peak memory 2417 MiB.
2026-09-24T11:03:11Z INFO [359/500] 130ff2ec-5d4d-4ea7-8af8-1ee202267554: valid; 5.6 s; peak memory 2418 MiB.
2026-09-24T11:03:13Z WARNING 1310b90a-31b5-4b7f-9169-edc62a04e3a7: failed while opening the NWB file (ConstructError: (root/acquisition/_iblmic_audioSpectrogram/bands GroupBuilder {'attributes': {'colnames': array(['freq'], dtype=object), 'description': 'spectogram frequencies', 'namespace': 'core', 'neurodata_type': 'FrequencyBandsTable', 'object_id': 'ea0e952c-71a3-4762-af8e-a703ecc5a671'}, 'groups': {}, 'datasets': {'freq': root/acquisition/_iblmic_audioSpectrogram/bands/freq DatasetBuilder {'attributes': {'description': 'frequency value', 'namespace': 'hdmf-common', 'neurodata_type': 'VectorData', 'object_id': '125e6496-95c5-4405-bd59-830ccf417c05'}, 'data': <HDF5 dataset "freq": shape (257,), type "<f4">}, 'id': root/acquisition/_iblmic_audioSpectrogram/bands/id DatasetBuilder {'attributes': {'namespace': 'hdmf-common', 'neurodata_type': 'ElementIdentifiers', 'object_id': '14e04014-3381-4315-a037-124089ed0547'}, 'data': <HDF5 dataset "id": shape (257,), type "<i4">}}, 'links': {}}, "Could not construct FrequencyBandsTable object due to: column must have the same number of rows as 'id'"))
2026-09-24T11:03:15Z INFO [361/500] 1310f357-1658-4d13-8a8c-a4a3d3c0f199: not valid; 1.9 s; peak memory 2426 MiB.
2026-09-24T11:03:17Z INFO [362/500] 13110cb6-def4-49eb-984a-d5a3b3904f3f: valid; 2.1 s; peak memory 2426 MiB.
2026-09-24T11:03:19Z INFO [363/500] 1311a519-c43d-484b-b5e5-a7c996475368: valid; 1.7 s; peak memory 2426 MiB.
2026-09-24T11:03:21Z INFO [364/500] 1311aa58-fb5f-42cd-9723-89e03532921a: valid; 2.1 s; peak memory 2428 MiB.
2026-09-24T11:03:35Z INFO [365/500] 1311b285-efa3-454e-8c22-d02c50b02ffe: valid; 14.0 s; peak memory 2443 MiB.
2026-09-24T11:03:38Z INFO [366/500] 13124ff4-b292-4edf-acbd-aaeedc18252a: valid; 2.4 s; peak memory 2444 MiB.
2026-09-24T11:03:39Z INFO [367/500] 1312da9d-132e-4733-a03f-1d8d2f822da7: valid; 1.5 s; peak memory 2445 MiB.
2026-09-24T11:03:41Z INFO [368/500] 1312dfc4-6a32-4a11-847b-199e8a5ea08e: valid; 1.4 s; peak memory 2446 MiB.
2026-09-24T11:03:45Z INFO [369/500] 1312e72f-5b4f-40a2-9b68-b30441e6f5e2: valid; 4.4 s; peak memory 2452 MiB.
2026-09-24T11:03:48Z INFO [370/500] 13132bb5-a71a-4b00-a019-722482a367f3: not valid; 3.3 s; peak memory 2453 MiB.
2026-09-24T11:03:50Z INFO [371/500] 1313989f-22b0-4d80-aecd-766a7eba7d18: valid; 1.5 s; peak memory 2454 MiB.
2026-09-24T11:03:52Z INFO [372/500] 1313afb6-b54e-48e1-8b7a-fae3228a07bc: valid; 2.6 s; peak memory 2469 MiB.
2026-09-24T11:04:03Z INFO [373/500] 1313bd0e-1b24-41da-a61e-91549a8dbbaf: valid; 10.3 s; peak memory 2763 MiB.
2026-09-24T11:04:04Z INFO [374/500] 1313db5a-bff0-44f5-8667-2fb90d7ae870: not valid; 1.2 s; peak memory 2763 MiB.
2026-09-24T11:04:07Z INFO [375/500] 131420cc-ff11-4e09-b5b6-4fc2706ba502: valid; 3.4 s; peak memory 2763 MiB.
2026-09-24T11:04:09Z INFO [376/500] 1314438f-7f0e-4e3d-be87-7b673142d2bb: not valid; 1.7 s; peak memory 2763 MiB.
2026-09-24T11:04:12Z INFO [377/500] 131473f2-c188-4a9e-b631-ad5a7d128172: valid; 3.3 s; peak memory 2763 MiB.
2026-09-24T11:04:20Z INFO [378/500] 131517ff-a86e-47f1-9c30-20dce2bb2b4f: valid; 7.4 s; peak memory 2844 MiB.
2026-09-24T11:04:22Z INFO [379/500] 13154155-a0c8-46b6-ac0b-bb5319b08293: valid; 2.0 s; peak memory 2844 MiB.
2026-09-24T11:04:24Z INFO [380/500] 1315c6b3-b5aa-41c6-ab0b-1cf552ae7449: valid; 2.4 s; peak memory 2844 MiB.
2026-09-24T11:04:26Z INFO [381/500] 1316509e-3c06-46f6-9749-410898ef3fca: valid; 2.2 s; peak memory 2844 MiB.
2026-09-24T11:04:29Z INFO [382/500] 1317caab-c8e9-4280-b130-b531d020b56d: valid; 2.6 s; peak memory 2844 MiB.
2026-09-24T11:04:30Z INFO [383/500] 1317cab3-0bc9-4749-a7c5-5d89598a6a3d: not valid; 1.6 s; peak memory 2844 MiB.
2026-09-24T11:04:43Z INFO [384/500] 1318124b-84e4-4b0c-be3b-abbad4480601: valid; 13.0 s; peak memory 2855 MiB.
2026-09-24T11:04:46Z WARNING 131833d7-174c-4edc-8d01-c2afbaa6d7f6: failed while opening the NWB file (ConstructError: (root/acquisition/event_code_meanings GroupBuilder {'attributes': {'colnames': array(['value', 'meaning'], dtype=object), 'description': 'Mapping integer event codes to event labels', 'namespace': 'ndx-events', 'neurodata_type': 'MeaningsTable', 'object_id': 'e21b7aa3-adf3-479c-8af5-a03e4ed7006a'}, 'groups': {}, 'datasets': {'id': root/acquisition/event_code_meanings/id DatasetBuilder {'attributes': {'namespace': 'hdmf-common', 'neurodata_type': 'ElementIdentifiers', 'object_id': '3913202e-28b0-496b-8d39-031c020cb1fe'}, 'data': <HDF5 dataset "id": shape (26,), type "<i8">}, 'meaning': root/acquisition/event_code_meanings/meaning DatasetBuilder {'attributes': {'description': 'The meaning of the value in the parent CategoricalVectorData object.', 'namespace': 'hdmf-experimental', 'neurodata_type': 'VectorData', 'object_id': 'c1802975-7381-4b1c-9d6b-a196d96f9c79'}, 'data': <StrDataset for HDF5 dataset "meaning": shape (26,), type "|O">}, 'value': root/acquisition/event_code_meanings/value DatasetBuilder {'attributes': {'description': 'The value of the parent CategoricalVectorData object.', 'namespace': 'hdmf-experimental', 'neurodata_type': 'VectorData', 'object_id': '0896eb66-3393-4dbb-8a50-5239884d8180'}, 'data': <HDF5 dataset "value": shape (26,), type "<i8">}}, 'links': {}}, "Could not construct MeaningsTable object due to: MeaningsTable.__init__: missing argument 'target'"))
2026-09-24T11:04:47Z INFO [386/500] 13184245-6daa-4994-8908-8ed50e04f68d: valid; 1.3 s; peak memory 2861 MiB.
2026-09-24T11:04:48Z WARNING 13188d11-9e16-430b-8124-87ea2ca85d52: failed while opening the NWB file (ValueError: Cannot resolve included group spec 'electrodes' with data_type_inc 'ElectrodesTable' because a group spec with the same name already exists with data_type_inc 'DynamicTable', and data type 'DynamicTable' is not a child type of data type 'ElectrodesTable'.)
2026-09-24T11:04:52Z INFO [388/500] 13189e55-cc18-4655-b726-8829b0390d4f: valid; 3.4 s; peak memory 2864 MiB.
2026-09-24T11:04:55Z INFO [389/500] 131a0d9b-b608-49ed-89e5-74096eb1974e: valid; 3.4 s; peak memory 2864 MiB.
2026-09-24T11:04:56Z INFO [390/500] 131a2b94-b89b-476d-8af6-ddb03fc0f3b3: valid; 1.2 s; peak memory 2864 MiB.
2026-09-24T11:05:07Z INFO [391/500] 131a69cf-985d-4bfc-85dd-c00dce32ca68: valid; 10.5 s; peak memory 2866 MiB.
2026-09-24T11:05:08Z INFO [392/500] 131aa9a8-1a13-46ad-9960-be5eae7dec19: valid; 1.5 s; peak memory 2868 MiB.
2026-09-24T11:05:14Z INFO [393/500] 131be9d6-2054-4433-96c9-45998caec4b2: not valid; 5.1 s; peak memory 2875 MiB.
2026-09-24T11:05:35Z INFO [394/500] 131c2da1-9735-4947-88a5-27a58ee35f22: valid; 21.8 s; peak memory 3075 MiB.
2026-09-24T11:05:37Z INFO [395/500] 131c9766-8389-4114-a42e-89e61b5a0090: valid; 1.6 s; peak memory 3075 MiB.
2026-09-24T11:05:41Z INFO [396/500] 131de2ed-7785-476d-b1b2-4dfb3622c1ed: not valid; 3.8 s; peak memory 3075 MiB.
2026-09-24T11:05:44Z INFO [397/500] 131e35b0-c1e1-4234-8571-998ada030e3f: valid; 2.9 s; peak memory 3075 MiB.
2026-09-24T11:05:46Z INFO [398/500] 131e42b3-a6a7-4a8a-8b03-9e5a21589a0e: valid; 2.3 s; peak memory 3075 MiB.
2026-09-24T11:05:48Z INFO [399/500] 131ec1a3-f226-4f90-b4e4-1b96f7732b8e: valid; 2.1 s; peak memory 3077 MiB.
2026-09-24T11:05:51Z INFO [400/500] 131edbae-4b55-4fa5-9cf9-199b5f8a7ec3: valid; 3.1 s; peak memory 3088 MiB.
2026-09-24T11:05:52Z INFO [400/500] 131edbae-4b55-4fa5-9cf9-199b5f8a7ec3: checkpointed 77410 records.
2026-09-24T11:05:53Z INFO [401/500] 131f0d96-0117-4461-afa9-2f9dcba7b7e4: valid; 1.5 s; peak memory 3090 MiB.
2026-09-24T11:06:02Z INFO [402/500] 131f4407-391a-4fe7-9d86-f9091cc97ffb: valid; 8.6 s; peak memory 3114 MiB.
2026-09-24T11:06:05Z INFO [403/500] 131f91a8-1c42-480d-9bed-651ff9a12352: valid; 3.0 s; peak memory 3117 MiB.
2026-09-24T11:06:09Z INFO [404/500] 13204320-1760-4b6f-95ba-40c36afe4289: not valid; 4.0 s; peak memory 3117 MiB.
2026-09-24T11:06:11Z INFO [405/500] 13205b8c-39c5-45be-b96d-786577b279af: not valid; 1.9 s; peak memory 3117 MiB.
2026-09-24T11:06:12Z INFO [406/500] 13208700-f2c0-4686-8f3d-abb7777845fb: valid; 1.6 s; peak memory 3117 MiB.
2026-09-24T11:06:14Z INFO [407/500] 132104af-359b-4cba-9c6a-d92882e6fba1: not valid; 1.8 s; peak memory 3117 MiB.
2026-09-24T11:06:17Z INFO [408/500] 1321368e-d989-4082-aa0a-8032243247fa: valid; 2.6 s; peak memory 3117 MiB.
2026-09-24T11:06:22Z INFO [409/500] 13218c45-74ca-4b9d-a461-53235867a9ab: not valid; 5.8 s; peak memory 3125 MiB.
2026-09-24T11:06:41Z INFO [410/500] 1321d775-9b23-47c3-ac26-dc196d01d887: valid; 18.9 s; peak memory 3143 MiB.
2026-09-24T11:06:44Z INFO [411/500] 13226ca1-e33e-4fd7-a1e1-1bf68ec08834: valid; 3.1 s; peak memory 3143 MiB.
2026-09-24T11:06:46Z INFO [412/500] 13229182-4e52-4be0-9dbb-e9d7aaa03851: not valid; 1.7 s; peak memory 3143 MiB.
2026-09-24T11:06:48Z INFO [413/500] 1322993b-e462-4bca-b16d-073d5eb283d0: valid; 2.2 s; peak memory 3147 MiB.
2026-09-24T11:06:51Z INFO [414/500] 1323837a-48dc-41a5-a709-b918432bdf1e: valid; 2.4 s; peak memory 3149 MiB.
2026-09-24T11:06:53Z INFO [415/500] 132400ca-75e1-49d9-8a8c-06babcc33c88: valid; 2.3 s; peak memory 3151 MiB.
2026-09-24T11:06:55Z INFO [416/500] 13241f5d-da60-4501-9557-766a99ed2b20: not valid; 2.1 s; peak memory 3153 MiB.
2026-09-24T11:06:58Z INFO [417/500] 13249914-0373-4084-a032-bf5e40241709: not valid; 2.6 s; peak memory 3153 MiB.
2026-09-24T11:06:59Z INFO [418/500] 1324c33c-1071-464e-924a-6d6901158e13: valid; 1.5 s; peak memory 3153 MiB.
2026-09-24T11:07:04Z INFO [419/500] 13250794-4290-42a5-8c34-99e0240675d0: not valid; 4.8 s; peak memory 3153 MiB.
2026-09-24T11:07:05Z INFO [420/500] 132514aa-4985-4dd6-90c8-ebc6bca608be: valid; 1.2 s; peak memory 3153 MiB.
2026-09-24T11:07:13Z INFO [421/500] 132563f6-024a-4603-9573-3bafc48ab203: valid; 8.1 s; peak memory 3156 MiB.
2026-09-24T11:07:24Z INFO [422/500] 1325eccd-581a-4681-ada6-222a26eb910e: valid; 10.3 s; peak memory 3190 MiB.
2026-09-24T11:07:26Z INFO [423/500] 1326c221-4330-404d-8175-a7bb5b05defe: valid; 2.2 s; peak memory 3196 MiB.
2026-09-24T11:07:27Z INFO [424/500] 132711e3-67df-4a79-a02f-b2def8846244: valid; 1.5 s; peak memory 3197 MiB.
2026-09-24T11:07:29Z INFO [425/500] 13276baa-eaff-4a23-af54-e1e8e323a7ee: valid; 1.5 s; peak memory 3198 MiB.
2026-09-24T11:07:43Z INFO [426/500] 1327dc7b-5cf6-4c11-a786-152653577499: valid; 14.1 s; peak memory 3409 MiB.
2026-09-24T11:07:44Z INFO [427/500] 1328131b-862a-464d-99ad-5631a157c736: valid; 1.5 s; peak memory 3409 MiB.
2026-09-24T11:07:46Z INFO [428/500] 1328200c-13bc-492c-8c03-2fdb56fbca1d: not valid; 2.2 s; peak memory 3409 MiB.
2026-09-24T11:07:48Z INFO [429/500] 13284e24-a16c-43be-a32e-e1f358afa0dc: valid; 1.5 s; peak memory 3409 MiB.
2026-09-24T11:07:51Z INFO [430/500] 1328ea3b-7a6a-4a9b-b9d9-e08f481e8a3d: valid; 3.4 s; peak memory 3409 MiB.
2026-09-24T11:07:53Z INFO [431/500] 1329e2ad-7e38-4ed1-b182-c26daf30cef8: valid; 1.6 s; peak memory 3409 MiB.
2026-09-24T11:07:55Z INFO [432/500] 132ac783-bb91-497a-89cf-d502ed0357e8: not valid; 2.3 s; peak memory 3409 MiB.
2026-09-24T11:07:58Z INFO [433/500] 132ae187-989d-456c-a3ab-b49b992e3f2d: valid; 3.2 s; peak memory 3409 MiB.
2026-09-24T11:08:02Z INFO [434/500] 132b3906-7926-4fe2-9f14-8014f440eb35: valid; 3.7 s; peak memory 3409 MiB.
2026-09-24T11:08:05Z INFO [435/500] 132b8e22-f5cb-4245-97c9-531b18ef321c: not valid; 3.2 s; peak memory 3409 MiB.
2026-09-24T11:08:07Z INFO [436/500] 132bb31e-b48f-46c9-8e0f-296a019094b0: valid; 1.3 s; peak memory 3409 MiB.
2026-09-24T11:08:10Z INFO [437/500] 132bc948-7522-4c6e-b24b-fd650d32072e: valid; 3.1 s; peak memory 3409 MiB.
2026-09-24T11:08:13Z INFO [438/500] 132c073f-d99a-4639-82c7-b05cf45f28c9: valid; 3.2 s; peak memory 3409 MiB.
2026-09-24T11:08:15Z INFO [439/500] 132c3a16-2782-47d4-93cb-a40e727f2885: not valid; 1.6 s; peak memory 3409 MiB.
2026-09-24T11:08:16Z INFO [440/500] 132c7cdf-4917-4c6c-9902-06d54edd9afe: valid; 1.5 s; peak memory 3409 MiB.
2026-09-24T11:08:18Z INFO [441/500] 132c9db3-9d63-4640-8ae3-307950d24059: not valid; 1.7 s; peak memory 3409 MiB.
2026-09-24T11:08:23Z INFO [442/500] 132cd478-2171-4389-a438-f12e5727868d: valid; 4.9 s; peak memory 3409 MiB.
2026-09-24T11:08:24Z INFO [443/500] 132d158d-0b25-437b-a863-46fc3e83faf4: valid; 1.4 s; peak memory 3409 MiB.
2026-09-24T11:08:27Z INFO [444/500] 132d25e9-29d0-421a-af3f-ba4677612e79: valid; 3.0 s; peak memory 3409 MiB.
2026-09-24T11:08:29Z WARNING 132d337f-a659-4d14-8ce2-8a72c559ab56: failed while opening the NWB file (ConstructError: (root/acquisition/event_code_meanings GroupBuilder {'attributes': {'colnames': array(['value', 'meaning'], dtype=object), 'description': 'Mapping integer event codes to event labels', 'namespace': 'ndx-events', 'neurodata_type': 'MeaningsTable', 'object_id': '4874907d-86f9-4d90-8065-10dd00a8c7c3'}, 'groups': {}, 'datasets': {'id': root/acquisition/event_code_meanings/id DatasetBuilder {'attributes': {'namespace': 'hdmf-common', 'neurodata_type': 'ElementIdentifiers', 'object_id': '90eb6e7c-8970-40a6-84f8-472944c2e785'}, 'data': <HDF5 dataset "id": shape (26,), type "<i8">}, 'meaning': root/acquisition/event_code_meanings/meaning DatasetBuilder {'attributes': {'description': 'The meaning of the value in the parent CategoricalVectorData object.', 'namespace': 'hdmf-experimental', 'neurodata_type': 'VectorData', 'object_id': 'bc919e45-bdac-4544-adba-09addf77cafe'}, 'data': <StrDataset for HDF5 dataset "meaning": shape (26,), type "|O">}, 'value': root/acquisition/event_code_meanings/value DatasetBuilder {'attributes': {'description': 'The value of the parent CategoricalVectorData object.', 'namespace': 'hdmf-experimental', 'neurodata_type': 'VectorData', 'object_id': 'b36570c2-678b-4b7c-a943-05b9c39fa77b'}, 'data': <HDF5 dataset "value": shape (26,), type "<i8">}}, 'links': {}}, "Could not construct MeaningsTable object due to: MeaningsTable.__init__: missing argument 'target'"))
2026-09-24T11:10:58Z INFO [446/500] 132d3971-d875-4643-a319-2fce1c7097ff: valid; 148.7 s; peak memory 3570 MiB.
2026-09-24T11:11:01Z INFO [447/500] 132d3e93-a07e-4654-b0f8-01107e9c45cc: not valid; 2.9 s; peak memory 3570 MiB.
2026-09-24T11:11:03Z INFO [448/500] 132d48e2-82ff-43c3-b5ff-a64b5ac35602: not valid; 1.7 s; peak memory 3570 MiB.
2026-09-24T11:11:04Z INFO [449/500] 132d887f-78e0-4a60-ad66-ba53b4c42003: not valid; 1.7 s; peak memory 3570 MiB.
2026-09-24T11:11:06Z INFO [450/500] 132d8a62-8b59-448e-9406-74b0ba6f7f11: valid; 2.2 s; peak memory 3572 MiB.
2026-09-24T11:11:07Z INFO [450/500] 132d8a62-8b59-448e-9406-74b0ba6f7f11: checkpointed 77460 records.
2026-09-24T11:11:17Z INFO [451/500] 132d98c8-58ad-4438-b6e8-69f8fe9bfd77: valid; 10.3 s; peak memory 3624 MiB.
2026-09-24T11:11:19Z INFO [452/500] 132da5ee-3974-4f74-b282-a1c7c27c8b5d: not valid; 2.0 s; peak memory 3627 MiB.
2026-09-24T11:11:21Z INFO [453/500] 132e56fe-426b-41a6-b8d2-94963baca254: valid; 1.5 s; peak memory 3629 MiB.
2026-09-24T11:11:23Z INFO [454/500] 132e9685-b920-41dc-80df-c94dc2d2c9a1: not valid; 1.9 s; peak memory 3632 MiB.
2026-09-24T11:11:24Z INFO [455/500] 132ed6e0-ae79-41c3-84f1-ce2e8eaa73e2: valid; 1.5 s; peak memory 3633 MiB.
2026-09-24T11:11:26Z INFO [456/500] 132f3cdd-973c-4b07-a7e6-8de1c971b3f1: valid; 2.2 s; peak memory 3644 MiB.
2026-09-24T11:11:28Z INFO [457/500] 132f7e4e-5a62-4410-ad48-7c3745fad11f: not valid; 1.6 s; peak memory 3644 MiB.
2026-09-24T11:11:30Z WARNING 132f8174-187c-4fd5-878a-cb14dda228df: failed while opening the NWB file (ConstructError: (root/acquisition/_iblmic_audioSpectrogram/bands GroupBuilder {'attributes': {'colnames': array(['freq'], dtype=object), 'description': 'spectogram frequencies', 'namespace': 'core', 'neurodata_type': 'FrequencyBandsTable', 'object_id': '678264d8-c27c-44c0-95a3-88e48109f2cd'}, 'groups': {}, 'datasets': {'freq': root/acquisition/_iblmic_audioSpectrogram/bands/freq DatasetBuilder {'attributes': {'description': 'frequency value', 'namespace': 'hdmf-common', 'neurodata_type': 'VectorData', 'object_id': '8403e9d5-9ecb-456e-94a6-bdc463e4cf05'}, 'data': <HDF5 dataset "freq": shape (257,), type "<f4">}, 'id': root/acquisition/_iblmic_audioSpectrogram/bands/id DatasetBuilder {'attributes': {'namespace': 'hdmf-common', 'neurodata_type': 'ElementIdentifiers', 'object_id': '5ece5301-7ffb-4559-a174-9f36e3adc088'}, 'data': <HDF5 dataset "id": shape (257,), type "<i4">}}, 'links': {}}, "Could not construct FrequencyBandsTable object due to: column must have the same number of rows as 'id'"))
2026-09-24T11:11:32Z INFO [459/500] 132fa71f-6171-4d2f-965d-25a826581910: valid; 1.5 s; peak memory 3648 MiB.
2026-09-24T11:11:44Z INFO [460/500] 132ff72a-6593-4422-bb74-3e2acae44777: valid; 11.9 s; peak memory 3688 MiB.
2026-09-24T11:11:46Z INFO [461/500] 13305f2d-c3e8-4162-8615-8ca8fa83e212: not valid; 1.8 s; peak memory 3692 MiB.
2026-09-24T11:11:47Z INFO [462/500] 1331cf89-4fc3-4715-8e31-1ce361825a2c: not valid; 1.6 s; peak memory 3692 MiB.
2026-09-24T11:11:49Z INFO [463/500] 1331ddc4-d12f-4482-bed2-b9d0246c39e2: valid; 2.1 s; peak memory 3692 MiB.
2026-09-24T11:11:51Z INFO [464/500] 13321900-e432-40b8-bb4c-70565c607693: valid; 1.4 s; peak memory 3692 MiB.
2026-09-24T11:11:59Z INFO [465/500] 133287e3-7b41-4819-960f-9c0599850b2d: valid; 8.0 s; peak memory 3692 MiB.
2026-09-24T11:12:00Z INFO [466/500] 1332c4b2-2907-4595-a433-7cb1e2f07d54: valid; 1.5 s; peak memory 3692 MiB.
2026-09-24T11:12:11Z INFO [467/500] 13332673-e223-4ff7-8dc2-d10acc8ae25e: valid; 11.1 s; peak memory 3753 MiB.
2026-09-24T11:12:21Z INFO [468/500] 133377b5-82c1-468f-a617-a9f59598720a: valid; 9.3 s; peak memory 3754 MiB.
2026-09-24T11:12:22Z INFO [469/500] 1333d056-141b-4ed7-9c17-865c4d980df6: valid; 1.4 s; peak memory 3754 MiB.
2026-09-24T11:12:27Z INFO [470/500] 13342c50-5e0d-4a0c-8c06-2a01bf9ec2d5: not valid; 4.9 s; peak memory 3755 MiB.
2026-09-24T11:12:32Z INFO [471/500] 13345cf2-4b02-4ff9-b6cb-5ef31987f96b: not valid; 4.7 s; peak memory 3757 MiB.
2026-09-24T11:12:40Z INFO [472/500] 13347044-a1de-40f4-bf60-b64a32c483d6: valid; 8.5 s; peak memory 3757 MiB.
2026-09-24T11:12:42Z INFO [473/500] 13347a44-d8fb-4925-885e-f378f4998093: valid; 1.7 s; peak memory 3757 MiB.
2026-09-24T11:12:44Z INFO [474/500] 1334e5db-1786-4c0b-a666-4ac6868d0d8b: not valid; 2.1 s; peak memory 3757 MiB.
2026-09-24T11:12:45Z INFO [475/500] 13350433-6224-4f23-9214-b8e640a09eeb: valid; 1.4 s; peak memory 3758 MiB.
2026-09-24T11:12:46Z INFO [476/500] 13352c56-0fb7-457b-b7e5-03008fc5acb8: valid; 1.3 s; peak memory 3759 MiB.
2026-09-24T11:12:49Z INFO [477/500] 13355de8-702f-4465-a604-ee53c7e6bcd7: valid; 2.2 s; peak memory 3764 MiB.
2026-09-24T11:12:50Z INFO [478/500] 13358e63-ce3b-46aa-b556-d94c3a6430cc: valid; 1.7 s; peak memory 3765 MiB.
2026-09-24T11:12:52Z INFO [479/500] 1335b49b-c8a4-4422-bc57-5500bc69530d: valid; 1.6 s; peak memory 3765 MiB.
2026-09-24T11:12:55Z INFO [480/500] 1336aeca-06c4-4e5d-bea2-94de67909469: valid; 2.6 s; peak memory 3765 MiB.
2026-09-24T11:12:58Z INFO [481/500] 1336d605-a605-4cc3-922d-6a3161c733cd: valid; 3.4 s; peak memory 3765 MiB.
2026-09-24T11:13:12Z INFO [482/500] 1336e85a-664f-4bd1-b862-88bb403a79a5: valid; 13.7 s; peak memory 3766 MiB.
2026-09-24T11:14:49Z INFO [483/500] 13372674-ebe0-472e-b042-41cfbff806ae: valid; 97.8 s; peak memory 4144 MiB.
2026-09-24T11:14:52Z INFO [484/500] 1337811b-ff4e-4a65-9de2-4f35cf167fec: valid; 2.6 s; peak memory 4144 MiB.
2026-09-24T11:14:52Z WARNING 1337d1c0-be17-41aa-9efc-ca6555085e1c: failed while retrieving asset information from the DANDI API (NotFoundError: No asset at path 'sub-LG615/sub-LG615_ses-20250916_obj-6ym5jj_ophys.nwb' in version 0.260915.2135. Verify the path is correct and the asset exists in this version. Use 'dandi ls' to list available assets.)
2026-09-24T11:14:52Z WARNING 13380c81-c02f-490e-a88d-211cf3fb4bc7: failed while retrieving asset information from the DANDI API (NotFoundError: No asset at path 'sub-parkinson-simulated-beta/sub-parkinson-simulated-beta_ses-5338_ecephys.nwb' in version 0.250327.2220. Verify the path is correct and the asset exists in this version. Use 'dandi ls' to list available assets.)
2026-09-24T11:15:03Z INFO [487/500] 1338a2a2-738a-4650-86e8-7c3a7c4bbf59: valid; 10.9 s; peak memory 4144 MiB.
2026-09-24T11:15:05Z INFO [488/500] 1339b70a-64f8-4511-bddd-e18a346f5a97: not valid; 1.9 s; peak memory 4144 MiB.
2026-09-24T11:15:07Z INFO [489/500] 1339c06e-ba2f-4633-8b31-4447dc0d4d6a: valid; 2.4 s; peak memory 4144 MiB.
2026-09-24T11:15:11Z INFO [490/500] 1339d433-6452-4d26-a39e-4df6f2f7ff6a: valid; 4.0 s; peak memory 4144 MiB.
2026-09-24T11:18:28Z INFO [491/500] 1339d99b-d140-43bb-bf72-e3e13b001fbc: not valid; 196.4 s; peak memory 4550 MiB.
2026-09-24T11:18:30Z INFO [492/500] 133a4cc2-55e9-4ce0-bd27-ba90726d72d1: not valid; 1.9 s; peak memory 4553 MiB.
2026-09-24T11:18:31Z INFO [493/500] 133b2e8e-dc3d-427b-89c6-a60510a60577: valid; 1.6 s; peak memory 4555 MiB.
2026-09-24T11:18:34Z INFO [494/500] 133be2e7-4109-4abf-8cd1-a1f838c13a7f: valid; 2.3 s; peak memory 4563 MiB.
2026-09-24T11:18:37Z INFO [495/500] 133ca552-47dc-4026-88f9-5f45dbb6eb31: valid; 3.3 s; peak memory 4570 MiB.
2026-09-24T11:18:38Z INFO [496/500] 133d20da-8438-42f2-8bfd-37df11912a0e: valid; 1.4 s; peak memory 4570 MiB.
2026-09-24T11:18:40Z INFO [497/500] 133d2e26-43b6-4d20-8fb7-9ba8fc3356e1: not valid; 1.9 s; peak memory 4572 MiB.
2026-09-24T11:19:02Z INFO [498/500] 133d5c83-793a-4799-b7f8-f1603d3c74ef: valid; 21.7 s; peak memory 4586 MiB.
2026-09-24T11:19:04Z INFO [499/500] 133d789c-97fc-4040-b65d-fb335713981e: valid; 2.4 s; peak memory 4586 MiB.
2026-09-24T11:19:06Z INFO [500/500] 133d92a8-50b6-4d38-9446-ee1d1fd3de58: valid; 1.2 s; peak memory 4586 MiB.
2026-09-24T11:19:06Z INFO [500/500] 133d92a8-50b6-4d38-9446-ee1d1fd3de58: checkpointed 77510 records.
2026-09-24T11:19:07Z INFO Wrote 77510 records to /tmp/derivatives/content_id_to_valid_nwb_file.jsonl (479 new, 21 failed) in 40.0 min (peak memory 4586 MiB).
