2026-10-01T11:57:17Z INFO Logging to /tmp/logs/update_2026-10-01T11-57-17Z.log.
2026-10-01T11:57:17Z INFO Update content-id-to-valid-nwb-file (base directory /tmp).
2026-10-01T11:57:20Z INFO Processing 500 items (87010 already recorded).
2026-10-01T11:57:20Z WARNING 07cf233f-b71d-4775-b93c-060f3ddec2e2: failed while retrieving asset information from the DANDI API (HTTPError: Error 401 while sending GET request to https://api.dandiarchive.org/api/dandisets/002015/: {"detail":"Authentication credentials were not provided."})
2026-10-01T11:57:20Z WARNING 1731b508-9eca-4ae5-bb0d-4eb26b68409f: failed while retrieving asset information from the DANDI API (HTTPError: Error 401 while sending GET request to https://api.dandiarchive.org/api/dandisets/002015/: {"detail":"Authentication credentials were not provided."})
2026-10-01T11:57:20Z WARNING 174c75d2-fd6a-4a82-ab7c-7ce6af18db78: failed while retrieving asset information from the DANDI API (HTTPError: Error 401 while sending GET request to https://api.dandiarchive.org/api/dandisets/002015/: {"detail":"Authentication credentials were not provided."})
2026-10-01T11:57:20Z WARNING 1a956808-9478-40e1-ab12-0d5e33914c59: failed while retrieving asset information from the DANDI API (HTTPError: Error 401 while sending GET request to https://api.dandiarchive.org/api/dandisets/002015/: {"detail":"Authentication credentials were not provided."})
2026-10-01T11:57:21Z WARNING 1ab7f76f-7b1c-4d8d-96e7-8defca4759c0: failed while retrieving asset information from the DANDI API (HTTPError: Error 401 while sending GET request to https://api.dandiarchive.org/api/dandisets/002015/: {"detail":"Authentication credentials were not provided."})
2026-10-01T11:57:21Z WARNING 1c56514b-0934-4b74-8b00-030aea8836ad: failed while retrieving asset information from the DANDI API (HTTPError: Error 401 while sending GET request to https://api.dandiarchive.org/api/dandisets/002015/: {"detail":"Authentication credentials were not provided."})
2026-10-01T11:57:21Z WARNING 215fbd08-4105-4463-888d-2e6ffa299ed4: failed while retrieving asset information from the DANDI API (HTTPError: Error 401 while sending GET request to https://api.dandiarchive.org/api/dandisets/002015/: {"detail":"Authentication credentials were not provided."})
2026-10-01T11:57:21Z WARNING 219ba98f-7050-4517-982e-c9e36492a7f8: failed while retrieving asset information from the DANDI API (HTTPError: Error 401 while sending GET request to https://api.dandiarchive.org/api/dandisets/002015/: {"detail":"Authentication credentials were not provided."})
2026-10-01T11:57:23Z INFO [9/500] 21b9e669-5ca0-4f28-b1ea-1ffc19fd9061: valid; 1.9 s; peak memory 351 MiB.
2026-10-01T11:57:25Z INFO [10/500] 21ba0495-09b5-4480-9710-5a2c5f860fa8: valid; 2.1 s; peak memory 355 MiB.
2026-10-01T11:57:26Z INFO [11/500] 21ba21a1-e905-40c7-ab89-75071d25e0cc: valid; 1.5 s; peak memory 357 MiB.
2026-10-01T11:57:30Z INFO [12/500] 21ba328a-38fd-4706-b9bf-020162355d3e: valid; 3.8 s; peak memory 364 MiB.
2026-10-01T11:57:32Z INFO [13/500] 21ba7194-3226-4890-8870-3460734e39e0: valid; 2.3 s; peak memory 370 MiB.
2026-10-01T11:57:34Z INFO [14/500] 21badf00-42ce-4020-9dee-73fe3147b60a: valid; 1.9 s; peak memory 374 MiB.
2026-10-01T11:57:36Z INFO [15/500] 21bb8830-101d-4381-a074-9fdca434a632: valid; 1.7 s; peak memory 376 MiB.
2026-10-01T11:57:38Z INFO [16/500] 21bd3726-9c98-4282-9a22-e08a408cf0a2: valid; 1.6 s; peak memory 383 MiB.
2026-10-01T11:57:41Z INFO [17/500] 21bd631d-ed77-46ba-80bf-9c3989808261: valid; 3.0 s; peak memory 393 MiB.
2026-10-01T11:57:43Z INFO [18/500] 21bdcf57-1271-4067-a9dd-7cf27eab241a: valid; 2.0 s; peak memory 407 MiB.
2026-10-01T11:57:45Z INFO [19/500] 21be659d-24e0-4ed7-b396-580b08fe3f88: not valid; 2.4 s; peak memory 416 MiB.
2026-10-01T11:57:47Z INFO [20/500] 21be6e45-8e53-4dd3-97e6-a64624b03bf0: valid; 2.0 s; peak memory 427 MiB.
2026-10-01T11:57:49Z INFO [21/500] 21be8938-3299-4552-89b8-a907de347dba: not valid; 2.3 s; peak memory 433 MiB.
2026-10-01T11:57:51Z INFO [22/500] 21beb11d-10b9-4e1d-b85f-8d6ddd0fba3d: valid; 1.5 s; peak memory 435 MiB.
2026-10-01T11:57:52Z INFO [23/500] 21bf2525-8f1f-4c36-b1c6-4d7dfdf47ac5: valid; 1.5 s; peak memory 438 MiB.
2026-10-01T11:57:56Z INFO [24/500] 21bf8b28-d273-4761-b897-4b73181b4f00: valid; 3.5 s; peak memory 452 MiB.
2026-10-01T11:57:58Z INFO [25/500] 21c015d7-60eb-4be7-9993-dbf18f8f5214: valid; 2.3 s; peak memory 465 MiB.
2026-10-01T11:58:01Z INFO [26/500] 21c0b9fa-8d06-48c4-85c1-ee445ed74323: valid; 3.1 s; peak memory 475 MiB.
2026-10-01T11:58:02Z INFO [27/500] 21c11bd0-2b34-4fb8-9295-3aaa774d93c0: valid; 1.2 s; peak memory 478 MiB.
2026-10-01T11:58:04Z INFO [28/500] 21c11d0b-7deb-4a53-8572-1ff5db2fd60d: valid; 1.5 s; peak memory 480 MiB.
2026-10-01T11:58:04Z WARNING 21c12dd7-f92c-4839-bc8a-7f35b7801810: failed while retrieving asset information from the DANDI API (NotFoundError: No such Dandiset: 001533)
2026-10-01T11:58:06Z INFO [30/500] 21c145b7-ef19-407d-9fd7-6083b80352a9: not valid; 1.7 s; peak memory 480 MiB.
2026-10-01T11:58:07Z INFO [31/500] 21c180d3-429f-43ba-bd21-3aa527ab0ec1: not valid; 1.5 s; peak memory 480 MiB.
2026-10-01T11:58:11Z INFO [32/500] 21c19af3-2ae0-401f-bd98-8b2a025c88c0: valid; 3.8 s; peak memory 480 MiB.
2026-10-01T11:58:13Z INFO [33/500] 21c1abee-6319-42d7-ad52-9af756e872a3: not valid; 1.7 s; peak memory 480 MiB.
2026-10-01T11:58:14Z INFO [34/500] 21c1fc1c-de3e-4209-b4ac-64673aea41b2: valid; 1.4 s; peak memory 480 MiB.
2026-10-01T11:58:16Z INFO [35/500] 21c26383-9950-4fac-b5fe-97e90030566c: valid; 1.9 s; peak memory 480 MiB.
2026-10-01T11:58:18Z INFO [36/500] 21c3883e-4176-4df9-a286-93f08d373110: not valid; 2.0 s; peak memory 480 MiB.
2026-10-01T11:58:43Z INFO [37/500] 21c3c78e-094c-4276-85bf-f99d52c1c915: valid; 24.8 s; peak memory 651 MiB.
2026-10-01T11:58:44Z INFO [38/500] 21c44ebf-dba9-498f-9c93-b02704a3c8d6: not valid; 1.6 s; peak memory 651 MiB.
2026-10-01T11:58:44Z WARNING 21c67586-2f01-45c1-a573-b3e3b6ae0598: failed while retrieving asset information from the DANDI API (NotFoundError: No such Dandiset: 001889)
2026-10-01T11:58:46Z INFO [40/500] 21c6871b-3bf8-458d-8ddb-45fbd09570c5: not valid; 1.7 s; peak memory 651 MiB.
2026-10-01T11:58:51Z INFO [41/500] 21c76153-6111-47ce-a4da-de6664c6422e: valid; 4.6 s; peak memory 660 MiB.
2026-10-01T11:58:55Z INFO [42/500] 21c7aaa0-81c7-4939-8363-a8938dab79a1: valid; 4.3 s; peak memory 666 MiB.
2026-10-01T11:59:09Z INFO [43/500] 21c7c294-11d2-4198-b50a-17e5d01ecef1: not valid; 13.6 s; peak memory 666 MiB.
2026-10-01T11:59:11Z INFO [44/500] 21c807ad-dfdd-4f7f-b170-3fc520c04706: not valid; 2.0 s; peak memory 666 MiB.
2026-10-01T11:59:13Z INFO [45/500] 21c81280-d79f-4cfc-b30e-b7e6f92d88f7: valid; 2.0 s; peak memory 666 MiB.
2026-10-01T11:59:15Z INFO [46/500] 21c9293c-b655-4e40-8bc9-3fc2edfb4706: valid; 2.5 s; peak memory 666 MiB.
2026-10-01T11:59:17Z INFO [47/500] 21ca1aaa-f08b-4c4b-9619-ca5d5f9a8e81: valid; 1.5 s; peak memory 667 MiB.
2026-10-01T11:59:19Z INFO [48/500] 21ca9a50-45eb-486d-876c-36f9dfe48f66: valid; 2.2 s; peak memory 669 MiB.
2026-10-01T11:59:20Z INFO [49/500] 21cb3e3d-0aed-4d71-a076-8a25476cbcaf: valid; 1.4 s; peak memory 672 MiB.
2026-10-01T11:59:22Z INFO [50/500] 21cbb0ab-230b-461b-b17e-aa191233c618: valid; 1.3 s; peak memory 674 MiB.
2026-10-01T11:59:22Z INFO [50/500] 21cbb0ab-230b-461b-b17e-aa191233c618: checkpointed 87060 records.
2026-10-01T11:59:25Z INFO [51/500] 21cbd763-d815-4410-a17a-24a2a9a87d00: valid; 3.0 s; peak memory 682 MiB.
2026-10-01T11:59:30Z INFO [52/500] 21cd19a6-a33f-404a-a67a-e161f48a7276: not valid; 5.1 s; peak memory 698 MiB.
2026-10-01T11:59:32Z INFO [53/500] 21cd8f2b-71d0-414c-9a71-dc8fe1405ac7: valid; 1.3 s; peak memory 698 MiB.
2026-10-01T11:59:40Z INFO [54/500] 21ce42a6-92b6-45ff-91f8-f14a55f5779d: valid; 8.7 s; peak memory 708 MiB.
2026-10-01T11:59:43Z INFO [55/500] 21ce4b42-d98b-479e-af52-2b73c8bf8d4f: valid; 2.4 s; peak memory 708 MiB.
2026-10-01T11:59:57Z INFO [56/500] 21cea400-c5b6-41a5-822b-cffc65111ddd: valid; 14.8 s; peak memory 708 MiB.
2026-10-01T12:00:00Z INFO [57/500] 21ceb35f-45f5-4fbc-a407-3e7f294b7502: valid; 2.2 s; peak memory 708 MiB.
2026-10-01T12:00:02Z INFO [58/500] 21cebb26-e9b4-453d-8fe4-b16eb369e5ad: valid; 2.2 s; peak memory 708 MiB.
2026-10-01T12:00:04Z INFO [59/500] 21ced00e-ded7-44e0-9602-88b1a2aa5947: valid; 2.1 s; peak memory 708 MiB.
2026-10-01T12:00:07Z INFO [60/500] 21cf378d-e129-4fbb-a5a9-dcb4830bfc58: valid; 2.7 s; peak memory 708 MiB.
2026-10-01T12:00:08Z INFO [61/500] 21cfb025-bb1f-4da2-a2ec-70fa73ebe1aa: valid; 1.3 s; peak memory 708 MiB.
2026-10-01T12:00:14Z INFO [62/500] 21cffddc-aa2b-462d-a036-6ac0dab721d9: valid; 6.6 s; peak memory 711 MiB.
2026-10-01T12:00:36Z INFO [63/500] 21d032b5-24e1-4e80-9ec1-e7795518dcf8: valid; 21.7 s; peak memory 884 MiB.
2026-10-01T12:00:38Z INFO [64/500] 21d0e556-1a0f-4209-a9b8-625730440b23: valid; 2.0 s; peak memory 892 MiB.
2026-10-01T12:00:40Z INFO [65/500] 21d0fe60-39a3-4425-92c0-daef139bd98c: valid; 1.7 s; peak memory 894 MiB.
2026-10-01T12:00:41Z INFO [66/500] 21d191f6-cea1-4768-a50f-6f0686f563ab: valid; 1.4 s; peak memory 894 MiB.
2026-10-01T12:00:43Z INFO [67/500] 21d2741f-b4b5-4230-b0d0-a6423bfd7eb9: valid; 1.4 s; peak memory 894 MiB.
2026-10-01T12:00:44Z INFO [68/500] 21d33b7d-0774-4f56-9861-8c45d67b9a60: valid; 1.3 s; peak memory 895 MiB.
2026-10-01T12:00:46Z INFO [69/500] 21d3babb-81f8-46be-848f-c2eb095f7c5e: not valid; 1.6 s; peak memory 895 MiB.
2026-10-01T12:00:53Z INFO [70/500] 21d409e3-141e-4a0d-9f34-998f375f970f: not valid; 7.1 s; peak memory 904 MiB.
2026-10-01T12:00:56Z INFO [71/500] 21d41262-d341-4291-9218-18181e493652: valid; 2.9 s; peak memory 919 MiB.
2026-10-01T12:01:07Z INFO [72/500] 21d41469-7558-41bf-9a77-fde7623032c6: valid; 11.4 s; peak memory 997 MiB.
2026-10-01T12:01:09Z INFO [73/500] 21d4331a-81a5-4463-bfb3-e9f1da201edb: valid; 2.2 s; peak memory 1011 MiB.
2026-10-01T12:01:09Z WARNING 21d48458-2a4e-4e40-a26c-56f3b75d688b: failed while retrieving asset information from the DANDI API (NotFoundError: No asset at path 'sub-ZS062/sub-ZS062_ses-behavior-ZS062-2021-04-07-17-58-07.nwb' in version 0.260928.2230. Verify the path is correct and the asset exists in this version. Use 'dandi ls' to list available assets.)
2026-10-01T12:01:16Z INFO [75/500] 21d50780-28b0-457d-9643-ab2ee83880cd: valid; 6.8 s; peak memory 1049 MiB.
2026-10-01T12:01:17Z INFO [76/500] 21d52b88-43a2-4221-96cd-555f9a843687: not valid; 1.4 s; peak memory 1053 MiB.
2026-10-01T12:01:27Z INFO [77/500] 21d52be1-186e-4ac3-9b03-de249e3b6ce2: valid; 9.6 s; peak memory 1069 MiB.
2026-10-01T12:01:30Z INFO [78/500] 21d52c59-4560-444d-b5fd-83fd50ca272c: not valid; 2.6 s; peak memory 1070 MiB.
2026-10-01T12:01:33Z INFO [79/500] 21d6b547-6917-4165-ae44-db6720d87ce1: valid; 3.2 s; peak memory 1081 MiB.
2026-10-01T12:01:33Z WARNING 21d6cccb-0be6-4b82-966b-5c65f7b5b8d9: failed while retrieving asset information from the DANDI API (NotFoundError: No asset at path 'sub-parkinson-simulated-lfp/sub-parkinson-simulated-lfp_ses-5809_ecephys.nwb' in version 0.250327.2220. Verify the path is correct and the asset exists in this version. Use 'dandi ls' to list available assets.)
2026-10-01T12:01:34Z INFO [81/500] 21d73b7e-ae06-4ad9-a17d-a7f856ec48ed: valid; 1.4 s; peak memory 1081 MiB.
2026-10-01T12:01:36Z INFO [82/500] 21d73c96-bf3b-425f-ad25-de6c7e1ca8ff: valid; 1.3 s; peak memory 1081 MiB.
2026-10-01T12:01:37Z INFO [83/500] 21d76b60-0117-4500-a38e-74f7e417716c: valid; 1.4 s; peak memory 1081 MiB.
2026-10-01T12:02:00Z INFO [84/500] 21d815ff-81ed-4ad5-8067-7eabbd417220: valid; 22.5 s; peak memory 1081 MiB.
2026-10-01T12:02:01Z INFO [85/500] 21d82aed-acbe-4a5a-8d62-f76f3e392b41: valid; 1.7 s; peak memory 1081 MiB.
2026-10-01T12:02:07Z INFO [86/500] 21d84752-0359-4eb2-8819-f78c78573e06: valid; 6.0 s; peak memory 1081 MiB.
2026-10-01T12:02:24Z INFO [87/500] 21d868ee-d2b2-4cf3-b8ec-94c5e96a970d: valid; 17.0 s; peak memory 1102 MiB.
2026-10-01T12:02:27Z INFO [88/500] 21d89b96-8634-443f-adcb-be58595a62b7: valid; 2.3 s; peak memory 1104 MiB.
2026-10-01T12:02:54Z INFO [89/500] 21d93616-3603-4072-8635-2db345201424: not valid; 27.4 s; peak memory 1156 MiB.
2026-10-01T12:02:57Z INFO [90/500] 21db144a-c01a-4188-8e25-677d6c9286b8: valid; 3.1 s; peak memory 1157 MiB.
2026-10-01T12:03:00Z INFO [91/500] 21db237f-770a-44fb-9e92-36e0ee0a05c5: valid; 2.9 s; peak memory 1158 MiB.
2026-10-01T12:03:02Z WARNING 21dba331-56e7-4676-a6d3-43e222459a0e: failed while opening the NWB file (ConstructError: (root/acquisition/_iblmic_audioSpectrogram/bands GroupBuilder {'attributes': {'colnames': array(['freq'], dtype=object), 'description': 'spectogram frequencies', 'namespace': 'core', 'neurodata_type': 'FrequencyBandsTable', 'object_id': '6bb45b73-c199-4642-acfd-3884fa7d714e'}, 'groups': {}, 'datasets': {'freq': root/acquisition/_iblmic_audioSpectrogram/bands/freq DatasetBuilder {'attributes': {'description': 'frequency value', 'namespace': 'hdmf-common', 'neurodata_type': 'VectorData', 'object_id': '5a96df29-8633-4990-b64f-5aef81dece04'}, 'data': <HDF5 dataset "freq": shape (257,), type "<f4">}, 'id': root/acquisition/_iblmic_audioSpectrogram/bands/id DatasetBuilder {'attributes': {'namespace': 'hdmf-common', 'neurodata_type': 'ElementIdentifiers', 'object_id': 'c8ea7b15-42e4-45f4-ae9a-05c9dc76ec44'}, 'data': <HDF5 dataset "id": shape (257,), type "<i4">}}, 'links': {}}, "Could not construct FrequencyBandsTable object due to: column must have the same number of rows as 'id'"))
2026-10-01T12:03:09Z INFO [93/500] 21dbb877-5b72-45de-9d7a-ca6113708505: valid; 6.2 s; peak memory 1161 MiB.
2026-10-01T12:03:09Z WARNING 21dbfe93-6302-4000-b663-8485ce60e026: failed while retrieving asset information from the DANDI API (NotFoundError: No asset at path 'sub-parkinson-simulated-beta/sub-parkinson-simulated-beta_ses-2011_ecephys.nwb' in version 0.250327.2220. Verify the path is correct and the asset exists in this version. Use 'dandi ls' to list available assets.)
2026-10-01T12:03:10Z INFO [95/500] 21dc61e0-a8f9-4f28-addd-025c4b6bf3f6: valid; 1.6 s; peak memory 1161 MiB.
2026-10-01T12:03:14Z INFO [96/500] 21dcee93-03e2-45d4-9e17-48a3fb929125: valid; 3.4 s; peak memory 1161 MiB.
2026-10-01T12:03:16Z INFO [97/500] 21dd18a7-fde1-458b-af64-80cf7f3df672: not valid; 2.0 s; peak memory 1161 MiB.
2026-10-01T12:03:18Z INFO [98/500] 21dd67a9-175e-4dbc-882d-2f85773f23e1: valid; 2.3 s; peak memory 1161 MiB.
2026-10-01T12:03:20Z INFO [99/500] 21dda586-97b3-4d4f-a9a4-21641cae1778: not valid; 2.0 s; peak memory 1161 MiB.
2026-10-01T12:03:21Z INFO [100/500] 21ddf056-c357-49c6-8b69-47bfbd7c54d3: not valid; 1.5 s; peak memory 1161 MiB.
2026-10-01T12:03:22Z INFO [100/500] 21ddf056-c357-49c6-8b69-47bfbd7c54d3: checkpointed 87110 records.
2026-10-01T12:03:27Z INFO [101/500] 21de7e35-f4a3-432a-96b9-beb4b3c1d4df: valid; 5.1 s; peak memory 1161 MiB.
2026-10-01T12:03:29Z INFO [102/500] 21deb10b-0fde-4eee-8879-87cb9394df39: not valid; 2.2 s; peak memory 1161 MiB.
2026-10-01T12:03:32Z INFO [103/500] 21df87a9-ba5c-414b-af45-42b145df30b9: valid; 3.0 s; peak memory 1161 MiB.
2026-10-01T12:03:34Z INFO [104/500] 21dfb04c-da72-44c6-a8c3-363f46dd4622: valid; 1.6 s; peak memory 1161 MiB.
2026-10-01T12:03:36Z INFO [105/500] 21e0905e-1a34-4ea8-bb2b-f576a3d7b0f7: valid; 2.3 s; peak memory 1161 MiB.
2026-10-01T12:03:38Z INFO [106/500] 21e0910a-f875-40d3-b124-50c169e7d24d: valid; 1.8 s; peak memory 1161 MiB.
2026-10-01T12:03:43Z INFO [107/500] 21e19c13-597c-4630-a535-998054634523: not valid; 4.6 s; peak memory 1161 MiB.
2026-10-01T12:03:44Z INFO [108/500] 21e1c66a-918d-43d3-98b6-82e98704ed8b: valid; 1.5 s; peak memory 1161 MiB.
2026-10-01T12:03:49Z INFO [109/500] 21e1eafe-3c03-4b15-ad8f-775fd44d5150: valid; 4.4 s; peak memory 1161 MiB.
2026-10-01T12:03:50Z INFO [110/500] 21e26532-ff1c-4527-9676-f65b92ca5f9b: valid; 1.5 s; peak memory 1161 MiB.
2026-10-01T12:03:51Z INFO [111/500] 21e26ddf-efb5-4edd-a32f-c10de3491015: valid; 1.3 s; peak memory 1161 MiB.
2026-10-01T12:03:53Z INFO [112/500] 21e2c745-7a80-4d09-8fe1-6ae62d7f347f: valid; 1.4 s; peak memory 1161 MiB.
2026-10-01T12:03:56Z INFO [113/500] 21e2c868-a89c-4aa3-8ebf-d12016eb1b0e: valid; 3.1 s; peak memory 1161 MiB.
2026-10-01T12:03:58Z INFO [114/500] 21e2ce65-409a-4385-97d7-222d6da426e1: not valid; 2.0 s; peak memory 1161 MiB.
2026-10-01T12:04:01Z INFO [115/500] 21e3816c-2af3-4831-9814-beeb9ffd7eb1: valid; 2.9 s; peak memory 1161 MiB.
2026-10-01T12:04:02Z INFO [116/500] 21e41e9b-9c3e-47f5-a1b1-f1e285518aab: valid; 1.3 s; peak memory 1161 MiB.
2026-10-01T12:04:04Z WARNING 21e4c8ea-ab67-4d27-a4e0-b2279b2940ad: failed while opening the NWB file (ConstructError: (root/acquisition/_iblmic_audioSpectrogram/bands GroupBuilder {'attributes': {'colnames': array(['freq'], dtype=object), 'description': 'spectogram frequencies', 'namespace': 'core', 'neurodata_type': 'FrequencyBandsTable', 'object_id': '8e50e7a4-0af0-4498-8cbc-3dc3b4f26c2f'}, 'groups': {}, 'datasets': {'freq': root/acquisition/_iblmic_audioSpectrogram/bands/freq DatasetBuilder {'attributes': {'description': 'frequency value', 'namespace': 'hdmf-common', 'neurodata_type': 'VectorData', 'object_id': '087de9e6-faa0-426a-87da-3d18df9e8a24'}, 'data': <HDF5 dataset "freq": shape (257,), type "<f4">}, 'id': root/acquisition/_iblmic_audioSpectrogram/bands/id DatasetBuilder {'attributes': {'namespace': 'hdmf-common', 'neurodata_type': 'ElementIdentifiers', 'object_id': '8ad592f4-2b6c-4fde-bd2a-d1635df3a94e'}, 'data': <HDF5 dataset "id": shape (257,), type "<i4">}}, 'links': {}}, "Could not construct FrequencyBandsTable object due to: column must have the same number of rows as 'id'"))
2026-10-01T12:04:20Z INFO [118/500] 21e5a1fd-a1bd-4e0a-8dce-3969f281addc: valid; 15.7 s; peak memory 1161 MiB.
2026-10-01T12:04:20Z WARNING 21e60bee-d41d-4fe2-b360-326f8f976070: failed while retrieving asset information from the DANDI API (NotFoundError: No such Dandiset: 000561)
2026-10-01T12:04:23Z INFO [120/500] 21e6499f-f25f-4b88-80bd-275362d9f1d2: valid; 2.9 s; peak memory 1161 MiB.
2026-10-01T12:04:33Z INFO [121/500] 21e6b0ce-9083-4254-a301-42b20f4cc19a: valid; 10.0 s; peak memory 1161 MiB.
2026-10-01T12:04:36Z INFO [122/500] 21e74c5d-3b75-48c8-9875-bb6594592819: valid; 2.9 s; peak memory 1163 MiB.
2026-10-01T12:04:37Z INFO [123/500] 21e75e5c-131b-462b-a2bc-f460ce246e8b: valid; 1.5 s; peak memory 1164 MiB.
2026-10-01T12:04:39Z INFO [124/500] 21e80128-3ce7-4161-926b-f9a039405739: not valid; 1.6 s; peak memory 1164 MiB.
2026-10-01T12:04:47Z INFO [125/500] 21e8b4fe-6b52-409b-835a-36a3d9e72c94: valid; 7.7 s; peak memory 1173 MiB.
2026-10-01T12:04:48Z INFO [126/500] 21e94101-d711-4b7f-8345-f1288a42bbf6: not valid; 1.5 s; peak memory 1174 MiB.
2026-10-01T12:04:50Z INFO [127/500] 21e97737-406e-4c4c-8238-6b0b627c7ba3: valid; 1.5 s; peak memory 1174 MiB.
2026-10-01T12:04:51Z INFO [128/500] 21e9a095-90ef-4c2b-bdea-8aa690139b0c: valid; 1.5 s; peak memory 1175 MiB.
2026-10-01T12:04:53Z INFO [129/500] 21e9e851-a38b-4e53-ac69-a3cfbe3407a2: valid; 2.2 s; peak memory 1176 MiB.
2026-10-01T12:04:56Z INFO [130/500] 21eb558f-2162-4af2-b660-5ec30645f8c5: valid; 2.6 s; peak memory 1177 MiB.
2026-10-01T12:04:57Z INFO [131/500] 21ebb38d-e1e0-4af9-9c47-7dd3d4cd3be8: valid; 1.4 s; peak memory 1178 MiB.
2026-10-01T12:04:59Z INFO [132/500] 21ed185f-48ac-4889-a39c-a9ff8b932623: valid; 1.6 s; peak memory 1178 MiB.
2026-10-01T12:05:01Z INFO [133/500] 21ed32da-f3cb-4ef9-b8bf-ce661f2f8644: valid; 2.4 s; peak memory 1181 MiB.
2026-10-01T12:05:04Z INFO [134/500] 21edda0e-9e27-400c-80e5-83c82225f334: valid; 2.3 s; peak memory 1195 MiB.
2026-10-01T12:05:05Z INFO [135/500] 21ee12a0-71e1-46bc-a8f6-05fc48de6376: valid; 1.6 s; peak memory 1195 MiB.
2026-10-01T12:05:07Z INFO [136/500] 21ee20e8-a54b-4a26-ab27-be1f601da5f3: valid; 1.2 s; peak memory 1195 MiB.
2026-10-01T12:05:09Z INFO [137/500] 21ee3bee-d17e-461f-a2f5-ac7461daba9d: not valid; 1.9 s; peak memory 1195 MiB.
2026-10-01T12:05:10Z INFO [138/500] 21ee5d73-688b-4bcc-9d21-55262e7ba61b: not valid; 1.9 s; peak memory 1197 MiB.
2026-10-01T12:05:15Z INFO [139/500] 21ee8144-17a9-4fc6-ba4e-6a279e4a147f: valid; 4.3 s; peak memory 1200 MiB.
2026-10-01T12:05:35Z INFO [140/500] 21eec3c6-f603-4a49-be74-f294edb343d0: valid; 19.9 s; peak memory 1200 MiB.
2026-10-01T12:05:37Z INFO [141/500] 21eee3f7-79b7-424f-8698-e976c6253c31: valid; 2.5 s; peak memory 1200 MiB.
2026-10-01T12:05:40Z INFO [142/500] 21ef0394-72e3-4444-ace9-228f588deba6: valid; 3.2 s; peak memory 1200 MiB.
2026-10-01T12:05:48Z INFO [143/500] 21ef183d-c311-46a4-80f4-56020856b986: valid; 7.8 s; peak memory 1200 MiB.
2026-10-01T12:05:51Z INFO [144/500] 21ef191f-4800-4e8a-b006-e49545c84e32: valid; 3.2 s; peak memory 1200 MiB.
2026-10-01T12:05:54Z INFO [145/500] 21ef57b3-156f-48df-a6aa-7adeb3ea3f83: valid; 2.3 s; peak memory 1200 MiB.
2026-10-01T12:05:55Z INFO [146/500] 21ef9de3-576b-432f-b207-6c2599f40a9b: not valid; 1.5 s; peak memory 1200 MiB.
2026-10-01T12:05:57Z INFO [147/500] 21f01f32-a2a0-40b5-8fbd-e32af041f440: valid; 1.5 s; peak memory 1200 MiB.
2026-10-01T12:05:58Z INFO [148/500] 21f0241b-c162-47ef-9083-20baf806551b: not valid; 1.7 s; peak memory 1200 MiB.
2026-10-01T12:06:07Z INFO [149/500] 21f052e1-0d02-45c7-bc49-cc96713dde6a: valid; 8.5 s; peak memory 1200 MiB.
2026-10-01T12:06:09Z INFO [150/500] 21f05cc8-5f2f-41de-be91-c4db8115dc55: valid; 2.1 s; peak memory 1200 MiB.
2026-10-01T12:06:10Z INFO [150/500] 21f05cc8-5f2f-41de-be91-c4db8115dc55: checkpointed 87160 records.
2026-10-01T12:06:12Z INFO [151/500] 21f08167-541a-4e55-94fb-5acc9875eb62: valid; 2.3 s; peak memory 1200 MiB.
2026-10-01T12:06:14Z INFO [152/500] 21f0bbb0-8b2a-4c09-887c-f8f2014a4b01: not valid; 1.6 s; peak memory 1200 MiB.
2026-10-01T12:06:14Z WARNING 21f112b6-6f63-4236-97a7-87c532917ba7: failed while retrieving asset information from the DANDI API (NotFoundError: No asset at path 'sub-455220/sub-455220_ses-20190731T151805_behavior+ecephys+ogen.nwb' in version 0.231012.2129. Verify the path is correct and the asset exists in this version. Use 'dandi ls' to list available assets.)
2026-10-01T12:06:17Z INFO [154/500] 21f161ec-72e9-4be2-ab3a-3007086f8909: valid; 3.5 s; peak memory 1200 MiB.
2026-10-01T12:06:19Z INFO [155/500] 21f1f68b-a7d1-4a3e-a0d9-091660a4fcb5: valid; 1.4 s; peak memory 1201 MiB.
2026-10-01T12:06:20Z INFO [156/500] 21f248e3-aab9-44d3-a77d-957a3a60d456: valid; 1.5 s; peak memory 1202 MiB.
2026-10-01T12:06:23Z INFO [157/500] 21f25fcb-dbdd-4076-8dfa-810884b598b7: valid; 2.6 s; peak memory 1202 MiB.
2026-10-01T12:06:33Z INFO [158/500] 21f266ff-d15c-4ad3-809a-508051adf9df: valid; 10.0 s; peak memory 1220 MiB.
2026-10-01T12:06:37Z INFO [159/500] 21f34497-2dc1-4c86-a73c-9f076ed489e9: valid; 4.8 s; peak memory 1223 MiB.
2026-10-01T12:06:40Z INFO [160/500] 21f3871d-1794-4356-aa92-61fca3039c5f: valid; 2.8 s; peak memory 1226 MiB.
2026-10-01T12:06:44Z INFO [161/500] 21f3e615-0864-4700-a445-4aa31e1865d3: valid; 3.6 s; peak memory 1227 MiB.
2026-10-01T12:06:56Z INFO [162/500] 21f4129c-8841-4d27-aa4e-c91716ac9e37: valid; 11.9 s; peak memory 1228 MiB.
2026-10-01T12:06:58Z INFO [163/500] 21f480d2-234d-4179-afc5-238d6244b068: valid; 2.0 s; peak memory 1228 MiB.
2026-10-01T12:07:00Z INFO [164/500] 21f4b2f0-e06b-4596-9ec3-1e2378eb2607: valid; 2.6 s; peak memory 1228 MiB.
2026-10-01T12:07:05Z INFO [165/500] 21f51443-ab76-4b8d-ade0-8f6a2ee7c0ce: valid; 4.8 s; peak memory 1228 MiB.
2026-10-01T12:07:07Z INFO [166/500] 21f55db5-e25a-4e62-ba0b-40a7ea132ba3: not valid; 2.2 s; peak memory 1228 MiB.
2026-10-01T12:07:09Z INFO [167/500] 21f5a52d-4073-454e-b682-8b32e4c821b0: valid; 2.0 s; peak memory 1228 MiB.
2026-10-01T12:07:13Z INFO [168/500] 21f5a5f4-462f-4c7a-9736-1a29e37f66fa: valid; 3.5 s; peak memory 1228 MiB.
2026-10-01T12:07:16Z INFO [169/500] 21f603a9-82bd-466d-a33f-d01b05d8bfb7: valid; 3.5 s; peak memory 1228 MiB.
2026-10-01T12:09:04Z INFO [170/500] 21f61733-aa2b-4eb3-924e-7eb60e0d4ee5: valid; 108.2 s; peak memory 3141 MiB.
2026-10-01T12:09:07Z INFO [171/500] 21f72438-514f-43ff-9c77-7e12c34b2898: valid; 2.4 s; peak memory 3152 MiB.
2026-10-01T12:09:09Z INFO [172/500] 21f8c718-d7ab-4c0c-b079-4f1c1c5f9128: not valid; 1.7 s; peak memory 3158 MiB.
2026-10-01T12:09:11Z INFO [173/500] 21f8ed6d-5d5b-43e0-a40d-7b35b8054b90: valid; 2.1 s; peak memory 3172 MiB.
2026-10-01T12:10:54Z INFO [174/500] 21f92041-0203-43c5-b5b2-9b1d8100736a: valid; 103.5 s; peak memory 3687 MiB.
2026-10-01T12:10:56Z INFO [175/500] 21f9a3e7-e6f5-4f24-9eb1-077a25ad0984: not valid; 1.9 s; peak memory 3687 MiB.
2026-10-01T12:10:56Z WARNING 21f9d73e-72e3-4142-99c1-465fc33cc939: failed while retrieving asset information from the DANDI API (NotFoundError: No asset at path 'sub-ZS061/sub-ZS061_ses-behavior-ZS061-2021-03-16-15-30-00.nwb' in version 0.260928.2230. Verify the path is correct and the asset exists in this version. Use 'dandi ls' to list available assets.)
2026-10-01T12:11:11Z INFO [177/500] 21fa22bb-8a78-45fa-9f59-3d7b985213f8: valid; 14.9 s; peak memory 3687 MiB.
2026-10-01T12:11:34Z INFO [178/500] 21fa3cf6-559a-484f-8696-253cd40ae4d9: not valid; 23.1 s; peak memory 3708 MiB.
2026-10-01T12:11:36Z INFO [179/500] 21fa450c-6ea7-4fa8-b917-8ef8d7eb63c5: valid; 1.6 s; peak memory 3708 MiB.
2026-10-01T12:11:37Z INFO [180/500] 21fad646-5e10-445a-83cd-602d35e2a644: valid; 1.7 s; peak memory 3708 MiB.
2026-10-01T12:11:51Z INFO [181/500] 21faea34-e4d0-4fe4-838f-3f092beb1679: valid; 13.8 s; peak memory 3734 MiB.
2026-10-01T12:12:42Z INFO [182/500] 21fb1b88-6f87-4992-9cbb-e10cf3aee05e: valid; 50.5 s; peak memory 3834 MiB.
2026-10-01T12:12:43Z INFO [183/500] 21fb247f-8fde-49d7-baa3-86a31e905ad2: valid; 1.5 s; peak memory 3835 MiB.
2026-10-01T12:12:45Z INFO [184/500] 21fb5daa-0d59-4e02-85f8-0f4ddaf21cc3: not valid; 2.1 s; peak memory 3837 MiB.
2026-10-01T12:12:47Z INFO [185/500] 21fb7ab4-20e6-4bf8-a3d9-1b6df6daa7ea: valid; 2.1 s; peak memory 3838 MiB.
2026-10-01T12:13:00Z INFO [186/500] 21fbaf02-b442-440b-96fb-b97c9e91d3a1: valid; 12.8 s; peak memory 3860 MiB.
2026-10-01T12:13:02Z INFO [187/500] 21fc4720-d8fc-430a-b85b-98dd599f32b2: valid; 1.5 s; peak memory 3860 MiB.
2026-10-01T12:13:05Z INFO [188/500] 21fc4a96-1195-4b31-ac1b-97edf36726ed: valid; 3.3 s; peak memory 3861 MiB.
2026-10-01T12:13:08Z INFO [189/500] 21fc839e-4f87-4a58-becb-ec57b8ca5add: valid; 3.4 s; peak memory 3861 MiB.
2026-10-01T12:13:11Z INFO [190/500] 21fc89d8-a626-43c8-aa5e-9ee3b54d6c0c: valid; 2.6 s; peak memory 3861 MiB.
2026-10-01T12:13:14Z INFO [191/500] 21fccd4d-a8d9-4af6-bbf4-350233fe2a16: valid; 2.9 s; peak memory 3861 MiB.
2026-10-01T12:13:16Z INFO [192/500] 21fd112d-3e19-41df-9166-9051a66784f8: valid; 2.2 s; peak memory 3861 MiB.
2026-10-01T12:13:18Z INFO [193/500] 21fd9cd1-67a8-4075-b9c9-fbb40dfb1aab: not valid; 2.2 s; peak memory 3861 MiB.
2026-10-01T12:13:24Z INFO [194/500] 21fdaafb-10fc-4827-9a94-9bab40a2b88e: valid; 5.6 s; peak memory 3861 MiB.
2026-10-01T12:13:25Z INFO [195/500] 21ff69f3-8be2-415e-9c8f-90d085e02c9f: not valid; 1.1 s; peak memory 3861 MiB.
2026-10-01T12:13:37Z INFO [196/500] 21ff96d6-8618-4bb2-8608-23e343e6dc8f: valid; 12.1 s; peak memory 3861 MiB.
2026-10-01T12:13:39Z INFO [197/500] 21ffc617-cab9-4c0c-bec9-9e2e17d0c3e4: valid; 1.4 s; peak memory 3861 MiB.
2026-10-01T12:13:52Z INFO [198/500] 2200af19-d92b-461c-af45-ea4d02b85f41: valid; 13.7 s; peak memory 3861 MiB.
2026-10-01T12:14:02Z INFO [199/500] 2200b946-c378-4d9c-83e7-78ef8b8fb32a: valid; 9.5 s; peak memory 3861 MiB.
2026-10-01T12:14:19Z INFO [200/500] 22013e32-b3b6-4b38-a70f-25c8feec1b3c: valid; 16.8 s; peak memory 4147 MiB.
2026-10-01T12:14:19Z INFO [200/500] 22013e32-b3b6-4b38-a70f-25c8feec1b3c: checkpointed 87210 records.
2026-10-01T12:14:23Z INFO [201/500] 2201baed-2ae3-4692-b8bf-61de43d572d3: not valid; 3.4 s; peak memory 4147 MiB.
2026-10-01T12:14:24Z INFO [202/500] 2201f47c-48fe-4ab2-bdda-54b908d1f190: valid; 1.4 s; peak memory 4147 MiB.
2026-10-01T12:14:26Z INFO [203/500] 22033407-1759-47f8-ab96-2d348a0b8ff0: valid; 2.3 s; peak memory 4147 MiB.
2026-10-01T12:14:30Z INFO [204/500] 22033413-dc87-46a4-8527-935e73a80951: valid; 3.4 s; peak memory 4147 MiB.
2026-10-01T12:14:31Z INFO [205/500] 220348ed-32d9-474b-a56e-567bf0e71dbb: valid; 1.4 s; peak memory 4147 MiB.
2026-10-01T12:14:33Z INFO [206/500] 22038835-532f-45cd-8d4b-b88f9f9eb907: valid; 1.5 s; peak memory 4147 MiB.
2026-10-01T12:14:35Z INFO [207/500] 2203e5c2-e17e-4600-a39f-1655236f92bc: valid; 2.2 s; peak memory 4147 MiB.
2026-10-01T12:14:36Z INFO [208/500] 22041d25-12b9-47d0-aae6-b21af03e33e5: valid; 1.5 s; peak memory 4147 MiB.
2026-10-01T12:14:40Z INFO [209/500] 22043ec4-674a-45d2-b99b-7215351124f6: valid; 3.9 s; peak memory 4147 MiB.
2026-10-01T12:14:42Z INFO [210/500] 2204a3f8-81dc-4d79-9d3b-a8a52f8d7c66: valid; 1.3 s; peak memory 4147 MiB.
2026-10-01T12:14:43Z INFO [211/500] 2204cb12-d179-4cc3-8368-de24fc91d02c: not valid; 1.5 s; peak memory 4147 MiB.
2026-10-01T12:14:45Z INFO [212/500] 2204dc43-6440-48ab-9d5b-a52c798e0adc: not valid; 1.7 s; peak memory 4147 MiB.
2026-10-01T12:14:46Z INFO [213/500] 22050885-db2e-4c74-b28b-690ba1b3cc40: not valid; 1.4 s; peak memory 4147 MiB.
2026-10-01T12:15:45Z INFO [214/500] 22052e48-d00f-4360-8cd1-0b6160d20646: valid; 58.5 s; peak memory 4147 MiB.
2026-10-01T12:15:47Z INFO [215/500] 2205b890-8c54-45c1-b6de-09fa4bf05b92: not valid; 2.2 s; peak memory 4147 MiB.
2026-10-01T12:15:49Z INFO [216/500] 2205b902-6301-405f-99a7-0fe2e22f811e: valid; 2.2 s; peak memory 4147 MiB.
2026-10-01T12:15:53Z INFO [217/500] 22067f15-46b7-4005-8d1d-79524f61a300: valid; 3.4 s; peak memory 4147 MiB.
2026-10-01T12:15:54Z INFO [218/500] 22068a60-2f58-411f-b5b2-0704161984a3: not valid; 1.7 s; peak memory 4147 MiB.
2026-10-01T12:15:56Z INFO [219/500] 2206f2a3-076b-4241-b4ed-7a23df0783a8: valid; 1.5 s; peak memory 4147 MiB.
2026-10-01T12:15:58Z INFO [220/500] 22071fcd-77e9-48f4-8a8f-00c9f59287f7: not valid; 2.2 s; peak memory 4147 MiB.
2026-10-01T12:16:00Z INFO [221/500] 22074275-a102-4296-8ade-82978c91978c: valid; 2.3 s; peak memory 4147 MiB.
2026-10-01T12:16:12Z INFO [222/500] 2207c64a-41c7-431b-8dd6-f75674a6b9e4: valid; 11.9 s; peak memory 4147 MiB.
2026-10-01T12:16:14Z INFO [223/500] 22092136-1d2e-42e0-bd35-55376bcd5c7e: valid; 2.2 s; peak memory 4147 MiB.
2026-10-01T12:16:15Z WARNING 22098eed-4a09-493e-a6fe-329a30eeb7a5: failed while opening the NWB file (PathNotFoundError: nothing found at path '')
2026-10-01T12:16:18Z INFO [225/500] 220997ac-ad54-47b6-ab50-2d0253658f52: valid; 2.5 s; peak memory 4147 MiB.
2026-10-01T12:16:19Z INFO [226/500] 2209de36-34f5-4151-a5e5-f27afed64171: valid; 1.5 s; peak memory 4147 MiB.
2026-10-01T12:16:22Z INFO [227/500] 220a2a13-8fc2-4cb6-95e4-e522ee0d5a47: valid; 2.7 s; peak memory 4147 MiB.
2026-10-01T12:16:24Z INFO [228/500] 220a32db-33c0-4ae0-96ea-41261d3167b9: valid; 2.2 s; peak memory 4147 MiB.
2026-10-01T12:16:26Z INFO [229/500] 220a3bc7-c9c5-4600-aa63-8fd41809e9e6: valid; 1.8 s; peak memory 4147 MiB.
2026-10-01T12:16:27Z INFO [230/500] 220a62b0-e9ca-447e-939a-52535f2ba7f5: valid; 1.3 s; peak memory 4147 MiB.
2026-10-01T12:16:29Z WARNING 220acefe-45c0-41bb-bc63-bc6da9abf9c5: failed while opening the NWB file (ConstructError: (root/acquisition/_iblmic_audioSpectrogram/bands GroupBuilder {'attributes': {'colnames': array(['freq'], dtype=object), 'description': 'spectogram frequencies', 'namespace': 'core', 'neurodata_type': 'FrequencyBandsTable', 'object_id': 'a1f13b7b-1dbe-413f-91af-97acaed81c52'}, 'groups': {}, 'datasets': {'freq': root/acquisition/_iblmic_audioSpectrogram/bands/freq DatasetBuilder {'attributes': {'description': 'frequency value', 'namespace': 'hdmf-common', 'neurodata_type': 'VectorData', 'object_id': 'e8130b5c-01fc-472d-8baf-149996bc1211'}, 'data': <HDF5 dataset "freq": shape (257,), type "<f4">}, 'id': root/acquisition/_iblmic_audioSpectrogram/bands/id DatasetBuilder {'attributes': {'namespace': 'hdmf-common', 'neurodata_type': 'ElementIdentifiers', 'object_id': '82944d24-4554-4f24-aece-71bd6cdcc715'}, 'data': <HDF5 dataset "id": shape (257,), type "<i4">}}, 'links': {}}, "Could not construct FrequencyBandsTable object due to: column must have the same number of rows as 'id'"))
2026-10-01T12:16:31Z INFO [232/500] 220b551f-6359-4738-8482-11852d9cb5c2: valid; 2.1 s; peak memory 4147 MiB.
2026-10-01T12:16:33Z INFO [233/500] 220b5cf2-bd26-4548-8c4f-51f8f914ec4a: valid; 1.4 s; peak memory 4147 MiB.
2026-10-01T12:16:36Z INFO [234/500] 220bc316-e313-40c0-a139-9cf0577eeaf2: valid; 2.7 s; peak memory 4147 MiB.
2026-10-01T12:16:37Z INFO [235/500] 220c4679-b413-4673-8d22-187362c9187d: not valid; 1.7 s; peak memory 4147 MiB.
2026-10-01T12:16:40Z INFO [236/500] 220c53d1-44f4-4f5f-bb33-b5bfa443d2f7: valid; 2.3 s; peak memory 4147 MiB.
2026-10-01T12:16:44Z INFO [237/500] 220c9e1a-d7fc-4cb2-a785-07d53c689d8d: valid; 4.8 s; peak memory 4147 MiB.
2026-10-01T12:16:46Z INFO [238/500] 220d7bcf-517f-4e77-8365-9a1c12d29a51: valid; 1.4 s; peak memory 4147 MiB.
2026-10-01T12:16:51Z INFO [239/500] 22102364-4f77-4f77-b7de-1cbb319f3607: not valid; 5.0 s; peak memory 4147 MiB.
2026-10-01T12:17:33Z INFO [240/500] 2212031c-91d9-4934-b2e1-a8badaa040f0: valid; 41.8 s; peak memory 4147 MiB.
2026-10-01T12:17:36Z INFO [241/500] 22122117-da62-4623-9b2b-75b9957490c1: valid; 3.9 s; peak memory 4147 MiB.
2026-10-01T12:17:38Z INFO [242/500] 2212a6eb-430b-4c94-85d6-60fde67e5876: valid; 1.5 s; peak memory 4147 MiB.
2026-10-01T12:17:40Z INFO [243/500] 2212b71d-d69f-4b16-8062-6656fb46c14b: valid; 2.1 s; peak memory 4147 MiB.
2026-10-01T12:17:41Z INFO [244/500] 2212db5d-3f54-4cce-ad23-23b9632a47e8: not valid; 1.3 s; peak memory 4147 MiB.
2026-10-01T12:17:45Z INFO [245/500] 22130e1a-6698-428e-8efa-b8fa26aa1b44: valid; 3.8 s; peak memory 4147 MiB.
2026-10-01T12:17:49Z INFO [246/500] 22139dc6-ef11-45a6-b7b0-12062070dae0: not valid; 4.0 s; peak memory 4147 MiB.
2026-10-01T12:17:53Z INFO [247/500] 2213dba6-7980-48c7-a270-ce35edd9926a: not valid; 4.1 s; peak memory 4147 MiB.
2026-10-01T12:17:55Z INFO [248/500] 221497b0-6c4f-4e5d-a70d-46192c5e1627: not valid; 2.0 s; peak memory 4147 MiB.
2026-10-01T12:18:21Z INFO [249/500] 22152bb7-397f-47b2-8f67-d5dd2001f4d1: valid; 25.5 s; peak memory 4147 MiB.
2026-10-01T12:18:25Z INFO [250/500] 22157d97-ebf3-4bf7-b1af-e580481bc15a: valid; 4.3 s; peak memory 4147 MiB.
2026-10-01T12:18:25Z INFO [250/500] 22157d97-ebf3-4bf7-b1af-e580481bc15a: checkpointed 87260 records.
2026-10-01T12:18:27Z INFO [251/500] 2215cde8-4344-4c8e-8e0b-42e152432d01: valid; 1.9 s; peak memory 4147 MiB.
2026-10-01T12:18:29Z INFO [252/500] 22163361-50f9-448c-9b6c-edb005fa1912: valid; 2.1 s; peak memory 4147 MiB.
2026-10-01T12:18:32Z INFO [253/500] 2216b3bb-f903-4310-b4d5-60fb42565dd0: valid; 2.7 s; peak memory 4147 MiB.
2026-10-01T12:18:34Z INFO [254/500] 22170218-c922-4dd9-a9ea-677cd9f1d91d: valid; 1.6 s; peak memory 4147 MiB.
2026-10-01T12:18:35Z INFO [255/500] 2217271b-d9ca-4816-9d5d-d28b933352fb: valid; 1.4 s; peak memory 4147 MiB.
2026-10-01T12:18:41Z INFO [256/500] 22176ea8-2606-406f-9da3-21d234191410: valid; 5.8 s; peak memory 4147 MiB.
2026-10-01T12:18:43Z INFO [257/500] 2217e71b-e0c0-4069-8cf3-04fd68cf546e: not valid; 1.9 s; peak memory 4147 MiB.
2026-10-01T12:18:47Z INFO [258/500] 22189cc9-7de8-4ed2-ac58-802ae3ff5dbb: valid; 3.6 s; peak memory 4147 MiB.
2026-10-01T12:18:48Z INFO [259/500] 221a30cc-9260-434a-82d3-4cda0208f71b: valid; 1.4 s; peak memory 4147 MiB.
2026-10-01T12:18:49Z INFO [260/500] 221b6ca9-fbfb-4d4b-929e-0a9f083de030: valid; 1.3 s; peak memory 4147 MiB.
2026-10-01T12:18:52Z INFO [261/500] 221bf7fc-5d48-4ae1-b2a0-66e3b3f3bd7d: valid; 3.0 s; peak memory 4147 MiB.
2026-10-01T12:18:55Z INFO [262/500] 221c7b1d-1be0-4df6-b895-498fb3dcaa81: valid; 2.3 s; peak memory 4147 MiB.
2026-10-01T12:18:57Z INFO [263/500] 221ce63f-26f4-42dc-8d76-323a920141e4: valid; 2.3 s; peak memory 4147 MiB.
2026-10-01T12:19:10Z INFO [264/500] 221d34e1-5d6a-43ce-bf3f-f846dc7c2263: valid; 13.0 s; peak memory 4147 MiB.
2026-10-01T12:19:11Z INFO [265/500] 221dc118-4ff9-4fe3-8a5a-950c9194c41a: valid; 1.6 s; peak memory 4147 MiB.
2026-10-01T12:19:16Z INFO [266/500] 221ec39d-377c-45d9-ba06-3f608fc0dd75: valid; 4.6 s; peak memory 4147 MiB.
2026-10-01T12:19:24Z INFO [267/500] 221ffbd2-5fb9-4dad-b98a-427f752171ee: not valid; 7.8 s; peak memory 4147 MiB.
2026-10-01T12:19:25Z INFO [268/500] 22201234-80aa-4d8c-9a5e-e001202b302f: valid; 1.3 s; peak memory 4147 MiB.
2026-10-01T12:19:30Z INFO [269/500] 222075d7-7d3a-41b0-a083-891231dd1ffc: valid; 4.5 s; peak memory 4147 MiB.
2026-10-01T12:19:32Z INFO [270/500] 2220a651-1d27-4ed9-a4d3-b7bd576e7a5a: valid; 2.1 s; peak memory 4147 MiB.
2026-10-01T12:19:35Z INFO [271/500] 22212e8a-7d68-48bd-9d8b-ed2c4e7c76f5: valid; 3.5 s; peak memory 4147 MiB.
2026-10-01T12:19:37Z INFO [272/500] 2221713f-cad7-4e20-8115-d5b4ccfce279: valid; 1.4 s; peak memory 4147 MiB.
2026-10-01T12:19:53Z INFO [273/500] 22234730-c68f-467a-8590-995920850d61: valid; 16.4 s; peak memory 4147 MiB.
2026-10-01T12:19:54Z INFO [274/500] 22237402-85f7-4202-af80-7e9830c4cfe1: valid; 1.3 s; peak memory 4147 MiB.
2026-10-01T12:19:56Z INFO [275/500] 222446e0-4a98-4b34-9eaf-3c6aa1a9354a: valid; 1.5 s; peak memory 4147 MiB.
2026-10-01T12:19:58Z INFO [276/500] 22249a7a-c9ba-4cb5-a40d-6e530ccd92c0: valid; 2.5 s; peak memory 4147 MiB.
2026-10-01T12:20:00Z INFO [277/500] 222516ed-a51e-4626-b474-f694211f4919: valid; 1.1 s; peak memory 4147 MiB.
2026-10-01T12:20:02Z INFO [278/500] 22251bb1-980f-464c-8929-8b10e085fd71: valid; 2.1 s; peak memory 4147 MiB.
2026-10-01T12:20:03Z INFO [279/500] 22252f50-81e5-48f9-aacb-50af4872adfc: not valid; 1.7 s; peak memory 4147 MiB.
2026-10-01T12:20:04Z INFO [280/500] 22254cc6-a39e-45ef-8f73-b86c69b5d812: not valid; 1.0 s; peak memory 4147 MiB.
2026-10-01T12:20:07Z INFO [281/500] 22258392-15aa-4f37-841f-02f994c546f3: valid; 2.7 s; peak memory 4147 MiB.
2026-10-01T12:20:11Z INFO [282/500] 2225f13a-3d5f-4c3c-a2b3-7243587ae408: valid; 4.0 s; peak memory 4147 MiB.
2026-10-01T12:20:14Z INFO [283/500] 22268d1b-2d60-493d-ae86-b60aedd3f3ee: valid; 2.6 s; peak memory 4147 MiB.
2026-10-01T12:20:15Z INFO [284/500] 222724e0-4bf4-43af-aafa-a05acd45ce88: not valid; 1.8 s; peak memory 4147 MiB.
2026-10-01T12:20:17Z INFO [285/500] 22272e1a-f781-49af-b130-0bbfcda3aa1e: valid; 1.4 s; peak memory 4147 MiB.
2026-10-01T12:20:18Z INFO [286/500] 22275328-cb79-4f3a-a68a-4df818da6cdb: valid; 1.4 s; peak memory 4147 MiB.
2026-10-01T12:20:20Z INFO [287/500] 22278ef2-a993-4cd2-97cf-7c22b05011c1: not valid; 1.7 s; peak memory 4147 MiB.
2026-10-01T12:20:23Z INFO [288/500] 2227fd1e-1960-47a8-9712-8dcc56d140b0: valid; 3.0 s; peak memory 4147 MiB.
2026-10-01T12:20:25Z INFO [289/500] 22282c46-d155-4f9f-8a76-77c9073cc1f8: valid; 2.0 s; peak memory 4147 MiB.
2026-10-01T12:20:27Z INFO [290/500] 2228798f-8d7c-423f-9e96-e45f97ea8ab9: valid; 2.6 s; peak memory 4147 MiB.
2026-10-01T12:20:32Z INFO [291/500] 22291069-1ab0-4160-bc36-ffe2011f7d8b: valid; 4.7 s; peak memory 4147 MiB.
2026-10-01T12:20:34Z INFO [292/500] 222921cc-f3bf-4393-bef6-9b60b4c18903: valid; 1.4 s; peak memory 4147 MiB.
2026-10-01T12:20:35Z INFO [293/500] 2229374e-6853-4972-ad07-6ce1cbe6c4e1: valid; 1.6 s; peak memory 4147 MiB.
2026-10-01T12:20:38Z INFO [294/500] 222af2af-96ce-4af3-8195-72fbb43b36d3: valid; 3.1 s; peak memory 4147 MiB.
2026-10-01T12:20:48Z INFO [295/500] 222b44ae-1b86-4b06-8f69-8042fcdcc8da: not valid; 9.6 s; peak memory 4223 MiB.
2026-10-01T12:20:50Z INFO [296/500] 222bda75-77ca-4d57-97be-c40b40bc6b45: valid; 2.6 s; peak memory 4223 MiB.
2026-10-01T12:20:52Z INFO [297/500] 222bffbb-17e3-4871-a715-7aba5aff1fbf: not valid; 1.8 s; peak memory 4223 MiB.
2026-10-01T12:20:55Z INFO [298/500] 222c5cd5-661d-4658-969b-90f0866458d8: valid; 2.6 s; peak memory 4223 MiB.
2026-10-01T12:20:56Z WARNING 222ca5d3-8dd7-420d-be95-ea20a343a6a9: failed while opening the NWB file (ValueError: Cannot resolve included group spec 'electrodes' with data_type_inc 'ElectrodesTable' because a group spec with the same name already exists with data_type_inc 'DynamicTable', and data type 'DynamicTable' is not a child type of data type 'ElectrodesTable'.)
2026-10-01T12:20:58Z INFO [300/500] 222d299b-a2f8-4852-aa4c-67893348a1d5: not valid; 1.9 s; peak memory 4223 MiB.
2026-10-01T12:20:59Z INFO [300/500] 222d299b-a2f8-4852-aa4c-67893348a1d5: checkpointed 87310 records.
2026-10-01T12:21:00Z INFO [301/500] 222da00c-fad1-4257-81fc-ffaac2f15b33: valid; 1.5 s; peak memory 4223 MiB.
2026-10-01T12:21:02Z WARNING 222dc929-1ec2-4f06-927f-f02891be400e: failed while opening the NWB file (ConstructError: (root/acquisition/_iblmic_audioSpectrogram/bands GroupBuilder {'attributes': {'colnames': array(['freq'], dtype=object), 'description': 'spectogram frequencies', 'namespace': 'core', 'neurodata_type': 'FrequencyBandsTable', 'object_id': '40860dc5-389d-4b94-8fc3-88897291c6ee'}, 'groups': {}, 'datasets': {'freq': root/acquisition/_iblmic_audioSpectrogram/bands/freq DatasetBuilder {'attributes': {'description': 'frequency value', 'namespace': 'hdmf-common', 'neurodata_type': 'VectorData', 'object_id': '12b29c08-c9a6-422c-b391-8648fd3bfabc'}, 'data': <HDF5 dataset "freq": shape (257,), type "<f4">}, 'id': root/acquisition/_iblmic_audioSpectrogram/bands/id DatasetBuilder {'attributes': {'namespace': 'hdmf-common', 'neurodata_type': 'ElementIdentifiers', 'object_id': 'e09941e2-a251-4143-adc5-4175c3e44a6f'}, 'data': <HDF5 dataset "id": shape (257,), type "<i4">}}, 'links': {}}, "Could not construct FrequencyBandsTable object due to: column must have the same number of rows as 'id'"))
2026-10-01T12:21:04Z INFO [303/500] 222dd8ed-68e6-4e81-83a6-6b54f1b2ece8: valid; 1.4 s; peak memory 4223 MiB.
2026-10-01T12:21:30Z INFO [304/500] 222e72d8-0968-4968-8bf3-dfb7c9cf9294: valid; 26.0 s; peak memory 5001 MiB.
2026-10-01T12:21:33Z INFO [305/500] 222f49d1-a1e6-42d9-8872-1cd49c8cfb95: valid; 3.2 s; peak memory 5001 MiB.
2026-10-01T12:21:36Z INFO [306/500] 222fd47d-f6ea-4e97-adb0-2b6c27583aed: not valid; 2.8 s; peak memory 5001 MiB.
2026-10-01T12:21:39Z INFO [307/500] 222fe871-5aba-478c-83b4-00195f3b7ecd: valid; 2.9 s; peak memory 5001 MiB.
2026-10-01T12:21:41Z INFO [308/500] 222ff095-5157-4893-923f-1cdfcee3c2cd: valid; 2.1 s; peak memory 5001 MiB.
2026-10-01T12:21:43Z WARNING 22303867-b3d0-4f6b-985d-6a224ae891bb: failed while opening the NWB file (ConstructError: (root/acquisition/_iblmic_audioSpectrogram/bands GroupBuilder {'attributes': {'colnames': array(['freq'], dtype=object), 'description': 'spectogram frequencies', 'namespace': 'core', 'neurodata_type': 'FrequencyBandsTable', 'object_id': 'f86a37d6-67a0-4b70-ab69-bfcf960fe22b'}, 'groups': {}, 'datasets': {'freq': root/acquisition/_iblmic_audioSpectrogram/bands/freq DatasetBuilder {'attributes': {'description': 'frequency value', 'namespace': 'hdmf-common', 'neurodata_type': 'VectorData', 'object_id': '7e740a55-c948-491a-bef4-eafbf1484702'}, 'data': <HDF5 dataset "freq": shape (257,), type "<f4">}, 'id': root/acquisition/_iblmic_audioSpectrogram/bands/id DatasetBuilder {'attributes': {'namespace': 'hdmf-common', 'neurodata_type': 'ElementIdentifiers', 'object_id': '46db5462-d26c-4992-a59a-5808d311b0ef'}, 'data': <HDF5 dataset "id": shape (257,), type "<i4">}}, 'links': {}}, "Could not construct FrequencyBandsTable object due to: column must have the same number of rows as 'id'"))
2026-10-01T12:21:45Z INFO [310/500] 22304532-42fd-4cda-88a7-999352e35666: not valid; 1.8 s; peak memory 5001 MiB.
2026-10-01T12:21:47Z INFO [311/500] 2230b810-e94a-43fa-83e0-f686d80ae9ee: valid; 1.6 s; peak memory 5001 MiB.
2026-10-01T12:21:49Z INFO [312/500] 2231c96c-3641-428f-82c3-597de80fadb9: not valid; 2.3 s; peak memory 5001 MiB.
2026-10-01T12:21:51Z INFO [313/500] 223244fb-1209-4a13-b06e-17584e3331c5: valid; 1.6 s; peak memory 5001 MiB.
2026-10-01T12:21:53Z INFO [314/500] 22327ae3-40eb-45bb-8997-346751394534: valid; 2.8 s; peak memory 5001 MiB.
2026-10-01T12:22:10Z INFO [315/500] 2232c084-4ac5-42f8-b119-14a7b3d0ee29: not valid; 16.7 s; peak memory 5001 MiB.
2026-10-01T12:22:13Z INFO [316/500] 2233f448-bc05-4ddf-b2f7-8ec0fcdbd159: valid; 2.6 s; peak memory 5001 MiB.
2026-10-01T12:22:15Z INFO [317/500] 2234721b-9c77-4399-b2bb-417a73d1b4e0: not valid; 2.1 s; peak memory 5001 MiB.
2026-10-01T12:22:17Z INFO [318/500] 2234c33d-478d-4aae-9dd4-4fa55631aa0d: not valid; 1.8 s; peak memory 5001 MiB.
2026-10-01T12:22:18Z INFO [319/500] 223508b5-8d90-43d3-9c2f-2d2f3f93ac46: valid; 1.5 s; peak memory 5001 MiB.
2026-10-01T12:22:20Z WARNING 22355458-8f20-40d2-8b4f-d46c25f706c6: failed while opening the NWB file (ConstructError: (root/acquisition/event_code_meanings GroupBuilder {'attributes': {'colnames': array(['value', 'meaning'], dtype=object), 'description': 'Mapping integer event codes to event labels', 'namespace': 'ndx-events', 'neurodata_type': 'MeaningsTable', 'object_id': 'db8587d3-cf1f-4a43-a558-4376021f7089'}, 'groups': {}, 'datasets': {'id': root/acquisition/event_code_meanings/id DatasetBuilder {'attributes': {'namespace': 'hdmf-common', 'neurodata_type': 'ElementIdentifiers', 'object_id': '7c29de8b-bbd3-4730-b9b2-06dc8073c1ec'}, 'data': <HDF5 dataset "id": shape (26,), type "<i8">}, 'meaning': root/acquisition/event_code_meanings/meaning DatasetBuilder {'attributes': {'description': 'The meaning of the value in the parent CategoricalVectorData object.', 'namespace': 'hdmf-experimental', 'neurodata_type': 'VectorData', 'object_id': '0396aead-6610-4c46-87c5-43de26a866bf'}, 'data': <StrDataset for HDF5 dataset "meaning": shape (26,), type "|O">}, 'value': root/acquisition/event_code_meanings/value DatasetBuilder {'attributes': {'description': 'The value of the parent CategoricalVectorData object.', 'namespace': 'hdmf-experimental', 'neurodata_type': 'VectorData', 'object_id': 'd05278bc-ca4d-4a0a-a369-7a7648d3f37d'}, 'data': <HDF5 dataset "value": shape (26,), type "<i8">}}, 'links': {}}, "Could not construct MeaningsTable object due to: MeaningsTable.__init__: missing argument 'target'"))
2026-10-01T12:22:22Z INFO [321/500] 22358187-8b89-4b40-b1f5-4342525f3f7f: valid; 2.0 s; peak memory 5001 MiB.
2026-10-01T12:22:28Z INFO [322/500] 22360278-7e25-4e7b-b72b-9640b418705a: valid; 5.5 s; peak memory 5001 MiB.
2026-10-01T12:22:30Z INFO [323/500] 22368c50-edc0-4546-8f67-ec900f340507: valid; 1.5 s; peak memory 5001 MiB.
2026-10-01T12:22:33Z INFO [324/500] 22369ee4-d960-4944-859c-ed704338c979: valid; 3.1 s; peak memory 5001 MiB.
2026-10-01T12:22:34Z INFO [325/500] 2236d43e-6801-4bd7-b382-2ed1fc536d6b: valid; 1.3 s; peak memory 5001 MiB.
2026-10-01T12:22:35Z INFO [326/500] 223724bb-f388-419c-b04c-8b3fab4d5bbc: valid; 1.4 s; peak memory 5001 MiB.
2026-10-01T12:22:40Z INFO [327/500] 223727f3-0d87-4d20-87bc-415fef203024: not valid; 4.7 s; peak memory 5001 MiB.
2026-10-01T12:22:42Z INFO [328/500] 22372837-ac3c-46c5-bd37-7ec09c7e5014: not valid; 1.7 s; peak memory 5001 MiB.
2026-10-01T12:22:43Z INFO [329/500] 2237829e-6baf-4858-8a2d-c361c3339b3a: not valid; 1.6 s; peak memory 5001 MiB.
2026-10-01T12:22:45Z INFO [330/500] 22379a59-148d-4944-a11a-3aee966856cd: valid; 1.8 s; peak memory 5001 MiB.
2026-10-01T12:22:47Z INFO [331/500] 2237a088-29d7-4701-b32e-d03157d3b854: valid; 1.8 s; peak memory 5001 MiB.
2026-10-01T12:22:47Z WARNING 22389e6a-7707-42d0-827a-9f48169df997: failed while retrieving asset information from the DANDI API (NotFoundError: No asset at path 'sub-4/sub-4_ses-4_ecephys+image.nwb' in version 0.230530.1822. Verify the path is correct and the asset exists in this version. Use 'dandi ls' to list available assets.)
2026-10-01T12:22:49Z INFO [333/500] 2238a7de-5209-402f-bcb6-09f3bc15a958: not valid; 1.8 s; peak memory 5001 MiB.
2026-10-01T12:22:50Z INFO [334/500] 223904b1-d0ca-44fa-b773-37b6892edc4a: not valid; 1.5 s; peak memory 5001 MiB.
2026-10-01T12:22:53Z INFO [335/500] 223af210-42e1-417e-8743-46040055e018: valid; 2.6 s; peak memory 5001 MiB.
2026-10-01T12:23:04Z INFO [336/500] 223b0b47-975b-4ead-aee6-f559e18ea958: valid; 10.9 s; peak memory 5001 MiB.
2026-10-01T12:23:05Z INFO [337/500] 223b4521-91c7-403a-96d4-36d2d0d55e5c: valid; 1.4 s; peak memory 5001 MiB.
2026-10-01T12:23:07Z INFO [338/500] 223b6e43-c154-4f4e-a2d9-06d9c26c4ae0: valid; 1.3 s; peak memory 5001 MiB.
2026-10-01T12:23:09Z INFO [339/500] 223b7eaa-51ca-479d-b5de-9d9951cafeb7: valid; 2.1 s; peak memory 5001 MiB.
2026-10-01T12:23:10Z INFO [340/500] 223c1e1a-007e-4ab5-ab50-2430465a25fe: not valid; 1.7 s; peak memory 5001 MiB.
2026-10-01T12:23:23Z INFO [341/500] 223c20f4-24e2-4e98-9aa8-7ef09a317259: valid; 12.2 s; peak memory 5001 MiB.
2026-10-01T12:23:27Z INFO [342/500] 223c5439-a06f-4a6b-a2a8-fed1b53477b8: not valid; 4.8 s; peak memory 5001 MiB.
2026-10-01T12:23:36Z INFO [343/500] 223d7a01-60f3-45ba-8a6d-18924a31082f: valid; 8.6 s; peak memory 5001 MiB.
2026-10-01T12:23:39Z INFO [344/500] 223e01ba-2a0a-4abb-9ee0-85dd07acf822: valid; 2.6 s; peak memory 5001 MiB.
2026-10-01T12:23:43Z INFO [345/500] 223e97b7-436f-4ff5-8b12-70a6239351dd: not valid; 4.1 s; peak memory 5001 MiB.
2026-10-01T12:23:46Z INFO [346/500] 223eda9e-be1c-4544-811d-a9f65981fd3d: valid; 3.7 s; peak memory 5001 MiB.
2026-10-01T12:23:48Z INFO [347/500] 223f0f4a-5161-473e-b0fe-97b8d60e9333: valid; 1.5 s; peak memory 5001 MiB.
2026-10-01T12:23:49Z INFO [348/500] 223f679f-139c-40ff-8f53-4bde8e491b43: valid; 1.2 s; peak memory 5001 MiB.
2026-10-01T12:23:50Z INFO [349/500] 223ff433-5624-464b-ac0a-d08196af545c: valid; 1.2 s; peak memory 5001 MiB.
2026-10-01T12:24:01Z INFO [350/500] 22400375-ff1f-423c-877c-43d63e9a4f41: valid; 10.6 s; peak memory 5001 MiB.
2026-10-01T12:24:01Z INFO [350/500] 22400375-ff1f-423c-877c-43d63e9a4f41: checkpointed 87360 records.
2026-10-01T12:24:04Z INFO [351/500] 22401e52-b8c1-4311-ba43-daaa72cb617a: valid; 2.2 s; peak memory 5001 MiB.
2026-10-01T12:24:05Z INFO [352/500] 22403de7-7afe-4436-9045-737f1690d841: valid; 1.7 s; peak memory 5001 MiB.
2026-10-01T12:24:08Z INFO [353/500] 22409c14-7dc7-46cb-8261-6ae3c859cb4d: valid; 2.3 s; peak memory 5001 MiB.
2026-10-01T12:24:12Z INFO [354/500] 2240a905-56b4-40d7-bd17-4eb8eab706d9: valid; 3.8 s; peak memory 5001 MiB.
2026-10-01T12:24:13Z INFO [355/500] 2241f9ed-580d-4a79-8f0b-61d6e298f5c0: valid; 1.5 s; peak memory 5001 MiB.
2026-10-01T12:24:14Z INFO [356/500] 2242dd65-f75d-4566-ab54-b9b93d119ee5: valid; 1.5 s; peak memory 5001 MiB.
2026-10-01T12:24:16Z INFO [357/500] 22433160-8ee4-4405-86aa-9c5c86020544: not valid; 2.0 s; peak memory 5001 MiB.
2026-10-01T12:24:20Z INFO [358/500] 22438bf6-833b-4a41-b7cd-a7092ce3f983: valid; 3.1 s; peak memory 5001 MiB.
2026-10-01T12:24:22Z INFO [359/500] 224420a0-5052-4ba4-a772-ff30b1b5a63e: valid; 2.3 s; peak memory 5001 MiB.
2026-10-01T12:24:23Z INFO [360/500] 22447037-27d2-44dd-857d-6b0abe982e2a: not valid; 1.5 s; peak memory 5001 MiB.
2026-10-01T12:24:26Z INFO [361/500] 2244aa7c-528b-4146-b1f2-e685fe657e4a: not valid; 3.1 s; peak memory 5001 MiB.
2026-10-01T12:25:00Z INFO [362/500] 2245245c-4390-44be-a1d0-47f8df0f754b: not valid; 33.6 s; peak memory 5029 MiB.
2026-10-01T12:25:05Z INFO [363/500] 22456944-50e1-4efd-9e73-05e41b34e728: valid; 5.3 s; peak memory 5033 MiB.
2026-10-01T12:25:15Z INFO [364/500] 22458bed-8e34-4a87-ac24-8fecb6379a6c: not valid; 10.2 s; peak memory 5055 MiB.
2026-10-01T12:25:26Z INFO [365/500] 224629b2-eaec-4b32-af8c-48fca59e5f1e: valid; 10.6 s; peak memory 5062 MiB.
2026-10-01T12:25:28Z INFO [366/500] 2246320f-1ff3-4948-9f3d-e5f60ef99951: valid; 2.1 s; peak memory 5062 MiB.
2026-10-01T12:25:30Z INFO [367/500] 224648f5-129a-43fb-9d1a-adf4d787dd24: valid; 2.2 s; peak memory 5062 MiB.
2026-10-01T12:25:33Z INFO [368/500] 22483bf8-61a8-42c3-92af-f460edb29eec: valid; 2.8 s; peak memory 5062 MiB.
2026-10-01T12:25:53Z INFO [369/500] 2248bdba-56bb-4194-b7d8-15d9cdb79244: valid; 20.1 s; peak memory 5062 MiB.
2026-10-01T12:26:07Z INFO [370/500] 2248daf6-6b44-4d0e-b778-7eb1c445e495: valid; 13.4 s; peak memory 5063 MiB.
2026-10-01T12:26:08Z INFO [371/500] 22491f91-9725-4572-b6ec-d263c069dcfc: valid; 1.4 s; peak memory 5063 MiB.
2026-10-01T12:26:11Z INFO [372/500] 22492dc9-dfee-48ae-9460-0663370fb8a8: valid; 2.9 s; peak memory 5063 MiB.
2026-10-01T12:26:19Z INFO [373/500] 22496733-8eff-426b-9de2-c893a8929c06: valid; 8.5 s; peak memory 5063 MiB.
2026-10-01T12:26:26Z INFO [374/500] 224993f1-029d-4b41-a0e1-f7405445ac66: valid; 6.5 s; peak memory 5063 MiB.
2026-10-01T12:26:28Z INFO [375/500] 224a0d99-3043-4e15-a5e0-66bedd74d48c: valid; 2.3 s; peak memory 5063 MiB.
2026-10-01T12:26:31Z INFO [376/500] 224a5e5a-a722-42e3-a18b-f612e7f48dc7: valid; 2.3 s; peak memory 5063 MiB.
2026-10-01T12:26:35Z INFO [377/500] 224a8e3f-14b9-4d90-a88a-765ffdc02f64: not valid; 4.4 s; peak memory 5063 MiB.
2026-10-01T12:26:54Z INFO [378/500] 224c95ec-2990-443e-99e8-e988d748fdf9: valid; 18.8 s; peak memory 5063 MiB.
2026-10-01T12:26:56Z INFO [379/500] 224d24e3-e1fd-482b-8e66-4a4f2ce340e0: valid; 2.1 s; peak memory 5063 MiB.
2026-10-01T12:27:02Z INFO [380/500] 224d3346-f85d-4087-a0a4-ccce36ca2221: valid; 5.9 s; peak memory 5063 MiB.
2026-10-01T12:27:26Z INFO [381/500] 224d729f-0945-4ce5-9062-9d81c863c110: valid; 23.8 s; peak memory 5078 MiB.
2026-10-01T12:27:27Z INFO [382/500] 224dfcc9-8236-449a-883f-9166b909e7c3: valid; 1.6 s; peak memory 5079 MiB.
2026-10-01T12:27:29Z INFO [383/500] 224ea356-9c88-4714-a264-6ed83ac70f7a: valid; 1.8 s; peak memory 5080 MiB.
2026-10-01T12:27:44Z INFO [384/500] 224f79f7-539a-43a3-835f-72312cb5ebf8: valid; 15.0 s; peak memory 5089 MiB.
2026-10-01T12:27:56Z INFO [385/500] 224f87de-a82b-44a2-86ec-d0f9b996082a: valid; 11.7 s; peak memory 5089 MiB.
2026-10-01T12:27:57Z INFO [386/500] 224fb0aa-1bc3-473f-b2ab-0e93d34699b6: valid; 1.4 s; peak memory 5089 MiB.
2026-10-01T12:27:59Z INFO [387/500] 2250ab3e-6622-435c-b494-1339b3b2a371: not valid; 2.1 s; peak memory 5089 MiB.
2026-10-01T12:28:02Z INFO [388/500] 22518734-a61d-468b-829e-607648464bf3: valid; 2.9 s; peak memory 5089 MiB.
2026-10-01T12:28:03Z INFO [389/500] 2251ac2d-7dec-41ec-bec8-d3de4b0f8a8e: valid; 1.5 s; peak memory 5089 MiB.
2026-10-01T12:28:08Z INFO [390/500] 2251c1ee-ad89-4a75-89e5-ba3b0c646d36: not valid; 4.2 s; peak memory 5089 MiB.
2026-10-01T12:28:09Z INFO [391/500] 22521f6c-cee6-4f56-bb47-d38227c4a846: valid; 1.4 s; peak memory 5089 MiB.
2026-10-01T12:28:11Z INFO [392/500] 22525b4b-2a30-4d69-9881-c1c2079e9203: valid; 1.6 s; peak memory 5089 MiB.
2026-10-01T12:28:13Z INFO [393/500] 225340a9-d1ec-4ead-af97-7704b5e8031f: valid; 2.2 s; peak memory 5089 MiB.
2026-10-01T12:28:15Z INFO [394/500] 22535184-0abf-4fd5-9bbd-75cff954e6fe: not valid; 1.7 s; peak memory 5089 MiB.
2026-10-01T12:28:17Z INFO [395/500] 22544cea-ba97-4a61-b5cd-4096d5618cca: valid; 2.2 s; peak memory 5089 MiB.
2026-10-01T12:28:19Z WARNING 2254d29f-def8-4745-b4c1-4be0317ccc21: failed while opening the NWB file (ConstructError: (root/acquisition/event_code_meanings GroupBuilder {'attributes': {'colnames': array(['value', 'meaning'], dtype=object), 'description': 'Mapping integer event codes to event labels', 'namespace': 'ndx-events', 'neurodata_type': 'MeaningsTable', 'object_id': '775d9d2d-74fb-475f-8aa8-8cd1fb2d10cf'}, 'groups': {}, 'datasets': {'id': root/acquisition/event_code_meanings/id DatasetBuilder {'attributes': {'namespace': 'hdmf-common', 'neurodata_type': 'ElementIdentifiers', 'object_id': 'd17f0c54-dec1-498a-8641-f7ead4d44896'}, 'data': <HDF5 dataset "id": shape (26,), type "<i8">}, 'meaning': root/acquisition/event_code_meanings/meaning DatasetBuilder {'attributes': {'description': 'The meaning of the value in the parent CategoricalVectorData object.', 'namespace': 'hdmf-experimental', 'neurodata_type': 'VectorData', 'object_id': 'c0049459-9501-4109-b7bb-e81f22f3d8e7'}, 'data': <StrDataset for HDF5 dataset "meaning": shape (26,), type "|O">}, 'value': root/acquisition/event_code_meanings/value DatasetBuilder {'attributes': {'description': 'The value of the parent CategoricalVectorData object.', 'namespace': 'hdmf-experimental', 'neurodata_type': 'VectorData', 'object_id': '64cfddd2-303f-4f63-8fa0-e70581d68880'}, 'data': <HDF5 dataset "value": shape (26,), type "<i8">}}, 'links': {}}, "Could not construct MeaningsTable object due to: MeaningsTable.__init__: missing argument 'target'"))
2026-10-01T12:28:21Z INFO [397/500] 22553db3-ae3d-43a1-8706-26af3c1a1d16: valid; 1.9 s; peak memory 5089 MiB.
2026-10-01T12:28:23Z INFO [398/500] 2255493c-aae1-41aa-9433-0feae0b614a7: valid; 2.2 s; peak memory 5089 MiB.
2026-10-01T12:28:25Z INFO [399/500] 2255a85e-8e10-452d-8ccd-5544aeaf3a08: not valid; 2.3 s; peak memory 5089 MiB.
2026-10-01T12:28:27Z INFO [400/500] 2255ba7c-705d-4890-b33c-8ec0da67e948: valid; 2.2 s; peak memory 5089 MiB.
2026-10-01T12:28:28Z INFO [400/500] 2255ba7c-705d-4890-b33c-8ec0da67e948: checkpointed 87410 records.
2026-10-01T12:28:31Z INFO [401/500] 22561131-1521-46ff-a99c-b527eef39c12: valid; 3.4 s; peak memory 5089 MiB.
2026-10-01T12:28:34Z INFO [402/500] 225630fd-4bf3-4e8e-802b-9ae2a4cb4995: valid; 2.3 s; peak memory 5089 MiB.
2026-10-01T12:28:35Z INFO [403/500] 2256642e-152e-4625-ad65-152bb9040295: valid; 1.4 s; peak memory 5089 MiB.
2026-10-01T12:28:37Z INFO [404/500] 2257488a-1504-41ee-b128-6829a4abf564: valid; 1.9 s; peak memory 5089 MiB.
2026-10-01T12:28:40Z INFO [405/500] 22584a04-c73b-4cf9-ad3a-894ffac9f293: valid; 2.4 s; peak memory 5089 MiB.
2026-10-01T12:28:40Z WARNING 225902fe-e987-425d-b3ad-f110f2f242dd: failed while retrieving asset information from the DANDI API (NotFoundError: No asset at path 'sub-865934/sub-865934_ses-ecephys-865934-2026-08-10-17-40-07_ecephys.nwb' in version 0.260624.2038. Verify the path is correct and the asset exists in this version. Use 'dandi ls' to list available assets.)
2026-10-01T12:28:48Z INFO [407/500] 225939dc-2fab-47e5-9273-9a1cbb8cfd73: valid; 8.5 s; peak memory 5089 MiB.
2026-10-01T12:28:50Z INFO [408/500] 22595c03-f60d-4a52-b415-f480cc8cf124: valid; 1.4 s; peak memory 5089 MiB.
2026-10-01T12:28:51Z INFO [409/500] 225ae5b6-0fd7-4d1c-a327-4e79cf67b1a8: valid; 1.4 s; peak memory 5089 MiB.
2026-10-01T12:28:52Z INFO [410/500] 225b2372-b7fd-4896-8376-4c573824e0c9: valid; 1.1 s; peak memory 5089 MiB.
2026-10-01T12:28:53Z INFO [411/500] 225b29ef-d20e-4ffc-9164-96c71cca8faf: valid; 1.1 s; peak memory 5089 MiB.
2026-10-01T12:28:54Z INFO [412/500] 225b8f30-d713-4418-a751-5c75dceb89ec: not valid; 1.0 s; peak memory 5089 MiB.
2026-10-01T12:28:56Z INFO [413/500] 225c6e27-f1ff-45e6-b43f-5befd61d4a57: valid; 2.1 s; peak memory 5089 MiB.
2026-10-01T12:29:17Z INFO [414/500] 225d0318-b7b6-407d-b362-2cb47244f553: valid; 21.0 s; peak memory 5091 MiB.
2026-10-01T12:29:26Z INFO [415/500] 225d239a-ffc5-4113-8081-e6b82ee6c362: valid; 8.7 s; peak memory 5269 MiB.
2026-10-01T12:30:40Z INFO [416/500] 225d5700-db44-4b52-b41f-79f8024b6c60: valid; 74.4 s; peak memory 5615 MiB.
2026-10-01T12:30:43Z INFO [417/500] 225dae17-1a48-4866-8355-c3aa30436d0f: valid; 3.0 s; peak memory 5615 MiB.
2026-10-01T12:30:45Z INFO [418/500] 225df12f-b899-4e22-afdf-9c4cc6ff3c63: not valid; 1.9 s; peak memory 5615 MiB.
2026-10-01T12:30:48Z INFO [419/500] 225e70ff-3d1a-4c0d-af98-5a7c207c89c1: valid; 2.4 s; peak memory 5615 MiB.
2026-10-01T12:30:50Z INFO [420/500] 225e7a66-32fb-4826-875b-0d20674c0206: valid; 2.2 s; peak memory 5615 MiB.
2026-10-01T12:30:51Z INFO [421/500] 225f05eb-9a8f-4aa6-a949-d933aa541252: valid; 1.5 s; peak memory 5615 MiB.
2026-10-01T12:30:53Z INFO [422/500] 225f3566-5fe2-4e93-a3e7-ee6c0b99ab87: valid; 1.5 s; peak memory 5615 MiB.
2026-10-01T12:30:55Z INFO [423/500] 225f53b3-1c3a-4665-9c59-86b70eaac101: valid; 2.0 s; peak memory 5615 MiB.
2026-10-01T12:30:57Z INFO [424/500] 225f6356-6db8-4955-809f-bdb62d2f34a5: not valid; 1.7 s; peak memory 5615 MiB.
2026-10-01T12:31:00Z INFO [425/500] 2260f508-e0e7-4412-a050-fbf81296bf11: valid; 3.1 s; peak memory 5615 MiB.
2026-10-01T12:31:01Z INFO [426/500] 22611beb-d489-48e5-ad42-74a5d8653fb8: not valid; 1.7 s; peak memory 5615 MiB.
2026-10-01T12:31:03Z INFO [427/500] 226153cd-e474-41dc-9f1b-03ad9b4f3ecb: valid; 1.4 s; peak memory 5615 MiB.
2026-10-01T12:31:04Z INFO [428/500] 226187f8-39d7-46df-a14f-2cf794633e6d: valid; 1.4 s; peak memory 5615 MiB.
2026-10-01T12:31:07Z INFO [429/500] 22628654-f549-48fc-8a4a-da0f05b7a498: valid; 2.6 s; peak memory 5615 MiB.
2026-10-01T12:34:06Z INFO [430/500] 22629e7e-8665-461b-be51-92fe249f830c: not valid; 179.4 s; peak memory 5829 MiB.
2026-10-01T12:34:08Z INFO [431/500] 2262c742-8d40-4a95-970c-67e3add4fb73: not valid; 1.4 s; peak memory 5829 MiB.
2026-10-01T12:34:09Z INFO [432/500] 22637b4a-0c95-4afd-8317-33be731e0da9: valid; 1.5 s; peak memory 5829 MiB.
2026-10-01T12:34:11Z WARNING 22639248-c021-4c37-8637-7bc1717870c3: failed while opening the NWB file (ConstructError: (root/acquisition/_iblmic_audioSpectrogram/bands GroupBuilder {'attributes': {'colnames': array(['freq'], dtype=object), 'description': 'spectogram frequencies', 'namespace': 'core', 'neurodata_type': 'FrequencyBandsTable', 'object_id': '8632c752-9121-4842-be06-85b8db3c07f4'}, 'groups': {}, 'datasets': {'freq': root/acquisition/_iblmic_audioSpectrogram/bands/freq DatasetBuilder {'attributes': {'description': 'frequency value', 'namespace': 'hdmf-common', 'neurodata_type': 'VectorData', 'object_id': '5c7bb17c-d7ec-4dbe-a025-e7ffb37d04d7'}, 'data': <HDF5 dataset "freq": shape (257,), type "<f4">}, 'id': root/acquisition/_iblmic_audioSpectrogram/bands/id DatasetBuilder {'attributes': {'namespace': 'hdmf-common', 'neurodata_type': 'ElementIdentifiers', 'object_id': '9ed41859-bbe2-455f-b5dd-68d39d6ea626'}, 'data': <HDF5 dataset "id": shape (257,), type "<i4">}}, 'links': {}}, "Could not construct FrequencyBandsTable object due to: column must have the same number of rows as 'id'"))
2026-10-01T12:34:14Z INFO [434/500] 226432bd-5be4-4f5f-950e-7a2d83d8a924: valid; 2.6 s; peak memory 5829 MiB.
2026-10-01T12:34:16Z INFO [435/500] 226473b8-16e9-43fc-99d4-b8761bad1f65: not valid; 1.8 s; peak memory 5830 MiB.
2026-10-01T12:34:19Z INFO [436/500] 2264c2e0-cf43-4140-a2df-289ac7728735: valid; 3.4 s; peak memory 5830 MiB.
2026-10-01T12:34:20Z INFO [437/500] 2264d901-eb93-48cf-8a7f-7086f744005f: valid; 1.3 s; peak memory 5830 MiB.
2026-10-01T12:34:22Z INFO [438/500] 22650ae0-4739-40a4-a51c-b56f31b0a0e6: valid; 2.0 s; peak memory 5830 MiB.
2026-10-01T12:34:24Z INFO [439/500] 22658df2-b465-4ab5-9c5e-6cd739b15175: valid; 1.6 s; peak memory 5830 MiB.
2026-10-01T12:34:25Z INFO [440/500] 2265c16d-55b4-4302-a9b5-0e888de8243a: valid; 1.4 s; peak memory 5831 MiB.
2026-10-01T12:34:27Z INFO [441/500] 22664cb0-90e5-495e-b33d-f5da8e4f07c7: valid; 1.3 s; peak memory 5831 MiB.
2026-10-01T12:34:28Z INFO [442/500] 22667eed-056b-4d9c-a7b7-6c8c80a68e19: valid; 1.4 s; peak memory 5832 MiB.
2026-10-01T12:34:29Z INFO [443/500] 2266d611-9ba3-4e91-beb2-d0429de5eb92: not valid; 1.4 s; peak memory 5833 MiB.
2026-10-01T12:34:31Z INFO [444/500] 22673816-000c-47c3-808c-3ab80b21e06e: valid; 1.4 s; peak memory 5833 MiB.
2026-10-01T12:34:33Z WARNING 2267ad9c-6821-4b31-a629-0f0b75f01c18: failed while opening the NWB file (ConstructError: (root/acquisition/_iblmic_audioSpectrogram/bands GroupBuilder {'attributes': {'colnames': array(['freq'], dtype=object), 'description': 'spectogram frequencies', 'namespace': 'core', 'neurodata_type': 'FrequencyBandsTable', 'object_id': '060e5477-b2e4-4610-ab1c-322d9062927b'}, 'groups': {}, 'datasets': {'freq': root/acquisition/_iblmic_audioSpectrogram/bands/freq DatasetBuilder {'attributes': {'description': 'frequency value', 'namespace': 'hdmf-common', 'neurodata_type': 'VectorData', 'object_id': '6cbe2339-da15-4964-9a14-85495485b6b4'}, 'data': <HDF5 dataset "freq": shape (257,), type "<f4">}, 'id': root/acquisition/_iblmic_audioSpectrogram/bands/id DatasetBuilder {'attributes': {'namespace': 'hdmf-common', 'neurodata_type': 'ElementIdentifiers', 'object_id': 'e75fb1fe-c49a-4a42-a53f-2ea9abae41a9'}, 'data': <HDF5 dataset "id": shape (257,), type "<i4">}}, 'links': {}}, "Could not construct FrequencyBandsTable object due to: column must have the same number of rows as 'id'"))
2026-10-01T12:34:35Z INFO [446/500] 2267df6b-9891-4176-bb79-d21a8be55384: valid; 2.4 s; peak memory 5834 MiB.
2026-10-01T12:34:39Z INFO [447/500] 22682a3b-d6cd-4854-b971-f6e135d64a96: valid; 3.2 s; peak memory 5855 MiB.
2026-10-01T12:34:40Z INFO [448/500] 226928f0-45c0-423b-ae75-e777e6808de0: valid; 1.6 s; peak memory 5855 MiB.
2026-10-01T12:34:42Z INFO [449/500] 2269ade8-a1c5-442c-9c52-72a161d4de80: not valid; 1.5 s; peak memory 5855 MiB.
2026-10-01T12:34:42Z WARNING 226a6ebc-7131-456a-aa95-c21719d1cfc9: failed while retrieving asset information from the DANDI API (NotFoundError: No such Dandiset: 000948)
2026-10-01T12:34:42Z INFO [450/500] 226a6ebc-7131-456a-aa95-c21719d1cfc9: checkpointed 87460 records.
2026-10-01T12:34:44Z INFO [451/500] 226a8246-78c6-44e5-8d02-9e67618548d4: valid; 2.0 s; peak memory 5855 MiB.
2026-10-01T12:34:47Z INFO [452/500] 226af510-412b-4085-ad7d-7e851347afc1: not valid; 3.0 s; peak memory 5855 MiB.
2026-10-01T12:34:49Z INFO [453/500] 226b587a-6dad-45ae-aac9-5e5b385c40fb: valid; 1.3 s; peak memory 5855 MiB.
2026-10-01T12:34:53Z INFO [454/500] 226bfbc9-f2e1-4922-b98b-985c67fb2ac1: valid; 4.1 s; peak memory 5855 MiB.
2026-10-01T12:34:55Z INFO [455/500] 226c4b97-cdd8-451a-9eac-6469422ba890: valid; 2.0 s; peak memory 5855 MiB.
2026-10-01T12:34:58Z INFO [456/500] 226c5473-9997-4bb5-82f9-57b2996a7b75: valid; 3.3 s; peak memory 5874 MiB.
2026-10-01T12:35:00Z INFO [457/500] 226cc948-dd06-489d-87ae-621c0bb2eebb: valid; 1.5 s; peak memory 5874 MiB.
2026-10-01T12:35:04Z INFO [458/500] 226d23e9-e5ed-4030-9de6-2aceb5c91e1d: valid; 4.7 s; peak memory 5874 MiB.
2026-10-01T12:35:06Z INFO [459/500] 226d677f-f962-495e-9283-d23d800c98d4: valid; 1.4 s; peak memory 5874 MiB.
2026-10-01T12:35:07Z INFO [460/500] 226dd50b-1bd1-43b0-9e28-c93112b74a8f: valid; 1.5 s; peak memory 5874 MiB.
2026-10-01T12:35:09Z INFO [461/500] 226ddb14-30a6-4ffb-9bb3-40409df2c3ba: not valid; 2.0 s; peak memory 5874 MiB.
2026-10-01T12:35:23Z INFO [462/500] 226df11f-3084-4fcb-890d-24eba3d6ac05: valid; 13.8 s; peak memory 5926 MiB.
2026-10-01T12:35:24Z INFO [463/500] 226e15df-407d-451b-bcd4-6ad51a90ea8f: valid; 1.4 s; peak memory 5926 MiB.
2026-10-01T12:35:26Z INFO [464/500] 226e9523-d57c-44b0-99d7-10827304cac2: valid; 1.1 s; peak memory 5926 MiB.
2026-10-01T12:35:28Z INFO [465/500] 226f15c1-eb91-4192-b866-837efa62808f: valid; 2.1 s; peak memory 5926 MiB.
2026-10-01T12:35:30Z INFO [466/500] 226f7beb-d178-430d-848c-12babd2b6512: valid; 2.6 s; peak memory 5940 MiB.
2026-10-01T12:35:35Z INFO [467/500] 226f7fbc-e71f-4940-924e-bdfd8ef651d8: valid; 5.1 s; peak memory 5943 MiB.
2026-10-01T12:35:37Z INFO [468/500] 226f930d-649c-4a50-9d1f-0f0ac9537738: valid; 1.4 s; peak memory 5944 MiB.
2026-10-01T12:35:39Z WARNING 226fcb13-b326-4bcf-b944-d5846ac1104d: failed while opening the NWB file (ConstructError: (root/acquisition/_iblmic_audioSpectrogram/bands GroupBuilder {'attributes': {'colnames': array(['freq'], dtype=object), 'description': 'spectogram frequencies', 'namespace': 'core', 'neurodata_type': 'FrequencyBandsTable', 'object_id': '5a3ce80a-7b93-46d6-999e-3a8107e009a6'}, 'groups': {}, 'datasets': {'freq': root/acquisition/_iblmic_audioSpectrogram/bands/freq DatasetBuilder {'attributes': {'description': 'frequency value', 'namespace': 'hdmf-common', 'neurodata_type': 'VectorData', 'object_id': 'ae50d65d-410d-4f03-aabe-1a6841f47e18'}, 'data': <HDF5 dataset "freq": shape (257,), type "<f4">}, 'id': root/acquisition/_iblmic_audioSpectrogram/bands/id DatasetBuilder {'attributes': {'namespace': 'hdmf-common', 'neurodata_type': 'ElementIdentifiers', 'object_id': '2bfff234-ddd9-4707-82c1-d1c851f01941'}, 'data': <HDF5 dataset "id": shape (257,), type "<i4">}}, 'links': {}}, "Could not construct FrequencyBandsTable object due to: column must have the same number of rows as 'id'"))
2026-10-01T12:35:42Z INFO [470/500] 22710e96-6a3e-44c9-a1b0-b0db3428aea2: valid; 3.3 s; peak memory 5945 MiB.
2026-10-01T12:35:55Z INFO [471/500] 227139f3-c7c7-4493-b4fa-dd20a916c637: valid; 13.0 s; peak memory 5945 MiB.
2026-10-01T12:35:57Z INFO [472/500] 22713c96-4c31-4497-b3af-bec512863687: valid; 1.5 s; peak memory 5945 MiB.
2026-10-01T12:35:59Z INFO [473/500] 227292d9-2979-4dd2-8275-373a123d979d: valid; 2.1 s; peak memory 5945 MiB.
2026-10-01T12:36:01Z INFO [474/500] 22729eb4-6e17-41ec-9c06-72276229af97: not valid; 2.0 s; peak memory 5945 MiB.
2026-10-01T12:36:03Z INFO [475/500] 2272e070-10d4-4e1d-b79d-912fca914828: not valid; 2.2 s; peak memory 5945 MiB.
2026-10-01T12:36:05Z INFO [476/500] 2272e935-fb62-4e84-8869-e0bddd4aed4a: valid; 1.9 s; peak memory 5945 MiB.
2026-10-01T12:36:07Z INFO [477/500] 227353e6-a09f-4687-b11d-7713004670b6: valid; 2.1 s; peak memory 5945 MiB.
2026-10-01T12:36:12Z INFO [478/500] 2273893b-a481-4d1f-8386-39892a436972: valid; 4.8 s; peak memory 5945 MiB.
2026-10-01T12:36:14Z INFO [479/500] 2274e856-83f0-468a-9f1f-cc62f515a911: valid; 2.1 s; peak memory 5945 MiB.
2026-10-01T12:36:16Z INFO [480/500] 2274ee6d-10d5-4ffc-b623-c8a16f8202a6: valid; 1.8 s; peak memory 5945 MiB.
2026-10-01T12:36:18Z INFO [481/500] 22751364-060a-4c04-8226-50558a98da99: valid; 1.9 s; peak memory 5945 MiB.
2026-10-01T12:36:20Z INFO [482/500] 2275279b-16f8-4c60-ab03-f0f41ca26d9c: valid; 1.9 s; peak memory 5945 MiB.
2026-10-01T12:36:21Z INFO [483/500] 2275746d-5fd8-4908-a740-b1163ff65ae8: valid; 1.4 s; peak memory 5945 MiB.
2026-10-01T12:36:24Z INFO [484/500] 2275d0c0-346e-4cd2-ba60-40d36345dd93: valid; 3.3 s; peak memory 5945 MiB.
2026-10-01T12:36:26Z INFO [485/500] 2276ba14-f630-4279-9547-394614890546: not valid; 1.6 s; peak memory 5945 MiB.
2026-10-01T12:36:28Z INFO [486/500] 2277b8a1-067a-43a1-b4f3-3b404337dfe8: not valid; 2.0 s; peak memory 5946 MiB.
2026-10-01T12:38:39Z INFO [487/500] 2277f089-86c8-4422-bcad-484f47fe4170: valid; 131.2 s; peak memory 6409 MiB.
2026-10-01T12:38:53Z INFO [488/500] 2278095e-1c61-4f4e-a592-8dde0f57dfb1: not valid; 13.5 s; peak memory 6409 MiB.
2026-10-01T12:38:54Z INFO [489/500] 22789492-89f9-45ae-a5fd-8e813040e114: valid; 1.4 s; peak memory 6409 MiB.
2026-10-01T12:39:08Z INFO [490/500] 2278e5b4-8244-48c4-82c7-3d0e5a3fbdac: valid; 14.0 s; peak memory 6409 MiB.
2026-10-01T12:39:11Z INFO [491/500] 2278e7b7-ca14-4461-92e9-75f5fc8ee1dc: valid; 2.9 s; peak memory 6409 MiB.
2026-10-01T12:39:14Z INFO [492/500] 2278eb25-f27a-4150-80be-6a2f0f19c474: valid; 3.1 s; peak memory 6409 MiB.
2026-10-01T12:39:15Z INFO [493/500] 2279178e-6976-4469-8764-913ecbb3e856: valid; 1.4 s; peak memory 6409 MiB.
2026-10-01T12:39:18Z INFO [494/500] 2279f15d-92be-4f3b-82a3-2c0100ab33d3: valid; 2.4 s; peak memory 6409 MiB.
2026-10-01T12:39:19Z INFO [495/500] 227a0ca4-1db7-4cff-a588-bbc0c0e63970: not valid; 1.6 s; peak memory 6409 MiB.
2026-10-01T12:39:21Z INFO [496/500] 227a5713-b37c-4793-85b4-931d3647ce73: valid; 1.4 s; peak memory 6409 MiB.
2026-10-01T12:39:22Z INFO [497/500] 227afe0e-976f-43e9-b000-aeeeef289658: valid; 1.6 s; peak memory 6409 MiB.
2026-10-01T12:39:25Z WARNING 227b5126-d8f3-4868-a61c-5dcd267e1c0a: failed while opening the NWB file (ConstructError: (root/acquisition/_iblmic_audioSpectrogram/bands GroupBuilder {'attributes': {'colnames': array(['freq'], dtype=object), 'description': 'spectogram frequencies', 'namespace': 'core', 'neurodata_type': 'FrequencyBandsTable', 'object_id': '1928f831-1b58-4c50-a522-7098e9bf07e4'}, 'groups': {}, 'datasets': {'freq': root/acquisition/_iblmic_audioSpectrogram/bands/freq DatasetBuilder {'attributes': {'description': 'frequency value', 'namespace': 'hdmf-common', 'neurodata_type': 'VectorData', 'object_id': 'c5933432-c007-4bb7-9151-cf1b01d1ca2c'}, 'data': <HDF5 dataset "freq": shape (257,), type "<f4">}, 'id': root/acquisition/_iblmic_audioSpectrogram/bands/id DatasetBuilder {'attributes': {'namespace': 'hdmf-common', 'neurodata_type': 'ElementIdentifiers', 'object_id': '9756011f-336a-411c-bdb2-9e8a43a1e51c'}, 'data': <HDF5 dataset "id": shape (257,), type "<i4">}}, 'links': {}}, "Could not construct FrequencyBandsTable object due to: column must have the same number of rows as 'id'"))
2026-10-01T12:39:26Z INFO [499/500] 227b68b6-b903-4866-a7f6-3f12f9a24c6f: valid; 1.6 s; peak memory 6409 MiB.
2026-10-01T12:39:31Z INFO [500/500] 227c5a0c-5062-4b41-b408-f3aff24d3288: valid; 4.4 s; peak memory 6409 MiB.
2026-10-01T12:39:31Z INFO [500/500] 227c5a0c-5062-4b41-b408-f3aff24d3288: checkpointed 87510 records.
2026-10-01T12:39:32Z INFO Wrote 87510 records to /tmp/derivatives/content_id_to_valid_nwb_file.jsonl (468 new, 32 failed) in 42.2 min (peak memory 6409 MiB).
