2026-09-30T11:28:48Z INFO Logging to /tmp/logs/update_2026-09-30T11-28-48Z.log.
2026-09-30T11:28:48Z INFO Update content-id-to-valid-nwb-file (base directory /tmp).
2026-09-30T11:28:51Z INFO Processing 500 items (85510 already recorded).
2026-09-30T11:28:52Z INFO [1/500] 0006b7a8-e570-48de-89ec-83f61ec6cf19: valid; 1.3 s; peak memory 352 MiB.
2026-09-30T11:28:53Z INFO [2/500] 009aa50f-cd5b-488b-83d2-d87d23c181f1: valid; 1.5 s; peak memory 358 MiB.
2026-09-30T11:28:57Z INFO [3/500] 00e81420-8fc1-4583-a9c8-d6df0167928d: valid; 4.0 s; peak memory 371 MiB.
2026-09-30T11:29:01Z INFO [4/500] 00eea04b-535c-4dde-ab27-aa34669531c4: valid; 3.8 s; peak memory 386 MiB.
2026-09-30T11:29:05Z INFO [5/500] 01c6c527-0845-4e25-8d76-753c02930a46: valid; 3.7 s; peak memory 398 MiB.
2026-09-30T11:29:09Z INFO [6/500] 02ca499d-e7f9-4910-80e1-b17b5ebf6511: valid; 4.0 s; peak memory 417 MiB.
2026-09-30T11:29:10Z INFO [7/500] 02ed1d1a-8490-4ff5-8edf-487a49d4e031: valid; 1.1 s; peak memory 422 MiB.
2026-09-30T11:29:11Z INFO [8/500] 02f1de7c-880b-464c-afcb-d0ccee9e9c20: valid; 1.1 s; peak memory 428 MiB.
2026-09-30T11:29:12Z INFO [9/500] 03d85354-3030-4ffd-8ede-efd81e5123f4: valid; 1.1 s; peak memory 433 MiB.
2026-09-30T11:29:16Z INFO [10/500] 0493104c-32b3-4dfd-9016-3905afa9f1df: valid; 3.6 s; peak memory 446 MiB.
2026-09-30T11:29:17Z INFO [11/500] 050626c1-307a-485a-8353-28b5cfee24d8: valid; 1.0 s; peak memory 450 MiB.
2026-09-30T11:29:18Z INFO [12/500] 0530c00a-b306-4405-b8a1-e25c322c4337: valid; 1.2 s; peak memory 457 MiB.
2026-09-30T11:29:19Z INFO [13/500] 05bdb42b-abea-4d18-b57f-ae860af70774: valid; 1.1 s; peak memory 461 MiB.
2026-09-30T11:29:20Z INFO [14/500] 065f3acb-5d5e-4854-8d9d-d240ff55dc78: valid; 0.8 s; peak memory 466 MiB.
2026-09-30T11:29:21Z INFO [15/500] 0691fde2-e42f-4595-9566-64828a1d8b9c: valid; 1.3 s; peak memory 472 MiB.
2026-09-30T11:29:25Z INFO [16/500] 078cac45-94bc-4895-88fd-7c1f1825092d: valid; 3.6 s; peak memory 486 MiB.
2026-09-30T11:29:28Z INFO [17/500] 0798f687-696d-431f-b631-35dac97ac21f: valid; 3.6 s; peak memory 506 MiB.
2026-09-30T11:29:32Z INFO [18/500] 07b78a12-b867-4a66-b271-dbc1ac7441ce: valid; 3.5 s; peak memory 534 MiB.
2026-09-30T11:29:35Z INFO [19/500] 08bcd49b-4a48-4d79-9b16-59bdebcc0385: valid; 3.5 s; peak memory 548 MiB.
2026-09-30T11:29:36Z INFO [20/500] 0902ecd3-0875-473a-a25d-c93b5c587be5: valid; 1.2 s; peak memory 551 MiB.
2026-09-30T11:29:38Z INFO [21/500] 09447afb-24da-49f2-a79f-c4248b77573d: valid; 1.2 s; peak memory 553 MiB.
2026-09-30T11:29:38Z INFO [22/500] 0adc547b-5922-4255-9690-7bd967e6a4c2: valid; 0.9 s; peak memory 554 MiB.
2026-09-30T11:29:39Z INFO [23/500] 0b5e3175-8ed4-4687-81be-923ba8825a58: valid; 1.0 s; peak memory 556 MiB.
2026-09-30T11:29:40Z INFO [24/500] 0bb3a36f-8617-4b5d-acc1-811f9a10c6e1: valid; 0.9 s; peak memory 557 MiB.
2026-09-30T11:29:41Z INFO [25/500] 0bb814ea-0794-48d4-9921-bec5cfdafea9: valid; 1.0 s; peak memory 559 MiB.
2026-09-30T11:29:42Z INFO [26/500] 0dbe42ae-005e-40dc-8cab-88e6a9477ada: valid; 1.0 s; peak memory 560 MiB.
2026-09-30T11:29:46Z INFO [27/500] 0f0ff423-e117-4acf-bb77-2ed222b24a49: valid; 3.7 s; peak memory 571 MiB.
2026-09-30T11:29:47Z INFO [28/500] 0f970f99-07c5-49db-b3e2-19cebb3521a2: valid; 1.2 s; peak memory 577 MiB.
2026-09-30T11:29:48Z INFO [29/500] 10d6c1cd-1e02-4acd-b5d3-b2ffa6c3a179: valid; 1.1 s; peak memory 580 MiB.
2026-09-30T11:29:50Z INFO [30/500] 11b6b49b-a73e-461c-b833-43f5d9035a6c: valid; 1.2 s; peak memory 586 MiB.
2026-09-30T11:29:50Z INFO [31/500] 122bfbb8-fb66-4bc9-a841-8b929799157d: valid; 0.8 s; peak memory 588 MiB.
2026-09-30T11:29:51Z INFO [32/500] 12500f13-a311-4e27-96a0-27461c28facc: valid; 1.0 s; peak memory 593 MiB.
2026-09-30T11:29:55Z INFO [33/500] 12a418aa-14b2-4075-8523-93c3cca2a610: valid; 3.8 s; peak memory 668 MiB.
2026-09-30T11:29:59Z INFO [34/500] 12b1af79-c7b1-419a-a695-d7f5932e4140: valid; 3.5 s; peak memory 668 MiB.
2026-09-30T11:30:02Z INFO [35/500] 13687003-4be3-4fe8-b1ea-388e5788b0fb: valid; 3.4 s; peak memory 671 MiB.
2026-09-30T11:30:03Z INFO [36/500] 13c8fbf3-fe70-4819-a773-1ba08cec8111: valid; 1.0 s; peak memory 676 MiB.
2026-09-30T11:30:04Z INFO [37/500] 1406f1d9-d105-48c9-88a7-ed94a69a0ea7: valid; 1.3 s; peak memory 680 MiB.
2026-09-30T11:30:08Z INFO [38/500] 144695e2-c035-4374-afb0-c8c2141900c1: valid; 3.6 s; peak memory 696 MiB.
2026-09-30T11:30:09Z INFO [39/500] 144bfb09-a07f-4a9e-bea7-e61f49e44ce4: valid; 1.0 s; peak memory 702 MiB.
2026-09-30T11:30:12Z INFO [40/500] 14c8b7be-cec3-4561-92e8-c9590ac4f449: valid; 3.4 s; peak memory 819 MiB.
2026-09-30T11:30:17Z INFO [41/500] 1537471d-bed0-405e-8f9a-7f3c48a0e6cb: valid; 4.7 s; peak memory 850 MiB.
2026-09-30T11:30:20Z INFO [42/500] 15ecf2a8-3056-4582-b238-6c1cbb78dd22: valid; 3.4 s; peak memory 850 MiB.
2026-09-30T11:30:21Z INFO [43/500] 17741339-fbaf-41bc-b84c-e7213b51ae65: valid; 0.9 s; peak memory 850 MiB.
2026-09-30T11:30:22Z INFO [44/500] 1900c1ca-92e7-495b-8624-0a4944ed4b46: valid; 1.0 s; peak memory 850 MiB.
2026-09-30T11:30:23Z INFO [45/500] 194e5b03-cc2a-49c8-88af-029bdf257c08: valid; 0.7 s; peak memory 850 MiB.
2026-09-30T11:30:26Z INFO [46/500] 19c7c19a-22f8-4076-945b-5aacf154b40f: valid; 2.9 s; peak memory 940 MiB.
2026-09-30T11:30:30Z INFO [47/500] 1ad7bf8b-ac54-4762-9af5-4c50ee4c02df: valid; 3.7 s; peak memory 940 MiB.
2026-09-30T11:30:34Z INFO [48/500] 1baf8740-46d7-4005-be11-a20c9bfc3cd2: valid; 4.4 s; peak memory 992 MiB.
2026-09-30T11:30:35Z INFO [49/500] 1c21669d-3f48-4e58-a53d-044eeb3c1811: valid; 1.1 s; peak memory 992 MiB.
2026-09-30T11:30:36Z INFO [50/500] 1c44d091-cc33-4827-b8c5-8d82ebe5117b: valid; 1.0 s; peak memory 992 MiB.
2026-09-30T11:30:37Z INFO [50/500] 1c44d091-cc33-4827-b8c5-8d82ebe5117b: checkpointed 85560 records.
2026-09-30T11:30:38Z INFO [51/500] 1cbd496c-0169-432e-bd79-de1d8e4f6593: valid; 1.1 s; peak memory 992 MiB.
2026-09-30T11:30:39Z INFO [52/500] 1d44ad02-26e1-4a6f-913b-1de541d62ad2: valid; 1.0 s; peak memory 992 MiB.
2026-09-30T11:30:40Z INFO [53/500] 1d4d4a4a-1871-470e-a906-84ae926a2105: valid; 1.1 s; peak memory 992 MiB.
2026-09-30T11:30:41Z INFO [54/500] 1d5a15f7-23bd-4160-8c78-f84271feec82: valid; 1.0 s; peak memory 995 MiB.
2026-09-30T11:30:42Z INFO [55/500] 1d7d82c4-f26e-4c73-8d1c-ead55cdff720: valid; 1.1 s; peak memory 1000 MiB.
2026-09-30T11:30:43Z INFO [56/500] 1dd4582a-7524-41a1-8bba-a0b62ca9ac92: valid; 0.8 s; peak memory 1003 MiB.
2026-09-30T11:30:47Z INFO [57/500] 1ddedd46-bc2b-483e-bb6a-0ede4968e8aa: valid; 4.2 s; peak memory 1053 MiB.
2026-09-30T11:30:50Z INFO [58/500] 1df8ff0e-c737-4a07-a729-d70dc1ba8dc9: valid; 3.4 s; peak memory 1053 MiB.
2026-09-30T11:30:55Z INFO [59/500] 1e005262-fbb9-47bf-85cc-d364706934c5: valid; 4.2 s; peak memory 1153 MiB.
2026-09-30T11:30:58Z INFO [60/500] 1ec1693c-26f2-4156-91cc-5055258cbe70: valid; 3.6 s; peak memory 1155 MiB.
2026-09-30T11:31:04Z INFO [61/500] 1f82763c-d850-4d4a-b0dc-5334e68f9bff: valid; 5.4 s; peak memory 1315 MiB.
2026-09-30T11:31:05Z INFO [62/500] 1f82b393-10aa-45ad-8bc6-5e907017cc84: valid; 1.3 s; peak memory 1315 MiB.
2026-09-30T11:31:07Z INFO [63/500] 1f834924-2bdc-4424-b5d1-4063d9ac0fa1: valid; 2.0 s; peak memory 1315 MiB.
2026-09-30T11:31:08Z INFO [64/500] 1f836d20-1e0a-4a47-8a60-157c59587a15: valid; 1.2 s; peak memory 1320 MiB.
2026-09-30T11:31:09Z INFO [65/500] 1f8372af-f05e-4b50-b1a6-c7a90733c6e3: valid; 0.9 s; peak memory 1320 MiB.
2026-09-30T11:31:13Z INFO [66/500] 1f83867a-5196-4c0f-bd0b-83d86f79fe8c: valid; 4.4 s; peak memory 1331 MiB.
2026-09-30T11:31:14Z INFO [67/500] 1f8387e3-d6e1-42fa-9770-49d845827ed9: valid; 0.7 s; peak memory 1332 MiB.
2026-09-30T11:31:19Z INFO [68/500] 1f838876-e9a1-473e-8f51-1aa208c90149: valid; 4.8 s; peak memory 1379 MiB.
2026-09-30T11:31:20Z INFO [69/500] 1f839a96-1b7b-4fee-877a-6dd4445ee8df: valid; 0.8 s; peak memory 1381 MiB.
2026-09-30T11:31:21Z INFO [70/500] 1f843506-b119-4c67-90f4-01b3b5f7519d: valid; 1.2 s; peak memory 1385 MiB.
2026-09-30T11:31:22Z INFO [71/500] 1f8482b8-7651-4404-87fa-dfd6ed0c821c: valid; 0.9 s; peak memory 1389 MiB.
2026-09-30T11:31:23Z INFO [72/500] 1f848c2b-ae11-49da-bf8c-13fa5c31bed9: not valid; 1.0 s; peak memory 1393 MiB.
2026-09-30T11:31:23Z INFO [73/500] 1f852fd5-4748-4445-ac86-9fedc6c6602f: valid; 0.7 s; peak memory 1395 MiB.
2026-09-30T11:31:29Z INFO [74/500] 1f8543ba-0e01-4393-9876-92dae2c5f4e2: valid; 6.2 s; peak memory 1506 MiB.
2026-09-30T11:31:31Z WARNING 1f856084-8fe6-4b1b-9725-5d7f19eea24d: failed while opening the NWB file (ConstructError: (root/acquisition/_iblmic_audioSpectrogram/bands GroupBuilder {'attributes': {'colnames': array(['freq'], dtype=object), 'description': 'spectogram frequencies', 'namespace': 'core', 'neurodata_type': 'FrequencyBandsTable', 'object_id': '52b0433d-3a11-44ce-a740-9475a970b5f9'}, 'groups': {}, 'datasets': {'freq': root/acquisition/_iblmic_audioSpectrogram/bands/freq DatasetBuilder {'attributes': {'description': 'frequency value', 'namespace': 'hdmf-common', 'neurodata_type': 'VectorData', 'object_id': '6bf3a938-d2e2-4c9b-aa0f-fce706c15205'}, 'data': <HDF5 dataset "freq": shape (257,), type "<f4">}, 'id': root/acquisition/_iblmic_audioSpectrogram/bands/id DatasetBuilder {'attributes': {'namespace': 'hdmf-common', 'neurodata_type': 'ElementIdentifiers', 'object_id': '6db1c018-39f2-4cea-9504-571e8daeda11'}, 'data': <HDF5 dataset "id": shape (257,), type "<i4">}}, 'links': {}}, "Could not construct FrequencyBandsTable object due to: column must have the same number of rows as 'id'"))
2026-09-30T11:31:32Z INFO [76/500] 1f85a8ab-4acf-440b-af1f-6b7a9eb490d7: valid; 0.8 s; peak memory 1507 MiB.
2026-09-30T11:31:33Z INFO [77/500] 1f86e9e5-14fd-48ed-9297-2a081968fe68: valid; 1.1 s; peak memory 1513 MiB.
2026-09-30T11:31:34Z INFO [78/500] 1f872f4a-65cb-461e-b77e-49a0e2118df5: valid; 1.5 s; peak memory 1531 MiB.
2026-09-30T11:31:35Z INFO [79/500] 1f87e6f7-c288-4aa7-8e0f-f2cc3f1620a6: valid; 1.1 s; peak memory 1532 MiB.
2026-09-30T11:31:37Z INFO [80/500] 1f88dac4-2dcb-4ca7-9ef8-afaf7c06882b: valid; 1.4 s; peak memory 1532 MiB.
2026-09-30T11:31:38Z INFO [81/500] 1f898270-63a5-43ae-8395-e01b60b647fe: valid; 1.2 s; peak memory 1532 MiB.
2026-09-30T11:31:39Z INFO [82/500] 1f89bb03-9138-41b5-bfab-4da9b2ae2d4d: valid; 1.3 s; peak memory 1532 MiB.
2026-09-30T11:31:40Z INFO [83/500] 1f8a1580-fc41-4f79-af9c-99943c62e60c: valid; 0.7 s; peak memory 1532 MiB.
2026-09-30T11:31:41Z INFO [84/500] 1f8ae127-628b-4c63-b454-d5d43baed8c1: valid; 0.7 s; peak memory 1532 MiB.
2026-09-30T11:31:42Z INFO [85/500] 1f8af88e-c431-4d6c-abd4-cedd5480ea04: not valid; 1.1 s; peak memory 1532 MiB.
2026-09-30T11:31:42Z WARNING 1f8b0d86-feec-4561-9bed-60ab9aca7689: failed while retrieving asset information from the DANDI API (NotFoundError: No asset at path 'sub-09/sub-09_ses-20150115T144300_obj-106jgmp_behavior+ecephys.nwb' in version 0.250815.1108. Verify the path is correct and the asset exists in this version. Use 'dandi ls' to list available assets.)
2026-09-30T11:31:43Z INFO [87/500] 1f8bdb5b-483f-4693-8d18-de4c0a15fb7d: valid; 1.4 s; peak memory 1532 MiB.
2026-09-30T11:31:44Z INFO [88/500] 1f8c216d-cb80-4d31-a18a-6c8d24757874: valid; 0.9 s; peak memory 1532 MiB.
2026-09-30T11:31:45Z INFO [89/500] 1f8cb658-d141-40a5-97d4-4916c57675bc: valid; 1.2 s; peak memory 1532 MiB.
2026-09-30T11:31:46Z INFO [90/500] 1f8d2e88-5100-4966-91e3-9b54a22f763a: valid; 0.5 s; peak memory 1532 MiB.
2026-09-30T11:31:47Z INFO [91/500] 1f8d4570-d6ba-435b-bbdb-904c012eba9b: valid; 0.8 s; peak memory 1532 MiB.
2026-09-30T11:31:48Z WARNING 1f8e01c8-1c45-4643-ac2b-f435d19550ba: failed while opening the NWB file (ConstructError: (root/acquisition/_iblmic_audioSpectrogram/bands GroupBuilder {'attributes': {'colnames': array(['freq'], dtype=object), 'description': 'spectogram frequencies', 'namespace': 'core', 'neurodata_type': 'FrequencyBandsTable', 'object_id': '2c19592e-ed64-4204-a93e-d38a26dd3831'}, 'groups': {}, 'datasets': {'freq': root/acquisition/_iblmic_audioSpectrogram/bands/freq DatasetBuilder {'attributes': {'description': 'frequency value', 'namespace': 'hdmf-common', 'neurodata_type': 'VectorData', 'object_id': 'f6047d0d-1cc3-4152-9f9a-943f32cd13ec'}, 'data': <HDF5 dataset "freq": shape (257,), type "<f4">}, 'id': root/acquisition/_iblmic_audioSpectrogram/bands/id DatasetBuilder {'attributes': {'namespace': 'hdmf-common', 'neurodata_type': 'ElementIdentifiers', 'object_id': 'b6209946-cc56-4acb-a553-e0c4c8938bd0'}, 'data': <HDF5 dataset "id": shape (257,), type "<i4">}}, 'links': {}}, "Could not construct FrequencyBandsTable object due to: column must have the same number of rows as 'id'"))
2026-09-30T11:31:51Z INFO [93/500] 1f8e4cfc-a2d2-4c9d-95ce-34a868d1fb27: valid; 3.4 s; peak memory 1532 MiB.
2026-09-30T11:31:54Z INFO [94/500] 1f8e98f7-7fa6-4589-bda8-c6ed3968fcb1: not valid; 2.2 s; peak memory 1532 MiB.
2026-09-30T11:31:55Z INFO [95/500] 1f8ed83e-afde-45d6-a4d0-eab87b6254b8: valid; 1.7 s; peak memory 1532 MiB.
2026-09-30T11:31:56Z INFO [96/500] 1f8eed6a-cd1e-482f-bac0-5f0fa1220ab3: valid; 0.8 s; peak memory 1532 MiB.
2026-09-30T11:31:57Z INFO [97/500] 1f8fa716-e642-40d9-9245-14840be7f588: not valid; 1.0 s; peak memory 1532 MiB.
2026-09-30T11:31:58Z INFO [98/500] 1f9008cb-c4c1-4e52-a9da-7db9d40c1568: valid; 1.3 s; peak memory 1532 MiB.
2026-09-30T11:31:59Z INFO [99/500] 1f90779d-ca55-4845-ad52-32cb2e718f88: valid; 1.0 s; peak memory 1532 MiB.
2026-09-30T11:32:00Z INFO [100/500] 1f90835c-7db1-4adf-88f1-77084a1d3598: valid; 0.7 s; peak memory 1532 MiB.
2026-09-30T11:32:01Z INFO [100/500] 1f90835c-7db1-4adf-88f1-77084a1d3598: checkpointed 85610 records.
2026-09-30T11:32:03Z INFO [101/500] 1f90be8c-203b-4689-8673-d48ce805a904: valid; 2.1 s; peak memory 1532 MiB.
2026-09-30T11:32:03Z INFO [102/500] 1f910155-c41b-4597-bafb-20fad0f00808: valid; 0.7 s; peak memory 1532 MiB.
2026-09-30T11:32:04Z INFO [103/500] 1f912b21-6ea2-4f70-a42d-353097c3d215: valid; 0.5 s; peak memory 1532 MiB.
2026-09-30T11:32:05Z INFO [104/500] 1f9136f0-86d0-4058-9154-bab12e948557: valid; 1.0 s; peak memory 1532 MiB.
2026-09-30T11:32:06Z INFO [105/500] 1f918818-4a06-4dbd-b57e-1d48da613a33: valid; 0.8 s; peak memory 1532 MiB.
2026-09-30T11:32:08Z INFO [106/500] 1f91c9d4-e7fe-4986-86ef-ebf8ceedbd2a: valid; 2.1 s; peak memory 1532 MiB.
2026-09-30T11:32:09Z INFO [107/500] 1f91e233-6c46-428d-850f-c4ce796f5aa1: valid; 1.3 s; peak memory 1532 MiB.
2026-09-30T11:32:10Z INFO [108/500] 1f92658d-f290-44c4-9b57-63a056f21ebc: valid; 0.9 s; peak memory 1532 MiB.
2026-09-30T11:32:13Z INFO [109/500] 1f926b1f-3e6e-4c1a-8882-c93ffdb513af: valid; 3.1 s; peak memory 1532 MiB.
2026-09-30T11:32:14Z INFO [110/500] 1f92a77e-3407-41c6-ac5e-96d81aed4cbe: valid; 1.1 s; peak memory 1532 MiB.
2026-09-30T11:32:21Z INFO [111/500] 1f94520e-2bd3-45b2-8f4a-206ba18a43b4: valid; 7.2 s; peak memory 1532 MiB.
2026-09-30T11:32:23Z WARNING 1f9493e5-7f30-4dbf-8dab-8d83dd0d0a1e: failed while opening the NWB file (ValueError: Cannot resolve included group spec 'electrodes' with data_type_inc 'ElectrodesTable' because a group spec with the same name already exists with data_type_inc 'DynamicTable', and data type 'DynamicTable' is not a child type of data type 'ElectrodesTable'.)
2026-09-30T11:32:25Z INFO [113/500] 1f94eb92-89fc-457d-b44b-038295ddd204: valid; 2.3 s; peak memory 1532 MiB.
2026-09-30T11:32:27Z INFO [114/500] 1f96c8b6-4dda-4e18-aaf0-6d311b3b39be: valid; 1.9 s; peak memory 1532 MiB.
2026-09-30T11:32:28Z WARNING 1f96ea3a-404e-431b-b15b-18d6a24ec571: failed while opening the NWB file (ConstructError: (root/acquisition/_iblmic_audioSpectrogram/bands GroupBuilder {'attributes': {'colnames': array(['freq'], dtype=object), 'description': 'spectogram frequencies', 'namespace': 'core', 'neurodata_type': 'FrequencyBandsTable', 'object_id': '3c32c3e5-beeb-4811-a2e2-289aa35134e4'}, 'groups': {}, 'datasets': {'freq': root/acquisition/_iblmic_audioSpectrogram/bands/freq DatasetBuilder {'attributes': {'description': 'frequency value', 'namespace': 'hdmf-common', 'neurodata_type': 'VectorData', 'object_id': '415dcbe3-1b69-4765-87a0-b0af010759d7'}, 'data': <HDF5 dataset "freq": shape (257,), type "<f4">}, 'id': root/acquisition/_iblmic_audioSpectrogram/bands/id DatasetBuilder {'attributes': {'namespace': 'hdmf-common', 'neurodata_type': 'ElementIdentifiers', 'object_id': 'ac449deb-788e-4efe-bea9-d04db46e4765'}, 'data': <HDF5 dataset "id": shape (257,), type "<i4">}}, 'links': {}}, "Could not construct FrequencyBandsTable object due to: column must have the same number of rows as 'id'"))
2026-09-30T11:32:29Z INFO [116/500] 1f97385a-ce47-4981-a52a-0886a722e49c: valid; 0.8 s; peak memory 1537 MiB.
2026-09-30T11:32:30Z INFO [117/500] 1f9760ff-4562-4800-b1a9-96840b9903bc: not valid; 0.9 s; peak memory 1541 MiB.
2026-09-30T11:32:30Z WARNING 1f97b022-3a9a-48f0-89f3-1b89c5f4428d: failed while retrieving asset information from the DANDI API (NotFoundError: No asset at path 'sub-460436/sub-460436_ses-20200110T142717_behavior+ecephys+ogen.nwb' in version 0.231012.2129. Verify the path is correct and the asset exists in this version. Use 'dandi ls' to list available assets.)
2026-09-30T11:32:31Z INFO [119/500] 1f99174b-8518-4b1f-a507-5744a656b254: valid; 0.7 s; peak memory 1543 MiB.
2026-09-30T11:32:32Z INFO [120/500] 1f99217b-cb49-4043-863f-9cde9d01131e: not valid; 1.6 s; peak memory 1548 MiB.
2026-09-30T11:32:34Z INFO [121/500] 1f99b24f-be7a-423c-8182-587b141e3c3b: valid; 1.4 s; peak memory 1568 MiB.
2026-09-30T11:32:37Z INFO [122/500] 1f9a0ba8-3f88-41f5-a393-a6952f2c6ff2: valid; 3.7 s; peak memory 1577 MiB.
2026-09-30T11:32:39Z INFO [123/500] 1f9a8c9a-9ba4-45cb-914b-dd12bcf54ada: valid; 2.1 s; peak memory 1577 MiB.
2026-09-30T11:32:49Z INFO [124/500] 1f9bb2af-6367-44b9-84e1-27b914428bf2: valid; 10.2 s; peak memory 1613 MiB.
2026-09-30T11:32:50Z INFO [125/500] 1f9c5517-359a-4fe3-b255-794bf2afcbd9: valid; 0.6 s; peak memory 1616 MiB.
2026-09-30T11:32:51Z INFO [126/500] 1f9c84a8-ea77-4dd1-b278-1d451e47b1f5: valid; 1.4 s; peak memory 1619 MiB.
2026-09-30T11:32:52Z INFO [127/500] 1f9cbe6c-bf4d-4cc1-9d8f-320ac1f146b0: valid; 0.7 s; peak memory 1621 MiB.
2026-09-30T11:32:53Z INFO [128/500] 1f9d0286-52e0-4f97-a2b4-a5b4fd68a875: not valid; 1.3 s; peak memory 1628 MiB.
2026-09-30T11:32:55Z INFO [129/500] 1f9d094b-8cdc-4084-9f94-8a59e4bfa6f1: not valid; 1.1 s; peak memory 1630 MiB.
2026-09-30T11:33:00Z INFO [130/500] 1f9d1760-7dae-4903-b414-fd65dd09d543: valid; 4.9 s; peak memory 1682 MiB.
2026-09-30T11:33:00Z INFO [131/500] 1f9d79a8-d8cf-4c05-98fb-22b988fa3079: valid; 0.9 s; peak memory 1685 MiB.
2026-09-30T11:33:02Z INFO [132/500] 1f9db0c4-5b46-4731-b180-c45442eaa733: valid; 1.3 s; peak memory 1689 MiB.
2026-09-30T11:33:04Z INFO [133/500] 1f9e38db-78a6-4d43-9960-ebc2eca608bb: not valid; 2.4 s; peak memory 1689 MiB.
2026-09-30T11:33:07Z INFO [134/500] 1f9e8e87-f21f-4cac-bfef-ac81b93999b9: valid; 2.6 s; peak memory 1689 MiB.
2026-09-30T11:33:07Z INFO [135/500] 1f9f4ef5-6c43-4f9f-9e6d-4c27ed9e542e: valid; 0.7 s; peak memory 1689 MiB.
2026-09-30T11:33:10Z INFO [136/500] 1f9fffe9-0ec4-4ad3-8149-b972d4a5dc70: not valid; 2.9 s; peak memory 1689 MiB.
2026-09-30T11:33:12Z INFO [137/500] 1fa0b010-e92f-431a-b228-8ded460c8a3e: not valid; 1.2 s; peak memory 1689 MiB.
2026-09-30T11:33:12Z INFO [138/500] 1fa0e330-359c-4369-93a6-756218333c33: valid; 0.6 s; peak memory 1689 MiB.
2026-09-30T11:33:13Z INFO [139/500] 1fa0ef67-60cb-4aca-beff-ba442cbd193a: not valid; 1.2 s; peak memory 1689 MiB.
2026-09-30T11:33:15Z INFO [140/500] 1fa1f765-8e98-4b98-b13c-da9527ee5844: not valid; 1.3 s; peak memory 1689 MiB.
2026-09-30T11:33:15Z INFO [141/500] 1fa24695-5343-44cd-b798-eb64003a3193: valid; 0.8 s; peak memory 1689 MiB.
2026-09-30T11:33:16Z INFO [142/500] 1fa2804f-08e5-4799-a270-d5378a6a6bd3: not valid; 1.0 s; peak memory 1689 MiB.
2026-09-30T11:33:17Z INFO [143/500] 1fa2a741-6879-40a5-949a-d3432f6bcea6: valid; 0.8 s; peak memory 1689 MiB.
2026-09-30T11:33:19Z INFO [144/500] 1fa2df4d-a5f8-4c6f-80ea-2ef6ca251a8c: valid; 1.7 s; peak memory 1689 MiB.
2026-09-30T11:33:21Z INFO [145/500] 1fa2e8d4-0a47-4fbf-ba2d-912b084aaf65: valid; 1.9 s; peak memory 1689 MiB.
2026-09-30T11:33:24Z INFO [146/500] 1fa3239a-4d77-4b65-b275-70ece297c93d: valid; 2.9 s; peak memory 1689 MiB.
2026-09-30T11:33:26Z INFO [147/500] 1fa348f7-f595-4c57-a117-234bb26f514b: valid; 2.0 s; peak memory 1689 MiB.
2026-09-30T11:33:27Z INFO [148/500] 1fa35636-983d-48b0-9a6c-0f875e47b1d5: not valid; 1.2 s; peak memory 1689 MiB.
2026-09-30T11:33:33Z INFO [149/500] 1fa494b4-423d-4719-a6d8-b809615ba55d: valid; 5.8 s; peak memory 1785 MiB.
2026-09-30T11:33:33Z WARNING 1fa4aca6-9ce1-4002-87f0-cd549c09b289: failed while retrieving asset information from the DANDI API (NotFoundError: No such Dandiset: 001533)
2026-09-30T11:33:33Z INFO [150/500] 1fa4aca6-9ce1-4002-87f0-cd549c09b289: checkpointed 85660 records.
2026-09-30T11:33:35Z INFO [151/500] 1fa4ceb2-cb1a-484e-826d-5b685db6293f: valid; 1.6 s; peak memory 1786 MiB.
2026-09-30T11:33:36Z WARNING 1fa53802-a17f-4b9b-b470-07d6fba8e73d: failed while opening the NWB file (ConstructError: (root/acquisition/_iblmic_audioSpectrogram/bands GroupBuilder {'attributes': {'colnames': array(['freq'], dtype=object), 'description': 'spectogram frequencies', 'namespace': 'core', 'neurodata_type': 'FrequencyBandsTable', 'object_id': 'ff1e21ca-6b09-4462-a0ff-395e30ac1cd0'}, 'groups': {}, 'datasets': {'freq': root/acquisition/_iblmic_audioSpectrogram/bands/freq DatasetBuilder {'attributes': {'description': 'frequency value', 'namespace': 'hdmf-common', 'neurodata_type': 'VectorData', 'object_id': '0bf681d6-839b-4247-9824-0aa18c56c53f'}, 'data': <HDF5 dataset "freq": shape (257,), type "<f4">}, 'id': root/acquisition/_iblmic_audioSpectrogram/bands/id DatasetBuilder {'attributes': {'namespace': 'hdmf-common', 'neurodata_type': 'ElementIdentifiers', 'object_id': '34fc3b2a-a0e2-45d4-9c7b-28b47b2c0b63'}, 'data': <HDF5 dataset "id": shape (257,), type "<i4">}}, 'links': {}}, "Could not construct FrequencyBandsTable object due to: column must have the same number of rows as 'id'"))
2026-09-30T11:34:37Z INFO [153/500] 1fa5916c-d183-4854-b88e-60b57f1ef1d8: valid; 61.6 s; peak memory 2141 MiB.
2026-09-30T11:34:38Z INFO [154/500] 1fa65a43-a26d-41f0-96a1-3b19f42951bd: valid; 0.7 s; peak memory 2141 MiB.
2026-09-30T11:34:39Z INFO [155/500] 1fa6862c-ef27-4128-ba1b-844e9cf98471: valid; 1.2 s; peak memory 2141 MiB.
2026-09-30T11:34:41Z INFO [156/500] 1fa6ac37-e8a9-4708-9aa5-11f4b3a472f2: valid; 1.9 s; peak memory 2141 MiB.
2026-09-30T11:34:41Z WARNING 1fa785d7-2a1e-4efd-aecc-c5695d4ee7a0: failed while retrieving asset information from the DANDI API (NotFoundError: No asset at path 'sub-456774/sub-456774_ses-20191023T142402_behavior+ecephys+ogen.nwb' in version 0.231012.2129. Verify the path is correct and the asset exists in this version. Use 'dandi ls' to list available assets.)
2026-09-30T11:34:46Z INFO [158/500] 1fa798a0-323b-448f-bb17-d8b4ddd19ed5: not valid; 4.3 s; peak memory 2141 MiB.
2026-09-30T11:34:47Z INFO [159/500] 1fa7e2e0-a36b-403f-9492-1c91899d5f29: valid; 1.2 s; peak memory 2141 MiB.
2026-09-30T11:34:49Z INFO [160/500] 1fa8c4d9-30c6-4e5b-ba2b-83636d99a3f1: valid; 1.8 s; peak memory 2141 MiB.
2026-09-30T11:34:50Z WARNING 1fa905ba-3e58-4ed0-9864-c1e241d3101d: failed while opening the NWB file (ConstructError: (root/acquisition/_iblmic_audioSpectrogram/bands GroupBuilder {'attributes': {'colnames': array(['freq'], dtype=object), 'description': 'spectogram frequencies', 'namespace': 'core', 'neurodata_type': 'FrequencyBandsTable', 'object_id': '87731bc6-1420-4eec-85c4-3ef1c04522d3'}, 'groups': {}, 'datasets': {'freq': root/acquisition/_iblmic_audioSpectrogram/bands/freq DatasetBuilder {'attributes': {'description': 'frequency value', 'namespace': 'hdmf-common', 'neurodata_type': 'VectorData', 'object_id': '13a8d861-0796-464a-9597-b0eb2a723498'}, 'data': <HDF5 dataset "freq": shape (257,), type "<f4">}, 'id': root/acquisition/_iblmic_audioSpectrogram/bands/id DatasetBuilder {'attributes': {'namespace': 'hdmf-common', 'neurodata_type': 'ElementIdentifiers', 'object_id': '7144965b-6999-4bef-82c0-2d4500cd8ed4'}, 'data': <HDF5 dataset "id": shape (257,), type "<i4">}}, 'links': {}}, "Could not construct FrequencyBandsTable object due to: column must have the same number of rows as 'id'"))
2026-09-30T11:34:52Z INFO [162/500] 1fa93d6c-0f54-43b6-9b7e-51f51e92fd29: not valid; 2.4 s; peak memory 2141 MiB.
2026-09-30T11:34:54Z INFO [163/500] 1fa9bbca-389e-4452-8134-d0bae94ca712: not valid; 1.5 s; peak memory 2141 MiB.
2026-09-30T11:34:55Z INFO [164/500] 1faa0f08-468b-4b8a-b735-e0320998b45d: not valid; 1.0 s; peak memory 2141 MiB.
2026-09-30T11:35:00Z INFO [165/500] 1faa2478-0c98-42ba-ba8e-9d9c01c36e5d: valid; 5.4 s; peak memory 2141 MiB.
2026-09-30T11:35:01Z INFO [166/500] 1fab31b9-d0d4-48f5-8979-5ba59d3fa7aa: valid; 0.9 s; peak memory 2141 MiB.
2026-09-30T11:35:02Z INFO [167/500] 1fab7eb0-910a-4af6-a4d8-0ccc781169ea: not valid; 0.5 s; peak memory 2141 MiB.
2026-09-30T11:35:03Z INFO [168/500] 1facdb24-7383-48c7-9134-5c2a9facd05a: valid; 0.9 s; peak memory 2141 MiB.
2026-09-30T11:35:04Z INFO [169/500] 1fad85c5-3ae9-40b5-92b8-2013ea0baf13: not valid; 0.8 s; peak memory 2141 MiB.
2026-09-30T11:35:05Z INFO [170/500] 1fadbadc-6b19-4d1d-acd2-fb7b4d0df3d3: valid; 1.2 s; peak memory 2141 MiB.
2026-09-30T11:35:06Z INFO [171/500] 1fade9ed-9fec-45bb-88d9-1f4b55c3c6c2: valid; 1.2 s; peak memory 2141 MiB.
2026-09-30T11:35:07Z INFO [172/500] 1fae5c19-7f3c-458b-9bcd-8072f88bd9f6: valid; 0.8 s; peak memory 2141 MiB.
2026-09-30T11:35:12Z INFO [173/500] 1faf73f8-d5fa-4813-8c29-5ac1f19a9175: valid; 5.1 s; peak memory 2159 MiB.
2026-09-30T11:35:14Z INFO [174/500] 1fafc2ca-faa6-4126-84e4-f385c11f8264: valid; 2.7 s; peak memory 2167 MiB.
2026-09-30T11:35:15Z INFO [175/500] 1fb01c9c-798f-423f-8b5a-d6d4d951ceb7: valid; 0.7 s; peak memory 2169 MiB.
2026-09-30T11:35:17Z INFO [176/500] 1fb04600-d1bf-446f-badc-bb3abf517592: valid; 1.9 s; peak memory 2178 MiB.
2026-09-30T11:35:18Z INFO [177/500] 1fb126bd-7549-4f24-a94c-45d651c3af8a: valid; 0.7 s; peak memory 2180 MiB.
2026-09-30T11:35:20Z INFO [178/500] 1fb14fb6-04b2-4d0f-a159-1487a54250a7: valid; 2.3 s; peak memory 2193 MiB.
2026-09-30T11:35:23Z INFO [179/500] 1fb16782-2020-4310-a722-332163596ff6: valid; 3.3 s; peak memory 2219 MiB.
2026-09-30T11:35:25Z WARNING 1fb1ccc1-23e2-4b23-8c18-a1e90783bdc9: failed while opening the NWB file (ConstructError: (root/acquisition/_iblmic_audioSpectrogram/bands GroupBuilder {'attributes': {'colnames': array(['freq'], dtype=object), 'description': 'spectogram frequencies', 'namespace': 'core', 'neurodata_type': 'FrequencyBandsTable', 'object_id': '90cf4212-1479-45db-a217-5daeafbc7c28'}, 'groups': {}, 'datasets': {'freq': root/acquisition/_iblmic_audioSpectrogram/bands/freq DatasetBuilder {'attributes': {'description': 'frequency value', 'namespace': 'hdmf-common', 'neurodata_type': 'VectorData', 'object_id': '823ba319-1173-494d-888a-dfd8a570a168'}, 'data': <HDF5 dataset "freq": shape (257,), type "<f4">}, 'id': root/acquisition/_iblmic_audioSpectrogram/bands/id DatasetBuilder {'attributes': {'namespace': 'hdmf-common', 'neurodata_type': 'ElementIdentifiers', 'object_id': 'ca0a334a-ab02-4275-ab52-0b0ef8fa9ea8'}, 'data': <HDF5 dataset "id": shape (257,), type "<i4">}}, 'links': {}}, "Could not construct FrequencyBandsTable object due to: column must have the same number of rows as 'id'"))
2026-09-30T11:35:26Z INFO [181/500] 1fb2e89d-4ee0-410c-ab3f-009a68daedbf: valid; 1.4 s; peak memory 2222 MiB.
2026-09-30T11:35:27Z INFO [182/500] 1fb327d1-c21e-4187-900a-bd0a724d31a7: valid; 0.7 s; peak memory 2222 MiB.
2026-09-30T11:35:28Z INFO [183/500] 1fb3b373-8362-4bf9-87c2-8b9787750672: not valid; 1.1 s; peak memory 2223 MiB.
2026-09-30T11:35:29Z INFO [184/500] 1fb41534-bbc0-43c2-8a68-fada7c6d5dca: valid; 0.8 s; peak memory 2223 MiB.
2026-09-30T11:35:30Z INFO [185/500] 1fb592f8-6874-49b2-ac5f-bd2b3ef79c73: valid; 1.7 s; peak memory 2223 MiB.
2026-09-30T11:35:30Z WARNING 1fb5c449-9994-4ce4-aac5-f9b7e48eb459: failed while retrieving asset information from the DANDI API (NotFoundError: No asset at path 'sub-healthy-simulated-beta/sub-healthy-simulated-beta_ses-3061_ecephys.nwb' in version 0.250327.2220. Verify the path is correct and the asset exists in this version. Use 'dandi ls' to list available assets.)
2026-09-30T11:35:32Z INFO [187/500] 1fb5fde4-5f21-45a4-a643-20c49f8aa0dc: not valid; 1.8 s; peak memory 2223 MiB.
2026-09-30T11:35:34Z INFO [188/500] 1fb62730-11af-4597-b002-c90ddc8c9979: valid; 1.6 s; peak memory 2223 MiB.
2026-09-30T11:35:35Z INFO [189/500] 1fb65aed-0197-49f8-89a9-708eaf193fab: valid; 0.9 s; peak memory 2223 MiB.
2026-09-30T11:35:35Z INFO [190/500] 1fb6c578-186c-40a6-ac6f-7bd6855a53ec: valid; 0.7 s; peak memory 2223 MiB.
2026-09-30T11:35:36Z INFO [191/500] 1fb6fc22-05d9-4508-9734-8c559b77fcc1: valid; 0.8 s; peak memory 2223 MiB.
2026-09-30T11:35:42Z INFO [192/500] 1fb71485-a03a-4a56-a60e-c381db8e7104: valid; 5.7 s; peak memory 2224 MiB.
2026-09-30T11:35:47Z INFO [193/500] 1fb92f66-0a51-4be3-8e64-fe8e537aff4a: valid; 5.5 s; peak memory 2226 MiB.
2026-09-30T11:35:48Z INFO [194/500] 1fb99752-f468-4e19-9b69-462e33e3954c: valid; 0.6 s; peak memory 2228 MiB.
2026-09-30T11:35:50Z INFO [195/500] 1fb99d19-3ba7-4797-84e2-088a9986a7a1: valid; 2.2 s; peak memory 2231 MiB.
2026-09-30T11:35:51Z INFO [196/500] 1fb9ba99-c466-472c-906e-1c2723470c2b: not valid; 0.9 s; peak memory 2231 MiB.
2026-09-30T11:35:52Z INFO [197/500] 1fb9d5ff-fb41-403d-bd4c-5e3302634ed0: not valid; 1.2 s; peak memory 2231 MiB.
2026-09-30T11:35:53Z INFO [198/500] 1fbac68e-3c50-447f-a048-7546c253f6c1: valid; 0.9 s; peak memory 2231 MiB.
2026-09-30T11:35:54Z INFO [199/500] 1fbae131-2672-4cae-9bdc-8a45f73021f8: valid; 1.5 s; peak memory 2231 MiB.
2026-09-30T11:36:13Z INFO [200/500] 1fbb253d-7d00-4f9a-8e1b-ada010bb27fc: valid; 18.4 s; peak memory 2388 MiB.
2026-09-30T11:36:13Z INFO [200/500] 1fbb253d-7d00-4f9a-8e1b-ada010bb27fc: checkpointed 85710 records.
2026-09-30T11:36:17Z INFO [201/500] 1fbb304a-0fbe-48b9-b696-9c8604f029a7: not valid; 3.3 s; peak memory 2406 MiB.
2026-09-30T11:36:19Z INFO [202/500] 1fbb88e2-6e51-400d-a4db-bd1f15385fea: valid; 1.9 s; peak memory 2419 MiB.
2026-09-30T11:36:20Z INFO [203/500] 1fbb8a04-954d-41a7-a01c-5c47a1378877: valid; 1.1 s; peak memory 2432 MiB.
2026-09-30T11:36:22Z INFO [204/500] 1fbc43b2-5249-4fbe-be60-b5abe39f4b54: valid; 1.9 s; peak memory 2434 MiB.
2026-09-30T11:36:28Z INFO [205/500] 1fbc50ce-62af-4694-ba3a-a9d924c1d084: valid; 6.2 s; peak memory 2434 MiB.
2026-09-30T11:36:33Z INFO [206/500] 1fbc809d-8871-4f2f-a00a-413a08fbb82f: valid; 5.6 s; peak memory 2447 MiB.
2026-09-30T11:36:35Z INFO [207/500] 1fbdd097-9c72-48e8-941e-cbf7190f0bab: valid; 1.3 s; peak memory 2453 MiB.
2026-09-30T11:36:35Z INFO [208/500] 1fbe3de8-54e9-4966-9bff-e1e489da082e: valid; 0.6 s; peak memory 2454 MiB.
2026-09-30T11:36:39Z INFO [209/500] 1fbfc8e7-9fcf-44ab-8c9c-4baea03b57d8: valid; 4.1 s; peak memory 2472 MiB.
2026-09-30T11:36:40Z INFO [210/500] 1fc06ca8-fdac-4db4-a0ca-86f728a0b79d: valid; 1.0 s; peak memory 2473 MiB.
2026-09-30T11:36:41Z INFO [211/500] 1fc0bc26-055c-4c8d-9e64-e01bf4fa3ec6: valid; 0.8 s; peak memory 2474 MiB.
2026-09-30T11:36:42Z INFO [212/500] 1fc1309a-31d3-4718-9138-d9ca30b07d9e: not valid; 1.2 s; peak memory 2479 MiB.
2026-09-30T11:36:44Z INFO [213/500] 1fc14bee-9623-431f-895c-d8120710321a: valid; 1.2 s; peak memory 2485 MiB.
2026-09-30T11:36:44Z INFO [214/500] 1fc1c72d-9929-4920-a5a5-71b457f83865: valid; 0.8 s; peak memory 2486 MiB.
2026-09-30T11:36:45Z INFO [215/500] 1fc25e1d-8d72-4808-93b9-d2c76e8d738f: valid; 1.1 s; peak memory 2488 MiB.
2026-09-30T11:36:46Z INFO [216/500] 1fc2e058-033e-403f-84fd-62627b6bd0a4: valid; 0.5 s; peak memory 2488 MiB.
2026-09-30T11:36:47Z INFO [217/500] 1fc2f73f-cbcd-4d52-8656-2a3866d0dff4: valid; 0.7 s; peak memory 2489 MiB.
2026-09-30T11:36:47Z INFO [218/500] 1fc30a10-1293-4f92-9cc7-54743de7f1a5: valid; 0.8 s; peak memory 2489 MiB.
2026-09-30T11:36:50Z INFO [219/500] 1fc44339-e15d-4256-9870-1d1ab35eba02: valid; 2.9 s; peak memory 2492 MiB.
2026-09-30T11:36:56Z INFO [220/500] 1fc446ee-2560-40b7-9e6c-449343ff9574: valid; 5.3 s; peak memory 2600 MiB.
2026-09-30T11:36:57Z INFO [221/500] 1fc48ed4-e64b-4682-8849-75359fe13f30: valid; 1.3 s; peak memory 2600 MiB.
2026-09-30T11:36:58Z INFO [222/500] 1fc4caa1-cb16-40d6-ae42-de12a130d906: valid; 0.6 s; peak memory 2600 MiB.
2026-09-30T11:36:59Z INFO [223/500] 1fc4e2ea-5f25-44a3-ab8e-578eeea3d2f7: valid; 1.1 s; peak memory 2600 MiB.
2026-09-30T11:36:59Z INFO [224/500] 1fc56598-7bcb-494d-bb65-cabcbd3de09b: valid; 0.8 s; peak memory 2600 MiB.
2026-09-30T11:37:00Z INFO [225/500] 1fc63ffe-2e0d-48e2-bec6-6676a99407af: valid; 0.8 s; peak memory 2600 MiB.
2026-09-30T11:37:06Z INFO [226/500] 1fc655d3-e4b9-41a0-8f56-08ef864e1f60: valid; 5.4 s; peak memory 2600 MiB.
2026-09-30T11:37:07Z INFO [227/500] 1fc6b3c6-db04-4e6b-bfa2-37b6913b5934: valid; 1.8 s; peak memory 2600 MiB.
2026-09-30T11:37:08Z INFO [228/500] 1fc777ca-6466-49d8-a723-3eb8a99919a1: valid; 0.7 s; peak memory 2600 MiB.
2026-09-30T11:37:10Z WARNING 1fc7b2d2-c019-4766-aa77-f8cb740ef154: failed while opening the NWB file (ConstructError: (root/acquisition/_iblmic_audioSpectrogram/bands GroupBuilder {'attributes': {'colnames': array(['freq'], dtype=object), 'description': 'spectogram frequencies', 'namespace': 'core', 'neurodata_type': 'FrequencyBandsTable', 'object_id': 'fc552373-b5a9-4ffd-9eed-65e6c4432823'}, 'groups': {}, 'datasets': {'freq': root/acquisition/_iblmic_audioSpectrogram/bands/freq DatasetBuilder {'attributes': {'description': 'frequency value', 'namespace': 'hdmf-common', 'neurodata_type': 'VectorData', 'object_id': '1fb09787-59e4-43ab-b816-39b08950699f'}, 'data': <HDF5 dataset "freq": shape (257,), type "<f4">}, 'id': root/acquisition/_iblmic_audioSpectrogram/bands/id DatasetBuilder {'attributes': {'namespace': 'hdmf-common', 'neurodata_type': 'ElementIdentifiers', 'object_id': 'a266ac71-230a-42b7-84a9-fb1b78aa33c4'}, 'data': <HDF5 dataset "id": shape (257,), type "<i4">}}, 'links': {}}, "Could not construct FrequencyBandsTable object due to: column must have the same number of rows as 'id'"))
2026-09-30T11:37:12Z INFO [230/500] 1fc88a4a-0c59-469d-ae62-ac392a239aac: valid; 2.1 s; peak memory 2600 MiB.
2026-09-30T11:37:13Z INFO [231/500] 1fc8dc61-c179-4b5e-a887-304dc2d9c3ca: valid; 1.1 s; peak memory 2600 MiB.
2026-09-30T11:37:14Z INFO [232/500] 1fc9b044-2a4e-4691-82c9-0b8e99b43ae7: valid; 0.7 s; peak memory 2600 MiB.
2026-09-30T11:37:15Z INFO [233/500] 1fca37ae-b03a-4b79-92f3-85f05d682bbf: valid; 0.6 s; peak memory 2600 MiB.
2026-09-30T11:37:16Z INFO [234/500] 1fcbdd77-6f36-4df1-8193-683ad006c165: valid; 1.7 s; peak memory 2600 MiB.
2026-09-30T11:37:19Z INFO [235/500] 1fcc2df5-3e09-42c4-8f70-a5e14c6776f7: valid; 2.8 s; peak memory 2600 MiB.
2026-09-30T11:37:21Z INFO [236/500] 1fcd83c6-5f14-402f-bd81-d554e7029b71: not valid; 1.5 s; peak memory 2600 MiB.
2026-09-30T11:37:24Z INFO [237/500] 1fce0752-90cf-4aac-841b-1822fa7faf6b: not valid; 3.0 s; peak memory 2600 MiB.
2026-09-30T11:37:24Z INFO [238/500] 1fce44c0-545f-4467-955d-b544d14c6e7c: valid; 0.6 s; peak memory 2600 MiB.
2026-09-30T11:37:25Z WARNING 1fce6136-8c26-42bc-b539-99a3700e6737: failed while opening the NWB file (PathNotFoundError: nothing found at path '')
2026-09-30T11:37:30Z INFO [240/500] 1fcfad7a-1b5a-4a49-bfde-df0f4b3fd088: valid; 5.2 s; peak memory 2600 MiB.
2026-09-30T11:37:31Z INFO [241/500] 1fd0244e-983d-43b3-adef-e321abee49d0: not valid; 1.2 s; peak memory 2600 MiB.
2026-09-30T11:37:32Z INFO [242/500] 1fd04c64-e808-4352-8919-48e7aec83fae: valid; 0.8 s; peak memory 2600 MiB.
2026-09-30T11:37:33Z INFO [243/500] 1fd074ea-52d7-43d0-9275-08d254badaab: valid; 0.8 s; peak memory 2600 MiB.
2026-09-30T11:37:35Z INFO [244/500] 1fd0860e-f80d-4a4f-bc1c-3f9f3d2b7aa2: valid; 2.1 s; peak memory 2600 MiB.
2026-09-30T11:37:42Z INFO [245/500] 1fd0bc46-4f8a-4700-85a0-ee47360367b6: valid; 7.4 s; peak memory 2600 MiB.
2026-09-30T11:37:43Z INFO [246/500] 1fd1016c-35d9-4dca-866d-40b712a7fb0c: valid; 1.2 s; peak memory 2600 MiB.
2026-09-30T11:37:45Z WARNING 1fd1c155-0bd2-45fc-b320-1a9c6eb5eb6f: failed while opening the NWB file (ConstructError: (root/acquisition/_iblmic_audioSpectrogram/bands GroupBuilder {'attributes': {'colnames': array(['freq'], dtype=object), 'description': 'spectogram frequencies', 'namespace': 'core', 'neurodata_type': 'FrequencyBandsTable', 'object_id': '60a38b29-7c2d-4b83-851e-499137dcdb9a'}, 'groups': {}, 'datasets': {'freq': root/acquisition/_iblmic_audioSpectrogram/bands/freq DatasetBuilder {'attributes': {'description': 'frequency value', 'namespace': 'hdmf-common', 'neurodata_type': 'VectorData', 'object_id': '57c43611-dcf4-4ca1-938b-04191390b7dc'}, 'data': <HDF5 dataset "freq": shape (257,), type "<f4">}, 'id': root/acquisition/_iblmic_audioSpectrogram/bands/id DatasetBuilder {'attributes': {'namespace': 'hdmf-common', 'neurodata_type': 'ElementIdentifiers', 'object_id': '8b90e39d-1f50-47d8-8c67-2f149de40bbc'}, 'data': <HDF5 dataset "id": shape (257,), type "<i4">}}, 'links': {}}, "Could not construct FrequencyBandsTable object due to: column must have the same number of rows as 'id'"))
2026-09-30T11:37:45Z INFO [248/500] 1fd1f74d-2a41-4e50-b53c-ef313a3b4c2c: valid; 0.8 s; peak memory 2600 MiB.
2026-09-30T11:37:46Z INFO [249/500] 1fd227b1-ffd4-4017-b266-005abfbd9244: valid; 1.0 s; peak memory 2600 MiB.
2026-09-30T11:37:48Z INFO [250/500] 1fd287d3-cf89-497b-bb01-dd5e1b657223: not valid; 1.8 s; peak memory 2600 MiB.
2026-09-30T11:37:49Z INFO [250/500] 1fd287d3-cf89-497b-bb01-dd5e1b657223: checkpointed 85760 records.
2026-09-30T11:37:50Z INFO [251/500] 1fd2bb6a-af39-4457-a775-adb9846b6e99: valid; 0.8 s; peak memory 2600 MiB.
2026-09-30T11:37:51Z INFO [252/500] 1fd2e833-c7e6-4083-9631-21f40c745033: valid; 1.2 s; peak memory 2600 MiB.
2026-09-30T11:37:52Z INFO [253/500] 1fd2f216-5333-4943-8a7b-af7f2c4c5f79: valid; 1.4 s; peak memory 2600 MiB.
2026-09-30T11:37:54Z INFO [254/500] 1fd43314-be21-44a8-a74f-0f51bf25272a: valid; 1.9 s; peak memory 2600 MiB.
2026-09-30T11:37:55Z INFO [255/500] 1fd57772-06be-491b-866d-13928f4ba4de: not valid; 1.2 s; peak memory 2600 MiB.
2026-09-30T11:37:56Z INFO [256/500] 1fd5ab5b-0e9b-4f1b-90b0-b72e25b5bdc8: not valid; 0.9 s; peak memory 2600 MiB.
2026-09-30T11:37:57Z INFO [257/500] 1fd6af98-bd1f-4a55-ab8a-48102fb78b89: valid; 1.2 s; peak memory 2600 MiB.
2026-09-30T11:37:59Z INFO [258/500] 1fd6fc3a-7d46-4308-9a93-e9872299d7f9: valid; 1.5 s; peak memory 2600 MiB.
2026-09-30T11:38:03Z INFO [259/500] 1fd7760e-f3e1-4087-aa45-295d58d2d6c3: valid; 4.2 s; peak memory 2600 MiB.
2026-09-30T11:38:04Z INFO [260/500] 1fd79479-80cc-4b80-a76e-83bce121283e: not valid; 1.0 s; peak memory 2600 MiB.
2026-09-30T11:38:06Z WARNING 1fd7f9c6-c216-4802-b7ff-8e1592900687: failed while opening the NWB file (ConstructError: (root/general/optogenetics/PatternedOptogeneticStimulusSite GroupBuilder {'attributes': {'effector': 'GUR-3/PRDX-2', 'namespace': 'ndx-patterned-ogen', 'neurodata_type': 'PatternedOptogeneticStimulusSite', 'object_id': '1b0cf6ca-96dc-48c1-9117-04a1ddba97c5'}, 'groups': {}, 'datasets': {'description': root/general/optogenetics/PatternedOptogeneticStimulusSite/description DatasetBuilder {'attributes': {}, 'data': 'Scanning'}, 'excitation_lambda': root/general/optogenetics/PatternedOptogeneticStimulusSite/excitation_lambda DatasetBuilder {'attributes': {}, 'data': np.float64(850.0)}, 'location': root/general/optogenetics/PatternedOptogeneticStimulusSite/location DatasetBuilder {'attributes': {}, 'data': 'whole brain'}}, 'links': {'device': root/general/optogenetics/PatternedOptogeneticStimulusSite/device LinkBuilder {'builder': root/general/devices/OptogeneticDevice GroupBuilder {'attributes': {'description': '', 'namespace': 'core', 'neurodata_type': 'Device', 'object_id': '41c34285-5a91-4467-a9a1-e21d42c30196'}, 'groups': {}, 'datasets': {}, 'links': {}}}, 'light_source': root/general/optogenetics/PatternedOptogeneticStimulusSite/light_source LinkBuilder {'builder': root/general/devices/AmplifiedLaser GroupBuilder {'attributes': {'description': 'For two-photon optogenetic targeting, we used an optical parametric amplifier (OPA; Light Conversion ORPHEUS) pumped by a femtosecond amplified laser (Light Conversion PHAROS).', 'filter_description': 'Short pass at 1040 nm', 'manufacturer': 'Light Conversion', 'model': 'ORPHEUS amplifier and PHAROS laser', 'namespace': 'ndx-patterned-ogen', 'neurodata_type': 'LightSource', 'object_id': '6c22a652-c0d6-42fe-bff8-fcf9c4bbb68b', 'peak_power_in_W': np.float64(0.0012), 'pulse_rate_in_Hz': np.float64(500000.0), 'stimulation_wavelength_in_nm': np.float64(850.0)}, 'groups': {}, 'datasets': {}, 'links': {}}}}}, "Could not construct PatternedOptogeneticStimulusSite object due to: CustomClassGenerator.set_init.<locals>.__init__: incorrect type for 'spatial_light_modulator' (got 'list', expected 'Device')"))
2026-09-30T11:38:07Z INFO [262/500] 1fd91533-cf0b-417a-ad85-779fdca32343: valid; 1.5 s; peak memory 2600 MiB.
2026-09-30T11:38:08Z INFO [263/500] 1fd92266-2e20-497f-bc5e-393953cba235: not valid; 0.8 s; peak memory 2600 MiB.
2026-09-30T11:38:09Z INFO [264/500] 1fd9904b-5595-44fe-927d-316e134dc2f6: valid; 0.8 s; peak memory 2600 MiB.
2026-09-30T11:38:10Z INFO [265/500] 1fdb177b-bc61-48cf-ba84-167a6aaa75eb: valid; 0.7 s; peak memory 2600 MiB.
2026-09-30T11:38:11Z INFO [266/500] 1fdb2609-b32e-4d03-8d5d-7d208298e06f: valid; 1.6 s; peak memory 2600 MiB.
2026-09-30T11:38:13Z INFO [267/500] 1fdb7675-28cc-4eba-adef-efc9966e9985: not valid; 1.4 s; peak memory 2600 MiB.
2026-09-30T11:38:17Z INFO [268/500] 1fdcfdee-e849-4296-8748-45b9e185f52f: not valid; 3.9 s; peak memory 2600 MiB.
2026-09-30T11:38:18Z INFO [269/500] 1fdd0708-142b-40a0-95a3-990a315b1ea6: not valid; 0.9 s; peak memory 2600 MiB.
2026-09-30T11:38:21Z INFO [270/500] 1fdd96b7-ffc6-44d1-a9fa-51da8aac4b2a: valid; 3.4 s; peak memory 2600 MiB.
2026-09-30T11:38:31Z INFO [271/500] 1fddab5d-e5af-494d-be09-20c7e13a9a20: valid; 9.5 s; peak memory 2656 MiB.
2026-09-30T11:38:31Z WARNING 1fde9fe4-1d7b-4e2f-ace2-71c3ea73e987: failed while retrieving asset information from the DANDI API (NotFoundError: No asset at path 'sub-parkinson-simulated-lfp/sub-parkinson-simulated-lfp_ses-6117_ecephys.nwb' in version 0.250327.2220. Verify the path is correct and the asset exists in this version. Use 'dandi ls' to list available assets.)
2026-09-30T11:38:31Z INFO [273/500] 1fe03027-8ab5-42b8-920a-8724e8e38e54: valid; 0.7 s; peak memory 2658 MiB.
2026-09-30T11:38:39Z INFO [274/500] 1fe078f3-92fa-4253-9dd0-bc0365ac77b5: valid; 7.4 s; peak memory 2685 MiB.
2026-09-30T11:38:40Z WARNING 1fe09790-4311-4c7e-9bb5-84ed5aa5e0c7: failed while opening the NWB file (ConstructError: (root/acquisition/_iblmic_audioSpectrogram/bands GroupBuilder {'attributes': {'colnames': array(['freq'], dtype=object), 'description': 'spectogram frequencies', 'namespace': 'core', 'neurodata_type': 'FrequencyBandsTable', 'object_id': '81b08ee0-7937-4742-9474-e0ba246ca2b4'}, 'groups': {}, 'datasets': {'freq': root/acquisition/_iblmic_audioSpectrogram/bands/freq DatasetBuilder {'attributes': {'description': 'frequency value', 'namespace': 'hdmf-common', 'neurodata_type': 'VectorData', 'object_id': '24b9fdbd-253e-4c9d-a0d5-66d4342a1c98'}, 'data': <HDF5 dataset "freq": shape (257,), type "<f4">}, 'id': root/acquisition/_iblmic_audioSpectrogram/bands/id DatasetBuilder {'attributes': {'namespace': 'hdmf-common', 'neurodata_type': 'ElementIdentifiers', 'object_id': 'af1ca31f-1993-41e7-87b3-0d8085151a34'}, 'data': <HDF5 dataset "id": shape (257,), type "<i4">}}, 'links': {}}, "Could not construct FrequencyBandsTable object due to: column must have the same number of rows as 'id'"))
2026-09-30T11:38:41Z INFO [276/500] 1fe191f0-46f3-448e-a5e3-54eac09749ff: valid; 0.7 s; peak memory 2691 MiB.
2026-09-30T11:38:42Z INFO [277/500] 1fe1ec6a-c867-4ff6-978d-5e1bd8d4f89c: valid; 1.2 s; peak memory 2693 MiB.
2026-09-30T11:38:43Z INFO [278/500] 1fe23d6d-cfe6-45a4-b303-ddc37c440648: not valid; 1.1 s; peak memory 2695 MiB.
2026-09-30T11:38:44Z INFO [279/500] 1fe2562d-f01a-4797-b312-18104b52deb6: not valid; 0.9 s; peak memory 2698 MiB.
2026-09-30T11:38:44Z INFO [280/500] 1fe3959d-94f2-4298-a0c8-71e3d96f0160: valid; 0.5 s; peak memory 2701 MiB.
2026-09-30T11:38:46Z INFO [281/500] 1fe40430-25f2-408b-9415-147324f26f8c: valid; 1.6 s; peak memory 2704 MiB.
2026-09-30T11:38:47Z INFO [282/500] 1fe434d5-1794-4fa0-809a-1d875ab37ac8: not valid; 0.9 s; peak memory 2704 MiB.
2026-09-30T11:38:47Z INFO [283/500] 1fe45591-4f34-4250-b279-c72589991d7f: valid; 0.5 s; peak memory 2707 MiB.
2026-09-30T11:38:48Z INFO [284/500] 1fe49912-cbe8-4c2b-8e66-257ab686f8cc: valid; 0.6 s; peak memory 2709 MiB.
2026-09-30T11:38:51Z INFO [285/500] 1fe540a0-ee8c-4d10-9d3e-376fb1f487c4: not valid; 3.3 s; peak memory 2755 MiB.
2026-09-30T11:38:51Z WARNING 1fe572ba-dcf5-46cd-a333-094f13223b16: failed while retrieving asset information from the DANDI API (NotFoundError: No asset at path 'sub-A1824/sub-A1824_behavior+ecephys+ogen.nwb' in version 0.260512.1701. Verify the path is correct and the asset exists in this version. Use 'dandi ls' to list available assets.)
2026-09-30T11:38:54Z INFO [287/500] 1fe6072e-4637-41a8-90fa-0685b3273046: not valid; 2.4 s; peak memory 2755 MiB.
2026-09-30T11:38:58Z INFO [288/500] 1fe61176-740f-4070-8db4-08350d6d15ab: valid; 4.5 s; peak memory 2796 MiB.
2026-09-30T11:38:59Z INFO [289/500] 1fe6d7d8-ce8a-4824-890d-5ba7d56d0573: valid; 0.6 s; peak memory 2798 MiB.
2026-09-30T11:39:02Z INFO [290/500] 1fe71eb4-ada2-409a-a03a-fd03f3b4df16: valid; 3.5 s; peak memory 2803 MiB.
2026-09-30T11:39:05Z INFO [291/500] 1fe73f97-24d0-4f03-874d-4338c48df77d: valid; 2.8 s; peak memory 2803 MiB.
2026-09-30T11:39:08Z INFO [292/500] 1fe747dc-af15-464b-a054-4363ec7d6689: valid; 2.6 s; peak memory 2803 MiB.
2026-09-30T11:39:15Z INFO [293/500] 1fe76608-12ee-4a50-98c6-319aeca5e0a2: valid; 6.9 s; peak memory 2803 MiB.
2026-09-30T11:39:16Z INFO [294/500] 1fe77b8a-d225-4eb7-a5d6-e326510c58b4: not valid; 1.3 s; peak memory 2803 MiB.
2026-09-30T11:39:17Z INFO [295/500] 1fe7b211-f9a3-4b29-86ba-73cedb4884af: valid; 0.7 s; peak memory 2803 MiB.
2026-09-30T11:39:18Z INFO [296/500] 1fe82907-3c06-4051-9e32-efe9c3a1ed0e: valid; 1.2 s; peak memory 2803 MiB.
2026-09-30T11:39:20Z INFO [297/500] 1fe8ebb3-a5ad-4877-a20b-220126921332: valid; 2.3 s; peak memory 2803 MiB.
2026-09-30T11:39:42Z INFO [298/500] 1fe96bec-7282-4bd6-bb31-9e0e522da129: not valid; 22.0 s; peak memory 2812 MiB.
2026-09-30T11:39:45Z INFO [299/500] 1fe9dc6a-c030-4b10-8f39-5df85bb2242e: not valid; 2.4 s; peak memory 2812 MiB.
2026-09-30T11:39:46Z INFO [300/500] 1feb42dc-e657-40da-9a1a-0dec74db3167: valid; 0.9 s; peak memory 2812 MiB.
2026-09-30T11:39:46Z INFO [300/500] 1feb42dc-e657-40da-9a1a-0dec74db3167: checkpointed 85810 records.
2026-09-30T11:39:47Z INFO [301/500] 1feb4ceb-2969-474b-836f-d7fb25fe43eb: not valid; 1.0 s; peak memory 2815 MiB.
2026-09-30T11:39:48Z INFO [302/500] 1feb6f2a-9db5-4a8d-9cf0-d99fe5e93220: not valid; 0.9 s; peak memory 2815 MiB.
2026-09-30T11:39:50Z INFO [303/500] 1febaecc-c251-43b3-83d3-028f89084d40: valid; 1.9 s; peak memory 2815 MiB.
2026-09-30T11:39:51Z INFO [304/500] 1febde2e-6ba4-4272-b5b9-e76e399548f4: valid; 1.1 s; peak memory 2815 MiB.
2026-09-30T11:39:57Z INFO [305/500] 1fec08b9-3ac3-4183-b047-a88a5ab17361: valid; 5.9 s; peak memory 2815 MiB.
2026-09-30T11:39:59Z INFO [306/500] 1fec09a1-b697-4e7e-ad6d-f36fa1444d31: valid; 1.9 s; peak memory 2815 MiB.
2026-09-30T11:40:01Z INFO [307/500] 1fecb3e8-dc65-4dae-9969-b5dc76c6b13b: valid; 2.2 s; peak memory 2815 MiB.
2026-09-30T11:40:07Z INFO [308/500] 1fecd655-9bb6-4041-9e56-59084ba4c228: valid; 5.7 s; peak memory 2817 MiB.
2026-09-30T11:40:14Z INFO [309/500] 1fed4ce6-807d-4021-963d-7de7d9eb320d: not valid; 7.5 s; peak memory 2876 MiB.
2026-09-30T11:40:17Z INFO [310/500] 1fed74da-ccb1-4e62-af4d-ec29616c79ee: valid; 2.5 s; peak memory 2880 MiB.
2026-09-30T11:40:18Z INFO [311/500] 1fedc22e-7382-4cc2-87a2-42eb13656b8f: valid; 0.9 s; peak memory 2880 MiB.
2026-09-30T11:40:19Z INFO [312/500] 1fedebcf-c5f4-4506-b541-0a31cf60548e: valid; 1.3 s; peak memory 2880 MiB.
2026-09-30T11:40:21Z INFO [313/500] 1fedffdd-4ea5-48d2-a725-37ecbebe6ea4: valid; 1.6 s; peak memory 2880 MiB.
2026-09-30T11:40:22Z INFO [314/500] 1fef0eac-81db-4e8e-91be-edf0868700d1: valid; 1.7 s; peak memory 2880 MiB.
2026-09-30T11:40:23Z INFO [315/500] 1fef2755-6eb3-418c-8dbb-f9963b021388: valid; 1.1 s; peak memory 2883 MiB.
2026-09-30T11:40:25Z INFO [316/500] 1fefc859-c3f9-42cc-afc5-aec192480553: valid; 1.8 s; peak memory 2883 MiB.
2026-09-30T11:40:27Z INFO [317/500] 1ff0cb34-def7-4c6e-b9ec-2123c8879328: valid; 1.7 s; peak memory 2883 MiB.
2026-09-30T11:40:28Z INFO [318/500] 1ff10a1a-f5fd-433f-9c5f-852d2f2c8a8c: valid; 0.8 s; peak memory 2883 MiB.
2026-09-30T11:40:30Z INFO [319/500] 1ff1e6b7-8d96-404b-9316-bcb7af4924f1: not valid; 2.5 s; peak memory 2883 MiB.
2026-09-30T11:40:31Z INFO [320/500] 1ff20638-2dee-43fd-bedf-bfca5d0dcab4: valid; 0.8 s; peak memory 2883 MiB.
2026-09-30T11:40:33Z INFO [321/500] 1ff2251c-7fae-4a9e-ba3d-2fc6554a1e8e: not valid; 1.7 s; peak memory 2883 MiB.
2026-09-30T11:40:33Z INFO [322/500] 1ff28da0-ba1c-4787-8763-bf552779b281: valid; 0.8 s; peak memory 2883 MiB.
2026-09-30T11:40:34Z INFO [323/500] 1ff306bb-d872-4527-baff-7c0c2b5131ce: valid; 0.6 s; peak memory 2883 MiB.
2026-09-30T11:40:35Z INFO [324/500] 1ff372ac-0e96-43bc-9d20-bb6d2013d0d7: valid; 0.7 s; peak memory 2883 MiB.
2026-09-30T11:41:01Z INFO [325/500] 1ff37e29-3a4a-4063-af4d-63d7edc886a2: valid; 25.8 s; peak memory 2994 MiB.
2026-09-30T11:41:02Z INFO [326/500] 1ff3b1ab-1c35-4bd0-b840-53ed0b110fcf: not valid; 1.0 s; peak memory 2994 MiB.
2026-09-30T11:41:03Z INFO [327/500] 1ff3f871-3a41-47e2-80d6-e158f1b33aad: not valid; 1.5 s; peak memory 2994 MiB.
2026-09-30T11:41:05Z INFO [328/500] 1ff3f8b7-88b8-44bd-b568-d1499238b016: valid; 2.3 s; peak memory 2994 MiB.
2026-09-30T11:41:05Z WARNING 1ff4735f-df6b-4cbc-8225-f3bc87c7ba1f: failed while retrieving asset information from the DANDI API (NotFoundError: No asset at path 'sub-parkinson-simulated-lfp/sub-parkinson-simulated-lfp_ses-4063_ecephys.nwb' in version 0.250327.2220. Verify the path is correct and the asset exists in this version. Use 'dandi ls' to list available assets.)
2026-09-30T11:41:06Z INFO [330/500] 1ff47f3b-12e9-4d4a-bcce-6f9956596c92: not valid; 0.9 s; peak memory 2995 MiB.
2026-09-30T11:41:07Z INFO [331/500] 1ff49b28-ba04-4936-a73e-8ff683446545: valid; 0.8 s; peak memory 2996 MiB.
2026-09-30T11:42:29Z INFO [332/500] 1ff4f589-c331-4b8a-be6c-35bd430af343: valid; 81.6 s; peak memory 3319 MiB.
2026-09-30T11:42:29Z WARNING 1ff518f7-d999-4418-9a2e-2fe6646e1b4e: failed while retrieving asset information from the DANDI API (NotFoundError: No asset at path 'sub-669489/sub-669489_ses-behavior-669489-2023-06-26-16-23-02.nwb' in version 0.260928.2230. Verify the path is correct and the asset exists in this version. Use 'dandi ls' to list available assets.)
2026-09-30T11:43:23Z INFO [334/500] 1ff5cafa-f120-4590-9e92-21ffa52f8c1f: valid; 54.2 s; peak memory 3686 MiB.
2026-09-30T11:43:24Z INFO [335/500] 1ff69145-7c9e-4b6a-9ef0-9f89b07654a1: valid; 0.8 s; peak memory 3686 MiB.
2026-09-30T11:43:30Z INFO [336/500] 1ff6b7e4-d1a3-435f-a0e3-3fd9d7254eef: valid; 6.5 s; peak memory 3686 MiB.
2026-09-30T11:43:31Z INFO [337/500] 1ff6f9d6-4870-48d6-8fd1-9baa217fbe71: not valid; 1.0 s; peak memory 3686 MiB.
2026-09-30T11:43:32Z INFO [338/500] 1ff71596-5803-4a54-8413-d818705a5036: valid; 0.7 s; peak memory 3686 MiB.
2026-09-30T11:43:33Z INFO [339/500] 1ff7ae3d-859f-4851-802a-acf39c8570f2: valid; 1.1 s; peak memory 3686 MiB.
2026-09-30T11:43:34Z INFO [340/500] 1ff94b4f-7e89-42da-a1dd-d7c5602c6487: valid; 0.7 s; peak memory 3686 MiB.
2026-09-30T11:43:35Z INFO [341/500] 1ff974ac-d321-4bc0-bf45-bb34f0f65525: valid; 1.2 s; peak memory 3686 MiB.
2026-09-30T11:43:36Z WARNING 1ffa3032-19d1-4179-be71-86f4c4febd8c: failed while opening the NWB file (ConstructError: (root/acquisition/_iblmic_audioSpectrogram/bands GroupBuilder {'attributes': {'colnames': array(['freq'], dtype=object), 'description': 'spectogram frequencies', 'namespace': 'core', 'neurodata_type': 'FrequencyBandsTable', 'object_id': 'da495fb7-7855-4ca4-a487-3ebdfbe1d804'}, 'groups': {}, 'datasets': {'freq': root/acquisition/_iblmic_audioSpectrogram/bands/freq DatasetBuilder {'attributes': {'description': 'frequency value', 'namespace': 'hdmf-common', 'neurodata_type': 'VectorData', 'object_id': '9e68f573-bcae-4112-b993-ead947828a7d'}, 'data': <HDF5 dataset "freq": shape (257,), type "<f4">}, 'id': root/acquisition/_iblmic_audioSpectrogram/bands/id DatasetBuilder {'attributes': {'namespace': 'hdmf-common', 'neurodata_type': 'ElementIdentifiers', 'object_id': 'cc76bb32-37f1-42aa-ba02-44c09253e5a4'}, 'data': <HDF5 dataset "id": shape (257,), type "<i4">}}, 'links': {}}, "Could not construct FrequencyBandsTable object due to: column must have the same number of rows as 'id'"))
2026-09-30T11:43:42Z INFO [343/500] 1ffa332d-8796-432a-917d-742299db42b0: valid; 5.8 s; peak memory 3686 MiB.
2026-09-30T11:43:43Z INFO [344/500] 1ffaa51b-06e6-4452-9109-f6476c55adf1: not valid; 1.0 s; peak memory 3686 MiB.
2026-09-30T11:43:43Z INFO [345/500] 1ffafe2d-4aeb-4daf-af6c-0c12168e3438: valid; 0.6 s; peak memory 3686 MiB.
2026-09-30T11:43:48Z INFO [346/500] 1ffb287e-3ff0-4876-9179-62c645a6702a: not valid; 4.6 s; peak memory 3686 MiB.
2026-09-30T11:43:48Z WARNING 1ffb288b-d6ba-450a-bd4a-be70fc7cf399: failed while retrieving asset information from the DANDI API (NotFoundError: No asset at path 'sub-751769/sub-751769_ses-behavior-751769-2025-01-16-11-31-52.nwb' in version 0.260928.2230. Verify the path is correct and the asset exists in this version. Use 'dandi ls' to list available assets.)
2026-09-30T11:43:53Z INFO [348/500] 1ffb8ad3-8277-42f5-937b-e6e28f8e2f8b: valid; 4.8 s; peak memory 3686 MiB.
2026-09-30T11:43:54Z INFO [349/500] 1ffb8ced-c13d-4a8b-9ee7-6e8cc27b9b0c: valid; 0.8 s; peak memory 3686 MiB.
2026-09-30T11:43:55Z INFO [350/500] 1ffba8be-b672-40e6-8725-0fbd4738f786: valid; 1.1 s; peak memory 3686 MiB.
2026-09-30T11:43:55Z INFO [350/500] 1ffba8be-b672-40e6-8725-0fbd4738f786: checkpointed 85860 records.
2026-09-30T11:43:56Z INFO [351/500] 1ffbe1fe-edca-4d5f-a669-9d6e788ba125: valid; 1.1 s; peak memory 3686 MiB.
2026-09-30T11:43:58Z INFO [352/500] 1ffc175e-40fe-4dac-9baa-2f606f180ff9: not valid; 1.3 s; peak memory 3686 MiB.
2026-09-30T11:44:00Z INFO [353/500] 1ffc471f-afe7-4895-a65b-deddcc8ef963: valid; 2.2 s; peak memory 3686 MiB.
2026-09-30T11:44:01Z INFO [354/500] 1ffcd120-c69c-48d9-9637-2bfa4dc59d6b: valid; 1.2 s; peak memory 3687 MiB.
2026-09-30T11:44:03Z INFO [355/500] 1ffd2737-59f0-43f9-b764-3d79ad4f9237: valid; 1.9 s; peak memory 3688 MiB.
2026-09-30T11:44:11Z INFO [356/500] 1ffea4f3-70e8-49b6-bab0-ca692fb8c28e: valid; 8.0 s; peak memory 3745 MiB.
2026-09-30T11:44:13Z INFO [357/500] 1ffeab9e-5c9e-4356-9ce3-550b21961e64: not valid; 2.3 s; peak memory 3746 MiB.
2026-09-30T11:44:14Z INFO [358/500] 1fff621d-1042-4232-99b6-d64430159f3a: not valid; 1.0 s; peak memory 3746 MiB.
2026-09-30T11:44:15Z INFO [359/500] 1fff68ce-b963-45fb-963c-e11caa409046: valid; 0.8 s; peak memory 3746 MiB.
2026-09-30T11:44:17Z INFO [360/500] 1fffa2fb-a820-4800-b27b-14ef62eac8f5: valid; 1.8 s; peak memory 3746 MiB.
2026-09-30T11:44:17Z INFO [361/500] 20015c75-2dd0-4c1a-bc2e-7ce03dec113c: valid; 0.5 s; peak memory 3746 MiB.
2026-09-30T11:44:19Z INFO [362/500] 2001b224-5d97-4f08-9535-2ae9ce5adaa7: valid; 1.4 s; peak memory 3746 MiB.
2026-09-30T11:44:20Z INFO [363/500] 2001f44d-c169-4e9b-b692-0eb4df6776f0: valid; 1.2 s; peak memory 3746 MiB.
2026-09-30T11:44:25Z INFO [364/500] 2001ff93-fe58-45b2-8354-57eee7890d31: valid; 4.6 s; peak memory 3746 MiB.
2026-09-30T11:44:26Z INFO [365/500] 20028123-f7a9-4f10-9e3a-296976c27ba6: valid; 1.3 s; peak memory 3746 MiB.
2026-09-30T11:44:26Z INFO [366/500] 20029adc-9bad-4997-ba99-bc4d48543dd6: valid; 0.5 s; peak memory 3746 MiB.
2026-09-30T11:44:28Z INFO [367/500] 2002ab0e-7cf0-4c85-8579-b5fd5787dbd6: valid; 1.1 s; peak memory 3746 MiB.
2026-09-30T11:44:29Z INFO [368/500] 2003afb4-1840-47dc-aebc-961d9f487fc1: valid; 1.2 s; peak memory 3746 MiB.
2026-09-30T11:44:30Z INFO [369/500] 2004975e-d577-4dc6-a1a9-83178c4a2bb5: valid; 1.0 s; peak memory 3746 MiB.
2026-09-30T11:44:33Z INFO [370/500] 2004ac18-7e76-4499-be14-ef271015cd40: valid; 3.1 s; peak memory 3746 MiB.
2026-09-30T11:44:35Z INFO [371/500] 20055b65-743c-4ca6-bd1d-35a627b607a4: not valid; 1.9 s; peak memory 3746 MiB.
2026-09-30T11:44:36Z INFO [372/500] 20059dda-ccc2-44f0-a053-38c8a5490648: not valid; 0.9 s; peak memory 3746 MiB.
2026-09-30T11:44:36Z INFO [373/500] 2005a905-72a2-44a4-9949-941c02133c8d: valid; 0.7 s; peak memory 3746 MiB.
2026-09-30T11:44:43Z INFO [374/500] 20061e2b-f24d-4630-ad39-92f3b8d7a1a4: valid; 6.3 s; peak memory 3746 MiB.
2026-09-30T11:44:44Z INFO [375/500] 20076d0f-7ddb-4f69-ab88-8de1c88f1384: valid; 1.6 s; peak memory 3746 MiB.
2026-09-30T11:44:45Z INFO [376/500] 2007e6a2-3f90-4051-8aef-f5e458173105: valid; 0.6 s; peak memory 3746 MiB.
2026-09-30T11:44:46Z INFO [377/500] 2008eee8-2574-4b8d-b4a6-e160ae0f2f96: not valid; 0.9 s; peak memory 3746 MiB.
2026-09-30T11:44:47Z INFO [378/500] 200918cc-9ee4-4c95-b376-1b18b211c5fb: not valid; 1.0 s; peak memory 3746 MiB.
2026-09-30T11:44:55Z INFO [379/500] 20092d8c-e511-4b1d-8573-f81c2e509a79: valid; 7.8 s; peak memory 3772 MiB.
2026-09-30T11:45:00Z INFO [380/500] 20093fd1-8035-4d16-8ef6-d1a77a5bd551: valid; 5.0 s; peak memory 3778 MiB.
2026-09-30T11:45:01Z INFO [381/500] 20098498-b01d-4477-a456-0196cd599fa7: valid; 1.1 s; peak memory 3778 MiB.
2026-09-30T11:45:02Z INFO [382/500] 2009be63-c3aa-42d9-918e-2c430d211e66: valid; 0.9 s; peak memory 3778 MiB.
2026-09-30T11:45:03Z INFO [383/500] 200ab949-2e1f-4571-9b15-269d1665e693: valid; 1.2 s; peak memory 3778 MiB.
2026-09-30T11:45:04Z INFO [384/500] 200b645f-da53-4015-bc89-74dbb810d0a9: valid; 0.8 s; peak memory 3778 MiB.
2026-09-30T11:45:11Z INFO [385/500] 200b882b-7d12-49e2-acaa-e1eca6723fde: valid; 7.8 s; peak memory 3778 MiB.
2026-09-30T11:45:12Z INFO [386/500] 200c1b6f-0816-43ef-9b6a-0292777d3f86: valid; 0.7 s; peak memory 3778 MiB.
2026-09-30T11:45:12Z WARNING 200ca6b9-5a1a-4c80-9332-840f97b8614e: failed while retrieving asset information from the DANDI API (NotFoundError: No such Dandiset: 001533)
2026-09-30T11:45:14Z INFO [388/500] 200d51a7-b516-49bd-9d07-063eb3581ac0: valid; 1.7 s; peak memory 3778 MiB.
2026-09-30T11:45:15Z INFO [389/500] 200d7c33-49fa-4fb1-bf00-b45aad1d557f: valid; 1.5 s; peak memory 3778 MiB.
2026-09-30T11:45:16Z INFO [390/500] 200db859-75b6-4ce1-b870-a7199f5bd230: not valid; 1.1 s; peak memory 3778 MiB.
2026-09-30T11:45:18Z INFO [391/500] 200dc1cd-63a4-48a4-b5a3-beba5ed11eae: valid; 1.8 s; peak memory 3778 MiB.
2026-09-30T11:45:19Z INFO [392/500] 200df301-297d-4819-8616-a8c2b1661ea6: not valid; 0.9 s; peak memory 3778 MiB.
2026-09-30T11:45:20Z INFO [393/500] 200dfb94-0c91-4f2b-82f7-6ae6c20b060e: valid; 0.7 s; peak memory 3778 MiB.
2026-09-30T11:45:21Z INFO [394/500] 200f0041-4557-4d77-b880-3b578a4449f0: valid; 1.0 s; peak memory 3778 MiB.
2026-09-30T11:45:22Z INFO [395/500] 200f20f0-dac1-4325-a7f0-e5339891d3d7: valid; 0.7 s; peak memory 3778 MiB.
2026-09-30T11:45:24Z INFO [396/500] 200f3c17-acfd-4162-bcd5-3b855b8525e6: not valid; 2.7 s; peak memory 3821 MiB.
2026-09-30T11:45:25Z INFO [397/500] 200f72a9-2427-4580-b5e7-45baec06aba7: valid; 0.8 s; peak memory 3821 MiB.
2026-09-30T11:45:26Z INFO [398/500] 200ff42b-0e3f-4bc1-b868-5eb1eddb573e: valid; 0.8 s; peak memory 3821 MiB.
2026-09-30T11:45:26Z INFO [399/500] 2010bda5-3d79-461c-b318-9bf62a46dca4: valid; 0.5 s; peak memory 3821 MiB.
2026-09-30T11:45:31Z INFO [400/500] 2010c458-bf34-4f63-a4ad-b50e3a776f9e: not valid; 4.5 s; peak memory 3821 MiB.
2026-09-30T11:45:32Z INFO [400/500] 2010c458-bf34-4f63-a4ad-b50e3a776f9e: checkpointed 85910 records.
2026-09-30T11:45:33Z INFO [401/500] 2010d337-add6-41fe-8125-d96e736c26fd: valid; 1.9 s; peak memory 3821 MiB.
2026-09-30T11:45:35Z INFO [402/500] 2011e809-d095-4a96-8331-57f716aabedc: valid; 1.4 s; peak memory 3821 MiB.
2026-09-30T11:45:35Z INFO [403/500] 201211fe-68d3-496e-8ce6-b401e9d78e76: valid; 0.6 s; peak memory 3821 MiB.
2026-09-30T11:45:37Z INFO [404/500] 20126d6f-f8f3-401d-bdb4-9bea5906bdf1: valid; 1.9 s; peak memory 3821 MiB.
2026-09-30T11:45:38Z INFO [405/500] 201278cd-c754-4bbf-8b2d-5aaa4fc4ac54: valid; 1.1 s; peak memory 3821 MiB.
2026-09-30T11:45:48Z INFO [406/500] 201297bd-8052-4936-9821-819e47f2065c: valid; 9.2 s; peak memory 3868 MiB.
2026-09-30T11:45:52Z INFO [407/500] 20142602-eb04-443b-aec2-0a3d5da0818e: valid; 3.9 s; peak memory 3877 MiB.
2026-09-30T11:45:52Z INFO [408/500] 20144c13-7ff1-4a6c-9905-9e10f5d2a472: valid; 0.8 s; peak memory 3879 MiB.
2026-09-30T11:45:54Z INFO [409/500] 2014574c-97ac-4389-a523-d2a2bd25e4df: not valid; 1.7 s; peak memory 3884 MiB.
2026-09-30T11:45:56Z INFO [410/500] 20148af2-fe62-492b-901b-fceaa23cc569: not valid; 2.5 s; peak memory 3889 MiB.
2026-09-30T11:46:07Z INFO [411/500] 20150ac7-c4fc-4d27-8c57-b7212a51b5ae: valid; 10.4 s; peak memory 4037 MiB.
2026-09-30T11:46:07Z INFO [412/500] 20152d19-0384-4e63-ba06-a2dbad21cd4c: valid; 0.5 s; peak memory 4037 MiB.
2026-09-30T11:46:29Z INFO [413/500] 2015555f-ad5d-4d10-95e9-878dffce65f4: valid; 22.0 s; peak memory 4319 MiB.
2026-09-30T11:46:30Z INFO [414/500] 201570f4-d4b5-4979-88a1-56c4afdad08d: valid; 0.7 s; peak memory 4321 MiB.
2026-09-30T11:46:31Z INFO [415/500] 2016818f-164b-480f-b5b7-351cf5dd8d26: valid; 0.5 s; peak memory 4323 MiB.
2026-09-30T11:46:31Z INFO [416/500] 2016a3be-9ab1-4b8d-8e07-2f6a74dd3301: valid; 0.8 s; peak memory 4323 MiB.
2026-09-30T11:46:32Z INFO [417/500] 2016d201-176d-4ce1-b70d-3b588cf46598: valid; 0.5 s; peak memory 4323 MiB.
2026-09-30T11:46:33Z INFO [418/500] 2016e696-6548-4f2c-b233-9c3b495f74f8: valid; 1.3 s; peak memory 4325 MiB.
2026-09-30T11:46:34Z INFO [419/500] 2016fb22-5c88-43cd-85d7-b4ed5aed3be4: valid; 0.6 s; peak memory 4325 MiB.
2026-09-30T11:46:35Z INFO [420/500] 201783a2-6bb8-462a-adfd-6e42ebe36f60: valid; 0.7 s; peak memory 4325 MiB.
2026-09-30T11:46:39Z INFO [421/500] 2017b923-97a4-4964-b932-ea484cdb197d: not valid; 3.9 s; peak memory 4325 MiB.
2026-09-30T11:46:44Z INFO [422/500] 2018720b-2990-4a6e-8dd7-5b2e63031fbb: not valid; 5.7 s; peak memory 4325 MiB.
2026-09-30T11:46:45Z INFO [423/500] 20193148-3e37-4252-aa0f-26f706f73efd: not valid; 1.2 s; peak memory 4325 MiB.
2026-09-30T11:46:48Z INFO [424/500] 20196b62-ff38-451b-af9d-4d0ff1020868: not valid; 3.0 s; peak memory 4325 MiB.
2026-09-30T11:46:49Z INFO [425/500] 2019d816-7851-4557-9730-28a8c62662b7: valid; 0.5 s; peak memory 4325 MiB.
2026-09-30T11:46:58Z INFO [426/500] 201a9a06-eb15-4dd6-bd33-232b1b07f99e: valid; 9.0 s; peak memory 4433 MiB.
2026-09-30T11:46:59Z INFO [427/500] 201ac2a0-4eaf-4a40-83e0-777377aa4171: not valid; 1.0 s; peak memory 4433 MiB.
2026-09-30T11:47:00Z INFO [428/500] 201af012-270f-4cd2-90e6-add09a6c9af1: valid; 0.8 s; peak memory 4433 MiB.
2026-09-30T11:47:12Z INFO [429/500] 201b01c0-5b57-469f-9d7f-67d587e9611b: valid; 12.7 s; peak memory 4433 MiB.
2026-09-30T11:47:13Z INFO [430/500] 201c1345-26dc-45a5-a953-c7d44cd3b58c: valid; 0.8 s; peak memory 4433 MiB.
2026-09-30T11:47:15Z INFO [431/500] 201c5cf8-8a34-4241-83e3-7270283efce2: valid; 1.6 s; peak memory 4433 MiB.
2026-09-30T11:47:16Z INFO [432/500] 201c6be2-c629-4baf-81de-306bb0fef6ff: valid; 1.5 s; peak memory 4433 MiB.
2026-09-30T11:47:17Z INFO [433/500] 201c79d2-d214-47e0-9591-c4e7fbda0bae: not valid; 0.9 s; peak memory 4433 MiB.
2026-09-30T11:47:19Z INFO [434/500] 201cab47-634b-40ce-bad1-e72037a99d65: not valid; 1.5 s; peak memory 4433 MiB.
2026-09-30T11:47:21Z INFO [435/500] 201d77ce-e6be-4c25-b995-e3d0c96b1b87: valid; 2.7 s; peak memory 4433 MiB.
2026-09-30T11:47:22Z WARNING 201d8628-5aeb-4b11-83a9-e88e893d62df: failed while opening the NWB file (ConstructError: (root/acquisition/event_code_meanings GroupBuilder {'attributes': {'colnames': array(['value', 'meaning'], dtype=object), 'description': 'Mapping integer event codes to event labels', 'namespace': 'ndx-events', 'neurodata_type': 'MeaningsTable', 'object_id': '86bd1df8-407a-4dc5-ab22-e3ccbb20e689'}, 'groups': {}, 'datasets': {'id': root/acquisition/event_code_meanings/id DatasetBuilder {'attributes': {'namespace': 'hdmf-common', 'neurodata_type': 'ElementIdentifiers', 'object_id': 'af946d8a-98bf-4e5b-85fd-9b9e2b975c62'}, 'data': <HDF5 dataset "id": shape (26,), type "<i8">}, 'meaning': root/acquisition/event_code_meanings/meaning DatasetBuilder {'attributes': {'description': 'The meaning of the value in the parent CategoricalVectorData object.', 'namespace': 'hdmf-experimental', 'neurodata_type': 'VectorData', 'object_id': '260a4014-7c8e-4d7e-8ce8-fed379443136'}, 'data': <StrDataset for HDF5 dataset "meaning": shape (26,), type "|O">}, 'value': root/acquisition/event_code_meanings/value DatasetBuilder {'attributes': {'description': 'The value of the parent CategoricalVectorData object.', 'namespace': 'hdmf-experimental', 'neurodata_type': 'VectorData', 'object_id': '2560d99e-c839-4111-a6a8-9ab2b11458ab'}, 'data': <HDF5 dataset "value": shape (26,), type "<i8">}}, 'links': {}}, "Could not construct MeaningsTable object due to: MeaningsTable.__init__: missing argument 'target'"))
2026-09-30T11:47:24Z INFO [437/500] 201dd05d-d402-45ae-8a52-995e639250d8: not valid; 1.4 s; peak memory 4433 MiB.
2026-09-30T11:47:25Z INFO [438/500] 201e981b-0b67-4e5c-9159-0d69bc35be7b: valid; 1.3 s; peak memory 4433 MiB.
2026-09-30T11:47:26Z INFO [439/500] 201ecaae-ac5a-458d-a537-ee375b2b1f0f: not valid; 0.9 s; peak memory 4433 MiB.
2026-09-30T11:47:34Z INFO [440/500] 201f73c7-03e0-41df-ad93-42fbf789f621: valid; 8.1 s; peak memory 4433 MiB.
2026-09-30T11:47:35Z INFO [441/500] 201fd4d8-65a8-4d74-be32-8ff8e7232efd: valid; 1.1 s; peak memory 4433 MiB.
2026-09-30T11:47:36Z INFO [442/500] 202035d8-a4ab-4d28-a9c7-a25728e9a9c8: valid; 0.9 s; peak memory 4433 MiB.
2026-09-30T11:47:37Z INFO [443/500] 20204cec-c83f-4ab0-bc22-51ab6224cb0e: valid; 0.8 s; peak memory 4433 MiB.
2026-09-30T11:47:37Z INFO [444/500] 2020717e-d595-4a20-9596-1ff5b3e8e810: valid; 0.5 s; peak memory 4433 MiB.
2026-09-30T11:47:38Z INFO [445/500] 202168fd-d93c-4a3a-9b25-09548dc364e8: not valid; 0.9 s; peak memory 4433 MiB.
2026-09-30T11:47:39Z INFO [446/500] 20219d3c-30dc-456a-a019-6f0d741770f2: valid; 0.8 s; peak memory 4433 MiB.
2026-09-30T11:47:40Z INFO [447/500] 2021b048-3f27-4ac9-b49f-85400d25c5cd: valid; 1.1 s; peak memory 4433 MiB.
2026-09-30T11:47:42Z INFO [448/500] 2021b15c-24b3-4811-a4b8-98550037bbd8: valid; 2.2 s; peak memory 4433 MiB.
2026-09-30T11:47:43Z INFO [449/500] 2021e7e9-3869-4791-acd8-3c766b543979: valid; 0.9 s; peak memory 4433 MiB.
2026-09-30T11:47:44Z INFO [450/500] 202246f0-2a09-48d8-834a-0f77970042d4: valid; 0.5 s; peak memory 4433 MiB.
2026-09-30T11:47:44Z INFO [450/500] 202246f0-2a09-48d8-834a-0f77970042d4: checkpointed 85960 records.
2026-09-30T11:47:47Z INFO [451/500] 20236a84-d9f1-4fc2-858f-148bfdf0013a: valid; 3.0 s; peak memory 4433 MiB.
2026-09-30T11:47:48Z INFO [452/500] 20239474-bcf4-426f-b35d-8ba56d1bbff2: valid; 0.4 s; peak memory 4433 MiB.
2026-09-30T11:47:52Z INFO [453/500] 2023b40a-ee9c-4d5a-8c58-0d3edee3a76a: valid; 4.5 s; peak memory 4433 MiB.
2026-09-30T11:47:53Z INFO [454/500] 2023bfc5-da08-421a-a45e-0cb514641962: valid; 1.3 s; peak memory 4433 MiB.
2026-09-30T11:47:54Z INFO [455/500] 20243af7-5d83-4fde-b969-fbe4abbcc645: valid; 0.7 s; peak memory 4433 MiB.
2026-09-30T11:47:55Z INFO [456/500] 202465d4-eb82-4216-84de-7d429650d432: valid; 1.2 s; peak memory 4433 MiB.
2026-09-30T11:47:56Z INFO [457/500] 2024ff5e-90b5-4742-b9f2-951a168a7b7b: not valid; 0.8 s; peak memory 4433 MiB.
2026-09-30T11:47:57Z INFO [458/500] 20256a04-e1e7-4a2a-9aa7-9880a889ee1a: valid; 1.3 s; peak memory 4433 MiB.
2026-09-30T11:48:01Z INFO [459/500] 2025a30e-caf0-4e05-9419-8c1dd1bf9a7d: valid; 3.8 s; peak memory 4433 MiB.
2026-09-30T11:48:03Z INFO [460/500] 20260354-ca84-477f-bbae-b3713962bae3: valid; 1.4 s; peak memory 4433 MiB.
2026-09-30T11:48:04Z INFO [461/500] 202625bb-4df9-4e68-9230-a3b794f953e8: valid; 1.6 s; peak memory 4433 MiB.
2026-09-30T11:48:06Z INFO [462/500] 2026b593-48d8-4483-81b0-a3b0fccb913e: valid; 1.4 s; peak memory 4433 MiB.
2026-09-30T11:48:08Z INFO [463/500] 2026db95-f4a3-476a-8c75-2ef5620bdd76: valid; 2.8 s; peak memory 4433 MiB.
2026-09-30T11:48:10Z INFO [464/500] 2026e06d-eb61-414f-814d-4b0151203ffa: not valid; 1.1 s; peak memory 4433 MiB.
2026-09-30T11:48:10Z WARNING 20270b3f-58ba-445c-a66f-c51acb22db10: failed while retrieving asset information from the DANDI API (NotFoundError: No asset at path 'sub-763590/sub-763590_ses-behavior-763590-2025-05-02-11-07-07.nwb' in version 0.260928.2230. Verify the path is correct and the asset exists in this version. Use 'dandi ls' to list available assets.)
2026-09-30T11:48:10Z INFO [466/500] 202790dc-cf7c-46d3-8f93-249127037a26: valid; 0.8 s; peak memory 4433 MiB.
2026-09-30T11:48:12Z INFO [467/500] 2027e2b0-6137-468a-87cb-7d5f5e8c52ea: valid; 1.4 s; peak memory 4433 MiB.
2026-09-30T11:48:13Z INFO [468/500] 2027f982-5fa0-4391-a049-67a9e77230c8: valid; 1.1 s; peak memory 4433 MiB.
2026-09-30T11:48:15Z INFO [469/500] 20288338-f858-4b16-8d2b-08329d191a56: valid; 2.3 s; peak memory 4433 MiB.
2026-09-30T11:48:16Z INFO [470/500] 2028879e-12d7-440b-ba03-07278afac584: not valid; 1.1 s; peak memory 4433 MiB.
2026-09-30T11:48:24Z INFO [471/500] 202917ca-edff-49cf-988c-a9dcfa7245f3: valid; 8.0 s; peak memory 4433 MiB.
2026-09-30T11:48:26Z WARNING 20296132-1a6e-4133-b7f7-3eed2cb71449: failed while opening the NWB file (ConstructError: (root/acquisition/_iblmic_audioSpectrogram/bands GroupBuilder {'attributes': {'colnames': array(['freq'], dtype=object), 'description': 'spectogram frequencies', 'namespace': 'core', 'neurodata_type': 'FrequencyBandsTable', 'object_id': '0b5e24f8-2681-4046-b57f-a3526ab3c82d'}, 'groups': {}, 'datasets': {'freq': root/acquisition/_iblmic_audioSpectrogram/bands/freq DatasetBuilder {'attributes': {'description': 'frequency value', 'namespace': 'hdmf-common', 'neurodata_type': 'VectorData', 'object_id': 'b7165d78-e4a9-4cec-9691-0956ba1e1bcf'}, 'data': <HDF5 dataset "freq": shape (257,), type "<f4">}, 'id': root/acquisition/_iblmic_audioSpectrogram/bands/id DatasetBuilder {'attributes': {'namespace': 'hdmf-common', 'neurodata_type': 'ElementIdentifiers', 'object_id': 'a431b1ac-02c7-4a7e-8515-ce79b41dd227'}, 'data': <HDF5 dataset "id": shape (257,), type "<i4">}}, 'links': {}}, "Could not construct FrequencyBandsTable object due to: column must have the same number of rows as 'id'"))
2026-09-30T11:48:26Z INFO [473/500] 2029c1e8-2e53-4ca6-82f3-b3f85670b69d: valid; 0.8 s; peak memory 4433 MiB.
2026-09-30T11:48:28Z INFO [474/500] 2029eb32-e5fa-49e3-8f4a-df73f2b6f88f: valid; 1.4 s; peak memory 4433 MiB.
2026-09-30T11:48:29Z INFO [475/500] 202b5125-12ac-4d06-9c5e-9a57d36dce62: not valid; 0.9 s; peak memory 4433 MiB.
2026-09-30T11:48:29Z INFO [476/500] 202b62c2-99fb-4f94-a15b-222a43cf9754: not valid; 0.7 s; peak memory 4433 MiB.
2026-09-30T11:48:31Z INFO [477/500] 202b8cac-3ec5-419d-aea8-9a7073efc56d: not valid; 1.1 s; peak memory 4433 MiB.
2026-09-30T11:48:32Z INFO [478/500] 202c00f2-244a-4a76-9785-539ea0a80f64: not valid; 1.1 s; peak memory 4433 MiB.
2026-09-30T11:48:33Z INFO [479/500] 202d4f3e-8ec0-4efe-8850-06d63d614713: not valid; 1.1 s; peak memory 4433 MiB.
2026-09-30T11:48:34Z INFO [480/500] 202dac6f-f836-4af0-9996-681eefba349f: not valid; 1.2 s; peak memory 4433 MiB.
2026-09-30T11:48:36Z INFO [481/500] 202eba6e-a4c5-4e67-8a7e-cb0bcd77b29c: not valid; 2.4 s; peak memory 4433 MiB.
2026-09-30T11:48:37Z INFO [482/500] 202f0001-2af2-4b22-9267-151cdeba07bb: valid; 1.1 s; peak memory 4433 MiB.
2026-09-30T11:48:38Z INFO [483/500] 202f015b-8642-4845-8756-c345e0527400: valid; 0.8 s; peak memory 4433 MiB.
2026-09-30T11:48:39Z INFO [484/500] 202fd187-470d-4f63-a028-e991023b9e25: valid; 1.2 s; peak memory 4433 MiB.
2026-09-30T11:48:41Z INFO [485/500] 202fdea6-98b4-43fa-8a9a-67e23d7eaae1: valid; 1.9 s; peak memory 4433 MiB.
2026-09-30T11:48:42Z INFO [486/500] 20305ed4-1942-4808-a1f1-72711ed0f575: not valid; 1.1 s; peak memory 4433 MiB.
2026-09-30T11:48:43Z INFO [487/500] 20306cc5-e159-4f22-93c4-55179e654c1c: valid; 1.1 s; peak memory 4433 MiB.
2026-09-30T11:48:46Z INFO [488/500] 20307aa0-deea-4e82-8059-5528ed1b550d: valid; 2.3 s; peak memory 4433 MiB.
2026-09-30T11:48:48Z INFO [489/500] 20307e8b-9700-4601-84bf-44cb9724ce4f: not valid; 2.1 s; peak memory 4433 MiB.
2026-09-30T11:48:49Z INFO [490/500] 20308bd4-f4db-4fae-a284-d1c9d2799553: valid; 1.3 s; peak memory 4433 MiB.
2026-09-30T11:48:51Z INFO [491/500] 2030a0ff-a42a-4f2b-bdaa-98a2ebbb333e: valid; 2.1 s; peak memory 4433 MiB.
2026-09-30T11:48:53Z INFO [492/500] 2030b65e-20da-4b09-a1f4-051203dd5bb1: valid; 2.1 s; peak memory 4433 MiB.
2026-09-30T11:48:53Z WARNING 2030d68d-1fe0-4710-9c40-44798cdaf06a: failed while retrieving asset information from the DANDI API (NotFoundError: No asset at path 'sub-MS21/sub-MS21_ses-Peter-MS21-180724-144402-concat_behavior+ecephys.nwb' in version 0.250624.0444. Verify the path is correct and the asset exists in this version. Use 'dandi ls' to list available assets.)
2026-09-30T11:48:58Z INFO [494/500] 20313b2f-434a-457b-a5b5-b0ea749ae3c9: valid; 4.3 s; peak memory 4433 MiB.
2026-09-30T11:48:59Z INFO [495/500] 20314acb-64c2-42bd-a248-358b17b17856: valid; 0.8 s; peak memory 4433 MiB.
2026-09-30T11:49:00Z INFO [496/500] 203158ec-3446-48ff-8fee-1e61ec8cb829: not valid; 1.1 s; peak memory 4433 MiB.
2026-09-30T11:49:01Z INFO [497/500] 2031cfff-35b7-479c-8476-2e676b39674e: valid; 1.0 s; peak memory 4433 MiB.
2026-09-30T11:49:03Z INFO [498/500] 2031fc57-f791-41e4-9179-ebe39ad3f205: valid; 2.2 s; peak memory 4435 MiB.
2026-09-30T11:49:04Z INFO [499/500] 2032147d-0f77-48c2-badc-aaced26d95c1: not valid; 1.5 s; peak memory 4436 MiB.
2026-09-30T11:49:05Z INFO [500/500] 20326ba3-acca-4f37-987f-cc2c836160b6: not valid; 1.1 s; peak memory 4437 MiB.
2026-09-30T11:49:06Z INFO [500/500] 20326ba3-acca-4f37-987f-cc2c836160b6: checkpointed 86010 records.
2026-09-30T11:49:07Z INFO Wrote 86010 records to /tmp/derivatives/content_id_to_valid_nwb_file.jsonl (472 new, 28 failed) in 20.3 min (peak memory 4440 MiB).
