2026-09-20T15:00:14Z INFO Logging to /tmp/logs/update_2026-09-20T15-00-14Z.log.
2026-09-20T15:00:14Z INFO Update content-id-to-valid-nwb-file (base directory /tmp).
2026-09-20T15:00:16Z INFO Processing 500 items (71510 already recorded).
2026-09-20T15:00:18Z INFO [1/500] 0a289dcc-7bd6-4ec0-a64e-db87992e24e2: not valid; 2.0 s; peak memory 340 MiB.
2026-09-20T15:00:21Z INFO [2/500] 0a289fa2-92cc-4f48-a2a4-3ac59527bac0: valid; 3.0 s; peak memory 362 MiB.
2026-09-20T15:00:23Z INFO [3/500] 0a28a864-a8d3-4a10-990a-fd2d7b9558f9: not valid; 1.6 s; peak memory 371 MiB.
2026-09-20T15:00:24Z INFO [4/500] 0a2928e3-386d-4085-bbfb-29dfe61bb41c: valid; 1.4 s; peak memory 373 MiB.
2026-09-20T15:00:27Z INFO [5/500] 0a2af385-4be2-435d-877d-5bb9dd48a1f1: valid; 2.5 s; peak memory 389 MiB.
2026-09-20T15:00:29Z INFO [6/500] 0a2b13f4-6bad-457d-b721-12a2658d8ada: valid; 2.2 s; peak memory 400 MiB.
2026-09-20T15:00:34Z INFO [7/500] 0a2c2776-e09c-406e-a22f-e8e12aa90270: valid; 4.8 s; peak memory 421 MiB.
2026-09-20T15:00:43Z INFO [8/500] 0a2cf04e-baef-4123-9de3-4acab8c6b09f: valid; 9.0 s; peak memory 450 MiB.
2026-09-20T15:00:44Z INFO [9/500] 0a2dbb25-9ad2-43cb-bf9f-d2bb018ae540: not valid; 1.7 s; peak memory 454 MiB.
2026-09-20T15:00:47Z INFO [10/500] 0a2e47f5-4a10-4d89-8b9c-29152c6c6028: valid; 2.2 s; peak memory 456 MiB.
2026-09-20T15:00:48Z INFO [11/500] 0a2e4b74-db20-4683-b72c-d4b87196745b: not valid; 1.8 s; peak memory 459 MiB.
2026-09-20T15:00:53Z INFO [12/500] 0a2e77ef-74e5-48d1-b9ff-314df7c880c6: not valid; 4.2 s; peak memory 459 MiB.
2026-09-20T15:00:55Z INFO [13/500] 0a2f8916-919a-43b5-95fb-b666d34309fe: valid; 2.3 s; peak memory 459 MiB.
2026-09-20T15:00:56Z INFO [14/500] 0a2fac73-8161-43f0-83b4-807154781f08: valid; 1.6 s; peak memory 459 MiB.
2026-09-20T15:00:59Z INFO [15/500] 0a2fcc74-da26-4206-bf69-af88dc383fd6: valid; 2.2 s; peak memory 459 MiB.
2026-09-20T15:01:01Z WARNING 0a309c88-5b88-4dab-adf0-93a9671f4887: failed while opening the NWB file (ConstructError: (root/acquisition/_iblmic_audioSpectrogram/bands GroupBuilder {'attributes': {'colnames': array(['freq'], dtype=object), 'description': 'spectogram frequencies', 'namespace': 'core', 'neurodata_type': 'FrequencyBandsTable', 'object_id': '8aceec34-f237-4c31-9725-56f94069f5df'}, 'groups': {}, 'datasets': {'freq': root/acquisition/_iblmic_audioSpectrogram/bands/freq DatasetBuilder {'attributes': {'description': 'frequency value', 'namespace': 'hdmf-common', 'neurodata_type': 'VectorData', 'object_id': '798f531f-979e-45d7-a269-9a95cfa58e75'}, 'data': <HDF5 dataset "freq": shape (257,), type "<f4">}, 'id': root/acquisition/_iblmic_audioSpectrogram/bands/id DatasetBuilder {'attributes': {'namespace': 'hdmf-common', 'neurodata_type': 'ElementIdentifiers', 'object_id': 'b8a873fe-6b69-43b2-84c2-988c0cb5906c'}, 'data': <HDF5 dataset "id": shape (257,), type "<i4">}}, 'links': {}}, "Could not construct FrequencyBandsTable object due to: column must have the same number of rows as 'id'"))
2026-09-20T15:01:02Z INFO [17/500] 0a30c056-bd68-481a-80bb-cfbaadd0c18e: valid; 1.5 s; peak memory 459 MiB.
2026-09-20T15:01:18Z INFO [18/500] 0a3106fb-8fea-4460-9728-46ca4232a3cf: valid; 15.5 s; peak memory 533 MiB.
2026-09-20T15:01:20Z INFO [19/500] 0a31bb2f-3158-4043-be80-08b4ba5a888e: valid; 2.4 s; peak memory 552 MiB.
2026-09-20T15:01:21Z INFO [20/500] 0a320752-11e8-49c5-8e24-93821977e926: valid; 1.1 s; peak memory 552 MiB.
2026-09-20T15:01:23Z INFO [21/500] 0a3250ef-f869-4820-9969-83ed79464332: valid; 1.9 s; peak memory 552 MiB.
2026-09-20T15:01:31Z INFO [22/500] 0a3258df-00a9-4615-abcf-801deab46905: valid; 8.0 s; peak memory 552 MiB.
2026-09-20T15:01:33Z INFO [23/500] 0a3283fa-e072-469b-a912-5c94ee68f913: valid; 1.7 s; peak memory 552 MiB.
2026-09-20T15:01:45Z INFO [24/500] 0a328f57-f535-427e-8a5b-d851b8812b71: valid; 12.5 s; peak memory 552 MiB.
2026-09-20T15:01:49Z INFO [25/500] 0a32d08f-f982-4981-9acf-0a39aa5f9948: valid; 3.3 s; peak memory 552 MiB.
2026-09-20T15:01:51Z INFO [26/500] 0a3321ea-4424-4194-abd0-148a8aec79cd: valid; 2.3 s; peak memory 552 MiB.
2026-09-20T15:01:52Z INFO [27/500] 0a33334f-4d2b-4787-b039-66b0ac8ab852: valid; 1.3 s; peak memory 552 MiB.
2026-09-20T15:01:54Z INFO [28/500] 0a338368-d52f-4bbc-8bb9-84f5ead12dad: not valid; 1.8 s; peak memory 552 MiB.
2026-09-20T15:01:55Z INFO [29/500] 0a33ae36-54af-478c-bba6-67415e89d413: valid; 1.2 s; peak memory 553 MiB.
2026-09-20T15:01:58Z INFO [30/500] 0a340cf1-5d86-40b7-b605-4ed3f577cdf6: valid; 2.3 s; peak memory 562 MiB.
2026-09-20T15:02:02Z INFO [31/500] 0a3498db-b548-47be-9a60-dc4276c10da5: valid; 4.6 s; peak memory 567 MiB.
2026-09-20T15:02:03Z INFO [32/500] 0a36fb59-5c4f-4378-994c-9f17bcdc266e: valid; 1.3 s; peak memory 567 MiB.
2026-09-20T15:02:06Z INFO [33/500] 0a370199-85b5-4e6a-9c4d-93a4ae30a36f: valid; 3.0 s; peak memory 567 MiB.
2026-09-20T15:02:09Z INFO [34/500] 0a3792ee-f3a8-4c45-a9af-6e56265d7ef0: not valid; 2.4 s; peak memory 567 MiB.
2026-09-20T15:02:11Z INFO [35/500] 0a382c7d-56a9-4e4a-ba4d-6942a5eb02ee: not valid; 2.0 s; peak memory 567 MiB.
2026-09-20T15:02:12Z INFO [36/500] 0a38419c-87e8-489c-bc36-a76cb582827a: not valid; 1.6 s; peak memory 567 MiB.
2026-09-20T15:02:13Z INFO [37/500] 0a38687e-ff55-4b38-96a5-9adaff8654c6: valid; 1.0 s; peak memory 567 MiB.
2026-09-20T15:02:16Z INFO [38/500] 0a38a95a-d806-4cfd-a922-19587753ddef: valid; 2.8 s; peak memory 567 MiB.
2026-09-20T15:02:18Z INFO [39/500] 0a38ed03-2fad-4b64-a278-60e5b00ec340: valid; 1.6 s; peak memory 567 MiB.
2026-09-20T15:02:20Z INFO [40/500] 0a3988c0-bea2-47c9-a888-6fe80d947f63: valid; 2.4 s; peak memory 567 MiB.
2026-09-20T15:02:36Z INFO [41/500] 0a3a2191-f988-41ec-9522-cf152d5b173c: valid; 15.6 s; peak memory 649 MiB.
2026-09-20T15:02:37Z INFO [42/500] 0a3a323c-9dc6-45c6-993d-ec55402533c9: valid; 1.2 s; peak memory 649 MiB.
2026-09-20T15:02:39Z INFO [43/500] 0a3aa486-2543-46de-891b-e87961503693: valid; 2.4 s; peak memory 652 MiB.
2026-09-20T15:02:44Z INFO [44/500] 0a3b3e73-af7f-4903-ad4d-9c3fa132c7c6: not valid; 4.2 s; peak memory 659 MiB.
2026-09-20T15:02:46Z INFO [45/500] 0a3bcc5c-cdd0-4524-858b-cdc64845f908: valid; 2.0 s; peak memory 659 MiB.
2026-09-20T15:02:47Z WARNING 0a3c23f4-f213-4e76-a250-5f5191d4dbc9: failed while opening the NWB file (ConstructError: (root/acquisition/_iblmic_audioSpectrogram/bands GroupBuilder {'attributes': {'colnames': array(['freq'], dtype=object), 'description': 'spectogram frequencies', 'namespace': 'core', 'neurodata_type': 'FrequencyBandsTable', 'object_id': 'c7c62d0d-c895-4ace-8814-7d9ea58b4671'}, 'groups': {}, 'datasets': {'freq': root/acquisition/_iblmic_audioSpectrogram/bands/freq DatasetBuilder {'attributes': {'description': 'frequency value', 'namespace': 'hdmf-common', 'neurodata_type': 'VectorData', 'object_id': 'ea30ebe6-5560-425e-9d05-9f96bc17cc15'}, 'data': <HDF5 dataset "freq": shape (257,), type "<f4">}, 'id': root/acquisition/_iblmic_audioSpectrogram/bands/id DatasetBuilder {'attributes': {'namespace': 'hdmf-common', 'neurodata_type': 'ElementIdentifiers', 'object_id': '9f852ef6-e440-4940-9f64-dd9e75c28aa3'}, 'data': <HDF5 dataset "id": shape (257,), type "<i4">}}, 'links': {}}, "Could not construct FrequencyBandsTable object due to: column must have the same number of rows as 'id'"))
2026-09-20T15:02:49Z INFO [47/500] 0a3d772b-0f95-40b0-9c8c-b983542cefcf: not valid; 1.3 s; peak memory 659 MiB.
2026-09-20T15:02:50Z INFO [48/500] 0a3e2f13-bbfb-4047-b639-69fdeab75b02: valid; 1.8 s; peak memory 659 MiB.
2026-09-20T15:02:52Z INFO [49/500] 0a3e413d-4cc9-469c-9060-20f7d244f468: valid; 1.9 s; peak memory 659 MiB.
2026-09-20T15:02:54Z INFO [50/500] 0a3ee913-b6cb-49c3-a143-971591e7a401: valid; 1.3 s; peak memory 659 MiB.
2026-09-20T15:02:54Z INFO [50/500] 0a3ee913-b6cb-49c3-a143-971591e7a401: checkpointed 71560 records.
2026-09-20T15:02:56Z INFO [51/500] 0a3ef003-0a6b-49f1-81d1-4be327a71f1f: valid; 1.4 s; peak memory 659 MiB.
2026-09-20T15:02:59Z INFO [52/500] 0a3effe8-0601-4c43-a298-07ee9e1d09b3: valid; 3.7 s; peak memory 659 MiB.
2026-09-20T15:03:13Z INFO [53/500] 0a3f2d6f-1226-4bee-a58c-17978c6ade8f: valid; 13.8 s; peak memory 818 MiB.
2026-09-20T15:03:16Z INFO [54/500] 0a408e71-759b-4069-99e6-a63f58264ec6: valid; 2.2 s; peak memory 818 MiB.
2026-09-20T15:03:17Z INFO [55/500] 0a4093d0-91ff-4098-a130-ee26daa69573: not valid; 1.5 s; peak memory 818 MiB.
2026-09-20T15:03:20Z INFO [56/500] 0a413005-4271-4cb0-a1f4-33ffe5d2d7dc: valid; 2.7 s; peak memory 818 MiB.
2026-09-20T15:03:21Z INFO [57/500] 0a4170e6-458e-4516-8394-e44c61d7c5af: valid; 1.2 s; peak memory 818 MiB.
2026-09-20T15:03:24Z INFO [58/500] 0a4241b3-0853-4389-b4ca-5e85b83432d5: not valid; 3.6 s; peak memory 818 MiB.
2026-09-20T15:03:34Z INFO [59/500] 0a42a433-dd02-4fb3-a839-47710f124011: valid; 9.9 s; peak memory 818 MiB.
2026-09-20T15:03:36Z INFO [60/500] 0a42f365-89f2-4714-8bdf-101367b728f9: not valid; 1.5 s; peak memory 818 MiB.
2026-09-20T15:03:40Z INFO [61/500] 0a432cf3-408a-4876-8592-0d31ad575e08: valid; 4.6 s; peak memory 818 MiB.
2026-09-20T15:03:42Z INFO [62/500] 0a44472d-9610-4df2-8831-af43bb5f6a52: valid; 1.2 s; peak memory 818 MiB.
2026-09-20T15:03:43Z INFO [63/500] 0a44865e-c13e-4a9e-b8f3-304dd87406be: valid; 1.1 s; peak memory 818 MiB.
2026-09-20T15:03:45Z INFO [64/500] 0a4493eb-6b5a-4235-a497-0706276e8289: valid; 1.9 s; peak memory 818 MiB.
2026-09-20T15:03:47Z INFO [65/500] 0a44b2c4-8304-4209-8268-ccc756155ce0: valid; 2.7 s; peak memory 818 MiB.
2026-09-20T15:03:49Z INFO [66/500] 0a453673-6c50-405a-83e8-b635380b0a2b: not valid; 1.5 s; peak memory 818 MiB.
2026-09-20T15:03:51Z INFO [67/500] 0a462b0e-ff18-40a6-a4c6-f9c3bfea73c0: valid; 1.8 s; peak memory 818 MiB.
2026-09-20T15:03:52Z INFO [68/500] 0a46bad2-d2c7-4831-b9f7-c507490ef157: not valid; 1.7 s; peak memory 818 MiB.
2026-09-20T15:03:54Z INFO [69/500] 0a46d490-5c46-4d7c-b737-97c0c62d09f0: valid; 1.1 s; peak memory 818 MiB.
2026-09-20T15:03:55Z INFO [70/500] 0a46ecef-ca86-4870-beae-fe161f2b46b4: valid; 1.9 s; peak memory 818 MiB.
2026-09-20T15:03:57Z WARNING 0a472172-1c81-43f4-85bb-ea27936c4ed1: failed while opening the NWB file (ConstructError: (root/acquisition/_iblmic_audioSpectrogram/bands GroupBuilder {'attributes': {'colnames': array(['freq'], dtype=object), 'description': 'spectogram frequencies', 'namespace': 'core', 'neurodata_type': 'FrequencyBandsTable', 'object_id': 'decb453b-e336-47dc-9e2f-d2e15c1eb8ae'}, 'groups': {}, 'datasets': {'freq': root/acquisition/_iblmic_audioSpectrogram/bands/freq DatasetBuilder {'attributes': {'description': 'frequency value', 'namespace': 'hdmf-common', 'neurodata_type': 'VectorData', 'object_id': 'e77d92c9-e67a-4bb5-8dec-45aef095111b'}, 'data': <HDF5 dataset "freq": shape (257,), type "<f4">}, 'id': root/acquisition/_iblmic_audioSpectrogram/bands/id DatasetBuilder {'attributes': {'namespace': 'hdmf-common', 'neurodata_type': 'ElementIdentifiers', 'object_id': '310b115e-5ea5-4d5e-8f29-75c7a2337178'}, 'data': <HDF5 dataset "id": shape (257,), type "<i4">}}, 'links': {}}, "Could not construct FrequencyBandsTable object due to: column must have the same number of rows as 'id'"))
2026-09-20T15:04:00Z INFO [72/500] 0a479461-f4ec-424f-a9c9-ccb1627fad4a: valid; 2.4 s; peak memory 822 MiB.
2026-09-20T15:04:01Z INFO [73/500] 0a47a285-6839-4ab7-857d-31a97e960da2: not valid; 1.8 s; peak memory 825 MiB.
2026-09-20T15:04:13Z INFO [74/500] 0a47aa75-b2ab-4f35-8acf-b1734b22df8a: valid; 11.1 s; peak memory 825 MiB.
2026-09-20T15:04:16Z INFO [75/500] 0a485c50-b5fd-4e68-9da2-cba8002bea9c: not valid; 3.4 s; peak memory 825 MiB.
2026-09-20T15:04:33Z INFO [76/500] 0a486592-6b4d-4cd4-a0d7-f3ec3e3a061d: valid; 17.2 s; peak memory 866 MiB.
2026-09-20T15:04:35Z INFO [77/500] 0a487b28-4673-4a1a-a316-82eb7d51eae1: valid; 1.9 s; peak memory 869 MiB.
2026-09-20T15:04:53Z INFO [78/500] 0a4891d9-d457-401f-95fd-673fcdae3461: valid; 18.0 s; peak memory 1068 MiB.
2026-09-20T15:04:56Z INFO [79/500] 0a48b05f-a1b9-43d0-977a-054ee4e293b5: valid; 3.0 s; peak memory 1068 MiB.
2026-09-20T15:05:07Z INFO [80/500] 0a4992da-91fd-4ed4-aed5-79290becc1dd: valid; 11.0 s; peak memory 1126 MiB.
2026-09-20T15:05:09Z INFO [81/500] 0a4a1fc5-07a6-46a9-bdc6-bbd8a6c36b44: valid; 2.1 s; peak memory 1130 MiB.
2026-09-20T15:05:12Z INFO [82/500] 0a4a36a4-ee0e-46f5-9378-a7397376d7ee: valid; 2.3 s; peak memory 1154 MiB.
2026-09-20T15:05:13Z INFO [83/500] 0a4a4498-aeff-4833-9363-0387e2331277: valid; 1.3 s; peak memory 1154 MiB.
2026-09-20T15:05:15Z INFO [84/500] 0a4a7354-988d-48aa-8cad-3f4afa835834: valid; 1.8 s; peak memory 1155 MiB.
2026-09-20T15:05:17Z INFO [85/500] 0a4b0eb0-937b-46c7-a7b3-73d22224aae6: valid; 2.1 s; peak memory 1158 MiB.
2026-09-20T15:05:19Z INFO [86/500] 0a4b3be7-f38b-4160-b45e-9e2339185966: not valid; 1.9 s; peak memory 1161 MiB.
2026-09-20T15:05:20Z INFO [87/500] 0a4bb178-b977-4100-af40-f593eba048d1: not valid; 1.8 s; peak memory 1164 MiB.
2026-09-20T15:05:22Z INFO [88/500] 0a4c8a9c-f33c-4cf2-8a74-54acd3dba547: valid; 1.8 s; peak memory 1164 MiB.
2026-09-20T15:05:24Z INFO [89/500] 0a4cc8fd-cc08-4e5b-825e-aac2238ae900: not valid; 1.5 s; peak memory 1164 MiB.
2026-09-20T15:05:26Z INFO [90/500] 0a4cf08d-895b-476f-a400-357b580693f9: valid; 2.8 s; peak memory 1164 MiB.
2026-09-20T15:05:29Z INFO [91/500] 0a4d68eb-4086-411c-a19d-218416a16b5b: valid; 2.3 s; peak memory 1164 MiB.
2026-09-20T15:05:30Z INFO [92/500] 0a4d896f-d0cb-416c-92b3-31b109ce8bdc: valid; 1.6 s; peak memory 1164 MiB.
2026-09-20T15:05:33Z INFO [93/500] 0a4d9257-ff17-4774-8e47-ab872e2e007f: valid; 2.3 s; peak memory 1164 MiB.
2026-09-20T15:05:37Z INFO [94/500] 0a4e34e8-e474-46f6-9e9e-a7365a2dc3c6: valid; 4.4 s; peak memory 1164 MiB.
2026-09-20T15:05:38Z INFO [95/500] 0a4e54cf-7c31-41e6-9f62-518359d73a76: not valid; 1.6 s; peak memory 1164 MiB.
2026-09-20T15:05:47Z INFO [96/500] 0a4e94bb-17d0-4462-9458-7fb36094b2c4: valid; 9.0 s; peak memory 1165 MiB.
2026-09-20T15:05:50Z INFO [97/500] 0a4ecbe7-9b65-46a7-8642-f6debdcd8341: valid; 2.7 s; peak memory 1166 MiB.
2026-09-20T15:05:51Z INFO [98/500] 0a4f2257-66c4-4a0b-a413-fedf26ff4387: valid; 1.3 s; peak memory 1166 MiB.
2026-09-20T15:05:54Z INFO [99/500] 0a4fe092-2727-440f-87d8-e128adf905d9: valid; 2.5 s; peak memory 1166 MiB.
2026-09-20T15:05:55Z INFO [100/500] 0a50015e-8d46-4c65-902a-b56fe7749210: valid; 1.2 s; peak memory 1166 MiB.
2026-09-20T15:05:56Z INFO [100/500] 0a50015e-8d46-4c65-902a-b56fe7749210: checkpointed 71610 records.
2026-09-20T15:05:57Z INFO [101/500] 0a500882-ed04-4f9e-9d7e-a0685158f67b: valid; 1.3 s; peak memory 1166 MiB.
2026-09-20T15:06:07Z INFO [102/500] 0a503a89-c8c5-4ff2-a0f7-1c9c5abc2bc8: valid; 9.9 s; peak memory 1166 MiB.
2026-09-20T15:06:10Z INFO [103/500] 0a511671-980a-4c1e-8478-d5c7eb657307: not valid; 3.1 s; peak memory 1166 MiB.
2026-09-20T15:06:12Z INFO [104/500] 0a515ee3-452f-4bb3-a29b-ce478b101fff: valid; 1.2 s; peak memory 1166 MiB.
2026-09-20T15:06:14Z INFO [105/500] 0a52857f-2f88-4f47-8dff-a1af01734781: not valid; 2.8 s; peak memory 1166 MiB.
2026-09-20T15:06:16Z INFO [106/500] 0a52de7a-c40e-4a57-9884-155936d34b6f: valid; 1.9 s; peak memory 1166 MiB.
2026-09-20T15:06:26Z INFO [107/500] 0a53bfbc-2c9c-49d4-a0ff-143bae8a1d93: valid; 10.1 s; peak memory 1284 MiB.
2026-09-20T15:06:28Z WARNING 0a53e11c-cde9-45ee-a3c2-25c3f4954cd0: failed while opening the NWB file (ConstructError: (root/acquisition/_iblmic_audioSpectrogram/bands GroupBuilder {'attributes': {'colnames': array(['freq'], dtype=object), 'description': 'spectogram frequencies', 'namespace': 'core', 'neurodata_type': 'FrequencyBandsTable', 'object_id': '251e9ae8-9117-4940-abcf-780d8ef203ff'}, 'groups': {}, 'datasets': {'freq': root/acquisition/_iblmic_audioSpectrogram/bands/freq DatasetBuilder {'attributes': {'description': 'frequency value', 'namespace': 'hdmf-common', 'neurodata_type': 'VectorData', 'object_id': '5beb406a-4ca6-4553-b6db-420c72a1e723'}, 'data': <HDF5 dataset "freq": shape (257,), type "<f4">}, 'id': root/acquisition/_iblmic_audioSpectrogram/bands/id DatasetBuilder {'attributes': {'namespace': 'hdmf-common', 'neurodata_type': 'ElementIdentifiers', 'object_id': '84b4df03-8b13-44ae-aacf-c71536bd6210'}, 'data': <HDF5 dataset "id": shape (257,), type "<i4">}}, 'links': {}}, "Could not construct FrequencyBandsTable object due to: column must have the same number of rows as 'id'"))
2026-09-20T15:06:38Z INFO [109/500] 0a548989-fea2-4f84-b7d2-fec11f2b2e46: valid; 9.6 s; peak memory 1557 MiB.
2026-09-20T15:06:45Z INFO [110/500] 0a56b867-5c3e-4e52-aea0-c506489bed69: valid; 6.7 s; peak memory 1557 MiB.
2026-09-20T15:06:46Z INFO [111/500] 0a56cee9-3567-40e0-89db-3c21841a27a9: valid; 1.2 s; peak memory 1557 MiB.
2026-09-20T15:06:50Z INFO [112/500] 0a574e0b-0b97-4d42-8504-3ae72879d2b0: not valid; 4.3 s; peak memory 1557 MiB.
2026-09-20T15:06:52Z INFO [113/500] 0a57c8a8-770b-4c49-9830-8080037fe9f0: not valid; 1.8 s; peak memory 1557 MiB.
2026-09-20T15:06:54Z INFO [114/500] 0a58bb1e-432d-440b-8e5d-460cbc8c120a: valid; 1.6 s; peak memory 1557 MiB.
2026-09-20T15:06:58Z INFO [115/500] 0a58e5ca-8592-46a2-9b62-b276fb6005ed: not valid; 4.5 s; peak memory 1557 MiB.
2026-09-20T15:06:59Z INFO [116/500] 0a598248-23db-455d-86e1-4b2e0eaf8056: valid; 1.0 s; peak memory 1557 MiB.
2026-09-20T15:07:01Z INFO [117/500] 0a599d6c-4983-4f03-90bd-2fb0c1adb335: valid; 2.0 s; peak memory 1557 MiB.
2026-09-20T15:07:03Z INFO [118/500] 0a59ac6f-d869-43d8-a5eb-0e3d17922e96: valid; 1.9 s; peak memory 1557 MiB.
2026-09-20T15:07:07Z INFO [119/500] 0a5b2449-7d34-403d-bd5b-c263e8fade21: valid; 3.9 s; peak memory 1557 MiB.
2026-09-20T15:07:08Z WARNING 0a5b32da-523b-4673-a009-4bb9f3a18a2a: failed while opening the NWB file (ValueError: Cannot resolve included group spec 'electrodes' with data_type_inc 'ElectrodesTable' because a group spec with the same name already exists with data_type_inc 'DynamicTable', and data type 'DynamicTable' is not a child type of data type 'ElectrodesTable'.)
2026-09-20T15:07:09Z INFO [121/500] 0a5c07d8-6802-4036-a0c0-5d616b1d1067: valid; 1.2 s; peak memory 1557 MiB.
2026-09-20T15:07:11Z INFO [122/500] 0a5c3b75-f690-4ae2-9e54-8de2920a39cc: valid; 1.8 s; peak memory 1557 MiB.
2026-09-20T15:07:14Z INFO [123/500] 0a5ed463-2038-486f-a08d-9212764cb87d: valid; 2.4 s; peak memory 1557 MiB.
2026-09-20T15:07:16Z INFO [124/500] 0a5ed989-8af7-48c8-8802-9be080414b9c: valid; 2.5 s; peak memory 1557 MiB.
2026-09-20T15:07:29Z INFO [125/500] 0a5f6405-d361-4d9e-8fde-8ca00be0f3b4: valid; 13.0 s; peak memory 1588 MiB.
2026-09-20T15:07:31Z INFO [126/500] 0a5f8b30-0060-4841-92d0-581547551d71: not valid; 1.5 s; peak memory 1589 MiB.
2026-09-20T15:07:32Z INFO [127/500] 0a5fa32a-721f-4615-9255-52ce9b39a091: not valid; 1.6 s; peak memory 1589 MiB.
2026-09-20T15:07:34Z INFO [128/500] 0a607bf6-5b59-4d7a-a48f-13b03aa469cb: valid; 1.9 s; peak memory 1591 MiB.
2026-09-20T15:07:37Z INFO [129/500] 0a60cc59-486f-43aa-bb90-9270b6af8092: valid; 2.6 s; peak memory 1602 MiB.
2026-09-20T15:07:39Z WARNING 0a60fc52-7850-4edc-b838-1debb4eaf012: failed while opening the NWB file (ConstructError: (root/acquisition/_iblmic_audioSpectrogram/bands GroupBuilder {'attributes': {'colnames': array(['freq'], dtype=object), 'description': 'spectogram frequencies', 'namespace': 'core', 'neurodata_type': 'FrequencyBandsTable', 'object_id': '96234f8a-f8ae-49bd-990d-a68478744527'}, 'groups': {}, 'datasets': {'freq': root/acquisition/_iblmic_audioSpectrogram/bands/freq DatasetBuilder {'attributes': {'description': 'frequency value', 'namespace': 'hdmf-common', 'neurodata_type': 'VectorData', 'object_id': '0733fe06-6843-4be8-bd84-d665b31156e8'}, 'data': <HDF5 dataset "freq": shape (257,), type "<f4">}, 'id': root/acquisition/_iblmic_audioSpectrogram/bands/id DatasetBuilder {'attributes': {'namespace': 'hdmf-common', 'neurodata_type': 'ElementIdentifiers', 'object_id': 'ac3e7a84-c776-438e-8df8-9fd441a2594b'}, 'data': <HDF5 dataset "id": shape (257,), type "<i4">}}, 'links': {}}, "Could not construct FrequencyBandsTable object due to: column must have the same number of rows as 'id'"))
2026-09-20T15:07:42Z WARNING 0a61186b-eb5f-4e44-b01e-47624b86d587: failed while opening the NWB file (ConstructError: (root/acquisition/_iblmic_audioSpectrogram/bands GroupBuilder {'attributes': {'colnames': array(['freq'], dtype=object), 'description': 'spectogram frequencies', 'namespace': 'core', 'neurodata_type': 'FrequencyBandsTable', 'object_id': 'b864e060-4154-47e8-92eb-29a2d1c2cca4'}, 'groups': {}, 'datasets': {'freq': root/acquisition/_iblmic_audioSpectrogram/bands/freq DatasetBuilder {'attributes': {'description': 'frequency value', 'namespace': 'hdmf-common', 'neurodata_type': 'VectorData', 'object_id': 'b6584ea8-5750-4864-ab2b-237d07ea743b'}, 'data': <HDF5 dataset "freq": shape (257,), type "<f4">}, 'id': root/acquisition/_iblmic_audioSpectrogram/bands/id DatasetBuilder {'attributes': {'namespace': 'hdmf-common', 'neurodata_type': 'ElementIdentifiers', 'object_id': '853a484a-35f9-4438-92d4-62756d605e18'}, 'data': <HDF5 dataset "id": shape (257,), type "<i4">}}, 'links': {}}, "Could not construct FrequencyBandsTable object due to: column must have the same number of rows as 'id'"))
2026-09-20T15:07:44Z INFO [132/500] 0a612d67-854d-4f5a-a6a9-bbeeae6a647a: valid; 1.6 s; peak memory 1616 MiB.
2026-09-20T15:07:45Z INFO [133/500] 0a62e368-b70a-4504-91f5-e439a558817b: valid; 0.9 s; peak memory 1616 MiB.
2026-09-20T15:07:47Z INFO [134/500] 0a6365f8-c9b9-418e-9628-56fac7fae3a2: valid; 2.2 s; peak memory 1616 MiB.
2026-09-20T15:07:48Z INFO [135/500] 0a641dee-6a01-42c5-80a4-4ab5e5c9a54e: valid; 1.2 s; peak memory 1616 MiB.
2026-09-20T15:07:50Z INFO [136/500] 0a64ba62-f952-46ba-921f-6376c4f690be: valid; 1.8 s; peak memory 1616 MiB.
2026-09-20T15:07:52Z INFO [137/500] 0a65b434-adba-4230-af4c-20b4582916b9: not valid; 1.9 s; peak memory 1616 MiB.
2026-09-20T15:07:54Z INFO [138/500] 0a65dc69-ad15-40be-a746-0af193b39963: valid; 1.8 s; peak memory 1619 MiB.
2026-09-20T15:07:55Z INFO [139/500] 0a6628e9-b386-4301-85d5-d389a5b2a333: valid; 1.0 s; peak memory 1620 MiB.
2026-09-20T15:07:58Z INFO [140/500] 0a66ab88-6cdf-4beb-9846-a3f3443b4ee0: valid; 2.8 s; peak memory 1641 MiB.
2026-09-20T15:07:59Z INFO [141/500] 0a672b5c-3c4d-4895-8f45-f0546d7f4c5b: valid; 1.6 s; peak memory 1641 MiB.
2026-09-20T15:08:01Z INFO [142/500] 0a68ad89-ace2-4814-b543-015b06a87885: valid; 2.1 s; peak memory 1641 MiB.
2026-09-20T15:08:03Z INFO [143/500] 0a68d5b1-ab7c-496e-96d9-bccb85952f61: valid; 1.9 s; peak memory 1642 MiB.
2026-09-20T15:08:05Z INFO [144/500] 0a68d913-84a8-4e28-873d-1dee11ed142f: valid; 1.4 s; peak memory 1643 MiB.
2026-09-20T15:08:07Z INFO [145/500] 0a699584-5903-41fe-8aa0-a0ea9aa2cd3f: valid; 2.3 s; peak memory 1649 MiB.
2026-09-20T15:08:09Z INFO [146/500] 0a69d149-320f-49e3-a81d-5f843b104745: valid; 2.6 s; peak memory 1658 MiB.
2026-09-20T15:08:10Z INFO [147/500] 0a6a669c-5666-4c92-9add-d46c733388b2: valid; 1.0 s; peak memory 1658 MiB.
2026-09-20T15:08:12Z INFO [148/500] 0a6ab582-012b-4b00-83ae-f1a73694debf: valid; 1.3 s; peak memory 1658 MiB.
2026-09-20T15:08:14Z INFO [149/500] 0a6b0764-f262-4205-a86b-665121eb8bba: valid; 2.1 s; peak memory 1660 MiB.
2026-09-20T15:08:16Z INFO [150/500] 0a6b9053-376f-49ff-a88b-40bb3886bfac: valid; 2.5 s; peak memory 1660 MiB.
2026-09-20T15:08:17Z INFO [150/500] 0a6b9053-376f-49ff-a88b-40bb3886bfac: checkpointed 71660 records.
2026-09-20T15:08:18Z INFO [151/500] 0a6bb48e-afcd-4632-a9e7-0716a081f3ad: valid; 1.2 s; peak memory 1660 MiB.
2026-09-20T15:08:20Z INFO [152/500] 0a6c25bf-1019-4889-9864-9b180a62ff0b: valid; 1.9 s; peak memory 1660 MiB.
2026-09-20T15:08:37Z INFO [153/500] 0a6cb1a6-2d3d-4e89-8901-32c392cf418f: valid; 16.8 s; peak memory 1691 MiB.
2026-09-20T15:08:40Z INFO [154/500] 0a6cb1fa-cd25-4cc1-aad8-b36f26b753d8: valid; 3.6 s; peak memory 1694 MiB.
2026-09-20T15:08:46Z INFO [155/500] 0a6d9c46-fa56-47a7-a8d2-2f91d1806f5a: not valid; 5.6 s; peak memory 1698 MiB.
2026-09-20T15:08:53Z INFO [156/500] 0a6dc924-6791-4eb4-9c0b-5a55b2d3bb8f: valid; 6.6 s; peak memory 1701 MiB.
2026-09-20T15:08:54Z INFO [157/500] 0a6dd8c2-1cfd-448f-ba27-196c45f58bf3: not valid; 1.7 s; peak memory 1703 MiB.
2026-09-20T15:08:56Z INFO [158/500] 0a6e7802-7c7a-46bc-a4d0-adf6aa50cd40: valid; 1.7 s; peak memory 1708 MiB.
2026-09-20T15:08:58Z INFO [159/500] 0a6e7fb8-f07f-4ddb-8f36-58da19541841: valid; 1.7 s; peak memory 1710 MiB.
2026-09-20T15:08:59Z INFO [160/500] 0a6eca22-2c9d-4e04-8b6b-fd0187bd31f2: valid; 1.4 s; peak memory 1711 MiB.
2026-09-20T15:09:01Z INFO [161/500] 0a6f365e-4867-42bd-87d7-d0b7a3e62c48: not valid; 2.2 s; peak memory 1717 MiB.
2026-09-20T15:09:04Z INFO [162/500] 0a6fd2fe-870a-4981-a036-4bb50610ca29: valid; 2.7 s; peak memory 1718 MiB.
2026-09-20T15:09:06Z INFO [163/500] 0a6fef21-add6-46bc-adc7-07e2fa2f8f37: valid; 2.2 s; peak memory 1719 MiB.
2026-09-20T15:09:20Z INFO [164/500] 0a701d7b-48e0-4ae6-b506-38523d282d24: valid; 13.4 s; peak memory 1803 MiB.
2026-09-20T15:09:21Z INFO [165/500] 0a713043-cb10-4ef6-a41d-43b404ca52a5: valid; 1.3 s; peak memory 1803 MiB.
2026-09-20T15:09:23Z WARNING 0a7294be-020c-45fd-a486-7beadf4bb554: failed while opening the NWB file (ConstructError: (root/acquisition/event_code_meanings GroupBuilder {'attributes': {'colnames': array(['value', 'meaning'], dtype=object), 'description': 'Mapping integer event codes to event labels', 'namespace': 'ndx-events', 'neurodata_type': 'MeaningsTable', 'object_id': '5b6610c2-2af8-4959-919b-8dd71de605cc'}, 'groups': {}, 'datasets': {'id': root/acquisition/event_code_meanings/id DatasetBuilder {'attributes': {'namespace': 'hdmf-common', 'neurodata_type': 'ElementIdentifiers', 'object_id': 'a617ed62-85c2-4877-8a07-c5178b6faf57'}, 'data': <HDF5 dataset "id": shape (26,), type "<i8">}, 'meaning': root/acquisition/event_code_meanings/meaning DatasetBuilder {'attributes': {'description': 'The meaning of the value in the parent CategoricalVectorData object.', 'namespace': 'hdmf-experimental', 'neurodata_type': 'VectorData', 'object_id': '4ddad55c-b0af-428b-852a-fef51a16d6e8'}, 'data': <StrDataset for HDF5 dataset "meaning": shape (26,), type "|O">}, 'value': root/acquisition/event_code_meanings/value DatasetBuilder {'attributes': {'description': 'The value of the parent CategoricalVectorData object.', 'namespace': 'hdmf-experimental', 'neurodata_type': 'VectorData', 'object_id': 'a7cefd94-a161-4efd-bd43-3429a4757846'}, 'data': <HDF5 dataset "value": shape (26,), type "<i8">}}, 'links': {}}, "Could not construct MeaningsTable object due to: MeaningsTable.__init__: missing argument 'target'"))
2026-09-20T15:09:48Z INFO [167/500] 0a729527-5239-451a-9e9f-d8b864304050: valid; 25.8 s; peak memory 1815 MiB.
2026-09-20T15:09:50Z INFO [168/500] 0a736741-c67e-41d0-b17b-890e7aab1c0d: valid; 2.0 s; peak memory 1815 MiB.
2026-09-20T15:09:52Z INFO [169/500] 0a7490ea-a982-4364-92db-7976e55f9061: valid; 1.9 s; peak memory 1815 MiB.
2026-09-20T15:09:56Z INFO [170/500] 0a74d166-83a6-4307-9005-392d60435e1b: valid; 3.3 s; peak memory 1815 MiB.
2026-09-20T15:09:58Z INFO [171/500] 0a74e9d2-bbae-4414-ab9b-2a4ff95db722: valid; 2.1 s; peak memory 1815 MiB.
2026-09-20T15:10:00Z INFO [172/500] 0a74f70d-69ef-4f88-8f50-3a50b8464cdf: valid; 1.9 s; peak memory 1819 MiB.
2026-09-20T15:10:01Z INFO [173/500] 0a7600dc-e372-4b2c-8d4e-75858afa634c: not valid; 1.8 s; peak memory 1823 MiB.
2026-09-20T15:10:03Z INFO [174/500] 0a762368-692a-416d-8883-6d1e1a622413: not valid; 1.8 s; peak memory 1826 MiB.
2026-09-20T15:10:10Z INFO [175/500] 0a7688fd-57f7-48c2-a06b-798e6aa3d8ca: valid; 6.5 s; peak memory 1839 MiB.
2026-09-20T15:10:11Z INFO [176/500] 0a76a6c8-a8f6-4bac-8d44-add42dc981d2: not valid; 1.6 s; peak memory 1841 MiB.
2026-09-20T15:10:14Z INFO [177/500] 0a7756d8-a4b2-4027-8125-c7ea6a661689: valid; 2.9 s; peak memory 1883 MiB.
2026-09-20T15:10:20Z INFO [178/500] 0a77ad71-a42a-4870-ad7d-259dc0aa2cdf: valid; 5.7 s; peak memory 1883 MiB.
2026-09-20T15:10:23Z INFO [179/500] 0a783009-247c-409d-a46a-c43a4decd212: not valid; 3.5 s; peak memory 1883 MiB.
2026-09-20T15:10:25Z INFO [180/500] 0a78d4c6-2e47-4c32-a839-8307b9facaca: valid; 1.2 s; peak memory 1883 MiB.
2026-09-20T15:10:28Z INFO [181/500] 0a78fce9-659c-47d2-9127-04ac479589f2: not valid; 3.1 s; peak memory 1883 MiB.
2026-09-20T15:10:29Z INFO [182/500] 0a792a0e-0484-4d83-963d-d0016d3e0ad5: valid; 1.3 s; peak memory 1883 MiB.
2026-09-20T15:10:31Z INFO [183/500] 0a797f79-5b2d-49e8-aff9-bf53e378a0de: valid; 2.0 s; peak memory 1883 MiB.
2026-09-20T15:10:34Z INFO [184/500] 0a799cf6-f943-4ac1-95cc-8d1e014f7f7a: not valid; 3.0 s; peak memory 1883 MiB.
2026-09-20T15:10:40Z INFO [185/500] 0a7b563c-3781-49c6-93e9-ba671709f500: valid; 6.5 s; peak memory 1883 MiB.
2026-09-20T15:10:52Z INFO [186/500] 0a7b7dd6-2675-41e5-8251-a1244b364328: valid; 11.3 s; peak memory 1883 MiB.
2026-09-20T15:10:53Z INFO [187/500] 0a7bb020-d04c-4956-9407-7e71a1433918: valid; 1.1 s; peak memory 1883 MiB.
2026-09-20T15:10:54Z INFO [188/500] 0a7c4f94-ce26-4559-b899-3c76044c7ca8: not valid; 1.6 s; peak memory 1884 MiB.
2026-09-20T15:11:01Z INFO [189/500] 0a7ca9ec-e67d-44a8-96b1-0e27d8dc577b: not valid; 6.2 s; peak memory 1948 MiB.
2026-09-20T15:11:02Z INFO [190/500] 0a7cb91e-5e6b-4856-bf64-ac1b07888439: valid; 1.5 s; peak memory 1949 MiB.
2026-09-20T15:11:06Z INFO [191/500] 0a7d0d2c-3641-4a88-9230-79e957d312f0: valid; 3.5 s; peak memory 1949 MiB.
2026-09-20T15:11:07Z INFO [192/500] 0a7dc89c-1423-4b94-8c13-d3b264ad0efa: valid; 1.3 s; peak memory 1949 MiB.
2026-09-20T15:11:09Z INFO [193/500] 0a7dd5bc-1456-43ea-bc3d-9d996a1da34f: valid; 2.4 s; peak memory 1949 MiB.
2026-09-20T15:11:12Z INFO [194/500] 0a7ddf3f-95f3-43d4-ab54-d2c9414b2e21: valid; 2.3 s; peak memory 1949 MiB.
2026-09-20T15:11:58Z INFO [195/500] 0a7f0a16-6600-4837-95f6-b976849e60e4: valid; 46.6 s; peak memory 2122 MiB.
2026-09-20T15:12:09Z INFO [196/500] 0a7f10dc-be3f-40f4-9f0b-307043658548: valid; 10.5 s; peak memory 2182 MiB.
2026-09-20T15:12:10Z INFO [197/500] 0a7fa69f-cbb0-4984-8de9-d243c1afa2f9: valid; 1.2 s; peak memory 2184 MiB.
2026-09-20T15:12:11Z INFO [198/500] 0a7fffc5-054d-4bd2-9074-f8275fe16e20: not valid; 1.4 s; peak memory 2187 MiB.
2026-09-20T15:12:24Z INFO [199/500] 0a80bda8-220b-422e-80c1-4cfdaf8e99df: valid; 12.9 s; peak memory 2251 MiB.
2026-09-20T15:12:26Z INFO [200/500] 0a80d665-86b2-48ad-8f67-eb59232bd0e2: not valid; 1.9 s; peak memory 2253 MiB.
2026-09-20T15:12:27Z INFO [200/500] 0a80d665-86b2-48ad-8f67-eb59232bd0e2: checkpointed 71710 records.
2026-09-20T15:12:28Z INFO [201/500] 0a817c77-1136-46bb-a8a7-77aa6ee6df27: valid; 1.3 s; peak memory 2253 MiB.
2026-09-20T15:12:30Z INFO [202/500] 0a81a3e6-ece1-4342-9eb2-47ce19636663: not valid; 1.7 s; peak memory 2253 MiB.
2026-09-20T15:12:32Z INFO [203/500] 0a81ecdb-c7a4-4db1-8d29-6a34e3ba4c6b: valid; 2.4 s; peak memory 2253 MiB.
2026-09-20T15:12:34Z INFO [204/500] 0a8204d5-c17a-4080-bdf3-e45bad1ca594: not valid; 1.4 s; peak memory 2253 MiB.
2026-09-20T15:12:35Z INFO [205/500] 0a82102a-794e-4950-987f-cbce9f9be474: valid; 1.2 s; peak memory 2253 MiB.
2026-09-20T15:12:37Z INFO [206/500] 0a826a58-5f10-4beb-a152-a12ea627311d: not valid; 1.9 s; peak memory 2253 MiB.
2026-09-20T15:12:39Z INFO [207/500] 0a8341eb-038b-4ffa-9c64-3d4cf0047732: valid; 2.2 s; peak memory 2253 MiB.
2026-09-20T15:12:41Z INFO [208/500] 0a8350da-eb46-4fc8-8390-3c52eed3ca98: valid; 2.3 s; peak memory 2253 MiB.
2026-09-20T15:12:43Z INFO [209/500] 0a8386d6-1ff1-47bc-b6cd-cfac8fc776f4: valid; 1.6 s; peak memory 2253 MiB.
2026-09-20T15:12:55Z INFO [210/500] 0a84461c-181f-4f46-b1a4-a4642fef65ff: valid; 12.5 s; peak memory 2253 MiB.
2026-09-20T15:12:57Z INFO [211/500] 0a84bf03-c7c5-42f6-b5ef-8de387365d2c: valid; 1.9 s; peak memory 2253 MiB.
2026-09-20T15:12:57Z WARNING 0a84bf06-6d7c-44f8-809e-aa796e34fcf6: failed while retrieving asset information from the DANDI API (NotFoundError: No asset at path 'sub-LG593/sub-LG593_ses-LG593-20250821_icephys.nwb' in version 0.260915.2135. Verify the path is correct and the asset exists in this version. Use 'dandi ls' to list available assets.)
2026-09-20T15:12:59Z INFO [213/500] 0a84e4ef-6db1-430d-8487-1db639d7766b: valid; 2.1 s; peak memory 2253 MiB.
2026-09-20T15:13:01Z INFO [214/500] 0a8510f4-17e5-4e09-9a04-75fe44eac48e: not valid; 2.0 s; peak memory 2253 MiB.
2026-09-20T15:13:22Z INFO [215/500] 0a85baad-b893-44de-9b73-e1c7f97968aa: valid; 20.7 s; peak memory 2253 MiB.
2026-09-20T15:13:24Z INFO [216/500] 0a86ba9e-9586-49a8-8b9a-16c96a1e76f2: valid; 2.0 s; peak memory 2253 MiB.
2026-09-20T15:13:25Z INFO [217/500] 0a877886-28af-402a-9e02-d13dd3b04484: valid; 0.9 s; peak memory 2253 MiB.
2026-09-20T15:13:28Z INFO [218/500] 0a87bba1-96f3-4e42-a307-b6693b2fce38: not valid; 2.6 s; peak memory 2253 MiB.
2026-09-20T15:13:40Z INFO [219/500] 0a87c2d2-d2d6-4f59-aec8-446a3097507e: valid; 12.6 s; peak memory 2253 MiB.
2026-09-20T15:13:45Z INFO [220/500] 0a885379-ef0c-418e-940c-d424b99fc169: valid; 4.5 s; peak memory 2253 MiB.
2026-09-20T15:13:46Z INFO [221/500] 0a88c6d1-bd94-4b2d-a3ce-7367ee2e0b4f: valid; 1.2 s; peak memory 2253 MiB.
2026-09-20T15:13:47Z INFO [222/500] 0a89b310-78a2-4bb8-b9a0-f06f64ce2d6e: valid; 1.0 s; peak memory 2253 MiB.
2026-09-20T15:13:48Z INFO [223/500] 0a89b425-5920-4fb6-a3fd-8b14426780cc: not valid; 1.4 s; peak memory 2253 MiB.
2026-09-20T15:13:50Z INFO [224/500] 0a8a034f-f10c-45a9-95ac-ac829ee61d9a: not valid; 1.4 s; peak memory 2253 MiB.
2026-09-20T15:13:51Z INFO [225/500] 0a8a7a4c-f121-4508-88b6-6b9518d2b045: valid; 1.3 s; peak memory 2253 MiB.
2026-09-20T15:13:53Z INFO [226/500] 0a8bd1ca-b118-4971-ab9f-41085918b2de: valid; 1.9 s; peak memory 2253 MiB.
2026-09-20T15:13:54Z INFO [227/500] 0a8bfeab-0cd5-4599-a43b-fa30f7cea325: valid; 1.3 s; peak memory 2253 MiB.
2026-09-20T15:14:01Z INFO [228/500] 0a8c3be7-f5b3-4c8f-9504-82417230ddd5: valid; 6.6 s; peak memory 2253 MiB.
2026-09-20T15:14:03Z INFO [229/500] 0a8c63fc-70c3-4a0d-a667-e0f70972edec: not valid; 1.8 s; peak memory 2253 MiB.
2026-09-20T15:14:04Z INFO [230/500] 0a8c8b4c-ae83-42c6-a941-869332c709b1: valid; 1.7 s; peak memory 2253 MiB.
2026-09-20T15:14:06Z INFO [231/500] 0a8d8253-dc34-4e52-9c1f-59ad8f7e1e37: not valid; 1.4 s; peak memory 2253 MiB.
2026-09-20T15:14:07Z INFO [232/500] 0a8d8da4-ffde-4511-be89-2d740fe18756: not valid; 1.4 s; peak memory 2253 MiB.
2026-09-20T15:14:10Z INFO [233/500] 0a8ed172-bbb9-403b-a01f-f138715d5eb3: valid; 2.5 s; peak memory 2253 MiB.
2026-09-20T15:14:11Z INFO [234/500] 0a8f38e1-c7ba-4175-b0a5-f2a30e88eccf: valid; 1.2 s; peak memory 2253 MiB.
2026-09-20T15:14:13Z WARNING 0a900be5-ffe8-4939-9bee-fca21e099201: failed while opening the NWB file (ConstructError: (root/acquisition/_iblmic_audioSpectrogram/bands GroupBuilder {'attributes': {'colnames': array(['freq'], dtype=object), 'description': 'spectogram frequencies', 'namespace': 'core', 'neurodata_type': 'FrequencyBandsTable', 'object_id': '2609b80e-09c9-44d3-8392-019826b6362f'}, 'groups': {}, 'datasets': {'freq': root/acquisition/_iblmic_audioSpectrogram/bands/freq DatasetBuilder {'attributes': {'description': 'frequency value', 'namespace': 'hdmf-common', 'neurodata_type': 'VectorData', 'object_id': 'c1addebd-271f-4844-beca-8333548b5bdb'}, 'data': <HDF5 dataset "freq": shape (257,), type "<f4">}, 'id': root/acquisition/_iblmic_audioSpectrogram/bands/id DatasetBuilder {'attributes': {'namespace': 'hdmf-common', 'neurodata_type': 'ElementIdentifiers', 'object_id': 'e95408d5-4b2b-415b-a9f6-d0563a67d00c'}, 'data': <HDF5 dataset "id": shape (257,), type "<i4">}}, 'links': {}}, "Could not construct FrequencyBandsTable object due to: column must have the same number of rows as 'id'"))
2026-09-20T15:14:29Z INFO [236/500] 0a90b642-c4a9-443d-bbd7-b2ec00e5cbb4: valid; 16.4 s; peak memory 2253 MiB.
2026-09-20T15:14:31Z INFO [237/500] 0a915eb0-89a2-4b7c-87be-9b9cf235f5fa: valid; 1.7 s; peak memory 2253 MiB.
2026-09-20T15:14:33Z INFO [238/500] 0a916026-1d7b-49c2-b464-01d6a2996d4f: valid; 2.5 s; peak memory 2253 MiB.
2026-09-20T15:14:36Z INFO [239/500] 0a91b7d7-102d-4a81-84bf-01e8708b7130: valid; 2.4 s; peak memory 2253 MiB.
2026-09-20T15:14:38Z INFO [240/500] 0a9232f8-5e29-4c3d-bac4-65dad5d9c440: valid; 2.7 s; peak memory 2253 MiB.
2026-09-20T15:14:40Z INFO [241/500] 0a92a29c-b439-4407-a011-f353b25953c2: valid; 1.4 s; peak memory 2253 MiB.
2026-09-20T15:14:53Z INFO [242/500] 0a92eea1-f942-49e1-beda-78a6f8dc632a: not valid; 13.2 s; peak memory 2253 MiB.
2026-09-20T15:15:06Z INFO [243/500] 0a930ee0-0474-4381-9af5-b8a2a4b7ab3e: valid; 13.2 s; peak memory 2356 MiB.
2026-09-20T15:15:08Z INFO [244/500] 0a93578e-76d7-4f92-b2c3-35e6cdcf5fae: valid; 1.7 s; peak memory 2356 MiB.
2026-09-20T15:15:09Z INFO [245/500] 0a93e7e5-b88a-43fc-a8ad-19f01be900ae: valid; 1.6 s; peak memory 2356 MiB.
2026-09-20T15:15:11Z INFO [246/500] 0a94038e-f4ea-40da-aca3-dd6b689345b3: not valid; 1.3 s; peak memory 2356 MiB.
2026-09-20T15:15:12Z INFO [247/500] 0a94716b-48f3-4c83-a089-f58e1df732c0: valid; 1.3 s; peak memory 2356 MiB.
2026-09-20T15:15:14Z INFO [248/500] 0a94fb7c-ee36-47a5-9044-4dd2427abf76: valid; 1.6 s; peak memory 2356 MiB.
2026-09-20T15:15:16Z INFO [249/500] 0a955b86-cc8f-42b8-8f97-0b51dbe60520: valid; 2.4 s; peak memory 2356 MiB.
2026-09-20T15:15:18Z INFO [250/500] 0a957a7b-86f1-447e-805f-921d4f7f8927: valid; 1.9 s; peak memory 2356 MiB.
2026-09-20T15:15:18Z INFO [250/500] 0a957a7b-86f1-447e-805f-921d4f7f8927: checkpointed 71760 records.
2026-09-20T15:15:20Z INFO [251/500] 0a964924-da5a-407d-9656-8f2b14a400dc: not valid; 1.3 s; peak memory 2356 MiB.
2026-09-20T15:15:21Z INFO [252/500] 0a969919-d126-47d6-a67e-b309fbf245d3: valid; 1.0 s; peak memory 2356 MiB.
2026-09-20T15:15:22Z INFO [253/500] 0a96a80e-ce3a-459d-988b-e9c14f99755d: not valid; 1.4 s; peak memory 2356 MiB.
2026-09-20T15:15:24Z INFO [254/500] 0a96f6d8-7697-45fe-b466-6dac9838abee: valid; 1.9 s; peak memory 2356 MiB.
2026-09-20T15:15:26Z INFO [255/500] 0a97370a-6975-4755-be62-833901c8f736: valid; 2.0 s; peak memory 2356 MiB.
2026-09-20T15:15:29Z INFO [256/500] 0a973e0b-3a90-4aa3-a62e-2d62f133c431: valid; 2.5 s; peak memory 2356 MiB.
2026-09-20T15:15:30Z INFO [257/500] 0a978937-80fd-4507-8b00-f9ab781f7ca6: valid; 1.3 s; peak memory 2356 MiB.
2026-09-20T15:15:32Z INFO [258/500] 0a97bb13-2dfe-434e-ae15-9a5750a6ab96: valid; 2.3 s; peak memory 2356 MiB.
2026-09-20T15:15:33Z INFO [259/500] 0a97f411-604a-4cda-8b8e-c94b86d91de4: valid; 1.2 s; peak memory 2356 MiB.
2026-09-20T15:15:36Z INFO [260/500] 0a98c57e-734b-49ba-b5f2-05f28a8a93f9: valid; 2.4 s; peak memory 2356 MiB.
2026-09-20T15:15:38Z INFO [261/500] 0a990168-d0be-40f3-b3d3-37a8561584fb: valid; 2.1 s; peak memory 2356 MiB.
2026-09-20T15:15:39Z INFO [262/500] 0a990f34-deb1-46ef-94be-54768990a87d: valid; 1.3 s; peak memory 2356 MiB.
2026-09-20T15:15:46Z INFO [263/500] 0a991210-0ff9-4a54-bbfd-9d136d9d278f: valid; 6.8 s; peak memory 2357 MiB.
2026-09-20T15:15:48Z INFO [264/500] 0a994268-f7ef-4a09-9621-5e3ac9502a3a: valid; 2.4 s; peak memory 2357 MiB.
2026-09-20T15:15:50Z INFO [265/500] 0a997d37-69ea-4575-a342-237a6b3a770b: not valid; 1.7 s; peak memory 2357 MiB.
2026-09-20T15:15:51Z INFO [266/500] 0a99a33f-bf69-4398-ad2c-a593d0c31b5c: valid; 1.2 s; peak memory 2357 MiB.
2026-09-20T15:15:53Z INFO [267/500] 0a99c170-6add-41b7-afee-8071de7f737b: valid; 2.0 s; peak memory 2357 MiB.
2026-09-20T15:15:55Z INFO [268/500] 0a9a3c2c-5e8c-4f3a-8c02-30788bfab43e: not valid; 2.0 s; peak memory 2357 MiB.
2026-09-20T15:15:58Z INFO [269/500] 0a9a5583-6b78-4608-8282-c94cad4b6a11: valid; 2.4 s; peak memory 2357 MiB.
2026-09-20T15:15:59Z INFO [270/500] 0a9af2f4-9c28-4fd5-85a0-392ebe99e7c4: valid; 1.7 s; peak memory 2357 MiB.
2026-09-20T15:16:02Z INFO [271/500] 0a9af398-63d2-4763-9d0d-e90c7abf38d8: valid; 2.3 s; peak memory 2357 MiB.
2026-09-20T15:16:09Z INFO [272/500] 0a9b106e-df98-4ada-b1e8-f3459466707c: valid; 7.7 s; peak memory 2357 MiB.
2026-09-20T15:16:12Z INFO [273/500] 0a9b5c81-3429-44e9-bc26-25508b45377d: valid; 2.7 s; peak memory 2357 MiB.
2026-09-20T15:16:15Z INFO [274/500] 0a9bc718-5f57-461d-aab4-6f3419828150: valid; 3.3 s; peak memory 2357 MiB.
2026-09-20T15:16:19Z INFO [275/500] 0a9c0ffc-bc99-43ae-a649-122501f41878: valid; 3.8 s; peak memory 2357 MiB.
2026-09-20T15:16:24Z INFO [276/500] 0a9c4170-5ea6-4d41-a5b3-0c611c8b9ce3: valid; 4.9 s; peak memory 2357 MiB.
2026-09-20T15:16:25Z INFO [277/500] 0a9ca52e-3401-4d5b-adeb-de33b269bcef: valid; 1.3 s; peak memory 2357 MiB.
2026-09-20T15:16:27Z INFO [278/500] 0a9cd34f-7fba-474e-8bce-24efef5ba40f: not valid; 1.4 s; peak memory 2357 MiB.
2026-09-20T15:16:27Z WARNING 0a9d94c4-c14c-4fd3-8a65-247d5ac45577: failed while retrieving asset information from the DANDI API (NotFoundError: No such Dandiset: 000561)
2026-09-20T15:16:29Z INFO [280/500] 0a9ee7fe-45f3-4029-b1f7-52cd52fb1713: valid; 1.8 s; peak memory 2357 MiB.
2026-09-20T15:16:30Z INFO [281/500] 0aa0559d-413e-497e-aa5e-88799d534b19: valid; 1.7 s; peak memory 2357 MiB.
2026-09-20T15:16:32Z INFO [282/500] 0aa0fa53-34b1-4169-86ed-b61d4000bc2e: not valid; 1.3 s; peak memory 2357 MiB.
2026-09-20T15:16:34Z INFO [283/500] 0aa1b20e-adda-41c3-9376-71b0a230d3be: valid; 2.3 s; peak memory 2357 MiB.
2026-09-20T15:16:35Z INFO [284/500] 0aa20dde-ac34-4ce7-a5b8-375a059a0fe8: valid; 1.2 s; peak memory 2357 MiB.
2026-09-20T15:16:38Z INFO [285/500] 0aa25630-b842-4a59-8789-389610bd336c: valid; 3.0 s; peak memory 2357 MiB.
2026-09-20T15:16:42Z INFO [286/500] 0aa27562-4fe5-4de6-812b-008e42b49a38: valid; 4.1 s; peak memory 2357 MiB.
2026-09-20T15:16:43Z INFO [287/500] 0aa2f81e-8e53-4875-90b5-3ddb308ebe46: valid; 1.2 s; peak memory 2357 MiB.
2026-09-20T15:16:45Z INFO [288/500] 0aa3ffbb-0c96-4e29-aed9-4add2bfc4e39: not valid; 1.3 s; peak memory 2357 MiB.
2026-09-20T15:16:48Z INFO [289/500] 0aa43d4a-3f7c-484f-8ac3-939bfdb9c250: not valid; 3.6 s; peak memory 2357 MiB.
2026-09-20T15:16:50Z INFO [290/500] 0aa46829-33e9-420b-aec4-e043d89f2a85: not valid; 1.4 s; peak memory 2357 MiB.
2026-09-20T15:16:52Z INFO [291/500] 0aa48ef8-1472-4b0a-8f67-b78c498a2a45: valid; 2.2 s; peak memory 2359 MiB.
2026-09-20T15:16:55Z INFO [292/500] 0aa54342-3c57-4790-bfa4-081d373e16b4: valid; 2.9 s; peak memory 2359 MiB.
2026-09-20T15:16:56Z INFO [293/500] 0aa5dc06-83f9-4a02-a882-4f8e347cb0b0: valid; 1.1 s; peak memory 2359 MiB.
2026-09-20T15:17:04Z INFO [294/500] 0aa62704-b385-40d7-b08c-7ed17ec9feaf: valid; 7.9 s; peak memory 2390 MiB.
2026-09-20T15:17:05Z INFO [295/500] 0aa69221-37f0-47f5-8774-deca6c319d70: valid; 1.1 s; peak memory 2392 MiB.
2026-09-20T15:17:06Z INFO [296/500] 0aa75b96-d710-4835-9684-2fdfc2cd40a0: valid; 1.3 s; peak memory 2395 MiB.
2026-09-20T15:17:16Z INFO [297/500] 0aa79b3a-a597-40e6-b70a-4b181e727a6c: valid; 9.6 s; peak memory 2415 MiB.
2026-09-20T15:17:17Z INFO [298/500] 0aa85c44-60b0-4d23-bd29-174dbbc08dd0: valid; 1.2 s; peak memory 2416 MiB.
2026-09-20T15:17:19Z INFO [299/500] 0aa87558-3e19-4076-be67-aa8f226096c2: not valid; 1.3 s; peak memory 2419 MiB.
2026-09-20T15:17:21Z INFO [300/500] 0aa998dc-d225-48e0-930a-8a097e7f6225: valid; 2.4 s; peak memory 2424 MiB.
2026-09-20T15:17:22Z INFO [300/500] 0aa998dc-d225-48e0-930a-8a097e7f6225: checkpointed 71810 records.
2026-09-20T15:17:23Z INFO [301/500] 0aaa8033-daae-4e08-a1cb-f12df734eeae: not valid; 1.1 s; peak memory 2426 MiB.
2026-09-20T15:17:29Z INFO [302/500] 0aaa988d-b328-4afe-b4cc-168f1632fbb4: valid; 6.1 s; peak memory 2465 MiB.
2026-09-20T15:17:31Z INFO [303/500] 0aaaa051-27e7-48a1-8136-732bb58112b3: valid; 2.1 s; peak memory 2476 MiB.
2026-09-20T15:17:33Z INFO [304/500] 0aab5edd-5dc7-438c-8363-26d7e913e354: valid; 1.8 s; peak memory 2480 MiB.
2026-09-20T15:17:35Z INFO [305/500] 0aab9be8-10b3-4773-827b-13852bdf4e3d: valid; 1.9 s; peak memory 2491 MiB.
2026-09-20T15:17:36Z INFO [306/500] 0aabab18-22c0-4e86-acbc-58845f103dbc: valid; 1.1 s; peak memory 2491 MiB.
2026-09-20T15:17:37Z INFO [307/500] 0aabe5c8-8fc2-4946-be0c-0a4475bfd49c: valid; 1.2 s; peak memory 2492 MiB.
2026-09-20T15:17:54Z INFO [308/500] 0aac7e52-0117-44ac-954c-7febcf039a35: valid; 16.8 s; peak memory 2522 MiB.
2026-09-20T15:17:55Z INFO [309/500] 0aad4560-373e-437e-9bf3-ea93d1c035fd: valid; 1.2 s; peak memory 2524 MiB.
2026-09-20T15:18:06Z INFO [310/500] 0aae2a2b-6fc8-4cb6-9950-641a530a1960: valid; 11.0 s; peak memory 2529 MiB.
2026-09-20T15:18:13Z INFO [311/500] 0aae5483-b01e-43ce-a288-62af8c0a53c1: valid; 6.8 s; peak memory 2529 MiB.
2026-09-20T15:18:15Z INFO [312/500] 0aaf0566-c274-4052-9334-ff4cbaa26d91: valid; 1.9 s; peak memory 2529 MiB.
2026-09-20T15:18:16Z INFO [313/500] 0aaf20ec-92c8-4894-aeb1-64324df3461a: valid; 1.3 s; peak memory 2529 MiB.
2026-09-20T15:18:18Z INFO [314/500] 0aafd76e-fe14-4c87-8739-e136571ef98c: valid; 2.3 s; peak memory 2529 MiB.
2026-09-20T15:18:20Z INFO [315/500] 0ab000dc-fa44-4eef-9345-59001617ec39: valid; 1.9 s; peak memory 2529 MiB.
2026-09-20T15:18:22Z INFO [316/500] 0ab05917-75a7-4bb3-9836-73c0a59bcb72: valid; 1.9 s; peak memory 2529 MiB.
2026-09-20T15:18:23Z INFO [317/500] 0ab08eab-cbe6-43e3-be14-954a1c408e65: valid; 1.2 s; peak memory 2529 MiB.
2026-09-20T15:18:24Z INFO [318/500] 0ab0d282-18e8-4c0f-9f98-d991a71ae708: valid; 1.1 s; peak memory 2529 MiB.
2026-09-20T15:18:26Z INFO [319/500] 0ab22882-6f78-4b97-b5e3-9ea68f74a4aa: valid; 1.6 s; peak memory 2529 MiB.
2026-09-20T15:18:27Z INFO [320/500] 0ab22a61-bffc-470b-9b03-e13e3e0ff9ab: valid; 1.5 s; peak memory 2529 MiB.
2026-09-20T15:18:33Z INFO [321/500] 0ab24bc2-a53a-4847-a796-4f6366bdd29f: not valid; 5.5 s; peak memory 2543 MiB.
2026-09-20T15:18:35Z INFO [322/500] 0ab263ef-182c-4b93-877a-cd609216b645: valid; 1.8 s; peak memory 2543 MiB.
2026-09-20T15:18:37Z INFO [323/500] 0ab2ed42-eced-49b6-9130-a987751c937c: valid; 1.9 s; peak memory 2543 MiB.
2026-09-20T15:18:39Z INFO [324/500] 0ab32d5c-55de-413b-a8dc-9c0b69250beb: valid; 2.0 s; peak memory 2544 MiB.
2026-09-20T15:18:39Z WARNING 0ab34bf6-5be1-47c9-8c83-b4c292279166: failed while retrieving asset information from the DANDI API (NotFoundError: No such Dandiset: 001533)
2026-09-20T15:18:40Z INFO [326/500] 0ab35b07-4fa7-47fe-a8d4-2f5feb52bf0d: valid; 1.9 s; peak memory 2544 MiB.
2026-09-20T15:18:42Z INFO [327/500] 0ab3d3db-ed47-46d9-a436-94abed2f88dc: valid; 1.2 s; peak memory 2544 MiB.
2026-09-20T15:18:45Z INFO [328/500] 0ab3e706-35c2-4fe6-bd6f-30ee99772414: valid; 3.9 s; peak memory 2547 MiB.
2026-09-20T15:18:47Z INFO [329/500] 0ab45b8d-ff7e-43fc-88ad-1b0c8b7c258c: valid; 1.7 s; peak memory 2548 MiB.
2026-09-20T15:18:49Z INFO [330/500] 0ab543cd-5b99-4e21-82b8-9c3ea17445cb: not valid; 1.3 s; peak memory 2549 MiB.
2026-09-20T15:18:51Z INFO [331/500] 0ab650c4-0ee1-4b38-8819-129a7567a006: valid; 2.1 s; peak memory 2551 MiB.
2026-09-20T15:18:52Z INFO [332/500] 0ab6531e-4406-4d02-9fae-9dc963ae5712: not valid; 0.9 s; peak memory 2553 MiB.
2026-09-20T15:18:53Z INFO [333/500] 0ab68e44-025d-4a2f-973e-929bfdd8e6fd: valid; 1.1 s; peak memory 2556 MiB.
2026-09-20T15:18:54Z INFO [334/500] 0ab6d5e4-8cd5-4754-89de-ef084aa54356: valid; 1.6 s; peak memory 2558 MiB.
2026-09-20T15:18:57Z INFO [335/500] 0ab71fa8-7316-419f-a54e-6388ea2306f0: valid; 2.6 s; peak memory 2563 MiB.
2026-09-20T15:18:59Z INFO [336/500] 0ab75af3-5f9a-4482-a92c-88621087d5a4: valid; 2.2 s; peak memory 2567 MiB.
2026-09-20T15:19:00Z INFO [337/500] 0ab766f4-b94b-40e0-9b1c-bd3fffe888c9: valid; 1.3 s; peak memory 2569 MiB.
2026-09-20T15:19:02Z INFO [338/500] 0ab7cc6b-635b-4211-9b7f-b9ce56f364fe: valid; 1.8 s; peak memory 2572 MiB.
2026-09-20T15:19:03Z INFO [339/500] 0ab8976e-bd22-45c3-9eab-f62a28ae80be: valid; 1.3 s; peak memory 2573 MiB.
2026-09-20T15:19:05Z INFO [340/500] 0ab93281-e1e4-4af2-837c-be133e04ad54: valid; 1.9 s; peak memory 2576 MiB.
2026-09-20T15:19:06Z INFO [341/500] 0ab932d8-ee55-4a81-ace7-18f19f0c3753: valid; 1.2 s; peak memory 2577 MiB.
2026-09-20T15:19:08Z INFO [342/500] 0ab9c878-42c0-4cdb-afdd-7c9fe2a2eb4b: valid; 1.3 s; peak memory 2580 MiB.
2026-09-20T15:19:09Z INFO [343/500] 0aba92ff-9028-4895-a781-bc8a97298203: valid; 1.3 s; peak memory 2581 MiB.
2026-09-20T15:19:11Z INFO [344/500] 0abb0449-cbb6-45b6-b51d-dc3833368783: valid; 1.7 s; peak memory 2590 MiB.
2026-09-20T15:19:12Z INFO [345/500] 0abb3a72-6a5c-49ea-808b-674601eca90d: valid; 0.9 s; peak memory 2592 MiB.
2026-09-20T15:19:13Z INFO [346/500] 0abc2d67-ad66-4c91-922c-40864a4e6d0d: not valid; 1.4 s; peak memory 2596 MiB.
2026-09-20T15:19:21Z INFO [347/500] 0abc4283-409c-4dd1-97c2-329405f82e46: valid; 7.9 s; peak memory 2642 MiB.
2026-09-20T15:19:25Z INFO [348/500] 0abe1f7f-eed2-4211-9039-ef7daf38746d: valid; 4.1 s; peak memory 2653 MiB.
2026-09-20T15:19:27Z INFO [349/500] 0abe2947-16aa-4816-a0a3-8879f840a8bc: valid; 1.5 s; peak memory 2653 MiB.
2026-09-20T15:19:29Z INFO [350/500] 0abe57aa-7acb-45de-a34b-b30f38dbf5f5: valid; 2.0 s; peak memory 2653 MiB.
2026-09-20T15:19:29Z INFO [350/500] 0abe57aa-7acb-45de-a34b-b30f38dbf5f5: checkpointed 71860 records.
2026-09-20T15:19:31Z INFO [351/500] 0abe7684-e9be-45b8-a659-033f36717391: not valid; 1.7 s; peak memory 2653 MiB.
2026-09-20T15:19:33Z INFO [352/500] 0abe86ae-9ece-48ba-a97b-ebe48252b295: valid; 1.7 s; peak memory 2653 MiB.
2026-09-20T15:19:34Z INFO [353/500] 0abeb587-b3f5-4a3e-858a-32465593e6d1: valid; 1.7 s; peak memory 2653 MiB.
2026-09-20T15:19:39Z INFO [354/500] 0abef59f-f9af-4ea9-a4ec-3566a6853679: valid; 4.7 s; peak memory 2653 MiB.
2026-09-20T15:19:40Z INFO [355/500] 0abf28c8-114f-40e6-8aa4-f41562970dad: valid; 1.3 s; peak memory 2653 MiB.
2026-09-20T15:20:03Z INFO [356/500] 0abf42c4-1a3d-44da-98f4-2404be33a16e: not valid; 22.8 s; peak memory 2763 MiB.
2026-09-20T15:20:06Z INFO [357/500] 0abfbed6-dda8-4480-ac40-53762c6320c8: valid; 2.4 s; peak memory 2771 MiB.
2026-09-20T15:20:08Z INFO [358/500] 0ac01b24-45be-4d9f-b8c7-7aedaaaf31fd: valid; 2.5 s; peak memory 2771 MiB.
2026-09-20T15:20:10Z INFO [359/500] 0ac0740e-e72a-4e4f-8a4c-961ca5e9bbf7: valid; 2.3 s; peak memory 2771 MiB.
2026-09-20T15:20:12Z INFO [360/500] 0ac15637-51a3-4648-a47b-ce8d92579696: not valid; 1.7 s; peak memory 2771 MiB.
2026-09-20T15:20:14Z INFO [361/500] 0ac2b93f-6027-46e2-a076-64f56f0c55df: valid; 2.3 s; peak memory 2771 MiB.
2026-09-20T15:20:17Z INFO [362/500] 0ac2bc64-4b1e-4252-834c-4550640f0260: not valid; 3.0 s; peak memory 2771 MiB.
2026-09-20T15:20:20Z INFO [363/500] 0ac30c91-e239-4c60-948a-0690a3be2114: valid; 2.2 s; peak memory 2771 MiB.
2026-09-20T15:20:21Z INFO [364/500] 0ac3305c-aa07-4dfc-a98b-4e8aaba7d210: not valid; 1.4 s; peak memory 2771 MiB.
2026-09-20T15:20:23Z INFO [365/500] 0ac392cd-46c7-49a5-95ae-d881377f27e2: not valid; 1.9 s; peak memory 2771 MiB.
2026-09-20T15:20:24Z INFO [366/500] 0ac404fc-1229-4bfc-96a3-8fd2d91b3557: not valid; 1.3 s; peak memory 2771 MiB.
2026-09-20T15:20:27Z INFO [367/500] 0ac5f089-d606-452b-ab34-4a03a8da6542: valid; 2.6 s; peak memory 2771 MiB.
2026-09-20T15:20:28Z INFO [368/500] 0ac60dd1-aaf4-4a52-9a20-6d26b20eb359: valid; 1.3 s; peak memory 2771 MiB.
2026-09-20T15:20:37Z INFO [369/500] 0ac67f3a-0f41-45df-9db9-f40d35c0ebdd: valid; 9.0 s; peak memory 2771 MiB.
2026-09-20T15:20:39Z INFO [370/500] 0ac69f09-c8da-4b91-bd2b-f9b673350e24: valid; 2.3 s; peak memory 2792 MiB.
2026-09-20T15:20:59Z INFO [371/500] 0ac6f5d5-0d99-43a5-b05c-bd3c72527077: valid; 20.1 s; peak memory 3007 MiB.
2026-09-20T15:21:01Z INFO [372/500] 0ac7b2a0-8d8f-43ce-a4ec-1570ddc29bb7: not valid; 1.5 s; peak memory 3011 MiB.
2026-09-20T15:21:02Z INFO [373/500] 0ac83063-0e13-4f99-922c-1d21a5d80f6b: not valid; 1.4 s; peak memory 3013 MiB.
2026-09-20T15:21:05Z INFO [374/500] 0ac835bb-66ba-4b66-bad9-ee6d33b12ed0: valid; 2.3 s; peak memory 3023 MiB.
2026-09-20T15:21:11Z INFO [375/500] 0ac85ead-b5f9-4d74-9adc-8064bf0a9056: valid; 6.3 s; peak memory 3039 MiB.
2026-09-20T15:21:14Z INFO [376/500] 0ac8955b-ad77-44ee-8cc2-96703531aeb4: not valid; 3.6 s; peak memory 3049 MiB.
2026-09-20T15:21:22Z INFO [377/500] 0ac90ab6-5e76-4e1a-b9e1-89f5fa98e48d: valid; 7.9 s; peak memory 3062 MiB.
2026-09-20T15:21:24Z INFO [378/500] 0ac9274e-5cf9-46d9-8354-e30d2eef776e: not valid; 1.7 s; peak memory 3063 MiB.
2026-09-20T15:21:26Z INFO [379/500] 0ac96969-e8fd-456e-9267-cfe87a5da331: not valid; 1.8 s; peak memory 3063 MiB.
2026-09-20T15:21:28Z INFO [380/500] 0ac9e2e7-3b08-4894-9742-9046e9c88e5c: valid; 2.3 s; peak memory 3063 MiB.
2026-09-20T15:21:30Z INFO [381/500] 0aca71bb-852d-4ffb-85a8-5a8775ebe76c: not valid; 1.8 s; peak memory 3063 MiB.
2026-09-20T15:21:31Z INFO [382/500] 0acaee96-6144-4f14-862f-3f94bae367ad: not valid; 1.6 s; peak memory 3063 MiB.
2026-09-20T15:21:36Z INFO [383/500] 0acb026c-dcc2-4110-a897-8fe1c8062d8f: not valid; 4.5 s; peak memory 3063 MiB.
2026-09-20T15:21:37Z INFO [384/500] 0acb93b7-028d-48bc-b4d7-7225303b77d5: valid; 1.3 s; peak memory 3063 MiB.
2026-09-20T15:21:47Z INFO [385/500] 0acc44d9-1d7e-4807-9ce8-f8b408067b35: valid; 9.9 s; peak memory 3355 MiB.
2026-09-20T15:22:07Z INFO [386/500] 0acc77a6-d2cf-4aef-a460-1ca4a4d44bbb: not valid; 19.7 s; peak memory 3355 MiB.
2026-09-20T15:22:08Z INFO [387/500] 0accbef3-edb7-403d-8566-4d7177941215: valid; 1.2 s; peak memory 3355 MiB.
2026-09-20T15:22:10Z INFO [388/500] 0acd4407-1f9b-492d-b876-65dd37fe7ca9: valid; 2.3 s; peak memory 3355 MiB.
2026-09-20T15:22:12Z INFO [389/500] 0acd5db7-c3b3-4db8-aa73-a87d72e73597: valid; 1.4 s; peak memory 3355 MiB.
2026-09-20T15:22:14Z INFO [390/500] 0acd644a-d189-42b8-9991-68a921c0d571: valid; 2.3 s; peak memory 3362 MiB.
2026-09-20T15:22:16Z INFO [391/500] 0acd6784-07f3-4feb-be04-639bd3953a7d: valid; 2.4 s; peak memory 3362 MiB.
2026-09-20T15:22:19Z INFO [392/500] 0acd75c8-b9fa-4173-9580-8e22334dabcc: not valid; 2.2 s; peak memory 3382 MiB.
2026-09-20T15:22:21Z INFO [393/500] 0acdbeb9-b0bd-43ae-8886-7fd513950937: valid; 2.2 s; peak memory 3387 MiB.
2026-09-20T15:22:24Z INFO [394/500] 0ace39f6-44e5-4b91-90a5-644a91fad831: valid; 2.9 s; peak memory 3387 MiB.
2026-09-20T15:22:42Z INFO [395/500] 0ace4fea-75cf-4ec5-9af0-591eac73f7a9: valid; 18.3 s; peak memory 3412 MiB.
2026-09-20T15:22:43Z INFO [396/500] 0ad10d12-ffd0-4623-b588-3abfe7272faa: valid; 1.3 s; peak memory 3414 MiB.
2026-09-20T15:22:45Z INFO [397/500] 0ad1834c-a796-4810-bda2-11cefbca7b7e: not valid; 2.0 s; peak memory 3415 MiB.
2026-09-20T15:22:46Z INFO [398/500] 0ad1e09f-111a-4a6e-8c6e-f12f5b48297b: valid; 1.0 s; peak memory 3416 MiB.
2026-09-20T15:22:47Z INFO [399/500] 0ad21b95-8a56-407a-9721-577fe1603059: valid; 1.1 s; peak memory 3417 MiB.
2026-09-20T15:22:51Z INFO [400/500] 0ad2d35f-5072-4dfd-89c2-1b80e6537ceb: not valid; 3.7 s; peak memory 3418 MiB.
2026-09-20T15:22:52Z INFO [400/500] 0ad2d35f-5072-4dfd-89c2-1b80e6537ceb: checkpointed 71910 records.
2026-09-20T15:22:53Z INFO [401/500] 0ad2faef-73eb-4772-810b-25fb1ce54f01: valid; 1.6 s; peak memory 3419 MiB.
2026-09-20T15:22:54Z INFO [402/500] 0ad3cd50-2e2e-4401-aa83-431ec809d2bd: valid; 1.1 s; peak memory 3419 MiB.
2026-09-20T15:22:56Z INFO [403/500] 0ad41a62-e72c-44a9-8948-dfa0e417e8c8: valid; 2.0 s; peak memory 3419 MiB.
2026-09-20T15:23:00Z INFO [404/500] 0ad43dc3-6f07-4860-abcb-4f869a7bdb1d: not valid; 3.7 s; peak memory 3421 MiB.
2026-09-20T15:23:07Z INFO [405/500] 0ad555b0-e8d9-4c1d-b862-6fd029ae00b7: valid; 7.2 s; peak memory 3579 MiB.
2026-09-20T15:23:09Z INFO [406/500] 0ad599b3-4acc-482d-8800-3b0fceff5f0b: valid; 1.2 s; peak memory 3579 MiB.
2026-09-20T15:23:12Z INFO [407/500] 0ad5bbcf-c2ab-4f82-a23b-ff7204200a06: valid; 3.3 s; peak memory 3579 MiB.
2026-09-20T15:23:13Z INFO [408/500] 0ad5c95f-dbd7-4f7f-bc2f-adf5f85ac442: not valid; 1.4 s; peak memory 3579 MiB.
2026-09-20T15:23:17Z INFO [409/500] 0ad638d2-5c91-4470-983e-4bf8aa191e3c: valid; 3.5 s; peak memory 3579 MiB.
2026-09-20T15:23:18Z INFO [410/500] 0ad674cf-7775-437c-a829-9a4f000cc4b6: valid; 1.4 s; peak memory 3579 MiB.
2026-09-20T15:23:47Z INFO [411/500] 0ad70450-a0a2-43bd-81fe-cfcd6f77468b: valid; 28.7 s; peak memory 3579 MiB.
2026-09-20T15:23:50Z INFO [412/500] 0ad70701-cd76-4476-b25d-5a4f17bd92f6: not valid; 3.7 s; peak memory 3579 MiB.
2026-09-20T15:23:53Z INFO [413/500] 0ad71b83-87fe-4fef-82c9-87e772f708c4: valid; 2.2 s; peak memory 3579 MiB.
2026-09-20T15:23:54Z INFO [414/500] 0ad7235a-51b4-4c8c-ad36-3a0295f643b3: valid; 1.2 s; peak memory 3579 MiB.
2026-09-20T15:24:09Z INFO [415/500] 0ad7900c-f286-434e-9d5d-7c5296fefe8c: valid; 15.5 s; peak memory 3603 MiB.
2026-09-20T15:24:11Z INFO [416/500] 0ad7c80a-4194-473e-a88e-ca39ccd56fb3: not valid; 1.5 s; peak memory 3604 MiB.
2026-09-20T15:24:12Z INFO [417/500] 0ad81b69-4f3a-4f9e-b382-99074f683739: not valid; 1.4 s; peak memory 3605 MiB.
2026-09-20T15:24:14Z INFO [418/500] 0ad92174-be70-40a9-b7fd-1cde2465c32c: valid; 1.7 s; peak memory 3606 MiB.
2026-09-20T15:24:15Z INFO [419/500] 0ad95af8-f3ac-4046-862e-bc9ad758a936: valid; 1.2 s; peak memory 3607 MiB.
2026-09-20T15:24:17Z INFO [420/500] 0ad9dcc4-6dee-4bbe-99de-e1f551b71830: not valid; 1.6 s; peak memory 3607 MiB.
2026-09-20T15:24:18Z INFO [421/500] 0ada1fd9-af42-43e2-9f2a-a67e61ef3b56: valid; 1.3 s; peak memory 3608 MiB.
2026-09-20T15:24:20Z INFO [422/500] 0ada3a37-c341-4164-b67b-f341940d4d34: not valid; 1.6 s; peak memory 3608 MiB.
2026-09-20T15:24:22Z INFO [423/500] 0adb344f-bb4b-4a47-9a31-0261fe2094dc: valid; 2.7 s; peak memory 3610 MiB.
2026-09-20T15:24:25Z INFO [424/500] 0adb76b3-bdbd-4c8c-9167-4bf4b00128c6: valid; 2.2 s; peak memory 3612 MiB.
2026-09-20T15:24:28Z INFO [425/500] 0adc98bb-71c2-4dd4-a017-e5a8376cc9ae: valid; 3.6 s; peak memory 3615 MiB.
2026-09-20T15:24:30Z INFO [426/500] 0adcb5a9-bf0d-45de-a220-85141ffd28b3: valid; 1.6 s; peak memory 3615 MiB.
2026-09-20T15:24:32Z INFO [427/500] 0adcc27c-3875-4eb6-bf04-f1d2bc36cc67: not valid; 2.6 s; peak memory 3618 MiB.
2026-09-20T15:24:51Z INFO [428/500] 0adcc9cb-5fac-41fe-9938-bda567c14863: valid; 18.2 s; peak memory 3642 MiB.
2026-09-20T15:24:52Z INFO [429/500] 0add04ff-cca2-4ec3-90e2-174c54e5c45a: valid; 1.2 s; peak memory 3643 MiB.
2026-09-20T15:24:56Z INFO [430/500] 0add0c2b-1ede-4a18-8b82-562a37934633: not valid; 4.5 s; peak memory 3671 MiB.
2026-09-20T15:25:16Z INFO [431/500] 0add8ee9-ebf9-45d9-a75b-b1fe53d262de: valid; 19.9 s; peak memory 3691 MiB.
2026-09-20T15:25:18Z INFO [432/500] 0ade3ab0-ff84-4c76-acae-618ce9ec279d: valid; 2.2 s; peak memory 3695 MiB.
2026-09-20T15:27:17Z INFO [433/500] 0adedadf-7a6e-4906-9083-fbf28d78b557: not valid; 118.9 s; peak memory 4140 MiB.
2026-09-20T15:27:19Z INFO [434/500] 0adf79f7-cda5-4fa0-b59b-3d13f0009c23: valid; 1.8 s; peak memory 4141 MiB.
2026-09-20T15:27:22Z INFO [435/500] 0adfb6a4-4237-40e7-9f7e-dbf843d30882: valid; 3.0 s; peak memory 4143 MiB.
2026-09-20T15:27:31Z INFO [436/500] 0ae020ac-d6cc-4da4-9da4-bb543b6d60e2: valid; 8.5 s; peak memory 4165 MiB.
2026-09-20T15:27:32Z INFO [437/500] 0ae05a0a-2883-455c-a5ab-3e045173007e: not valid; 1.4 s; peak memory 4165 MiB.
2026-09-20T15:27:34Z INFO [438/500] 0ae096b7-9f01-4d4d-b729-bcd07f1d85cb: valid; 1.8 s; peak memory 4167 MiB.
2026-09-20T15:27:37Z INFO [439/500] 0ae0f84d-5a55-486c-acf2-0196631faa55: valid; 2.7 s; peak memory 4170 MiB.
2026-09-20T15:27:40Z INFO [440/500] 0ae12f5e-df7e-4532-ab1a-12853c56cef2: not valid; 3.7 s; peak memory 4174 MiB.
2026-09-20T15:27:42Z INFO [441/500] 0ae1d19c-2c4b-445e-9111-9e72df1e0eef: valid; 1.7 s; peak memory 4175 MiB.
2026-09-20T15:27:43Z INFO [442/500] 0ae27e52-16b6-4249-bfdd-9cf38e50ec88: valid; 1.1 s; peak memory 4176 MiB.
2026-09-20T15:27:43Z WARNING 0ae41b54-d2c2-4b4b-b32f-bbb631d7bf19: failed while retrieving asset information from the DANDI API (NotFoundError: No asset at path 'sub-13f5788208822c35-0/sub-13f5788208822c35-0_ses-20170318T135856_behavior+ecephys.nwb' in version 0.220506.1516. Verify the path is correct and the asset exists in this version. Use 'dandi ls' to list available assets.)
2026-09-20T15:27:52Z INFO [444/500] 0ae4285b-008c-4beb-85ac-dd1a62a46a2c: valid; 8.7 s; peak memory 4403 MiB.
2026-09-20T15:27:54Z INFO [445/500] 0ae47642-46e9-4f9c-aced-98bcc5ce7d13: not valid; 1.8 s; peak memory 4403 MiB.
2026-09-20T15:27:57Z INFO [446/500] 0ae588b7-a689-4106-9729-f884c529f79c: not valid; 3.8 s; peak memory 4403 MiB.
2026-09-20T15:29:50Z INFO [447/500] 0ae5f14b-bc21-43c7-a9c7-04792523bd5f: valid; 112.5 s; peak memory 4788 MiB.
2026-09-20T15:29:52Z INFO [448/500] 0ae60c05-f8ea-4eb0-844d-11f0fc073673: not valid; 1.8 s; peak memory 4788 MiB.
2026-09-20T15:29:53Z INFO [449/500] 0ae64889-c1db-41af-8636-2aad19ddd2d1: valid; 1.3 s; peak memory 4788 MiB.
2026-09-20T15:29:55Z INFO [450/500] 0ae65ef3-a499-4902-b930-9c5a22a5b827: not valid; 2.3 s; peak memory 4788 MiB.
2026-09-20T15:29:56Z INFO [450/500] 0ae65ef3-a499-4902-b930-9c5a22a5b827: checkpointed 71960 records.
2026-09-20T15:30:09Z INFO [451/500] 0ae75867-1439-4e15-bcb2-94b833cfdd9a: valid; 12.9 s; peak memory 4788 MiB.
2026-09-20T15:30:15Z INFO [452/500] 0ae9467f-e524-4d0b-90f4-b8fd934ac4a2: not valid; 6.7 s; peak memory 4839 MiB.
2026-09-20T15:30:17Z INFO [453/500] 0ae94950-4212-4240-b76c-a1121783da60: not valid; 1.7 s; peak memory 4839 MiB.
2026-09-20T15:30:34Z INFO [454/500] 0ae954ec-78d5-4886-9a76-307509c187b3: valid; 16.6 s; peak memory 4943 MiB.
2026-09-20T15:30:35Z INFO [455/500] 0ae96714-3b8c-43ae-8841-c0f9a90ce29e: valid; 1.6 s; peak memory 4943 MiB.
2026-09-20T15:30:37Z INFO [456/500] 0aea168d-24cf-4be9-a349-23cf00097519: valid; 1.7 s; peak memory 4943 MiB.
2026-09-20T15:30:39Z INFO [457/500] 0aeaab18-94a5-4c72-849b-f9533cd55791: valid; 2.2 s; peak memory 4950 MiB.
2026-09-20T15:30:41Z INFO [458/500] 0aeb6e94-f9d3-45ec-a822-2e804b083762: not valid; 1.4 s; peak memory 4954 MiB.
2026-09-20T15:30:42Z INFO [459/500] 0aeb8b39-fa6d-4485-965c-dec5873be3a2: valid; 1.9 s; peak memory 4964 MiB.
2026-09-20T15:30:44Z INFO [460/500] 0aebc481-3481-4158-9713-d0478f788db9: valid; 1.3 s; peak memory 4966 MiB.
2026-09-20T15:30:45Z INFO [461/500] 0aebca5e-fb20-485a-9258-3763787824bb: not valid; 1.3 s; peak memory 4969 MiB.
2026-09-20T15:30:47Z INFO [462/500] 0aec4c15-f759-4c52-97ef-a876b46ba47c: valid; 2.2 s; peak memory 4979 MiB.
2026-09-20T15:30:51Z INFO [463/500] 0aec7c80-a251-42a6-919a-3f152b202f6c: valid; 4.1 s; peak memory 4979 MiB.
2026-09-20T15:31:03Z INFO [464/500] 0aec8adf-c6dd-4d01-9afc-2a936b71c485: valid; 12.1 s; peak memory 5012 MiB.
2026-09-20T15:31:05Z INFO [465/500] 0aec9a07-9c7b-4752-9271-a1a3e9b0cb81: not valid; 1.9 s; peak memory 5014 MiB.
2026-09-20T15:31:07Z INFO [466/500] 0aed8b0e-bd6d-41d9-b377-a83173fcc4b6: not valid; 1.6 s; peak memory 5016 MiB.
2026-09-20T15:31:08Z INFO [467/500] 0aee389b-022b-4238-9c9d-ac661e5a2b48: valid; 0.9 s; peak memory 5016 MiB.
2026-09-20T15:31:12Z INFO [468/500] 0aef455b-b940-40d0-b266-3a1a2f2b1464: not valid; 3.7 s; peak memory 5022 MiB.
2026-09-20T15:31:13Z INFO [469/500] 0af00a77-3cd5-4c33-8517-e32405940f12: valid; 1.2 s; peak memory 5023 MiB.
2026-09-20T15:31:14Z INFO [470/500] 0af00bd3-219d-48a1-a0d4-ee37b2319847: not valid; 1.3 s; peak memory 5024 MiB.
2026-09-20T15:31:16Z INFO [471/500] 0af035c3-d58d-4117-bdd1-7c51521f9991: valid; 1.8 s; peak memory 5025 MiB.
2026-09-20T15:31:20Z INFO [472/500] 0af0fd73-0628-421b-b3b1-ff0703182021: valid; 4.0 s; peak memory 5030 MiB.
2026-09-20T15:31:21Z INFO [473/500] 0af11717-1a98-4b56-aaf1-e770247b9073: valid; 1.3 s; peak memory 5031 MiB.
2026-09-20T15:31:22Z INFO [474/500] 0af135dd-5a20-4f51-af33-0ec43a0253cb: valid; 1.3 s; peak memory 5032 MiB.
2026-09-20T15:31:24Z INFO [475/500] 0af13e5e-0748-42f2-9768-58bb3893e870: valid; 2.1 s; peak memory 5033 MiB.
2026-09-20T15:31:27Z INFO [476/500] 0af1aa2c-e747-4b04-9237-9110e08264b6: valid; 2.5 s; peak memory 5033 MiB.
2026-09-20T15:31:29Z INFO [477/500] 0af26694-d94f-44ab-b5fd-e41724cd8ab1: valid; 1.7 s; peak memory 5033 MiB.
2026-09-20T15:31:32Z INFO [478/500] 0af284c1-36dd-4756-a427-5cf00107059d: not valid; 3.2 s; peak memory 5033 MiB.
2026-09-20T15:31:36Z INFO [479/500] 0af2a109-5f86-4115-8ad4-ed86fb895996: not valid; 3.9 s; peak memory 5033 MiB.
2026-09-20T15:31:37Z INFO [480/500] 0af2c281-9535-4471-b906-d57767cae990: valid; 1.5 s; peak memory 5034 MiB.
2026-09-20T15:31:39Z INFO [481/500] 0af309f7-b810-42c3-9650-208ee1885ecf: valid; 1.6 s; peak memory 5034 MiB.
2026-09-20T15:31:44Z INFO [482/500] 0af319d5-7d5f-480c-ac63-2f0a1ea10d22: valid; 5.4 s; peak memory 5034 MiB.
2026-09-20T15:31:45Z INFO [483/500] 0af38a91-fb45-4893-a872-32bab49cf1a7: not valid; 1.0 s; peak memory 5034 MiB.
2026-09-20T15:31:48Z INFO [484/500] 0af4e904-1b2b-4896-bbfb-95fc720f4283: valid; 3.1 s; peak memory 5053 MiB.
2026-09-20T15:31:57Z INFO [485/500] 0af50129-a301-4004-8c8e-ecc8b9d6a5dc: valid; 9.1 s; peak memory 5077 MiB.
2026-09-20T15:31:59Z INFO [486/500] 0af58bb2-b6e6-44ea-a207-a70e0307182c: valid; 1.2 s; peak memory 5078 MiB.
2026-09-20T15:32:00Z INFO [487/500] 0af5b458-f67e-413a-b079-60616c6b1291: not valid; 1.5 s; peak memory 5079 MiB.
2026-09-20T15:32:02Z INFO [488/500] 0af5c807-84f6-4d4c-80f2-4387b001cd2b: not valid; 1.6 s; peak memory 5080 MiB.
2026-09-20T15:32:03Z INFO [489/500] 0af5dbe9-0d1b-4d79-9fc1-a5a7fde695eb: not valid; 1.6 s; peak memory 5086 MiB.
2026-09-20T15:32:36Z INFO [490/500] 0af5eca0-17ea-4005-8f4d-af0f5b65099d: valid; 33.0 s; peak memory 5808 MiB.
2026-09-20T15:32:39Z INFO [491/500] 0af60d5e-bc72-480e-8985-59b01bf86878: valid; 2.5 s; peak memory 5808 MiB.
2026-09-20T15:32:40Z INFO [492/500] 0af63ca3-cbaf-4e64-9e8a-e566e1f52af2: valid; 1.1 s; peak memory 5808 MiB.
2026-09-20T15:32:41Z INFO [493/500] 0af64420-65bd-4898-97e4-91396e6872f9: valid; 1.4 s; peak memory 5808 MiB.
2026-09-20T15:32:43Z INFO [494/500] 0af650bf-89fa-4f8c-887b-2f8dc421a93e: not valid; 2.0 s; peak memory 5808 MiB.
2026-09-20T15:32:47Z INFO [495/500] 0af76de3-876e-4857-9df5-e123bee3f5a4: not valid; 3.7 s; peak memory 5808 MiB.
2026-09-20T15:33:21Z INFO [496/500] 0af79a3f-c256-4381-98d1-85c8539f8e25: not valid; 33.6 s; peak memory 5808 MiB.
2026-09-20T15:33:22Z INFO [497/500] 0af7f097-fe1a-4d27-9b10-7f04d6125a6c: not valid; 1.3 s; peak memory 5808 MiB.
2026-09-20T15:33:26Z INFO [498/500] 0af80dc1-43bb-43f8-b984-901ab8b889ca: valid; 4.0 s; peak memory 5808 MiB.
2026-09-20T15:33:28Z INFO [499/500] 0af86a9b-b234-44e4-b1d4-6cbbe3c09f0c: not valid; 1.9 s; peak memory 5808 MiB.
2026-09-20T15:33:31Z INFO [500/500] 0af88af9-c2d8-4e59-bdc5-9594d31dab7e: valid; 2.7 s; peak memory 5808 MiB.
2026-09-20T15:33:31Z INFO [500/500] 0af88af9-c2d8-4e59-bdc5-9594d31dab7e: checkpointed 72010 records.
2026-09-20T15:33:32Z INFO Wrote 72010 records to /tmp/derivatives/content_id_to_valid_nwb_file.jsonl (487 new, 13 failed) in 33.2 min (peak memory 5808 MiB).
