2026-09-26T20:17:15Z INFO Logging to /tmp/logs/update_2026-09-26T20-17-15Z.log.
2026-09-26T20:17:15Z INFO Update content-id-to-valid-nwb-file (base directory /tmp).
2026-09-26T20:17:18Z INFO Processing 500 items (81010 already recorded).
2026-09-26T20:17:20Z INFO [1/500] 18b270d7-bbe9-4b4b-9c8c-ce8c3e0ad41c: valid; 2.4 s; peak memory 365 MiB.
2026-09-26T20:17:21Z INFO [2/500] 18b29c0b-08bb-40c3-9b5d-3f34e2d2af70: valid; 1.0 s; peak memory 367 MiB.
2026-09-26T20:17:22Z INFO [3/500] 18b2bc97-7a1b-4151-8ba0-1cf9b317b6cd: valid; 1.1 s; peak memory 369 MiB.
2026-09-26T20:17:23Z INFO [4/500] 18b317de-0b5b-41e6-8ec1-4a160e5812d2: not valid; 1.1 s; peak memory 375 MiB.
2026-09-26T20:17:23Z WARNING 18b42a36-5baf-4403-b1b6-58e9c5869f20: failed while retrieving asset information from the DANDI API (NotFoundError: No asset at path 'sub-752014/sub-752014_ses-behavior-752014-2025-03-28-11-04-56.nwb' in version draft. Verify the path is correct and the asset exists in this version. Use 'dandi ls' to list available assets.)
2026-09-26T20:17:24Z INFO [6/500] 18b4e024-bd84-4e3e-8d79-b46029c1815b: valid; 0.8 s; peak memory 376 MiB.
2026-09-26T20:17:25Z INFO [7/500] 18b4f46e-90fb-4e3c-baff-7ebaf5dd19d2: valid; 1.3 s; peak memory 378 MiB.
2026-09-26T20:17:27Z INFO [8/500] 18b5d6a7-3bd2-45ba-8ca2-5af2661f061e: valid; 1.7 s; peak memory 391 MiB.
2026-09-26T20:17:28Z INFO [9/500] 18b63bb8-8ab5-40be-8fbd-82674e214741: valid; 0.8 s; peak memory 393 MiB.
2026-09-26T20:17:30Z INFO [10/500] 18b765de-4932-4d09-b84c-a8404ff5d5e3: valid; 1.8 s; peak memory 416 MiB.
2026-09-26T20:17:31Z WARNING 18b7beb6-b5bc-4705-909b-e397d7322500: failed while opening the NWB file (ConstructError: (root/acquisition/_iblmic_audioSpectrogram/bands GroupBuilder {'attributes': {'colnames': array(['freq'], dtype=object), 'description': 'spectogram frequencies', 'namespace': 'core', 'neurodata_type': 'FrequencyBandsTable', 'object_id': '1de25b0f-ce15-4114-aee3-09edb590e2a1'}, 'groups': {}, 'datasets': {'freq': root/acquisition/_iblmic_audioSpectrogram/bands/freq DatasetBuilder {'attributes': {'description': 'frequency value', 'namespace': 'hdmf-common', 'neurodata_type': 'VectorData', 'object_id': '9a89faeb-1de3-430c-b171-abe5024ad2db'}, 'data': <HDF5 dataset "freq": shape (257,), type "<f4">}, 'id': root/acquisition/_iblmic_audioSpectrogram/bands/id DatasetBuilder {'attributes': {'namespace': 'hdmf-common', 'neurodata_type': 'ElementIdentifiers', 'object_id': 'e84ec126-1a89-4a10-8429-ab4ccb80324b'}, 'data': <HDF5 dataset "id": shape (257,), type "<i4">}}, 'links': {}}, "Could not construct FrequencyBandsTable object due to: column must have the same number of rows as 'id'"))
2026-09-26T20:17:39Z INFO [12/500] 18b7f86a-9d11-4741-908c-49a9daacd675: valid; 8.2 s; peak memory 872 MiB.
2026-09-26T20:17:40Z INFO [13/500] 18b8aadf-8563-41f5-859d-0bd0e6490a38: valid; 0.5 s; peak memory 872 MiB.
2026-09-26T20:17:41Z INFO [14/500] 18b93c72-784e-4012-8313-90d65cc4b883: valid; 1.4 s; peak memory 872 MiB.
2026-09-26T20:17:42Z INFO [15/500] 18b9472d-4543-4fd6-b43d-2ab8f4d355ea: valid; 1.2 s; peak memory 872 MiB.
2026-09-26T20:17:44Z INFO [16/500] 18b986e1-7aa7-4659-8c59-913b5b885d85: valid; 1.4 s; peak memory 872 MiB.
2026-09-26T20:17:50Z INFO [17/500] 18b9a7e7-cdef-4c11-9944-702546a14eaa: not valid; 6.5 s; peak memory 872 MiB.
2026-09-26T20:17:51Z INFO [18/500] 18b9d716-468c-4971-bc03-d260ffabb7ad: valid; 1.2 s; peak memory 872 MiB.
2026-09-26T20:17:52Z WARNING 18ba17e8-e60a-48b0-9838-0b76f20e02bb: failed while opening the NWB file (ConstructError: (root/acquisition/_iblmic_audioSpectrogram/bands GroupBuilder {'attributes': {'colnames': array(['freq'], dtype=object), 'description': 'spectogram frequencies', 'namespace': 'core', 'neurodata_type': 'FrequencyBandsTable', 'object_id': '0fc200f9-508e-44bb-b3cf-d17d4c5242eb'}, 'groups': {}, 'datasets': {'freq': root/acquisition/_iblmic_audioSpectrogram/bands/freq DatasetBuilder {'attributes': {'description': 'frequency value', 'namespace': 'hdmf-common', 'neurodata_type': 'VectorData', 'object_id': '692c5b35-7f3c-4baa-8a97-f02e6e100b39'}, 'data': <HDF5 dataset "freq": shape (257,), type "<f4">}, 'id': root/acquisition/_iblmic_audioSpectrogram/bands/id DatasetBuilder {'attributes': {'namespace': 'hdmf-common', 'neurodata_type': 'ElementIdentifiers', 'object_id': '96c23afc-899c-433c-8166-c9c8d90e57ba'}, 'data': <HDF5 dataset "id": shape (257,), type "<i4">}}, 'links': {}}, "Could not construct FrequencyBandsTable object due to: column must have the same number of rows as 'id'"))
2026-09-26T20:17:53Z INFO [20/500] 18ba42ba-7e92-4ecc-bab3-a974007b2dab: not valid; 0.9 s; peak memory 872 MiB.
2026-09-26T20:17:54Z INFO [21/500] 18ba99f0-db02-4446-869d-7e455067df8d: valid; 0.9 s; peak memory 872 MiB.
2026-09-26T20:17:55Z WARNING 18bac30b-ab21-48a7-a9ab-b9aafbfd9f21: failed while opening the NWB file (ConstructError: (root/acquisition/_iblmic_audioSpectrogram/bands GroupBuilder {'attributes': {'colnames': array(['freq'], dtype=object), 'description': 'spectogram frequencies', 'namespace': 'core', 'neurodata_type': 'FrequencyBandsTable', 'object_id': '0dd1afcf-a458-4dc2-81b5-da5d373a0535'}, 'groups': {}, 'datasets': {'freq': root/acquisition/_iblmic_audioSpectrogram/bands/freq DatasetBuilder {'attributes': {'description': 'frequency value', 'namespace': 'hdmf-common', 'neurodata_type': 'VectorData', 'object_id': 'daeb82e3-c169-4c0f-84ff-419c3976f35b'}, 'data': <HDF5 dataset "freq": shape (257,), type "<f4">}, 'id': root/acquisition/_iblmic_audioSpectrogram/bands/id DatasetBuilder {'attributes': {'namespace': 'hdmf-common', 'neurodata_type': 'ElementIdentifiers', 'object_id': '78f2d3fd-4888-4813-84f7-fa10eb00596a'}, 'data': <HDF5 dataset "id": shape (257,), type "<i4">}}, 'links': {}}, "Could not construct FrequencyBandsTable object due to: column must have the same number of rows as 'id'"))
2026-09-26T20:17:57Z INFO [23/500] 18bb2a55-60a1-4025-aa16-5d8ba3e1716d: not valid; 1.8 s; peak memory 872 MiB.
2026-09-26T20:17:59Z INFO [24/500] 18bb545c-2390-45c6-9fb9-23b353e6d468: valid; 1.6 s; peak memory 872 MiB.
2026-09-26T20:18:01Z INFO [25/500] 18bc0049-b9f0-4b7b-bac4-13f610521fe9: valid; 1.8 s; peak memory 872 MiB.
2026-09-26T20:18:07Z INFO [26/500] 18bc3944-cb3f-490c-8afd-3d7abf328594: not valid; 6.6 s; peak memory 923 MiB.
2026-09-26T20:18:08Z INFO [27/500] 18bc656f-9d46-4efd-aaba-52d33b9e0b93: valid; 0.6 s; peak memory 923 MiB.
2026-09-26T20:18:09Z INFO [28/500] 18bc904f-e895-40d2-8233-62bcbe468404: valid; 1.2 s; peak memory 923 MiB.
2026-09-26T20:18:10Z INFO [29/500] 18bca6af-561e-4f8b-92ac-3e72355002d7: valid; 1.0 s; peak memory 923 MiB.
2026-09-26T20:18:12Z INFO [30/500] 18bca925-124a-421b-b583-0c1e837b847d: valid; 1.7 s; peak memory 923 MiB.
2026-09-26T20:18:13Z WARNING 18bce4b3-f006-499d-8cb5-842dd550c932: failed while opening the NWB file (ConstructError: (root/acquisition/_iblmic_audioSpectrogram/bands GroupBuilder {'attributes': {'colnames': array(['freq'], dtype=object), 'description': 'spectogram frequencies', 'namespace': 'core', 'neurodata_type': 'FrequencyBandsTable', 'object_id': 'ae5390f5-7076-4657-bd50-442b60f154dc'}, 'groups': {}, 'datasets': {'freq': root/acquisition/_iblmic_audioSpectrogram/bands/freq DatasetBuilder {'attributes': {'description': 'frequency value', 'namespace': 'hdmf-common', 'neurodata_type': 'VectorData', 'object_id': '56a1f7db-97e6-4cb0-aa18-1cd28e0a9e6d'}, 'data': <HDF5 dataset "freq": shape (257,), type "<f4">}, 'id': root/acquisition/_iblmic_audioSpectrogram/bands/id DatasetBuilder {'attributes': {'namespace': 'hdmf-common', 'neurodata_type': 'ElementIdentifiers', 'object_id': '8703ade2-c471-4b7a-b6b6-562cf32b4392'}, 'data': <HDF5 dataset "id": shape (257,), type "<i4">}}, 'links': {}}, "Could not construct FrequencyBandsTable object due to: column must have the same number of rows as 'id'"))
2026-09-26T20:18:15Z INFO [32/500] 18bd21a6-c008-445d-923e-1d45518aeac0: not valid; 2.1 s; peak memory 923 MiB.
2026-09-26T20:18:16Z INFO [33/500] 18bd427f-810e-4e64-b718-767b7223869a: not valid; 1.0 s; peak memory 931 MiB.
2026-09-26T20:18:16Z INFO [34/500] 18bd8f78-4d55-4cc6-a03d-87e60e73d907: not valid; 0.5 s; peak memory 933 MiB.
2026-09-26T20:18:19Z INFO [35/500] 18bdd0bf-8d35-4e08-9317-de0b5611b6d0: not valid; 2.4 s; peak memory 938 MiB.
2026-09-26T20:18:26Z INFO [36/500] 18be17c7-3607-4012-b6e7-34a27d89b095: valid; 7.1 s; peak memory 1123 MiB.
2026-09-26T20:18:26Z INFO [37/500] 18be9746-da5d-427b-a747-4205639d304c: not valid; 0.7 s; peak memory 1129 MiB.
2026-09-26T20:18:28Z INFO [38/500] 18bf4512-52c1-492d-902f-3747e0a3618d: valid; 1.1 s; peak memory 1132 MiB.
2026-09-26T20:18:28Z WARNING 18bf53cb-3c99-4ca5-9416-839490d3eeba: failed while retrieving asset information from the DANDI API (NotFoundError: No asset at path 'sub-ZS061/sub-ZS061_ses-behavior-ZS061-2021-04-03-18-50-29.nwb' in version draft. Verify the path is correct and the asset exists in this version. Use 'dandi ls' to list available assets.)
2026-09-26T20:18:35Z INFO [40/500] 18bf5f0d-2031-4104-8f0b-b212c2f2a221: valid; 7.5 s; peak memory 1350 MiB.
2026-09-26T20:18:36Z WARNING 18bfd730-921c-47a9-a594-2620a5307409: failed while opening the NWB file (ConstructError: (root/acquisition/_iblmic_audioSpectrogram/bands GroupBuilder {'attributes': {'colnames': array(['freq'], dtype=object), 'description': 'spectogram frequencies', 'namespace': 'core', 'neurodata_type': 'FrequencyBandsTable', 'object_id': '45ff722f-e7bd-4d4b-b07c-656758143de3'}, 'groups': {}, 'datasets': {'freq': root/acquisition/_iblmic_audioSpectrogram/bands/freq DatasetBuilder {'attributes': {'description': 'frequency value', 'namespace': 'hdmf-common', 'neurodata_type': 'VectorData', 'object_id': 'e32d346e-a840-4e7e-b8b4-2a5110893414'}, 'data': <HDF5 dataset "freq": shape (257,), type "<f4">}, 'id': root/acquisition/_iblmic_audioSpectrogram/bands/id DatasetBuilder {'attributes': {'namespace': 'hdmf-common', 'neurodata_type': 'ElementIdentifiers', 'object_id': 'd2cc02d2-78cd-4f47-bd5f-3e6f715cfe8c'}, 'data': <HDF5 dataset "id": shape (257,), type "<i4">}}, 'links': {}}, "Could not construct FrequencyBandsTable object due to: column must have the same number of rows as 'id'"))
2026-09-26T20:18:37Z INFO [42/500] 18c051ff-b483-485f-9a51-8c5be2c3e355: valid; 1.0 s; peak memory 1351 MiB.
2026-09-26T20:18:38Z INFO [43/500] 18c07149-46cb-4013-ac76-40cd6974fcdd: valid; 1.1 s; peak memory 1351 MiB.
2026-09-26T20:18:40Z INFO [44/500] 18c08f35-fd9f-49c2-870c-6a5afd753a82: valid; 1.6 s; peak memory 1351 MiB.
2026-09-26T20:18:41Z INFO [45/500] 18c09e1e-bdf1-4a52-9aaf-a51a59a1b089: not valid; 1.3 s; peak memory 1351 MiB.
2026-09-26T20:18:43Z INFO [46/500] 18c125c8-4a4c-4cec-98e3-ff1496362e58: valid; 1.5 s; peak memory 1351 MiB.
2026-09-26T20:18:44Z INFO [47/500] 18c172c2-dea8-4151-9494-c069a75664f3: valid; 1.0 s; peak memory 1351 MiB.
2026-09-26T20:18:45Z INFO [48/500] 18c240c7-1447-4fed-ab90-3fb2e2541bc9: valid; 1.1 s; peak memory 1351 MiB.
2026-09-26T20:18:58Z INFO [49/500] 18c2e2d2-7e39-4239-8ad2-18e933e84f33: not valid; 13.1 s; peak memory 1351 MiB.
2026-09-26T20:18:59Z INFO [50/500] 18c3072a-0dce-4cbe-a06f-4907c6c3b7dd: valid; 1.3 s; peak memory 1351 MiB.
2026-09-26T20:19:00Z INFO [50/500] 18c3072a-0dce-4cbe-a06f-4907c6c3b7dd: checkpointed 81060 records.
2026-09-26T20:19:02Z INFO [51/500] 18c3e21d-62fd-4465-b9b9-ffe55b64def8: valid; 1.6 s; peak memory 1351 MiB.
2026-09-26T20:19:02Z INFO [52/500] 18c425ba-8e9c-4140-b92d-1a3b7e54abd0: valid; 0.7 s; peak memory 1351 MiB.
2026-09-26T20:19:20Z INFO [53/500] 18c46231-0247-4b34-999d-707129b89e0a: not valid; 18.3 s; peak memory 1366 MiB.
2026-09-26T20:19:21Z INFO [54/500] 18c47a86-fc52-4aa6-a7f2-d921f296d2fa: valid; 0.7 s; peak memory 1366 MiB.
2026-09-26T20:19:22Z INFO [55/500] 18c49790-c2d6-4fe2-a08c-b0065e985347: valid; 0.8 s; peak memory 1366 MiB.
2026-09-26T20:19:23Z INFO [56/500] 18c4a14e-0cf3-459d-a6a4-89e2680da199: valid; 1.1 s; peak memory 1366 MiB.
2026-09-26T20:19:25Z INFO [57/500] 18c55003-8029-4064-9521-082922039b65: valid; 1.7 s; peak memory 1366 MiB.
2026-09-26T20:19:25Z WARNING 18c556a2-3db6-4ef9-994c-178ba2ae85cd: failed while retrieving asset information from the DANDI API (NotFoundError: No such Dandiset: 001533)
2026-09-26T20:19:26Z INFO [59/500] 18c70108-dc21-41a0-9137-9edeef91b03d: valid; 1.3 s; peak memory 1366 MiB.
2026-09-26T20:19:27Z INFO [60/500] 18c72c34-9dca-4c92-a6a5-345f7ea7083e: valid; 0.8 s; peak memory 1366 MiB.
2026-09-26T20:19:37Z INFO [61/500] 18c779a4-5bb5-41b3-b500-b59f9926a912: not valid; 10.0 s; peak memory 1367 MiB.
2026-09-26T20:19:39Z INFO [62/500] 18c7ac0e-3a76-4caf-9a4c-526110214c3d: not valid; 2.4 s; peak memory 1382 MiB.
2026-09-26T20:19:40Z INFO [63/500] 18c7af4d-a352-4907-a532-772ef80cdab8: not valid; 1.2 s; peak memory 1382 MiB.
2026-09-26T20:20:05Z INFO [64/500] 18c7fa25-2492-4ffe-9c1f-a9d152493e9c: valid; 24.3 s; peak memory 1418 MiB.
2026-09-26T20:20:08Z INFO [65/500] 18c85e7a-f55d-47f5-a2d7-0a881496b0bc: valid; 3.5 s; peak memory 1429 MiB.
2026-09-26T20:20:10Z INFO [66/500] 18c91dba-6ed1-4246-8947-d9196dc133c2: valid; 2.0 s; peak memory 1429 MiB.
2026-09-26T20:20:12Z INFO [67/500] 18c922a3-516b-4469-8cb7-14de86cc123a: valid; 1.7 s; peak memory 1429 MiB.
2026-09-26T20:20:13Z INFO [68/500] 18c95557-6868-458d-b352-fc833ba3b306: valid; 0.6 s; peak memory 1429 MiB.
2026-09-26T20:20:13Z INFO [69/500] 18c98144-fcc1-495c-b078-ae2692b29de6: not valid; 0.8 s; peak memory 1429 MiB.
2026-09-26T20:20:14Z INFO [70/500] 18ca0eae-1425-490e-b240-6b045b5284e8: valid; 1.2 s; peak memory 1429 MiB.
2026-09-26T20:20:17Z INFO [71/500] 18ca61d0-d53e-43b2-8379-df7ff18417b4: valid; 2.6 s; peak memory 1430 MiB.
2026-09-26T20:20:18Z INFO [72/500] 18cab741-c42c-4927-a2ea-f30ba56263ea: valid; 0.7 s; peak memory 1430 MiB.
2026-09-26T20:20:20Z INFO [73/500] 18cada7f-ab80-4408-81bc-efea7198c594: valid; 2.1 s; peak memory 1430 MiB.
2026-09-26T20:20:21Z INFO [74/500] 18cb008d-7b69-43b7-84f9-ae4b0568833b: valid; 0.8 s; peak memory 1430 MiB.
2026-09-26T20:20:22Z INFO [75/500] 18cbb56d-53da-420f-9e07-c4c9081320a3: valid; 1.1 s; peak memory 1430 MiB.
2026-09-26T20:20:23Z INFO [76/500] 18cc2044-1ffb-4388-b6c0-b0b8eab109ab: valid; 0.6 s; peak memory 1430 MiB.
2026-09-26T20:20:24Z WARNING 18cc4aff-f184-4c7b-b624-2842b46be314: failed while opening the NWB file (ValueError: Cannot resolve included group spec 'electrodes' with data_type_inc 'ElectrodesTable' because a group spec with the same name already exists with data_type_inc 'DynamicTable', and data type 'DynamicTable' is not a child type of data type 'ElectrodesTable'.)
2026-09-26T20:20:24Z INFO [78/500] 18cd3b72-ccb1-457c-b8fd-4616e8bbc744: valid; 0.7 s; peak memory 1430 MiB.
2026-09-26T20:20:27Z INFO [79/500] 18cd567d-dbe6-47a2-a002-11ad5b2f7633: valid; 2.7 s; peak memory 1430 MiB.
2026-09-26T20:20:28Z INFO [80/500] 18cd66b2-ef7c-4e09-bf27-d9560e2626f4: valid; 1.1 s; peak memory 1430 MiB.
2026-09-26T20:20:29Z INFO [81/500] 18ce104d-e3f9-4e21-8cf3-dee23ea38406: not valid; 0.8 s; peak memory 1430 MiB.
2026-09-26T20:20:31Z INFO [82/500] 18ce4fd7-87dd-414b-bc4a-b60df6419265: valid; 2.4 s; peak memory 1430 MiB.
2026-09-26T20:20:31Z WARNING 18cec1a0-c2ab-4d65-8e10-7ec20460ef04: failed while retrieving asset information from the DANDI API (NotFoundError: No asset at path 'sub-parkinson-simulated-beta/sub-parkinson-simulated-beta_ses-4820_ecephys.nwb' in version 0.250327.2220. Verify the path is correct and the asset exists in this version. Use 'dandi ls' to list available assets.)
2026-09-26T20:20:32Z INFO [84/500] 18ceeeb0-3ac0-4964-abe8-001641837af5: valid; 1.0 s; peak memory 1430 MiB.
2026-09-26T20:20:33Z INFO [85/500] 18cf4ec4-227f-474a-9913-2fa1e8497cb3: not valid; 0.5 s; peak memory 1430 MiB.
2026-09-26T20:20:36Z INFO [86/500] 18d03d0c-8976-49b6-bce0-ba1b63bfbfca: not valid; 3.1 s; peak memory 1430 MiB.
2026-09-26T20:20:38Z INFO [87/500] 18d06ab8-c4bd-4a36-bd97-0e43518bd794: valid; 2.1 s; peak memory 1433 MiB.
2026-09-26T20:20:39Z INFO [88/500] 18d12dbc-e3de-4a32-8882-96ac87b40826: not valid; 1.0 s; peak memory 1433 MiB.
2026-09-26T20:20:46Z INFO [89/500] 18d22eb9-ae39-4ac5-b60a-d8b626d81fa4: not valid; 6.8 s; peak memory 1433 MiB.
2026-09-26T20:20:47Z WARNING 18d3961c-4b0c-4c4f-8d46-91ea12539250: failed while opening the NWB file (ConstructError: (root/acquisition/_iblmic_audioSpectrogram/bands GroupBuilder {'attributes': {'colnames': array(['freq'], dtype=object), 'description': 'spectogram frequencies', 'namespace': 'core', 'neurodata_type': 'FrequencyBandsTable', 'object_id': '532b49c9-24f2-4652-bf7c-49266b0a1b77'}, 'groups': {}, 'datasets': {'freq': root/acquisition/_iblmic_audioSpectrogram/bands/freq DatasetBuilder {'attributes': {'description': 'frequency value', 'namespace': 'hdmf-common', 'neurodata_type': 'VectorData', 'object_id': '602c044f-e1a8-40fc-ab1c-46233813fc55'}, 'data': <HDF5 dataset "freq": shape (257,), type "<f4">}, 'id': root/acquisition/_iblmic_audioSpectrogram/bands/id DatasetBuilder {'attributes': {'namespace': 'hdmf-common', 'neurodata_type': 'ElementIdentifiers', 'object_id': 'b11cb5dc-ad21-4159-a76f-69bff83b04ce'}, 'data': <HDF5 dataset "id": shape (257,), type "<i4">}}, 'links': {}}, "Could not construct FrequencyBandsTable object due to: column must have the same number of rows as 'id'"))
2026-09-26T20:20:57Z INFO [91/500] 18d3a4d9-9de9-43d8-abff-0f73588c941e: valid; 10.1 s; peak memory 1434 MiB.
2026-09-26T20:20:58Z INFO [92/500] 18d3fed6-37eb-45c5-a276-529631001171: valid; 0.9 s; peak memory 1434 MiB.
2026-09-26T20:21:02Z INFO [93/500] 18d3ff94-9801-4892-ae8a-6eb23ed25baf: valid; 3.9 s; peak memory 1438 MiB.
2026-09-26T20:21:03Z INFO [94/500] 18d47db2-c507-4ef0-bbe6-ffbf2c88486a: valid; 1.5 s; peak memory 1442 MiB.
2026-09-26T20:21:05Z INFO [95/500] 18d4bc1b-9fa2-4d38-871e-7c2235c42cdf: valid; 1.2 s; peak memory 1442 MiB.
2026-09-26T20:21:05Z INFO [96/500] 18d4d822-fbf2-4adb-b03d-cb7e1eed75f2: valid; 0.6 s; peak memory 1442 MiB.
2026-09-26T20:21:07Z INFO [97/500] 18d52b1d-1753-426c-8aaa-be851b37a002: valid; 1.3 s; peak memory 1442 MiB.
2026-09-26T20:21:09Z INFO [98/500] 18d560f0-ad05-4ccd-8085-273320969350: valid; 2.2 s; peak memory 1443 MiB.
2026-09-26T20:21:10Z INFO [99/500] 18d5a328-b66d-40ee-9d08-3df8e6f73923: valid; 0.8 s; peak memory 1443 MiB.
2026-09-26T20:21:10Z INFO [100/500] 18d5a85a-8e35-4dc7-8cef-1def012f2768: valid; 0.7 s; peak memory 1443 MiB.
2026-09-26T20:21:11Z INFO [100/500] 18d5a85a-8e35-4dc7-8cef-1def012f2768: checkpointed 81110 records.
2026-09-26T20:21:12Z INFO [101/500] 18d5dfd1-1b25-4277-9712-d84ebcc82135: valid; 0.7 s; peak memory 1443 MiB.
2026-09-26T20:21:13Z INFO [102/500] 18d60e3b-8883-485e-9da3-7b6c0ea06452: valid; 0.9 s; peak memory 1443 MiB.
2026-09-26T20:23:21Z INFO [103/500] 18d64569-606e-4a96-92a6-8425adb5ba6a: valid; 129.0 s; peak memory 2049 MiB.
2026-09-26T20:23:22Z INFO [104/500] 18d6ac0d-017d-4788-aea0-05e21d7239d6: valid; 0.9 s; peak memory 2049 MiB.
2026-09-26T20:23:23Z INFO [105/500] 18d78307-dc7e-4a6c-88c1-cbe698992268: valid; 0.8 s; peak memory 2049 MiB.
2026-09-26T20:23:24Z INFO [106/500] 18d80977-a856-406a-802f-25fa6805361b: not valid; 1.1 s; peak memory 2049 MiB.
2026-09-26T20:23:25Z INFO [107/500] 18d85e24-2c2d-43cb-b63a-cc038e3aa2a1: valid; 0.7 s; peak memory 2049 MiB.
2026-09-26T20:23:26Z INFO [108/500] 18d86620-6dce-46e5-909c-ce85ad943647: valid; 0.6 s; peak memory 2049 MiB.
2026-09-26T20:23:27Z INFO [109/500] 18d8b9a0-087e-459d-a959-fcd76bbf3f4d: valid; 1.3 s; peak memory 2049 MiB.
2026-09-26T20:23:37Z INFO [110/500] 18d8fac7-96a0-4057-bc38-c0ffcc87748e: not valid; 10.2 s; peak memory 2049 MiB.
2026-09-26T20:23:38Z INFO [111/500] 18d93b57-6c21-4fce-bbc8-c2671e4db245: not valid; 1.0 s; peak memory 2049 MiB.
2026-09-26T20:23:39Z INFO [112/500] 18d9713a-1684-4ce4-9639-0a5db43a383b: valid; 0.5 s; peak memory 2049 MiB.
2026-09-26T20:23:45Z INFO [113/500] 18d98344-dbf8-486e-871b-297ec4dbd2c2: valid; 6.8 s; peak memory 2082 MiB.
2026-09-26T20:23:46Z INFO [114/500] 18da2525-886a-4087-a1e1-fafcde23789a: valid; 1.0 s; peak memory 2088 MiB.
2026-09-26T20:23:47Z WARNING 18da2a24-6619-4319-8674-04e4010b6d23: failed while retrieving asset information from the DANDI API (NotFoundError: No asset at path 'sub-parkinson-simulated-beta/sub-parkinson-simulated-beta_ses-5661_ecephys.nwb' in version 0.250327.2220. Verify the path is correct and the asset exists in this version. Use 'dandi ls' to list available assets.)
2026-09-26T20:23:47Z INFO [116/500] 18da5252-9d2a-492c-af77-4a2de1aef69c: valid; 0.6 s; peak memory 2089 MiB.
2026-09-26T20:23:48Z WARNING 18da541e-11c4-4b3a-a5db-919ad2a2fa98: failed while opening the NWB file (ConstructError: (root/acquisition/_iblmic_audioSpectrogram/bands GroupBuilder {'attributes': {'colnames': array(['freq'], dtype=object), 'description': 'spectogram frequencies', 'namespace': 'core', 'neurodata_type': 'FrequencyBandsTable', 'object_id': '54c4f81f-8a67-4740-902f-8b4e113d6666'}, 'groups': {}, 'datasets': {'freq': root/acquisition/_iblmic_audioSpectrogram/bands/freq DatasetBuilder {'attributes': {'description': 'frequency value', 'namespace': 'hdmf-common', 'neurodata_type': 'VectorData', 'object_id': '7487a176-0335-4768-9a0b-3f88d0df636a'}, 'data': <HDF5 dataset "freq": shape (257,), type "<f4">}, 'id': root/acquisition/_iblmic_audioSpectrogram/bands/id DatasetBuilder {'attributes': {'namespace': 'hdmf-common', 'neurodata_type': 'ElementIdentifiers', 'object_id': 'e215c536-07cb-47f0-9327-1df4c0d1a323'}, 'data': <HDF5 dataset "id": shape (257,), type "<i4">}}, 'links': {}}, "Could not construct FrequencyBandsTable object due to: column must have the same number of rows as 'id'"))
2026-09-26T20:23:49Z INFO [118/500] 18da981d-3c6d-481e-a212-15b453cd40b5: valid; 1.3 s; peak memory 2092 MiB.
2026-09-26T20:23:50Z INFO [119/500] 18daf0e3-6d94-4986-b326-d3d4621f4d06: not valid; 1.0 s; peak memory 2098 MiB.
2026-09-26T20:23:52Z INFO [120/500] 18dbebc7-71d2-49a9-a868-1427aa0c0e14: not valid; 1.8 s; peak memory 2101 MiB.
2026-09-26T20:23:54Z INFO [121/500] 18dc5a4f-9780-48a4-8e9b-d8520ba4eba7: valid; 2.0 s; peak memory 2101 MiB.
2026-09-26T20:23:55Z INFO [122/500] 18dcf21c-7443-4a3b-851a-6ff982501ae9: not valid; 0.9 s; peak memory 2101 MiB.
2026-09-26T20:23:56Z INFO [123/500] 18dd4d87-8123-44bf-bbd1-fdaef419f18d: valid; 0.6 s; peak memory 2101 MiB.
2026-09-26T20:23:57Z INFO [124/500] 18ddec35-20d7-4e3b-b1cd-5aa05f7eeaad: valid; 1.2 s; peak memory 2101 MiB.
2026-09-26T20:23:58Z INFO [125/500] 18de84e9-6462-40d1-ac72-613856b53e78: valid; 1.2 s; peak memory 2101 MiB.
2026-09-26T20:23:59Z INFO [126/500] 18df0293-e65c-4992-bbcc-d1191d152013: valid; 0.6 s; peak memory 2101 MiB.
2026-09-26T20:23:59Z INFO [127/500] 18df230c-a6c3-47ff-83ea-2e7df68a007a: valid; 0.7 s; peak memory 2101 MiB.
2026-09-26T20:24:00Z INFO [128/500] 18df98bc-0354-485e-b543-6eade5a772bc: valid; 0.5 s; peak memory 2101 MiB.
2026-09-26T20:24:01Z INFO [129/500] 18e02d24-a29c-4545-ac54-cf8ac29e134f: valid; 0.9 s; peak memory 2101 MiB.
2026-09-26T20:24:03Z INFO [130/500] 18e099e9-e065-4307-b988-a03f2b75805f: valid; 2.2 s; peak memory 2101 MiB.
2026-09-26T20:24:04Z INFO [131/500] 18e0a017-32a1-417b-b727-59fec18fcf40: not valid; 0.8 s; peak memory 2101 MiB.
2026-09-26T20:24:04Z INFO [132/500] 18e1b913-184e-4b0c-b434-712ea284a035: valid; 0.6 s; peak memory 2101 MiB.
2026-09-26T20:24:05Z INFO [133/500] 18e1ea87-4c03-4c71-a2c8-b7310c84a62a: valid; 0.7 s; peak memory 2101 MiB.
2026-09-26T20:24:11Z INFO [134/500] 18e2044a-b8df-4d65-9654-73296a918113: valid; 5.5 s; peak memory 2259 MiB.
2026-09-26T20:24:12Z INFO [135/500] 18e265db-e131-4b49-9e28-51ffa6488dfa: valid; 1.4 s; peak memory 2259 MiB.
2026-09-26T20:24:13Z INFO [136/500] 18e29bd8-8cc3-4640-9ef9-3d4d88201ca7: not valid; 1.0 s; peak memory 2259 MiB.
2026-09-26T20:24:15Z INFO [137/500] 18e2ea51-d1fe-49cd-bb0e-25c463757d73: valid; 2.3 s; peak memory 2259 MiB.
2026-09-26T20:24:23Z INFO [138/500] 18e35351-154d-45f2-9f63-65038ef70dd6: not valid; 7.4 s; peak memory 2259 MiB.
2026-09-26T20:24:23Z INFO [139/500] 18e38190-eb3f-442e-bd09-59613e55b839: valid; 0.7 s; peak memory 2259 MiB.
2026-09-26T20:24:24Z INFO [140/500] 18e381c5-790f-486b-9537-0ca04cfc4235: valid; 1.1 s; peak memory 2259 MiB.
2026-09-26T20:24:32Z INFO [141/500] 18e3f6db-5105-4757-9766-933de9f9c88d: valid; 7.6 s; peak memory 2259 MiB.
2026-09-26T20:24:33Z INFO [142/500] 18e46d7e-3a3d-46e3-9a9d-59d93a720067: valid; 0.5 s; peak memory 2259 MiB.
2026-09-26T20:24:33Z INFO [143/500] 18e508d4-9209-4170-8adf-d2ddaf3baed9: not valid; 0.9 s; peak memory 2259 MiB.
2026-09-26T20:24:34Z INFO [144/500] 18e53777-e309-4b81-810b-42f376165451: valid; 1.0 s; peak memory 2259 MiB.
2026-09-26T20:24:35Z INFO [145/500] 18e5ea2e-9947-45aa-b4ac-05024a461d3a: not valid; 0.8 s; peak memory 2259 MiB.
2026-09-26T20:24:36Z INFO [146/500] 18e5fb27-bcbf-4919-83fa-347d33d246b8: not valid; 1.0 s; peak memory 2259 MiB.
2026-09-26T20:24:38Z INFO [147/500] 18e6b5bf-b092-401d-98bb-ab17b41a6486: valid; 1.6 s; peak memory 2259 MiB.
2026-09-26T20:24:39Z INFO [148/500] 18e6b6f1-fb46-4f0e-b987-986fc6ba5fad: valid; 1.1 s; peak memory 2259 MiB.
2026-09-26T20:24:41Z INFO [149/500] 18e6c881-fb73-49ec-9e0f-f9c66fed4593: valid; 1.5 s; peak memory 2259 MiB.
2026-09-26T20:24:41Z INFO [150/500] 18e6d106-c545-4611-9c9c-c2f360bce859: valid; 0.6 s; peak memory 2259 MiB.
2026-09-26T20:24:42Z INFO [150/500] 18e6d106-c545-4611-9c9c-c2f360bce859: checkpointed 81160 records.
2026-09-26T20:24:42Z INFO [151/500] 18e6f3c3-0dd7-484e-8b71-093d27cfb9e0: valid; 0.4 s; peak memory 2259 MiB.
2026-09-26T20:24:42Z WARNING 18e75d22-f527-4051-a4c8-c7e0f1e7dad1: failed while opening the NWB file (PathNotFoundError: nothing found at path '')
2026-09-26T20:24:44Z INFO [153/500] 18e77985-d753-419d-a501-74b6d57ab463: valid; 2.0 s; peak memory 2259 MiB.
2026-09-26T20:24:53Z INFO [154/500] 18e7d0f7-b8d6-4046-90be-d4deefd87ecc: valid; 8.9 s; peak memory 2352 MiB.
2026-09-26T20:24:54Z INFO [155/500] 18e80d77-8ca3-41c4-b748-10e2dd87405b: valid; 0.8 s; peak memory 2352 MiB.
2026-09-26T20:24:57Z INFO [156/500] 18e83d23-bcf8-4dc7-b8f4-5d358dcee630: not valid; 3.0 s; peak memory 2352 MiB.
2026-09-26T20:24:58Z INFO [157/500] 18e9709c-bf61-4847-b75a-ab0562655c29: valid; 0.7 s; peak memory 2352 MiB.
2026-09-26T20:24:58Z INFO [158/500] 18e98fd0-08c6-4cc2-8668-b54598f74c6d: valid; 0.5 s; peak memory 2352 MiB.
2026-09-26T20:25:00Z INFO [159/500] 18e99adc-1a2d-40fc-a8f4-4949d81db5f0: valid; 1.6 s; peak memory 2352 MiB.
2026-09-26T20:25:01Z INFO [160/500] 18e9a01b-87e2-4e17-b7ca-a88876a63803: valid; 1.1 s; peak memory 2352 MiB.
2026-09-26T20:25:05Z INFO [161/500] 18e9af08-dd35-4479-aa16-84861a774e80: valid; 4.4 s; peak memory 2365 MiB.
2026-09-26T20:25:08Z INFO [162/500] 18e9b468-39eb-4cbd-b700-cc06b430066d: valid; 2.5 s; peak memory 2373 MiB.
2026-09-26T20:25:09Z INFO [163/500] 18e9ca66-27f3-4b06-8e1d-908da9eeeacf: not valid; 0.9 s; peak memory 2378 MiB.
2026-09-26T20:25:10Z INFO [164/500] 18ea8280-f581-4e76-a98f-efc80dfd4c57: valid; 1.6 s; peak memory 2387 MiB.
2026-09-26T20:25:11Z INFO [165/500] 18eb4614-ac2b-4dc5-8aca-0487c65d93a9: valid; 0.7 s; peak memory 2391 MiB.
2026-09-26T20:25:15Z INFO [166/500] 18ebcc72-56dc-491d-98cd-c871d0d386a5: valid; 4.3 s; peak memory 2399 MiB.
2026-09-26T20:25:17Z INFO [167/500] 18ec058c-9157-4f78-a9ea-88b01a9f6856: valid; 1.3 s; peak memory 2399 MiB.
2026-09-26T20:25:18Z INFO [168/500] 18ec6949-4b5b-47f2-8e03-848496a9d435: not valid; 0.9 s; peak memory 2399 MiB.
2026-09-26T20:25:19Z INFO [169/500] 18edc4c0-20df-4c43-b8e0-7167eaffea43: not valid; 1.4 s; peak memory 2399 MiB.
2026-09-26T20:25:22Z INFO [170/500] 18edceae-a811-477b-9fdb-d50804a96699: not valid; 2.6 s; peak memory 2399 MiB.
2026-09-26T20:25:27Z INFO [171/500] 18edd663-2986-4d90-b32f-24ca798b78cd: valid; 5.3 s; peak memory 2400 MiB.
2026-09-26T20:25:28Z INFO [172/500] 18edff27-9a06-46f7-a517-76ab6d6e5028: valid; 1.1 s; peak memory 2400 MiB.
2026-09-26T20:25:29Z INFO [173/500] 18eea337-30ab-4289-8ae9-0f6e472ac8b4: valid; 0.6 s; peak memory 2400 MiB.
2026-09-26T20:25:30Z INFO [174/500] 18eefa2f-2db3-4817-b052-eae6fe8f699e: not valid; 1.0 s; peak memory 2400 MiB.
2026-09-26T20:25:31Z INFO [175/500] 18ef382e-8c9b-435d-8a4a-d43ab472e9ab: valid; 1.1 s; peak memory 2400 MiB.
2026-09-26T20:25:33Z INFO [176/500] 18efea65-18e5-42d5-9e26-849f739b78a9: valid; 1.9 s; peak memory 2400 MiB.
2026-09-26T20:25:34Z INFO [177/500] 18f09206-0fa7-442a-b0f6-418cf8591259: valid; 1.6 s; peak memory 2400 MiB.
2026-09-26T20:25:35Z WARNING 18f0e30e-02b0-42df-924b-be526e29a580: failed while opening the NWB file (ConstructError: (root/acquisition/_iblmic_audioSpectrogram/bands GroupBuilder {'attributes': {'colnames': array(['freq'], dtype=object), 'description': 'spectogram frequencies', 'namespace': 'core', 'neurodata_type': 'FrequencyBandsTable', 'object_id': '6a2da78a-52b5-4dc0-a75b-2141dcac84b2'}, 'groups': {}, 'datasets': {'freq': root/acquisition/_iblmic_audioSpectrogram/bands/freq DatasetBuilder {'attributes': {'description': 'frequency value', 'namespace': 'hdmf-common', 'neurodata_type': 'VectorData', 'object_id': '0d980c1a-8cf7-43bb-8677-27b635a53b4a'}, 'data': <HDF5 dataset "freq": shape (257,), type "<f4">}, 'id': root/acquisition/_iblmic_audioSpectrogram/bands/id DatasetBuilder {'attributes': {'namespace': 'hdmf-common', 'neurodata_type': 'ElementIdentifiers', 'object_id': '14468acb-6b70-4502-a7e6-63e9d960fd7c'}, 'data': <HDF5 dataset "id": shape (257,), type "<i4">}}, 'links': {}}, "Could not construct FrequencyBandsTable object due to: column must have the same number of rows as 'id'"))
2026-09-26T20:25:37Z INFO [179/500] 18f0f5f4-4bdd-463c-a2f7-c3372c2d8326: valid; 2.1 s; peak memory 2400 MiB.
2026-09-26T20:25:38Z INFO [180/500] 18f14dc6-3fe2-4bf7-85d6-b5bfa1115788: not valid; 0.7 s; peak memory 2400 MiB.
2026-09-26T20:25:39Z INFO [181/500] 18f15c9d-583c-485d-9a41-a8f357de0d74: valid; 0.4 s; peak memory 2400 MiB.
2026-09-26T20:25:40Z INFO [182/500] 18f18157-6db9-4041-a627-3136dbe4ab39: valid; 1.7 s; peak memory 2400 MiB.
2026-09-26T20:25:41Z INFO [183/500] 18f1aabd-7dd3-4cb3-8b68-f9f63d02a4dd: valid; 0.6 s; peak memory 2400 MiB.
2026-09-26T20:25:42Z INFO [184/500] 18f241ba-b939-47a0-9714-1afb34c934eb: valid; 1.6 s; peak memory 2400 MiB.
2026-09-26T20:25:52Z INFO [185/500] 18f25c66-1bee-4d99-bd0c-2299a4d6fd03: valid; 9.9 s; peak memory 2400 MiB.
2026-09-26T20:25:53Z INFO [186/500] 18f26f39-1aa7-4c38-a70b-6acbc5250d32: valid; 0.7 s; peak memory 2400 MiB.
2026-09-26T20:25:54Z INFO [187/500] 18f2ae70-7fb6-4182-9d03-10cf8fbac5cd: not valid; 0.9 s; peak memory 2400 MiB.
2026-09-26T20:25:55Z INFO [188/500] 18f2e345-4540-456a-8097-cfdf0425c5b0: valid; 0.6 s; peak memory 2400 MiB.
2026-09-26T20:25:56Z INFO [189/500] 18f3cdd6-4994-4b52-874a-30641715d95d: not valid; 1.0 s; peak memory 2400 MiB.
2026-09-26T20:25:57Z INFO [190/500] 18f42d37-4435-4299-a58e-169ec9703cd7: valid; 1.4 s; peak memory 2404 MiB.
2026-09-26T20:25:58Z INFO [191/500] 18f452c3-21b0-4cd9-88bc-032e97c2d63c: valid; 0.7 s; peak memory 2406 MiB.
2026-09-26T20:26:02Z INFO [192/500] 18f4c4ff-221c-424c-9175-c9a5423cd749: valid; 4.6 s; peak memory 2416 MiB.
2026-09-26T20:26:03Z INFO [193/500] 18f51c15-2f47-4463-bc28-78b91c8b4396: valid; 0.7 s; peak memory 2417 MiB.
2026-09-26T20:26:05Z INFO [194/500] 18f55a6f-b6a8-47c2-a356-262f07c50e1b: valid; 2.0 s; peak memory 2427 MiB.
2026-09-26T20:26:08Z INFO [195/500] 18f67678-575a-466b-af9e-cdfd57218afa: valid; 2.9 s; peak memory 2430 MiB.
2026-09-26T20:26:08Z INFO [196/500] 18f6d1d4-bdad-49cf-b732-e8e6d8d50b71: valid; 0.5 s; peak memory 2430 MiB.
2026-09-26T20:26:14Z INFO [197/500] 18f6f978-16b9-4217-877a-2a871fd0b9fd: valid; 5.9 s; peak memory 2600 MiB.
2026-09-26T20:26:15Z INFO [198/500] 18f71498-b535-475e-9ba4-e2a41a7e63e8: not valid; 0.7 s; peak memory 2600 MiB.
2026-09-26T20:26:17Z INFO [199/500] 18f72985-f45d-423c-9b8e-51bee7fc7165: not valid; 2.4 s; peak memory 2600 MiB.
2026-09-26T20:26:19Z INFO [200/500] 18f76d06-1b66-4f21-8917-40a5c4630942: not valid; 1.7 s; peak memory 2600 MiB.
2026-09-26T20:26:20Z INFO [200/500] 18f76d06-1b66-4f21-8917-40a5c4630942: checkpointed 81210 records.
2026-09-26T20:26:21Z INFO [201/500] 18f7fe1c-9804-4c2a-8bc7-1509f1341ed5: valid; 1.3 s; peak memory 2600 MiB.
2026-09-26T20:26:22Z INFO [202/500] 18f8689d-8ed3-413c-9b1b-46127c725fba: valid; 0.6 s; peak memory 2600 MiB.
2026-09-26T20:26:23Z INFO [203/500] 18f8aa6f-df50-43aa-b052-97e223a029e4: valid; 1.1 s; peak memory 2600 MiB.
2026-09-26T20:26:24Z INFO [204/500] 18f8b791-4814-4e00-b742-6c3574d0b726: valid; 1.2 s; peak memory 2608 MiB.
2026-09-26T20:26:25Z INFO [205/500] 18f8df71-bf71-4645-9785-e6fc50d9cd8a: valid; 1.5 s; peak memory 2617 MiB.
2026-09-26T20:26:32Z INFO [206/500] 18f901ad-7b80-4d21-beb8-8421caa3dcdd: valid; 6.7 s; peak memory 2835 MiB.
2026-09-26T20:26:33Z INFO [207/500] 18f949c6-32de-4b35-96af-eee301831ab0: not valid; 0.8 s; peak memory 2835 MiB.
2026-09-26T20:26:35Z INFO [208/500] 18f9b397-a4c9-4e6c-b7fe-00d2dd479372: valid; 1.9 s; peak memory 2835 MiB.
2026-09-26T20:26:37Z INFO [209/500] 18f9f05d-39d4-47e0-80fc-8fc4704fccc9: valid; 2.6 s; peak memory 2835 MiB.
2026-09-26T20:26:40Z INFO [210/500] 18fa36bf-e609-416b-8a32-2798f2222057: not valid; 2.1 s; peak memory 2835 MiB.
2026-09-26T20:26:51Z INFO [211/500] 18fa3acc-16b3-4118-aec0-9776002479d4: not valid; 11.7 s; peak memory 2835 MiB.
2026-09-26T20:26:52Z INFO [212/500] 18fa4f2f-4bb9-4013-8004-22ef3a502feb: valid; 1.3 s; peak memory 2835 MiB.
2026-09-26T20:26:53Z INFO [213/500] 18fa6d92-427f-4a33-aa35-21b8eccfae8f: valid; 1.0 s; peak memory 2835 MiB.
2026-09-26T20:26:58Z INFO [214/500] 18faafb1-d06e-4d97-aadb-0ecd24eacdd2: valid; 4.4 s; peak memory 2835 MiB.
2026-09-26T20:26:58Z INFO [215/500] 18fb2a50-399a-42e2-af6e-7714d70c3fbb: valid; 0.6 s; peak memory 2835 MiB.
2026-09-26T20:26:59Z INFO [216/500] 18fd464d-3b07-4233-baec-a9bc5710fafa: not valid; 0.8 s; peak memory 2835 MiB.
2026-09-26T20:27:00Z INFO [217/500] 18fd7d6f-642c-4d1f-86b5-ddd68a2382ee: valid; 0.8 s; peak memory 2835 MiB.
2026-09-26T20:27:01Z INFO [218/500] 18fdfcea-c749-48bc-9dcb-2679970ddaa9: not valid; 1.3 s; peak memory 2835 MiB.
2026-09-26T20:27:03Z INFO [219/500] 18fe048a-20c6-423b-9513-06f79c9d70ad: valid; 1.5 s; peak memory 2835 MiB.
2026-09-26T20:27:04Z INFO [220/500] 18fe051e-d573-4b9e-aa00-6efb6c19050e: valid; 0.7 s; peak memory 2835 MiB.
2026-09-26T20:27:04Z INFO [221/500] 18fe3ca4-d46f-44ed-b507-af464c1c3f4e: valid; 0.7 s; peak memory 2835 MiB.
2026-09-26T20:27:06Z INFO [222/500] 18fe6cd2-2e0b-4f60-9f7d-f96d648ae01a: valid; 1.7 s; peak memory 2835 MiB.
2026-09-26T20:27:08Z INFO [223/500] 18ff746a-82bc-4fcd-807d-8596d1dfac80: valid; 1.7 s; peak memory 2835 MiB.
2026-09-26T20:27:09Z INFO [224/500] 1900baad-336b-47bb-98bd-8a8fe0443651: not valid; 1.0 s; peak memory 2835 MiB.
2026-09-26T20:27:10Z INFO [225/500] 1900cf47-90fd-407c-9795-4b11548a9874: valid; 0.9 s; peak memory 2835 MiB.
2026-09-26T20:27:11Z INFO [226/500] 19011fff-538a-4d6f-85d6-32eb8e885407: not valid; 1.6 s; peak memory 2835 MiB.
2026-09-26T20:27:12Z INFO [227/500] 1901ce3b-a9cb-42f0-93ec-0eec4d696eea: valid; 0.7 s; peak memory 2835 MiB.
2026-09-26T20:27:13Z INFO [228/500] 1901f99f-2b02-4071-832f-bd2f4d25f9f4: valid; 0.9 s; peak memory 2835 MiB.
2026-09-26T20:27:17Z INFO [229/500] 19020333-dbc8-4e43-b372-a9ec2ffc1b29: valid; 4.4 s; peak memory 2841 MiB.
2026-09-26T20:27:18Z WARNING 19020ec2-8f02-43d3-be77-e85b675c215a: failed while opening the NWB file (ConstructError: (root/acquisition/_iblmic_audioSpectrogram/bands GroupBuilder {'attributes': {'colnames': array(['freq'], dtype=object), 'description': 'spectogram frequencies', 'namespace': 'core', 'neurodata_type': 'FrequencyBandsTable', 'object_id': '42b087c6-ad32-468a-be8d-d7d604bf9c2d'}, 'groups': {}, 'datasets': {'freq': root/acquisition/_iblmic_audioSpectrogram/bands/freq DatasetBuilder {'attributes': {'description': 'frequency value', 'namespace': 'hdmf-common', 'neurodata_type': 'VectorData', 'object_id': 'b802bc53-fc52-4e51-a881-8ad64311a694'}, 'data': <HDF5 dataset "freq": shape (257,), type "<f4">}, 'id': root/acquisition/_iblmic_audioSpectrogram/bands/id DatasetBuilder {'attributes': {'namespace': 'hdmf-common', 'neurodata_type': 'ElementIdentifiers', 'object_id': '33769cc7-4d21-496d-b80f-811973813f09'}, 'data': <HDF5 dataset "id": shape (257,), type "<i4">}}, 'links': {}}, "Could not construct FrequencyBandsTable object due to: column must have the same number of rows as 'id'"))
2026-09-26T20:27:19Z INFO [231/500] 1902471d-20a4-4783-be86-a2224e8ead56: not valid; 1.0 s; peak memory 2842 MiB.
2026-09-26T20:27:21Z INFO [232/500] 19028600-da54-498f-9bde-13533d7fdff0: not valid; 2.2 s; peak memory 2842 MiB.
2026-09-26T20:27:22Z INFO [233/500] 19040b73-f7c1-4fca-bead-e777b5684505: not valid; 0.9 s; peak memory 2842 MiB.
2026-09-26T20:27:23Z INFO [234/500] 19041e1b-b175-4d79-ad7d-bf48dec2dc44: valid; 0.6 s; peak memory 2842 MiB.
2026-09-26T20:27:24Z INFO [235/500] 19047d2a-20f5-4ad2-ad01-1b9ff0e6f067: valid; 0.6 s; peak memory 2842 MiB.
2026-09-26T20:27:25Z INFO [236/500] 1904eef1-0672-4bd9-9af1-f9105064f169: valid; 0.9 s; peak memory 2842 MiB.
2026-09-26T20:27:26Z WARNING 19051a04-5991-491c-b58c-aa488d9470a1: failed while opening the NWB file (ConstructError: (root/acquisition/event_code_meanings GroupBuilder {'attributes': {'colnames': array(['value', 'meaning'], dtype=object), 'description': 'Mapping integer event codes to event labels', 'namespace': 'ndx-events', 'neurodata_type': 'MeaningsTable', 'object_id': '3a1eea81-e313-4ea4-baff-8caba994ab44'}, 'groups': {}, 'datasets': {'id': root/acquisition/event_code_meanings/id DatasetBuilder {'attributes': {'namespace': 'hdmf-common', 'neurodata_type': 'ElementIdentifiers', 'object_id': '6ee361d0-ef7d-47da-8d92-3c1f49e4e8b1'}, 'data': <HDF5 dataset "id": shape (26,), type "<i8">}, 'meaning': root/acquisition/event_code_meanings/meaning DatasetBuilder {'attributes': {'description': 'The meaning of the value in the parent CategoricalVectorData object.', 'namespace': 'hdmf-experimental', 'neurodata_type': 'VectorData', 'object_id': '1ac6f9a3-a239-43c5-9d66-f4e5d510a9bc'}, 'data': <StrDataset for HDF5 dataset "meaning": shape (26,), type "|O">}, 'value': root/acquisition/event_code_meanings/value DatasetBuilder {'attributes': {'description': 'The value of the parent CategoricalVectorData object.', 'namespace': 'hdmf-experimental', 'neurodata_type': 'VectorData', 'object_id': '2c9852b7-cc7d-4d0c-a1e8-47eeabf2113e'}, 'data': <HDF5 dataset "value": shape (26,), type "<i8">}}, 'links': {}}, "Could not construct MeaningsTable object due to: MeaningsTable.__init__: missing argument 'target'"))
2026-09-26T20:27:27Z INFO [238/500] 19063072-3a35-44ec-beab-12361dbcd79a: valid; 1.2 s; peak memory 2842 MiB.
2026-09-26T20:27:28Z INFO [239/500] 19067b21-040b-4b3d-845c-22c835b0da94: not valid; 1.4 s; peak memory 2842 MiB.
2026-09-26T20:27:29Z INFO [240/500] 1906bcb6-1e68-43d2-8eb3-caa0f0a0ffd6: valid; 0.8 s; peak memory 2842 MiB.
2026-09-26T20:27:30Z INFO [241/500] 19071c5c-f6f6-40e0-8ca6-b058fbdf71cf: valid; 0.9 s; peak memory 2842 MiB.
2026-09-26T20:27:31Z INFO [242/500] 19074b82-7a70-4110-97af-5b366d7e9ef2: valid; 1.0 s; peak memory 2842 MiB.
2026-09-26T20:27:32Z INFO [243/500] 19075630-81f1-436c-8dd9-bd862e1965f8: not valid; 1.1 s; peak memory 2842 MiB.
2026-09-26T20:28:05Z INFO [244/500] 190782de-3dd8-49c5-b850-8dea11a982c0: valid; 33.1 s; peak memory 3007 MiB.
2026-09-26T20:28:07Z INFO [245/500] 1907931b-c2eb-4b7d-8bc5-4c9518edfe7b: valid; 1.6 s; peak memory 3009 MiB.
2026-09-26T20:28:09Z INFO [246/500] 1907b687-824f-4c72-a8a3-c808fb7f3859: valid; 1.9 s; peak memory 3019 MiB.
2026-09-26T20:28:13Z INFO [247/500] 1908a448-47bd-488e-b5dc-e4d2e639eefd: valid; 3.6 s; peak memory 3019 MiB.
2026-09-26T20:28:14Z INFO [248/500] 1908fe4d-4e2e-4611-99ed-31aa18dd87be: valid; 1.1 s; peak memory 3019 MiB.
2026-09-26T20:28:23Z INFO [249/500] 190988f7-73ff-4090-81d6-1ea71b972f50: valid; 9.7 s; peak memory 3019 MiB.
2026-09-26T20:28:24Z INFO [250/500] 19098fbc-b40d-4036-b325-2eba2de2652e: valid; 0.7 s; peak memory 3019 MiB.
2026-09-26T20:28:25Z INFO [250/500] 19098fbc-b40d-4036-b325-2eba2de2652e: checkpointed 81260 records.
2026-09-26T20:28:25Z INFO [251/500] 1909a271-9e45-4fe2-97f9-ff6ae4494b29: not valid; 0.8 s; peak memory 3019 MiB.
2026-09-26T20:28:28Z INFO [252/500] 1909cc09-30d4-4ea6-8296-de5ce937bc76: valid; 2.7 s; peak memory 3019 MiB.
2026-09-26T20:28:30Z INFO [253/500] 1909e5f0-c3ef-4151-b185-dd8da845d55f: valid; 1.8 s; peak memory 3019 MiB.
2026-09-26T20:28:30Z INFO [254/500] 190a0899-4fa8-48d6-bd97-29545c3d7761: valid; 0.7 s; peak memory 3019 MiB.
2026-09-26T20:28:32Z INFO [255/500] 190a7c60-f5af-4f58-acd3-d883014a573e: valid; 2.0 s; peak memory 3019 MiB.
2026-09-26T20:28:33Z INFO [256/500] 190ac0dc-e8fe-4a85-baf8-d9a93e34e78e: valid; 0.7 s; peak memory 3019 MiB.
2026-09-26T20:28:34Z INFO [257/500] 190b9fb0-368d-40bf-9b95-031619f550c8: valid; 0.6 s; peak memory 3019 MiB.
2026-09-26T20:28:36Z INFO [258/500] 190be370-f11d-46f4-8b62-f5cf930f5e62: valid; 2.2 s; peak memory 3019 MiB.
2026-09-26T20:28:40Z INFO [259/500] 190c2f8e-5e3a-458a-91dd-e5af4a51afed: valid; 3.6 s; peak memory 3019 MiB.
2026-09-26T20:28:40Z WARNING 190c4a76-72bc-4955-bd01-39c017ba1072: failed while retrieving asset information from the DANDI API (NotFoundError: No asset at path 'sub-F6/sub-F6_ses-TD2NoShock.nwb' in version 0.260902.1724. Verify the path is correct and the asset exists in this version. Use 'dandi ls' to list available assets.)
2026-09-26T20:28:40Z INFO [261/500] 190c92b4-e6ea-4575-a938-d0ccd1be9285: valid; 0.8 s; peak memory 3019 MiB.
2026-09-26T20:28:41Z INFO [262/500] 190cec6f-49f9-4a09-b3c5-8e4fa6f74a60: valid; 0.5 s; peak memory 3019 MiB.
2026-09-26T20:28:42Z INFO [263/500] 190d6582-e9d2-4552-9917-66107d276e82: valid; 1.2 s; peak memory 3019 MiB.
2026-09-26T20:28:43Z INFO [264/500] 190d7a77-2598-4950-9c25-69aef266bd71: valid; 0.6 s; peak memory 3019 MiB.
2026-09-26T20:28:44Z INFO [265/500] 190d7d52-e2d6-459d-835d-6a77701922cd: valid; 1.1 s; peak memory 3019 MiB.
2026-09-26T20:28:44Z INFO [266/500] 190f4740-33d3-44b4-9037-c498be6fc4b2: valid; 0.5 s; peak memory 3019 MiB.
2026-09-26T20:28:52Z INFO [267/500] 191035b2-7e3a-4bf7-aefb-e071e877296c: valid; 7.7 s; peak memory 3027 MiB.
2026-09-26T20:28:53Z INFO [268/500] 19103d86-a7b1-4855-911f-9b8006217a4c: valid; 0.7 s; peak memory 3027 MiB.
2026-09-26T20:28:55Z INFO [269/500] 1910431f-f4a6-4c58-8621-78f2b9d4be52: valid; 2.0 s; peak memory 3029 MiB.
2026-09-26T20:28:57Z INFO [270/500] 19104555-1d4e-480a-b80d-7b59dda7de97: valid; 2.3 s; peak memory 3032 MiB.
2026-09-26T20:28:58Z INFO [271/500] 19108e6f-2dbe-4c04-a515-59941f4c75d3: not valid; 1.1 s; peak memory 3038 MiB.
2026-09-26T20:28:59Z INFO [272/500] 1910dd30-5055-4fce-8761-2a3d1c9e9714: valid; 1.4 s; peak memory 3041 MiB.
2026-09-26T20:29:00Z INFO [273/500] 1910e908-d146-4791-a47e-cd7ca600c85c: valid; 0.6 s; peak memory 3041 MiB.
2026-09-26T20:29:01Z INFO [274/500] 1910ef64-4d7a-42de-8dee-6707c8a0096d: valid; 1.0 s; peak memory 3041 MiB.
2026-09-26T20:29:02Z WARNING 1911581b-c606-42eb-8ab6-4b9ad6962fd0: failed while opening the NWB file (ConstructError: (root/acquisition/_iblmic_audioSpectrogram/bands GroupBuilder {'attributes': {'colnames': array(['freq'], dtype=object), 'description': 'spectogram frequencies', 'namespace': 'core', 'neurodata_type': 'FrequencyBandsTable', 'object_id': 'cebae34a-ed8f-4f48-a24e-af62a7012795'}, 'groups': {}, 'datasets': {'freq': root/acquisition/_iblmic_audioSpectrogram/bands/freq DatasetBuilder {'attributes': {'description': 'frequency value', 'namespace': 'hdmf-common', 'neurodata_type': 'VectorData', 'object_id': 'f7f12f2a-d576-478b-ae7b-a6cede04dd6d'}, 'data': <HDF5 dataset "freq": shape (257,), type "<f4">}, 'id': root/acquisition/_iblmic_audioSpectrogram/bands/id DatasetBuilder {'attributes': {'namespace': 'hdmf-common', 'neurodata_type': 'ElementIdentifiers', 'object_id': '0fb1f55a-d403-4a81-9406-2732bdab483d'}, 'data': <HDF5 dataset "id": shape (257,), type "<i4">}}, 'links': {}}, "Could not construct FrequencyBandsTable object due to: column must have the same number of rows as 'id'"))
2026-09-26T20:29:03Z INFO [276/500] 1911ccb9-e2cb-415c-bfb7-bd53a12aa7cc: not valid; 0.9 s; peak memory 3041 MiB.
2026-09-26T20:29:04Z INFO [277/500] 19124186-14e9-47f7-98d9-531f715e3abc: valid; 1.2 s; peak memory 3041 MiB.
2026-09-26T20:29:12Z INFO [278/500] 1912ed8c-8b80-480d-b10f-3de3393dc2f1: valid; 7.6 s; peak memory 3079 MiB.
2026-09-26T20:29:13Z INFO [279/500] 1913ec1c-a08e-4e11-a680-fcfcd27a1deb: valid; 1.1 s; peak memory 3079 MiB.
2026-09-26T20:29:14Z INFO [280/500] 1913f36b-f57d-48f2-99d3-5dc2dbbfd29d: valid; 0.9 s; peak memory 3079 MiB.
2026-09-26T20:29:15Z INFO [281/500] 1914242f-ff06-4ed6-ab19-3ab3484dc508: valid; 1.6 s; peak memory 3079 MiB.
2026-09-26T20:29:16Z INFO [282/500] 19144c42-1330-438e-a223-b072f2260372: not valid; 1.1 s; peak memory 3079 MiB.
2026-09-26T20:29:17Z INFO [283/500] 1914e12a-e975-44aa-a0ce-122e13e0200e: valid; 0.7 s; peak memory 3079 MiB.
2026-09-26T20:29:17Z WARNING 19150d75-c616-4a05-b3d9-f2b5dd0f799a: failed while retrieving asset information from the DANDI API (NotFoundError: No asset at path 'sub-455220/sub-455220_ses-20190804T152922_behavior+ecephys+ogen.nwb' in version 0.231012.2129. Verify the path is correct and the asset exists in this version. Use 'dandi ls' to list available assets.)
2026-09-26T20:29:18Z INFO [285/500] 1915da6b-ea34-4f87-a4c7-f96b55c39a12: valid; 0.8 s; peak memory 3079 MiB.
2026-09-26T20:29:20Z INFO [286/500] 19160665-bea2-450b-854e-9fbcfe8f0e8e: valid; 1.9 s; peak memory 3079 MiB.
2026-09-26T20:29:27Z INFO [287/500] 1916baf4-2783-490c-a74d-97749be1fc8e: valid; 6.9 s; peak memory 3098 MiB.
2026-09-26T20:29:28Z INFO [288/500] 1917db3e-cbfc-4d4c-9774-1ef7b8a1195b: not valid; 1.0 s; peak memory 3104 MiB.
2026-09-26T20:29:28Z INFO [289/500] 19191d7c-daaa-4a7a-800f-280ce09684ed: valid; 0.7 s; peak memory 3106 MiB.
2026-09-26T20:29:33Z INFO [290/500] 1919291a-6a4f-44d3-b216-6ea4faebadde: valid; 4.5 s; peak memory 3121 MiB.
2026-09-26T20:29:37Z INFO [291/500] 191a42b2-1245-45ee-b664-1ff160a01ba9: not valid; 4.1 s; peak memory 3147 MiB.
2026-09-26T20:29:38Z INFO [292/500] 191a76c8-faad-4280-bb99-74b840641450: valid; 1.3 s; peak memory 3147 MiB.
2026-09-26T20:29:39Z INFO [293/500] 191b10f1-f979-4270-9013-0b423b2b41b9: valid; 1.1 s; peak memory 3147 MiB.
2026-09-26T20:29:42Z INFO [294/500] 191bac72-cb97-4957-af92-66c2bd3d4dad: valid; 2.5 s; peak memory 3147 MiB.
2026-09-26T20:29:43Z INFO [295/500] 191bb381-c313-41b6-bec9-e47eaec44980: valid; 1.2 s; peak memory 3147 MiB.
2026-09-26T20:29:46Z INFO [296/500] 191c90a1-3377-4fbc-8b58-1737f74a1a78: valid; 3.0 s; peak memory 3147 MiB.
2026-09-26T20:29:50Z INFO [297/500] 191d3b0d-4d5f-4381-ba67-d281c2e82e35: not valid; 3.3 s; peak memory 3205 MiB.
2026-09-26T20:29:56Z INFO [298/500] 191dbfb6-44f3-40ee-812d-5593ec46c7b3: valid; 6.5 s; peak memory 3437 MiB.
2026-09-26T20:30:00Z INFO [299/500] 191e3c01-eb94-4930-b119-93040faca040: not valid; 3.8 s; peak memory 3438 MiB.
2026-09-26T20:30:00Z WARNING 191e4902-358c-4e81-a06f-bc9e2f92cfe0: failed while retrieving asset information from the DANDI API (NotFoundError: No asset at path 'sub-parkinson-simulated-lfp/sub-parkinson-simulated-lfp_ses-7131_ecephys.nwb' in version 0.250327.2220. Verify the path is correct and the asset exists in this version. Use 'dandi ls' to list available assets.)
2026-09-26T20:30:00Z INFO [300/500] 191e4902-358c-4e81-a06f-bc9e2f92cfe0: checkpointed 81310 records.
2026-09-26T20:30:02Z INFO [301/500] 191ee120-cb84-4992-8049-96f6d51e7b57: valid; 1.4 s; peak memory 3438 MiB.
2026-09-26T20:30:04Z INFO [302/500] 191f1295-6811-4a90-b6a7-05968dca15eb: valid; 1.9 s; peak memory 3438 MiB.
2026-09-26T20:30:07Z INFO [303/500] 191f1b85-64c1-4a20-a5c9-65e7c9212803: valid; 3.6 s; peak memory 3438 MiB.
2026-09-26T20:30:09Z INFO [304/500] 191f4c2e-253d-4d12-8fe3-d039b90f707d: valid; 1.5 s; peak memory 3438 MiB.
2026-09-26T20:30:10Z INFO [305/500] 191fefb1-ab3f-498b-9488-0826dba5202f: not valid; 1.0 s; peak memory 3438 MiB.
2026-09-26T20:30:12Z INFO [306/500] 192037c1-8bb4-4b9e-9281-73e815d5ec74: valid; 1.8 s; peak memory 3438 MiB.
2026-09-26T20:30:13Z INFO [307/500] 19208ee8-174a-4f6a-b084-e16029b8bd86: valid; 1.9 s; peak memory 3438 MiB.
2026-09-26T20:30:14Z INFO [308/500] 19209e18-8d3c-4992-9c07-0ab58e9c7f07: valid; 0.7 s; peak memory 3438 MiB.
2026-09-26T20:30:15Z WARNING 192152a8-0983-49a3-87ab-284f43c22781: failed while opening the NWB file (ConstructError: (root/acquisition/_iblmic_audioSpectrogram/bands GroupBuilder {'attributes': {'colnames': array(['freq'], dtype=object), 'description': 'spectogram frequencies', 'namespace': 'core', 'neurodata_type': 'FrequencyBandsTable', 'object_id': '2f9dea5b-9353-4dfa-8c1e-0d58684427f7'}, 'groups': {}, 'datasets': {'freq': root/acquisition/_iblmic_audioSpectrogram/bands/freq DatasetBuilder {'attributes': {'description': 'frequency value', 'namespace': 'hdmf-common', 'neurodata_type': 'VectorData', 'object_id': '09ed0e2a-e073-47b1-8961-986cd7fad857'}, 'data': <HDF5 dataset "freq": shape (257,), type "<f4">}, 'id': root/acquisition/_iblmic_audioSpectrogram/bands/id DatasetBuilder {'attributes': {'namespace': 'hdmf-common', 'neurodata_type': 'ElementIdentifiers', 'object_id': 'fb03f15a-734e-4177-adba-8b5ed6bb0d9e'}, 'data': <HDF5 dataset "id": shape (257,), type "<i4">}}, 'links': {}}, "Could not construct FrequencyBandsTable object due to: column must have the same number of rows as 'id'"))
2026-09-26T20:30:17Z INFO [310/500] 19215aaa-cbfd-4d37-9357-757d18ea09e2: valid; 1.5 s; peak memory 3438 MiB.
2026-09-26T20:30:20Z INFO [311/500] 1921869e-1bb7-4e66-9909-368edb54f245: valid; 3.1 s; peak memory 3438 MiB.
2026-09-26T20:30:22Z INFO [312/500] 192200b9-a16e-44ab-b31a-984829643fd9: valid; 2.3 s; peak memory 3438 MiB.
2026-09-26T20:30:23Z INFO [313/500] 1922b87e-4add-4db0-bc0e-6daa640a37fb: valid; 1.3 s; peak memory 3438 MiB.
2026-09-26T20:30:30Z INFO [314/500] 1922b90d-380b-421c-bbed-21bfae7188fe: valid; 6.2 s; peak memory 3582 MiB.
2026-09-26T20:30:31Z WARNING 1922c202-151e-4c4e-868f-ff3badec643a: failed while opening the NWB file (ConstructError: (root/acquisition/_iblmic_audioSpectrogram/bands GroupBuilder {'attributes': {'colnames': array(['freq'], dtype=object), 'description': 'spectogram frequencies', 'namespace': 'core', 'neurodata_type': 'FrequencyBandsTable', 'object_id': '8daa70c6-3e37-4099-ae05-a977ec98bd3e'}, 'groups': {}, 'datasets': {'freq': root/acquisition/_iblmic_audioSpectrogram/bands/freq DatasetBuilder {'attributes': {'description': 'frequency value', 'namespace': 'hdmf-common', 'neurodata_type': 'VectorData', 'object_id': 'ce10fbaf-d9ab-4ee4-afe5-d8a2053abb75'}, 'data': <HDF5 dataset "freq": shape (257,), type "<f4">}, 'id': root/acquisition/_iblmic_audioSpectrogram/bands/id DatasetBuilder {'attributes': {'namespace': 'hdmf-common', 'neurodata_type': 'ElementIdentifiers', 'object_id': 'f426a6b4-f4cf-4f31-8b19-fc83096d4b1e'}, 'data': <HDF5 dataset "id": shape (257,), type "<i4">}}, 'links': {}}, "Could not construct FrequencyBandsTable object due to: column must have the same number of rows as 'id'"))
2026-09-26T20:30:32Z INFO [316/500] 1925554c-e3ef-40c6-9376-b96a3980ac9b: valid; 1.1 s; peak memory 3582 MiB.
2026-09-26T20:30:33Z INFO [317/500] 19259d26-bd9d-449b-a7fe-da37ffb8796a: not valid; 1.0 s; peak memory 3582 MiB.
2026-09-26T20:30:33Z INFO [318/500] 19261f04-1905-44df-a1eb-7f06d093bea1: not valid; 0.7 s; peak memory 3582 MiB.
2026-09-26T20:30:36Z INFO [319/500] 19267d5d-e603-4314-901d-05d13ffd7f47: valid; 2.1 s; peak memory 3582 MiB.
2026-09-26T20:30:36Z INFO [320/500] 1926cbd7-ab3a-4623-9c6b-684c1bb54b03: valid; 0.7 s; peak memory 3582 MiB.
2026-09-26T20:30:37Z INFO [321/500] 1927051e-5b2a-4988-8221-7787a7911768: valid; 0.7 s; peak memory 3582 MiB.
2026-09-26T20:30:49Z INFO [322/500] 19270bb8-15d9-4b0c-86ab-beece111f18e: valid; 12.1 s; peak memory 3803 MiB.
2026-09-26T20:30:50Z INFO [323/500] 19271bb4-7809-4bd6-8796-917b862e09ea: valid; 1.5 s; peak memory 3803 MiB.
2026-09-26T20:30:51Z INFO [324/500] 19279dc0-33f9-4ba8-a14f-878bbc1de018: not valid; 0.8 s; peak memory 3803 MiB.
2026-09-26T20:30:52Z INFO [325/500] 1928462d-331a-4edb-a18b-06af0991e51a: valid; 0.9 s; peak memory 3803 MiB.
2026-09-26T20:30:54Z INFO [326/500] 192894a2-634d-4484-b608-7063c3dc734a: valid; 1.9 s; peak memory 3803 MiB.
2026-09-26T20:30:55Z INFO [327/500] 19289c90-44b0-43e5-8ad3-c11ec7c233b3: valid; 0.8 s; peak memory 3803 MiB.
2026-09-26T20:30:56Z INFO [328/500] 192991e0-45a6-402f-8f5e-29518783c622: not valid; 1.4 s; peak memory 3803 MiB.
2026-09-26T20:30:57Z INFO [329/500] 192a0c4a-d2b8-4234-94e5-d7f68ede2fea: valid; 1.1 s; peak memory 3803 MiB.
2026-09-26T20:30:59Z INFO [330/500] 192a891e-30d2-4e1c-a060-50e5475c00f0: valid; 1.3 s; peak memory 3803 MiB.
2026-09-26T20:31:00Z INFO [331/500] 192abb33-46b4-4651-8d38-03491f64dc52: valid; 1.8 s; peak memory 3803 MiB.
2026-09-26T20:31:06Z INFO [332/500] 192b1406-c495-46fb-acbd-8536bd332fe2: not valid; 5.5 s; peak memory 3803 MiB.
2026-09-26T20:31:07Z INFO [333/500] 192b475f-9cfd-4b86-815d-965493470db1: not valid; 1.1 s; peak memory 3803 MiB.
2026-09-26T20:31:07Z INFO [334/500] 192b88c4-ec49-4b0b-bd73-2b26296b9b31: valid; 0.5 s; peak memory 3803 MiB.
2026-09-26T20:31:09Z INFO [335/500] 192b8d9a-b917-4e30-a6bc-5edac78ba112: valid; 1.4 s; peak memory 3803 MiB.
2026-09-26T20:31:17Z INFO [336/500] 192bae2f-fd22-4079-bc3a-8728b1fd0679: valid; 8.5 s; peak memory 3854 MiB.
2026-09-26T20:31:18Z INFO [337/500] 192bcc12-e729-48ea-b443-1f0f117ab7eb: not valid; 0.8 s; peak memory 3858 MiB.
2026-09-26T20:31:20Z INFO [338/500] 192dc0cf-6d84-41e8-8028-2b2e1dc6e09a: valid; 2.0 s; peak memory 3861 MiB.
2026-09-26T20:31:22Z INFO [339/500] 192dc6d5-caba-4a8c-9e7a-3a87f69925a4: valid; 1.6 s; peak memory 3861 MiB.
2026-09-26T20:31:22Z WARNING 192e1158-7b74-4713-8f31-dbb2f69e525d: failed while retrieving asset information from the DANDI API (NotFoundError: No asset at path 'sub-460432/sub-460432_ses-20191220T140433_behavior+ecephys+ogen.nwb' in version 0.231012.2129. Verify the path is correct and the asset exists in this version. Use 'dandi ls' to list available assets.)
2026-09-26T20:31:23Z INFO [341/500] 192e1fae-9606-4e82-a276-a35d1af8f92c: valid; 0.9 s; peak memory 3861 MiB.
2026-09-26T20:31:25Z INFO [342/500] 192f5705-209a-49d1-98d9-6d8a40917ccd: valid; 2.3 s; peak memory 3861 MiB.
2026-09-26T20:31:26Z INFO [343/500] 192fb397-5234-4354-8c24-e3f24d90dc63: valid; 0.6 s; peak memory 3861 MiB.
2026-09-26T20:31:31Z INFO [344/500] 192fc68d-0d6d-4608-a146-b77c8b528d51: not valid; 5.7 s; peak memory 3977 MiB.
2026-09-26T20:31:32Z INFO [345/500] 19314e62-e64a-4a4a-972a-a51bf2adffc5: not valid; 0.9 s; peak memory 3977 MiB.
2026-09-26T20:31:34Z INFO [346/500] 19315b85-a96f-4126-81a3-3c29e0f0a072: valid; 1.2 s; peak memory 3977 MiB.
2026-09-26T20:31:35Z INFO [347/500] 19316f02-86cf-4269-ae6a-4572081b2a49: valid; 1.5 s; peak memory 3977 MiB.
2026-09-26T20:31:36Z INFO [348/500] 19322f2b-d40c-4703-aa92-cd919a067859: valid; 1.0 s; peak memory 3977 MiB.
2026-09-26T20:31:40Z INFO [349/500] 193254c7-338b-4590-b1a7-643937cfd44e: valid; 3.6 s; peak memory 3977 MiB.
2026-09-26T20:31:43Z INFO [350/500] 19325b59-7b44-4915-bd0f-22431884954a: valid; 3.7 s; peak memory 3977 MiB.
2026-09-26T20:31:44Z INFO [350/500] 19325b59-7b44-4915-bd0f-22431884954a: checkpointed 81360 records.
2026-09-26T20:31:44Z INFO [351/500] 19327802-0d4d-42b8-bcce-f726f1bc7b1f: valid; 0.4 s; peak memory 3977 MiB.
2026-09-26T20:31:47Z INFO [352/500] 1932a0fe-2322-4763-b15d-ce764f2468fe: not valid; 2.9 s; peak memory 3977 MiB.
2026-09-26T20:31:53Z INFO [353/500] 1932a898-ec7b-4e02-a137-690e3a06cf94: valid; 6.1 s; peak memory 3978 MiB.
2026-09-26T20:31:54Z INFO [354/500] 1932f5d2-4cd3-4547-9f65-850159eba260: valid; 0.8 s; peak memory 3979 MiB.
2026-09-26T20:31:55Z INFO [355/500] 19330299-4c59-497f-a9c1-e0283f2b9af7: valid; 1.2 s; peak memory 3980 MiB.
2026-09-26T20:31:56Z INFO [356/500] 1933638f-6b89-4328-92a4-adc6382c5771: not valid; 0.8 s; peak memory 3981 MiB.
2026-09-26T20:31:57Z INFO [357/500] 1934bc35-a717-428e-bfb8-4b7acda6950c: valid; 0.6 s; peak memory 3981 MiB.
2026-09-26T20:32:03Z INFO [358/500] 19355151-db5c-40d7-9ccf-eb1ce7344ec4: valid; 5.7 s; peak memory 3997 MiB.
2026-09-26T20:32:16Z INFO [359/500] 1935b8ca-ab45-43b6-9ed3-87017bea04ed: valid; 13.6 s; peak memory 4109 MiB.
2026-09-26T20:32:20Z INFO [360/500] 19361608-7c7d-4357-940b-5f385216fd19: valid; 4.0 s; peak memory 4115 MiB.
2026-09-26T20:32:22Z INFO [361/500] 1937609b-70fe-49b0-8e78-0631377c3d52: valid; 1.6 s; peak memory 4116 MiB.
2026-09-26T20:32:22Z INFO [362/500] 19377bea-cdc4-4d75-b3a4-49dae88521d4: valid; 0.6 s; peak memory 4117 MiB.
2026-09-26T20:32:24Z INFO [363/500] 1937f016-fead-4974-bda5-5f391f7605f2: not valid; 1.3 s; peak memory 4118 MiB.
2026-09-26T20:32:24Z INFO [364/500] 1938885b-edf7-48bb-a65c-5d03fd676dc4: valid; 0.8 s; peak memory 4119 MiB.
2026-09-26T20:32:25Z INFO [365/500] 19392fe6-52fa-4809-a838-e0a23811ef33: valid; 0.7 s; peak memory 4120 MiB.
2026-09-26T20:32:27Z INFO [366/500] 19393626-0bb1-4d7d-8d7a-30ac5bebe7f5: not valid; 1.8 s; peak memory 4124 MiB.
2026-09-26T20:32:28Z INFO [367/500] 193987fe-d8f5-409b-98ce-e7ab0ddf70ee: valid; 0.8 s; peak memory 4135 MiB.
2026-09-26T20:32:30Z INFO [368/500] 19399c3f-149c-4325-b1a6-e3eeb2f7fd1d: valid; 2.0 s; peak memory 4142 MiB.
2026-09-26T20:32:34Z INFO [369/500] 1939e757-875e-4ae2-9f33-6eb50c65a7d8: valid; 4.1 s; peak memory 4151 MiB.
2026-09-26T20:32:34Z INFO [370/500] 193a04c3-8c85-4637-8831-8f400b4c0bc3: valid; 0.5 s; peak memory 4151 MiB.
2026-09-26T20:32:35Z INFO [371/500] 193a960a-4cfb-413d-b060-4df584f9dc12: valid; 1.1 s; peak memory 4151 MiB.
2026-09-26T20:32:35Z WARNING 193a986a-144d-4616-94cb-e915da9d9abe: failed while retrieving asset information from the DANDI API (NotFoundError: No such Dandiset: 000948)
2026-09-26T20:32:40Z INFO [373/500] 193aa3cc-a2d9-4c3e-99aa-eea860c95c0e: not valid; 4.3 s; peak memory 4152 MiB.
2026-09-26T20:33:02Z INFO [374/500] 193aab18-8d24-4e82-bcec-731722d15b40: not valid; 22.6 s; peak memory 4285 MiB.
2026-09-26T20:33:03Z WARNING 193b6dcc-456d-4427-a8b1-0aa982bc0153: failed while opening the NWB file (ConstructError: (root/acquisition/_iblmic_audioSpectrogram/bands GroupBuilder {'attributes': {'colnames': array(['freq'], dtype=object), 'description': 'spectogram frequencies', 'namespace': 'core', 'neurodata_type': 'FrequencyBandsTable', 'object_id': '9c00e7bb-7637-4b4b-a1f8-2215b8e0f782'}, 'groups': {}, 'datasets': {'freq': root/acquisition/_iblmic_audioSpectrogram/bands/freq DatasetBuilder {'attributes': {'description': 'frequency value', 'namespace': 'hdmf-common', 'neurodata_type': 'VectorData', 'object_id': 'd41434dc-e6a2-4fb4-9a94-ccbd59ec828c'}, 'data': <HDF5 dataset "freq": shape (257,), type "<f4">}, 'id': root/acquisition/_iblmic_audioSpectrogram/bands/id DatasetBuilder {'attributes': {'namespace': 'hdmf-common', 'neurodata_type': 'ElementIdentifiers', 'object_id': 'a3e3c8c6-c30c-4591-8b28-4a75c8ebe541'}, 'data': <HDF5 dataset "id": shape (257,), type "<i4">}}, 'links': {}}, "Could not construct FrequencyBandsTable object due to: column must have the same number of rows as 'id'"))
2026-09-26T20:33:04Z INFO [376/500] 193c2caa-edb3-4655-8334-8d844cacb68f: valid; 0.7 s; peak memory 4285 MiB.
2026-09-26T20:33:07Z INFO [377/500] 193cf5fe-8770-421a-8d41-41907e9fb374: valid; 2.7 s; peak memory 4285 MiB.
2026-09-26T20:33:12Z INFO [378/500] 193e8bb2-ddca-4083-a311-23f756540fc3: valid; 5.2 s; peak memory 4294 MiB.
2026-09-26T20:33:20Z INFO [379/500] 193ef16e-85a0-4b24-8104-f5e44e39c5b1: valid; 7.7 s; peak memory 4350 MiB.
2026-09-26T20:33:21Z INFO [380/500] 193f6aff-eaf4-42c7-8056-02d322fdbd6e: valid; 1.1 s; peak memory 4359 MiB.
2026-09-26T20:33:23Z INFO [381/500] 19405d16-21b7-4748-b29b-b5a80be95ed0: valid; 2.0 s; peak memory 4364 MiB.
2026-09-26T20:33:24Z INFO [382/500] 1940b511-40d4-4518-81a9-9b954a0337d7: not valid; 0.9 s; peak memory 4364 MiB.
2026-09-26T20:33:24Z INFO [383/500] 1940ec16-623f-4fd8-90c3-abf3fc1f4ca8: not valid; 0.8 s; peak memory 4364 MiB.
2026-09-26T20:33:25Z INFO [384/500] 19416dbf-1a41-4319-b54d-76f05f62ac06: not valid; 0.9 s; peak memory 4364 MiB.
2026-09-26T20:33:27Z INFO [385/500] 1941b8d2-1799-4f6d-b394-6444e6df925f: valid; 1.4 s; peak memory 4364 MiB.
2026-09-26T20:33:28Z INFO [386/500] 1942481f-b6b0-4996-bfaf-296e9ca0cb55: not valid; 1.2 s; peak memory 4364 MiB.
2026-09-26T20:33:29Z INFO [387/500] 1943bb6c-0c50-40ae-80c5-1038aa482c08: valid; 1.6 s; peak memory 4364 MiB.
2026-09-26T20:33:31Z INFO [388/500] 19441515-84e2-4382-98fa-8cf342d1a8d6: not valid; 1.3 s; peak memory 4364 MiB.
2026-09-26T20:33:32Z INFO [389/500] 194445f0-026e-41eb-a814-0838d99c83db: not valid; 0.9 s; peak memory 4364 MiB.
2026-09-26T20:33:32Z INFO [390/500] 1944d161-a9f3-4498-a2f6-060e0fa6c3c4: valid; 0.6 s; peak memory 4364 MiB.
2026-09-26T20:33:39Z INFO [391/500] 19465e1b-16c0-4368-aa92-d7b20325eab4: not valid; 6.9 s; peak memory 4364 MiB.
2026-09-26T20:33:41Z INFO [392/500] 1946fc86-526f-4d5a-a0be-886ea9c09f2f: valid; 1.7 s; peak memory 4364 MiB.
2026-09-26T20:33:46Z INFO [393/500] 19492b0e-f08f-48e1-8e55-cbe416d3d43a: valid; 5.4 s; peak memory 4364 MiB.
2026-09-26T20:33:47Z INFO [394/500] 1949cbce-0c6f-4b77-ad79-c96bb72ddcb7: valid; 0.5 s; peak memory 4364 MiB.
2026-09-26T20:33:47Z INFO [395/500] 194a1ce1-7bcc-4a46-bdda-78fcc13b9573: not valid; 0.7 s; peak memory 4364 MiB.
2026-09-26T20:33:50Z INFO [396/500] 194a3f0e-1b64-418b-a62e-422589139507: valid; 2.2 s; peak memory 4364 MiB.
2026-09-26T20:33:50Z INFO [397/500] 194a97dd-1b21-4099-8eef-87beca01f59c: valid; 0.6 s; peak memory 4364 MiB.
2026-09-26T20:33:51Z INFO [398/500] 194aaee1-abd9-41f5-90b1-4679ee4b8125: valid; 1.1 s; peak memory 4364 MiB.
2026-09-26T20:33:52Z INFO [399/500] 194b5932-9b96-4d7b-b04e-a5e6b490df64: not valid; 0.8 s; peak memory 4364 MiB.
2026-09-26T20:33:53Z INFO [400/500] 194bb8fe-d4d0-4c46-bd53-3657442e86e1: valid; 0.7 s; peak memory 4364 MiB.
2026-09-26T20:33:53Z INFO [400/500] 194bb8fe-d4d0-4c46-bd53-3657442e86e1: checkpointed 81410 records.
2026-09-26T20:33:53Z WARNING 194be86a-2513-4e4c-9569-e1df47a33749: failed while retrieving asset information from the DANDI API (NotFoundError: No asset at path 'sub-449141/sub-449141_ses-20190603T160047_behavior+ecephys+ogen.nwb' in version 0.231012.2129. Verify the path is correct and the asset exists in this version. Use 'dandi ls' to list available assets.)
2026-09-26T20:33:54Z INFO [402/500] 194c4712-eb14-4ea0-9402-42c08c2a56a2: not valid; 0.9 s; peak memory 4364 MiB.
2026-09-26T20:33:56Z INFO [403/500] 194c7191-a8dd-4b46-be23-69465b56fe21: valid; 1.3 s; peak memory 4373 MiB.
2026-09-26T20:33:56Z WARNING 194ccfb0-90cc-479f-a1b8-71b72c2c6611: failed while opening the NWB file (ConstructError: (root/acquisition/_iblmic_audioSpectrogram/bands GroupBuilder {'attributes': {'colnames': array(['freq'], dtype=object), 'description': 'spectogram frequencies', 'namespace': 'core', 'neurodata_type': 'FrequencyBandsTable', 'object_id': '84f39384-1efd-407f-862c-d3dfd22c8b56'}, 'groups': {}, 'datasets': {'freq': root/acquisition/_iblmic_audioSpectrogram/bands/freq DatasetBuilder {'attributes': {'description': 'frequency value', 'namespace': 'hdmf-common', 'neurodata_type': 'VectorData', 'object_id': 'b9132dff-f8e3-4219-b646-c1cc02180a98'}, 'data': <HDF5 dataset "freq": shape (257,), type "<f4">}, 'id': root/acquisition/_iblmic_audioSpectrogram/bands/id DatasetBuilder {'attributes': {'namespace': 'hdmf-common', 'neurodata_type': 'ElementIdentifiers', 'object_id': 'f3fcf11c-0131-4ee0-afad-6e853c41c0bc'}, 'data': <HDF5 dataset "id": shape (257,), type "<i4">}}, 'links': {}}, "Could not construct FrequencyBandsTable object due to: column must have the same number of rows as 'id'"))
2026-09-26T20:34:00Z INFO [405/500] 194d5544-613c-4923-9d41-47331b63d45e: valid; 3.3 s; peak memory 4409 MiB.
2026-09-26T20:34:01Z INFO [406/500] 194d9801-ad6a-44b9-9046-7c760e1ead5c: valid; 1.0 s; peak memory 4412 MiB.
2026-09-26T20:34:02Z INFO [407/500] 194defc8-6bb2-4012-a369-2bcde648cf12: valid; 1.3 s; peak memory 4436 MiB.
2026-09-26T20:34:03Z INFO [408/500] 194f1b5d-41ac-4bad-a469-3421ab26e3d8: not valid; 1.0 s; peak memory 4436 MiB.
2026-09-26T20:34:04Z INFO [409/500] 194f211d-e6ce-4a90-81ea-f06ee30bab14: valid; 1.0 s; peak memory 4436 MiB.
2026-09-26T20:34:12Z INFO [410/500] 194f38f2-0c3f-469e-8b98-147cbc176e37: valid; 8.3 s; peak memory 4551 MiB.
2026-09-26T20:34:21Z INFO [411/500] 194f5c68-c82d-4ee7-9ea0-7d89453065dc: valid; 8.4 s; peak memory 4574 MiB.
2026-09-26T20:34:21Z INFO [412/500] 1950517e-daa8-4e8d-a0f9-74a6d76ed261: valid; 0.6 s; peak memory 4576 MiB.
2026-09-26T20:34:22Z INFO [413/500] 195083d2-2c23-4a58-8d1b-da3930a4285e: valid; 0.7 s; peak memory 4579 MiB.
2026-09-26T20:34:23Z INFO [414/500] 1950851a-082f-4ed9-a3c2-2035f0fd02b1: valid; 0.7 s; peak memory 4582 MiB.
2026-09-26T20:34:24Z INFO [415/500] 1950bbff-9dd6-4be1-bd5c-415b4f2e91b8: valid; 1.0 s; peak memory 4601 MiB.
2026-09-26T20:34:24Z INFO [416/500] 1951225b-94e6-4ec2-99c3-6cbaacb5596d: valid; 0.7 s; peak memory 4601 MiB.
2026-09-26T20:34:26Z INFO [417/500] 19513291-45fa-44bc-adda-0a93d9b14e1b: valid; 1.1 s; peak memory 4601 MiB.
2026-09-26T20:34:27Z INFO [418/500] 19514c96-8745-438f-8d39-d90c01bb14a0: not valid; 1.1 s; peak memory 4601 MiB.
2026-09-26T20:34:28Z INFO [419/500] 19525007-bf93-4783-b415-cd8c4b3ba44d: not valid; 1.6 s; peak memory 4601 MiB.
2026-09-26T20:34:29Z WARNING 19528183-669c-40af-8d05-34dc7236df51: failed while opening the NWB file (ConstructError: (root/acquisition/event_code_meanings GroupBuilder {'attributes': {'colnames': array(['value', 'meaning'], dtype=object), 'description': 'Mapping integer event codes to event labels', 'namespace': 'ndx-events', 'neurodata_type': 'MeaningsTable', 'object_id': '882fef87-b667-412b-8868-7aa26bd4c22b'}, 'groups': {}, 'datasets': {'id': root/acquisition/event_code_meanings/id DatasetBuilder {'attributes': {'namespace': 'hdmf-common', 'neurodata_type': 'ElementIdentifiers', 'object_id': 'dd84cbef-2a72-4c61-bd0a-79b26c4a8a54'}, 'data': <HDF5 dataset "id": shape (26,), type "<i8">}, 'meaning': root/acquisition/event_code_meanings/meaning DatasetBuilder {'attributes': {'description': 'The meaning of the value in the parent CategoricalVectorData object.', 'namespace': 'hdmf-experimental', 'neurodata_type': 'VectorData', 'object_id': '4f241c47-866f-45bb-bd4f-b55494a6c5b5'}, 'data': <StrDataset for HDF5 dataset "meaning": shape (26,), type "|O">}, 'value': root/acquisition/event_code_meanings/value DatasetBuilder {'attributes': {'description': 'The value of the parent CategoricalVectorData object.', 'namespace': 'hdmf-experimental', 'neurodata_type': 'VectorData', 'object_id': '3704c329-46e5-4043-b51d-c60d6d12f786'}, 'data': <HDF5 dataset "value": shape (26,), type "<i8">}}, 'links': {}}, "Could not construct MeaningsTable object due to: MeaningsTable.__init__: missing argument 'target'"))
2026-09-26T20:34:30Z INFO [421/500] 19529b7e-7179-4696-ac0a-3751e5c233dc: valid; 1.0 s; peak memory 4601 MiB.
2026-09-26T20:34:31Z INFO [422/500] 1952d630-def1-469b-b768-b0b1470dd6de: valid; 0.6 s; peak memory 4601 MiB.
2026-09-26T20:34:32Z INFO [423/500] 195355ac-8595-43c9-8b8b-d5d67c34a5aa: valid; 0.7 s; peak memory 4601 MiB.
2026-09-26T20:34:33Z INFO [424/500] 1955284f-efc1-4962-8209-197223950343: valid; 1.2 s; peak memory 4602 MiB.
2026-09-26T20:34:35Z INFO [425/500] 195582f1-aa6e-4aa2-8d29-63fc05e796ab: valid; 2.3 s; peak memory 4602 MiB.
2026-09-26T20:34:36Z WARNING 19560d2e-97e2-430f-9921-2aac033e31f2: failed while opening the NWB file (ConstructError: (root/acquisition/event_code_meanings GroupBuilder {'attributes': {'colnames': array(['value', 'meaning'], dtype=object), 'description': 'Mapping integer event codes to event labels', 'namespace': 'ndx-events', 'neurodata_type': 'MeaningsTable', 'object_id': '5623d3b5-f8c2-42bb-b943-7e5415c4b303'}, 'groups': {}, 'datasets': {'id': root/acquisition/event_code_meanings/id DatasetBuilder {'attributes': {'namespace': 'hdmf-common', 'neurodata_type': 'ElementIdentifiers', 'object_id': '72be080a-3948-4471-9c06-4eef8c2ba532'}, 'data': <HDF5 dataset "id": shape (26,), type "<i8">}, 'meaning': root/acquisition/event_code_meanings/meaning DatasetBuilder {'attributes': {'description': 'The meaning of the value in the parent CategoricalVectorData object.', 'namespace': 'hdmf-experimental', 'neurodata_type': 'VectorData', 'object_id': '63bea35e-7e87-4e66-a1cd-7bbabb04ace9'}, 'data': <StrDataset for HDF5 dataset "meaning": shape (26,), type "|O">}, 'value': root/acquisition/event_code_meanings/value DatasetBuilder {'attributes': {'description': 'The value of the parent CategoricalVectorData object.', 'namespace': 'hdmf-experimental', 'neurodata_type': 'VectorData', 'object_id': '0eace8d4-4ed5-4258-9e94-ee05e11019ae'}, 'data': <HDF5 dataset "value": shape (26,), type "<i8">}}, 'links': {}}, "Could not construct MeaningsTable object due to: MeaningsTable.__init__: missing argument 'target'"))
2026-09-26T20:34:39Z INFO [427/500] 19562e8c-6a92-4a72-9e1a-77953bd3014d: valid; 2.3 s; peak memory 4602 MiB.
2026-09-26T20:34:39Z INFO [428/500] 195666cb-4a27-419a-bbc8-ea141f98c0f3: not valid; 0.8 s; peak memory 4602 MiB.
2026-09-26T20:34:40Z INFO [429/500] 1956b75a-dafc-46a4-b67f-0ae71a196fea: valid; 0.6 s; peak memory 4602 MiB.
2026-09-26T20:34:41Z INFO [430/500] 1956c4bb-68b0-4ded-ab6a-235ee7d004ce: valid; 1.1 s; peak memory 4602 MiB.
2026-09-26T20:34:42Z INFO [431/500] 1956fa3e-32a5-4d82-849e-ed44588510bd: valid; 1.4 s; peak memory 4602 MiB.
2026-09-26T20:34:44Z INFO [432/500] 195790d9-be9f-4897-ae30-832056b2dc61: valid; 1.9 s; peak memory 4602 MiB.
2026-09-26T20:34:45Z INFO [433/500] 1957df46-9e89-4eb9-b596-1a82eab33f47: valid; 1.1 s; peak memory 4602 MiB.
2026-09-26T20:34:46Z INFO [434/500] 19584798-6e4d-400c-a73e-ba6f02e50b3d: valid; 0.9 s; peak memory 4602 MiB.
2026-09-26T20:34:47Z INFO [435/500] 1958a48a-3ee7-4629-b953-b06542111225: valid; 0.7 s; peak memory 4602 MiB.
2026-09-26T20:34:48Z INFO [436/500] 1958e17f-5a91-4285-8421-b0b93978f321: valid; 1.3 s; peak memory 4602 MiB.
2026-09-26T20:34:49Z INFO [437/500] 19599c86-3182-42d9-9e3d-c9a79d94092d: valid; 0.8 s; peak memory 4602 MiB.
2026-09-26T20:34:54Z INFO [438/500] 1959e8be-108f-4435-b51f-5c18a35a8cca: valid; 4.8 s; peak memory 4602 MiB.
2026-09-26T20:35:40Z INFO [439/500] 195a378b-7680-4d4a-86e0-7e2b2f0f206f: valid; 46.5 s; peak memory 4635 MiB.
2026-09-26T20:35:43Z INFO [440/500] 195a474b-fea4-4b3b-94c9-5ab64049f89e: valid; 2.8 s; peak memory 4645 MiB.
2026-09-26T20:35:44Z INFO [441/500] 195b020b-8a0e-4cc3-94a3-33208af51f3f: valid; 0.8 s; peak memory 4648 MiB.
2026-09-26T20:35:45Z INFO [442/500] 195b50fb-7272-4544-ae0a-14e3e712c800: valid; 1.1 s; peak memory 4651 MiB.
2026-09-26T20:35:46Z INFO [443/500] 195ba87c-3ec7-40dc-89aa-7c7d7568a566: not valid; 0.9 s; peak memory 4655 MiB.
2026-09-26T20:35:49Z INFO [444/500] 195cc065-6a68-4756-9fc9-51c8bd615e0d: not valid; 2.8 s; peak memory 4671 MiB.
2026-09-26T20:35:50Z INFO [445/500] 195cd9be-5eea-467e-837d-6c7d041e76d0: valid; 0.8 s; peak memory 4673 MiB.
2026-09-26T20:35:51Z WARNING 195d4323-e779-48c0-ab99-8f3839f4ce88: failed while opening the NWB file (ConstructError: (root/acquisition/_iblmic_audioSpectrogram/bands GroupBuilder {'attributes': {'colnames': array(['freq'], dtype=object), 'description': 'spectogram frequencies', 'namespace': 'core', 'neurodata_type': 'FrequencyBandsTable', 'object_id': 'e0b60be4-1211-416b-8f0b-2693bd2be635'}, 'groups': {}, 'datasets': {'freq': root/acquisition/_iblmic_audioSpectrogram/bands/freq DatasetBuilder {'attributes': {'description': 'frequency value', 'namespace': 'hdmf-common', 'neurodata_type': 'VectorData', 'object_id': '4cd55968-9151-4530-9de3-d7652bb53c6f'}, 'data': <HDF5 dataset "freq": shape (257,), type "<f4">}, 'id': root/acquisition/_iblmic_audioSpectrogram/bands/id DatasetBuilder {'attributes': {'namespace': 'hdmf-common', 'neurodata_type': 'ElementIdentifiers', 'object_id': '3536e3a1-62c2-4224-b937-0aa0a9a8a11e'}, 'data': <HDF5 dataset "id": shape (257,), type "<i4">}}, 'links': {}}, "Could not construct FrequencyBandsTable object due to: column must have the same number of rows as 'id'"))
2026-09-26T20:35:51Z INFO [447/500] 195d810b-6bf9-488c-a60f-687fcc4c1d5c: valid; 0.6 s; peak memory 4676 MiB.
2026-09-26T20:35:52Z INFO [448/500] 195e19b7-dd02-498d-8417-018057bbf0cd: valid; 0.6 s; peak memory 4677 MiB.
2026-09-26T20:35:55Z INFO [449/500] 195e2c3e-9233-4d8c-9408-0409544eee54: valid; 3.0 s; peak memory 4685 MiB.
2026-09-26T20:36:27Z INFO [450/500] 195e6d06-c1ac-4127-95ac-9987035f4501: not valid; 31.7 s; peak memory 4849 MiB.
2026-09-26T20:36:27Z INFO [450/500] 195e6d06-c1ac-4127-95ac-9987035f4501: checkpointed 81460 records.
2026-09-26T20:36:28Z INFO [451/500] 195e6d12-fcae-467b-bcd1-9ff5fae08acb: not valid; 1.1 s; peak memory 4849 MiB.
2026-09-26T20:36:29Z INFO [452/500] 195e742e-34d4-4d67-a058-967316819008: valid; 0.6 s; peak memory 4849 MiB.
2026-09-26T20:36:33Z INFO [453/500] 195ec690-cb02-43ff-8dda-575aa22c19cc: valid; 4.0 s; peak memory 4849 MiB.
2026-09-26T20:36:37Z INFO [454/500] 195f217c-85f0-4896-854b-7a067882ed05: valid; 4.5 s; peak memory 4849 MiB.
2026-09-26T20:36:37Z WARNING 195ff449-a2ed-4403-baeb-69bd3ff90be8: failed while retrieving asset information from the DANDI API (NotFoundError: No asset at path 'sub-749472/sub-749472_ses-behavior-749472-2025-01-03-15-11-09.nwb' in version draft. Verify the path is correct and the asset exists in this version. Use 'dandi ls' to list available assets.)
2026-09-26T20:36:39Z INFO [456/500] 19601d0e-4d6a-406e-90f6-7d317893123f: not valid; 1.2 s; peak memory 4849 MiB.
2026-09-26T20:36:44Z INFO [457/500] 19603920-8a3f-4522-be11-83cee166d974: not valid; 5.4 s; peak memory 4849 MiB.
2026-09-26T20:36:45Z INFO [458/500] 19607b9f-44b2-4265-a6a1-052379785e50: valid; 0.9 s; peak memory 4849 MiB.
2026-09-26T20:36:46Z INFO [459/500] 1960ccaf-a8c2-45ff-ae67-0ae66cfdcff7: valid; 0.6 s; peak memory 4849 MiB.
2026-09-26T20:36:48Z INFO [460/500] 19611b38-1247-4b01-8351-6c8f11f61cdd: not valid; 2.6 s; peak memory 4878 MiB.
2026-09-26T20:36:49Z INFO [461/500] 196120ec-ec7c-4df5-bf12-7255b6fddad0: valid; 0.7 s; peak memory 4878 MiB.
2026-09-26T20:36:50Z INFO [462/500] 19613816-f649-4d6f-a0f6-96ab374e21de: valid; 1.5 s; peak memory 4878 MiB.
2026-09-26T20:36:54Z INFO [463/500] 196186f3-2f48-4749-b9c9-68e82b4ad1d9: not valid; 3.5 s; peak memory 4878 MiB.
2026-09-26T20:36:57Z INFO [464/500] 19619a4a-f4b1-43a2-a853-0b16038ba6a2: valid; 3.6 s; peak memory 4878 MiB.
2026-09-26T20:36:58Z INFO [465/500] 1961b80f-8dd9-431b-9a75-623cfe5098f0: valid; 0.6 s; peak memory 4878 MiB.
2026-09-26T20:37:02Z INFO [466/500] 1961f67c-f890-4ca4-b2ef-51dc7e7d2643: not valid; 3.9 s; peak memory 4878 MiB.
2026-09-26T20:37:03Z INFO [467/500] 19625356-95a5-4753-8746-b7eccad042bc: valid; 1.1 s; peak memory 4878 MiB.
2026-09-26T20:37:09Z INFO [468/500] 1962c062-fd37-4f22-8a86-3b3c924f2c84: valid; 6.2 s; peak memory 4878 MiB.
2026-09-26T20:37:10Z INFO [469/500] 19634aaf-eb9b-4a7b-9e69-5c0db653bae1: valid; 1.0 s; peak memory 4878 MiB.
2026-09-26T20:37:17Z INFO [470/500] 19638b70-cc42-4ad5-8163-867fb4834397: valid; 6.8 s; peak memory 4878 MiB.
2026-09-26T20:37:18Z INFO [471/500] 1963af06-74ec-46c2-a011-6f752c65e46f: valid; 0.7 s; peak memory 4878 MiB.
2026-09-26T20:37:19Z INFO [472/500] 1963c0a1-36a1-4d96-b479-f47001728219: valid; 1.3 s; peak memory 4878 MiB.
2026-09-26T20:37:20Z INFO [473/500] 1963fbc2-d131-4388-8a2c-f9cdde0d5e62: not valid; 0.9 s; peak memory 4878 MiB.
2026-09-26T20:37:21Z INFO [474/500] 19641809-5685-4c04-981d-13fd8f27b324: valid; 0.9 s; peak memory 4878 MiB.
2026-09-26T20:37:25Z INFO [475/500] 19652768-5cbe-42a0-b637-2c48aa2789d5: valid; 3.9 s; peak memory 4878 MiB.
2026-09-26T20:37:32Z INFO [476/500] 19653bf5-59fc-46d1-81bf-fb316ff01c57: not valid; 7.0 s; peak memory 4882 MiB.
2026-09-26T20:37:33Z INFO [477/500] 1965b753-f016-4277-841c-6f017015fa17: valid; 1.0 s; peak memory 4886 MiB.
2026-09-26T20:37:34Z INFO [478/500] 1966595f-94f6-42bd-8bfc-bf22559752ea: valid; 0.7 s; peak memory 4888 MiB.
2026-09-26T20:37:35Z INFO [479/500] 1967470f-269a-47a4-a39a-7a3bc74a3683: valid; 1.0 s; peak memory 4896 MiB.
2026-09-26T20:37:37Z INFO [480/500] 1967bc01-5756-4a39-8074-f4630ed09a54: not valid; 2.4 s; peak memory 4900 MiB.
2026-09-26T20:37:38Z INFO [481/500] 1967ff29-4dfe-4fb2-9fc7-43df205d8ad9: valid; 1.1 s; peak memory 4900 MiB.
2026-09-26T20:37:39Z INFO [482/500] 19686595-134a-4403-b900-65314e420595: not valid; 1.3 s; peak memory 4900 MiB.
2026-09-26T20:37:40Z INFO [483/500] 1968a479-5506-4382-9238-7d12ec4dbb38: not valid; 1.0 s; peak memory 4900 MiB.
2026-09-26T20:37:41Z INFO [484/500] 1969c75b-4cb0-40b4-8c68-55848e7a0cb7: valid; 0.7 s; peak memory 4900 MiB.
2026-09-26T20:37:42Z INFO [485/500] 1969c88e-2d60-4178-8848-31cd144abf84: not valid; 0.9 s; peak memory 4900 MiB.
2026-09-26T20:37:43Z INFO [486/500] 1969cbba-6614-4b5f-aed7-afc325520ab6: valid; 0.6 s; peak memory 4900 MiB.
2026-09-26T20:37:44Z INFO [487/500] 196a1550-d76a-4b53-870d-55be5440cf62: valid; 1.4 s; peak memory 4900 MiB.
2026-09-26T20:37:45Z INFO [488/500] 196a8845-5df0-443c-b8e1-6046f104f9e8: valid; 0.5 s; peak memory 4900 MiB.
2026-09-26T20:37:45Z INFO [489/500] 196af3a4-abc7-429e-84e7-ed368e555dc6: valid; 0.8 s; peak memory 4900 MiB.
2026-09-26T20:37:46Z INFO [490/500] 196b9a66-e5eb-4b7c-a7c3-cfc1d4a1eed7: valid; 0.8 s; peak memory 4900 MiB.
2026-09-26T20:37:53Z INFO [491/500] 196bdb9d-0591-4fcf-a5d4-6ab9a6b2189d: valid; 7.2 s; peak memory 4900 MiB.
2026-09-26T20:37:55Z INFO [492/500] 196c1450-8484-4809-9d44-9376a4b28ea7: valid; 1.4 s; peak memory 4900 MiB.
2026-09-26T20:37:56Z INFO [493/500] 196c3d83-fcbb-4bce-8849-bb4740423f4e: valid; 1.2 s; peak memory 4900 MiB.
2026-09-26T20:38:00Z INFO [494/500] 196d6aad-b13b-45e9-9e1d-de3a008ad9cf: valid; 4.2 s; peak memory 4900 MiB.
2026-09-26T20:38:01Z INFO [495/500] 196d8b19-af25-4a2c-b582-10a0ed75087b: valid; 1.3 s; peak memory 4900 MiB.
2026-09-26T20:38:02Z INFO [496/500] 196dd92b-235d-456d-93f6-1e4a1268dd68: not valid; 1.0 s; peak memory 4900 MiB.
2026-09-26T20:38:04Z INFO [497/500] 196e0297-8976-47ed-8229-d69f5cc311cd: valid; 2.0 s; peak memory 4900 MiB.
2026-09-26T20:38:06Z INFO [498/500] 196e395d-cf73-4fbd-b841-0f2de99cce63: not valid; 1.7 s; peak memory 4900 MiB.
2026-09-26T20:38:19Z INFO [499/500] 196ebcb2-a9b1-4ff6-b5ef-5617f0906266: not valid; 12.5 s; peak memory 4931 MiB.
2026-09-26T20:38:20Z INFO [500/500] 196f3af9-619e-4c79-9d25-638eefa89853: valid; 1.3 s; peak memory 4931 MiB.
2026-09-26T20:38:21Z INFO [500/500] 196f3af9-619e-4c79-9d25-638eefa89853: checkpointed 81510 records.
2026-09-26T20:38:21Z INFO Wrote 81510 records to /tmp/derivatives/content_id_to_valid_nwb_file.jsonl (468 new, 32 failed) in 21.0 min (peak memory 4931 MiB).
