2026-09-21T11:15:47Z INFO Logging to /tmp/logs/update_2026-09-21T11-15-47Z.log.
2026-09-21T11:15:47Z INFO Update content-id-to-valid-nwb-file (base directory /tmp).
2026-09-21T11:15:50Z INFO Processing 500 items (72510 already recorded).
2026-09-21T11:15:56Z INFO [1/500] 0bbcea62-4814-424c-8235-a91142dfcfec: valid; 5.9 s; peak memory 344 MiB.
2026-09-21T11:15:59Z INFO [2/500] 0bbd1683-6581-49ac-82e1-c84eab485531: valid; 2.8 s; peak memory 364 MiB.
2026-09-21T11:16:01Z INFO [3/500] 0bbd6962-0ba4-4a61-94b4-161a3d4a5efb: valid; 2.1 s; peak memory 377 MiB.
2026-09-21T11:16:02Z INFO [4/500] 0bbe1f67-bb91-471f-93a0-9c364fe625a0: not valid; 1.5 s; peak memory 380 MiB.
2026-09-21T11:16:37Z INFO [5/500] 0bbe9896-b491-4435-ae6c-e255b7ab134a: not valid; 34.6 s; peak memory 444 MiB.
2026-09-21T11:16:39Z INFO [6/500] 0bbf052e-3878-46a3-a14d-57df85586f72: valid; 2.1 s; peak memory 458 MiB.
2026-09-21T11:16:55Z INFO [7/500] 0bbf8c8e-a200-4f9b-9edc-3b12a6033178: valid; 15.4 s; peak memory 530 MiB.
2026-09-21T11:16:57Z INFO [8/500] 0bc1a430-05a1-4a8a-a541-d5726602326c: valid; 2.2 s; peak memory 536 MiB.
2026-09-21T11:16:59Z INFO [9/500] 0bc1d8d2-92ff-4324-86b8-2699a1980ad0: valid; 2.6 s; peak memory 544 MiB.
2026-09-21T11:17:01Z INFO [10/500] 0bc20038-2aa0-4089-8940-6b4d988457ab: valid; 1.9 s; peak memory 547 MiB.
2026-09-21T11:17:02Z WARNING 0bc2fdc8-1b8d-419e-90a3-28fc205928de: failed while retrieving asset information from the DANDI API (NotFoundError: No asset at path 'sub-healthy-simulated-beta/sub-healthy-simulated-beta_ses-5784_ecephys.nwb' in version 0.250327.2220. Verify the path is correct and the asset exists in this version. Use 'dandi ls' to list available assets.)
2026-09-21T11:17:03Z INFO [12/500] 0bc34c6e-b471-4c8c-9e72-72ec064b4a37: valid; 1.4 s; peak memory 549 MiB.
2026-09-21T11:17:05Z WARNING 0bc3c71f-9690-4e7f-a072-b9617fafd763: failed while opening the NWB file (ConstructError: (root/acquisition/_iblmic_audioSpectrogram/bands GroupBuilder {'attributes': {'colnames': array(['freq'], dtype=object), 'description': 'spectogram frequencies', 'namespace': 'core', 'neurodata_type': 'FrequencyBandsTable', 'object_id': 'dc244eac-4d58-40bb-98fa-92176265ca15'}, 'groups': {}, 'datasets': {'freq': root/acquisition/_iblmic_audioSpectrogram/bands/freq DatasetBuilder {'attributes': {'description': 'frequency value', 'namespace': 'hdmf-common', 'neurodata_type': 'VectorData', 'object_id': 'e9327ecb-f9bf-4b0d-b99b-dc1dcdae134e'}, 'data': <HDF5 dataset "freq": shape (257,), type "<f4">}, 'id': root/acquisition/_iblmic_audioSpectrogram/bands/id DatasetBuilder {'attributes': {'namespace': 'hdmf-common', 'neurodata_type': 'ElementIdentifiers', 'object_id': 'ac8f1423-c176-46a7-a09b-65a0c55cc3e5'}, 'data': <HDF5 dataset "id": shape (257,), type "<i4">}}, 'links': {}}, "Could not construct FrequencyBandsTable object due to: column must have the same number of rows as 'id'"))
2026-09-21T11:17:13Z INFO [14/500] 0bc3cd29-cbe4-4c8b-8319-328890f73918: valid; 7.5 s; peak memory 604 MiB.
2026-09-21T11:17:14Z INFO [15/500] 0bc45678-842f-4b42-9445-52574ea4b2d3: not valid; 1.9 s; peak memory 610 MiB.
2026-09-21T11:17:17Z INFO [16/500] 0bc4e2d1-98aa-4fc7-9648-812e25404d74: not valid; 3.0 s; peak memory 619 MiB.
2026-09-21T11:17:20Z INFO [17/500] 0bc52c99-bf98-47d6-a856-e05133a2751d: valid; 2.1 s; peak memory 626 MiB.
2026-09-21T11:17:23Z INFO [18/500] 0bc5a608-7e35-4511-82d5-c333916c3a32: valid; 3.0 s; peak memory 633 MiB.
2026-09-21T11:17:24Z INFO [19/500] 0bc5f9f4-c30e-454e-9cb1-bbf8aed651c9: valid; 1.2 s; peak memory 633 MiB.
2026-09-21T11:17:25Z INFO [20/500] 0bc6ed24-1620-4f22-bf77-0e8af77f2a7d: valid; 1.2 s; peak memory 633 MiB.
2026-09-21T11:17:57Z INFO [21/500] 0bc6fcb4-d1a0-4279-8085-a7e896c46175: not valid; 32.3 s; peak memory 1667 MiB.
2026-09-21T11:17:59Z INFO [22/500] 0bc71404-b447-40c2-a6cf-200646978f6c: valid; 1.3 s; peak memory 1667 MiB.
2026-09-21T11:18:02Z INFO [23/500] 0bc77d6d-c380-457d-b0b8-fbe2a5831718: not valid; 3.0 s; peak memory 1667 MiB.
2026-09-21T11:18:03Z INFO [24/500] 0bc802cf-682e-4859-abc5-f3cf159b3c42: valid; 1.7 s; peak memory 1667 MiB.
2026-09-21T11:18:05Z INFO [25/500] 0bc85e4e-a2a3-47d2-a611-bd033d7de52b: not valid; 2.1 s; peak memory 1667 MiB.
2026-09-21T11:18:06Z INFO [26/500] 0bc868d2-7e80-44be-b450-8d6acbfa1fe0: valid; 1.0 s; peak memory 1667 MiB.
2026-09-21T11:18:08Z WARNING 0bc8a5e5-5c11-409e-8fe5-04677bbabfdc: failed while opening the NWB file (ConstructError: (root/acquisition/_iblmic_audioSpectrogram/bands GroupBuilder {'attributes': {'colnames': array(['freq'], dtype=object), 'description': 'spectogram frequencies', 'namespace': 'core', 'neurodata_type': 'FrequencyBandsTable', 'object_id': 'a71f8d52-f8c2-48b3-9961-2949f8477c84'}, 'groups': {}, 'datasets': {'freq': root/acquisition/_iblmic_audioSpectrogram/bands/freq DatasetBuilder {'attributes': {'description': 'frequency value', 'namespace': 'hdmf-common', 'neurodata_type': 'VectorData', 'object_id': 'bbbe2973-a139-4b3f-b0fe-5f9932875ee6'}, 'data': <HDF5 dataset "freq": shape (257,), type "<f4">}, 'id': root/acquisition/_iblmic_audioSpectrogram/bands/id DatasetBuilder {'attributes': {'namespace': 'hdmf-common', 'neurodata_type': 'ElementIdentifiers', 'object_id': 'a4c413c1-fe87-464d-9576-e2e10afb57bb'}, 'data': <HDF5 dataset "id": shape (257,), type "<i4">}}, 'links': {}}, "Could not construct FrequencyBandsTable object due to: column must have the same number of rows as 'id'"))
2026-09-21T11:18:10Z WARNING 0bc913aa-9df6-43e2-adc2-9e583d22429f: failed while opening the NWB file (ConstructError: (root/acquisition/_iblmic_audioSpectrogram/bands GroupBuilder {'attributes': {'colnames': array(['freq'], dtype=object), 'description': 'spectogram frequencies', 'namespace': 'core', 'neurodata_type': 'FrequencyBandsTable', 'object_id': '3526241b-694c-40e2-8e85-f34584f5ee36'}, 'groups': {}, 'datasets': {'freq': root/acquisition/_iblmic_audioSpectrogram/bands/freq DatasetBuilder {'attributes': {'description': 'frequency value', 'namespace': 'hdmf-common', 'neurodata_type': 'VectorData', 'object_id': '27ba2794-6aeb-44e0-84d1-07956c9b0a36'}, 'data': <HDF5 dataset "freq": shape (257,), type "<f4">}, 'id': root/acquisition/_iblmic_audioSpectrogram/bands/id DatasetBuilder {'attributes': {'namespace': 'hdmf-common', 'neurodata_type': 'ElementIdentifiers', 'object_id': 'f6497714-434f-48c1-84f6-a9befc1459c6'}, 'data': <HDF5 dataset "id": shape (257,), type "<i4">}}, 'links': {}}, "Could not construct FrequencyBandsTable object due to: column must have the same number of rows as 'id'"))
2026-09-21T11:18:13Z INFO [29/500] 0bc9d397-c0d9-45be-a3ed-cc668becca7c: valid; 2.4 s; peak memory 1667 MiB.
2026-09-21T11:18:15Z INFO [30/500] 0bcabc6b-7110-49e5-bf4a-5fcf279f27c3: valid; 2.0 s; peak memory 1667 MiB.
2026-09-21T11:18:15Z WARNING 0bcad076-4cf4-48cc-b8dc-7bde75fa72af: failed while retrieving asset information from the DANDI API (NotFoundError: No asset at path 'sub-456772/sub-456772_ses-20191121T124405_behavior+ecephys+ogen.nwb' in version 0.231012.2129. Verify the path is correct and the asset exists in this version. Use 'dandi ls' to list available assets.)
2026-09-21T11:18:16Z INFO [32/500] 0bcc31ea-dea3-4a57-a199-2ccec0987adc: not valid; 1.7 s; peak memory 1667 MiB.
2026-09-21T11:18:20Z INFO [33/500] 0bcc3ff1-3109-4980-a980-93244175dc86: valid; 3.7 s; peak memory 1667 MiB.
2026-09-21T11:18:22Z INFO [34/500] 0bcc781d-1da7-45bf-b8e2-26028deb4a22: valid; 2.0 s; peak memory 1667 MiB.
2026-09-21T11:18:26Z INFO [35/500] 0bcdf64b-04d1-4031-ba0a-52115cfba457: valid; 4.3 s; peak memory 1667 MiB.
2026-09-21T11:18:28Z INFO [36/500] 0bce13d4-d38d-47a7-8140-64403104e7b7: valid; 1.2 s; peak memory 1667 MiB.
2026-09-21T11:18:30Z INFO [37/500] 0bce704c-2716-46eb-8323-6d481f9d28cf: valid; 1.9 s; peak memory 1667 MiB.
2026-09-21T11:18:31Z INFO [38/500] 0bce8b8a-1351-436d-9059-5e5af7133fdf: valid; 1.1 s; peak memory 1667 MiB.
2026-09-21T11:18:33Z INFO [39/500] 0bced898-a6cb-4b74-a680-718b5f70ae23: valid; 2.1 s; peak memory 1667 MiB.
2026-09-21T11:18:34Z INFO [40/500] 0bcefb1f-b534-4275-ad68-fed0ae35e43e: valid; 1.2 s; peak memory 1667 MiB.
2026-09-21T11:18:36Z INFO [41/500] 0bcf292d-87a6-47d6-99c2-6e59ac841dad: not valid; 1.6 s; peak memory 1667 MiB.
2026-09-21T11:18:45Z INFO [42/500] 0bcf3a53-8598-411f-9575-7e0f905c1371: valid; 9.2 s; peak memory 1667 MiB.
2026-09-21T11:18:47Z INFO [43/500] 0bcfde87-1431-4b9a-b359-e7d0a4426b34: valid; 2.4 s; peak memory 1667 MiB.
2026-09-21T11:18:50Z INFO [44/500] 0bcff009-ec8c-4060-a214-132e66aeda93: valid; 2.3 s; peak memory 1667 MiB.
2026-09-21T11:18:51Z INFO [45/500] 0bd050c5-3cec-40ae-870a-44cf83bb9412: not valid; 1.4 s; peak memory 1667 MiB.
2026-09-21T11:18:53Z INFO [46/500] 0bd0e18d-db46-40db-94e4-6326a019e6c7: valid; 2.0 s; peak memory 1667 MiB.
2026-09-21T11:18:54Z INFO [47/500] 0bd172d4-eafc-4575-be62-903787f57485: valid; 1.3 s; peak memory 1667 MiB.
2026-09-21T11:18:56Z INFO [48/500] 0bd1fa67-a538-45d6-84eb-2d36abd19471: valid; 2.0 s; peak memory 1667 MiB.
2026-09-21T11:18:58Z INFO [49/500] 0bd2bda9-6858-4e94-bfb9-b6758dd0322e: valid; 1.3 s; peak memory 1667 MiB.
2026-09-21T11:19:01Z INFO [50/500] 0bd31b03-7918-4150-bda2-087cc8b3e14a: valid; 3.1 s; peak memory 1667 MiB.
2026-09-21T11:19:01Z INFO [50/500] 0bd31b03-7918-4150-bda2-087cc8b3e14a: checkpointed 72560 records.
2026-09-21T11:19:06Z INFO [51/500] 0bd36935-95e5-4e4d-ad1f-39966eaa06b8: valid; 5.1 s; peak memory 1667 MiB.
2026-09-21T11:19:08Z INFO [52/500] 0bd40234-a176-4928-94d8-8da531f0f595: valid; 1.3 s; peak memory 1667 MiB.
2026-09-21T11:19:09Z INFO [53/500] 0bd44d70-3a21-442a-a97d-b331156ae18c: not valid; 1.9 s; peak memory 1667 MiB.
2026-09-21T11:19:11Z INFO [54/500] 0bd4c714-54a7-4037-a340-74930d0b581e: valid; 1.3 s; peak memory 1667 MiB.
2026-09-21T11:19:13Z INFO [55/500] 0bd5c22c-21a9-434c-a899-f5f658bb0413: valid; 1.9 s; peak memory 1667 MiB.
2026-09-21T11:19:14Z INFO [56/500] 0bd5f5be-e405-4a0c-b3bd-056ae7e73bc3: not valid; 1.1 s; peak memory 1667 MiB.
2026-09-21T11:19:15Z INFO [57/500] 0bd680b8-882d-47cf-a30a-3a6c1ddd18a3: not valid; 1.7 s; peak memory 1667 MiB.
2026-09-21T11:19:18Z INFO [58/500] 0bd689c6-8085-4f00-848d-55ec8dc3e76f: valid; 2.8 s; peak memory 1667 MiB.
2026-09-21T11:19:28Z INFO [59/500] 0bd6fd85-edf6-49df-88e4-1aa647ac4b48: not valid; 9.9 s; peak memory 1667 MiB.
2026-09-21T11:19:29Z INFO [60/500] 0bd723d1-19b6-467f-8022-f1dbc32c4b43: valid; 1.3 s; peak memory 1667 MiB.
2026-09-21T11:19:34Z INFO [61/500] 0bd774c0-db6d-49a6-86c9-39356ebacc4d: valid; 4.9 s; peak memory 1667 MiB.
2026-09-21T11:19:36Z INFO [62/500] 0bd77fbd-e33f-4363-92ef-adfbc104d939: valid; 2.1 s; peak memory 1667 MiB.
2026-09-21T11:19:38Z INFO [63/500] 0bd7b8ca-5f3a-4006-a80c-0ccaa10ee260: valid; 1.2 s; peak memory 1667 MiB.
2026-09-21T11:19:39Z INFO [64/500] 0bd8a181-8f54-4aa7-beb5-d6c066d7fe19: valid; 1.5 s; peak memory 1667 MiB.
2026-09-21T11:19:42Z INFO [65/500] 0bd911b2-4525-4ba2-bcd4-600e9abcb4c0: not valid; 3.4 s; peak memory 1667 MiB.
2026-09-21T11:19:44Z INFO [66/500] 0bd98929-2cdb-4fc6-a7e4-8eaeac2ea978: valid; 1.6 s; peak memory 1667 MiB.
2026-09-21T11:19:46Z INFO [67/500] 0bd9d269-df68-4864-883f-3bcb15551fc7: valid; 2.0 s; peak memory 1667 MiB.
2026-09-21T11:19:49Z INFO [68/500] 0bda658b-44e1-440b-b57a-773509d7a5ee: valid; 3.0 s; peak memory 1667 MiB.
2026-09-21T11:19:51Z INFO [69/500] 0bda89c4-99a8-47fd-9322-fe4c3af9fce6: valid; 1.4 s; peak memory 1667 MiB.
2026-09-21T11:19:53Z INFO [70/500] 0bdb5005-a976-4724-b1d6-8d85d9755053: valid; 2.0 s; peak memory 1667 MiB.
2026-09-21T11:19:54Z INFO [71/500] 0bdb884b-79a5-4290-abc4-9448098db9d1: valid; 2.0 s; peak memory 1667 MiB.
2026-09-21T11:19:56Z INFO [72/500] 0bdc3099-5da7-423d-aaa3-0654416867f4: not valid; 1.6 s; peak memory 1667 MiB.
2026-09-21T11:19:59Z INFO [73/500] 0bdc44aa-d27a-4935-a3fe-60f302fa798e: valid; 2.8 s; peak memory 1667 MiB.
2026-09-21T11:20:03Z INFO [74/500] 0bdc4685-162c-4ede-ae70-5424ca2f549c: valid; 4.3 s; peak memory 1667 MiB.
2026-09-21T11:20:05Z INFO [75/500] 0bdd04b3-0270-4289-a8e9-0a50898cf708: valid; 2.0 s; peak memory 1667 MiB.
2026-09-21T11:20:08Z INFO [76/500] 0bdd54c4-f1b7-4d4b-8680-693c9077917f: valid; 2.9 s; peak memory 1667 MiB.
2026-09-21T11:20:10Z INFO [77/500] 0bde8a3e-7ce7-4e76-a67c-b85b4faed006: valid; 2.0 s; peak memory 1667 MiB.
2026-09-21T11:20:13Z INFO [78/500] 0bded34a-db3f-46bf-a4f8-cf8147a4d337: valid; 2.8 s; peak memory 1667 MiB.
2026-09-21T11:20:14Z INFO [79/500] 0bdee252-beff-450b-94d2-3551dcbca431: valid; 1.3 s; peak memory 1667 MiB.
2026-09-21T11:20:16Z INFO [80/500] 0be04d93-44a9-46bb-b29e-9b2ff36744d9: valid; 2.2 s; peak memory 1667 MiB.
2026-09-21T11:20:18Z INFO [81/500] 0be051ee-8a61-4261-9bf4-f469e11fcbe4: valid; 1.2 s; peak memory 1667 MiB.
2026-09-21T11:20:19Z INFO [82/500] 0be0746d-3ed4-4bf9-95ed-6aa392c0239b: valid; 1.3 s; peak memory 1667 MiB.
2026-09-21T11:20:32Z INFO [83/500] 0be08bea-389a-4daf-a90c-acc311e9a6c0: valid; 13.6 s; peak memory 1667 MiB.
2026-09-21T11:20:34Z INFO [84/500] 0be0a808-d09d-466e-ac8b-3de399d48cdc: valid; 1.9 s; peak memory 1667 MiB.
2026-09-21T11:20:34Z WARNING 0be13008-a72f-4292-b7ad-69b6a3fced11: failed while retrieving asset information from the DANDI API (NotFoundError: No asset at path 'sub-parkinson-simulated-lfp/sub-parkinson-simulated-lfp_ses-1029_ecephys.nwb' in version 0.250327.2220. Verify the path is correct and the asset exists in this version. Use 'dandi ls' to list available assets.)
2026-09-21T11:20:36Z INFO [86/500] 0be1b660-0217-4bd8-9733-72807129e6a4: valid; 1.3 s; peak memory 1667 MiB.
2026-09-21T11:20:39Z INFO [87/500] 0be1c9f1-a074-482b-beaf-8035fafe307e: valid; 3.3 s; peak memory 1667 MiB.
2026-09-21T11:20:42Z INFO [88/500] 0be23455-a494-4d6b-89d2-4a52ca720b57: valid; 3.2 s; peak memory 1667 MiB.
2026-09-21T11:20:43Z INFO [89/500] 0be3f5f4-5629-4dd4-acea-aceb0a8d31a3: valid; 1.3 s; peak memory 1667 MiB.
2026-09-21T11:20:45Z INFO [90/500] 0be52d2b-6db6-49c9-a7d4-ca06b5726a91: valid; 1.9 s; peak memory 1667 MiB.
2026-09-21T11:20:47Z INFO [91/500] 0be54fb6-6fc1-45bd-8656-f424774e4e2c: not valid; 1.3 s; peak memory 1667 MiB.
2026-09-21T11:20:49Z INFO [92/500] 0be595e1-acb1-433d-b50b-e860c8f70be9: valid; 2.1 s; peak memory 1667 MiB.
2026-09-21T11:20:54Z INFO [93/500] 0be5dc3b-eae7-406c-ad48-3f09389267ff: valid; 5.4 s; peak memory 1667 MiB.
2026-09-21T11:20:55Z INFO [94/500] 0be60064-ba6c-4a9f-95a8-0b1e1f7a3ce9: valid; 1.2 s; peak memory 1667 MiB.
2026-09-21T11:21:10Z INFO [95/500] 0be719c1-00c0-4756-823b-08f15b40391b: valid; 15.0 s; peak memory 1667 MiB.
2026-09-21T11:21:13Z INFO [96/500] 0be93f18-8608-4df2-a594-97c67759ffff: valid; 2.2 s; peak memory 1667 MiB.
2026-09-21T11:21:15Z INFO [97/500] 0be940c2-8c26-47da-9947-889855e1918d: valid; 2.0 s; peak memory 1667 MiB.
2026-09-21T11:21:17Z INFO [98/500] 0be95fc6-b2f9-446b-87ee-2a47175b127c: valid; 2.3 s; peak memory 1667 MiB.
2026-09-21T11:21:22Z INFO [99/500] 0be98e1a-2a29-4dc5-bfd3-047091c8d2e0: not valid; 5.1 s; peak memory 1667 MiB.
2026-09-21T11:21:24Z INFO [100/500] 0be999a5-81a1-45cb-83d3-198b6a32ab60: valid; 1.5 s; peak memory 1667 MiB.
2026-09-21T11:21:24Z INFO [100/500] 0be999a5-81a1-45cb-83d3-198b6a32ab60: checkpointed 72610 records.
2026-09-21T11:21:43Z INFO [101/500] 0bea007c-0c61-4de2-b33b-5e2d3a13923b: valid; 19.1 s; peak memory 1724 MiB.
2026-09-21T11:21:50Z INFO [102/500] 0bea1abb-75e1-46f9-813f-a6e55ef8b98d: not valid; 7.3 s; peak memory 1904 MiB.
2026-09-21T11:21:54Z INFO [103/500] 0beabc9c-0c5c-4890-a145-ab85be33897f: valid; 3.3 s; peak memory 1904 MiB.
2026-09-21T11:21:56Z WARNING 0beb1a39-4dd0-430c-a888-dc219054eeec: failed while opening the NWB file (ConstructError: (root/acquisition/event_code_meanings GroupBuilder {'attributes': {'colnames': array(['value', 'meaning'], dtype=object), 'description': 'Mapping integer event codes to event labels', 'namespace': 'ndx-events', 'neurodata_type': 'MeaningsTable', 'object_id': 'aea2160c-0981-42e4-9d3f-15662d64ba79'}, 'groups': {}, 'datasets': {'id': root/acquisition/event_code_meanings/id DatasetBuilder {'attributes': {'namespace': 'hdmf-common', 'neurodata_type': 'ElementIdentifiers', 'object_id': 'e8fdb05d-e013-42b5-a850-28247712aa48'}, 'data': <HDF5 dataset "id": shape (26,), type "<i8">}, 'meaning': root/acquisition/event_code_meanings/meaning DatasetBuilder {'attributes': {'description': 'The meaning of the value in the parent CategoricalVectorData object.', 'namespace': 'hdmf-experimental', 'neurodata_type': 'VectorData', 'object_id': '9fed1ae1-3efe-4924-a59b-93fcd371f296'}, 'data': <StrDataset for HDF5 dataset "meaning": shape (26,), type "|O">}, 'value': root/acquisition/event_code_meanings/value DatasetBuilder {'attributes': {'description': 'The value of the parent CategoricalVectorData object.', 'namespace': 'hdmf-experimental', 'neurodata_type': 'VectorData', 'object_id': '9e0cfdf5-f0c4-4107-96f4-bddd3ff28cb9'}, 'data': <HDF5 dataset "value": shape (26,), type "<i8">}}, 'links': {}}, "Could not construct MeaningsTable object due to: MeaningsTable.__init__: missing argument 'target'"))
2026-09-21T11:21:57Z INFO [105/500] 0beb5b14-3df6-4ec4-837b-9ccaded562c7: valid; 1.6 s; peak memory 1904 MiB.
2026-09-21T11:21:59Z INFO [106/500] 0beb6215-830b-4c95-a766-cf440f5586a0: not valid; 2.0 s; peak memory 1904 MiB.
2026-09-21T11:22:02Z INFO [107/500] 0bebd8db-4ad3-4d35-b60a-b85931f34f15: valid; 3.1 s; peak memory 1904 MiB.
2026-09-21T11:22:04Z INFO [108/500] 0beca01a-54bd-4714-9b64-f4fcd92c9dcc: valid; 1.2 s; peak memory 1904 MiB.
2026-09-21T11:22:05Z INFO [109/500] 0bed09d6-f58a-4715-9f5b-d87f3f43b501: valid; 1.3 s; peak memory 1904 MiB.
2026-09-21T11:22:08Z INFO [110/500] 0bee4c8d-ab9f-4def-9f28-8784e104bbef: not valid; 3.0 s; peak memory 1904 MiB.
2026-09-21T11:22:10Z INFO [111/500] 0bee4f44-a071-44b7-a6a9-0c562f8d92c7: valid; 2.6 s; peak memory 1904 MiB.
2026-09-21T11:22:13Z INFO [112/500] 0bee5ab4-db69-4f92-a5f5-dd7a20ed91df: valid; 2.2 s; peak memory 1904 MiB.
2026-09-21T11:22:20Z INFO [113/500] 0bee8a84-5d66-4337-a23e-9bb555b415cd: valid; 7.4 s; peak memory 1904 MiB.
2026-09-21T11:22:23Z INFO [114/500] 0beea927-1d05-4951-b370-5d0df14cbcba: valid; 2.6 s; peak memory 1904 MiB.
2026-09-21T11:22:23Z WARNING 0bef62ee-d91e-4eb1-931e-6a6158c4d7da: failed while retrieving asset information from the DANDI API (NotFoundError: No asset at path 'sub-parkinson-simulated-lfp/sub-parkinson-simulated-lfp_ses-4030_ecephys.nwb' in version 0.250327.2220. Verify the path is correct and the asset exists in this version. Use 'dandi ls' to list available assets.)
2026-09-21T11:22:24Z INFO [116/500] 0bef848c-7a1d-423f-8f66-dae0a33c8b0a: valid; 1.2 s; peak memory 1904 MiB.
2026-09-21T11:22:26Z INFO [117/500] 0bf03275-5079-4594-bee4-4858fc3bf2d2: valid; 1.6 s; peak memory 1904 MiB.
2026-09-21T11:22:27Z INFO [118/500] 0bf03b84-2593-439e-9ea9-965d3762846d: valid; 1.2 s; peak memory 1904 MiB.
2026-09-21T11:22:29Z INFO [119/500] 0bf0a692-94b5-4149-8eeb-8344431d8c0d: valid; 2.7 s; peak memory 1904 MiB.
2026-09-21T11:22:31Z INFO [120/500] 0bf0ce32-f7ed-45da-adc8-8b2e6e648652: not valid; 1.7 s; peak memory 1904 MiB.
2026-09-21T11:22:33Z WARNING 0bf0f048-b36d-4f32-9f6f-75913857e095: failed while opening the NWB file (ConstructError: (root/acquisition/_iblmic_audioSpectrogram/bands GroupBuilder {'attributes': {'colnames': array(['freq'], dtype=object), 'description': 'spectogram frequencies', 'namespace': 'core', 'neurodata_type': 'FrequencyBandsTable', 'object_id': 'fecd37b4-8c8a-456e-a8e9-167516e9e971'}, 'groups': {}, 'datasets': {'freq': root/acquisition/_iblmic_audioSpectrogram/bands/freq DatasetBuilder {'attributes': {'description': 'frequency value', 'namespace': 'hdmf-common', 'neurodata_type': 'VectorData', 'object_id': 'fd772c69-8ebf-4840-a15b-cc6951728fd0'}, 'data': <HDF5 dataset "freq": shape (257,), type "<f4">}, 'id': root/acquisition/_iblmic_audioSpectrogram/bands/id DatasetBuilder {'attributes': {'namespace': 'hdmf-common', 'neurodata_type': 'ElementIdentifiers', 'object_id': '1982f30c-8f10-4f49-bb0c-5624c66e9553'}, 'data': <HDF5 dataset "id": shape (257,), type "<i4">}}, 'links': {}}, "Could not construct FrequencyBandsTable object due to: column must have the same number of rows as 'id'"))
2026-09-21T11:22:34Z INFO [122/500] 0bf1bcb2-c64a-45d3-b40b-ad4fa6b79f58: valid; 1.1 s; peak memory 1904 MiB.
2026-09-21T11:22:36Z INFO [123/500] 0bf202ee-0bf6-43e4-b3fe-d14c83898694: valid; 1.8 s; peak memory 1904 MiB.
2026-09-21T11:22:44Z INFO [124/500] 0bf20ba6-3809-417e-a3af-a8b7156fe10d: valid; 7.5 s; peak memory 1904 MiB.
2026-09-21T11:22:45Z INFO [125/500] 0bf22d77-708e-4291-aa74-4e75379cd50e: valid; 1.3 s; peak memory 1904 MiB.
2026-09-21T11:22:55Z INFO [126/500] 0bf23b1a-82bd-43f9-ae05-b7599ff7fd26: valid; 10.2 s; peak memory 2044 MiB.
2026-09-21T11:22:57Z INFO [127/500] 0bf2450e-b81a-4243-bad0-6195a914fed2: not valid; 2.0 s; peak memory 2044 MiB.
2026-09-21T11:22:59Z INFO [128/500] 0bf26de9-8ca8-4331-982a-e27a709aca9a: valid; 1.9 s; peak memory 2045 MiB.
2026-09-21T11:23:00Z INFO [129/500] 0bf2e758-336a-467b-8e35-fa5b54a3b3de: not valid; 0.9 s; peak memory 2046 MiB.
2026-09-21T11:23:02Z INFO [130/500] 0bf353bf-6c3f-47d7-b438-a21cab303c12: valid; 1.6 s; peak memory 2046 MiB.
2026-09-21T11:23:04Z INFO [131/500] 0bf47f3a-2b67-44c7-a298-51c260d9ae47: valid; 2.1 s; peak memory 2046 MiB.
2026-09-21T11:23:14Z INFO [132/500] 0bf49b27-f4e6-4008-9d37-fb48dfd4ebc0: valid; 9.9 s; peak memory 2047 MiB.
2026-09-21T11:23:15Z INFO [133/500] 0bf4a089-1ea1-47b6-9bcb-b52b844e7701: valid; 1.4 s; peak memory 2047 MiB.
2026-09-21T11:23:18Z INFO [134/500] 0bf6026d-f890-474c-8ee7-6ab80e95bb00: valid; 3.1 s; peak memory 2047 MiB.
2026-09-21T11:23:20Z INFO [135/500] 0bf71dd5-b42d-4773-a39e-45c764aa08f6: valid; 1.8 s; peak memory 2047 MiB.
2026-09-21T11:23:28Z INFO [136/500] 0bf7bf21-e55f-4072-a589-0554640d196b: valid; 8.1 s; peak memory 2047 MiB.
2026-09-21T11:23:37Z INFO [137/500] 0bf88989-2452-4f92-9471-25b7c30f5844: valid; 8.8 s; peak memory 2098 MiB.
2026-09-21T11:23:39Z INFO [138/500] 0bf8be3f-b74b-4b3b-8111-1f6385598eba: valid; 2.5 s; peak memory 2098 MiB.
2026-09-21T11:23:41Z INFO [139/500] 0bf915b8-88e0-4a88-860e-9a93a9d28d75: not valid; 1.4 s; peak memory 2098 MiB.
2026-09-21T11:23:42Z INFO [140/500] 0bf950da-e9b8-4185-ae2b-1a153db299ea: valid; 1.2 s; peak memory 2098 MiB.
2026-09-21T11:23:44Z INFO [141/500] 0bf97fe4-9258-4985-8974-117918874f90: valid; 1.9 s; peak memory 2098 MiB.
2026-09-21T11:23:46Z WARNING 0bf9e516-0936-4461-8fd9-c318b87400a9: failed while opening the NWB file (ConstructError: (root/acquisition/_iblmic_audioSpectrogram/bands GroupBuilder {'attributes': {'colnames': array(['freq'], dtype=object), 'description': 'spectogram frequencies', 'namespace': 'core', 'neurodata_type': 'FrequencyBandsTable', 'object_id': 'ac675409-84f0-4255-b19c-317e8e99c45a'}, 'groups': {}, 'datasets': {'freq': root/acquisition/_iblmic_audioSpectrogram/bands/freq DatasetBuilder {'attributes': {'description': 'frequency value', 'namespace': 'hdmf-common', 'neurodata_type': 'VectorData', 'object_id': '0fbe88da-1d80-4f70-93a9-b2625a23f82c'}, 'data': <HDF5 dataset "freq": shape (257,), type "<f4">}, 'id': root/acquisition/_iblmic_audioSpectrogram/bands/id DatasetBuilder {'attributes': {'namespace': 'hdmf-common', 'neurodata_type': 'ElementIdentifiers', 'object_id': '31934a47-ea39-41bd-8178-075f588347f8'}, 'data': <HDF5 dataset "id": shape (257,), type "<i4">}}, 'links': {}}, "Could not construct FrequencyBandsTable object due to: column must have the same number of rows as 'id'"))
2026-09-21T11:23:48Z INFO [143/500] 0bfaf92c-a454-4a4d-a112-a6b22ec7321a: valid; 2.5 s; peak memory 2098 MiB.
2026-09-21T11:23:50Z INFO [144/500] 0bfb384e-9d4d-40db-bffb-b3dbb69bd189: valid; 2.0 s; peak memory 2105 MiB.
2026-09-21T11:23:57Z INFO [145/500] 0bfbd075-9b6f-455d-94c1-4de5324913fd: valid; 7.1 s; peak memory 2112 MiB.
2026-09-21T11:23:59Z INFO [146/500] 0bfc1b50-42be-403e-ba76-73eb2a9d6439: valid; 1.3 s; peak memory 2112 MiB.
2026-09-21T11:24:00Z INFO [147/500] 0bfc3322-7d9e-453b-8d53-e54c0c5d6eb9: valid; 1.3 s; peak memory 2112 MiB.
2026-09-21T11:24:03Z INFO [148/500] 0bfc440f-3337-40d3-8b6d-955668d47248: not valid; 2.8 s; peak memory 2112 MiB.
2026-09-21T11:24:06Z INFO [149/500] 0bfcac95-a1f8-433d-b727-ff1f636939b9: valid; 3.2 s; peak memory 2112 MiB.
2026-09-21T11:24:27Z INFO [150/500] 0bfcc967-d709-4ea1-b982-0c61ae7a58f2: valid; 21.6 s; peak memory 2112 MiB.
2026-09-21T11:24:28Z INFO [150/500] 0bfcc967-d709-4ea1-b982-0c61ae7a58f2: checkpointed 72660 records.
2026-09-21T11:24:29Z INFO [151/500] 0bfd45a4-99c1-4941-90d7-4e9bf3d8f42b: valid; 1.3 s; peak memory 2112 MiB.
2026-09-21T11:24:31Z WARNING 0bfd48e7-5b44-49e1-b45a-b6f18073756b: failed while opening the NWB file (ConstructError: (root/acquisition/event_code_meanings GroupBuilder {'attributes': {'colnames': array(['value', 'meaning'], dtype=object), 'description': 'Mapping integer event codes to event labels', 'namespace': 'ndx-events', 'neurodata_type': 'MeaningsTable', 'object_id': 'c2ff9541-5ec8-45c5-ba32-e749f5882501'}, 'groups': {}, 'datasets': {'id': root/acquisition/event_code_meanings/id DatasetBuilder {'attributes': {'namespace': 'hdmf-common', 'neurodata_type': 'ElementIdentifiers', 'object_id': '3382725f-ab80-4307-879a-c941bc44308c'}, 'data': <HDF5 dataset "id": shape (26,), type "<i8">}, 'meaning': root/acquisition/event_code_meanings/meaning DatasetBuilder {'attributes': {'description': 'The meaning of the value in the parent CategoricalVectorData object.', 'namespace': 'hdmf-experimental', 'neurodata_type': 'VectorData', 'object_id': '3901d226-258e-44df-abe6-e1ebdb45432d'}, 'data': <StrDataset for HDF5 dataset "meaning": shape (26,), type "|O">}, 'value': root/acquisition/event_code_meanings/value DatasetBuilder {'attributes': {'description': 'The value of the parent CategoricalVectorData object.', 'namespace': 'hdmf-experimental', 'neurodata_type': 'VectorData', 'object_id': '59439548-323b-4457-9071-c818283d3ea9'}, 'data': <HDF5 dataset "value": shape (26,), type "<i8">}}, 'links': {}}, "Could not construct MeaningsTable object due to: MeaningsTable.__init__: missing argument 'target'"))
2026-09-21T11:24:33Z WARNING 0bfd4a8b-ed3b-4f6b-8f24-2ba0e3ff33b6: failed while opening the NWB file (ConstructError: (root/acquisition/_iblmic_audioSpectrogram/bands GroupBuilder {'attributes': {'colnames': array(['freq'], dtype=object), 'description': 'spectogram frequencies', 'namespace': 'core', 'neurodata_type': 'FrequencyBandsTable', 'object_id': '65f1536f-3fc0-4548-9791-09fdd9b95bf7'}, 'groups': {}, 'datasets': {'freq': root/acquisition/_iblmic_audioSpectrogram/bands/freq DatasetBuilder {'attributes': {'description': 'frequency value', 'namespace': 'hdmf-common', 'neurodata_type': 'VectorData', 'object_id': 'e9d874db-39e8-43dd-a3d4-acc123e0fd8b'}, 'data': <HDF5 dataset "freq": shape (257,), type "<f4">}, 'id': root/acquisition/_iblmic_audioSpectrogram/bands/id DatasetBuilder {'attributes': {'namespace': 'hdmf-common', 'neurodata_type': 'ElementIdentifiers', 'object_id': 'c8a89848-53aa-4d77-9898-13ed1235ce7b'}, 'data': <HDF5 dataset "id": shape (257,), type "<i4">}}, 'links': {}}, "Could not construct FrequencyBandsTable object due to: column must have the same number of rows as 'id'"))
2026-09-21T11:24:35Z INFO [154/500] 0bfd6a65-129a-4865-9af6-dc2fdd45a2c2: valid; 2.2 s; peak memory 2118 MiB.
2026-09-21T11:24:37Z INFO [155/500] 0bfd9050-c49d-42a3-9067-d8b6c3aa7e4c: valid; 2.4 s; peak memory 2118 MiB.
2026-09-21T11:24:41Z INFO [156/500] 0bfd9ae1-7e17-4221-848a-4f6d558494bb: valid; 3.4 s; peak memory 2118 MiB.
2026-09-21T11:24:43Z INFO [157/500] 0bfe049c-bb8b-4007-83c0-bf6d8df01702: valid; 1.9 s; peak memory 2118 MiB.
2026-09-21T11:24:44Z INFO [158/500] 0bfe656d-5275-451c-a1c5-15b57e4e922e: valid; 1.6 s; peak memory 2118 MiB.
2026-09-21T11:24:46Z INFO [159/500] 0bfe7f80-c0bc-4276-b57a-3a68e13c0cba: not valid; 1.7 s; peak memory 2118 MiB.
2026-09-21T11:24:47Z INFO [160/500] 0bfe9c7a-a991-41f3-a5cd-85737a14ae52: valid; 1.3 s; peak memory 2118 MiB.
2026-09-21T11:24:49Z INFO [161/500] 0bfef0d4-8219-4432-a3dc-44cac6fbce48: valid; 2.0 s; peak memory 2118 MiB.
2026-09-21T11:24:56Z INFO [162/500] 0bfefd5b-ad99-4e48-973e-d440d5458645: valid; 6.9 s; peak memory 2118 MiB.
2026-09-21T11:24:57Z INFO [163/500] 0bffede2-495b-45b4-8f37-fcc75085dd07: not valid; 1.2 s; peak memory 2118 MiB.
2026-09-21T11:24:59Z INFO [164/500] 0c003aba-1c5f-41bf-9235-a23e24ef51dc: not valid; 1.5 s; peak memory 2118 MiB.
2026-09-21T11:25:32Z INFO [165/500] 0c0076b9-3b59-4bb8-91f4-045c0874149d: not valid; 32.6 s; peak memory 2120 MiB.
2026-09-21T11:25:46Z INFO [166/500] 0c0086e2-bf72-4dae-8de6-2c317816fea8: valid; 14.8 s; peak memory 2362 MiB.
2026-09-21T11:25:48Z INFO [167/500] 0c01c2e2-c0d7-4375-945e-9abd47741968: valid; 1.3 s; peak memory 2362 MiB.
2026-09-21T11:25:54Z INFO [168/500] 0c01db87-564c-49eb-b459-e48b0867216c: valid; 6.4 s; peak memory 2362 MiB.
2026-09-21T11:25:58Z INFO [169/500] 0c0244aa-10cc-40dd-a189-819cb2bd20b5: valid; 3.7 s; peak memory 2362 MiB.
2026-09-21T11:26:00Z INFO [170/500] 0c02d440-5747-4207-bf75-726b8966e231: valid; 2.1 s; peak memory 2362 MiB.
2026-09-21T11:26:02Z INFO [171/500] 0c033e16-687b-483b-a370-a4b25d7eefcb: valid; 2.0 s; peak memory 2362 MiB.
2026-09-21T11:26:03Z INFO [172/500] 0c036435-f5e1-4b02-8cee-61edbf7790cf: valid; 1.4 s; peak memory 2362 MiB.
2026-09-21T11:26:05Z WARNING 0c036e14-930e-40f2-9ac5-641a6094c7f0: failed while opening the NWB file (ConstructError: (root/acquisition/event_code_meanings GroupBuilder {'attributes': {'colnames': array(['value', 'meaning'], dtype=object), 'description': 'Mapping integer event codes to event labels', 'namespace': 'ndx-events', 'neurodata_type': 'MeaningsTable', 'object_id': '4c8e4fe9-c32a-4c14-9a2d-153ef84ca7c2'}, 'groups': {}, 'datasets': {'id': root/acquisition/event_code_meanings/id DatasetBuilder {'attributes': {'namespace': 'hdmf-common', 'neurodata_type': 'ElementIdentifiers', 'object_id': 'ba50a788-ada0-4b6c-b3c6-bf30787292ed'}, 'data': <HDF5 dataset "id": shape (26,), type "<i8">}, 'meaning': root/acquisition/event_code_meanings/meaning DatasetBuilder {'attributes': {'description': 'The meaning of the value in the parent CategoricalVectorData object.', 'namespace': 'hdmf-experimental', 'neurodata_type': 'VectorData', 'object_id': '77bc72cc-0d7a-4fb1-ac0b-65409f624f5f'}, 'data': <StrDataset for HDF5 dataset "meaning": shape (26,), type "|O">}, 'value': root/acquisition/event_code_meanings/value DatasetBuilder {'attributes': {'description': 'The value of the parent CategoricalVectorData object.', 'namespace': 'hdmf-experimental', 'neurodata_type': 'VectorData', 'object_id': 'af0e1411-818c-44a4-ae79-d9e37f807066'}, 'data': <HDF5 dataset "value": shape (26,), type "<i8">}}, 'links': {}}, "Could not construct MeaningsTable object due to: MeaningsTable.__init__: missing argument 'target'"))
2026-09-21T11:26:12Z INFO [174/500] 0c03d995-e16f-4a8a-b14e-61f65a4102d6: valid; 7.1 s; peak memory 2362 MiB.
2026-09-21T11:26:14Z INFO [175/500] 0c056b43-6267-48ae-b2bf-0ec117c12194: valid; 1.7 s; peak memory 2362 MiB.
2026-09-21T11:26:15Z INFO [176/500] 0c05f8d7-4db4-4e87-8197-025322337f19: valid; 1.3 s; peak memory 2362 MiB.
2026-09-21T11:26:16Z INFO [177/500] 0c06ba2d-380c-4171-82d5-0c5f075e7b3b: valid; 1.2 s; peak memory 2362 MiB.
2026-09-21T11:26:50Z INFO [178/500] 0c06f2df-55dd-4438-94cf-24ced3b9c8a3: not valid; 34.0 s; peak memory 2362 MiB.
2026-09-21T11:26:51Z INFO [179/500] 0c073c33-97f8-4353-be2c-b2fe76aa6fc5: valid; 1.2 s; peak memory 2362 MiB.
2026-09-21T11:27:00Z INFO [180/500] 0c079a8b-4343-4566-ac18-af39d1bca5dc: valid; 8.2 s; peak memory 2362 MiB.
2026-09-21T11:27:01Z INFO [181/500] 0c0873ee-8af0-40af-90c6-913fbcbc1f93: valid; 1.5 s; peak memory 2362 MiB.
2026-09-21T11:27:02Z INFO [182/500] 0c08e2b1-efc9-473f-8b05-6131a84a1936: valid; 1.3 s; peak memory 2362 MiB.
2026-09-21T11:27:03Z INFO [183/500] 0c091968-d8f5-40f8-bfa9-508b8bf31fa9: not valid; 1.1 s; peak memory 2362 MiB.
2026-09-21T11:27:08Z INFO [184/500] 0c094dfe-6819-4340-aac3-a0e7530363be: not valid; 5.0 s; peak memory 2362 MiB.
2026-09-21T11:27:13Z INFO [185/500] 0c09694b-0f96-4e65-aaf1-af1f7f4a3187: valid; 4.8 s; peak memory 2373 MiB.
2026-09-21T11:27:15Z INFO [186/500] 0c0a789b-c523-4280-a8fe-93225d9277d7: valid; 1.3 s; peak memory 2376 MiB.
2026-09-21T11:27:16Z INFO [187/500] 0c0a837a-849f-4d35-b2d6-f1bc992dbe1d: valid; 1.3 s; peak memory 2378 MiB.
2026-09-21T11:27:34Z INFO [188/500] 0c0ad8a8-60c1-4148-a1b3-666f36fc16aa: valid; 17.8 s; peak memory 2591 MiB.
2026-09-21T11:27:36Z INFO [189/500] 0c0c20fd-c4ca-43c0-b103-8ba372f3a7d7: valid; 2.2 s; peak memory 2591 MiB.
2026-09-21T11:27:39Z INFO [190/500] 0c0c5077-0950-451d-8c9f-448165156bf7: valid; 3.4 s; peak memory 2591 MiB.
2026-09-21T11:27:41Z INFO [191/500] 0c0cd257-843e-4aa1-828e-b9ca85243cbd: not valid; 1.6 s; peak memory 2591 MiB.
2026-09-21T11:27:58Z INFO [192/500] 0c0dbb76-efe6-4339-8b1b-c09a84b384c5: valid; 17.4 s; peak memory 2676 MiB.
2026-09-21T11:28:00Z INFO [193/500] 0c0dce25-3030-42f5-ae76-81fd98a7b7c5: valid; 1.9 s; peak memory 2676 MiB.
2026-09-21T11:28:06Z INFO [194/500] 0c0e0290-843e-44c4-861e-f33a7346f108: valid; 5.9 s; peak memory 2704 MiB.
2026-09-21T11:28:08Z INFO [195/500] 0c0e67e4-7f3c-449f-a18e-2b5577a9ff71: valid; 2.4 s; peak memory 2711 MiB.
2026-09-21T11:28:10Z INFO [196/500] 0c0e784f-95ac-4835-a11b-937ac1344eb1: valid; 1.4 s; peak memory 2714 MiB.
2026-09-21T11:28:11Z INFO [197/500] 0c0e8e91-6856-4775-b090-25bc971d02e8: not valid; 1.6 s; peak memory 2719 MiB.
2026-09-21T11:28:14Z INFO [198/500] 0c0ea99d-f66a-41a5-b905-8332196e402f: valid; 2.3 s; peak memory 2726 MiB.
2026-09-21T11:28:15Z INFO [199/500] 0c0edc4b-a312-4895-aeb4-dc1703c6fb0c: not valid; 1.4 s; peak memory 2728 MiB.
2026-09-21T11:28:17Z INFO [200/500] 0c0f26c0-1e5c-4e67-9d0b-45ce40704a46: not valid; 1.9 s; peak memory 2733 MiB.
2026-09-21T11:28:17Z INFO [200/500] 0c0f26c0-1e5c-4e67-9d0b-45ce40704a46: checkpointed 72710 records.
2026-09-21T11:28:19Z INFO [201/500] 0c0f3236-b508-42c9-93dd-6ef403f97a7e: valid; 1.8 s; peak memory 2737 MiB.
2026-09-21T11:28:22Z INFO [202/500] 0c0f91f5-7cf7-4e84-be71-35bec34d05a0: valid; 2.9 s; peak memory 2748 MiB.
2026-09-21T11:28:27Z INFO [203/500] 0c102576-35cd-40ca-9780-64e6bfc18e6f: valid; 4.6 s; peak memory 2758 MiB.
2026-09-21T11:28:27Z WARNING 0c106900-7af8-493d-aee4-a4a530ac533e: failed while retrieving asset information from the DANDI API (NotFoundError: No asset at path 'sub-healthy-simulated-lfp/sub-healthy-simulated-lfp_ses-8715_ecephys.nwb' in version 0.250327.2220. Verify the path is correct and the asset exists in this version. Use 'dandi ls' to list available assets.)
2026-09-21T11:28:29Z WARNING 0c108f74-acc0-4fc9-93ea-3f9ede12d174: failed while opening the NWB file (ConstructError: (root/acquisition/_iblmic_audioSpectrogram/bands GroupBuilder {'attributes': {'colnames': array(['freq'], dtype=object), 'description': 'spectogram frequencies', 'namespace': 'core', 'neurodata_type': 'FrequencyBandsTable', 'object_id': 'bb193862-cd0e-4188-8cb7-ca693fa4d38b'}, 'groups': {}, 'datasets': {'freq': root/acquisition/_iblmic_audioSpectrogram/bands/freq DatasetBuilder {'attributes': {'description': 'frequency value', 'namespace': 'hdmf-common', 'neurodata_type': 'VectorData', 'object_id': '44539bdc-7657-4532-a953-4fe3b95bfdd2'}, 'data': <HDF5 dataset "freq": shape (257,), type "<f4">}, 'id': root/acquisition/_iblmic_audioSpectrogram/bands/id DatasetBuilder {'attributes': {'namespace': 'hdmf-common', 'neurodata_type': 'ElementIdentifiers', 'object_id': '10c59d55-0b9f-471c-82ff-e96870893802'}, 'data': <HDF5 dataset "id": shape (257,), type "<i4">}}, 'links': {}}, "Could not construct FrequencyBandsTable object due to: column must have the same number of rows as 'id'"))
2026-09-21T11:28:31Z INFO [206/500] 0c10ebf2-ee30-4df4-b78e-e2b3fead1ff6: valid; 2.7 s; peak memory 2761 MiB.
2026-09-21T11:28:33Z INFO [207/500] 0c115bca-a458-4138-b185-40a39089a2c6: valid; 2.1 s; peak memory 2761 MiB.
2026-09-21T11:28:34Z WARNING 0c11a024-eda6-4453-9f98-5c3b21a3cc5b: failed while retrieving asset information from the DANDI API (NotFoundError: No asset at path 'sub-EPCNHP2/sub-EPCNHP2_ses-2021-02-03-009_ecephys.nwb' in version 0.240701.1903. Verify the path is correct and the asset exists in this version. Use 'dandi ls' to list available assets.)
2026-09-21T11:28:35Z INFO [209/500] 0c122516-de0b-4f6a-b25e-637936b38f1b: valid; 1.5 s; peak memory 2761 MiB.
2026-09-21T11:28:37Z INFO [210/500] 0c1252fc-8716-41d7-8394-404333d2ae81: not valid; 1.5 s; peak memory 2761 MiB.
2026-09-21T11:28:38Z INFO [211/500] 0c125d2c-6908-435e-abed-6000af90c265: valid; 1.9 s; peak memory 2761 MiB.
2026-09-21T11:28:57Z INFO [212/500] 0c12e027-075f-4baf-b3ea-c1d666f2e83b: valid; 18.2 s; peak memory 2761 MiB.
2026-09-21T11:29:00Z INFO [213/500] 0c12fb8d-0a95-4dab-9330-49901190edf9: valid; 3.2 s; peak memory 2761 MiB.
2026-09-21T11:29:15Z INFO [214/500] 0c1307af-2500-40e4-b57d-2b121af63801: valid; 15.4 s; peak memory 2784 MiB.
2026-09-21T11:29:18Z INFO [215/500] 0c1346ca-c08f-45fb-8c53-6a31863dbb9f: valid; 2.2 s; peak memory 2784 MiB.
2026-09-21T11:29:19Z INFO [216/500] 0c135bf5-edec-45aa-b4d2-10c84f441c4f: valid; 1.3 s; peak memory 2784 MiB.
2026-09-21T11:29:21Z INFO [217/500] 0c137387-db8e-4ff4-8d0e-f47390dc1b3a: valid; 2.0 s; peak memory 2784 MiB.
2026-09-21T11:29:26Z INFO [218/500] 0c13c04a-e45a-4509-b520-9d256b8dd104: not valid; 5.2 s; peak memory 2822 MiB.
2026-09-21T11:29:29Z INFO [219/500] 0c15757f-c7d3-4f46-9968-fca05f2d83ff: valid; 2.9 s; peak memory 2830 MiB.
2026-09-21T11:29:31Z INFO [220/500] 0c15bb7b-b0de-4a61-b7b7-8a9f13603dde: not valid; 1.8 s; peak memory 2834 MiB.
2026-09-21T11:29:33Z INFO [221/500] 0c15f4dd-1915-41d0-935a-762313e2361c: valid; 1.8 s; peak memory 2837 MiB.
2026-09-21T11:29:34Z INFO [222/500] 0c161373-8c7b-41c1-94ba-149bcac86151: valid; 1.6 s; peak memory 2839 MiB.
2026-09-21T11:29:35Z INFO [223/500] 0c165511-5cd7-4ada-b4e3-e7cd704ff6fc: valid; 1.2 s; peak memory 2841 MiB.
2026-09-21T11:29:37Z INFO [224/500] 0c175264-ac4f-4899-8874-2e9dd65fbe2c: valid; 1.4 s; peak memory 2844 MiB.
2026-09-21T11:29:48Z INFO [225/500] 0c17bd42-c80b-487a-abec-118c3fcdfff6: valid; 11.0 s; peak memory 2869 MiB.
2026-09-21T11:29:53Z INFO [226/500] 0c185c30-4a76-4d9f-95f8-d0c845ed335d: valid; 5.1 s; peak memory 2880 MiB.
2026-09-21T11:29:55Z INFO [227/500] 0c1871b0-1648-4bd9-8d2a-961dfb69b1d1: not valid; 1.7 s; peak memory 2880 MiB.
2026-09-21T11:29:59Z INFO [228/500] 0c188a9f-0d21-4db2-9287-2eb0a899629f: valid; 4.2 s; peak memory 2881 MiB.
2026-09-21T11:30:03Z INFO [229/500] 0c189b85-4d97-4e25-8a55-f40acc35c8ad: valid; 4.1 s; peak memory 2881 MiB.
2026-09-21T11:30:06Z INFO [230/500] 0c18f685-e0d0-4b06-894a-6e0c4d46a5fd: valid; 3.6 s; peak memory 2881 MiB.
2026-09-21T11:30:08Z INFO [231/500] 0c19531f-3dfa-456c-94dd-5869cae76b07: valid; 1.1 s; peak memory 2881 MiB.
2026-09-21T11:30:09Z INFO [232/500] 0c1964db-af3e-45f2-ad71-fc6f203d8a5e: valid; 1.5 s; peak memory 2881 MiB.
2026-09-21T11:30:10Z INFO [233/500] 0c1995ad-8ace-4f19-9db1-a3d1d3b9ef92: valid; 1.4 s; peak memory 2881 MiB.
2026-09-21T11:30:12Z INFO [234/500] 0c19eb56-475a-4e66-a744-d3f009f6c89a: valid; 1.2 s; peak memory 2881 MiB.
2026-09-21T11:30:13Z INFO [235/500] 0c1a64bb-ce45-48a2-9046-5a09a96857e2: valid; 1.4 s; peak memory 2881 MiB.
2026-09-21T11:30:15Z INFO [236/500] 0c1b2556-cb7f-482f-8cd6-5d59092c7a5c: not valid; 1.5 s; peak memory 2881 MiB.
2026-09-21T11:30:16Z INFO [237/500] 0c1bbf44-ea24-4034-b7db-c48cb0117ce9: valid; 1.4 s; peak memory 2881 MiB.
2026-09-21T11:30:17Z INFO [238/500] 0c1d18c6-4fbd-483b-a941-ec6ff93c56b6: valid; 1.3 s; peak memory 2881 MiB.
2026-09-21T11:30:19Z INFO [239/500] 0c1d3186-f133-4c85-bfd2-608e674f094f: valid; 2.1 s; peak memory 2881 MiB.
2026-09-21T11:30:21Z INFO [240/500] 0c1d3a75-80cc-40be-909b-47f689574314: valid; 1.5 s; peak memory 2881 MiB.
2026-09-21T11:30:23Z INFO [241/500] 0c1dbc83-abd5-4a87-81a0-9c769d636d78: valid; 2.0 s; peak memory 2885 MiB.
2026-09-21T11:30:52Z INFO [242/500] 0c1e4628-6254-4478-b778-20052e1944a1: not valid; 29.8 s; peak memory 2922 MiB.
2026-09-21T11:30:54Z INFO [243/500] 0c1e7f56-e99b-4a80-b453-62731774d62e: valid; 1.3 s; peak memory 2922 MiB.
2026-09-21T11:30:56Z INFO [244/500] 0c1f0447-053f-4bb7-805e-ca0eea51a9e6: not valid; 1.8 s; peak memory 2922 MiB.
2026-09-21T11:30:58Z INFO [245/500] 0c1f488e-b933-404e-9102-8454afd22ff8: valid; 1.9 s; peak memory 2922 MiB.
2026-09-21T11:31:00Z INFO [246/500] 0c1f7977-4049-4279-becf-81a491449cb6: valid; 2.1 s; peak memory 2923 MiB.
2026-09-21T11:31:02Z WARNING 0c1facfa-4fbc-4441-9311-6d72e2e863d2: failed while opening the NWB file (ConstructError: (root/acquisition/_iblmic_audioSpectrogram/bands GroupBuilder {'attributes': {'colnames': array(['freq'], dtype=object), 'description': 'spectogram frequencies', 'namespace': 'core', 'neurodata_type': 'FrequencyBandsTable', 'object_id': 'dea88f85-8434-4d41-ac5e-fca1402c1fd4'}, 'groups': {}, 'datasets': {'freq': root/acquisition/_iblmic_audioSpectrogram/bands/freq DatasetBuilder {'attributes': {'description': 'frequency value', 'namespace': 'hdmf-common', 'neurodata_type': 'VectorData', 'object_id': '3f069489-ee35-4e31-aec4-68c8906f6716'}, 'data': <HDF5 dataset "freq": shape (257,), type "<f4">}, 'id': root/acquisition/_iblmic_audioSpectrogram/bands/id DatasetBuilder {'attributes': {'namespace': 'hdmf-common', 'neurodata_type': 'ElementIdentifiers', 'object_id': 'd56584ad-de30-4ef3-bf95-e07b242e434a'}, 'data': <HDF5 dataset "id": shape (257,), type "<i4">}}, 'links': {}}, "Could not construct FrequencyBandsTable object due to: column must have the same number of rows as 'id'"))
2026-09-21T11:31:03Z INFO [248/500] 0c1fecd7-71bb-4909-9ac6-b2b291fdf7ff: valid; 1.7 s; peak memory 2926 MiB.
2026-09-21T11:31:06Z INFO [249/500] 0c2034c4-4d53-40e0-bbeb-9d2de2da13e5: valid; 3.1 s; peak memory 2930 MiB.
2026-09-21T11:31:08Z INFO [250/500] 0c205f9a-b005-4ce0-959a-d834fb9ca45c: valid; 1.8 s; peak memory 2931 MiB.
2026-09-21T11:31:09Z INFO [250/500] 0c205f9a-b005-4ce0-959a-d834fb9ca45c: checkpointed 72760 records.
2026-09-21T11:31:11Z INFO [251/500] 0c20aac4-3182-464a-8759-ed973c041413: not valid; 1.9 s; peak memory 2934 MiB.
2026-09-21T11:31:12Z INFO [252/500] 0c20b1b8-1eae-4318-bfea-4e593a8c70e2: valid; 1.7 s; peak memory 2938 MiB.
2026-09-21T11:31:24Z INFO [253/500] 0c211a57-00cf-4440-b4bb-40a7fb1b0b76: valid; 11.7 s; peak memory 2952 MiB.
2026-09-21T11:31:43Z INFO [254/500] 0c218002-08ab-4c8f-bfeb-7f4c06900275: valid; 19.0 s; peak memory 2992 MiB.
2026-09-21T11:31:44Z INFO [255/500] 0c218614-5284-40ce-90eb-befc6b8623c7: valid; 1.5 s; peak memory 2993 MiB.
2026-09-21T11:31:47Z INFO [256/500] 0c21fda6-dd33-429a-878f-7e59ecb98835: valid; 2.9 s; peak memory 2995 MiB.
2026-09-21T11:31:49Z INFO [257/500] 0c222965-544f-4d3b-bdcb-19dc962bd1ef: not valid; 1.8 s; peak memory 2995 MiB.
2026-09-21T11:31:51Z INFO [258/500] 0c22582a-1382-4fdb-8acb-c8c7a37d2e5b: valid; 1.9 s; peak memory 2995 MiB.
2026-09-21T11:31:53Z INFO [259/500] 0c22c2d0-643d-473e-8fe3-6804107cd649: valid; 2.4 s; peak memory 2995 MiB.
2026-09-21T11:31:55Z INFO [260/500] 0c233b06-8199-4906-8d59-ebe52dd35c29: valid; 1.9 s; peak memory 2995 MiB.
2026-09-21T11:31:57Z INFO [261/500] 0c23e8fa-1e1a-4b00-87b7-935dd255024e: not valid; 2.0 s; peak memory 2995 MiB.
2026-09-21T11:32:15Z INFO [262/500] 0c244f35-63e9-4447-a485-ef7e5b5a2f15: valid; 18.2 s; peak memory 2995 MiB.
2026-09-21T11:32:17Z INFO [263/500] 0c253b79-798e-4156-aa6a-b5ceac61c6ec: valid; 1.3 s; peak memory 2995 MiB.
2026-09-21T11:32:19Z INFO [264/500] 0c2560bc-855c-49ec-9e72-ea2101a569e5: valid; 1.8 s; peak memory 2995 MiB.
2026-09-21T11:32:19Z INFO [265/500] 0c258baa-bf9d-4ad9-9e34-1af53801cac7: valid; 1.0 s; peak memory 2995 MiB.
2026-09-21T11:32:22Z INFO [266/500] 0c259574-7e6e-4a73-b840-8dc5dffac887: valid; 2.0 s; peak memory 2995 MiB.
2026-09-21T11:32:23Z WARNING 0c25c659-a6a6-4b47-a64e-0daa6b9930ab: failed while opening the NWB file (ConstructError: (root/acquisition/event_code_meanings GroupBuilder {'attributes': {'colnames': array(['value', 'meaning'], dtype=object), 'description': 'Mapping integer event codes to event labels', 'namespace': 'ndx-events', 'neurodata_type': 'MeaningsTable', 'object_id': 'ad996b3d-1cd7-4a2d-9191-e6904a700f49'}, 'groups': {}, 'datasets': {'id': root/acquisition/event_code_meanings/id DatasetBuilder {'attributes': {'namespace': 'hdmf-common', 'neurodata_type': 'ElementIdentifiers', 'object_id': '518b2501-d6e7-4657-b0db-eaf4bd1a9de2'}, 'data': <HDF5 dataset "id": shape (26,), type "<i8">}, 'meaning': root/acquisition/event_code_meanings/meaning DatasetBuilder {'attributes': {'description': 'The meaning of the value in the parent CategoricalVectorData object.', 'namespace': 'hdmf-experimental', 'neurodata_type': 'VectorData', 'object_id': '28dc8601-8413-42bb-a322-b59d9b078a1f'}, 'data': <StrDataset for HDF5 dataset "meaning": shape (26,), type "|O">}, 'value': root/acquisition/event_code_meanings/value DatasetBuilder {'attributes': {'description': 'The value of the parent CategoricalVectorData object.', 'namespace': 'hdmf-experimental', 'neurodata_type': 'VectorData', 'object_id': '952293b8-f398-40c4-a2f2-66f8391c76af'}, 'data': <HDF5 dataset "value": shape (26,), type "<i8">}}, 'links': {}}, "Could not construct MeaningsTable object due to: MeaningsTable.__init__: missing argument 'target'"))
2026-09-21T11:32:25Z INFO [268/500] 0c264077-fa1b-4b51-ac58-b239e6e490a7: not valid; 1.9 s; peak memory 2995 MiB.
2026-09-21T11:32:29Z INFO [269/500] 0c26cba7-df1e-448e-966f-4eb83f6908fc: not valid; 4.2 s; peak memory 2995 MiB.
2026-09-21T11:32:43Z INFO [270/500] 0c26d8b3-47a4-4f9e-af91-f1254154e90d: valid; 13.4 s; peak memory 3011 MiB.
2026-09-21T11:32:47Z INFO [271/500] 0c27d3b1-bd7b-48f7-909b-4eb624be119e: valid; 3.9 s; peak memory 3015 MiB.
2026-09-21T11:32:49Z INFO [272/500] 0c27dfa9-8b92-4fb0-b7e4-cc13e0d22f76: valid; 2.2 s; peak memory 3022 MiB.
2026-09-21T11:32:53Z INFO [273/500] 0c285d0b-0356-48a5-b530-25248ee631db: valid; 3.9 s; peak memory 3028 MiB.
2026-09-21T11:33:03Z INFO [274/500] 0c2881d4-0f5c-45f0-9e3d-7f9d7cf3b14e: valid; 10.8 s; peak memory 3039 MiB.
2026-09-21T11:33:05Z INFO [275/500] 0c2918eb-756e-467f-9bde-20a90e73fbb7: valid; 1.3 s; peak memory 3039 MiB.
2026-09-21T11:33:07Z INFO [276/500] 0c298b3e-1e8e-437c-9f69-7929f9fc9176: valid; 2.2 s; peak memory 3039 MiB.
2026-09-21T11:33:08Z INFO [277/500] 0c2a11a2-4af8-47f9-91cb-bf5283e3beb4: valid; 1.4 s; peak memory 3039 MiB.
2026-09-21T11:33:09Z INFO [278/500] 0c2a2895-fedb-4001-abc3-033eb1b86ee2: valid; 1.3 s; peak memory 3039 MiB.
2026-09-21T11:33:13Z INFO [279/500] 0c2a7727-e386-436e-a9e6-1be373cbe1a1: valid; 3.9 s; peak memory 3039 MiB.
2026-09-21T11:33:15Z INFO [280/500] 0c2a9099-90e9-486a-99df-e45198c78fdd: valid; 2.1 s; peak memory 3039 MiB.
2026-09-21T11:33:18Z INFO [281/500] 0c2aefbe-8745-4fb4-a5e7-e0f86be6fed1: valid; 2.8 s; peak memory 3039 MiB.
2026-09-21T11:33:27Z INFO [282/500] 0c2b7c5a-64bb-4c47-9841-f086c1d485cf: valid; 8.3 s; peak memory 3039 MiB.
2026-09-21T11:33:29Z INFO [283/500] 0c2b8ace-e714-4bbc-9abe-50b4be604f74: valid; 2.7 s; peak memory 3039 MiB.
2026-09-21T11:33:41Z INFO [284/500] 0c2c9d23-1898-4d90-a204-5a47104cf464: valid; 11.9 s; peak memory 3039 MiB.
2026-09-21T11:33:49Z INFO [285/500] 0c2d2554-7205-41c9-a110-826fa67a9747: not valid; 8.3 s; peak memory 3078 MiB.
2026-09-21T11:33:51Z INFO [286/500] 0c2dc47f-74d7-4c90-a459-9aedf41a50fb: valid; 1.9 s; peak memory 3078 MiB.
2026-09-21T11:33:53Z INFO [287/500] 0c2dd405-4691-46d9-84fe-1bd9748207fa: valid; 1.4 s; peak memory 3078 MiB.
2026-09-21T11:33:55Z INFO [288/500] 0c2e57cf-adea-4c09-8491-dd6c1bdd9c6a: not valid; 2.6 s; peak memory 3083 MiB.
2026-09-21T11:34:11Z INFO [289/500] 0c2e6b21-3a7a-4d3e-aff9-8209de52d859: valid; 15.2 s; peak memory 3118 MiB.
2026-09-21T11:34:12Z INFO [290/500] 0c2f12da-f77d-4472-8168-9ffcdec981eb: valid; 1.3 s; peak memory 3118 MiB.
2026-09-21T11:34:14Z INFO [291/500] 0c2f6a53-65a8-4a20-86c6-0e8a80a1e5c4: valid; 1.8 s; peak memory 3118 MiB.
2026-09-21T11:34:15Z INFO [292/500] 0c2f753c-ce98-461c-837f-34d588629e53: not valid; 1.7 s; peak memory 3118 MiB.
2026-09-21T11:34:22Z INFO [293/500] 0c2fc57e-923d-40b6-94e8-199c44496ad1: not valid; 6.9 s; peak memory 3118 MiB.
2026-09-21T11:34:30Z INFO [294/500] 0c3023a0-4608-4014-a551-f235963cea8f: valid; 7.9 s; peak memory 3118 MiB.
2026-09-21T11:34:45Z INFO [295/500] 0c302811-481c-43b9-bdc3-4fc1f068ba03: valid; 14.4 s; peak memory 3126 MiB.
2026-09-21T11:34:46Z INFO [296/500] 0c3073ec-5a3c-426a-934f-2824f5f2ebac: valid; 1.1 s; peak memory 3128 MiB.
2026-09-21T11:34:47Z INFO [297/500] 0c307c25-c1da-4016-80e7-fe9b02b61a10: valid; 1.5 s; peak memory 3130 MiB.
2026-09-21T11:35:05Z INFO [298/500] 0c312f10-ecac-445b-bb9d-383e7a33cf5b: valid; 18.2 s; peak memory 3418 MiB.
2026-09-21T11:35:07Z INFO [299/500] 0c314b2a-0a81-40d7-85e3-6cb2fe9a4afb: valid; 1.2 s; peak memory 3418 MiB.
2026-09-21T11:35:09Z INFO [300/500] 0c3180ef-f0ef-4a17-9f52-d6dd99183d0c: valid; 2.1 s; peak memory 3418 MiB.
2026-09-21T11:35:09Z INFO [300/500] 0c3180ef-f0ef-4a17-9f52-d6dd99183d0c: checkpointed 72810 records.
2026-09-21T11:35:12Z INFO [301/500] 0c31a2a1-bcc0-4e8b-bee8-cfbf9cd4f952: valid; 3.0 s; peak memory 3418 MiB.
2026-09-21T11:35:14Z INFO [302/500] 0c31d369-06b6-47cb-bce0-114b8bb1a609: not valid; 2.0 s; peak memory 3418 MiB.
2026-09-21T11:35:17Z INFO [303/500] 0c31f0fd-c1b0-4c10-a9af-577ad9785ddf: valid; 2.9 s; peak memory 3418 MiB.
2026-09-21T11:35:19Z INFO [304/500] 0c320f9a-f355-4e49-ab89-7d24fe723229: valid; 1.5 s; peak memory 3418 MiB.
2026-09-21T11:35:20Z INFO [305/500] 0c32abbf-4ed4-4c2b-b7a1-76d4b1231dc6: valid; 1.9 s; peak memory 3418 MiB.
2026-09-21T11:35:26Z INFO [306/500] 0c32b7d7-2f51-46bb-adf1-8248cf16115f: not valid; 5.7 s; peak memory 3418 MiB.
2026-09-21T11:35:28Z INFO [307/500] 0c32ba22-5c3d-4617-b23a-0549b5308976: valid; 2.1 s; peak memory 3418 MiB.
2026-09-21T11:35:32Z INFO [308/500] 0c32cfea-b971-432c-84ca-bd245ee784e3: not valid; 3.9 s; peak memory 3418 MiB.
2026-09-21T11:35:34Z INFO [309/500] 0c32d5ef-7c21-4451-a4ed-9efe892cda08: not valid; 1.8 s; peak memory 3418 MiB.
2026-09-21T11:35:37Z INFO [310/500] 0c332388-e72f-424b-b939-1abbb45b54c8: valid; 3.1 s; peak memory 3418 MiB.
2026-09-21T11:35:44Z INFO [311/500] 0c3323d3-8d6c-423d-afc5-6816085638fa: valid; 7.4 s; peak memory 3418 MiB.
2026-09-21T11:35:53Z INFO [312/500] 0c33273c-7e50-41e7-a907-a41a3f92af98: valid; 8.2 s; peak memory 3418 MiB.
2026-09-21T11:35:54Z INFO [313/500] 0c3380cd-a8da-4d90-bab6-fcbbe10c60d1: not valid; 1.6 s; peak memory 3418 MiB.
2026-09-21T11:36:11Z INFO [314/500] 0c3457d0-ac39-4f8f-909e-5e63bc00800f: not valid; 16.6 s; peak memory 3418 MiB.
2026-09-21T11:36:12Z INFO [315/500] 0c352a93-fbc5-4d40-a692-5ec4802a185d: valid; 1.4 s; peak memory 3418 MiB.
2026-09-21T11:36:14Z INFO [316/500] 0c353231-0a0b-4cc8-9902-40fb8cd53301: valid; 1.8 s; peak memory 3418 MiB.
2026-09-21T11:36:16Z INFO [317/500] 0c355f8a-898e-4f3f-ac3e-4bf50d7327d0: valid; 1.8 s; peak memory 3418 MiB.
2026-09-21T11:36:18Z INFO [318/500] 0c36120d-201a-4fcd-b5e7-4325c3a25728: valid; 2.3 s; peak memory 3418 MiB.
2026-09-21T11:36:20Z INFO [319/500] 0c37143a-3416-4af1-9644-7fc34ca9798d: not valid; 1.8 s; peak memory 3418 MiB.
2026-09-21T11:36:25Z INFO [320/500] 0c378574-f1ab-47e0-9b62-0fda95233ac3: valid; 5.5 s; peak memory 3418 MiB.
2026-09-21T11:36:27Z INFO [321/500] 0c37e4b5-6998-48a5-b69a-ce26311ca583: valid; 1.8 s; peak memory 3418 MiB.
2026-09-21T11:36:29Z INFO [322/500] 0c37f920-40e4-4ed7-baaa-e787bb29ec7c: not valid; 1.7 s; peak memory 3418 MiB.
2026-09-21T11:36:31Z INFO [323/500] 0c380276-2d2d-4c73-9a36-4a2dcaaa9ecc: valid; 2.4 s; peak memory 3418 MiB.
2026-09-21T11:36:34Z INFO [324/500] 0c393d85-2fd1-4a41-8ffe-ccca0c284533: not valid; 2.6 s; peak memory 3418 MiB.
2026-09-21T11:36:35Z INFO [325/500] 0c3954ce-a4c7-42ca-a931-d806b87a20ff: valid; 1.1 s; peak memory 3418 MiB.
2026-09-21T11:36:37Z INFO [326/500] 0c3a9dc6-e15c-415c-bb51-a0b7d2aa7106: valid; 2.0 s; peak memory 3418 MiB.
2026-09-21T11:36:44Z INFO [327/500] 0c3aa9e0-f690-48ba-91b4-594569fabb4b: valid; 6.7 s; peak memory 3418 MiB.
2026-09-21T11:36:45Z INFO [328/500] 0c3b5ab4-5f17-444e-8d5f-6498218cbf38: valid; 1.3 s; peak memory 3418 MiB.
2026-09-21T11:36:47Z INFO [329/500] 0c3bc236-901c-4d4f-b488-23538174dc60: not valid; 1.5 s; peak memory 3418 MiB.
2026-09-21T11:36:48Z INFO [330/500] 0c3bc5c5-803f-4015-ab57-e615a03747f8: valid; 1.3 s; peak memory 3418 MiB.
2026-09-21T11:36:49Z INFO [331/500] 0c3bdb99-6878-43db-a299-b1b7f227ce63: valid; 1.2 s; peak memory 3418 MiB.
2026-09-21T11:36:51Z INFO [332/500] 0c3c4b1a-ac19-4db5-91fa-ef5e4c27e2a9: not valid; 1.8 s; peak memory 3418 MiB.
2026-09-21T11:36:52Z INFO [333/500] 0c3cc089-36f8-4ec9-a261-3079d08292c1: valid; 1.4 s; peak memory 3418 MiB.
2026-09-21T11:36:52Z WARNING 0c3f3139-1a54-46c2-8b62-05b127a556ab: failed while retrieving asset information from the DANDI API (NotFoundError: No such Dandiset: 000561)
2026-09-21T11:36:57Z INFO [335/500] 0c3fa781-e2c9-47d2-a47d-a7aeec52dc0b: valid; 4.4 s; peak memory 3418 MiB.
2026-09-21T11:36:58Z INFO [336/500] 0c3feab1-2227-4caa-9a43-2218469cf0f0: not valid; 1.4 s; peak memory 3418 MiB.
2026-09-21T11:37:01Z WARNING 0c40540a-2359-4d97-8dbb-bc85d15cab51: failed while opening the NWB file (ConstructError: (root/general/optogenetics/PatternedOptogeneticStimulusSite GroupBuilder {'attributes': {'effector': 'GUR-3/PRDX-2', 'namespace': 'ndx-patterned-ogen', 'neurodata_type': 'PatternedOptogeneticStimulusSite', 'object_id': '2aaedb3b-7546-4f86-978b-7aedd8c76a97'}, 'groups': {}, 'datasets': {'description': root/general/optogenetics/PatternedOptogeneticStimulusSite/description DatasetBuilder {'attributes': {}, 'data': 'Scanning'}, 'excitation_lambda': root/general/optogenetics/PatternedOptogeneticStimulusSite/excitation_lambda DatasetBuilder {'attributes': {}, 'data': np.float64(850.0)}, 'location': root/general/optogenetics/PatternedOptogeneticStimulusSite/location DatasetBuilder {'attributes': {}, 'data': 'whole brain'}}, 'links': {'device': root/general/optogenetics/PatternedOptogeneticStimulusSite/device LinkBuilder {'builder': root/general/devices/OptogeneticDevice GroupBuilder {'attributes': {'description': '', 'namespace': 'core', 'neurodata_type': 'Device', 'object_id': '77d5936f-7ac6-4e7d-8d59-686e1a44c502'}, 'groups': {}, 'datasets': {}, 'links': {}}}, 'light_source': root/general/optogenetics/PatternedOptogeneticStimulusSite/light_source LinkBuilder {'builder': root/general/devices/AmplifiedLaser GroupBuilder {'attributes': {'description': 'For two-photon optogenetic targeting, we used an optical parametric amplifier (OPA; Light Conversion ORPHEUS) pumped by a femtosecond amplified laser (Light Conversion PHAROS).', 'filter_description': 'Short pass at 1040 nm', 'manufacturer': 'Light Conversion', 'model': 'ORPHEUS amplifier and PHAROS laser', 'namespace': 'ndx-patterned-ogen', 'neurodata_type': 'LightSource', 'object_id': '598f8b93-b65c-4d99-9d47-b49402c86f4e', 'peak_power_in_W': np.float64(0.0012), 'pulse_rate_in_Hz': np.float64(500000.0), 'stimulation_wavelength_in_nm': np.float64(850.0)}, 'groups': {}, 'datasets': {}, 'links': {}}}}}, "Could not construct PatternedOptogeneticStimulusSite object due to: CustomClassGenerator.set_init.<locals>.__init__: incorrect type for 'spatial_light_modulator' (got 'list', expected 'Device')"))
2026-09-21T11:37:04Z INFO [338/500] 0c407976-b496-4dad-a851-f2a80b909a8c: valid; 2.9 s; peak memory 3418 MiB.
2026-09-21T11:37:05Z INFO [339/500] 0c407e7c-5d5f-470d-b2fa-d876349a3d29: not valid; 1.5 s; peak memory 3418 MiB.
2026-09-21T11:37:07Z INFO [340/500] 0c409837-8bdd-45aa-aaae-fa16e758b9df: valid; 1.8 s; peak memory 3418 MiB.
2026-09-21T11:37:10Z INFO [341/500] 0c41329d-b9f0-4569-861c-5cbb465cde70: not valid; 2.9 s; peak memory 3418 MiB.
2026-09-21T11:37:12Z INFO [342/500] 0c4133fd-1b0f-4a3b-a38a-25de7ba1846a: valid; 1.9 s; peak memory 3418 MiB.
2026-09-21T11:37:16Z INFO [343/500] 0c41945e-d1b3-47bf-9102-a1719071133a: valid; 4.1 s; peak memory 3418 MiB.
2026-09-21T11:37:18Z INFO [344/500] 0c431ab9-3b5e-45c2-8417-8fa0eb6841a9: valid; 2.2 s; peak memory 3418 MiB.
2026-09-21T11:37:19Z INFO [345/500] 0c4321a0-4971-4185-a5c5-350d1c3fafcf: valid; 1.3 s; peak memory 3418 MiB.
2026-09-21T11:37:26Z INFO [346/500] 0c434c99-1fe9-4322-9983-f407f3e96b26: not valid; 6.6 s; peak memory 3418 MiB.
2026-09-21T11:37:28Z INFO [347/500] 0c438512-f9d8-457b-abf3-d1f6e29f9b25: valid; 1.9 s; peak memory 3418 MiB.
2026-09-21T11:37:30Z INFO [348/500] 0c4435c9-b75f-4d83-ac3a-06028e906a1e: not valid; 2.0 s; peak memory 3418 MiB.
2026-09-21T11:37:30Z WARNING 0c44b10f-9ff4-474a-a23b-d63219367102: failed while retrieving asset information from the DANDI API (NotFoundError: No such Dandiset: 000477)
2026-09-21T11:37:33Z INFO [350/500] 0c44e10e-df35-4f89-9ecb-7638695ce93b: valid; 3.1 s; peak memory 3418 MiB.
2026-09-21T11:37:33Z INFO [350/500] 0c44e10e-df35-4f89-9ecb-7638695ce93b: checkpointed 72860 records.
2026-09-21T11:37:35Z INFO [351/500] 0c44f884-a4a2-4e3b-a331-ad96f4b02ca5: not valid; 1.8 s; peak memory 3418 MiB.
2026-09-21T11:37:37Z INFO [352/500] 0c455f92-50c0-45de-8a36-06d65b88715d: not valid; 1.5 s; peak memory 3418 MiB.
2026-09-21T11:37:38Z INFO [353/500] 0c45fcf8-cb56-4a5c-b64d-f0109d2dccb7: valid; 1.0 s; peak memory 3418 MiB.
2026-09-21T11:37:45Z INFO [354/500] 0c464fdd-c7d4-4e02-9d85-3f427325c6b3: valid; 7.4 s; peak memory 3418 MiB.
2026-09-21T11:37:47Z INFO [355/500] 0c4705fb-c9ce-4f84-8db0-280b8453e5e1: not valid; 1.6 s; peak memory 3418 MiB.
2026-09-21T11:37:48Z INFO [356/500] 0c4706ab-253a-4e04-add6-eb287ba8b049: not valid; 1.7 s; peak memory 3418 MiB.
2026-09-21T11:37:54Z INFO [357/500] 0c4771b5-4e0e-40ce-a998-16de710c5482: valid; 5.7 s; peak memory 3418 MiB.
2026-09-21T11:37:55Z INFO [358/500] 0c480ffe-fd86-4941-8ab5-169aad4b3bc1: valid; 1.1 s; peak memory 3418 MiB.
2026-09-21T11:37:57Z INFO [359/500] 0c48149f-09d1-4e4d-9c89-ed0add94f64c: valid; 1.9 s; peak memory 3418 MiB.
2026-09-21T11:37:59Z INFO [360/500] 0c4839c8-e4e0-4e9b-b1ed-cc43ed3a63ce: not valid; 2.1 s; peak memory 3418 MiB.
2026-09-21T11:38:09Z INFO [361/500] 0c4855c4-92ed-4192-8e5e-5622faa188b9: valid; 10.3 s; peak memory 3553 MiB.
2026-09-21T11:38:12Z INFO [362/500] 0c48b01d-76ac-413e-b2ef-ce388026b0cb: valid; 2.3 s; peak memory 3553 MiB.
2026-09-21T11:38:14Z INFO [363/500] 0c49827e-7d9b-403c-b44a-2228c1e6af84: valid; 2.2 s; peak memory 3553 MiB.
2026-09-21T11:38:18Z INFO [364/500] 0c499789-5a19-4101-9efc-42359477ca2f: valid; 4.5 s; peak memory 3553 MiB.
2026-09-21T11:38:19Z INFO [365/500] 0c4a2945-1325-4324-adf5-14db08cea837: not valid; 1.0 s; peak memory 3553 MiB.
2026-09-21T11:38:27Z INFO [366/500] 0c4b0ea3-2224-4613-af4b-39a81761d6c2: valid; 7.3 s; peak memory 3566 MiB.
2026-09-21T11:38:29Z INFO [367/500] 0c4b7bbb-3017-4a5e-b0f3-aa9d5a2d083c: not valid; 1.7 s; peak memory 3571 MiB.
2026-09-21T11:38:35Z INFO [368/500] 0c4d59b8-816e-433e-9be9-d68679ad46b3: valid; 6.5 s; peak memory 3601 MiB.
2026-09-21T11:38:36Z INFO [369/500] 0c4da781-28f1-4abd-868c-4a1871e30df8: valid; 1.0 s; peak memory 3603 MiB.
2026-09-21T11:38:38Z INFO [370/500] 0c4df3df-c035-4fa3-84d5-2d8a38668e93: not valid; 1.7 s; peak memory 3605 MiB.
2026-09-21T11:38:41Z INFO [371/500] 0c4ea4a7-a657-49a4-995c-07e19a8ad4c6: valid; 3.3 s; peak memory 3605 MiB.
2026-09-21T11:38:57Z INFO [372/500] 0c4f891a-726c-47e2-993d-359fda5beabc: not valid; 15.6 s; peak memory 3659 MiB.
2026-09-21T11:39:09Z INFO [373/500] 0c4f9b49-de10-4615-b425-3646e5ec1725: valid; 12.6 s; peak memory 3680 MiB.
2026-09-21T11:39:11Z INFO [374/500] 0c4ff800-1903-4449-af49-74c6687686ed: valid; 1.8 s; peak memory 3680 MiB.
2026-09-21T11:39:24Z INFO [375/500] 0c507981-09e4-4094-858e-2ef4d22e8963: valid; 13.1 s; peak memory 3680 MiB.
2026-09-21T11:39:24Z WARNING 0c509106-2a82-4de3-9082-58311adda84c: failed while retrieving asset information from the DANDI API (NotFoundError: No asset at path 'sub-parkinson-simulated-lfp/sub-parkinson-simulated-lfp_ses-5218_ecephys.nwb' in version 0.250327.2220. Verify the path is correct and the asset exists in this version. Use 'dandi ls' to list available assets.)
2026-09-21T11:39:26Z INFO [377/500] 0c50a121-ed07-4691-ae70-e9b0c69bfbe4: valid; 2.1 s; peak memory 3680 MiB.
2026-09-21T11:39:26Z WARNING 0c50fd9e-3b8d-440c-b96a-c862534000bb: failed while retrieving asset information from the DANDI API (NotFoundError: No asset at path 'sub-parkinson-simulated-lfp/sub-parkinson-simulated-lfp_ses-1807_ecephys.nwb' in version 0.250327.2220. Verify the path is correct and the asset exists in this version. Use 'dandi ls' to list available assets.)
2026-09-21T11:39:29Z INFO [379/500] 0c512cc5-e7e6-465c-99d6-3abaf8bc0d6d: not valid; 2.6 s; peak memory 3680 MiB.
2026-09-21T11:39:44Z INFO [380/500] 0c525f6c-404f-4bd4-88ed-2694e83e5667: valid; 15.0 s; peak memory 3760 MiB.
2026-09-21T11:39:46Z INFO [381/500] 0c52b260-b23b-44fd-a966-41d9d7bbe447: valid; 2.1 s; peak memory 3760 MiB.
2026-09-21T11:39:48Z INFO [382/500] 0c5328bb-5a9c-40df-a54c-7c0b26e75a9f: valid; 1.8 s; peak memory 3760 MiB.
2026-09-21T11:39:51Z INFO [383/500] 0c535f8a-15b9-4320-82ce-71ce766fcf06: valid; 3.2 s; peak memory 3760 MiB.
2026-09-21T11:39:53Z INFO [384/500] 0c542ab4-2a46-4b4a-9957-9716ef7e37a9: valid; 2.2 s; peak memory 3760 MiB.
2026-09-21T11:39:55Z INFO [385/500] 0c543c4e-a7bb-4d52-af46-73e8054d92da: not valid; 1.7 s; peak memory 3760 MiB.
2026-09-21T11:39:56Z INFO [386/500] 0c54e835-cf7f-49d3-988b-89b2bffee393: valid; 1.2 s; peak memory 3760 MiB.
2026-09-21T11:39:58Z INFO [387/500] 0c556efe-c3e5-457e-903b-fc61ee620f89: valid; 1.5 s; peak memory 3760 MiB.
2026-09-21T11:39:59Z INFO [388/500] 0c570702-b0d2-4d4e-bbca-03049344ccbc: valid; 1.5 s; peak memory 3760 MiB.
2026-09-21T11:40:14Z INFO [389/500] 0c571fe5-da5d-4f37-ac4f-dc8c4d35a829: valid; 15.1 s; peak memory 3762 MiB.
2026-09-21T11:40:17Z INFO [390/500] 0c5721fb-f92a-4881-8420-96bc831fb2d3: not valid; 2.9 s; peak memory 3767 MiB.
2026-09-21T11:40:19Z INFO [391/500] 0c579ef8-7201-40cc-8908-1ef01067e894: valid; 1.9 s; peak memory 3770 MiB.
2026-09-21T11:40:21Z INFO [392/500] 0c57a977-cacf-4a22-9711-52a7f342a29a: not valid; 2.5 s; peak memory 3771 MiB.
2026-09-21T11:40:24Z INFO [393/500] 0c57d1c1-99bb-459b-a13d-2ad942983206: valid; 2.2 s; peak memory 3772 MiB.
2026-09-21T11:40:26Z INFO [394/500] 0c58534e-101e-4d79-ab8c-8d1930a4b485: valid; 2.4 s; peak memory 3776 MiB.
2026-09-21T11:40:29Z INFO [395/500] 0c58d8a4-7973-49e6-82c4-c7b8fd7b167f: valid; 2.5 s; peak memory 3776 MiB.
2026-09-21T11:40:30Z INFO [396/500] 0c58e8f2-304c-4544-bc09-8041b9e3bce0: valid; 1.4 s; peak memory 3776 MiB.
2026-09-21T11:40:31Z INFO [397/500] 0c5a3799-9fdd-4609-afdc-654efa36e718: not valid; 1.4 s; peak memory 3776 MiB.
2026-09-21T11:40:33Z INFO [398/500] 0c5a4b27-d93c-40e0-9c9a-ba6b168efb09: not valid; 1.6 s; peak memory 3776 MiB.
2026-09-21T11:40:35Z INFO [399/500] 0c5b13a3-eb42-42da-af92-5fbcf5534fe4: valid; 2.2 s; peak memory 3776 MiB.
2026-09-21T11:40:37Z INFO [400/500] 0c5b4734-e6ec-436a-a4ee-05b7277ed0fa: valid; 2.1 s; peak memory 3776 MiB.
2026-09-21T11:40:38Z INFO [400/500] 0c5b4734-e6ec-436a-a4ee-05b7277ed0fa: checkpointed 72910 records.
2026-09-21T11:40:40Z INFO [401/500] 0c5b4de0-f201-41ed-9afc-68abb1bb82c7: valid; 2.5 s; peak memory 3776 MiB.
2026-09-21T11:40:41Z INFO [402/500] 0c5c58c0-cf97-4695-bb4b-6fb92b859c37: valid; 1.3 s; peak memory 3776 MiB.
2026-09-21T11:40:43Z INFO [403/500] 0c5d3c11-6c0c-4f2f-99a7-0078b1a010c8: valid; 1.3 s; peak memory 3776 MiB.
2026-09-21T11:40:45Z INFO [404/500] 0c5d9c96-261d-4dea-b392-b916437d1603: valid; 2.0 s; peak memory 3776 MiB.
2026-09-21T11:40:46Z INFO [405/500] 0c5ddfcf-7d50-4d3e-8d3d-caf0fef678db: valid; 1.3 s; peak memory 3776 MiB.
2026-09-21T11:40:49Z INFO [406/500] 0c5e733e-cb3f-45d5-ba00-0803ef377120: valid; 2.6 s; peak memory 3776 MiB.
2026-09-21T11:40:51Z INFO [407/500] 0c5eb826-6d32-4d63-bee3-67f375c4544d: valid; 2.1 s; peak memory 3776 MiB.
2026-09-21T11:40:52Z INFO [408/500] 0c5f8309-f79d-4fb2-8e96-49d1d7e0caf9: valid; 1.8 s; peak memory 3776 MiB.
2026-09-21T11:40:55Z INFO [409/500] 0c60812a-6085-4930-ace0-c7548ef5a301: valid; 2.9 s; peak memory 3780 MiB.
2026-09-21T11:41:01Z INFO [410/500] 0c6084d9-c9ba-4b17-9cda-975fe372589c: not valid; 5.5 s; peak memory 3780 MiB.
2026-09-21T11:41:03Z INFO [411/500] 0c612837-51b8-4f11-8123-a707476c6ef6: valid; 1.8 s; peak memory 3780 MiB.
2026-09-21T11:41:04Z INFO [412/500] 0c61a69a-4751-4c3b-8e56-fe2aeba29068: valid; 1.4 s; peak memory 3780 MiB.
2026-09-21T11:41:06Z INFO [413/500] 0c61cae7-6bda-4dad-8ca5-0f5f08cecf7b: valid; 1.7 s; peak memory 3780 MiB.
2026-09-21T11:41:29Z INFO [414/500] 0c61d606-b845-40b3-a391-e1943ebf50ce: valid; 23.4 s; peak memory 3819 MiB.
2026-09-21T11:41:31Z INFO [415/500] 0c627432-87fc-4bf1-9923-32c918d97eb3: valid; 1.9 s; peak memory 3819 MiB.
2026-09-21T11:41:33Z INFO [416/500] 0c62967c-04b2-4887-a204-d256ae4efe3f: valid; 2.0 s; peak memory 3819 MiB.
2026-09-21T11:41:36Z INFO [417/500] 0c62b415-943a-4993-a231-37aa317abac4: valid; 2.7 s; peak memory 3819 MiB.
2026-09-21T11:41:37Z INFO [418/500] 0c62ddf1-2d91-4635-895f-8ab34aac59bc: valid; 1.2 s; peak memory 3819 MiB.
2026-09-21T11:41:48Z INFO [419/500] 0c638c41-e227-45d5-a861-7ffe1519db5d: valid; 11.4 s; peak memory 3840 MiB.
2026-09-21T11:41:51Z INFO [420/500] 0c63bb7a-ef4c-4138-8769-9fc04547a778: valid; 2.9 s; peak memory 3843 MiB.
2026-09-21T11:41:53Z INFO [421/500] 0c63e1b0-5fd0-41b8-b82e-c5e51501b3fc: valid; 1.3 s; peak memory 3844 MiB.
2026-09-21T11:41:53Z WARNING 0c640b0a-9882-45c5-93e9-c3e6d1d54ef5: failed while retrieving asset information from the DANDI API (NotFoundError: No asset at path 'sub-456772/sub-456772_ses-20191120T115527_behavior+ecephys+ogen.nwb' in version 0.231012.2129. Verify the path is correct and the asset exists in this version. Use 'dandi ls' to list available assets.)
2026-09-21T11:41:54Z INFO [423/500] 0c6423a8-7849-46c0-929a-5a1630eebe21: valid; 1.5 s; peak memory 3845 MiB.
2026-09-21T11:41:56Z INFO [424/500] 0c64467b-6f56-4af1-ac06-c31f84e4fa38: valid; 2.0 s; peak memory 3850 MiB.
2026-09-21T11:41:58Z INFO [425/500] 0c64e785-3589-4082-a517-7a5e45a1c4ce: valid; 1.5 s; peak memory 3852 MiB.
2026-09-21T11:42:00Z INFO [426/500] 0c6558f0-3685-4b98-952b-491353838feb: valid; 2.1 s; peak memory 3853 MiB.
2026-09-21T11:42:02Z INFO [427/500] 0c65c066-d2e1-48c5-8d16-da755d0f3b9a: valid; 2.3 s; peak memory 3855 MiB.
2026-09-21T11:42:05Z INFO [428/500] 0c65d40d-30c7-4c06-b40d-244ed06aabc2: not valid; 2.8 s; peak memory 3855 MiB.
2026-09-21T11:42:06Z INFO [429/500] 0c663127-d128-4267-8a96-d5c20635d178: not valid; 1.6 s; peak memory 3855 MiB.
2026-09-21T11:42:09Z INFO [430/500] 0c6673c0-58b9-4b97-bc3e-3b1464e81a9d: valid; 2.7 s; peak memory 3855 MiB.
2026-09-21T11:42:11Z INFO [431/500] 0c667e71-cfc2-494b-ac37-15220c12f999: valid; 1.3 s; peak memory 3855 MiB.
2026-09-21T11:42:12Z INFO [432/500] 0c669452-a4a0-44d9-9116-36dd9f74d3cb: not valid; 1.9 s; peak memory 3855 MiB.
2026-09-21T11:42:15Z INFO [433/500] 0c66bf2d-8db2-4cce-9734-1dc986e94b3a: valid; 2.6 s; peak memory 3855 MiB.
2026-09-21T11:42:18Z INFO [434/500] 0c66d1e9-cbdd-4104-bd25-d66e5d417647: valid; 3.3 s; peak memory 3855 MiB.
2026-09-21T11:42:21Z INFO [435/500] 0c6755b0-76b2-4dba-b083-e0107d8757fa: valid; 2.3 s; peak memory 3855 MiB.
2026-09-21T11:42:22Z INFO [436/500] 0c675791-1538-44a6-ab60-590f38099dc3: valid; 1.4 s; peak memory 3855 MiB.
2026-09-21T11:42:25Z INFO [437/500] 0c68091b-1cd2-42c1-82b7-86c80e46ca35: valid; 2.8 s; peak memory 3855 MiB.
2026-09-21T11:42:27Z INFO [438/500] 0c696697-571b-442f-a731-57e6b56afb3b: valid; 1.8 s; peak memory 3855 MiB.
2026-09-21T11:42:56Z INFO [439/500] 0c69bad3-03d6-4e0e-91d0-b89a356fd06a: valid; 29.6 s; peak memory 3865 MiB.
2026-09-21T11:43:00Z INFO [440/500] 0c6b004c-0345-4799-989f-bdd01ad5473e: not valid; 4.3 s; peak memory 3866 MiB.
2026-09-21T11:43:02Z INFO [441/500] 0c6b17fe-6af8-4523-956c-86cba5b063e9: valid; 1.4 s; peak memory 3867 MiB.
2026-09-21T11:43:10Z INFO [442/500] 0c6b441f-8ca6-4bd6-9b95-c0d633c1cfd9: valid; 8.2 s; peak memory 3888 MiB.
2026-09-21T11:43:12Z INFO [443/500] 0c6b9c8a-1ac0-4863-b92f-c8a9d0e51fbd: valid; 2.0 s; peak memory 3890 MiB.
2026-09-21T11:43:13Z INFO [444/500] 0c6bcf65-d15b-45ae-8775-335d78dc1bd1: valid; 1.2 s; peak memory 3891 MiB.
2026-09-21T11:43:16Z INFO [445/500] 0c6bfa95-e3ff-430f-a5b7-d5fc0b57a8ef: valid; 2.3 s; peak memory 3891 MiB.
2026-09-21T11:43:17Z INFO [446/500] 0c6c60ac-277d-447f-a144-f6054b3fb21f: not valid; 1.6 s; peak memory 3892 MiB.
2026-09-21T11:43:19Z INFO [447/500] 0c6c6ade-be81-4972-bbe5-024cbe04d38f: not valid; 1.5 s; peak memory 3893 MiB.
2026-09-21T11:43:21Z INFO [448/500] 0c6c8d58-d93c-4a68-a3db-72b9c20e2a9c: not valid; 1.8 s; peak memory 3895 MiB.
2026-09-21T11:43:22Z INFO [449/500] 0c6cf122-8c19-496d-af3c-1d07e7fcbf58: valid; 2.0 s; peak memory 3903 MiB.
2026-09-21T11:43:24Z INFO [450/500] 0c6d0b9d-40ce-44ec-bad5-3321b4a2ae63: valid; 1.3 s; peak memory 3905 MiB.
2026-09-21T11:43:24Z INFO [450/500] 0c6d0b9d-40ce-44ec-bad5-3321b4a2ae63: checkpointed 72960 records.
2026-09-21T11:43:26Z INFO [451/500] 0c6d5b88-9d68-484e-8cdb-4dd598744511: valid; 1.3 s; peak memory 3908 MiB.
2026-09-21T11:43:32Z INFO [452/500] 0c6e5f1a-917a-4473-96d6-7b9b41e8bddd: not valid; 6.9 s; peak memory 3966 MiB.
2026-09-21T11:43:33Z INFO [453/500] 0c6eedce-e3eb-4ebe-84aa-2e80b309432b: valid; 1.0 s; peak memory 3966 MiB.
2026-09-21T11:43:35Z INFO [454/500] 0c704488-24be-4d7c-b6b2-6bea095cf3de: valid; 1.1 s; peak memory 3966 MiB.
2026-09-21T11:43:36Z INFO [455/500] 0c704c57-b119-493a-b842-f90df44c3d5f: valid; 1.3 s; peak memory 3966 MiB.
2026-09-21T11:43:40Z INFO [456/500] 0c70a415-e209-487e-ae23-1e6688a6f05f: not valid; 4.0 s; peak memory 3966 MiB.
2026-09-21T11:43:42Z INFO [457/500] 0c73162b-9e10-4257-b852-ca7908529cfd: not valid; 1.7 s; peak memory 3966 MiB.
2026-09-21T11:43:43Z INFO [458/500] 0c732853-4cb9-42b3-a7d2-79574755196d: valid; 1.4 s; peak memory 3966 MiB.
2026-09-21T11:43:45Z INFO [459/500] 0c73df42-fffa-4dd4-9467-0779046a9a33: valid; 1.5 s; peak memory 3967 MiB.
2026-09-21T11:43:47Z INFO [460/500] 0c73ee85-8fc9-4ddc-ad7d-a88bfe4e620b: valid; 2.3 s; peak memory 3967 MiB.
2026-09-21T11:43:49Z INFO [461/500] 0c741342-6d89-4ace-99c0-afc99391cd25: valid; 2.0 s; peak memory 3967 MiB.
2026-09-21T11:43:51Z INFO [462/500] 0c745431-bcaf-4912-b015-8f0a9e663a23: valid; 2.4 s; peak memory 3967 MiB.
2026-09-21T11:43:57Z INFO [463/500] 0c747bac-5856-4157-be45-ae123d652056: not valid; 5.6 s; peak memory 3990 MiB.
2026-09-21T11:43:58Z INFO [464/500] 0c7498d3-9d20-4dc4-a3b5-f145cc8111d8: not valid; 1.4 s; peak memory 3993 MiB.
2026-09-21T11:44:01Z INFO [465/500] 0c749ee1-c4d7-483b-b4e9-ba1b7baab02a: valid; 2.9 s; peak memory 3995 MiB.
2026-09-21T11:44:02Z INFO [466/500] 0c758475-98bf-4905-aa5d-3a7770d3c91c: valid; 1.3 s; peak memory 3995 MiB.
2026-09-21T11:44:04Z INFO [467/500] 0c759dce-0d25-42dd-9bdf-9d7f69ae2164: valid; 1.2 s; peak memory 3995 MiB.
2026-09-21T11:44:07Z INFO [468/500] 0c76eab9-8f9f-40c8-9ca2-a586b9074dd2: valid; 3.1 s; peak memory 3995 MiB.
2026-09-21T11:44:09Z INFO [469/500] 0c770570-e59b-4c73-a4a4-5ed72b9ab318: not valid; 1.9 s; peak memory 3995 MiB.
2026-09-21T11:44:14Z INFO [470/500] 0c771081-e0eb-4bd1-8ea9-611483813b49: valid; 4.9 s; peak memory 3995 MiB.
2026-09-21T11:44:20Z INFO [471/500] 0c779355-620f-4f39-9726-2ccc17096fc7: valid; 6.6 s; peak memory 3995 MiB.
2026-09-21T11:44:31Z INFO [472/500] 0c7860a1-bee4-4e69-89c9-62eff4112bbb: valid; 10.4 s; peak memory 4147 MiB.
2026-09-21T11:44:33Z INFO [473/500] 0c78a2ff-ed0e-413d-a7a4-915b48b362a3: valid; 2.6 s; peak memory 4147 MiB.
2026-09-21T11:44:35Z INFO [474/500] 0c78f030-6fd0-4d47-9e1b-22739d805a33: not valid; 2.0 s; peak memory 4147 MiB.
2026-09-21T11:44:37Z INFO [475/500] 0c7969a6-b665-40c7-9746-745449dc1761: valid; 1.4 s; peak memory 4147 MiB.
2026-09-21T11:44:37Z WARNING 0c7a61d6-15c8-48c4-8c26-1deaaa55d263: failed while retrieving asset information from the DANDI API (NotFoundError: No asset at path 'sub-LG609/sub-LG609_ses-20250909_obj-1xw7zvk_ophys.nwb' in version 0.260915.2135. Verify the path is correct and the asset exists in this version. Use 'dandi ls' to list available assets.)
2026-09-21T11:44:38Z INFO [477/500] 0c7a7468-057a-4722-b475-539b064d7325: valid; 1.7 s; peak memory 4147 MiB.
2026-09-21T11:44:38Z WARNING 0c7a989c-ad99-4705-b931-741d85015c0e: failed while retrieving asset information from the DANDI API (NotFoundError: No asset at path 'sub-440957/sub-440957_ses-20190212T153751_behavior+ecephys+ogen.nwb' in version 0.231012.2129. Verify the path is correct and the asset exists in this version. Use 'dandi ls' to list available assets.)
2026-09-21T11:44:43Z INFO [479/500] 0c7b9d85-cfc0-47e9-b528-90e5ea2d9aaf: valid; 4.1 s; peak memory 4147 MiB.
2026-09-21T11:44:45Z INFO [480/500] 0c7ba3df-8404-4622-9f20-14b8daaaed7c: valid; 2.3 s; peak memory 4147 MiB.
2026-09-21T11:44:47Z INFO [481/500] 0c7c20e3-4765-40d7-96ed-39ed650c25af: not valid; 1.8 s; peak memory 4147 MiB.
2026-09-21T11:44:48Z INFO [482/500] 0c7d506a-fc65-4fdc-9b6d-dd9df7a7f264: not valid; 1.6 s; peak memory 4147 MiB.
2026-09-21T11:44:50Z INFO [483/500] 0c7e7a39-6a3f-433b-824d-d6c7dcdc11d9: valid; 1.9 s; peak memory 4147 MiB.
2026-09-21T11:44:54Z INFO [484/500] 0c8007ad-873a-4544-a8ae-f193e27f2994: valid; 3.6 s; peak memory 4147 MiB.
2026-09-21T11:44:55Z INFO [485/500] 0c800d5c-a284-426c-8059-c2543d82ed32: valid; 1.2 s; peak memory 4147 MiB.
2026-09-21T11:44:57Z INFO [486/500] 0c80ad8a-d83d-418d-bd5a-c51c761cd681: not valid; 1.8 s; peak memory 4147 MiB.
2026-09-21T11:44:59Z INFO [487/500] 0c80b49d-c8b2-40a7-bb99-e399dce92175: valid; 1.8 s; peak memory 4147 MiB.
2026-09-21T11:45:00Z INFO [488/500] 0c80ce53-550c-47a0-a0e0-3485c9e343d2: not valid; 1.6 s; peak memory 4147 MiB.
2026-09-21T11:45:02Z INFO [489/500] 0c80eab0-046f-4fc0-be16-89916b094919: not valid; 1.7 s; peak memory 4147 MiB.
2026-09-21T11:45:13Z INFO [490/500] 0c80fa5b-19ca-45a3-8cd3-df57a8b21574: valid; 11.3 s; peak memory 4147 MiB.
2026-09-21T11:45:15Z INFO [491/500] 0c81697d-4bf4-487b-9830-9b8f647ae17b: valid; 1.6 s; peak memory 4147 MiB.
2026-09-21T11:45:17Z INFO [492/500] 0c81b2f1-e767-4c9a-b6fe-f7ecc0720a41: valid; 2.1 s; peak memory 4147 MiB.
2026-09-21T11:45:18Z INFO [493/500] 0c81c6e4-2323-4b7c-b62f-8ae74d23898f: valid; 1.0 s; peak memory 4147 MiB.
2026-09-21T11:45:35Z INFO [494/500] 0c81e9fe-f21e-4756-97d0-455502943073: not valid; 17.4 s; peak memory 4228 MiB.
2026-09-21T11:45:37Z INFO [495/500] 0c828fd4-4140-440e-b486-24f3296199e6: valid; 1.4 s; peak memory 4231 MiB.
2026-09-21T11:45:39Z INFO [496/500] 0c8299f9-0afd-4ad6-b8e6-736541aaa6e0: valid; 2.5 s; peak memory 4238 MiB.
2026-09-21T11:45:42Z INFO [497/500] 0c82aac9-8234-4ccd-9a2f-414c4da4d7d7: valid; 3.0 s; peak memory 4241 MiB.
2026-09-21T11:45:44Z WARNING 0c82c893-3bd7-4577-b5f0-1e1e18315280: failed while opening the NWB file (ConstructError: (root/acquisition/_iblmic_audioSpectrogram/bands GroupBuilder {'attributes': {'colnames': array(['freq'], dtype=object), 'description': 'spectogram frequencies', 'namespace': 'core', 'neurodata_type': 'FrequencyBandsTable', 'object_id': 'fe7514e8-9b5f-4507-b66c-a5024feb746f'}, 'groups': {}, 'datasets': {'freq': root/acquisition/_iblmic_audioSpectrogram/bands/freq DatasetBuilder {'attributes': {'description': 'frequency value', 'namespace': 'hdmf-common', 'neurodata_type': 'VectorData', 'object_id': 'b87c927e-0569-49a6-a79e-75f370a13358'}, 'data': <HDF5 dataset "freq": shape (257,), type "<f4">}, 'id': root/acquisition/_iblmic_audioSpectrogram/bands/id DatasetBuilder {'attributes': {'namespace': 'hdmf-common', 'neurodata_type': 'ElementIdentifiers', 'object_id': '75fbe9b4-25fc-4c7f-b9d2-3de0ca980dd9'}, 'data': <HDF5 dataset "id": shape (257,), type "<i4">}}, 'links': {}}, "Could not construct FrequencyBandsTable object due to: column must have the same number of rows as 'id'"))
2026-09-21T11:45:49Z INFO [499/500] 0c835801-cb7e-4840-821e-5542fab2aa6a: not valid; 4.6 s; peak memory 4241 MiB.
2026-09-21T11:45:51Z INFO [500/500] 0c83f4da-96dc-4e5e-b0b5-9c0789fa727a: valid; 2.5 s; peak memory 4241 MiB.
2026-09-21T11:45:52Z INFO [500/500] 0c83f4da-96dc-4e5e-b0b5-9c0789fa727a: checkpointed 73010 records.
2026-09-21T11:45:52Z INFO Wrote 73010 records to /tmp/derivatives/content_id_to_valid_nwb_file.jsonl (473 new, 27 failed) in 30.0 min (peak memory 4241 MiB).
