2026-09-30T17:07:51Z INFO Logging to /tmp/logs/update_2026-09-30T17-07-51Z.log.
2026-09-30T17:07:51Z INFO Update content-id-to-valid-nwb-file (base directory /tmp).
2026-09-30T17:07:54Z INFO Processing 500 items (86010 already recorded).
2026-09-30T17:07:57Z INFO [1/500] 20329a53-fa11-4660-8c65-63ea296d6993: not valid; 3.2 s; peak memory 358 MiB.
2026-09-30T17:08:00Z INFO [2/500] 2032a3f6-f75d-4db2-9850-533673a89d46: valid; 2.7 s; peak memory 374 MiB.
2026-09-30T17:08:01Z INFO [3/500] 203439c8-de6c-414d-ad0b-1846d725f774: valid; 1.4 s; peak memory 374 MiB.
2026-09-30T17:08:03Z INFO [4/500] 203447e7-0e7b-4c7f-b957-0dccf4473443: valid; 1.4 s; peak memory 374 MiB.
2026-09-30T17:08:05Z INFO [5/500] 2034e034-635d-4f38-abde-14cb7104d12e: not valid; 2.3 s; peak memory 378 MiB.
2026-09-30T17:08:07Z INFO [6/500] 20355774-3114-494b-960e-e8b75f7b8b78: not valid; 2.0 s; peak memory 378 MiB.
2026-09-30T17:08:09Z INFO [7/500] 20357cb9-4cc3-4e16-bc3d-e19a708d14cd: not valid; 2.1 s; peak memory 386 MiB.
2026-09-30T17:08:10Z INFO [8/500] 203582d2-c68d-43cb-9d95-ee18765469c6: valid; 1.1 s; peak memory 386 MiB.
2026-09-30T17:08:12Z INFO [9/500] 203594f7-864e-4acd-b2ad-1181c759bb4a: valid; 1.5 s; peak memory 387 MiB.
2026-09-30T17:08:19Z INFO [10/500] 20364ec2-4d1e-4dc0-9b67-eb6e865fcc11: valid; 7.1 s; peak memory 414 MiB.
2026-09-30T17:08:21Z INFO [11/500] 2036786f-6b50-437e-a12a-c3cdf4f8c503: valid; 2.2 s; peak memory 423 MiB.
2026-09-30T17:08:27Z INFO [12/500] 20375507-d31c-4dd1-bff2-99d23d7de818: valid; 6.3 s; peak memory 431 MiB.
2026-09-30T17:08:32Z INFO [13/500] 203797a1-8c24-4d97-a6a9-d78e1e4761df: valid; 4.4 s; peak memory 442 MiB.
2026-09-30T17:08:33Z INFO [14/500] 2037ae1d-1398-4ad4-96d2-bd32c85ae51b: valid; 1.4 s; peak memory 442 MiB.
2026-09-30T17:08:35Z INFO [15/500] 2037cf86-5043-43a7-9427-a7bb07d00b0f: valid; 2.1 s; peak memory 442 MiB.
2026-09-30T17:08:37Z INFO [16/500] 2038900e-ef6e-49ba-8640-bd4ba843dce6: not valid; 1.9 s; peak memory 444 MiB.
2026-09-30T17:08:49Z INFO [17/500] 203902b6-51dc-490f-8155-8af2ce0cbeaf: valid; 11.7 s; peak memory 460 MiB.
2026-09-30T17:08:51Z INFO [18/500] 20393534-cb5c-4c68-8bce-6bfcae1c9a91: valid; 2.1 s; peak memory 465 MiB.
2026-09-30T17:08:53Z INFO [19/500] 2039d379-4498-43d1-8e51-74242c9239ce: valid; 1.5 s; peak memory 466 MiB.
2026-09-30T17:08:55Z INFO [20/500] 203ad11e-2566-45a1-9b03-0eec2e10752d: not valid; 2.0 s; peak memory 468 MiB.
2026-09-30T17:08:56Z INFO [21/500] 203b32d4-5523-44b4-81c3-882061443ab8: valid; 1.5 s; peak memory 468 MiB.
2026-09-30T17:08:57Z INFO [22/500] 203c6599-aedd-423f-837b-d08f88d391af: valid; 1.3 s; peak memory 468 MiB.
2026-09-30T17:09:00Z INFO [23/500] 203c7fae-8b50-4298-9697-d1638facc267: valid; 2.4 s; peak memory 471 MiB.
2026-09-30T17:09:03Z INFO [24/500] 203cd54c-c843-43d1-9322-87adcbda9842: valid; 3.1 s; peak memory 480 MiB.
2026-09-30T17:09:04Z INFO [25/500] 203d56e3-4525-47f4-a2d5-6076b203a4b3: valid; 1.2 s; peak memory 480 MiB.
2026-09-30T17:09:12Z INFO [26/500] 203d6b48-2d7a-4831-b8ed-0fdb21e0d1a1: valid; 8.2 s; peak memory 486 MiB.
2026-09-30T17:09:14Z INFO [27/500] 203dc6eb-ae67-4dc7-a4b2-d0ddc7f4cc08: valid; 1.9 s; peak memory 497 MiB.
2026-09-30T17:09:15Z INFO [28/500] 203df233-eaca-4f45-ab11-8b5842f7fad0: valid; 1.4 s; peak memory 499 MiB.
2026-09-30T17:09:18Z INFO [29/500] 203e9dc7-b56e-4283-9b79-8f74fe57fc9c: valid; 2.3 s; peak memory 502 MiB.
2026-09-30T17:09:19Z INFO [30/500] 203eb9b4-d2d2-44a6-9bbe-ad28bb8008d0: valid; 1.0 s; peak memory 502 MiB.
2026-09-30T17:09:20Z INFO [31/500] 203f3987-8c3f-4611-b4e2-a7e071024079: valid; 1.6 s; peak memory 503 MiB.
2026-09-30T17:09:22Z INFO [32/500] 203f912e-a0db-4d9d-9f57-d4b893e33bfa: not valid; 2.0 s; peak memory 503 MiB.
2026-09-30T17:09:24Z INFO [33/500] 20406238-fdd2-4744-9f0e-c006e6e2abd8: valid; 1.4 s; peak memory 505 MiB.
2026-09-30T17:09:33Z INFO [34/500] 20407de7-0066-4590-ae1c-1bffc44a0490: valid; 8.9 s; peak memory 542 MiB.
2026-09-30T17:09:50Z INFO [35/500] 2040c5f2-172c-400d-9e34-5c6791b1ca58: not valid; 17.8 s; peak memory 624 MiB.
2026-09-30T17:09:53Z INFO [36/500] 2040d2af-91ee-46bf-bdac-8f3083928ce5: valid; 3.0 s; peak memory 635 MiB.
2026-09-30T17:09:55Z INFO [37/500] 204153d7-8de2-4088-a58e-e80f450ca403: valid; 1.4 s; peak memory 637 MiB.
2026-09-30T17:09:57Z INFO [38/500] 20438eef-5555-447e-aad9-196b10530bf1: not valid; 2.2 s; peak memory 649 MiB.
2026-09-30T17:09:59Z INFO [39/500] 2043fc46-45be-49b0-a14e-ef7618132819: valid; 2.0 s; peak memory 663 MiB.
2026-09-30T17:10:02Z INFO [40/500] 20444315-4680-49e8-8c1c-5a7f3c519b46: valid; 2.7 s; peak memory 674 MiB.
2026-09-30T17:10:03Z INFO [41/500] 2044bc3b-d2c4-46c1-8e16-7d78e8884770: valid; 1.8 s; peak memory 674 MiB.
2026-09-30T17:10:06Z INFO [42/500] 2044d7dc-ca9c-4daa-b126-7d12fea6ee2b: valid; 2.4 s; peak memory 674 MiB.
2026-09-30T17:10:07Z INFO [43/500] 2044e3cb-ed0b-4e97-8a8a-a6d244c739d4: valid; 1.5 s; peak memory 674 MiB.
2026-09-30T17:10:09Z INFO [44/500] 20454c2b-406b-4f99-8f06-b8193aa31a4d: valid; 1.5 s; peak memory 674 MiB.
2026-09-30T17:10:10Z INFO [45/500] 204566f6-4eba-4997-b5e0-9392814c4659: valid; 1.4 s; peak memory 674 MiB.
2026-09-30T17:10:13Z INFO [46/500] 20458d84-69bf-4038-b509-2f0dc241afab: not valid; 2.4 s; peak memory 674 MiB.
2026-09-30T17:10:22Z INFO [47/500] 204632a0-52f6-41c8-ada2-f0251e678e15: valid; 8.9 s; peak memory 674 MiB.
2026-09-30T17:10:23Z INFO [48/500] 20463720-5ac1-4cd7-9067-52ebcd5e69ea: valid; 1.3 s; peak memory 674 MiB.
2026-09-30T17:10:36Z INFO [49/500] 20464a16-cf7c-4069-a52e-8877b89b6111: valid; 13.5 s; peak memory 1022 MiB.
2026-09-30T17:10:38Z INFO [50/500] 20465271-7513-4c8d-af01-059a27ebc923: valid; 2.1 s; peak memory 1022 MiB.
2026-09-30T17:10:39Z INFO [50/500] 20465271-7513-4c8d-af01-059a27ebc923: checkpointed 86060 records.
2026-09-30T17:10:41Z INFO [51/500] 20467e57-d60a-43e4-89d7-2c8b7832f40d: valid; 2.1 s; peak memory 1022 MiB.
2026-09-30T17:10:43Z INFO [52/500] 2046a429-6b16-44ab-bd4a-ddced9fb1b20: not valid; 1.6 s; peak memory 1022 MiB.
2026-09-30T17:10:45Z INFO [53/500] 2046fac3-173b-4768-80fe-cff6a1b5ff8e: valid; 2.3 s; peak memory 1022 MiB.
2026-09-30T17:10:47Z INFO [54/500] 204741b3-1134-4444-8a32-7c6dc9ce21b5: not valid; 2.0 s; peak memory 1022 MiB.
2026-09-30T17:10:50Z INFO [55/500] 20476015-10c3-4c90-9d42-d9816ba1c864: valid; 3.4 s; peak memory 1022 MiB.
2026-09-30T17:10:53Z INFO [56/500] 20480087-7c8d-4fb3-8399-b61c50c40960: valid; 2.2 s; peak memory 1022 MiB.
2026-09-30T17:10:55Z INFO [57/500] 2048d53b-d41a-4761-8425-3fd0c1904f15: valid; 2.0 s; peak memory 1022 MiB.
2026-09-30T17:10:56Z INFO [58/500] 2048f323-ade4-430e-ad2c-5c936ca2396a: valid; 1.1 s; peak memory 1022 MiB.
2026-09-30T17:11:00Z INFO [59/500] 204982b5-d148-4d3c-abca-4c966d17c1b4: valid; 4.3 s; peak memory 1022 MiB.
2026-09-30T17:11:02Z INFO [60/500] 20499306-0dd1-408d-99d3-66fab884d133: valid; 2.5 s; peak memory 1022 MiB.
2026-09-30T17:11:05Z INFO [61/500] 204a7247-6737-4b37-a7d6-131edb43a807: valid; 2.9 s; peak memory 1022 MiB.
2026-09-30T17:11:07Z INFO [62/500] 204ad1d0-edd5-4971-83db-d69531a84d35: valid; 1.5 s; peak memory 1022 MiB.
2026-09-30T17:11:09Z INFO [63/500] 204bf96d-6367-4631-bd06-29af924a8841: valid; 1.7 s; peak memory 1022 MiB.
2026-09-30T17:11:11Z WARNING 204cb550-ff3f-46d1-b126-cc2f211b74db: failed while opening the NWB file (ConstructError: (root/acquisition/_iblmic_audioSpectrogram/bands GroupBuilder {'attributes': {'colnames': array(['freq'], dtype=object), 'description': 'spectogram frequencies', 'namespace': 'core', 'neurodata_type': 'FrequencyBandsTable', 'object_id': 'af6c8ac1-e191-4dbf-a002-d3ae3819aa8b'}, 'groups': {}, 'datasets': {'freq': root/acquisition/_iblmic_audioSpectrogram/bands/freq DatasetBuilder {'attributes': {'description': 'frequency value', 'namespace': 'hdmf-common', 'neurodata_type': 'VectorData', 'object_id': 'da6fc5ed-9c06-44e8-8684-640a56535e6f'}, 'data': <HDF5 dataset "freq": shape (257,), type "<f4">}, 'id': root/acquisition/_iblmic_audioSpectrogram/bands/id DatasetBuilder {'attributes': {'namespace': 'hdmf-common', 'neurodata_type': 'ElementIdentifiers', 'object_id': 'd4e8fb59-90f5-4e26-843b-b2e95486d86d'}, 'data': <HDF5 dataset "id": shape (257,), type "<i4">}}, 'links': {}}, "Could not construct FrequencyBandsTable object due to: column must have the same number of rows as 'id'"))
2026-09-30T17:11:13Z INFO [65/500] 204d6e82-6c36-45d7-a1f8-8f58f2265802: not valid; 2.1 s; peak memory 1022 MiB.
2026-09-30T17:11:18Z INFO [66/500] 204d7484-015b-4d00-b942-63598f592a53: not valid; 4.6 s; peak memory 1022 MiB.
2026-09-30T17:11:19Z INFO [67/500] 204d80ff-76df-47f4-82ef-6036fd62c64b: valid; 1.5 s; peak memory 1022 MiB.
2026-09-30T17:11:21Z INFO [68/500] 204e2583-922c-4bc5-a30f-b2ef8a26150d: valid; 2.4 s; peak memory 1022 MiB.
2026-09-30T17:11:26Z INFO [69/500] 204e2df9-51c1-45db-bf9f-e45ef81ba3da: valid; 4.2 s; peak memory 1022 MiB.
2026-09-30T17:11:27Z INFO [70/500] 204eb818-2a1b-4937-9029-c6df7209834b: valid; 1.3 s; peak memory 1022 MiB.
2026-09-30T17:11:29Z INFO [71/500] 204eca07-1bdf-4df8-9ee4-82ab6a068511: valid; 2.4 s; peak memory 1022 MiB.
2026-09-30T17:11:31Z INFO [72/500] 204f5a98-6843-47c4-97a8-055f1cb1cb1e: valid; 1.9 s; peak memory 1022 MiB.
2026-09-30T17:11:40Z INFO [73/500] 20501a6b-2ae5-47b3-9aea-14e873a43d15: valid; 8.7 s; peak memory 1022 MiB.
2026-09-30T17:11:43Z INFO [74/500] 205062a4-7ff0-4709-bd2d-b669e3bbd8c1: valid; 3.2 s; peak memory 1022 MiB.
2026-09-30T17:11:48Z INFO [75/500] 2050ac1b-ae04-4435-8c85-ceec3f107aae: valid; 4.7 s; peak memory 1022 MiB.
2026-09-30T17:11:52Z INFO [76/500] 2050d6b2-bc42-4a95-ac0a-1b478d5d74c2: valid; 3.7 s; peak memory 1022 MiB.
2026-09-30T17:11:54Z WARNING 205109d6-91dc-4ede-a83a-2aa4fde19202: failed while opening the NWB file (ConstructError: (root/acquisition/_iblmic_audioSpectrogram/bands GroupBuilder {'attributes': {'colnames': array(['freq'], dtype=object), 'description': 'spectogram frequencies', 'namespace': 'core', 'neurodata_type': 'FrequencyBandsTable', 'object_id': 'f581cad6-9aeb-48e1-850f-eab543cafa5e'}, 'groups': {}, 'datasets': {'freq': root/acquisition/_iblmic_audioSpectrogram/bands/freq DatasetBuilder {'attributes': {'description': 'frequency value', 'namespace': 'hdmf-common', 'neurodata_type': 'VectorData', 'object_id': '2b08768a-f7ab-42b5-abe3-ca9568dd1c29'}, 'data': <HDF5 dataset "freq": shape (257,), type "<f4">}, 'id': root/acquisition/_iblmic_audioSpectrogram/bands/id DatasetBuilder {'attributes': {'namespace': 'hdmf-common', 'neurodata_type': 'ElementIdentifiers', 'object_id': '71be281b-ff1e-4d7d-8f85-542c19df54ef'}, 'data': <HDF5 dataset "id": shape (257,), type "<i4">}}, 'links': {}}, "Could not construct FrequencyBandsTable object due to: column must have the same number of rows as 'id'"))
2026-09-30T17:11:55Z INFO [78/500] 2051839b-98cb-4220-b6e6-50a346492367: valid; 1.5 s; peak memory 1022 MiB.
2026-09-30T17:11:56Z INFO [79/500] 2051c527-c692-49dd-a3e6-bddcb50c247d: not valid; 1.1 s; peak memory 1022 MiB.
2026-09-30T17:12:09Z INFO [80/500] 2052a5c4-00f2-4a13-9ab6-029cb5e96bf4: not valid; 12.8 s; peak memory 1090 MiB.
2026-09-30T17:12:12Z INFO [81/500] 2052fb31-15f0-4292-9c2d-80c512d0fd8e: valid; 2.7 s; peak memory 1090 MiB.
2026-09-30T17:12:13Z INFO [82/500] 20530fb2-d621-4ef0-a6ad-83f420a83178: not valid; 1.5 s; peak memory 1090 MiB.
2026-09-30T17:12:18Z INFO [83/500] 20532cb6-838c-47c6-8dda-2cdd4a9a2472: valid; 4.5 s; peak memory 1090 MiB.
2026-09-30T17:12:20Z INFO [84/500] 2053a1b3-078a-4821-a46f-66e6511a9f39: valid; 2.7 s; peak memory 1091 MiB.
2026-09-30T17:12:24Z INFO [85/500] 2053bd29-2de1-4038-837e-48f69a2ade42: valid; 3.4 s; peak memory 1092 MiB.
2026-09-30T17:12:26Z INFO [86/500] 205407a7-3d93-4ec1-85a7-0e449aed8571: valid; 1.8 s; peak memory 1096 MiB.
2026-09-30T17:12:27Z INFO [87/500] 2054446c-a9fd-433c-a54f-129d57ed04c0: valid; 1.3 s; peak memory 1096 MiB.
2026-09-30T17:12:38Z INFO [88/500] 20547bcd-5f4c-4d1d-82a4-e8bdcc49b401: valid; 11.1 s; peak memory 1096 MiB.
2026-09-30T17:12:47Z INFO [89/500] 20551047-37dc-4f6f-9652-07864cb6fb1d: valid; 8.9 s; peak memory 1096 MiB.
2026-09-30T17:12:49Z INFO [90/500] 2055843e-5327-4c13-ba1f-83c6fad65c6d: valid; 2.1 s; peak memory 1096 MiB.
2026-09-30T17:12:58Z INFO [91/500] 205617f0-5b53-40e5-b472-cf72abd582e0: valid; 8.9 s; peak memory 1096 MiB.
2026-09-30T17:13:05Z INFO [92/500] 20565ca1-f068-4d2b-9f83-e20b2893e7e9: not valid; 6.9 s; peak memory 1098 MiB.
2026-09-30T17:13:07Z WARNING 2056a0a2-cb19-4cf5-a893-822bf4590fd6: failed while opening the NWB file (ConstructError: (root/acquisition/_iblmic_audioSpectrogram/bands GroupBuilder {'attributes': {'colnames': array(['freq'], dtype=object), 'description': 'spectogram frequencies', 'namespace': 'core', 'neurodata_type': 'FrequencyBandsTable', 'object_id': 'a7d49b73-2777-413c-8616-88e5c0973370'}, 'groups': {}, 'datasets': {'freq': root/acquisition/_iblmic_audioSpectrogram/bands/freq DatasetBuilder {'attributes': {'description': 'frequency value', 'namespace': 'hdmf-common', 'neurodata_type': 'VectorData', 'object_id': '3593aec8-a0b2-40d5-9c12-be51ba2b2f14'}, 'data': <HDF5 dataset "freq": shape (257,), type "<f4">}, 'id': root/acquisition/_iblmic_audioSpectrogram/bands/id DatasetBuilder {'attributes': {'namespace': 'hdmf-common', 'neurodata_type': 'ElementIdentifiers', 'object_id': '9f9c7107-2259-4c0b-b2d8-06f11a1316ad'}, 'data': <HDF5 dataset "id": shape (257,), type "<i4">}}, 'links': {}}, "Could not construct FrequencyBandsTable object due to: column must have the same number of rows as 'id'"))
2026-09-30T17:13:09Z INFO [94/500] 2056f2c6-eacb-4a4d-b80e-bcd27ee2ec0a: valid; 2.0 s; peak memory 1102 MiB.
2026-09-30T17:13:32Z INFO [95/500] 2057229d-3d05-4b73-b07e-611c12345803: valid; 23.4 s; peak memory 1339 MiB.
2026-09-30T17:13:34Z INFO [96/500] 2057d785-9d56-4232-84c9-2435d761be01: valid; 2.3 s; peak memory 1339 MiB.
2026-09-30T17:13:36Z INFO [97/500] 20589c0e-f11a-4c74-84b8-e4f16fadb153: valid; 1.7 s; peak memory 1339 MiB.
2026-09-30T17:13:56Z INFO [98/500] 2058c101-95cc-458b-8795-6171fdd36716: valid; 20.3 s; peak memory 1529 MiB.
2026-09-30T17:13:59Z INFO [99/500] 2059321c-a1cc-4e2d-a7bb-59faea167b66: not valid; 2.7 s; peak memory 1533 MiB.
2026-09-30T17:14:01Z INFO [100/500] 2059347f-78c2-4aed-a9fb-0514e2bdb1a2: not valid; 1.8 s; peak memory 1535 MiB.
2026-09-30T17:14:02Z INFO [100/500] 2059347f-78c2-4aed-a9fb-0514e2bdb1a2: checkpointed 86110 records.
2026-09-30T17:14:04Z INFO [101/500] 205995b6-3dd5-4123-9ca0-d622122e780e: valid; 2.9 s; peak memory 1543 MiB.
2026-09-30T17:14:13Z INFO [102/500] 205a2b17-476b-464d-af02-2adbe1bce913: valid; 8.5 s; peak memory 1559 MiB.
2026-09-30T17:14:13Z WARNING 205ab2cf-bc20-4edb-b00a-4aaf8cbdb445: failed while retrieving asset information from the DANDI API (NotFoundError: No asset at path 'sub-669489/sub-669489_ses-behavior-669489-2023-07-06-13-50-08.nwb' in version 0.260928.2230. Verify the path is correct and the asset exists in this version. Use 'dandi ls' to list available assets.)
2026-09-30T17:14:38Z INFO [104/500] 205ca96b-b009-438a-92fb-9d4a45ee36c6: valid; 25.2 s; peak memory 1774 MiB.
2026-09-30T17:14:40Z INFO [105/500] 205cd5ad-6334-4771-b5ca-3af9dfac66ce: valid; 1.3 s; peak memory 1774 MiB.
2026-09-30T17:14:42Z INFO [106/500] 205ce3eb-7eb2-4d38-b600-45b0180a9b99: not valid; 2.0 s; peak memory 1775 MiB.
2026-09-30T17:14:46Z INFO [107/500] 205d0627-550c-41b5-9873-b46fc271e410: valid; 4.2 s; peak memory 1775 MiB.
2026-09-30T17:14:48Z INFO [108/500] 205d4fe6-e4a5-4b15-bcdc-1681c611769b: not valid; 2.2 s; peak memory 1775 MiB.
2026-09-30T17:14:49Z INFO [109/500] 205d73db-bbc7-4ca2-8400-26c0f3b12419: valid; 1.3 s; peak memory 1775 MiB.
2026-09-30T17:14:51Z INFO [110/500] 205dc95f-40c1-4beb-9af3-6fb12520f0fc: not valid; 1.6 s; peak memory 1775 MiB.
2026-09-30T17:14:53Z INFO [111/500] 205e773e-f387-400b-aba9-a9060ed12e67: not valid; 1.9 s; peak memory 1775 MiB.
2026-09-30T17:15:30Z INFO [112/500] 205ee61b-d96b-41bc-9647-d71e142424e4: not valid; 36.8 s; peak memory 1775 MiB.
2026-09-30T17:15:33Z INFO [113/500] 205fea38-87d9-4ccc-997a-2c6c0848d003: valid; 3.5 s; peak memory 1797 MiB.
2026-09-30T17:15:36Z INFO [114/500] 205ff753-3118-4f57-8f2a-19d3b83fd70f: not valid; 2.3 s; peak memory 1797 MiB.
2026-09-30T17:15:37Z INFO [115/500] 205ffcb7-18ee-41fe-902b-095d8e83d026: not valid; 1.8 s; peak memory 1797 MiB.
2026-09-30T17:15:39Z INFO [116/500] 206053f5-0ada-4549-ae0a-cf7ad7162a7c: valid; 1.4 s; peak memory 1797 MiB.
2026-09-30T17:15:40Z INFO [117/500] 20607caf-6d36-4446-a1ed-dbd28472dc98: not valid; 1.3 s; peak memory 1797 MiB.
2026-09-30T17:15:41Z INFO [118/500] 20608100-2b61-4051-8c00-bb6f008fcd77: valid; 1.2 s; peak memory 1797 MiB.
2026-09-30T17:15:49Z INFO [119/500] 20619505-ce48-4ad5-9ae5-196bfc911d77: not valid; 8.1 s; peak memory 1801 MiB.
2026-09-30T17:15:51Z INFO [120/500] 2061a426-1d0c-4174-bf6e-f8f24878b994: valid; 1.4 s; peak memory 1802 MiB.
2026-09-30T17:15:53Z INFO [121/500] 2061ad33-fff2-4c10-a2ab-0ff88755fabb: valid; 2.1 s; peak memory 1803 MiB.
2026-09-30T17:15:59Z INFO [122/500] 20620afa-142d-4478-883c-4638914df772: valid; 5.9 s; peak memory 1807 MiB.
2026-09-30T17:16:01Z INFO [123/500] 206326ef-e4a5-40bd-b452-b3dbed97d207: not valid; 2.0 s; peak memory 1807 MiB.
2026-09-30T17:16:03Z INFO [124/500] 2063d9e0-7226-47b2-8144-10f48753bbb6: valid; 2.3 s; peak memory 1807 MiB.
2026-09-30T17:16:05Z INFO [125/500] 20655caf-f734-42d0-9f0b-d1f1f442d958: valid; 2.0 s; peak memory 1807 MiB.
2026-09-30T17:16:06Z INFO [126/500] 2065ab79-7d3b-4fdd-9b67-932c2a82698b: valid; 1.5 s; peak memory 1807 MiB.
2026-09-30T17:16:08Z INFO [127/500] 206603d8-f8f8-44c0-98ae-339e90c4e006: valid; 1.6 s; peak memory 1807 MiB.
2026-09-30T17:16:12Z INFO [128/500] 2066abc9-2f5e-4745-8abe-9c3a1a21149f: not valid; 4.3 s; peak memory 1807 MiB.
2026-09-30T17:16:16Z INFO [129/500] 2066bb72-7c97-4762-997e-214a4fd21ccb: valid; 3.6 s; peak memory 1807 MiB.
2026-09-30T17:16:18Z INFO [130/500] 206734c4-61ab-49c0-9206-d83898669d92: valid; 2.3 s; peak memory 1807 MiB.
2026-09-30T17:16:20Z INFO [131/500] 2067360f-7163-4d40-a61e-5f1579f36b75: valid; 1.5 s; peak memory 1807 MiB.
2026-09-30T17:16:21Z INFO [132/500] 2067bba0-224e-41ce-80b3-6f3e8c228c02: not valid; 1.5 s; peak memory 1807 MiB.
2026-09-30T17:16:24Z INFO [133/500] 206821ed-0909-4654-89f9-0b28541ca057: valid; 2.5 s; peak memory 1807 MiB.
2026-09-30T17:16:27Z INFO [134/500] 206842ad-7106-412c-8ebc-5101f2f17fee: valid; 3.0 s; peak memory 1807 MiB.
2026-09-30T17:16:56Z INFO [135/500] 2068b939-153f-4d6e-a8ab-806771ae4bd4: valid; 29.5 s; peak memory 1963 MiB.
2026-09-30T17:17:00Z INFO [136/500] 20693b27-388f-4bcb-b01a-09f14137de4b: valid; 3.3 s; peak memory 1965 MiB.
2026-09-30T17:17:02Z INFO [137/500] 2069439e-bf39-4d3d-9422-d78ff2435d2a: valid; 2.7 s; peak memory 1965 MiB.
2026-09-30T17:17:04Z INFO [138/500] 2069ae01-16f3-4dd4-9403-a224e77e5a34: valid; 1.4 s; peak memory 1965 MiB.
2026-09-30T17:17:05Z INFO [139/500] 2069bf45-7051-4717-845d-08db380a9430: valid; 1.1 s; peak memory 1965 MiB.
2026-09-30T17:17:07Z INFO [140/500] 2069f4c1-29a4-42f6-979a-1fbd27d12c94: valid; 2.6 s; peak memory 1965 MiB.
2026-09-30T17:17:12Z INFO [141/500] 206a1057-8e51-44b4-8270-08b66e8c973c: not valid; 4.2 s; peak memory 1965 MiB.
2026-09-30T17:17:14Z INFO [142/500] 206b3fb2-c344-4aee-bba7-ab29fe40c6aa: not valid; 2.5 s; peak memory 1965 MiB.
2026-09-30T17:17:42Z INFO [143/500] 206c4c96-7fa8-47d9-894c-45ca6d03cd29: valid; 28.2 s; peak memory 2025 MiB.
2026-09-30T17:17:47Z INFO [144/500] 206cda9f-8efe-4380-a2c9-57362b3a856d: not valid; 4.5 s; peak memory 2028 MiB.
2026-09-30T17:17:48Z INFO [145/500] 206d0e34-6c5c-4b0f-af98-4d545a401e83: valid; 1.4 s; peak memory 2028 MiB.
2026-09-30T17:17:51Z INFO [146/500] 206d7a81-d148-4808-b366-9900d6f5d000: valid; 2.9 s; peak memory 2028 MiB.
2026-09-30T17:17:54Z INFO [147/500] 206e12d3-27a1-4d29-9012-4a0795bc7e95: valid; 3.4 s; peak memory 2028 MiB.
2026-09-30T17:17:56Z INFO [148/500] 206ebc19-f1f2-4da1-8d2d-8c1907b60273: not valid; 1.6 s; peak memory 2028 MiB.
2026-09-30T17:17:58Z INFO [149/500] 206eeeec-44e1-4dee-8720-c9bcd74ce56f: valid; 2.2 s; peak memory 2028 MiB.
2026-09-30T17:18:00Z INFO [150/500] 206f6634-baf8-4995-b428-9216a6abdd96: valid; 1.7 s; peak memory 2028 MiB.
2026-09-30T17:18:01Z INFO [150/500] 206f6634-baf8-4995-b428-9216a6abdd96: checkpointed 86160 records.
2026-09-30T17:18:11Z INFO [151/500] 206f870b-7f74-465f-bc3a-6f03cd516036: valid; 10.2 s; peak memory 2028 MiB.
2026-09-30T17:18:13Z INFO [152/500] 206f905b-fa87-4099-87da-d7e728a57ae4: valid; 2.5 s; peak memory 2028 MiB.
2026-09-30T17:18:16Z WARNING 206fc985-6e97-4fac-8b73-326784f6e14a: failed while opening the NWB file (ConstructError: (root/acquisition/event_code_meanings GroupBuilder {'attributes': {'colnames': array(['value', 'meaning'], dtype=object), 'description': 'Mapping integer event codes to event labels', 'namespace': 'ndx-events', 'neurodata_type': 'MeaningsTable', 'object_id': '7393c529-e3ed-4f1d-93d9-0a3d39ecef34'}, 'groups': {}, 'datasets': {'id': root/acquisition/event_code_meanings/id DatasetBuilder {'attributes': {'namespace': 'hdmf-common', 'neurodata_type': 'ElementIdentifiers', 'object_id': '01fb0367-be39-4363-b26c-59999c4185d5'}, 'data': <HDF5 dataset "id": shape (26,), type "<i8">}, 'meaning': root/acquisition/event_code_meanings/meaning DatasetBuilder {'attributes': {'description': 'The meaning of the value in the parent CategoricalVectorData object.', 'namespace': 'hdmf-experimental', 'neurodata_type': 'VectorData', 'object_id': 'e63079ab-a4d5-4a19-bba0-78152d8846bb'}, 'data': <StrDataset for HDF5 dataset "meaning": shape (26,), type "|O">}, 'value': root/acquisition/event_code_meanings/value DatasetBuilder {'attributes': {'description': 'The value of the parent CategoricalVectorData object.', 'namespace': 'hdmf-experimental', 'neurodata_type': 'VectorData', 'object_id': 'c470625b-25cc-48e9-a3d2-48504694d793'}, 'data': <HDF5 dataset "value": shape (26,), type "<i8">}}, 'links': {}}, "Could not construct MeaningsTable object due to: MeaningsTable.__init__: missing argument 'target'"))
2026-09-30T17:18:17Z INFO [154/500] 206fe122-e174-486c-af1d-7187d5340582: valid; 1.5 s; peak memory 2028 MiB.
2026-09-30T17:18:19Z INFO [155/500] 206fe69a-6a55-4666-8b39-ca1d1cbb2bb6: not valid; 2.0 s; peak memory 2028 MiB.
2026-09-30T17:18:20Z INFO [156/500] 206feb02-6388-4fef-9aa5-4a654b865be3: valid; 1.3 s; peak memory 2028 MiB.
2026-09-30T17:18:22Z INFO [157/500] 20702c27-5d19-4db3-948e-a530284ae1d8: valid; 2.2 s; peak memory 2028 MiB.
2026-09-30T17:18:25Z INFO [158/500] 20704302-130c-4b71-adc4-7fa68e3b18cf: valid; 2.1 s; peak memory 2028 MiB.
2026-09-30T17:18:25Z WARNING 20710c16-726a-4d45-93c1-676246705d1d: failed while retrieving asset information from the DANDI API (NotFoundError: No such Dandiset: 001533)
2026-09-30T17:18:27Z INFO [160/500] 20711286-f694-46e9-a3ba-0e90dc929815: valid; 2.3 s; peak memory 2028 MiB.
2026-09-30T17:18:29Z INFO [161/500] 20728762-d5d0-4261-981e-ef2fc60f054a: valid; 2.2 s; peak memory 2028 MiB.
2026-09-30T17:18:30Z INFO [162/500] 2072b41d-f987-4fb0-ab0e-baf4c9776896: valid; 1.3 s; peak memory 2028 MiB.
2026-09-30T17:18:39Z INFO [163/500] 2073a741-47b7-4d9e-a063-e12478b608f7: valid; 8.2 s; peak memory 2028 MiB.
2026-09-30T17:18:40Z INFO [164/500] 2073eb3a-4522-4ae5-a6aa-ed1e5b56f3df: valid; 1.4 s; peak memory 2028 MiB.
2026-09-30T17:18:43Z INFO [165/500] 20750227-745c-4e68-8e2f-55eccf1270a4: valid; 2.9 s; peak memory 2028 MiB.
2026-09-30T17:18:45Z INFO [166/500] 2075551e-d3e1-441a-959e-ad07bdd850ef: not valid; 1.8 s; peak memory 2028 MiB.
2026-09-30T17:18:46Z INFO [167/500] 2075756f-7a4f-437b-8fd5-bf28b0a2db2e: valid; 1.3 s; peak memory 2028 MiB.
2026-09-30T17:19:01Z INFO [168/500] 2076369a-747d-4cef-93ca-0f17f60ddd71: valid; 14.7 s; peak memory 2438 MiB.
2026-09-30T17:19:18Z INFO [169/500] 20767ee0-0250-4a1d-9283-45f07c724d92: valid; 17.7 s; peak memory 2863 MiB.
2026-09-30T17:19:22Z INFO [170/500] 2076aa5f-4c86-4608-b86f-903352046046: valid; 3.1 s; peak memory 2863 MiB.
2026-09-30T17:19:25Z INFO [171/500] 2076c3d6-2788-47ff-b477-e7d049eb7e7e: valid; 3.3 s; peak memory 2863 MiB.
2026-09-30T17:19:27Z INFO [172/500] 20779310-caee-492e-ac17-d126a3249ad1: not valid; 2.0 s; peak memory 2863 MiB.
2026-09-30T17:19:29Z INFO [173/500] 20783248-03ec-4a89-bd80-0723eadd34e3: valid; 2.6 s; peak memory 2863 MiB.
2026-09-30T17:19:32Z INFO [174/500] 20783ff8-6711-41c3-9246-ba942d6d385e: not valid; 2.6 s; peak memory 2863 MiB.
2026-09-30T17:19:44Z INFO [175/500] 2078794c-b9b4-432b-9e21-79689307aaaf: valid; 12.0 s; peak memory 2935 MiB.
2026-09-30T17:19:47Z INFO [176/500] 2078c28b-00a5-45f1-abd6-e0cef36e7da4: valid; 3.3 s; peak memory 2935 MiB.
2026-09-30T17:19:49Z INFO [177/500] 2079377c-b75f-4b0e-89d0-172ae3a722d9: not valid; 1.6 s; peak memory 2935 MiB.
2026-09-30T17:19:51Z INFO [178/500] 207a1616-1960-45cf-a680-d5bb2b88f89a: valid; 2.1 s; peak memory 2935 MiB.
2026-09-30T17:19:53Z INFO [179/500] 207a19d2-1673-494f-ba6b-b1bafee60fc2: valid; 2.4 s; peak memory 2935 MiB.
2026-09-30T17:19:55Z INFO [180/500] 207a4e08-ff6f-4bea-a7b8-79fa855aa9e6: valid; 1.4 s; peak memory 2935 MiB.
2026-09-30T17:19:55Z WARNING 207a7cd3-8ff4-4f1a-b182-ff723c28b48f: failed while retrieving asset information from the DANDI API (NotFoundError: No asset at path 'sub-parkinson-simulated-beta/sub-parkinson-simulated-beta_ses-4343_ecephys.nwb' in version 0.250327.2220. Verify the path is correct and the asset exists in this version. Use 'dandi ls' to list available assets.)
2026-09-30T17:19:59Z INFO [182/500] 207a8dc9-4a94-4602-b421-78cf86c8f3af: not valid; 4.0 s; peak memory 2935 MiB.
2026-09-30T17:20:00Z INFO [183/500] 207aba2b-4c0e-4bd7-a3e0-91dfa4608afe: valid; 1.4 s; peak memory 2935 MiB.
2026-09-30T17:20:04Z INFO [184/500] 207ad8e0-1f21-4d7e-979b-90f520caa9cf: valid; 3.7 s; peak memory 2938 MiB.
2026-09-30T17:20:05Z INFO [185/500] 207af058-c48d-4e03-87b1-35f69d44713f: valid; 1.2 s; peak memory 2938 MiB.
2026-09-30T17:20:07Z INFO [186/500] 207b1d86-f563-4fea-af73-64c892f26ffd: valid; 1.4 s; peak memory 2938 MiB.
2026-09-30T17:20:15Z INFO [187/500] 207bb137-ae56-4a72-a551-10441e9c0b57: not valid; 8.2 s; peak memory 3020 MiB.
2026-09-30T17:20:16Z INFO [188/500] 207bb2e2-cdd1-4497-b514-7da5177f9dda: valid; 1.6 s; peak memory 3020 MiB.
2026-09-30T17:20:21Z INFO [189/500] 207c0a8e-47b8-42ab-8a19-219f958c6eba: valid; 4.5 s; peak memory 3020 MiB.
2026-09-30T17:20:27Z INFO [190/500] 207c81b7-0a6e-480f-b585-8621b00942cf: not valid; 6.3 s; peak memory 3105 MiB.
2026-09-30T17:20:29Z INFO [191/500] 207d0c1d-ecaf-44f7-8f84-e4ce9ba52791: valid; 2.4 s; peak memory 3105 MiB.
2026-09-30T17:20:31Z INFO [192/500] 207d3da0-0406-400a-89a9-61f644d4a6fd: not valid; 1.8 s; peak memory 3105 MiB.
2026-09-30T17:20:33Z INFO [193/500] 207de00f-b4a2-4606-9cb8-e1c01939932c: valid; 1.8 s; peak memory 3105 MiB.
2026-09-30T17:20:35Z WARNING 207df222-93fb-438f-adb8-5b6dd33fcdb2: failed while opening the NWB file (ConstructError: (root/acquisition/_iblmic_audioSpectrogram/bands GroupBuilder {'attributes': {'colnames': array(['freq'], dtype=object), 'description': 'spectogram frequencies', 'namespace': 'core', 'neurodata_type': 'FrequencyBandsTable', 'object_id': '7582c0dc-39ba-42b1-a74b-039a51fa82d0'}, 'groups': {}, 'datasets': {'freq': root/acquisition/_iblmic_audioSpectrogram/bands/freq DatasetBuilder {'attributes': {'description': 'frequency value', 'namespace': 'hdmf-common', 'neurodata_type': 'VectorData', 'object_id': 'cb126071-b808-47aa-af35-0d1aa9cd50d9'}, 'data': <HDF5 dataset "freq": shape (257,), type "<f4">}, 'id': root/acquisition/_iblmic_audioSpectrogram/bands/id DatasetBuilder {'attributes': {'namespace': 'hdmf-common', 'neurodata_type': 'ElementIdentifiers', 'object_id': '29f4c6f3-77b9-4300-a6fb-72158d7cbdf1'}, 'data': <HDF5 dataset "id": shape (257,), type "<i4">}}, 'links': {}}, "Could not construct FrequencyBandsTable object due to: column must have the same number of rows as 'id'"))
2026-09-30T17:20:49Z INFO [195/500] 207eedcd-5058-43fc-ac68-3d5ba83b3f7e: valid; 13.4 s; peak memory 3105 MiB.
2026-09-30T17:20:49Z WARNING 207f56a7-1d1f-482f-91df-1da21af6c46a: failed while retrieving asset information from the DANDI API (NotFoundError: No asset at path 'sub-parkinson-simulated-lfp/sub-parkinson-simulated-lfp_ses-2124_ecephys.nwb' in version 0.250327.2220. Verify the path is correct and the asset exists in this version. Use 'dandi ls' to list available assets.)
2026-09-30T17:20:54Z INFO [197/500] 207f585c-920b-4f9a-abd7-cf184eff29c8: not valid; 5.7 s; peak memory 3105 MiB.
2026-09-30T17:20:56Z INFO [198/500] 207f60f3-4c34-49c1-86f9-658b8443efae: valid; 1.8 s; peak memory 3105 MiB.
2026-09-30T17:20:58Z INFO [199/500] 207f6263-bff2-4aae-9b37-259577199d2d: valid; 2.1 s; peak memory 3105 MiB.
2026-09-30T17:21:02Z INFO [200/500] 207f8b33-f695-4924-b36c-b4ddd1003dfd: valid; 3.4 s; peak memory 3105 MiB.
2026-09-30T17:21:02Z INFO [200/500] 207f8b33-f695-4924-b36c-b4ddd1003dfd: checkpointed 86210 records.
2026-09-30T17:21:04Z INFO [201/500] 20805f97-ceaf-4e6d-baba-50e6fdb43c99: not valid; 1.5 s; peak memory 3105 MiB.
2026-09-30T17:21:10Z INFO [202/500] 20812a01-7102-45d9-b702-b9d984af6b1c: valid; 6.4 s; peak memory 3123 MiB.
2026-09-30T17:21:13Z INFO [203/500] 20821f39-16d9-49f7-9566-10f5aded2b28: valid; 2.4 s; peak memory 3123 MiB.
2026-09-30T17:21:14Z INFO [204/500] 208220a5-8501-4a99-ab3b-69ecba3627fb: valid; 1.5 s; peak memory 3123 MiB.
2026-09-30T17:21:16Z INFO [205/500] 208276d9-84c2-4827-9b46-02a60cea5ef9: valid; 1.8 s; peak memory 3123 MiB.
2026-09-30T17:21:25Z INFO [206/500] 20835ae8-c99e-4c3f-9e85-3ed008883447: valid; 9.3 s; peak memory 3127 MiB.
2026-09-30T17:21:27Z INFO [207/500] 2083750c-f41a-4842-9911-40f8b1fc5a1f: not valid; 1.4 s; peak memory 3127 MiB.
2026-09-30T17:21:30Z INFO [208/500] 2083cd01-1090-4885-af44-922ac62b887e: valid; 3.2 s; peak memory 3130 MiB.
2026-09-30T17:21:32Z INFO [209/500] 2083e3bc-20bc-41e5-92e2-9c1d494a7b96: not valid; 2.7 s; peak memory 3132 MiB.
2026-09-30T17:21:38Z INFO [210/500] 2084609f-afb5-4dc4-80f4-7eee4c11f102: valid; 5.2 s; peak memory 3136 MiB.
2026-09-30T17:21:40Z INFO [211/500] 20853f16-592e-4b8d-98e9-6eba951bca71: valid; 2.8 s; peak memory 3136 MiB.
2026-09-30T17:21:57Z INFO [212/500] 20856110-83a9-4746-9a78-dad754f12064: valid; 16.5 s; peak memory 3147 MiB.
2026-09-30T17:22:00Z INFO [213/500] 2085720e-75c8-4045-b46c-bb3b991d0da6: valid; 3.5 s; peak memory 3204 MiB.
2026-09-30T17:22:02Z INFO [214/500] 2085bd4c-7530-4012-90ea-a27bd2e4e1d9: not valid; 1.9 s; peak memory 3204 MiB.
2026-09-30T17:22:05Z INFO [215/500] 2085e157-5f38-4f99-8b59-9d6832ea1da6: valid; 2.7 s; peak memory 3204 MiB.
2026-09-30T17:22:07Z INFO [216/500] 2085ed7e-770a-4da5-9891-de963274a9aa: valid; 1.5 s; peak memory 3204 MiB.
2026-09-30T17:22:14Z INFO [217/500] 20864bf5-ade2-49a6-ab93-d6a662ba712e: not valid; 6.9 s; peak memory 3204 MiB.
2026-09-30T17:22:36Z INFO [218/500] 2086fa10-46bb-486a-8646-7adb0cda92c8: valid; 22.4 s; peak memory 3220 MiB.
2026-09-30T17:22:38Z INFO [219/500] 2087295a-df1b-430d-9640-06e4d7f2203b: not valid; 1.9 s; peak memory 3222 MiB.
2026-09-30T17:22:40Z INFO [220/500] 208847ad-0dad-44ff-9ceb-14a6a09eedd3: valid; 1.8 s; peak memory 3222 MiB.
2026-09-30T17:22:42Z INFO [221/500] 20884be9-214e-4e0b-bde2-3333ce4354f4: valid; 2.7 s; peak memory 3222 MiB.
2026-09-30T17:22:42Z WARNING 20892acc-c09f-4dd3-83d9-74c434813af7: failed while retrieving asset information from the DANDI API (NotFoundError: No such Dandiset: 001533)
2026-09-30T17:22:45Z INFO [223/500] 20895b90-d1d7-44cb-8fff-06ee5048b31f: valid; 2.7 s; peak memory 3222 MiB.
2026-09-30T17:22:47Z INFO [224/500] 208967cc-8181-4ef5-b2bf-12e97008cd99: valid; 1.4 s; peak memory 3222 MiB.
2026-09-30T17:23:03Z INFO [225/500] 2089de89-83c1-4bc8-830c-b7d737fe170b: valid; 16.7 s; peak memory 3223 MiB.
2026-09-30T17:23:05Z INFO [226/500] 208abab4-7734-4373-81a9-82d68a5c35f9: valid; 1.4 s; peak memory 3223 MiB.
2026-09-30T17:23:14Z INFO [227/500] 208b16b6-93a8-46ef-bac1-1bc99a951090: valid; 9.6 s; peak memory 3237 MiB.
2026-09-30T17:23:16Z INFO [228/500] 208b2c71-48f5-4dd4-9af9-d49b944f7a1e: valid; 1.4 s; peak memory 3237 MiB.
2026-09-30T17:23:17Z INFO [229/500] 208b57b7-6aaa-416e-ad35-09e9effd21fd: not valid; 1.7 s; peak memory 3240 MiB.
2026-09-30T17:23:20Z INFO [230/500] 208b92a0-c1d8-4683-96b8-8019769ffb3a: valid; 2.7 s; peak memory 3242 MiB.
2026-09-30T17:23:25Z INFO [231/500] 208ba5c4-f29c-4faa-bfb5-28a371412ca0: valid; 5.1 s; peak memory 3242 MiB.
2026-09-30T17:23:27Z INFO [232/500] 208bf956-c461-4940-8051-7fd7e552c5f2: not valid; 2.1 s; peak memory 3242 MiB.
2026-09-30T17:23:29Z INFO [233/500] 208c0749-c7c9-48b4-be0d-20a3ee17ae00: not valid; 1.7 s; peak memory 3242 MiB.
2026-09-30T17:23:31Z INFO [234/500] 208c9e16-146a-4e7c-98d4-a3da515976ac: valid; 2.2 s; peak memory 3242 MiB.
2026-09-30T17:23:35Z INFO [235/500] 208dd029-e43a-470c-a05f-1879d4b89822: valid; 3.4 s; peak memory 3242 MiB.
2026-09-30T17:23:37Z INFO [236/500] 208e263e-16d8-4d23-8237-be1787bb1799: valid; 1.8 s; peak memory 3242 MiB.
2026-09-30T17:23:39Z INFO [237/500] 208e822f-5aa8-461f-8122-8a5d479bb5a5: valid; 2.8 s; peak memory 3242 MiB.
2026-09-30T17:23:41Z INFO [238/500] 208f1094-dd56-4be6-8627-28972b367ad1: valid; 1.4 s; peak memory 3242 MiB.
2026-09-30T17:23:50Z INFO [239/500] 20902427-07a2-4bb3-9c3e-c69bfbf0d99e: valid; 8.9 s; peak memory 3244 MiB.
2026-09-30T17:23:52Z INFO [240/500] 20908db3-ba85-4469-99ff-1dab08289f84: valid; 1.9 s; peak memory 3246 MiB.
2026-09-30T17:23:54Z INFO [241/500] 2091157f-d7d8-4215-8564-1e21f21891a8: valid; 2.9 s; peak memory 3270 MiB.
2026-09-30T17:23:56Z INFO [242/500] 209130a7-7260-40ed-b13e-6b19460a3eaa: not valid; 1.7 s; peak memory 3270 MiB.
2026-09-30T17:24:17Z INFO [243/500] 20919bcb-3693-4f99-8cbc-342ebd150d31: valid; 21.2 s; peak memory 3465 MiB.
2026-09-30T17:24:20Z INFO [244/500] 2093a791-4f83-4fd5-ac7d-6226259a97eb: not valid; 2.7 s; peak memory 3465 MiB.
2026-09-30T17:24:26Z INFO [245/500] 209428e1-08f7-4c05-afbc-36f7bf6f74f1: valid; 6.2 s; peak memory 3465 MiB.
2026-09-30T17:24:28Z INFO [246/500] 20948ec0-4b10-4f48-9104-06463e6d8531: not valid; 1.7 s; peak memory 3465 MiB.
2026-09-30T17:24:30Z INFO [247/500] 2095117e-b3cf-42f3-9197-9edb20ba557d: valid; 2.0 s; peak memory 3465 MiB.
2026-09-30T17:24:31Z INFO [248/500] 20959b3f-4297-49da-a80d-9d2dd1008cfe: not valid; 1.5 s; peak memory 3465 MiB.
2026-09-30T17:24:33Z INFO [249/500] 20959f3b-ad98-4564-8517-bb099c289501: valid; 1.9 s; peak memory 3465 MiB.
2026-09-30T17:24:35Z INFO [250/500] 2095c5a8-17a3-4446-b3dc-7235e2dd4e9f: valid; 1.5 s; peak memory 3465 MiB.
2026-09-30T17:24:35Z INFO [250/500] 2095c5a8-17a3-4446-b3dc-7235e2dd4e9f: checkpointed 86260 records.
2026-09-30T17:24:37Z INFO [251/500] 2096e471-a575-4988-bf56-e61d8d98f295: valid; 1.4 s; peak memory 3465 MiB.
2026-09-30T17:24:39Z INFO [252/500] 20970ea7-ccdb-40e8-95e8-25a8c409dd8d: valid; 2.1 s; peak memory 3465 MiB.
2026-09-30T17:24:40Z INFO [253/500] 209780e9-6192-436c-9f3f-997be23120cb: valid; 1.5 s; peak memory 3465 MiB.
2026-09-30T17:24:42Z INFO [254/500] 2098d1c5-98d6-4566-83aa-e38da6113ebf: valid; 1.5 s; peak memory 3465 MiB.
2026-09-30T17:24:43Z INFO [255/500] 20990b79-d6b9-49fa-b95e-e051c930a76b: valid; 1.4 s; peak memory 3465 MiB.
2026-09-30T17:24:46Z INFO [256/500] 20991232-abe2-4a57-bae9-67725810d8f6: not valid; 2.9 s; peak memory 3465 MiB.
2026-09-30T17:24:49Z INFO [257/500] 209976fa-0465-422b-8c1e-a878bbf4e153: valid; 2.5 s; peak memory 3465 MiB.
2026-09-30T17:25:03Z INFO [258/500] 209a7259-c5c6-42bd-b21c-dfd7613390ca: valid; 14.5 s; peak memory 3469 MiB.
2026-09-30T17:25:13Z INFO [259/500] 209aaaea-ddfd-4f31-8d5d-4b79ccb1fc39: valid; 9.4 s; peak memory 3483 MiB.
2026-09-30T17:25:15Z INFO [260/500] 209ad3d0-0fff-408d-9426-85a8752a8553: valid; 2.2 s; peak memory 3486 MiB.
2026-09-30T17:25:17Z WARNING 209b33f1-43f1-408b-a4d4-5d405795bd9f: failed while opening the NWB file (ConstructError: (root/acquisition/event_code_meanings GroupBuilder {'attributes': {'colnames': array(['value', 'meaning'], dtype=object), 'description': 'Mapping integer event codes to event labels', 'namespace': 'ndx-events', 'neurodata_type': 'MeaningsTable', 'object_id': '638ebedd-5b14-43de-a08c-bdf25247f9e4'}, 'groups': {}, 'datasets': {'id': root/acquisition/event_code_meanings/id DatasetBuilder {'attributes': {'namespace': 'hdmf-common', 'neurodata_type': 'ElementIdentifiers', 'object_id': '5d9100d3-3044-4118-875c-4055c1a0dab0'}, 'data': <HDF5 dataset "id": shape (26,), type "<i8">}, 'meaning': root/acquisition/event_code_meanings/meaning DatasetBuilder {'attributes': {'description': 'The meaning of the value in the parent CategoricalVectorData object.', 'namespace': 'hdmf-experimental', 'neurodata_type': 'VectorData', 'object_id': 'c9291517-731b-46e9-8837-59cf861d8970'}, 'data': <StrDataset for HDF5 dataset "meaning": shape (26,), type "|O">}, 'value': root/acquisition/event_code_meanings/value DatasetBuilder {'attributes': {'description': 'The value of the parent CategoricalVectorData object.', 'namespace': 'hdmf-experimental', 'neurodata_type': 'VectorData', 'object_id': '62c76280-0f3e-46f8-897f-51ea5da3a539'}, 'data': <HDF5 dataset "value": shape (26,), type "<i8">}}, 'links': {}}, "Could not construct MeaningsTable object due to: MeaningsTable.__init__: missing argument 'target'"))
2026-09-30T17:25:19Z INFO [262/500] 209b5124-4d84-4d38-9552-7a5a0f20abb8: not valid; 2.7 s; peak memory 3490 MiB.
2026-09-30T17:25:23Z INFO [263/500] 209b794b-15b8-4bd0-9868-d22c0d4d8e47: valid; 4.2 s; peak memory 3494 MiB.
2026-09-30T17:25:26Z INFO [264/500] 209be6d0-f24e-4181-8354-ed671a150235: valid; 2.8 s; peak memory 3496 MiB.
2026-09-30T17:25:28Z INFO [265/500] 209c893d-1b79-43be-a8d2-a9c0f3bcebc3: not valid; 2.2 s; peak memory 3496 MiB.
2026-09-30T17:25:33Z INFO [266/500] 209ca129-d21c-42b2-933e-9210bcbb9623: valid; 4.2 s; peak memory 3497 MiB.
2026-09-30T17:25:35Z INFO [267/500] 209cfcd4-f9b7-4dab-9955-9d4c1593ae2d: valid; 2.8 s; peak memory 3498 MiB.
2026-09-30T17:25:37Z INFO [268/500] 209d786c-2ca0-4c7c-94fe-8ef6c854175d: valid; 1.2 s; peak memory 3498 MiB.
2026-09-30T17:25:38Z INFO [269/500] 209d7dd1-4efe-4e20-8610-05a1e99944fb: valid; 1.5 s; peak memory 3498 MiB.
2026-09-30T17:25:40Z INFO [270/500] 209d94aa-258d-4f26-b91e-2d141011a994: not valid; 1.8 s; peak memory 3498 MiB.
2026-09-30T17:25:41Z INFO [271/500] 209e87d8-4c9b-4bce-baa2-b15c4650dbc2: not valid; 1.6 s; peak memory 3498 MiB.
2026-09-30T17:25:46Z INFO [272/500] 209eb427-e3c1-4b25-a3ff-47866165763d: valid; 4.3 s; peak memory 3498 MiB.
2026-09-30T17:25:50Z INFO [273/500] 209f71a5-df4e-4744-b6c8-efdf1afb993d: not valid; 4.4 s; peak memory 3498 MiB.
2026-09-30T17:25:52Z INFO [274/500] 209fba6f-f30c-4957-b611-405800ad2962: valid; 1.5 s; peak memory 3498 MiB.
2026-09-30T17:25:54Z INFO [275/500] 209fca75-07e3-4ae4-8625-21681dbcf30e: valid; 2.1 s; peak memory 3498 MiB.
2026-09-30T17:25:57Z INFO [276/500] 209fced6-ba56-4382-a239-1fde67426540: not valid; 3.2 s; peak memory 3498 MiB.
2026-09-30T17:25:59Z INFO [277/500] 209fd7fc-4144-4adc-aa9e-3afd7ec4a490: not valid; 1.7 s; peak memory 3498 MiB.
2026-09-30T17:26:01Z WARNING 20a0839a-52d4-42dc-9d1e-f7e6f00d00af: failed while opening the NWB file (ConstructError: (root/acquisition/_iblmic_audioSpectrogram/bands GroupBuilder {'attributes': {'colnames': array(['freq'], dtype=object), 'description': 'spectogram frequencies', 'namespace': 'core', 'neurodata_type': 'FrequencyBandsTable', 'object_id': '8f6d193f-3af8-48b0-8ffa-5d3e6b807a2b'}, 'groups': {}, 'datasets': {'freq': root/acquisition/_iblmic_audioSpectrogram/bands/freq DatasetBuilder {'attributes': {'description': 'frequency value', 'namespace': 'hdmf-common', 'neurodata_type': 'VectorData', 'object_id': 'a412b6ff-f505-45c3-946b-576c3ce38c1e'}, 'data': <HDF5 dataset "freq": shape (257,), type "<f4">}, 'id': root/acquisition/_iblmic_audioSpectrogram/bands/id DatasetBuilder {'attributes': {'namespace': 'hdmf-common', 'neurodata_type': 'ElementIdentifiers', 'object_id': '3b225db2-4aae-45db-8f09-486dab347d90'}, 'data': <HDF5 dataset "id": shape (257,), type "<i4">}}, 'links': {}}, "Could not construct FrequencyBandsTable object due to: column must have the same number of rows as 'id'"))
2026-09-30T17:26:03Z INFO [279/500] 20a0af9a-a16f-4e08-84b5-1825960d6a63: valid; 1.7 s; peak memory 3498 MiB.
2026-09-30T17:26:04Z INFO [280/500] 20a0bf25-c827-4f64-9c2e-6c13f228bb99: valid; 1.5 s; peak memory 3498 MiB.
2026-09-30T17:26:06Z INFO [281/500] 20a1a965-c75d-4984-94a5-541f37d768e2: valid; 1.5 s; peak memory 3498 MiB.
2026-09-30T17:26:09Z INFO [282/500] 20a1d4a3-12c0-4d3c-9851-67297f5d5a3e: valid; 3.5 s; peak memory 3498 MiB.
2026-09-30T17:26:11Z INFO [283/500] 20a2761c-5ccb-4f88-a353-d52c53909859: valid; 2.2 s; peak memory 3498 MiB.
2026-09-30T17:26:20Z INFO [284/500] 20a28ba9-5793-4475-8c05-72bd356f50c0: not valid; 8.2 s; peak memory 3508 MiB.
2026-09-30T17:26:23Z INFO [285/500] 20a2a816-f21e-4e11-aa73-00c866bd43dd: valid; 2.9 s; peak memory 3509 MiB.
2026-09-30T17:26:24Z INFO [286/500] 20a34b22-380f-48de-9f25-8167b9d956de: valid; 1.2 s; peak memory 3510 MiB.
2026-09-30T17:26:27Z INFO [287/500] 20a419ef-2a4c-47c5-8cdc-10604343acfc: valid; 2.7 s; peak memory 3512 MiB.
2026-09-30T17:26:34Z INFO [288/500] 20a543df-c723-4813-a010-e2d7b5138499: valid; 7.3 s; peak memory 3514 MiB.
2026-09-30T17:26:36Z INFO [289/500] 20a55384-769c-4c15-bf67-b1013572c869: valid; 2.2 s; peak memory 3516 MiB.
2026-09-30T17:26:38Z INFO [290/500] 20a613ce-85ee-4b11-a870-a72460301006: valid; 2.2 s; peak memory 3517 MiB.
2026-09-30T17:26:39Z INFO [291/500] 20a6f365-c56f-45ca-83d4-0ca459cc00fe: valid; 1.0 s; peak memory 3517 MiB.
2026-09-30T17:26:41Z INFO [292/500] 20a6fd02-161f-4d4f-af04-e1edb4c93d91: valid; 2.1 s; peak memory 3518 MiB.
2026-09-30T17:26:43Z INFO [293/500] 20a7230b-94f6-4435-8db1-52f6a4993a3f: valid; 1.4 s; peak memory 3519 MiB.
2026-09-30T17:26:44Z INFO [294/500] 20a72694-3499-446b-a52f-4151ea70f309: not valid; 1.6 s; peak memory 3520 MiB.
2026-09-30T17:26:46Z INFO [295/500] 20a76c5b-e300-4092-832c-2f3441ef2010: valid; 2.1 s; peak memory 3521 MiB.
2026-09-30T17:26:51Z INFO [296/500] 20a7ec4a-0669-49f5-888a-0f5b7e250e60: valid; 4.7 s; peak memory 3528 MiB.
2026-09-30T17:26:53Z WARNING 20a7fb43-38d3-4c8d-bde4-6fdeebd19796: failed while opening the NWB file (ValueError: Cannot resolve included group spec 'electrodes' with data_type_inc 'ElectrodesTable' because a group spec with the same name already exists with data_type_inc 'DynamicTable', and data type 'DynamicTable' is not a child type of data type 'ElectrodesTable'.)
2026-09-30T17:26:54Z INFO [298/500] 20a80851-41cc-41b8-bace-07107be9d15d: valid; 1.7 s; peak memory 3529 MiB.
2026-09-30T17:26:56Z INFO [299/500] 20a87559-cbe2-4a7e-8253-58e154c00994: not valid; 1.7 s; peak memory 3529 MiB.
2026-09-30T17:26:57Z INFO [300/500] 20a8a897-dd3b-4d58-9c10-1e646b17ddba: valid; 1.3 s; peak memory 3529 MiB.
2026-09-30T17:26:58Z INFO [300/500] 20a8a897-dd3b-4d58-9c10-1e646b17ddba: checkpointed 86310 records.
2026-09-30T17:27:00Z INFO [301/500] 20a8e1b7-41b8-47ae-bb7e-fca8242f1fa0: valid; 2.0 s; peak memory 3529 MiB.
2026-09-30T17:27:02Z INFO [302/500] 20a97d2c-7b23-4304-9dd3-84d955c3d2f5: valid; 1.5 s; peak memory 3529 MiB.
2026-09-30T17:27:06Z INFO [303/500] 20a9d155-499d-4ba4-8f96-a75750e426ca: valid; 4.6 s; peak memory 3529 MiB.
2026-09-30T17:27:09Z INFO [304/500] 20ab14a5-2d33-49e3-a908-b308e16fc006: valid; 2.5 s; peak memory 3529 MiB.
2026-09-30T17:27:14Z INFO [305/500] 20ab4ea7-98cc-43ce-b9d4-078a0256cb99: valid; 5.2 s; peak memory 3529 MiB.
2026-09-30T17:27:16Z INFO [306/500] 20abc756-b9ed-49af-976d-53db6169018b: valid; 2.0 s; peak memory 3529 MiB.
2026-09-30T17:27:19Z INFO [307/500] 20abf11c-800b-41b7-aadc-d476d15a757f: valid; 2.9 s; peak memory 3529 MiB.
2026-09-30T17:27:54Z INFO [308/500] 20accf91-e528-4d9d-a8ed-8bac6fd5ccec: valid; 34.9 s; peak memory 3638 MiB.
2026-09-30T17:27:56Z INFO [309/500] 20acd42b-3844-4ee8-8d82-f1c4e75ed070: valid; 2.4 s; peak memory 3640 MiB.
2026-09-30T17:28:02Z INFO [310/500] 20ad8f1c-cfb8-459b-91da-fa0624c291fd: not valid; 5.9 s; peak memory 3655 MiB.
2026-09-30T17:28:03Z INFO [311/500] 20ae0ea5-1197-4b8f-9a85-e073da897561: valid; 1.3 s; peak memory 3658 MiB.
2026-09-30T17:28:05Z INFO [312/500] 20ae6bd0-35fe-43c7-acf3-16499ed26618: valid; 2.1 s; peak memory 3666 MiB.
2026-09-30T17:28:07Z INFO [313/500] 20aec471-f397-442c-858a-4df39a1de60a: valid; 1.5 s; peak memory 3669 MiB.
2026-09-30T17:28:21Z INFO [314/500] 20b00958-4e6d-4c04-9945-35197ebfe839: valid; 13.9 s; peak memory 3798 MiB.
2026-09-30T17:28:23Z INFO [315/500] 20b0da3b-c799-4dc3-9ae3-3541ec7c668e: valid; 2.0 s; peak memory 3798 MiB.
2026-09-30T17:28:29Z INFO [316/500] 20b0e71a-f9d6-426e-b967-24c3749b04bc: valid; 6.2 s; peak memory 3803 MiB.
2026-09-30T17:28:32Z INFO [317/500] 20b1067a-4987-42f6-920d-7264f5543fa5: not valid; 2.8 s; peak memory 3806 MiB.
2026-09-30T17:28:36Z INFO [318/500] 20b10724-46ae-4805-a097-9bda8ccc0b3c: valid; 4.6 s; peak memory 3814 MiB.
2026-09-30T17:28:38Z INFO [319/500] 20b1a664-084a-4406-96b2-8bad0e1fdf22: valid; 1.3 s; peak memory 3816 MiB.
2026-09-30T17:28:41Z INFO [320/500] 20b1dcf5-91df-4ccf-9997-05df89366d71: not valid; 3.6 s; peak memory 3823 MiB.
2026-09-30T17:29:05Z INFO [321/500] 20b20ec1-cab0-4591-8cb7-56e7706acff7: valid; 23.3 s; peak memory 3923 MiB.
2026-09-30T17:29:06Z INFO [322/500] 20b233a4-317d-4e72-9b46-0870f991052e: valid; 1.4 s; peak memory 3925 MiB.
2026-09-30T17:29:08Z INFO [323/500] 20b27418-2df2-4545-874d-e306f53a8dd3: not valid; 1.6 s; peak memory 3927 MiB.
2026-09-30T17:29:09Z INFO [324/500] 20b292bf-1548-4ce2-bcc7-6756370c7aef: valid; 1.0 s; peak memory 3929 MiB.
2026-09-30T17:29:11Z INFO [325/500] 20b3179f-2fe7-4c17-acb6-531a5615b2e3: valid; 2.0 s; peak memory 3935 MiB.
2026-09-30T17:29:12Z INFO [326/500] 20b4089e-0148-46e1-82e5-7f72a689cd3b: not valid; 1.8 s; peak memory 3939 MiB.
2026-09-30T17:29:14Z INFO [327/500] 20b40aaf-db32-41aa-ae44-f2492164afb8: not valid; 1.8 s; peak memory 3943 MiB.
2026-09-30T17:29:27Z INFO [328/500] 20b48698-7883-4d9e-894d-f5ce2e6c1701: valid; 12.7 s; peak memory 4017 MiB.
2026-09-30T17:29:29Z INFO [329/500] 20b5d1f9-bde7-428d-a41d-51b5b3deb666: valid; 2.6 s; peak memory 4020 MiB.
2026-09-30T17:29:34Z INFO [330/500] 20b5d243-5a61-4246-a5d5-ac9d9068183d: valid; 4.1 s; peak memory 4021 MiB.
2026-09-30T17:29:36Z INFO [331/500] 20b64d33-7a8d-4966-aeac-0a1aecdc66b5: valid; 2.1 s; peak memory 4021 MiB.
2026-09-30T17:29:37Z INFO [332/500] 20b69528-1ea2-4a2d-9712-8b3be5c0bd42: valid; 1.3 s; peak memory 4021 MiB.
2026-09-30T17:29:38Z INFO [333/500] 20b6c7f2-9b7e-4a24-87e3-d3fb6740975a: valid; 1.4 s; peak memory 4021 MiB.
2026-09-30T17:29:46Z INFO [334/500] 20b76737-3915-4bc3-a817-fe66eaee72cd: valid; 7.8 s; peak memory 4021 MiB.
2026-09-30T17:29:49Z INFO [335/500] 20b89dd2-27c4-4f45-a5e9-2c0d072d5853: not valid; 2.9 s; peak memory 4021 MiB.
2026-09-30T17:29:51Z WARNING 20b8acd7-edd3-47d9-987b-2f693285bf37: failed while opening the NWB file (ConstructError: (root/acquisition/_iblmic_audioSpectrogram/bands GroupBuilder {'attributes': {'colnames': array(['freq'], dtype=object), 'description': 'spectogram frequencies', 'namespace': 'core', 'neurodata_type': 'FrequencyBandsTable', 'object_id': '9f4bb4b7-aa21-4119-8944-0f16e6d3f274'}, 'groups': {}, 'datasets': {'freq': root/acquisition/_iblmic_audioSpectrogram/bands/freq DatasetBuilder {'attributes': {'description': 'frequency value', 'namespace': 'hdmf-common', 'neurodata_type': 'VectorData', 'object_id': '23b94f61-1960-406d-b8fd-94a14322f758'}, 'data': <HDF5 dataset "freq": shape (257,), type "<f4">}, 'id': root/acquisition/_iblmic_audioSpectrogram/bands/id DatasetBuilder {'attributes': {'namespace': 'hdmf-common', 'neurodata_type': 'ElementIdentifiers', 'object_id': 'e503e246-5e68-42b4-b71f-17ebc42648b7'}, 'data': <HDF5 dataset "id": shape (257,), type "<i4">}}, 'links': {}}, "Could not construct FrequencyBandsTable object due to: column must have the same number of rows as 'id'"))
2026-09-30T17:29:54Z INFO [337/500] 20b8bf70-befb-4d41-9856-bf5a9f786786: valid; 2.3 s; peak memory 4021 MiB.
2026-09-30T17:29:55Z INFO [338/500] 20b8f1d0-aa64-47f9-84f2-e54ce385de05: valid; 1.8 s; peak memory 4021 MiB.
2026-09-30T17:29:57Z INFO [339/500] 20bb334b-133b-4954-955f-0e802fb8a289: valid; 2.0 s; peak memory 4021 MiB.
2026-09-30T17:29:59Z INFO [340/500] 20bb4f88-c21c-41fb-809f-34bd305f66b4: valid; 1.3 s; peak memory 4021 MiB.
2026-09-30T17:30:01Z INFO [341/500] 20bc42b4-9199-4f42-a405-76aab2501855: valid; 2.0 s; peak memory 4021 MiB.
2026-09-30T17:30:02Z INFO [342/500] 20bc6355-be6d-4dab-8605-8a1888eb8e84: not valid; 1.7 s; peak memory 4021 MiB.
2026-09-30T17:30:05Z INFO [343/500] 20bc929a-4687-4a01-a251-516d6f7529f1: valid; 2.6 s; peak memory 4021 MiB.
2026-09-30T17:30:07Z INFO [344/500] 20bd8a6d-947d-4864-a655-cfcc2080c389: valid; 2.6 s; peak memory 4021 MiB.
2026-09-30T17:30:10Z INFO [345/500] 20bdb4f9-8d2b-4735-9a17-8f28dcd80398: valid; 2.5 s; peak memory 4021 MiB.
2026-09-30T17:30:13Z INFO [346/500] 20bdfc90-64fe-4d90-991c-9d347c9cb5ae: valid; 3.2 s; peak memory 4021 MiB.
2026-09-30T17:30:14Z INFO [347/500] 20be0872-3bd7-432c-baf4-400ac752349e: valid; 1.1 s; peak memory 4021 MiB.
2026-09-30T17:30:31Z INFO [348/500] 20be0a26-0485-49e9-affa-a85560ed1979: valid; 16.7 s; peak memory 4022 MiB.
2026-09-30T17:30:32Z INFO [349/500] 20be2075-8cde-4da8-908b-73464ece7e83: not valid; 1.4 s; peak memory 4022 MiB.
2026-09-30T17:30:35Z INFO [350/500] 20be4b54-2b39-49c6-a05b-33fdbef20abd: valid; 2.4 s; peak memory 4022 MiB.
2026-09-30T17:30:35Z INFO [350/500] 20be4b54-2b39-49c6-a05b-33fdbef20abd: checkpointed 86360 records.
2026-09-30T17:30:38Z INFO [351/500] 20bea5f2-29bf-4c94-89ac-77f921532582: valid; 2.7 s; peak memory 4022 MiB.
2026-09-30T17:30:40Z INFO [352/500] 20bec433-2c1a-4012-b182-a4623bdc353d: valid; 2.3 s; peak memory 4022 MiB.
2026-09-30T17:30:42Z INFO [353/500] 20bf0387-04b0-4450-999a-fa926bcb30a8: valid; 1.4 s; peak memory 4022 MiB.
2026-09-30T17:30:44Z INFO [354/500] 20bf848f-7266-45a3-abcc-5a14e4abe59f: valid; 2.6 s; peak memory 4022 MiB.
2026-09-30T17:30:46Z INFO [355/500] 20c0375b-4aa0-479b-b06d-6149322905a2: valid; 2.1 s; peak memory 4022 MiB.
2026-09-30T17:30:53Z INFO [356/500] 20c092b8-f364-4069-9e1f-aa1d021fe052: not valid; 7.1 s; peak memory 4023 MiB.
2026-09-30T17:30:56Z INFO [357/500] 20c1884c-0e88-46de-911c-24cb399fd6a9: not valid; 2.2 s; peak memory 4023 MiB.
2026-09-30T17:30:57Z INFO [358/500] 20c1b884-bf2f-4fdb-a7de-20271bc67592: valid; 1.8 s; peak memory 4023 MiB.
2026-09-30T17:30:59Z INFO [359/500] 20c26283-76ee-4a56-bdf4-c8ae6bb91efb: valid; 1.2 s; peak memory 4023 MiB.
2026-09-30T17:31:01Z WARNING 20c2b967-16d9-4cd2-81ef-d54f25143fa9: failed while opening the NWB file (ConstructError: (root/acquisition/_iblmic_audioSpectrogram/bands GroupBuilder {'attributes': {'colnames': array(['freq'], dtype=object), 'description': 'spectogram frequencies', 'namespace': 'core', 'neurodata_type': 'FrequencyBandsTable', 'object_id': '898baf5e-7f24-4e7a-88c5-cd28a37c3534'}, 'groups': {}, 'datasets': {'freq': root/acquisition/_iblmic_audioSpectrogram/bands/freq DatasetBuilder {'attributes': {'description': 'frequency value', 'namespace': 'hdmf-common', 'neurodata_type': 'VectorData', 'object_id': '0f40ae2e-55ff-42b9-8084-e91d24fcdcc0'}, 'data': <HDF5 dataset "freq": shape (257,), type "<f4">}, 'id': root/acquisition/_iblmic_audioSpectrogram/bands/id DatasetBuilder {'attributes': {'namespace': 'hdmf-common', 'neurodata_type': 'ElementIdentifiers', 'object_id': '47c09922-3c2d-409c-87b1-049ac634471a'}, 'data': <HDF5 dataset "id": shape (257,), type "<i4">}}, 'links': {}}, "Could not construct FrequencyBandsTable object due to: column must have the same number of rows as 'id'"))
2026-09-30T17:31:03Z INFO [361/500] 20c2c3ea-6789-4c0f-b06e-25b78e904048: valid; 1.9 s; peak memory 4023 MiB.
2026-09-30T17:31:04Z INFO [362/500] 20c3ca95-2f38-4544-972a-bcb0b78136c6: valid; 1.3 s; peak memory 4023 MiB.
2026-09-30T17:31:08Z INFO [363/500] 20c431bb-167c-40b3-9b1a-e959e77f7353: not valid; 3.8 s; peak memory 4023 MiB.
2026-09-30T17:31:10Z INFO [364/500] 20c49f9a-4845-4715-bc8e-5a7e41847de3: not valid; 1.7 s; peak memory 4023 MiB.
2026-09-30T17:31:12Z INFO [365/500] 20c4fafa-08d7-4dfc-99ce-3b519f145e42: not valid; 2.3 s; peak memory 4023 MiB.
2026-09-30T17:31:14Z INFO [366/500] 20c50d6f-acc0-4556-af41-0713fbd2f58b: valid; 2.4 s; peak memory 4023 MiB.
2026-09-30T17:31:16Z INFO [367/500] 20c5932b-ef95-41fa-bb45-a659d60121c9: valid; 1.5 s; peak memory 4023 MiB.
2026-09-30T17:31:18Z INFO [368/500] 20c758fb-4f6c-4ab2-b637-e20d693b37d9: valid; 1.6 s; peak memory 4023 MiB.
2026-09-30T17:31:21Z INFO [369/500] 20c778c6-0710-4efb-98fd-5ae8e3ff3d8e: valid; 3.5 s; peak memory 4023 MiB.
2026-09-30T17:31:24Z INFO [370/500] 20c78c5d-9eda-4d8a-8ffa-92d1b0ce5bb4: valid; 2.8 s; peak memory 4024 MiB.
2026-09-30T17:31:25Z INFO [371/500] 20c80762-d4a8-48fa-860c-81ae4be467c0: valid; 1.5 s; peak memory 4024 MiB.
2026-09-30T17:31:27Z INFO [372/500] 20c84172-13e6-40e0-835b-19211a8da500: valid; 1.6 s; peak memory 4024 MiB.
2026-09-30T17:31:31Z INFO [373/500] 20c84d41-475f-4f8e-82e3-e650ccfb2fad: not valid; 3.8 s; peak memory 4024 MiB.
2026-09-30T17:31:33Z INFO [374/500] 20c86655-eeb1-4b84-878f-3ba0031d910f: valid; 2.3 s; peak memory 4024 MiB.
2026-09-30T17:31:34Z INFO [375/500] 20c89682-c910-478b-809d-ee92728f6714: not valid; 1.4 s; peak memory 4024 MiB.
2026-09-30T17:31:37Z INFO [376/500] 20c8cfc0-91c4-4380-9e67-826ff4b1bbba: valid; 2.9 s; peak memory 4024 MiB.
2026-09-30T17:31:40Z INFO [377/500] 20c8e7c2-bd3f-4dff-9825-3d72c014a5cc: not valid; 2.6 s; peak memory 4024 MiB.
2026-09-30T17:31:44Z INFO [378/500] 20c8e7d6-e2fd-496a-a715-af3674e2c046: valid; 3.7 s; peak memory 4024 MiB.
2026-09-30T17:31:44Z WARNING 20c93bdb-31fb-492e-bd8e-280d45512d3e: failed while retrieving asset information from the DANDI API (NotFoundError: No asset at path 'sub-healthy-simulated-beta/sub-healthy-simulated-beta_ses-7976_ecephys.nwb' in version 0.250327.2220. Verify the path is correct and the asset exists in this version. Use 'dandi ls' to list available assets.)
2026-09-30T17:31:48Z INFO [380/500] 20c97d11-13f7-4fd0-a6f3-1ae63389f65a: valid; 4.1 s; peak memory 4024 MiB.
2026-09-30T17:31:50Z INFO [381/500] 20c9efc9-a645-4117-a59d-b05713d1b5ec: valid; 2.5 s; peak memory 4024 MiB.
2026-09-30T17:32:04Z INFO [382/500] 20ca0c21-48d5-4056-b76f-3597443a1bf8: valid; 14.3 s; peak memory 4024 MiB.
2026-09-30T17:32:09Z INFO [383/500] 20cac0da-a2cb-4c0c-aa03-acc07bd59f42: not valid; 4.2 s; peak memory 4024 MiB.
2026-09-30T17:32:10Z INFO [384/500] 20cb189d-f38e-4791-abea-5de7b9640337: valid; 1.5 s; peak memory 4024 MiB.
2026-09-30T17:32:12Z INFO [385/500] 20cc5f75-b657-4829-999f-93d04b6e292e: valid; 1.7 s; peak memory 4024 MiB.
2026-09-30T17:32:13Z INFO [386/500] 20cd508e-5894-4f36-aa1b-2f60f9deb7f6: valid; 1.5 s; peak memory 4024 MiB.
2026-09-30T17:32:18Z INFO [387/500] 20cd5c65-7ce3-42f4-9667-b0c023f1c612: not valid; 4.6 s; peak memory 4025 MiB.
2026-09-30T17:32:20Z WARNING 20cdad17-81a6-4d76-9efb-f11a8ca64f29: failed while opening the NWB file (ConstructError: (root/acquisition/event_code_meanings GroupBuilder {'attributes': {'colnames': array(['value', 'meaning'], dtype=object), 'description': 'Mapping integer event codes to event labels', 'namespace': 'ndx-events', 'neurodata_type': 'MeaningsTable', 'object_id': '8631aaa6-bbf2-4c32-bf1f-6cee1dfd7b42'}, 'groups': {}, 'datasets': {'id': root/acquisition/event_code_meanings/id DatasetBuilder {'attributes': {'namespace': 'hdmf-common', 'neurodata_type': 'ElementIdentifiers', 'object_id': '67b18a49-e250-42da-b0be-17c797f365cc'}, 'data': <HDF5 dataset "id": shape (26,), type "<i8">}, 'meaning': root/acquisition/event_code_meanings/meaning DatasetBuilder {'attributes': {'description': 'The meaning of the value in the parent CategoricalVectorData object.', 'namespace': 'hdmf-experimental', 'neurodata_type': 'VectorData', 'object_id': '837192f7-2368-419b-afe5-51c4a2e2f602'}, 'data': <StrDataset for HDF5 dataset "meaning": shape (26,), type "|O">}, 'value': root/acquisition/event_code_meanings/value DatasetBuilder {'attributes': {'description': 'The value of the parent CategoricalVectorData object.', 'namespace': 'hdmf-experimental', 'neurodata_type': 'VectorData', 'object_id': '2b7cc90e-794a-4afd-8e68-ad4741caf1f2'}, 'data': <HDF5 dataset "value": shape (26,), type "<i8">}}, 'links': {}}, "Could not construct MeaningsTable object due to: MeaningsTable.__init__: missing argument 'target'"))
2026-09-30T17:32:23Z INFO [389/500] 20ce44b0-f772-44d9-a7e5-f411aba42b72: valid; 2.3 s; peak memory 4029 MiB.
2026-09-30T17:32:23Z WARNING 20cebc88-1988-4e7a-baac-a2da93e16731: failed while retrieving asset information from the DANDI API (NotFoundError: No asset at path 'sub-751766/sub-751766_ses-behavior-751766-2025-02-14-11-37-11.nwb' in version 0.260928.2230. Verify the path is correct and the asset exists in this version. Use 'dandi ls' to list available assets.)
2026-09-30T17:32:26Z INFO [391/500] 20cebf90-faba-4412-a90f-a4851987a882: valid; 3.6 s; peak memory 4029 MiB.
2026-09-30T17:32:28Z INFO [392/500] 20cf4d7c-9897-40d2-a1af-39a34e92686c: not valid; 2.0 s; peak memory 4029 MiB.
2026-09-30T17:32:31Z INFO [393/500] 20cf6edd-2bd4-4b22-88d4-cad8f83f48ee: valid; 3.3 s; peak memory 4029 MiB.
2026-09-30T17:32:52Z INFO [394/500] 20d08a6a-9a0f-4dea-877e-88b5e5576e3e: valid; 20.4 s; peak memory 4047 MiB.
2026-09-30T17:32:54Z WARNING 20d0a2ae-a7fa-4297-ab74-c886d4b9b575: failed while opening the NWB file (ConstructError: (root/acquisition/event_code_meanings GroupBuilder {'attributes': {'colnames': array(['value', 'meaning'], dtype=object), 'description': 'Mapping integer event codes to event labels', 'namespace': 'ndx-events', 'neurodata_type': 'MeaningsTable', 'object_id': '470b7d1b-ce97-47d1-a992-18068f350b66'}, 'groups': {}, 'datasets': {'id': root/acquisition/event_code_meanings/id DatasetBuilder {'attributes': {'namespace': 'hdmf-common', 'neurodata_type': 'ElementIdentifiers', 'object_id': 'e112ac78-0914-46cc-a6db-980524d58489'}, 'data': <HDF5 dataset "id": shape (26,), type "<i8">}, 'meaning': root/acquisition/event_code_meanings/meaning DatasetBuilder {'attributes': {'description': 'The meaning of the value in the parent CategoricalVectorData object.', 'namespace': 'hdmf-experimental', 'neurodata_type': 'VectorData', 'object_id': 'a79ab19b-3ed9-4ed9-a262-6e86164df45d'}, 'data': <StrDataset for HDF5 dataset "meaning": shape (26,), type "|O">}, 'value': root/acquisition/event_code_meanings/value DatasetBuilder {'attributes': {'description': 'The value of the parent CategoricalVectorData object.', 'namespace': 'hdmf-experimental', 'neurodata_type': 'VectorData', 'object_id': '8d14a729-067f-4fae-9a3d-caae8ab67ba0'}, 'data': <HDF5 dataset "value": shape (26,), type "<i8">}}, 'links': {}}, "Could not construct MeaningsTable object due to: MeaningsTable.__init__: missing argument 'target'"))
2026-09-30T17:32:55Z INFO [396/500] 20d0bd63-3414-4018-a2fd-f8c6f999c19b: valid; 1.4 s; peak memory 4049 MiB.
2026-09-30T17:32:57Z INFO [397/500] 20d0d774-beba-48d8-bd8b-704571378b44: not valid; 2.0 s; peak memory 4050 MiB.
2026-09-30T17:32:59Z INFO [398/500] 20d14776-1eb7-4053-bfce-adcf49b47211: valid; 2.2 s; peak memory 4051 MiB.
2026-09-30T17:33:03Z INFO [399/500] 20d15c7d-76d3-4e18-966a-6db348e69f5c: not valid; 4.0 s; peak memory 4054 MiB.
2026-09-30T17:33:06Z INFO [400/500] 20d1b64f-107a-4d3b-b05f-19d747dc7031: valid; 2.7 s; peak memory 4056 MiB.
2026-09-30T17:33:07Z INFO [400/500] 20d1b64f-107a-4d3b-b05f-19d747dc7031: checkpointed 86410 records.
2026-09-30T17:33:08Z INFO [401/500] 20d1b864-0154-49d4-82b1-b1b78a1f1768: not valid; 1.6 s; peak memory 4058 MiB.
2026-09-30T17:33:15Z INFO [402/500] 20d1d46b-d9a9-4ab5-9125-1adf3576acb7: not valid; 6.7 s; peak memory 4059 MiB.
2026-09-30T17:33:24Z INFO [403/500] 20d215fe-1d61-4675-9681-1c669f4c13de: valid; 8.8 s; peak memory 4059 MiB.
2026-09-30T17:33:28Z INFO [404/500] 20d23a00-f90c-4fb8-9ef6-789c217b76c7: not valid; 4.2 s; peak memory 4059 MiB.
2026-09-30T17:33:41Z INFO [405/500] 20d23c63-a94b-480a-8df6-2c3110fdd2bc: valid; 13.1 s; peak memory 4425 MiB.
2026-09-30T17:33:44Z INFO [406/500] 20d266c9-e393-4ca6-9c90-265869efe701: valid; 3.0 s; peak memory 4425 MiB.
2026-09-30T17:33:47Z INFO [407/500] 20d268db-5ae4-43ae-a6e0-a45c2486b97c: valid; 2.3 s; peak memory 4425 MiB.
2026-09-30T17:33:50Z INFO [408/500] 20d2f72f-bab9-4edf-a202-178c521c1d8e: valid; 2.9 s; peak memory 4425 MiB.
2026-09-30T17:33:52Z INFO [409/500] 20d3c598-5e48-4a19-8a9e-7a23fe80d040: valid; 2.6 s; peak memory 4425 MiB.
2026-09-30T17:33:54Z INFO [410/500] 20d405d1-b152-4998-abc0-17eb344e0a26: valid; 1.4 s; peak memory 4425 MiB.
2026-09-30T17:33:57Z INFO [411/500] 20d4f5fe-d595-4ee2-9882-bd29e89611de: valid; 3.1 s; peak memory 4425 MiB.
2026-09-30T17:33:59Z INFO [412/500] 20d5dd6f-1dde-467e-bb2d-2601ec08fe2a: not valid; 2.7 s; peak memory 4425 MiB.
2026-09-30T17:34:01Z INFO [413/500] 20d62a91-361c-4ad8-85a8-a596b666be56: not valid; 1.6 s; peak memory 4425 MiB.
2026-09-30T17:34:02Z INFO [414/500] 20d64ab2-24e4-43c6-8753-ef45fd38cc0f: valid; 1.5 s; peak memory 4425 MiB.
2026-09-30T17:34:17Z INFO [415/500] 20d6bb13-9ab4-4367-9305-4e587718e5fd: valid; 14.2 s; peak memory 4425 MiB.
2026-09-30T17:34:18Z INFO [416/500] 20d6eeb4-42a5-40f2-8ec9-04995105ef1a: valid; 1.0 s; peak memory 4425 MiB.
2026-09-30T17:34:29Z INFO [417/500] 20d7162a-4221-4aca-9cb4-2b22c5d24dc7: valid; 11.9 s; peak memory 4425 MiB.
2026-09-30T17:34:48Z INFO [418/500] 20d763f5-5252-4922-bf50-0fe75d846b9f: not valid; 18.5 s; peak memory 4438 MiB.
2026-09-30T17:34:50Z INFO [419/500] 20d84147-63d6-4c6e-83bc-6a8a6314ccd8: valid; 2.1 s; peak memory 4443 MiB.
2026-09-30T17:34:52Z WARNING 20d8d7b9-9210-481d-95b4-04229a30ba0b: failed while opening the NWB file (ConstructError: (root/acquisition/_iblmic_audioSpectrogram/bands GroupBuilder {'attributes': {'colnames': array(['freq'], dtype=object), 'description': 'spectogram frequencies', 'namespace': 'core', 'neurodata_type': 'FrequencyBandsTable', 'object_id': '3a7aff14-003e-4325-905f-cb67f2b48d9b'}, 'groups': {}, 'datasets': {'freq': root/acquisition/_iblmic_audioSpectrogram/bands/freq DatasetBuilder {'attributes': {'description': 'frequency value', 'namespace': 'hdmf-common', 'neurodata_type': 'VectorData', 'object_id': '24c1955b-7cfc-442b-8ca5-0468198ec618'}, 'data': <HDF5 dataset "freq": shape (257,), type "<f4">}, 'id': root/acquisition/_iblmic_audioSpectrogram/bands/id DatasetBuilder {'attributes': {'namespace': 'hdmf-common', 'neurodata_type': 'ElementIdentifiers', 'object_id': '136dc511-fdc4-42bb-96f7-05892cdc3634'}, 'data': <HDF5 dataset "id": shape (257,), type "<i4">}}, 'links': {}}, "Could not construct FrequencyBandsTable object due to: column must have the same number of rows as 'id'"))
2026-09-30T17:34:54Z INFO [421/500] 20d8dd31-6af9-492d-a65c-8285ccff8f4e: valid; 1.3 s; peak memory 4449 MiB.
2026-09-30T17:34:55Z INFO [422/500] 20d94f85-48be-42fa-9ebb-db4134655cff: valid; 1.4 s; peak memory 4453 MiB.
2026-09-30T17:34:56Z INFO [423/500] 20da7b2f-e540-48b5-bbd8-59b280d0dfd9: valid; 1.3 s; peak memory 4455 MiB.
2026-09-30T17:34:58Z INFO [424/500] 20da8b05-739d-4515-8cbd-020f402a064d: not valid; 2.0 s; peak memory 4457 MiB.
2026-09-30T17:35:00Z INFO [425/500] 20daf99e-3d4d-4f62-abdd-1aebc37a9dbf: valid; 1.6 s; peak memory 4458 MiB.
2026-09-30T17:35:01Z INFO [426/500] 20db3825-7a8c-4f12-9e7d-ce91a4fa6498: valid; 1.4 s; peak memory 4460 MiB.
2026-09-30T17:35:04Z INFO [427/500] 20db6d1b-90db-4a99-bb05-cb1eacdb8539: not valid; 2.4 s; peak memory 4463 MiB.
2026-09-30T17:35:06Z INFO [428/500] 20db7394-aea0-4292-b27b-a3732354760b: valid; 2.1 s; peak memory 4463 MiB.
2026-09-30T17:35:08Z INFO [429/500] 20dbbd71-0c3e-4ff3-97f7-eb6a220095d8: valid; 1.9 s; peak memory 4463 MiB.
2026-09-30T17:35:10Z WARNING 20dbc2b5-b268-42a4-a3f4-52f49cc4f08c: failed while opening the NWB file (ConstructError: (root/acquisition/_iblmic_audioSpectrogram/bands GroupBuilder {'attributes': {'colnames': array(['freq'], dtype=object), 'description': 'spectogram frequencies', 'namespace': 'core', 'neurodata_type': 'FrequencyBandsTable', 'object_id': '380dc470-5ed1-494c-a411-d2abe787620a'}, 'groups': {}, 'datasets': {'freq': root/acquisition/_iblmic_audioSpectrogram/bands/freq DatasetBuilder {'attributes': {'description': 'frequency value', 'namespace': 'hdmf-common', 'neurodata_type': 'VectorData', 'object_id': 'e1c51ae9-3ab7-4f1c-bc31-a7d502c878e2'}, 'data': <HDF5 dataset "freq": shape (257,), type "<f4">}, 'id': root/acquisition/_iblmic_audioSpectrogram/bands/id DatasetBuilder {'attributes': {'namespace': 'hdmf-common', 'neurodata_type': 'ElementIdentifiers', 'object_id': '7af56800-3d38-48e3-a6da-3a51387265ea'}, 'data': <HDF5 dataset "id": shape (257,), type "<i4">}}, 'links': {}}, "Could not construct FrequencyBandsTable object due to: column must have the same number of rows as 'id'"))
2026-09-30T17:35:14Z INFO [431/500] 20dbe4a1-8c69-49b1-aea9-661c2aad2721: valid; 4.5 s; peak memory 4463 MiB.
2026-09-30T17:35:16Z INFO [432/500] 20dc8709-fa56-47c0-b09d-4c13f967d415: valid; 1.6 s; peak memory 4463 MiB.
2026-09-30T17:35:17Z INFO [433/500] 20dc95f8-ba3d-40f1-afc3-2444d52f84a0: not valid; 1.5 s; peak memory 4463 MiB.
2026-09-30T17:35:18Z INFO [434/500] 20dcbae1-9873-4048-8651-a7614f7cd2dd: valid; 1.0 s; peak memory 4463 MiB.
2026-09-30T17:35:20Z INFO [435/500] 20dd5515-46eb-419c-ac6f-7a5054e5833a: valid; 1.5 s; peak memory 4463 MiB.
2026-09-30T17:35:21Z INFO [436/500] 20dd6193-3788-45a0-9945-2632966297c5: valid; 1.4 s; peak memory 4463 MiB.
2026-09-30T17:35:23Z INFO [437/500] 20de6258-817c-4eee-acde-cfcc19d0cbd9: valid; 2.2 s; peak memory 4463 MiB.
2026-09-30T17:35:25Z INFO [438/500] 20dea5c4-af4e-48f7-9fbd-4136efa7e30b: valid; 1.4 s; peak memory 4463 MiB.
2026-09-30T17:35:27Z INFO [439/500] 20e2c85c-d070-4e33-9401-4fcdccec1ff6: valid; 2.2 s; peak memory 4463 MiB.
2026-09-30T17:35:29Z INFO [440/500] 20e4493b-4d57-415a-8bec-eb98d6da26d4: not valid; 2.1 s; peak memory 4463 MiB.
2026-09-30T17:35:31Z INFO [441/500] 20e46fe6-5704-40e9-b9f5-c76cb1707d48: valid; 2.3 s; peak memory 4463 MiB.
2026-09-30T17:35:35Z INFO [442/500] 20e4b649-b593-4ee3-bd02-f0645aad7021: valid; 3.9 s; peak memory 4463 MiB.
2026-09-30T17:35:37Z INFO [443/500] 20e51ad9-819b-46a4-91fe-09c1c17a8f02: valid; 1.4 s; peak memory 4463 MiB.
2026-09-30T17:35:39Z INFO [444/500] 20e5329f-1cb9-4d41-9502-5d0ba2179f4c: valid; 2.1 s; peak memory 4463 MiB.
2026-09-30T17:35:40Z INFO [445/500] 20e5aba8-5ab3-47af-8511-94f5c6da08ca: valid; 1.2 s; peak memory 4463 MiB.
2026-09-30T17:35:41Z INFO [446/500] 20e5f42d-e6de-45be-9cb0-d033b580db54: valid; 1.5 s; peak memory 4466 MiB.
2026-09-30T17:35:52Z INFO [447/500] 20e60060-898a-4cb1-a96c-f61903af5bbe: valid; 10.3 s; peak memory 4761 MiB.
2026-09-30T17:35:54Z INFO [448/500] 20e66bd1-9945-4dbf-af08-4965eccb1d7c: valid; 2.3 s; peak memory 4761 MiB.
2026-09-30T17:35:56Z INFO [449/500] 20e67ddf-15b3-4144-b230-d755248e662d: valid; 2.3 s; peak memory 4761 MiB.
2026-09-30T17:35:58Z INFO [450/500] 20e6aeb2-f974-4e72-815c-500f83e0017a: not valid; 2.1 s; peak memory 4761 MiB.
2026-09-30T17:35:59Z INFO [450/500] 20e6aeb2-f974-4e72-815c-500f83e0017a: checkpointed 86460 records.
2026-09-30T17:36:02Z INFO [451/500] 20e714fe-0660-48b1-85e5-b2c6f39307b3: valid; 2.6 s; peak memory 4761 MiB.
2026-09-30T17:36:03Z INFO [452/500] 20e74e59-c26d-4a6a-a88d-526471fcf5fe: valid; 1.6 s; peak memory 4761 MiB.
2026-09-30T17:36:05Z INFO [453/500] 20e7ff1a-c006-4520-a32e-c20f402fcdcb: not valid; 1.8 s; peak memory 4761 MiB.
2026-09-30T17:36:08Z INFO [454/500] 20e8eef5-5404-455a-98aa-262b5f2681b9: valid; 3.0 s; peak memory 4761 MiB.
2026-09-30T17:36:11Z INFO [455/500] 20e90e98-54bb-457b-9509-e1b9373d800a: valid; 2.7 s; peak memory 4761 MiB.
2026-09-30T17:36:13Z INFO [456/500] 20e98d85-6d8f-4ac8-8c98-d8cb8a26a209: valid; 2.3 s; peak memory 4761 MiB.
2026-09-30T17:36:17Z INFO [457/500] 20e9e71d-fdda-4926-b63a-bb20548d0ee3: valid; 4.2 s; peak memory 4761 MiB.
2026-09-30T17:36:19Z INFO [458/500] 20e9fa8c-8995-4eae-a64b-31571f40881a: not valid; 1.6 s; peak memory 4761 MiB.
2026-09-30T17:36:30Z INFO [459/500] 20eacf97-ef36-4768-8b0c-06e601ddeed6: valid; 11.0 s; peak memory 4923 MiB.
2026-09-30T17:36:31Z INFO [460/500] 20eb34f5-359f-4095-8606-83c8ad4369f1: valid; 1.4 s; peak memory 4923 MiB.
2026-09-30T17:36:34Z INFO [461/500] 20eb77db-a8cc-464f-bbc4-da2ce12c877a: not valid; 2.5 s; peak memory 4923 MiB.
2026-09-30T17:36:35Z INFO [462/500] 20eb7f1b-3690-4d4d-89a3-251912c1cb7f: valid; 1.6 s; peak memory 4923 MiB.
2026-09-30T17:36:37Z INFO [463/500] 20ebcc6c-afdd-4ea5-a61f-83111c96c772: valid; 1.3 s; peak memory 4923 MiB.
2026-09-30T17:36:39Z WARNING 20ebd2be-573c-4dca-b73a-743fc345e10e: failed while opening the NWB file (ConstructError: (root/acquisition/_iblmic_audioSpectrogram/bands GroupBuilder {'attributes': {'colnames': array(['freq'], dtype=object), 'description': 'spectogram frequencies', 'namespace': 'core', 'neurodata_type': 'FrequencyBandsTable', 'object_id': '10dd6660-1baf-4604-87fa-e651f49246f9'}, 'groups': {}, 'datasets': {'freq': root/acquisition/_iblmic_audioSpectrogram/bands/freq DatasetBuilder {'attributes': {'description': 'frequency value', 'namespace': 'hdmf-common', 'neurodata_type': 'VectorData', 'object_id': 'fbdc543a-8899-4272-bef7-e65cf1e3e555'}, 'data': <HDF5 dataset "freq": shape (257,), type "<f4">}, 'id': root/acquisition/_iblmic_audioSpectrogram/bands/id DatasetBuilder {'attributes': {'namespace': 'hdmf-common', 'neurodata_type': 'ElementIdentifiers', 'object_id': 'af2fd915-531c-40f0-837c-5383edbc556b'}, 'data': <HDF5 dataset "id": shape (257,), type "<i4">}}, 'links': {}}, "Could not construct FrequencyBandsTable object due to: column must have the same number of rows as 'id'"))
2026-09-30T17:36:41Z INFO [465/500] 20ec0286-4190-4d11-9923-bd8e8b673ceb: not valid; 1.9 s; peak memory 4923 MiB.
2026-09-30T17:36:55Z INFO [466/500] 20ec1018-989f-47f6-b23a-8a4d222f2480: valid; 14.9 s; peak memory 5144 MiB.
2026-09-30T17:36:57Z INFO [467/500] 20ec1ea7-e441-4404-acd4-06712fdc10e9: valid; 1.5 s; peak memory 5146 MiB.
2026-09-30T17:37:00Z INFO [468/500] 20ec8bb4-ed6d-430a-9648-21c9a182737b: valid; 3.0 s; peak memory 5154 MiB.
2026-09-30T17:37:05Z INFO [469/500] 20ed787a-0eae-453a-9445-9dd332f2ad92: not valid; 4.8 s; peak memory 5160 MiB.
2026-09-30T17:37:06Z INFO [470/500] 20ed9dc6-2341-4c5f-9a44-f173758280c0: valid; 1.3 s; peak memory 5163 MiB.
2026-09-30T17:37:08Z INFO [471/500] 20ee1f40-7d95-4bf3-8fd9-3e58a836e681: valid; 1.6 s; peak memory 5165 MiB.
2026-09-30T17:37:10Z WARNING 20ee3a08-242f-453f-b35b-3d899e954da1: failed while opening the NWB file (ConstructError: (root/acquisition/_iblmic_audioSpectrogram/bands GroupBuilder {'attributes': {'colnames': array(['freq'], dtype=object), 'description': 'spectogram frequencies', 'namespace': 'core', 'neurodata_type': 'FrequencyBandsTable', 'object_id': '58479708-ae78-4778-878c-f5f8b8d6296f'}, 'groups': {}, 'datasets': {'freq': root/acquisition/_iblmic_audioSpectrogram/bands/freq DatasetBuilder {'attributes': {'description': 'frequency value', 'namespace': 'hdmf-common', 'neurodata_type': 'VectorData', 'object_id': '1a3b4e2c-61b2-4bc8-984f-38b078be6596'}, 'data': <HDF5 dataset "freq": shape (257,), type "<f4">}, 'id': root/acquisition/_iblmic_audioSpectrogram/bands/id DatasetBuilder {'attributes': {'namespace': 'hdmf-common', 'neurodata_type': 'ElementIdentifiers', 'object_id': '6443df6f-0b37-465f-bad7-1f63a4229aa4'}, 'data': <HDF5 dataset "id": shape (257,), type "<i4">}}, 'links': {}}, "Could not construct FrequencyBandsTable object due to: column must have the same number of rows as 'id'"))
2026-09-30T17:37:11Z INFO [473/500] 20ee563e-113e-469b-a2de-e1a9a065d1cb: valid; 1.6 s; peak memory 5165 MiB.
2026-09-30T17:37:13Z INFO [474/500] 20eed207-dea2-4245-b1f5-f17b3a73949d: valid; 1.9 s; peak memory 5165 MiB.
2026-09-30T17:37:15Z WARNING 20ef40d9-08de-452d-a8f3-b0dd26de94f6: failed while opening the NWB file (ConstructError: (root/acquisition/event_code_meanings GroupBuilder {'attributes': {'colnames': array(['value', 'meaning'], dtype=object), 'description': 'Mapping integer event codes to event labels', 'namespace': 'ndx-events', 'neurodata_type': 'MeaningsTable', 'object_id': '91c865de-a9b8-45c4-84b5-bcedf75a10ed'}, 'groups': {}, 'datasets': {'id': root/acquisition/event_code_meanings/id DatasetBuilder {'attributes': {'namespace': 'hdmf-common', 'neurodata_type': 'ElementIdentifiers', 'object_id': '8f81e167-e53e-43e5-b93a-02f9cca7cd4f'}, 'data': <HDF5 dataset "id": shape (26,), type "<i8">}, 'meaning': root/acquisition/event_code_meanings/meaning DatasetBuilder {'attributes': {'description': 'The meaning of the value in the parent CategoricalVectorData object.', 'namespace': 'hdmf-experimental', 'neurodata_type': 'VectorData', 'object_id': 'da1f641d-be42-41a4-971f-fd71ec9620fe'}, 'data': <StrDataset for HDF5 dataset "meaning": shape (26,), type "|O">}, 'value': root/acquisition/event_code_meanings/value DatasetBuilder {'attributes': {'description': 'The value of the parent CategoricalVectorData object.', 'namespace': 'hdmf-experimental', 'neurodata_type': 'VectorData', 'object_id': '821b8f59-3d93-4307-bdca-b9a8b5b3b0b5'}, 'data': <HDF5 dataset "value": shape (26,), type "<i8">}}, 'links': {}}, "Could not construct MeaningsTable object due to: MeaningsTable.__init__: missing argument 'target'"))
2026-09-30T17:37:32Z INFO [476/500] 20efcff2-6e5a-4180-9465-c058d7d20218: not valid; 17.3 s; peak memory 5253 MiB.
2026-09-30T17:37:34Z INFO [477/500] 20f0dbef-bea2-43a1-bed5-5ab3f756a21a: valid; 1.6 s; peak memory 5253 MiB.
2026-09-30T17:37:41Z INFO [478/500] 20f19fe2-2c30-4200-8764-a4faecef4ca7: not valid; 7.6 s; peak memory 5253 MiB.
2026-09-30T17:37:43Z INFO [479/500] 20f1eddc-5952-4849-8c04-925e58a5c3ed: not valid; 1.5 s; peak memory 5253 MiB.
2026-09-30T17:37:46Z INFO [480/500] 20f238bc-fa39-43a6-949a-645b4fc40857: valid; 3.5 s; peak memory 5253 MiB.
2026-09-30T17:37:48Z INFO [481/500] 20f27754-8118-417b-adfc-cb9b73e8065d: valid; 1.3 s; peak memory 5253 MiB.
2026-09-30T17:37:50Z INFO [482/500] 20f27d09-b864-410c-a0ba-d081d9283cf8: valid; 2.2 s; peak memory 5253 MiB.
2026-09-30T17:37:52Z INFO [483/500] 20f36085-3c98-4118-8118-0a4c632c7c16: valid; 1.8 s; peak memory 5253 MiB.
2026-09-30T17:37:53Z INFO [484/500] 20f37975-8453-438d-bbe3-810d6ec57ff9: valid; 1.0 s; peak memory 5253 MiB.
2026-09-30T17:37:55Z INFO [485/500] 20f3beff-6380-4043-abe7-dfd8110d1e02: valid; 2.4 s; peak memory 5253 MiB.
2026-09-30T17:37:58Z INFO [486/500] 20f44680-6809-4d75-b584-675efd6c1c2d: valid; 2.5 s; peak memory 5253 MiB.
2026-09-30T17:38:04Z INFO [487/500] 20f4542f-9440-4bed-8fcd-e066af88fad4: not valid; 6.2 s; peak memory 5264 MiB.
2026-09-30T17:38:05Z INFO [488/500] 20f4ee9f-38f7-4e31-9747-57895a429779: valid; 1.3 s; peak memory 5264 MiB.
2026-09-30T17:38:07Z INFO [489/500] 20f54000-5f79-4777-a708-b7aea4b54be2: valid; 1.5 s; peak memory 5265 MiB.
2026-09-30T17:38:08Z INFO [490/500] 20f5b1d8-20db-4d2a-b0ce-8b507716d770: valid; 1.4 s; peak memory 5266 MiB.
2026-09-30T17:38:29Z INFO [491/500] 20f5b740-4bd3-4e58-9778-14dab90e9921: valid; 20.8 s; peak memory 5289 MiB.
2026-09-30T17:38:31Z INFO [492/500] 20f5ff1f-2a60-4654-9d69-262e5767f9ea: valid; 2.4 s; peak memory 5291 MiB.
2026-09-30T17:40:38Z INFO [493/500] 20f62c7e-6541-4fe2-a9b2-c5edd3edd8f8: not valid; 126.4 s; peak memory 5668 MiB.
2026-09-30T17:40:40Z INFO [494/500] 20f641a4-0fb2-4a75-9ecd-92b12c9cadd5: valid; 2.3 s; peak memory 5670 MiB.
2026-09-30T17:40:42Z INFO [495/500] 20f68f8b-cbab-4c07-94ef-1c45c73a815d: valid; 2.4 s; peak memory 5671 MiB.
2026-09-30T17:40:45Z INFO [496/500] 20f9007e-e43c-45cf-95b3-f2c0f07b6968: valid; 2.4 s; peak memory 5674 MiB.
2026-09-30T17:40:52Z INFO [497/500] 20f93032-dc8d-45f6-bfbd-0e04c0265395: valid; 7.6 s; peak memory 5682 MiB.
2026-09-30T17:40:54Z INFO [498/500] 20f96918-31a3-4a01-ae48-60966ae8a559: valid; 2.1 s; peak memory 5683 MiB.
2026-09-30T17:40:56Z INFO [499/500] 20f9c20d-ba7c-4030-a095-cb9dee8ef30c: valid; 1.9 s; peak memory 5685 MiB.
2026-09-30T17:40:58Z INFO [500/500] 20fa5424-458e-4b58-b3e8-2b53ff954b84: valid; 1.5 s; peak memory 5686 MiB.
2026-09-30T17:40:58Z INFO [500/500] 20fa5424-458e-4b58-b3e8-2b53ff954b84: checkpointed 86510 records.
2026-09-30T17:40:59Z INFO Wrote 86510 records to /tmp/derivatives/content_id_to_valid_nwb_file.jsonl (476 new, 24 failed) in 33.1 min (peak memory 5688 MiB).
