2026-09-18T10:09:38Z INFO Logging to /tmp/logs/update_2026-09-18T10-09-38Z.log.
2026-09-18T10:09:38Z INFO Update content-id-to-valid-nwb-file (base directory /tmp).
2026-09-18T10:09:40Z INFO Processing 500 items (68010 already recorded).
2026-09-18T10:09:42Z INFO [1/500] 014b0c16-245b-42e5-8db9-16acd96d7fde: not valid; 1.1 s; peak memory 340 MiB.
2026-09-18T10:09:45Z INFO [2/500] 0166c3fd-03f3-4920-9f20-93d081fa89e0: valid; 3.5 s; peak memory 394 MiB.
2026-09-18T10:09:50Z INFO [3/500] 04014938-779d-471a-b4e0-7d653788c262: not valid; 4.5 s; peak memory 440 MiB.
2026-09-18T10:09:50Z INFO [4/500] 04b6a8b2-8ec2-495d-a0c7-be5d2a306098: not valid; 1.0 s; peak memory 440 MiB.
2026-09-18T10:09:55Z INFO [5/500] 04b6f7fd-5c5f-4c4b-b274-789fb97d321d: valid; 4.9 s; peak memory 466 MiB.
2026-09-18T10:10:02Z INFO [6/500] 04b75f8c-8408-434b-84a4-463257141e4c: valid; 6.5 s; peak memory 667 MiB.
2026-09-18T10:11:03Z INFO [7/500] 04b76b44-acf0-4a1c-b6d8-791757c63b6b: not valid; 61.2 s; peak memory 1472 MiB.
2026-09-18T10:11:04Z INFO [8/500] 04b7cf3b-c18b-43df-a0e6-e3e7cc791aea: valid; 1.1 s; peak memory 1477 MiB.
2026-09-18T10:11:23Z INFO [9/500] 04b90818-2124-4c12-a6c1-330a142e2ea6: not valid; 19.0 s; peak memory 1516 MiB.
2026-09-18T10:11:24Z INFO [10/500] 04b91b84-bd6c-4180-825d-107e795031cc: valid; 1.2 s; peak memory 1523 MiB.
2026-09-18T10:11:31Z INFO [11/500] 04b93355-d721-4440-8542-339579fdb827: valid; 6.8 s; peak memory 1564 MiB.
2026-09-18T10:11:34Z INFO [12/500] 04ba01a2-879e-406b-94af-614aeb1096f6: valid; 2.3 s; peak memory 1570 MiB.
2026-09-18T10:11:42Z INFO [13/500] 04ba6299-80c9-4ad4-9a10-a40a10c2c3e3: valid; 8.0 s; peak memory 1570 MiB.
2026-09-18T10:11:43Z INFO [14/500] 04ba97ae-796a-43bc-997e-b3acbe8a24ff: valid; 1.0 s; peak memory 1570 MiB.
2026-09-18T10:11:44Z INFO [15/500] 04bb20f8-d2c1-4670-8466-7bb2d5d2c9b0: valid; 1.5 s; peak memory 1570 MiB.
2026-09-18T10:11:46Z INFO [16/500] 04bbfbc8-a688-4460-a7fe-e21414f621fd: valid; 1.7 s; peak memory 1570 MiB.
2026-09-18T10:11:58Z INFO [17/500] 04bd51d2-c127-4422-b6df-75c95498f7d6: valid; 12.0 s; peak memory 1672 MiB.
2026-09-18T10:11:59Z INFO [18/500] 04be1e4a-a698-4e44-81d5-f5f80cf0701f: not valid; 0.9 s; peak memory 1678 MiB.
2026-09-18T10:12:00Z INFO [19/500] 04bea271-a43a-4e75-a3a9-6e1363ac9868: valid; 1.4 s; peak memory 1693 MiB.
2026-09-18T10:12:15Z INFO [20/500] 04bf3571-7c36-41c4-8905-dd6a7ee3d403: valid; 14.6 s; peak memory 1716 MiB.
2026-09-18T10:12:16Z INFO [21/500] 04bf62f9-7c2f-4359-918c-b643f579dd1a: valid; 0.8 s; peak memory 1716 MiB.
2026-09-18T10:12:17Z INFO [22/500] 04bf6640-086a-4544-8fd3-d1f203a2de9a: valid; 1.0 s; peak memory 1716 MiB.
2026-09-18T10:12:22Z INFO [23/500] 04bfd946-cac3-4c5b-841e-0b13bf57d0ad: valid; 5.8 s; peak memory 1716 MiB.
2026-09-18T10:12:28Z INFO [24/500] 04c13ec4-37ce-4764-a066-c912353d4e54: valid; 5.7 s; peak memory 1716 MiB.
2026-09-18T10:12:30Z INFO [25/500] 04c1d581-4645-4033-9257-7346bc321c1a: valid; 2.0 s; peak memory 1719 MiB.
2026-09-18T10:12:31Z INFO [26/500] 04c22f50-ec83-4249-9037-ce87f74ab71b: not valid; 0.8 s; peak memory 1721 MiB.
2026-09-18T10:12:32Z INFO [27/500] 04c30374-3e71-47e8-9eb3-d00fa139982e: valid; 0.8 s; peak memory 1723 MiB.
2026-09-18T10:12:33Z INFO [28/500] 04c42e69-cfe3-4870-bda4-8ff9a96db5ea: not valid; 0.9 s; peak memory 1725 MiB.
2026-09-18T10:12:33Z INFO [29/500] 04c4f1a4-acc9-48a8-80c6-7867450398f3: not valid; 0.6 s; peak memory 1727 MiB.
2026-09-18T10:12:34Z INFO [30/500] 04c53171-6ce2-4908-9ab6-7bf0c68c5086: not valid; 1.1 s; peak memory 1735 MiB.
2026-09-18T10:12:39Z INFO [31/500] 04c5801e-e982-4d6e-8739-74d2fa98888f: valid; 4.5 s; peak memory 1782 MiB.
2026-09-18T10:12:41Z INFO [32/500] 04c5da28-3562-46fb-95bb-cabcca6c0f58: valid; 2.0 s; peak memory 1792 MiB.
2026-09-18T10:12:42Z INFO [33/500] 04c5fd3b-c17a-4918-91e0-ec0328ade3e2: not valid; 1.1 s; peak memory 1798 MiB.
2026-09-18T10:12:42Z INFO [34/500] 04c6ec16-a785-43c7-bc16-3c5329ac9897: valid; 0.5 s; peak memory 1798 MiB.
2026-09-18T10:12:43Z INFO [35/500] 04c78985-f9e6-4abf-a650-889cbdf351b5: valid; 0.6 s; peak memory 1798 MiB.
2026-09-18T10:12:44Z INFO [36/500] 04c7cd1f-6df4-4f7e-bce0-0a15b37877ad: not valid; 0.8 s; peak memory 1798 MiB.
2026-09-18T10:12:45Z INFO [37/500] 04c7ec52-6dfb-49eb-9ae1-081ad7953da5: valid; 1.6 s; peak memory 1802 MiB.
2026-09-18T10:12:46Z INFO [38/500] 04c854fc-33f9-4917-80d8-3f6758c2f63b: valid; 1.1 s; peak memory 1807 MiB.
2026-09-18T10:12:47Z INFO [39/500] 04c88410-5fec-4025-86a6-dd222af2e55f: valid; 0.5 s; peak memory 1807 MiB.
2026-09-18T10:12:49Z INFO [40/500] 04c93ef1-dd65-4f47-abe7-f7e89b41c220: valid; 1.9 s; peak memory 1807 MiB.
2026-09-18T10:12:50Z INFO [41/500] 04c9825f-a96c-4153-aed2-76f688bff27e: not valid; 1.3 s; peak memory 1807 MiB.
2026-09-18T10:12:59Z INFO [42/500] 04c9d35e-0ff3-4b6a-813f-0fef8ecbe166: valid; 8.8 s; peak memory 1821 MiB.
2026-09-18T10:13:00Z INFO [43/500] 04ca3d57-3436-4d27-b5ec-b063b2155aae: valid; 0.7 s; peak memory 1822 MiB.
2026-09-18T10:13:02Z INFO [44/500] 04ca43da-5e37-4679-bbfc-4d81c1d5c62c: not valid; 2.3 s; peak memory 1825 MiB.
2026-09-18T10:13:04Z INFO [45/500] 04cab266-f3a2-4cbf-93eb-235d8168a081: valid; 1.6 s; peak memory 1827 MiB.
2026-09-18T10:13:07Z INFO [46/500] 04caf8fd-9491-4d4e-8d51-941d0125c2e4: not valid; 3.2 s; peak memory 1833 MiB.
2026-09-18T10:13:12Z INFO [47/500] 04cbdb1e-c710-40ae-856b-8ae7c9143661: valid; 4.8 s; peak memory 1834 MiB.
2026-09-18T10:13:12Z INFO [48/500] 04cc2c4d-23c5-4753-b34f-3a0febdf5c10: valid; 0.6 s; peak memory 1834 MiB.
2026-09-18T10:13:13Z INFO [49/500] 04cc45ae-b3bc-4153-a6ba-c6252b53c9a7: valid; 0.6 s; peak memory 1835 MiB.
2026-09-18T10:13:14Z INFO [50/500] 04ccb402-e377-481a-826e-37a38f10b697: valid; 1.6 s; peak memory 1839 MiB.
2026-09-18T10:13:15Z INFO [50/500] 04ccb402-e377-481a-826e-37a38f10b697: checkpointed 68060 records.
2026-09-18T10:13:15Z INFO [51/500] 04ccfb7b-9f3e-4c4b-bf22-e31b0bcd4fce: valid; 0.6 s; peak memory 1841 MiB.
2026-09-18T10:13:20Z INFO [52/500] 04ce4583-71ce-4db0-9f1c-ca33d2d34e6a: valid; 4.3 s; peak memory 1846 MiB.
2026-09-18T10:13:21Z INFO [53/500] 04ce85e8-335d-4e23-9e17-7988d05dccac: valid; 1.0 s; peak memory 1846 MiB.
2026-09-18T10:13:26Z INFO [54/500] 04ceb4f1-455f-4326-a65c-1969cba58533: valid; 5.7 s; peak memory 2092 MiB.
2026-09-18T10:13:27Z INFO [55/500] 04cf9a9f-be35-4199-b079-0f991edd12ca: not valid; 0.9 s; peak memory 2092 MiB.
2026-09-18T10:13:28Z INFO [56/500] 04cf9c6e-1b43-4b41-b13a-78b6f3291b25: valid; 1.1 s; peak memory 2092 MiB.
2026-09-18T10:13:29Z INFO [57/500] 04cfcee1-25bc-487b-aa97-c58435632eaa: valid; 0.6 s; peak memory 2092 MiB.
2026-09-18T10:13:33Z INFO [58/500] 04cff2cf-1bc2-4979-b725-03b30ccafe5b: valid; 4.0 s; peak memory 2092 MiB.
2026-09-18T10:13:53Z INFO [59/500] 04d15b81-ffdf-40a1-8d14-c2c727393219: valid; 19.9 s; peak memory 2110 MiB.
2026-09-18T10:13:54Z INFO [60/500] 04d2de11-0a29-44d8-bd29-d2047be47e87: not valid; 0.9 s; peak memory 2114 MiB.
2026-09-18T10:13:55Z INFO [61/500] 04d37eca-c836-49d0-9384-697a7a78adc7: valid; 1.1 s; peak memory 2123 MiB.
2026-09-18T10:13:56Z INFO [62/500] 04d381be-2b99-47e2-bbc5-ccf589079750: valid; 0.6 s; peak memory 2123 MiB.
2026-09-18T10:13:57Z INFO [63/500] 04d3cd83-6508-47d3-8f0d-a19c87827f81: valid; 1.6 s; peak memory 2124 MiB.
2026-09-18T10:13:58Z INFO [64/500] 04d4b11d-6b48-4fa7-aa3b-b9e219b53698: not valid; 0.8 s; peak memory 2124 MiB.
2026-09-18T10:13:59Z INFO [65/500] 04d6f758-d928-40f9-af3c-eaf59700baf6: not valid; 0.9 s; peak memory 2124 MiB.
2026-09-18T10:13:59Z INFO [66/500] 04d84bb5-c2ae-4171-b16c-a037108f9860: valid; 0.5 s; peak memory 2124 MiB.
2026-09-18T10:14:07Z INFO [67/500] 04d89014-425a-4f6e-8dfa-0081a882e9ce: valid; 7.3 s; peak memory 2124 MiB.
2026-09-18T10:14:09Z INFO [68/500] 04d897bc-85b7-430d-9b61-9f917bc1c12d: valid; 2.5 s; peak memory 2124 MiB.
2026-09-18T10:14:11Z INFO [69/500] 04d8ca1b-d1a8-4b60-b9ab-f38c774f3fe4: valid; 1.8 s; peak memory 2124 MiB.
2026-09-18T10:14:13Z INFO [70/500] 04d8f136-6cac-420b-b929-52bf8d350972: valid; 2.0 s; peak memory 2124 MiB.
2026-09-18T10:14:17Z INFO [71/500] 04da2b67-547e-4b74-971f-a1ce4a0f4f52: valid; 4.1 s; peak memory 2124 MiB.
2026-09-18T10:14:18Z WARNING 04da9a67-0ba4-4167-8993-fc89eaac74c4: failed while opening the NWB file (ConstructError: (root/acquisition/_iblmic_audioSpectrogram/bands GroupBuilder {'attributes': {'colnames': array(['freq'], dtype=object), 'description': 'spectogram frequencies', 'namespace': 'core', 'neurodata_type': 'FrequencyBandsTable', 'object_id': '1910bbbd-436a-48e6-a2d9-aa501a5db2c1'}, 'groups': {}, 'datasets': {'freq': root/acquisition/_iblmic_audioSpectrogram/bands/freq DatasetBuilder {'attributes': {'description': 'frequency value', 'namespace': 'hdmf-common', 'neurodata_type': 'VectorData', 'object_id': '05d5b216-646e-490e-8e07-b7b06859c698'}, 'data': <HDF5 dataset "freq": shape (257,), type "<f4">}, 'id': root/acquisition/_iblmic_audioSpectrogram/bands/id DatasetBuilder {'attributes': {'namespace': 'hdmf-common', 'neurodata_type': 'ElementIdentifiers', 'object_id': 'bfc46b51-8384-4ed5-adea-e230a6b3d1c2'}, 'data': <HDF5 dataset "id": shape (257,), type "<i4">}}, 'links': {}}, "Could not construct FrequencyBandsTable object due to: column must have the same number of rows as 'id'"))
2026-09-18T10:14:20Z INFO [73/500] 04daa83f-5811-4ecf-a29d-ff9dd8157394: valid; 1.4 s; peak memory 2124 MiB.
2026-09-18T10:14:22Z INFO [74/500] 04dadaf2-8a53-4bb0-aaeb-5822c49eb34a: not valid; 2.6 s; peak memory 2124 MiB.
2026-09-18T10:14:24Z INFO [75/500] 04daef77-1e02-453a-826d-73cf10415ecc: valid; 1.4 s; peak memory 2155 MiB.
2026-09-18T10:14:25Z INFO [76/500] 04db3464-54d3-40bc-8e8e-6add83e7af02: valid; 1.1 s; peak memory 2155 MiB.
2026-09-18T10:14:27Z INFO [77/500] 04dbafa1-9d99-477a-81c7-9d50cbbcacb9: valid; 2.3 s; peak memory 2158 MiB.
2026-09-18T10:14:27Z INFO [78/500] 04dc43e5-fb1b-4888-bcd2-b5f1d6a65af2: valid; 0.6 s; peak memory 2158 MiB.
2026-09-18T10:14:29Z INFO [79/500] 04dc888b-f7ca-4a43-88f0-00fa3478c249: valid; 1.1 s; peak memory 2158 MiB.
2026-09-18T10:14:30Z INFO [80/500] 04dd1a97-e6a2-4aa0-a746-15fe52c95607: valid; 1.8 s; peak memory 2158 MiB.
2026-09-18T10:14:34Z INFO [81/500] 04ddfe52-99f4-45e0-9feb-3abac4db59dc: valid; 4.0 s; peak memory 2158 MiB.
2026-09-18T10:14:35Z INFO [82/500] 04e0ec7f-51f4-44ce-baff-893a69a0ce47: valid; 0.6 s; peak memory 2158 MiB.
2026-09-18T10:14:36Z WARNING 04e0fa6d-d1f2-4929-afe9-70e96ff40736: failed while opening the NWB file (ConstructError: (root/acquisition/_iblmic_audioSpectrogram/bands GroupBuilder {'attributes': {'colnames': array(['freq'], dtype=object), 'description': 'spectogram frequencies', 'namespace': 'core', 'neurodata_type': 'FrequencyBandsTable', 'object_id': 'a6935616-ce42-4565-85d9-6e138cee92c0'}, 'groups': {}, 'datasets': {'freq': root/acquisition/_iblmic_audioSpectrogram/bands/freq DatasetBuilder {'attributes': {'description': 'frequency value', 'namespace': 'hdmf-common', 'neurodata_type': 'VectorData', 'object_id': 'cc35fb24-4b58-49c1-be7a-dc86761bfde4'}, 'data': <HDF5 dataset "freq": shape (257,), type "<f4">}, 'id': root/acquisition/_iblmic_audioSpectrogram/bands/id DatasetBuilder {'attributes': {'namespace': 'hdmf-common', 'neurodata_type': 'ElementIdentifiers', 'object_id': 'fc7429fa-ef4e-4985-b21a-16254ee61df3'}, 'data': <HDF5 dataset "id": shape (257,), type "<i4">}}, 'links': {}}, "Could not construct FrequencyBandsTable object due to: column must have the same number of rows as 'id'"))
2026-09-18T10:14:37Z INFO [84/500] 04e14543-ca4f-471f-9421-420e78a6e330: not valid; 1.1 s; peak memory 2158 MiB.
2026-09-18T10:14:38Z INFO [85/500] 04e19bcb-be0a-4790-8e0f-400c521fe08e: valid; 0.7 s; peak memory 2158 MiB.
2026-09-18T10:14:38Z INFO [86/500] 04e24594-3c4c-449f-90ba-e9d32e652c3d: valid; 0.4 s; peak memory 2158 MiB.
2026-09-18T10:14:43Z INFO [87/500] 04e2ccde-7401-4e56-acb6-e3be4abf9a9b: valid; 4.4 s; peak memory 2158 MiB.
2026-09-18T10:14:44Z WARNING 04e34aa7-badb-4ae6-9451-bfc0ec809ebd: failed while opening the NWB file (ConstructError: (root/acquisition/_iblmic_audioSpectrogram/bands GroupBuilder {'attributes': {'colnames': array(['freq'], dtype=object), 'description': 'spectogram frequencies', 'namespace': 'core', 'neurodata_type': 'FrequencyBandsTable', 'object_id': '7964090f-3666-4a71-92cd-cb9a0cb73d49'}, 'groups': {}, 'datasets': {'freq': root/acquisition/_iblmic_audioSpectrogram/bands/freq DatasetBuilder {'attributes': {'description': 'frequency value', 'namespace': 'hdmf-common', 'neurodata_type': 'VectorData', 'object_id': '14bea744-722e-4dc9-a952-5cf883392553'}, 'data': <HDF5 dataset "freq": shape (257,), type "<f4">}, 'id': root/acquisition/_iblmic_audioSpectrogram/bands/id DatasetBuilder {'attributes': {'namespace': 'hdmf-common', 'neurodata_type': 'ElementIdentifiers', 'object_id': 'e89e2248-39d5-408c-b64d-ce1e62cff4d3'}, 'data': <HDF5 dataset "id": shape (257,), type "<i4">}}, 'links': {}}, "Could not construct FrequencyBandsTable object due to: column must have the same number of rows as 'id'"))
2026-09-18T10:14:45Z INFO [89/500] 04e37c9b-5f2b-4565-bbb2-237dcdc7605d: not valid; 0.9 s; peak memory 2158 MiB.
2026-09-18T10:14:46Z INFO [90/500] 04e51693-c77c-4308-a859-2078518513cb: valid; 1.6 s; peak memory 2158 MiB.
2026-09-18T10:14:47Z INFO [91/500] 04e537fd-635a-4d1c-85c2-6ce86ebe8e6b: valid; 0.6 s; peak memory 2158 MiB.
2026-09-18T10:14:48Z INFO [92/500] 04e58eae-80cc-4866-9894-d577f33053a5: valid; 1.2 s; peak memory 2158 MiB.
2026-09-18T10:14:49Z INFO [93/500] 04e5a990-9c34-4151-b430-2d9529cdc31c: valid; 0.6 s; peak memory 2158 MiB.
2026-09-18T10:14:50Z INFO [94/500] 04e6692a-f8ae-4205-9b25-88979f89798e: valid; 1.2 s; peak memory 2158 MiB.
2026-09-18T10:14:52Z INFO [95/500] 04e6d7ac-ca1b-464f-8957-c56fc83e2251: valid; 2.5 s; peak memory 2158 MiB.
2026-09-18T10:14:55Z INFO [96/500] 04e6e187-cd74-46b9-bac6-5e26a08e226e: valid; 2.2 s; peak memory 2158 MiB.
2026-09-18T10:14:55Z INFO [97/500] 04e74583-9aa0-4fff-9189-0859a6150d77: valid; 0.5 s; peak memory 2158 MiB.
2026-09-18T10:14:56Z INFO [98/500] 04e7db75-acab-4c26-a3dd-a71c77444991: valid; 1.4 s; peak memory 2158 MiB.
2026-09-18T10:14:58Z INFO [99/500] 04e7f16a-6af4-40a0-8ed8-b46396f16fee: valid; 1.3 s; peak memory 2158 MiB.
2026-09-18T10:14:58Z INFO [100/500] 04e80725-9f9a-4cf9-9a39-98449bf71d5f: valid; 0.6 s; peak memory 2158 MiB.
2026-09-18T10:14:59Z INFO [100/500] 04e80725-9f9a-4cf9-9a39-98449bf71d5f: checkpointed 68110 records.
2026-09-18T10:14:59Z INFO [101/500] 04e836d2-cd54-4065-9e05-5cf7b738d6ef: valid; 0.5 s; peak memory 2158 MiB.
2026-09-18T10:15:01Z WARNING 04e98a5e-2410-4c69-b281-bf354e154a83: failed while opening the NWB file (ConstructError: (root/acquisition/_iblmic_audioSpectrogram/bands GroupBuilder {'attributes': {'colnames': array(['freq'], dtype=object), 'description': 'spectogram frequencies', 'namespace': 'core', 'neurodata_type': 'FrequencyBandsTable', 'object_id': 'cf9b6562-58e7-40d3-8f68-6748dee54de4'}, 'groups': {}, 'datasets': {'freq': root/acquisition/_iblmic_audioSpectrogram/bands/freq DatasetBuilder {'attributes': {'description': 'frequency value', 'namespace': 'hdmf-common', 'neurodata_type': 'VectorData', 'object_id': '310b01d0-2194-4147-8509-02704a01e6b4'}, 'data': <HDF5 dataset "freq": shape (257,), type "<f4">}, 'id': root/acquisition/_iblmic_audioSpectrogram/bands/id DatasetBuilder {'attributes': {'namespace': 'hdmf-common', 'neurodata_type': 'ElementIdentifiers', 'object_id': '1643b8d4-a03b-40ab-926d-0341c8ae5feb'}, 'data': <HDF5 dataset "id": shape (257,), type "<i4">}}, 'links': {}}, "Could not construct FrequencyBandsTable object due to: column must have the same number of rows as 'id'"))
2026-09-18T10:15:01Z INFO [103/500] 04ea2377-ec13-4b2f-ad22-5ab4443f0c37: valid; 0.6 s; peak memory 2158 MiB.
2026-09-18T10:15:02Z INFO [104/500] 04ea2caa-60ab-405c-a66e-34113f1e3d7c: valid; 1.0 s; peak memory 2158 MiB.
2026-09-18T10:15:03Z INFO [105/500] 04eaf3d4-d242-45b6-94fe-a0832889eb03: valid; 0.6 s; peak memory 2158 MiB.
2026-09-18T10:15:07Z INFO [106/500] 04eb25f0-0e94-43b9-8a8e-c613b37f5ef7: valid; 4.0 s; peak memory 2172 MiB.
2026-09-18T10:15:08Z INFO [107/500] 04eb5bf2-356c-4b40-afd9-d994a123fe17: not valid; 0.9 s; peak memory 2173 MiB.
2026-09-18T10:15:09Z INFO [108/500] 04ebca63-0d09-481c-8472-e583372cede8: valid; 0.9 s; peak memory 2173 MiB.
2026-09-18T10:15:10Z INFO [109/500] 04ec6f7f-61f5-478d-9a90-bc74c519a33f: not valid; 1.9 s; peak memory 2176 MiB.
2026-09-18T10:15:17Z INFO [110/500] 04ec7731-2d22-46c7-8b54-ade4cf81fa5b: valid; 6.5 s; peak memory 2383 MiB.
2026-09-18T10:15:21Z INFO [111/500] 04ecc08f-4e3e-4b51-8d22-076b0977a190: valid; 4.3 s; peak memory 2506 MiB.
2026-09-18T10:15:22Z INFO [112/500] 04ed14e5-e1b3-4d2a-a588-97c22c07f48b: valid; 1.2 s; peak memory 2506 MiB.
2026-09-18T10:15:24Z INFO [113/500] 04ed34f6-8bd8-4518-93ac-a2760da8a530: valid; 1.4 s; peak memory 2506 MiB.
2026-09-18T10:15:26Z INFO [114/500] 04ed57cb-260f-450c-8d7c-98ad421799ec: valid; 2.5 s; peak memory 2506 MiB.
2026-09-18T10:15:28Z INFO [115/500] 04f100c5-7e1f-49de-b8c2-34821e174a74: valid; 1.5 s; peak memory 2506 MiB.
2026-09-18T10:15:28Z INFO [116/500] 04f1dd03-5427-4964-be2e-a537f4ce2e50: valid; 0.6 s; peak memory 2506 MiB.
2026-09-18T10:15:30Z INFO [117/500] 04f20083-d3b1-43ee-8624-4f3e91460ef3: valid; 1.4 s; peak memory 2506 MiB.
2026-09-18T10:15:41Z INFO [118/500] 04f2d532-29f8-40db-8cd9-d97be248cbbe: valid; 11.2 s; peak memory 2511 MiB.
2026-09-18T10:15:42Z WARNING 04f335ed-eaeb-4aeb-b71b-b05125478fb0: failed while opening the NWB file (ConstructError: (root/acquisition/_iblmic_audioSpectrogram/bands GroupBuilder {'attributes': {'colnames': array(['freq'], dtype=object), 'description': 'spectogram frequencies', 'namespace': 'core', 'neurodata_type': 'FrequencyBandsTable', 'object_id': 'ad5ec4dd-e837-497d-944a-0ff1552a2a44'}, 'groups': {}, 'datasets': {'freq': root/acquisition/_iblmic_audioSpectrogram/bands/freq DatasetBuilder {'attributes': {'description': 'frequency value', 'namespace': 'hdmf-common', 'neurodata_type': 'VectorData', 'object_id': '1d9afa57-5bfd-488d-b7ac-f6a1ac93d195'}, 'data': <HDF5 dataset "freq": shape (257,), type "<f4">}, 'id': root/acquisition/_iblmic_audioSpectrogram/bands/id DatasetBuilder {'attributes': {'namespace': 'hdmf-common', 'neurodata_type': 'ElementIdentifiers', 'object_id': 'd3df3534-df34-48aa-8e1f-90e97dfc1c67'}, 'data': <HDF5 dataset "id": shape (257,), type "<i4">}}, 'links': {}}, "Could not construct FrequencyBandsTable object due to: column must have the same number of rows as 'id'"))
2026-09-18T10:15:46Z INFO [120/500] 04f3b474-cbe3-466b-a02b-9c690c79a378: valid; 4.1 s; peak memory 2511 MiB.
2026-09-18T10:15:48Z INFO [121/500] 04f3f0a9-5799-4439-94e1-9f9e309da750: valid; 1.5 s; peak memory 2511 MiB.
2026-09-18T10:15:49Z INFO [122/500] 04f4883c-5109-4055-a0c9-2e448c44eafd: not valid; 1.1 s; peak memory 2511 MiB.
2026-09-18T10:15:49Z INFO [123/500] 04f54ba8-4fa4-4ed9-b5b6-b167f532d54b: not valid; 0.8 s; peak memory 2511 MiB.
2026-09-18T10:15:52Z INFO [124/500] 04f58417-ecca-411f-be13-d9bb4b372b08: valid; 2.3 s; peak memory 2511 MiB.
2026-09-18T10:16:14Z INFO [125/500] 04f69532-62d9-4aba-b999-8c137390cebf: valid; 22.0 s; peak memory 2636 MiB.
2026-09-18T10:16:18Z INFO [126/500] 04f71112-ab4b-47ea-967b-a5cc48c4592b: valid; 4.5 s; peak memory 2682 MiB.
2026-09-18T10:16:19Z INFO [127/500] 04f86dbe-6d4b-4d58-ac58-67ef2e4ddf5e: valid; 0.5 s; peak memory 2684 MiB.
2026-09-18T10:16:20Z INFO [128/500] 04f88c42-c921-4281-a8e6-9d89f90cd74a: not valid; 1.1 s; peak memory 2687 MiB.
2026-09-18T10:16:21Z INFO [129/500] 04f8dbcd-b240-44bf-ab0e-b25f67894097: valid; 1.5 s; peak memory 2687 MiB.
2026-09-18T10:16:22Z INFO [130/500] 04f8fcd3-a243-4bf1-b031-20290a0feb4b: not valid; 0.8 s; peak memory 2687 MiB.
2026-09-18T10:16:24Z INFO [131/500] 04f94ce4-97e9-4fb7-a052-92a966da56df: valid; 1.6 s; peak memory 2690 MiB.
2026-09-18T10:16:25Z INFO [132/500] 04f9556a-fcee-45e2-91be-dc9ea576545c: not valid; 1.5 s; peak memory 2692 MiB.
2026-09-18T10:16:26Z INFO [133/500] 04fa26a1-a1f6-4eef-bcbc-f8bef9a31ff2: not valid; 0.5 s; peak memory 2696 MiB.
2026-09-18T10:16:27Z INFO [134/500] 04fae1e9-fa34-4349-a804-6d95cde357f8: valid; 0.7 s; peak memory 2698 MiB.
2026-09-18T10:16:27Z WARNING 04fc8532-6df0-42f3-8e93-0260f4bee758: failed while retrieving asset information from the DANDI API (NotFoundError: No asset at path 'sub-MS21/sub-MS21_ses-Peter-MS21-180627-143449-concat_behavior+ecephys.nwb' in version 0.250624.0444. Verify the path is correct and the asset exists in this version. Use 'dandi ls' to list available assets.)
2026-09-18T10:16:28Z INFO [136/500] 04fcac86-918f-46bb-9785-c084492c8b9a: valid; 1.1 s; peak memory 2706 MiB.
2026-09-18T10:16:30Z INFO [137/500] 04fcdaae-3990-4615-964c-8ad64ea53bd7: valid; 2.2 s; peak memory 2716 MiB.
2026-09-18T10:16:34Z INFO [138/500] 04fd136b-7222-43e3-9408-d79538e49dee: valid; 4.3 s; peak memory 2746 MiB.
2026-09-18T10:16:35Z INFO [139/500] 04fd40ac-9429-4f02-b5ba-8377635db041: valid; 0.6 s; peak memory 2746 MiB.
2026-09-18T10:16:36Z INFO [140/500] 04fdcc00-e766-4545-b320-721dab9c989e: valid; 0.7 s; peak memory 2746 MiB.
2026-09-18T10:16:40Z INFO [141/500] 04ff3d1c-0fbb-4356-a9d0-9252fa79d01d: valid; 4.5 s; peak memory 2746 MiB.
2026-09-18T10:16:41Z INFO [142/500] 04ffae92-785b-4aa6-a26c-c0287e4caf0a: valid; 0.7 s; peak memory 2746 MiB.
2026-09-18T10:16:48Z INFO [143/500] 04fffa38-3b37-4d6c-8de3-368840f7225e: valid; 7.7 s; peak memory 2753 MiB.
2026-09-18T10:16:49Z INFO [144/500] 05001f92-0085-4e4d-b830-f234acd3e73d: valid; 0.7 s; peak memory 2754 MiB.
2026-09-18T10:16:51Z INFO [145/500] 05017956-2108-4fc4-a405-c20d9d883c45: valid; 2.3 s; peak memory 2758 MiB.
2026-09-18T10:16:57Z INFO [146/500] 0501e906-c202-47b3-ba7c-1df97a77b2f7: valid; 5.4 s; peak memory 2770 MiB.
2026-09-18T10:16:57Z INFO [147/500] 05023dd2-b808-4d33-ae66-8bc77ea1f2ac: not valid; 0.6 s; peak memory 2772 MiB.
2026-09-18T10:17:03Z INFO [148/500] 050267a9-8330-4f28-8a17-8db7aba456f0: valid; 5.8 s; peak memory 2796 MiB.
2026-09-18T10:17:05Z INFO [149/500] 05028253-7a54-4b0b-ab59-2c8fe0fa6ea6: valid; 1.5 s; peak memory 2808 MiB.
2026-09-18T10:17:09Z INFO [150/500] 05028927-6813-45e9-bea4-4b96f18f8606: not valid; 4.4 s; peak memory 2859 MiB.
2026-09-18T10:17:10Z INFO [150/500] 05028927-6813-45e9-bea4-4b96f18f8606: checkpointed 68160 records.
2026-09-18T10:17:11Z INFO [151/500] 0504e10e-b038-4802-81d2-6a3d67718b59: valid; 1.3 s; peak memory 2864 MiB.
2026-09-18T10:17:12Z INFO [152/500] 0504ef12-4cb6-4ca1-8937-6469866a042b: valid; 0.7 s; peak memory 2867 MiB.
2026-09-18T10:17:12Z INFO [153/500] 050550e1-a831-45dd-a977-33bf756d994c: valid; 0.8 s; peak memory 2869 MiB.
2026-09-18T10:17:13Z INFO [154/500] 0505bd3b-63c8-4008-a5d3-288a3e74ba7e: valid; 0.8 s; peak memory 2870 MiB.
2026-09-18T10:17:13Z WARNING 05068bcb-5a9a-4de6-b54a-8229fb9eb597: failed while retrieving asset information from the DANDI API (NotFoundError: No asset at path 'sub-LG445/sub-LG445_ses-LG445-20250328_obj-v14j7_ophys.nwb' in version 0.260915.2135. Verify the path is correct and the asset exists in this version. Use 'dandi ls' to list available assets.)
2026-09-18T10:17:14Z INFO [156/500] 0507d609-cc26-46ea-a674-ce2ad35cafae: valid; 0.6 s; peak memory 2872 MiB.
2026-09-18T10:17:15Z INFO [157/500] 0507d7b0-0ec2-4525-9470-6aaa87d8fdcf: valid; 1.7 s; peak memory 2875 MiB.
2026-09-18T10:17:16Z INFO [158/500] 0507e94a-1459-44cf-b181-5e1afe3d5f66: valid; 0.6 s; peak memory 2878 MiB.
2026-09-18T10:17:17Z INFO [159/500] 05081903-4c28-4e19-b2b6-46adebe3e3c0: valid; 0.7 s; peak memory 2880 MiB.
2026-09-18T10:17:18Z INFO [160/500] 05089a79-0ec8-43ef-919d-538b8cd985a7: valid; 1.4 s; peak memory 2883 MiB.
2026-09-18T10:17:19Z INFO [161/500] 050a0931-3321-42d8-9ecf-321d6faace29: not valid; 0.8 s; peak memory 2883 MiB.
2026-09-18T10:17:21Z INFO [162/500] 050b4e2d-c483-42e1-a84d-14373380562b: valid; 1.9 s; peak memory 2883 MiB.
2026-09-18T10:17:22Z INFO [163/500] 050c603e-7c3f-4fcb-b654-5d331d3c07bd: not valid; 0.9 s; peak memory 2883 MiB.
2026-09-18T10:17:23Z INFO [164/500] 050d2356-e146-46ef-8023-d24420dcdf12: valid; 1.2 s; peak memory 2883 MiB.
2026-09-18T10:17:24Z INFO [165/500] 050d3531-abf8-4f8c-bc51-bf7ec4039d56: not valid; 1.1 s; peak memory 2883 MiB.
2026-09-18T10:17:26Z INFO [166/500] 050d4416-08a1-493e-b091-0220b46540f3: valid; 2.1 s; peak memory 2883 MiB.
2026-09-18T10:17:28Z INFO [167/500] 050e0508-e634-4dc7-9102-6121039a88e8: valid; 1.2 s; peak memory 2883 MiB.
2026-09-18T10:17:28Z INFO [168/500] 050e6d65-dee6-41ff-8aac-599d42660729: not valid; 0.9 s; peak memory 2883 MiB.
2026-09-18T10:17:30Z INFO [169/500] 050ffb22-b1fe-4110-9e76-62595555d2c9: valid; 1.7 s; peak memory 2883 MiB.
2026-09-18T10:17:31Z INFO [170/500] 05107256-705c-443c-abf5-a5edde60460a: not valid; 1.2 s; peak memory 2883 MiB.
2026-09-18T10:17:33Z INFO [171/500] 05109a80-2965-4f2b-9bd7-63a038bb2299: not valid; 1.4 s; peak memory 2883 MiB.
2026-09-18T10:17:33Z INFO [172/500] 0510ea5f-8bb1-4ddb-baf5-53a9fd0b0334: valid; 0.6 s; peak memory 2883 MiB.
2026-09-18T10:17:35Z INFO [173/500] 05110169-8e4f-4da0-8053-c834c5548bd2: not valid; 2.1 s; peak memory 2883 MiB.
2026-09-18T10:17:38Z INFO [174/500] 051220cb-73f4-4d65-afaa-c78914195b2b: not valid; 2.4 s; peak memory 2883 MiB.
2026-09-18T10:17:38Z INFO [175/500] 051256ac-2622-449f-9625-7ea4d684349a: valid; 0.6 s; peak memory 2883 MiB.
2026-09-18T10:17:39Z INFO [176/500] 051288c6-590a-490b-9061-2764eb5a4189: valid; 1.0 s; peak memory 2883 MiB.
2026-09-18T10:17:40Z INFO [177/500] 0512e21a-5458-4206-92d4-2ce31622622a: valid; 0.6 s; peak memory 2883 MiB.
2026-09-18T10:17:41Z INFO [178/500] 0513128f-8da9-4fda-9bf1-09e551d2f532: valid; 0.6 s; peak memory 2883 MiB.
2026-09-18T10:17:41Z INFO [179/500] 05136dcf-557a-409d-96db-5a4e20291b1f: valid; 0.8 s; peak memory 2883 MiB.
2026-09-18T10:17:51Z INFO [180/500] 0513c38a-3eee-4553-9e27-a50af4138ff9: valid; 9.4 s; peak memory 2883 MiB.
2026-09-18T10:17:52Z INFO [181/500] 0513cce0-d56c-4434-a831-fd84da3fad73: valid; 1.1 s; peak memory 2883 MiB.
2026-09-18T10:17:56Z INFO [182/500] 05144f3c-8f2b-46ea-9543-eb29dd13be94: valid; 4.4 s; peak memory 2883 MiB.
2026-09-18T10:17:56Z WARNING 0514e3af-6559-4177-a487-6f8e5231de4d: failed while retrieving asset information from the DANDI API (NotFoundError: No asset at path 'sub-715814/sub-715814_ses-1329090859_probe-4_ecephys.nwb' in version 0.250311.2145. Verify the path is correct and the asset exists in this version. Use 'dandi ls' to list available assets.)
2026-09-18T10:17:58Z INFO [184/500] 0514f007-a890-4e83-b0a5-69b9de319ac3: valid; 1.4 s; peak memory 2883 MiB.
2026-09-18T10:18:07Z INFO [185/500] 05156443-e952-4f78-95d6-1234cbc9d0a8: valid; 9.2 s; peak memory 2883 MiB.
2026-09-18T10:18:08Z INFO [186/500] 0515698a-ba7f-491c-b7a4-36ac259a247d: valid; 1.0 s; peak memory 2883 MiB.
2026-09-18T10:18:09Z INFO [187/500] 05163ed0-c6f2-4e21-8c86-2ce72651b103: valid; 0.9 s; peak memory 2883 MiB.
2026-09-18T10:18:10Z INFO [188/500] 05164ea7-da9f-455b-a82c-7a922938d2d8: valid; 1.3 s; peak memory 2883 MiB.
2026-09-18T10:18:11Z INFO [189/500] 05179b9d-5a97-4eb5-9768-964b0b8a9d07: valid; 0.6 s; peak memory 2883 MiB.
2026-09-18T10:18:11Z INFO [190/500] 0517c7a3-d041-42a4-bf0e-404aae292ed2: valid; 0.6 s; peak memory 2883 MiB.
2026-09-18T10:18:12Z INFO [191/500] 0517e2a4-3fef-4792-9028-167e59d43fa4: valid; 0.6 s; peak memory 2883 MiB.
2026-09-18T10:18:13Z INFO [192/500] 0518061f-53eb-4891-ad0b-fabfbc05c9ce: valid; 0.6 s; peak memory 2883 MiB.
2026-09-18T10:18:13Z INFO [193/500] 05183659-fd91-448a-8c5b-2ed920235cf7: valid; 0.6 s; peak memory 2883 MiB.
2026-09-18T10:18:14Z WARNING 05189df3-e5be-426f-ac24-36ac42820362: failed while opening the NWB file (ConstructError: (root/acquisition/_iblmic_audioSpectrogram/bands GroupBuilder {'attributes': {'colnames': array(['freq'], dtype=object), 'description': 'spectogram frequencies', 'namespace': 'core', 'neurodata_type': 'FrequencyBandsTable', 'object_id': '0cc565a0-a147-49f2-98ac-7f73a78d50a9'}, 'groups': {}, 'datasets': {'freq': root/acquisition/_iblmic_audioSpectrogram/bands/freq DatasetBuilder {'attributes': {'description': 'frequency value', 'namespace': 'hdmf-common', 'neurodata_type': 'VectorData', 'object_id': '094de3b8-945c-4229-9231-154796fb1847'}, 'data': <HDF5 dataset "freq": shape (257,), type "<f4">}, 'id': root/acquisition/_iblmic_audioSpectrogram/bands/id DatasetBuilder {'attributes': {'namespace': 'hdmf-common', 'neurodata_type': 'ElementIdentifiers', 'object_id': '510a6383-751e-40fe-b212-66a7c70713db'}, 'data': <HDF5 dataset "id": shape (257,), type "<i4">}}, 'links': {}}, "Could not construct FrequencyBandsTable object due to: column must have the same number of rows as 'id'"))
2026-09-18T10:18:15Z INFO [195/500] 0518f1f4-df62-4a59-8738-41ec0836899e: valid; 0.5 s; peak memory 2883 MiB.
2026-09-18T10:18:15Z INFO [196/500] 05195c54-61c6-4d39-9902-9747aea2cf73: not valid; 0.5 s; peak memory 2883 MiB.
2026-09-18T10:18:17Z INFO [197/500] 051987e9-a292-42ab-964b-f0fcfb10ca3a: valid; 1.7 s; peak memory 2883 MiB.
2026-09-18T10:18:18Z INFO [198/500] 0519d671-ddd4-4d58-bbe1-90a0f2d57718: not valid; 0.9 s; peak memory 2883 MiB.
2026-09-18T10:18:19Z INFO [199/500] 051a1b67-2995-4226-94c1-cf4715884f40: valid; 1.4 s; peak memory 2883 MiB.
2026-09-18T10:18:24Z INFO [200/500] 051a509c-49ff-4665-9275-e9e260e17c10: valid; 5.0 s; peak memory 2883 MiB.
2026-09-18T10:18:25Z INFO [200/500] 051a509c-49ff-4665-9275-e9e260e17c10: checkpointed 68210 records.
2026-09-18T10:18:26Z INFO [201/500] 051b1694-3d04-4e5b-8ce4-c62accf072a3: valid; 0.6 s; peak memory 2883 MiB.
2026-09-18T10:18:26Z INFO [202/500] 051b1705-46eb-412c-980a-e99eaa22225d: valid; 0.8 s; peak memory 2883 MiB.
2026-09-18T10:18:27Z INFO [203/500] 051b2c52-b547-4fa2-8b23-1be231be531c: not valid; 1.2 s; peak memory 2883 MiB.
2026-09-18T10:18:28Z INFO [204/500] 051cb0d7-b371-4995-93e1-89e3925cea0d: not valid; 0.7 s; peak memory 2883 MiB.
2026-09-18T10:18:30Z INFO [205/500] 051cc117-2547-4be4-84c3-475570ca9fd2: valid; 1.8 s; peak memory 2883 MiB.
2026-09-18T10:18:31Z INFO [206/500] 051d1195-6de3-4853-bf26-4c7b31c06fd5: valid; 0.6 s; peak memory 2883 MiB.
2026-09-18T10:18:31Z INFO [207/500] 051db6b5-c7de-4bd8-a393-cc1061454c0c: valid; 0.6 s; peak memory 2883 MiB.
2026-09-18T10:18:32Z INFO [208/500] 051f15f8-fe80-4995-9774-8afa607a8fe6: valid; 0.4 s; peak memory 2883 MiB.
2026-09-18T10:18:33Z INFO [209/500] 051f3823-9a6d-489c-9d78-8d2da1ca608b: valid; 1.5 s; peak memory 2883 MiB.
2026-09-18T10:18:35Z INFO [210/500] 051fe5fb-cfc3-4a4c-bf08-9026910f1334: not valid; 1.8 s; peak memory 2883 MiB.
2026-09-18T10:18:36Z INFO [211/500] 05201abc-afb4-4987-bcf8-c0c03d1e79dd: valid; 1.0 s; peak memory 2883 MiB.
2026-09-18T10:18:38Z INFO [212/500] 05206fd6-358d-419d-ab84-a79b6416a0df: not valid; 2.6 s; peak memory 2883 MiB.
2026-09-18T10:18:39Z INFO [213/500] 0520a84b-5634-42a0-b4cb-47bcf1aa2227: valid; 0.9 s; peak memory 2883 MiB.
2026-09-18T10:18:40Z INFO [214/500] 0520c2b1-4445-41c6-81db-070b67762bb8: valid; 0.8 s; peak memory 2883 MiB.
2026-09-18T10:18:41Z INFO [215/500] 052154f9-dedb-4f88-aa7d-6f3ecc66f44e: valid; 0.7 s; peak memory 2883 MiB.
2026-09-18T10:18:42Z INFO [216/500] 05218f27-20bb-41cc-9667-ddf027d829cc: not valid; 1.0 s; peak memory 2883 MiB.
2026-09-18T10:18:44Z INFO [217/500] 0521bb2b-f854-4c9d-9999-6084f184976f: valid; 1.9 s; peak memory 2883 MiB.
2026-09-18T10:18:46Z INFO [218/500] 0521fbc4-dd4e-41b7-bad3-dca6c7fcecdb: valid; 2.1 s; peak memory 2896 MiB.
2026-09-18T10:18:47Z INFO [219/500] 052213ec-d13d-47b3-a3fa-e0a90c13168e: valid; 0.9 s; peak memory 2896 MiB.
2026-09-18T10:18:49Z INFO [220/500] 0522b33d-7075-4f11-802e-77c2cbed9ce6: valid; 2.5 s; peak memory 2896 MiB.
2026-09-18T10:18:51Z INFO [221/500] 052319e3-22bb-43f6-bdf6-000c5910d720: valid; 1.2 s; peak memory 2896 MiB.
2026-09-18T10:18:52Z INFO [222/500] 05231b9d-5dfa-4d67-a552-1a89b8a18b56: valid; 1.6 s; peak memory 2896 MiB.
2026-09-18T10:19:00Z INFO [223/500] 052340f7-5ebc-4172-96e6-8e803c90d685: valid; 7.9 s; peak memory 3096 MiB.
2026-09-18T10:19:01Z INFO [224/500] 05239fa2-a564-4f92-a7df-ca5049c362b3: valid; 0.6 s; peak memory 3096 MiB.
2026-09-18T10:19:01Z INFO [225/500] 0523d5d1-e906-4e86-aa27-d2637d04dde9: valid; 0.7 s; peak memory 3096 MiB.
2026-09-18T10:19:01Z WARNING 0523e593-d3d7-4c1d-99c9-00555d378f32: failed while retrieving asset information from the DANDI API (NotFoundError: No such Dandiset: 001533)
2026-09-18T10:19:02Z INFO [227/500] 05241971-5896-4444-b214-c0e55d2978a3: valid; 1.2 s; peak memory 3096 MiB.
2026-09-18T10:19:05Z INFO [228/500] 05243ff4-f94d-483f-b722-cfcd11fe3df5: valid; 2.5 s; peak memory 3096 MiB.
2026-09-18T10:19:06Z INFO [229/500] 05248a2d-f5bc-4f8a-bbfc-35770cec65fa: valid; 1.0 s; peak memory 3096 MiB.
2026-09-18T10:19:07Z INFO [230/500] 0524d1fb-8dd1-441f-8de1-4b54ff225c6f: valid; 0.5 s; peak memory 3096 MiB.
2026-09-18T10:19:07Z INFO [231/500] 052512fe-e31d-459c-ae39-73d2ff05f82d: valid; 0.9 s; peak memory 3096 MiB.
2026-09-18T10:19:08Z INFO [232/500] 05251d24-dad3-45fe-91b5-6012579bfbcc: not valid; 0.7 s; peak memory 3096 MiB.
2026-09-18T10:19:09Z INFO [233/500] 052546b7-3b2f-40ee-82f3-f4a3d36c268c: valid; 1.1 s; peak memory 3096 MiB.
2026-09-18T10:19:11Z INFO [234/500] 0525811c-61ea-4c29-a3af-55323005658e: valid; 1.9 s; peak memory 3096 MiB.
2026-09-18T10:19:12Z INFO [235/500] 0525dbb9-d22d-4e51-a108-34eed0f57f87: valid; 0.6 s; peak memory 3096 MiB.
2026-09-18T10:19:12Z INFO [236/500] 052647fd-e28f-44d5-a7c1-8074f22757ab: valid; 0.5 s; peak memory 3096 MiB.
2026-09-18T10:19:14Z INFO [237/500] 05264de3-8097-44dc-bd31-e104002edbda: valid; 1.8 s; peak memory 3096 MiB.
2026-09-18T10:19:15Z WARNING 05266a98-9cb2-4ffb-8cb6-e3900cc07545: failed while opening the NWB file (ConstructError: (root/acquisition/_iblmic_audioSpectrogram/bands GroupBuilder {'attributes': {'colnames': array(['freq'], dtype=object), 'description': 'spectogram frequencies', 'namespace': 'core', 'neurodata_type': 'FrequencyBandsTable', 'object_id': 'e9229f14-8290-4c05-96f6-bd375c03461f'}, 'groups': {}, 'datasets': {'freq': root/acquisition/_iblmic_audioSpectrogram/bands/freq DatasetBuilder {'attributes': {'description': 'frequency value', 'namespace': 'hdmf-common', 'neurodata_type': 'VectorData', 'object_id': '39fa85a0-1057-4b1a-914f-b25c642a7c9d'}, 'data': <HDF5 dataset "freq": shape (257,), type "<f4">}, 'id': root/acquisition/_iblmic_audioSpectrogram/bands/id DatasetBuilder {'attributes': {'namespace': 'hdmf-common', 'neurodata_type': 'ElementIdentifiers', 'object_id': 'cf524b72-258d-4b82-8eeb-7a6b7e7f1a07'}, 'data': <HDF5 dataset "id": shape (257,), type "<i4">}}, 'links': {}}, "Could not construct FrequencyBandsTable object due to: column must have the same number of rows as 'id'"))
2026-09-18T10:19:16Z INFO [239/500] 0526a3e7-40c2-41af-8bf5-76ef6ea64e83: valid; 0.6 s; peak memory 3096 MiB.
2026-09-18T10:19:21Z INFO [240/500] 0526a42c-d2a3-49bf-98ed-f858a216e6f0: valid; 5.2 s; peak memory 3108 MiB.
2026-09-18T10:19:22Z INFO [241/500] 0526c308-5dd4-44ee-bd02-ea610ed4965c: valid; 1.0 s; peak memory 3118 MiB.
2026-09-18T10:19:23Z INFO [242/500] 05271ec7-1600-473e-84f8-25005a7bc78d: not valid; 1.2 s; peak memory 3121 MiB.
2026-09-18T10:19:24Z INFO [243/500] 05272907-eac1-4083-b709-f71fb2b4429d: valid; 0.7 s; peak memory 3121 MiB.
2026-09-18T10:19:26Z INFO [244/500] 05276ca2-301e-4874-a88f-000c3070feaa: not valid; 2.4 s; peak memory 3121 MiB.
2026-09-18T10:19:27Z INFO [245/500] 0527701a-2f59-40a3-908f-7e6cf134dcc9: valid; 0.6 s; peak memory 3121 MiB.
2026-09-18T10:19:28Z WARNING 05288913-c18f-4a12-ba48-45945158ba8d: failed while opening the NWB file (ConstructError: (root/acquisition/event_code_meanings GroupBuilder {'attributes': {'colnames': array(['value', 'meaning'], dtype=object), 'description': 'Mapping integer event codes to event labels', 'namespace': 'ndx-events', 'neurodata_type': 'MeaningsTable', 'object_id': 'b383d8f2-384e-4e1c-ace3-05e6f6547239'}, 'groups': {}, 'datasets': {'id': root/acquisition/event_code_meanings/id DatasetBuilder {'attributes': {'namespace': 'hdmf-common', 'neurodata_type': 'ElementIdentifiers', 'object_id': '84d469e2-502a-47a6-97b6-2fed7c63f6d9'}, 'data': <HDF5 dataset "id": shape (26,), type "<i8">}, 'meaning': root/acquisition/event_code_meanings/meaning DatasetBuilder {'attributes': {'description': 'The meaning of the value in the parent CategoricalVectorData object.', 'namespace': 'hdmf-experimental', 'neurodata_type': 'VectorData', 'object_id': '3632d049-5a37-40eb-bb06-84661c7613d9'}, 'data': <StrDataset for HDF5 dataset "meaning": shape (26,), type "|O">}, 'value': root/acquisition/event_code_meanings/value DatasetBuilder {'attributes': {'description': 'The value of the parent CategoricalVectorData object.', 'namespace': 'hdmf-experimental', 'neurodata_type': 'VectorData', 'object_id': '98d40d9c-4c94-4b4d-ac5c-1166a7a3dfa4'}, 'data': <HDF5 dataset "value": shape (26,), type "<i8">}}, 'links': {}}, "Could not construct MeaningsTable object due to: MeaningsTable.__init__: missing argument 'target'"))
2026-09-18T10:19:30Z INFO [247/500] 0528b3c0-1d48-4ce8-8955-89c9127906c4: valid; 1.7 s; peak memory 3121 MiB.
2026-09-18T10:19:34Z INFO [248/500] 05294673-6cce-4a0f-ae49-94d839dd9be1: valid; 4.1 s; peak memory 3121 MiB.
2026-09-18T10:19:34Z INFO [249/500] 0529820d-d9b4-406d-8272-cdbe86f20be8: valid; 0.4 s; peak memory 3121 MiB.
2026-09-18T10:19:35Z INFO [250/500] 0529b167-b311-4838-9146-2affc1d70758: valid; 1.2 s; peak memory 3121 MiB.
2026-09-18T10:19:36Z INFO [250/500] 0529b167-b311-4838-9146-2affc1d70758: checkpointed 68260 records.
2026-09-18T10:19:38Z INFO [251/500] 052a2e40-d431-4c8f-9f17-34b2c3d2b495: valid; 2.0 s; peak memory 3121 MiB.
2026-09-18T10:19:39Z INFO [252/500] 052a35af-2ecf-4cd8-a080-030515bec6c8: valid; 1.2 s; peak memory 3121 MiB.
2026-09-18T10:19:44Z INFO [253/500] 052a99f1-8608-498e-a482-e7da05e529cc: not valid; 5.2 s; peak memory 3126 MiB.
2026-09-18T10:19:51Z INFO [254/500] 052acef7-8603-4d12-a7e8-549c8edb94f8: valid; 7.0 s; peak memory 3153 MiB.
2026-09-18T10:19:52Z INFO [255/500] 052ca61b-e2d2-4439-8cb3-5c726cfcc2e8: valid; 1.2 s; peak memory 3155 MiB.
2026-09-18T10:19:52Z WARNING 052d4d8a-395e-43c3-9726-fe1151d37b8c: failed while retrieving asset information from the DANDI API (NotFoundError: No such Dandiset: 000561)
2026-09-18T10:19:53Z INFO [257/500] 052d7264-d393-4418-845e-0eb4b77c4357: valid; 0.6 s; peak memory 3155 MiB.
2026-09-18T10:19:55Z INFO [258/500] 052d7c98-bc6b-442f-b6b4-0d581a717cbc: valid; 1.7 s; peak memory 3155 MiB.
2026-09-18T10:19:55Z INFO [259/500] 052e0351-cf13-4156-b41f-8fd1206866a5: valid; 0.7 s; peak memory 3155 MiB.
2026-09-18T10:19:56Z INFO [260/500] 052ead5a-ce14-41cc-9e89-30451ee32c87: valid; 0.6 s; peak memory 3155 MiB.
2026-09-18T10:19:57Z INFO [261/500] 052f0be5-f546-49b7-af9e-80941a76e589: valid; 0.6 s; peak memory 3155 MiB.
2026-09-18T10:19:57Z INFO [262/500] 052f14e3-dd9e-46ac-a852-0bcce7e0bb84: valid; 1.0 s; peak memory 3155 MiB.
2026-09-18T10:19:58Z INFO [263/500] 052fbc3f-4ce6-4ec8-ace8-b490212687c3: valid; 0.6 s; peak memory 3155 MiB.
2026-09-18T10:19:59Z INFO [264/500] 05301c4c-539b-421a-8be0-102e6fe39d6c: valid; 0.6 s; peak memory 3155 MiB.
2026-09-18T10:20:01Z INFO [265/500] 05301e4d-6b77-43ac-a8ae-ecfca7a66bd5: valid; 1.9 s; peak memory 3155 MiB.
2026-09-18T10:20:02Z INFO [266/500] 05308207-db13-4831-b969-31455895c2b5: valid; 1.5 s; peak memory 3155 MiB.
2026-09-18T10:20:03Z INFO [267/500] 0530ca65-9089-4ddc-a664-0f64a9ad5f40: not valid; 1.4 s; peak memory 3155 MiB.
2026-09-18T10:20:04Z INFO [268/500] 05317618-c2da-4bf5-accc-f516c675e741: not valid; 0.8 s; peak memory 3155 MiB.
2026-09-18T10:20:05Z INFO [269/500] 05318185-0f03-4931-9762-7c8c16b57d9d: valid; 1.1 s; peak memory 3155 MiB.
2026-09-18T10:20:07Z INFO [270/500] 0531a2ba-291b-4607-92fc-23d17a8ea611: valid; 1.7 s; peak memory 3155 MiB.
2026-09-18T10:20:08Z WARNING 0531b282-e8be-4e2b-9a75-1b3bba30b448: failed while opening the NWB file (ConstructError: (root/acquisition/_iblmic_audioSpectrogram/bands GroupBuilder {'attributes': {'colnames': array(['freq'], dtype=object), 'description': 'spectogram frequencies', 'namespace': 'core', 'neurodata_type': 'FrequencyBandsTable', 'object_id': 'ed71568e-b2ee-470d-871a-117f92c10818'}, 'groups': {}, 'datasets': {'freq': root/acquisition/_iblmic_audioSpectrogram/bands/freq DatasetBuilder {'attributes': {'description': 'frequency value', 'namespace': 'hdmf-common', 'neurodata_type': 'VectorData', 'object_id': '2f4f5603-0783-4229-b547-d7bf8884e09d'}, 'data': <HDF5 dataset "freq": shape (257,), type "<f4">}, 'id': root/acquisition/_iblmic_audioSpectrogram/bands/id DatasetBuilder {'attributes': {'namespace': 'hdmf-common', 'neurodata_type': 'ElementIdentifiers', 'object_id': 'ceff72d6-2559-4f1b-aa5a-2be9130842eb'}, 'data': <HDF5 dataset "id": shape (257,), type "<i4">}}, 'links': {}}, "Could not construct FrequencyBandsTable object due to: column must have the same number of rows as 'id'"))
2026-09-18T10:20:11Z INFO [272/500] 0531f2b6-d871-4cf5-bfa4-8cb4674835e2: valid; 2.8 s; peak memory 3155 MiB.
2026-09-18T10:20:11Z INFO [273/500] 0531fdd0-9e41-4fa9-abfe-6498a6a804f1: valid; 0.4 s; peak memory 3155 MiB.
2026-09-18T10:20:12Z INFO [274/500] 05328b9e-33fa-4484-bd72-10ea83b2bfcf: valid; 1.0 s; peak memory 3155 MiB.
2026-09-18T10:20:13Z INFO [275/500] 0532c216-8987-49bf-af2b-6616ac7fd50d: valid; 0.6 s; peak memory 3155 MiB.
2026-09-18T10:20:14Z INFO [276/500] 0532fa88-4a06-4d1f-82d9-cff8add983ee: valid; 1.2 s; peak memory 3155 MiB.
2026-09-18T10:20:15Z INFO [277/500] 053312d4-a28b-4274-9601-f3fc6662ce44: valid; 1.1 s; peak memory 3155 MiB.
2026-09-18T10:20:16Z INFO [278/500] 05331724-3958-4972-8787-f386d6aac2ca: valid; 0.5 s; peak memory 3155 MiB.
2026-09-18T10:20:17Z INFO [279/500] 05335dcd-bcd5-4f7b-ad42-7bffc834d203: valid; 0.9 s; peak memory 3158 MiB.
2026-09-18T10:20:17Z INFO [280/500] 0533b451-acae-4130-8015-21720ba92705: valid; 0.6 s; peak memory 3158 MiB.
2026-09-18T10:20:19Z INFO [281/500] 0533de9a-b3ca-496b-ad6a-d02e1fb11887: valid; 1.7 s; peak memory 3165 MiB.
2026-09-18T10:20:26Z INFO [282/500] 053447c0-8abf-43ef-ae7e-7f52021beead: valid; 7.0 s; peak memory 3232 MiB.
2026-09-18T10:20:27Z INFO [283/500] 0534842f-40ac-49bd-9ca4-3134bab0c720: valid; 1.2 s; peak memory 3239 MiB.
2026-09-18T10:20:28Z INFO [284/500] 0534931a-a056-4bea-b073-9d28a32ab220: valid; 0.6 s; peak memory 3241 MiB.
2026-09-18T10:20:28Z INFO [285/500] 0534b0aa-bba7-4cf7-b16d-1005d71076bf: not valid; 0.8 s; peak memory 3244 MiB.
2026-09-18T10:20:38Z INFO [286/500] 0534b717-ecca-42f9-9b78-4b921a630c07: valid; 9.5 s; peak memory 3412 MiB.
2026-09-18T10:20:39Z INFO [287/500] 0534d647-b251-4c93-a4b0-7bdacd222888: valid; 0.7 s; peak memory 3412 MiB.
2026-09-18T10:20:41Z INFO [288/500] 0534e10e-a5cb-4a85-88b0-f85277a19f7a: valid; 2.7 s; peak memory 3412 MiB.
2026-09-18T10:20:47Z INFO [289/500] 0535ab9a-b55b-4c56-a725-6a598b27f9dc: valid; 5.6 s; peak memory 3602 MiB.
2026-09-18T10:20:48Z WARNING 0535abef-7a26-421e-a615-f937ebc9c4ed: failed while opening the NWB file (ConstructError: (root/acquisition/_iblmic_audioSpectrogram/bands GroupBuilder {'attributes': {'colnames': array(['freq'], dtype=object), 'description': 'spectogram frequencies', 'namespace': 'core', 'neurodata_type': 'FrequencyBandsTable', 'object_id': '6b7b108a-43a6-4c3e-a847-80e832badb50'}, 'groups': {}, 'datasets': {'freq': root/acquisition/_iblmic_audioSpectrogram/bands/freq DatasetBuilder {'attributes': {'description': 'frequency value', 'namespace': 'hdmf-common', 'neurodata_type': 'VectorData', 'object_id': 'ab37c864-1fe3-48a3-82a6-c5dd2cd78c78'}, 'data': <HDF5 dataset "freq": shape (257,), type "<f4">}, 'id': root/acquisition/_iblmic_audioSpectrogram/bands/id DatasetBuilder {'attributes': {'namespace': 'hdmf-common', 'neurodata_type': 'ElementIdentifiers', 'object_id': 'd08a12b8-a39d-407a-afab-be2fa048503b'}, 'data': <HDF5 dataset "id": shape (257,), type "<i4">}}, 'links': {}}, "Could not construct FrequencyBandsTable object due to: column must have the same number of rows as 'id'"))
2026-09-18T10:20:50Z INFO [291/500] 0535c034-70aa-4729-928e-c178fd5bbc15: not valid; 1.5 s; peak memory 3602 MiB.
2026-09-18T10:20:51Z INFO [292/500] 053643c1-70b4-4b60-af84-e7aa08f18328: not valid; 1.2 s; peak memory 3602 MiB.
2026-09-18T10:20:52Z INFO [293/500] 053663d9-0689-414b-9a20-edc1d7b30929: not valid; 0.7 s; peak memory 3602 MiB.
2026-09-18T10:20:52Z INFO [294/500] 0536b694-ba9b-48b8-b78e-b0b1b2fc6b43: not valid; 0.5 s; peak memory 3602 MiB.
2026-09-18T10:20:55Z INFO [295/500] 0536bb35-f4ca-4928-a726-995533256bed: valid; 2.9 s; peak memory 3602 MiB.
2026-09-18T10:20:56Z INFO [296/500] 0536f78a-4c24-481f-b0de-a47ddc0e240f: valid; 1.3 s; peak memory 3602 MiB.
2026-09-18T10:20:57Z INFO [297/500] 0536f82f-3a52-4840-a8d2-bd855ef45a68: valid; 0.7 s; peak memory 3602 MiB.
2026-09-18T10:20:58Z INFO [298/500] 0537e742-a2f6-4fee-982d-075f193e8b26: valid; 1.1 s; peak memory 3602 MiB.
2026-09-18T10:21:00Z INFO [299/500] 05385e38-01e3-49b1-b675-ff1cfd1dd57c: valid; 1.6 s; peak memory 3602 MiB.
2026-09-18T10:21:00Z INFO [300/500] 05389890-108a-4f52-bb3d-10945a9c22ca: valid; 0.5 s; peak memory 3602 MiB.
2026-09-18T10:21:01Z INFO [300/500] 05389890-108a-4f52-bb3d-10945a9c22ca: checkpointed 68310 records.
2026-09-18T10:21:02Z INFO [301/500] 05389f73-d988-4f7c-8207-1e7307a2a029: not valid; 1.0 s; peak memory 3603 MiB.
2026-09-18T10:21:03Z INFO [302/500] 0538bfee-dd63-4f09-8ec7-72843fcf6925: not valid; 0.8 s; peak memory 3603 MiB.
2026-09-18T10:21:10Z INFO [303/500] 0538d570-0c23-4981-b1b8-138227fb5ace: valid; 7.2 s; peak memory 3603 MiB.
2026-09-18T10:21:10Z WARNING 05390bbe-81b1-447f-a961-a3321d174f0a: failed while retrieving asset information from the DANDI API (NotFoundError: No asset at path 'sub-EPCNHP1/sub-EPCNHP1_ses-2020-03-04-003_ecephys.nwb' in version 0.240701.1903. Verify the path is correct and the asset exists in this version. Use 'dandi ls' to list available assets.)
2026-09-18T10:21:12Z INFO [305/500] 053a5533-674f-4d37-b15b-f9ff34a57499: valid; 2.0 s; peak memory 3603 MiB.
2026-09-18T10:21:13Z INFO [306/500] 053a66ea-cc4d-4713-8166-9f6f2b00d8c9: valid; 1.2 s; peak memory 3603 MiB.
2026-09-18T10:21:20Z INFO [307/500] 053a6ce2-4775-4330-ab48-52367620034e: valid; 6.8 s; peak memory 3610 MiB.
2026-09-18T10:21:21Z INFO [308/500] 053acf63-2894-4df8-9301-1a477dc0a043: valid; 0.8 s; peak memory 3610 MiB.
2026-09-18T10:21:21Z INFO [309/500] 053af9c8-eb6f-4781-862b-0f2dc4d84706: valid; 0.6 s; peak memory 3610 MiB.
2026-09-18T10:21:27Z INFO [310/500] 053c5f57-b6f5-4222-bccd-b3b6930d8ed0: valid; 5.9 s; peak memory 3610 MiB.
2026-09-18T10:21:35Z INFO [311/500] 053c6b29-e8a9-4f8f-9e89-26ccedef9b80: valid; 7.6 s; peak memory 3818 MiB.
2026-09-18T10:21:36Z INFO [312/500] 053c7815-9c7a-4a00-bee8-59e2e6b9c769: valid; 1.2 s; peak memory 3818 MiB.
2026-09-18T10:21:37Z INFO [313/500] 053d9e74-834f-442d-af7f-86a92f4ca65f: valid; 1.4 s; peak memory 3818 MiB.
2026-09-18T10:21:40Z INFO [314/500] 053dc7d7-c2ac-414b-955b-a79efee0cd85: valid; 3.0 s; peak memory 3818 MiB.
2026-09-18T10:21:41Z INFO [315/500] 053e3dcf-0fc9-4013-95c2-c57659d9191e: not valid; 1.1 s; peak memory 3818 MiB.
2026-09-18T10:21:42Z INFO [316/500] 053e6ef2-3ebf-49e1-9da3-57ddb77d1990: valid; 0.6 s; peak memory 3818 MiB.
2026-09-18T10:21:43Z INFO [317/500] 053e9ed8-46ca-41e4-9e7c-e5e9de09ebe8: valid; 0.6 s; peak memory 3818 MiB.
2026-09-18T10:21:44Z INFO [318/500] 053f074a-1b27-400c-b322-0377fbad0bb3: not valid; 1.4 s; peak memory 3818 MiB.
2026-09-18T10:21:45Z INFO [319/500] 05400f8a-f2f2-4bda-95e5-16297d6de126: valid; 1.2 s; peak memory 3818 MiB.
2026-09-18T10:21:47Z INFO [320/500] 05402c9f-9b58-45dc-b282-1ef28f4bd8e6: valid; 1.9 s; peak memory 3818 MiB.
2026-09-18T10:21:50Z INFO [321/500] 0540bc50-c281-489f-a8eb-d23ce92d5050: not valid; 3.3 s; peak memory 3818 MiB.
2026-09-18T10:21:51Z INFO [322/500] 0540d0a2-af25-4e17-9473-73124b45e55c: valid; 0.8 s; peak memory 3818 MiB.
2026-09-18T10:21:52Z INFO [323/500] 05415d59-84fc-4182-9ea0-18feb7b787d7: valid; 1.2 s; peak memory 3818 MiB.
2026-09-18T10:21:57Z INFO [324/500] 05415e0d-3f85-44d1-9bba-872eec02d63f: valid; 4.3 s; peak memory 3818 MiB.
2026-09-18T10:22:03Z INFO [325/500] 05420548-7fb6-4c5f-92ac-c9abff1ca83d: valid; 6.4 s; peak memory 3818 MiB.
2026-09-18T10:22:04Z INFO [326/500] 05421598-4e27-4717-aad1-49ba56fc2203: valid; 1.1 s; peak memory 3818 MiB.
2026-09-18T10:22:05Z INFO [327/500] 054230ab-9160-4942-92f2-f80573d4cdfe: valid; 1.0 s; peak memory 3818 MiB.
2026-09-18T10:22:06Z INFO [328/500] 05425364-7175-4a4f-b2d6-211aeb84856a: valid; 0.6 s; peak memory 3818 MiB.
2026-09-18T10:22:07Z INFO [329/500] 054417af-0e57-41b0-92d4-3b8668768db0: valid; 1.0 s; peak memory 3818 MiB.
2026-09-18T10:22:08Z INFO [330/500] 054444e7-9b94-4182-a79e-32c237ec4cec: not valid; 0.8 s; peak memory 3818 MiB.
2026-09-18T10:22:09Z INFO [331/500] 0544c5fb-e833-401a-8ef2-16d1fcb45cce: valid; 1.6 s; peak memory 3818 MiB.
2026-09-18T10:22:10Z INFO [332/500] 0544c762-045c-42fe-a116-19236d120c24: not valid; 1.1 s; peak memory 3818 MiB.
2026-09-18T10:22:22Z INFO [333/500] 0545f24a-8f1c-45ac-bee3-b69274ec3b20: valid; 11.5 s; peak memory 3818 MiB.
2026-09-18T10:22:29Z INFO [334/500] 0545facd-6940-48d8-8e7c-7ac6ccfba2c9: valid; 7.0 s; peak memory 3885 MiB.
2026-09-18T10:22:30Z INFO [335/500] 054734b4-61fd-4a5f-b87c-5763f75442bc: valid; 0.7 s; peak memory 3885 MiB.
2026-09-18T10:22:32Z INFO [336/500] 05482777-0160-46c6-b02b-665fc3962766: not valid; 2.4 s; peak memory 3885 MiB.
2026-09-18T10:22:34Z INFO [337/500] 054846e7-f298-4c0d-9940-4292f25d045d: valid; 1.6 s; peak memory 3888 MiB.
2026-09-18T10:22:35Z INFO [338/500] 05486d44-a3d7-4ae1-a3de-0d3b1383b95c: valid; 1.0 s; peak memory 3898 MiB.
2026-09-18T10:22:35Z INFO [339/500] 0549f14c-5252-4c9f-ba51-f95bd719fd77: valid; 0.7 s; peak memory 3902 MiB.
2026-09-18T10:22:36Z INFO [340/500] 054a1fa4-294e-4ad2-846e-c1b565146d8e: valid; 0.5 s; peak memory 3902 MiB.
2026-09-18T10:22:36Z WARNING 054a5281-2b8b-4f60-a69e-b87e357b10cb: failed while retrieving asset information from the DANDI API (NotFoundError: No asset at path 'sub-parkinson-simulated-lfp/sub-parkinson-simulated-lfp_ses-5952_ecephys.nwb' in version 0.250327.2220. Verify the path is correct and the asset exists in this version. Use 'dandi ls' to list available assets.)
2026-09-18T10:22:37Z INFO [342/500] 054aadf7-5c0a-4bb4-872c-04fa146c88e2: valid; 1.2 s; peak memory 3903 MiB.
2026-09-18T10:22:40Z INFO [343/500] 054b8570-9e11-4728-bb1f-556142d8a73c: valid; 2.5 s; peak memory 3903 MiB.
2026-09-18T10:22:41Z INFO [344/500] 054bab49-330a-4605-9c5a-3984acfbbf05: valid; 1.4 s; peak memory 3904 MiB.
2026-09-18T10:22:42Z INFO [345/500] 054bb208-e7cb-4f6f-8baa-374d67c8e938: not valid; 1.5 s; peak memory 3904 MiB.
2026-09-18T10:22:43Z INFO [346/500] 054c6af4-bb5e-437f-8802-afd9baf59823: not valid; 0.8 s; peak memory 3904 MiB.
2026-09-18T10:22:50Z INFO [347/500] 054c98c6-a4ad-4051-a558-ea4ef9c543c6: valid; 7.4 s; peak memory 3920 MiB.
2026-09-18T10:22:51Z INFO [348/500] 054c9c41-f4c6-4e23-8203-42817016845e: valid; 0.6 s; peak memory 3922 MiB.
2026-09-18T10:22:57Z INFO [349/500] 054cb21f-f9e2-4e56-a2d5-137493cdbf39: valid; 6.0 s; peak memory 4010 MiB.
2026-09-18T10:22:57Z INFO [350/500] 054cd9b4-f15f-49e3-8f89-642307fd8b8f: not valid; 0.4 s; peak memory 4010 MiB.
2026-09-18T10:22:58Z INFO [350/500] 054cd9b4-f15f-49e3-8f89-642307fd8b8f: checkpointed 68360 records.
2026-09-18T10:23:00Z INFO [351/500] 054d2116-d14a-4299-8924-e4c00d9bc7ff: not valid; 1.8 s; peak memory 4010 MiB.
2026-09-18T10:23:01Z INFO [352/500] 054e0ed6-d959-44af-a2ba-f29377d6018a: valid; 0.9 s; peak memory 4012 MiB.
2026-09-18T10:23:01Z WARNING 054e2494-3704-440e-9fbf-4a7d86902832: failed while retrieving asset information from the DANDI API (NotFoundError: No such Dandiset: 000561)
2026-09-18T10:23:01Z INFO [354/500] 054e72dc-52e0-4554-95b3-8e05884f557b: valid; 0.6 s; peak memory 4012 MiB.
2026-09-18T10:23:02Z INFO [355/500] 054f455c-ed91-47d5-b88c-814b41809ba8: valid; 0.6 s; peak memory 4012 MiB.
2026-09-18T10:23:06Z INFO [356/500] 054f5566-37a0-4a2d-84d3-74b6a7e04603: valid; 4.5 s; peak memory 4013 MiB.
2026-09-18T10:23:07Z INFO [357/500] 055010a4-892c-4e7f-a705-bbef378b2508: valid; 0.7 s; peak memory 4013 MiB.
2026-09-18T10:23:09Z INFO [358/500] 05501e15-bfc6-4a4f-b291-cefda24f52e6: valid; 2.1 s; peak memory 4023 MiB.
2026-09-18T10:23:14Z INFO [359/500] 0550927a-a423-4ffa-86f8-7fe737acd3ef: valid; 4.4 s; peak memory 4023 MiB.
2026-09-18T10:23:14Z INFO [360/500] 05519bae-1b0b-448f-ac5a-6d123aef88dc: not valid; 0.6 s; peak memory 4023 MiB.
2026-09-18T10:23:15Z INFO [361/500] 0551d941-3a5c-4a6b-a287-0016ff1cc372: not valid; 1.0 s; peak memory 4023 MiB.
2026-09-18T10:23:16Z INFO [362/500] 0551ff6c-4f35-4893-a6d9-4aad9f4a8e44: valid; 0.4 s; peak memory 4023 MiB.
2026-09-18T10:23:17Z INFO [363/500] 05522039-4f58-4633-8116-f707ed928f2a: not valid; 0.9 s; peak memory 4023 MiB.
2026-09-18T10:23:17Z INFO [364/500] 05527526-39ad-4591-a074-6b4a49bee1c3: valid; 0.6 s; peak memory 4023 MiB.
2026-09-18T10:23:18Z INFO [365/500] 05544876-21c0-423a-b375-1299055130d1: not valid; 0.8 s; peak memory 4023 MiB.
2026-09-18T10:23:28Z INFO [366/500] 05549015-08b8-447d-b328-a8509d8aaa15: valid; 9.7 s; peak memory 4044 MiB.
2026-09-18T10:23:29Z INFO [367/500] 055517ad-cee8-4c70-b256-3cbfa58f1833: valid; 1.0 s; peak memory 4046 MiB.
2026-09-18T10:23:29Z INFO [368/500] 055561d0-2178-4976-ad61-5439d915cd42: valid; 0.7 s; peak memory 4051 MiB.
2026-09-18T10:23:31Z INFO [369/500] 0555b960-ad44-4221-a70d-d5815edb7b29: valid; 1.8 s; peak memory 4051 MiB.
2026-09-18T10:23:32Z INFO [370/500] 05569217-8dbe-4c77-bb46-d7193266a198: valid; 0.5 s; peak memory 4052 MiB.
2026-09-18T10:23:32Z INFO [371/500] 0557035c-2ef1-4a1f-92bb-32535a25e041: valid; 0.8 s; peak memory 4057 MiB.
2026-09-18T10:23:37Z INFO [372/500] 05575956-fc55-4dc2-9c3f-d01b40a9521b: not valid; 5.0 s; peak memory 4086 MiB.
2026-09-18T10:23:39Z INFO [373/500] 055764fa-a2b2-4963-a3c3-90e2294b25bb: not valid; 1.7 s; peak memory 4104 MiB.
2026-09-18T10:23:40Z INFO [374/500] 05579c36-0f7d-40f6-917c-eba444c7b22d: valid; 0.8 s; peak memory 4104 MiB.
2026-09-18T10:23:41Z INFO [375/500] 0557a512-0e70-4a2d-9d54-9bc012533b82: valid; 1.3 s; peak memory 4104 MiB.
2026-09-18T10:23:43Z INFO [376/500] 0557c384-5e5f-4a8c-810d-696a304c8ac5: valid; 1.7 s; peak memory 4104 MiB.
2026-09-18T10:23:44Z INFO [377/500] 0558761e-232e-41ad-89c6-544dd65aeb45: valid; 1.1 s; peak memory 4104 MiB.
2026-09-18T10:23:45Z INFO [378/500] 055914c0-3e1f-4713-88f9-86da4d166fc4: valid; 1.2 s; peak memory 4105 MiB.
2026-09-18T10:23:49Z INFO [379/500] 055935fd-ff6b-43dd-8bb7-6cf0329d7097: valid; 4.1 s; peak memory 4105 MiB.
2026-09-18T10:23:54Z INFO [380/500] 05597d7f-0d39-43d4-9fc7-ab1bdfc5bab0: valid; 4.5 s; peak memory 4136 MiB.
2026-09-18T10:23:55Z INFO [381/500] 055a29a1-e310-4775-aa8a-cd2644aeb951: not valid; 1.0 s; peak memory 4139 MiB.
2026-09-18T10:24:01Z INFO [382/500] 055a3bdd-04f9-4ffa-b030-14bffecf51be: not valid; 6.3 s; peak memory 4210 MiB.
2026-09-18T10:24:02Z INFO [383/500] 055a7acd-757a-4787-b48e-b9e597e90259: valid; 1.2 s; peak memory 4225 MiB.
2026-09-18T10:24:05Z INFO [384/500] 055b01b1-0cc4-413c-b6c5-172f4e658a0d: not valid; 2.6 s; peak memory 4227 MiB.
2026-09-18T10:24:06Z INFO [385/500] 055b4fe2-6819-4510-ad33-a8f7b7142f3a: not valid; 0.9 s; peak memory 4239 MiB.
2026-09-18T10:24:08Z INFO [386/500] 055b9584-ba1d-4ba1-a5ff-4d3f32044e27: valid; 2.0 s; peak memory 4242 MiB.
2026-09-18T10:24:10Z INFO [387/500] 055bf50c-9c4a-4852-8b3c-cf997c78b86d: valid; 1.8 s; peak memory 4242 MiB.
2026-09-18T10:24:11Z INFO [388/500] 055cc73c-ed61-4982-b342-5c862e8102af: valid; 1.0 s; peak memory 4242 MiB.
2026-09-18T10:24:12Z INFO [389/500] 055cf69d-0de9-4b6e-8e19-f64f0779d070: not valid; 1.1 s; peak memory 4242 MiB.
2026-09-18T10:24:13Z INFO [390/500] 055d1a52-5382-4dcb-aea5-2c4326f56dd1: valid; 1.6 s; peak memory 4242 MiB.
2026-09-18T10:24:15Z INFO [391/500] 055d25ba-e711-4908-b440-2cfe0b213b4b: valid; 1.9 s; peak memory 4242 MiB.
2026-09-18T10:24:16Z INFO [392/500] 055d4513-2689-40fa-ada9-c6af828c4e46: valid; 0.6 s; peak memory 4242 MiB.
2026-09-18T10:24:17Z INFO [393/500] 055d45dd-05a2-4fe6-ae00-b8a677808326: valid; 1.1 s; peak memory 4242 MiB.
2026-09-18T10:24:18Z INFO [394/500] 055dbc00-4816-4846-b6cf-809d861295de: valid; 1.0 s; peak memory 4246 MiB.
2026-09-18T10:24:24Z INFO [395/500] 055e6520-a0d8-45a8-85e3-6b0d79a9f735: not valid; 5.8 s; peak memory 4246 MiB.
2026-09-18T10:24:26Z INFO [396/500] 055eef36-42e3-45fa-8a84-a8cb54ad6820: valid; 1.9 s; peak memory 4247 MiB.
2026-09-18T10:24:32Z INFO [397/500] 055f3d81-a5b3-4f81-b5eb-8ebc297a76d6: valid; 7.0 s; peak memory 4259 MiB.
2026-09-18T10:24:34Z INFO [398/500] 0560c9cd-6f1e-4ffb-8edf-a49075542b21: valid; 1.8 s; peak memory 4264 MiB.
2026-09-18T10:24:37Z INFO [399/500] 0560da8d-d103-4f9c-8dd4-393db2c06f76: valid; 2.8 s; peak memory 4269 MiB.
2026-09-18T10:24:38Z INFO [400/500] 05614d0b-9e92-4cc8-b856-aea020cdccbd: valid; 0.7 s; peak memory 4270 MiB.
2026-09-18T10:24:38Z INFO [400/500] 05614d0b-9e92-4cc8-b856-aea020cdccbd: checkpointed 68410 records.
2026-09-18T10:24:39Z INFO [401/500] 0561a4fa-4b06-46bf-a37a-39bb1eed63ab: not valid; 0.9 s; peak memory 4273 MiB.
2026-09-18T10:24:40Z INFO [402/500] 056211f7-b3fa-49a4-8b3b-814e88145c83: valid; 0.6 s; peak memory 4273 MiB.
2026-09-18T10:24:41Z INFO [403/500] 056294e5-2a3c-4bc7-bed4-a96e8a5bc241: valid; 1.7 s; peak memory 4274 MiB.
2026-09-18T10:24:42Z INFO [404/500] 05631886-d20a-4f33-a613-6ac99badd0e6: not valid; 0.7 s; peak memory 4274 MiB.
2026-09-18T10:24:45Z INFO [405/500] 0563a8fb-1d66-41ba-8776-746382a47a9e: not valid; 3.3 s; peak memory 4274 MiB.
2026-09-18T10:24:46Z INFO [406/500] 05644636-ec78-4cec-acc2-e4d4992e9ea9: valid; 0.7 s; peak memory 4274 MiB.
2026-09-18T10:24:47Z INFO [407/500] 05647297-e521-4f31-839c-7096e4249871: valid; 0.6 s; peak memory 4274 MiB.
2026-09-18T10:24:49Z INFO [408/500] 0564dc83-63e2-4e56-a08b-607e898f4567: valid; 1.8 s; peak memory 4274 MiB.
2026-09-18T10:24:49Z INFO [409/500] 05655bdf-f9ed-49db-bddb-4e131d6bcb26: valid; 0.5 s; peak memory 4274 MiB.
2026-09-18T10:24:49Z WARNING 056742a1-3920-4e7e-a647-1546aad37d78: failed while retrieving asset information from the DANDI API (NotFoundError: No asset at path 'sub-456773/sub-456773_ses-20191003T153548_behavior+ecephys+ogen.nwb' in version 0.231012.2129. Verify the path is correct and the asset exists in this version. Use 'dandi ls' to list available assets.)
2026-09-18T10:24:50Z WARNING 0567a95e-bfe2-4e06-98b7-266ca50a09b9: failed while opening the NWB file (ConstructError: (root/acquisition/_iblmic_audioSpectrogram/bands GroupBuilder {'attributes': {'colnames': array(['freq'], dtype=object), 'description': 'spectogram frequencies', 'namespace': 'core', 'neurodata_type': 'FrequencyBandsTable', 'object_id': '5c7897a3-8549-4e44-b4d4-1865df3a5907'}, 'groups': {}, 'datasets': {'freq': root/acquisition/_iblmic_audioSpectrogram/bands/freq DatasetBuilder {'attributes': {'description': 'frequency value', 'namespace': 'hdmf-common', 'neurodata_type': 'VectorData', 'object_id': 'd45bab30-78f3-454a-bfc6-4961b07bc5d1'}, 'data': <HDF5 dataset "freq": shape (257,), type "<f4">}, 'id': root/acquisition/_iblmic_audioSpectrogram/bands/id DatasetBuilder {'attributes': {'namespace': 'hdmf-common', 'neurodata_type': 'ElementIdentifiers', 'object_id': 'b5b21b29-e4f8-462f-bbc7-2391b84ad111'}, 'data': <HDF5 dataset "id": shape (257,), type "<i4">}}, 'links': {}}, "Could not construct FrequencyBandsTable object due to: column must have the same number of rows as 'id'"))
2026-09-18T10:24:51Z INFO [412/500] 0567bd82-ef9b-43d3-b6c5-15ba2992353f: valid; 0.9 s; peak memory 4274 MiB.
2026-09-18T10:24:53Z INFO [413/500] 0567d98b-bcb7-4215-8d89-50d1e53db260: valid; 1.9 s; peak memory 4274 MiB.
2026-09-18T10:25:04Z INFO [414/500] 056809b9-ec62-4d18-b015-2b8e035992f7: valid; 11.0 s; peak memory 4898 MiB.
2026-09-18T10:25:06Z INFO [415/500] 056825ee-cbba-4b55-8cfa-dfeabdf06bdd: valid; 2.2 s; peak memory 4898 MiB.
2026-09-18T10:25:24Z INFO [416/500] 05686132-b34a-4ad4-8356-465144aeec75: valid; 17.7 s; peak memory 5546 MiB.
2026-09-18T10:25:25Z INFO [417/500] 0568e325-6bdb-4e76-8212-ab8df16ce98b: valid; 1.2 s; peak memory 5546 MiB.
2026-09-18T10:25:26Z INFO [418/500] 05697eb3-6082-4cd9-833a-c286aa1a7b29: not valid; 0.9 s; peak memory 5546 MiB.
2026-09-18T10:25:27Z INFO [419/500] 0569fca0-be72-427f-ab21-f72012af40cb: not valid; 0.9 s; peak memory 5546 MiB.
2026-09-18T10:25:28Z INFO [420/500] 056a05c1-4448-4f87-ab11-566663867bb0: valid; 1.6 s; peak memory 5546 MiB.
2026-09-18T10:25:29Z INFO [421/500] 056a5946-98d9-4d9a-9df6-916fc54e586b: valid; 0.5 s; peak memory 5546 MiB.
2026-09-18T10:25:30Z INFO [422/500] 056ad2ef-cf05-44b6-a777-52634cd20572: not valid; 0.8 s; peak memory 5546 MiB.
2026-09-18T10:25:34Z INFO [423/500] 056b5aa8-9d25-495c-a3cf-6785e2da0a90: valid; 4.4 s; peak memory 5546 MiB.
2026-09-18T10:25:36Z INFO [424/500] 056c15ef-0adc-4997-9e27-e7d2ae549a2d: valid; 1.5 s; peak memory 5546 MiB.
2026-09-18T10:25:37Z INFO [425/500] 056c263f-1e03-43b1-aa97-e0de5cb14f04: not valid; 0.9 s; peak memory 5546 MiB.
2026-09-18T10:25:37Z INFO [426/500] 056c3dbf-f28e-4cc0-a30c-5db22fc0009c: valid; 0.6 s; peak memory 5546 MiB.
2026-09-18T10:25:38Z INFO [427/500] 056c4ccb-9287-42dc-9483-08b60e3855e2: valid; 0.6 s; peak memory 5546 MiB.
2026-09-18T10:25:39Z INFO [428/500] 056df2cd-36f0-437d-a202-f30b722bcbc1: valid; 1.5 s; peak memory 5546 MiB.
2026-09-18T10:25:45Z INFO [429/500] 056e644b-e09d-4912-9025-870ee76736a2: valid; 5.5 s; peak memory 5546 MiB.
2026-09-18T10:25:46Z INFO [430/500] 056e6671-0c0f-47c6-bb74-09fc36a099fb: valid; 1.1 s; peak memory 5546 MiB.
2026-09-18T10:25:47Z WARNING 056e8a39-7639-41b3-a07f-787f2f5c480d: failed while opening the NWB file (ConstructError: (root/acquisition/event_code_meanings GroupBuilder {'attributes': {'colnames': array(['value', 'meaning'], dtype=object), 'description': 'Mapping integer event codes to event labels', 'namespace': 'ndx-events', 'neurodata_type': 'MeaningsTable', 'object_id': 'a6038755-7091-4c59-86ad-d3e1256d39fd'}, 'groups': {}, 'datasets': {'id': root/acquisition/event_code_meanings/id DatasetBuilder {'attributes': {'namespace': 'hdmf-common', 'neurodata_type': 'ElementIdentifiers', 'object_id': '5eb040da-904b-40ad-9daa-edba29b73ed1'}, 'data': <HDF5 dataset "id": shape (26,), type "<i8">}, 'meaning': root/acquisition/event_code_meanings/meaning DatasetBuilder {'attributes': {'description': 'The meaning of the value in the parent CategoricalVectorData object.', 'namespace': 'hdmf-experimental', 'neurodata_type': 'VectorData', 'object_id': '4115aecd-eaad-4543-a3c8-2e9cfbc93539'}, 'data': <StrDataset for HDF5 dataset "meaning": shape (26,), type "|O">}, 'value': root/acquisition/event_code_meanings/value DatasetBuilder {'attributes': {'description': 'The value of the parent CategoricalVectorData object.', 'namespace': 'hdmf-experimental', 'neurodata_type': 'VectorData', 'object_id': '5524fe68-30a8-4bf7-92e2-d34e77e12a10'}, 'data': <HDF5 dataset "value": shape (26,), type "<i8">}}, 'links': {}}, "Could not construct MeaningsTable object due to: MeaningsTable.__init__: missing argument 'target'"))
2026-09-18T10:25:48Z INFO [432/500] 056fd253-0366-45ff-93b9-b982aef63b1e: not valid; 1.0 s; peak memory 5546 MiB.
2026-09-18T10:25:49Z INFO [433/500] 056ff396-0538-4821-a673-c83a64aa2ecd: valid; 1.2 s; peak memory 5546 MiB.
2026-09-18T10:25:50Z INFO [434/500] 05700fd2-227f-453c-9960-d4d8e15a0568: not valid; 0.8 s; peak memory 5546 MiB.
2026-09-18T10:25:51Z INFO [435/500] 05701e76-557a-4a67-81ea-0a2ba9cdec2e: valid; 0.5 s; peak memory 5546 MiB.
2026-09-18T10:25:53Z INFO [436/500] 057024b8-6614-4635-bce5-537f9716ac4a: valid; 2.6 s; peak memory 5546 MiB.
2026-09-18T10:25:54Z INFO [437/500] 05702a59-5fa6-4f8a-9454-aef9b14d8795: not valid; 0.6 s; peak memory 5546 MiB.
2026-09-18T10:25:59Z INFO [438/500] 0570bdd6-07a4-4d01-b691-fb7d45da1efc: valid; 5.1 s; peak memory 5546 MiB.
2026-09-18T10:26:00Z INFO [439/500] 0571649d-77e2-4f92-9ec2-73c8a2e087c9: valid; 0.8 s; peak memory 5546 MiB.
2026-09-18T10:26:01Z INFO [440/500] 05732c5b-cb1a-4ef9-a1b5-2677ca1838fd: valid; 1.1 s; peak memory 5548 MiB.
2026-09-18T10:26:02Z INFO [441/500] 05733857-34b0-4662-bef7-55487d124538: not valid; 1.2 s; peak memory 5552 MiB.
2026-09-18T10:26:03Z INFO [442/500] 057340ac-f90e-47c6-87d6-2fc1e7e50be1: not valid; 1.0 s; peak memory 5555 MiB.
2026-09-18T10:26:04Z INFO [443/500] 0573a8c0-20ae-4620-99e9-bc533b672b4c: valid; 1.1 s; peak memory 5555 MiB.
2026-09-18T10:26:07Z INFO [444/500] 05759489-63c1-4481-aada-c3feb9d7d731: valid; 2.5 s; peak memory 5562 MiB.
2026-09-18T10:26:08Z INFO [445/500] 0575d059-131c-4636-bf02-b65eb0c9a4eb: valid; 1.2 s; peak memory 5573 MiB.
2026-09-18T10:26:30Z INFO [446/500] 0576f568-49d3-45af-8863-336319c84cc0: valid; 22.2 s; peak memory 5998 MiB.
2026-09-18T10:26:31Z INFO [447/500] 057758bf-bc1a-4c95-bab9-ab66f67aba32: not valid; 0.9 s; peak memory 6001 MiB.
2026-09-18T10:26:32Z INFO [448/500] 0578b8a1-6ac6-4370-8be5-f1a22c4cbfdd: not valid; 1.1 s; peak memory 6011 MiB.
2026-09-18T10:26:32Z INFO [449/500] 05792a93-0c37-49c8-9e66-adf589a6a0e6: valid; 0.6 s; peak memory 6013 MiB.
2026-09-18T10:26:35Z INFO [450/500] 0579b7db-cc70-4967-973e-a2086e9c6b54: not valid; 2.2 s; peak memory 6020 MiB.
2026-09-18T10:26:35Z INFO [450/500] 0579b7db-cc70-4967-973e-a2086e9c6b54: checkpointed 68460 records.
2026-09-18T10:26:36Z INFO [451/500] 057a97e0-16bf-4036-9111-e290ea134069: valid; 0.7 s; peak memory 6022 MiB.
2026-09-18T10:26:37Z INFO [452/500] 057b2450-4b5e-400e-99f1-2c322b629893: valid; 1.5 s; peak memory 6027 MiB.
2026-09-18T10:26:38Z INFO [453/500] 057b8aa0-5679-4e52-9170-7042245daa30: valid; 0.6 s; peak memory 6029 MiB.
2026-09-18T10:26:56Z INFO [454/500] 057bde3c-fef0-49bc-ac5c-92683e1a2d11: valid; 17.5 s; peak memory 6204 MiB.
2026-09-18T10:26:58Z INFO [455/500] 057bdf78-6f7b-4f14-a200-3cacdacb5b09: valid; 2.0 s; peak memory 6204 MiB.
2026-09-18T10:27:02Z INFO [456/500] 057c7728-919e-47d9-acb6-cfbd2ff638bb: valid; 4.4 s; peak memory 6204 MiB.
2026-09-18T10:27:07Z INFO [457/500] 057cb869-8390-4324-be23-f065ca410fe1: valid; 5.2 s; peak memory 6204 MiB.
2026-09-18T10:27:10Z INFO [458/500] 057cfffb-2188-4823-bbee-0492ceb3dd59: valid; 2.6 s; peak memory 6204 MiB.
2026-09-18T10:27:10Z INFO [459/500] 057d7abe-0353-4768-b600-3a6c8698a666: valid; 0.6 s; peak memory 6204 MiB.
2026-09-18T10:27:13Z INFO [460/500] 057e213b-f570-4f3b-83ca-f946d750ae97: valid; 2.6 s; peak memory 6204 MiB.
2026-09-18T10:27:14Z INFO [461/500] 057e59e9-0043-4b98-8c16-8ebdbdb05a1d: valid; 1.2 s; peak memory 6204 MiB.
2026-09-18T10:27:15Z INFO [462/500] 057e7e7a-f9e7-4010-9bc7-0fec7bb97688: valid; 1.2 s; peak memory 6204 MiB.
2026-09-18T10:27:17Z INFO [463/500] 057ecbef-e732-4e94-8d99-40ebb74d346e: valid; 1.6 s; peak memory 6204 MiB.
2026-09-18T10:27:18Z INFO [464/500] 057f56a7-90a1-4178-a0de-3d147388637c: valid; 0.8 s; peak memory 6204 MiB.
2026-09-18T10:27:19Z INFO [465/500] 0580fb41-c8c6-4452-bb0f-3702435134c0: valid; 1.6 s; peak memory 6204 MiB.
2026-09-18T10:27:21Z INFO [466/500] 05818344-8212-44d1-8b1d-62456155c14f: valid; 1.5 s; peak memory 6204 MiB.
2026-09-18T10:27:23Z INFO [467/500] 0581873f-fca0-4e71-b392-c146f60794fc: valid; 2.0 s; peak memory 6204 MiB.
2026-09-18T10:27:25Z INFO [468/500] 05819595-8374-4286-b122-90e2791ebfe1: valid; 1.9 s; peak memory 6204 MiB.
2026-09-18T10:27:27Z INFO [469/500] 0581e7ed-0e81-4bf3-bcdc-39e1751f39f5: valid; 2.0 s; peak memory 6204 MiB.
2026-09-18T10:27:29Z INFO [470/500] 05824fba-3c3b-488e-84c2-9944b8186336: not valid; 2.6 s; peak memory 6204 MiB.
2026-09-18T10:27:32Z INFO [471/500] 05826abe-5555-47b9-b2dc-b5627918814c: valid; 2.6 s; peak memory 6204 MiB.
2026-09-18T10:27:33Z INFO [472/500] 0582a0a5-e610-4eea-90bb-1ef70d141ba0: valid; 1.2 s; peak memory 6204 MiB.
2026-09-18T10:27:38Z INFO [473/500] 0582cbf7-b1b4-479b-92d8-734da6422199: valid; 4.4 s; peak memory 6204 MiB.
2026-09-18T10:27:43Z INFO [474/500] 0582e94c-190b-46c7-bae4-28c684f396ff: valid; 4.9 s; peak memory 6204 MiB.
2026-09-18T10:27:43Z INFO [475/500] 058301bd-c1a2-480f-84a2-68a79d11c888: valid; 0.7 s; peak memory 6204 MiB.
2026-09-18T10:27:45Z INFO [476/500] 058401ea-8ccc-42d3-abb9-04cd2491b983: valid; 2.1 s; peak memory 6204 MiB.
2026-09-18T10:27:47Z INFO [477/500] 05846166-fb87-4823-afc7-866179a62952: not valid; 1.1 s; peak memory 6204 MiB.
2026-09-18T10:27:49Z INFO [478/500] 0585cd4c-127a-4441-957a-a3c969fe839d: valid; 2.3 s; peak memory 6207 MiB.
2026-09-18T10:27:51Z INFO [479/500] 0585f615-24c5-46f3-96dd-fc05efe1d017: valid; 1.7 s; peak memory 6208 MiB.
2026-09-18T10:27:53Z INFO [480/500] 058687dc-03d8-4421-b47a-69ddcacdfb82: valid; 2.6 s; peak memory 6208 MiB.
2026-09-18T10:27:55Z INFO [481/500] 0586d394-b7f0-47d8-89fb-a70d0e010d82: valid; 1.8 s; peak memory 6208 MiB.
2026-09-18T10:27:55Z INFO [482/500] 0586e108-ae17-4137-8a8e-c9a82fb29735: valid; 0.5 s; peak memory 6208 MiB.
2026-09-18T10:27:56Z INFO [483/500] 05879be5-9b2b-4e0b-87e7-2f4b9a3a8e14: valid; 0.5 s; peak memory 6209 MiB.
2026-09-18T10:27:57Z INFO [484/500] 0588fda9-a4a4-4e81-904e-4c7537f31246: not valid; 1.2 s; peak memory 6210 MiB.
2026-09-18T10:27:58Z INFO [485/500] 058a23fb-fc17-49fa-82cf-ca3975f38960: valid; 1.1 s; peak memory 6210 MiB.
2026-09-18T10:27:59Z INFO [486/500] 058a85fa-46ad-4c5c-9ac5-8fd48fc40cf9: valid; 0.8 s; peak memory 6211 MiB.
2026-09-18T10:28:00Z INFO [487/500] 058a868d-5c57-433f-bb7d-c082dfd4ffde: not valid; 0.8 s; peak memory 6212 MiB.
2026-09-18T10:28:01Z INFO [488/500] 058aa6fc-0bbc-4ef5-ad20-95ef1e8fc62d: not valid; 1.4 s; peak memory 6212 MiB.
2026-09-18T10:28:03Z INFO [489/500] 058b52e5-37f6-48a0-9225-37322a6e770d: valid; 1.2 s; peak memory 6213 MiB.
2026-09-18T10:28:04Z INFO [490/500] 058b6ddb-08a5-45c6-8334-d49446e7eb03: valid; 1.3 s; peak memory 6213 MiB.
2026-09-18T10:28:08Z INFO [491/500] 058c0235-e6c0-4d77-8f97-5e0d22ff508f: valid; 4.4 s; peak memory 6218 MiB.
2026-09-18T10:28:14Z INFO [492/500] 058c5e60-fc23-4caf-9c7d-59a189d6dab5: valid; 5.9 s; peak memory 6234 MiB.
2026-09-18T10:28:15Z INFO [493/500] 058c8640-026b-4d51-9391-25efac3c7c97: valid; 0.9 s; peak memory 6235 MiB.
2026-09-18T10:28:17Z INFO [494/500] 058cd34e-2fb5-42cb-b70b-59fa4a8ae5b7: valid; 2.1 s; peak memory 6237 MiB.
2026-09-18T10:28:25Z INFO [495/500] 058cdc4b-671b-4b11-8802-81802e2b1e9a: not valid; 7.9 s; peak memory 6268 MiB.
2026-09-18T10:28:26Z WARNING 058cea85-48e2-49c9-aaa2-22c2d72cc3de: failed while opening the NWB file (ConstructError: (root/acquisition/_iblmic_audioSpectrogram/bands GroupBuilder {'attributes': {'colnames': array(['freq'], dtype=object), 'description': 'spectogram frequencies', 'namespace': 'core', 'neurodata_type': 'FrequencyBandsTable', 'object_id': '25cb0ab3-5991-4264-b2dc-07a26a03c992'}, 'groups': {}, 'datasets': {'freq': root/acquisition/_iblmic_audioSpectrogram/bands/freq DatasetBuilder {'attributes': {'description': 'frequency value', 'namespace': 'hdmf-common', 'neurodata_type': 'VectorData', 'object_id': 'f32a16a2-23dc-42ef-b989-48b44b12f956'}, 'data': <HDF5 dataset "freq": shape (257,), type "<f4">}, 'id': root/acquisition/_iblmic_audioSpectrogram/bands/id DatasetBuilder {'attributes': {'namespace': 'hdmf-common', 'neurodata_type': 'ElementIdentifiers', 'object_id': '755822a1-25e4-4140-bcea-99aae0b7637e'}, 'data': <HDF5 dataset "id": shape (257,), type "<i4">}}, 'links': {}}, "Could not construct FrequencyBandsTable object due to: column must have the same number of rows as 'id'"))
2026-09-18T10:28:30Z INFO [497/500] 058d43d3-4983-4c79-91af-84ef1a203520: not valid; 4.3 s; peak memory 6285 MiB.
2026-09-18T10:28:31Z INFO [498/500] 058d855c-8d5f-45f6-830b-480d451d5b83: valid; 0.7 s; peak memory 6285 MiB.
2026-09-18T10:28:32Z INFO [499/500] 058f0b11-b9be-4f63-bebe-3870c515b388: valid; 1.3 s; peak memory 6287 MiB.
2026-09-18T10:28:37Z INFO [500/500] 058f5c26-c13c-4f40-8a5a-e01227def5d0: valid; 4.9 s; peak memory 6299 MiB.
2026-09-18T10:28:38Z INFO [500/500] 058f5c26-c13c-4f40-8a5a-e01227def5d0: checkpointed 68510 records.
2026-09-18T10:28:38Z INFO Wrote 68510 records to /tmp/derivatives/content_id_to_valid_nwb_file.jsonl (478 new, 22 failed) in 19.0 min (peak memory 6301 MiB).
