2026-09-24T20:52:17Z INFO Logging to /tmp/logs/update_2026-09-24T20-52-17Z.log.
2026-09-24T20:52:17Z INFO Update content-id-to-valid-nwb-file (base directory /tmp).
2026-09-24T20:52:20Z INFO Processing 500 items (78010 already recorded).
2026-09-24T20:52:22Z INFO [1/500] 140d6a19-4df5-4270-9d32-39f611e7cebd: valid; 2.0 s; peak memory 337 MiB.
2026-09-24T20:52:27Z INFO [2/500] 140daf18-4ba4-41e8-875b-b8754eb60902: valid; 5.2 s; peak memory 357 MiB.
2026-09-24T20:52:29Z INFO [3/500] 140df9e8-33d8-4d89-a32f-0e32db74ea50: valid; 1.8 s; peak memory 359 MiB.
2026-09-24T20:52:31Z INFO [4/500] 140f0506-6d4a-4a14-8a0a-6a20fa1b878f: valid; 1.4 s; peak memory 362 MiB.
2026-09-24T20:52:40Z INFO [5/500] 140fa8ec-d3b1-4ef4-8a99-0385d590e2c4: valid; 9.5 s; peak memory 405 MiB.
2026-09-24T20:52:42Z INFO [6/500] 141004a8-ca6f-45bc-98e3-cbe2d42c123c: not valid; 2.0 s; peak memory 412 MiB.
2026-09-24T20:52:44Z INFO [7/500] 1410667e-d693-4b4a-a24e-86e6b1bd4feb: not valid; 1.5 s; peak memory 419 MiB.
2026-09-24T20:52:51Z INFO [8/500] 14106e74-30a8-4441-93f8-675f77c48049: valid; 7.2 s; peak memory 443 MiB.
2026-09-24T20:52:53Z WARNING 14112ad7-1807-4f3f-8be4-2e0fcb74baaa: failed while opening the NWB file (ConstructError: (root/acquisition/event_code_meanings GroupBuilder {'attributes': {'colnames': array(['value', 'meaning'], dtype=object), 'description': 'Mapping integer event codes to event labels', 'namespace': 'ndx-events', 'neurodata_type': 'MeaningsTable', 'object_id': 'b997facd-0292-4fef-8a8d-19ce2076d986'}, 'groups': {}, 'datasets': {'id': root/acquisition/event_code_meanings/id DatasetBuilder {'attributes': {'namespace': 'hdmf-common', 'neurodata_type': 'ElementIdentifiers', 'object_id': '73ed49ec-47cf-4419-894f-7062a1df57c3'}, 'data': <HDF5 dataset "id": shape (26,), type "<i8">}, 'meaning': root/acquisition/event_code_meanings/meaning DatasetBuilder {'attributes': {'description': 'The meaning of the value in the parent CategoricalVectorData object.', 'namespace': 'hdmf-experimental', 'neurodata_type': 'VectorData', 'object_id': 'c48506c2-bee3-4e5c-bbed-823b9386fd0e'}, 'data': <StrDataset for HDF5 dataset "meaning": shape (26,), type "|O">}, 'value': root/acquisition/event_code_meanings/value DatasetBuilder {'attributes': {'description': 'The value of the parent CategoricalVectorData object.', 'namespace': 'hdmf-experimental', 'neurodata_type': 'VectorData', 'object_id': 'f323a0e0-05eb-40a2-8f8b-3b787ec6682b'}, 'data': <HDF5 dataset "value": shape (26,), type "<i8">}}, 'links': {}}, "Could not construct MeaningsTable object due to: MeaningsTable.__init__: missing argument 'target'"))
2026-09-24T20:53:03Z INFO [10/500] 1411b7b2-a684-4685-8283-b5538a43937f: valid; 9.9 s; peak memory 510 MiB.
2026-09-24T20:53:05Z INFO [11/500] 1411c120-413a-459d-8b1f-a20af6049594: not valid; 2.2 s; peak memory 517 MiB.
2026-09-24T20:53:09Z INFO [12/500] 1412227e-8f15-4e41-bb2d-a0969e21ce21: not valid; 3.5 s; peak memory 529 MiB.
2026-09-24T20:53:11Z INFO [13/500] 14127397-a785-4832-95d4-d495abe26b40: not valid; 2.5 s; peak memory 533 MiB.
2026-09-24T20:53:13Z INFO [14/500] 141350d6-de61-4640-a9ae-e4d9f3b8e5c7: valid; 1.9 s; peak memory 533 MiB.
2026-09-24T20:53:17Z INFO [15/500] 14135730-3943-48b0-9d5b-bfb27dc57cd6: valid; 3.9 s; peak memory 533 MiB.
2026-09-24T20:53:39Z INFO [16/500] 14136c6f-1509-4fa8-a79c-a5d7bd056274: valid; 21.7 s; peak memory 593 MiB.
2026-09-24T20:53:42Z INFO [17/500] 1413d511-3397-444c-b6c8-6b80396ed000: valid; 3.2 s; peak memory 594 MiB.
2026-09-24T20:53:44Z INFO [18/500] 1414c708-f6d7-42cf-840a-d0ec24be54d0: valid; 1.9 s; peak memory 594 MiB.
2026-09-24T20:53:46Z INFO [19/500] 1414d14f-563c-4c76-a97f-42d20f80be94: not valid; 2.0 s; peak memory 594 MiB.
2026-09-24T20:53:48Z INFO [20/500] 14158c79-4d4d-4ff9-b19f-ac7c4c57ba7c: valid; 1.7 s; peak memory 594 MiB.
2026-09-24T20:53:50Z INFO [21/500] 1415c6bf-4d6a-4749-a783-b34e0db7da5f: valid; 2.3 s; peak memory 596 MiB.
2026-09-24T20:53:51Z INFO [22/500] 14160f10-0bea-4ad6-af7f-560ee25a974b: valid; 1.5 s; peak memory 597 MiB.
2026-09-24T20:53:53Z INFO [23/500] 1416a241-85cf-46f3-92e3-e6e3f4644ea8: valid; 1.4 s; peak memory 598 MiB.
2026-09-24T20:53:54Z INFO [24/500] 1416bb56-22ee-48b1-a2b1-7e364608b579: valid; 1.4 s; peak memory 599 MiB.
2026-09-24T20:53:59Z INFO [25/500] 141752eb-3e85-453e-8c17-77a562bbbaa2: valid; 4.9 s; peak memory 613 MiB.
2026-09-24T20:54:01Z INFO [26/500] 1417ab7e-e29d-4772-9c21-132de4e57719: valid; 2.2 s; peak memory 616 MiB.
2026-09-24T20:54:03Z INFO [27/500] 1417d2e9-02d5-4aea-b730-7708e781d052: not valid; 1.6 s; peak memory 622 MiB.
2026-09-24T20:54:06Z INFO [28/500] 14180e00-d42a-46cb-a756-321d0bbaced6: valid; 2.6 s; peak memory 626 MiB.
2026-09-24T20:54:09Z WARNING 1418aaf4-190e-4f19-9d7b-d1a10e292a4a: failed while opening the NWB file (ConstructError: (root/general/optogenetics/PatternedOptogeneticStimulusSite GroupBuilder {'attributes': {'effector': 'GUR-3/PRDX-2', 'namespace': 'ndx-patterned-ogen', 'neurodata_type': 'PatternedOptogeneticStimulusSite', 'object_id': '16ed4cdc-19f2-49e2-903b-b518da6e42b8'}, 'groups': {}, 'datasets': {'description': root/general/optogenetics/PatternedOptogeneticStimulusSite/description DatasetBuilder {'attributes': {}, 'data': 'Scanning'}, 'excitation_lambda': root/general/optogenetics/PatternedOptogeneticStimulusSite/excitation_lambda DatasetBuilder {'attributes': {}, 'data': np.float64(850.0)}, 'location': root/general/optogenetics/PatternedOptogeneticStimulusSite/location DatasetBuilder {'attributes': {}, 'data': 'whole brain'}}, 'links': {'device': root/general/optogenetics/PatternedOptogeneticStimulusSite/device LinkBuilder {'builder': root/general/devices/OptogeneticDevice GroupBuilder {'attributes': {'description': '', 'namespace': 'core', 'neurodata_type': 'Device', 'object_id': 'd1220ea6-1193-444e-8617-ac5bcf60c9e0'}, 'groups': {}, 'datasets': {}, 'links': {}}}, 'light_source': root/general/optogenetics/PatternedOptogeneticStimulusSite/light_source LinkBuilder {'builder': root/general/devices/AmplifiedLaser GroupBuilder {'attributes': {'description': 'For two-photon optogenetic targeting, we used an optical parametric amplifier (OPA; Light Conversion ORPHEUS) pumped by a femtosecond amplified laser (Light Conversion PHAROS).', 'filter_description': 'Short pass at 1040 nm', 'manufacturer': 'Light Conversion', 'model': 'ORPHEUS amplifier and PHAROS laser', 'namespace': 'ndx-patterned-ogen', 'neurodata_type': 'LightSource', 'object_id': '92aa92c9-090d-4c23-b16c-c1e021aea76e', 'peak_power_in_W': np.float64(0.0012), 'pulse_rate_in_Hz': np.float64(500000.0), 'stimulation_wavelength_in_nm': np.float64(850.0)}, 'groups': {}, 'datasets': {}, 'links': {}}}}}, "Could not construct PatternedOptogeneticStimulusSite object due to: CustomClassGenerator.set_init.<locals>.__init__: incorrect type for 'spatial_light_modulator' (got 'list', expected 'Device')"))
2026-09-24T20:54:11Z INFO [30/500] 14192d0c-b34c-4772-b377-abe77a24baff: valid; 2.3 s; peak memory 626 MiB.
2026-09-24T20:54:39Z INFO [31/500] 14193470-d163-467c-a127-8a5b294407df: not valid; 27.5 s; peak memory 679 MiB.
2026-09-24T20:54:40Z INFO [32/500] 14195087-9eec-4ffd-a0af-1574e7814860: valid; 1.2 s; peak memory 681 MiB.
2026-09-24T20:54:41Z INFO [33/500] 14195c89-ce4a-4cb4-859d-6148d032e3da: valid; 1.2 s; peak memory 683 MiB.
2026-09-24T20:54:43Z INFO [34/500] 141a1445-d561-486b-93bd-ae85783ab7fc: not valid; 1.7 s; peak memory 685 MiB.
2026-09-24T20:54:45Z INFO [35/500] 141a7ae7-7a49-4263-a245-450de25a9343: not valid; 1.8 s; peak memory 686 MiB.
2026-09-24T20:54:47Z INFO [36/500] 141bc464-61fb-4551-b500-79f470a4f13c: not valid; 2.3 s; peak memory 693 MiB.
2026-09-24T20:54:50Z INFO [37/500] 141c0b61-ceee-4005-b8b1-a92869bad548: valid; 2.9 s; peak memory 703 MiB.
2026-09-24T20:54:53Z INFO [38/500] 141cedab-9346-4da4-9ea7-48b588394798: valid; 3.1 s; peak memory 713 MiB.
2026-09-24T20:54:56Z INFO [39/500] 141daa27-99a5-46c7-9380-a8c23260535a: valid; 3.0 s; peak memory 721 MiB.
2026-09-24T20:54:57Z INFO [40/500] 141e311b-3ee3-49a6-aa24-c792661aa109: not valid; 1.5 s; peak memory 721 MiB.
2026-09-24T20:55:03Z INFO [41/500] 141e5013-a599-4029-9076-c41ce25053cc: valid; 6.0 s; peak memory 721 MiB.
2026-09-24T20:55:05Z INFO [42/500] 141f23d9-9a0a-411c-8a98-c1f2392aec52: valid; 1.5 s; peak memory 721 MiB.
2026-09-24T20:55:09Z INFO [43/500] 141f5092-e684-4baa-9719-961a600b3d27: valid; 4.4 s; peak memory 721 MiB.
2026-09-24T20:55:11Z INFO [44/500] 141f7cf6-e92e-4d18-929b-4aa2ba8e3050: valid; 1.5 s; peak memory 721 MiB.
2026-09-24T20:55:12Z INFO [45/500] 141f8028-553e-4fdc-aa9b-693dcf2d7ab8: valid; 1.5 s; peak memory 721 MiB.
2026-09-24T20:55:14Z INFO [46/500] 142022cf-2aba-44bb-b2ea-ae1872222bcc: valid; 1.7 s; peak memory 721 MiB.
2026-09-24T20:55:17Z INFO [47/500] 1420b59b-f723-4d2e-8012-1e9e8e8eff34: valid; 2.9 s; peak memory 721 MiB.
2026-09-24T20:55:19Z INFO [48/500] 1420fd5c-3862-48a1-b4e6-74839445f03a: not valid; 1.7 s; peak memory 721 MiB.
2026-09-24T20:55:20Z INFO [49/500] 14210b38-a30b-47b1-8b1b-f7905a39eeea: valid; 1.6 s; peak memory 721 MiB.
2026-09-24T20:55:22Z INFO [50/500] 14210ce1-83ce-4e32-be97-64d4bfdb705d: valid; 2.1 s; peak memory 721 MiB.
2026-09-24T20:55:23Z INFO [50/500] 14210ce1-83ce-4e32-be97-64d4bfdb705d: checkpointed 78060 records.
2026-09-24T20:55:45Z INFO [51/500] 14211320-b91f-4dac-af94-b62a1814478e: valid; 21.7 s; peak memory 721 MiB.
2026-09-24T20:55:58Z INFO [52/500] 14211b71-ca3f-46f9-b2ff-e9a862d58125: not valid; 13.7 s; peak memory 723 MiB.
2026-09-24T20:56:00Z INFO [53/500] 142154bf-072a-4c6e-92bc-33b6b31367d5: valid; 1.4 s; peak memory 723 MiB.
2026-09-24T20:56:01Z INFO [54/500] 1421b1f7-ecef-4930-8a85-e1f4c4e9a6da: valid; 1.5 s; peak memory 725 MiB.
2026-09-24T20:56:04Z INFO [55/500] 1421e59e-b276-45fb-9c35-96eb9aeb0a32: valid; 2.8 s; peak memory 728 MiB.
2026-09-24T20:56:06Z INFO [56/500] 142236c6-913f-4016-878d-e2a317e7e607: valid; 1.9 s; peak memory 729 MiB.
2026-09-24T20:56:16Z INFO [57/500] 1422d6ff-410f-4470-aa64-4c2ee12e6b1f: valid; 9.9 s; peak memory 737 MiB.
2026-09-24T20:56:20Z INFO [58/500] 1422eb3e-4bf2-42aa-ae0f-043615a6c4c8: valid; 4.7 s; peak memory 737 MiB.
2026-09-24T20:56:23Z INFO [59/500] 14238621-745a-4d5c-8f1a-4e341b1d8f5c: valid; 2.9 s; peak memory 737 MiB.
2026-09-24T20:56:27Z INFO [60/500] 14244adf-e703-417a-94cd-270cae15d7f2: not valid; 3.3 s; peak memory 737 MiB.
2026-09-24T20:56:28Z INFO [61/500] 1424bff1-1ac1-4e48-9e81-4428d68a80b2: valid; 1.7 s; peak memory 737 MiB.
2026-09-24T20:56:31Z INFO [62/500] 14252a43-cddb-4a65-90b1-f9e6aaf983a2: not valid; 2.5 s; peak memory 737 MiB.
2026-09-24T20:56:32Z INFO [63/500] 1425ac25-b42d-4fa0-b713-2a67011449f5: valid; 1.6 s; peak memory 737 MiB.
2026-09-24T20:56:38Z INFO [64/500] 1425d8d9-fd35-4488-933a-e76e0a7d3784: valid; 5.5 s; peak memory 738 MiB.
2026-09-24T20:56:40Z INFO [65/500] 1425e49d-5baa-410e-b8d0-f24cb7825aa3: not valid; 2.0 s; peak memory 741 MiB.
2026-09-24T20:56:43Z INFO [66/500] 14265deb-889d-489b-8738-397d842804a1: valid; 2.7 s; peak memory 745 MiB.
2026-09-24T20:57:03Z INFO [67/500] 1428b380-7178-40f7-a16e-bb8661aa4f8a: not valid; 20.4 s; peak memory 790 MiB.
2026-09-24T20:57:05Z INFO [68/500] 1429063a-d901-4e59-b906-87c44e6f1216: valid; 1.7 s; peak memory 790 MiB.
2026-09-24T20:57:08Z INFO [69/500] 14293146-1521-481f-aaa0-0d4941ce6ee4: valid; 3.1 s; peak memory 790 MiB.
2026-09-24T20:57:11Z INFO [70/500] 14293adc-218b-4330-8098-27ddeff26dda: valid; 2.9 s; peak memory 791 MiB.
2026-09-24T20:57:13Z INFO [71/500] 1429b483-42eb-46f2-9c72-ba51074d14d7: valid; 2.2 s; peak memory 792 MiB.
2026-09-24T20:57:15Z INFO [72/500] 1429cec2-903f-4af0-856f-5c8726e1c8e6: valid; 2.4 s; peak memory 794 MiB.
2026-09-24T20:57:17Z INFO [73/500] 142a2883-0f91-4a69-914a-0487eba12ecf: valid; 1.7 s; peak memory 795 MiB.
2026-09-24T20:57:19Z INFO [74/500] 142ad108-c964-4a69-a569-7ff5ac2fa97d: valid; 2.3 s; peak memory 796 MiB.
2026-09-24T20:57:21Z INFO [75/500] 142b859d-bf88-4007-8721-2da19ca4ef69: not valid; 1.6 s; peak memory 797 MiB.
2026-09-24T20:57:34Z INFO [76/500] 142bb2b1-a2da-461f-b88f-476870fecd76: valid; 12.9 s; peak memory 825 MiB.
2026-09-24T20:57:42Z INFO [77/500] 142c56bf-4334-4a73-94f5-87b4f6804371: valid; 7.8 s; peak memory 859 MiB.
2026-09-24T20:57:44Z INFO [78/500] 142c7041-d201-4884-b01c-8fce9dc6d127: valid; 2.6 s; peak memory 866 MiB.
2026-09-24T20:57:46Z INFO [79/500] 142c7634-d740-48fc-88d8-7975826416ff: valid; 2.1 s; peak memory 871 MiB.
2026-09-24T20:57:50Z INFO [80/500] 142cee98-7f20-4379-a972-825c49814703: valid; 3.3 s; peak memory 873 MiB.
2026-09-24T20:57:52Z INFO [81/500] 142d9a10-d8c1-4dbf-9104-653b9c0d67c4: not valid; 2.1 s; peak memory 873 MiB.
2026-09-24T20:57:53Z INFO [82/500] 142f38bc-b586-438b-8746-c85624b4b295: valid; 1.7 s; peak memory 873 MiB.
2026-09-24T20:57:56Z INFO [83/500] 142f8415-8253-453e-bc8b-314f163d2a98: valid; 2.4 s; peak memory 873 MiB.
2026-09-24T20:57:57Z INFO [84/500] 142f9421-4632-4231-bf5c-2d2e3624c8ca: valid; 1.3 s; peak memory 873 MiB.
2026-09-24T20:58:00Z INFO [85/500] 14301114-4cbc-4056-97d4-784a1f226216: valid; 3.2 s; peak memory 873 MiB.
2026-09-24T20:58:02Z INFO [86/500] 143035b0-c1a8-42b3-8830-3cbffc4b6c0b: valid; 1.6 s; peak memory 873 MiB.
2026-09-24T20:58:02Z WARNING 1430511d-e061-4868-8aaa-ce34261ec411: failed while retrieving asset information from the DANDI API (NotFoundError: No such Dandiset: 000561)
2026-09-24T20:58:13Z INFO [88/500] 1430a55c-3209-481a-a07b-79139bcc20c2: valid; 11.1 s; peak memory 982 MiB.
2026-09-24T20:58:25Z INFO [89/500] 1430ea8f-aad9-4131-bd3e-ecec7084602f: valid; 11.5 s; peak memory 986 MiB.
2026-09-24T20:58:28Z INFO [90/500] 1430eece-7eac-407e-aa44-2db9ef940965: valid; 4.0 s; peak memory 991 MiB.
2026-09-24T20:58:34Z INFO [91/500] 14311d38-c22a-4db4-999f-fee68eb9c116: valid; 5.2 s; peak memory 991 MiB.
2026-09-24T20:58:35Z INFO [92/500] 1431357e-e364-49f3-95cb-b2491c2c5824: valid; 1.3 s; peak memory 991 MiB.
2026-09-24T20:58:37Z INFO [93/500] 14314181-47b3-4458-9bcf-7f22efdb33e9: valid; 1.7 s; peak memory 991 MiB.
2026-09-24T20:58:47Z INFO [94/500] 14318d45-0d44-4cc1-889b-b115e1ca5867: valid; 9.9 s; peak memory 991 MiB.
2026-09-24T20:58:49Z INFO [95/500] 14319865-21b5-4a51-bcf0-658e9e7e15cc: not valid; 2.3 s; peak memory 991 MiB.
2026-09-24T20:58:51Z INFO [96/500] 143214c4-99e7-4d28-81b2-7f295f3fe1d5: valid; 1.6 s; peak memory 991 MiB.
2026-09-24T20:58:54Z INFO [97/500] 14328230-c709-4e8d-86d8-d95a967a5f00: valid; 3.4 s; peak memory 992 MiB.
2026-09-24T20:58:56Z INFO [98/500] 1432c1af-2bf9-4d73-ba58-73fd88259918: valid; 1.9 s; peak memory 992 MiB.
2026-09-24T20:58:58Z INFO [99/500] 1432ebb3-a9fa-409b-9279-aedb28aa4582: valid; 2.2 s; peak memory 992 MiB.
2026-09-24T20:59:00Z INFO [100/500] 14334446-eda5-48f4-b255-e22566518e77: not valid; 1.8 s; peak memory 992 MiB.
2026-09-24T20:59:00Z INFO [100/500] 14334446-eda5-48f4-b255-e22566518e77: checkpointed 78110 records.
2026-09-24T20:59:03Z INFO [101/500] 1433a64a-3153-4458-80fc-6200754c7bd0: valid; 3.1 s; peak memory 992 MiB.
2026-09-24T20:59:05Z INFO [102/500] 1433c107-62b1-4f66-8a4d-49af4feaca42: not valid; 1.7 s; peak memory 992 MiB.
2026-09-24T20:59:07Z INFO [103/500] 1433d8e4-2495-4110-9065-f4a3e3dcf1c8: not valid; 1.8 s; peak memory 992 MiB.
2026-09-24T20:59:08Z INFO [104/500] 1433dfaa-5064-4ec3-8b9b-ba88eb91300c: valid; 1.4 s; peak memory 992 MiB.
2026-09-24T20:59:10Z WARNING 14346040-2e3c-4477-93bd-4c24a6c6e9a7: failed while opening the NWB file (ConstructError: (root/acquisition/_iblmic_audioSpectrogram/bands GroupBuilder {'attributes': {'colnames': array(['freq'], dtype=object), 'description': 'spectogram frequencies', 'namespace': 'core', 'neurodata_type': 'FrequencyBandsTable', 'object_id': '94ef6828-8bf5-4754-b6b3-3f246e23a8ae'}, 'groups': {}, 'datasets': {'freq': root/acquisition/_iblmic_audioSpectrogram/bands/freq DatasetBuilder {'attributes': {'description': 'frequency value', 'namespace': 'hdmf-common', 'neurodata_type': 'VectorData', 'object_id': '6e2e9bad-3237-4f11-914c-2f8e8ed066b0'}, 'data': <HDF5 dataset "freq": shape (257,), type "<f4">}, 'id': root/acquisition/_iblmic_audioSpectrogram/bands/id DatasetBuilder {'attributes': {'namespace': 'hdmf-common', 'neurodata_type': 'ElementIdentifiers', 'object_id': '8989ec7e-188a-4fa9-9f42-3a76d9053c69'}, 'data': <HDF5 dataset "id": shape (257,), type "<i4">}}, 'links': {}}, "Could not construct FrequencyBandsTable object due to: column must have the same number of rows as 'id'"))
2026-09-24T20:59:13Z INFO [106/500] 1434e6e1-372a-419a-9ceb-7fa6ee326754: valid; 3.0 s; peak memory 999 MiB.
2026-09-24T20:59:15Z INFO [107/500] 1435473d-ffa6-42c3-bbd4-da71b388ba6a: not valid; 1.9 s; peak memory 999 MiB.
2026-09-24T20:59:17Z INFO [108/500] 143628f7-eff8-490f-9f92-4525599a084e: not valid; 1.8 s; peak memory 1000 MiB.
2026-09-24T20:59:20Z INFO [109/500] 143684d9-d816-4893-9849-bb7354e9fa60: not valid; 3.2 s; peak memory 1005 MiB.
2026-09-24T20:59:22Z INFO [110/500] 14369bfc-b1ba-4545-9a0f-b8e236574813: valid; 1.6 s; peak memory 1006 MiB.
2026-09-24T20:59:24Z INFO [111/500] 1436d8ff-7b07-4e64-b662-e6be93454f21: valid; 2.0 s; peak memory 1010 MiB.
2026-09-24T20:59:24Z WARNING 1437c570-5571-4663-a008-21e02311be56: failed while retrieving asset information from the DANDI API (NotFoundError: No such Dandiset: 000948)
2026-09-24T20:59:26Z INFO [113/500] 14385566-1600-4689-bf01-a20bb49e7406: valid; 1.6 s; peak memory 1010 MiB.
2026-09-24T20:59:35Z INFO [114/500] 14386d28-e976-4726-b6bc-7dff74cfa833: valid; 9.1 s; peak memory 1016 MiB.
2026-09-24T20:59:46Z INFO [115/500] 14394755-ea75-4ab7-8718-d9e5b69ed465: valid; 11.4 s; peak memory 1054 MiB.
2026-09-24T20:59:47Z INFO [116/500] 14397d6a-f740-4e8b-b9f0-60aa35e40397: valid; 1.4 s; peak memory 1056 MiB.
2026-09-24T20:59:49Z INFO [117/500] 1439be57-7ec4-4cca-8a50-215d8de2b964: not valid; 1.7 s; peak memory 1058 MiB.
2026-09-24T21:00:04Z INFO [118/500] 1439c189-a12c-4bfe-bff3-aa9e5d001a42: valid; 14.8 s; peak memory 1199 MiB.
2026-09-24T21:00:06Z INFO [119/500] 143a05a3-6026-4cc1-8f74-b8d3195b99b1: valid; 2.2 s; peak memory 1199 MiB.
2026-09-24T21:00:08Z INFO [120/500] 143a2a08-33cb-43de-ba9e-84ca86adc841: not valid; 1.6 s; peak memory 1199 MiB.
2026-09-24T21:00:10Z WARNING 143a4028-ed55-4725-b93b-1c6ebc71b499: failed while opening the NWB file (ConstructError: (root/acquisition/_iblmic_audioSpectrogram/bands GroupBuilder {'attributes': {'colnames': array(['freq'], dtype=object), 'description': 'spectogram frequencies', 'namespace': 'core', 'neurodata_type': 'FrequencyBandsTable', 'object_id': '937ffd53-931e-48ad-8f6f-bf2dcf1a0706'}, 'groups': {}, 'datasets': {'freq': root/acquisition/_iblmic_audioSpectrogram/bands/freq DatasetBuilder {'attributes': {'description': 'frequency value', 'namespace': 'hdmf-common', 'neurodata_type': 'VectorData', 'object_id': '792f895e-8d94-4afb-87dc-65a2d8165b69'}, 'data': <HDF5 dataset "freq": shape (257,), type "<f4">}, 'id': root/acquisition/_iblmic_audioSpectrogram/bands/id DatasetBuilder {'attributes': {'namespace': 'hdmf-common', 'neurodata_type': 'ElementIdentifiers', 'object_id': 'ded59aed-3a8b-455f-a71c-924a10f0ca2a'}, 'data': <HDF5 dataset "id": shape (257,), type "<i4">}}, 'links': {}}, "Could not construct FrequencyBandsTable object due to: column must have the same number of rows as 'id'"))
2026-09-24T21:00:11Z INFO [122/500] 143ac24e-ad03-4187-9a33-b589bcfea2b0: not valid; 1.6 s; peak memory 1199 MiB.
2026-09-24T21:00:15Z INFO [123/500] 143ad812-5db9-48e7-b62b-bf38ee90d00e: valid; 3.8 s; peak memory 1199 MiB.
2026-09-24T21:00:17Z INFO [124/500] 143af1df-857e-4a99-8561-b6ef18b02dfa: valid; 1.6 s; peak memory 1199 MiB.
2026-09-24T21:00:19Z INFO [125/500] 143b33e9-fdc5-43e6-b259-5f56cfbd81d0: not valid; 2.0 s; peak memory 1199 MiB.
2026-09-24T21:00:21Z INFO [126/500] 143b9dc7-7a6c-4066-848a-bc5f95c69653: not valid; 2.2 s; peak memory 1199 MiB.
2026-09-24T21:00:23Z INFO [127/500] 143bac33-5ef6-4571-9b02-bd1caa49abda: not valid; 1.6 s; peak memory 1199 MiB.
2026-09-24T21:00:24Z INFO [128/500] 143c718a-77e8-4d19-b57c-35d112163960: not valid; 1.3 s; peak memory 1199 MiB.
2026-09-24T21:00:25Z INFO [129/500] 143cab6a-d46e-4344-b9f5-39120fb67a45: valid; 1.5 s; peak memory 1199 MiB.
2026-09-24T21:00:28Z INFO [130/500] 143db696-6fe8-43dd-acfa-0d4f6b3e5ac6: valid; 2.5 s; peak memory 1199 MiB.
2026-09-24T21:00:34Z INFO [131/500] 143f9d5c-7813-4aca-b989-5fb9bdf5d7b3: valid; 5.8 s; peak memory 1199 MiB.
2026-09-24T21:00:36Z INFO [132/500] 1440003d-74e8-4bf2-9af7-1af003abb106: valid; 2.3 s; peak memory 1199 MiB.
2026-09-24T21:00:38Z INFO [133/500] 1440c99a-0c4d-4c22-b7bf-1a13e76598e4: valid; 1.6 s; peak memory 1199 MiB.
2026-09-24T21:00:40Z INFO [134/500] 14410230-3897-49f4-8a10-b15b30f11791: valid; 2.5 s; peak memory 1199 MiB.
2026-09-24T21:00:42Z INFO [135/500] 144121f7-775c-4675-917c-33666b4f5948: valid; 1.6 s; peak memory 1199 MiB.
2026-09-24T21:00:43Z INFO [136/500] 144174a1-50f5-48d4-bff9-1ac24ccbf043: valid; 1.4 s; peak memory 1199 MiB.
2026-09-24T21:00:47Z INFO [137/500] 1441832b-bc66-4b3f-9ad7-4311d6d83e80: valid; 3.6 s; peak memory 1199 MiB.
2026-09-24T21:00:48Z INFO [138/500] 1441f2b4-3881-4b34-be22-8f32e11a7fe2: valid; 1.5 s; peak memory 1199 MiB.
2026-09-24T21:01:00Z INFO [139/500] 14439162-c73a-4622-bc43-db62af7c9709: valid; 11.7 s; peak memory 1232 MiB.
2026-09-24T21:01:02Z INFO [140/500] 1443cb9f-5486-43ee-9e64-24049d7bbf70: not valid; 2.4 s; peak memory 1238 MiB.
2026-09-24T21:01:04Z INFO [141/500] 144413d8-362a-4b25-8996-d02a38625ac0: not valid; 1.8 s; peak memory 1239 MiB.
2026-09-24T21:01:07Z INFO [142/500] 14456a3e-4527-41cd-a140-744445da59af: valid; 2.7 s; peak memory 1243 MiB.
2026-09-24T21:01:10Z INFO [143/500] 1445db39-2200-47d5-b59b-566465b8667b: valid; 3.1 s; peak memory 1267 MiB.
2026-09-24T21:01:12Z INFO [144/500] 1445ddfd-6848-4785-8e5d-6721540fe096: valid; 1.7 s; peak memory 1267 MiB.
2026-09-24T21:01:14Z INFO [145/500] 1445f449-327c-4908-a2fa-58212fdd72a4: valid; 2.3 s; peak memory 1275 MiB.
2026-09-24T21:01:15Z INFO [146/500] 14463653-6487-496d-80f7-d9ecf89a878d: valid; 1.6 s; peak memory 1276 MiB.
2026-09-24T21:01:18Z INFO [147/500] 14482f38-c2ce-4c2c-9ce3-fbfc72f76357: valid; 2.2 s; peak memory 1277 MiB.
2026-09-24T21:01:20Z INFO [148/500] 14490e25-b027-497b-bc57-4450ccd39af0: valid; 2.6 s; peak memory 1284 MiB.
2026-09-24T21:01:50Z INFO [149/500] 14496d41-7ac6-4777-840b-c3fed0e4599c: valid; 30.2 s; peak memory 1547 MiB.
2026-09-24T21:02:02Z INFO [150/500] 14499a2a-ab2d-4032-8e5a-34fc268824cb: valid; 11.3 s; peak memory 1582 MiB.
2026-09-24T21:02:02Z INFO [150/500] 14499a2a-ab2d-4032-8e5a-34fc268824cb: checkpointed 78160 records.
2026-09-24T21:02:17Z INFO [151/500] 1449d058-1611-40ef-9abb-e2f3515298c1: valid; 15.1 s; peak memory 1650 MiB.
2026-09-24T21:02:30Z INFO [152/500] 1449d297-538a-47c3-963b-75063a70501a: not valid; 12.3 s; peak memory 1709 MiB.
2026-09-24T21:02:32Z INFO [153/500] 144a4947-562e-4f23-b532-74c5295b1c78: valid; 2.2 s; peak memory 1713 MiB.
2026-09-24T21:02:34Z INFO [154/500] 144a76b0-e9b2-4bfe-882e-bde75f0a0030: valid; 2.3 s; peak memory 1713 MiB.
2026-09-24T21:02:47Z INFO [155/500] 144aaef4-e30b-4f04-89c0-be830ed76be7: valid; 12.8 s; peak memory 1713 MiB.
2026-09-24T21:02:50Z INFO [156/500] 144be729-2307-444d-b645-9ea7ad89e140: valid; 2.7 s; peak memory 1713 MiB.
2026-09-24T21:02:51Z WARNING 144beef4-3fbd-4589-bdc3-d967aa7957ff: failed while opening the NWB file (ConstructError: (root/acquisition/event_code_meanings GroupBuilder {'attributes': {'colnames': array(['value', 'meaning'], dtype=object), 'description': 'Mapping integer event codes to event labels', 'namespace': 'ndx-events', 'neurodata_type': 'MeaningsTable', 'object_id': '1968191b-577e-4faf-9c9f-7fcb62c9bcd2'}, 'groups': {}, 'datasets': {'id': root/acquisition/event_code_meanings/id DatasetBuilder {'attributes': {'namespace': 'hdmf-common', 'neurodata_type': 'ElementIdentifiers', 'object_id': '76f3034c-2f62-4cf9-a567-1a3bc8532011'}, 'data': <HDF5 dataset "id": shape (26,), type "<i8">}, 'meaning': root/acquisition/event_code_meanings/meaning DatasetBuilder {'attributes': {'description': 'The meaning of the value in the parent CategoricalVectorData object.', 'namespace': 'hdmf-experimental', 'neurodata_type': 'VectorData', 'object_id': '3a6000ff-8fe5-483f-b959-3c2182da1178'}, 'data': <StrDataset for HDF5 dataset "meaning": shape (26,), type "|O">}, 'value': root/acquisition/event_code_meanings/value DatasetBuilder {'attributes': {'description': 'The value of the parent CategoricalVectorData object.', 'namespace': 'hdmf-experimental', 'neurodata_type': 'VectorData', 'object_id': 'f0e6ec7e-5184-433a-8a21-e5a64c0783e8'}, 'data': <HDF5 dataset "value": shape (26,), type "<i8">}}, 'links': {}}, "Could not construct MeaningsTable object due to: MeaningsTable.__init__: missing argument 'target'"))
2026-09-24T21:02:53Z INFO [158/500] 144c90d2-d374-4ca6-9114-5e4322b5a25f: valid; 1.6 s; peak memory 1713 MiB.
2026-09-24T21:02:54Z INFO [159/500] 144dd7a8-396d-4181-885f-936e935da850: valid; 1.6 s; peak memory 1713 MiB.
2026-09-24T21:03:08Z INFO [160/500] 144ddfa9-4a16-459d-8ebc-18789679252d: valid; 13.9 s; peak memory 1713 MiB.
2026-09-24T21:03:10Z INFO [161/500] 144df344-bed2-4d6c-9218-0e2f946f1447: valid; 1.7 s; peak memory 1713 MiB.
2026-09-24T21:03:30Z INFO [162/500] 144e6346-d362-4e31-b264-96cecbe63caa: valid; 19.6 s; peak memory 1713 MiB.
2026-09-24T21:03:32Z INFO [163/500] 144f1e86-c770-4f06-9c24-632e1ff04d25: valid; 2.1 s; peak memory 1713 MiB.
2026-09-24T21:03:34Z WARNING 145098a3-5bcc-4c48-b255-216106887c37: failed while opening the NWB file (ConstructError: (root/acquisition/_iblmic_audioSpectrogram/bands GroupBuilder {'attributes': {'colnames': array(['freq'], dtype=object), 'description': 'spectogram frequencies', 'namespace': 'core', 'neurodata_type': 'FrequencyBandsTable', 'object_id': '7e6a4980-3b92-4e82-942a-f262b61f1571'}, 'groups': {}, 'datasets': {'freq': root/acquisition/_iblmic_audioSpectrogram/bands/freq DatasetBuilder {'attributes': {'description': 'frequency value', 'namespace': 'hdmf-common', 'neurodata_type': 'VectorData', 'object_id': '2a7e26e0-050d-4415-b441-47568e34a042'}, 'data': <HDF5 dataset "freq": shape (257,), type "<f4">}, 'id': root/acquisition/_iblmic_audioSpectrogram/bands/id DatasetBuilder {'attributes': {'namespace': 'hdmf-common', 'neurodata_type': 'ElementIdentifiers', 'object_id': '04eb248b-a9a5-491f-819e-9f8b1c6dfb3f'}, 'data': <HDF5 dataset "id": shape (257,), type "<i4">}}, 'links': {}}, "Could not construct FrequencyBandsTable object due to: column must have the same number of rows as 'id'"))
2026-09-24T21:03:35Z INFO [165/500] 145140e7-4623-496d-aba5-5bd094656065: valid; 1.6 s; peak memory 1713 MiB.
2026-09-24T21:03:37Z INFO [166/500] 14517e4c-7d91-44a6-9cc3-5fce177f7cbe: not valid; 1.9 s; peak memory 1713 MiB.
2026-09-24T21:03:43Z INFO [167/500] 14518303-2c00-4221-b164-02cc460ca670: valid; 5.9 s; peak memory 1713 MiB.
2026-09-24T21:03:59Z INFO [168/500] 14519175-409f-431c-bab2-fc42d31f0066: valid; 16.3 s; peak memory 1716 MiB.
2026-09-24T21:04:12Z INFO [169/500] 1451a30f-34a2-4d6e-afc6-3977cbd845bb: valid; 12.5 s; peak memory 1718 MiB.
2026-09-24T21:04:14Z INFO [170/500] 14521ee1-b214-4c30-bfd6-c36cfb83d3a2: valid; 2.2 s; peak memory 1718 MiB.
2026-09-24T21:04:16Z INFO [171/500] 14523624-247e-4a4a-8a74-9337787371b5: valid; 2.1 s; peak memory 1718 MiB.
2026-09-24T21:04:37Z INFO [172/500] 14523d5a-ea53-49e6-9af1-fe2e03374193: valid; 20.9 s; peak memory 1820 MiB.
2026-09-24T21:04:38Z INFO [173/500] 14524907-1905-4b28-bf93-8f36f2c2b427: valid; 1.2 s; peak memory 1820 MiB.
2026-09-24T21:04:55Z INFO [174/500] 14527ec0-fc77-4c07-9ecc-a075a9edf6c0: valid; 16.3 s; peak memory 1851 MiB.
2026-09-24T21:04:56Z INFO [175/500] 14536600-423b-4e17-b589-a7d45fdbcc0b: valid; 1.5 s; peak memory 1854 MiB.
2026-09-24T21:04:59Z INFO [176/500] 1453f1b1-11de-4e59-b00b-ded90a56af9b: not valid; 2.3 s; peak memory 1856 MiB.
2026-09-24T21:05:00Z INFO [177/500] 14544f81-40f9-4c04-8d9f-fbd15927c3bc: valid; 1.6 s; peak memory 1856 MiB.
2026-09-24T21:05:04Z INFO [178/500] 14546d24-8fdb-41db-92a7-e60710feda6c: valid; 3.7 s; peak memory 1856 MiB.
2026-09-24T21:05:08Z INFO [179/500] 1454aa68-ac74-4417-a9ef-ed8708a8ef88: valid; 3.9 s; peak memory 1856 MiB.
2026-09-24T21:05:10Z INFO [180/500] 1454bbcd-e285-411a-97c6-fe2452702942: valid; 2.6 s; peak memory 1856 MiB.
2026-09-24T21:05:12Z INFO [181/500] 14552746-81f4-4930-8523-bc1154004546: valid; 1.6 s; peak memory 1857 MiB.
2026-09-24T21:05:14Z INFO [182/500] 14555564-a291-42e3-9661-92dc951cbf37: valid; 1.6 s; peak memory 1857 MiB.
2026-09-24T21:05:15Z INFO [183/500] 14555a6c-6e25-4e1e-897e-916c800da047: valid; 1.6 s; peak memory 1857 MiB.
2026-09-24T21:05:24Z INFO [184/500] 1456d77f-913f-4727-aad7-1f7139ce0535: valid; 8.5 s; peak memory 1857 MiB.
2026-09-24T21:05:25Z INFO [185/500] 14573b4a-f153-42fb-b027-bdcedda82133: valid; 1.4 s; peak memory 1857 MiB.
2026-09-24T21:05:27Z INFO [186/500] 1457b9f4-fbbf-4c1f-aff4-802169feca1a: valid; 2.1 s; peak memory 1857 MiB.
2026-09-24T21:05:29Z INFO [187/500] 1457ed76-4393-4812-a725-a25e61c4ecb7: not valid; 1.7 s; peak memory 1857 MiB.
2026-09-24T21:05:32Z INFO [188/500] 14582df9-ecc8-49a3-9c48-44f485aabd33: valid; 2.7 s; peak memory 1857 MiB.
2026-09-24T21:05:34Z INFO [189/500] 145852a6-cd00-4df3-b9d7-5b69ad33fb77: valid; 2.1 s; peak memory 1857 MiB.
2026-09-24T21:05:37Z INFO [190/500] 1458ae57-a10c-475c-baae-c775360f1ebe: valid; 3.3 s; peak memory 1857 MiB.
2026-09-24T21:05:40Z INFO [191/500] 1458b979-ad3c-45bb-8838-90ed9c0b8cef: valid; 2.7 s; peak memory 1857 MiB.
2026-09-24T21:05:43Z INFO [192/500] 1458c902-a5aa-43e8-82dd-65a918b3c6aa: valid; 2.9 s; peak memory 1862 MiB.
2026-09-24T21:05:52Z INFO [193/500] 1458f713-a75c-4039-8a76-396150f2851b: valid; 9.8 s; peak memory 1879 MiB.
2026-09-24T21:05:55Z INFO [194/500] 1459573b-7a30-4078-84ce-8a3b6a7b3e1e: valid; 2.6 s; peak memory 1882 MiB.
2026-09-24T21:05:57Z INFO [195/500] 14596a21-b2ba-4ef4-ad9a-688f7f9a44f4: not valid; 2.0 s; peak memory 1883 MiB.
2026-09-24T21:05:59Z INFO [196/500] 1459a14a-2621-42f9-a3ac-d25458316a76: valid; 1.5 s; peak memory 1884 MiB.
2026-09-24T21:06:01Z INFO [197/500] 145a3eca-ea9a-4c39-84f5-f8a5dd6e8bbd: valid; 2.2 s; peak memory 1889 MiB.
2026-09-24T21:06:04Z INFO [198/500] 145a44f2-aa1b-441a-81fa-5c2609608fb9: valid; 3.6 s; peak memory 1890 MiB.
2026-09-24T21:06:06Z INFO [199/500] 145ad727-f7d1-4c2f-ac49-1701ffbe89ce: valid; 1.5 s; peak memory 1890 MiB.
2026-09-24T21:06:07Z INFO [200/500] 145ae025-577f-4f28-b14a-7ed32fc9137b: valid; 1.6 s; peak memory 1890 MiB.
2026-09-24T21:06:08Z INFO [200/500] 145ae025-577f-4f28-b14a-7ed32fc9137b: checkpointed 78210 records.
2026-09-24T21:06:11Z INFO [201/500] 145b8297-647c-4568-92ae-4b878c7089e6: not valid; 2.8 s; peak memory 1891 MiB.
2026-09-24T21:06:13Z INFO [202/500] 145c0162-ea69-44f3-b0ba-1fe063c2b2f5: valid; 2.3 s; peak memory 1891 MiB.
2026-09-24T21:06:15Z INFO [203/500] 145cd30a-e6e3-46c4-a5b7-6e9b45b64342: not valid; 2.0 s; peak memory 1891 MiB.
2026-09-24T21:06:18Z INFO [204/500] 145d38be-14c6-4c4a-8816-caa1acba5a5c: valid; 2.9 s; peak memory 1891 MiB.
2026-09-24T21:06:20Z INFO [205/500] 145d8362-aa53-4ae2-81d1-a0ffc27787f4: valid; 1.6 s; peak memory 1891 MiB.
2026-09-24T21:06:22Z INFO [206/500] 145e9ae8-0fe6-43ce-9aa5-147dcf336c90: valid; 2.5 s; peak memory 1891 MiB.
2026-09-24T21:06:24Z INFO [207/500] 145ec31b-3827-4b50-aac6-b6909b8bb74f: not valid; 2.0 s; peak memory 1891 MiB.
2026-09-24T21:06:28Z INFO [208/500] 145f0481-5751-4e7c-b505-03a2185385fd: valid; 3.9 s; peak memory 1891 MiB.
2026-09-24T21:06:37Z INFO [209/500] 145f68bc-b3f9-46b0-8633-f5769e1ffb2f: valid; 9.5 s; peak memory 1891 MiB.
2026-09-24T21:06:40Z INFO [210/500] 145fb65c-e38e-4de8-b88d-266352bedf2f: valid; 2.4 s; peak memory 1891 MiB.
2026-09-24T21:06:42Z INFO [211/500] 145fb86e-e292-440a-b932-0c6915af075c: valid; 2.2 s; peak memory 1891 MiB.
2026-09-24T21:06:44Z INFO [212/500] 14602657-faa7-4aac-9452-fd1f9a0a12ce: valid; 1.7 s; peak memory 1891 MiB.
2026-09-24T21:06:47Z INFO [213/500] 14605711-d77b-49e0-89e0-957b3016147d: valid; 3.0 s; peak memory 1891 MiB.
2026-09-24T21:06:50Z INFO [214/500] 14606fb3-7f59-405f-b818-e3729315aaa8: valid; 3.4 s; peak memory 1891 MiB.
2026-09-24T21:06:51Z INFO [215/500] 1460c830-470a-4212-ba58-d06fed756d34: valid; 1.2 s; peak memory 1891 MiB.
2026-09-24T21:06:55Z INFO [216/500] 146104f3-45d7-44be-b0b5-fa06a0da92cc: not valid; 3.9 s; peak memory 1893 MiB.
2026-09-24T21:07:07Z INFO [217/500] 1461d062-1ea5-4d07-9b47-aa459c31e62f: valid; 11.9 s; peak memory 1912 MiB.
2026-09-24T21:07:09Z INFO [218/500] 14621ddb-3e5f-4664-a39d-f180a574c042: not valid; 2.2 s; peak memory 1912 MiB.
2026-09-24T21:08:00Z INFO [219/500] 1462469a-2343-49ea-99b4-c1281b830e39: valid; 50.2 s; peak memory 2906 MiB.
2026-09-24T21:08:01Z INFO [220/500] 14625349-7a4d-41bc-b565-539508d51549: valid; 1.8 s; peak memory 2906 MiB.
2026-09-24T21:08:03Z INFO [221/500] 14634793-2328-4257-a49c-3283372d6715: valid; 1.7 s; peak memory 2906 MiB.
2026-09-24T21:08:06Z INFO [222/500] 1463f4c5-c583-4771-bc1c-fee889be016a: valid; 3.1 s; peak memory 2906 MiB.
2026-09-24T21:08:08Z INFO [223/500] 1464a5cd-dde6-4491-8fbc-a69d890511c7: valid; 1.5 s; peak memory 2906 MiB.
2026-09-24T21:08:10Z INFO [224/500] 146533b2-867d-4177-9cce-ab53992d7c98: valid; 2.5 s; peak memory 2906 MiB.
2026-09-24T21:08:13Z INFO [225/500] 14656b13-8de6-4297-a4c7-b5d1b8084616: valid; 3.0 s; peak memory 2906 MiB.
2026-09-24T21:08:16Z INFO [226/500] 14657e96-fcd3-4e4e-a86c-0ba363193d77: valid; 2.9 s; peak memory 2906 MiB.
2026-09-24T21:08:19Z INFO [227/500] 146589d7-d135-4ced-8825-19e43e3ce9ef: valid; 2.6 s; peak memory 2906 MiB.
2026-09-24T21:08:20Z INFO [228/500] 1465f4e6-b442-49f3-8583-73f2ee5619b7: valid; 1.6 s; peak memory 2906 MiB.
2026-09-24T21:08:22Z INFO [229/500] 14662177-6c83-4c4a-ac14-1b099051c2bc: not valid; 2.1 s; peak memory 2906 MiB.
2026-09-24T21:08:25Z INFO [230/500] 14664b64-bc27-4049-95c0-e27766f6d7ec: valid; 2.3 s; peak memory 2906 MiB.
2026-09-24T21:08:36Z INFO [231/500] 14668f53-94a5-4678-a1ed-6008068e4739: valid; 11.5 s; peak memory 2906 MiB.
2026-09-24T21:08:38Z INFO [232/500] 1466a069-0117-4f4b-99d3-9ac1a3f84c0f: valid; 2.3 s; peak memory 2906 MiB.
2026-09-24T21:08:41Z INFO [233/500] 1467e9ca-26c6-4bd3-bf6b-5579fd9b4a4e: valid; 2.3 s; peak memory 2906 MiB.
2026-09-24T21:08:43Z INFO [234/500] 1467f7e8-a6a2-4e4c-962a-4f92de80e71c: valid; 2.0 s; peak memory 2906 MiB.
2026-09-24T21:08:45Z INFO [235/500] 1468189a-0f81-4846-b9cc-7cf41769d5d6: not valid; 2.4 s; peak memory 2906 MiB.
2026-09-24T21:08:50Z INFO [236/500] 146917da-0b7b-4b8a-b950-f5e61b40d747: not valid; 4.9 s; peak memory 2906 MiB.
2026-09-24T21:08:52Z WARNING 14694279-a518-4a40-9c1f-54800be95a55: failed while opening the NWB file (ConstructError: (root/acquisition/_iblmic_audioSpectrogram/bands GroupBuilder {'attributes': {'colnames': array(['freq'], dtype=object), 'description': 'spectogram frequencies', 'namespace': 'core', 'neurodata_type': 'FrequencyBandsTable', 'object_id': 'f5936608-5076-4e00-a43c-bec8d7328cd8'}, 'groups': {}, 'datasets': {'freq': root/acquisition/_iblmic_audioSpectrogram/bands/freq DatasetBuilder {'attributes': {'description': 'frequency value', 'namespace': 'hdmf-common', 'neurodata_type': 'VectorData', 'object_id': '80beeaaa-18fd-48b8-88cb-881985e56ef5'}, 'data': <HDF5 dataset "freq": shape (257,), type "<f4">}, 'id': root/acquisition/_iblmic_audioSpectrogram/bands/id DatasetBuilder {'attributes': {'namespace': 'hdmf-common', 'neurodata_type': 'ElementIdentifiers', 'object_id': '72032097-ad87-415a-8f05-dfbc785eaea5'}, 'data': <HDF5 dataset "id": shape (257,), type "<i4">}}, 'links': {}}, "Could not construct FrequencyBandsTable object due to: column must have the same number of rows as 'id'"))
2026-09-24T21:08:55Z INFO [238/500] 1469a1e6-1c59-4382-a7b3-8fe10c9dd63b: valid; 3.0 s; peak memory 2906 MiB.
2026-09-24T21:08:59Z INFO [239/500] 1469a281-8b1b-40ea-a307-86d99f513640: valid; 3.8 s; peak memory 2906 MiB.
2026-09-24T21:09:01Z INFO [240/500] 1469b1da-b1ea-40b1-b239-68aac2e1dbad: not valid; 2.0 s; peak memory 2906 MiB.
2026-09-24T21:09:03Z INFO [241/500] 1469c234-c9a7-431f-b063-f50212f56853: not valid; 1.9 s; peak memory 2906 MiB.
2026-09-24T21:09:06Z INFO [242/500] 146a1d9b-0508-4479-8d5c-331a8504fcd3: valid; 3.3 s; peak memory 2906 MiB.
2026-09-24T21:09:08Z INFO [243/500] 146ab697-689c-4646-b876-0fca62f184a1: valid; 1.7 s; peak memory 2906 MiB.
2026-09-24T21:09:10Z INFO [244/500] 146bb835-e788-4b18-b0c1-bd5e0a6787fd: valid; 2.3 s; peak memory 2906 MiB.
2026-09-24T21:09:12Z INFO [245/500] 146bba1d-be95-4aee-8e67-3a8817d675b7: valid; 1.6 s; peak memory 2906 MiB.
2026-09-24T21:09:14Z INFO [246/500] 146c2140-1e24-4179-93ec-e28049762dc1: valid; 2.8 s; peak memory 2906 MiB.
2026-09-24T21:09:17Z INFO [247/500] 146c87e3-a2db-4ddf-90f3-e4d42e2eb350: valid; 2.7 s; peak memory 2906 MiB.
2026-09-24T21:09:19Z INFO [248/500] 146d1b1f-0a58-4744-9ac5-9edb663e128e: not valid; 1.9 s; peak memory 2906 MiB.
2026-09-24T21:09:27Z INFO [249/500] 146d79a6-2cf1-4184-8044-39b8c7b49ce1: valid; 8.4 s; peak memory 2906 MiB.
2026-09-24T21:09:29Z INFO [250/500] 146dc9a3-c376-46cd-863b-58b920d6a50c: valid; 1.4 s; peak memory 2906 MiB.
2026-09-24T21:09:29Z INFO [250/500] 146dc9a3-c376-46cd-863b-58b920d6a50c: checkpointed 78260 records.
2026-09-24T21:09:31Z INFO [251/500] 146dcc47-577d-4c17-a263-446d4182548d: valid; 1.3 s; peak memory 2906 MiB.
2026-09-24T21:09:34Z INFO [252/500] 146dea65-9927-435f-8dd9-53e074e3807c: valid; 2.8 s; peak memory 2906 MiB.
2026-09-24T21:09:35Z INFO [253/500] 146e2afb-6264-4f2d-9719-87856e617435: valid; 1.8 s; peak memory 2906 MiB.
2026-09-24T21:09:38Z INFO [254/500] 146edbac-f360-4ff2-a24e-e9313e87b79f: valid; 2.7 s; peak memory 2906 MiB.
2026-09-24T21:09:40Z INFO [255/500] 146f179a-37f6-42bd-8a99-92f8c39924b2: valid; 1.6 s; peak memory 2906 MiB.
2026-09-24T21:09:41Z INFO [256/500] 14705ee8-a818-4db4-8abc-ffc4597a2696: valid; 1.5 s; peak memory 2906 MiB.
2026-09-24T21:09:43Z INFO [257/500] 14706e90-8e5a-4455-a5ec-81d2b51bb9f9: valid; 1.5 s; peak memory 2906 MiB.
2026-09-24T21:09:46Z INFO [258/500] 147096e0-2d94-498f-bb30-20beb2cb9df5: valid; 3.1 s; peak memory 2906 MiB.
2026-09-24T21:09:48Z INFO [259/500] 14726233-aa4c-457d-9e12-0de8b7375c6e: valid; 1.8 s; peak memory 2906 MiB.
2026-09-24T21:09:50Z INFO [260/500] 1472f8c4-8188-419e-931f-39619d999fcf: valid; 2.2 s; peak memory 2906 MiB.
2026-09-24T21:09:52Z WARNING 14730845-3716-4f4e-8f53-4ef05d45c401: failed while opening the NWB file (ConstructError: (root/acquisition/event_code_meanings GroupBuilder {'attributes': {'colnames': array(['value', 'meaning'], dtype=object), 'description': 'Mapping integer event codes to event labels', 'namespace': 'ndx-events', 'neurodata_type': 'MeaningsTable', 'object_id': '6306b5be-c3d3-4aab-a607-0376ae4eab40'}, 'groups': {}, 'datasets': {'id': root/acquisition/event_code_meanings/id DatasetBuilder {'attributes': {'namespace': 'hdmf-common', 'neurodata_type': 'ElementIdentifiers', 'object_id': 'f96c961e-ed6e-4404-9d1a-8e8ba418fe27'}, 'data': <HDF5 dataset "id": shape (26,), type "<i8">}, 'meaning': root/acquisition/event_code_meanings/meaning DatasetBuilder {'attributes': {'description': 'The meaning of the value in the parent CategoricalVectorData object.', 'namespace': 'hdmf-experimental', 'neurodata_type': 'VectorData', 'object_id': '24d3eac2-1af3-4ee0-8325-c21459e5dfa5'}, 'data': <StrDataset for HDF5 dataset "meaning": shape (26,), type "|O">}, 'value': root/acquisition/event_code_meanings/value DatasetBuilder {'attributes': {'description': 'The value of the parent CategoricalVectorData object.', 'namespace': 'hdmf-experimental', 'neurodata_type': 'VectorData', 'object_id': '1ca7f035-ccb3-4100-a8fd-0c955709bb10'}, 'data': <HDF5 dataset "value": shape (26,), type "<i8">}}, 'links': {}}, "Could not construct MeaningsTable object due to: MeaningsTable.__init__: missing argument 'target'"))
2026-09-24T21:09:55Z INFO [262/500] 14744765-ebe7-44a9-9a17-2cab9644c968: valid; 3.8 s; peak memory 2906 MiB.
2026-09-24T21:09:57Z INFO [263/500] 147495ae-dae6-417d-8f0d-0803806376d9: valid; 1.5 s; peak memory 2907 MiB.
2026-09-24T21:09:59Z INFO [264/500] 1474b135-1327-4bf4-bc9e-114fbb414848: valid; 2.3 s; peak memory 2918 MiB.
2026-09-24T21:10:02Z INFO [265/500] 1474c544-aba9-42c8-aa75-a5860f6d4264: not valid; 2.4 s; peak memory 2922 MiB.
2026-09-24T21:10:11Z INFO [266/500] 14751cba-5d30-46ea-94c3-e59695fbbbbc: valid; 9.9 s; peak memory 2932 MiB.
2026-09-24T21:10:15Z INFO [267/500] 147524be-c4d4-4480-8a70-1ec7b345fa14: valid; 3.3 s; peak memory 2933 MiB.
2026-09-24T21:10:16Z INFO [268/500] 147543ff-4da5-472d-baa7-e45eddeb21f9: valid; 1.4 s; peak memory 2933 MiB.
2026-09-24T21:10:25Z INFO [269/500] 1475c587-309b-4f22-a3ed-08e28462b923: valid; 8.8 s; peak memory 2946 MiB.
2026-09-24T21:10:28Z INFO [270/500] 1476dbfe-c87d-4959-8f19-7594061b4d58: valid; 2.6 s; peak memory 2958 MiB.
2026-09-24T21:10:31Z INFO [271/500] 14774578-8a5c-4a91-96a1-b3417e94002c: not valid; 3.5 s; peak memory 2963 MiB.
2026-09-24T21:10:45Z INFO [272/500] 1477c7cb-9b2a-4f43-969b-ba9b13f1c736: valid; 13.7 s; peak memory 3031 MiB.
2026-09-24T21:10:50Z INFO [273/500] 1477efa2-4b90-499f-814a-2abece2dbc2f: valid; 5.1 s; peak memory 3041 MiB.
2026-09-24T21:10:52Z INFO [274/500] 147804c6-29a4-4a76-9300-84e102a83b29: valid; 1.9 s; peak memory 3045 MiB.
2026-09-24T21:10:54Z INFO [275/500] 14786717-8302-457b-8a9e-3a6bbb88e794: valid; 2.4 s; peak memory 3051 MiB.
2026-09-24T21:10:57Z INFO [276/500] 14786d59-c3f8-4349-8b90-2552432ffa67: valid; 3.3 s; peak memory 3079 MiB.
2026-09-24T21:10:59Z INFO [277/500] 147a0a0c-a3c3-47e1-b363-a24529d2d2ea: not valid; 2.0 s; peak memory 3079 MiB.
2026-09-24T21:11:03Z INFO [278/500] 147a8e99-bc43-4c21-8c68-d0c53d700740: valid; 3.3 s; peak memory 3079 MiB.
2026-09-24T21:11:18Z INFO [279/500] 147adc4b-a56c-456a-b923-e70a656422d7: valid; 15.8 s; peak memory 3079 MiB.
2026-09-24T21:11:20Z INFO [280/500] 147afd9c-809d-4959-ba8f-145504665fe4: valid; 1.7 s; peak memory 3079 MiB.
2026-09-24T21:11:23Z INFO [281/500] 147b30b3-961f-4a09-aa02-9ac4961c974e: valid; 2.4 s; peak memory 3079 MiB.
2026-09-24T21:11:25Z INFO [282/500] 147bbf01-3861-4745-8acb-c8cfb17703ea: not valid; 2.3 s; peak memory 3079 MiB.
2026-09-24T21:11:26Z INFO [283/500] 147bc25e-3769-4c61-bdc2-2ed633bb06d5: valid; 1.5 s; peak memory 3079 MiB.
2026-09-24T21:11:28Z INFO [284/500] 147bdba2-de89-4f2f-bdad-1395936e781a: valid; 1.6 s; peak memory 3079 MiB.
2026-09-24T21:11:31Z INFO [285/500] 147c15d0-d61b-409b-bb70-0ee156b17c17: valid; 3.0 s; peak memory 3079 MiB.
2026-09-24T21:11:33Z INFO [286/500] 147c1758-ac27-4463-8cba-fd0b53175f5e: valid; 2.2 s; peak memory 3079 MiB.
2026-09-24T21:11:35Z INFO [287/500] 147c5e32-8f50-44f1-b6a2-3db94ab9a5dc: not valid; 2.3 s; peak memory 3079 MiB.
2026-09-24T21:11:37Z INFO [288/500] 147c8016-12cf-4e0a-8368-b3658827c634: valid; 1.5 s; peak memory 3079 MiB.
2026-09-24T21:11:59Z INFO [289/500] 147cb304-1e0e-4e0d-b904-489ff26558fe: not valid; 21.7 s; peak memory 3178 MiB.
2026-09-24T21:12:01Z INFO [290/500] 147cc99e-3e2b-435e-9bda-722d2bf73926: valid; 2.3 s; peak memory 3178 MiB.
2026-09-24T21:12:44Z INFO [291/500] 147d5eed-da68-440d-b71a-380f66d589b5: not valid; 43.2 s; peak memory 3178 MiB.
2026-09-24T21:12:47Z INFO [292/500] 147e31a2-1143-4c9a-a584-536ce9bd4d3e: valid; 3.2 s; peak memory 3178 MiB.
2026-09-24T21:12:52Z INFO [293/500] 147e786d-5d82-4162-883c-61705ede9f50: valid; 4.6 s; peak memory 3179 MiB.
2026-09-24T21:12:55Z INFO [294/500] 147f072a-ad99-480d-86de-254787161eb9: valid; 2.6 s; peak memory 3180 MiB.
2026-09-24T21:12:57Z INFO [295/500] 147f0b9c-9f2c-46dd-839b-fc25bf036563: valid; 2.1 s; peak memory 3181 MiB.
2026-09-24T21:13:02Z INFO [296/500] 147f925f-36a2-4211-93ff-1aeea718d6d2: valid; 5.7 s; peak memory 3232 MiB.
2026-09-24T21:13:05Z INFO [297/500] 14800bdc-33b4-48e0-9da8-f0d2ae669055: valid; 2.9 s; peak memory 3232 MiB.
2026-09-24T21:13:09Z INFO [298/500] 14801ca5-55c2-4953-8053-354899c74b5c: valid; 3.2 s; peak memory 3232 MiB.
2026-09-24T21:13:17Z INFO [299/500] 148062cf-8bcb-4ebb-85a8-c2e7d65cfe78: valid; 8.2 s; peak memory 3232 MiB.
2026-09-24T21:13:20Z INFO [300/500] 1480c23a-e880-4fef-895a-d269fb1d51fd: valid; 2.8 s; peak memory 3232 MiB.
2026-09-24T21:13:20Z INFO [300/500] 1480c23a-e880-4fef-895a-d269fb1d51fd: checkpointed 78310 records.
2026-09-24T21:13:23Z INFO [301/500] 1480c6d9-5b4c-40d7-8f98-6ebae60da1bd: valid; 3.0 s; peak memory 3232 MiB.
2026-09-24T21:13:25Z INFO [302/500] 1480cbd7-e90d-49cf-a981-bae516d85790: valid; 1.7 s; peak memory 3232 MiB.
2026-09-24T21:13:39Z INFO [303/500] 14812d34-f895-4abb-bf7c-d7fc7e072086: valid; 13.8 s; peak memory 3232 MiB.
2026-09-24T21:13:42Z INFO [304/500] 1481c8c7-cd04-4411-9edd-4a16d1d1516c: valid; 3.4 s; peak memory 3232 MiB.
2026-09-24T21:13:44Z INFO [305/500] 14820909-0fcb-49b7-b847-b4b399f50656: valid; 2.3 s; peak memory 3232 MiB.
2026-09-24T21:13:47Z INFO [306/500] 14829ca7-fbba-43a2-a200-cfbbb9a15db6: valid; 2.6 s; peak memory 3232 MiB.
2026-09-24T21:13:49Z INFO [307/500] 1482a5aa-4c3a-46bf-a9c0-e74d9bf533df: valid; 2.3 s; peak memory 3232 MiB.
2026-09-24T21:13:51Z INFO [308/500] 14834c3b-a34d-4643-870a-cfce1ed0590e: not valid; 1.7 s; peak memory 3232 MiB.
2026-09-24T21:13:56Z INFO [309/500] 148356c8-d877-43d2-81f8-97c2aaf9b6e1: valid; 4.6 s; peak memory 3232 MiB.
2026-09-24T21:13:57Z INFO [310/500] 148449bb-cfd6-4045-aa0f-adb524ee0a3f: not valid; 1.5 s; peak memory 3232 MiB.
2026-09-24T21:14:00Z INFO [311/500] 1485a9d0-cb31-4a60-8d79-067fd9490971: valid; 2.8 s; peak memory 3232 MiB.
2026-09-24T21:14:02Z INFO [312/500] 1485c57f-3338-46be-ba7c-d84c1a6d8470: valid; 2.5 s; peak memory 3232 MiB.
2026-09-24T21:14:06Z INFO [313/500] 14868110-cc00-4719-ad1f-c9b34e0aec3e: valid; 3.2 s; peak memory 3232 MiB.
2026-09-24T21:14:08Z INFO [314/500] 14869e1f-c750-419e-8c4b-c95078d8fbf2: valid; 2.9 s; peak memory 3232 MiB.
2026-09-24T21:14:10Z INFO [315/500] 14878834-24d8-4ab5-b2d6-0ca781a053d0: valid; 1.2 s; peak memory 3232 MiB.
2026-09-24T21:14:12Z INFO [316/500] 1487a960-b2ec-46c2-b601-559d8543fb8a: not valid; 2.2 s; peak memory 3232 MiB.
2026-09-24T21:14:20Z INFO [317/500] 1487b8b6-21c8-4ba2-a44a-f18d2c770437: valid; 8.5 s; peak memory 3239 MiB.
2026-09-24T21:14:26Z INFO [318/500] 14882f5b-8b05-4333-8cb7-cba106ce5216: not valid; 5.7 s; peak memory 3360 MiB.
2026-09-24T21:14:29Z INFO [319/500] 14889360-4312-4861-8a87-16844d2693fe: valid; 3.2 s; peak memory 3360 MiB.
2026-09-24T21:14:32Z INFO [320/500] 14890ce4-a3cf-48f4-8143-a180b770566a: not valid; 3.1 s; peak memory 3360 MiB.
2026-09-24T21:14:38Z INFO [321/500] 14893897-567e-4489-9862-7bd176fad1be: valid; 5.5 s; peak memory 3360 MiB.
2026-09-24T21:14:40Z INFO [322/500] 148975f9-a288-4482-b21c-a2b6eabd9cfa: valid; 2.5 s; peak memory 3360 MiB.
2026-09-24T21:14:42Z INFO [323/500] 1489d276-04e3-48bf-b551-6f1b0c3d5ecc: valid; 1.6 s; peak memory 3362 MiB.
2026-09-24T21:14:48Z INFO [324/500] 148a2ce0-20c0-425c-a735-bcfeaeac1b9d: valid; 5.9 s; peak memory 3367 MiB.
2026-09-24T21:16:27Z INFO [325/500] 148a3a2e-8dc3-4e89-bdba-1e7d18e694c0: valid; 99.4 s; peak memory 3774 MiB.
2026-09-24T21:16:31Z INFO [326/500] 148a924e-6252-4059-b2b8-f6cb4fa7136e: valid; 3.5 s; peak memory 3774 MiB.
2026-09-24T21:16:33Z INFO [327/500] 148ac22e-bd6c-4729-8e5c-74ec71334d94: valid; 2.7 s; peak memory 3774 MiB.
2026-09-24T21:16:36Z INFO [328/500] 148bbb70-b4c0-4414-855b-114a299ee838: valid; 2.2 s; peak memory 3774 MiB.
2026-09-24T21:16:37Z INFO [329/500] 148c095f-a1a8-45cf-b570-a67814a0c9e7: valid; 1.4 s; peak memory 3774 MiB.
2026-09-24T21:16:41Z INFO [330/500] 148c871d-e2b3-43a4-819a-97f032cb0f76: valid; 3.9 s; peak memory 3774 MiB.
2026-09-24T21:16:58Z INFO [331/500] 148cd656-cf93-4eff-b2f0-5f2608f3b1ac: valid; 17.3 s; peak memory 3813 MiB.
2026-09-24T21:17:04Z INFO [332/500] 148d85a3-a536-4925-92e9-80cef7d67819: valid; 6.1 s; peak memory 3819 MiB.
2026-09-24T21:17:06Z WARNING 148dfec2-32a5-4f3f-b812-42e688bcc78d: failed while opening the NWB file (ConstructError: (root/acquisition/_iblmic_audioSpectrogram/bands GroupBuilder {'attributes': {'colnames': array(['freq'], dtype=object), 'description': 'spectogram frequencies', 'namespace': 'core', 'neurodata_type': 'FrequencyBandsTable', 'object_id': '0732f8fc-6d81-41bb-badf-d8ff265adbaa'}, 'groups': {}, 'datasets': {'freq': root/acquisition/_iblmic_audioSpectrogram/bands/freq DatasetBuilder {'attributes': {'description': 'frequency value', 'namespace': 'hdmf-common', 'neurodata_type': 'VectorData', 'object_id': 'b6e9ca75-855f-48c5-a6c6-752377cd04a6'}, 'data': <HDF5 dataset "freq": shape (257,), type "<f4">}, 'id': root/acquisition/_iblmic_audioSpectrogram/bands/id DatasetBuilder {'attributes': {'namespace': 'hdmf-common', 'neurodata_type': 'ElementIdentifiers', 'object_id': '5ca00f78-2257-4763-86f0-9b4c1643f75b'}, 'data': <HDF5 dataset "id": shape (257,), type "<i4">}}, 'links': {}}, "Could not construct FrequencyBandsTable object due to: column must have the same number of rows as 'id'"))
2026-09-24T21:17:07Z WARNING 148efe12-327f-49bc-9609-86133b25bef0: failed while retrieving asset information from the DANDI API (NotFoundError: No asset at path 'sub-LG449/sub-LG449_ses-20250331_obj-a7o2tj_ophys.nwb' in version 0.260915.2135. Verify the path is correct and the asset exists in this version. Use 'dandi ls' to list available assets.)
2026-09-24T21:17:08Z INFO [335/500] 148f21bf-3bae-4722-8c55-4e29a5e972d2: not valid; 1.9 s; peak memory 3819 MiB.
2026-09-24T21:17:10Z INFO [336/500] 148f2cbe-a85c-49b9-a850-c7cdfd3e5c11: valid; 1.6 s; peak memory 3819 MiB.
2026-09-24T21:17:12Z INFO [337/500] 148f66e9-02b4-486d-b126-6d5aba5d3b47: valid; 1.7 s; peak memory 3819 MiB.
2026-09-24T21:17:14Z INFO [338/500] 1490b36a-96d5-48a1-ac71-e1ce99d68adc: valid; 1.9 s; peak memory 3819 MiB.
2026-09-24T21:17:16Z WARNING 14910161-8035-4005-b11e-4f1a89edd7f0: failed while opening the NWB file (ConstructError: (root/acquisition/_iblmic_audioSpectrogram/bands GroupBuilder {'attributes': {'colnames': array(['freq'], dtype=object), 'description': 'spectogram frequencies', 'namespace': 'core', 'neurodata_type': 'FrequencyBandsTable', 'object_id': '646ed3f1-d83f-4bc8-bf18-6fdc7e95ab8b'}, 'groups': {}, 'datasets': {'freq': root/acquisition/_iblmic_audioSpectrogram/bands/freq DatasetBuilder {'attributes': {'description': 'frequency value', 'namespace': 'hdmf-common', 'neurodata_type': 'VectorData', 'object_id': '6abd00db-7ee1-402e-9c15-49effa9b6390'}, 'data': <HDF5 dataset "freq": shape (257,), type "<f4">}, 'id': root/acquisition/_iblmic_audioSpectrogram/bands/id DatasetBuilder {'attributes': {'namespace': 'hdmf-common', 'neurodata_type': 'ElementIdentifiers', 'object_id': '5fdb208b-d25d-4129-a4a2-20ad5ccc5fda'}, 'data': <HDF5 dataset "id": shape (257,), type "<i4">}}, 'links': {}}, "Could not construct FrequencyBandsTable object due to: column must have the same number of rows as 'id'"))
2026-09-24T21:17:19Z INFO [340/500] 149121d3-14c4-460e-9482-3a2f63d262d5: valid; 3.0 s; peak memory 3819 MiB.
2026-09-24T21:17:20Z INFO [341/500] 1491bb37-fbde-4e98-94b0-7aa7d727672f: valid; 1.3 s; peak memory 3819 MiB.
2026-09-24T21:17:20Z WARNING 14928cfb-d74c-4186-9e60-ea8834985877: failed while retrieving asset information from the DANDI API (NotFoundError: No asset at path 'sub-parkinson-simulated-beta/sub-parkinson-simulated-beta_ses-5200_ecephys.nwb' in version 0.250327.2220. Verify the path is correct and the asset exists in this version. Use 'dandi ls' to list available assets.)
2026-09-24T21:17:23Z WARNING 1492a12b-c65c-4516-80dd-58bfb6220a1f: failed while opening the NWB file (ConstructError: (root/acquisition/_iblmic_audioSpectrogram/bands GroupBuilder {'attributes': {'colnames': array(['freq'], dtype=object), 'description': 'spectogram frequencies', 'namespace': 'core', 'neurodata_type': 'FrequencyBandsTable', 'object_id': '6a8231be-fe35-4f3a-9395-908441e6c320'}, 'groups': {}, 'datasets': {'freq': root/acquisition/_iblmic_audioSpectrogram/bands/freq DatasetBuilder {'attributes': {'description': 'frequency value', 'namespace': 'hdmf-common', 'neurodata_type': 'VectorData', 'object_id': 'be896747-ed47-4116-9ac1-cd0d85a21578'}, 'data': <HDF5 dataset "freq": shape (257,), type "<f4">}, 'id': root/acquisition/_iblmic_audioSpectrogram/bands/id DatasetBuilder {'attributes': {'namespace': 'hdmf-common', 'neurodata_type': 'ElementIdentifiers', 'object_id': '4ba70f8e-eb6c-4b47-9661-519819aef6ef'}, 'data': <HDF5 dataset "id": shape (257,), type "<i4">}}, 'links': {}}, "Could not construct FrequencyBandsTable object due to: column must have the same number of rows as 'id'"))
2026-09-24T21:17:42Z INFO [344/500] 1492faff-7d7c-4b1f-a7b2-1e16b7ed5c6e: valid; 19.8 s; peak memory 3926 MiB.
2026-09-24T21:17:45Z INFO [345/500] 1492fdc7-30ba-486e-a616-c5ce91ee1273: valid; 2.6 s; peak memory 3926 MiB.
2026-09-24T21:17:46Z INFO [346/500] 14935795-b2d7-454f-aa53-62ed08196a04: valid; 1.6 s; peak memory 3926 MiB.
2026-09-24T21:17:49Z INFO [347/500] 1493cd81-b2b3-4298-a590-b0293f4be50e: valid; 3.0 s; peak memory 3926 MiB.
2026-09-24T21:17:52Z INFO [348/500] 14943236-d92f-4ae3-b128-680d08f757c2: not valid; 2.7 s; peak memory 3926 MiB.
2026-09-24T21:17:52Z WARNING 1494627f-990c-4b0e-bed6-5d2384411e4d: failed while retrieving asset information from the DANDI API (NotFoundError: No asset at path 'sub-parkinson-simulated-beta/sub-parkinson-simulated-beta_ses-8049_ecephys.nwb' in version 0.250327.2220. Verify the path is correct and the asset exists in this version. Use 'dandi ls' to list available assets.)
2026-09-24T21:17:53Z INFO [350/500] 14953399-952f-41c1-a481-34fa8cae456f: valid; 1.2 s; peak memory 3927 MiB.
2026-09-24T21:17:54Z INFO [350/500] 14953399-952f-41c1-a481-34fa8cae456f: checkpointed 78360 records.
2026-09-24T21:18:04Z INFO [351/500] 14955ac9-5e06-4b41-99a5-573c39c13e7b: valid; 10.4 s; peak memory 3979 MiB.
2026-09-24T21:18:06Z INFO [352/500] 14960272-0348-48c6-ad32-2b8643a9ca79: not valid; 1.7 s; peak memory 3983 MiB.
2026-09-24T21:18:09Z INFO [353/500] 14960fb2-4a3a-4552-8e1a-6a1243a96b09: valid; 2.5 s; peak memory 3988 MiB.
2026-09-24T21:18:11Z INFO [354/500] 149684e9-f3a0-43e3-ad03-9cd680cef8b4: valid; 2.2 s; peak memory 4001 MiB.
2026-09-24T21:18:13Z INFO [355/500] 149696fa-a73e-4e5b-b1b1-9308b06bbcd0: not valid; 2.6 s; peak memory 4001 MiB.
2026-09-24T21:18:21Z INFO [356/500] 14969e4e-3c67-4f68-8808-add72112b1b0: valid; 7.9 s; peak memory 4018 MiB.
2026-09-24T21:18:23Z INFO [357/500] 14975c5a-bd2d-484f-b5c7-5db00c04ab04: not valid; 1.9 s; peak memory 4018 MiB.
2026-09-24T21:18:26Z INFO [358/500] 14983dff-b90e-48ef-ad55-cf0f03082613: valid; 2.4 s; peak memory 4018 MiB.
2026-09-24T21:19:00Z INFO [359/500] 14984dd1-938b-434f-9730-1d5680376f14: valid; 34.7 s; peak memory 4018 MiB.
2026-09-24T21:19:02Z INFO [360/500] 14985c19-5ee2-4e18-922d-6c36a8b4f41f: valid; 2.3 s; peak memory 4018 MiB.
2026-09-24T21:19:06Z INFO [361/500] 1498c331-b16e-47e7-b457-b511a35b66d9: valid; 3.4 s; peak memory 4018 MiB.
2026-09-24T21:19:08Z INFO [362/500] 1498d544-93ca-494f-8fdc-f86d916842b1: valid; 2.3 s; peak memory 4018 MiB.
2026-09-24T21:19:10Z INFO [363/500] 1498f097-2227-4a92-9a7b-cb561d50f79e: not valid; 2.2 s; peak memory 4018 MiB.
2026-09-24T21:19:12Z INFO [364/500] 1499459c-7455-4b72-8fa0-11e210b7c569: valid; 2.1 s; peak memory 4018 MiB.
2026-09-24T21:19:16Z INFO [365/500] 14997598-aea4-4db4-9b42-d85b79523d71: valid; 3.3 s; peak memory 4018 MiB.
2026-09-24T21:19:33Z INFO [366/500] 1499b0f7-7100-427a-98fd-73b55b2efcd6: valid; 17.7 s; peak memory 4018 MiB.
2026-09-24T21:19:36Z INFO [367/500] 1499ee6d-bd72-4c28-a86d-3d5eead635b6: valid; 2.5 s; peak memory 4018 MiB.
2026-09-24T21:19:39Z INFO [368/500] 149a4b03-9d75-431b-a6bb-125f04da1b8b: not valid; 2.6 s; peak memory 4018 MiB.
2026-09-24T21:19:42Z INFO [369/500] 149b0a8c-d791-4c91-b0aa-e14e89f31e51: valid; 3.0 s; peak memory 4018 MiB.
2026-09-24T21:19:46Z INFO [370/500] 149c2489-0bf4-4798-beae-298ef4066766: valid; 4.5 s; peak memory 4018 MiB.
2026-09-24T21:19:51Z INFO [371/500] 149c976e-db09-4ac5-8cd5-92fe29443234: not valid; 4.7 s; peak memory 4018 MiB.
2026-09-24T21:19:54Z INFO [372/500] 149cebe4-b324-4cd2-8640-22138f846f8f: valid; 3.5 s; peak memory 4018 MiB.
2026-09-24T21:19:57Z INFO [373/500] 149cfff9-8632-4998-a756-227798457695: valid; 2.5 s; peak memory 4018 MiB.
2026-09-24T21:20:01Z INFO [374/500] 149d0173-7aad-4518-ac94-61e72ce3801e: valid; 3.9 s; peak memory 4018 MiB.
2026-09-24T21:20:03Z INFO [375/500] 149de050-2bca-467f-8515-38fbc36ebbba: valid; 1.9 s; peak memory 4018 MiB.
2026-09-24T21:20:05Z INFO [376/500] 149dfd5c-8c4e-4c76-928f-aff91e28f01f: valid; 2.5 s; peak memory 4018 MiB.
2026-09-24T21:20:07Z INFO [377/500] 149e09a9-fd30-492b-bffe-d6372ea05815: valid; 1.7 s; peak memory 4018 MiB.
2026-09-24T21:20:18Z INFO [378/500] 149e0b35-f8e4-459c-8e54-08500056175d: valid; 10.8 s; peak memory 4018 MiB.
2026-09-24T21:20:19Z INFO [379/500] 149e3bde-923a-4fe6-9540-be7ee57d173a: valid; 1.5 s; peak memory 4018 MiB.
2026-09-24T21:20:21Z INFO [380/500] 149e6bbb-6298-4907-968f-70bd1a5a852d: valid; 2.1 s; peak memory 4018 MiB.
2026-09-24T21:20:25Z INFO [381/500] 149eacb1-c0b7-4e77-aea1-f990eef8bfb3: not valid; 4.2 s; peak memory 4018 MiB.
2026-09-24T21:20:28Z INFO [382/500] 149f762a-6a8d-4255-96df-9fa22fd24c55: valid; 2.5 s; peak memory 4018 MiB.
2026-09-24T21:20:30Z INFO [383/500] 149f94ba-1f01-4f04-8621-606fe92df4e9: not valid; 2.2 s; peak memory 4018 MiB.
2026-09-24T21:20:32Z INFO [384/500] 14a0760e-a0bb-405b-9361-6dd5d3e90433: valid; 2.1 s; peak memory 4018 MiB.
2026-09-24T21:20:35Z INFO [385/500] 14a0f75e-8f3d-4108-85ad-a8f6bb4f9e35: valid; 2.4 s; peak memory 4018 MiB.
2026-09-24T21:20:51Z INFO [386/500] 14a0fab2-a146-4cd0-bce7-4c1de80fac1d: not valid; 16.8 s; peak memory 4066 MiB.
2026-09-24T21:20:55Z INFO [387/500] 14a18fba-60d3-4dcd-b0ef-1a49972e8fc6: not valid; 3.7 s; peak memory 4072 MiB.
2026-09-24T21:20:57Z INFO [388/500] 14a1bae3-964b-4d1b-a505-6a5b3c962a45: valid; 1.6 s; peak memory 4074 MiB.
2026-09-24T21:20:59Z INFO [389/500] 14a205ea-306f-47fd-97e8-284a6f00626b: valid; 1.8 s; peak memory 4077 MiB.
2026-09-24T21:21:01Z INFO [390/500] 14a29431-195f-4fa2-be65-9223543a4098: valid; 2.7 s; peak memory 4079 MiB.
2026-09-24T21:21:06Z INFO [391/500] 14a34c11-48de-4567-9965-7ebc24d56981: not valid; 4.6 s; peak memory 4082 MiB.
2026-09-24T21:21:08Z INFO [392/500] 14a39e50-8b5e-4855-a935-ca88bd8c34ff: valid; 2.0 s; peak memory 4082 MiB.
2026-09-24T21:21:10Z INFO [393/500] 14a428e0-1db8-4a64-8d95-89c9804e435d: not valid; 1.8 s; peak memory 4082 MiB.
2026-09-24T21:21:12Z INFO [394/500] 14a4d288-7eb1-4b6c-9272-e8a6e1a9e6eb: valid; 1.9 s; peak memory 4082 MiB.
2026-09-24T21:21:17Z INFO [395/500] 14a4ed4a-7f82-4b32-9816-065471c9e546: not valid; 5.2 s; peak memory 4082 MiB.
2026-09-24T21:21:20Z INFO [396/500] 14a6239a-7db2-45cc-a971-55824028c0b6: valid; 2.8 s; peak memory 4082 MiB.
2026-09-24T21:21:21Z INFO [397/500] 14a672c3-4012-4b91-86d1-173da3453d36: valid; 1.6 s; peak memory 4082 MiB.
2026-09-24T21:21:24Z INFO [398/500] 14a6ac4e-bf3e-4640-8485-9a3615b047c4: valid; 2.4 s; peak memory 4082 MiB.
2026-09-24T21:21:26Z INFO [399/500] 14a6d1d8-b02c-4345-bd62-570c859e1936: valid; 2.1 s; peak memory 4082 MiB.
2026-09-24T21:21:30Z INFO [400/500] 14a6f301-4e70-4c48-82bc-0b7c2aa41b15: valid; 3.9 s; peak memory 4082 MiB.
2026-09-24T21:21:30Z INFO [400/500] 14a6f301-4e70-4c48-82bc-0b7c2aa41b15: checkpointed 78410 records.
2026-09-24T21:21:32Z INFO [401/500] 14a72bbe-71bc-4aa5-b3bd-7b043097332b: valid; 1.5 s; peak memory 4082 MiB.
2026-09-24T21:21:34Z INFO [402/500] 14a76a55-323d-400d-b757-98207d38c2bd: not valid; 2.4 s; peak memory 4082 MiB.
2026-09-24T21:21:38Z INFO [403/500] 14a841e8-b7c4-4c61-8cc8-ab76ac99f810: valid; 4.4 s; peak memory 4082 MiB.
2026-09-24T21:21:40Z INFO [404/500] 14a919d1-ae52-47e6-8a9a-559237f73db3: valid; 1.7 s; peak memory 4082 MiB.
2026-09-24T21:21:42Z INFO [405/500] 14aad1b6-d8c3-47f0-8d58-73af7e08f0d9: not valid; 1.9 s; peak memory 4082 MiB.
2026-09-24T21:21:54Z INFO [406/500] 14ab9c66-809f-4bb2-8d9b-ee47d1cc3196: valid; 12.3 s; peak memory 4082 MiB.
2026-09-24T21:21:56Z INFO [407/500] 14ab9d11-2a96-421c-8d7c-3cf88c813a18: valid; 1.4 s; peak memory 4082 MiB.
2026-09-24T21:21:59Z INFO [408/500] 14abad58-5c07-4709-8821-ead184dbcbf5: valid; 3.5 s; peak memory 4082 MiB.
2026-09-24T21:22:10Z INFO [409/500] 14abe456-cd4c-4c53-9cf8-966f538a2739: valid; 11.1 s; peak memory 4082 MiB.
2026-09-24T21:22:13Z INFO [410/500] 14ac065f-da0d-4002-8ef5-fd11430e0b3c: valid; 2.8 s; peak memory 4082 MiB.
2026-09-24T21:22:15Z INFO [411/500] 14ac396e-ef1e-4360-afc2-8dd5a2692f04: valid; 1.8 s; peak memory 4082 MiB.
2026-09-24T21:22:17Z INFO [412/500] 14ac9bee-7661-4344-931e-57563513418f: valid; 2.3 s; peak memory 4082 MiB.
2026-09-24T21:22:21Z INFO [413/500] 14ad032c-df3f-4dba-a304-d26e2f0fb8fc: valid; 3.6 s; peak memory 4098 MiB.
2026-09-24T21:22:23Z INFO [414/500] 14ad77ab-8db5-401c-81dc-2357d24223d9: valid; 1.7 s; peak memory 4098 MiB.
2026-09-24T21:22:24Z INFO [415/500] 14ad9104-0a92-4d1a-8a63-241391bf5e19: valid; 1.4 s; peak memory 4098 MiB.
2026-09-24T21:22:32Z INFO [416/500] 14ae69d0-ab59-444d-b11d-96c91d047ddc: valid; 8.0 s; peak memory 4103 MiB.
2026-09-24T21:22:34Z INFO [417/500] 14aff668-d696-498b-97ee-6cc93671b215: valid; 1.9 s; peak memory 4106 MiB.
2026-09-24T21:22:36Z INFO [418/500] 14b11606-7320-4295-a246-9bf11242e610: valid; 2.6 s; peak memory 4115 MiB.
2026-09-24T21:22:37Z INFO [419/500] 14b117d1-f6c6-457b-81db-544ed798d113: valid; 1.1 s; peak memory 4115 MiB.
2026-09-24T21:22:39Z INFO [420/500] 14b135b3-e9e0-4772-ad60-bf68d5abd26a: not valid; 1.7 s; peak memory 4116 MiB.
2026-09-24T21:22:41Z INFO [421/500] 14b152c2-a12d-4977-a909-f903466d859d: valid; 1.9 s; peak memory 4117 MiB.
2026-09-24T21:22:43Z INFO [422/500] 14b1a8b1-1d29-4e55-8213-17796072c906: valid; 2.2 s; peak memory 4127 MiB.
2026-09-24T21:22:45Z INFO [423/500] 14b1b1f3-617f-4951-9bd3-901731aa44a2: not valid; 1.6 s; peak memory 4130 MiB.
2026-09-24T21:22:46Z INFO [424/500] 14b1b46d-adfc-4e0c-90c8-ebf0e67a3fe3: valid; 1.4 s; peak memory 4132 MiB.
2026-09-24T21:22:50Z INFO [425/500] 14b1da3e-a572-4afc-9cc2-ce1c3af8f439: valid; 3.5 s; peak memory 4135 MiB.
2026-09-24T21:22:58Z INFO [426/500] 14b1e226-88cf-4640-b65c-395eb7fc8b0a: valid; 8.2 s; peak memory 4161 MiB.
2026-09-24T21:23:01Z INFO [427/500] 14b28e5c-1071-4e96-90eb-8259bd61e6b8: valid; 2.5 s; peak memory 4166 MiB.
2026-09-24T21:23:13Z INFO [428/500] 14b2941a-075e-4b56-a1ef-1cd41110cf8f: valid; 12.2 s; peak memory 4173 MiB.
2026-09-24T21:23:24Z INFO [429/500] 14b39b77-b003-4ccd-b72e-da46e118adbe: valid; 11.0 s; peak memory 4235 MiB.
2026-09-24T21:23:26Z INFO [430/500] 14b4506e-bb76-4e20-9d90-6c5e2733f202: not valid; 1.8 s; peak memory 4237 MiB.
2026-09-24T21:23:30Z INFO [431/500] 14b577ac-290a-4d1a-984f-1c84170c1eeb: valid; 4.3 s; peak memory 4251 MiB.
2026-09-24T21:23:32Z INFO [432/500] 14b59d40-c422-4392-ac66-6b9e6a7a9de1: not valid; 1.7 s; peak memory 4253 MiB.
2026-09-24T21:23:34Z INFO [433/500] 14b5ab3b-9feb-40c6-9fae-7d17326e2c7a: valid; 2.2 s; peak memory 4263 MiB.
2026-09-24T21:23:36Z INFO [434/500] 14b5e1cd-b228-4855-a554-79e2d1dd9f15: valid; 2.3 s; peak memory 4264 MiB.
2026-09-24T21:23:39Z INFO [435/500] 14b6b242-062e-42c6-9754-b8d67c7505b3: valid; 2.8 s; peak memory 4284 MiB.
2026-09-24T21:23:42Z INFO [436/500] 14b6e295-0949-444d-bddf-2d78e0c7ffdb: valid; 3.4 s; peak memory 4284 MiB.
2026-09-24T21:23:44Z INFO [437/500] 14b7ca21-d708-4e5d-9eac-6d056d9f4bee: valid; 1.9 s; peak memory 4284 MiB.
2026-09-24T21:23:46Z INFO [438/500] 14b7fba2-2a77-41d1-a9e3-99756bcc1c88: valid; 1.5 s; peak memory 4284 MiB.
2026-09-24T21:23:50Z INFO [439/500] 14b8527c-685a-432f-9b76-dcec9bf522f8: not valid; 3.8 s; peak memory 4284 MiB.
2026-09-24T21:23:52Z INFO [440/500] 14b89456-39e7-4b40-af62-d630bdf70f7c: valid; 2.9 s; peak memory 4284 MiB.
2026-09-24T21:23:55Z INFO [441/500] 14b8f7f5-233e-4f6c-9d79-333db7b8856a: valid; 2.9 s; peak memory 4284 MiB.
2026-09-24T21:23:58Z INFO [442/500] 14b951b7-f989-4fdd-ae47-8000cf659f23: valid; 2.2 s; peak memory 4284 MiB.
2026-09-24T21:24:00Z INFO [443/500] 14b9aeb7-19ef-4ba6-83d4-0c35c8a96bcf: valid; 2.7 s; peak memory 4284 MiB.
2026-09-24T21:24:27Z INFO [444/500] 14ba2496-552d-4662-83c4-c163c738689b: valid; 26.6 s; peak memory 4340 MiB.
2026-09-24T21:24:28Z INFO [445/500] 14bb50ca-ae7a-450c-9f9f-8c7512e6df34: valid; 1.1 s; peak memory 4342 MiB.
2026-09-24T21:24:31Z INFO [446/500] 14bbacef-58fc-411f-ad18-1cfef86cc33a: not valid; 3.0 s; peak memory 4352 MiB.
2026-09-24T21:24:33Z INFO [447/500] 14bbf54a-fbd2-46f3-b788-f797f1562bb0: not valid; 1.7 s; peak memory 4356 MiB.
2026-09-24T21:24:37Z INFO [448/500] 14bc42d8-7425-4979-90e9-05e3c8e37041: not valid; 4.2 s; peak memory 4357 MiB.
2026-09-24T21:24:40Z INFO [449/500] 14bc533f-715e-4338-ae66-81696753c0d0: valid; 3.6 s; peak memory 4357 MiB.
2026-09-24T21:24:49Z INFO [450/500] 14bc8f5e-16e7-48ea-922f-203aedec34a3: valid; 8.9 s; peak memory 4357 MiB.
2026-09-24T21:24:50Z INFO [450/500] 14bc8f5e-16e7-48ea-922f-203aedec34a3: checkpointed 78460 records.
2026-09-24T21:24:51Z INFO [451/500] 14bc9b51-b185-4c4c-9602-18e0a45e51e4: valid; 1.6 s; peak memory 4357 MiB.
2026-09-24T21:24:53Z INFO [452/500] 14bcf040-c957-4d64-af89-13a7cc534923: not valid; 1.6 s; peak memory 4357 MiB.
2026-09-24T21:24:55Z INFO [453/500] 14bcf3fd-57d9-477c-bbe3-b5a495cd94e2: valid; 2.3 s; peak memory 4357 MiB.
2026-09-24T21:24:57Z INFO [454/500] 14bcfbbc-d80a-4f2e-a2e6-6fe9c0dba55a: valid; 1.5 s; peak memory 4357 MiB.
2026-09-24T21:24:59Z INFO [455/500] 14bdaa2d-b1af-473c-bf70-7fddb670f3f9: not valid; 1.7 s; peak memory 4357 MiB.
2026-09-24T21:25:00Z INFO [456/500] 14bdb7be-9df5-425e-87a6-05e98452d47a: valid; 1.5 s; peak memory 4357 MiB.
2026-09-24T21:25:02Z INFO [457/500] 14be3e2b-2c88-4639-a796-75689a9886fc: valid; 2.3 s; peak memory 4357 MiB.
2026-09-24T21:25:05Z INFO [458/500] 14beed30-b5bc-491a-b9ae-ed955af84b25: not valid; 2.3 s; peak memory 4357 MiB.
2026-09-24T21:25:07Z INFO [459/500] 14c03c65-05de-4965-9e9a-93cefe088d44: valid; 2.3 s; peak memory 4357 MiB.
2026-09-24T21:25:09Z INFO [460/500] 14c07ad3-48d2-45b1-851f-b5e35f98bdab: not valid; 2.3 s; peak memory 4357 MiB.
2026-09-24T21:25:11Z INFO [461/500] 14c1340e-57ee-4429-b35c-821813fe52c7: valid; 1.4 s; peak memory 4357 MiB.
2026-09-24T21:25:13Z INFO [462/500] 14c1c2f1-e3a9-4565-8d31-4fa24954667b: valid; 2.4 s; peak memory 4357 MiB.
2026-09-24T21:25:14Z INFO [463/500] 14c296aa-617a-4281-9ac0-716af6be4486: not valid; 1.4 s; peak memory 4357 MiB.
2026-09-24T21:25:17Z INFO [464/500] 14c2ffa4-5090-49e8-b336-dc4c8ffef620: valid; 2.8 s; peak memory 4357 MiB.
2026-09-24T21:25:19Z INFO [465/500] 14c3031c-77bd-4add-945f-5e81aadb2605: valid; 1.9 s; peak memory 4357 MiB.
2026-09-24T21:25:21Z INFO [466/500] 14c30743-3908-48fa-858f-368356d35522: valid; 1.7 s; peak memory 4357 MiB.
2026-09-24T21:25:23Z INFO [467/500] 14c37987-d897-429f-9f6a-486bb0a45f8a: not valid; 1.9 s; peak memory 4357 MiB.
2026-09-24T21:25:26Z INFO [468/500] 14c3825e-da51-48ab-b47d-726001b04bbb: valid; 3.1 s; peak memory 4362 MiB.
2026-09-24T21:25:27Z INFO [469/500] 14c3bc9a-5e8d-4656-9b65-7a6bb080575b: valid; 1.5 s; peak memory 4362 MiB.
2026-09-24T21:25:30Z INFO [470/500] 14c3e7c7-0bcc-47b9-be54-dadb61587de4: valid; 2.3 s; peak memory 4362 MiB.
2026-09-24T21:25:31Z INFO [471/500] 14c433d6-0270-4337-861c-6c89d9e829a4: valid; 1.7 s; peak memory 4362 MiB.
2026-09-24T21:25:35Z INFO [472/500] 14c468ac-9c1b-47cd-ba59-429c0c4528d9: valid; 3.7 s; peak memory 4362 MiB.
2026-09-24T21:25:39Z INFO [473/500] 14c4699b-c042-43da-8b5b-80f23868205c: valid; 3.5 s; peak memory 4368 MiB.
2026-09-24T21:25:40Z INFO [474/500] 14c533bf-ab70-4f2f-ac77-8bac7b9b0428: valid; 1.4 s; peak memory 4368 MiB.
2026-09-24T21:25:41Z INFO [475/500] 14c58627-e110-4953-968c-35d902632f8b: valid; 1.3 s; peak memory 4368 MiB.
2026-09-24T21:25:44Z INFO [476/500] 14c5f55b-861b-4b0a-a9af-d93ed218ab29: valid; 2.4 s; peak memory 4368 MiB.
2026-09-24T21:25:49Z INFO [477/500] 14c63ebd-05e9-48a1-8563-2586b71f6daf: not valid; 5.4 s; peak memory 4406 MiB.
2026-09-24T21:25:51Z INFO [478/500] 14c666ea-0ae9-4f3a-ab41-386002b741bf: valid; 1.5 s; peak memory 4406 MiB.
2026-09-24T21:25:53Z INFO [479/500] 14c6e5ab-52b8-4f4f-a314-edbf8b52112c: valid; 2.4 s; peak memory 4406 MiB.
2026-09-24T21:25:55Z INFO [480/500] 14c6e76b-5dad-45e9-ac4a-8354ce44251c: valid; 2.2 s; peak memory 4406 MiB.
2026-09-24T21:25:55Z WARNING 14c708f1-bfbe-46ee-a883-0e7f3e9a90aa: failed while retrieving asset information from the DANDI API (NotFoundError: No such Dandiset: 000948)
2026-09-24T21:25:57Z INFO [482/500] 14c749ca-7cc9-45a8-a8db-d3f6824f91f8: valid; 1.5 s; peak memory 4406 MiB.
2026-09-24T21:25:58Z INFO [483/500] 14c7e601-d5fd-4e39-9fc4-9098d4fcc715: valid; 1.3 s; peak memory 4406 MiB.
2026-09-24T21:26:02Z INFO [484/500] 14c803d8-22b6-4d6c-9da7-69564aaf234d: valid; 3.4 s; peak memory 4406 MiB.
2026-09-24T21:26:22Z INFO [485/500] 14c80f67-12be-43ea-b0bc-296f8dac8efc: valid; 20.0 s; peak memory 4423 MiB.
2026-09-24T21:26:25Z INFO [486/500] 14c82125-06f3-4752-914c-8fbf116307ee: valid; 3.0 s; peak memory 4424 MiB.
2026-09-24T21:26:28Z INFO [487/500] 14c835bf-df80-4497-a6b5-297a40005ce9: not valid; 3.7 s; peak memory 4429 MiB.
2026-09-24T21:26:40Z INFO [488/500] 14c882b3-4e58-488b-8790-4e6eefa93e44: not valid; 11.2 s; peak memory 4471 MiB.
2026-09-24T21:26:41Z INFO [489/500] 14c9b483-c8d8-4b7d-a74d-9b5f683d23bb: not valid; 1.6 s; peak memory 4476 MiB.
2026-09-24T21:26:49Z INFO [490/500] 14ca55cb-b026-41f1-98c1-780625f99e5f: not valid; 8.1 s; peak memory 4538 MiB.
2026-09-24T21:26:53Z INFO [491/500] 14caa02f-67fd-4cd0-9b05-9beb865e5126: valid; 3.6 s; peak memory 4541 MiB.
2026-09-24T21:26:55Z WARNING 14cb1aa5-810d-4be7-a1d3-440b5c8b6eda: failed while opening the NWB file (ConstructError: (root/acquisition/_iblmic_audioSpectrogram/bands GroupBuilder {'attributes': {'colnames': array(['freq'], dtype=object), 'description': 'spectogram frequencies', 'namespace': 'core', 'neurodata_type': 'FrequencyBandsTable', 'object_id': '91e1684d-ae41-4fc5-9d98-4d03ea70a3f5'}, 'groups': {}, 'datasets': {'freq': root/acquisition/_iblmic_audioSpectrogram/bands/freq DatasetBuilder {'attributes': {'description': 'frequency value', 'namespace': 'hdmf-common', 'neurodata_type': 'VectorData', 'object_id': '1738cae7-cc8e-4eae-bb1d-4ec789487e10'}, 'data': <HDF5 dataset "freq": shape (257,), type "<f4">}, 'id': root/acquisition/_iblmic_audioSpectrogram/bands/id DatasetBuilder {'attributes': {'namespace': 'hdmf-common', 'neurodata_type': 'ElementIdentifiers', 'object_id': '5bdbcee0-f9b2-422f-9ed5-0edcacdca091'}, 'data': <HDF5 dataset "id": shape (257,), type "<i4">}}, 'links': {}}, "Could not construct FrequencyBandsTable object due to: column must have the same number of rows as 'id'"))
2026-09-24T21:26:57Z INFO [493/500] 14cb93a7-ea13-4f01-ac04-b830e5d46874: valid; 2.4 s; peak memory 4541 MiB.
2026-09-24T21:27:00Z INFO [494/500] 14cc029a-763b-4771-b2ea-5432ac529450: valid; 2.6 s; peak memory 4541 MiB.
2026-09-24T21:27:02Z INFO [495/500] 14cc0c9e-a291-4e42-8260-7ad21e8450c1: valid; 1.4 s; peak memory 4541 MiB.
2026-09-24T21:27:03Z WARNING 14cc3989-1474-4b6d-99de-19cad6470521: failed while opening the NWB file (ConstructError: (root/acquisition/event_code_meanings GroupBuilder {'attributes': {'colnames': array(['value', 'meaning'], dtype=object), 'description': 'Mapping integer event codes to event labels', 'namespace': 'ndx-events', 'neurodata_type': 'MeaningsTable', 'object_id': '52481e0e-3f9f-4082-a20b-88007d21ec86'}, 'groups': {}, 'datasets': {'id': root/acquisition/event_code_meanings/id DatasetBuilder {'attributes': {'namespace': 'hdmf-common', 'neurodata_type': 'ElementIdentifiers', 'object_id': 'fae993c2-ff86-4956-aa82-87b0f05cd8c4'}, 'data': <HDF5 dataset "id": shape (26,), type "<i8">}, 'meaning': root/acquisition/event_code_meanings/meaning DatasetBuilder {'attributes': {'description': 'The meaning of the value in the parent CategoricalVectorData object.', 'namespace': 'hdmf-experimental', 'neurodata_type': 'VectorData', 'object_id': '42dbc922-f9ee-4a17-9958-6c5680fa8c91'}, 'data': <StrDataset for HDF5 dataset "meaning": shape (26,), type "|O">}, 'value': root/acquisition/event_code_meanings/value DatasetBuilder {'attributes': {'description': 'The value of the parent CategoricalVectorData object.', 'namespace': 'hdmf-experimental', 'neurodata_type': 'VectorData', 'object_id': '2d568752-4e3e-47af-96b9-81b5e4ac214c'}, 'data': <HDF5 dataset "value": shape (26,), type "<i8">}}, 'links': {}}, "Could not construct MeaningsTable object due to: MeaningsTable.__init__: missing argument 'target'"))
2026-09-24T21:27:06Z INFO [497/500] 14ccce35-8c84-4949-a387-7a29bed9addf: valid; 2.5 s; peak memory 4541 MiB.
2026-09-24T21:27:07Z INFO [498/500] 14ce8b04-aca6-42e7-985e-c179ff3a0dd6: valid; 1.5 s; peak memory 4541 MiB.
2026-09-24T21:27:11Z INFO [499/500] 14cef7ed-f932-4fc0-93e7-f81a12b39631: valid; 3.4 s; peak memory 4551 MiB.
2026-09-24T21:27:22Z INFO [500/500] 14cef8d3-aa20-455a-bf33-450d7f48e377: valid; 11.0 s; peak memory 4732 MiB.
2026-09-24T21:27:22Z INFO [500/500] 14cef8d3-aa20-455a-bf33-450d7f48e377: checkpointed 78510 records.
2026-09-24T21:27:23Z INFO Wrote 78510 records to /tmp/derivatives/content_id_to_valid_nwb_file.jsonl (481 new, 19 failed) in 35.0 min (peak memory 4732 MiB).
