2026-09-27T15:54:34Z INFO Logging to /tmp/logs/update_2026-09-27T15-54-34Z.log.
2026-09-27T15:54:34Z INFO Update content-id-to-valid-nwb-file (base directory /tmp).
2026-09-27T15:54:37Z INFO Processing 500 items (82010 already recorded).
2026-09-27T15:54:38Z INFO [1/500] 1a2f6c84-5677-4323-a686-bc5c9846f1dd: valid; 0.8 s; peak memory 342 MiB.
2026-09-27T15:54:39Z INFO [2/500] 1a30538e-be24-45de-886c-715a575293dc: valid; 1.1 s; peak memory 346 MiB.
2026-09-27T15:54:40Z INFO [3/500] 1a31f19d-027f-44df-bae9-45d82d25c60a: not valid; 1.2 s; peak memory 351 MiB.
2026-09-27T15:54:41Z INFO [4/500] 1a327009-44a6-42f2-8251-4fd89bc8335c: valid; 1.1 s; peak memory 357 MiB.
2026-09-27T15:54:49Z INFO [5/500] 1a329c7f-2ae3-4a79-aed2-818c28c29f1d: valid; 7.5 s; peak memory 472 MiB.
2026-09-27T15:54:49Z INFO [6/500] 1a32f62a-f72e-4ac6-840a-e40da0667a6e: valid; 0.7 s; peak memory 472 MiB.
2026-09-27T15:54:53Z INFO [7/500] 1a335d9a-edbc-4a89-b7a0-3a3017cbf95c: not valid; 3.9 s; peak memory 484 MiB.
2026-09-27T15:54:55Z INFO [8/500] 1a343790-2703-441e-8376-31a2f451b868: valid; 1.9 s; peak memory 507 MiB.
2026-09-27T15:54:56Z WARNING 1a34a5f7-c7de-4e29-88dc-172c3f5404a9: failed while opening the NWB file (ConstructError: (root/acquisition/_iblmic_audioSpectrogram/bands GroupBuilder {'attributes': {'colnames': array(['freq'], dtype=object), 'description': 'spectogram frequencies', 'namespace': 'core', 'neurodata_type': 'FrequencyBandsTable', 'object_id': 'd4cb79ce-8fb4-4ea2-a16a-120b8ba60fef'}, 'groups': {}, 'datasets': {'freq': root/acquisition/_iblmic_audioSpectrogram/bands/freq DatasetBuilder {'attributes': {'description': 'frequency value', 'namespace': 'hdmf-common', 'neurodata_type': 'VectorData', 'object_id': '83772fd3-7d6f-43f3-837c-81bb693366ac'}, 'data': <HDF5 dataset "freq": shape (257,), type "<f4">}, 'id': root/acquisition/_iblmic_audioSpectrogram/bands/id DatasetBuilder {'attributes': {'namespace': 'hdmf-common', 'neurodata_type': 'ElementIdentifiers', 'object_id': '572647a4-9e95-40ac-acb4-ab8ccb2b7384'}, 'data': <HDF5 dataset "id": shape (257,), type "<i4">}}, 'links': {}}, "Could not construct FrequencyBandsTable object due to: column must have the same number of rows as 'id'"))
2026-09-27T15:54:58Z INFO [10/500] 1a34cbc4-6d5a-414b-8356-e7728a95e92a: valid; 1.8 s; peak memory 531 MiB.
2026-09-27T15:55:00Z INFO [11/500] 1a3576e2-dae3-4340-8def-e3648683ac5b: valid; 2.0 s; peak memory 540 MiB.
2026-09-27T15:55:01Z INFO [12/500] 1a35944c-bb66-4328-ae89-b1c3870cb5cf: valid; 1.2 s; peak memory 545 MiB.
2026-09-27T15:55:02Z INFO [13/500] 1a3679c3-8720-496b-8d79-522000791801: not valid; 1.1 s; peak memory 545 MiB.
2026-09-27T15:55:03Z INFO [14/500] 1a37bbc8-7914-4a5a-bf74-6ac70d7f2558: not valid; 1.3 s; peak memory 545 MiB.
2026-09-27T15:55:05Z INFO [15/500] 1a389bec-8ac8-44e3-a248-32242e3abcbe: valid; 1.6 s; peak memory 545 MiB.
2026-09-27T15:55:10Z INFO [16/500] 1a38e5cd-082b-4703-9131-f3389c206e44: valid; 5.4 s; peak memory 545 MiB.
2026-09-27T15:55:12Z INFO [17/500] 1a391dd0-ef59-4cb9-946c-e98e0d85443b: valid; 1.1 s; peak memory 545 MiB.
2026-09-27T15:55:12Z INFO [18/500] 1a39a30a-3b26-4175-9bb3-4ed8c2d22602: valid; 0.7 s; peak memory 545 MiB.
2026-09-27T15:55:31Z INFO [19/500] 1a3a0214-c40e-49ed-9ada-9379c9fca1e8: valid; 18.7 s; peak memory 1404 MiB.
2026-09-27T15:55:32Z INFO [20/500] 1a3a8cfd-25e9-4ec4-bb77-4a3fad0406c9: valid; 1.0 s; peak memory 1404 MiB.
2026-09-27T15:55:50Z INFO [21/500] 1a3ae9d5-565b-430b-8e97-a436b59b6fa4: valid; 18.1 s; peak memory 1404 MiB.
2026-09-27T15:55:51Z INFO [22/500] 1a3b2d7c-9213-4336-a8bc-403216facc04: valid; 1.3 s; peak memory 1412 MiB.
2026-09-27T15:55:56Z INFO [23/500] 1a3b781d-eaa9-4214-9617-70111f03c126: valid; 5.2 s; peak memory 1463 MiB.
2026-09-27T15:55:57Z INFO [24/500] 1a3b9050-9499-4388-978d-42f3da3cd63e: valid; 0.6 s; peak memory 1466 MiB.
2026-09-27T15:55:58Z INFO [25/500] 1a3b97e1-0f58-425b-98d4-4d1b5323dc48: not valid; 1.1 s; peak memory 1472 MiB.
2026-09-27T15:55:59Z INFO [26/500] 1a3c635e-a002-4ebf-9b3c-d37e83c5fcb9: valid; 1.4 s; peak memory 1484 MiB.
2026-09-27T15:56:06Z INFO [27/500] 1a3d2206-98e4-4ac9-9393-df31309b078c: valid; 6.5 s; peak memory 1494 MiB.
2026-09-27T15:56:07Z INFO [28/500] 1a3d8d26-9cce-4247-8396-f96da981ccd1: valid; 1.1 s; peak memory 1494 MiB.
2026-09-27T15:56:08Z INFO [29/500] 1a3dbcf4-833a-49c8-b0af-1a5cc79054d2: valid; 0.5 s; peak memory 1494 MiB.
2026-09-27T15:56:08Z WARNING 1a3dc3d4-83cf-4db3-aca4-3a974367d19c: failed while retrieving asset information from the DANDI API (NotFoundError: No asset at path 'sub-LG449/sub-LG449_ses-20250331_obj-1psc5vx_ophys.nwb' in version 0.260915.2135. Verify the path is correct and the asset exists in this version. Use 'dandi ls' to list available assets.)
2026-09-27T15:56:08Z INFO [31/500] 1a3ee8fa-e67f-41f8-880c-44b4f761499a: valid; 0.6 s; peak memory 1494 MiB.
2026-09-27T15:56:09Z INFO [32/500] 1a3ef025-adb8-452d-a92a-776a1013ed4f: not valid; 1.0 s; peak memory 1494 MiB.
2026-09-27T15:56:10Z INFO [33/500] 1a3efe35-b128-4ef7-9c41-8bacfbea8fab: valid; 1.0 s; peak memory 1494 MiB.
2026-09-27T15:56:12Z INFO [34/500] 1a3fa9b9-74c1-4632-be1a-f047fd916cf6: valid; 1.8 s; peak memory 1494 MiB.
2026-09-27T15:56:13Z INFO [35/500] 1a40bf67-3979-4251-85e1-1c1312100b3d: valid; 0.8 s; peak memory 1494 MiB.
2026-09-27T15:56:15Z INFO [36/500] 1a40f698-10bf-482c-bb00-ae4a54105d7e: valid; 1.9 s; peak memory 1504 MiB.
2026-09-27T15:56:15Z INFO [37/500] 1a417078-b7cc-417a-8026-61346aec6c2d: valid; 0.7 s; peak memory 1504 MiB.
2026-09-27T15:56:17Z INFO [38/500] 1a425d78-f9c5-4c80-b385-acc19169680c: not valid; 1.1 s; peak memory 1504 MiB.
2026-09-27T15:56:17Z INFO [39/500] 1a42dc7b-844e-4282-9509-31e08f01b887: valid; 0.7 s; peak memory 1504 MiB.
2026-09-27T15:56:18Z INFO [40/500] 1a43657c-187d-48f0-b309-6445275fa9aa: valid; 1.1 s; peak memory 1504 MiB.
2026-09-27T15:56:19Z INFO [41/500] 1a43b263-f802-42b9-8fac-88bce7b5730a: not valid; 1.0 s; peak memory 1504 MiB.
2026-09-27T15:56:20Z WARNING 1a44ad7e-ba6b-4148-8064-f6b1bb7abac0: failed while retrieving asset information from the DANDI API (NotFoundError: No asset at path 'sub-440959/sub-440959_ses-20190226T140636_behavior+ecephys+ogen.nwb' in version 0.231012.2129. Verify the path is correct and the asset exists in this version. Use 'dandi ls' to list available assets.)
2026-09-27T15:56:20Z INFO [43/500] 1a4533b8-6a71-47f2-9c06-5fb3b6dfa726: valid; 0.7 s; peak memory 1504 MiB.
2026-09-27T15:56:21Z INFO [44/500] 1a45bd8e-def4-4cdb-8a2a-e1eec5110f72: valid; 1.0 s; peak memory 1504 MiB.
2026-09-27T15:56:23Z INFO [45/500] 1a466a54-a19e-45b5-929c-c7f84d295a17: valid; 1.8 s; peak memory 1504 MiB.
2026-09-27T15:56:24Z INFO [46/500] 1a467dbb-81ee-482f-9527-da77b3910fc3: valid; 0.8 s; peak memory 1504 MiB.
2026-09-27T15:56:25Z INFO [47/500] 1a467f72-05ac-4335-98c4-47efd13516d2: valid; 0.9 s; peak memory 1504 MiB.
2026-09-27T15:56:27Z INFO [48/500] 1a47464a-ec88-4a5b-b374-9e9758aabd49: not valid; 2.6 s; peak memory 1504 MiB.
2026-09-27T15:56:28Z INFO [49/500] 1a4782b9-7bcf-4a13-a0af-8856c4621997: valid; 0.8 s; peak memory 1504 MiB.
2026-09-27T15:56:29Z INFO [50/500] 1a47913b-66a9-4474-a869-c8124b04b96f: not valid; 0.8 s; peak memory 1504 MiB.
2026-09-27T15:56:30Z INFO [50/500] 1a47913b-66a9-4474-a869-c8124b04b96f: checkpointed 82060 records.
2026-09-27T15:56:30Z INFO [51/500] 1a47f240-4ac1-4732-97f7-a29e608943d9: valid; 0.7 s; peak memory 1505 MiB.
2026-09-27T15:56:31Z INFO [52/500] 1a483575-040a-4e25-b76f-c8675217eedc: not valid; 0.8 s; peak memory 1505 MiB.
2026-09-27T15:56:33Z INFO [53/500] 1a489742-bca1-4e9b-ba21-adfb18ca537b: valid; 2.1 s; peak memory 1505 MiB.
2026-09-27T15:56:35Z INFO [54/500] 1a48ca84-9355-4202-8a2f-26b327f5b7d3: valid; 1.9 s; peak memory 1510 MiB.
2026-09-27T15:56:36Z INFO [55/500] 1a491608-b754-4e50-926f-eed57a1743f1: not valid; 1.1 s; peak memory 1510 MiB.
2026-09-27T15:56:37Z INFO [56/500] 1a491bd3-3c48-494a-a317-578e3cccd46f: valid; 0.6 s; peak memory 1510 MiB.
2026-09-27T15:56:38Z INFO [57/500] 1a4a80f2-e4f2-409f-84a9-bbe5eb8d93c3: valid; 1.0 s; peak memory 1510 MiB.
2026-09-27T15:56:39Z INFO [58/500] 1a4a94d9-f35b-45a7-a0e6-8c13de86ee7a: not valid; 0.9 s; peak memory 1510 MiB.
2026-09-27T15:56:40Z INFO [59/500] 1a4b1e13-d4e9-4812-ba29-5c2ae058dc2b: valid; 1.0 s; peak memory 1510 MiB.
2026-09-27T15:56:44Z INFO [60/500] 1a4ba99f-ae32-4999-91ab-580ec86c7d0b: valid; 4.1 s; peak memory 1510 MiB.
2026-09-27T15:56:50Z INFO [61/500] 1a4bd57a-dc1f-447c-8a0a-052558d01d1a: valid; 6.5 s; peak memory 1537 MiB.
2026-09-27T15:56:52Z INFO [62/500] 1a4c563e-eb8e-4222-b686-9e1c00cfb785: valid; 1.9 s; peak memory 1545 MiB.
2026-09-27T15:56:54Z INFO [63/500] 1a4cc122-7576-474d-8983-37a11282070c: valid; 1.6 s; peak memory 1548 MiB.
2026-09-27T15:56:55Z INFO [64/500] 1a4d258b-bf1c-4d1e-90f7-e96403446113: not valid; 1.0 s; peak memory 1552 MiB.
2026-09-27T15:56:55Z INFO [65/500] 1a4d3358-77db-47cc-b6f9-78fe2f5852a1: valid; 0.5 s; peak memory 1552 MiB.
2026-09-27T15:56:56Z INFO [66/500] 1a4e17ed-53e3-4b59-a0eb-3e6d01235a01: valid; 0.6 s; peak memory 1553 MiB.
2026-09-27T15:56:57Z INFO [67/500] 1a4f0ed3-f7e8-499f-8e9f-234c9bd7034d: valid; 0.6 s; peak memory 1554 MiB.
2026-09-27T15:56:58Z INFO [68/500] 1a4fdabc-a578-490f-8d7b-f68ff3811ee9: valid; 1.2 s; peak memory 1563 MiB.
2026-09-27T15:56:58Z INFO [69/500] 1a507233-c3ef-4cca-8d14-10409362548a: valid; 0.7 s; peak memory 1563 MiB.
2026-09-27T15:56:59Z INFO [70/500] 1a508668-e09f-4e8c-9d51-16ff9b93c96c: not valid; 1.0 s; peak memory 1563 MiB.
2026-09-27T15:57:00Z INFO [71/500] 1a508947-c35c-4e8e-9b1e-91548a79d245: not valid; 0.8 s; peak memory 1563 MiB.
2026-09-27T15:57:01Z INFO [72/500] 1a509258-c7f3-4244-b14d-7c7e786f3a35: valid; 0.7 s; peak memory 1563 MiB.
2026-09-27T15:57:03Z INFO [73/500] 1a51a7e2-2910-41d5-a5a8-a529564d107e: not valid; 1.9 s; peak memory 1563 MiB.
2026-09-27T15:57:12Z INFO [74/500] 1a52c59f-1373-4b86-bde3-dbea37f13a37: valid; 8.7 s; peak memory 1563 MiB.
2026-09-27T15:57:14Z INFO [75/500] 1a532c3d-6719-4b92-8c90-e2525d51575f: valid; 2.5 s; peak memory 1563 MiB.
2026-09-27T15:57:14Z WARNING 1a539eac-e11d-45d0-9f6c-3eb99f6b70e4: failed while retrieving asset information from the DANDI API (NotFoundError: No asset at path 'sub-healthy-simulated-lfp/sub-healthy-simulated-lfp_ses-3297_ecephys.nwb' in version 0.250327.2220. Verify the path is correct and the asset exists in this version. Use 'dandi ls' to list available assets.)
2026-09-27T15:57:15Z INFO [77/500] 1a53cbf5-e8cc-4e3a-9f55-144978edb83a: valid; 0.4 s; peak memory 1563 MiB.
2026-09-27T15:57:15Z INFO [78/500] 1a53ded7-f3e3-49db-bf19-18c8be61dbd1: not valid; 0.8 s; peak memory 1563 MiB.
2026-09-27T15:57:15Z WARNING 1a540330-e889-436a-93dd-fdf5befc2905: failed while retrieving asset information from the DANDI API (NotFoundError: No asset at path 'sub-MS13/sub-MS13_ses-Peter-MS13-171201-130527-concat_behavior+ecephys.nwb' in version 0.250624.0444. Verify the path is correct and the asset exists in this version. Use 'dandi ls' to list available assets.)
2026-09-27T15:57:17Z INFO [80/500] 1a543ab2-a4a9-4bff-86f8-babc6c28b733: valid; 1.7 s; peak memory 1563 MiB.
2026-09-27T15:57:18Z INFO [81/500] 1a54a43e-f675-4603-9935-63ffbe0cb085: not valid; 0.8 s; peak memory 1563 MiB.
2026-09-27T15:57:18Z INFO [82/500] 1a554e1a-2c4b-4884-a0f7-fa13b6664cf1: valid; 0.5 s; peak memory 1563 MiB.
2026-09-27T15:57:20Z INFO [83/500] 1a55c604-6a10-40a8-a4d7-456caf5eaf77: not valid; 1.6 s; peak memory 1563 MiB.
2026-09-27T15:57:21Z INFO [84/500] 1a55e436-600c-4359-a083-2827336239ec: valid; 1.1 s; peak memory 1564 MiB.
2026-09-27T15:57:22Z INFO [85/500] 1a56afa2-2d42-4d9b-b356-5823844255d5: valid; 1.4 s; peak memory 1574 MiB.
2026-09-27T15:57:23Z INFO [86/500] 1a56b64e-14e8-4bca-a1a2-ed8b7e4d0641: not valid; 0.8 s; peak memory 1576 MiB.
2026-09-27T15:57:25Z INFO [87/500] 1a5724f8-bfcd-4907-aeed-0965a935edee: valid; 2.1 s; peak memory 1580 MiB.
2026-09-27T15:57:29Z INFO [88/500] 1a577598-c285-48bb-8ba8-dfc4b41d9ca0: valid; 3.4 s; peak memory 1580 MiB.
2026-09-27T15:57:30Z INFO [89/500] 1a593aa4-a496-452a-bb85-94c1059b4cb7: valid; 1.0 s; peak memory 1583 MiB.
2026-09-27T15:57:30Z INFO [90/500] 1a598790-5ad2-483e-88bb-9a508c5da946: valid; 0.5 s; peak memory 1583 MiB.
2026-09-27T15:57:31Z INFO [91/500] 1a5a09de-4350-4bc1-bd1e-83a88aed62c9: not valid; 1.3 s; peak memory 1583 MiB.
2026-09-27T15:57:32Z INFO [92/500] 1a5a39ae-343f-4e19-a126-b60e9b835c30: valid; 0.9 s; peak memory 1583 MiB.
2026-09-27T15:57:33Z WARNING 1a5a47ad-e827-405d-adfa-813a705573ae: failed while opening the NWB file (ConstructError: (root/acquisition/event_code_meanings GroupBuilder {'attributes': {'colnames': array(['value', 'meaning'], dtype=object), 'description': 'Mapping integer event codes to event labels', 'namespace': 'ndx-events', 'neurodata_type': 'MeaningsTable', 'object_id': '4baf60a7-e122-4450-9805-3fcc28cbb521'}, 'groups': {}, 'datasets': {'id': root/acquisition/event_code_meanings/id DatasetBuilder {'attributes': {'namespace': 'hdmf-common', 'neurodata_type': 'ElementIdentifiers', 'object_id': 'cc4c1380-4fd0-45b5-be8f-b06435e2c2d5'}, 'data': <HDF5 dataset "id": shape (26,), type "<i8">}, 'meaning': root/acquisition/event_code_meanings/meaning DatasetBuilder {'attributes': {'description': 'The meaning of the value in the parent CategoricalVectorData object.', 'namespace': 'hdmf-experimental', 'neurodata_type': 'VectorData', 'object_id': '69a131f0-9d5e-4df7-b621-99888c781a43'}, 'data': <StrDataset for HDF5 dataset "meaning": shape (26,), type "|O">}, 'value': root/acquisition/event_code_meanings/value DatasetBuilder {'attributes': {'description': 'The value of the parent CategoricalVectorData object.', 'namespace': 'hdmf-experimental', 'neurodata_type': 'VectorData', 'object_id': 'df45319e-068a-49ec-9a21-49d1527fe8c0'}, 'data': <HDF5 dataset "value": shape (26,), type "<i8">}}, 'links': {}}, "Could not construct MeaningsTable object due to: MeaningsTable.__init__: missing argument 'target'"))
2026-09-27T15:57:34Z INFO [94/500] 1a5a8adc-ab2d-45a5-8a4b-748d31078d9a: not valid; 0.7 s; peak memory 1585 MiB.
2026-09-27T15:57:36Z INFO [95/500] 1a5afd60-a1a6-4f78-8b6b-c688b404b5ea: valid; 2.4 s; peak memory 1588 MiB.
2026-09-27T15:57:46Z INFO [96/500] 1a5b6868-eff2-412c-ba7b-0c5d5ad8785e: valid; 10.1 s; peak memory 2224 MiB.
2026-09-27T15:57:54Z INFO [97/500] 1a5bef45-fef8-4614-8198-94b7fad4fd10: valid; 7.2 s; peak memory 2224 MiB.
2026-09-27T15:57:55Z INFO [98/500] 1a5bf129-b051-48ec-8793-4a6853839b47: valid; 1.7 s; peak memory 2224 MiB.
2026-09-27T15:57:57Z INFO [99/500] 1a5c0bb5-e47e-43ed-9b4c-f0ad3295f720: not valid; 1.3 s; peak memory 2224 MiB.
2026-09-27T15:58:02Z INFO [100/500] 1a5c43f3-92ab-4147-84ba-5a3b1dcb1782: valid; 5.8 s; peak memory 2224 MiB.
2026-09-27T15:58:03Z INFO [100/500] 1a5c43f3-92ab-4147-84ba-5a3b1dcb1782: checkpointed 82110 records.
2026-09-27T15:58:05Z INFO [101/500] 1a5c47bd-8ab3-49df-99f6-9ca9c2e41d00: not valid; 2.3 s; peak memory 2224 MiB.
2026-09-27T15:58:06Z WARNING 1a5cc545-3f0f-4a0c-b265-febace91d1ff: failed while opening the NWB file (ConstructError: (root/acquisition/_iblmic_audioSpectrogram/bands GroupBuilder {'attributes': {'colnames': array(['freq'], dtype=object), 'description': 'spectogram frequencies', 'namespace': 'core', 'neurodata_type': 'FrequencyBandsTable', 'object_id': '4f8865b0-8df3-4510-b51f-dc5796673165'}, 'groups': {}, 'datasets': {'freq': root/acquisition/_iblmic_audioSpectrogram/bands/freq DatasetBuilder {'attributes': {'description': 'frequency value', 'namespace': 'hdmf-common', 'neurodata_type': 'VectorData', 'object_id': 'eafc55d4-3390-48d1-b0aa-f5ca55a7014f'}, 'data': <HDF5 dataset "freq": shape (257,), type "<f4">}, 'id': root/acquisition/_iblmic_audioSpectrogram/bands/id DatasetBuilder {'attributes': {'namespace': 'hdmf-common', 'neurodata_type': 'ElementIdentifiers', 'object_id': 'b1f1dbe4-76cc-4d60-a7de-43af79f64057'}, 'data': <HDF5 dataset "id": shape (257,), type "<i4">}}, 'links': {}}, "Could not construct FrequencyBandsTable object due to: column must have the same number of rows as 'id'"))
2026-09-27T15:58:07Z INFO [103/500] 1a5d492a-d0f4-4984-8a7f-5e82019535bb: not valid; 0.8 s; peak memory 2224 MiB.
2026-09-27T15:58:09Z INFO [104/500] 1a5da236-7a2e-46ad-9284-60ace697e94b: valid; 1.7 s; peak memory 2224 MiB.
2026-09-27T15:58:16Z INFO [105/500] 1a5ddbe4-aa77-418e-8740-89d495fc8080: valid; 7.0 s; peak memory 2342 MiB.
2026-09-27T15:58:17Z INFO [106/500] 1a5e62c3-fa69-4af7-973c-315c5e90892c: valid; 1.5 s; peak memory 2342 MiB.
2026-09-27T15:58:18Z INFO [107/500] 1a5e9d6c-f623-419d-9704-37aaf3a3c405: valid; 0.6 s; peak memory 2342 MiB.
2026-09-27T15:58:18Z WARNING 1a5ebf25-7970-42ca-b856-4bb24aab9afc: failed while retrieving asset information from the DANDI API (NotFoundError: No asset at path 'sub-LG449/sub-LG449_ses-20250331_obj-175pc2a_ophys.nwb' in version 0.260915.2135. Verify the path is correct and the asset exists in this version. Use 'dandi ls' to list available assets.)
2026-09-27T15:58:19Z INFO [109/500] 1a5eebbf-b335-4cec-b640-3c1afe8591f0: valid; 0.8 s; peak memory 2344 MiB.
2026-09-27T15:58:19Z WARNING 1a5efbad-1fd2-4213-b20b-31e2add87184: failed while retrieving asset information from the DANDI API (NotFoundError: No asset at path 'sub-LG445/sub-LG445_ses-20250328_obj-kneem8_ophys.nwb' in version 0.260915.2135. Verify the path is correct and the asset exists in this version. Use 'dandi ls' to list available assets.)
2026-09-27T15:58:21Z INFO [111/500] 1a5f2576-6ff4-4f97-8b02-b229ecad1b57: valid; 2.6 s; peak memory 2344 MiB.
2026-09-27T15:58:23Z INFO [112/500] 1a5f801d-04b0-4fd8-858b-e9df6c4247fd: valid; 1.7 s; peak memory 2344 MiB.
2026-09-27T15:58:25Z INFO [113/500] 1a5f8b13-412f-4b1e-9ef4-fcf6f88ad2c7: valid; 1.8 s; peak memory 2344 MiB.
2026-09-27T15:58:30Z INFO [114/500] 1a5ff1fb-b043-4f6e-aa16-517d423aba4f: valid; 5.4 s; peak memory 2490 MiB.
2026-09-27T15:58:31Z INFO [115/500] 1a600908-94c5-4bf8-a0d1-6f94c7fdea8e: valid; 1.0 s; peak memory 2490 MiB.
2026-09-27T15:58:32Z INFO [116/500] 1a60ffbd-9725-49b6-bbf0-99d544b036e4: not valid; 0.8 s; peak memory 2490 MiB.
2026-09-27T15:58:33Z INFO [117/500] 1a6198fb-c773-410f-acdb-d6a6893bac1c: valid; 1.4 s; peak memory 2490 MiB.
2026-09-27T15:58:35Z INFO [118/500] 1a61a666-1c4c-42de-b7bd-b4ceb5a3c5eb: valid; 1.2 s; peak memory 2490 MiB.
2026-09-27T15:58:36Z INFO [119/500] 1a623c2f-aae6-42d8-bbc6-29917b39e2e7: valid; 1.3 s; peak memory 2490 MiB.
2026-09-27T15:58:37Z INFO [120/500] 1a626ae3-4962-4c40-b3be-f81e3ee56392: not valid; 1.4 s; peak memory 2490 MiB.
2026-09-27T15:58:49Z INFO [121/500] 1a62d546-eb37-423f-8658-03f7790e6cdf: not valid; 11.8 s; peak memory 2501 MiB.
2026-09-27T15:58:50Z INFO [122/500] 1a63074b-96fc-4ea4-9351-82ee69c2e4ed: valid; 1.2 s; peak memory 2519 MiB.
2026-09-27T15:58:51Z INFO [123/500] 1a63a202-2365-4211-9ad3-3552af1c2faa: valid; 1.1 s; peak memory 2519 MiB.
2026-09-27T15:58:55Z INFO [124/500] 1a640865-984d-4cea-9f67-d05b5a8dbef3: valid; 4.0 s; peak memory 2539 MiB.
2026-09-27T15:58:57Z INFO [125/500] 1a644498-c013-4a05-b67f-4c82d3a033d6: valid; 1.2 s; peak memory 2543 MiB.
2026-09-27T15:58:58Z WARNING 1a644c07-9f29-456d-9d68-da7f03bfb033: failed while opening the NWB file (ConstructError: (root/acquisition/event_code_meanings GroupBuilder {'attributes': {'colnames': array(['value', 'meaning'], dtype=object), 'description': 'Mapping integer event codes to event labels', 'namespace': 'ndx-events', 'neurodata_type': 'MeaningsTable', 'object_id': 'dbc69749-0f86-42eb-a186-4719957f7be5'}, 'groups': {}, 'datasets': {'id': root/acquisition/event_code_meanings/id DatasetBuilder {'attributes': {'namespace': 'hdmf-common', 'neurodata_type': 'ElementIdentifiers', 'object_id': '367a7860-f6f6-48ae-98e3-79e4624375ad'}, 'data': <HDF5 dataset "id": shape (26,), type "<i8">}, 'meaning': root/acquisition/event_code_meanings/meaning DatasetBuilder {'attributes': {'description': 'The meaning of the value in the parent CategoricalVectorData object.', 'namespace': 'hdmf-experimental', 'neurodata_type': 'VectorData', 'object_id': '0f6f0345-83db-430c-b537-e6d2dc59a69f'}, 'data': <StrDataset for HDF5 dataset "meaning": shape (26,), type "|O">}, 'value': root/acquisition/event_code_meanings/value DatasetBuilder {'attributes': {'description': 'The value of the parent CategoricalVectorData object.', 'namespace': 'hdmf-experimental', 'neurodata_type': 'VectorData', 'object_id': '74b7c980-6814-45ba-bdb3-28f23df2a2c9'}, 'data': <HDF5 dataset "value": shape (26,), type "<i8">}}, 'links': {}}, "Could not construct MeaningsTable object due to: MeaningsTable.__init__: missing argument 'target'"))
2026-09-27T15:58:59Z INFO [127/500] 1a648989-b32f-4af1-8a0e-e413e2da9f71: valid; 1.3 s; peak memory 2553 MiB.
2026-09-27T15:59:01Z INFO [128/500] 1a6586fc-11bc-4754-95f5-5e1af9bd8b29: valid; 1.7 s; peak memory 2556 MiB.
2026-09-27T15:59:02Z INFO [129/500] 1a65f47c-d989-461c-83bf-a98fc34b6c87: valid; 0.8 s; peak memory 2556 MiB.
2026-09-27T15:59:02Z WARNING 1a66677a-91fb-480d-8812-ff392561e2a4: failed while retrieving asset information from the DANDI API (NotFoundError: No such Dandiset: 000948)
2026-09-27T15:59:11Z INFO [131/500] 1a66a03d-760f-4af2-b646-4390c9108a12: valid; 9.7 s; peak memory 2603 MiB.
2026-09-27T15:59:12Z INFO [132/500] 1a66cb5b-dc04-4a29-afc3-7e8d5c34855b: valid; 0.7 s; peak memory 2604 MiB.
2026-09-27T15:59:13Z INFO [133/500] 1a66f45e-1823-46e7-81c5-b04be9fc3ea6: valid; 1.1 s; peak memory 2609 MiB.
2026-09-27T15:59:14Z INFO [134/500] 1a66f7f9-352c-47fe-80cf-51c38cfb61ca: valid; 1.1 s; peak memory 2636 MiB.
2026-09-27T15:59:16Z INFO [135/500] 1a67c26e-d56f-49bf-bf82-f3398cf99fa9: valid; 1.4 s; peak memory 2636 MiB.
2026-09-27T15:59:17Z WARNING 1a688941-a21f-43f4-9c52-2a137b69672f: failed while opening the NWB file (ConstructError: (root/acquisition/event_code_meanings GroupBuilder {'attributes': {'colnames': array(['value', 'meaning'], dtype=object), 'description': 'Mapping integer event codes to event labels', 'namespace': 'ndx-events', 'neurodata_type': 'MeaningsTable', 'object_id': 'e7a51844-31b2-4935-9a96-22796d482d1e'}, 'groups': {}, 'datasets': {'id': root/acquisition/event_code_meanings/id DatasetBuilder {'attributes': {'namespace': 'hdmf-common', 'neurodata_type': 'ElementIdentifiers', 'object_id': '5adc7758-b3da-4d53-9191-7482c2d3ef05'}, 'data': <HDF5 dataset "id": shape (26,), type "<i8">}, 'meaning': root/acquisition/event_code_meanings/meaning DatasetBuilder {'attributes': {'description': 'The meaning of the value in the parent CategoricalVectorData object.', 'namespace': 'hdmf-experimental', 'neurodata_type': 'VectorData', 'object_id': '2a7f028d-0852-4aef-b806-ce38265f063c'}, 'data': <StrDataset for HDF5 dataset "meaning": shape (26,), type "|O">}, 'value': root/acquisition/event_code_meanings/value DatasetBuilder {'attributes': {'description': 'The value of the parent CategoricalVectorData object.', 'namespace': 'hdmf-experimental', 'neurodata_type': 'VectorData', 'object_id': 'f22f8ac7-5f14-48eb-9e86-45750a29f5db'}, 'data': <HDF5 dataset "value": shape (26,), type "<i8">}}, 'links': {}}, "Could not construct MeaningsTable object due to: MeaningsTable.__init__: missing argument 'target'"))
2026-09-27T15:59:17Z INFO [137/500] 1a688a67-3211-4cd6-9f89-bc3db914ebb7: valid; 0.6 s; peak memory 2642 MiB.
2026-09-27T15:59:21Z INFO [138/500] 1a6a28ff-384e-4f56-871c-6e4ece7b1dab: valid; 3.5 s; peak memory 2679 MiB.
2026-09-27T15:59:21Z INFO [139/500] 1a6aa9a7-04aa-4aeb-a346-5e2058a862cf: valid; 0.7 s; peak memory 2681 MiB.
2026-09-27T15:59:23Z INFO [140/500] 1a6af040-ea7f-4843-8b97-f6acb0a21361: valid; 1.8 s; peak memory 2727 MiB.
2026-09-27T15:59:24Z INFO [141/500] 1a6b34c6-43b2-4cf7-9406-208c7f558d55: valid; 0.8 s; peak memory 2727 MiB.
2026-09-27T15:59:26Z INFO [142/500] 1a6bc50d-3a98-4483-aa22-0bbb81939de6: valid; 1.9 s; peak memory 2727 MiB.
2026-09-27T15:59:26Z WARNING 1a6bd03d-7278-499c-8f70-c8fc6ccda5bc: failed while retrieving asset information from the DANDI API (NotFoundError: No such Dandiset: 000948)
2026-09-27T15:59:26Z INFO [144/500] 1a6c1db7-0da7-4335-b522-d69aed48d4a3: valid; 0.7 s; peak memory 2727 MiB.
2026-09-27T15:59:27Z INFO [145/500] 1a6ce9c3-58c8-4e01-a5e4-fab0ba4de7af: valid; 0.6 s; peak memory 2727 MiB.
2026-09-27T15:59:28Z INFO [146/500] 1a6d3066-c1b1-43b6-a376-b9bbd5bad0bf: valid; 1.2 s; peak memory 2727 MiB.
2026-09-27T15:59:29Z INFO [147/500] 1a6d75d6-0228-4f82-8507-777415cd6283: valid; 0.6 s; peak memory 2727 MiB.
2026-09-27T15:59:30Z WARNING 1a6d7d60-582e-4448-80c7-58ef664a5c04: failed while opening the NWB file (ConstructError: (root/acquisition/_iblmic_audioSpectrogram/bands GroupBuilder {'attributes': {'colnames': array(['freq'], dtype=object), 'description': 'spectogram frequencies', 'namespace': 'core', 'neurodata_type': 'FrequencyBandsTable', 'object_id': 'b50711df-4d98-456f-b314-01e234e31ec0'}, 'groups': {}, 'datasets': {'freq': root/acquisition/_iblmic_audioSpectrogram/bands/freq DatasetBuilder {'attributes': {'description': 'frequency value', 'namespace': 'hdmf-common', 'neurodata_type': 'VectorData', 'object_id': '1979529d-9b15-45af-bbfe-0c175f1a520d'}, 'data': <HDF5 dataset "freq": shape (257,), type "<f4">}, 'id': root/acquisition/_iblmic_audioSpectrogram/bands/id DatasetBuilder {'attributes': {'namespace': 'hdmf-common', 'neurodata_type': 'ElementIdentifiers', 'object_id': '4371bcef-76f6-470d-8ae7-cfce704ffb06'}, 'data': <HDF5 dataset "id": shape (257,), type "<i4">}}, 'links': {}}, "Could not construct FrequencyBandsTable object due to: column must have the same number of rows as 'id'"))
2026-09-27T15:59:37Z INFO [149/500] 1a6d8a73-9093-4fff-a0bf-499758fd98fc: valid; 7.4 s; peak memory 2929 MiB.
2026-09-27T15:59:52Z INFO [150/500] 1a6dbcf1-320f-4b95-a1da-aac34fa6e38c: valid; 15.1 s; peak memory 2957 MiB.
2026-09-27T15:59:53Z INFO [150/500] 1a6dbcf1-320f-4b95-a1da-aac34fa6e38c: checkpointed 82160 records.
2026-09-27T15:59:53Z INFO [151/500] 1a6dda9a-83dd-46b1-aff3-6c55f7565784: valid; 0.6 s; peak memory 2960 MiB.
2026-09-27T15:59:54Z INFO [152/500] 1a6e5b7b-bfb9-4dc2-8337-efc17cc877a6: valid; 0.7 s; peak memory 2962 MiB.
2026-09-27T15:59:55Z INFO [153/500] 1a6e6656-364f-4265-a89e-86206c3b7ded: not valid; 1.3 s; peak memory 2963 MiB.
2026-09-27T15:59:56Z INFO [154/500] 1a6e9f09-e881-493c-93c2-810c3e6ed529: valid; 0.4 s; peak memory 2963 MiB.
2026-09-27T15:59:57Z INFO [155/500] 1a6ebb34-a54d-48cc-a001-5d2ff6ef9858: not valid; 0.8 s; peak memory 2963 MiB.
2026-09-27T15:59:57Z INFO [156/500] 1a6ec727-031b-4f4c-b1f7-fbdb241f124e: valid; 0.6 s; peak memory 2963 MiB.
2026-09-27T15:59:59Z INFO [157/500] 1a6edd21-1f97-4e77-99f0-efef4e3cd056: valid; 1.9 s; peak memory 2963 MiB.
2026-09-27T16:00:00Z INFO [158/500] 1a6efef3-c0a4-46d0-9b60-d87a4bfa63b2: valid; 1.0 s; peak memory 2963 MiB.
2026-09-27T16:00:01Z INFO [159/500] 1a6f2955-63e4-43f8-be41-c2ad71b95b05: not valid; 0.8 s; peak memory 2963 MiB.
2026-09-27T16:00:01Z INFO [160/500] 1a703bdf-f474-4a55-a4a7-88a136935896: valid; 0.6 s; peak memory 2963 MiB.
2026-09-27T16:00:02Z INFO [161/500] 1a709a4c-ab4c-4a00-a6fa-f7ea5f5961ad: not valid; 0.9 s; peak memory 2963 MiB.
2026-09-27T16:00:07Z INFO [162/500] 1a70a0d6-7560-4377-bf16-cdff674a6aef: valid; 4.3 s; peak memory 2963 MiB.
2026-09-27T16:00:08Z INFO [163/500] 1a7120cc-f622-44c5-b0d8-133e53c77d56: valid; 1.1 s; peak memory 2963 MiB.
2026-09-27T16:00:11Z INFO [164/500] 1a71648a-0525-4b43-8951-4f7968dfd089: not valid; 3.2 s; peak memory 2963 MiB.
2026-09-27T16:00:12Z INFO [165/500] 1a71aefa-c542-4d85-af66-6dae1c33ae87: valid; 1.1 s; peak memory 2963 MiB.
2026-09-27T16:00:13Z INFO [166/500] 1a7262be-0112-4b14-8774-ccbf3d13cdba: valid; 0.6 s; peak memory 2963 MiB.
2026-09-27T16:00:13Z INFO [167/500] 1a72892b-bba1-4387-b840-fda390eb32f2: valid; 0.6 s; peak memory 2963 MiB.
2026-09-27T16:00:14Z INFO [168/500] 1a72a949-b260-41cd-96f6-3ec99457b4c2: valid; 0.6 s; peak memory 2963 MiB.
2026-09-27T16:00:14Z INFO [169/500] 1a72c9f1-19e6-473d-bb7c-9f4acabf9e36: not valid; 0.7 s; peak memory 2963 MiB.
2026-09-27T16:00:15Z INFO [170/500] 1a730c51-4b9e-41c6-9ad6-2df93fce0d10: valid; 0.7 s; peak memory 2963 MiB.
2026-09-27T16:00:38Z INFO [171/500] 1a7329ba-abef-4bdd-876e-7b6246df3bbd: valid; 23.0 s; peak memory 2963 MiB.
2026-09-27T16:00:39Z INFO [172/500] 1a7335fd-7edc-4771-97dd-2f20663e8d5b: valid; 1.1 s; peak memory 2965 MiB.
2026-09-27T16:00:40Z INFO [173/500] 1a736850-0362-41c3-8c80-3e23766c159f: valid; 1.0 s; peak memory 2976 MiB.
2026-09-27T16:00:42Z INFO [174/500] 1a73719b-4599-455c-bfb2-a5dabad60c59: valid; 2.0 s; peak memory 2977 MiB.
2026-09-27T16:00:43Z WARNING 1a7486c8-bb98-462e-b521-6d8a922935a5: failed while opening the NWB file (ConstructError: (root/acquisition/_iblmic_audioSpectrogram/bands GroupBuilder {'attributes': {'colnames': array(['freq'], dtype=object), 'description': 'spectogram frequencies', 'namespace': 'core', 'neurodata_type': 'FrequencyBandsTable', 'object_id': 'fe24994f-31ba-449f-9144-e758fc3bf951'}, 'groups': {}, 'datasets': {'freq': root/acquisition/_iblmic_audioSpectrogram/bands/freq DatasetBuilder {'attributes': {'description': 'frequency value', 'namespace': 'hdmf-common', 'neurodata_type': 'VectorData', 'object_id': 'effd2bc7-c490-42ca-a16d-ddf0f97ae90a'}, 'data': <HDF5 dataset "freq": shape (257,), type "<f4">}, 'id': root/acquisition/_iblmic_audioSpectrogram/bands/id DatasetBuilder {'attributes': {'namespace': 'hdmf-common', 'neurodata_type': 'ElementIdentifiers', 'object_id': 'a44fa65b-a694-4f04-ba7c-a638cd124ab0'}, 'data': <HDF5 dataset "id": shape (257,), type "<i4">}}, 'links': {}}, "Could not construct FrequencyBandsTable object due to: column must have the same number of rows as 'id'"))
2026-09-27T16:00:45Z INFO [176/500] 1a75151e-07cd-4081-afac-078897f5884e: valid; 1.5 s; peak memory 2980 MiB.
2026-09-27T16:00:47Z INFO [177/500] 1a752824-ade0-41c5-b495-841f24c2c903: valid; 1.9 s; peak memory 2987 MiB.
2026-09-27T16:00:47Z INFO [178/500] 1a755a91-82b2-4068-a788-418095a60c0b: valid; 0.6 s; peak memory 2988 MiB.
2026-09-27T16:00:48Z INFO [179/500] 1a757c00-c535-4cb0-8ebb-79b0fa483ea7: valid; 1.2 s; peak memory 2990 MiB.
2026-09-27T16:00:49Z INFO [180/500] 1a758323-3f1f-45e0-95a2-21f4eee8984d: not valid; 0.8 s; peak memory 2991 MiB.
2026-09-27T16:00:51Z INFO [181/500] 1a759894-3e0c-45fe-8c29-ebea93a3ac3a: not valid; 1.6 s; peak memory 2991 MiB.
2026-09-27T16:00:52Z INFO [182/500] 1a759e30-c4fd-49aa-9a81-ad322b910733: valid; 1.1 s; peak memory 2991 MiB.
2026-09-27T16:00:53Z INFO [183/500] 1a773f56-a3de-48a8-b39d-c695a2446279: not valid; 1.0 s; peak memory 2991 MiB.
2026-09-27T16:00:53Z INFO [184/500] 1a775c31-0f7d-4e85-8341-fb1d56020348: valid; 0.5 s; peak memory 2991 MiB.
2026-09-27T16:00:55Z INFO [185/500] 1a783cea-0932-414d-88fb-eae82b5a4ab4: not valid; 1.3 s; peak memory 2991 MiB.
2026-09-27T16:00:57Z INFO [186/500] 1a786818-b0f9-47ab-a9bb-05ace1bcb1a4: valid; 2.6 s; peak memory 2991 MiB.
2026-09-27T16:01:00Z INFO [187/500] 1a78b841-7180-4e72-96d2-8c24cec7f25a: valid; 3.0 s; peak memory 2991 MiB.
2026-09-27T16:01:01Z INFO [188/500] 1a78d99d-d639-420c-a08e-f47e41cd5cba: valid; 0.6 s; peak memory 2991 MiB.
2026-09-27T16:01:02Z INFO [189/500] 1a78da67-fdef-4fea-bcb2-11c26adaa0f6: valid; 1.2 s; peak memory 2995 MiB.
2026-09-27T16:01:03Z INFO [190/500] 1a792f12-d26f-4762-bee1-bbcb95e25650: valid; 1.0 s; peak memory 3009 MiB.
2026-09-27T16:01:06Z INFO [191/500] 1a793e6d-b9bd-49e8-984e-ffb4c0d79a18: not valid; 3.3 s; peak memory 3019 MiB.
2026-09-27T16:01:07Z INFO [192/500] 1a795f3a-eb7c-4082-8302-cc1a953e6dc6: valid; 0.9 s; peak memory 3021 MiB.
2026-09-27T16:01:08Z INFO [193/500] 1a79e032-e37b-4aa0-9150-3cb3d43e888a: valid; 1.1 s; peak memory 3027 MiB.
2026-09-27T16:01:14Z INFO [194/500] 1a7aa30a-3b9d-494e-b720-9a42ad29fc45: not valid; 6.2 s; peak memory 3063 MiB.
2026-09-27T16:01:16Z INFO [195/500] 1a7add70-0ac7-4225-b3d5-72771fc70662: not valid; 1.8 s; peak memory 3066 MiB.
2026-09-27T16:01:17Z INFO [196/500] 1a7b31e0-e3e6-4c4b-8c3c-488d59b8eba6: valid; 0.7 s; peak memory 3066 MiB.
2026-09-27T16:01:17Z INFO [197/500] 1a7bf50a-6f2a-4a68-bbe8-2d2cfae0e99a: valid; 0.6 s; peak memory 3066 MiB.
2026-09-27T16:01:25Z INFO [198/500] 1a7c4e6f-c0e2-421b-a0d5-38bff6b82694: valid; 7.3 s; peak memory 3070 MiB.
2026-09-27T16:01:25Z INFO [199/500] 1a7ce0e3-090c-4ce4-afbf-bc4548f1dd83: valid; 0.6 s; peak memory 3071 MiB.
2026-09-27T16:01:26Z INFO [200/500] 1a7d3b4c-0294-4fdf-b844-af75284ea3ac: not valid; 0.8 s; peak memory 3072 MiB.
2026-09-27T16:01:27Z INFO [200/500] 1a7d3b4c-0294-4fdf-b844-af75284ea3ac: checkpointed 82210 records.
2026-09-27T16:01:28Z INFO [201/500] 1a7d4f04-4782-45c3-b786-62b2b7c343a9: valid; 1.5 s; peak memory 3074 MiB.
2026-09-27T16:01:29Z INFO [202/500] 1a7da11f-68e0-4ac6-8c8c-4159b766879c: valid; 1.2 s; peak memory 3074 MiB.
2026-09-27T16:01:30Z INFO [203/500] 1a7dcfc3-5d05-459f-9f47-dddbad712420: valid; 0.6 s; peak memory 3074 MiB.
2026-09-27T16:01:32Z INFO [204/500] 1a7e9365-0b10-4f3c-8ac8-0156cf4f6a2a: valid; 1.9 s; peak memory 3080 MiB.
2026-09-27T16:01:33Z INFO [205/500] 1a7f4420-11eb-4187-b2ec-e51ef995fb19: valid; 0.8 s; peak memory 3081 MiB.
2026-09-27T16:01:34Z INFO [206/500] 1a7fd4ab-24e7-4cbb-9bb4-e48e86324fb5: valid; 1.0 s; peak memory 3088 MiB.
2026-09-27T16:02:23Z INFO [207/500] 1a80b281-0cf5-439c-a2df-ba4256d4e60d: not valid; 48.9 s; peak memory 3634 MiB.
2026-09-27T16:02:24Z INFO [208/500] 1a80bd24-433c-45b1-9010-5cd57fd7cf1e: valid; 0.9 s; peak memory 3634 MiB.
2026-09-27T16:02:24Z INFO [209/500] 1a80d370-5a87-45a9-9985-54063d8390d6: valid; 0.6 s; peak memory 3635 MiB.
2026-09-27T16:03:00Z INFO [210/500] 1a80e8bb-7ef5-4dc2-8a63-899f1affc6bc: not valid; 35.4 s; peak memory 4347 MiB.
2026-09-27T16:03:01Z INFO [211/500] 1a812e2b-78dd-4221-9ed2-204756867ed2: valid; 1.1 s; peak memory 4348 MiB.
2026-09-27T16:03:04Z INFO [212/500] 1a815adb-dce4-426e-995a-f1e9b118f3ae: valid; 3.6 s; peak memory 4365 MiB.
2026-09-27T16:03:10Z INFO [213/500] 1a819156-0004-40ef-8ee6-073af66c3940: valid; 6.0 s; peak memory 4390 MiB.
2026-09-27T16:03:11Z INFO [214/500] 1a819ee3-e6eb-4da3-8a30-2ddfd4f1708b: valid; 0.4 s; peak memory 4391 MiB.
2026-09-27T16:03:14Z INFO [215/500] 1a8311c3-9b89-4402-ad5e-da470caed8c0: not valid; 3.2 s; peak memory 4402 MiB.
2026-09-27T16:03:16Z INFO [216/500] 1a83e7f3-e82e-4800-9091-ad41acb3edf8: not valid; 2.1 s; peak memory 4406 MiB.
2026-09-27T16:03:21Z INFO [217/500] 1a84706f-af9c-4cd6-9e3c-7ad5ce961571: valid; 5.1 s; peak memory 4423 MiB.
2026-09-27T16:03:23Z INFO [218/500] 1a847aa8-e905-4fd1-ba52-33b985e6baa0: not valid; 2.5 s; peak memory 4426 MiB.
2026-09-27T16:03:25Z INFO [219/500] 1a84a30d-afa2-4805-a2cd-dd1fa12e619f: valid; 1.2 s; peak memory 4426 MiB.
2026-09-27T16:03:26Z INFO [220/500] 1a84e988-536d-401b-b75d-2b09e3c43897: valid; 1.3 s; peak memory 4426 MiB.
2026-09-27T16:03:26Z INFO [221/500] 1a854f54-04d9-448a-af65-d35fd9d86f53: valid; 0.5 s; peak memory 4426 MiB.
2026-09-27T16:03:27Z INFO [222/500] 1a85a458-1f40-425f-adcb-6e1b8ceb7549: not valid; 0.8 s; peak memory 4426 MiB.
2026-09-27T16:03:33Z INFO [223/500] 1a862c6c-b179-4d83-ba29-ba8f9cf536df: valid; 5.3 s; peak memory 4458 MiB.
2026-09-27T16:03:34Z INFO [224/500] 1a864354-0b9d-4955-b61f-86fab5492efe: valid; 1.0 s; peak memory 4461 MiB.
2026-09-27T16:03:34Z INFO [225/500] 1a866b0e-31b0-4678-90bb-d02796f1ae94: not valid; 0.8 s; peak memory 4461 MiB.
2026-09-27T16:03:48Z INFO [226/500] 1a870d86-7646-4b96-b6b5-b534b08b15d3: valid; 13.2 s; peak memory 4464 MiB.
2026-09-27T16:03:50Z INFO [227/500] 1a877cf2-3310-4ada-9403-f92ef75c18ec: not valid; 2.3 s; peak memory 4464 MiB.
2026-09-27T16:03:50Z INFO [228/500] 1a88e3af-437b-43c0-b580-029129b3a0bd: valid; 0.6 s; peak memory 4464 MiB.
2026-09-27T16:03:51Z INFO [229/500] 1a89b0c8-bf3c-41a0-ab02-6c4fe498310f: not valid; 0.9 s; peak memory 4464 MiB.
2026-09-27T16:03:53Z INFO [230/500] 1a89de1c-c5e1-4c90-9eda-854905466abf: valid; 1.2 s; peak memory 4464 MiB.
2026-09-27T16:03:53Z INFO [231/500] 1a8a6937-2eda-48d2-a639-26f682e0ac26: valid; 0.6 s; peak memory 4466 MiB.
2026-09-27T16:03:55Z INFO [232/500] 1a8a7fb4-f15f-4075-b485-8aa729e9e6ed: valid; 2.2 s; peak memory 4469 MiB.
2026-09-27T16:03:56Z INFO [233/500] 1a8ae773-ee8f-4c84-a6a3-dc3293882401: valid; 1.1 s; peak memory 4469 MiB.
2026-09-27T16:03:57Z INFO [234/500] 1a8b0532-1407-4f37-b4dd-eac45e2219d6: valid; 1.0 s; peak memory 4469 MiB.
2026-09-27T16:04:00Z INFO [235/500] 1a8be377-b68c-4bfb-91bb-fe67d0fe9ad3: valid; 2.4 s; peak memory 4473 MiB.
2026-09-27T16:04:06Z INFO [236/500] 1a8bfad5-d71e-4fa7-ad0d-8d6854661105: valid; 6.1 s; peak memory 4520 MiB.
2026-09-27T16:04:08Z INFO [237/500] 1a8c4575-4e0b-4a0d-b5d8-7e01a3f0424f: valid; 2.5 s; peak memory 4524 MiB.
2026-09-27T16:04:10Z INFO [238/500] 1a8c623d-87ca-420f-a665-d67ab029cb82: valid; 1.7 s; peak memory 4529 MiB.
2026-09-27T16:04:12Z INFO [239/500] 1a8dea56-7b2a-4b10-a382-91d01cdb78af: valid; 1.7 s; peak memory 4529 MiB.
2026-09-27T16:04:12Z INFO [240/500] 1a8feabc-40c0-4fbc-bf21-2bd1bd194364: valid; 0.6 s; peak memory 4529 MiB.
2026-09-27T16:04:13Z INFO [241/500] 1a8fef09-f71b-4a0f-8a16-51e514b9eac2: valid; 1.0 s; peak memory 4529 MiB.
2026-09-27T16:04:15Z INFO [242/500] 1a8ffbb6-4551-4c36-a823-027846bd1f4a: valid; 1.9 s; peak memory 4530 MiB.
2026-09-27T16:04:20Z INFO [243/500] 1a904526-b646-4ab2-8ed0-073637c3a0b5: valid; 5.0 s; peak memory 4533 MiB.
2026-09-27T16:04:26Z INFO [244/500] 1a91460f-b5c4-48bc-a152-c83659cf305b: valid; 5.8 s; peak memory 4558 MiB.
2026-09-27T16:04:27Z INFO [245/500] 1a91ced5-f042-4be8-9717-1698f501efc9: not valid; 1.1 s; peak memory 4565 MiB.
2026-09-27T16:04:28Z INFO [246/500] 1a9279f8-7673-4ad9-821c-3f0d6e2cd044: not valid; 1.0 s; peak memory 4566 MiB.
2026-09-27T16:04:31Z INFO [247/500] 1a9304f5-5507-4cd3-97ee-4b4ce433e8ef: valid; 3.1 s; peak memory 4571 MiB.
2026-09-27T16:04:32Z INFO [248/500] 1a930fe5-bebc-4253-9c16-0d3c24d6145f: valid; 0.6 s; peak memory 4571 MiB.
2026-09-27T16:04:34Z INFO [249/500] 1a9368fb-f34d-4160-b71f-66407e3c43bf: not valid; 2.1 s; peak memory 4571 MiB.
2026-09-27T16:04:35Z INFO [250/500] 1a943d0c-d4e9-4d91-b0c4-a8c5fc29710e: valid; 0.6 s; peak memory 4571 MiB.
2026-09-27T16:04:35Z INFO [250/500] 1a943d0c-d4e9-4d91-b0c4-a8c5fc29710e: checkpointed 82260 records.
2026-09-27T16:04:36Z INFO [251/500] 1a949cd7-b015-4bee-85d1-638353c47741: valid; 0.6 s; peak memory 4571 MiB.
2026-09-27T16:04:37Z INFO [252/500] 1a94b99d-8746-4645-8f88-1d701276f288: valid; 1.7 s; peak memory 4571 MiB.
2026-09-27T16:04:38Z INFO [253/500] 1a94f11b-b01b-4083-9981-30ff39a494d7: valid; 0.5 s; peak memory 4571 MiB.
2026-09-27T16:04:40Z INFO [254/500] 1a9523d9-3293-404b-a4ae-567118e26913: valid; 1.7 s; peak memory 4571 MiB.
2026-09-27T16:04:42Z INFO [255/500] 1a954c3b-4da1-45f0-9712-ba2aa9f4e222: valid; 2.0 s; peak memory 4571 MiB.
2026-09-27T16:04:42Z INFO [256/500] 1a95c421-9bef-4286-b8ca-62ca26619069: valid; 0.8 s; peak memory 4571 MiB.
2026-09-27T16:04:44Z INFO [257/500] 1a95d43e-9ca7-4a95-ab6a-7491a7f26fc2: valid; 1.4 s; peak memory 4571 MiB.
2026-09-27T16:04:46Z INFO [258/500] 1a96464f-5457-4fe1-aaf1-a9a9ce8c917f: valid; 2.6 s; peak memory 4571 MiB.
2026-09-27T16:04:47Z INFO [259/500] 1a967a4e-3076-479e-9279-66c41764edd7: valid; 1.0 s; peak memory 4571 MiB.
2026-09-27T16:04:48Z INFO [260/500] 1a96c1f0-d086-45e3-a3e7-7adc47d0674e: valid; 0.8 s; peak memory 4571 MiB.
2026-09-27T16:04:49Z INFO [261/500] 1a97284e-6193-4875-9aff-9561b5030829: valid; 0.5 s; peak memory 4571 MiB.
2026-09-27T16:04:50Z INFO [262/500] 1a9734e0-6aac-45dc-b7de-6cc104ef727d: valid; 1.0 s; peak memory 4571 MiB.
2026-09-27T16:04:51Z INFO [263/500] 1a9757ba-1016-4a63-b4a7-17e811228cc7: valid; 1.3 s; peak memory 4571 MiB.
2026-09-27T16:04:52Z INFO [264/500] 1a97eec9-c5b7-4b71-8b44-6887c57d2265: not valid; 1.4 s; peak memory 4571 MiB.
2026-09-27T16:04:53Z INFO [265/500] 1a988d84-d6e0-4465-a2ba-43dc0187805a: not valid; 1.1 s; peak memory 4571 MiB.
2026-09-27T16:04:55Z INFO [266/500] 1a99b695-cc50-4df6-a4aa-cc7d909fad96: valid; 1.3 s; peak memory 4571 MiB.
2026-09-27T16:04:55Z WARNING 1a99c79d-ae36-4153-ade8-5685233ac862: failed while retrieving asset information from the DANDI API (NotFoundError: No asset at path 'sub-ZS059/sub-ZS059_ses-behavior-ZS059-2021-03-24-14-22-04.nwb' in version draft. Verify the path is correct and the asset exists in this version. Use 'dandi ls' to list available assets.)
2026-09-27T16:04:56Z INFO [268/500] 1a9ac40d-387c-450d-b341-e65e5352e0e2: not valid; 0.9 s; peak memory 4571 MiB.
2026-09-27T16:04:57Z INFO [269/500] 1a9af3d5-e98f-4196-91ed-b3ddbb6f2f77: not valid; 0.9 s; peak memory 4571 MiB.
2026-09-27T16:05:00Z INFO [270/500] 1a9b1e2d-7469-4d0b-949e-d117a70f96ce: not valid; 3.7 s; peak memory 4571 MiB.
2026-09-27T16:05:01Z INFO [271/500] 1a9bd777-b7f7-4d35-aa0b-12042635649f: valid; 0.6 s; peak memory 4571 MiB.
2026-09-27T16:05:03Z INFO [272/500] 1a9becdc-5d70-41e1-b591-bf004d9c66e8: not valid; 1.6 s; peak memory 4571 MiB.
2026-09-27T16:05:04Z INFO [273/500] 1a9c0ec9-9fde-4985-a912-db234e2de5c0: valid; 1.3 s; peak memory 4571 MiB.
2026-09-27T16:05:10Z INFO [274/500] 1a9c1aeb-5942-440b-88e3-bd9131d7a1fc: valid; 6.5 s; peak memory 4847 MiB.
2026-09-27T16:05:11Z INFO [275/500] 1a9c9202-2b48-4a1b-82af-a3220e1c751c: not valid; 1.1 s; peak memory 4847 MiB.
2026-09-27T16:05:12Z INFO [276/500] 1a9cc441-5ff5-4621-af84-39a049d74bd1: valid; 0.6 s; peak memory 4847 MiB.
2026-09-27T16:05:21Z INFO [277/500] 1a9d3f87-9382-4d55-a217-13ae1e62e16a: valid; 8.6 s; peak memory 4851 MiB.
2026-09-27T16:05:21Z INFO [278/500] 1a9d6ecd-72ef-490a-b7c4-3fdd084d4f51: valid; 0.6 s; peak memory 4852 MiB.
2026-09-27T16:05:22Z INFO [279/500] 1a9db5c4-c8a6-47a2-95ab-d2a2bc8190f9: not valid; 0.9 s; peak memory 4854 MiB.
2026-09-27T16:05:23Z INFO [280/500] 1a9debf6-df97-4222-8427-5b51e76e8499: not valid; 1.3 s; peak memory 4856 MiB.
2026-09-27T16:05:30Z INFO [281/500] 1a9e2257-4e4d-41e2-9de1-a012eef99a37: not valid; 6.3 s; peak memory 4910 MiB.
2026-09-27T16:05:34Z INFO [282/500] 1a9e3c28-e4fe-4985-9a09-3ec02187aa5a: valid; 4.5 s; peak memory 4964 MiB.
2026-09-27T16:05:36Z INFO [283/500] 1a9e4d1f-6548-442d-ac76-2e618f5269de: valid; 1.9 s; peak memory 4967 MiB.
2026-09-27T16:05:37Z INFO [284/500] 1a9eea79-d24f-4200-874e-97681506c81e: valid; 0.9 s; peak memory 4972 MiB.
2026-09-27T16:05:39Z INFO [285/500] 1a9f2c06-c65e-4872-b691-230550423c3e: valid; 1.8 s; peak memory 4981 MiB.
2026-09-27T16:05:51Z INFO [286/500] 1a9f3698-060f-4dad-b396-7d30ed177c82: valid; 12.5 s; peak memory 4999 MiB.
2026-09-27T16:05:58Z INFO [287/500] 1a9f9cf3-fed7-4ab8-ad7a-fccf6c8f8fb8: valid; 6.7 s; peak memory 4999 MiB.
2026-09-27T16:06:02Z INFO [288/500] 1a9faf10-3afb-4b1a-93b5-1a01600a024e: valid; 4.0 s; peak memory 5019 MiB.
2026-09-27T16:06:04Z INFO [289/500] 1aa07f7f-aa9b-4b1e-a4a1-fc3473f1d345: valid; 2.6 s; peak memory 5019 MiB.
2026-09-27T16:06:06Z INFO [290/500] 1aa108d2-db04-4cd6-b819-a9552787d7fa: valid; 1.1 s; peak memory 5019 MiB.
2026-09-27T16:06:08Z INFO [291/500] 1aa15186-ef2e-4bfc-9f5b-d243460ebf11: valid; 2.2 s; peak memory 5019 MiB.
2026-09-27T16:06:10Z INFO [292/500] 1aa1723e-aae2-474d-a20c-1894a2ea9fc0: valid; 2.0 s; peak memory 5021 MiB.
2026-09-27T16:06:16Z INFO [293/500] 1aa1d8b9-12f5-43a4-9b7b-e29303218a54: valid; 6.3 s; peak memory 5021 MiB.
2026-09-27T16:06:22Z INFO [294/500] 1aa2c151-7b28-4a9d-bef5-c18cbca4e5e4: valid; 6.4 s; peak memory 5021 MiB.
2026-09-27T16:06:24Z INFO [295/500] 1aa2ce07-a33e-42f6-a03d-758bd6caec75: valid; 1.0 s; peak memory 5021 MiB.
2026-09-27T16:06:25Z INFO [296/500] 1aa440eb-9533-4608-b2c6-531f699158ee: not valid; 1.2 s; peak memory 5021 MiB.
2026-09-27T16:06:25Z INFO [297/500] 1aa47bb6-c5ff-4ef3-95e4-23518c688211: not valid; 0.8 s; peak memory 5021 MiB.
2026-09-27T16:06:26Z INFO [298/500] 1aa4d0cb-0cbe-4230-8e30-826a8be0f848: valid; 0.6 s; peak memory 5021 MiB.
2026-09-27T16:06:31Z INFO [299/500] 1aa5716c-06ad-4e6d-99bc-ee691aa73808: valid; 4.7 s; peak memory 5021 MiB.
2026-09-27T16:06:50Z INFO [300/500] 1aa5ab54-297c-4fd0-baa1-4498af46fc85: valid; 19.5 s; peak memory 5461 MiB.
2026-09-27T16:06:51Z INFO [300/500] 1aa5ab54-297c-4fd0-baa1-4498af46fc85: checkpointed 82310 records.
2026-09-27T16:06:52Z INFO [301/500] 1aa5eb4c-b4ee-45ab-a6eb-54ec79b45848: valid; 1.1 s; peak memory 5470 MiB.
2026-09-27T16:06:54Z INFO [302/500] 1aa5ece3-05fd-446b-95fb-c2cdddf6d7c6: valid; 2.5 s; peak memory 5477 MiB.
2026-09-27T16:06:55Z INFO [303/500] 1aa62d61-1f2e-4e36-9923-3c6d46df75c7: valid; 1.1 s; peak memory 5482 MiB.
2026-09-27T16:06:57Z INFO [304/500] 1aa6d39c-e87e-438e-a232-743d0ccb022c: valid; 1.4 s; peak memory 5490 MiB.
2026-09-27T16:06:59Z INFO [305/500] 1aa70818-5ee8-43a1-ba88-e7a9634cfb32: valid; 2.4 s; peak memory 5499 MiB.
2026-09-27T16:07:00Z INFO [306/500] 1aa7291c-d860-45e1-8654-d9bbd8c0a5d6: valid; 0.4 s; peak memory 5501 MiB.
2026-09-27T16:07:01Z INFO [307/500] 1aa7efa5-14f9-4dd4-9fca-6d233c937178: valid; 1.5 s; peak memory 5508 MiB.
2026-09-27T16:07:02Z INFO [308/500] 1aa893fe-b316-45b0-817d-2a3baa0582e8: valid; 1.1 s; peak memory 5517 MiB.
2026-09-27T16:07:03Z INFO [309/500] 1aa91853-1f19-4359-97b0-89d0343e58ff: valid; 1.0 s; peak memory 5532 MiB.
2026-09-27T16:07:05Z INFO [310/500] 1aa97983-d4b7-4e5d-9acc-ae1ac1120510: not valid; 1.3 s; peak memory 5535 MiB.
2026-09-27T16:07:06Z INFO [311/500] 1aa9f8fc-d06f-40a3-a629-823a99fa5cfd: not valid; 1.0 s; peak memory 5541 MiB.
2026-09-27T16:07:08Z INFO [312/500] 1aa9f981-69a7-44fa-a410-45775cb3828f: valid; 2.0 s; peak memory 5544 MiB.
2026-09-27T16:07:24Z INFO [313/500] 1aaa4b59-bc9a-428f-b900-2a0e5d92fff0: valid; 16.6 s; peak memory 5562 MiB.
2026-09-27T16:07:26Z INFO [314/500] 1aaa51d2-f76e-4620-b179-f3af2515c011: valid; 2.0 s; peak memory 5565 MiB.
2026-09-27T16:07:28Z INFO [315/500] 1aaaf073-ff95-4964-a48e-327fdcd85b51: valid; 1.4 s; peak memory 5565 MiB.
2026-09-27T16:07:28Z INFO [316/500] 1aab4c3a-f898-4dbe-b69c-7501c30ce04c: valid; 0.6 s; peak memory 5565 MiB.
2026-09-27T16:07:29Z INFO [317/500] 1aab753d-2890-4fb7-aac0-db78c5c28b2d: valid; 1.1 s; peak memory 5565 MiB.
2026-09-27T16:07:30Z INFO [318/500] 1aac03c9-0f51-41c3-a310-930493dfc4ee: valid; 1.1 s; peak memory 5565 MiB.
2026-09-27T16:07:32Z INFO [319/500] 1aac468a-0ee8-4208-bae3-c09d03de1586: not valid; 1.4 s; peak memory 5565 MiB.
2026-09-27T16:07:34Z INFO [320/500] 1aac6d91-e5b9-4b8e-877f-75d953e5c18c: valid; 1.9 s; peak memory 5565 MiB.
2026-09-27T16:07:35Z INFO [321/500] 1aadf175-b5bb-486a-8381-8b27a7107690: valid; 1.7 s; peak memory 5565 MiB.
2026-09-27T16:07:37Z INFO [322/500] 1aae1430-09bc-482f-9aa3-97ebaf66fda4: valid; 1.7 s; peak memory 5565 MiB.
2026-09-27T16:07:38Z INFO [323/500] 1aae3638-7d7e-4ff7-9a08-e693044fde03: valid; 1.3 s; peak memory 5565 MiB.
2026-09-27T16:07:40Z INFO [324/500] 1aaf1098-6039-4045-bc89-964fc32d1ef0: valid; 1.8 s; peak memory 5565 MiB.
2026-09-27T16:07:41Z INFO [325/500] 1aaf3f62-9cb4-4481-9520-dd14540c484a: not valid; 0.8 s; peak memory 5565 MiB.
2026-09-27T16:07:44Z INFO [326/500] 1aaf5acb-f8b9-4479-b12d-e4ef554fc3bc: not valid; 2.9 s; peak memory 5566 MiB.
2026-09-27T16:07:45Z INFO [327/500] 1aafb3a8-2d72-4f40-8a42-9e790339ca31: valid; 1.0 s; peak memory 5566 MiB.
2026-09-27T16:07:46Z INFO [328/500] 1ab0acf3-f54b-4744-9c5c-d96c380e26fe: valid; 1.0 s; peak memory 5566 MiB.
2026-09-27T16:07:54Z INFO [329/500] 1ab125d4-4168-41bb-b008-9276d5d57e5a: valid; 8.6 s; peak memory 5592 MiB.
2026-09-27T16:07:56Z INFO [330/500] 1ab14869-a344-46c1-9fac-b50b6d8613f8: valid; 1.8 s; peak memory 5595 MiB.
2026-09-27T16:07:57Z INFO [331/500] 1ab15baf-7bb8-481b-9cbf-51d26b41637d: valid; 1.1 s; peak memory 5596 MiB.
2026-09-27T16:07:59Z INFO [332/500] 1ab183f3-4d18-4613-93ae-26e8621a284a: valid; 1.4 s; peak memory 5599 MiB.
2026-09-27T16:07:59Z INFO [333/500] 1ab188a6-9f8a-43af-8118-632b934e1cd0: valid; 0.6 s; peak memory 5599 MiB.
2026-09-27T16:08:00Z INFO [334/500] 1ab1f657-d878-4dc1-8105-ed3c604bbfa1: not valid; 1.1 s; peak memory 5601 MiB.
2026-09-27T16:08:01Z INFO [335/500] 1ab20222-02c9-4578-aeb0-2520013f71dc: valid; 0.6 s; peak memory 5601 MiB.
2026-09-27T16:08:02Z INFO [336/500] 1ab286c9-0509-4ed1-bfa8-5c01b01a4b4b: valid; 0.6 s; peak memory 5602 MiB.
2026-09-27T16:08:03Z INFO [337/500] 1ab2cd63-7109-4a49-8f97-9c4bb6c59d0a: valid; 1.1 s; peak memory 5602 MiB.
2026-09-27T16:08:04Z INFO [338/500] 1ab34e27-8791-472c-835d-e2c371c93a4f: not valid; 1.0 s; peak memory 5604 MiB.
2026-09-27T16:08:05Z INFO [339/500] 1ab3b99f-073a-4b11-b58c-892098ecc22c: valid; 1.1 s; peak memory 5606 MiB.
2026-09-27T16:08:14Z INFO [340/500] 1ab3ce70-e72a-4369-81d3-bf34639f34e6: valid; 9.1 s; peak memory 5726 MiB.
2026-09-27T16:08:15Z INFO [341/500] 1ab3dcee-25b7-4592-8e2c-a0af0f8a3152: valid; 0.8 s; peak memory 5726 MiB.
2026-09-27T16:08:16Z INFO [342/500] 1ab3fa4a-6265-4811-b397-62f506c4e7ea: not valid; 0.8 s; peak memory 5726 MiB.
2026-09-27T16:08:17Z INFO [343/500] 1ab40015-c17d-43dc-b42e-20bf73838e72: not valid; 1.0 s; peak memory 5726 MiB.
2026-09-27T16:08:18Z WARNING 1ab40880-5078-4091-9a93-cac58f8bd3fe: failed while opening the NWB file (ConstructError: (root/acquisition/_iblmic_audioSpectrogram/bands GroupBuilder {'attributes': {'colnames': array(['freq'], dtype=object), 'description': 'spectogram frequencies', 'namespace': 'core', 'neurodata_type': 'FrequencyBandsTable', 'object_id': '5faabd88-c647-4ffd-9039-666033e0e5a9'}, 'groups': {}, 'datasets': {'freq': root/acquisition/_iblmic_audioSpectrogram/bands/freq DatasetBuilder {'attributes': {'description': 'frequency value', 'namespace': 'hdmf-common', 'neurodata_type': 'VectorData', 'object_id': '2f015185-807f-4c17-9917-34e44b734fb7'}, 'data': <HDF5 dataset "freq": shape (257,), type "<f4">}, 'id': root/acquisition/_iblmic_audioSpectrogram/bands/id DatasetBuilder {'attributes': {'namespace': 'hdmf-common', 'neurodata_type': 'ElementIdentifiers', 'object_id': '85de2cd7-30a1-4518-af0f-10cd027f4ba8'}, 'data': <HDF5 dataset "id": shape (257,), type "<i4">}}, 'links': {}}, "Could not construct FrequencyBandsTable object due to: column must have the same number of rows as 'id'"))
2026-09-27T16:08:18Z INFO [345/500] 1ab40da5-a909-42ae-8018-ef715365bc07: valid; 0.8 s; peak memory 5726 MiB.
2026-09-27T16:08:20Z INFO [346/500] 1ab43b51-0c72-4962-8919-4ff18989e0f8: valid; 1.8 s; peak memory 5726 MiB.
2026-09-27T16:08:28Z INFO [347/500] 1ab43b6f-786a-4793-b1c4-f0aeba5d1d2a: valid; 8.0 s; peak memory 5834 MiB.
2026-09-27T16:08:29Z INFO [348/500] 1ab47d1e-fe17-4795-95b7-a1983b3ac054: valid; 0.6 s; peak memory 5834 MiB.
2026-09-27T16:08:31Z INFO [349/500] 1ab4ec74-7698-4030-82cb-a0cd311bbb7d: valid; 1.7 s; peak memory 5834 MiB.
2026-09-27T16:08:31Z INFO [350/500] 1ab5b4a9-4f63-486c-8db5-9c6b4577945e: not valid; 0.6 s; peak memory 5834 MiB.
2026-09-27T16:08:32Z INFO [350/500] 1ab5b4a9-4f63-486c-8db5-9c6b4577945e: checkpointed 82360 records.
2026-09-27T16:08:33Z INFO [351/500] 1ab621bd-0a03-4c8b-a68c-2adb224255eb: not valid; 0.8 s; peak memory 5834 MiB.
2026-09-27T16:08:38Z INFO [352/500] 1ab6310a-7c8f-426a-a212-4e4a242cc97a: valid; 5.9 s; peak memory 5834 MiB.
2026-09-27T16:08:40Z INFO [353/500] 1ab68431-1f52-4065-b70a-01fc9deb6c8d: not valid; 1.4 s; peak memory 5834 MiB.
2026-09-27T16:08:40Z INFO [354/500] 1ab6f354-50a1-4f96-903b-8f1ee3b204cf: valid; 0.6 s; peak memory 5834 MiB.
2026-09-27T16:08:41Z INFO [355/500] 1ab80b5c-525a-4959-ba23-ff84bdb44a56: not valid; 0.7 s; peak memory 5834 MiB.
2026-09-27T16:08:42Z INFO [356/500] 1ab8187f-86fd-4bff-84fa-c91b8b2a1c3e: not valid; 1.0 s; peak memory 5834 MiB.
2026-09-27T16:08:43Z INFO [357/500] 1ab8761f-2188-4d9a-9bed-ccd88ff28a2e: valid; 0.4 s; peak memory 5834 MiB.
2026-09-27T16:08:44Z INFO [358/500] 1ab87d9d-e193-4736-8bb2-6c66300c0b12: valid; 1.1 s; peak memory 5834 MiB.
2026-09-27T16:08:45Z INFO [359/500] 1ab89c5a-4e01-4880-b717-d17392eae095: not valid; 0.8 s; peak memory 5834 MiB.
2026-09-27T16:08:47Z INFO [360/500] 1ab8b45e-0108-425b-a8fe-2ece892baa3d: valid; 2.0 s; peak memory 5834 MiB.
2026-09-27T16:08:50Z INFO [361/500] 1ab8c45f-8feb-4336-80a2-56accf70fa44: valid; 3.9 s; peak memory 5834 MiB.
2026-09-27T16:08:58Z INFO [362/500] 1ab8e7a4-07f9-4ac8-b274-a79c98e4f1b1: valid; 7.6 s; peak memory 5955 MiB.
2026-09-27T16:08:59Z INFO [363/500] 1ab8f0f9-d0c6-48dc-9b32-71f4d9d2b20c: valid; 0.5 s; peak memory 5955 MiB.
2026-09-27T16:08:59Z INFO [364/500] 1ab902a6-a400-4b2e-9dc9-50b9e803382d: valid; 0.8 s; peak memory 5955 MiB.
2026-09-27T16:09:01Z INFO [365/500] 1ab91ba9-53fd-4464-a486-1eae028ecec9: valid; 1.8 s; peak memory 5955 MiB.
2026-09-27T16:09:03Z INFO [366/500] 1ab922b3-0339-4a72-a300-f3ed00608336: valid; 1.4 s; peak memory 5955 MiB.
2026-09-27T16:09:05Z INFO [367/500] 1ab9d893-2de2-473d-8402-1e6abf912c98: valid; 2.2 s; peak memory 5955 MiB.
2026-09-27T16:09:06Z INFO [368/500] 1aba5d64-a515-42ce-8f5c-dbcb49ea1206: not valid; 1.0 s; peak memory 5955 MiB.
2026-09-27T16:09:06Z INFO [369/500] 1aba85c4-7764-45e6-8ecf-a0034bf7f71b: valid; 0.6 s; peak memory 5955 MiB.
2026-09-27T16:09:07Z INFO [370/500] 1abb007b-4b6e-456f-a25f-34b10905f7bf: valid; 0.6 s; peak memory 5955 MiB.
2026-09-27T16:09:14Z INFO [371/500] 1abb314a-1809-4d1d-89bd-c1e63dcf76c4: valid; 7.3 s; peak memory 5955 MiB.
2026-09-27T16:09:15Z INFO [372/500] 1abbd316-dfc2-4b86-a9c9-3c18b844c4e1: not valid; 0.9 s; peak memory 5955 MiB.
2026-09-27T16:09:55Z INFO [373/500] 1abce1ea-2bcb-4e8c-8591-da0f52768e00: valid; 40.2 s; peak memory 6165 MiB.
2026-09-27T16:09:56Z INFO [374/500] 1abd114d-1b9d-459b-9772-5544e079f99f: valid; 1.0 s; peak memory 6165 MiB.
2026-09-27T16:09:58Z INFO [375/500] 1abd250c-2ec8-40b0-b886-2a8b70f6f559: valid; 1.8 s; peak memory 6165 MiB.
2026-09-27T16:09:59Z INFO [376/500] 1abd39fa-a43d-477c-8d52-e674dba130d5: not valid; 0.8 s; peak memory 6165 MiB.
2026-09-27T16:10:00Z INFO [377/500] 1abe2e7b-d237-4d65-9235-3f46545453dd: valid; 0.6 s; peak memory 6165 MiB.
2026-09-27T16:10:00Z WARNING 1abe789f-3cb3-453f-990e-a7bcc38b49d3: failed while retrieving asset information from the DANDI API (NotFoundError: No such Dandiset: 001533)
2026-09-27T16:10:01Z INFO [379/500] 1abef5dd-30f1-4291-91ef-07c95b8e0720: valid; 1.4 s; peak memory 6165 MiB.
2026-09-27T16:10:02Z INFO [380/500] 1abf2373-0d8a-46a1-9b98-1cccc21b94be: valid; 1.0 s; peak memory 6165 MiB.
2026-09-27T16:10:05Z INFO [381/500] 1ac0c746-5ee4-430c-b9a9-a62998e8ef44: valid; 2.6 s; peak memory 6165 MiB.
2026-09-27T16:10:05Z INFO [382/500] 1ac175b0-0b20-4288-bbcc-67178d6e8e8f: valid; 0.7 s; peak memory 6165 MiB.
2026-09-27T16:10:06Z INFO [383/500] 1ac1a33f-6331-467c-b1c9-30085bb8bf5b: valid; 0.5 s; peak memory 6165 MiB.
2026-09-27T16:10:07Z INFO [384/500] 1ac24ed8-e542-480a-9c79-06fc3cbfe6c7: not valid; 1.4 s; peak memory 6165 MiB.
2026-09-27T16:10:08Z WARNING 1ac258aa-1f71-4301-95cf-bdc946907058: failed while opening the NWB file (ConstructError: (root/acquisition/event_code_meanings GroupBuilder {'attributes': {'colnames': array(['value', 'meaning'], dtype=object), 'description': 'Mapping integer event codes to event labels', 'namespace': 'ndx-events', 'neurodata_type': 'MeaningsTable', 'object_id': '36484517-d5b5-4121-85c8-b145c88984fd'}, 'groups': {}, 'datasets': {'id': root/acquisition/event_code_meanings/id DatasetBuilder {'attributes': {'namespace': 'hdmf-common', 'neurodata_type': 'ElementIdentifiers', 'object_id': 'd236cba5-9564-4a7b-9149-4eb3295754fa'}, 'data': <HDF5 dataset "id": shape (26,), type "<i8">}, 'meaning': root/acquisition/event_code_meanings/meaning DatasetBuilder {'attributes': {'description': 'The meaning of the value in the parent CategoricalVectorData object.', 'namespace': 'hdmf-experimental', 'neurodata_type': 'VectorData', 'object_id': '637c152d-9510-4a1a-9165-adec79c5951d'}, 'data': <StrDataset for HDF5 dataset "meaning": shape (26,), type "|O">}, 'value': root/acquisition/event_code_meanings/value DatasetBuilder {'attributes': {'description': 'The value of the parent CategoricalVectorData object.', 'namespace': 'hdmf-experimental', 'neurodata_type': 'VectorData', 'object_id': 'bd3bfa0e-772b-40af-acf6-eab9995a7e67'}, 'data': <HDF5 dataset "value": shape (26,), type "<i8">}}, 'links': {}}, "Could not construct MeaningsTable object due to: MeaningsTable.__init__: missing argument 'target'"))
2026-09-27T16:10:09Z INFO [386/500] 1ac2824a-7606-48c5-9174-584fd0e9ba4b: valid; 0.9 s; peak memory 6165 MiB.
2026-09-27T16:10:10Z INFO [387/500] 1ac2e6f3-0e20-47b7-a616-ecf4388125a5: valid; 0.5 s; peak memory 6165 MiB.
2026-09-27T16:10:10Z INFO [388/500] 1ac31990-0e4c-46ee-b7da-4702db614d5e: valid; 0.5 s; peak memory 6165 MiB.
2026-09-27T16:10:11Z INFO [389/500] 1ac4308d-aa40-4940-80c4-1f8cf085ef63: not valid; 0.8 s; peak memory 6165 MiB.
2026-09-27T16:10:11Z INFO [390/500] 1ac451c2-3835-430b-b84f-492175c830a1: valid; 0.4 s; peak memory 6165 MiB.
2026-09-27T16:10:12Z INFO [391/500] 1ac4c8fb-34ee-4c15-bbd0-0391fdc73894: not valid; 0.8 s; peak memory 6165 MiB.
2026-09-27T16:10:17Z INFO [392/500] 1ac4d5d5-c329-45ca-bfde-539b13e0e81b: not valid; 5.3 s; peak memory 6165 MiB.
2026-09-27T16:10:18Z INFO [393/500] 1ac4e6e6-1f45-4965-ab77-cfc8bd58eb34: valid; 0.8 s; peak memory 6165 MiB.
2026-09-27T16:10:19Z INFO [394/500] 1ac5181a-a49e-4ede-92aa-d23aaf55d698: valid; 0.6 s; peak memory 6165 MiB.
2026-09-27T16:10:20Z INFO [395/500] 1ac5382b-f3cd-400d-bbea-2f7baa1a4c95: valid; 1.6 s; peak memory 6165 MiB.
2026-09-27T16:10:20Z WARNING 1ac54cb7-13e1-4e75-b85c-4dde81cad34a: failed while retrieving asset information from the DANDI API (NotFoundError: No such Dandiset: 001533)
2026-09-27T16:10:22Z INFO [397/500] 1ac59788-e8a3-4171-aa2b-c4a6f4cdf17c: not valid; 1.6 s; peak memory 6165 MiB.
2026-09-27T16:10:23Z INFO [398/500] 1ac59de5-ecfa-4135-8826-4cee6724accd: valid; 0.7 s; peak memory 6165 MiB.
2026-09-27T16:10:24Z INFO [399/500] 1ac5c087-b2bc-4a4f-a49a-6f882e8abe30: valid; 1.0 s; peak memory 6165 MiB.
2026-09-27T16:10:25Z INFO [400/500] 1ac5c37e-e6c7-4683-9cbc-0f2a803c951b: valid; 1.6 s; peak memory 6165 MiB.
2026-09-27T16:10:26Z INFO [400/500] 1ac5c37e-e6c7-4683-9cbc-0f2a803c951b: checkpointed 82410 records.
2026-09-27T16:10:29Z INFO [401/500] 1ac62437-aece-423d-bfa5-b8e8a3f10314: valid; 2.6 s; peak memory 6165 MiB.
2026-09-27T16:10:31Z INFO [402/500] 1ac64fb3-972d-4be0-b562-809fbd8f016a: valid; 2.2 s; peak memory 6165 MiB.
2026-09-27T16:10:31Z INFO [403/500] 1ac70d56-620c-48b6-ba9d-66b237d764fe: valid; 0.6 s; peak memory 6165 MiB.
2026-09-27T16:10:33Z INFO [404/500] 1ac7aa4d-093a-449c-846a-78b124476339: not valid; 1.2 s; peak memory 6165 MiB.
2026-09-27T16:10:33Z INFO [405/500] 1ac7cc75-d501-4c2f-b8a7-b532d22602e9: valid; 0.6 s; peak memory 6165 MiB.
2026-09-27T16:10:35Z INFO [406/500] 1ac84a25-597c-40f1-b836-c8dcdca77e60: valid; 1.8 s; peak memory 6165 MiB.
2026-09-27T16:10:36Z INFO [407/500] 1ac902f7-a213-445e-bb96-6ffd892a8df7: valid; 1.1 s; peak memory 6165 MiB.
2026-09-27T16:10:40Z INFO [408/500] 1ac910e0-4324-4b51-a626-64613875d421: valid; 4.3 s; peak memory 6165 MiB.
2026-09-27T16:10:42Z INFO [409/500] 1ac91c3c-ac10-4e62-b3d4-8edd122f2824: not valid; 1.9 s; peak memory 6165 MiB.
2026-09-27T16:10:43Z INFO [410/500] 1acae683-709c-4edc-8168-21adfffc735f: valid; 1.3 s; peak memory 6165 MiB.
2026-09-27T16:10:44Z INFO [411/500] 1acb732f-e28d-4995-894c-2ad9789f4ca4: valid; 0.8 s; peak memory 6165 MiB.
2026-09-27T16:10:47Z INFO [412/500] 1acc3bb2-3b5e-4c8a-9134-99580cb51e0d: valid; 3.0 s; peak memory 6165 MiB.
2026-09-27T16:10:48Z INFO [413/500] 1acc41cb-f72c-43fc-a25e-efa98c6ba4a9: valid; 1.0 s; peak memory 6165 MiB.
2026-09-27T16:10:49Z INFO [414/500] 1acc4ec0-00ad-4618-9083-2a471650c843: valid; 1.2 s; peak memory 6165 MiB.
2026-09-27T16:10:51Z INFO [415/500] 1acc8a9c-3ec0-40f5-bc97-65cbb6f90598: valid; 1.3 s; peak memory 6165 MiB.
2026-09-27T16:10:51Z INFO [416/500] 1acc9ea0-8c86-462f-988a-df0ad96443f3: valid; 0.4 s; peak memory 6165 MiB.
2026-09-27T16:10:54Z INFO [417/500] 1accd3f7-44cb-4e53-84e5-632450040893: valid; 2.7 s; peak memory 6165 MiB.
2026-09-27T16:10:55Z INFO [418/500] 1accf570-f20c-4dbb-abbb-f06133310f17: not valid; 1.5 s; peak memory 6165 MiB.
2026-09-27T16:11:06Z INFO [419/500] 1acd3083-aed9-4095-a71a-9dd68ee0e2c5: valid; 10.7 s; peak memory 6183 MiB.
2026-09-27T16:11:09Z INFO [420/500] 1acd5d12-e0df-4072-b860-3baad8563585: valid; 2.5 s; peak memory 6186 MiB.
2026-09-27T16:11:10Z INFO [421/500] 1acd7ea8-fbe8-4932-81bf-2f46dc981cb2: valid; 1.1 s; peak memory 6188 MiB.
2026-09-27T16:11:13Z INFO [422/500] 1acdeac7-4d8a-44ef-99b9-046526bb4d0f: valid; 2.9 s; peak memory 6190 MiB.
2026-09-27T16:11:14Z WARNING 1ace2262-eafb-49c4-81e6-9b9822916bbe: failed while opening the NWB file (ConstructError: (root/acquisition/_iblmic_audioSpectrogram/bands GroupBuilder {'attributes': {'colnames': array(['freq'], dtype=object), 'description': 'spectogram frequencies', 'namespace': 'core', 'neurodata_type': 'FrequencyBandsTable', 'object_id': '1cb2a439-30ae-4819-9e43-6871d99c7457'}, 'groups': {}, 'datasets': {'freq': root/acquisition/_iblmic_audioSpectrogram/bands/freq DatasetBuilder {'attributes': {'description': 'frequency value', 'namespace': 'hdmf-common', 'neurodata_type': 'VectorData', 'object_id': 'a2a08454-0617-4f9f-bed7-0344751e744c'}, 'data': <HDF5 dataset "freq": shape (257,), type "<f4">}, 'id': root/acquisition/_iblmic_audioSpectrogram/bands/id DatasetBuilder {'attributes': {'namespace': 'hdmf-common', 'neurodata_type': 'ElementIdentifiers', 'object_id': '1a8e6da0-369b-4e76-8f05-6475e0a2277b'}, 'data': <HDF5 dataset "id": shape (257,), type "<i4">}}, 'links': {}}, "Could not construct FrequencyBandsTable object due to: column must have the same number of rows as 'id'"))
2026-09-27T16:11:15Z INFO [424/500] 1aced164-4c8d-4eaf-b634-e8faec8d614e: valid; 1.0 s; peak memory 6193 MiB.
2026-09-27T16:11:15Z INFO [425/500] 1acf5b64-596c-42bd-80fd-6be2c355e17d: not valid; 0.8 s; peak memory 6195 MiB.
2026-09-27T16:11:19Z INFO [426/500] 1acf5ce0-510a-47df-85c5-92c33d70cef7: valid; 3.7 s; peak memory 6204 MiB.
2026-09-27T16:11:21Z INFO [427/500] 1acf6ead-354e-40c8-8157-d7e0fc5ea43a: not valid; 1.6 s; peak memory 6225 MiB.
2026-09-27T16:11:22Z INFO [428/500] 1ad03905-7201-4e76-9884-7769cea385f2: valid; 1.7 s; peak memory 6225 MiB.
2026-09-27T16:11:23Z INFO [429/500] 1ad0af83-1ea2-4129-9f8e-d0f806b3ad8e: not valid; 0.7 s; peak memory 6227 MiB.
2026-09-27T16:11:24Z INFO [430/500] 1ad11611-4d2b-4191-879d-5be7f02dfe53: valid; 1.1 s; peak memory 6237 MiB.
2026-09-27T16:11:25Z INFO [431/500] 1ad19f47-3316-46ab-8467-10ede0cb0083: valid; 0.5 s; peak memory 6240 MiB.
2026-09-27T16:11:27Z INFO [432/500] 1ad1a331-3665-4edc-94f0-8587a5318d68: valid; 1.9 s; peak memory 6248 MiB.
2026-09-27T16:11:38Z INFO [433/500] 1ad1c2ad-5d92-4aa0-ab31-2d006ae48219: not valid; 11.1 s; peak memory 6271 MiB.
2026-09-27T16:11:40Z INFO [434/500] 1ad261bc-3f71-4f68-a30c-46d368e2697f: not valid; 1.9 s; peak memory 6279 MiB.
2026-09-27T16:11:41Z INFO [435/500] 1ad365bf-ed26-4b3a-b347-fa6f82e57f46: valid; 1.0 s; peak memory 6285 MiB.
2026-09-27T16:11:42Z INFO [436/500] 1ad36f9e-31dc-4784-a4b9-5a8cdf23c07e: valid; 1.9 s; peak memory 6291 MiB.
2026-09-27T16:11:44Z INFO [437/500] 1ad3817b-fd01-45aa-8563-b6e9cb5803ae: valid; 1.8 s; peak memory 6291 MiB.
2026-09-27T16:11:45Z INFO [438/500] 1ad5db85-25aa-4149-92a6-c029db6a7a82: valid; 1.0 s; peak memory 6291 MiB.
2026-09-27T16:11:59Z INFO [439/500] 1ad5fc75-66d2-431b-a060-89308e7fe7a6: valid; 14.1 s; peak memory 6405 MiB.
2026-09-27T16:12:00Z INFO [440/500] 1ad696df-7123-446f-b95a-5378d5efab30: valid; 0.6 s; peak memory 6405 MiB.
2026-09-27T16:12:01Z INFO [441/500] 1ad6e927-e148-4267-98cb-e60388a696d3: valid; 0.7 s; peak memory 6405 MiB.
2026-09-27T16:12:01Z INFO [442/500] 1ad76574-154c-4ace-b794-af205c405ad5: valid; 0.6 s; peak memory 6405 MiB.
2026-09-27T16:12:07Z INFO [443/500] 1ad8f7d1-b30c-4dd7-a966-5ff0a34f3953: not valid; 5.4 s; peak memory 6447 MiB.
2026-09-27T16:12:08Z INFO [444/500] 1ad936a8-4a4d-485b-8965-a99717639cce: valid; 1.3 s; peak memory 6451 MiB.
2026-09-27T16:12:12Z INFO [445/500] 1ad957ee-69c1-44b2-99d7-4edf96e6d127: not valid; 4.0 s; peak memory 6496 MiB.
2026-09-27T16:12:13Z INFO [446/500] 1ad979ad-445f-4d83-9913-ddeef5d85113: not valid; 1.1 s; peak memory 6507 MiB.
2026-09-27T16:12:17Z INFO [447/500] 1ad97a47-e2b0-437c-a502-8deba9b6afdc: valid; 3.8 s; peak memory 6551 MiB.
2026-09-27T16:12:18Z INFO [448/500] 1ad99250-4547-4e57-afb7-de13e8aadc2c: valid; 1.3 s; peak memory 6559 MiB.
2026-09-27T16:12:19Z INFO [449/500] 1ada05ec-c36a-4b85-a516-37ee6361087b: valid; 0.7 s; peak memory 6561 MiB.
2026-09-27T16:12:21Z INFO [450/500] 1ada194a-ec3a-408f-b3d1-a59caa9a11fe: valid; 2.3 s; peak memory 6565 MiB.
2026-09-27T16:12:22Z INFO [450/500] 1ada194a-ec3a-408f-b3d1-a59caa9a11fe: checkpointed 82460 records.
2026-09-27T16:12:25Z INFO [451/500] 1ada4d2f-61ab-4f92-a451-51b4db2eac04: valid; 3.2 s; peak memory 6565 MiB.
2026-09-27T16:12:27Z INFO [452/500] 1ada8931-c28a-49d0-aef1-6847e90cc64b: valid; 2.1 s; peak memory 6565 MiB.
2026-09-27T16:12:27Z WARNING 1adb5acb-f92a-4b1a-942a-e858bc382369: failed while retrieving asset information from the DANDI API (NotFoundError: No asset at path 'sub-456774/sub-456774_ses-20191022T133136_behavior+ecephys+ogen.nwb' in version 0.231012.2129. Verify the path is correct and the asset exists in this version. Use 'dandi ls' to list available assets.)
2026-09-27T16:12:28Z INFO [454/500] 1adca5c7-b543-4379-ab6c-7440c9aebb24: not valid; 0.9 s; peak memory 6565 MiB.
2026-09-27T16:12:30Z INFO [455/500] 1add8476-c724-49ec-b992-a4c469f99165: valid; 1.9 s; peak memory 6565 MiB.
2026-09-27T16:12:37Z INFO [456/500] 1addccfd-5998-448b-ad6f-e20b0db68347: valid; 6.8 s; peak memory 6818 MiB.
2026-09-27T16:12:43Z INFO [457/500] 1ade10a9-7412-4247-a78b-3b5ce90af404: valid; 6.0 s; peak memory 6853 MiB.
2026-09-27T16:12:44Z INFO [458/500] 1ade7cec-9758-429c-bb93-d917169f1388: not valid; 1.1 s; peak memory 6853 MiB.
2026-09-27T16:12:45Z INFO [459/500] 1adfcc29-12e1-41fb-97c7-243976d777e0: valid; 1.1 s; peak memory 6853 MiB.
2026-09-27T16:12:46Z INFO [460/500] 1ae0636c-5ed0-4edf-9099-a6825e89ec33: valid; 1.1 s; peak memory 6853 MiB.
2026-09-27T16:12:47Z INFO [461/500] 1ae069b5-8fed-47e5-bafb-7b1e17e721ce: valid; 1.3 s; peak memory 6853 MiB.
2026-09-27T16:12:49Z INFO [462/500] 1ae174da-0eb4-4319-9af2-56769d99450c: valid; 2.0 s; peak memory 6853 MiB.
2026-09-27T16:12:51Z INFO [463/500] 1ae22d6f-ca45-4c3f-acc5-61a2b62a8797: valid; 1.8 s; peak memory 6854 MiB.
2026-09-27T16:12:52Z WARNING 1ae24183-f093-4119-acd6-d8e7b02190bb: failed while opening the NWB file (ConstructError: (root/acquisition/_iblmic_audioSpectrogram/bands GroupBuilder {'attributes': {'colnames': array(['freq'], dtype=object), 'description': 'spectogram frequencies', 'namespace': 'core', 'neurodata_type': 'FrequencyBandsTable', 'object_id': '102ca907-1fde-4b82-9ba4-2b6e6620ebc8'}, 'groups': {}, 'datasets': {'freq': root/acquisition/_iblmic_audioSpectrogram/bands/freq DatasetBuilder {'attributes': {'description': 'frequency value', 'namespace': 'hdmf-common', 'neurodata_type': 'VectorData', 'object_id': 'af56bc11-9ae2-488d-b716-ccdf378651fa'}, 'data': <HDF5 dataset "freq": shape (257,), type "<f4">}, 'id': root/acquisition/_iblmic_audioSpectrogram/bands/id DatasetBuilder {'attributes': {'namespace': 'hdmf-common', 'neurodata_type': 'ElementIdentifiers', 'object_id': '188a58a2-d0b1-45d7-bb20-f936e6aa5f61'}, 'data': <HDF5 dataset "id": shape (257,), type "<i4">}}, 'links': {}}, "Could not construct FrequencyBandsTable object due to: column must have the same number of rows as 'id'"))
2026-09-27T16:12:53Z INFO [465/500] 1ae2fa55-5c95-485c-9530-9f522c146897: not valid; 0.9 s; peak memory 6854 MiB.
2026-09-27T16:12:53Z INFO [466/500] 1ae37eee-8146-4bcf-b1aa-dea9477d8d33: valid; 0.4 s; peak memory 6854 MiB.
2026-09-27T16:12:54Z INFO [467/500] 1ae3b5a4-9e24-4795-a1a6-7a3feb5cd9b7: not valid; 0.8 s; peak memory 6854 MiB.
2026-09-27T16:12:55Z INFO [468/500] 1ae3d62d-3a6f-4d35-98a8-64eac34844ab: valid; 0.8 s; peak memory 6854 MiB.
2026-09-27T16:12:56Z INFO [469/500] 1ae573f2-ce83-46c0-9528-ec68f4bca39b: valid; 0.6 s; peak memory 6854 MiB.
2026-09-27T16:12:56Z INFO [470/500] 1ae5983a-836f-4c39-aaa0-2b7e2e6c33e7: valid; 0.7 s; peak memory 6854 MiB.
2026-09-27T16:12:57Z INFO [471/500] 1ae5c225-c7f8-46c8-bd81-0d3c14365660: valid; 0.9 s; peak memory 6854 MiB.
2026-09-27T16:13:06Z INFO [472/500] 1ae651b8-f578-4a46-b3e8-e6d1aaa02cfc: valid; 8.7 s; peak memory 7014 MiB.
2026-09-27T16:13:08Z INFO [473/500] 1ae6a430-bcb3-4f3b-93dc-8a47b2a888da: valid; 2.4 s; peak memory 7014 MiB.
2026-09-27T16:13:09Z INFO [474/500] 1ae708da-b7bb-42a1-9ad0-d90a87541b31: valid; 0.7 s; peak memory 7014 MiB.
2026-09-27T16:13:10Z INFO [475/500] 1ae82cc3-36e2-4bfd-9b3e-b72f74797821: valid; 1.0 s; peak memory 7014 MiB.
2026-09-27T16:13:12Z INFO [476/500] 1ae835c1-c739-4201-8e5e-7128a049d467: valid; 1.4 s; peak memory 7014 MiB.
2026-09-27T16:13:12Z INFO [477/500] 1ae8d3dc-8d81-4c9e-9a64-6d967fec3c8c: not valid; 1.0 s; peak memory 7014 MiB.
2026-09-27T16:13:13Z INFO [478/500] 1ae8dea0-4cb2-44ba-97b8-a566d7ee8dc2: valid; 0.7 s; peak memory 7014 MiB.
2026-09-27T16:13:15Z INFO [479/500] 1aea5495-1f47-459b-bbf9-33b9422ce59a: valid; 1.7 s; peak memory 7014 MiB.
2026-09-27T16:13:17Z INFO [480/500] 1aea7e13-db7b-42aa-925e-5b28a4f658e6: valid; 1.7 s; peak memory 7014 MiB.
2026-09-27T16:13:18Z INFO [481/500] 1aeaf6d2-f7cd-474a-aa96-593b481b37fd: valid; 1.8 s; peak memory 7014 MiB.
2026-09-27T16:13:20Z INFO [482/500] 1aeb2762-9973-4fbb-8a37-e8a71973cbe1: valid; 2.0 s; peak memory 7014 MiB.
2026-09-27T16:13:21Z INFO [483/500] 1aeb8cf3-fb53-4111-a453-a5bd90e34242: not valid; 0.8 s; peak memory 7014 MiB.
2026-09-27T16:13:22Z INFO [484/500] 1aebdd0f-8824-4822-81c6-6465015b382e: valid; 1.0 s; peak memory 7014 MiB.
2026-09-27T16:13:24Z INFO [485/500] 1aeda96b-e8b4-4836-bb11-a40307f3c3a0: valid; 1.8 s; peak memory 7014 MiB.
2026-09-27T16:13:26Z INFO [486/500] 1aee2d05-398e-437e-bb11-ab3ef1d9b377: valid; 1.6 s; peak memory 7014 MiB.
2026-09-27T16:13:27Z INFO [487/500] 1aee5dc2-af6e-4d82-b23f-06ebc09572cc: not valid; 0.9 s; peak memory 7014 MiB.
2026-09-27T16:13:28Z INFO [488/500] 1aee7ae3-b54a-4c79-a6df-e97b22788104: valid; 1.9 s; peak memory 7014 MiB.
2026-09-27T16:13:29Z INFO [489/500] 1aeebbac-d4ff-41a6-8971-996836a143cc: valid; 0.7 s; peak memory 7014 MiB.
2026-09-27T16:13:30Z INFO [490/500] 1aef8651-97e9-4750-85c1-fb26cdb049f7: valid; 1.2 s; peak memory 7014 MiB.
2026-09-27T16:13:33Z INFO [491/500] 1aef87ee-f609-4c69-a65c-65d469807e41: valid; 2.3 s; peak memory 7014 MiB.
2026-09-27T16:13:33Z INFO [492/500] 1af00bf0-ceed-443d-9cdb-438eee4a3fa9: valid; 0.7 s; peak memory 7014 MiB.
2026-09-27T16:13:33Z WARNING 1af02fba-2c4c-495b-8f56-a1c1e083983a: failed while retrieving asset information from the DANDI API (NotFoundError: No asset at path 'sub-701707/sub-701707_ses-behavior-701707-2024-01-03-16-52-16.nwb' in version draft. Verify the path is correct and the asset exists in this version. Use 'dandi ls' to list available assets.)
2026-09-27T16:13:34Z WARNING 1af073a9-065b-4e07-91b8-efeb546761bf: failed while opening the NWB file (ConstructError: (root/acquisition/_iblmic_audioSpectrogram/bands GroupBuilder {'attributes': {'colnames': array(['freq'], dtype=object), 'description': 'spectogram frequencies', 'namespace': 'core', 'neurodata_type': 'FrequencyBandsTable', 'object_id': '5c71d25b-31a3-488c-a5a9-1d159adb2fc6'}, 'groups': {}, 'datasets': {'freq': root/acquisition/_iblmic_audioSpectrogram/bands/freq DatasetBuilder {'attributes': {'description': 'frequency value', 'namespace': 'hdmf-common', 'neurodata_type': 'VectorData', 'object_id': 'f915f844-bb50-45be-b79e-03d59f5e43d1'}, 'data': <HDF5 dataset "freq": shape (257,), type "<f4">}, 'id': root/acquisition/_iblmic_audioSpectrogram/bands/id DatasetBuilder {'attributes': {'namespace': 'hdmf-common', 'neurodata_type': 'ElementIdentifiers', 'object_id': '5133de57-d202-40d9-9e83-889d466d7658'}, 'data': <HDF5 dataset "id": shape (257,), type "<i4">}}, 'links': {}}, "Could not construct FrequencyBandsTable object due to: column must have the same number of rows as 'id'"))
2026-09-27T16:13:37Z INFO [495/500] 1af081c9-7450-43a3-afc7-da16ece16791: valid; 2.3 s; peak memory 7014 MiB.
2026-09-27T16:13:38Z INFO [496/500] 1af090b7-5add-497a-a4b6-5fc8c2d6e02e: valid; 1.1 s; peak memory 7014 MiB.
2026-09-27T16:13:38Z INFO [497/500] 1af1158f-191e-4f92-9dde-5eb4bbd2e685: valid; 0.5 s; peak memory 7014 MiB.
2026-09-27T16:13:39Z INFO [498/500] 1af17e19-3ecf-4ebc-ab2b-c0d5d10a6613: valid; 1.0 s; peak memory 7014 MiB.
2026-09-27T16:13:44Z INFO [499/500] 1af1f296-6c91-4a69-aa66-1c80153311ce: valid; 4.4 s; peak memory 7014 MiB.
2026-09-27T16:13:47Z INFO [500/500] 1af209e1-d3d8-4d49-b850-f628f39ebe61: valid; 2.9 s; peak memory 7014 MiB.
2026-09-27T16:13:47Z INFO [500/500] 1af209e1-d3d8-4d49-b850-f628f39ebe61: checkpointed 82510 records.
2026-09-27T16:13:48Z INFO Wrote 82510 records to /tmp/derivatives/content_id_to_valid_nwb_file.jsonl (475 new, 25 failed) in 19.2 min (peak memory 7014 MiB).
