2026-09-16T10:23:57Z INFO Logging to /tmp/logs/update_2026-09-16T10-23-57Z.log.
2026-09-16T10:23:57Z INFO Update content-id-to-valid-nwb-file (base directory /tmp).
2026-09-16T10:23:59Z INFO Processing 500 items (65010 already recorded).
2026-09-16T10:24:00Z INFO [1/500] 0000e170-82a4-40de-8624-9d9d4cb943bd: valid; 0.9 s; peak memory 322 MiB.
2026-09-16T10:24:01Z INFO [2/500] 0000e46c-3c99-4c3f-951f-fca17bb9a4fc: valid; 0.6 s; peak memory 324 MiB.
2026-09-16T10:24:02Z INFO [3/500] 0000e748-2757-4444-a6eb-a7d39a439f91: valid; 1.3 s; peak memory 329 MiB.
2026-09-16T10:24:04Z INFO [4/500] 000133f5-9960-4d12-94fe-5ba05fdf6ab9: valid; 1.8 s; peak memory 339 MiB.
2026-09-16T10:24:35Z INFO [5/500] 00014f5a-d258-423c-8e8f-f0a0c2669ea1: not valid; 30.8 s; peak memory 524 MiB.
2026-09-16T10:24:35Z WARNING 00026432-4ff6-49fa-b266-dd1821b67b14: failed while retrieving asset information from the DANDI API (NotFoundError: No asset at path 'sub-A3713/sub-A3713_behavior+ecephys.nwb' in version 0.260512.1701. Verify the path is correct and the asset exists in this version. Use 'dandi ls' to list available assets.)
2026-09-16T10:24:36Z INFO [7/500] 00026e3b-5eb4-431c-b902-c62945041d24: valid; 1.3 s; peak memory 529 MiB.
2026-09-16T10:24:37Z INFO [8/500] 0002d476-adf6-47ca-870b-7a62e87c6229: valid; 0.7 s; peak memory 530 MiB.
2026-09-16T10:24:37Z INFO [9/500] 0003847a-7c12-4074-a1ae-f09799c31c53: valid; 0.8 s; peak memory 531 MiB.
2026-09-16T10:24:39Z WARNING 0003e0e7-089c-4cd3-a192-ad0386760807: failed while opening the NWB file (ConstructError: (root/acquisition/_iblmic_audioSpectrogram/bands GroupBuilder {'attributes': {'colnames': array(['freq'], dtype=object), 'description': 'spectogram frequencies', 'namespace': 'core', 'neurodata_type': 'FrequencyBandsTable', 'object_id': 'fbdf3e1f-56b5-4298-9ec1-6ab9746a4991'}, 'groups': {}, 'datasets': {'freq': root/acquisition/_iblmic_audioSpectrogram/bands/freq DatasetBuilder {'attributes': {'description': 'frequency value', 'namespace': 'hdmf-common', 'neurodata_type': 'VectorData', 'object_id': '3ed12b07-ad2a-4297-bec5-9f7630cad35e'}, 'data': <HDF5 dataset "freq": shape (257,), type "<f4">}, 'id': root/acquisition/_iblmic_audioSpectrogram/bands/id DatasetBuilder {'attributes': {'namespace': 'hdmf-common', 'neurodata_type': 'ElementIdentifiers', 'object_id': 'ebc515f5-c080-473c-aba1-42396ea43e31'}, 'data': <HDF5 dataset "id": shape (257,), type "<i4">}}, 'links': {}}, "Could not construct FrequencyBandsTable object due to: column must have the same number of rows as 'id'"))
2026-09-16T10:24:41Z INFO [11/500] 0004137f-c6a3-4286-ad94-ed1f8cabe090: valid; 2.2 s; peak memory 556 MiB.
2026-09-16T10:24:42Z WARNING 0004349b-a5b1-420f-ba83-e2a18deee367: failed while opening the NWB file (ConstructError: (root/acquisition/_iblmic_audioSpectrogram/bands GroupBuilder {'attributes': {'colnames': array(['freq'], dtype=object), 'description': 'spectogram frequencies', 'namespace': 'core', 'neurodata_type': 'FrequencyBandsTable', 'object_id': 'db0f562f-6196-4fe6-a67d-785049b6b43d'}, 'groups': {}, 'datasets': {'freq': root/acquisition/_iblmic_audioSpectrogram/bands/freq DatasetBuilder {'attributes': {'description': 'frequency value', 'namespace': 'hdmf-common', 'neurodata_type': 'VectorData', 'object_id': '2972f0a4-5cf5-4cbc-bd71-c3d20e0c4194'}, 'data': <HDF5 dataset "freq": shape (257,), type "<f4">}, 'id': root/acquisition/_iblmic_audioSpectrogram/bands/id DatasetBuilder {'attributes': {'namespace': 'hdmf-common', 'neurodata_type': 'ElementIdentifiers', 'object_id': 'b12c8afe-d289-45f7-a98a-2f770a4e46a9'}, 'data': <HDF5 dataset "id": shape (257,), type "<i4">}}, 'links': {}}, "Could not construct FrequencyBandsTable object due to: column must have the same number of rows as 'id'"))
2026-09-16T10:24:44Z INFO [13/500] 0004f9bc-0e1d-4bde-8c27-52493234fda2: not valid; 1.4 s; peak memory 570 MiB.
2026-09-16T10:24:45Z INFO [14/500] 0005433f-0b5c-454f-b9ac-8669d9be5e60: valid; 1.4 s; peak memory 570 MiB.
2026-09-16T10:24:46Z INFO [15/500] 0005de6a-f0a3-4655-bea0-c00f3249c62a: valid; 1.3 s; peak memory 570 MiB.
2026-09-16T10:24:47Z INFO [16/500] 00067434-f7b5-4e71-9263-56fe19e960c6: valid; 1.0 s; peak memory 570 MiB.
2026-09-16T10:24:49Z INFO [17/500] 000678d7-7b0d-4dd2-ab3d-61780e79ba3b: valid; 1.2 s; peak memory 570 MiB.
2026-09-16T10:24:49Z INFO [18/500] 0007e35a-627a-49a6-a20c-f9b599c7838c: valid; 0.5 s; peak memory 570 MiB.
2026-09-16T10:24:50Z INFO [19/500] 00081a97-4fe2-4319-9471-183bccdb6790: not valid; 0.7 s; peak memory 570 MiB.
2026-09-16T10:24:51Z INFO [20/500] 0008e8d8-c33f-4426-9eb4-d21d32623feb: not valid; 1.1 s; peak memory 570 MiB.
2026-09-16T10:24:53Z INFO [21/500] 0009dc81-b4e5-49c0-8c36-2d305195743f: valid; 1.5 s; peak memory 570 MiB.
2026-09-16T10:24:54Z INFO [22/500] 0009de64-daf3-4ebe-b0d9-3e95cd5d4d24: valid; 1.0 s; peak memory 570 MiB.
2026-09-16T10:25:17Z INFO [23/500] 000a48de-cdd7-4ffb-a5df-93aacccc66cb: valid; 23.4 s; peak memory 994 MiB.
2026-09-16T10:25:17Z INFO [24/500] 000a9216-7ab9-4f17-9729-6da4408bc764: not valid; 0.5 s; peak memory 996 MiB.
2026-09-16T10:25:20Z INFO [25/500] 000ad9ef-66b7-4582-99c3-1116ed5292e4: not valid; 2.8 s; peak memory 1004 MiB.
2026-09-16T10:25:21Z WARNING 000b0014-5517-4705-9459-32d9ff09b9ee: failed while opening the NWB file (ConstructError: (root/acquisition/event_code_meanings GroupBuilder {'attributes': {'colnames': array(['value', 'meaning'], dtype=object), 'description': 'Mapping integer event codes to event labels', 'namespace': 'ndx-events', 'neurodata_type': 'MeaningsTable', 'object_id': 'd2074c1f-9aaa-4595-95c5-1f21635ab884'}, 'groups': {}, 'datasets': {'id': root/acquisition/event_code_meanings/id DatasetBuilder {'attributes': {'namespace': 'hdmf-common', 'neurodata_type': 'ElementIdentifiers', 'object_id': '2d2cc934-4af9-4886-924c-daf2ef565c6d'}, 'data': <HDF5 dataset "id": shape (26,), type "<i8">}, 'meaning': root/acquisition/event_code_meanings/meaning DatasetBuilder {'attributes': {'description': 'The meaning of the value in the parent CategoricalVectorData object.', 'namespace': 'hdmf-experimental', 'neurodata_type': 'VectorData', 'object_id': '10d84952-468a-4679-9b64-0cabb15d5814'}, 'data': <StrDataset for HDF5 dataset "meaning": shape (26,), type "|O">}, 'value': root/acquisition/event_code_meanings/value DatasetBuilder {'attributes': {'description': 'The value of the parent CategoricalVectorData object.', 'namespace': 'hdmf-experimental', 'neurodata_type': 'VectorData', 'object_id': '782290d4-cadf-4805-91c7-fefff468323a'}, 'data': <HDF5 dataset "value": shape (26,), type "<i8">}}, 'links': {}}, "Could not construct MeaningsTable object due to: MeaningsTable.__init__: missing argument 'target'"))
2026-09-16T10:25:23Z INFO [27/500] 000b02ab-68a5-49dd-8f53-28fcd3b85b6f: valid; 2.0 s; peak memory 1004 MiB.
2026-09-16T10:25:24Z INFO [28/500] 000b9e9b-c5a7-471a-b1ea-17cc5304455a: valid; 0.6 s; peak memory 1004 MiB.
2026-09-16T10:25:24Z INFO [29/500] 000bec52-457e-4866-ad1e-22eccf26f7ac: valid; 0.6 s; peak memory 1004 MiB.
2026-09-16T10:25:27Z INFO [30/500] 000c8910-ac2f-41b5-9312-7405d610964c: valid; 2.3 s; peak memory 1004 MiB.
2026-09-16T10:25:31Z INFO [31/500] 000d12fc-d05c-4eb4-afbf-0499e2ac7ee4: valid; 4.8 s; peak memory 1004 MiB.
2026-09-16T10:25:32Z INFO [32/500] 000e0905-24f2-43d2-9dd0-9db5739229ec: valid; 0.7 s; peak memory 1004 MiB.
2026-09-16T10:25:34Z INFO [33/500] 000e1468-74eb-4645-9d84-50ae8bfb0c43: not valid; 2.2 s; peak memory 1006 MiB.
2026-09-16T10:25:35Z INFO [34/500] 000e77ee-4be9-4c88-8f73-c4c1ac297996: valid; 0.5 s; peak memory 1006 MiB.
2026-09-16T10:25:36Z WARNING 000eb904-d2a7-4b06-8601-2c059951c1fd: failed while opening the NWB file (ConstructError: (root/acquisition/_iblmic_audioSpectrogram/bands GroupBuilder {'attributes': {'colnames': array(['freq'], dtype=object), 'description': 'spectogram frequencies', 'namespace': 'core', 'neurodata_type': 'FrequencyBandsTable', 'object_id': '962519a8-c373-4556-9bf6-4b4cda0b3ade'}, 'groups': {}, 'datasets': {'freq': root/acquisition/_iblmic_audioSpectrogram/bands/freq DatasetBuilder {'attributes': {'description': 'frequency value', 'namespace': 'hdmf-common', 'neurodata_type': 'VectorData', 'object_id': '976aba49-15ac-415f-abef-2da53c9dab6a'}, 'data': <HDF5 dataset "freq": shape (257,), type "<f4">}, 'id': root/acquisition/_iblmic_audioSpectrogram/bands/id DatasetBuilder {'attributes': {'namespace': 'hdmf-common', 'neurodata_type': 'ElementIdentifiers', 'object_id': 'f423e1dd-9783-45e3-ac4b-79fb16f65e32'}, 'data': <HDF5 dataset "id": shape (257,), type "<i4">}}, 'links': {}}, "Could not construct FrequencyBandsTable object due to: column must have the same number of rows as 'id'"))
2026-09-16T10:25:37Z INFO [36/500] 000ec801-cb21-4d60-b050-36e80406624a: valid; 0.6 s; peak memory 1008 MiB.
2026-09-16T10:25:37Z INFO [37/500] 000f95d8-999a-4507-bec2-357530948b41: valid; 0.7 s; peak memory 1008 MiB.
2026-09-16T10:25:38Z INFO [38/500] 000fbc05-3a04-4a20-a95e-3010eb78aa58: valid; 0.7 s; peak memory 1008 MiB.
2026-09-16T10:25:38Z INFO [39/500] 000ff5bf-f2a2-448c-abb4-e72613d6e6a3: valid; 0.4 s; peak memory 1008 MiB.
2026-09-16T10:25:40Z INFO [40/500] 001053b5-ecfc-49cc-9d02-b095e2e251ff: valid; 1.6 s; peak memory 1008 MiB.
2026-09-16T10:25:41Z INFO [41/500] 0010d249-2f26-4b30-b640-17e17a9564ec: valid; 0.6 s; peak memory 1008 MiB.
2026-09-16T10:25:43Z INFO [42/500] 0010fe5c-66a4-49cd-8f7a-1f221642d949: valid; 2.8 s; peak memory 1008 MiB.
2026-09-16T10:25:45Z INFO [43/500] 00116184-d6db-4092-89ca-81222a2be50b: valid; 1.7 s; peak memory 1008 MiB.
2026-09-16T10:26:00Z INFO [44/500] 00116668-1e2f-4416-a165-a628b0c3e769: valid; 15.1 s; peak memory 1071 MiB.
2026-09-16T10:26:05Z INFO [45/500] 0011fe8f-ae95-41c3-8d73-c7c0d111b1f8: valid; 4.7 s; peak memory 1077 MiB.
2026-09-16T10:26:06Z INFO [46/500] 00122679-9a1a-46ba-9d06-beb7f37678fc: not valid; 1.0 s; peak memory 1078 MiB.
2026-09-16T10:26:07Z INFO [47/500] 00127ffd-85ca-4d56-91f1-d3fa86074ca1: not valid; 0.8 s; peak memory 1080 MiB.
2026-09-16T10:26:08Z INFO [48/500] 0012acd5-5492-445e-b9f4-ae783c8eb7c8: valid; 1.2 s; peak memory 1093 MiB.
2026-09-16T10:26:10Z INFO [49/500] 0013d48f-52f0-4350-92b0-f29fc65d9f18: valid; 2.3 s; peak memory 1098 MiB.
2026-09-16T10:26:12Z INFO [50/500] 00146289-2334-496e-acfc-5d813a78e7b5: valid; 2.5 s; peak memory 1102 MiB.
2026-09-16T10:26:13Z INFO [50/500] 00146289-2334-496e-acfc-5d813a78e7b5: checkpointed 65060 records.
2026-09-16T10:26:14Z INFO [51/500] 0014dd0e-113b-4bfc-a983-85de6f48df77: valid; 1.0 s; peak memory 1102 MiB.
2026-09-16T10:26:15Z INFO [52/500] 0014dec8-fde2-47ac-a7b1-14cf6f6a9cad: valid; 1.2 s; peak memory 1102 MiB.
2026-09-16T10:26:16Z INFO [53/500] 0014f9c7-3418-4aec-bb6f-d0b1c86c181b: valid; 0.5 s; peak memory 1102 MiB.
2026-09-16T10:26:17Z INFO [54/500] 00154599-4f72-4c5c-98ce-80a03707f4d3: valid; 1.0 s; peak memory 1102 MiB.
2026-09-16T10:26:18Z WARNING 00159323-dcc0-441b-a4fe-1693205a1b9a: failed while opening the NWB file (ConstructError: (root/acquisition/_iblmic_audioSpectrogram/bands GroupBuilder {'attributes': {'colnames': array(['freq'], dtype=object), 'description': 'spectogram frequencies', 'namespace': 'core', 'neurodata_type': 'FrequencyBandsTable', 'object_id': '6150ea95-6c8b-40c1-98d9-08bf17562455'}, 'groups': {}, 'datasets': {'freq': root/acquisition/_iblmic_audioSpectrogram/bands/freq DatasetBuilder {'attributes': {'description': 'frequency value', 'namespace': 'hdmf-common', 'neurodata_type': 'VectorData', 'object_id': 'c355ed26-cbc6-44c9-ac86-d495e6bded10'}, 'data': <HDF5 dataset "freq": shape (257,), type "<f4">}, 'id': root/acquisition/_iblmic_audioSpectrogram/bands/id DatasetBuilder {'attributes': {'namespace': 'hdmf-common', 'neurodata_type': 'ElementIdentifiers', 'object_id': '4bab5a31-594a-4982-b84e-068e25aedef9'}, 'data': <HDF5 dataset "id": shape (257,), type "<i4">}}, 'links': {}}, "Could not construct FrequencyBandsTable object due to: column must have the same number of rows as 'id'"))
2026-09-16T10:26:18Z INFO [56/500] 0015b77e-28d5-4583-a680-fb33489f1862: valid; 0.5 s; peak memory 1102 MiB.
2026-09-16T10:26:20Z INFO [57/500] 00160069-4bd1-4bb1-913f-5bba56b550b4: valid; 1.5 s; peak memory 1102 MiB.
2026-09-16T10:26:21Z WARNING 00164f9c-a42b-4784-b9c8-8efaf3f07497: failed while opening the NWB file (ConstructError: (root/acquisition/_iblmic_audioSpectrogram/bands GroupBuilder {'attributes': {'colnames': array(['freq'], dtype=object), 'description': 'spectogram frequencies', 'namespace': 'core', 'neurodata_type': 'FrequencyBandsTable', 'object_id': '06a3785a-9f38-496a-9435-36abb5c72e2f'}, 'groups': {}, 'datasets': {'freq': root/acquisition/_iblmic_audioSpectrogram/bands/freq DatasetBuilder {'attributes': {'description': 'frequency value', 'namespace': 'hdmf-common', 'neurodata_type': 'VectorData', 'object_id': '37c63ddf-9cdb-43b5-9475-dffe4e02479c'}, 'data': <HDF5 dataset "freq": shape (257,), type "<f4">}, 'id': root/acquisition/_iblmic_audioSpectrogram/bands/id DatasetBuilder {'attributes': {'namespace': 'hdmf-common', 'neurodata_type': 'ElementIdentifiers', 'object_id': '18ffe19a-00e8-435c-a53d-14f829c377a5'}, 'data': <HDF5 dataset "id": shape (257,), type "<i4">}}, 'links': {}}, "Could not construct FrequencyBandsTable object due to: column must have the same number of rows as 'id'"))
2026-09-16T10:26:22Z INFO [59/500] 0016e8ba-04c7-496f-8970-07bb24a4e283: not valid; 0.8 s; peak memory 1102 MiB.
2026-09-16T10:26:23Z INFO [60/500] 00172de2-8ad0-4777-ad64-a9fc6d069c18: valid; 1.6 s; peak memory 1102 MiB.
2026-09-16T10:26:24Z INFO [61/500] 00176c22-3d04-4ff0-a490-b526060ed457: valid; 0.7 s; peak memory 1102 MiB.
2026-09-16T10:26:30Z INFO [62/500] 00177e32-497f-46f1-8a6d-7b686109b411: not valid; 5.7 s; peak memory 1102 MiB.
2026-09-16T10:26:30Z INFO [63/500] 0017e76e-7264-481f-b307-b0ff5f5b3c71: not valid; 0.7 s; peak memory 1102 MiB.
2026-09-16T10:26:31Z INFO [64/500] 0017f87a-75ad-41b2-b2e9-46f9f732eb6e: valid; 0.9 s; peak memory 1102 MiB.
2026-09-16T10:26:37Z INFO [65/500] 00182f86-45ac-41db-a353-8c6f6208bca6: valid; 5.8 s; peak memory 1106 MiB.
2026-09-16T10:26:38Z INFO [66/500] 0018671e-40cc-457d-abb8-77846cc42f07: valid; 1.1 s; peak memory 1106 MiB.
2026-09-16T10:26:48Z INFO [67/500] 00188c66-3008-4c4c-b10e-98832a5d72f9: not valid; 9.5 s; peak memory 1106 MiB.
2026-09-16T10:26:49Z INFO [68/500] 0018aefc-d524-4bba-bd30-e3869b7ad6c9: valid; 1.4 s; peak memory 1107 MiB.
2026-09-16T10:26:50Z INFO [69/500] 0018e8a5-7c98-4dfc-ac26-5a423158ca59: valid; 1.0 s; peak memory 1107 MiB.
2026-09-16T10:26:51Z INFO [70/500] 00190572-8115-4486-93ae-cf7f4b782b0b: valid; 0.9 s; peak memory 1107 MiB.
2026-09-16T10:26:52Z INFO [71/500] 00191182-4939-4c60-bc8c-e45b82e83048: valid; 0.7 s; peak memory 1107 MiB.
2026-09-16T10:26:52Z INFO [72/500] 0019263e-a81e-4673-8d24-4bb7fc2dc3f3: valid; 0.6 s; peak memory 1107 MiB.
2026-09-16T10:26:58Z INFO [73/500] 00193194-5422-4028-964c-79e521cdeb9c: valid; 5.8 s; peak memory 1107 MiB.
2026-09-16T10:27:33Z INFO [74/500] 00194868-a4cc-411e-858f-412954c5aba0: valid; 34.7 s; peak memory 1191 MiB.
2026-09-16T10:27:44Z INFO [75/500] 0019486c-d914-4512-b9ec-679e51566d7d: not valid; 11.1 s; peak memory 1276 MiB.
2026-09-16T10:27:45Z INFO [76/500] 0019b79d-a4ff-48f6-86d5-6218c718d284: valid; 0.7 s; peak memory 1276 MiB.
2026-09-16T10:27:45Z INFO [77/500] 001a3178-449c-410b-95ba-760a3ccae580: valid; 0.7 s; peak memory 1276 MiB.
2026-09-16T10:27:47Z WARNING 001abc01-33ba-4f4a-bce7-a6c201da985e: failed while opening the NWB file (ConstructError: (root/acquisition/_iblmic_audioSpectrogram/bands GroupBuilder {'attributes': {'colnames': array(['freq'], dtype=object), 'description': 'spectogram frequencies', 'namespace': 'core', 'neurodata_type': 'FrequencyBandsTable', 'object_id': '8c4c12ec-f129-48d6-8ca8-7092ef643229'}, 'groups': {}, 'datasets': {'freq': root/acquisition/_iblmic_audioSpectrogram/bands/freq DatasetBuilder {'attributes': {'description': 'frequency value', 'namespace': 'hdmf-common', 'neurodata_type': 'VectorData', 'object_id': '4322b0d4-9ade-4f4f-94ef-defae1e8caba'}, 'data': <HDF5 dataset "freq": shape (257,), type "<f4">}, 'id': root/acquisition/_iblmic_audioSpectrogram/bands/id DatasetBuilder {'attributes': {'namespace': 'hdmf-common', 'neurodata_type': 'ElementIdentifiers', 'object_id': '558ced6a-9eb0-436b-9b41-1fdf72ab0a2c'}, 'data': <HDF5 dataset "id": shape (257,), type "<i4">}}, 'links': {}}, "Could not construct FrequencyBandsTable object due to: column must have the same number of rows as 'id'"))
2026-09-16T10:27:49Z INFO [79/500] 001bd37f-b363-4b7c-943d-abad28d43621: valid; 1.9 s; peak memory 1276 MiB.
2026-09-16T10:27:50Z INFO [80/500] 001d027b-335e-475f-9df1-1864c18b616d: valid; 0.8 s; peak memory 1276 MiB.
2026-09-16T10:27:52Z INFO [81/500] 001eddc1-c662-475d-922c-3d2f473085da: not valid; 2.8 s; peak memory 1276 MiB.
2026-09-16T10:27:54Z INFO [82/500] 00210df5-7865-4181-8139-76896e091208: valid; 2.1 s; peak memory 1298 MiB.
2026-09-16T10:27:55Z INFO [83/500] 0021336d-c31a-4496-ac94-26c1139dcd46: valid; 0.8 s; peak memory 1298 MiB.
2026-09-16T10:27:57Z INFO [84/500] 0021ec27-9454-4db5-9a06-1bf0808d373c: valid; 1.5 s; peak memory 1303 MiB.
2026-09-16T10:27:58Z INFO [85/500] 00221bac-af0c-4fef-b0b8-0356b0ed788c: valid; 1.0 s; peak memory 1303 MiB.
2026-09-16T10:27:58Z INFO [86/500] 002221a0-104c-49fe-81e6-50b2ec9fc84c: not valid; 0.8 s; peak memory 1303 MiB.
2026-09-16T10:28:07Z INFO [87/500] 00224ab0-1a4e-4895-9daa-cd40c6e2e5ff: not valid; 8.5 s; peak memory 1338 MiB.
2026-09-16T10:28:08Z INFO [88/500] 0022c57f-9ba1-4f48-a953-249d9bdee9b1: not valid; 0.9 s; peak memory 1339 MiB.
2026-09-16T10:28:09Z INFO [89/500] 0023208c-2158-4b3a-aa96-4552e7d7b871: not valid; 0.8 s; peak memory 1339 MiB.
2026-09-16T10:28:10Z INFO [90/500] 0023413f-a4fd-4025-bf5b-0afedc5cce22: valid; 1.1 s; peak memory 1341 MiB.
2026-09-16T10:28:11Z INFO [91/500] 0023b72f-6400-4cfc-92b8-54bd42fa9ad8: not valid; 0.9 s; peak memory 1342 MiB.
2026-09-16T10:28:11Z INFO [92/500] 0023d92c-4431-479c-9493-4983a9735416: valid; 0.6 s; peak memory 1343 MiB.
2026-09-16T10:28:12Z INFO [93/500] 00242240-677f-4014-b02c-6ffe49f9b263: valid; 0.6 s; peak memory 1344 MiB.
2026-09-16T10:28:12Z INFO [94/500] 0025d4ca-fee2-439e-b9e3-7606c220b28c: valid; 0.5 s; peak memory 1344 MiB.
2026-09-16T10:28:14Z INFO [95/500] 002602ed-56bb-4d1b-bea3-20121f918f10: valid; 2.0 s; peak memory 1345 MiB.
2026-09-16T10:28:15Z INFO [96/500] 00264e53-4d17-4b40-bb65-2e8d5086f7b3: valid; 0.6 s; peak memory 1345 MiB.
2026-09-16T10:28:16Z INFO [97/500] 00276c60-c776-4980-af0c-f9cb48c79c9f: not valid; 1.3 s; peak memory 1345 MiB.
2026-09-16T10:28:17Z INFO [98/500] 00281848-757f-4ab9-9a7b-57fa780985f0: valid; 1.0 s; peak memory 1345 MiB.
2026-09-16T10:28:18Z INFO [99/500] 0028d23e-0a1c-47d0-ac62-335981064ef6: not valid; 0.8 s; peak memory 1346 MiB.
2026-09-16T10:28:19Z INFO [100/500] 00295589-c586-464e-bb3f-8b9873c00f92: valid; 0.8 s; peak memory 1348 MiB.
2026-09-16T10:28:19Z INFO [100/500] 00295589-c586-464e-bb3f-8b9873c00f92: checkpointed 65110 records.
2026-09-16T10:28:20Z INFO [101/500] 002a5936-96eb-43bc-ab0c-2a53a9a9f304: valid; 1.1 s; peak memory 1350 MiB.
2026-09-16T10:28:21Z INFO [102/500] 002aa2bb-c4d2-4e2d-8d06-5eb96dcfb1d5: valid; 0.9 s; peak memory 1350 MiB.
2026-09-16T10:28:23Z INFO [103/500] 002ac526-aa6b-4cc7-b113-b50a723f6924: valid; 1.6 s; peak memory 1366 MiB.
2026-09-16T10:28:27Z INFO [104/500] 002ac9ed-e1d9-4f0f-a296-8c04d55f13ff: valid; 3.8 s; peak memory 1374 MiB.
2026-09-16T10:28:28Z INFO [105/500] 002aed2e-4748-46d8-8cdc-59b9aee053b7: not valid; 1.7 s; peak memory 1378 MiB.
2026-09-16T10:28:29Z INFO [106/500] 002b48b6-08be-4a1d-8f2b-a8e9b0137cc6: not valid; 0.9 s; peak memory 1378 MiB.
2026-09-16T10:28:31Z INFO [107/500] 002b7164-b52e-4c31-bae4-d3e20be1b6b2: valid; 1.1 s; peak memory 1384 MiB.
2026-09-16T10:28:32Z INFO [108/500] 002bb7f3-dc7c-4676-97d3-d1a3459e8010: valid; 1.7 s; peak memory 1387 MiB.
2026-09-16T10:28:33Z INFO [109/500] 002bc397-eac2-469d-b856-33654f5e7cb6: not valid; 0.8 s; peak memory 1387 MiB.
2026-09-16T10:28:34Z INFO [110/500] 002cc134-7019-45cc-972b-3cef8ae7b8d2: valid; 0.5 s; peak memory 1387 MiB.
2026-09-16T10:28:35Z INFO [111/500] 002cfea7-9476-41da-8aae-f596b77291fd: valid; 1.0 s; peak memory 1389 MiB.
2026-09-16T10:28:40Z INFO [112/500] 002d054f-fee4-457a-9889-e9700052296f: valid; 5.4 s; peak memory 1664 MiB.
2026-09-16T10:28:41Z INFO [113/500] 002d1546-7ca9-4758-953b-c6ca1ea859c8: valid; 1.1 s; peak memory 1664 MiB.
2026-09-16T10:28:42Z INFO [114/500] 002d3277-6769-4577-ab21-847d74acdf97: valid; 1.2 s; peak memory 1664 MiB.
2026-09-16T10:28:43Z INFO [115/500] 002d760a-61e3-46fd-b2cf-936fcc132962: valid; 0.7 s; peak memory 1664 MiB.
2026-09-16T10:28:44Z INFO [116/500] 002ddd46-bad0-449e-a75c-6150ae34d809: valid; 0.9 s; peak memory 1664 MiB.
2026-09-16T10:28:45Z INFO [117/500] 002e3297-b40f-4e5f-9a09-f45397f62c6e: valid; 1.1 s; peak memory 1664 MiB.
2026-09-16T10:28:45Z WARNING 002e9574-6e2e-4aca-b3b7-9f49fe242962: failed while retrieving asset information from the DANDI API (NotFoundError: No asset at path 'sub-parkinson-simulated-lfp/sub-parkinson-simulated-lfp_ses-716_ecephys.nwb' in version 0.250327.2220. Verify the path is correct and the asset exists in this version. Use 'dandi ls' to list available assets.)
2026-09-16T10:28:46Z INFO [119/500] 002f3385-e211-42ca-b52f-e77bee89db35: valid; 1.3 s; peak memory 1664 MiB.
2026-09-16T10:28:47Z INFO [120/500] 002f53f1-3f8f-48a2-9e8d-42f65b51b38e: not valid; 0.8 s; peak memory 1664 MiB.
2026-09-16T10:28:56Z INFO [121/500] 002feed0-761b-41d0-a44c-05141a9cbe5f: valid; 8.7 s; peak memory 1664 MiB.
2026-09-16T10:29:01Z INFO [122/500] 00300899-b8a7-4b79-ae68-81395e08284f: valid; 4.7 s; peak memory 1664 MiB.
2026-09-16T10:29:02Z INFO [123/500] 003080ee-e80a-4471-9945-4100d84043eb: valid; 1.6 s; peak memory 1664 MiB.
2026-09-16T10:29:04Z INFO [124/500] 00308747-0c81-4dc1-bf5c-cbda3e0df99c: valid; 1.8 s; peak memory 1664 MiB.
2026-09-16T10:29:05Z INFO [125/500] 0030d9e3-fb22-4e08-951b-35c01f263d89: valid; 1.1 s; peak memory 1664 MiB.
2026-09-16T10:29:07Z INFO [126/500] 00310479-eca6-4b27-ab5e-7631ee509343: valid; 1.8 s; peak memory 1664 MiB.
2026-09-16T10:29:09Z INFO [127/500] 003167c5-98c9-46ab-927e-a6c5b47b2eb6: valid; 1.8 s; peak memory 1664 MiB.
2026-09-16T10:29:17Z INFO [128/500] 0031b378-48e7-4953-bc50-6eb9dc411504: valid; 8.0 s; peak memory 1664 MiB.
2026-09-16T10:29:18Z INFO [129/500] 0032bcbb-550a-4b84-b331-d84f049e6e8f: valid; 1.7 s; peak memory 1664 MiB.
2026-09-16T10:29:19Z INFO [130/500] 00331483-0a11-4ac7-bc4c-6101a2d9c623: valid; 1.1 s; peak memory 1664 MiB.
2026-09-16T10:29:20Z WARNING 00334a53-8279-4fd7-ae4d-9733893d35cc: failed while opening the NWB file (ConstructError: (root/acquisition/_iblmic_audioSpectrogram/bands GroupBuilder {'attributes': {'colnames': array(['freq'], dtype=object), 'description': 'spectogram frequencies', 'namespace': 'core', 'neurodata_type': 'FrequencyBandsTable', 'object_id': '5ecce4f0-fb84-4383-8c7c-937db0bcc232'}, 'groups': {}, 'datasets': {'freq': root/acquisition/_iblmic_audioSpectrogram/bands/freq DatasetBuilder {'attributes': {'description': 'frequency value', 'namespace': 'hdmf-common', 'neurodata_type': 'VectorData', 'object_id': 'a783973f-086c-4213-b707-abd30cae5022'}, 'data': <HDF5 dataset "freq": shape (257,), type "<f4">}, 'id': root/acquisition/_iblmic_audioSpectrogram/bands/id DatasetBuilder {'attributes': {'namespace': 'hdmf-common', 'neurodata_type': 'ElementIdentifiers', 'object_id': 'bdf3a88e-76dd-4a48-b44f-892bac9178c8'}, 'data': <HDF5 dataset "id": shape (257,), type "<i4">}}, 'links': {}}, "Could not construct FrequencyBandsTable object due to: column must have the same number of rows as 'id'"))
2026-09-16T10:29:21Z INFO [132/500] 00342aff-32cc-4953-984c-628d30176753: valid; 0.7 s; peak memory 1664 MiB.
2026-09-16T10:29:23Z INFO [133/500] 003460dd-9a14-4b09-8ff7-ca9e19b1aebb: valid; 1.9 s; peak memory 1664 MiB.
2026-09-16T10:29:24Z INFO [134/500] 00346a02-3f97-4e49-91ca-d0f2324541d4: not valid; 0.7 s; peak memory 1664 MiB.
2026-09-16T10:29:29Z INFO [135/500] 00346f6c-3c70-497d-ab91-44d0bb6a56ff: valid; 5.4 s; peak memory 1678 MiB.
2026-09-16T10:29:30Z INFO [136/500] 00347a66-f6b4-4cb6-9c8a-afb0a61e6f0b: valid; 1.0 s; peak memory 1679 MiB.
2026-09-16T10:29:31Z INFO [137/500] 0034b854-3d60-4ca0-873f-ff8b93341655: valid; 1.2 s; peak memory 1683 MiB.
2026-09-16T10:29:32Z INFO [138/500] 0034c226-5a7d-48e3-8aa7-8e9b6314ad95: valid; 0.7 s; peak memory 1683 MiB.
2026-09-16T10:29:37Z INFO [139/500] 0034e7b5-684c-4876-bd6c-7744040fe5e9: valid; 5.3 s; peak memory 1840 MiB.
2026-09-16T10:29:38Z INFO [140/500] 00360778-1042-4ae4-87de-fdbdf6b19e2c: valid; 0.6 s; peak memory 1840 MiB.
2026-09-16T10:29:38Z WARNING 0036951e-a821-4156-99ff-e92563156a55: failed while retrieving asset information from the DANDI API (NotFoundError: No asset at path 'sub-460434/sub-460434_ses-20191113T135640_behavior+ecephys+ogen.nwb' in version 0.231012.2129. Verify the path is correct and the asset exists in this version. Use 'dandi ls' to list available assets.)
2026-09-16T10:29:39Z INFO [142/500] 00371371-f776-4f4f-b701-62ee687a4ec5: not valid; 0.6 s; peak memory 1840 MiB.
2026-09-16T10:29:40Z INFO [143/500] 003721fd-a574-4610-a9c0-db4b57cfc960: valid; 1.9 s; peak memory 1840 MiB.
2026-09-16T10:29:41Z INFO [144/500] 00375f4e-fb17-48e9-9ec8-45f489c3b54c: valid; 0.8 s; peak memory 1840 MiB.
2026-09-16T10:29:42Z INFO [145/500] 0037ac2a-1eed-41be-a6cd-1be1897d8ac7: valid; 0.5 s; peak memory 1840 MiB.
2026-09-16T10:29:42Z INFO [146/500] 0037bc80-93c3-4130-8753-c0410f540fd3: valid; 0.6 s; peak memory 1840 MiB.
2026-09-16T10:29:44Z INFO [147/500] 0037da95-48fd-48e3-9fa3-48f2891cb97e: not valid; 1.5 s; peak memory 1840 MiB.
2026-09-16T10:29:45Z INFO [148/500] 0038fb58-37b6-4f17-8979-66c5a0b836bf: valid; 1.1 s; peak memory 1840 MiB.
2026-09-16T10:29:45Z WARNING 003933e3-87d2-49e5-87f4-c83b2680f81e: failed while retrieving asset information from the DANDI API (NotFoundError: No such Dandiset: 000561)
2026-09-16T10:29:46Z INFO [150/500] 0039ac4d-c76c-42f4-9665-3591310539ff: valid; 0.6 s; peak memory 1840 MiB.
2026-09-16T10:29:46Z INFO [150/500] 0039ac4d-c76c-42f4-9665-3591310539ff: checkpointed 65160 records.
2026-09-16T10:29:47Z INFO [151/500] 003a0fd8-cd67-4f04-9bc8-869001a7e0e6: valid; 0.7 s; peak memory 1840 MiB.
2026-09-16T10:29:49Z INFO [152/500] 003bb3c0-5451-4413-9d2c-342bab7f1c58: valid; 1.8 s; peak memory 1840 MiB.
2026-09-16T10:29:50Z INFO [153/500] 003bc7d4-dd63-4e30-aac5-cd84722aed7a: valid; 1.8 s; peak memory 1840 MiB.
2026-09-16T10:29:51Z INFO [154/500] 003c1035-66ee-4bd6-812e-9e39cb2e55ab: valid; 0.4 s; peak memory 1840 MiB.
2026-09-16T10:29:53Z INFO [155/500] 003cbc96-aca9-4812-a145-44362778e2df: not valid; 2.4 s; peak memory 1840 MiB.
2026-09-16T10:29:54Z INFO [156/500] 003ce2a3-4231-4b10-8d65-d8fe1051da7b: valid; 0.6 s; peak memory 1840 MiB.
2026-09-16T10:29:56Z INFO [157/500] 003ce4dc-b47d-4dff-898a-a78955c4b365: valid; 1.8 s; peak memory 1840 MiB.
2026-09-16T10:29:56Z INFO [158/500] 003cf129-6325-4e2d-a81b-13608c2e5720: valid; 0.5 s; peak memory 1840 MiB.
2026-09-16T10:29:57Z INFO [159/500] 003d2325-0b4f-434a-9be1-0e08aa3d6aff: valid; 1.1 s; peak memory 1840 MiB.
2026-09-16T10:29:58Z INFO [160/500] 003e6893-7926-43af-a688-ec1e3a6a09f6: valid; 0.7 s; peak memory 1840 MiB.
2026-09-16T10:30:00Z INFO [161/500] 00403f21-1b56-4f51-8715-aaa3f6326886: valid; 1.9 s; peak memory 1840 MiB.
2026-09-16T10:30:01Z INFO [162/500] 00406913-7f79-46f3-a494-97d02c4fb62a: not valid; 0.8 s; peak memory 1840 MiB.
2026-09-16T10:30:01Z INFO [163/500] 00411543-2292-41ab-af4f-8c4e03ad8ea4: valid; 0.6 s; peak memory 1840 MiB.
2026-09-16T10:30:02Z INFO [164/500] 004152c6-ca4c-4c01-b4fb-dba5eec5bc94: valid; 1.0 s; peak memory 1840 MiB.
2026-09-16T10:30:04Z INFO [165/500] 00416f38-6fcb-46c8-bf55-57111489243e: valid; 1.6 s; peak memory 1840 MiB.
2026-09-16T10:30:05Z INFO [166/500] 0042adb2-6cbd-4ee8-8e78-f23f1480d0bd: not valid; 1.0 s; peak memory 1840 MiB.
2026-09-16T10:30:06Z INFO [167/500] 00430d9a-dd02-4cb1-aeea-87e44b6f968d: valid; 0.9 s; peak memory 1840 MiB.
2026-09-16T10:30:07Z INFO [168/500] 0043a9d4-2c0e-4590-ad28-8e587d511eeb: not valid; 0.8 s; peak memory 1840 MiB.
2026-09-16T10:30:07Z INFO [169/500] 0043c414-eef0-47c1-b50a-b004b3261984: valid; 1.0 s; peak memory 1840 MiB.
2026-09-16T10:30:09Z INFO [170/500] 0044aa96-26fb-458b-accf-d00584cdbe52: valid; 1.8 s; peak memory 1840 MiB.
2026-09-16T10:30:15Z INFO [171/500] 0044d8f5-8164-4c60-9bad-d9381650c92a: valid; 5.8 s; peak memory 1840 MiB.
2026-09-16T10:30:16Z INFO [172/500] 00452ddf-a0f2-498f-acdc-e8673695b5cd: not valid; 0.5 s; peak memory 1841 MiB.
2026-09-16T10:30:16Z INFO [173/500] 0045a3b6-b14b-4e43-a3cd-87177648f292: valid; 0.6 s; peak memory 1842 MiB.
2026-09-16T10:30:18Z INFO [174/500] 0045f535-2146-40dc-b356-85c3a28827c3: valid; 1.9 s; peak memory 1843 MiB.
2026-09-16T10:30:19Z INFO [175/500] 00460549-fe27-4874-b329-33c1cf317b9a: not valid; 0.5 s; peak memory 1843 MiB.
2026-09-16T10:30:19Z INFO [176/500] 0046283e-6c10-4f6a-8f58-4dfd5eae7a0d: valid; 0.9 s; peak memory 1843 MiB.
2026-09-16T10:30:38Z INFO [177/500] 00466b69-8621-4ef7-afb0-2ef4ef9fd47d: valid; 18.1 s; peak memory 2127 MiB.
2026-09-16T10:30:39Z INFO [178/500] 00488c5f-bb51-4391-b292-55320b6532cb: valid; 1.1 s; peak memory 2128 MiB.
2026-09-16T10:30:39Z INFO [179/500] 0048a051-8b75-445c-ab92-1e11723bba0c: valid; 0.5 s; peak memory 2129 MiB.
2026-09-16T10:30:40Z INFO [180/500] 0048b31a-f200-4800-996a-38315f7a30ec: valid; 0.8 s; peak memory 2129 MiB.
2026-09-16T10:30:41Z INFO [181/500] 004b2df1-27f2-4610-b873-ec1761a9ca2d: valid; 1.3 s; peak memory 2133 MiB.
2026-09-16T10:30:44Z INFO [182/500] 004ba381-493b-4b51-825e-b27904e6cb65: not valid; 2.7 s; peak memory 2138 MiB.
2026-09-16T10:30:44Z INFO [183/500] 004cfca6-73d5-49bc-924c-be96718178ca: not valid; 0.5 s; peak memory 2138 MiB.
2026-09-16T10:30:45Z INFO [184/500] 004d2053-b7ae-4f04-b09e-c925d4bfd304: valid; 0.6 s; peak memory 2138 MiB.
2026-09-16T10:30:46Z INFO [185/500] 004d3df3-1928-4d69-8969-3f50503878ed: not valid; 0.9 s; peak memory 2138 MiB.
2026-09-16T10:30:47Z INFO [186/500] 004d44ee-f5df-4b14-9f2b-519bacc11d09: not valid; 0.8 s; peak memory 2138 MiB.
2026-09-16T10:30:48Z INFO [187/500] 004d588c-1ced-4ede-b32a-9b1e99daa801: valid; 1.1 s; peak memory 2144 MiB.
2026-09-16T10:30:54Z INFO [188/500] 004e14b4-225e-4f4e-b890-618c871544e1: valid; 6.5 s; peak memory 2165 MiB.
2026-09-16T10:30:55Z INFO [189/500] 004e7993-7063-44f0-9a61-2a8b6150c240: not valid; 0.8 s; peak memory 2168 MiB.
2026-09-16T10:30:56Z INFO [190/500] 004e8e36-66ca-4d3e-a293-1f6d838503f1: valid; 1.2 s; peak memory 2180 MiB.
2026-09-16T10:30:58Z INFO [191/500] 004e9350-d579-43ff-b2f5-d4ab246ef2f2: valid; 1.3 s; peak memory 2183 MiB.
2026-09-16T10:30:58Z WARNING 004ea6a7-513f-4280-b81d-541320de3da1: failed while retrieving asset information from the DANDI API (NotFoundError: No asset at path 'sub-parkinson-simulated-lfp/sub-parkinson-simulated-lfp_ses-3299_ecephys.nwb' in version 0.250327.2220. Verify the path is correct and the asset exists in this version. Use 'dandi ls' to list available assets.)
2026-09-16T10:31:00Z INFO [193/500] 004eb331-d986-4f48-8884-3364498e416e: valid; 2.4 s; peak memory 2190 MiB.
2026-09-16T10:31:01Z INFO [194/500] 004f169e-e38c-4a23-bba2-565a716414de: valid; 1.1 s; peak memory 2215 MiB.
2026-09-16T10:31:02Z INFO [195/500] 004f28a8-b815-4359-b3b4-ee80ce4fda4e: valid; 0.8 s; peak memory 2215 MiB.
2026-09-16T10:31:03Z INFO [196/500] 004f3804-0cce-41c5-8309-a6db8a7d6fc1: valid; 1.3 s; peak memory 2218 MiB.
2026-09-16T10:31:05Z INFO [197/500] 004f869d-cd35-41d5-9198-c5679f617faa: valid; 1.3 s; peak memory 2235 MiB.
2026-09-16T10:31:05Z INFO [198/500] 004f95c2-1a9d-4dbd-9e51-403b2fb83af6: valid; 0.6 s; peak memory 2235 MiB.
2026-09-16T10:31:06Z INFO [199/500] 004fb230-da29-45cf-8d88-33e698f82dea: not valid; 1.1 s; peak memory 2237 MiB.
2026-09-16T10:31:09Z INFO [200/500] 004fcd6f-f732-4fd2-b10c-7fddfc0ac558: valid; 2.2 s; peak memory 2247 MiB.
2026-09-16T10:31:09Z INFO [200/500] 004fcd6f-f732-4fd2-b10c-7fddfc0ac558: checkpointed 65210 records.
2026-09-16T10:31:10Z INFO [201/500] 004fd3f6-296b-44fe-9655-336124efb885: valid; 0.7 s; peak memory 2247 MiB.
2026-09-16T10:31:11Z INFO [202/500] 00507991-7c25-4fe7-a1a3-3135a6c944c4: valid; 1.5 s; peak memory 2247 MiB.
2026-09-16T10:31:13Z INFO [203/500] 0050931e-8d45-441a-9c41-0c58a3ba7a90: valid; 2.2 s; peak memory 2247 MiB.
2026-09-16T10:31:29Z INFO [204/500] 0050c6eb-65ea-4c9b-a70d-2d468a242b40: valid; 15.3 s; peak memory 2298 MiB.
2026-09-16T10:31:30Z INFO [205/500] 00512b5f-4946-459c-b0cd-68c8c8e7142b: valid; 1.1 s; peak memory 2314 MiB.
2026-09-16T10:31:32Z INFO [206/500] 0051863f-248c-4017-a9f2-230809b3b49c: valid; 1.9 s; peak memory 2314 MiB.
2026-09-16T10:31:33Z INFO [207/500] 0051a435-716a-4d4b-a4d9-180ee632ae14: not valid; 1.1 s; peak memory 2314 MiB.
2026-09-16T10:31:34Z INFO [208/500] 00521524-6113-4504-8e40-9f9688270504: valid; 0.6 s; peak memory 2315 MiB.
2026-09-16T10:31:34Z INFO [209/500] 00532ba5-9838-4a20-b0c9-641b0ecba46e: not valid; 0.8 s; peak memory 2317 MiB.
2026-09-16T10:31:36Z INFO [210/500] 00538001-89eb-4027-a104-b69825880216: valid; 1.8 s; peak memory 2325 MiB.
2026-09-16T10:31:37Z INFO [211/500] 00545f53-fd32-4655-9583-f18ab821d0f8: not valid; 1.1 s; peak memory 2325 MiB.
2026-09-16T10:31:38Z INFO [212/500] 00548501-1c52-4571-8c91-9cc6f75a1a7c: valid; 0.9 s; peak memory 2325 MiB.
2026-09-16T10:31:38Z WARNING 00554d27-307f-4688-9e45-31a61ab70aa4: failed while retrieving asset information from the DANDI API (NotFoundError: No asset at path 'sub-R2/sub-R2_ses-20190218T210000_behavior+ophys.nwb' in version 0.260415.1712. Verify the path is correct and the asset exists in this version. Use 'dandi ls' to list available assets.)
2026-09-16T10:31:39Z INFO [214/500] 00556489-bb54-4d29-83b7-e47e12c0c2fa: valid; 0.5 s; peak memory 2325 MiB.
2026-09-16T10:31:40Z INFO [215/500] 0055669d-f9db-4488-a42f-13354eda2d6b: valid; 1.2 s; peak memory 2325 MiB.
2026-09-16T10:31:41Z INFO [216/500] 00558c34-7585-4aed-8192-7f901df9a90e: valid; 0.7 s; peak memory 2325 MiB.
2026-09-16T10:31:41Z WARNING 0056148f-00c2-414d-8459-1c82d9e5a687: failed while retrieving asset information from the DANDI API (NotFoundError: No asset at path 'sub-R2/sub-R2_ses-20190206T210000_obj-16d9pmi_behavior+ophys.nwb' in version 0.260415.1712. Verify the path is correct and the asset exists in this version. Use 'dandi ls' to list available assets.)
2026-09-16T10:31:41Z INFO [218/500] 0056cc1e-bf6d-48b3-983c-254bd5501f91: not valid; 0.7 s; peak memory 2325 MiB.
2026-09-16T10:31:42Z INFO [219/500] 00574633-2252-4455-9a75-12bb82a8ba50: valid; 0.7 s; peak memory 2325 MiB.
2026-09-16T10:31:43Z INFO [220/500] 005775bb-7ef7-41af-9e26-75a0fe1875cd: valid; 0.9 s; peak memory 2325 MiB.
2026-09-16T10:31:49Z INFO [221/500] 0057ab70-1401-43c3-a151-dc48688bcae4: valid; 6.2 s; peak memory 2325 MiB.
2026-09-16T10:31:50Z INFO [222/500] 0057b9d8-cced-40de-9c9a-6b4c5f0a31b4: valid; 0.6 s; peak memory 2325 MiB.
2026-09-16T10:31:52Z INFO [223/500] 005879a5-426f-47b9-82c4-230493be6150: valid; 2.2 s; peak memory 2325 MiB.
2026-09-16T10:32:04Z INFO [224/500] 00588236-3fd2-46d9-849d-651fd90577c3: valid; 12.0 s; peak memory 2325 MiB.
2026-09-16T10:32:06Z INFO [225/500] 0058ca97-be7f-4a7f-b4c0-6a535370bac4: valid; 1.9 s; peak memory 2325 MiB.
2026-09-16T10:32:06Z INFO [226/500] 0058e60a-261d-4dd6-92e0-d8d6f3ce1d4a: not valid; 0.8 s; peak memory 2325 MiB.
2026-09-16T10:32:07Z INFO [227/500] 00599e46-84bd-42bd-8c6a-0c9dcc4cc4c4: not valid; 0.8 s; peak memory 2325 MiB.
2026-09-16T10:32:08Z INFO [228/500] 0059e846-04b5-46c2-a2fb-fed67a0ba270: valid; 0.6 s; peak memory 2325 MiB.
2026-09-16T10:32:08Z INFO [229/500] 0059f66e-1f24-4687-bba9-60197c85d7df: valid; 0.6 s; peak memory 2325 MiB.
2026-09-16T10:32:10Z INFO [230/500] 005a1947-c0c6-4f2a-bee2-40d03cb1d81c: valid; 1.2 s; peak memory 2325 MiB.
2026-09-16T10:32:10Z INFO [231/500] 005a2060-f0d4-465c-8a79-78ae6e967903: valid; 0.6 s; peak memory 2325 MiB.
2026-09-16T10:32:20Z INFO [232/500] 005a27d2-5a84-44bf-a152-f861ba0152ae: valid; 9.7 s; peak memory 2351 MiB.
2026-09-16T10:32:21Z INFO [233/500] 005a70f9-b094-47c4-8569-37febdaf9dfe: valid; 0.6 s; peak memory 2353 MiB.
2026-09-16T10:32:22Z INFO [234/500] 005b1d37-9269-4648-a164-260b9050f8f1: valid; 1.2 s; peak memory 2354 MiB.
2026-09-16T10:32:23Z INFO [235/500] 005b610a-c3f8-4f8c-9180-2d01f2402163: valid; 1.4 s; peak memory 2355 MiB.
2026-09-16T10:32:24Z INFO [236/500] 005bb9cf-065a-43d8-9c30-5db4f4644cfa: valid; 0.6 s; peak memory 2355 MiB.
2026-09-16T10:32:25Z INFO [237/500] 005caa98-6456-42cd-8819-d5ee42398c89: not valid; 0.9 s; peak memory 2356 MiB.
2026-09-16T10:32:41Z INFO [238/500] 005cbb85-ef20-4669-9040-6f38a7bda4e2: valid; 16.1 s; peak memory 2377 MiB.
2026-09-16T10:32:42Z INFO [239/500] 005d8b5d-af47-4ce7-a94f-aa552df41852: not valid; 0.9 s; peak memory 2377 MiB.
2026-09-16T10:32:42Z INFO [240/500] 005dec34-a6d4-4db5-a01d-7b9be4b88bea: valid; 0.9 s; peak memory 2377 MiB.
2026-09-16T10:32:43Z INFO [241/500] 005e1596-4ba2-4142-807f-f6622068a6ae: valid; 0.7 s; peak memory 2377 MiB.
2026-09-16T10:32:44Z INFO [242/500] 005e4677-c6db-42b6-97a5-0ee19c519532: not valid; 1.0 s; peak memory 2377 MiB.
2026-09-16T10:32:45Z INFO [243/500] 005ebe5c-899e-4bed-b35a-35153ae9f753: valid; 1.0 s; peak memory 2381 MiB.
2026-09-16T10:32:48Z INFO [244/500] 005edf1f-f3da-46aa-a05b-4e52a6b55b20: valid; 3.3 s; peak memory 2381 MiB.
2026-09-16T10:32:50Z INFO [245/500] 005fca04-70de-491a-8912-7809f29b0d03: valid; 1.2 s; peak memory 2381 MiB.
2026-09-16T10:32:50Z INFO [246/500] 005fd926-d368-42c8-84ea-861277d91864: valid; 0.6 s; peak memory 2381 MiB.
2026-09-16T10:32:53Z INFO [247/500] 00604cb5-a639-42ec-83e8-ede2f249d265: not valid; 3.2 s; peak memory 2381 MiB.
2026-09-16T10:32:54Z INFO [248/500] 00613a32-7b3c-4a2c-a804-6e717a2baced: valid; 0.5 s; peak memory 2381 MiB.
2026-09-16T10:33:04Z INFO [249/500] 0061699e-1fd0-4fa1-8192-bdb535917748: not valid; 10.1 s; peak memory 2428 MiB.
2026-09-16T10:33:05Z INFO [250/500] 006196b5-edeb-4285-829f-01f30403dd68: valid; 0.5 s; peak memory 2429 MiB.
2026-09-16T10:33:05Z INFO [250/500] 006196b5-edeb-4285-829f-01f30403dd68: checkpointed 65260 records.
2026-09-16T10:33:05Z WARNING 00632215-4baa-4a28-aae2-79dc9dc2dc10: failed while retrieving asset information from the DANDI API (NotFoundError: No asset at path 'sub-parkinson-simulated-beta/sub-parkinson-simulated-beta_ses-6545_ecephys.nwb' in version 0.250327.2220. Verify the path is correct and the asset exists in this version. Use 'dandi ls' to list available assets.)
2026-09-16T10:33:06Z INFO [252/500] 00635849-25cd-4a0b-8c90-ab26f2ecf2f8: valid; 1.0 s; peak memory 2435 MiB.
2026-09-16T10:33:07Z INFO [253/500] 0063aa78-f89a-4c9c-be64-60e8c22ee299: not valid; 1.0 s; peak memory 2436 MiB.
2026-09-16T10:33:08Z INFO [254/500] 00654b83-caee-42ea-8301-511fc2e867e3: valid; 1.0 s; peak memory 2442 MiB.
2026-09-16T10:33:10Z INFO [255/500] 00657012-3a29-4e47-9e1c-7753544ca107: valid; 1.9 s; peak memory 2445 MiB.
2026-09-16T10:33:16Z INFO [256/500] 006617f9-917d-4718-9e8f-240ecf49f5a8: valid; 5.9 s; peak memory 2462 MiB.
2026-09-16T10:33:17Z INFO [257/500] 0066cc33-3566-413c-b83c-ff3b5a0b8142: valid; 1.0 s; peak memory 2468 MiB.
2026-09-16T10:33:23Z INFO [258/500] 006735e9-cb14-4652-9feb-cea1a73911d6: valid; 5.7 s; peak memory 2477 MiB.
2026-09-16T10:33:24Z INFO [259/500] 00677d6b-ea59-45f8-9cb7-1ed90912fe16: valid; 1.1 s; peak memory 2483 MiB.
2026-09-16T10:33:26Z INFO [260/500] 0067eecc-f41b-4121-9ad6-851972aee5d6: not valid; 2.2 s; peak memory 2485 MiB.
2026-09-16T10:33:27Z INFO [261/500] 00680fb4-3a85-4c57-ac81-1bd9524ecd86: valid; 0.7 s; peak memory 2485 MiB.
2026-09-16T10:33:28Z INFO [262/500] 006850a8-5183-4919-bd1b-c88df16aeefd: valid; 1.8 s; peak memory 2485 MiB.
2026-09-16T10:33:29Z INFO [263/500] 00685366-03ac-429b-b8e9-033e37307dc2: valid; 0.6 s; peak memory 2485 MiB.
2026-09-16T10:33:29Z INFO [264/500] 006854cc-9c6d-4932-b657-5b8c7509b790: valid; 0.6 s; peak memory 2485 MiB.
2026-09-16T10:33:32Z INFO [265/500] 00688f52-19d8-495f-9a92-f022e76f6f5b: not valid; 2.3 s; peak memory 2485 MiB.
2026-09-16T10:33:33Z INFO [266/500] 0068d4e0-1906-46b4-8965-be3a9b7bac5d: not valid; 1.5 s; peak memory 2485 MiB.
2026-09-16T10:33:36Z INFO [267/500] 0068ef6f-94d3-4ecc-9234-b2a9f334e286: valid; 2.3 s; peak memory 2485 MiB.
2026-09-16T10:33:37Z INFO [268/500] 0069310c-a2f0-4e15-bfde-a3a5371dbf58: valid; 1.2 s; peak memory 2485 MiB.
2026-09-16T10:33:44Z INFO [269/500] 00699a9e-cb4e-4570-9d26-ad76efdec021: not valid; 6.8 s; peak memory 2485 MiB.
2026-09-16T10:33:52Z INFO [270/500] 006a215f-f100-4dd5-878e-4e6bd0f54f03: valid; 8.3 s; peak memory 2486 MiB.
2026-09-16T10:33:53Z INFO [271/500] 006a7110-f3cc-40e2-bc8e-23884bde3db7: valid; 1.4 s; peak memory 2486 MiB.
2026-09-16T10:33:54Z INFO [272/500] 006a85dc-8d39-4bd6-9c79-15b39c4de7ef: not valid; 0.8 s; peak memory 2486 MiB.
2026-09-16T10:33:55Z INFO [273/500] 006aff8c-4c71-4f1f-9f9a-c48b445caa14: not valid; 0.8 s; peak memory 2486 MiB.
2026-09-16T10:33:56Z INFO [274/500] 006b2dbb-c3f7-4aa0-9f23-b0be50347aaa: valid; 1.4 s; peak memory 2486 MiB.
2026-09-16T10:33:57Z INFO [275/500] 006b954f-aaf1-45e8-813d-37482ee6f3a2: valid; 0.4 s; peak memory 2486 MiB.
2026-09-16T10:33:57Z INFO [276/500] 006b9558-3988-47c3-9f0c-f8626814e99e: not valid; 0.6 s; peak memory 2486 MiB.
2026-09-16T10:34:03Z INFO [277/500] 006bd920-c249-413c-b8c9-dfd7195ef2cf: valid; 5.7 s; peak memory 2486 MiB.
2026-09-16T10:34:04Z INFO [278/500] 006cc786-1f03-4a31-b15c-c1e0e8fee493: valid; 0.6 s; peak memory 2486 MiB.
2026-09-16T10:34:04Z INFO [279/500] 006cc94d-c6cd-497e-bc13-3d875ba5faea: valid; 0.4 s; peak memory 2486 MiB.
2026-09-16T10:34:05Z INFO [280/500] 006d4951-3b7d-4048-996f-50ad3ca10bd0: valid; 0.8 s; peak memory 2486 MiB.
2026-09-16T10:34:05Z INFO [281/500] 006d5cf6-b93d-402f-ac68-9c5ed5312827: valid; 0.6 s; peak memory 2486 MiB.
2026-09-16T10:34:06Z WARNING 006da9ef-f808-4d9a-a896-e93af379615a: failed while opening the NWB file (ConstructError: (root/acquisition/_iblmic_audioSpectrogram/bands GroupBuilder {'attributes': {'colnames': array(['freq'], dtype=object), 'description': 'spectogram frequencies', 'namespace': 'core', 'neurodata_type': 'FrequencyBandsTable', 'object_id': 'c842c364-8d98-421a-8501-db0b9332498d'}, 'groups': {}, 'datasets': {'freq': root/acquisition/_iblmic_audioSpectrogram/bands/freq DatasetBuilder {'attributes': {'description': 'frequency value', 'namespace': 'hdmf-common', 'neurodata_type': 'VectorData', 'object_id': '77e5f684-1805-4e80-86ba-6c9006e83be5'}, 'data': <HDF5 dataset "freq": shape (257,), type "<f4">}, 'id': root/acquisition/_iblmic_audioSpectrogram/bands/id DatasetBuilder {'attributes': {'namespace': 'hdmf-common', 'neurodata_type': 'ElementIdentifiers', 'object_id': '6cf958ef-d737-4334-9493-12be6f294040'}, 'data': <HDF5 dataset "id": shape (257,), type "<i4">}}, 'links': {}}, "Could not construct FrequencyBandsTable object due to: column must have the same number of rows as 'id'"))
2026-09-16T10:34:07Z INFO [283/500] 006e8dc5-52e9-4b60-bd2f-f2a03f2bb230: not valid; 0.6 s; peak memory 2486 MiB.
2026-09-16T10:34:08Z INFO [284/500] 006f075c-6530-40f6-b052-0af5f4ff0d99: valid; 0.8 s; peak memory 2486 MiB.
2026-09-16T10:34:09Z INFO [285/500] 006f2ee2-18e8-4d46-9645-f2e297c6ce86: valid; 0.9 s; peak memory 2486 MiB.
2026-09-16T10:34:09Z INFO [286/500] 006f51f4-de67-4a8d-9434-59d247035276: valid; 0.5 s; peak memory 2486 MiB.
2026-09-16T10:34:09Z WARNING 00708671-5c4e-4f88-b5f3-b5f0e279590a: failed while retrieving asset information from the DANDI API (NotFoundError: No asset at path 'sub-A1821/sub-A1821_behavior+ecephys+ogen.nwb' in version 0.260512.1701. Verify the path is correct and the asset exists in this version. Use 'dandi ls' to list available assets.)
2026-09-16T10:34:10Z INFO [288/500] 00710fb5-887c-4243-99b4-c433a19b820e: valid; 0.5 s; peak memory 2486 MiB.
2026-09-16T10:34:11Z INFO [289/500] 0071d964-6c9c-4572-a560-ca85cc1bca73: valid; 1.0 s; peak memory 2486 MiB.
2026-09-16T10:34:13Z INFO [290/500] 0071f41c-da13-40c3-9941-8f45cf5f238a: not valid; 2.2 s; peak memory 2486 MiB.
2026-09-16T10:34:14Z WARNING 00720351-bae7-4374-b2d9-b0d50653ca74: failed while opening the NWB file (ConstructError: (root/acquisition/_iblmic_audioSpectrogram/bands GroupBuilder {'attributes': {'colnames': array(['freq'], dtype=object), 'description': 'spectogram frequencies', 'namespace': 'core', 'neurodata_type': 'FrequencyBandsTable', 'object_id': 'c43773c6-ab40-44dd-9b7a-51687a3eff0b'}, 'groups': {}, 'datasets': {'freq': root/acquisition/_iblmic_audioSpectrogram/bands/freq DatasetBuilder {'attributes': {'description': 'frequency value', 'namespace': 'hdmf-common', 'neurodata_type': 'VectorData', 'object_id': '80826c45-64ad-4c74-8482-941773962a23'}, 'data': <HDF5 dataset "freq": shape (257,), type "<f4">}, 'id': root/acquisition/_iblmic_audioSpectrogram/bands/id DatasetBuilder {'attributes': {'namespace': 'hdmf-common', 'neurodata_type': 'ElementIdentifiers', 'object_id': 'ee3ae797-816d-4321-b6a5-832cbf7e3f9d'}, 'data': <HDF5 dataset "id": shape (257,), type "<i4">}}, 'links': {}}, "Could not construct FrequencyBandsTable object due to: column must have the same number of rows as 'id'"))
2026-09-16T10:34:15Z INFO [292/500] 0072226e-5ba7-4824-aa22-90d85c009199: valid; 1.3 s; peak memory 2491 MiB.
2026-09-16T10:34:16Z INFO [293/500] 0072606e-200b-4fd8-b6ff-d3af9ba4dccd: valid; 1.0 s; peak memory 2491 MiB.
2026-09-16T10:34:17Z INFO [294/500] 0072821e-918c-4330-8ac9-55541da34253: valid; 0.9 s; peak memory 2491 MiB.
2026-09-16T10:34:22Z INFO [295/500] 00728b79-2934-489b-9b8d-c6c05d56ffa2: valid; 4.6 s; peak memory 2491 MiB.
2026-09-16T10:34:29Z INFO [296/500] 0072d757-26c0-47cc-bc81-0e993aa28004: valid; 6.7 s; peak memory 2534 MiB.
2026-09-16T10:34:29Z INFO [297/500] 0073915e-155a-42cd-a167-fbe6ace5bcd5: valid; 0.5 s; peak memory 2535 MiB.
2026-09-16T10:34:30Z INFO [298/500] 00739331-d06c-46ad-9ada-c43c20d28e9f: not valid; 0.8 s; peak memory 2536 MiB.
2026-09-16T10:34:31Z INFO [299/500] 007397bd-0e21-4ed5-b7ed-d829f4c0ad63: valid; 1.4 s; peak memory 2538 MiB.
2026-09-16T10:34:32Z INFO [300/500] 00748acb-440d-4602-b122-29e54cd129ae: valid; 0.6 s; peak memory 2539 MiB.
2026-09-16T10:34:32Z INFO [300/500] 00748acb-440d-4602-b122-29e54cd129ae: checkpointed 65310 records.
2026-09-16T10:34:35Z INFO [301/500] 00753730-729d-4623-b0b7-41f7c08e03fe: valid; 2.2 s; peak memory 2542 MiB.
2026-09-16T10:34:35Z INFO [302/500] 00756880-473a-468b-aa8f-62d6f342998b: not valid; 0.8 s; peak memory 2543 MiB.
2026-09-16T10:34:36Z INFO [303/500] 00758399-a9ba-420b-b61e-c79c0a14b651: not valid; 0.7 s; peak memory 2544 MiB.
2026-09-16T10:34:36Z WARNING 0075b7f2-e40b-41a7-924f-03334f2929ce: failed while retrieving asset information from the DANDI API (NotFoundError: No asset at path 'sub-parkinson-simulated-beta/sub-parkinson-simulated-beta_ses-1456_ecephys.nwb' in version 0.250327.2220. Verify the path is correct and the asset exists in this version. Use 'dandi ls' to list available assets.)
2026-09-16T10:34:37Z INFO [305/500] 0075bccd-b8b0-4072-bdf6-4ee907eb1ef5: valid; 0.4 s; peak memory 2545 MiB.
2026-09-16T10:34:39Z INFO [306/500] 0075f6f7-c2f8-41cf-a197-3f4ce68e1fbe: valid; 2.1 s; peak memory 2548 MiB.
2026-09-16T10:34:39Z INFO [307/500] 0076107d-aa27-4df8-a5bb-80208ff24bd3: valid; 0.6 s; peak memory 2548 MiB.
2026-09-16T10:34:39Z WARNING 00766e6b-2f81-4261-b9bb-dc8b3a06b3a1: failed while retrieving asset information from the DANDI API (NotFoundError: No asset at path 'sub-parkinson-simulated-lfp/sub-parkinson-simulated-lfp_ses-7349_ecephys.nwb' in version 0.250327.2220. Verify the path is correct and the asset exists in this version. Use 'dandi ls' to list available assets.)
2026-09-16T10:34:41Z INFO [309/500] 0076809b-5b2d-40b0-be86-03a37c74e0a6: valid; 1.9 s; peak memory 2548 MiB.
2026-09-16T10:34:42Z INFO [310/500] 007739be-828e-4e9a-a373-7a6145c03071: valid; 0.8 s; peak memory 2548 MiB.
2026-09-16T10:34:42Z INFO [311/500] 00774cb7-17dc-4a16-8132-b0f28d39c04f: valid; 0.5 s; peak memory 2548 MiB.
2026-09-16T10:34:44Z INFO [312/500] 00780cf0-2792-4a2c-bcb5-6e3815484bc3: valid; 1.2 s; peak memory 2548 MiB.
2026-09-16T10:34:45Z INFO [313/500] 00785275-958d-4871-8b14-704023a4e0aa: valid; 1.6 s; peak memory 2548 MiB.
2026-09-16T10:34:46Z INFO [314/500] 007895a6-0e75-4125-afe8-a38a40a896ca: valid; 0.5 s; peak memory 2548 MiB.
2026-09-16T10:34:47Z INFO [315/500] 0078a8ee-6ce1-4f68-bfbd-709cb94b2214: valid; 1.3 s; peak memory 2548 MiB.
2026-09-16T10:34:48Z INFO [316/500] 00792d8d-7b2a-498b-aa7a-eb511857a4ee: not valid; 1.1 s; peak memory 2548 MiB.
2026-09-16T10:34:50Z INFO [317/500] 0079a4a8-dc69-42c7-9001-8c48861f0976: valid; 1.4 s; peak memory 2548 MiB.
2026-09-16T10:34:51Z INFO [318/500] 0079e911-6b75-4e0e-991c-b0b091d8c7c7: valid; 1.9 s; peak memory 2548 MiB.
2026-09-16T10:34:52Z INFO [319/500] 007b87c3-61fc-4490-93dd-1ba56869a9e0: valid; 0.5 s; peak memory 2548 MiB.
2026-09-16T10:34:53Z INFO [320/500] 007b9ac6-4d48-4acf-9453-45f3bbbf3cc4: not valid; 1.2 s; peak memory 2548 MiB.
2026-09-16T10:34:54Z INFO [321/500] 007c3736-03bd-40ff-8ec6-62cd5a3eac5c: not valid; 1.0 s; peak memory 2548 MiB.
2026-09-16T10:34:58Z INFO [322/500] 007c90d0-f921-4f40-b7cf-ecd1bf553156: valid; 4.4 s; peak memory 2548 MiB.
2026-09-16T10:34:59Z INFO [323/500] 007c9ded-ccb0-4e43-abe5-ffe33cf727b1: not valid; 0.4 s; peak memory 2548 MiB.
2026-09-16T10:35:01Z WARNING 007d71f6-e65a-499e-8cfd-4df77fcbf2bc: failed while opening the NWB file (ConstructError: (root/acquisition/_iblmic_audioSpectrogram/bands GroupBuilder {'attributes': {'colnames': array(['freq'], dtype=object), 'description': 'spectogram frequencies', 'namespace': 'core', 'neurodata_type': 'FrequencyBandsTable', 'object_id': 'f2272781-0f3c-4486-bd86-363318d2a36f'}, 'groups': {}, 'datasets': {'freq': root/acquisition/_iblmic_audioSpectrogram/bands/freq DatasetBuilder {'attributes': {'description': 'frequency value', 'namespace': 'hdmf-common', 'neurodata_type': 'VectorData', 'object_id': '3e68cd74-4bc1-4bda-925b-9d966c94f72e'}, 'data': <HDF5 dataset "freq": shape (257,), type "<f4">}, 'id': root/acquisition/_iblmic_audioSpectrogram/bands/id DatasetBuilder {'attributes': {'namespace': 'hdmf-common', 'neurodata_type': 'ElementIdentifiers', 'object_id': '5ce01318-1f2e-44a3-85bb-86f983b6f8e5'}, 'data': <HDF5 dataset "id": shape (257,), type "<i4">}}, 'links': {}}, "Could not construct FrequencyBandsTable object due to: column must have the same number of rows as 'id'"))
2026-09-16T10:35:01Z WARNING 007da5f3-2854-4eb1-98c9-8880afbd2c7a: failed while retrieving asset information from the DANDI API (NotFoundError: No such Dandiset: 000561)
2026-09-16T10:35:05Z INFO [326/500] 007de018-0d87-4c66-9fa0-e4485eef4b66: valid; 4.3 s; peak memory 2564 MiB.
2026-09-16T10:35:06Z INFO [327/500] 007eca91-6c1c-4618-9cdd-29334d4e08d8: valid; 0.6 s; peak memory 2566 MiB.
2026-09-16T10:35:07Z INFO [328/500] 007f51a7-e923-414e-b4c0-3bd48c1307d2: valid; 0.7 s; peak memory 2570 MiB.
2026-09-16T10:35:09Z INFO [329/500] 007f9aa9-8e7d-4ec5-9872-0b0b4312c805: valid; 2.6 s; peak memory 2577 MiB.
2026-09-16T10:35:11Z INFO [330/500] 00805739-83ad-45f4-8f2f-856c72456949: valid; 1.3 s; peak memory 2582 MiB.
2026-09-16T10:35:11Z INFO [331/500] 00805c85-8161-4ea7-b1fb-96c1a97e034c: valid; 0.8 s; peak memory 2584 MiB.
2026-09-16T10:35:12Z INFO [332/500] 0080c6b6-801b-4ae1-8572-ee1f785cc741: valid; 0.4 s; peak memory 2586 MiB.
2026-09-16T10:35:24Z INFO [333/500] 0080e96f-ca44-4043-9f03-26539dd8961e: valid; 12.1 s; peak memory 2598 MiB.
2026-09-16T10:35:24Z WARNING 0082036c-5326-49b8-9a78-ac813cd15aaa: failed while retrieving asset information from the DANDI API (NotFoundError: No asset at path 'sub-healthy-simulated-lfp/sub-healthy-simulated-lfp_ses-1983_ecephys.nwb' in version 0.250327.2220. Verify the path is correct and the asset exists in this version. Use 'dandi ls' to list available assets.)
2026-09-16T10:35:25Z INFO [335/500] 00829fcb-100f-40fa-847d-5443cc3dae22: valid; 0.7 s; peak memory 2598 MiB.
2026-09-16T10:35:25Z INFO [336/500] 0082f2c7-7715-42f5-a01f-9ce881934292: valid; 0.7 s; peak memory 2598 MiB.
2026-09-16T10:35:26Z INFO [337/500] 008300dc-f564-4d73-b0fa-2574b5c008f0: valid; 0.6 s; peak memory 2598 MiB.
2026-09-16T10:35:27Z INFO [338/500] 0083c6af-1da6-486d-aca8-9366b99c4dd6: valid; 0.9 s; peak memory 2598 MiB.
2026-09-16T10:35:29Z INFO [339/500] 00842a64-940c-4ee2-9901-425bac48c22b: valid; 2.0 s; peak memory 2598 MiB.
2026-09-16T10:35:29Z INFO [340/500] 00843fd7-f3b5-4c6b-a562-9ea4adbdb765: not valid; 0.5 s; peak memory 2598 MiB.
2026-09-16T10:35:31Z INFO [341/500] 00844557-2518-463b-ad1f-e6a8f9155197: not valid; 1.2 s; peak memory 2598 MiB.
2026-09-16T10:35:36Z INFO [342/500] 008467b3-3782-449d-bfec-0aef4043ec37: valid; 5.9 s; peak memory 2621 MiB.
2026-09-16T10:35:38Z INFO [343/500] 00846c89-0f14-4c48-b040-b0048a7e2d15: valid; 1.8 s; peak memory 2631 MiB.
2026-09-16T10:35:39Z INFO [344/500] 00852e06-20cd-4745-b950-82cdfcae881c: not valid; 0.4 s; peak memory 2633 MiB.
2026-09-16T10:35:39Z INFO [345/500] 0085518e-20a6-443f-86c3-3a3a6bf2cf14: valid; 0.7 s; peak memory 2635 MiB.
2026-09-16T10:35:40Z INFO [346/500] 0085b3cd-71f7-47dc-980f-23bcbe8e0f9a: not valid; 0.9 s; peak memory 2638 MiB.
2026-09-16T10:35:41Z INFO [347/500] 0086592a-7fc1-451c-b776-7378e707138c: not valid; 0.8 s; peak memory 2640 MiB.
2026-09-16T10:35:43Z INFO [348/500] 00866397-2129-4e26-986b-f18fc2ac447a: valid; 1.6 s; peak memory 2646 MiB.
2026-09-16T10:35:44Z INFO [349/500] 00868daf-e029-46c0-93d5-13806cc844e2: not valid; 1.7 s; peak memory 2646 MiB.
2026-09-16T10:35:45Z INFO [350/500] 0086d562-2f40-44a3-ad5f-5496c942f04f: not valid; 0.7 s; peak memory 2646 MiB.
2026-09-16T10:35:45Z INFO [350/500] 0086d562-2f40-44a3-ad5f-5496c942f04f: checkpointed 65360 records.
2026-09-16T10:35:46Z INFO [351/500] 008701e8-baf9-46ad-8b2b-a2bd31d310d9: not valid; 0.8 s; peak memory 2647 MiB.
2026-09-16T10:36:03Z INFO [352/500] 00871f56-be7a-43a4-a5ec-a2c77ce3d685: valid; 16.3 s; peak memory 2808 MiB.
2026-09-16T10:36:03Z INFO [353/500] 00875976-8337-4b9e-b7d5-807927c81178: valid; 0.6 s; peak memory 2808 MiB.
2026-09-16T10:36:04Z INFO [354/500] 0087bf9b-05dd-4a41-8c13-6a622f3de91a: valid; 0.6 s; peak memory 2809 MiB.
2026-09-16T10:36:06Z INFO [355/500] 0087c28b-2ae8-41e8-b159-7aced855047e: valid; 1.9 s; peak memory 2811 MiB.
2026-09-16T10:36:14Z INFO [356/500] 0087c2f3-0498-4fa3-a9e5-0d9dd6e0fed7: valid; 8.0 s; peak memory 3038 MiB.
2026-09-16T10:36:15Z INFO [357/500] 0087dc9f-ff49-49c9-a9a4-b6ab78727b04: valid; 1.6 s; peak memory 3043 MiB.
2026-09-16T10:36:19Z INFO [358/500] 0088270c-dec4-4523-b551-c0f3651c83e0: valid; 3.6 s; peak memory 3053 MiB.
2026-09-16T10:36:19Z INFO [359/500] 00884c4a-811d-4493-9f40-e0d64449edd4: not valid; 0.7 s; peak memory 3053 MiB.
2026-09-16T10:36:20Z INFO [360/500] 0088802f-f702-46c7-83da-0eacc2db1da1: valid; 0.9 s; peak memory 3053 MiB.
2026-09-16T10:36:22Z INFO [361/500] 00889c3a-c43a-42fd-9fba-3cb152d2ef6a: valid; 1.1 s; peak memory 3053 MiB.
2026-09-16T10:36:23Z INFO [362/500] 0088cf3a-af98-4775-bcbc-dd6dd19faeda: not valid; 1.0 s; peak memory 3053 MiB.
2026-09-16T10:36:24Z INFO [363/500] 00895427-e101-456a-88ec-46c0061f022c: valid; 1.3 s; peak memory 3053 MiB.
2026-09-16T10:36:34Z INFO [364/500] 008a73c6-9c1f-4392-999d-96a6811fc270: valid; 10.4 s; peak memory 3053 MiB.
2026-09-16T10:36:35Z INFO [365/500] 008b3a16-629e-45d5-8c8b-7eb3c5699b88: valid; 0.5 s; peak memory 3053 MiB.
2026-09-16T10:36:36Z INFO [366/500] 008c04aa-afae-4f28-a702-abfd9b45cf73: valid; 1.3 s; peak memory 3053 MiB.
2026-09-16T10:36:37Z INFO [367/500] 008c0b0b-6474-4ee0-8ef9-c1a6eadc6b0b: valid; 0.7 s; peak memory 3053 MiB.
2026-09-16T10:36:38Z INFO [368/500] 008c2995-aeef-4334-bca5-fdea7c0d925d: valid; 1.2 s; peak memory 3053 MiB.
2026-09-16T10:36:42Z INFO [369/500] 008cd5ee-3bc2-4ec1-9d7e-8e20b96228d0: not valid; 4.1 s; peak memory 3053 MiB.
2026-09-16T10:36:44Z INFO [370/500] 008d259b-2621-4792-8fcd-7d2625fdc330: valid; 1.6 s; peak memory 3053 MiB.
2026-09-16T10:36:45Z INFO [371/500] 008ddab7-08bb-428a-80cf-0f76bcd9c7eb: not valid; 1.0 s; peak memory 3053 MiB.
2026-09-16T10:36:47Z INFO [372/500] 008de7ec-e372-44a7-a06c-77698b308fb5: valid; 2.3 s; peak memory 3053 MiB.
2026-09-16T10:36:48Z WARNING 008ea06e-031f-4761-8b52-2457ddbccbb7: failed while opening the NWB file (ValueError: Cannot resolve included group spec 'electrodes' with data_type_inc 'ElectrodesTable' because a group spec with the same name already exists with data_type_inc 'DynamicTable', and data type 'DynamicTable' is not a child type of data type 'ElectrodesTable'.)
2026-09-16T10:36:50Z INFO [374/500] 008f11f1-e25e-44d6-bcdc-4bbb036e7a04: valid; 1.9 s; peak memory 3053 MiB.
2026-09-16T10:36:51Z INFO [375/500] 008f9cae-a75e-48ac-a136-f098d4bc653a: valid; 1.2 s; peak memory 3053 MiB.
2026-09-16T10:36:56Z INFO [376/500] 008fd134-b21e-4ad1-a974-0f64b8531219: valid; 4.4 s; peak memory 3053 MiB.
2026-09-16T10:36:57Z INFO [377/500] 00906044-2c66-48ea-a850-8adff26db9b2: not valid; 0.9 s; peak memory 3053 MiB.
2026-09-16T10:36:58Z INFO [378/500] 0090b58d-1ecb-44b1-8f6b-0bea8f38e335: valid; 1.8 s; peak memory 3053 MiB.
2026-09-16T10:36:59Z INFO [379/500] 00910c47-6f44-41f4-8135-f9f6086e2dda: valid; 1.1 s; peak memory 3053 MiB.
2026-09-16T10:37:00Z INFO [380/500] 00912ecf-60f1-4200-8f27-43aa67c1090f: not valid; 0.8 s; peak memory 3053 MiB.
2026-09-16T10:37:11Z INFO [381/500] 0091337e-9a36-40f9-b331-7c3e8cb28d5f: not valid; 10.8 s; peak memory 3053 MiB.
2026-09-16T10:37:12Z INFO [382/500] 0091aaaf-54cf-4677-93f4-85b3f4f649d7: valid; 1.4 s; peak memory 3053 MiB.
2026-09-16T10:37:13Z INFO [383/500] 0091ef7f-5680-4e58-ae75-f9bcbf90af64: valid; 0.6 s; peak memory 3053 MiB.
2026-09-16T10:37:14Z INFO [384/500] 0091f4e9-6363-420f-b580-1e55f8da27be: valid; 1.1 s; peak memory 3053 MiB.
2026-09-16T10:37:17Z INFO [385/500] 0091fbe4-3bd2-476d-961d-7f8cbc223bac: valid; 2.8 s; peak memory 3053 MiB.
2026-09-16T10:37:18Z INFO [386/500] 0092fcf2-f959-4e67-8378-65998a4968b9: not valid; 0.9 s; peak memory 3053 MiB.
2026-09-16T10:37:21Z INFO [387/500] 00932b8a-d698-4b0f-86ca-c763ee7acb57: valid; 3.0 s; peak memory 3053 MiB.
2026-09-16T10:37:22Z INFO [388/500] 00938bdb-56f7-4749-a39b-3eb143538725: valid; 0.8 s; peak memory 3053 MiB.
2026-09-16T10:37:22Z INFO [389/500] 0093f111-6c3e-4f5b-8124-a0d293d50f6a: not valid; 0.7 s; peak memory 3053 MiB.
2026-09-16T10:37:22Z WARNING 0094900c-4ea6-4619-9421-136448292d2d: failed while retrieving asset information from the DANDI API (NotFoundError: No asset at path 'sub-LG615/sub-LG615_ses-20250916_obj-sqldmn_ophys.nwb' in version 0.260915.2135. Verify the path is correct and the asset exists in this version. Use 'dandi ls' to list available assets.)
2026-09-16T10:37:24Z INFO [391/500] 0094914e-97b7-450f-b15b-2266b081255e: valid; 1.3 s; peak memory 3053 MiB.
2026-09-16T10:37:24Z WARNING 009530e7-c6b2-45f1-8777-7bdca6904795: failed while retrieving asset information from the DANDI API (NotFoundError: No asset at path 'sub-parkinson-simulated-lfp/sub-parkinson-simulated-lfp_ses-3167_ecephys.nwb' in version 0.250327.2220. Verify the path is correct and the asset exists in this version. Use 'dandi ls' to list available assets.)
2026-09-16T10:37:41Z INFO [393/500] 009550ba-59b0-4e55-b283-dc78ff90c39e: valid; 17.2 s; peak memory 3121 MiB.
2026-09-16T10:37:42Z INFO [394/500] 00956ee3-7334-4625-b750-56e1f2a20521: valid; 1.2 s; peak memory 3121 MiB.
2026-09-16T10:37:43Z INFO [395/500] 00956f87-7ad5-4ab5-b236-9360ad38ab89: valid; 1.0 s; peak memory 3126 MiB.
2026-09-16T10:37:44Z INFO [396/500] 00957b3e-4cf9-45f8-bd0b-13d776670d7b: valid; 0.6 s; peak memory 3127 MiB.
2026-09-16T10:37:44Z INFO [397/500] 0095856a-7294-4a58-b2d0-7b64ab041063: valid; 0.7 s; peak memory 3131 MiB.
2026-09-16T10:37:45Z INFO [398/500] 00967a83-dc85-4ce3-8da4-261cbd697087: not valid; 0.9 s; peak memory 3133 MiB.
2026-09-16T10:37:46Z INFO [399/500] 009705dd-f986-442e-9c25-f54b72634f64: valid; 0.6 s; peak memory 3134 MiB.
2026-09-16T10:37:47Z INFO [400/500] 00976a62-c657-4f74-8f76-077af0f88896: valid; 0.8 s; peak memory 3134 MiB.
2026-09-16T10:37:47Z INFO [400/500] 00976a62-c657-4f74-8f76-077af0f88896: checkpointed 65410 records.
2026-09-16T10:37:48Z INFO [401/500] 0097cee2-f245-4d17-8e60-14f51385f173: valid; 0.9 s; peak memory 3140 MiB.
2026-09-16T10:38:02Z INFO [402/500] 00981457-3eae-4008-b99e-279da2574854: not valid; 13.5 s; peak memory 3211 MiB.
2026-09-16T10:38:02Z INFO [403/500] 00989104-2f00-4406-931b-dc6e3362a34e: valid; 0.6 s; peak memory 3214 MiB.
2026-09-16T10:38:03Z WARNING 009926b4-66c1-4485-af75-74760a2e7adf: failed while opening the NWB file (ConstructError: (root/acquisition/_iblmic_audioSpectrogram/bands GroupBuilder {'attributes': {'colnames': array(['freq'], dtype=object), 'description': 'spectogram frequencies', 'namespace': 'core', 'neurodata_type': 'FrequencyBandsTable', 'object_id': '5073624d-5285-4273-bf1a-b1da47c9fc3b'}, 'groups': {}, 'datasets': {'freq': root/acquisition/_iblmic_audioSpectrogram/bands/freq DatasetBuilder {'attributes': {'description': 'frequency value', 'namespace': 'hdmf-common', 'neurodata_type': 'VectorData', 'object_id': '8ce99fc6-9afd-4c18-9c86-0ec8e2d035bf'}, 'data': <HDF5 dataset "freq": shape (257,), type "<f4">}, 'id': root/acquisition/_iblmic_audioSpectrogram/bands/id DatasetBuilder {'attributes': {'namespace': 'hdmf-common', 'neurodata_type': 'ElementIdentifiers', 'object_id': 'e6297491-1320-434b-9e59-14241b9daa09'}, 'data': <HDF5 dataset "id": shape (257,), type "<i4">}}, 'links': {}}, "Could not construct FrequencyBandsTable object due to: column must have the same number of rows as 'id'"))
2026-09-16T10:38:03Z WARNING 00994fc3-d9e5-4f71-a4a5-03be35f24813: failed while retrieving asset information from the DANDI API (NotFoundError: No asset at path 'sub-parkinson-simulated-beta/sub-parkinson-simulated-beta_ses-7733_ecephys.nwb' in version 0.250327.2220. Verify the path is correct and the asset exists in this version. Use 'dandi ls' to list available assets.)
2026-09-16T10:38:04Z INFO [406/500] 0099583f-3f85-443b-86b1-7d5a9ede8b03: valid; 1.0 s; peak memory 3217 MiB.
2026-09-16T10:38:08Z INFO [407/500] 009975b8-9e89-4941-9685-9b77108e5fcc: not valid; 3.8 s; peak memory 3337 MiB.
2026-09-16T10:38:08Z WARNING 0099cca3-756d-438a-a574-ed1cb4926a1a: failed while retrieving asset information from the DANDI API (NotFoundError: No asset at path 'sub-714615/sub-714615_ses-1325748772_probe-2_ecephys.nwb' in version 0.250311.2145. Verify the path is correct and the asset exists in this version. Use 'dandi ls' to list available assets.)
2026-09-16T10:38:09Z INFO [409/500] 009a1176-914f-421e-bf4f-22a6f7aa6b0b: not valid; 0.9 s; peak memory 3337 MiB.
2026-09-16T10:38:11Z INFO [410/500] 009ab82d-99cf-4d67-a4eb-dc0673096f41: valid; 1.9 s; peak memory 3337 MiB.
2026-09-16T10:38:14Z INFO [411/500] 009ab9db-edec-485d-b45b-4ec6c7047ec8: valid; 2.9 s; peak memory 3337 MiB.
2026-09-16T10:38:15Z INFO [412/500] 009ace0c-551d-4fdf-9d10-69142d8463b8: valid; 1.0 s; peak memory 3337 MiB.
2026-09-16T10:38:16Z INFO [413/500] 009b6910-6347-427a-b715-9bc9a2e6b2d5: not valid; 1.0 s; peak memory 3337 MiB.
2026-09-16T10:38:17Z INFO [414/500] 009bb234-1ea4-48b9-9c5d-9e00160bbf05: not valid; 0.8 s; peak memory 3337 MiB.
2026-09-16T10:38:18Z INFO [415/500] 009cd977-b7e9-4f33-8350-c032eecf660b: valid; 1.1 s; peak memory 3337 MiB.
2026-09-16T10:38:34Z INFO [416/500] 009d6ac3-1ed8-4768-bbde-02c95c5e8177: valid; 15.8 s; peak memory 3337 MiB.
2026-09-16T10:38:35Z INFO [417/500] 009dd9c1-4dc3-4360-bc8a-00892a0b4d78: valid; 1.6 s; peak memory 3337 MiB.
2026-09-16T10:38:42Z INFO [418/500] 009e53c8-292d-4344-801e-4f3b1cd54c5a: not valid; 6.8 s; peak memory 3341 MiB.
2026-09-16T10:38:43Z INFO [419/500] 009f08df-68e4-4470-9a30-4df443597c05: valid; 1.0 s; peak memory 3350 MiB.
2026-09-16T10:38:47Z INFO [420/500] 009fa23d-cab0-48a3-8c7d-2887988de015: valid; 3.9 s; peak memory 3380 MiB.
2026-09-16T10:38:48Z INFO [421/500] 009fd5b2-59ec-4524-bb1f-b05eff1ab9d9: valid; 0.8 s; peak memory 3386 MiB.
2026-09-16T10:38:48Z INFO [422/500] 009fda06-2f6a-453a-b230-6eef8832a093: valid; 0.6 s; peak memory 3388 MiB.
2026-09-16T10:38:49Z INFO [423/500] 00a01943-17f7-4bbd-a6b4-94131088833d: valid; 0.7 s; peak memory 3391 MiB.
2026-09-16T10:38:50Z INFO [424/500] 00a02010-dfaf-49a9-91b6-208472c6af71: not valid; 0.7 s; peak memory 3393 MiB.
2026-09-16T10:38:50Z WARNING 00a0629c-5f70-4836-8c8e-51afe7f4d353: failed while retrieving asset information from the DANDI API (NotFoundError: No asset at path 'sub-455220/sub-455220_ses-20190730T154125_behavior+ecephys+ogen.nwb' in version 0.231012.2129. Verify the path is correct and the asset exists in this version. Use 'dandi ls' to list available assets.)
2026-09-16T10:38:50Z INFO [426/500] 00a0922d-0a8a-4694-8fbc-e6961083ca2e: valid; 0.7 s; peak memory 3394 MiB.
2026-09-16T10:38:51Z INFO [427/500] 00a0c1fc-427d-434d-9672-71fa024d46c1: valid; 0.7 s; peak memory 3396 MiB.
2026-09-16T10:38:52Z INFO [428/500] 00a116d7-3c0c-43f0-ba05-ed8e961ebead: valid; 1.2 s; peak memory 3397 MiB.
2026-09-16T10:38:54Z INFO [429/500] 00a15ddc-d818-49ac-8c80-e578457464e2: valid; 1.8 s; peak memory 3404 MiB.
2026-09-16T10:38:56Z INFO [430/500] 00a165d6-b3fe-4fb8-936a-262109ff5a79: valid; 2.4 s; peak memory 3408 MiB.
2026-09-16T10:38:57Z INFO [431/500] 00a1abd4-d35a-452a-83d6-0bfed8c0cf72: valid; 0.6 s; peak memory 3408 MiB.
2026-09-16T10:38:58Z INFO [432/500] 00a1caf5-9380-4fe0-a3bf-54fe3ab78a30: valid; 0.5 s; peak memory 3408 MiB.
2026-09-16T10:38:59Z INFO [433/500] 00a2da36-0130-42fe-a31f-59814877a572: valid; 1.7 s; peak memory 3408 MiB.
2026-09-16T10:39:00Z INFO [434/500] 00a333d6-5e21-4e4b-9da8-ee2e4a4c8ca3: valid; 1.2 s; peak memory 3408 MiB.
2026-09-16T10:39:12Z INFO [435/500] 00a3a1ca-8d25-4721-a890-266d906096fd: valid; 12.0 s; peak memory 3451 MiB.
2026-09-16T10:39:14Z INFO [436/500] 00a3e5d7-fea4-4479-8ef8-dc82c8b99d55: valid; 2.0 s; peak memory 3456 MiB.
2026-09-16T10:39:16Z INFO [437/500] 00a41c28-7e54-4d83-9fd4-16f371d78788: valid; 1.7 s; peak memory 3462 MiB.
2026-09-16T10:39:17Z INFO [438/500] 00a603a7-8a27-4376-8dc4-76486ac85c0b: valid; 1.1 s; peak memory 3468 MiB.
2026-09-16T10:39:19Z INFO [439/500] 00a6dbdd-f9db-4c08-bf76-26e53ceee800: valid; 1.9 s; peak memory 3470 MiB.
2026-09-16T10:39:20Z INFO [440/500] 00a71249-db1d-4d6d-be3a-a9d2f53d89fc: valid; 0.8 s; peak memory 3470 MiB.
2026-09-16T10:39:21Z WARNING 00a880f8-a8b7-483e-97ac-fecb15768435: failed while opening the NWB file (ConstructError: (root/acquisition/_iblmic_audioSpectrogram/bands GroupBuilder {'attributes': {'colnames': array(['freq'], dtype=object), 'description': 'spectogram frequencies', 'namespace': 'core', 'neurodata_type': 'FrequencyBandsTable', 'object_id': 'dfbfaf38-f74d-4b3e-a537-7c757f1ffdf2'}, 'groups': {}, 'datasets': {'freq': root/acquisition/_iblmic_audioSpectrogram/bands/freq DatasetBuilder {'attributes': {'description': 'frequency value', 'namespace': 'hdmf-common', 'neurodata_type': 'VectorData', 'object_id': 'd6f5395d-8b24-4db3-aecf-3038f3a1d90c'}, 'data': <HDF5 dataset "freq": shape (257,), type "<f4">}, 'id': root/acquisition/_iblmic_audioSpectrogram/bands/id DatasetBuilder {'attributes': {'namespace': 'hdmf-common', 'neurodata_type': 'ElementIdentifiers', 'object_id': '2dcb923d-deb6-4db0-bdf9-95a494e41a6a'}, 'data': <HDF5 dataset "id": shape (257,), type "<i4">}}, 'links': {}}, "Could not construct FrequencyBandsTable object due to: column must have the same number of rows as 'id'"))
2026-09-16T10:39:22Z WARNING 00a884b9-64a5-41a3-80b1-120526223e08: failed while opening the NWB file (ConstructError: (root/acquisition/_iblmic_audioSpectrogram/bands GroupBuilder {'attributes': {'colnames': array(['freq'], dtype=object), 'description': 'spectogram frequencies', 'namespace': 'core', 'neurodata_type': 'FrequencyBandsTable', 'object_id': 'cf921e3e-8972-411a-98cc-d74443e54fca'}, 'groups': {}, 'datasets': {'freq': root/acquisition/_iblmic_audioSpectrogram/bands/freq DatasetBuilder {'attributes': {'description': 'frequency value', 'namespace': 'hdmf-common', 'neurodata_type': 'VectorData', 'object_id': 'bf297cd5-59c5-498a-8e4f-24e8de304ad8'}, 'data': <HDF5 dataset "freq": shape (257,), type "<f4">}, 'id': root/acquisition/_iblmic_audioSpectrogram/bands/id DatasetBuilder {'attributes': {'namespace': 'hdmf-common', 'neurodata_type': 'ElementIdentifiers', 'object_id': 'af8f53cd-06b7-432b-83fb-f910787c500c'}, 'data': <HDF5 dataset "id": shape (257,), type "<i4">}}, 'links': {}}, "Could not construct FrequencyBandsTable object due to: column must have the same number of rows as 'id'"))
2026-09-16T10:39:25Z INFO [443/500] 00a91680-e52e-4b18-a190-6a33ea7d9f04: valid; 3.1 s; peak memory 3470 MiB.
2026-09-16T10:39:25Z WARNING 00a98f35-b0bf-41ae-a647-534fed1e5194: failed while retrieving asset information from the DANDI API (NotFoundError: No asset at path 'sub-parkinson-simulated-lfp/sub-parkinson-simulated-lfp_ses-935_ecephys.nwb' in version 0.250327.2220. Verify the path is correct and the asset exists in this version. Use 'dandi ls' to list available assets.)
2026-09-16T10:39:29Z INFO [445/500] 00a99e3c-329b-4952-8a50-26ddd3402f9f: valid; 3.3 s; peak memory 3470 MiB.
2026-09-16T10:39:30Z INFO [446/500] 00a9a639-f4fe-4a8e-9698-304e28b03f79: not valid; 0.8 s; peak memory 3470 MiB.
2026-09-16T10:39:31Z INFO [447/500] 00a9d83b-81a3-43fa-9a39-5721555a3ae6: valid; 1.2 s; peak memory 3470 MiB.
2026-09-16T10:39:32Z INFO [448/500] 00aa248d-c17b-426e-a332-59c626e15379: valid; 1.8 s; peak memory 3470 MiB.
2026-09-16T10:39:34Z INFO [449/500] 00aa2bbc-d9db-4367-9d0c-795d9fe1d12a: valid; 1.1 s; peak memory 3470 MiB.
2026-09-16T10:39:36Z INFO [450/500] 00aa368d-eb53-490e-b48c-483fd72776ab: valid; 2.1 s; peak memory 3470 MiB.
2026-09-16T10:39:36Z INFO [450/500] 00aa368d-eb53-490e-b48c-483fd72776ab: checkpointed 65460 records.
2026-09-16T10:39:37Z INFO [451/500] 00aaeb57-3230-4729-b39e-cc888ef54c0c: valid; 1.0 s; peak memory 3470 MiB.
2026-09-16T10:39:38Z INFO [452/500] 00ab55ec-30c2-4f72-b7d9-cff0ae1dd7bb: valid; 0.7 s; peak memory 3470 MiB.
2026-09-16T10:39:39Z INFO [453/500] 00abaa8f-2d1f-42f2-83d5-9c29e056bbc3: valid; 1.3 s; peak memory 3470 MiB.
2026-09-16T10:39:43Z INFO [454/500] 00ac014d-0bb2-489e-8712-732881da32f6: valid; 4.2 s; peak memory 3470 MiB.
2026-09-16T10:39:45Z INFO [455/500] 00ac0bd4-c756-457e-a6c4-ccf1c24f3563: valid; 1.5 s; peak memory 3470 MiB.
2026-09-16T10:39:46Z INFO [456/500] 00ac70eb-5140-4858-a654-ad10d3b00f8a: valid; 1.1 s; peak memory 3470 MiB.
2026-09-16T10:39:47Z INFO [457/500] 00ac7833-f07b-4570-87b8-606dfec9e7e0: valid; 1.1 s; peak memory 3470 MiB.
2026-09-16T10:39:48Z INFO [458/500] 00ac9426-657b-41f2-bd8f-abe06823f5ca: not valid; 1.2 s; peak memory 3470 MiB.
2026-09-16T10:39:49Z INFO [459/500] 00acf254-0516-4011-b7c8-bb503f8a049a: valid; 0.6 s; peak memory 3470 MiB.
2026-09-16T10:39:52Z INFO [460/500] 00ad2f52-0062-458e-a289-c804cb36358f: valid; 2.8 s; peak memory 3470 MiB.
2026-09-16T10:39:53Z INFO [461/500] 00ad3b94-ca96-46c3-82d0-c642f8cedbc6: valid; 1.5 s; peak memory 3470 MiB.
2026-09-16T10:40:00Z INFO [462/500] 00ad77e9-9f2b-4c23-a1bb-27a802887e99: valid; 6.8 s; peak memory 3470 MiB.
2026-09-16T10:40:01Z INFO [463/500] 00adb4aa-cbd0-4b15-9310-11b2f1efeafc: not valid; 0.8 s; peak memory 3470 MiB.
2026-09-16T10:40:02Z INFO [464/500] 00adf106-1000-41ff-b32a-4da00dc470cd: not valid; 0.9 s; peak memory 3470 MiB.
2026-09-16T10:40:02Z INFO [465/500] 00ae5256-9c97-43ad-88dc-b8979a690343: valid; 0.6 s; peak memory 3470 MiB.
2026-09-16T10:40:03Z INFO [466/500] 00aeb92a-3a24-400b-946b-1b1cdf8faa7b: not valid; 1.1 s; peak memory 3470 MiB.
2026-09-16T10:40:13Z INFO [467/500] 00aefde2-3fda-4316-bd14-f4666879b6f5: valid; 9.6 s; peak memory 3521 MiB.
2026-09-16T10:40:14Z INFO [468/500] 00af190b-76cd-4f7d-aeaf-c2497763e941: not valid; 1.0 s; peak memory 3526 MiB.
2026-09-16T10:40:24Z INFO [469/500] 00af5977-2397-441a-9ef3-d7c2ac149fe4: not valid; 10.3 s; peak memory 3547 MiB.
2026-09-16T10:40:25Z INFO [470/500] 00b0007d-4434-4bad-92f0-4693ff9f17a6: not valid; 0.7 s; peak memory 3547 MiB.
2026-09-16T10:40:27Z INFO [471/500] 00b036f1-b11b-4d48-820b-e435a2031041: not valid; 2.3 s; peak memory 3547 MiB.
2026-09-16T10:40:28Z INFO [472/500] 00b045dd-d9e7-4d5b-bf5c-04d3d59af2ed: valid; 0.4 s; peak memory 3547 MiB.
2026-09-16T10:40:28Z INFO [473/500] 00b07e58-af42-4415-8d28-84f4c1338c43: valid; 0.5 s; peak memory 3547 MiB.
2026-09-16T10:40:31Z INFO [474/500] 00b0f327-a186-4729-8ee9-2b5066cc8728: valid; 2.9 s; peak memory 3547 MiB.
2026-09-16T10:40:36Z INFO [475/500] 00b105e1-23de-4ac0-8951-db6138aeef54: valid; 4.6 s; peak memory 3547 MiB.
2026-09-16T10:40:37Z INFO [476/500] 00b11620-11c8-4bff-a43e-db3ae023e2bc: not valid; 1.1 s; peak memory 3547 MiB.
2026-09-16T10:40:38Z INFO [477/500] 00b24d2b-199e-4fc3-b55c-e3ac7569f7c5: valid; 0.8 s; peak memory 3547 MiB.
2026-09-16T10:40:38Z INFO [478/500] 00b2c9c6-1e73-4a2a-ad4e-53d6a2788903: valid; 0.6 s; peak memory 3547 MiB.
2026-09-16T10:40:40Z INFO [479/500] 00b2dc80-acfc-46d6-bebe-fdfaafc5e424: valid; 1.5 s; peak memory 3547 MiB.
2026-09-16T10:40:40Z INFO [480/500] 00b30057-2b6a-4a26-8549-24ee09451c7e: valid; 0.6 s; peak memory 3547 MiB.
2026-09-16T10:40:41Z INFO [481/500] 00b347fa-f1c6-4b3d-9ffa-6453d08aaf66: valid; 0.6 s; peak memory 3547 MiB.
2026-09-16T10:40:42Z INFO [482/500] 00b35bce-4742-492a-bdc2-fd081d8f6c91: not valid; 1.3 s; peak memory 3547 MiB.
2026-09-16T10:40:44Z INFO [483/500] 00b58496-fdc7-4446-bec8-d86924052058: not valid; 1.2 s; peak memory 3547 MiB.
2026-09-16T10:40:49Z INFO [484/500] 00b5ee7c-e565-4fc4-85b9-94f42359f0d0: valid; 5.7 s; peak memory 3750 MiB.
2026-09-16T10:40:52Z INFO [485/500] 00b70520-b0f7-4cb3-8572-f8a6ed11ed79: valid; 2.4 s; peak memory 3750 MiB.
2026-09-16T10:40:52Z INFO [486/500] 00b78056-47f5-4ee5-b672-47fc0848d210: not valid; 0.8 s; peak memory 3750 MiB.
2026-09-16T10:40:52Z WARNING 00b7a34b-9346-4fef-bf05-fe81acbaf95b: failed while retrieving asset information from the DANDI API (NotFoundError: No asset at path 'sub-healthy-simulated-beta/sub-healthy-simulated-beta_ses-4932_ecephys.nwb' in version 0.250327.2220. Verify the path is correct and the asset exists in this version. Use 'dandi ls' to list available assets.)
2026-09-16T10:40:53Z INFO [488/500] 00b80760-5bbb-4e5a-97a3-661ecfc36ede: not valid; 1.0 s; peak memory 3750 MiB.
2026-09-16T10:40:56Z INFO [489/500] 00b847d6-3629-4b24-95d5-5625ccd350cd: valid; 3.0 s; peak memory 3750 MiB.
2026-09-16T10:41:00Z INFO [490/500] 00b85c58-55ff-4888-bc5b-ffe08728f8f6: valid; 3.3 s; peak memory 3750 MiB.
2026-09-16T10:41:00Z INFO [491/500] 00b884a5-ff2d-4d5b-b530-6c07cfaeec65: valid; 0.5 s; peak memory 3750 MiB.
2026-09-16T10:41:02Z INFO [492/500] 00b97b35-c1b7-4454-99f2-74cdc5e55882: valid; 1.7 s; peak memory 3750 MiB.
2026-09-16T10:41:03Z INFO [493/500] 00b984e9-c682-4048-bdf3-a0833b62a768: valid; 1.2 s; peak memory 3750 MiB.
2026-09-16T10:41:05Z INFO [494/500] 00b9c550-18c7-4f92-b113-d02418795196: valid; 1.6 s; peak memory 3750 MiB.
2026-09-16T10:41:11Z INFO [495/500] 00b9ec13-46de-4c8a-bae5-c39aca84b802: valid; 6.6 s; peak memory 3750 MiB.
2026-09-16T10:41:12Z INFO [496/500] 00ba2b3c-da4b-4c20-a1e6-1f195817bb48: valid; 1.0 s; peak memory 3750 MiB.
2026-09-16T10:41:13Z INFO [497/500] 00bb422b-d4a5-426f-9265-dd61f3d9ddad: valid; 0.8 s; peak memory 3750 MiB.
2026-09-16T10:41:14Z INFO [498/500] 00bb9186-ad36-4795-8158-6a2684a2d447: valid; 0.6 s; peak memory 3750 MiB.
2026-09-16T10:41:15Z INFO [499/500] 00bbaac8-a711-4333-8a54-84bf56a5aeba: valid; 0.8 s; peak memory 3750 MiB.
2026-09-16T10:41:16Z WARNING 00bbbcc0-7ef1-4e76-b6d5-2a716647aaca: failed while opening the NWB file (ConstructError: (root/acquisition/_iblmic_audioSpectrogram/bands GroupBuilder {'attributes': {'colnames': array(['freq'], dtype=object), 'description': 'spectogram frequencies', 'namespace': 'core', 'neurodata_type': 'FrequencyBandsTable', 'object_id': '40efb766-bc00-49e2-9df4-9ff33231888c'}, 'groups': {}, 'datasets': {'freq': root/acquisition/_iblmic_audioSpectrogram/bands/freq DatasetBuilder {'attributes': {'description': 'frequency value', 'namespace': 'hdmf-common', 'neurodata_type': 'VectorData', 'object_id': 'e529c5ca-6627-43d3-ba2b-2f252c2e6668'}, 'data': <HDF5 dataset "freq": shape (257,), type "<f4">}, 'id': root/acquisition/_iblmic_audioSpectrogram/bands/id DatasetBuilder {'attributes': {'namespace': 'hdmf-common', 'neurodata_type': 'ElementIdentifiers', 'object_id': '1848dd89-e0d7-46bf-9d78-c06d8dae62cc'}, 'data': <HDF5 dataset "id": shape (257,), type "<i4">}}, 'links': {}}, "Could not construct FrequencyBandsTable object due to: column must have the same number of rows as 'id'"))
2026-09-16T10:41:16Z INFO [500/500] 00bbbcc0-7ef1-4e76-b6d5-2a716647aaca: checkpointed 65510 records.
2026-09-16T10:41:17Z INFO Wrote 65510 records to /tmp/derivatives/content_id_to_valid_nwb_file.jsonl (464 new, 36 failed) in 17.3 min (peak memory 3750 MiB).
