2026-09-29T17:08:42Z INFO Logging to /tmp/logs/update_2026-09-29T17-08-42Z.log.
2026-09-29T17:08:42Z INFO Update content-id-to-valid-nwb-file (base directory /tmp).
2026-09-29T17:08:45Z INFO Processing 500 items (84510 already recorded).
2026-09-29T17:08:49Z INFO [1/500] 1e0abbd4-bfe3-4d5e-a4d1-8902ec3ad842: valid; 3.5 s; peak memory 367 MiB.
2026-09-29T17:08:51Z INFO [2/500] 1e0b6b4f-ca02-44e8-bab7-f4345033bbb2: not valid; 1.8 s; peak memory 375 MiB.
2026-09-29T17:08:53Z INFO [3/500] 1e0b724f-6e78-4995-b203-9d36efbbc630: not valid; 2.3 s; peak memory 388 MiB.
2026-09-29T17:08:55Z INFO [4/500] 1e0b7be5-8d76-4577-a01d-3cbb39f2744c: valid; 2.1 s; peak memory 402 MiB.
2026-09-29T17:09:25Z INFO [5/500] 1e0bb5e2-a066-447b-ab02-cbd2a68a31b7: not valid; 29.6 s; peak memory 467 MiB.
2026-09-29T17:09:26Z INFO [6/500] 1e0bf825-bdce-4318-83a5-ff84895b8a1c: not valid; 1.7 s; peak memory 476 MiB.
2026-09-29T17:09:28Z INFO [7/500] 1e0c0329-72a4-45b4-9b48-5681032c226a: valid; 1.8 s; peak memory 489 MiB.
2026-09-29T17:09:30Z INFO [8/500] 1e0c68d5-45cc-4232-93fe-2e1a9fa7b2fb: valid; 1.8 s; peak memory 495 MiB.
2026-09-29T17:09:31Z INFO [9/500] 1e0c6abc-37e6-4c04-b38f-4b070ec7c9c9: valid; 1.5 s; peak memory 497 MiB.
2026-09-29T17:09:34Z INFO [10/500] 1e0d1816-7435-4a76-8a9a-5bbeba83c2c5: valid; 3.0 s; peak memory 499 MiB.
2026-09-29T17:09:37Z INFO [11/500] 1e0d8f23-0580-4956-bab1-6b2793988f96: valid; 2.7 s; peak memory 499 MiB.
2026-09-29T17:09:39Z WARNING 1e0df8af-2fd3-4779-8dae-b4a276ffdc27: failed while opening the NWB file (ConstructError: (root/acquisition/_iblmic_audioSpectrogram/bands GroupBuilder {'attributes': {'colnames': array(['freq'], dtype=object), 'description': 'spectogram frequencies', 'namespace': 'core', 'neurodata_type': 'FrequencyBandsTable', 'object_id': 'fb3cf295-41de-485b-bcb1-7ee9ecc53431'}, 'groups': {}, 'datasets': {'freq': root/acquisition/_iblmic_audioSpectrogram/bands/freq DatasetBuilder {'attributes': {'description': 'frequency value', 'namespace': 'hdmf-common', 'neurodata_type': 'VectorData', 'object_id': 'd51fa8b8-e70b-44d5-8240-b21f74b52383'}, 'data': <HDF5 dataset "freq": shape (257,), type "<f4">}, 'id': root/acquisition/_iblmic_audioSpectrogram/bands/id DatasetBuilder {'attributes': {'namespace': 'hdmf-common', 'neurodata_type': 'ElementIdentifiers', 'object_id': '47d309c2-7c21-4e54-b03a-7d81a08fb59a'}, 'data': <HDF5 dataset "id": shape (257,), type "<i4">}}, 'links': {}}, "Could not construct FrequencyBandsTable object due to: column must have the same number of rows as 'id'"))
2026-09-29T17:09:40Z INFO [13/500] 1e0e29c2-c72c-4dca-9872-7faf21d1b69d: valid; 1.3 s; peak memory 499 MiB.
2026-09-29T17:09:41Z INFO [14/500] 1e0e3b1e-0293-4025-9fb7-a563450e9a40: valid; 1.3 s; peak memory 499 MiB.
2026-09-29T17:09:43Z WARNING 1e0e4be0-12d7-409b-8655-3702bbbbe555: failed while opening the NWB file (ConstructError: (root/acquisition/_iblmic_audioSpectrogram/bands GroupBuilder {'attributes': {'colnames': array(['freq'], dtype=object), 'description': 'spectogram frequencies', 'namespace': 'core', 'neurodata_type': 'FrequencyBandsTable', 'object_id': '21dece70-a999-4fad-a456-9b5f776204db'}, 'groups': {}, 'datasets': {'freq': root/acquisition/_iblmic_audioSpectrogram/bands/freq DatasetBuilder {'attributes': {'description': 'frequency value', 'namespace': 'hdmf-common', 'neurodata_type': 'VectorData', 'object_id': '345a33ba-c081-4f6a-8a74-46645ad5df0f'}, 'data': <HDF5 dataset "freq": shape (257,), type "<f4">}, 'id': root/acquisition/_iblmic_audioSpectrogram/bands/id DatasetBuilder {'attributes': {'namespace': 'hdmf-common', 'neurodata_type': 'ElementIdentifiers', 'object_id': '6594cf98-42ad-4e41-b8ae-cb19e28bc9a4'}, 'data': <HDF5 dataset "id": shape (257,), type "<i4">}}, 'links': {}}, "Could not construct FrequencyBandsTable object due to: column must have the same number of rows as 'id'"))
2026-09-29T17:09:44Z INFO [16/500] 1e0e7e7b-1caf-4d96-a8e3-3fc853226e1d: not valid; 1.5 s; peak memory 499 MiB.
2026-09-29T17:09:46Z INFO [17/500] 1e0f46aa-0a8e-430a-b1be-4f38c59c4f18: valid; 1.7 s; peak memory 499 MiB.
2026-09-29T17:09:49Z INFO [18/500] 1e0fb6f3-6cbe-4984-8b5c-a1b1f8c9cfc1: valid; 3.0 s; peak memory 507 MiB.
2026-09-29T17:10:01Z INFO [19/500] 1e10c127-d510-4de6-bead-84b57ee0e381: valid; 12.3 s; peak memory 578 MiB.
2026-09-29T17:10:04Z INFO [20/500] 1e1128fb-df62-4a27-ab8a-9d9500b095bc: valid; 2.5 s; peak memory 589 MiB.
2026-09-29T17:10:12Z INFO [21/500] 1e127b84-aad4-4348-a258-e831ce1087a7: valid; 8.3 s; peak memory 609 MiB.
2026-09-29T17:10:14Z INFO [22/500] 1e12a91d-f46c-42c5-8251-fd477f7ec5a4: not valid; 1.7 s; peak memory 619 MiB.
2026-09-29T17:10:16Z INFO [23/500] 1e12b01c-8280-4b87-8b1e-b733a12cbd76: not valid; 1.9 s; peak memory 625 MiB.
2026-09-29T17:10:43Z INFO [24/500] 1e13c09e-a93b-4abb-950a-823f6968beb0: valid; 26.8 s; peak memory 766 MiB.
2026-09-29T17:10:44Z INFO [25/500] 1e13c8d7-c0ae-4cd6-be9a-bd65284a95bb: valid; 1.0 s; peak memory 768 MiB.
2026-09-29T17:10:45Z INFO [26/500] 1e147146-a591-4223-8ed6-69abfdc65c30: valid; 1.5 s; peak memory 775 MiB.
2026-09-29T17:10:47Z INFO [27/500] 1e14ad34-d2d1-4e46-b25c-dfd18062610c: valid; 1.5 s; peak memory 776 MiB.
2026-09-29T17:10:48Z INFO [28/500] 1e15058e-2414-4131-abb1-a6a1099d91a0: not valid; 1.7 s; peak memory 781 MiB.
2026-09-29T17:10:50Z INFO [29/500] 1e158f45-8658-4a0b-b91a-e0c68b39b735: not valid; 1.5 s; peak memory 782 MiB.
2026-09-29T17:10:52Z WARNING 1e165b1d-3359-463b-8eaf-aa55eb3285b3: failed while opening the NWB file (ConstructError: (root/general/optogenetics/PatternedOptogeneticStimulusSite GroupBuilder {'attributes': {'effector': 'GUR-3/PRDX-2', 'namespace': 'ndx-patterned-ogen', 'neurodata_type': 'PatternedOptogeneticStimulusSite', 'object_id': 'cc5e832b-6e5e-4317-b7a3-529df80d9545'}, 'groups': {}, 'datasets': {'description': root/general/optogenetics/PatternedOptogeneticStimulusSite/description DatasetBuilder {'attributes': {}, 'data': 'Scanning'}, 'excitation_lambda': root/general/optogenetics/PatternedOptogeneticStimulusSite/excitation_lambda DatasetBuilder {'attributes': {}, 'data': np.float64(850.0)}, 'location': root/general/optogenetics/PatternedOptogeneticStimulusSite/location DatasetBuilder {'attributes': {}, 'data': 'whole brain'}}, 'links': {'device': root/general/optogenetics/PatternedOptogeneticStimulusSite/device LinkBuilder {'builder': root/general/devices/OptogeneticDevice GroupBuilder {'attributes': {'description': '', 'namespace': 'core', 'neurodata_type': 'Device', 'object_id': 'ecb30121-8fc1-426c-875c-461e433030ac'}, 'groups': {}, 'datasets': {}, 'links': {}}}, 'light_source': root/general/optogenetics/PatternedOptogeneticStimulusSite/light_source LinkBuilder {'builder': root/general/devices/AmplifiedLaser GroupBuilder {'attributes': {'description': 'For two-photon optogenetic targeting, we used an optical parametric amplifier (OPA; Light Conversion ORPHEUS) pumped by a femtosecond amplified laser (Light Conversion PHAROS).', 'filter_description': 'Short pass at 1040 nm', 'manufacturer': 'Light Conversion', 'model': 'ORPHEUS amplifier and PHAROS laser', 'namespace': 'ndx-patterned-ogen', 'neurodata_type': 'LightSource', 'object_id': 'e4f16bc9-11ea-4103-acd7-bbe52152e452', 'peak_power_in_W': np.float64(0.0012), 'pulse_rate_in_Hz': np.float64(500000.0), 'stimulation_wavelength_in_nm': np.float64(850.0)}, 'groups': {}, 'datasets': {}, 'links': {}}}}}, "Could not construct PatternedOptogeneticStimulusSite object due to: CustomClassGenerator.set_init.<locals>.__init__: incorrect type for 'spatial_light_modulator' (got 'list', expected 'Device')"))
2026-09-29T17:10:54Z INFO [31/500] 1e170be7-43c2-4183-b4eb-3acc0eca9985: not valid; 1.4 s; peak memory 786 MiB.
2026-09-29T17:10:56Z INFO [32/500] 1e174913-06b3-4d39-b72a-f8385b23f837: valid; 1.8 s; peak memory 786 MiB.
2026-09-29T17:11:06Z INFO [33/500] 1e17606d-982d-4bcf-a4b8-8ee1c6b1a150: valid; 10.9 s; peak memory 786 MiB.
2026-09-29T17:11:08Z INFO [34/500] 1e177b3e-f161-4d7a-b832-b8cdd7a58ffc: valid; 1.2 s; peak memory 786 MiB.
2026-09-29T17:11:09Z INFO [35/500] 1e17f18c-22a1-4d52-a59b-14d35dfd7519: not valid; 1.5 s; peak memory 786 MiB.
2026-09-29T17:11:11Z INFO [36/500] 1e186077-83f8-4ecb-89b2-521a128e471a: valid; 1.6 s; peak memory 786 MiB.
2026-09-29T17:11:12Z INFO [37/500] 1e19186e-5408-4e67-977f-496c37e4f693: valid; 1.1 s; peak memory 786 MiB.
2026-09-29T17:11:13Z INFO [38/500] 1e192fc6-74cd-4fef-a1a2-3d27b9c680d7: valid; 1.0 s; peak memory 786 MiB.
2026-09-29T17:11:15Z INFO [39/500] 1e194299-ae1f-4c1f-bb6a-590792f047b8: valid; 1.7 s; peak memory 786 MiB.
2026-09-29T17:11:17Z INFO [40/500] 1e195fe5-2280-4f97-a1cd-33e343e90f92: valid; 2.1 s; peak memory 786 MiB.
2026-09-29T17:11:19Z INFO [41/500] 1e19a45e-bbbd-47e6-b2ff-353c622b443e: not valid; 2.1 s; peak memory 786 MiB.
2026-09-29T17:11:26Z INFO [42/500] 1e19c4f0-df8a-41be-a3d2-a7d11e090a1b: valid; 7.5 s; peak memory 885 MiB.
2026-09-29T17:11:28Z INFO [43/500] 1e19e715-3354-4a50-ab9d-1d8c40451c6d: not valid; 1.7 s; peak memory 885 MiB.
2026-09-29T17:11:30Z INFO [44/500] 1e19f300-9188-411d-bf8e-f63d406c08f0: valid; 1.9 s; peak memory 885 MiB.
2026-09-29T17:11:32Z INFO [45/500] 1e1a3235-d52f-4da2-8df1-68a09c6d5e02: not valid; 2.0 s; peak memory 885 MiB.
2026-09-29T17:11:33Z INFO [46/500] 1e1a5f81-6f7f-4b51-8166-0cfaef684ce9: valid; 1.2 s; peak memory 885 MiB.
2026-09-29T17:11:35Z INFO [47/500] 1e1acd51-72b7-49ca-8d22-785be5ecc14f: not valid; 1.8 s; peak memory 885 MiB.
2026-09-29T17:11:47Z INFO [48/500] 1e1aea52-80f6-4dca-8235-09f5366134b2: valid; 11.7 s; peak memory 885 MiB.
2026-09-29T17:11:53Z INFO [49/500] 1e1ba423-3598-4685-a1b7-d06fa0686a03: valid; 6.3 s; peak memory 885 MiB.
2026-09-29T17:11:55Z INFO [50/500] 1e1bac21-5041-44e3-b2ae-0c4e2383546f: valid; 1.8 s; peak memory 885 MiB.
2026-09-29T17:11:55Z INFO [50/500] 1e1bac21-5041-44e3-b2ae-0c4e2383546f: checkpointed 84560 records.
2026-09-29T17:11:57Z INFO [51/500] 1e1baeb6-1de6-436b-918f-e6c5921508a3: valid; 1.3 s; peak memory 887 MiB.
2026-09-29T17:12:00Z INFO [52/500] 1e1c0690-7f7d-41f5-833d-ff96674ff803: valid; 3.1 s; peak memory 887 MiB.
2026-09-29T17:12:01Z INFO [53/500] 1e1ca36b-b7e8-4bb5-8ade-55090c0cf4da: valid; 1.3 s; peak memory 887 MiB.
2026-09-29T17:12:02Z INFO [54/500] 1e1cd693-a3b8-4c63-915f-7bea67147a7b: not valid; 1.3 s; peak memory 887 MiB.
2026-09-29T17:12:04Z INFO [55/500] 1e1ce87f-5641-40b9-9329-2cccce41122b: valid; 1.5 s; peak memory 887 MiB.
2026-09-29T17:12:08Z INFO [56/500] 1e1d284b-4473-4e04-ad36-a9c554449eb0: valid; 4.4 s; peak memory 887 MiB.
2026-09-29T17:12:18Z INFO [57/500] 1e1d2d46-b28a-422f-b9e7-1f5255903ee4: valid; 9.7 s; peak memory 887 MiB.
2026-09-29T17:12:26Z INFO [58/500] 1e1d4a3d-3ae8-4193-8eae-34587e5134ed: valid; 8.5 s; peak memory 887 MiB.
2026-09-29T17:12:28Z INFO [59/500] 1e1dd4a3-66f6-4f3f-8d58-36c2eeb2e561: valid; 1.9 s; peak memory 887 MiB.
2026-09-29T17:12:39Z INFO [60/500] 1e1df2e7-1a74-443e-b664-035f2befa5a2: valid; 11.0 s; peak memory 887 MiB.
2026-09-29T17:12:56Z INFO [61/500] 1e1df6d5-6b28-44b6-9899-f37939b26f0f: not valid; 16.3 s; peak memory 965 MiB.
2026-09-29T17:12:58Z INFO [62/500] 1e1e6a49-c92f-4261-8551-8d367af522c0: valid; 2.1 s; peak memory 970 MiB.
2026-09-29T17:12:59Z INFO [63/500] 1e1e6f19-09e6-45fd-a077-99dedd631e6f: valid; 1.5 s; peak memory 972 MiB.
2026-09-29T17:13:01Z INFO [64/500] 1e1e7198-2654-4201-a8ac-eb59226b7aab: not valid; 1.4 s; peak memory 974 MiB.
2026-09-29T17:13:04Z INFO [65/500] 1e1ef0d0-a9ed-4a63-aa96-28667927778c: not valid; 3.6 s; peak memory 978 MiB.
2026-09-29T17:13:05Z INFO [66/500] 1e1f76f8-fc8b-436a-ad52-86799aa0d33a: valid; 1.1 s; peak memory 978 MiB.
2026-09-29T17:13:07Z INFO [67/500] 1e204adb-0911-4898-a32e-4b3402abe86c: valid; 1.2 s; peak memory 979 MiB.
2026-09-29T17:13:08Z INFO [68/500] 1e210a7b-c9d5-496a-941b-da8dfa4c2c8a: valid; 1.7 s; peak memory 984 MiB.
2026-09-29T17:13:11Z INFO [69/500] 1e211710-3d7c-4bd1-8aca-a7380fa194cd: valid; 2.5 s; peak memory 987 MiB.
2026-09-29T17:13:15Z INFO [70/500] 1e215518-a646-403f-8c4d-c531696d3d71: valid; 4.0 s; peak memory 990 MiB.
2026-09-29T17:13:18Z INFO [71/500] 1e21764f-9eab-4a18-a183-74beeb651a0b: not valid; 3.7 s; peak memory 990 MiB.
2026-09-29T17:13:22Z INFO [72/500] 1e21953c-5c3d-4e05-8884-8f04e1b27614: not valid; 3.4 s; peak memory 990 MiB.
2026-09-29T17:13:24Z INFO [73/500] 1e2271aa-0600-4a83-b631-858e8287eb4f: not valid; 2.4 s; peak memory 990 MiB.
2026-09-29T17:13:26Z INFO [74/500] 1e22768e-9d32-42f3-b9c3-0b91a139d69e: not valid; 1.3 s; peak memory 990 MiB.
2026-09-29T17:13:27Z INFO [75/500] 1e228482-94cb-4967-a477-0c139cc06d5c: valid; 1.1 s; peak memory 990 MiB.
2026-09-29T17:13:40Z INFO [76/500] 1e22e711-29b2-4a7c-a196-eed02276bf73: valid; 13.0 s; peak memory 990 MiB.
2026-09-29T17:13:41Z INFO [77/500] 1e23b9b5-6855-49f5-b2be-6026886cfbec: valid; 1.2 s; peak memory 990 MiB.
2026-09-29T17:13:42Z INFO [78/500] 1e23dd9a-8677-4cb6-aea9-76f024d38bea: not valid; 1.3 s; peak memory 990 MiB.
2026-09-29T17:13:52Z INFO [79/500] 1e23ee79-b8a5-4661-a05e-1d2c8ad3f1a1: valid; 9.5 s; peak memory 999 MiB.
2026-09-29T17:13:54Z INFO [80/500] 1e23f939-1c0b-4fe0-b9ed-22f7ce9f2e12: valid; 2.0 s; peak memory 1004 MiB.
2026-09-29T17:13:56Z INFO [81/500] 1e247d3f-1688-429a-a50f-6a5347f3846e: valid; 2.0 s; peak memory 1009 MiB.
2026-09-29T17:14:11Z INFO [82/500] 1e24eb2b-7c3f-4a31-9e9e-d61f039b37a6: valid; 15.0 s; peak memory 1031 MiB.
2026-09-29T17:14:13Z INFO [83/500] 1e2541f8-6ac4-4178-951f-00620fcc1cea: valid; 1.9 s; peak memory 1031 MiB.
2026-09-29T17:14:14Z INFO [84/500] 1e255c23-72e9-41dc-b1b9-ccc70efc6625: valid; 1.1 s; peak memory 1031 MiB.
2026-09-29T17:14:26Z INFO [85/500] 1e2649bf-2567-460f-8d18-8f6f040b84f5: valid; 11.8 s; peak memory 1066 MiB.
2026-09-29T17:14:29Z INFO [86/500] 1e26c06d-4cec-4e9e-820e-0b1d3661df8b: not valid; 3.3 s; peak memory 1076 MiB.
2026-09-29T17:14:36Z INFO [87/500] 1e26edcf-cebf-4e14-80ea-ddee49de41aa: valid; 6.7 s; peak memory 1092 MiB.
2026-09-29T17:14:40Z INFO [88/500] 1e271096-a8bc-4b93-a3f0-547fb452e000: valid; 4.2 s; peak memory 1103 MiB.
2026-09-29T17:14:44Z INFO [89/500] 1e271596-681c-4921-8bd0-94c6ac5b7c9e: valid; 4.1 s; peak memory 1114 MiB.
2026-09-29T17:14:46Z INFO [90/500] 1e27b33c-e72a-4a42-a901-18b5e56b6a36: valid; 2.0 s; peak memory 1135 MiB.
2026-09-29T17:14:47Z INFO [91/500] 1e27e58d-b132-4dbe-be99-c822f039458b: valid; 1.2 s; peak memory 1135 MiB.
2026-09-29T17:14:50Z INFO [92/500] 1e284f27-8708-4c10-8562-163e8bcd0a69: valid; 2.7 s; peak memory 1135 MiB.
2026-09-29T17:14:51Z INFO [93/500] 1e29bf2d-79b5-4c4b-af5e-93e5ce6257fc: not valid; 1.4 s; peak memory 1135 MiB.
2026-09-29T17:14:52Z INFO [94/500] 1e29f453-7794-4e38-936e-562bff26756e: valid; 1.1 s; peak memory 1135 MiB.
2026-09-29T17:14:54Z INFO [95/500] 1e2a4ba3-01ed-4e54-9dbd-a00ae3a20fe9: valid; 1.2 s; peak memory 1135 MiB.
2026-09-29T17:14:57Z INFO [96/500] 1e2aa4b8-558f-44fb-8779-c89fba16a821: not valid; 3.3 s; peak memory 1135 MiB.
2026-09-29T17:15:15Z INFO [97/500] 1e2aaca5-1e9d-482f-8995-54f23bc59105: valid; 18.5 s; peak memory 1135 MiB.
2026-09-29T17:15:17Z INFO [98/500] 1e2ae598-c8e5-4a9a-9e25-54db2ce194be: not valid; 1.6 s; peak memory 1135 MiB.
2026-09-29T17:15:19Z INFO [99/500] 1e2c221c-983d-49d8-b49b-4f01d96f5d49: not valid; 1.9 s; peak memory 1135 MiB.
2026-09-29T17:15:20Z INFO [100/500] 1e2c24ea-8a71-4e87-8742-0225f67ab3a5: valid; 1.2 s; peak memory 1135 MiB.
2026-09-29T17:15:21Z INFO [100/500] 1e2c24ea-8a71-4e87-8742-0225f67ab3a5: checkpointed 84610 records.
2026-09-29T17:15:22Z INFO [101/500] 1e2cbacf-67c8-491d-be26-e7ac8e3a1d36: valid; 1.2 s; peak memory 1135 MiB.
2026-09-29T17:15:30Z INFO [102/500] 1e2d693c-fd2e-4901-821b-4b5e2c95e8b3: valid; 8.2 s; peak memory 1301 MiB.
2026-09-29T17:15:32Z INFO [103/500] 1e2e5bb3-9986-4b54-8ca1-a9f2ed8810df: not valid; 2.0 s; peak memory 1301 MiB.
2026-09-29T17:15:50Z INFO [104/500] 1e2e93a8-f5f1-4480-bd04-c65433fff35d: valid; 18.3 s; peak memory 1383 MiB.
2026-09-29T17:15:52Z INFO [105/500] 1e2ea242-8864-4a5e-8bb5-c6a986fdc8e2: not valid; 1.4 s; peak memory 1386 MiB.
2026-09-29T17:15:53Z INFO [106/500] 1e2ee9f4-9558-427a-beed-f0429d72dd94: not valid; 1.7 s; peak memory 1392 MiB.
2026-09-29T17:15:56Z INFO [107/500] 1e2f7be3-a628-456e-ab9a-22f2f4cfc418: valid; 3.0 s; peak memory 1400 MiB.
2026-09-29T17:16:09Z INFO [108/500] 1e3025a2-517d-4286-84a7-c508f62e0691: valid; 12.3 s; peak memory 1577 MiB.
2026-09-29T17:16:12Z INFO [109/500] 1e304ef0-7898-48d5-b991-7f22e8a484eb: valid; 2.9 s; peak memory 1577 MiB.
2026-09-29T17:16:12Z WARNING 1e30eb30-c70d-463c-9400-0cf3e1a8a3b0: failed while retrieving asset information from the DANDI API (NotFoundError: No asset at path 'sub-parkinson-simulated-lfp/sub-parkinson-simulated-lfp_ses-3344_ecephys.nwb' in version 0.250327.2220. Verify the path is correct and the asset exists in this version. Use 'dandi ls' to list available assets.)
2026-09-29T17:16:14Z INFO [111/500] 1e31786b-8526-4ca0-83d7-ed93578eb826: valid; 2.3 s; peak memory 1577 MiB.
2026-09-29T17:16:16Z INFO [112/500] 1e317cc6-b47a-4faf-b2c9-9f8ef651a0c5: not valid; 1.8 s; peak memory 1577 MiB.
2026-09-29T17:16:18Z INFO [113/500] 1e32d012-64bf-42ea-b49b-5a10a34c5c9a: valid; 2.0 s; peak memory 1590 MiB.
2026-09-29T17:16:32Z INFO [114/500] 1e3322d3-fde2-41de-bff1-171e671267bf: valid; 13.6 s; peak memory 1604 MiB.
2026-09-29T17:16:37Z INFO [115/500] 1e33752e-1a0e-41af-ab13-ee2e54c2325f: not valid; 5.6 s; peak memory 1604 MiB.
2026-09-29T17:16:39Z INFO [116/500] 1e339e54-38a2-4fa8-84a0-ff289b67c345: valid; 1.7 s; peak memory 1604 MiB.
2026-09-29T17:16:40Z INFO [117/500] 1e339f86-1456-463c-a5fe-b2450719cbe6: valid; 1.2 s; peak memory 1604 MiB.
2026-09-29T17:16:42Z WARNING 1e3460f9-20f8-428a-a660-a5b419adaf11: failed while opening the NWB file (ConstructError: (root/acquisition/_iblmic_audioSpectrogram/bands GroupBuilder {'attributes': {'colnames': array(['freq'], dtype=object), 'description': 'spectogram frequencies', 'namespace': 'core', 'neurodata_type': 'FrequencyBandsTable', 'object_id': 'ac63282d-b2fd-4406-8a33-3ef12b9ef5b4'}, 'groups': {}, 'datasets': {'freq': root/acquisition/_iblmic_audioSpectrogram/bands/freq DatasetBuilder {'attributes': {'description': 'frequency value', 'namespace': 'hdmf-common', 'neurodata_type': 'VectorData', 'object_id': 'a2dae580-ffc0-4a45-bc9a-dda1ed67f24a'}, 'data': <HDF5 dataset "freq": shape (257,), type "<f4">}, 'id': root/acquisition/_iblmic_audioSpectrogram/bands/id DatasetBuilder {'attributes': {'namespace': 'hdmf-common', 'neurodata_type': 'ElementIdentifiers', 'object_id': 'e71b948f-ae7e-4ddc-8287-2a026459ed47'}, 'data': <HDF5 dataset "id": shape (257,), type "<i4">}}, 'links': {}}, "Could not construct FrequencyBandsTable object due to: column must have the same number of rows as 'id'"))
2026-09-29T17:16:43Z INFO [119/500] 1e356f67-7804-4522-a404-6fb0ccb3e2cb: valid; 1.1 s; peak memory 1604 MiB.
2026-09-29T17:16:44Z INFO [120/500] 1e357334-2c70-4ce3-9912-63d5368b2b73: not valid; 1.7 s; peak memory 1604 MiB.
2026-09-29T17:16:46Z INFO [121/500] 1e366974-5f23-4af5-bffc-16856b9be818: valid; 1.2 s; peak memory 1604 MiB.
2026-09-29T17:16:47Z INFO [122/500] 1e37b32b-ecfe-4332-8395-c1b1a0a9fdfc: not valid; 1.5 s; peak memory 1604 MiB.
2026-09-29T17:16:49Z INFO [123/500] 1e38fbf1-825f-4d06-94ba-0476f505d655: valid; 1.8 s; peak memory 1604 MiB.
2026-09-29T17:16:51Z INFO [124/500] 1e3917d3-cc83-44f6-b062-e44ebeebb948: valid; 2.5 s; peak memory 1604 MiB.
2026-09-29T17:16:53Z INFO [125/500] 1e3a1728-e789-4e68-abaf-1f36dae6d2b4: not valid; 1.6 s; peak memory 1604 MiB.
2026-09-29T17:16:56Z INFO [126/500] 1e3a46b3-e389-4e00-9c07-e4c90cdc8de9: valid; 2.4 s; peak memory 1604 MiB.
2026-09-29T17:17:05Z INFO [127/500] 1e3a619b-9623-406d-9825-e8d29e4a1e43: valid; 9.9 s; peak memory 1604 MiB.
2026-09-29T17:17:14Z INFO [128/500] 1e3b3bef-b821-49b0-9d56-d85b5366257d: valid; 8.6 s; peak memory 1618 MiB.
2026-09-29T17:17:16Z INFO [129/500] 1e3c355b-8569-4f85-98e3-d7d4cad253ef: valid; 1.5 s; peak memory 1618 MiB.
2026-09-29T17:17:18Z INFO [130/500] 1e3c6947-305d-4b7c-8be3-d1fa6edc7b17: valid; 2.1 s; peak memory 1619 MiB.
2026-09-29T17:17:22Z INFO [131/500] 1e3cd55a-0b7c-442a-bae7-10686af0c4aa: valid; 4.3 s; peak memory 1623 MiB.
2026-09-29T17:17:28Z INFO [132/500] 1e3d2ec3-780a-419e-be89-f7ae7b034f30: valid; 6.6 s; peak memory 1641 MiB.
2026-09-29T17:17:32Z INFO [133/500] 1e3e5d53-4075-4c47-a7f5-1582e64c0f03: valid; 3.6 s; peak memory 1644 MiB.
2026-09-29T17:17:34Z INFO [134/500] 1e3e918d-0cf0-4cd7-b962-a365052fdb20: valid; 1.7 s; peak memory 1647 MiB.
2026-09-29T17:17:36Z INFO [135/500] 1e3f2e17-3b31-4caa-b0be-bd1864ad2d07: not valid; 1.9 s; peak memory 1649 MiB.
2026-09-29T17:17:38Z INFO [136/500] 1e3f3e9a-e28a-4e13-91a2-0fddbbc2c243: valid; 2.3 s; peak memory 1649 MiB.
2026-09-29T17:17:39Z INFO [137/500] 1e3fb7c9-1139-4009-94af-917f844bdea0: not valid; 1.2 s; peak memory 1649 MiB.
2026-09-29T17:17:41Z INFO [138/500] 1e3fec36-73d8-443d-ae23-a0d72a5f7102: valid; 2.1 s; peak memory 1653 MiB.
2026-09-29T17:17:45Z INFO [139/500] 1e400bdd-c947-48b9-a7c4-3ba57551bc21: valid; 3.4 s; peak memory 1653 MiB.
2026-09-29T17:17:46Z INFO [140/500] 1e401b48-229c-4cbb-9027-390da421e8a1: not valid; 1.4 s; peak memory 1653 MiB.
2026-09-29T17:17:48Z INFO [141/500] 1e402798-f5bf-456e-8e32-1f011fff3909: valid; 1.7 s; peak memory 1653 MiB.
2026-09-29T17:17:49Z INFO [142/500] 1e40484b-0ac6-4a2d-895e-8162bb1156cc: valid; 1.1 s; peak memory 1653 MiB.
2026-09-29T17:17:50Z INFO [143/500] 1e4089e1-36c2-4c8f-8ff2-249a1b9b3130: valid; 1.7 s; peak memory 1654 MiB.
2026-09-29T17:17:53Z INFO [144/500] 1e40a079-6fcf-4274-982a-9210b65beb1b: valid; 2.6 s; peak memory 1654 MiB.
2026-09-29T17:17:54Z INFO [145/500] 1e40cf43-d1bf-47f2-9727-86f847467635: valid; 1.4 s; peak memory 1654 MiB.
2026-09-29T17:17:55Z INFO [146/500] 1e40f6f2-6569-41b0-9c3f-2f0f36447dd4: valid; 1.1 s; peak memory 1654 MiB.
2026-09-29T17:17:57Z WARNING 1e41099f-b003-47b9-836b-31310941598b: failed while opening the NWB file (ConstructError: (root/acquisition/event_code_meanings GroupBuilder {'attributes': {'colnames': array(['value', 'meaning'], dtype=object), 'description': 'Mapping integer event codes to event labels', 'namespace': 'ndx-events', 'neurodata_type': 'MeaningsTable', 'object_id': 'bba20d9d-c8a9-47bb-ab1f-f1539349a890'}, 'groups': {}, 'datasets': {'id': root/acquisition/event_code_meanings/id DatasetBuilder {'attributes': {'namespace': 'hdmf-common', 'neurodata_type': 'ElementIdentifiers', 'object_id': '1c0bd359-80bc-4ec8-abfa-4f16da219997'}, 'data': <HDF5 dataset "id": shape (26,), type "<i8">}, 'meaning': root/acquisition/event_code_meanings/meaning DatasetBuilder {'attributes': {'description': 'The meaning of the value in the parent CategoricalVectorData object.', 'namespace': 'hdmf-experimental', 'neurodata_type': 'VectorData', 'object_id': '678d0bcd-5d56-4948-abfd-b5d37f7613f0'}, 'data': <StrDataset for HDF5 dataset "meaning": shape (26,), type "|O">}, 'value': root/acquisition/event_code_meanings/value DatasetBuilder {'attributes': {'description': 'The value of the parent CategoricalVectorData object.', 'namespace': 'hdmf-experimental', 'neurodata_type': 'VectorData', 'object_id': '3bd1baef-dcd7-4d7c-a0f0-25521a082d2d'}, 'data': <HDF5 dataset "value": shape (26,), type "<i8">}}, 'links': {}}, "Could not construct MeaningsTable object due to: MeaningsTable.__init__: missing argument 'target'"))
2026-09-29T17:17:58Z INFO [148/500] 1e414afc-32e4-4d8d-86e8-cd3ae077db23: valid; 1.4 s; peak memory 1654 MiB.
2026-09-29T17:18:00Z WARNING 1e4197d6-cdbc-4534-8bdb-b00692a3aa86: failed while opening the NWB file (ConstructError: (root/acquisition/_iblmic_audioSpectrogram/bands GroupBuilder {'attributes': {'colnames': array(['freq'], dtype=object), 'description': 'spectogram frequencies', 'namespace': 'core', 'neurodata_type': 'FrequencyBandsTable', 'object_id': 'f28faf95-820d-43cd-b707-ce5c38f4721d'}, 'groups': {}, 'datasets': {'freq': root/acquisition/_iblmic_audioSpectrogram/bands/freq DatasetBuilder {'attributes': {'description': 'frequency value', 'namespace': 'hdmf-common', 'neurodata_type': 'VectorData', 'object_id': '26d95bc6-cc37-4cb9-91ce-6072e0905d9e'}, 'data': <HDF5 dataset "freq": shape (257,), type "<f4">}, 'id': root/acquisition/_iblmic_audioSpectrogram/bands/id DatasetBuilder {'attributes': {'namespace': 'hdmf-common', 'neurodata_type': 'ElementIdentifiers', 'object_id': 'e33f929f-fc04-4938-a2b2-fc3cdf339ac9'}, 'data': <HDF5 dataset "id": shape (257,), type "<i4">}}, 'links': {}}, "Could not construct FrequencyBandsTable object due to: column must have the same number of rows as 'id'"))
2026-09-29T17:18:02Z INFO [150/500] 1e41fa62-8169-4a1e-87c0-ba9bd41b112d: valid; 1.8 s; peak memory 1654 MiB.
2026-09-29T17:18:03Z INFO [150/500] 1e41fa62-8169-4a1e-87c0-ba9bd41b112d: checkpointed 84660 records.
2026-09-29T17:18:12Z INFO [151/500] 1e4262f4-6676-4002-8a1b-80c04421b59b: valid; 9.4 s; peak memory 1664 MiB.
2026-09-29T17:18:14Z INFO [152/500] 1e43912e-a575-4855-b588-6c3da0739f87: valid; 1.7 s; peak memory 1667 MiB.
2026-09-29T17:18:24Z INFO [153/500] 1e43d96a-80e3-4819-ba16-6d8e62d9b7b3: valid; 9.9 s; peak memory 1925 MiB.
2026-09-29T17:18:25Z INFO [154/500] 1e43dc32-16fe-4005-b0e4-62fc7f25f79d: valid; 1.7 s; peak memory 1925 MiB.
2026-09-29T17:18:27Z INFO [155/500] 1e44823a-9941-4eb9-846b-6144b66468ba: valid; 1.5 s; peak memory 1925 MiB.
2026-09-29T17:18:32Z INFO [156/500] 1e4530b5-223d-40f5-a1a6-963f5b380225: valid; 5.5 s; peak memory 1925 MiB.
2026-09-29T17:18:34Z INFO [157/500] 1e4545ae-64da-413b-901a-26783890f1ff: valid; 1.8 s; peak memory 1925 MiB.
2026-09-29T17:18:36Z INFO [158/500] 1e45500f-f86e-4b8e-a010-f407f24c97ac: valid; 1.7 s; peak memory 1925 MiB.
2026-09-29T17:18:42Z INFO [159/500] 1e45847e-da40-44a8-9eaa-0a72695f74ac: valid; 6.7 s; peak memory 1925 MiB.
2026-09-29T17:18:49Z INFO [160/500] 1e45ff05-3222-452f-b464-ed06541a0105: valid; 6.8 s; peak memory 1944 MiB.
2026-09-29T17:18:51Z INFO [161/500] 1e4641d9-576b-4569-b934-9c2bc5a0a2d1: valid; 1.3 s; peak memory 1944 MiB.
2026-09-29T17:18:52Z INFO [162/500] 1e464acd-3930-4eeb-a1ac-66ce72809306: valid; 1.2 s; peak memory 1944 MiB.
2026-09-29T17:18:54Z INFO [163/500] 1e466f94-b85d-4dfd-82bf-b5d264430bd2: valid; 1.8 s; peak memory 1944 MiB.
2026-09-29T17:18:55Z INFO [164/500] 1e471860-37c3-4d57-92f9-aa030ac075e2: valid; 1.0 s; peak memory 1944 MiB.
2026-09-29T17:18:56Z WARNING 1e4725fb-a630-45a0-a0fe-a449198f5287: failed while opening the NWB file (ConstructError: (root/acquisition/_iblmic_audioSpectrogram/bands GroupBuilder {'attributes': {'colnames': array(['freq'], dtype=object), 'description': 'spectogram frequencies', 'namespace': 'core', 'neurodata_type': 'FrequencyBandsTable', 'object_id': '99f016b0-9311-468a-a395-0d001b52aa6a'}, 'groups': {}, 'datasets': {'freq': root/acquisition/_iblmic_audioSpectrogram/bands/freq DatasetBuilder {'attributes': {'description': 'frequency value', 'namespace': 'hdmf-common', 'neurodata_type': 'VectorData', 'object_id': '79e997a9-61f0-4885-8aa0-fbbead8216f4'}, 'data': <HDF5 dataset "freq": shape (257,), type "<f4">}, 'id': root/acquisition/_iblmic_audioSpectrogram/bands/id DatasetBuilder {'attributes': {'namespace': 'hdmf-common', 'neurodata_type': 'ElementIdentifiers', 'object_id': '1608a7df-eb50-406c-85b8-f28b6c87dc60'}, 'data': <HDF5 dataset "id": shape (257,), type "<i4">}}, 'links': {}}, "Could not construct FrequencyBandsTable object due to: column must have the same number of rows as 'id'"))
2026-09-29T17:18:58Z INFO [166/500] 1e483306-c597-4433-9b89-8933bc7e4964: valid; 1.3 s; peak memory 1944 MiB.
2026-09-29T17:18:59Z INFO [167/500] 1e488bf4-8a04-4278-b91b-98b21cd7cc7e: valid; 1.0 s; peak memory 1944 MiB.
2026-09-29T17:19:00Z INFO [168/500] 1e48a4f7-b028-4b5c-8dbc-ef2fb1727fc4: valid; 1.8 s; peak memory 1944 MiB.
2026-09-29T17:19:02Z INFO [169/500] 1e48d3c9-09e0-4d5b-8009-4d63bc8d528c: valid; 1.1 s; peak memory 1944 MiB.
2026-09-29T17:19:03Z INFO [170/500] 1e49806c-efe7-46db-ad1f-4c041f2e5181: valid; 1.6 s; peak memory 1944 MiB.
2026-09-29T17:19:05Z INFO [171/500] 1e4a5c88-d748-407e-b2a9-ad245a661657: valid; 1.8 s; peak memory 1944 MiB.
2026-09-29T17:19:05Z WARNING 1e4ae599-4215-4b72-8652-0f12db70f5a7: failed while retrieving asset information from the DANDI API (NotFoundError: No such Dandiset: 000561)
2026-09-29T17:19:06Z INFO [173/500] 1e4b00da-00f6-49fd-b78b-ef3e70cf78ea: valid; 1.2 s; peak memory 1944 MiB.
2026-09-29T17:19:08Z WARNING 1e4b576e-e5f0-43e9-87f8-759c7246a6f5: failed while opening the NWB file (ConstructError: (root/acquisition/event_code_meanings GroupBuilder {'attributes': {'colnames': array(['value', 'meaning'], dtype=object), 'description': 'Mapping integer event codes to event labels', 'namespace': 'ndx-events', 'neurodata_type': 'MeaningsTable', 'object_id': 'a4a0b29a-f758-41ed-b3f1-c8d8b1d571eb'}, 'groups': {}, 'datasets': {'id': root/acquisition/event_code_meanings/id DatasetBuilder {'attributes': {'namespace': 'hdmf-common', 'neurodata_type': 'ElementIdentifiers', 'object_id': '4950a190-82f4-406d-9b14-53c62098a2d1'}, 'data': <HDF5 dataset "id": shape (26,), type "<i8">}, 'meaning': root/acquisition/event_code_meanings/meaning DatasetBuilder {'attributes': {'description': 'The meaning of the value in the parent CategoricalVectorData object.', 'namespace': 'hdmf-experimental', 'neurodata_type': 'VectorData', 'object_id': '527bdaba-3892-4646-bc8c-559a6fd66602'}, 'data': <StrDataset for HDF5 dataset "meaning": shape (26,), type "|O">}, 'value': root/acquisition/event_code_meanings/value DatasetBuilder {'attributes': {'description': 'The value of the parent CategoricalVectorData object.', 'namespace': 'hdmf-experimental', 'neurodata_type': 'VectorData', 'object_id': 'd3dedc9c-6745-46d6-84b3-ddac1d22313e'}, 'data': <HDF5 dataset "value": shape (26,), type "<i8">}}, 'links': {}}, "Could not construct MeaningsTable object due to: MeaningsTable.__init__: missing argument 'target'"))
2026-09-29T17:19:10Z INFO [175/500] 1e4c43b6-9a11-44bd-abcd-1a64bbe0565b: valid; 1.6 s; peak memory 1944 MiB.
2026-09-29T17:19:10Z INFO [176/500] 1e4c8b01-fa49-4a4a-827c-483f4b7d9b64: valid; 0.8 s; peak memory 1944 MiB.
2026-09-29T17:19:12Z INFO [177/500] 1e4d1112-5b19-41d1-af2e-b0c3ff59208e: valid; 2.0 s; peak memory 1944 MiB.
2026-09-29T17:19:15Z INFO [178/500] 1e4d369a-1fd7-4c52-83e0-4f088b9ff972: not valid; 2.3 s; peak memory 1944 MiB.
2026-09-29T17:19:16Z INFO [179/500] 1e4eaab1-e9c2-45d6-93a5-98bc2114d456: not valid; 1.3 s; peak memory 1944 MiB.
2026-09-29T17:19:19Z INFO [180/500] 1e4fcb2f-f5d9-4fc2-b672-da84189189f8: valid; 3.4 s; peak memory 1944 MiB.
2026-09-29T17:19:22Z INFO [181/500] 1e500055-5b6e-4226-a653-28231ab41ecc: valid; 2.4 s; peak memory 1944 MiB.
2026-09-29T17:19:23Z INFO [182/500] 1e51186d-f55a-4e15-a629-4c06dbe92cff: valid; 1.2 s; peak memory 1944 MiB.
2026-09-29T17:19:24Z INFO [183/500] 1e5127c7-76ff-4f04-bd4f-a3b3aa41be0d: valid; 1.2 s; peak memory 1944 MiB.
2026-09-29T17:19:26Z INFO [184/500] 1e5188bf-a964-4ea0-8ed2-07f51729e650: not valid; 1.7 s; peak memory 1944 MiB.
2026-09-29T17:19:27Z INFO [185/500] 1e5255d5-58f1-4c78-a637-9a755a1057cc: not valid; 1.3 s; peak memory 1944 MiB.
2026-09-29T17:19:28Z INFO [186/500] 1e52dcf3-ef98-4faf-8ca5-27bb57018bf6: valid; 1.0 s; peak memory 1944 MiB.
2026-09-29T17:19:30Z INFO [187/500] 1e534020-8f2f-4cc7-b217-08433c4a9769: valid; 1.5 s; peak memory 1944 MiB.
2026-09-29T17:19:32Z INFO [188/500] 1e53576d-9a82-481a-94d2-5c371f4a583c: valid; 1.7 s; peak memory 1944 MiB.
2026-09-29T17:19:33Z INFO [189/500] 1e53a89a-8c34-454f-bbd6-22e356e2183b: valid; 1.0 s; peak memory 1944 MiB.
2026-09-29T17:19:39Z INFO [190/500] 1e5438d1-df9f-400f-ad62-0638fa8a3535: valid; 6.9 s; peak memory 1944 MiB.
2026-09-29T17:19:41Z INFO [191/500] 1e543953-781b-4bfb-ba56-c8cda7a5c068: valid; 1.2 s; peak memory 1944 MiB.
2026-09-29T17:19:42Z INFO [192/500] 1e558d59-0846-487c-9f2c-5d43f3438a3a: valid; 1.1 s; peak memory 1944 MiB.
2026-09-29T17:19:43Z INFO [193/500] 1e55cf84-8ab0-4102-be23-6e1dd6d434e3: not valid; 1.4 s; peak memory 1944 MiB.
2026-09-29T17:19:46Z INFO [194/500] 1e564a1c-3784-4787-9f6b-bf95b72276e3: not valid; 2.4 s; peak memory 1944 MiB.
2026-09-29T17:19:50Z INFO [195/500] 1e565fc0-78ab-4d70-ab4d-b6648410ccb8: not valid; 4.8 s; peak memory 1944 MiB.
2026-09-29T17:19:52Z INFO [196/500] 1e56c09e-d20d-4f45-99d1-86cc5ba984bc: not valid; 1.4 s; peak memory 1944 MiB.
2026-09-29T17:19:54Z INFO [197/500] 1e56f275-347b-47ef-805a-7a7b8a69c8d2: valid; 2.5 s; peak memory 1944 MiB.
2026-09-29T17:19:56Z INFO [198/500] 1e571312-17c1-41cc-81f9-064f0bc676ed: valid; 1.3 s; peak memory 1944 MiB.
2026-09-29T17:19:57Z INFO [199/500] 1e574716-3c5e-48ca-8694-21079f2a149a: valid; 1.2 s; peak memory 1944 MiB.
2026-09-29T17:19:59Z INFO [200/500] 1e576d0c-4ef9-4964-86d4-f31b0ebc4f9a: not valid; 1.6 s; peak memory 1944 MiB.
2026-09-29T17:19:59Z INFO [200/500] 1e576d0c-4ef9-4964-86d4-f31b0ebc4f9a: checkpointed 84710 records.
2026-09-29T17:20:06Z INFO [201/500] 1e57e261-e6bf-4833-9632-2788e08a652b: valid; 6.7 s; peak memory 1944 MiB.
2026-09-29T17:20:07Z WARNING 1e59740e-dfd3-48f4-aa94-7a1d7e8e382d: failed while opening the NWB file (ConstructError: (root/acquisition/event_code_meanings GroupBuilder {'attributes': {'colnames': array(['value', 'meaning'], dtype=object), 'description': 'Mapping integer event codes to event labels', 'namespace': 'ndx-events', 'neurodata_type': 'MeaningsTable', 'object_id': 'f658e1b7-244d-4c83-bbee-00ac91530b56'}, 'groups': {}, 'datasets': {'id': root/acquisition/event_code_meanings/id DatasetBuilder {'attributes': {'namespace': 'hdmf-common', 'neurodata_type': 'ElementIdentifiers', 'object_id': 'b06c26d5-cda2-455f-9f5d-d3a623717304'}, 'data': <HDF5 dataset "id": shape (26,), type "<i8">}, 'meaning': root/acquisition/event_code_meanings/meaning DatasetBuilder {'attributes': {'description': 'The meaning of the value in the parent CategoricalVectorData object.', 'namespace': 'hdmf-experimental', 'neurodata_type': 'VectorData', 'object_id': '41cefa34-a309-4015-867a-86437e3615e0'}, 'data': <StrDataset for HDF5 dataset "meaning": shape (26,), type "|O">}, 'value': root/acquisition/event_code_meanings/value DatasetBuilder {'attributes': {'description': 'The value of the parent CategoricalVectorData object.', 'namespace': 'hdmf-experimental', 'neurodata_type': 'VectorData', 'object_id': '4a2d3440-8aa2-4fe2-81ec-492aed2912c2'}, 'data': <HDF5 dataset "value": shape (26,), type "<i8">}}, 'links': {}}, "Could not construct MeaningsTable object due to: MeaningsTable.__init__: missing argument 'target'"))
2026-09-29T17:20:09Z INFO [203/500] 1e5a4f7f-0a70-4935-8051-17d3a512bab5: not valid; 1.4 s; peak memory 1944 MiB.
2026-09-29T17:20:10Z INFO [204/500] 1e5a6b0f-e6c9-4178-890b-99cb63167675: valid; 1.1 s; peak memory 1944 MiB.
2026-09-29T17:20:12Z INFO [205/500] 1e5aa986-9f56-4ed2-882c-4e2d01f7a431: valid; 1.9 s; peak memory 1944 MiB.
2026-09-29T17:20:13Z INFO [206/500] 1e5b5788-92bb-4366-91ac-3a5f6d13abaf: valid; 1.3 s; peak memory 1944 MiB.
2026-09-29T17:20:13Z WARNING 1e5b7a6d-bc9b-48be-bfb6-eff459d8f57a: failed while retrieving asset information from the DANDI API (NotFoundError: No such Dandiset: 000948)
2026-09-29T17:20:14Z INFO [208/500] 1e5b85e3-d362-4e01-8a05-4a040595a165: valid; 1.2 s; peak memory 1944 MiB.
2026-09-29T17:20:22Z INFO [209/500] 1e5bc793-78c5-4977-8168-769d27ba3103: valid; 7.6 s; peak memory 1944 MiB.
2026-09-29T17:20:24Z INFO [210/500] 1e5bd5f1-73d9-47be-b053-79a7a6a3f2cf: valid; 2.6 s; peak memory 1944 MiB.
2026-09-29T17:20:26Z WARNING 1e5c981b-672e-40b5-93fb-05e1f27277de: failed while opening the NWB file (ConstructError: (root/acquisition/event_code_meanings GroupBuilder {'attributes': {'colnames': array(['value', 'meaning'], dtype=object), 'description': 'Mapping integer event codes to event labels', 'namespace': 'ndx-events', 'neurodata_type': 'MeaningsTable', 'object_id': 'b6d9fe42-35f4-4c44-823b-7b9d90db0db8'}, 'groups': {}, 'datasets': {'id': root/acquisition/event_code_meanings/id DatasetBuilder {'attributes': {'namespace': 'hdmf-common', 'neurodata_type': 'ElementIdentifiers', 'object_id': 'af5779ad-47f6-4211-a15c-b943d7d1facb'}, 'data': <HDF5 dataset "id": shape (26,), type "<i8">}, 'meaning': root/acquisition/event_code_meanings/meaning DatasetBuilder {'attributes': {'description': 'The meaning of the value in the parent CategoricalVectorData object.', 'namespace': 'hdmf-experimental', 'neurodata_type': 'VectorData', 'object_id': '3b42ee98-bb6f-410f-9b64-6b2d04c619be'}, 'data': <StrDataset for HDF5 dataset "meaning": shape (26,), type "|O">}, 'value': root/acquisition/event_code_meanings/value DatasetBuilder {'attributes': {'description': 'The value of the parent CategoricalVectorData object.', 'namespace': 'hdmf-experimental', 'neurodata_type': 'VectorData', 'object_id': 'b3542ed4-7286-4bd8-8f5e-9168d1dd2a38'}, 'data': <HDF5 dataset "value": shape (26,), type "<i8">}}, 'links': {}}, "Could not construct MeaningsTable object due to: MeaningsTable.__init__: missing argument 'target'"))
2026-09-29T17:20:45Z INFO [212/500] 1e5cb76f-0801-47c3-b108-a37b45ee5713: not valid; 19.3 s; peak memory 2003 MiB.
2026-09-29T17:20:47Z INFO [213/500] 1e5cc810-d8a8-4a0b-85fe-0a50540aab03: not valid; 1.7 s; peak memory 2014 MiB.
2026-09-29T17:20:52Z INFO [214/500] 1e5ccd53-8c0a-4c8b-acb0-5e6b185f0542: valid; 4.7 s; peak memory 2018 MiB.
2026-09-29T17:20:53Z INFO [215/500] 1e5d3466-9c64-4715-a93b-c1b51efb40ee: valid; 1.3 s; peak memory 2018 MiB.
2026-09-29T17:20:54Z INFO [216/500] 1e5d39d7-0f81-4213-93d7-dce0c4bf9418: valid; 1.2 s; peak memory 2018 MiB.
2026-09-29T17:20:57Z INFO [217/500] 1e5d59f4-91bd-49f3-8d9c-6b5abfcd6d4b: valid; 2.3 s; peak memory 2018 MiB.
2026-09-29T17:20:58Z INFO [218/500] 1e5eb175-de73-4d34-b263-a94e10184400: not valid; 1.5 s; peak memory 2018 MiB.
2026-09-29T17:21:01Z INFO [219/500] 1e5f244c-c388-4cc0-ad7d-64aee6ed269d: valid; 2.6 s; peak memory 2018 MiB.
2026-09-29T17:21:04Z INFO [220/500] 1e5f37b2-3aee-4f85-b027-8390c879c10c: valid; 3.1 s; peak memory 2018 MiB.
2026-09-29T17:21:05Z INFO [221/500] 1e5f8861-150b-4345-9380-f4f8c42e5dec: not valid; 1.4 s; peak memory 2018 MiB.
2026-09-29T17:21:06Z INFO [222/500] 1e5fec5d-f30a-4516-858a-ce4b405fe4c6: valid; 1.1 s; peak memory 2018 MiB.
2026-09-29T17:21:08Z INFO [223/500] 1e602f26-e203-4ade-b72b-7504dcfaa1ab: valid; 1.6 s; peak memory 2018 MiB.
2026-09-29T17:21:09Z INFO [224/500] 1e625cca-3185-482e-9584-9953607afa67: not valid; 1.3 s; peak memory 2018 MiB.
2026-09-29T17:21:11Z INFO [225/500] 1e62d6b3-bd12-4c14-ac95-2b5bf8a8f590: valid; 1.8 s; peak memory 2018 MiB.
2026-09-29T17:21:12Z INFO [226/500] 1e62eba5-4275-447e-8c0b-fde780347b5f: not valid; 1.3 s; peak memory 2018 MiB.
2026-09-29T17:21:12Z WARNING 1e635829-54a5-410b-a771-f9fd35dc4e47: failed while retrieving asset information from the DANDI API (NotFoundError: No such Dandiset: 000561)
2026-09-29T17:21:23Z INFO [228/500] 1e636078-974c-4168-bfc5-6b4fb162597f: valid; 10.7 s; peak memory 2018 MiB.
2026-09-29T17:21:25Z INFO [229/500] 1e637afc-8118-4757-8b54-257bd3cec8a7: not valid; 1.7 s; peak memory 2018 MiB.
2026-09-29T17:21:27Z INFO [230/500] 1e649a5a-f2ee-4e31-ab15-9a58633cda4b: valid; 2.0 s; peak memory 2018 MiB.
2026-09-29T17:21:28Z INFO [231/500] 1e64cc09-47e8-4d7e-8e15-bee52ddc944e: valid; 1.6 s; peak memory 2018 MiB.
2026-09-29T17:21:33Z INFO [232/500] 1e64da14-45a5-4062-acb3-5889b2f07682: valid; 4.4 s; peak memory 2018 MiB.
2026-09-29T17:21:47Z INFO [233/500] 1e64da71-eb4a-41c2-8d52-3db6218102c5: not valid; 13.8 s; peak memory 2027 MiB.
2026-09-29T17:21:48Z INFO [234/500] 1e64fefa-d213-4f41-8bca-a9b30b9af72d: valid; 1.1 s; peak memory 2028 MiB.
2026-09-29T17:21:49Z INFO [235/500] 1e65f574-31cb-448d-9db1-81ed69ad1860: valid; 1.2 s; peak memory 2029 MiB.
2026-09-29T17:21:50Z INFO [236/500] 1e6694f9-3881-4e36-a0fb-4caf6861b254: not valid; 1.4 s; peak memory 2030 MiB.
2026-09-29T17:21:52Z INFO [237/500] 1e66acd6-9e47-49e1-9910-c5a3e7bc4ea9: valid; 1.8 s; peak memory 2032 MiB.
2026-09-29T17:22:20Z INFO [238/500] 1e66c98f-6498-472f-9f69-02ef5d21bdb7: not valid; 28.0 s; peak memory 2089 MiB.
2026-09-29T17:22:27Z INFO [239/500] 1e67281f-ad16-4509-953b-e8b056fea8ff: valid; 6.5 s; peak memory 2137 MiB.
2026-09-29T17:22:28Z INFO [240/500] 1e6750d3-f130-4107-9a7b-9ade83f045ad: valid; 1.4 s; peak memory 2140 MiB.
2026-09-29T17:22:29Z INFO [241/500] 1e6757a3-97fa-49dc-b77b-ebdb56a226be: valid; 1.1 s; peak memory 2141 MiB.
2026-09-29T17:22:30Z INFO [242/500] 1e67ce39-544d-4e34-ad0f-2c55449b1287: valid; 1.1 s; peak memory 2142 MiB.
2026-09-29T17:22:32Z INFO [243/500] 1e67edad-17d6-43d5-8f8d-2c5988c862f7: valid; 1.2 s; peak memory 2145 MiB.
2026-09-29T17:22:33Z INFO [244/500] 1e681784-00ad-46f5-8cbb-b988d23c0cff: valid; 1.9 s; peak memory 2147 MiB.
2026-09-29T17:22:35Z INFO [245/500] 1e692071-56d4-4ed9-a369-c86b28539c7c: valid; 2.0 s; peak memory 2150 MiB.
2026-09-29T17:22:37Z WARNING 1e69274f-5de6-48e4-9648-0dc80c0bbe95: failed while opening the NWB file (ConstructError: (root/acquisition/_iblmic_audioSpectrogram/bands GroupBuilder {'attributes': {'colnames': array(['freq'], dtype=object), 'description': 'spectogram frequencies', 'namespace': 'core', 'neurodata_type': 'FrequencyBandsTable', 'object_id': '0b3c9cae-5c7f-420a-9f1a-79e58a125ad4'}, 'groups': {}, 'datasets': {'freq': root/acquisition/_iblmic_audioSpectrogram/bands/freq DatasetBuilder {'attributes': {'description': 'frequency value', 'namespace': 'hdmf-common', 'neurodata_type': 'VectorData', 'object_id': '9b7dbcc6-aeed-436d-a1bb-346ccf53768d'}, 'data': <HDF5 dataset "freq": shape (257,), type "<f4">}, 'id': root/acquisition/_iblmic_audioSpectrogram/bands/id DatasetBuilder {'attributes': {'namespace': 'hdmf-common', 'neurodata_type': 'ElementIdentifiers', 'object_id': 'c1cf0c91-341a-4083-91a8-b7c3e45666c8'}, 'data': <HDF5 dataset "id": shape (257,), type "<i4">}}, 'links': {}}, "Could not construct FrequencyBandsTable object due to: column must have the same number of rows as 'id'"))
2026-09-29T17:22:39Z INFO [247/500] 1e692c1f-2417-4707-ba01-c2c93b054d82: valid; 1.9 s; peak memory 2158 MiB.
2026-09-29T17:22:41Z INFO [248/500] 1e6977cd-59ed-42aa-8d49-1ec52beaeeed: valid; 2.4 s; peak memory 2161 MiB.
2026-09-29T17:22:46Z INFO [249/500] 1e69997c-351a-4036-a318-1dfa8b360955: valid; 4.3 s; peak memory 2161 MiB.
2026-09-29T17:22:47Z INFO [250/500] 1e699dae-5ea3-41ea-9327-afdaa079b2ae: valid; 1.1 s; peak memory 2161 MiB.
2026-09-29T17:22:48Z INFO [250/500] 1e699dae-5ea3-41ea-9327-afdaa079b2ae: checkpointed 84760 records.
2026-09-29T17:22:49Z INFO [251/500] 1e69a87f-70f2-40e7-bc0a-b55651fa552b: valid; 1.4 s; peak memory 2161 MiB.
2026-09-29T17:22:51Z INFO [252/500] 1e69bca7-7d53-49d4-8ae1-d1ca5a3c4520: valid; 1.7 s; peak memory 2161 MiB.
2026-09-29T17:22:55Z INFO [253/500] 1e6a8d35-6259-4fd9-9d60-ec663abed3c2: valid; 4.1 s; peak memory 2161 MiB.
2026-09-29T17:22:56Z INFO [254/500] 1e6ade6c-d313-4f02-b215-107c760faafe: valid; 1.6 s; peak memory 2161 MiB.
2026-09-29T17:22:57Z INFO [255/500] 1e6b7c75-04ca-4ace-9f0d-e6b71803393d: valid; 1.1 s; peak memory 2161 MiB.
2026-09-29T17:22:59Z INFO [256/500] 1e6b9856-ca08-4242-b80a-ceff6f356d80: valid; 1.1 s; peak memory 2161 MiB.
2026-09-29T17:23:00Z INFO [257/500] 1e6c1032-d8dd-45ae-922d-c2f94eb81431: valid; 1.7 s; peak memory 2161 MiB.
2026-09-29T17:23:03Z INFO [258/500] 1e6c23b6-61ab-45bb-a2d7-2ffe7819f2a4: valid; 2.6 s; peak memory 2161 MiB.
2026-09-29T17:23:04Z INFO [259/500] 1e6c3de3-74d8-4a33-9d5d-32b6bb6b5af2: valid; 1.2 s; peak memory 2161 MiB.
2026-09-29T17:23:05Z INFO [260/500] 1e6cc801-264d-4904-93ac-2051eac0323d: valid; 1.2 s; peak memory 2161 MiB.
2026-09-29T17:23:07Z INFO [261/500] 1e6cc83c-fb8c-42fd-8850-cee7b49c6d55: valid; 1.3 s; peak memory 2161 MiB.
2026-09-29T17:23:10Z INFO [262/500] 1e6ce91d-5139-47f3-b04a-f49cfba69db0: not valid; 3.4 s; peak memory 2161 MiB.
2026-09-29T17:23:11Z INFO [263/500] 1e6d0b6f-1a55-486f-89c8-42eb4d035f66: valid; 1.2 s; peak memory 2161 MiB.
2026-09-29T17:23:12Z INFO [264/500] 1e6d7e61-d9a3-45a7-a519-86936f83f515: valid; 1.3 s; peak memory 2161 MiB.
2026-09-29T17:24:43Z INFO [265/500] 1e6d94c8-3abe-4732-85e0-4ef45442bd81: not valid; 90.5 s; peak memory 2917 MiB.
2026-09-29T17:24:46Z INFO [266/500] 1e6e1c4c-7ecc-4dd0-a694-9f2e79045b5e: valid; 3.2 s; peak memory 2920 MiB.
2026-09-29T17:24:46Z WARNING 1e6e5fee-70a0-4370-becf-a6bdc29c8c99: failed while retrieving asset information from the DANDI API (NotFoundError: No asset at path 'sub-440956/sub-440956_ses-20190209T150135_behavior+ecephys+ogen.nwb' in version 0.231012.2129. Verify the path is correct and the asset exists in this version. Use 'dandi ls' to list available assets.)
2026-09-29T17:24:52Z INFO [268/500] 1e6e62a0-4c88-45f9-8a94-7a6ac10120e7: valid; 6.2 s; peak memory 2931 MiB.
2026-09-29T17:24:54Z INFO [269/500] 1e6f1c27-e4c3-435c-a46d-f5440cf961ec: valid; 1.6 s; peak memory 2932 MiB.
2026-09-29T17:24:57Z INFO [270/500] 1e6f292d-d837-4b0e-8b73-5383ee17c515: not valid; 2.9 s; peak memory 2932 MiB.
2026-09-29T17:25:00Z INFO [271/500] 1e6f3b21-0cb2-41a3-9619-8308438a3caf: valid; 3.4 s; peak memory 2932 MiB.
2026-09-29T17:25:02Z INFO [272/500] 1e6f3d03-43c2-459e-ad93-0540f6a06abf: not valid; 1.3 s; peak memory 2932 MiB.
2026-09-29T17:25:04Z INFO [273/500] 1e6f4215-9b87-40a2-97c6-965b161c1146: valid; 2.4 s; peak memory 2962 MiB.
2026-09-29T17:25:06Z INFO [274/500] 1e703247-0d41-417e-9d78-aa38d9c8d59f: valid; 2.0 s; peak memory 2962 MiB.
2026-09-29T17:25:09Z INFO [275/500] 1e70532b-240b-4ae1-8f28-d9ca120f4d06: valid; 2.7 s; peak memory 2963 MiB.
2026-09-29T17:25:09Z WARNING 1e70bae3-8933-40c8-8eac-55c66196d53b: failed while retrieving asset information from the DANDI API (NotFoundError: No asset at path 'sub-LG615/sub-LG615_ses-20250916_obj-1ed3l29_ophys.nwb' in version 0.260915.2135. Verify the path is correct and the asset exists in this version. Use 'dandi ls' to list available assets.)
2026-09-29T17:25:10Z INFO [277/500] 1e70c2b8-8a33-4d3d-b3c8-32d6a3ba2e49: not valid; 1.5 s; peak memory 2963 MiB.
2026-09-29T17:25:18Z INFO [278/500] 1e70c574-3344-4f22-bb58-8b1049da8478: valid; 7.1 s; peak memory 2980 MiB.
2026-09-29T17:25:19Z WARNING 1e71028d-9370-456f-a48d-946a35621e5d: failed while opening the NWB file (ConstructError: (root/acquisition/_iblmic_audioSpectrogram/bands GroupBuilder {'attributes': {'colnames': array(['freq'], dtype=object), 'description': 'spectogram frequencies', 'namespace': 'core', 'neurodata_type': 'FrequencyBandsTable', 'object_id': '288785b5-244c-4475-a84d-8a166ed47bb8'}, 'groups': {}, 'datasets': {'freq': root/acquisition/_iblmic_audioSpectrogram/bands/freq DatasetBuilder {'attributes': {'description': 'frequency value', 'namespace': 'hdmf-common', 'neurodata_type': 'VectorData', 'object_id': '53c24c54-b89d-4f48-b71f-fabd443b0faa'}, 'data': <HDF5 dataset "freq": shape (257,), type "<f4">}, 'id': root/acquisition/_iblmic_audioSpectrogram/bands/id DatasetBuilder {'attributes': {'namespace': 'hdmf-common', 'neurodata_type': 'ElementIdentifiers', 'object_id': 'b77bffb7-d293-4090-9a25-f2d0a19a2e54'}, 'data': <HDF5 dataset "id": shape (257,), type "<i4">}}, 'links': {}}, "Could not construct FrequencyBandsTable object due to: column must have the same number of rows as 'id'"))
2026-09-29T17:25:21Z INFO [280/500] 1e7139da-1d6d-41cc-a148-9fd5c3731d87: valid; 1.8 s; peak memory 2983 MiB.
2026-09-29T17:25:22Z INFO [281/500] 1e71550d-5547-4827-8f15-76a7269815da: valid; 1.3 s; peak memory 2983 MiB.
2026-09-29T17:25:24Z WARNING 1e725dbb-223d-40f7-881b-d1597f8152be: failed while opening the NWB file (ConstructError: (root/acquisition/_iblmic_audioSpectrogram/bands GroupBuilder {'attributes': {'colnames': array(['freq'], dtype=object), 'description': 'spectogram frequencies', 'namespace': 'core', 'neurodata_type': 'FrequencyBandsTable', 'object_id': '73aa8192-4475-422a-82b4-6c87e9051c7b'}, 'groups': {}, 'datasets': {'freq': root/acquisition/_iblmic_audioSpectrogram/bands/freq DatasetBuilder {'attributes': {'description': 'frequency value', 'namespace': 'hdmf-common', 'neurodata_type': 'VectorData', 'object_id': 'fbe3fb30-f9c5-47d7-9e2b-47594e467763'}, 'data': <HDF5 dataset "freq": shape (257,), type "<f4">}, 'id': root/acquisition/_iblmic_audioSpectrogram/bands/id DatasetBuilder {'attributes': {'namespace': 'hdmf-common', 'neurodata_type': 'ElementIdentifiers', 'object_id': '28a19b6e-b4a7-45af-92b4-fb0a2d02df3e'}, 'data': <HDF5 dataset "id": shape (257,), type "<i4">}}, 'links': {}}, "Could not construct FrequencyBandsTable object due to: column must have the same number of rows as 'id'"))
2026-09-29T17:25:41Z INFO [283/500] 1e727ea1-fd70-4889-affd-685ab00fb8c2: valid; 17.2 s; peak memory 2985 MiB.
2026-09-29T17:25:43Z INFO [284/500] 1e72dc4f-d328-40a4-8374-23b1b2efd4e1: valid; 1.3 s; peak memory 2985 MiB.
2026-09-29T17:25:45Z INFO [285/500] 1e73724e-bd49-487d-984a-204af8a46b86: valid; 2.0 s; peak memory 2985 MiB.
2026-09-29T17:25:46Z WARNING 1e737351-c272-408e-90f7-91dc79a271b7: failed while opening the NWB file (ConstructError: (root/acquisition/_iblmic_audioSpectrogram/bands GroupBuilder {'attributes': {'colnames': array(['freq'], dtype=object), 'description': 'spectogram frequencies', 'namespace': 'core', 'neurodata_type': 'FrequencyBandsTable', 'object_id': '1ea349f7-cc1e-4363-bdab-9a1c3b9dfd75'}, 'groups': {}, 'datasets': {'freq': root/acquisition/_iblmic_audioSpectrogram/bands/freq DatasetBuilder {'attributes': {'description': 'frequency value', 'namespace': 'hdmf-common', 'neurodata_type': 'VectorData', 'object_id': '59370bae-dd5b-4ab1-ba23-6171b0d9a82b'}, 'data': <HDF5 dataset "freq": shape (257,), type "<f4">}, 'id': root/acquisition/_iblmic_audioSpectrogram/bands/id DatasetBuilder {'attributes': {'namespace': 'hdmf-common', 'neurodata_type': 'ElementIdentifiers', 'object_id': 'f5f5a1ac-f5ee-40ba-873a-c8030630eac2'}, 'data': <HDF5 dataset "id": shape (257,), type "<i4">}}, 'links': {}}, "Could not construct FrequencyBandsTable object due to: column must have the same number of rows as 'id'"))
2026-09-29T17:25:48Z INFO [287/500] 1e7379a8-77e7-4041-8125-43bc344d6e33: valid; 1.9 s; peak memory 2987 MiB.
2026-09-29T17:25:51Z INFO [288/500] 1e73e49f-a635-4fe2-9ef9-cd463aaa1f04: valid; 2.5 s; peak memory 2989 MiB.
2026-09-29T17:25:53Z INFO [289/500] 1e74b3f1-f853-400b-b9a2-20b427e3fdba: valid; 1.9 s; peak memory 2991 MiB.
2026-09-29T17:25:55Z INFO [290/500] 1e7568ee-b21f-452b-8cc9-58f78469a7c4: valid; 1.9 s; peak memory 2993 MiB.
2026-09-29T17:25:56Z INFO [291/500] 1e762bb3-93de-4cf1-838e-044989bc2c1a: valid; 1.1 s; peak memory 2994 MiB.
2026-09-29T17:26:00Z INFO [292/500] 1e765c95-76bf-403a-8917-1c0e5c88da7c: not valid; 4.5 s; peak memory 2998 MiB.
2026-09-29T17:26:02Z INFO [293/500] 1e76893c-8e37-476d-88c3-17a3061f8b0d: valid; 2.3 s; peak memory 3000 MiB.
2026-09-29T17:26:03Z INFO [294/500] 1e7735a5-6eaf-4cb8-b0a1-b7d9b59308e2: valid; 1.0 s; peak memory 3001 MiB.
2026-09-29T17:26:05Z INFO [295/500] 1e77c352-fd91-4724-b255-0707276698df: valid; 1.8 s; peak memory 3002 MiB.
2026-09-29T17:26:06Z INFO [296/500] 1e782904-1356-4126-ae8a-4f72485688f0: not valid; 1.1 s; peak memory 3002 MiB.
2026-09-29T17:26:08Z INFO [297/500] 1e784fbd-443d-434a-8442-f67e90f17e52: valid; 1.4 s; peak memory 3002 MiB.
2026-09-29T17:26:09Z INFO [298/500] 1e796b7f-53a6-4716-998b-63037a43d59a: valid; 1.4 s; peak memory 3002 MiB.
2026-09-29T17:26:12Z INFO [299/500] 1e798893-2475-42ca-82c3-f31bc963e8ce: valid; 2.5 s; peak memory 3002 MiB.
2026-09-29T17:26:15Z INFO [300/500] 1e79c27b-a25b-4127-92b9-d5e3811feeed: valid; 3.1 s; peak memory 3002 MiB.
2026-09-29T17:26:15Z INFO [300/500] 1e79c27b-a25b-4127-92b9-d5e3811feeed: checkpointed 84810 records.
2026-09-29T17:26:18Z INFO [301/500] 1e7a19e2-681b-4518-be20-4a59298ec2ef: valid; 2.4 s; peak memory 3003 MiB.
2026-09-29T17:26:21Z INFO [302/500] 1e7a5910-cb99-4c8a-a101-56f35345be7a: valid; 2.9 s; peak memory 3003 MiB.
2026-09-29T17:26:23Z INFO [303/500] 1e7a908c-adba-4ed1-8829-444b547db4e8: not valid; 2.1 s; peak memory 3008 MiB.
2026-09-29T17:26:24Z INFO [304/500] 1e7b4691-2f14-4f3b-97da-937b48194fca: valid; 1.3 s; peak memory 3011 MiB.
2026-09-29T17:26:25Z INFO [305/500] 1e7bd3bb-d069-4e8f-8012-a5a5db706573: valid; 1.4 s; peak memory 3013 MiB.
2026-09-29T17:26:27Z INFO [306/500] 1e7c4881-a36a-4fd1-8166-af496ea5a746: valid; 1.5 s; peak memory 3013 MiB.
2026-09-29T17:26:34Z INFO [307/500] 1e7c6066-e03b-45e3-8174-b642f7630fa3: valid; 7.5 s; peak memory 3035 MiB.
2026-09-29T17:26:38Z INFO [308/500] 1e7cf9bd-163d-4d6e-81bf-f2c0d27b8b29: valid; 3.4 s; peak memory 3043 MiB.
2026-09-29T17:26:41Z INFO [309/500] 1e7d424f-920d-44da-ac20-ac642854ea02: not valid; 3.2 s; peak memory 3054 MiB.
2026-09-29T17:26:43Z INFO [310/500] 1e7d7951-bef8-4069-b3d5-51c8711433ad: not valid; 1.6 s; peak memory 3059 MiB.
2026-09-29T17:26:45Z INFO [311/500] 1e7dac9e-c4f7-4081-ba68-5f20552dcc77: valid; 2.7 s; peak memory 3069 MiB.
2026-09-29T17:26:46Z INFO [312/500] 1e7e15ae-4650-4795-9005-0b5c903b5ae8: valid; 1.1 s; peak memory 3071 MiB.
2026-09-29T17:26:49Z INFO [313/500] 1e7e868e-203e-4a7c-bba6-ec7ec313e1a8: valid; 2.2 s; peak memory 3074 MiB.
2026-09-29T17:26:50Z INFO [314/500] 1e7ec239-c795-4c56-bd8a-547b1ebe96f2: valid; 1.0 s; peak memory 3074 MiB.
2026-09-29T17:26:51Z WARNING 1e7efa99-5eb2-4ae5-9c51-d66d5805aabe: failed while opening the NWB file (ConstructError: (root/acquisition/_iblmic_audioSpectrogram/bands GroupBuilder {'attributes': {'colnames': array(['freq'], dtype=object), 'description': 'spectogram frequencies', 'namespace': 'core', 'neurodata_type': 'FrequencyBandsTable', 'object_id': '77c893aa-328d-4e74-b295-54ab112e1eb9'}, 'groups': {}, 'datasets': {'freq': root/acquisition/_iblmic_audioSpectrogram/bands/freq DatasetBuilder {'attributes': {'description': 'frequency value', 'namespace': 'hdmf-common', 'neurodata_type': 'VectorData', 'object_id': '16e8bf53-3526-4c9a-b3c2-7459c20ec123'}, 'data': <HDF5 dataset "freq": shape (257,), type "<f4">}, 'id': root/acquisition/_iblmic_audioSpectrogram/bands/id DatasetBuilder {'attributes': {'namespace': 'hdmf-common', 'neurodata_type': 'ElementIdentifiers', 'object_id': 'a758dd73-e00c-4962-bb39-7ded70d5fdfd'}, 'data': <HDF5 dataset "id": shape (257,), type "<i4">}}, 'links': {}}, "Could not construct FrequencyBandsTable object due to: column must have the same number of rows as 'id'"))
2026-09-29T17:28:43Z INFO [316/500] 1e7f6caa-73ba-45cc-bb72-78c225813330: valid; 111.9 s; peak memory 4022 MiB.
2026-09-29T17:28:50Z INFO [317/500] 1e809958-43c1-4dc1-95f3-e09092998ddb: valid; 6.5 s; peak memory 4071 MiB.
2026-09-29T17:28:54Z INFO [318/500] 1e80b2fa-7afc-48ae-9b70-631cdcbf0b53: valid; 4.2 s; peak memory 4083 MiB.
2026-09-29T17:29:03Z INFO [319/500] 1e80ba99-cd44-4217-852d-888bb39ef773: valid; 9.7 s; peak memory 4299 MiB.
2026-09-29T17:29:06Z INFO [320/500] 1e80f391-ae08-4c54-9ab8-c2ce89aef698: valid; 2.7 s; peak memory 4308 MiB.
2026-09-29T17:29:09Z INFO [321/500] 1e8194a9-81df-469f-a793-b7ffe11ae009: valid; 2.5 s; peak memory 4312 MiB.
2026-09-29T17:29:12Z INFO [322/500] 1e81e8fc-5125-4877-9554-c2c9822cb762: valid; 3.7 s; peak memory 4322 MiB.
2026-09-29T17:29:14Z INFO [323/500] 1e821763-ea8e-44d8-9c1f-41d573c1600b: valid; 1.4 s; peak memory 4323 MiB.
2026-09-29T17:29:16Z INFO [324/500] 1e82f29b-248f-4440-b673-17957b0b31de: valid; 1.9 s; peak memory 4331 MiB.
2026-09-29T17:29:17Z INFO [325/500] 1e833a08-bd0c-41cb-ba17-cf09cec1c541: valid; 1.7 s; peak memory 4345 MiB.
2026-09-29T17:29:28Z INFO [326/500] 1e83aebb-f545-4210-8390-32cf8a06540e: not valid; 10.5 s; peak memory 4429 MiB.
2026-09-29T17:29:36Z INFO [327/500] 1e8463e1-a338-445a-b95c-bb0d1a5f15ef: valid; 8.4 s; peak memory 4429 MiB.
2026-09-29T17:29:38Z INFO [328/500] 1e85abf7-0898-4151-894f-67285075b368: not valid; 1.6 s; peak memory 4429 MiB.
2026-09-29T17:29:41Z INFO [329/500] 1e86e783-3812-4c0f-bae6-635f4fa1ecf1: valid; 3.1 s; peak memory 4429 MiB.
2026-09-29T17:29:43Z INFO [330/500] 1e86f827-e3e8-4fdc-8e19-29f200ad8cb2: valid; 2.2 s; peak memory 4429 MiB.
2026-09-29T17:29:44Z INFO [331/500] 1e870aab-1103-411d-93e9-b709113e189e: valid; 1.2 s; peak memory 4429 MiB.
2026-09-29T17:29:47Z INFO [332/500] 1e876e57-e22b-44e4-b0e4-1dd194294ace: valid; 2.5 s; peak memory 4429 MiB.
2026-09-29T17:29:50Z INFO [333/500] 1e87a614-3409-497a-afbd-d78b1020e037: valid; 2.9 s; peak memory 4429 MiB.
2026-09-29T17:29:51Z WARNING 1e87c400-b71b-4d11-b1b7-41ef007c6bc0: failed while opening the NWB file (ConstructError: (root/acquisition/_iblmic_audioSpectrogram/bands GroupBuilder {'attributes': {'colnames': array(['freq'], dtype=object), 'description': 'spectogram frequencies', 'namespace': 'core', 'neurodata_type': 'FrequencyBandsTable', 'object_id': '31005f1b-09a5-4adb-a0a3-0243960f6116'}, 'groups': {}, 'datasets': {'freq': root/acquisition/_iblmic_audioSpectrogram/bands/freq DatasetBuilder {'attributes': {'description': 'frequency value', 'namespace': 'hdmf-common', 'neurodata_type': 'VectorData', 'object_id': '011c751e-1883-4b83-aa9d-2378a0b7fd36'}, 'data': <HDF5 dataset "freq": shape (257,), type "<f4">}, 'id': root/acquisition/_iblmic_audioSpectrogram/bands/id DatasetBuilder {'attributes': {'namespace': 'hdmf-common', 'neurodata_type': 'ElementIdentifiers', 'object_id': 'a814a5f8-05ab-4049-8cd3-2164dc88fc9f'}, 'data': <HDF5 dataset "id": shape (257,), type "<i4">}}, 'links': {}}, "Could not construct FrequencyBandsTable object due to: column must have the same number of rows as 'id'"))
2026-09-29T17:29:53Z INFO [335/500] 1e87d3f5-1a5a-4e34-a582-24940416d1c2: valid; 1.9 s; peak memory 4429 MiB.
2026-09-29T17:29:55Z INFO [336/500] 1e87f4d3-c411-47a7-a722-4e759c6a3903: valid; 1.3 s; peak memory 4429 MiB.
2026-09-29T17:29:56Z INFO [337/500] 1e881cf4-c90e-447d-8c79-16f0b0e5a884: valid; 1.4 s; peak memory 4429 MiB.
2026-09-29T17:29:59Z INFO [338/500] 1e888d12-997e-48e4-a6ab-9f4d6061a66e: not valid; 2.5 s; peak memory 4429 MiB.
2026-09-29T17:30:00Z INFO [339/500] 1e888e34-bb34-496e-9912-190165f13f93: not valid; 1.4 s; peak memory 4429 MiB.
2026-09-29T17:30:04Z INFO [340/500] 1e8898f4-dbc3-40b2-b46b-a5b5f2d155cb: valid; 4.4 s; peak memory 4429 MiB.
2026-09-29T17:30:06Z INFO [341/500] 1e88e326-a75a-4984-9140-787bd8e37773: valid; 1.6 s; peak memory 4429 MiB.
2026-09-29T17:30:07Z INFO [342/500] 1e895afb-2eb8-49b3-a796-cf0cab50623e: valid; 1.2 s; peak memory 4429 MiB.
2026-09-29T17:30:19Z INFO [343/500] 1e89f521-b220-47c8-82d3-488c855bac23: valid; 11.7 s; peak memory 4429 MiB.
2026-09-29T17:30:20Z INFO [344/500] 1e89f61d-8b69-4503-addf-fd56fa10f6ef: valid; 1.0 s; peak memory 4429 MiB.
2026-09-29T17:30:21Z INFO [345/500] 1e8a56fc-1053-4bde-9dba-0178952495af: not valid; 1.3 s; peak memory 4429 MiB.
2026-09-29T17:30:23Z INFO [346/500] 1e8a5944-4136-45af-b05a-fd0660c9e61d: not valid; 1.7 s; peak memory 4429 MiB.
2026-09-29T17:30:25Z INFO [347/500] 1e8b2c58-9e0f-4edc-a764-19323099a612: not valid; 1.8 s; peak memory 4429 MiB.
2026-09-29T17:30:26Z INFO [348/500] 1e8b74b5-4d53-451a-8ab2-a709eef030a4: not valid; 1.1 s; peak memory 4429 MiB.
2026-09-29T17:30:27Z INFO [349/500] 1e8bcb0c-d7e1-41c4-813b-e8f63c0a3689: valid; 1.2 s; peak memory 4429 MiB.
2026-09-29T17:30:28Z INFO [350/500] 1e8c08e6-cef4-4cfd-8140-b601f786ae94: valid; 1.1 s; peak memory 4429 MiB.
2026-09-29T17:30:29Z INFO [350/500] 1e8c08e6-cef4-4cfd-8140-b601f786ae94: checkpointed 84860 records.
2026-09-29T17:30:31Z INFO [351/500] 1e8c598c-bc70-47ab-b7c4-827d04f0bf0b: not valid; 2.0 s; peak memory 4429 MiB.
2026-09-29T17:30:32Z INFO [352/500] 1e8e5c0a-fe92-44fc-9a19-1aef776cd543: valid; 1.1 s; peak memory 4429 MiB.
2026-09-29T17:30:35Z INFO [353/500] 1e8e7891-30b5-4429-b72a-841775224ac5: valid; 2.8 s; peak memory 4429 MiB.
2026-09-29T17:30:51Z INFO [354/500] 1e8f7816-a3a5-4bca-8016-fee628216b8f: not valid; 16.2 s; peak memory 4429 MiB.
2026-09-29T17:30:53Z INFO [355/500] 1e8fb67d-7b8b-4055-8bf9-c5792c77b8b6: valid; 2.4 s; peak memory 4429 MiB.
2026-09-29T17:30:56Z INFO [356/500] 1e909ae5-e457-4682-9b26-db066c70d59e: valid; 3.2 s; peak memory 4429 MiB.
2026-09-29T17:30:58Z INFO [357/500] 1e90ab45-bbf9-4139-8699-d98af802a80f: valid; 1.3 s; peak memory 4429 MiB.
2026-09-29T17:31:00Z INFO [358/500] 1e90ad57-2cee-484a-b20a-e36fb2a2f277: valid; 2.6 s; peak memory 4429 MiB.
2026-09-29T17:31:09Z INFO [359/500] 1e90fbdc-ab86-4515-9ad1-ebdac6aa31b4: valid; 9.0 s; peak memory 4429 MiB.
2026-09-29T17:31:10Z WARNING 1e9104ef-fbdc-4514-803e-61447bbb463d: failed while retrieving asset information from the DANDI API (NotFoundError: No asset at path 'sub-699462/sub-699462_ses-behavior-699462-2024-01-08-11-59-21.nwb' in version 0.260928.2230. Verify the path is correct and the asset exists in this version. Use 'dandi ls' to list available assets.)
2026-09-29T17:31:11Z INFO [361/500] 1e9221bc-bb8b-4d6b-bf2f-492bdeb99f2d: valid; 1.9 s; peak memory 4429 MiB.
2026-09-29T17:31:13Z INFO [362/500] 1e92246a-d63c-40ed-974e-9a56533174e2: valid; 1.9 s; peak memory 4429 MiB.
2026-09-29T17:31:15Z INFO [363/500] 1e9238e8-3739-4b4a-8174-563ca2c05707: valid; 1.7 s; peak memory 4429 MiB.
2026-09-29T17:31:17Z INFO [364/500] 1e9267c2-f947-48b4-987e-f8d05d4fa3d2: valid; 1.7 s; peak memory 4429 MiB.
2026-09-29T17:31:24Z INFO [365/500] 1e929dc7-b4d6-4f44-bb01-6a8bae1dc8a8: not valid; 7.6 s; peak memory 4429 MiB.
2026-09-29T17:31:29Z INFO [366/500] 1e92b646-91f5-4394-84f8-d78a1686a10f: not valid; 4.6 s; peak memory 4429 MiB.
2026-09-29T17:31:30Z INFO [367/500] 1e92dd80-4e3e-4bbf-b5d7-adaedeb62018: not valid; 1.6 s; peak memory 4429 MiB.
2026-09-29T17:31:32Z INFO [368/500] 1e92de4a-7ee4-488e-b246-c28ac3dd5a81: not valid; 1.4 s; peak memory 4429 MiB.
2026-09-29T17:31:34Z INFO [369/500] 1e935329-a13c-4c24-9ff2-47b6ba2f9f60: valid; 2.6 s; peak memory 4429 MiB.
2026-09-29T17:31:37Z INFO [370/500] 1e938da6-b94a-40e9-9758-c9e033bcf70e: valid; 2.1 s; peak memory 4429 MiB.
2026-09-29T17:31:39Z INFO [371/500] 1e93cc92-a2ce-43dd-9848-9ba147d091b5: valid; 2.9 s; peak memory 4429 MiB.
2026-09-29T17:31:51Z INFO [372/500] 1e9431ce-960c-4a94-acce-fdff6a29b3a9: valid; 11.2 s; peak memory 4429 MiB.
2026-09-29T17:31:52Z INFO [373/500] 1e9459be-884f-4481-bb6c-1319fc7a8121: valid; 1.4 s; peak memory 4429 MiB.
2026-09-29T17:31:54Z INFO [374/500] 1e961981-a6f1-407d-9b4b-d6fb2b87f515: valid; 2.1 s; peak memory 4429 MiB.
2026-09-29T17:31:55Z INFO [375/500] 1e961da5-0686-47cb-8c39-1b8b9fa51db1: valid; 1.1 s; peak memory 4429 MiB.
2026-09-29T17:31:57Z INFO [376/500] 1e96b39b-c266-4c99-9605-0bbbfc6a72f4: valid; 1.3 s; peak memory 4429 MiB.
2026-09-29T17:32:11Z INFO [377/500] 1e96e5a5-1ab8-4c11-ae71-9bbd638bd7e5: valid; 14.3 s; peak memory 4429 MiB.
2026-09-29T17:32:14Z INFO [378/500] 1e96ff3d-ea76-4f2a-98ec-df0861b8b97b: not valid; 3.4 s; peak memory 4429 MiB.
2026-09-29T17:32:16Z INFO [379/500] 1e9781de-b0b1-4af9-a7a6-8e3ab54b308a: valid; 1.5 s; peak memory 4429 MiB.
2026-09-29T17:32:17Z INFO [380/500] 1e97d4c3-0063-4a2a-b5ec-1001a95caec1: valid; 1.2 s; peak memory 4429 MiB.
2026-09-29T17:32:18Z INFO [381/500] 1e97db15-32b4-4c41-a8b9-5079db66259d: not valid; 1.2 s; peak memory 4429 MiB.
2026-09-29T17:32:20Z INFO [382/500] 1e98df76-7f85-44d9-958c-c6793bef1c10: valid; 1.3 s; peak memory 4429 MiB.
2026-09-29T17:32:21Z INFO [383/500] 1e994196-dd7d-45b2-ba52-894a67b7c239: valid; 1.6 s; peak memory 4429 MiB.
2026-09-29T17:32:24Z INFO [384/500] 1e99f970-901e-4f16-a734-4f99aac71af5: valid; 3.0 s; peak memory 4429 MiB.
2026-09-29T17:32:30Z INFO [385/500] 1e9a2a7d-8544-4daf-a974-fe52f0eaffd8: valid; 5.9 s; peak memory 4429 MiB.
2026-09-29T17:32:32Z INFO [386/500] 1e9a3944-cb9a-4d13-9fcf-c4139f827b80: valid; 1.9 s; peak memory 4429 MiB.
2026-09-29T17:32:33Z INFO [387/500] 1e9a6c96-46ba-4365-9622-8ba4b582f559: valid; 1.2 s; peak memory 4429 MiB.
2026-09-29T17:32:34Z INFO [388/500] 1e9ba0c7-a37e-4d28-9f5c-7c331421bdc0: valid; 1.2 s; peak memory 4429 MiB.
2026-09-29T17:32:36Z INFO [389/500] 1e9bd411-634b-4c03-bd20-d9bf8ef78d50: not valid; 1.3 s; peak memory 4429 MiB.
2026-09-29T17:32:42Z INFO [390/500] 1e9c6382-b4ad-4d1f-9fdc-3a5fcf453572: valid; 6.4 s; peak memory 4429 MiB.
2026-09-29T17:32:44Z INFO [391/500] 1e9c861a-a86f-4fb0-bb9a-5aca70e5b36f: valid; 2.0 s; peak memory 4429 MiB.
2026-09-29T17:32:46Z INFO [392/500] 1e9cfcf3-f0ca-4053-92e5-9c0957d8c4e0: valid; 2.1 s; peak memory 4429 MiB.
2026-09-29T17:32:48Z INFO [393/500] 1e9d360f-80f8-445c-bd29-a1e744a2d1b6: not valid; 1.5 s; peak memory 4429 MiB.
2026-09-29T17:32:54Z INFO [394/500] 1e9d4735-8114-45bb-b9ba-3626ee46ce96: valid; 6.3 s; peak memory 4429 MiB.
2026-09-29T17:32:56Z INFO [395/500] 1e9d4c60-5086-45d3-8921-24011c2c93da: valid; 2.1 s; peak memory 4429 MiB.
2026-09-29T17:32:58Z INFO [396/500] 1e9d5f6a-43f2-4799-b829-2b494b92a063: valid; 2.2 s; peak memory 4429 MiB.
2026-09-29T17:33:00Z INFO [397/500] 1e9eacdf-b8cf-4124-a50c-abc5c8e4b81e: valid; 2.0 s; peak memory 4429 MiB.
2026-09-29T17:33:02Z INFO [398/500] 1e9ef94f-7138-4e4b-a069-22c48baa64e9: not valid; 1.7 s; peak memory 4429 MiB.
2026-09-29T17:33:09Z INFO [399/500] 1e9f1e19-165c-4f7c-8b4c-11037a5ef5d8: valid; 7.5 s; peak memory 4429 MiB.
2026-09-29T17:33:11Z INFO [400/500] 1e9f252e-5a0b-45ca-88b0-d23d2cf186d5: valid; 1.2 s; peak memory 4429 MiB.
2026-09-29T17:33:11Z INFO [400/500] 1e9f252e-5a0b-45ca-88b0-d23d2cf186d5: checkpointed 84910 records.
2026-09-29T17:33:13Z INFO [401/500] 1e9f46c3-ea17-4e41-b6e8-b8ebc964c4ce: valid; 1.9 s; peak memory 4429 MiB.
2026-09-29T17:33:22Z INFO [402/500] 1e9f7bb5-7263-4a2e-9140-a6e6875a98e0: valid; 8.4 s; peak memory 4429 MiB.
2026-09-29T17:33:23Z INFO [403/500] 1e9fdf6e-a144-4dac-987b-0d110aee8986: valid; 1.8 s; peak memory 4429 MiB.
2026-09-29T17:33:25Z INFO [404/500] 1ea0681e-3a52-46e6-8aa7-fa537baa23ea: valid; 2.0 s; peak memory 4429 MiB.
2026-09-29T17:33:27Z INFO [405/500] 1ea097ac-5479-4668-83fc-22c7ee67994e: not valid; 1.4 s; peak memory 4429 MiB.
2026-09-29T17:33:28Z INFO [406/500] 1ea13fdd-f5a4-4a40-8a68-cce176184ec3: not valid; 1.3 s; peak memory 4429 MiB.
2026-09-29T17:33:29Z INFO [407/500] 1ea14f45-0c40-47f7-8478-54c430adc742: valid; 1.2 s; peak memory 4429 MiB.
2026-09-29T17:33:31Z INFO [408/500] 1ea1a62b-1297-4ad5-b77a-b9432157a9dd: valid; 1.9 s; peak memory 4429 MiB.
2026-09-29T17:33:34Z INFO [409/500] 1ea1b061-ad5d-43d1-be92-ee5aa92a4f91: valid; 3.0 s; peak memory 4429 MiB.
2026-09-29T17:33:36Z INFO [410/500] 1ea25f6a-0ede-401c-80af-c50510e49998: not valid; 1.7 s; peak memory 4429 MiB.
2026-09-29T17:33:38Z INFO [411/500] 1ea29d0b-dfca-4545-921a-e2633c9d59c0: valid; 1.8 s; peak memory 4429 MiB.
2026-09-29T17:33:40Z INFO [412/500] 1ea30c71-7fd1-4675-ba9b-bbe5b531ebc5: valid; 2.6 s; peak memory 4429 MiB.
2026-09-29T17:33:50Z INFO [413/500] 1ea31720-c965-4707-9ccf-bf661f7f9fce: valid; 10.3 s; peak memory 4429 MiB.
2026-09-29T17:33:52Z INFO [414/500] 1ea37ab4-42a8-4e7f-b47a-9ecdcaeae4df: valid; 1.1 s; peak memory 4429 MiB.
2026-09-29T17:33:53Z INFO [415/500] 1ea3afa8-e886-45de-9f87-e72a2cfb47ba: not valid; 1.4 s; peak memory 4429 MiB.
2026-09-29T17:34:01Z INFO [416/500] 1ea3cf27-0ea7-4ccc-b18e-0545106b3240: valid; 8.3 s; peak memory 4429 MiB.
2026-09-29T17:34:10Z INFO [417/500] 1ea3dc9b-5dde-47e3-a8b7-5323cb606944: not valid; 8.6 s; peak memory 4429 MiB.
2026-09-29T17:34:13Z INFO [418/500] 1ea3dd66-6fd9-44d1-89c8-b4668bf60e5a: valid; 2.9 s; peak memory 4429 MiB.
2026-09-29T17:34:16Z INFO [419/500] 1ea45909-d33e-4f8b-87d4-0fb1f260154a: not valid; 3.8 s; peak memory 4429 MiB.
2026-09-29T17:34:21Z INFO [420/500] 1ea471c2-8763-4be1-8443-68ee30e58212: valid; 4.7 s; peak memory 4429 MiB.
2026-09-29T17:34:24Z INFO [421/500] 1ea57394-d530-4e0e-8da1-5411587cdb0a: valid; 2.5 s; peak memory 4429 MiB.
2026-09-29T17:34:25Z INFO [422/500] 1ea59514-f3f6-48b0-83d6-9d116716d14b: not valid; 1.4 s; peak memory 4429 MiB.
2026-09-29T17:34:27Z INFO [423/500] 1ea5af70-e1d3-4401-b48a-f5abeba618fb: valid; 1.9 s; peak memory 4429 MiB.
2026-09-29T17:34:28Z INFO [424/500] 1ea5f2db-9e0f-4c88-a1df-04cbbfd7f4ac: valid; 1.1 s; peak memory 4429 MiB.
2026-09-29T17:34:33Z INFO [425/500] 1ea610e7-5473-4c33-b4dd-054fa0f55ad5: valid; 5.0 s; peak memory 4429 MiB.
2026-09-29T17:34:39Z INFO [426/500] 1ea61541-8d2c-4295-bdce-29b235af790c: valid; 5.6 s; peak memory 4429 MiB.
2026-09-29T17:34:40Z INFO [427/500] 1ea623a1-7900-4d25-bac2-a16e9b4f9551: valid; 1.3 s; peak memory 4429 MiB.
2026-09-29T17:34:41Z INFO [428/500] 1ea63502-e4fc-428c-a937-23016491837c: valid; 1.0 s; peak memory 4429 MiB.
2026-09-29T17:34:42Z INFO [429/500] 1ea67dc1-2abf-4453-9009-4553766e6dd3: not valid; 1.4 s; peak memory 4429 MiB.
2026-09-29T17:34:44Z INFO [430/500] 1ea6e167-ac58-45e0-a272-5b8b30b156e7: valid; 1.7 s; peak memory 4429 MiB.
2026-09-29T17:34:46Z INFO [431/500] 1ea74a85-d81b-49bd-be6b-817ddb194ba4: valid; 1.9 s; peak memory 4429 MiB.
2026-09-29T17:34:47Z INFO [432/500] 1ea7763d-47e1-4078-859d-10490a0acf51: valid; 0.9 s; peak memory 4429 MiB.
2026-09-29T17:34:49Z INFO [433/500] 1ea77803-3b91-46c3-b0b1-d98c82060469: valid; 2.2 s; peak memory 4429 MiB.
2026-09-29T17:34:51Z INFO [434/500] 1ea7b62d-7d3b-4875-85f5-9bf204e4b68e: valid; 1.6 s; peak memory 4429 MiB.
2026-09-29T17:34:53Z INFO [435/500] 1ea7f936-5a31-423b-84c6-e3102903363e: valid; 1.9 s; peak memory 4429 MiB.
2026-09-29T17:34:55Z INFO [436/500] 1ea8cdbb-cd8b-4cd1-8533-8e9e2136ea66: not valid; 2.2 s; peak memory 4429 MiB.
2026-09-29T17:34:57Z INFO [437/500] 1ea8ddb8-b24b-4050-929e-21bdd4afb0d8: valid; 2.3 s; peak memory 4429 MiB.
2026-09-29T17:35:00Z INFO [438/500] 1ea8e554-9054-4a07-b15c-9fc0c567eb85: valid; 3.3 s; peak memory 4429 MiB.
2026-09-29T17:35:02Z INFO [439/500] 1ea934da-2c5f-4f7f-b595-525b9c0ee158: valid; 1.9 s; peak memory 4429 MiB.
2026-09-29T17:35:03Z INFO [440/500] 1ea93a3d-d8a7-4f52-a3d0-9e60ecc4e875: valid; 1.2 s; peak memory 4429 MiB.
2026-09-29T17:35:24Z INFO [441/500] 1eaaa194-fbd8-47a0-ad35-d5a711db605e: not valid; 20.3 s; peak memory 4429 MiB.
2026-09-29T17:35:25Z INFO [442/500] 1eaab4ce-8f84-495b-b1a2-58ee6418f0e3: not valid; 1.4 s; peak memory 4429 MiB.
2026-09-29T17:35:29Z INFO [443/500] 1eaaf3e0-dc16-4606-9de5-75cc73c82bb5: not valid; 3.5 s; peak memory 4429 MiB.
2026-09-29T17:35:30Z INFO [444/500] 1eab086d-e3e1-4af3-99da-5aed6144a22f: valid; 1.6 s; peak memory 4429 MiB.
2026-09-29T17:35:32Z INFO [445/500] 1eab6b4c-b7d2-4002-b285-3efd93a3e804: valid; 1.7 s; peak memory 4429 MiB.
2026-09-29T17:35:45Z INFO [446/500] 1eab796b-7aa2-4558-9b27-f241108350ad: valid; 12.8 s; peak memory 4429 MiB.
2026-09-29T17:35:47Z INFO [447/500] 1eab799c-2a16-4374-8d26-a759f4d57f3a: valid; 2.6 s; peak memory 4429 MiB.
2026-09-29T17:35:50Z INFO [448/500] 1eabdc9e-0075-4712-9a24-b5ca3a8ee5a8: valid; 3.0 s; peak memory 4429 MiB.
2026-09-29T17:35:51Z INFO [449/500] 1eabdf30-b9ca-4a50-bfc5-15560383815b: valid; 1.1 s; peak memory 4429 MiB.
2026-09-29T17:36:02Z INFO [450/500] 1eabe2df-dd25-4164-8d62-cab8be9fa83c: valid; 10.6 s; peak memory 4429 MiB.
2026-09-29T17:36:03Z INFO [450/500] 1eabe2df-dd25-4164-8d62-cab8be9fa83c: checkpointed 84960 records.
2026-09-29T17:36:10Z INFO [451/500] 1eabe521-1fd6-4796-818d-2f93aa3770c7: valid; 7.0 s; peak memory 4429 MiB.
2026-09-29T17:36:15Z INFO [452/500] 1eac10b8-492b-4fa6-9cbe-33eab26d1591: valid; 5.2 s; peak memory 4429 MiB.
2026-09-29T17:36:16Z INFO [453/500] 1eac2da8-f1dd-4f40-8a40-acfccfc2d8ff: valid; 1.1 s; peak memory 4429 MiB.
2026-09-29T17:36:17Z INFO [454/500] 1eac8e58-f29e-44a6-8493-c0dd8d7af3b2: valid; 1.3 s; peak memory 4429 MiB.
2026-09-29T17:36:21Z INFO [455/500] 1eacbbed-0412-4108-969f-068c3fa08cd5: not valid; 3.5 s; peak memory 4429 MiB.
2026-09-29T17:36:25Z INFO [456/500] 1ead59f1-2692-41cc-a8a5-dc1dab812ae1: valid; 3.9 s; peak memory 4429 MiB.
2026-09-29T17:36:26Z INFO [457/500] 1ead6d91-9077-4b1c-9043-9206069452d3: valid; 1.2 s; peak memory 4429 MiB.
2026-09-29T17:36:27Z INFO [458/500] 1eaddfdd-1c07-4d1b-bae0-ddcdcfe64442: valid; 1.3 s; peak memory 4429 MiB.
2026-09-29T17:36:29Z INFO [459/500] 1eadef4b-51f1-42d9-a7cd-4ca3c7e13096: valid; 1.9 s; peak memory 4429 MiB.
2026-09-29T17:36:31Z INFO [460/500] 1eae8032-4d89-4ec1-8e34-26dd1a9f1d83: valid; 1.7 s; peak memory 4429 MiB.
2026-09-29T17:36:32Z INFO [461/500] 1eaeb15b-e2f7-4d9e-99c1-6207829cdaa5: valid; 1.8 s; peak memory 4429 MiB.
2026-09-29T17:36:33Z INFO [462/500] 1eaec016-5a85-439c-b2f0-81fe093d2242: valid; 1.1 s; peak memory 4429 MiB.
2026-09-29T17:36:35Z INFO [463/500] 1eaf009f-738c-4c85-9890-1b655fd8304a: not valid; 1.4 s; peak memory 4429 MiB.
2026-09-29T17:36:49Z INFO [464/500] 1eaf01b7-f99d-4499-b9e7-f93416d43664: valid; 13.9 s; peak memory 4429 MiB.
2026-09-29T17:36:49Z WARNING 1eaf030a-ff3d-41e3-84bc-6cb7a8996346: failed while retrieving asset information from the DANDI API (NotFoundError: No asset at path 'sub-EPCNHP2/sub-EPCNHP2_ses-2020-08-31-005_ecephys.nwb' in version 0.240701.1903. Verify the path is correct and the asset exists in this version. Use 'dandi ls' to list available assets.)
2026-09-29T17:36:51Z INFO [466/500] 1eaf5c8d-64c6-44cb-80a0-f38af90068f9: not valid; 1.5 s; peak memory 4429 MiB.
2026-09-29T17:36:52Z INFO [467/500] 1eb0013d-939e-43ee-9d0d-ff5658568ec2: valid; 1.8 s; peak memory 4429 MiB.
2026-09-29T17:36:54Z INFO [468/500] 1eb02b07-5b75-4b98-a4dc-da4deb71d758: not valid; 1.6 s; peak memory 4429 MiB.
2026-09-29T17:36:56Z INFO [469/500] 1eb044c6-d471-4492-bb74-17cdf2769cf6: valid; 2.1 s; peak memory 4429 MiB.
2026-09-29T17:36:58Z INFO [470/500] 1eb0ace7-96cf-4ac3-a8c3-ae72432e8fa3: valid; 2.2 s; peak memory 4429 MiB.
2026-09-29T17:36:59Z INFO [471/500] 1eb10b37-837a-46ab-8d91-28e56afb7460: valid; 1.1 s; peak memory 4429 MiB.
2026-09-29T17:37:07Z INFO [472/500] 1eb1b9ae-0f49-4de2-8ead-3fdcc2944ca4: valid; 7.5 s; peak memory 4429 MiB.
2026-09-29T17:37:14Z INFO [473/500] 1eb1e405-18ab-4eca-a1c4-4fadc8a584a4: valid; 7.1 s; peak memory 4467 MiB.
2026-09-29T17:37:16Z INFO [474/500] 1eb20f25-e04c-4198-b93c-b5b5a7eae1c6: valid; 1.9 s; peak memory 4467 MiB.
2026-09-29T17:37:17Z INFO [475/500] 1eb22c92-3804-40f9-8d10-b9b557867d5a: not valid; 1.5 s; peak memory 4467 MiB.
2026-09-29T17:37:19Z INFO [476/500] 1eb24a58-a79e-4565-9eae-cf87fcb0f5b3: valid; 1.9 s; peak memory 4467 MiB.
2026-09-29T17:37:21Z INFO [477/500] 1eb31f9c-d268-466f-9a99-677a41d02e34: valid; 1.9 s; peak memory 4476 MiB.
2026-09-29T17:37:23Z INFO [478/500] 1eb36de2-76a8-4869-8b8c-2d5606b5ad7c: not valid; 1.5 s; peak memory 4476 MiB.
2026-09-29T17:37:24Z INFO [479/500] 1eb3845d-d021-4dd4-8100-3391299bebe4: valid; 1.7 s; peak memory 4477 MiB.
2026-09-29T17:37:26Z INFO [480/500] 1eb3a38e-0344-44b1-8b0a-8560cee0026a: not valid; 1.4 s; peak memory 4477 MiB.
2026-09-29T17:37:27Z INFO [481/500] 1eb5295a-67ee-4f73-9737-6c68fa6ca049: valid; 1.1 s; peak memory 4477 MiB.
2026-09-29T17:37:29Z INFO [482/500] 1eb6047c-419c-4da4-bbad-24bb67218a43: valid; 1.9 s; peak memory 4478 MiB.
2026-09-29T17:37:31Z INFO [483/500] 1eb6f561-22aa-45af-9654-b722e478ef69: valid; 1.8 s; peak memory 4479 MiB.
2026-09-29T17:37:32Z INFO [484/500] 1eb71723-e1ea-4dd9-9f46-2d943ca3ce00: valid; 1.1 s; peak memory 4479 MiB.
2026-09-29T17:37:37Z INFO [485/500] 1eb77909-6771-45b3-b25f-be892c433c12: valid; 5.0 s; peak memory 4485 MiB.
2026-09-29T17:37:39Z INFO [486/500] 1eb7c05c-d8cc-4fb0-86b7-2ae49474f0c8: valid; 2.3 s; peak memory 4485 MiB.
2026-09-29T17:37:57Z INFO [487/500] 1eb7d596-41ce-473c-8660-46f6686e2180: valid; 17.9 s; peak memory 4510 MiB.
2026-09-29T17:37:58Z INFO [488/500] 1eb86a7a-7879-407d-a3b4-fda2875e2ed9: not valid; 1.4 s; peak memory 4512 MiB.
2026-09-29T17:37:59Z WARNING 1eb8d41b-f3f7-42d7-bd17-92b272d613aa: failed while retrieving asset information from the DANDI API (NotFoundError: No such Dandiset: 000948)
2026-09-29T17:38:02Z INFO [490/500] 1eb93f37-97b7-4477-9e5a-5d85f66f06df: not valid; 3.4 s; peak memory 4514 MiB.
2026-09-29T17:38:03Z INFO [491/500] 1eb957d7-94cd-4215-9906-912a4eed3011: valid; 0.9 s; peak memory 4514 MiB.
2026-09-29T17:38:13Z INFO [492/500] 1eba4c5c-81bb-4d9c-ac92-6e5000ee2e2f: valid; 10.0 s; peak memory 4531 MiB.
2026-09-29T17:38:15Z INFO [493/500] 1ebb8b16-13d8-4d66-a190-ded4e94d2c65: not valid; 2.0 s; peak memory 4531 MiB.
2026-09-29T17:38:17Z INFO [494/500] 1ebc2400-36a7-4d3f-8da6-0ca9eb0a2c9d: valid; 1.7 s; peak memory 4531 MiB.
2026-09-29T17:38:19Z INFO [495/500] 1ebc8302-8c2a-456b-bdda-e8e3d818a70d: valid; 2.9 s; peak memory 4531 MiB.
2026-09-29T17:38:21Z INFO [496/500] 1ebd24ba-bf27-43c0-8fd9-5c66d5eec055: valid; 1.3 s; peak memory 4531 MiB.
2026-09-29T17:38:22Z INFO [497/500] 1ebd7dc4-49d7-42ed-b93a-9db7dfd1a099: not valid; 1.3 s; peak memory 4531 MiB.
2026-09-29T17:38:24Z INFO [498/500] 1ebe30f1-be02-4a74-be7f-b59188a04baf: valid; 1.7 s; peak memory 4531 MiB.
2026-09-29T17:38:27Z INFO [499/500] 1ebe5fc5-be13-4e4d-b2b0-286703b85e0b: valid; 2.8 s; peak memory 4531 MiB.
2026-09-29T17:40:13Z INFO [500/500] 1ebe7044-7dda-4763-9f7a-6c00fa8db0e1: valid; 106.6 s; peak memory 4679 MiB.
2026-09-29T17:40:14Z INFO [500/500] 1ebe7044-7dda-4763-9f7a-6c00fa8db0e1: checkpointed 85010 records.
2026-09-29T17:40:14Z INFO Wrote 85010 records to /tmp/derivatives/content_id_to_valid_nwb_file.jsonl (475 new, 25 failed) in 31.5 min (peak memory 4679 MiB).
