2026-09-20T10:12:40Z INFO Logging to /tmp/logs/update_2026-09-20T10-12-40Z.log.
2026-09-20T10:12:40Z INFO Update content-id-to-valid-nwb-file (base directory /tmp).
2026-09-20T10:12:42Z INFO Processing 500 items (71010 already recorded).
2026-09-20T10:12:44Z INFO [1/500] 00e36e78-caf6-43db-ae84-71e3a02b5122: valid; 1.6 s; peak memory 338 MiB.
2026-09-20T10:12:50Z INFO [2/500] 00f15f38-bce9-441b-b55e-12956eee2592: valid; 5.6 s; peak memory 496 MiB.
2026-09-20T10:12:54Z INFO [3/500] 013b6125-db3c-4024-8f34-b4880e79406c: valid; 4.2 s; peak memory 496 MiB.
2026-09-20T10:12:59Z INFO [4/500] 0185c834-bca9-47aa-a30c-331cb6a35143: valid; 4.6 s; peak memory 546 MiB.
2026-09-20T10:13:00Z INFO [5/500] 01a9fffc-f243-4d53-b7c1-69f10b682dae: valid; 1.3 s; peak memory 548 MiB.
2026-09-20T10:13:01Z INFO [6/500] 0213d4a7-a1f7-4d08-bb5e-b16d22514a52: valid; 1.3 s; peak memory 549 MiB.
2026-09-20T10:13:05Z INFO [7/500] 027c833a-981b-4e5f-8b01-85f182f76fcd: valid; 3.4 s; peak memory 603 MiB.
2026-09-20T10:13:09Z INFO [8/500] 035f86c6-c72b-48b9-b645-0b7ef297a304: valid; 4.8 s; peak memory 780 MiB.
2026-09-20T10:13:11Z INFO [9/500] 03f85366-5aea-45fb-a203-36a6495c0705: valid; 1.3 s; peak memory 780 MiB.
2026-09-20T10:13:12Z INFO [10/500] 044cb660-5eed-472a-afee-70bc24f706a6: valid; 1.2 s; peak memory 780 MiB.
2026-09-20T10:13:13Z INFO [11/500] 04c3d246-eb00-4ca2-a600-f1c0b56f16eb: valid; 1.4 s; peak memory 780 MiB.
2026-09-20T10:13:18Z INFO [12/500] 04fdd2ad-76a3-48d1-99eb-81988085af64: valid; 4.9 s; peak memory 780 MiB.
2026-09-20T10:13:21Z INFO [13/500] 06cc677f-00c9-429c-b595-8b27223e4b5d: valid; 3.4 s; peak memory 780 MiB.
2026-09-20T10:13:25Z INFO [14/500] 08cde427-3ffe-46bd-b773-182a2fe5f1b7: valid; 3.7 s; peak memory 780 MiB.
2026-09-20T10:13:26Z INFO [15/500] 0935e4a8-b86f-4780-8d3d-d1334ff5a883: valid; 1.2 s; peak memory 780 MiB.
2026-09-20T10:13:28Z INFO [16/500] 09647473-9101-4fb0-922e-709ce062b2fc: valid; 1.2 s; peak memory 782 MiB.
2026-09-20T10:13:30Z INFO [17/500] 09649dfe-e39e-4b6d-be0a-bd553b9fa1c4: valid; 2.0 s; peak memory 793 MiB.
2026-09-20T10:13:33Z INFO [18/500] 0964c458-fa1d-49a2-92d5-70d6483681ff: valid; 3.5 s; peak memory 896 MiB.
2026-09-20T10:13:36Z INFO [19/500] 0964f5cc-5a00-49b5-adda-efacc865d60b: not valid; 2.9 s; peak memory 899 MiB.
2026-09-20T10:13:40Z INFO [20/500] 0965063a-ec06-496e-971c-bf70db2e4b6e: valid; 3.8 s; peak memory 899 MiB.
2026-09-20T10:13:41Z INFO [21/500] 096590cf-9e03-487d-a42b-8bbedd28667e: not valid; 1.3 s; peak memory 899 MiB.
2026-09-20T10:13:43Z INFO [22/500] 0965967a-4578-40d6-b493-8f295916b866: valid; 2.3 s; peak memory 900 MiB.
2026-09-20T10:13:44Z INFO [23/500] 0965a0db-2575-4514-8b91-2a7dde8031e7: valid; 0.9 s; peak memory 900 MiB.
2026-09-20T10:13:56Z INFO [24/500] 0965b501-4165-43eb-91a8-33bf8463f3ef: valid; 11.5 s; peak memory 927 MiB.
2026-09-20T10:13:57Z INFO [25/500] 0965fd7f-4e91-477d-b54d-d5680d3c8bf8: valid; 1.0 s; peak memory 930 MiB.
2026-09-20T10:14:07Z INFO [26/500] 09661b05-133f-4878-953e-5c1c994fd881: valid; 10.6 s; peak memory 1203 MiB.
2026-09-20T10:14:11Z INFO [27/500] 0966b8cb-a048-4c2b-97b9-105e66057ddc: not valid; 3.4 s; peak memory 1203 MiB.
2026-09-20T10:14:13Z INFO [28/500] 09678cee-b092-4785-b239-8f2c27f5a8ea: valid; 1.9 s; peak memory 1203 MiB.
2026-09-20T10:14:15Z INFO [29/500] 096870fa-46a5-4ae1-8dd4-6eeb17e6268f: valid; 2.1 s; peak memory 1203 MiB.
2026-09-20T10:14:16Z INFO [30/500] 096882dc-16ba-464d-9fc7-69c875a53b3d: not valid; 1.0 s; peak memory 1203 MiB.
2026-09-20T10:14:25Z INFO [31/500] 09689164-a484-4774-b000-bb5cf233a52a: valid; 9.0 s; peak memory 1203 MiB.
2026-09-20T10:14:25Z INFO [32/500] 09693b32-e697-439c-aeff-e866efe7f2ba: not valid; 0.8 s; peak memory 1203 MiB.
2026-09-20T10:14:27Z INFO [33/500] 0969cdf0-6dda-405a-91ec-e6f81a697bf9: valid; 1.4 s; peak memory 1213 MiB.
2026-09-20T10:14:28Z INFO [34/500] 096ad175-aa40-4bcc-a544-410c504d7f1a: valid; 1.4 s; peak memory 1223 MiB.
2026-09-20T10:14:30Z INFO [35/500] 096b25fc-9709-46c0-b002-0a4fb99e2c58: not valid; 1.4 s; peak memory 1228 MiB.
2026-09-20T10:14:37Z INFO [36/500] 096b5d55-86cc-4aa0-b0d8-e58d3242d6c6: valid; 7.7 s; peak memory 1297 MiB.
2026-09-20T10:14:39Z INFO [37/500] 096b5f13-1341-4928-aec2-b9a05fd21afe: valid; 1.9 s; peak memory 1304 MiB.
2026-09-20T10:14:41Z INFO [38/500] 096c0315-7c72-479b-a605-887ed6b23b98: valid; 1.6 s; peak memory 1304 MiB.
2026-09-20T10:14:42Z INFO [39/500] 096c10b0-3ec8-47dd-9bd4-bf9bc3bf0759: valid; 1.1 s; peak memory 1304 MiB.
2026-09-20T10:14:43Z INFO [40/500] 096c2ffb-59f3-4447-b009-7edb16b32383: not valid; 1.1 s; peak memory 1304 MiB.
2026-09-20T10:14:51Z INFO [41/500] 096c4a64-33ae-475e-a94f-b9d01c39ce9f: valid; 8.3 s; peak memory 1304 MiB.
2026-09-20T10:14:53Z INFO [42/500] 096c8d97-5cb6-4267-857e-ec1126eb88d5: valid; 1.4 s; peak memory 1304 MiB.
2026-09-20T10:14:54Z INFO [43/500] 096c9603-192e-4828-9a0a-1dad67e6e701: not valid; 1.3 s; peak memory 1304 MiB.
2026-09-20T10:14:55Z INFO [44/500] 096ca5c6-9169-4ffa-b17b-f3763b5450c9: valid; 0.8 s; peak memory 1304 MiB.
2026-09-20T10:14:56Z INFO [45/500] 096cde7d-d7f9-469c-943d-4de8645bb7fd: valid; 1.1 s; peak memory 1304 MiB.
2026-09-20T10:14:58Z INFO [46/500] 096e0e47-2d48-456c-b634-4c0597147224: valid; 1.7 s; peak memory 1304 MiB.
2026-09-20T10:15:00Z INFO [47/500] 096e1b12-c699-4bdd-9afe-c2379b5760bd: valid; 2.9 s; peak memory 1304 MiB.
2026-09-20T10:15:01Z INFO [48/500] 096e279a-268c-4571-80ae-2f05602cc3e5: valid; 0.9 s; peak memory 1304 MiB.
2026-09-20T10:15:02Z INFO [49/500] 096e36bf-5cc6-4d69-8ef8-5d7e28eac581: valid; 1.1 s; peak memory 1304 MiB.
2026-09-20T10:15:04Z INFO [50/500] 096ec7c1-8d81-48b9-a94b-f6149e9e0d4b: valid; 1.7 s; peak memory 1304 MiB.
2026-09-20T10:15:05Z INFO [50/500] 096ec7c1-8d81-48b9-a94b-f6149e9e0d4b: checkpointed 71060 records.
2026-09-20T10:15:06Z INFO [51/500] 09708e20-2f1a-4f38-a466-07e3fd17526a: not valid; 1.2 s; peak memory 1304 MiB.
2026-09-20T10:15:15Z INFO [52/500] 0971564d-fd17-4cee-aef9-0ac264f80551: valid; 8.8 s; peak memory 1304 MiB.
2026-09-20T10:15:24Z INFO [53/500] 09719691-2817-4c0a-89d2-0723f9dda4aa: valid; 9.5 s; peak memory 1304 MiB.
2026-09-20T10:15:26Z INFO [54/500] 0971d353-04b8-4766-8ac2-c6edbe01aa03: valid; 2.2 s; peak memory 1304 MiB.
2026-09-20T10:15:28Z INFO [55/500] 0971e254-5d1e-4b40-b5d4-b27d35c5669c: valid; 1.5 s; peak memory 1304 MiB.
2026-09-20T10:15:37Z INFO [56/500] 0971f66e-131d-4f60-a28f-5e4a16d461b4: valid; 9.0 s; peak memory 1304 MiB.
2026-09-20T10:15:39Z INFO [57/500] 0972c602-425e-46b9-9dd0-54d4f2054ee9: valid; 2.2 s; peak memory 1304 MiB.
2026-09-20T10:15:44Z INFO [58/500] 097326a9-ce81-4cc6-accf-90601610927a: valid; 4.8 s; peak memory 1304 MiB.
2026-09-20T10:15:45Z INFO [59/500] 09736553-2d7a-4fec-9901-0899dad1037d: valid; 1.3 s; peak memory 1304 MiB.
2026-09-20T10:15:46Z INFO [60/500] 09749398-5605-434e-8d9c-0fc8ef234203: valid; 0.9 s; peak memory 1304 MiB.
2026-09-20T10:15:47Z INFO [61/500] 0974cbbe-5f53-4103-b40e-930d8c336f77: not valid; 1.1 s; peak memory 1304 MiB.
2026-09-20T10:15:49Z INFO [62/500] 09758102-67dd-4c82-9d4c-892d914ff0d6: valid; 1.3 s; peak memory 1305 MiB.
2026-09-20T10:15:49Z INFO [63/500] 09758ed7-74eb-4827-a10f-4025786b8a52: valid; 0.7 s; peak memory 1306 MiB.
2026-09-20T10:15:51Z INFO [64/500] 0975cba6-deac-40ee-b038-de45cbb0d924: not valid; 1.3 s; peak memory 1312 MiB.
2026-09-20T10:15:52Z INFO [65/500] 09760d37-dff6-410c-8631-f2f245d5a740: valid; 1.5 s; peak memory 1322 MiB.
2026-09-20T10:15:56Z INFO [66/500] 097637b6-16dc-4c24-b996-60300e80fbf8: valid; 3.9 s; peak memory 1350 MiB.
2026-09-20T10:15:57Z INFO [67/500] 09778676-459e-4ca8-8c72-95024be617c7: valid; 1.2 s; peak memory 1360 MiB.
2026-09-20T10:16:05Z INFO [68/500] 09779add-14c8-421c-a25e-0fa5c2825452: valid; 7.5 s; peak memory 1416 MiB.
2026-09-20T10:16:06Z INFO [69/500] 0977bee1-108e-496f-82b4-9dc73698c310: valid; 1.7 s; peak memory 1427 MiB.
2026-09-20T10:16:08Z WARNING 097861d8-342a-4fdd-a436-dbde3410ea43: failed while opening the NWB file (ConstructError: (root/acquisition/_iblmic_audioSpectrogram/bands GroupBuilder {'attributes': {'colnames': array(['freq'], dtype=object), 'description': 'spectogram frequencies', 'namespace': 'core', 'neurodata_type': 'FrequencyBandsTable', 'object_id': 'd9c456c8-0b78-4cb9-935c-8fdf6c1f1805'}, 'groups': {}, 'datasets': {'freq': root/acquisition/_iblmic_audioSpectrogram/bands/freq DatasetBuilder {'attributes': {'description': 'frequency value', 'namespace': 'hdmf-common', 'neurodata_type': 'VectorData', 'object_id': '8210de16-1b03-4d0e-bf7f-3d91ff6f70db'}, 'data': <HDF5 dataset "freq": shape (257,), type "<f4">}, 'id': root/acquisition/_iblmic_audioSpectrogram/bands/id DatasetBuilder {'attributes': {'namespace': 'hdmf-common', 'neurodata_type': 'ElementIdentifiers', 'object_id': '604aa3fe-40a7-40bf-a16b-ac0bd4218691'}, 'data': <HDF5 dataset "id": shape (257,), type "<i4">}}, 'links': {}}, "Could not construct FrequencyBandsTable object due to: column must have the same number of rows as 'id'"))
2026-09-20T10:16:09Z INFO [71/500] 09787e91-e112-4fed-9d58-ea550ec157ff: valid; 0.8 s; peak memory 1427 MiB.
2026-09-20T10:16:10Z INFO [72/500] 0978ec2c-e737-441f-9a46-544ae275d097: valid; 1.0 s; peak memory 1427 MiB.
2026-09-20T10:16:12Z INFO [73/500] 0978f18f-f73f-4afc-a7cf-1b5384bff6a0: not valid; 2.7 s; peak memory 1427 MiB.
2026-09-20T10:16:16Z INFO [74/500] 097a2674-7b2a-4749-bb4a-bb9aa3fd89c4: valid; 3.4 s; peak memory 1427 MiB.
2026-09-20T10:16:17Z INFO [75/500] 097a47b2-2805-4931-8909-6b7403439366: valid; 1.6 s; peak memory 1427 MiB.
2026-09-20T10:16:18Z INFO [76/500] 097a6748-8c7e-4809-89ac-8bfb6d58187f: valid; 1.3 s; peak memory 1427 MiB.
2026-09-20T10:16:20Z INFO [77/500] 097a9f0e-f601-45a8-b707-fc704ac7a2e4: valid; 1.4 s; peak memory 1427 MiB.
2026-09-20T10:16:22Z INFO [78/500] 097b5d39-cce5-45d8-8862-1004be1a9975: valid; 2.3 s; peak memory 1427 MiB.
2026-09-20T10:16:23Z INFO [79/500] 097b6c38-4bc3-4b64-a1c8-8988e32a5847: not valid; 1.1 s; peak memory 1427 MiB.
2026-09-20T10:16:24Z INFO [80/500] 097b79b2-e990-4fb4-9d37-fa97ed7365e2: valid; 1.2 s; peak memory 1427 MiB.
2026-09-20T10:16:30Z INFO [81/500] 097bec89-e9c7-4bda-8e79-14368edface3: valid; 5.5 s; peak memory 1427 MiB.
2026-09-20T10:16:40Z INFO [82/500] 097c1611-fba1-45af-8aaf-0d702cc3a579: valid; 10.0 s; peak memory 1439 MiB.
2026-09-20T10:16:42Z INFO [83/500] 097c8604-5a22-4102-85d5-e390887eb7a5: valid; 2.2 s; peak memory 1449 MiB.
2026-09-20T10:16:43Z INFO [84/500] 097cb182-3e9a-409c-bda4-10552bcf528d: not valid; 1.2 s; peak memory 1452 MiB.
2026-09-20T10:16:45Z INFO [85/500] 097cc0d2-413d-4bdd-b884-bcc51665d12a: not valid; 1.3 s; peak memory 1462 MiB.
2026-09-20T10:16:46Z INFO [86/500] 097d83f6-38ae-4b25-a026-0345ce4d5aaa: not valid; 1.2 s; peak memory 1467 MiB.
2026-09-20T10:16:48Z INFO [87/500] 097e0cbe-3acf-4d83-ac45-a4b659e5973d: valid; 1.8 s; peak memory 1469 MiB.
2026-09-20T10:16:49Z INFO [88/500] 097ebc97-057b-401d-adf1-33988d8e5e3e: not valid; 1.2 s; peak memory 1474 MiB.
2026-09-20T10:16:50Z INFO [89/500] 097f26c1-72ba-4817-a5cc-702a00fa4782: valid; 1.0 s; peak memory 1477 MiB.
2026-09-20T10:17:50Z INFO [90/500] 097f77c7-f16b-41a4-bb00-d034f1c47022: valid; 59.9 s; peak memory 1702 MiB.
2026-09-20T10:17:52Z INFO [91/500] 097f9bd1-5424-4708-8ebc-e3c105a09146: valid; 2.5 s; peak memory 1702 MiB.
2026-09-20T10:17:53Z INFO [92/500] 097fc834-edcb-45a0-b708-1514cd47597e: valid; 0.8 s; peak memory 1702 MiB.
2026-09-20T10:18:09Z INFO [93/500] 097fe1be-7132-4ffa-a9f5-039cb46ff725: valid; 15.4 s; peak memory 1775 MiB.
2026-09-20T10:18:10Z INFO [94/500] 0980544d-2f3d-4e84-8434-79306ace519f: valid; 1.9 s; peak memory 1775 MiB.
2026-09-20T10:18:13Z INFO [95/500] 09806577-a6dd-40bc-b353-8ad30208ee48: valid; 2.7 s; peak memory 1779 MiB.
2026-09-20T10:18:14Z INFO [96/500] 09812abd-9c25-4f44-a0db-3b2703aace86: valid; 1.0 s; peak memory 1782 MiB.
2026-09-20T10:18:15Z INFO [97/500] 09816c4d-a116-4dc3-9288-e54266f81a2e: not valid; 1.1 s; peak memory 1786 MiB.
2026-09-20T10:18:17Z INFO [98/500] 0981e14f-5998-4a9a-948f-16cc5a60b9c3: valid; 1.6 s; peak memory 1793 MiB.
2026-09-20T10:18:19Z INFO [99/500] 09821e01-8cf5-491f-b209-ca5d24a6d834: valid; 1.7 s; peak memory 1817 MiB.
2026-09-20T10:18:19Z INFO [100/500] 0982ec1e-efc0-4cd7-9311-6dd5633040dc: valid; 0.9 s; peak memory 1817 MiB.
2026-09-20T10:18:20Z INFO [100/500] 0982ec1e-efc0-4cd7-9311-6dd5633040dc: checkpointed 71110 records.
2026-09-20T10:18:22Z INFO [101/500] 09830cd2-8098-432a-9dc7-a1f3a51c2ed9: not valid; 1.5 s; peak memory 1823 MiB.
2026-09-20T10:18:23Z INFO [102/500] 09839265-d654-4f80-878d-921116eeb4ae: valid; 1.6 s; peak memory 1829 MiB.
2026-09-20T10:18:24Z INFO [103/500] 0984734e-6522-4cef-831f-88ced1a0a592: valid; 1.0 s; peak memory 1829 MiB.
2026-09-20T10:18:26Z INFO [104/500] 098498d9-c19f-4c99-ad75-0540b9d64d53: valid; 1.5 s; peak memory 1829 MiB.
2026-09-20T10:18:33Z INFO [105/500] 098518aa-e4af-4bcc-815a-ac8ac2e9e647: valid; 7.8 s; peak memory 1829 MiB.
2026-09-20T10:18:33Z WARNING 09854714-d3bd-41bf-acf2-5163d781487e: failed while retrieving asset information from the DANDI API (NotFoundError: No asset at path 'sub-F5/sub-F5_ses-20190411T210000_behavior+ophys.nwb' in version 0.260415.1712. Verify the path is correct and the asset exists in this version. Use 'dandi ls' to list available assets.)
2026-09-20T10:18:35Z INFO [107/500] 09859fcd-7b65-46da-82ca-f7c7847d93f5: not valid; 1.2 s; peak memory 1829 MiB.
2026-09-20T10:18:36Z INFO [108/500] 0985ecca-20d5-4cc7-ad11-6774ca94d910: valid; 1.3 s; peak memory 1830 MiB.
2026-09-20T10:18:37Z INFO [109/500] 098629b8-ec82-4e96-a44e-35120dc9a1c5: valid; 0.9 s; peak memory 1830 MiB.
2026-09-20T10:18:40Z INFO [110/500] 09863d29-45e3-4c10-bb53-9892503be146: valid; 3.5 s; peak memory 1842 MiB.
2026-09-20T10:18:41Z INFO [111/500] 098658b6-345f-45f4-baee-b81cf571d3b8: valid; 0.9 s; peak memory 1845 MiB.
2026-09-20T10:18:43Z INFO [112/500] 0986ee54-ce44-4a57-b051-690dcb2e0b51: not valid; 1.6 s; peak memory 1849 MiB.
2026-09-20T10:18:44Z INFO [113/500] 09873620-65a5-46f0-8014-6d5cd88cf751: valid; 1.3 s; peak memory 1849 MiB.
2026-09-20T10:18:46Z INFO [114/500] 0987651e-b826-43b9-92e6-4c4a556017f8: valid; 2.0 s; peak memory 1849 MiB.
2026-09-20T10:18:48Z INFO [115/500] 09876954-1e33-4a79-a74e-a7b299326cf1: valid; 1.8 s; peak memory 1849 MiB.
2026-09-20T10:18:49Z INFO [116/500] 098784f5-269a-4339-a344-e26adcb52b9e: valid; 1.4 s; peak memory 1852 MiB.
2026-09-20T10:18:50Z INFO [117/500] 09878df6-ffb5-4791-8f12-7b3b1694127c: valid; 0.8 s; peak memory 1854 MiB.
2026-09-20T10:18:52Z INFO [118/500] 0987b974-011e-4e2e-9c59-8664a6b9981e: valid; 1.3 s; peak memory 1854 MiB.
2026-09-20T10:18:53Z WARNING 09882664-54e2-47af-852f-c9d361a38331: failed while opening the NWB file (ConstructError: (root/acquisition/_iblmic_audioSpectrogram/bands GroupBuilder {'attributes': {'colnames': array(['freq'], dtype=object), 'description': 'spectogram frequencies', 'namespace': 'core', 'neurodata_type': 'FrequencyBandsTable', 'object_id': '1a0309b5-5281-46ff-94dc-169e96df594c'}, 'groups': {}, 'datasets': {'freq': root/acquisition/_iblmic_audioSpectrogram/bands/freq DatasetBuilder {'attributes': {'description': 'frequency value', 'namespace': 'hdmf-common', 'neurodata_type': 'VectorData', 'object_id': 'e1e37831-1b91-4c6d-9c08-8be8c1702963'}, 'data': <HDF5 dataset "freq": shape (257,), type "<f4">}, 'id': root/acquisition/_iblmic_audioSpectrogram/bands/id DatasetBuilder {'attributes': {'namespace': 'hdmf-common', 'neurodata_type': 'ElementIdentifiers', 'object_id': 'd081d613-369a-4513-b67b-de9b30e82aff'}, 'data': <HDF5 dataset "id": shape (257,), type "<i4">}}, 'links': {}}, "Could not construct FrequencyBandsTable object due to: column must have the same number of rows as 'id'"))
2026-09-20T10:18:54Z INFO [120/500] 0988f42f-3a50-49ad-aefd-bab16bf4d485: valid; 0.7 s; peak memory 1854 MiB.
2026-09-20T10:18:56Z INFO [121/500] 09893102-0066-42eb-9de0-27a956283466: valid; 1.9 s; peak memory 1854 MiB.
2026-09-20T10:18:58Z INFO [122/500] 098a33c9-4d81-497f-b0ad-0eb6ec3b664b: valid; 2.6 s; peak memory 1854 MiB.
2026-09-20T10:19:00Z INFO [123/500] 098a72e4-ac54-485d-9dc4-e0bcdf510773: valid; 1.2 s; peak memory 1854 MiB.
2026-09-20T10:19:24Z INFO [124/500] 098acbd4-1092-41bf-b91c-144c81df0f9d: not valid; 24.0 s; peak memory 1865 MiB.
2026-09-20T10:19:26Z INFO [125/500] 098b770d-46dc-445d-b28a-d851db3f9389: valid; 2.3 s; peak memory 1868 MiB.
2026-09-20T10:19:28Z INFO [126/500] 098b92b2-31cc-400c-8595-8b1180065031: not valid; 1.8 s; peak memory 1870 MiB.
2026-09-20T10:19:29Z INFO [127/500] 098bcde2-22d5-44e6-84ba-78bb75b28dcc: valid; 1.6 s; peak memory 1871 MiB.
2026-09-20T10:19:31Z INFO [128/500] 098c0ea8-29dc-43a1-bd33-c10ae5437531: valid; 1.2 s; peak memory 1871 MiB.
2026-09-20T10:19:33Z INFO [129/500] 098c2ea4-71c2-435a-a98b-07c72ad5eef9: valid; 2.4 s; peak memory 1872 MiB.
2026-09-20T10:19:34Z INFO [130/500] 098c5d34-41dc-4945-beda-a39bfe386d56: valid; 0.8 s; peak memory 1872 MiB.
2026-09-20T10:19:35Z INFO [131/500] 098cb89b-a258-4c4f-80fd-e1b9e3e1d4e3: valid; 0.9 s; peak memory 1873 MiB.
2026-09-20T10:19:35Z INFO [132/500] 098d37dd-fe4f-4a1d-8d88-17348ee86af1: valid; 0.8 s; peak memory 1873 MiB.
2026-09-20T10:19:36Z INFO [133/500] 098ee658-eae9-4985-9ba3-979a0ecf5640: valid; 0.8 s; peak memory 1874 MiB.
2026-09-20T10:19:37Z INFO [134/500] 098ef410-b85c-4731-bba8-073970e949c9: valid; 1.2 s; peak memory 1875 MiB.
2026-09-20T10:19:39Z INFO [135/500] 09908b44-d72a-46e1-8d86-c6e673a5cf22: valid; 2.0 s; peak memory 1878 MiB.
2026-09-20T10:19:40Z INFO [136/500] 09912a0a-113f-46d3-9c0b-465c99e950d2: valid; 0.9 s; peak memory 1880 MiB.
2026-09-20T10:19:41Z INFO [137/500] 09912d28-b899-4a85-a876-13f3621f5a3b: valid; 0.9 s; peak memory 1883 MiB.
2026-09-20T10:19:43Z INFO [138/500] 09914e95-3f57-4091-a558-3c8596f7b3bf: valid; 1.4 s; peak memory 1885 MiB.
2026-09-20T10:19:43Z INFO [139/500] 09915080-2307-46b3-a0e6-1b375d2f3de7: valid; 0.8 s; peak memory 1885 MiB.
2026-09-20T10:19:45Z INFO [140/500] 0992388d-e7d4-4507-8f1d-ef635e2bb4e9: valid; 1.6 s; peak memory 1894 MiB.
2026-09-20T10:19:46Z INFO [141/500] 0992feb4-9e86-4b42-9520-f3b95cab0e05: valid; 1.1 s; peak memory 1896 MiB.
2026-09-20T10:19:47Z INFO [142/500] 09931d97-340c-4f81-8584-01925c16af77: valid; 1.5 s; peak memory 1899 MiB.
2026-09-20T10:19:48Z INFO [143/500] 09935913-d8b2-46b3-9354-336e4d294710: valid; 0.9 s; peak memory 1900 MiB.
2026-09-20T10:19:49Z INFO [144/500] 099382f5-eba9-4711-bf8d-0578e0bf2ee0: not valid; 1.2 s; peak memory 1904 MiB.
2026-09-20T10:19:51Z INFO [145/500] 0993e62f-43b8-432d-8c50-2d75139cb74d: valid; 1.4 s; peak memory 1907 MiB.
2026-09-20T10:19:52Z INFO [146/500] 09941135-e381-45c2-93e5-f84547c53e8d: valid; 1.5 s; peak memory 1914 MiB.
2026-09-20T10:19:54Z WARNING 09941c29-3399-491f-8eb4-61c27c69b6bf: failed while opening the NWB file (ConstructError: (root/acquisition/_iblmic_audioSpectrogram/bands GroupBuilder {'attributes': {'colnames': array(['freq'], dtype=object), 'description': 'spectogram frequencies', 'namespace': 'core', 'neurodata_type': 'FrequencyBandsTable', 'object_id': '39e8390b-3fc3-48c1-8a2a-eabe8e30b0e1'}, 'groups': {}, 'datasets': {'freq': root/acquisition/_iblmic_audioSpectrogram/bands/freq DatasetBuilder {'attributes': {'description': 'frequency value', 'namespace': 'hdmf-common', 'neurodata_type': 'VectorData', 'object_id': '18ed8158-9a12-47ad-949a-c140e5fb86a6'}, 'data': <HDF5 dataset "freq": shape (257,), type "<f4">}, 'id': root/acquisition/_iblmic_audioSpectrogram/bands/id DatasetBuilder {'attributes': {'namespace': 'hdmf-common', 'neurodata_type': 'ElementIdentifiers', 'object_id': '986a1db1-52d1-47d5-8769-e06ebeef5f2a'}, 'data': <HDF5 dataset "id": shape (257,), type "<i4">}}, 'links': {}}, "Could not construct FrequencyBandsTable object due to: column must have the same number of rows as 'id'"))
2026-09-20T10:19:56Z INFO [148/500] 09942284-43db-47d4-9c07-cbe5dcb22d83: not valid; 2.7 s; peak memory 1914 MiB.
2026-09-20T10:19:58Z INFO [149/500] 09944479-3b08-456b-a802-6054f85c4fb5: valid; 1.5 s; peak memory 1916 MiB.
2026-09-20T10:19:59Z INFO [150/500] 099477a0-00c5-45cf-8897-83e37ab591d9: not valid; 0.9 s; peak memory 1917 MiB.
2026-09-20T10:19:59Z INFO [150/500] 099477a0-00c5-45cf-8897-83e37ab591d9: checkpointed 71160 records.
2026-09-20T10:20:02Z INFO [151/500] 0994e286-75f0-4610-a6ea-8a13a59f52f6: not valid; 3.1 s; peak memory 1920 MiB.
2026-09-20T10:20:04Z INFO [152/500] 09952dc7-2be6-4580-936c-627e0fb4c6c8: valid; 2.0 s; peak memory 1957 MiB.
2026-09-20T10:20:07Z INFO [153/500] 0995ba65-03e9-4da2-9684-77432458481c: valid; 2.8 s; peak memory 1957 MiB.
2026-09-20T10:20:08Z INFO [154/500] 09960847-dc23-465d-bd5f-9fb9f2235525: not valid; 1.4 s; peak memory 1957 MiB.
2026-09-20T10:20:10Z INFO [155/500] 0996344e-c6e3-4c16-be54-fd85c940dcc8: not valid; 1.1 s; peak memory 1959 MiB.
2026-09-20T10:20:11Z INFO [156/500] 0996ade8-1d65-4162-ae52-1aa1a14b8b56: valid; 1.4 s; peak memory 1970 MiB.
2026-09-20T10:20:12Z INFO [157/500] 0996c572-4126-40d6-92ab-ce42dda3ab48: valid; 1.1 s; peak memory 1974 MiB.
2026-09-20T10:20:13Z INFO [158/500] 099744a0-cfb3-4292-a489-61f36302466a: valid; 1.1 s; peak memory 1976 MiB.
2026-09-20T10:20:14Z INFO [159/500] 0997c584-645e-4a5e-9021-88f3fd499a91: valid; 0.8 s; peak memory 1979 MiB.
2026-09-20T10:20:15Z INFO [160/500] 0997e173-ab09-4756-967a-a4f5f91a638f: valid; 1.0 s; peak memory 1982 MiB.
2026-09-20T10:20:16Z INFO [161/500] 0998f241-7141-4798-92e6-010da116b2fa: not valid; 0.9 s; peak memory 1982 MiB.
2026-09-20T10:20:18Z INFO [162/500] 099b9e20-da06-4179-928d-97dca9a9b7ef: valid; 2.3 s; peak memory 1986 MiB.
2026-09-20T10:20:19Z INFO [163/500] 099befe8-0e5c-4c72-a0e8-142492ba88f0: not valid; 1.1 s; peak memory 1989 MiB.
2026-09-20T10:20:22Z INFO [164/500] 099c01fa-643f-4f7e-bb25-3629c575c8ed: not valid; 2.8 s; peak memory 1994 MiB.
2026-09-20T10:20:24Z INFO [165/500] 099c2628-125f-48f4-89eb-53ddf1c08381: valid; 1.5 s; peak memory 1994 MiB.
2026-09-20T10:20:25Z WARNING 099e1c33-a1eb-4bfa-81ab-0ab92d551748: failed while opening the NWB file (ConstructError: (root/acquisition/_iblmic_audioSpectrogram/bands GroupBuilder {'attributes': {'colnames': array(['freq'], dtype=object), 'description': 'spectogram frequencies', 'namespace': 'core', 'neurodata_type': 'FrequencyBandsTable', 'object_id': '219e40ee-367a-45a4-9581-0afdc9798f49'}, 'groups': {}, 'datasets': {'freq': root/acquisition/_iblmic_audioSpectrogram/bands/freq DatasetBuilder {'attributes': {'description': 'frequency value', 'namespace': 'hdmf-common', 'neurodata_type': 'VectorData', 'object_id': '4506c4fa-8ad5-48b5-babe-62e6744cb0f3'}, 'data': <HDF5 dataset "freq": shape (257,), type "<f4">}, 'id': root/acquisition/_iblmic_audioSpectrogram/bands/id DatasetBuilder {'attributes': {'namespace': 'hdmf-common', 'neurodata_type': 'ElementIdentifiers', 'object_id': '22f59ada-4cdd-4b1b-899f-302465a8c02d'}, 'data': <HDF5 dataset "id": shape (257,), type "<i4">}}, 'links': {}}, "Could not construct FrequencyBandsTable object due to: column must have the same number of rows as 'id'"))
2026-09-20T10:20:27Z INFO [167/500] 099e8143-8a03-4d4e-98b2-83fb9015dd95: not valid; 2.2 s; peak memory 1994 MiB.
2026-09-20T10:20:29Z INFO [168/500] 099e984f-8b0c-49e3-aeae-2bddecce2e4a: not valid; 2.4 s; peak memory 1994 MiB.
2026-09-20T10:20:30Z INFO [169/500] 099f065d-bd89-4b48-80da-502135396a96: not valid; 0.9 s; peak memory 1994 MiB.
2026-09-20T10:20:31Z INFO [170/500] 099f0a6c-43be-4e9f-8e5e-fe20c1008049: valid; 0.8 s; peak memory 1994 MiB.
2026-09-20T10:20:33Z INFO [171/500] 099fb701-58e9-4309-9ab9-ba0bb72b4635: valid; 2.1 s; peak memory 1994 MiB.
2026-09-20T10:20:34Z INFO [172/500] 09a01dd2-5e08-44b8-a032-4a5cd214f602: not valid; 1.2 s; peak memory 1994 MiB.
2026-09-20T10:20:47Z INFO [173/500] 09a0751f-a0c3-4674-b8f4-396a15352ac5: valid; 12.1 s; peak memory 2059 MiB.
2026-09-20T10:20:47Z INFO [174/500] 09a179da-9a63-4bff-82c5-c09dba85c341: not valid; 0.9 s; peak memory 2062 MiB.
2026-09-20T10:20:48Z INFO [175/500] 09a1fb5f-9469-41fa-bab7-476fcbdfc76e: valid; 0.8 s; peak memory 2064 MiB.
2026-09-20T10:21:04Z INFO [176/500] 09a2676d-83de-4779-834b-4178a3827b27: valid; 15.7 s; peak memory 2125 MiB.
2026-09-20T10:21:05Z INFO [177/500] 09a31724-5e58-4bcd-a6da-6757624a17a1: valid; 1.4 s; peak memory 2125 MiB.
2026-09-20T10:21:06Z INFO [178/500] 09a389c2-ad16-41e0-acf7-1a2a69b4ea6b: not valid; 0.8 s; peak memory 2125 MiB.
2026-09-20T10:21:07Z INFO [179/500] 09a3df34-15f7-4547-8e5a-b12876443942: not valid; 1.0 s; peak memory 2125 MiB.
2026-09-20T10:22:57Z INFO [180/500] 09a3f3e8-30a9-4e06-b78c-19f97cebe968: valid; 109.9 s; peak memory 2589 MiB.
2026-09-20T10:22:58Z INFO [181/500] 09a406bf-7d58-4f73-83e4-6d2be8f9f20c: valid; 1.3 s; peak memory 2589 MiB.
2026-09-20T10:22:59Z INFO [182/500] 09a4332c-a177-4419-b191-fccf857bca7f: valid; 1.0 s; peak memory 2589 MiB.
2026-09-20T10:23:05Z INFO [183/500] 09a4a979-7198-4db6-b31f-c38a11fa059f: valid; 6.2 s; peak memory 2589 MiB.
2026-09-20T10:23:06Z INFO [184/500] 09a4bd91-523a-4696-8e81-79c3c3adfcd3: valid; 1.1 s; peak memory 2589 MiB.
2026-09-20T10:23:08Z INFO [185/500] 09a57fb8-16f6-4be2-b034-20c0b508672b: valid; 1.6 s; peak memory 2589 MiB.
2026-09-20T10:23:15Z INFO [186/500] 09a5b8c0-b6f7-444d-b547-c5674e07a72c: valid; 7.5 s; peak memory 2600 MiB.
2026-09-20T10:23:17Z INFO [187/500] 09a6690d-622e-48ae-9781-62ba7a8d0845: valid; 1.6 s; peak memory 2602 MiB.
2026-09-20T10:23:19Z WARNING 09a6c15c-6021-4534-a690-d4893a33b6f5: failed while opening the NWB file (ConstructError: (root/acquisition/_iblmic_audioSpectrogram/bands GroupBuilder {'attributes': {'colnames': array(['freq'], dtype=object), 'description': 'spectogram frequencies', 'namespace': 'core', 'neurodata_type': 'FrequencyBandsTable', 'object_id': '530fa28c-d088-45dd-8d71-0614ac79f1dd'}, 'groups': {}, 'datasets': {'freq': root/acquisition/_iblmic_audioSpectrogram/bands/freq DatasetBuilder {'attributes': {'description': 'frequency value', 'namespace': 'hdmf-common', 'neurodata_type': 'VectorData', 'object_id': '8bf4e625-4d64-40ce-9e80-1c1aa519338d'}, 'data': <HDF5 dataset "freq": shape (257,), type "<f4">}, 'id': root/acquisition/_iblmic_audioSpectrogram/bands/id DatasetBuilder {'attributes': {'namespace': 'hdmf-common', 'neurodata_type': 'ElementIdentifiers', 'object_id': 'e22fbe2f-85b6-4909-b828-1a9176ef79af'}, 'data': <HDF5 dataset "id": shape (257,), type "<i4">}}, 'links': {}}, "Could not construct FrequencyBandsTable object due to: column must have the same number of rows as 'id'"))
2026-09-20T10:23:20Z INFO [189/500] 09a6d809-86d2-4b48-9fd1-8082adc0ee76: valid; 1.5 s; peak memory 2613 MiB.
2026-09-20T10:23:21Z INFO [190/500] 09a77156-c833-48e1-a6af-fe45072ce81e: not valid; 1.2 s; peak memory 2617 MiB.
2026-09-20T10:23:22Z INFO [191/500] 09a77456-c944-4c65-aace-adfba082e91f: not valid; 1.0 s; peak memory 2621 MiB.
2026-09-20T10:23:23Z INFO [192/500] 09a80bd6-61e6-45c4-a7d9-d11cbb271e4a: valid; 0.9 s; peak memory 2623 MiB.
2026-09-20T10:23:33Z INFO [193/500] 09a84516-dd69-4208-915e-af986301faca: valid; 10.3 s; peak memory 2637 MiB.
2026-09-20T10:23:35Z INFO [194/500] 09a87655-80fc-4f4b-8b6a-721a95fa0422: valid; 1.5 s; peak memory 2637 MiB.
2026-09-20T10:23:37Z INFO [195/500] 09a88377-c627-4e4b-b929-c94a909f28fa: valid; 1.7 s; peak memory 2637 MiB.
2026-09-20T10:23:40Z INFO [196/500] 09a89d29-756f-49c0-afbe-2f82edc49fb1: valid; 3.2 s; peak memory 2637 MiB.
2026-09-20T10:23:46Z INFO [197/500] 09a8de5e-04f0-40f8-9301-bf015a804674: valid; 5.8 s; peak memory 2637 MiB.
2026-09-20T10:23:47Z INFO [198/500] 09aa0e01-a104-48c4-9f9a-f9d373ea4d42: valid; 1.6 s; peak memory 2637 MiB.
2026-09-20T10:23:50Z INFO [199/500] 09aa62e5-c4e7-429e-acc5-4115d468fbd3: valid; 3.2 s; peak memory 2637 MiB.
2026-09-20T10:23:52Z INFO [200/500] 09aae5af-13ea-4098-a495-130914a6e3cd: not valid; 1.1 s; peak memory 2637 MiB.
2026-09-20T10:23:52Z INFO [200/500] 09aae5af-13ea-4098-a495-130914a6e3cd: checkpointed 71210 records.
2026-09-20T10:23:54Z INFO [201/500] 09ab8bde-2071-4bd8-bf46-1fc2e9475332: valid; 1.7 s; peak memory 2637 MiB.
2026-09-20T10:23:55Z INFO [202/500] 09abfac8-d134-4159-aaf8-efc9afc573ed: valid; 1.3 s; peak memory 2637 MiB.
2026-09-20T10:24:05Z INFO [203/500] 09ac3a12-a196-4e18-8984-6cb51848501f: valid; 9.7 s; peak memory 2782 MiB.
2026-09-20T10:24:06Z INFO [204/500] 09ac9506-031f-47b3-b29f-f6e07ea27942: valid; 1.5 s; peak memory 2782 MiB.
2026-09-20T10:24:09Z INFO [205/500] 09ac952e-e223-49b2-953a-5e8b0505a31c: valid; 2.7 s; peak memory 2782 MiB.
2026-09-20T10:24:10Z INFO [206/500] 09ace77d-78b3-4e2f-9a59-75755badc93d: valid; 0.8 s; peak memory 2782 MiB.
2026-09-20T10:24:20Z INFO [207/500] 09ad2dda-b346-40ea-8300-e2ab35d8e258: valid; 10.0 s; peak memory 2862 MiB.
2026-09-20T10:24:21Z INFO [208/500] 09ad32c4-820f-4905-931a-f54b13829def: valid; 1.5 s; peak memory 2862 MiB.
2026-09-20T10:24:23Z INFO [209/500] 09ad8f00-b801-48f1-b349-296820f775f0: valid; 1.4 s; peak memory 2862 MiB.
2026-09-20T10:24:23Z WARNING 09ade602-2c87-45e8-9aa2-7f47ae57b034: failed while retrieving asset information from the DANDI API (NotFoundError: No asset at path 'sub-parkinson-simulated-beta/sub-parkinson-simulated-beta_ses-3535_ecephys.nwb' in version 0.250327.2220. Verify the path is correct and the asset exists in this version. Use 'dandi ls' to list available assets.)
2026-09-20T10:24:27Z INFO [211/500] 09ade962-029c-4327-9acc-44308724f297: valid; 4.7 s; peak memory 2862 MiB.
2026-09-20T10:24:28Z INFO [212/500] 09ae8dcd-8066-4554-aaf2-5a541673faf4: valid; 0.9 s; peak memory 2862 MiB.
2026-09-20T10:24:29Z INFO [213/500] 09ae9e3f-7621-445e-b882-5ae2672f9001: valid; 0.9 s; peak memory 2862 MiB.
2026-09-20T10:24:31Z INFO [214/500] 09aeb529-249d-4af4-8617-106dca1cd6ba: valid; 1.7 s; peak memory 2862 MiB.
2026-09-20T10:24:36Z INFO [215/500] 09aec2cc-b4ff-4e90-875e-9847c938bf26: valid; 4.9 s; peak memory 2862 MiB.
2026-09-20T10:24:40Z INFO [216/500] 09afde24-c062-4a71-9e55-b1d1e68249a2: not valid; 4.0 s; peak memory 2862 MiB.
2026-09-20T10:24:52Z INFO [217/500] 09b0085e-82c4-4832-ba14-c8bad253549a: valid; 11.7 s; peak memory 2881 MiB.
2026-09-20T10:24:57Z INFO [218/500] 09b09422-0ba4-4dea-810b-0acbc6ec9dac: valid; 5.2 s; peak memory 2886 MiB.
2026-09-20T10:24:58Z INFO [219/500] 09b0b83e-3195-4b35-b65f-b2bf2afb7723: valid; 0.9 s; peak memory 2886 MiB.
2026-09-20T10:24:59Z INFO [220/500] 09b1d782-bfa8-4677-a9ab-0d53c0620eff: valid; 1.3 s; peak memory 2886 MiB.
2026-09-20T10:24:59Z WARNING 09b283c1-aa0d-454f-85f0-63070029ed82: failed while retrieving asset information from the DANDI API (NotFoundError: No asset at path 'sub-healthy-simulated-lfp/sub-healthy-simulated-lfp_ses-6358_ecephys.nwb' in version 0.250327.2220. Verify the path is correct and the asset exists in this version. Use 'dandi ls' to list available assets.)
2026-09-20T10:25:00Z INFO [222/500] 09b2b687-9ad0-4b30-aaac-21d4a2186d91: valid; 1.0 s; peak memory 2886 MiB.
2026-09-20T10:25:01Z INFO [223/500] 09b37070-802c-4aa7-8db5-aef6cad7b081: valid; 0.8 s; peak memory 2886 MiB.
2026-09-20T10:25:03Z INFO [224/500] 09b3e523-dce2-4427-b362-1ca0dd9d5d57: valid; 2.0 s; peak memory 2886 MiB.
2026-09-20T10:25:04Z INFO [225/500] 09b40c3f-b544-4b2a-8633-43f5f45926ea: valid; 1.3 s; peak memory 2886 MiB.
2026-09-20T10:25:06Z INFO [226/500] 09b45f4d-30ac-48f6-8387-28a93d9d4b9f: valid; 2.0 s; peak memory 2886 MiB.
2026-09-20T10:25:09Z INFO [227/500] 09b4c757-7b32-4af2-afcd-7bec0ab6ab5e: not valid; 3.0 s; peak memory 2886 MiB.
2026-09-20T10:25:10Z INFO [228/500] 09b51b9f-cc06-44f8-a958-f4e26c48dcfd: valid; 0.9 s; peak memory 2886 MiB.
2026-09-20T10:25:11Z INFO [229/500] 09b564ff-d3f7-4eec-860f-7f446c4349d4: valid; 1.4 s; peak memory 2886 MiB.
2026-09-20T10:25:18Z INFO [230/500] 09b58978-d38c-497d-a876-37993a4c4d0b: valid; 6.5 s; peak memory 2887 MiB.
2026-09-20T10:25:19Z INFO [231/500] 09b5b2f7-5578-4339-971e-b43d2d53b043: valid; 0.8 s; peak memory 2887 MiB.
2026-09-20T10:25:20Z INFO [232/500] 09b5de13-4177-4e1f-bcd9-a94bfee0727c: valid; 1.4 s; peak memory 2887 MiB.
2026-09-20T10:25:22Z INFO [233/500] 09b641e5-c137-49b6-bf97-68997810e52c: valid; 2.3 s; peak memory 2894 MiB.
2026-09-20T10:25:24Z INFO [234/500] 09b68144-bbfd-4c10-84e7-002a4974a8bf: valid; 1.2 s; peak memory 2894 MiB.
2026-09-20T10:25:25Z INFO [235/500] 09b740ba-986f-4f39-9c7f-c1120005b8a0: not valid; 1.0 s; peak memory 2894 MiB.
2026-09-20T10:27:40Z INFO [236/500] 09b78939-8441-4bf2-9a3c-ea0b21d25144: valid; 135.9 s; peak memory 3377 MiB.
2026-09-20T10:27:41Z INFO [237/500] 09b7a6cb-e084-4770-b04e-da8d1300a039: valid; 1.0 s; peak memory 3377 MiB.
2026-09-20T10:27:52Z INFO [238/500] 09b7d1d7-8b38-47b2-94f5-e0815ed37926: valid; 10.6 s; peak memory 3377 MiB.
2026-09-20T10:27:58Z INFO [239/500] 09b81c90-bd08-4dad-bed1-ebaf4485156f: valid; 5.8 s; peak memory 3408 MiB.
2026-09-20T10:28:00Z INFO [240/500] 09b81f5f-0818-44a8-94cb-6b85e088cc0c: valid; 1.8 s; peak memory 3415 MiB.
2026-09-20T10:28:01Z INFO [241/500] 09b86bbb-cf45-46e6-9a4d-a7e7a4ddc785: valid; 1.6 s; peak memory 3418 MiB.
2026-09-20T10:28:03Z INFO [242/500] 09b8e0d1-1256-449b-87e1-2a6e29b594ee: valid; 1.3 s; peak memory 3429 MiB.
2026-09-20T10:28:17Z INFO [243/500] 09b95e2a-b015-46ea-8332-beb4b3f13ba0: valid; 14.3 s; peak memory 3464 MiB.
2026-09-20T10:28:18Z INFO [244/500] 09b9a30d-d062-4b8e-956c-4f4b713fce7e: not valid; 1.4 s; peak memory 3466 MiB.
2026-09-20T10:28:19Z INFO [245/500] 09ba6076-a7b8-46c9-bbe8-ee3b71bfb0e9: not valid; 1.1 s; peak memory 3466 MiB.
2026-09-20T10:28:20Z INFO [246/500] 09babec2-b23d-47a4-8e6b-d744af446a1a: not valid; 0.9 s; peak memory 3466 MiB.
2026-09-20T10:28:22Z INFO [247/500] 09baf449-3c2b-4701-9f95-737798d6677d: valid; 1.5 s; peak memory 3466 MiB.
2026-09-20T10:28:23Z INFO [248/500] 09bbe124-7b0d-438c-b186-e0846a0e2c28: valid; 0.8 s; peak memory 3466 MiB.
2026-09-20T10:28:31Z INFO [249/500] 09bc8e09-ed3f-4842-8afe-c609f592b51b: valid; 8.1 s; peak memory 3466 MiB.
2026-09-20T10:28:32Z INFO [250/500] 09bcc6d3-aa79-4ff8-99da-4d39c157dfe9: valid; 1.6 s; peak memory 3466 MiB.
2026-09-20T10:28:33Z INFO [250/500] 09bcc6d3-aa79-4ff8-99da-4d39c157dfe9: checkpointed 71260 records.
2026-09-20T10:28:39Z INFO [251/500] 09be7298-e0bb-4235-be8c-3548393b3be2: not valid; 6.6 s; peak memory 3466 MiB.
2026-09-20T10:28:41Z INFO [252/500] 09bf910d-7170-48fc-a68b-f8a1bf2689ae: valid; 1.3 s; peak memory 3466 MiB.
2026-09-20T10:28:43Z INFO [253/500] 09c126c2-b273-40ec-9a98-4623e22028ef: valid; 2.6 s; peak memory 3466 MiB.
2026-09-20T10:28:45Z INFO [254/500] 09c14d38-3fd2-4adc-a0db-db97d5f0e124: valid; 1.6 s; peak memory 3467 MiB.
2026-09-20T10:28:47Z INFO [255/500] 09c2b6af-4acc-4806-bf68-40d7c55058cf: valid; 1.8 s; peak memory 3467 MiB.
2026-09-20T10:28:48Z INFO [256/500] 09c2ba14-8dc3-499e-a38e-2f4a0723b32f: valid; 1.5 s; peak memory 3471 MiB.
2026-09-20T10:28:58Z INFO [257/500] 09c2c921-b08d-464f-9d97-c2c1692c1fd7: not valid; 9.9 s; peak memory 3530 MiB.
2026-09-20T10:28:59Z INFO [258/500] 09c2fefe-1772-46ee-b866-184cd6123910: not valid; 1.2 s; peak memory 3533 MiB.
2026-09-20T10:29:00Z INFO [259/500] 09c324f7-0769-4f54-82c2-66fae75657b9: valid; 1.0 s; peak memory 3537 MiB.
2026-09-20T10:29:02Z INFO [260/500] 09c331d9-cb20-4541-92dd-76fd4f9f521a: valid; 1.5 s; peak memory 3541 MiB.
2026-09-20T10:29:03Z INFO [261/500] 09c3a406-1669-464d-9ff7-1d29b8d18e91: valid; 1.4 s; peak memory 3545 MiB.
2026-09-20T10:29:05Z INFO [262/500] 09c3d0e7-3be4-4c70-b45a-7d2eeb20ffc2: valid; 2.2 s; peak memory 3550 MiB.
2026-09-20T10:29:08Z INFO [263/500] 09c44c35-f98c-4379-8b39-2c5dc71389ea: not valid; 2.3 s; peak memory 3550 MiB.
2026-09-20T10:29:09Z INFO [264/500] 09c488b8-8668-46f0-b2d5-63440f0d9ff3: valid; 0.9 s; peak memory 3550 MiB.
2026-09-20T10:29:19Z INFO [265/500] 09c4bd5a-f32e-4152-8324-e280a1c9a3db: valid; 10.5 s; peak memory 3550 MiB.
2026-09-20T10:29:21Z INFO [266/500] 09c52288-d38d-4da1-b6e9-471b2f9771a2: valid; 1.9 s; peak memory 3550 MiB.
2026-09-20T10:29:23Z INFO [267/500] 09c59f0a-e2c1-4888-a83d-19ba3457a68b: valid; 2.5 s; peak memory 3550 MiB.
2026-09-20T10:29:25Z INFO [268/500] 09c62885-31b0-498a-ab91-3328884c156c: not valid; 1.6 s; peak memory 3550 MiB.
2026-09-20T10:29:27Z INFO [269/500] 09c67de8-6e21-42fd-a802-cea92540ec8a: valid; 1.5 s; peak memory 3550 MiB.
2026-09-20T10:29:34Z INFO [270/500] 09c800de-d79e-45d6-ae19-82de69775ce8: not valid; 7.4 s; peak memory 3550 MiB.
2026-09-20T10:29:35Z INFO [271/500] 09c88ba6-536d-47a6-845a-7d2c29be4c28: not valid; 0.8 s; peak memory 3550 MiB.
2026-09-20T10:29:36Z INFO [272/500] 09c9ca88-48f7-43c3-8fa8-57d0a1813059: valid; 1.1 s; peak memory 3550 MiB.
2026-09-20T10:29:37Z INFO [273/500] 09cb062f-c38a-4c8b-9d37-0737da1f283d: not valid; 0.9 s; peak memory 3550 MiB.
2026-09-20T10:29:40Z INFO [274/500] 09cb3b6a-ec27-411d-9c5b-4d050f7cf0c0: valid; 3.1 s; peak memory 3550 MiB.
2026-09-20T10:29:50Z INFO [275/500] 09cb8322-6a8d-4a55-976a-bbd68e1817df: valid; 10.1 s; peak memory 3550 MiB.
2026-09-20T10:29:51Z INFO [276/500] 09cbc73d-2827-49b8-b9fd-826474189ff4: valid; 1.2 s; peak memory 3550 MiB.
2026-09-20T10:29:53Z INFO [277/500] 09cc0818-2dba-4aea-b20a-68d781523390: valid; 1.7 s; peak memory 3550 MiB.
2026-09-20T10:29:55Z INFO [278/500] 09ccd87f-e536-4b24-bd20-3669ffda36e9: valid; 1.8 s; peak memory 3550 MiB.
2026-09-20T10:29:58Z INFO [279/500] 09cd9469-9231-4329-b51d-cb4d3f805f22: valid; 3.8 s; peak memory 3550 MiB.
2026-09-20T10:30:00Z INFO [280/500] 09cdf7f4-a829-4d1c-8a8f-e26cfbc176a6: valid; 1.3 s; peak memory 3550 MiB.
2026-09-20T10:30:01Z INFO [281/500] 09ce209d-d361-4f58-9389-8dee28bfe020: valid; 1.3 s; peak memory 3550 MiB.
2026-09-20T10:30:02Z INFO [282/500] 09ce5490-26ea-468f-aafe-d8ac2da76591: valid; 1.3 s; peak memory 3550 MiB.
2026-09-20T10:30:03Z INFO [283/500] 09ce781a-e048-43a7-abd4-6bfc5be62863: valid; 1.2 s; peak memory 3550 MiB.
2026-09-20T10:30:08Z INFO [284/500] 09ce8d97-d61e-4b3a-99cb-a5c6a55b3122: valid; 4.6 s; peak memory 3645 MiB.
2026-09-20T10:30:10Z INFO [285/500] 09cf0271-4ce0-40d7-9a23-74f093233b70: valid; 1.5 s; peak memory 3645 MiB.
2026-09-20T10:30:11Z INFO [286/500] 09cfba07-9fff-4f01-92e6-ddf0a30fc76c: valid; 1.0 s; peak memory 3645 MiB.
2026-09-20T10:30:12Z INFO [287/500] 09cfd04a-da5d-49c1-8dbf-b98a34850cc9: valid; 1.5 s; peak memory 3645 MiB.
2026-09-20T10:30:13Z INFO [288/500] 09d02fff-1fab-43b1-ad67-282f3e160485: valid; 0.9 s; peak memory 3645 MiB.
2026-09-20T10:30:14Z INFO [289/500] 09d0df0d-1526-4cee-93ad-0a32566d756a: not valid; 1.0 s; peak memory 3645 MiB.
2026-09-20T10:30:16Z INFO [290/500] 09d1979c-fa5c-491f-94d3-2173aa36e835: valid; 2.3 s; peak memory 3645 MiB.
2026-09-20T10:30:18Z INFO [291/500] 09d2c2bc-ab94-4d15-9270-80f07801e925: not valid; 1.3 s; peak memory 3645 MiB.
2026-09-20T10:30:20Z INFO [292/500] 09d2e91e-3128-4cb3-b8bc-457db10c571e: not valid; 2.7 s; peak memory 3699 MiB.
2026-09-20T10:30:22Z INFO [293/500] 09d32b22-c5dc-4601-a11b-274ddf365ef7: valid; 2.1 s; peak memory 3699 MiB.
2026-09-20T10:30:23Z INFO [294/500] 09d3c039-2fed-4a1a-8a7a-ac5f061e3888: not valid; 1.1 s; peak memory 3699 MiB.
2026-09-20T10:30:25Z INFO [295/500] 09d3f976-6f83-4189-b06e-88ebf7f49295: valid; 1.2 s; peak memory 3699 MiB.
2026-09-20T10:30:27Z INFO [296/500] 09d418a7-938d-498e-88cc-b142794eba04: valid; 1.9 s; peak memory 3699 MiB.
2026-09-20T10:30:28Z INFO [297/500] 09d55c53-130d-4ec3-b29d-e57f3d00b74e: valid; 1.5 s; peak memory 3699 MiB.
2026-09-20T10:30:29Z INFO [298/500] 09d5b087-e3f0-4b4e-88da-dbff30f5881f: valid; 0.7 s; peak memory 3699 MiB.
2026-09-20T10:30:30Z INFO [299/500] 09d5f672-5836-40ee-86b8-77d02e914187: valid; 1.0 s; peak memory 3699 MiB.
2026-09-20T10:30:31Z INFO [300/500] 09d61dcf-77fe-440b-9f71-6c2984dea32a: valid; 1.7 s; peak memory 3699 MiB.
2026-09-20T10:30:32Z INFO [300/500] 09d61dcf-77fe-440b-9f71-6c2984dea32a: checkpointed 71310 records.
2026-09-20T10:30:34Z WARNING 09d703c2-f1d1-4082-a7a7-a89fe5bc727c: failed while opening the NWB file (ConstructError: (root/acquisition/_iblmic_audioSpectrogram/bands GroupBuilder {'attributes': {'colnames': array(['freq'], dtype=object), 'description': 'spectogram frequencies', 'namespace': 'core', 'neurodata_type': 'FrequencyBandsTable', 'object_id': 'd23fbbcc-6176-4f1a-a20b-05b27c046b3d'}, 'groups': {}, 'datasets': {'freq': root/acquisition/_iblmic_audioSpectrogram/bands/freq DatasetBuilder {'attributes': {'description': 'frequency value', 'namespace': 'hdmf-common', 'neurodata_type': 'VectorData', 'object_id': 'dcd0091f-f496-4e29-aa5e-88678183bfcb'}, 'data': <HDF5 dataset "freq": shape (257,), type "<f4">}, 'id': root/acquisition/_iblmic_audioSpectrogram/bands/id DatasetBuilder {'attributes': {'namespace': 'hdmf-common', 'neurodata_type': 'ElementIdentifiers', 'object_id': '43a00a2a-7aa1-4f76-bdfa-1ad64731abe6'}, 'data': <HDF5 dataset "id": shape (257,), type "<i4">}}, 'links': {}}, "Could not construct FrequencyBandsTable object due to: column must have the same number of rows as 'id'"))
2026-09-20T10:30:36Z INFO [302/500] 09d88ae2-9ccc-4956-a6a5-e3de83c3a2c1: valid; 2.1 s; peak memory 3699 MiB.
2026-09-20T10:30:37Z INFO [303/500] 09d894ab-6c82-4ba0-bd4f-9b87e9b350e8: valid; 1.7 s; peak memory 3699 MiB.
2026-09-20T10:30:40Z INFO [304/500] 09d8a73d-83f7-412b-9ae3-76d879419bf1: valid; 2.8 s; peak memory 3699 MiB.
2026-09-20T10:30:41Z INFO [305/500] 09d9094e-63be-41af-a164-15667b902872: not valid; 1.2 s; peak memory 3699 MiB.
2026-09-20T10:30:43Z INFO [306/500] 09d9845a-6363-4b1c-bbe6-3e92963cdb0a: valid; 1.3 s; peak memory 3700 MiB.
2026-09-20T10:30:44Z INFO [307/500] 09dae43c-6f24-4da9-a77d-84623b266f7d: valid; 1.6 s; peak memory 3711 MiB.
2026-09-20T10:30:46Z INFO [308/500] 09db396a-bcec-40d0-8bc5-40d84fb17459: not valid; 1.3 s; peak memory 3711 MiB.
2026-09-20T10:30:51Z INFO [309/500] 09db61bd-ebff-445b-8399-899d37f45095: valid; 5.8 s; peak memory 3716 MiB.
2026-09-20T10:30:52Z INFO [310/500] 09dc3210-8116-47a1-8473-9e4105f581e6: valid; 0.9 s; peak memory 3716 MiB.
2026-09-20T10:30:53Z INFO [311/500] 09dc34e7-fb56-4fd9-bf49-bc6f181bd0c8: not valid; 0.9 s; peak memory 3717 MiB.
2026-09-20T10:30:56Z INFO [312/500] 09dc738d-e023-44f3-890f-be3017a8f6c5: valid; 3.0 s; peak memory 3721 MiB.
2026-09-20T10:30:57Z INFO [313/500] 09dcab2f-e1f9-4d88-ae87-991fb55797c6: valid; 0.7 s; peak memory 3721 MiB.
2026-09-20T10:31:00Z INFO [314/500] 09dccc65-2177-4d83-a9a5-58ccdb6dea48: valid; 3.0 s; peak memory 3739 MiB.
2026-09-20T10:31:01Z INFO [315/500] 09dce58a-679a-462b-a67b-eb59f66fbec9: valid; 1.0 s; peak memory 3741 MiB.
2026-09-20T10:31:02Z INFO [316/500] 09dd8eb3-e064-4223-84cd-807228c536f5: valid; 0.8 s; peak memory 3742 MiB.
2026-09-20T10:31:02Z WARNING 09de2098-f55b-4561-a63c-1a82105a1fb3: failed while retrieving asset information from the DANDI API (NotFoundError: No such Dandiset: 000948)
2026-09-20T10:31:03Z INFO [318/500] 09de817d-1b8d-46c8-b95f-f31555ecd87a: valid; 1.2 s; peak memory 3745 MiB.
2026-09-20T10:31:05Z INFO [319/500] 09dedd5f-2d29-4b99-b8f5-da356bbe9894: valid; 2.2 s; peak memory 3752 MiB.
2026-09-20T10:31:06Z INFO [320/500] 09df43ba-d42b-4fee-bf5f-4540a3cbb594: valid; 1.0 s; peak memory 3755 MiB.
2026-09-20T10:31:17Z INFO [321/500] 09df72e4-1157-43e2-9db3-5e9975a73663: not valid; 10.5 s; peak memory 3836 MiB.
2026-09-20T10:31:18Z INFO [322/500] 09df844b-8898-46dc-bc74-d5ff5ffb129f: valid; 1.5 s; peak memory 3845 MiB.
2026-09-20T10:31:19Z INFO [323/500] 09dfb829-b00f-4761-ab66-4b1ae4557b85: valid; 0.9 s; peak memory 3847 MiB.
2026-09-20T10:31:20Z INFO [324/500] 09dfc987-4167-446e-9aac-95106cddcdd1: valid; 1.0 s; peak memory 3850 MiB.
2026-09-20T10:31:24Z INFO [325/500] 09dff453-e589-4803-b94a-f7cb3da729ec: valid; 4.5 s; peak memory 3882 MiB.
2026-09-20T10:31:25Z INFO [326/500] 09e03788-3188-49b6-93f3-94a695be4a36: valid; 1.1 s; peak memory 3885 MiB.
2026-09-20T10:31:27Z INFO [327/500] 09e09925-28d4-4e25-a996-1a979eb61992: valid; 1.6 s; peak memory 3885 MiB.
2026-09-20T10:31:28Z INFO [328/500] 09e10cda-1047-475d-a34e-17c18169d246: valid; 1.5 s; peak memory 3885 MiB.
2026-09-20T10:31:29Z INFO [329/500] 09e19dcf-b354-4837-ad95-8f957175e164: valid; 0.9 s; peak memory 3885 MiB.
2026-09-20T10:31:31Z INFO [330/500] 09e1a3f1-b8dc-4daf-b865-495a895b66db: valid; 1.6 s; peak memory 3885 MiB.
2026-09-20T10:31:32Z WARNING 09e1b3eb-d089-4f4c-9f62-03efb904b116: failed while opening the NWB file (ConstructError: (root/acquisition/_iblmic_audioSpectrogram/bands GroupBuilder {'attributes': {'colnames': array(['freq'], dtype=object), 'description': 'spectogram frequencies', 'namespace': 'core', 'neurodata_type': 'FrequencyBandsTable', 'object_id': '7b212c4b-b05d-4d1f-9774-b3a8e6a3e901'}, 'groups': {}, 'datasets': {'freq': root/acquisition/_iblmic_audioSpectrogram/bands/freq DatasetBuilder {'attributes': {'description': 'frequency value', 'namespace': 'hdmf-common', 'neurodata_type': 'VectorData', 'object_id': 'd8e822fd-5568-4e39-b532-e86596a92a10'}, 'data': <HDF5 dataset "freq": shape (257,), type "<f4">}, 'id': root/acquisition/_iblmic_audioSpectrogram/bands/id DatasetBuilder {'attributes': {'namespace': 'hdmf-common', 'neurodata_type': 'ElementIdentifiers', 'object_id': 'd8e108f8-a2c8-4fe1-958d-0ec9b6e1bd80'}, 'data': <HDF5 dataset "id": shape (257,), type "<i4">}}, 'links': {}}, "Could not construct FrequencyBandsTable object due to: column must have the same number of rows as 'id'"))
2026-09-20T10:31:38Z INFO [332/500] 09e1dcea-126d-426f-b062-6cb679cdefc6: valid; 6.1 s; peak memory 3901 MiB.
2026-09-20T10:31:39Z INFO [333/500] 09e1e86f-de52-4eaf-8c2c-8845a0719e35: valid; 1.2 s; peak memory 3904 MiB.
2026-09-20T10:32:05Z INFO [334/500] 09e2058e-592b-4f6e-946f-dfac82fb932f: valid; 25.5 s; peak memory 4812 MiB.
2026-09-20T10:32:06Z INFO [335/500] 09e2401d-3fd0-4107-a599-407c4eb3abeb: not valid; 1.4 s; peak memory 4812 MiB.
2026-09-20T10:32:07Z INFO [336/500] 09e2424e-8afc-4b14-992a-14499e9ea7a2: valid; 0.8 s; peak memory 4812 MiB.
2026-09-20T10:32:08Z INFO [337/500] 09e24b80-5379-4e2d-8937-78743e30bdfd: valid; 1.2 s; peak memory 4812 MiB.
2026-09-20T10:32:09Z INFO [338/500] 09e29a29-fbb1-4cce-83d6-0476cd675754: valid; 1.1 s; peak memory 4812 MiB.
2026-09-20T10:32:12Z INFO [339/500] 09e2a404-b029-4bcd-b8a3-5a9a982fc82a: valid; 2.4 s; peak memory 4812 MiB.
2026-09-20T10:32:14Z INFO [340/500] 09e2ec5d-8722-4bb2-9a5c-95e4954be211: valid; 2.3 s; peak memory 4812 MiB.
2026-09-20T10:32:15Z INFO [341/500] 09e39016-49e6-4b79-bf75-c3843df166b1: valid; 1.1 s; peak memory 4812 MiB.
2026-09-20T10:32:16Z INFO [342/500] 09e3a9c8-66cd-496a-bf35-4cdc617bc6ab: valid; 1.1 s; peak memory 4812 MiB.
2026-09-20T10:32:21Z INFO [343/500] 09e46622-e0bc-417c-b560-da07117c42bb: not valid; 4.6 s; peak memory 4812 MiB.
2026-09-20T10:32:26Z INFO [344/500] 09e4f038-8fc4-452c-94a8-577ee6515ffd: not valid; 5.0 s; peak memory 4812 MiB.
2026-09-20T10:32:27Z INFO [345/500] 09e60b83-41b6-4018-baa5-919f336af932: valid; 0.7 s; peak memory 4812 MiB.
2026-09-20T10:32:29Z INFO [346/500] 09e64b02-95e0-4d94-9108-a333ecd58f49: not valid; 2.2 s; peak memory 4812 MiB.
2026-09-20T10:32:30Z INFO [347/500] 09e750cd-9386-4d68-ada5-5603f3566833: valid; 1.5 s; peak memory 4812 MiB.
2026-09-20T10:32:31Z INFO [348/500] 09e77ba5-07b8-40cf-8512-3602822cf44c: valid; 0.9 s; peak memory 4812 MiB.
2026-09-20T10:32:32Z INFO [349/500] 09e82e72-934b-4536-b61d-7f31c5a52267: valid; 1.0 s; peak memory 4812 MiB.
2026-09-20T10:32:33Z INFO [350/500] 09e921b5-3f4b-4014-b530-1f287a23095e: valid; 1.4 s; peak memory 4812 MiB.
2026-09-20T10:32:34Z INFO [350/500] 09e921b5-3f4b-4014-b530-1f287a23095e: checkpointed 71360 records.
2026-09-20T10:32:35Z INFO [351/500] 09e98317-6218-4c5a-83ea-c91aca8541ba: valid; 1.5 s; peak memory 4812 MiB.
2026-09-20T10:32:38Z INFO [352/500] 09ea1a9a-a5ab-496a-84a1-373c1e4c5cbf: valid; 2.9 s; peak memory 4812 MiB.
2026-09-20T10:32:40Z INFO [353/500] 09ea60c8-b381-40b1-b123-3ee29f1525e9: valid; 1.3 s; peak memory 4812 MiB.
2026-09-20T10:32:40Z INFO [354/500] 09ead2db-b9b7-4481-bf92-9f9ef160f2af: valid; 0.9 s; peak memory 4812 MiB.
2026-09-20T10:32:45Z INFO [355/500] 09eb497d-65ec-4981-8a57-8f1584c33ef5: not valid; 4.3 s; peak memory 4812 MiB.
2026-09-20T10:32:46Z WARNING 09ebd897-9b4b-4961-bfb8-f6fea8c6572c: failed while opening the NWB file (ConstructError: (root/general/optogenetics/PatternedOptogeneticStimulusSite GroupBuilder {'attributes': {'effector': 'GUR-3/PRDX-2', 'namespace': 'ndx-patterned-ogen', 'neurodata_type': 'PatternedOptogeneticStimulusSite', 'object_id': '934fdd83-6186-4561-9f6c-23bcbc078563'}, 'groups': {}, 'datasets': {'description': root/general/optogenetics/PatternedOptogeneticStimulusSite/description DatasetBuilder {'attributes': {}, 'data': 'Scanning'}, 'excitation_lambda': root/general/optogenetics/PatternedOptogeneticStimulusSite/excitation_lambda DatasetBuilder {'attributes': {}, 'data': np.float64(850.0)}, 'location': root/general/optogenetics/PatternedOptogeneticStimulusSite/location DatasetBuilder {'attributes': {}, 'data': 'whole brain'}}, 'links': {'device': root/general/optogenetics/PatternedOptogeneticStimulusSite/device LinkBuilder {'builder': root/general/devices/OptogeneticDevice GroupBuilder {'attributes': {'description': '', 'namespace': 'core', 'neurodata_type': 'Device', 'object_id': '644ec9fa-79fa-436a-8ae9-fd619a968ed1'}, 'groups': {}, 'datasets': {}, 'links': {}}}, 'light_source': root/general/optogenetics/PatternedOptogeneticStimulusSite/light_source LinkBuilder {'builder': root/general/devices/AmplifiedLaser GroupBuilder {'attributes': {'description': 'For two-photon optogenetic targeting, we used an optical parametric amplifier (OPA; Light Conversion ORPHEUS) pumped by a femtosecond amplified laser (Light Conversion PHAROS).', 'filter_description': 'Short pass at 1040 nm', 'manufacturer': 'Light Conversion', 'model': 'ORPHEUS amplifier and PHAROS laser', 'namespace': 'ndx-patterned-ogen', 'neurodata_type': 'LightSource', 'object_id': 'ab8d589c-86b7-4273-b911-96cd93c18f5c', 'peak_power_in_W': np.float64(0.0012), 'pulse_rate_in_Hz': np.float64(500000.0), 'stimulation_wavelength_in_nm': np.float64(850.0)}, 'groups': {}, 'datasets': {}, 'links': {}}}}}, "Could not construct PatternedOptogeneticStimulusSite object due to: CustomClassGenerator.set_init.<locals>.__init__: incorrect type for 'spatial_light_modulator' (got 'list', expected 'Device')"))
2026-09-20T10:32:48Z INFO [357/500] 09ec20a1-6e30-4c6d-968f-cace49771e05: valid; 1.5 s; peak memory 4812 MiB.
2026-09-20T10:32:48Z WARNING 09ecb97f-fe02-44dd-9fd6-3b42be3e41ea: failed while retrieving asset information from the DANDI API (NotFoundError: No asset at path 'sub-parkinson-simulated-lfp/sub-parkinson-simulated-lfp_ses-5063_ecephys.nwb' in version 0.250327.2220. Verify the path is correct and the asset exists in this version. Use 'dandi ls' to list available assets.)
2026-09-20T10:32:49Z INFO [359/500] 09ed1aa2-81eb-429c-b06f-24f73121cc78: valid; 1.4 s; peak memory 4812 MiB.
2026-09-20T10:32:51Z INFO [360/500] 09ed3f49-a741-4f12-8ecd-2611ad16e93d: valid; 1.3 s; peak memory 4812 MiB.
2026-09-20T10:32:51Z INFO [361/500] 09ee4cd3-358b-4181-869e-110128ca15d6: valid; 0.9 s; peak memory 4812 MiB.
2026-09-20T10:33:01Z INFO [362/500] 09ee5205-c046-439b-b11a-218d83b694a1: valid; 9.7 s; peak memory 4812 MiB.
2026-09-20T10:33:02Z INFO [363/500] 09ee60fe-f2b8-4cc8-b3df-09062c54fd53: valid; 1.3 s; peak memory 4812 MiB.
2026-09-20T10:33:04Z INFO [364/500] 09ee6cdb-8155-45da-8c5c-881bbb8221f3: valid; 1.5 s; peak memory 4812 MiB.
2026-09-20T10:33:08Z INFO [365/500] 09ee92b1-4abb-41d4-b38e-2a2291563b33: not valid; 4.4 s; peak memory 4812 MiB.
2026-09-20T10:33:11Z INFO [366/500] 09eecd46-01c7-4ee6-9244-25aa9ba8664d: valid; 2.4 s; peak memory 4812 MiB.
2026-09-20T10:33:12Z INFO [367/500] 09eede6f-cb61-4797-bc85-a4f405fb2fae: valid; 0.9 s; peak memory 4812 MiB.
2026-09-20T10:33:13Z INFO [368/500] 09ef0b6e-2ec9-4b31-814f-c88c82e80e5f: valid; 1.0 s; peak memory 4812 MiB.
2026-09-20T10:33:20Z INFO [369/500] 09f0a2a4-56b0-4eac-a6fe-7195d2a3c329: valid; 7.0 s; peak memory 4812 MiB.
2026-09-20T10:33:21Z INFO [370/500] 09f14c2f-9098-4113-b22a-f57fd2a4a12c: valid; 1.5 s; peak memory 4812 MiB.
2026-09-20T10:33:22Z INFO [371/500] 09f15e71-d1d4-4d4d-a76a-71dbb15de818: not valid; 1.1 s; peak memory 4812 MiB.
2026-09-20T10:33:25Z INFO [372/500] 09f1b19d-c5cd-4630-82a0-e111354cea6f: valid; 2.5 s; peak memory 4812 MiB.
2026-09-20T10:33:26Z INFO [373/500] 09f21656-1d2e-4565-b908-297c76d4b770: not valid; 1.4 s; peak memory 4812 MiB.
2026-09-20T10:33:31Z INFO [374/500] 09f236ce-4dc1-4165-984f-e7524ab44eab: valid; 4.6 s; peak memory 4812 MiB.
2026-09-20T10:33:34Z INFO [375/500] 09f26db2-d44f-444b-8f58-df80fcc4ddf8: valid; 3.2 s; peak memory 4812 MiB.
2026-09-20T10:33:38Z INFO [376/500] 09f33317-5205-41a3-a2f5-eb40d511b037: valid; 3.7 s; peak memory 4812 MiB.
2026-09-20T10:33:40Z INFO [377/500] 09f371b5-53cb-4832-84d8-a9d3a33775af: valid; 2.3 s; peak memory 4812 MiB.
2026-09-20T10:33:42Z INFO [378/500] 09f5727c-0def-4727-8bd3-e219a326f329: valid; 1.6 s; peak memory 4812 MiB.
2026-09-20T10:33:42Z INFO [379/500] 09f65130-514f-4c9f-902d-4c9ccbef8f98: valid; 0.9 s; peak memory 4812 MiB.
2026-09-20T10:33:44Z INFO [380/500] 09f67f81-c647-4db7-9e0b-e7db11e8a9a8: valid; 1.9 s; peak memory 4812 MiB.
2026-09-20T10:33:46Z INFO [381/500] 09f6e499-af81-4c81-bad6-eb58868f1291: valid; 1.4 s; peak memory 4812 MiB.
2026-09-20T10:33:56Z INFO [382/500] 09f6f4cc-0eb7-43ba-b7c9-749153c3d2ca: valid; 9.8 s; peak memory 4997 MiB.
2026-09-20T10:33:57Z INFO [383/500] 09f777f7-d91c-4dd2-86c5-f9815513dad1: valid; 1.5 s; peak memory 5007 MiB.
2026-09-20T10:33:59Z INFO [384/500] 09f81058-0945-43db-ab16-b1741c6c6860: valid; 2.0 s; peak memory 5007 MiB.
2026-09-20T10:34:00Z INFO [385/500] 09f838ef-763e-4063-a2a0-37ad294598ac: valid; 1.2 s; peak memory 5007 MiB.
2026-09-20T10:34:08Z INFO [386/500] 09f887da-3875-4649-922c-eb98d2f03798: valid; 8.2 s; peak memory 5192 MiB.
2026-09-20T10:34:10Z INFO [387/500] 09f895e8-6baa-4556-9828-16d7226a7eab: not valid; 1.1 s; peak memory 5192 MiB.
2026-09-20T10:34:11Z INFO [388/500] 09f9a062-8011-45b9-8e60-47e83127b2dc: not valid; 1.2 s; peak memory 5192 MiB.
2026-09-20T10:34:23Z INFO [389/500] 09fa9e23-6f3c-4971-86a9-2fb0fdc1bc51: valid; 12.1 s; peak memory 5192 MiB.
2026-09-20T10:34:31Z INFO [390/500] 09fb49f0-4f96-465d-96e6-2d8b7889c902: valid; 7.7 s; peak memory 5192 MiB.
2026-09-20T10:34:32Z INFO [391/500] 09fb6fe2-dfa0-477b-8be9-a31e731a0004: valid; 0.9 s; peak memory 5192 MiB.
2026-09-20T10:34:33Z INFO [392/500] 09fbe36e-2cc9-4a8d-87b6-24d64a8f76f6: valid; 1.4 s; peak memory 5192 MiB.
2026-09-20T10:34:34Z INFO [393/500] 09fbfb31-326d-4c92-af2f-fb0fb644ff7d: valid; 1.4 s; peak memory 5192 MiB.
2026-09-20T10:34:36Z INFO [394/500] 09fc4152-83aa-4ce9-95b3-1d5acf94fbc0: valid; 1.2 s; peak memory 5192 MiB.
2026-09-20T10:34:36Z INFO [395/500] 09fdf6a8-4753-4f7e-8a94-e9851ed4ac09: valid; 0.9 s; peak memory 5192 MiB.
2026-09-20T10:34:38Z INFO [396/500] 09fe4bfa-0ddd-43aa-823d-1418cbba7aad: not valid; 1.8 s; peak memory 5192 MiB.
2026-09-20T10:34:40Z INFO [397/500] 09ffec85-2705-4732-9bd9-079e1a0eedbb: valid; 1.5 s; peak memory 5192 MiB.
2026-09-20T10:34:41Z INFO [398/500] 09fff81e-9259-4659-b56b-5298a402ca78: valid; 1.3 s; peak memory 5192 MiB.
2026-09-20T10:34:42Z INFO [399/500] 0a002c53-b7d5-426a-94ef-e0441afd5f1c: valid; 1.1 s; peak memory 5192 MiB.
2026-09-20T10:34:44Z INFO [400/500] 0a0052ec-492d-46c8-9a04-edcb4c93bf51: valid; 1.6 s; peak memory 5193 MiB.
2026-09-20T10:34:44Z INFO [400/500] 0a0052ec-492d-46c8-9a04-edcb4c93bf51: checkpointed 71410 records.
2026-09-20T10:34:46Z INFO [401/500] 0a00f652-1dca-4908-8992-09e11136708b: valid; 1.4 s; peak memory 5194 MiB.
2026-09-20T10:34:47Z INFO [402/500] 0a0152d1-4b32-41d0-861c-04dc75feaebf: valid; 1.0 s; peak memory 5194 MiB.
2026-09-20T10:34:52Z INFO [403/500] 0a018fee-f1ac-4c0c-ba20-2e8cf39d1704: valid; 4.9 s; peak memory 5194 MiB.
2026-09-20T10:34:53Z INFO [404/500] 0a01a507-08e4-4a91-a20c-f466b016a6a6: valid; 1.8 s; peak memory 5194 MiB.
2026-09-20T10:34:54Z INFO [405/500] 0a01c3ee-0903-428a-afc7-9f96ed7e9af1: valid; 0.9 s; peak memory 5194 MiB.
2026-09-20T10:35:03Z INFO [406/500] 0a035564-1b8d-4f78-b7de-b872719acb23: valid; 8.8 s; peak memory 5194 MiB.
2026-09-20T10:35:04Z INFO [407/500] 0a03b33a-f63b-470b-a5fd-c93753ed578e: not valid; 1.1 s; peak memory 5194 MiB.
2026-09-20T10:35:06Z INFO [408/500] 0a042a69-eccf-4884-b1ce-a832a0e93a7d: valid; 2.0 s; peak memory 5194 MiB.
2026-09-20T10:35:08Z INFO [409/500] 0a043a89-1d2a-43d9-b19a-42cccc48bd7b: valid; 1.5 s; peak memory 5194 MiB.
2026-09-20T10:35:10Z INFO [410/500] 0a04ab27-b3dd-40c2-a80f-c38a5fa9c49a: valid; 2.6 s; peak memory 5194 MiB.
2026-09-20T10:35:11Z INFO [411/500] 0a0663b8-8952-4a04-9729-95445483c7aa: valid; 0.9 s; peak memory 5194 MiB.
2026-09-20T10:35:13Z INFO [412/500] 0a070227-9afd-4fad-80bf-fcff585b563a: valid; 1.5 s; peak memory 5194 MiB.
2026-09-20T10:35:14Z WARNING 0a070ec0-dd9c-41f2-8147-e05cd6f07ce1: failed while opening the NWB file (ConstructError: (root/acquisition/_iblmic_audioSpectrogram/bands GroupBuilder {'attributes': {'colnames': array(['freq'], dtype=object), 'description': 'spectogram frequencies', 'namespace': 'core', 'neurodata_type': 'FrequencyBandsTable', 'object_id': '8469d962-c17f-4b51-b526-513d637ae549'}, 'groups': {}, 'datasets': {'freq': root/acquisition/_iblmic_audioSpectrogram/bands/freq DatasetBuilder {'attributes': {'description': 'frequency value', 'namespace': 'hdmf-common', 'neurodata_type': 'VectorData', 'object_id': '0592b84e-3cee-4d2e-8ba1-26bff34eca97'}, 'data': <HDF5 dataset "freq": shape (257,), type "<f4">}, 'id': root/acquisition/_iblmic_audioSpectrogram/bands/id DatasetBuilder {'attributes': {'namespace': 'hdmf-common', 'neurodata_type': 'ElementIdentifiers', 'object_id': '55310c4e-8c49-4098-8209-1ba5ef10b5b6'}, 'data': <HDF5 dataset "id": shape (257,), type "<i4">}}, 'links': {}}, "Could not construct FrequencyBandsTable object due to: column must have the same number of rows as 'id'"))
2026-09-20T10:35:15Z INFO [414/500] 0a07ae4c-db0b-46ba-8238-56c55f56ff85: valid; 0.9 s; peak memory 5194 MiB.
2026-09-20T10:35:17Z INFO [415/500] 0a083fcc-725e-43dc-adae-69e75007d644: valid; 1.7 s; peak memory 5194 MiB.
2026-09-20T10:35:17Z INFO [416/500] 0a08ca98-8588-402c-b08e-f1660c086617: valid; 0.8 s; peak memory 5194 MiB.
2026-09-20T10:35:20Z INFO [417/500] 0a0918f3-c445-4a58-833f-68d7df9f6200: valid; 3.0 s; peak memory 5194 MiB.
2026-09-20T10:35:22Z INFO [418/500] 0a0a41c2-fbdc-499a-8b14-432afa87241d: valid; 1.7 s; peak memory 5194 MiB.
2026-09-20T10:35:24Z INFO [419/500] 0a0ac47f-953b-4cea-857d-fa7eefd022ee: valid; 1.6 s; peak memory 5194 MiB.
2026-09-20T10:35:25Z INFO [420/500] 0a0ac6e5-48d0-4b11-8545-17cd2785a938: not valid; 1.3 s; peak memory 5194 MiB.
2026-09-20T10:35:31Z INFO [421/500] 0a0acdfd-7afe-437a-b4f5-9252007dfbfc: not valid; 5.8 s; peak memory 5194 MiB.
2026-09-20T10:35:32Z INFO [422/500] 0a0aef74-273e-4507-bc6a-aebd2d9d1177: valid; 0.8 s; peak memory 5194 MiB.
2026-09-20T10:35:33Z INFO [423/500] 0a0b00cf-36ec-4acc-b360-1b7e92b10439: valid; 1.0 s; peak memory 5194 MiB.
2026-09-20T10:35:42Z INFO [424/500] 0a0bf277-e41b-4829-841e-416c6e9f0ffe: valid; 9.7 s; peak memory 5242 MiB.
2026-09-20T10:35:43Z INFO [425/500] 0a0c8274-2343-4801-9326-57442dcddb7c: valid; 0.8 s; peak memory 5244 MiB.
2026-09-20T10:35:45Z INFO [426/500] 0a0cefd1-a226-489e-bb7e-a491e935219e: valid; 2.0 s; peak memory 5247 MiB.
2026-09-20T10:35:47Z INFO [427/500] 0a0d27ae-4f7f-4429-8837-1576bb9e372b: valid; 2.3 s; peak memory 5247 MiB.
2026-09-20T10:35:58Z INFO [428/500] 0a0d3640-3713-426c-8546-dc2a59263836: valid; 10.8 s; peak memory 5247 MiB.
2026-09-20T10:35:59Z INFO [429/500] 0a0d4f83-7605-4e5c-963b-531cae4cb4ca: valid; 1.0 s; peak memory 5247 MiB.
2026-09-20T10:36:00Z INFO [430/500] 0a0e6099-fe5b-48b9-8122-ebe7bd130eea: valid; 1.0 s; peak memory 5247 MiB.
2026-09-20T10:36:01Z INFO [431/500] 0a0ee0b2-a690-46a0-8533-a350dff38caf: valid; 0.9 s; peak memory 5247 MiB.
2026-09-20T10:36:12Z INFO [432/500] 0a0f1443-7f6f-4d86-b5b8-801d9d1eca24: valid; 11.4 s; peak memory 5253 MiB.
2026-09-20T10:36:14Z INFO [433/500] 0a101534-fc42-4a06-9898-7068a94cb159: valid; 1.6 s; peak memory 5256 MiB.
2026-09-20T10:36:23Z INFO [434/500] 0a10a365-d47b-4824-a305-66a0db427312: valid; 9.4 s; peak memory 5285 MiB.
2026-09-20T10:36:25Z INFO [435/500] 0a1100f1-2e2c-480d-8099-7371d68155b8: valid; 1.4 s; peak memory 5290 MiB.
2026-09-20T10:36:27Z INFO [436/500] 0a110ad9-1a22-4794-8598-e4bcd0731bbb: valid; 2.6 s; peak memory 5301 MiB.
2026-09-20T10:36:29Z INFO [437/500] 0a111bf3-44f3-4ff3-8036-0b5652397aef: valid; 2.0 s; peak memory 5311 MiB.
2026-09-20T10:36:33Z INFO [438/500] 0a1132c0-776f-400c-b828-8fb0b51728cc: valid; 3.7 s; peak memory 5316 MiB.
2026-09-20T10:36:34Z INFO [439/500] 0a11761a-204d-4fc4-acb0-79583bb64597: valid; 1.4 s; peak memory 5316 MiB.
2026-09-20T10:36:36Z INFO [440/500] 0a132b71-910f-42b1-9917-e6c7a99fe093: valid; 1.9 s; peak memory 5316 MiB.
2026-09-20T10:36:38Z INFO [441/500] 0a14f80d-fe1b-4edf-8594-897c6aa1b2aa: valid; 1.9 s; peak memory 5316 MiB.
2026-09-20T10:36:39Z INFO [442/500] 0a1530ad-f62d-40ed-857b-6ecaec14ac5a: valid; 0.8 s; peak memory 5316 MiB.
2026-09-20T10:36:41Z INFO [443/500] 0a153cb0-0999-4b9d-814d-a6e2f86babbf: valid; 1.5 s; peak memory 5316 MiB.
2026-09-20T10:36:42Z INFO [444/500] 0a161b4d-7138-4123-b5a5-6d12146f6b6b: valid; 1.1 s; peak memory 5316 MiB.
2026-09-20T10:36:43Z INFO [445/500] 0a163c77-31a6-404e-8712-3d387f0ec368: valid; 1.3 s; peak memory 5316 MiB.
2026-09-20T10:36:45Z INFO [446/500] 0a17029e-1c28-4aff-aa7d-1ce13b28abbd: valid; 2.4 s; peak memory 5316 MiB.
2026-09-20T10:36:50Z INFO [447/500] 0a172fd9-8a8d-403f-bacc-2c72488ea259: not valid; 5.1 s; peak memory 5333 MiB.
2026-09-20T10:37:00Z INFO [448/500] 0a17a1f0-819a-477c-b16a-9664b174c9c3: valid; 9.0 s; peak memory 5333 MiB.
2026-09-20T10:37:01Z INFO [449/500] 0a17a73c-5112-48b7-ae23-816892c3ae0b: valid; 1.5 s; peak memory 5333 MiB.
2026-09-20T10:37:03Z INFO [450/500] 0a17ed0f-e297-4baf-9f91-607ecf92c6b9: valid; 1.6 s; peak memory 5333 MiB.
2026-09-20T10:37:03Z INFO [450/500] 0a17ed0f-e297-4baf-9f91-607ecf92c6b9: checkpointed 71460 records.
2026-09-20T10:37:10Z INFO [451/500] 0a183579-f503-4b36-b946-47bdf3981284: not valid; 7.0 s; peak memory 5371 MiB.
2026-09-20T10:37:11Z INFO [452/500] 0a187b6c-d722-4fa5-a151-a6919fb0ca5d: valid; 1.0 s; peak memory 5374 MiB.
2026-09-20T10:37:14Z INFO [453/500] 0a188d88-2015-4b5a-b0df-95e24711c795: valid; 2.6 s; peak memory 5384 MiB.
2026-09-20T10:37:22Z INFO [454/500] 0a18ab25-0d8b-4042-a318-f6b7959a8879: valid; 8.5 s; peak memory 5408 MiB.
2026-09-20T10:37:23Z INFO [455/500] 0a18db80-cd5e-4378-b474-959646bc96f8: valid; 0.8 s; peak memory 5411 MiB.
2026-09-20T10:37:25Z INFO [456/500] 0a19086c-43de-4b1a-aba9-76fbae70ca10: not valid; 2.4 s; peak memory 5418 MiB.
2026-09-20T10:37:27Z INFO [457/500] 0a1929db-65f5-4669-9400-c4920e1e864e: valid; 1.5 s; peak memory 5422 MiB.
2026-09-20T10:37:28Z INFO [458/500] 0a19527b-3a64-4639-84dc-30981727a354: valid; 0.9 s; peak memory 5424 MiB.
2026-09-20T10:37:43Z INFO [459/500] 0a19f002-2a48-4d7a-8000-6c6d00498678: not valid; 14.8 s; peak memory 5459 MiB.
2026-09-20T10:37:43Z INFO [460/500] 0a1aaec4-2946-47cf-80ec-08b222d4b688: valid; 0.8 s; peak memory 5460 MiB.
2026-09-20T10:37:44Z INFO [461/500] 0a1ac2ea-cefc-49ca-ad0d-49d2276dd774: not valid; 0.9 s; peak memory 5462 MiB.
2026-09-20T10:37:50Z INFO [462/500] 0a1b5c7a-19ec-4302-ad3f-7361be18c6e2: valid; 5.5 s; peak memory 5470 MiB.
2026-09-20T10:37:50Z INFO [463/500] 0a1bc94c-77dd-4130-8c70-eca0b1e46482: valid; 0.8 s; peak memory 5470 MiB.
2026-09-20T10:37:52Z INFO [464/500] 0a1c0485-c153-43b0-8d65-8b520454a6b0: valid; 1.3 s; peak memory 5470 MiB.
2026-09-20T10:37:53Z INFO [465/500] 0a1c50fb-aeee-40d3-9d4b-6aaca8f8832a: valid; 1.3 s; peak memory 5470 MiB.
2026-09-20T10:37:54Z INFO [466/500] 0a1cadbf-4a58-4d33-b2d3-db6aecefca8f: not valid; 1.0 s; peak memory 5470 MiB.
2026-09-20T10:37:55Z INFO [467/500] 0a1cb9ef-ab47-4292-b502-92d63559155f: valid; 1.4 s; peak memory 5470 MiB.
2026-09-20T10:37:57Z INFO [468/500] 0a1d3f67-63bc-4078-8e31-af683b3e9c98: valid; 1.4 s; peak memory 5470 MiB.
2026-09-20T10:37:58Z INFO [469/500] 0a1d42e0-2606-466a-bd9c-ec8dcf1bb64a: valid; 1.0 s; peak memory 5470 MiB.
2026-09-20T10:38:03Z INFO [470/500] 0a1d81d4-4120-4185-a655-a165b1d50791: valid; 5.0 s; peak memory 5470 MiB.
2026-09-20T10:38:04Z INFO [471/500] 0a1eb7b8-caaf-4955-8206-3c512f0e084c: not valid; 1.1 s; peak memory 5470 MiB.
2026-09-20T10:38:05Z INFO [472/500] 0a1f3eaf-da7c-4cd3-9690-2d130e3c40d4: valid; 1.1 s; peak memory 5470 MiB.
2026-09-20T10:38:07Z INFO [473/500] 0a1fd679-299e-43ee-b323-42f74ef397fc: not valid; 2.4 s; peak memory 5470 MiB.
2026-09-20T10:38:09Z INFO [474/500] 0a1fee76-2b92-4f0e-aed9-4961e5896237: valid; 1.2 s; peak memory 5470 MiB.
2026-09-20T10:38:10Z INFO [475/500] 0a1ffd59-f5f7-4a39-b84c-4b36d5cf3801: valid; 2.0 s; peak memory 5470 MiB.
2026-09-20T10:38:11Z INFO [476/500] 0a200f37-d090-4d5e-a26b-3602ac0e2ac6: valid; 0.8 s; peak memory 5470 MiB.
2026-09-20T10:38:12Z INFO [477/500] 0a202589-766d-4adf-9119-278830c9c2d2: valid; 1.1 s; peak memory 5470 MiB.
2026-09-20T10:38:15Z INFO [478/500] 0a212adc-3d55-4e62-a6a5-21656fc58d4b: valid; 2.5 s; peak memory 5470 MiB.
2026-09-20T10:38:17Z INFO [479/500] 0a21859e-1847-468d-b695-459384de2ea0: valid; 2.0 s; peak memory 5470 MiB.
2026-09-20T10:38:18Z INFO [480/500] 0a21b87e-0ecb-4435-9136-3ee8648f970d: valid; 0.9 s; peak memory 5471 MiB.
2026-09-20T10:38:19Z INFO [481/500] 0a224769-e0f9-42ea-8a5d-dac3f33ac22a: not valid; 1.1 s; peak memory 5471 MiB.
2026-09-20T10:38:21Z INFO [482/500] 0a226df8-6369-4e12-9295-375e922f307c: valid; 1.7 s; peak memory 5472 MiB.
2026-09-20T10:38:29Z INFO [483/500] 0a22e87b-abd4-4595-958e-daad7ddf85f8: valid; 8.0 s; peak memory 5716 MiB.
2026-09-20T10:38:29Z INFO [484/500] 0a22edda-1755-46b7-aa05-ed2961965f10: valid; 0.9 s; peak memory 5716 MiB.
2026-09-20T10:38:31Z INFO [485/500] 0a232f25-d29c-4733-9c5d-42afde52f487: valid; 1.2 s; peak memory 5716 MiB.
2026-09-20T10:38:35Z INFO [486/500] 0a236b77-23a2-43f1-8b79-004e1e35d806: valid; 3.9 s; peak memory 5716 MiB.
2026-09-20T10:38:36Z INFO [487/500] 0a23779a-2e83-430f-89e6-48b047b54337: not valid; 1.4 s; peak memory 5716 MiB.
2026-09-20T10:38:37Z INFO [488/500] 0a2403df-9e92-49f8-a564-90ba2e187ef5: not valid; 1.3 s; peak memory 5716 MiB.
2026-09-20T10:38:42Z INFO [489/500] 0a245e9c-7c60-420c-b31b-ea3b23a31c2c: valid; 5.2 s; peak memory 5716 MiB.
2026-09-20T10:38:44Z INFO [490/500] 0a255f2d-641f-412c-889b-d6df83118357: valid; 1.1 s; peak memory 5716 MiB.
2026-09-20T10:38:51Z INFO [491/500] 0a2610ed-e0a2-4938-9d17-4063b0b88607: valid; 7.1 s; peak memory 5716 MiB.
2026-09-20T10:38:52Z INFO [492/500] 0a262c82-399c-400f-8a62-342d680278ee: valid; 1.3 s; peak memory 5716 MiB.
2026-09-20T10:38:54Z INFO [493/500] 0a262f5a-0dcf-4cf0-97be-8960e37634c7: not valid; 2.5 s; peak memory 5727 MiB.
2026-09-20T10:38:55Z INFO [494/500] 0a269587-9d72-4ace-886d-163bea24c673: valid; 1.0 s; peak memory 5727 MiB.
2026-09-20T10:38:56Z INFO [495/500] 0a26b077-6765-43f9-b0e4-4e35612185ef: valid; 0.8 s; peak memory 5727 MiB.
2026-09-20T10:38:58Z INFO [496/500] 0a26b6e7-770a-4cae-8a49-a80179b0f697: not valid; 1.4 s; peak memory 5728 MiB.
2026-09-20T10:38:59Z INFO [497/500] 0a27010a-116a-4006-9bbf-5525cadfa65f: valid; 0.9 s; peak memory 5730 MiB.
2026-09-20T10:39:01Z INFO [498/500] 0a278251-8137-426e-9dfe-f54cab94555a: valid; 2.0 s; peak memory 5753 MiB.
2026-09-20T10:39:02Z INFO [499/500] 0a282022-2297-4671-8aa0-2fb002a277df: not valid; 1.5 s; peak memory 5753 MiB.
2026-09-20T10:39:04Z INFO [500/500] 0a2852ba-428a-42ec-aa7d-84828a0495a2: valid; 1.5 s; peak memory 5753 MiB.
2026-09-20T10:39:04Z INFO [500/500] 0a2852ba-428a-42ec-aa7d-84828a0495a2: checkpointed 71510 records.
2026-09-20T10:39:05Z INFO Wrote 71510 records to /tmp/derivatives/content_id_to_valid_nwb_file.jsonl (486 new, 14 failed) in 26.4 min (peak memory 5753 MiB).
