2026-09-22T10:27:52Z INFO Logging to /tmp/logs/update_2026-09-22T10-27-52Z.log.
2026-09-22T10:27:52Z INFO Update content-id-to-valid-nwb-file (base directory /tmp).
2026-09-22T10:27:54Z INFO Processing 500 items (74010 already recorded).
2026-09-22T10:27:57Z INFO [1/500] 0dfbbab6-a701-4304-a196-e8af11373e1d: valid; 2.6 s; peak memory 345 MiB.
2026-09-22T10:27:59Z INFO [2/500] 0dfc6d30-dd3a-4de1-82c6-3f917664e855: valid; 1.5 s; peak memory 353 MiB.
2026-09-22T10:28:00Z INFO [3/500] 0dfc9567-0208-4af4-bd90-108b348863bb: valid; 1.4 s; peak memory 355 MiB.
2026-09-22T10:28:01Z INFO [4/500] 0dfcca48-edc5-40db-b43f-f48b0bc41062: not valid; 1.6 s; peak memory 361 MiB.
2026-09-22T10:28:03Z INFO [5/500] 0dfd2a95-9a95-4941-8684-1664ffedadcd: valid; 1.2 s; peak memory 363 MiB.
2026-09-22T10:28:05Z INFO [6/500] 0dfd4ec6-3f62-44c9-91d8-ee7e9fb3722f: valid; 1.8 s; peak memory 375 MiB.
2026-09-22T10:28:08Z INFO [7/500] 0dfdd626-a164-43e1-82d8-aa8eebb5e3da: valid; 3.3 s; peak memory 384 MiB.
2026-09-22T10:28:09Z INFO [8/500] 0dfe1668-d8cb-42de-b1c4-f12a7ef36d19: not valid; 1.3 s; peak memory 391 MiB.
2026-09-22T10:28:12Z INFO [9/500] 0dfe976b-82db-4e3f-9ce0-9cbf73c9437a: not valid; 2.8 s; peak memory 399 MiB.
2026-09-22T10:28:13Z INFO [10/500] 0dff0e09-a3ee-4ab0-afb1-b7efa116da4f: valid; 1.4 s; peak memory 400 MiB.
2026-09-22T10:28:20Z INFO [11/500] 0dff2672-52fc-43fc-b846-fca99233671d: valid; 6.9 s; peak memory 412 MiB.
2026-09-22T10:28:22Z INFO [12/500] 0dffd3fe-fa0c-4071-ba77-26b99ea2ceec: not valid; 1.5 s; peak memory 418 MiB.
2026-09-22T10:28:24Z INFO [13/500] 0dffd61f-28ef-4627-bdfa-9516385df17c: valid; 2.5 s; peak memory 420 MiB.
2026-09-22T10:28:36Z INFO [14/500] 0e002fb4-26b9-4da1-9c2b-70aba576a206: valid; 11.8 s; peak memory 450 MiB.
2026-09-22T10:28:38Z INFO [15/500] 0e00a33e-28b5-4cf5-9f6c-7d82d2faad75: valid; 1.9 s; peak memory 463 MiB.
2026-09-22T10:28:40Z WARNING 0e00aa76-570f-40ef-a2b6-2971d7507a60: failed while opening the NWB file (ConstructError: (root/acquisition/_iblmic_audioSpectrogram/bands GroupBuilder {'attributes': {'colnames': array(['freq'], dtype=object), 'description': 'spectogram frequencies', 'namespace': 'core', 'neurodata_type': 'FrequencyBandsTable', 'object_id': 'e39650ae-ebb5-4875-85da-6cc12cab76f4'}, 'groups': {}, 'datasets': {'freq': root/acquisition/_iblmic_audioSpectrogram/bands/freq DatasetBuilder {'attributes': {'description': 'frequency value', 'namespace': 'hdmf-common', 'neurodata_type': 'VectorData', 'object_id': '88cb4810-4b5f-4c3d-b03f-eff5e9424d1f'}, 'data': <HDF5 dataset "freq": shape (257,), type "<f4">}, 'id': root/acquisition/_iblmic_audioSpectrogram/bands/id DatasetBuilder {'attributes': {'namespace': 'hdmf-common', 'neurodata_type': 'ElementIdentifiers', 'object_id': '97cad9d9-f631-4975-9aa4-f2d12f40d8d2'}, 'data': <HDF5 dataset "id": shape (257,), type "<i4">}}, 'links': {}}, "Could not construct FrequencyBandsTable object due to: column must have the same number of rows as 'id'"))
2026-09-22T10:28:48Z INFO [17/500] 0e00e712-d6fb-4768-92e9-a31242775517: not valid; 7.7 s; peak memory 508 MiB.
2026-09-22T10:29:04Z INFO [18/500] 0e013792-e6d6-4b92-b76d-7a54cc42fa7c: valid; 16.4 s; peak memory 661 MiB.
2026-09-22T10:29:06Z INFO [19/500] 0e014021-63be-4786-9abd-eb12b0e26b65: not valid; 1.5 s; peak memory 664 MiB.
2026-09-22T10:29:08Z INFO [20/500] 0e016850-d300-4b93-9420-ecc381981878: valid; 2.0 s; peak memory 664 MiB.
2026-09-22T10:29:10Z INFO [21/500] 0e01ac81-d639-43b9-9044-590c4e32913d: not valid; 2.6 s; peak memory 664 MiB.
2026-09-22T10:29:17Z INFO [22/500] 0e020ee0-2643-4a7b-80f9-00796fd7c5a7: valid; 6.7 s; peak memory 664 MiB.
2026-09-22T10:29:19Z INFO [23/500] 0e022d56-b4dd-4fe6-9745-610f98de8e68: not valid; 1.9 s; peak memory 664 MiB.
2026-09-22T10:29:20Z INFO [24/500] 0e025aa2-692e-4c29-859f-1e0f0bc08782: valid; 1.5 s; peak memory 664 MiB.
2026-09-22T10:29:22Z INFO [25/500] 0e02853c-f55e-4b44-ab1f-7758241f803b: valid; 1.3 s; peak memory 664 MiB.
2026-09-22T10:29:43Z INFO [26/500] 0e02b4d8-abb3-46ea-a66e-aebbf8ec0d72: valid; 21.6 s; peak memory 664 MiB.
2026-09-22T10:29:48Z INFO [27/500] 0e02cc7e-d69d-4bcd-b218-d7ac59e51780: valid; 4.2 s; peak memory 664 MiB.
2026-09-22T10:29:49Z INFO [28/500] 0e02e327-d699-4492-8534-80b045c408a8: valid; 1.9 s; peak memory 664 MiB.
2026-09-22T10:29:51Z INFO [29/500] 0e031cbd-5bbb-40fc-a8c5-47687f4baa05: not valid; 1.5 s; peak memory 664 MiB.
2026-09-22T10:29:52Z INFO [30/500] 0e032bfe-6070-47ae-a525-a0d14262a518: valid; 1.3 s; peak memory 664 MiB.
2026-09-22T10:29:53Z INFO [31/500] 0e044d8e-9c15-4295-a88a-5f08bc00f4e0: valid; 1.0 s; peak memory 664 MiB.
2026-09-22T10:29:59Z INFO [32/500] 0e04a391-b37e-4c92-9ae4-f069a57eda1b: not valid; 5.3 s; peak memory 664 MiB.
2026-09-22T10:30:00Z INFO [33/500] 0e04d6ca-3021-4181-b9ec-4e163e105803: valid; 1.4 s; peak memory 664 MiB.
2026-09-22T10:30:02Z INFO [34/500] 0e058586-55ff-4495-8903-8aa1ad8cdc82: valid; 2.0 s; peak memory 669 MiB.
2026-09-22T10:30:03Z INFO [35/500] 0e05a5c3-875d-4939-aa8d-bf7344f26142: valid; 1.0 s; peak memory 671 MiB.
2026-09-22T10:30:05Z INFO [36/500] 0e0616da-73bc-4ef9-9dd3-d9ee285baff1: valid; 2.2 s; peak memory 680 MiB.
2026-09-22T10:30:07Z INFO [37/500] 0e061ac6-e2b8-4066-acf4-e49250589dc1: valid; 2.1 s; peak memory 685 MiB.
2026-09-22T10:30:11Z INFO [38/500] 0e063671-c15e-4d55-b98a-48f58e4c1083: valid; 4.0 s; peak memory 696 MiB.
2026-09-22T10:30:14Z INFO [39/500] 0e06a8a0-5433-453a-a6fe-1e05bc011e22: valid; 2.3 s; peak memory 707 MiB.
2026-09-22T10:30:15Z INFO [40/500] 0e06aa4a-ac2d-47ce-90a0-5d8a34b37ef0: valid; 1.3 s; peak memory 710 MiB.
2026-09-22T10:30:17Z INFO [41/500] 0e07d2ee-7b38-4a30-8972-0e7fd2865e1b: not valid; 2.5 s; peak memory 710 MiB.
2026-09-22T10:30:29Z INFO [42/500] 0e082ce4-a1aa-466b-a850-6748ffbb0939: valid; 11.7 s; peak memory 857 MiB.
2026-09-22T10:30:30Z INFO [43/500] 0e08f047-5738-4d14-ac62-4a95ffdf80d6: valid; 1.3 s; peak memory 857 MiB.
2026-09-22T10:30:32Z INFO [44/500] 0e095f05-e118-44dd-bc41-1da5327855db: valid; 1.3 s; peak memory 857 MiB.
2026-09-22T10:30:33Z INFO [45/500] 0e0a4944-fe8e-4a56-9d1c-c7ad256091a6: valid; 1.8 s; peak memory 857 MiB.
2026-09-22T10:30:35Z INFO [46/500] 0e0b8227-1c6f-457b-896c-b4a875b433bb: valid; 1.9 s; peak memory 857 MiB.
2026-09-22T10:30:36Z INFO [47/500] 0e0c6bb4-d18b-4828-b503-9b608b4afb0a: valid; 1.1 s; peak memory 857 MiB.
2026-09-22T10:30:37Z INFO [48/500] 0e0c71cc-657c-43fc-97ef-348d96667a69: valid; 1.0 s; peak memory 857 MiB.
2026-09-22T10:30:39Z INFO [49/500] 0e0d3495-4e7e-47bc-b558-fd9a05b6bae9: not valid; 1.8 s; peak memory 857 MiB.
2026-09-22T10:30:40Z INFO [50/500] 0e0d718f-7653-4f1f-b636-effd9a3e4f4b: valid; 1.2 s; peak memory 857 MiB.
2026-09-22T10:30:41Z INFO [50/500] 0e0d718f-7653-4f1f-b636-effd9a3e4f4b: checkpointed 74060 records.
2026-09-22T10:30:42Z INFO [51/500] 0e0e1788-f9a7-412d-8b03-9c84bd1fc066: not valid; 1.5 s; peak memory 857 MiB.
2026-09-22T10:30:53Z INFO [52/500] 0e0e212b-c151-482d-9982-dfd1134523d7: not valid; 10.7 s; peak memory 898 MiB.
2026-09-22T10:30:54Z INFO [53/500] 0e0e2223-607b-49dc-8545-3c66a6cdc1f4: valid; 1.3 s; peak memory 900 MiB.
2026-09-22T10:30:56Z INFO [54/500] 0e0fbad0-c2a0-4ee1-b52f-606f7ee4fea6: valid; 1.7 s; peak memory 909 MiB.
2026-09-22T10:30:58Z INFO [55/500] 0e11226a-db61-4305-a104-2a808ea7e2ec: valid; 2.2 s; peak memory 916 MiB.
2026-09-22T10:31:00Z INFO [56/500] 0e12ea21-dda9-4298-ab20-880a93ce6e6b: valid; 1.4 s; peak memory 918 MiB.
2026-09-22T10:31:02Z INFO [57/500] 0e13bb95-e700-4946-906d-0b9091a3125c: valid; 2.1 s; peak memory 923 MiB.
2026-09-22T10:31:02Z WARNING 0e1401c9-e7de-4b06-b9f8-b3b41414c68e: failed while retrieving asset information from the DANDI API (NotFoundError: No asset at path 'sub-parkinson-simulated-beta/sub-parkinson-simulated-beta_ses-8181_ecephys.nwb' in version 0.250327.2220. Verify the path is correct and the asset exists in this version. Use 'dandi ls' to list available assets.)
2026-09-22T10:31:06Z INFO [59/500] 0e1413ff-070b-4e9e-a8b7-3f90229dd05c: valid; 3.5 s; peak memory 929 MiB.
2026-09-22T10:31:07Z INFO [60/500] 0e14c174-8be6-4cc5-bef5-f1d572102348: not valid; 1.2 s; peak memory 933 MiB.
2026-09-22T10:31:08Z INFO [61/500] 0e1517ca-b519-4825-ac14-0d0c1c5b7be4: valid; 1.2 s; peak memory 936 MiB.
2026-09-22T10:31:10Z INFO [62/500] 0e15456d-1355-41e8-8975-c72fae7f3346: valid; 1.9 s; peak memory 944 MiB.
2026-09-22T10:31:12Z WARNING 0e15d3f9-2e07-461d-a1c8-f74f3e7a1550: failed while opening the NWB file (ConstructError: (root/acquisition/_iblmic_audioSpectrogram/bands GroupBuilder {'attributes': {'colnames': array(['freq'], dtype=object), 'description': 'spectogram frequencies', 'namespace': 'core', 'neurodata_type': 'FrequencyBandsTable', 'object_id': '419e72b0-b9dd-4f90-b41c-25c761ee2ce0'}, 'groups': {}, 'datasets': {'freq': root/acquisition/_iblmic_audioSpectrogram/bands/freq DatasetBuilder {'attributes': {'description': 'frequency value', 'namespace': 'hdmf-common', 'neurodata_type': 'VectorData', 'object_id': '910f3ad4-6710-43bf-8596-aa43dc5d942b'}, 'data': <HDF5 dataset "freq": shape (257,), type "<f4">}, 'id': root/acquisition/_iblmic_audioSpectrogram/bands/id DatasetBuilder {'attributes': {'namespace': 'hdmf-common', 'neurodata_type': 'ElementIdentifiers', 'object_id': '6eada2b8-9cd9-4a5d-a57f-d6c501aa4823'}, 'data': <HDF5 dataset "id": shape (257,), type "<i4">}}, 'links': {}}, "Could not construct FrequencyBandsTable object due to: column must have the same number of rows as 'id'"))
2026-09-22T10:31:16Z INFO [64/500] 0e15e067-de35-43d0-8a05-a251010adb8f: not valid; 4.0 s; peak memory 946 MiB.
2026-09-22T10:31:17Z INFO [65/500] 0e15e5df-e41d-4287-bdc3-65e267f6d507: valid; 1.1 s; peak memory 946 MiB.
2026-09-22T10:31:32Z INFO [66/500] 0e163890-3d8b-4567-80e1-41de136ea5c8: valid; 15.5 s; peak memory 1020 MiB.
2026-09-22T10:31:38Z INFO [67/500] 0e165512-d789-47a8-ac43-5abb2888f513: valid; 5.8 s; peak memory 1027 MiB.
2026-09-22T10:31:49Z INFO [68/500] 0e1834bb-c9a1-41a4-9a2d-1be568d1c336: valid; 11.2 s; peak memory 1027 MiB.
2026-09-22T10:31:51Z INFO [69/500] 0e1843f3-df4f-40ec-9366-3b23a67f04cd: valid; 2.2 s; peak memory 1027 MiB.
2026-09-22T10:31:54Z INFO [70/500] 0e18ba97-f9c1-4b72-a6b8-9258423ad9a4: valid; 2.6 s; peak memory 1027 MiB.
2026-09-22T10:31:55Z INFO [71/500] 0e1946e2-d951-4d8d-9a96-6b0d180e505a: valid; 1.2 s; peak memory 1027 MiB.
2026-09-22T10:31:57Z INFO [72/500] 0e19fd34-45ec-48d6-886b-5726bf7beb94: valid; 2.2 s; peak memory 1027 MiB.
2026-09-22T10:31:59Z INFO [73/500] 0e1a0c68-18c9-4bd9-9fcb-b759627c8872: not valid; 1.4 s; peak memory 1027 MiB.
2026-09-22T10:32:00Z INFO [74/500] 0e1a4ce8-e40e-4d53-a3eb-f15e0a48670c: valid; 1.2 s; peak memory 1027 MiB.
2026-09-22T10:32:01Z INFO [75/500] 0e1a4ef3-4f06-4084-8624-a4ad02dd5305: valid; 1.3 s; peak memory 1027 MiB.
2026-09-22T10:32:04Z INFO [76/500] 0e1a5953-edeb-492b-bca6-496cec22ebdd: not valid; 3.1 s; peak memory 1027 MiB.
2026-09-22T10:32:09Z INFO [77/500] 0e1ae94a-72e6-45f2-93d7-60955aa7ede1: valid; 4.3 s; peak memory 1027 MiB.
2026-09-22T10:32:10Z INFO [78/500] 0e1af8e7-26d2-40c2-97cc-1364c6593cd5: valid; 1.0 s; peak memory 1027 MiB.
2026-09-22T10:32:11Z INFO [79/500] 0e1b0ea7-ef37-48d7-a06c-dfee4de7dcf3: valid; 1.2 s; peak memory 1027 MiB.
2026-09-22T10:32:12Z INFO [80/500] 0e1b2fd9-e9a0-4d8d-86f7-0ff8e4001455: valid; 1.3 s; peak memory 1027 MiB.
2026-09-22T10:32:14Z INFO [81/500] 0e1b83c3-a571-4500-a5e6-011123065a25: not valid; 1.4 s; peak memory 1027 MiB.
2026-09-22T10:32:20Z INFO [82/500] 0e1bb855-5875-4631-9645-dd0a4f7fd860: not valid; 6.5 s; peak memory 1027 MiB.
2026-09-22T10:32:21Z INFO [83/500] 0e1be56f-efd4-4b77-af29-6c85c6799076: valid; 1.3 s; peak memory 1027 MiB.
2026-09-22T10:32:23Z WARNING 0e1c5524-114f-4e3b-a173-516e5de3484c: failed while opening the NWB file (ConstructError: (root/acquisition/_iblmic_audioSpectrogram/bands GroupBuilder {'attributes': {'colnames': array(['freq'], dtype=object), 'description': 'spectogram frequencies', 'namespace': 'core', 'neurodata_type': 'FrequencyBandsTable', 'object_id': '2deec2b7-03f2-4ecb-a3fb-66bbe1313900'}, 'groups': {}, 'datasets': {'freq': root/acquisition/_iblmic_audioSpectrogram/bands/freq DatasetBuilder {'attributes': {'description': 'frequency value', 'namespace': 'hdmf-common', 'neurodata_type': 'VectorData', 'object_id': '26c2eafd-9342-4a1d-adde-e1fb8f3793c9'}, 'data': <HDF5 dataset "freq": shape (257,), type "<f4">}, 'id': root/acquisition/_iblmic_audioSpectrogram/bands/id DatasetBuilder {'attributes': {'namespace': 'hdmf-common', 'neurodata_type': 'ElementIdentifiers', 'object_id': '7a24ae62-a0c5-4734-ab56-b9ad491eb358'}, 'data': <HDF5 dataset "id": shape (257,), type "<i4">}}, 'links': {}}, "Could not construct FrequencyBandsTable object due to: column must have the same number of rows as 'id'"))
2026-09-22T10:32:25Z INFO [85/500] 0e1c7ea3-cbe2-4142-96ff-1c7a77680579: not valid; 1.4 s; peak memory 1027 MiB.
2026-09-22T10:32:27Z INFO [86/500] 0e1ceab5-8bae-430e-8561-b601683ac9f9: valid; 2.4 s; peak memory 1027 MiB.
2026-09-22T10:32:43Z INFO [87/500] 0e1ceee2-abe4-4464-863e-7474b28a31cc: not valid; 15.6 s; peak memory 1029 MiB.
2026-09-22T10:32:43Z WARNING 0e1d2471-ffa0-4c19-9486-1777d624e9b9: failed while retrieving asset information from the DANDI API (NotFoundError: No such Dandiset: 001533)
2026-09-22T10:32:49Z INFO [89/500] 0e1d604e-98d0-4bc7-9713-c1f5b7db4b89: valid; 6.3 s; peak memory 1029 MiB.
2026-09-22T10:32:50Z INFO [90/500] 0e1d9cd9-373b-4fd2-a6a3-77a5b4295d68: valid; 1.2 s; peak memory 1029 MiB.
2026-09-22T10:32:55Z INFO [91/500] 0e1da023-81ae-435c-8e0d-0a73842ff4f3: valid; 4.9 s; peak memory 1029 MiB.
2026-09-22T10:33:00Z INFO [92/500] 0e1de8cd-e22a-4fb7-942e-8d00f55cb16a: valid; 5.0 s; peak memory 1029 MiB.
2026-09-22T10:33:01Z INFO [93/500] 0e1e8241-c2aa-41cd-adef-c636c93727e2: not valid; 1.4 s; peak memory 1032 MiB.
2026-09-22T10:33:05Z INFO [94/500] 0e1ec4ab-5603-4773-820b-ca254131a7e9: valid; 4.0 s; peak memory 1039 MiB.
2026-09-22T10:33:07Z INFO [95/500] 0e1ec7cd-e103-468c-90b1-449f0f4f72ed: valid; 1.9 s; peak memory 1048 MiB.
2026-09-22T10:33:09Z WARNING 0e1ee02d-a2cf-4eb9-8de3-1481e00044ce: failed while opening the NWB file (ConstructError: (root/acquisition/_iblmic_audioSpectrogram/bands GroupBuilder {'attributes': {'colnames': array(['freq'], dtype=object), 'description': 'spectogram frequencies', 'namespace': 'core', 'neurodata_type': 'FrequencyBandsTable', 'object_id': 'c44aca31-250a-437b-91d9-4d2c35c590e2'}, 'groups': {}, 'datasets': {'freq': root/acquisition/_iblmic_audioSpectrogram/bands/freq DatasetBuilder {'attributes': {'description': 'frequency value', 'namespace': 'hdmf-common', 'neurodata_type': 'VectorData', 'object_id': 'a6ba6238-0e45-4aee-b172-6bcb06c71c34'}, 'data': <HDF5 dataset "freq": shape (257,), type "<f4">}, 'id': root/acquisition/_iblmic_audioSpectrogram/bands/id DatasetBuilder {'attributes': {'namespace': 'hdmf-common', 'neurodata_type': 'ElementIdentifiers', 'object_id': 'b30aac8b-6a8f-41ed-8b31-8a8d8e50dce8'}, 'data': <HDF5 dataset "id": shape (257,), type "<i4">}}, 'links': {}}, "Could not construct FrequencyBandsTable object due to: column must have the same number of rows as 'id'"))
2026-09-22T10:33:11Z INFO [97/500] 0e1f0418-4f62-4e7b-a51f-c9d88dd8f54a: valid; 1.7 s; peak memory 1057 MiB.
2026-09-22T10:33:25Z INFO [98/500] 0e1f31ce-3011-4e34-a60e-233912423018: valid; 13.6 s; peak memory 1139 MiB.
2026-09-22T10:33:26Z INFO [99/500] 0e1fc108-521a-47e5-a705-d843866b2cae: valid; 1.2 s; peak memory 1139 MiB.
2026-09-22T10:33:27Z INFO [100/500] 0e202cb5-1949-4723-8172-6741970d50a7: not valid; 1.4 s; peak memory 1139 MiB.
2026-09-22T10:33:28Z INFO [100/500] 0e202cb5-1949-4723-8172-6741970d50a7: checkpointed 74110 records.
2026-09-22T10:33:29Z INFO [101/500] 0e207176-898c-46b1-9682-f5d519ed05e1: valid; 1.1 s; peak memory 1139 MiB.
2026-09-22T10:33:30Z INFO [102/500] 0e214a21-3eb5-4c1c-85cd-d7a8052adc76: not valid; 1.5 s; peak memory 1139 MiB.
2026-09-22T10:33:32Z INFO [103/500] 0e215ce8-0af2-415f-a8c1-32e82fd82dd2: not valid; 1.9 s; peak memory 1139 MiB.
2026-09-22T10:33:35Z INFO [104/500] 0e21701f-2965-467e-b662-976893032ef0: valid; 2.6 s; peak memory 1139 MiB.
2026-09-22T10:33:36Z INFO [105/500] 0e21a931-1f8c-40cc-97d4-3e271db76ec1: valid; 1.2 s; peak memory 1139 MiB.
2026-09-22T10:33:38Z INFO [106/500] 0e21fc4c-d56d-4216-a61c-330c8fa49eff: valid; 1.8 s; peak memory 1139 MiB.
2026-09-22T10:33:40Z INFO [107/500] 0e228d93-8cd4-4c74-886d-0b93813f7a61: valid; 2.3 s; peak memory 1139 MiB.
2026-09-22T10:33:52Z INFO [108/500] 0e23be08-a9e7-4279-a478-50bab6162455: valid; 11.9 s; peak memory 1139 MiB.
2026-09-22T10:33:54Z INFO [109/500] 0e25b857-dab3-4a70-9399-e2b0c862a587: valid; 1.5 s; peak memory 1139 MiB.
2026-09-22T10:33:55Z INFO [110/500] 0e2628e5-4b96-427f-ac0b-5919012e1067: valid; 1.2 s; peak memory 1139 MiB.
2026-09-22T10:33:57Z INFO [111/500] 0e270dec-86c9-42d0-8a32-fbbbd15d6fb3: valid; 1.7 s; peak memory 1139 MiB.
2026-09-22T10:33:59Z INFO [112/500] 0e2713be-02a2-4204-85d0-f3fe34570019: valid; 2.5 s; peak memory 1158 MiB.
2026-09-22T10:34:01Z INFO [113/500] 0e2751d0-14f1-43dc-9b03-2c9ac348ff9a: valid; 2.1 s; peak memory 1158 MiB.
2026-09-22T10:34:02Z INFO [114/500] 0e279356-7758-4a16-be60-6df66d1adc04: not valid; 1.3 s; peak memory 1158 MiB.
2026-09-22T10:34:04Z INFO [115/500] 0e293450-cf97-4fd9-8905-7164e49acc08: valid; 1.2 s; peak memory 1158 MiB.
2026-09-22T10:34:05Z INFO [116/500] 0e29849a-ad6b-4592-b2cc-80942bc47dab: not valid; 1.4 s; peak memory 1159 MiB.
2026-09-22T10:35:34Z INFO [117/500] 0e299283-c8ba-467b-9bd3-ef6f8c3b190b: valid; 89.5 s; peak memory 1433 MiB.
2026-09-22T10:35:39Z INFO [118/500] 0e29fe43-f9b0-482a-857e-358d82643f2f: valid; 4.1 s; peak memory 1441 MiB.
2026-09-22T10:35:41Z INFO [119/500] 0e2a0565-a2ca-4c66-b586-86c3250411af: valid; 2.1 s; peak memory 1446 MiB.
2026-09-22T10:35:43Z INFO [120/500] 0e2a702b-433d-43a6-a61d-3caf7277abbf: not valid; 1.9 s; peak memory 1452 MiB.
2026-09-22T10:35:44Z INFO [121/500] 0e2c014c-2771-4ed7-8584-212bd04e7151: valid; 1.9 s; peak memory 1457 MiB.
2026-09-22T10:36:00Z INFO [122/500] 0e2c25ad-49b7-4abb-9216-d8a544c73a18: valid; 15.5 s; peak memory 1495 MiB.
2026-09-22T10:36:02Z WARNING 0e2cac06-b0b0-40c1-953d-e198b6f211d8: failed while opening the NWB file (ConstructError: (root/acquisition/event_code_meanings GroupBuilder {'attributes': {'colnames': array(['value', 'meaning'], dtype=object), 'description': 'Mapping integer event codes to event labels', 'namespace': 'ndx-events', 'neurodata_type': 'MeaningsTable', 'object_id': '9d0bead1-432d-4c5a-aac0-4c1a87ebea85'}, 'groups': {}, 'datasets': {'id': root/acquisition/event_code_meanings/id DatasetBuilder {'attributes': {'namespace': 'hdmf-common', 'neurodata_type': 'ElementIdentifiers', 'object_id': 'c942130d-b5eb-4dd8-a370-2a8dcf78264e'}, 'data': <HDF5 dataset "id": shape (26,), type "<i8">}, 'meaning': root/acquisition/event_code_meanings/meaning DatasetBuilder {'attributes': {'description': 'The meaning of the value in the parent CategoricalVectorData object.', 'namespace': 'hdmf-experimental', 'neurodata_type': 'VectorData', 'object_id': 'cc551725-6e53-405b-b8a1-0053094215cb'}, 'data': <StrDataset for HDF5 dataset "meaning": shape (26,), type "|O">}, 'value': root/acquisition/event_code_meanings/value DatasetBuilder {'attributes': {'description': 'The value of the parent CategoricalVectorData object.', 'namespace': 'hdmf-experimental', 'neurodata_type': 'VectorData', 'object_id': 'b9111988-badf-4cbd-9967-28ee9ddcffc2'}, 'data': <HDF5 dataset "value": shape (26,), type "<i8">}}, 'links': {}}, "Could not construct MeaningsTable object due to: MeaningsTable.__init__: missing argument 'target'"))
2026-09-22T10:36:07Z INFO [124/500] 0e2d095c-6c7f-48bb-ab33-edf5c4bef6a2: valid; 4.9 s; peak memory 1497 MiB.
2026-09-22T10:36:09Z INFO [125/500] 0e2d197b-12d1-41fe-9a82-05bb68525fec: valid; 2.0 s; peak memory 1498 MiB.
2026-09-22T10:36:22Z INFO [126/500] 0e2d31f3-6042-4dec-afb6-a4b1723d94f5: valid; 13.3 s; peak memory 1498 MiB.
2026-09-22T10:36:24Z INFO [127/500] 0e2db5aa-27ff-4f2a-ba77-722fc1128b6d: valid; 1.8 s; peak memory 1498 MiB.
2026-09-22T10:36:26Z INFO [128/500] 0e2f35c6-3b48-4182-84ea-b6a0ad0deec0: valid; 1.7 s; peak memory 1498 MiB.
2026-09-22T10:36:27Z INFO [129/500] 0e2f36d0-0a52-4345-99b8-fc58f27c6357: valid; 1.2 s; peak memory 1498 MiB.
2026-09-22T10:36:28Z INFO [130/500] 0e2f4332-b947-4546-8ea1-c3e54390ac6a: valid; 1.4 s; peak memory 1498 MiB.
2026-09-22T10:36:37Z INFO [131/500] 0e2fca2e-d6eb-4f69-9c28-2a7e6488bb97: valid; 9.0 s; peak memory 1498 MiB.
2026-09-22T10:36:41Z INFO [132/500] 0e300ca4-4c2d-44e1-9182-803b1422c300: valid; 3.8 s; peak memory 1498 MiB.
2026-09-22T10:36:42Z INFO [133/500] 0e301423-c029-4006-b0a8-d4fd22a68dce: valid; 1.2 s; peak memory 1498 MiB.
2026-09-22T10:36:44Z INFO [134/500] 0e30fc69-4dec-4118-966a-8909696bd615: not valid; 1.7 s; peak memory 1498 MiB.
2026-09-22T10:37:00Z INFO [135/500] 0e3189a0-6217-4e38-b5cd-11a4d8bc577f: valid; 16.4 s; peak memory 1498 MiB.
2026-09-22T10:37:10Z INFO [136/500] 0e326f0b-bcce-4532-8ddb-4d9242138807: valid; 9.4 s; peak memory 1620 MiB.
2026-09-22T10:37:12Z INFO [137/500] 0e329c62-a00a-4ad4-8bbe-e8481e9d143a: not valid; 2.5 s; peak memory 1620 MiB.
2026-09-22T10:37:14Z INFO [138/500] 0e338ba2-8695-444b-b8d1-4e2cae69760b: valid; 1.2 s; peak memory 1620 MiB.
2026-09-22T10:37:17Z INFO [139/500] 0e33cb7f-2a0b-44a8-94c8-cd41e1994039: valid; 2.9 s; peak memory 1620 MiB.
2026-09-22T10:37:36Z INFO [140/500] 0e3400b8-3f04-46c6-beae-5cb746f70a32: valid; 19.4 s; peak memory 1762 MiB.
2026-09-22T10:37:38Z INFO [141/500] 0e353be6-52ab-4061-9420-8cb0458c5807: valid; 1.7 s; peak memory 1762 MiB.
2026-09-22T10:37:42Z INFO [142/500] 0e357b10-acac-48d3-95af-aa1a12aa076f: not valid; 3.9 s; peak memory 1762 MiB.
2026-09-22T10:37:42Z WARNING 0e362555-5d66-48d3-ae17-b870de71505f: failed while retrieving asset information from the DANDI API (NotFoundError: No asset at path 'sub-449141/sub-449141_ses-20190604T152447_behavior+ecephys+ogen.nwb' in version 0.231012.2129. Verify the path is correct and the asset exists in this version. Use 'dandi ls' to list available assets.)
2026-09-22T10:37:43Z INFO [144/500] 0e366d55-5665-4eb6-8f98-528cf7ec3630: valid; 1.3 s; peak memory 1762 MiB.
2026-09-22T10:37:45Z INFO [145/500] 0e368c2a-018c-4be4-bd38-392732a91938: valid; 1.8 s; peak memory 1762 MiB.
2026-09-22T10:37:48Z INFO [146/500] 0e36dc69-b5fd-41b5-bb7a-d6110a02df19: valid; 3.1 s; peak memory 1797 MiB.
2026-09-22T10:37:49Z INFO [147/500] 0e375f5e-e330-47d3-85a9-8067374fdc51: valid; 1.0 s; peak memory 1797 MiB.
2026-09-22T10:37:50Z INFO [148/500] 0e37eb7c-7422-429d-8c00-59d982d786d6: valid; 1.1 s; peak memory 1797 MiB.
2026-09-22T10:37:51Z INFO [149/500] 0e37ff52-bf20-41bb-8e6f-eba0ffa73d23: valid; 1.5 s; peak memory 1797 MiB.
2026-09-22T10:37:54Z INFO [150/500] 0e38a3d6-ba18-4b80-a52c-0c9a42192fe8: not valid; 2.5 s; peak memory 1797 MiB.
2026-09-22T10:37:54Z INFO [150/500] 0e38a3d6-ba18-4b80-a52c-0c9a42192fe8: checkpointed 74160 records.
2026-09-22T10:38:11Z INFO [151/500] 0e38be1e-c081-4521-86c7-d316a3aa6a09: not valid; 16.2 s; peak memory 2127 MiB.
2026-09-22T10:38:14Z INFO [152/500] 0e38c500-7b28-430d-a997-575e18ffc683: not valid; 3.6 s; peak memory 2127 MiB.
2026-09-22T10:38:28Z INFO [153/500] 0e38d7ad-9f72-4496-8237-6f17c954cf63: valid; 13.8 s; peak memory 2317 MiB.
2026-09-22T10:38:29Z INFO [154/500] 0e38ebeb-9718-4850-a4c6-53ecd9532cf5: valid; 1.2 s; peak memory 2317 MiB.
2026-09-22T10:38:31Z INFO [155/500] 0e3a00c8-588f-4ec8-a0eb-d9c71697d4d7: valid; 1.7 s; peak memory 2317 MiB.
2026-09-22T10:38:33Z INFO [156/500] 0e3a9196-ea85-4dc8-8645-c1c5d32884a3: valid; 1.9 s; peak memory 2317 MiB.
2026-09-22T10:38:36Z INFO [157/500] 0e3ad784-2d0b-48cd-a92a-d753d318355d: valid; 3.1 s; peak memory 2317 MiB.
2026-09-22T10:38:37Z INFO [158/500] 0e3b3c93-73ed-4bec-b1df-b630617aae14: valid; 1.3 s; peak memory 2317 MiB.
2026-09-22T10:38:49Z INFO [159/500] 0e3c6f35-d311-402d-92af-000b3df4b9bc: valid; 11.9 s; peak memory 2317 MiB.
2026-09-22T10:38:56Z INFO [160/500] 0e3cd05d-5741-4c1d-9a36-3ef5dc868fda: valid; 6.7 s; peak memory 2317 MiB.
2026-09-22T10:39:00Z INFO [161/500] 0e3d4a3f-80dc-4e01-a69b-8885da0fe968: valid; 3.7 s; peak memory 2317 MiB.
2026-09-22T10:39:01Z INFO [162/500] 0e3e6295-c376-4af4-b53e-2d59cd2f9672: not valid; 1.4 s; peak memory 2317 MiB.
2026-09-22T10:39:44Z INFO [163/500] 0e3e9c69-1be6-4ad6-90a6-90632a503dec: valid; 43.4 s; peak memory 2509 MiB.
2026-09-22T10:39:46Z INFO [164/500] 0e3eb891-18da-4171-b5b8-e7310b34fa4b: valid; 1.2 s; peak memory 2509 MiB.
2026-09-22T10:39:52Z INFO [165/500] 0e3ecde8-733e-4122-937e-a87def0d8d81: not valid; 6.5 s; peak memory 2509 MiB.
2026-09-22T10:39:56Z INFO [166/500] 0e3f3096-6b47-411a-85f7-94f0e5f4e8f5: valid; 4.1 s; peak memory 2509 MiB.
2026-09-22T10:39:57Z INFO [167/500] 0e3fb064-da1b-4a33-9eba-e322e8ad288d: valid; 1.1 s; peak memory 2509 MiB.
2026-09-22T10:40:00Z INFO [168/500] 0e3fe1ca-028c-434a-a328-953aeb03d8f3: valid; 2.8 s; peak memory 2509 MiB.
2026-09-22T10:40:02Z INFO [169/500] 0e3fe9a2-1d0b-405e-95f8-47858600ae05: valid; 2.3 s; peak memory 2509 MiB.
2026-09-22T10:40:05Z INFO [170/500] 0e4006d8-42ab-4670-a1b0-9c1fa8ac8d87: valid; 2.8 s; peak memory 2509 MiB.
2026-09-22T10:40:07Z INFO [171/500] 0e400967-5e49-4af1-aceb-563d05d26b82: not valid; 1.8 s; peak memory 2509 MiB.
2026-09-22T10:40:15Z INFO [172/500] 0e40773e-4512-420f-9c3e-3eb4475a76ae: valid; 8.0 s; peak memory 2518 MiB.
2026-09-22T10:40:18Z INFO [173/500] 0e40a0bc-1764-4df3-99c7-4ec7b8ccf7fd: valid; 3.0 s; peak memory 2554 MiB.
2026-09-22T10:40:20Z INFO [174/500] 0e40f65d-bd26-430d-9e87-1a903ff2f4f3: not valid; 1.9 s; peak memory 2554 MiB.
2026-09-22T10:40:21Z INFO [175/500] 0e413563-e9c8-462f-88be-1d4887c650c8: not valid; 1.4 s; peak memory 2554 MiB.
2026-09-22T10:40:25Z INFO [176/500] 0e4165c3-41a0-43c6-b034-071ad1305f60: not valid; 3.9 s; peak memory 2554 MiB.
2026-09-22T10:40:27Z INFO [177/500] 0e41b375-3a87-4434-80a8-9360eac72754: valid; 2.1 s; peak memory 2554 MiB.
2026-09-22T10:40:29Z INFO [178/500] 0e4202b6-927b-4ceb-8f23-f5addffa208b: valid; 1.2 s; peak memory 2554 MiB.
2026-09-22T10:40:31Z INFO [179/500] 0e42af3d-6e5b-4d82-8dd5-a3a13ad92a3d: not valid; 1.9 s; peak memory 2554 MiB.
2026-09-22T10:40:32Z INFO [180/500] 0e43184c-6d91-4fbb-928d-7ba5800c4fce: valid; 1.6 s; peak memory 2554 MiB.
2026-09-22T10:40:34Z WARNING 0e431f11-9722-42ef-b8c9-eac06820b15e: failed while opening the NWB file (ConstructError: (root/acquisition/_iblmic_audioSpectrogram/bands GroupBuilder {'attributes': {'colnames': array(['freq'], dtype=object), 'description': 'spectogram frequencies', 'namespace': 'core', 'neurodata_type': 'FrequencyBandsTable', 'object_id': 'ef55a7df-44a2-4afb-902e-63df79bd025e'}, 'groups': {}, 'datasets': {'freq': root/acquisition/_iblmic_audioSpectrogram/bands/freq DatasetBuilder {'attributes': {'description': 'frequency value', 'namespace': 'hdmf-common', 'neurodata_type': 'VectorData', 'object_id': 'a7ce1dc4-a185-424f-9c0c-8195b75ece51'}, 'data': <HDF5 dataset "freq": shape (257,), type "<f4">}, 'id': root/acquisition/_iblmic_audioSpectrogram/bands/id DatasetBuilder {'attributes': {'namespace': 'hdmf-common', 'neurodata_type': 'ElementIdentifiers', 'object_id': '86dd6abf-dc8b-465a-8a3e-576bbdff6ebe'}, 'data': <HDF5 dataset "id": shape (257,), type "<i4">}}, 'links': {}}, "Could not construct FrequencyBandsTable object due to: column must have the same number of rows as 'id'"))
2026-09-22T10:40:36Z INFO [182/500] 0e435e26-2252-4fe7-b73b-006ae8fcc202: valid; 1.8 s; peak memory 2554 MiB.
2026-09-22T10:42:10Z INFO [183/500] 0e43798e-f53f-4acc-9f92-468110ed6489: valid; 94.1 s; peak memory 3106 MiB.
2026-09-22T10:42:12Z INFO [184/500] 0e465ebb-0233-432c-9d19-6ad7b12d6c49: valid; 2.1 s; peak memory 3106 MiB.
2026-09-22T10:42:14Z INFO [185/500] 0e46742c-fd79-4090-b52f-f567d3ee6da5: not valid; 2.3 s; peak memory 3106 MiB.
2026-09-22T10:42:15Z INFO [186/500] 0e467ef8-6613-4064-89ac-7f3aeffa12d0: valid; 1.3 s; peak memory 3106 MiB.
2026-09-22T10:42:16Z INFO [187/500] 0e47b5da-9c9b-4802-9399-da5dd93e58fa: not valid; 1.0 s; peak memory 3106 MiB.
2026-09-22T10:42:18Z INFO [188/500] 0e48ac76-b59f-4146-be5a-398f9c1f2c6d: not valid; 2.1 s; peak memory 3106 MiB.
2026-09-22T10:42:21Z INFO [189/500] 0e48f1a0-5a87-41e1-b68e-3ee8000b943a: valid; 2.7 s; peak memory 3106 MiB.
2026-09-22T10:42:23Z INFO [190/500] 0e48fb38-6d24-47b4-819c-894676ead454: not valid; 2.0 s; peak memory 3106 MiB.
2026-09-22T10:42:24Z INFO [191/500] 0e4a66a5-7711-43a8-bb0f-2517bf45fd77: valid; 1.2 s; peak memory 3106 MiB.
2026-09-22T10:42:39Z INFO [192/500] 0e4aea7f-7005-47a2-a8d3-7bdeb1aa2e9c: valid; 14.6 s; peak memory 3106 MiB.
2026-09-22T10:42:42Z INFO [193/500] 0e4b615a-ccc0-44be-bb22-0b36a501f1e0: valid; 2.8 s; peak memory 3106 MiB.
2026-09-22T10:42:43Z INFO [194/500] 0e4b707d-d254-40ab-a962-f0e02b8ef332: valid; 1.2 s; peak memory 3106 MiB.
2026-09-22T10:42:45Z WARNING 0e4b86d1-e69a-48a5-92d6-4b67d26830a1: failed while opening the NWB file (ConstructError: (root/acquisition/_iblmic_audioSpectrogram/bands GroupBuilder {'attributes': {'colnames': array(['freq'], dtype=object), 'description': 'spectogram frequencies', 'namespace': 'core', 'neurodata_type': 'FrequencyBandsTable', 'object_id': 'e5b52a01-38f7-4cfa-8bb6-bef87969fc70'}, 'groups': {}, 'datasets': {'freq': root/acquisition/_iblmic_audioSpectrogram/bands/freq DatasetBuilder {'attributes': {'description': 'frequency value', 'namespace': 'hdmf-common', 'neurodata_type': 'VectorData', 'object_id': '7e7202bc-79f1-4ad3-b162-3f4088750ce8'}, 'data': <HDF5 dataset "freq": shape (257,), type "<f4">}, 'id': root/acquisition/_iblmic_audioSpectrogram/bands/id DatasetBuilder {'attributes': {'namespace': 'hdmf-common', 'neurodata_type': 'ElementIdentifiers', 'object_id': '4e069d0e-0c7e-429c-af22-f83137cb91af'}, 'data': <HDF5 dataset "id": shape (257,), type "<i4">}}, 'links': {}}, "Could not construct FrequencyBandsTable object due to: column must have the same number of rows as 'id'"))
2026-09-22T10:42:47Z INFO [196/500] 0e4ba408-5d9c-4988-afd2-5b55a30ff0d6: valid; 1.9 s; peak memory 3106 MiB.
2026-09-22T10:43:03Z INFO [197/500] 0e4bc772-a2bd-4212-84bb-ca1eeacfbc49: valid; 15.9 s; peak memory 3106 MiB.
2026-09-22T10:43:05Z INFO [198/500] 0e4c202a-b1c1-4ef6-80ce-69dcb4a3c48e: valid; 2.0 s; peak memory 3106 MiB.
2026-09-22T10:43:07Z INFO [199/500] 0e4d20ab-c152-490c-b57a-876877dd58b8: not valid; 1.8 s; peak memory 3106 MiB.
2026-09-22T10:43:09Z INFO [200/500] 0e4dfa29-77ec-4d8f-bcdd-ed364c73c4e7: valid; 2.7 s; peak memory 3106 MiB.
2026-09-22T10:43:10Z INFO [200/500] 0e4dfa29-77ec-4d8f-bcdd-ed364c73c4e7: checkpointed 74210 records.
2026-09-22T10:43:12Z INFO [201/500] 0e4f0042-4bb7-4bf7-9594-60eec7bd6f7d: valid; 1.9 s; peak memory 3106 MiB.
2026-09-22T10:43:13Z INFO [202/500] 0e4f17a5-478b-4201-b129-52fefc06a00d: valid; 1.7 s; peak memory 3106 MiB.
2026-09-22T10:43:15Z INFO [203/500] 0e4f4898-e621-447d-af56-32bf9740bbe9: not valid; 1.7 s; peak memory 3106 MiB.
2026-09-22T10:43:17Z INFO [204/500] 0e4f80fd-bd0b-4306-83f1-73b9e9edb4d2: not valid; 1.5 s; peak memory 3106 MiB.
2026-09-22T10:43:19Z INFO [205/500] 0e4fad6b-8e5a-4e3f-a14b-184cc117b8f9: valid; 2.1 s; peak memory 3106 MiB.
2026-09-22T10:43:20Z WARNING 0e504808-2262-4eeb-b010-3a57eb1baf51: failed while opening the NWB file (ConstructError: (root/acquisition/event_code_meanings GroupBuilder {'attributes': {'colnames': array(['value', 'meaning'], dtype=object), 'description': 'Mapping integer event codes to event labels', 'namespace': 'ndx-events', 'neurodata_type': 'MeaningsTable', 'object_id': '6d7c205b-893b-4f9c-b73e-1df0108b57e5'}, 'groups': {}, 'datasets': {'id': root/acquisition/event_code_meanings/id DatasetBuilder {'attributes': {'namespace': 'hdmf-common', 'neurodata_type': 'ElementIdentifiers', 'object_id': '58f081aa-309c-4d13-8590-87327f8795c3'}, 'data': <HDF5 dataset "id": shape (26,), type "<i8">}, 'meaning': root/acquisition/event_code_meanings/meaning DatasetBuilder {'attributes': {'description': 'The meaning of the value in the parent CategoricalVectorData object.', 'namespace': 'hdmf-experimental', 'neurodata_type': 'VectorData', 'object_id': '90a0b1ed-0f35-449b-8cdd-eaf66ee8cc89'}, 'data': <StrDataset for HDF5 dataset "meaning": shape (26,), type "|O">}, 'value': root/acquisition/event_code_meanings/value DatasetBuilder {'attributes': {'description': 'The value of the parent CategoricalVectorData object.', 'namespace': 'hdmf-experimental', 'neurodata_type': 'VectorData', 'object_id': '927df6a1-152e-48d5-877c-79f7b11ff8d8'}, 'data': <HDF5 dataset "value": shape (26,), type "<i8">}}, 'links': {}}, "Could not construct MeaningsTable object due to: MeaningsTable.__init__: missing argument 'target'"))
2026-09-22T10:43:24Z INFO [207/500] 0e504c80-4fa2-41f3-99ae-7fa1f99e48b6: not valid; 3.9 s; peak memory 3144 MiB.
2026-09-22T10:43:26Z INFO [208/500] 0e506e31-7ef1-4b42-b86e-95154cdcdfe3: valid; 1.5 s; peak memory 3144 MiB.
2026-09-22T10:43:27Z WARNING 0e507542-04d8-4080-991b-d811090c2c22: failed while opening the NWB file (ConstructError: (root/acquisition/_iblmic_audioSpectrogram/bands GroupBuilder {'attributes': {'colnames': array(['freq'], dtype=object), 'description': 'spectogram frequencies', 'namespace': 'core', 'neurodata_type': 'FrequencyBandsTable', 'object_id': '1fe5a3f3-57af-4ed4-8efe-f084db71f798'}, 'groups': {}, 'datasets': {'freq': root/acquisition/_iblmic_audioSpectrogram/bands/freq DatasetBuilder {'attributes': {'description': 'frequency value', 'namespace': 'hdmf-common', 'neurodata_type': 'VectorData', 'object_id': '05194d59-ee32-46a8-9d45-23cffe69920e'}, 'data': <HDF5 dataset "freq": shape (257,), type "<f4">}, 'id': root/acquisition/_iblmic_audioSpectrogram/bands/id DatasetBuilder {'attributes': {'namespace': 'hdmf-common', 'neurodata_type': 'ElementIdentifiers', 'object_id': 'c614060b-36b3-4151-8082-aca5442ab31a'}, 'data': <HDF5 dataset "id": shape (257,), type "<i4">}}, 'links': {}}, "Could not construct FrequencyBandsTable object due to: column must have the same number of rows as 'id'"))
2026-09-22T10:43:29Z INFO [210/500] 0e50b49f-6758-46cd-ac97-f351b244c9f2: not valid; 1.6 s; peak memory 3144 MiB.
2026-09-22T10:43:31Z INFO [211/500] 0e513b79-3a2a-4485-a243-accba375ae3f: not valid; 1.7 s; peak memory 3144 MiB.
2026-09-22T10:43:32Z INFO [212/500] 0e518fe5-794d-4c62-bc22-2c2564b40180: valid; 1.6 s; peak memory 3144 MiB.
2026-09-22T10:43:33Z INFO [213/500] 0e52e897-504f-40d8-8181-e087a8248d9d: valid; 1.3 s; peak memory 3144 MiB.
2026-09-22T10:43:35Z INFO [214/500] 0e5372c9-cbf1-4489-9c0e-822d3958151e: valid; 1.2 s; peak memory 3144 MiB.
2026-09-22T10:43:37Z INFO [215/500] 0e54716d-89c1-40d5-9e3c-b76c63b25265: valid; 1.9 s; peak memory 3144 MiB.
2026-09-22T10:43:39Z INFO [216/500] 0e549a6e-0ea4-43cf-a37e-b7f7cd65f3c6: not valid; 2.7 s; peak memory 3144 MiB.
2026-09-22T10:43:43Z INFO [217/500] 0e54da42-811c-49a0-911b-08d33d776da2: valid; 3.8 s; peak memory 3144 MiB.
2026-09-22T10:43:53Z INFO [218/500] 0e555714-9b93-4fe8-b5b5-b3036c0d41f6: valid; 9.8 s; peak memory 3169 MiB.
2026-09-22T10:43:54Z INFO [219/500] 0e557565-3616-4dd3-b39a-b9695970ef48: valid; 1.5 s; peak memory 3172 MiB.
2026-09-22T10:43:56Z INFO [220/500] 0e55c385-627e-42fc-a4bb-113d35084b32: valid; 1.2 s; peak memory 3175 MiB.
2026-09-22T10:43:57Z INFO [221/500] 0e560d60-d9d0-40d3-87cd-4b74f52ca01c: not valid; 1.4 s; peak memory 3178 MiB.
2026-09-22T10:44:01Z INFO [222/500] 0e563a5e-946a-47f5-8159-39f8b1736eab: valid; 3.9 s; peak memory 3186 MiB.
2026-09-22T10:44:03Z WARNING 0e5671ea-811d-4659-8ecb-151e9ad40cc1: failed while opening the NWB file (ConstructError: (root/acquisition/_iblmic_audioSpectrogram/bands GroupBuilder {'attributes': {'colnames': array(['freq'], dtype=object), 'description': 'spectogram frequencies', 'namespace': 'core', 'neurodata_type': 'FrequencyBandsTable', 'object_id': '3b18f921-a42b-474e-8d8f-3cd9d50d8ba2'}, 'groups': {}, 'datasets': {'freq': root/acquisition/_iblmic_audioSpectrogram/bands/freq DatasetBuilder {'attributes': {'description': 'frequency value', 'namespace': 'hdmf-common', 'neurodata_type': 'VectorData', 'object_id': '76e6f629-1866-42b6-bc5e-6451406063b0'}, 'data': <HDF5 dataset "freq": shape (257,), type "<f4">}, 'id': root/acquisition/_iblmic_audioSpectrogram/bands/id DatasetBuilder {'attributes': {'namespace': 'hdmf-common', 'neurodata_type': 'ElementIdentifiers', 'object_id': '6c6ac1a0-c552-4209-af97-8b2dfee711d6'}, 'data': <HDF5 dataset "id": shape (257,), type "<i4">}}, 'links': {}}, "Could not construct FrequencyBandsTable object due to: column must have the same number of rows as 'id'"))
2026-09-22T10:44:05Z INFO [224/500] 0e5813ee-704d-4aaa-b161-efd35cf58bb7: not valid; 2.1 s; peak memory 3189 MiB.
2026-09-22T10:44:06Z INFO [225/500] 0e58744e-d815-4f0e-9f5a-95661f86ec50: valid; 1.3 s; peak memory 3189 MiB.
2026-09-22T10:44:08Z INFO [226/500] 0e58d7cf-210b-4394-b700-74bbf96d177e: not valid; 1.4 s; peak memory 3189 MiB.
2026-09-22T10:44:10Z INFO [227/500] 0e58f84c-5123-4b99-8d05-6fb8f101cc59: valid; 2.6 s; peak memory 3189 MiB.
2026-09-22T10:44:13Z INFO [228/500] 0e5923ab-4725-4af7-85ad-38c6e3e527af: valid; 2.5 s; peak memory 3189 MiB.
2026-09-22T10:44:15Z INFO [229/500] 0e59380c-9150-45d3-807e-0984fbe725c2: valid; 2.7 s; peak memory 3189 MiB.
2026-09-22T10:44:17Z INFO [230/500] 0e59bbc3-0516-4e17-876c-0f13724803df: valid; 1.3 s; peak memory 3189 MiB.
2026-09-22T10:44:18Z INFO [231/500] 0e5b8be0-666a-457e-bf1c-9b51cf04402a: valid; 1.9 s; peak memory 3189 MiB.
2026-09-22T10:44:20Z INFO [232/500] 0e5b95b3-2305-4cc6-8756-81d804bf5886: not valid; 1.1 s; peak memory 3189 MiB.
2026-09-22T10:44:21Z INFO [233/500] 0e5ba042-dfb0-44ed-b392-45d3acfc90ab: not valid; 1.6 s; peak memory 3189 MiB.
2026-09-22T10:44:23Z INFO [234/500] 0e5c64c3-5659-44d1-88a9-c8443c5ebb4e: valid; 1.9 s; peak memory 3189 MiB.
2026-09-22T10:44:25Z INFO [235/500] 0e5c7433-a2d8-42d0-972d-1e0ea2a93338: valid; 2.1 s; peak memory 3189 MiB.
2026-09-22T10:44:27Z INFO [236/500] 0e5ce98f-0cd5-487e-a16a-6cf3de2dd329: valid; 1.9 s; peak memory 3194 MiB.
2026-09-22T10:44:29Z INFO [237/500] 0e5cf992-69c4-4189-8acf-196f482c4699: not valid; 1.6 s; peak memory 3194 MiB.
2026-09-22T10:44:30Z INFO [238/500] 0e5d0d4c-ec2c-45c1-a586-e34b65dd92f4: not valid; 1.6 s; peak memory 3196 MiB.
2026-09-22T10:44:37Z INFO [239/500] 0e5e3128-8fe7-467d-849a-57aa909ee312: valid; 6.9 s; peak memory 3214 MiB.
2026-09-22T10:44:51Z INFO [240/500] 0e5e3580-8612-43e3-9b18-7bc06681af68: valid; 13.5 s; peak memory 3296 MiB.
2026-09-22T10:44:52Z INFO [241/500] 0e5ea23e-b9c9-42b2-b855-406ecc7d43f0: valid; 1.1 s; peak memory 3298 MiB.
2026-09-22T10:44:54Z INFO [242/500] 0e5ecfd2-53b0-4046-b845-b5c8264fc873: valid; 2.2 s; peak memory 3305 MiB.
2026-09-22T10:44:56Z INFO [243/500] 0e5ee4de-e395-4873-956e-9e69d2466918: valid; 2.4 s; peak memory 3316 MiB.
2026-09-22T10:45:00Z INFO [244/500] 0e5f2f69-cb60-4820-86c1-694512d5e0a5: valid; 3.4 s; peak memory 3332 MiB.
2026-09-22T10:45:00Z WARNING 0e5f6470-6f8b-4c7d-bc30-ab8fc9d92863: failed while retrieving asset information from the DANDI API (NotFoundError: No asset at path 'sub-parkinson-simulated-beta/sub-parkinson-simulated-beta_ses-9666_ecephys.nwb' in version 0.250327.2220. Verify the path is correct and the asset exists in this version. Use 'dandi ls' to list available assets.)
2026-09-22T10:45:01Z INFO [246/500] 0e5f9dd0-1d19-441d-a696-fe4c20e7aabf: valid; 1.3 s; peak memory 3334 MiB.
2026-09-22T10:45:03Z INFO [247/500] 0e601b1c-b4f0-4436-b31a-d98eadc91d2d: not valid; 1.7 s; peak memory 3336 MiB.
2026-09-22T10:45:05Z INFO [248/500] 0e6102de-23ed-4dda-9c70-12293dc38321: valid; 2.1 s; peak memory 3337 MiB.
2026-09-22T10:45:40Z INFO [249/500] 0e61811a-1173-4aba-b4bb-15905c6d2b1d: valid; 34.8 s; peak memory 3534 MiB.
2026-09-22T10:45:44Z INFO [250/500] 0e61b96f-e9f6-4732-b344-95fa5ad52765: not valid; 4.0 s; peak memory 3541 MiB.
2026-09-22T10:45:44Z INFO [250/500] 0e61b96f-e9f6-4732-b344-95fa5ad52765: checkpointed 74260 records.
2026-09-22T10:45:52Z INFO [251/500] 0e62072f-00d0-467f-8ed8-db90fbd201a4: valid; 7.9 s; peak memory 3556 MiB.
2026-09-22T10:45:55Z INFO [252/500] 0e62aa7b-e507-476d-a799-81727237e3f1: valid; 3.1 s; peak memory 3564 MiB.
2026-09-22T10:45:57Z INFO [253/500] 0e630d22-361e-4976-9f88-b0edf2b07e2a: not valid; 1.6 s; peak memory 3569 MiB.
2026-09-22T10:45:59Z INFO [254/500] 0e642b5f-5b54-4763-892f-3e8162d7af90: valid; 2.2 s; peak memory 3584 MiB.
2026-09-22T10:46:01Z INFO [255/500] 0e660b96-8120-4e51-bf0b-a71259ba9ac0: valid; 2.4 s; peak memory 3588 MiB.
2026-09-22T10:46:03Z INFO [256/500] 0e661f57-ce00-47a4-a2c4-46ae5c7fd1c5: valid; 1.3 s; peak memory 3589 MiB.
2026-09-22T10:46:34Z INFO [257/500] 0e668388-54c8-4fb0-86f4-44b13423c5dc: not valid; 31.6 s; peak memory 3644 MiB.
2026-09-22T10:46:37Z INFO [258/500] 0e66a355-aa23-40c9-9e5d-da1375def08f: valid; 2.7 s; peak memory 3647 MiB.
2026-09-22T10:46:38Z INFO [259/500] 0e66dcce-4027-441a-bf2f-b012ef6ca398: not valid; 1.0 s; peak memory 3647 MiB.
2026-09-22T10:46:40Z INFO [260/500] 0e673445-c598-4286-b35b-3f9d4e0d2312: valid; 1.7 s; peak memory 3647 MiB.
2026-09-22T10:46:41Z INFO [261/500] 0e67abfc-5cf7-4c28-acde-6d8ede0d1ab9: valid; 1.3 s; peak memory 3647 MiB.
2026-09-22T10:46:43Z WARNING 0e687f14-5c46-45b0-a82f-ac39174233dc: failed while opening the NWB file (ConstructError: (root/general/optogenetics/PatternedOptogeneticStimulusSite GroupBuilder {'attributes': {'effector': 'GUR-3/PRDX-2', 'namespace': 'ndx-patterned-ogen', 'neurodata_type': 'PatternedOptogeneticStimulusSite', 'object_id': '26c12384-1955-49f4-b757-f7bf5a400bd1'}, 'groups': {}, 'datasets': {'description': root/general/optogenetics/PatternedOptogeneticStimulusSite/description DatasetBuilder {'attributes': {}, 'data': 'Scanning'}, 'excitation_lambda': root/general/optogenetics/PatternedOptogeneticStimulusSite/excitation_lambda DatasetBuilder {'attributes': {}, 'data': np.float64(850.0)}, 'location': root/general/optogenetics/PatternedOptogeneticStimulusSite/location DatasetBuilder {'attributes': {}, 'data': 'whole brain'}}, 'links': {'device': root/general/optogenetics/PatternedOptogeneticStimulusSite/device LinkBuilder {'builder': root/general/devices/OptogeneticDevice GroupBuilder {'attributes': {'description': '', 'namespace': 'core', 'neurodata_type': 'Device', 'object_id': 'c67c566b-3277-436f-9518-e624737d0ff6'}, 'groups': {}, 'datasets': {}, 'links': {}}}, 'light_source': root/general/optogenetics/PatternedOptogeneticStimulusSite/light_source LinkBuilder {'builder': root/general/devices/AmplifiedLaser GroupBuilder {'attributes': {'description': 'For two-photon optogenetic targeting, we used an optical parametric amplifier (OPA; Light Conversion ORPHEUS) pumped by a femtosecond amplified laser (Light Conversion PHAROS).', 'filter_description': 'Short pass at 1040 nm', 'manufacturer': 'Light Conversion', 'model': 'ORPHEUS amplifier and PHAROS laser', 'namespace': 'ndx-patterned-ogen', 'neurodata_type': 'LightSource', 'object_id': '40490529-4ea3-49c6-aa41-c13f9df700b1', 'peak_power_in_W': np.float64(0.0012), 'pulse_rate_in_Hz': np.float64(500000.0), 'stimulation_wavelength_in_nm': np.float64(850.0)}, 'groups': {}, 'datasets': {}, 'links': {}}}}}, "Could not construct PatternedOptogeneticStimulusSite object due to: CustomClassGenerator.set_init.<locals>.__init__: incorrect type for 'spatial_light_modulator' (got 'list', expected 'Device')"))
2026-09-22T10:46:47Z INFO [263/500] 0e694742-19d5-4fb6-b588-c2462ffde58d: valid; 3.6 s; peak memory 3647 MiB.
2026-09-22T10:46:48Z INFO [264/500] 0e699d8c-8944-49d5-affa-1fbfbbc843df: not valid; 1.3 s; peak memory 3647 MiB.
2026-09-22T10:46:50Z INFO [265/500] 0e69b09c-7ee6-4dd8-a515-885b806e8dce: not valid; 1.5 s; peak memory 3647 MiB.
2026-09-22T10:46:51Z INFO [266/500] 0e69b6b1-ef15-45ba-ab88-c0b28a7a0268: valid; 1.7 s; peak memory 3647 MiB.
2026-09-22T10:46:53Z INFO [267/500] 0e69bb55-4529-4574-98a7-2c9305bc0c0e: not valid; 1.9 s; peak memory 3647 MiB.
2026-09-22T10:47:07Z INFO [268/500] 0e69eba4-9cc8-40d0-a901-880e12619d28: valid; 14.0 s; peak memory 3667 MiB.
2026-09-22T10:47:09Z INFO [269/500] 0e6a5440-6290-4fcd-b650-d541619cb3aa: valid; 1.2 s; peak memory 3667 MiB.
2026-09-22T10:47:22Z INFO [270/500] 0e6a9bb9-2de7-41fa-b632-8964fe347c28: valid; 13.6 s; peak memory 3765 MiB.
2026-09-22T10:47:24Z INFO [271/500] 0e6ae32a-ecb6-4b6f-b956-62f4aa3daf0d: not valid; 1.7 s; peak memory 3765 MiB.
2026-09-22T10:47:26Z INFO [272/500] 0e6b25c1-7209-4e64-8ec5-4c40e31751a1: valid; 2.2 s; peak memory 3765 MiB.
2026-09-22T10:47:27Z INFO [273/500] 0e6b4e7a-269f-4b2f-a429-caa8ce24f642: valid; 1.0 s; peak memory 3765 MiB.
2026-09-22T10:47:29Z INFO [274/500] 0e6b9b4b-1110-47c9-87e9-cf3877ad9728: not valid; 1.9 s; peak memory 3765 MiB.
2026-09-22T10:47:31Z INFO [275/500] 0e6bc7ab-a5b9-49ca-917c-ebebbec700d8: valid; 2.0 s; peak memory 3765 MiB.
2026-09-22T10:47:32Z INFO [276/500] 0e6bcfa8-bb53-42d0-ac47-70a9059774ac: valid; 1.4 s; peak memory 3765 MiB.
2026-09-22T10:47:34Z INFO [277/500] 0e6be0bb-910d-4a0d-8875-d21cada349f2: valid; 1.2 s; peak memory 3765 MiB.
2026-09-22T10:47:35Z INFO [278/500] 0e6cc99c-64cf-4adf-b350-0e4d68513abf: valid; 1.5 s; peak memory 3765 MiB.
2026-09-22T10:47:37Z INFO [279/500] 0e6d48c1-4a04-4185-9864-524160460366: not valid; 1.6 s; peak memory 3765 MiB.
2026-09-22T10:47:38Z INFO [280/500] 0e6db84c-47af-4602-8a2d-60e0d377de86: valid; 1.4 s; peak memory 3765 MiB.
2026-09-22T10:47:40Z INFO [281/500] 0e6ec420-21fa-4bf1-8e85-5eed798657dc: valid; 2.0 s; peak memory 3765 MiB.
2026-09-22T10:47:42Z INFO [282/500] 0e6f3bea-b3cc-44be-b44b-a2c263dc9b9f: valid; 1.5 s; peak memory 3765 MiB.
2026-09-22T10:48:57Z INFO [283/500] 0e6f6e18-e872-4684-9941-cfc3bf46d133: not valid; 75.6 s; peak memory 4248 MiB.
2026-09-22T10:48:59Z INFO [284/500] 0e6fb932-61fe-456c-8830-dc8f16a65628: valid; 1.5 s; peak memory 4248 MiB.
2026-09-22T10:49:01Z WARNING 0e70312b-b659-4c89-8f9c-b330c2acf483: failed while opening the NWB file (ConstructError: (root/acquisition/_iblmic_audioSpectrogram/bands GroupBuilder {'attributes': {'colnames': array(['freq'], dtype=object), 'description': 'spectogram frequencies', 'namespace': 'core', 'neurodata_type': 'FrequencyBandsTable', 'object_id': '844dbdf0-ac7f-413c-9211-2ba0b8a567d8'}, 'groups': {}, 'datasets': {'freq': root/acquisition/_iblmic_audioSpectrogram/bands/freq DatasetBuilder {'attributes': {'description': 'frequency value', 'namespace': 'hdmf-common', 'neurodata_type': 'VectorData', 'object_id': '001d97d2-aab0-4d22-bde1-ee0f6d7162cd'}, 'data': <HDF5 dataset "freq": shape (257,), type "<f4">}, 'id': root/acquisition/_iblmic_audioSpectrogram/bands/id DatasetBuilder {'attributes': {'namespace': 'hdmf-common', 'neurodata_type': 'ElementIdentifiers', 'object_id': 'b1808602-fc62-444f-8552-5cca7364972d'}, 'data': <HDF5 dataset "id": shape (257,), type "<i4">}}, 'links': {}}, "Could not construct FrequencyBandsTable object due to: column must have the same number of rows as 'id'"))
2026-09-22T10:49:02Z INFO [286/500] 0e703508-3764-4af6-9028-82dae1b34ce0: not valid; 1.4 s; peak memory 4250 MiB.
2026-09-22T10:49:04Z INFO [287/500] 0e707f95-9c60-4d90-b0b0-cf9b9a2a44ec: valid; 1.9 s; peak memory 4252 MiB.
2026-09-22T10:49:16Z INFO [288/500] 0e70df5b-6621-449c-b39e-9404b445f207: valid; 12.5 s; peak memory 4273 MiB.
2026-09-22T10:49:18Z INFO [289/500] 0e7163f3-3b9d-4f63-b4e7-02d9287e9ded: not valid; 1.8 s; peak memory 4275 MiB.
2026-09-22T10:49:21Z INFO [290/500] 0e716a49-6c9d-43f2-805d-51c18b76d5dd: valid; 2.8 s; peak memory 4282 MiB.
2026-09-22T10:49:25Z INFO [291/500] 0e716bcf-d523-4825-a874-8fe69dfc0527: valid; 3.7 s; peak memory 4283 MiB.
2026-09-22T10:49:26Z INFO [292/500] 0e718c7a-054c-4dbc-9460-032d78886ce2: valid; 1.5 s; peak memory 4284 MiB.
2026-09-22T10:49:27Z INFO [293/500] 0e7193fa-d196-4c5b-85df-285586231781: valid; 1.2 s; peak memory 4285 MiB.
2026-09-22T10:49:29Z INFO [294/500] 0e719f09-cdc7-4cb7-a6bc-c7688d923ad6: not valid; 1.8 s; peak memory 4286 MiB.
2026-09-22T10:49:31Z INFO [295/500] 0e72b50e-929d-4ea9-8e5a-816d1b03e2e2: valid; 2.0 s; peak memory 4286 MiB.
2026-09-22T10:49:32Z INFO [296/500] 0e7317b5-f4b7-4255-8ece-11ace8be15d1: valid; 1.1 s; peak memory 4287 MiB.
2026-09-22T10:49:34Z INFO [297/500] 0e7319d2-fbc7-41cd-ae17-47459b91f86e: not valid; 1.6 s; peak memory 4289 MiB.
2026-09-22T10:49:36Z INFO [298/500] 0e733d9f-8738-4da3-9144-98a2948af7aa: valid; 2.4 s; peak memory 4293 MiB.
2026-09-22T10:49:38Z INFO [299/500] 0e736741-631f-48e8-96a0-49590a88b57d: not valid; 1.6 s; peak memory 4293 MiB.
2026-09-22T10:49:39Z WARNING 0e73dd3e-fb87-4579-ba3a-27d5cccd1bbb: failed while opening the NWB file (ConstructError: (root/acquisition/event_code_meanings GroupBuilder {'attributes': {'colnames': array(['value', 'meaning'], dtype=object), 'description': 'Mapping integer event codes to event labels', 'namespace': 'ndx-events', 'neurodata_type': 'MeaningsTable', 'object_id': 'deeea6b8-8a56-4ab1-b716-a984c8a6136d'}, 'groups': {}, 'datasets': {'id': root/acquisition/event_code_meanings/id DatasetBuilder {'attributes': {'namespace': 'hdmf-common', 'neurodata_type': 'ElementIdentifiers', 'object_id': '1d41eeea-5d08-4683-ac11-cb95979e2666'}, 'data': <HDF5 dataset "id": shape (26,), type "<i8">}, 'meaning': root/acquisition/event_code_meanings/meaning DatasetBuilder {'attributes': {'description': 'The meaning of the value in the parent CategoricalVectorData object.', 'namespace': 'hdmf-experimental', 'neurodata_type': 'VectorData', 'object_id': '67d4aefa-8ed7-4560-8db6-ccdadd3dca7a'}, 'data': <StrDataset for HDF5 dataset "meaning": shape (26,), type "|O">}, 'value': root/acquisition/event_code_meanings/value DatasetBuilder {'attributes': {'description': 'The value of the parent CategoricalVectorData object.', 'namespace': 'hdmf-experimental', 'neurodata_type': 'VectorData', 'object_id': 'dc7e4ae9-12b4-4741-a734-47cd62411492'}, 'data': <HDF5 dataset "value": shape (26,), type "<i8">}}, 'links': {}}, "Could not construct MeaningsTable object due to: MeaningsTable.__init__: missing argument 'target'"))
2026-09-22T10:49:40Z INFO [300/500] 0e73dd3e-fb87-4579-ba3a-27d5cccd1bbb: checkpointed 74310 records.
2026-09-22T10:49:42Z INFO [301/500] 0e747274-378b-4075-88c2-263d72d8a622: valid; 2.2 s; peak memory 4293 MiB.
2026-09-22T10:49:44Z INFO [302/500] 0e747a1e-0737-468a-b8fc-2272d747a871: not valid; 1.4 s; peak memory 4293 MiB.
2026-09-22T10:49:45Z INFO [303/500] 0e7489dc-e3e5-48e1-bc8d-5fe40910b3f4: valid; 1.5 s; peak memory 4293 MiB.
2026-09-22T10:49:46Z INFO [304/500] 0e75489e-5aa8-486f-827a-a04d2343f4d9: valid; 1.1 s; peak memory 4293 MiB.
2026-09-22T10:49:46Z WARNING 0e75ce22-1832-419b-a7d7-123e8fe403a5: failed while retrieving asset information from the DANDI API (NotFoundError: No asset at path 'sub-parkinson-simulated-beta/sub-parkinson-simulated-beta_ses-9000_ecephys.nwb' in version 0.250327.2220. Verify the path is correct and the asset exists in this version. Use 'dandi ls' to list available assets.)
2026-09-22T10:49:49Z INFO [306/500] 0e75f14e-fde4-4cfa-8702-84d418c7f0b3: valid; 2.5 s; peak memory 4294 MiB.
2026-09-22T10:49:50Z INFO [307/500] 0e75f291-d597-4d5f-b8f6-4f9d1c5b3a3f: valid; 1.3 s; peak memory 4294 MiB.
2026-09-22T10:49:52Z WARNING 0e765352-6571-42ce-ab4b-8eee2afdd95f: failed while opening the NWB file (ConstructError: (root/acquisition/event_code_meanings GroupBuilder {'attributes': {'colnames': array(['value', 'meaning'], dtype=object), 'description': 'Mapping integer event codes to event labels', 'namespace': 'ndx-events', 'neurodata_type': 'MeaningsTable', 'object_id': '41a71a42-7c8a-44fb-a8ce-9b0c28ca050b'}, 'groups': {}, 'datasets': {'id': root/acquisition/event_code_meanings/id DatasetBuilder {'attributes': {'namespace': 'hdmf-common', 'neurodata_type': 'ElementIdentifiers', 'object_id': '27a74ac3-8a6e-4fc4-9955-44744a3baec4'}, 'data': <HDF5 dataset "id": shape (26,), type "<i8">}, 'meaning': root/acquisition/event_code_meanings/meaning DatasetBuilder {'attributes': {'description': 'The meaning of the value in the parent CategoricalVectorData object.', 'namespace': 'hdmf-experimental', 'neurodata_type': 'VectorData', 'object_id': '42f3f3af-a980-46dc-ac94-76dc6f3b6020'}, 'data': <StrDataset for HDF5 dataset "meaning": shape (26,), type "|O">}, 'value': root/acquisition/event_code_meanings/value DatasetBuilder {'attributes': {'description': 'The value of the parent CategoricalVectorData object.', 'namespace': 'hdmf-experimental', 'neurodata_type': 'VectorData', 'object_id': 'd47875c2-98c5-42b1-9115-51cb9a9642f6'}, 'data': <HDF5 dataset "value": shape (26,), type "<i8">}}, 'links': {}}, "Could not construct MeaningsTable object due to: MeaningsTable.__init__: missing argument 'target'"))
2026-09-22T10:49:53Z INFO [309/500] 0e766e43-110f-4d35-885e-56d6764fedbe: not valid; 1.6 s; peak memory 4296 MiB.
2026-09-22T10:49:56Z INFO [310/500] 0e76b309-62f7-46df-814b-70e229bd1faa: valid; 2.7 s; peak memory 4298 MiB.
2026-09-22T10:49:58Z INFO [311/500] 0e77308f-d211-4307-bc93-0e9accc5e842: valid; 2.0 s; peak memory 4300 MiB.
2026-09-22T10:50:00Z INFO [312/500] 0e777e49-e6ae-49c8-a099-d6391bab6abd: valid; 1.6 s; peak memory 4300 MiB.
2026-09-22T10:50:06Z INFO [313/500] 0e7796ac-b9f8-46ef-a25f-42585f4e424d: valid; 6.4 s; peak memory 4300 MiB.
2026-09-22T10:50:19Z INFO [314/500] 0e7859fd-de4d-4aee-836e-c33b3366551a: valid; 12.7 s; peak memory 4328 MiB.
2026-09-22T10:50:22Z INFO [315/500] 0e787f3d-af1c-4678-8e9c-09664587753e: not valid; 3.3 s; peak memory 4332 MiB.
2026-09-22T10:50:26Z INFO [316/500] 0e78bfc4-8487-4e4c-945a-3b2f137c30a6: not valid; 3.8 s; peak memory 4336 MiB.
2026-09-22T10:50:27Z INFO [317/500] 0e79515d-b46c-4018-b830-fb7771882227: valid; 1.3 s; peak memory 4337 MiB.
2026-09-22T10:50:29Z INFO [318/500] 0e7a0cfa-dd06-4b6c-b5a4-b07bdef3246a: valid; 1.2 s; peak memory 4338 MiB.
2026-09-22T10:50:31Z INFO [319/500] 0e7a5f18-f79b-4185-bd11-0b622dc9b10d: valid; 2.0 s; peak memory 4339 MiB.
2026-09-22T10:50:32Z INFO [320/500] 0e7ac1f1-9613-48a1-81a0-3efff6ef3dac: valid; 1.8 s; peak memory 4340 MiB.
2026-09-22T10:50:34Z INFO [321/500] 0e7ae5ae-b0a9-4be3-8f8c-cf44df5b90ab: valid; 2.1 s; peak memory 4342 MiB.
2026-09-22T10:50:36Z INFO [322/500] 0e7b0577-2a6a-4a19-b730-843f88e626cf: not valid; 1.2 s; peak memory 4342 MiB.
2026-09-22T10:50:38Z INFO [323/500] 0e7b7d87-5fbf-4e6d-b634-45194a4b1cf9: valid; 2.0 s; peak memory 4343 MiB.
2026-09-22T10:50:39Z INFO [324/500] 0e7bec3d-0c4c-44da-ba8f-a0986c19cd7e: valid; 1.2 s; peak memory 4343 MiB.
2026-09-22T10:50:40Z INFO [325/500] 0e7c49ff-a6e4-4e16-828f-b1bd428aa288: valid; 1.2 s; peak memory 4344 MiB.
2026-09-22T10:50:44Z INFO [326/500] 0e7d7d5b-7ec6-4673-b547-2be3d69cf423: valid; 3.4 s; peak memory 4348 MiB.
2026-09-22T10:50:47Z INFO [327/500] 0e7e8d3c-19c7-4303-a6ba-9c758fb9a775: valid; 3.9 s; peak memory 4351 MiB.
2026-09-22T10:50:49Z INFO [328/500] 0e7f9dd4-0280-471e-b6c8-83444216d162: valid; 1.8 s; peak memory 4351 MiB.
2026-09-22T10:50:51Z INFO [329/500] 0e7fe07d-349f-4c48-ae06-20736dbe286d: valid; 1.9 s; peak memory 4351 MiB.
2026-09-22T10:50:52Z INFO [330/500] 0e800c69-ca1a-4bd5-8c90-a9fa3ee8e1cb: valid; 1.3 s; peak memory 4351 MiB.
2026-09-22T10:50:59Z INFO [331/500] 0e801d89-b98e-42db-88ff-10f05442f796: valid; 6.8 s; peak memory 4351 MiB.
2026-09-22T10:51:08Z INFO [332/500] 0e806614-fa68-4c1e-812b-fac8d68d52cb: valid; 9.1 s; peak memory 4358 MiB.
2026-09-22T10:51:08Z WARNING 0e819db0-1739-440d-8497-c2bd3e393ec6: failed while retrieving asset information from the DANDI API (NotFoundError: No asset at path 'sub-parkinson-simulated-beta/sub-parkinson-simulated-beta_ses-5814_ecephys.nwb' in version 0.250327.2220. Verify the path is correct and the asset exists in this version. Use 'dandi ls' to list available assets.)
2026-09-22T10:51:10Z INFO [334/500] 0e81aa5a-df84-4162-aeed-3a47a3acafa1: valid; 1.2 s; peak memory 4359 MiB.
2026-09-22T10:51:14Z INFO [335/500] 0e81deb8-0f28-4287-8cf6-c42048f7a299: valid; 4.7 s; peak memory 4363 MiB.
2026-09-22T10:51:17Z INFO [336/500] 0e81fd75-e976-4824-b5d5-2c68d1e911b1: valid; 2.7 s; peak memory 4367 MiB.
2026-09-22T10:51:19Z INFO [337/500] 0e82391e-c0e6-4207-8660-661ccd07e5b1: valid; 2.0 s; peak memory 4369 MiB.
2026-09-22T10:51:22Z INFO [338/500] 0e833a04-69da-427b-a537-588474d531f7: valid; 3.1 s; peak memory 4371 MiB.
2026-09-22T10:51:24Z INFO [339/500] 0e83c927-a40c-4338-9b36-800146a13213: valid; 1.8 s; peak memory 4371 MiB.
2026-09-22T10:51:25Z INFO [340/500] 0e83f38d-a2cc-491e-a871-6b4952e58bef: valid; 1.3 s; peak memory 4371 MiB.
2026-09-22T10:51:28Z INFO [341/500] 0e845acc-e00c-487d-b018-1c89f2b31582: valid; 2.8 s; peak memory 4371 MiB.
2026-09-22T10:51:29Z INFO [342/500] 0e852db3-79d9-4217-9ed9-ad1985d96d34: not valid; 1.5 s; peak memory 4371 MiB.
2026-09-22T10:51:36Z INFO [343/500] 0e858d7a-dc61-43a8-a722-356dfb77a759: valid; 6.3 s; peak memory 4371 MiB.
2026-09-22T10:51:37Z INFO [344/500] 0e85af79-d21e-4014-b0aa-200ad9679ca3: valid; 1.7 s; peak memory 4371 MiB.
2026-09-22T10:51:39Z INFO [345/500] 0e85c4cf-f480-44ed-a490-e59ee726a84d: valid; 1.2 s; peak memory 4371 MiB.
2026-09-22T10:51:41Z INFO [346/500] 0e85c5e1-efb0-4ce4-a8f3-c544b22fb6a9: valid; 1.9 s; peak memory 4372 MiB.
2026-09-22T10:51:43Z INFO [347/500] 0e85d288-f6f9-4f47-8cd1-d8ed09fd0414: not valid; 1.9 s; peak memory 4372 MiB.
2026-09-22T10:51:44Z INFO [348/500] 0e865bcd-e697-4a96-af3b-80b23bdc3259: not valid; 1.8 s; peak memory 4372 MiB.
2026-09-22T10:51:46Z WARNING 0e86a46e-3e86-4743-9621-cbee09d62b78: failed while opening the NWB file (ConstructError: (root/acquisition/_iblmic_audioSpectrogram/bands GroupBuilder {'attributes': {'colnames': array(['freq'], dtype=object), 'description': 'spectogram frequencies', 'namespace': 'core', 'neurodata_type': 'FrequencyBandsTable', 'object_id': 'b01817cb-f8b7-43b0-8bac-cc0eba30d9ec'}, 'groups': {}, 'datasets': {'freq': root/acquisition/_iblmic_audioSpectrogram/bands/freq DatasetBuilder {'attributes': {'description': 'frequency value', 'namespace': 'hdmf-common', 'neurodata_type': 'VectorData', 'object_id': '8f62d30e-7e5b-4659-9fc1-e3dc0bae7055'}, 'data': <HDF5 dataset "freq": shape (257,), type "<f4">}, 'id': root/acquisition/_iblmic_audioSpectrogram/bands/id DatasetBuilder {'attributes': {'namespace': 'hdmf-common', 'neurodata_type': 'ElementIdentifiers', 'object_id': 'b367b6af-8a9c-4786-989f-a39bf0102efa'}, 'data': <HDF5 dataset "id": shape (257,), type "<i4">}}, 'links': {}}, "Could not construct FrequencyBandsTable object due to: column must have the same number of rows as 'id'"))
2026-09-22T10:51:49Z INFO [350/500] 0e86d575-29a4-4e47-a375-568d62c2face: valid; 2.5 s; peak memory 4392 MiB.
2026-09-22T10:51:49Z INFO [350/500] 0e86d575-29a4-4e47-a375-568d62c2face: checkpointed 74360 records.
2026-09-22T10:51:50Z INFO [351/500] 0e879a8b-0c71-4722-88a0-83b18aaef08e: valid; 1.2 s; peak memory 4392 MiB.
2026-09-22T10:51:54Z INFO [352/500] 0e87e458-a313-44cd-b69a-425fa89cd13d: valid; 3.5 s; peak memory 4449 MiB.
2026-09-22T10:51:55Z INFO [353/500] 0e885abb-8177-4ed3-9510-825057d83f7c: valid; 1.3 s; peak memory 4449 MiB.
2026-09-22T10:51:56Z INFO [354/500] 0e88a63b-db59-499e-baec-805cea1083dd: valid; 1.3 s; peak memory 4449 MiB.
2026-09-22T10:51:59Z INFO [355/500] 0e892dfe-bfb4-4e45-9f4a-11cbe5f2a547: valid; 2.2 s; peak memory 4449 MiB.
2026-09-22T10:52:00Z INFO [356/500] 0e896f8d-51a3-4c93-b07d-cc93b7733d01: valid; 1.3 s; peak memory 4449 MiB.
2026-09-22T10:52:01Z INFO [357/500] 0e89ae8c-b035-4160-9266-ff10d5602ad1: not valid; 1.4 s; peak memory 4449 MiB.
2026-09-22T10:52:03Z INFO [358/500] 0e89e34a-ff00-496d-bf95-808a19c0b3ed: not valid; 1.8 s; peak memory 4449 MiB.
2026-09-22T10:52:14Z INFO [359/500] 0e8baa3c-dffd-47a0-8c78-3609037d04d8: valid; 11.3 s; peak memory 4449 MiB.
2026-09-22T10:52:17Z INFO [360/500] 0e8bf43c-01a5-4ce2-b34d-8ea1b187f34b: valid; 2.6 s; peak memory 4449 MiB.
2026-09-22T10:52:19Z INFO [361/500] 0e8c44e0-7b5e-4926-9f4e-f0ff70235149: valid; 2.2 s; peak memory 4449 MiB.
2026-09-22T10:52:28Z INFO [362/500] 0e8ce425-d4f8-4d49-aa02-67da73056a82: valid; 8.5 s; peak memory 4461 MiB.
2026-09-22T10:52:35Z INFO [363/500] 0e8d280a-60e0-484a-a68d-06acd07c7b35: valid; 7.2 s; peak memory 4475 MiB.
2026-09-22T10:52:36Z INFO [364/500] 0e8d3c43-a1e8-445f-809c-2a3e55f4a8d2: valid; 1.0 s; peak memory 4477 MiB.
2026-09-22T10:52:38Z INFO [365/500] 0e8d657e-b980-4e65-a9d0-45f56e42b1c7: valid; 2.3 s; peak memory 4482 MiB.
2026-09-22T10:52:40Z INFO [366/500] 0e8d816d-49d8-413d-b056-539af2a28ef7: valid; 1.8 s; peak memory 4493 MiB.
2026-09-22T10:52:42Z INFO [367/500] 0e8e15dd-4e12-4b7e-95bc-e75c3543a499: valid; 2.1 s; peak memory 4505 MiB.
2026-09-22T10:52:43Z INFO [368/500] 0e8e180f-ffac-4fd4-8743-d3747cf71e15: valid; 1.1 s; peak memory 4507 MiB.
2026-09-22T10:52:44Z INFO [369/500] 0e8ec59f-e87a-40d5-8956-3d34648c5bab: valid; 1.1 s; peak memory 4509 MiB.
2026-09-22T10:52:47Z INFO [370/500] 0e8efa33-b2b4-4536-a37e-7f4f9fa781e7: valid; 2.5 s; peak memory 4512 MiB.
2026-09-22T10:52:50Z INFO [371/500] 0e8f5aee-27d4-4f1e-9df6-b0de8210fbbc: valid; 3.0 s; peak memory 4512 MiB.
2026-09-22T10:52:51Z INFO [372/500] 0e900050-0b25-4b23-9e96-e3f591ff2e3e: valid; 1.2 s; peak memory 4512 MiB.
2026-09-22T10:52:52Z INFO [373/500] 0e903152-cae2-4c0e-9fc0-35cace9e0817: not valid; 1.2 s; peak memory 4512 MiB.
2026-09-22T10:52:54Z INFO [374/500] 0e907aa2-c09d-45f2-a37f-51f8d132101d: valid; 1.9 s; peak memory 4512 MiB.
2026-09-22T10:53:40Z INFO [375/500] 0e908fb4-da1d-4dc7-ade0-2a997121f7a6: valid; 46.5 s; peak memory 4592 MiB.
2026-09-22T10:53:42Z INFO [376/500] 0e909350-8279-48c1-aa48-5c485ed26d77: valid; 1.7 s; peak memory 4603 MiB.
2026-09-22T10:53:44Z INFO [377/500] 0e90c350-c8cd-43be-9561-d0d659b40be5: valid; 1.7 s; peak memory 4613 MiB.
2026-09-22T10:53:45Z INFO [378/500] 0e922ffb-4e2b-4575-8fd7-ea75d642c101: valid; 1.2 s; peak memory 4615 MiB.
2026-09-22T10:53:47Z INFO [379/500] 0e929707-5357-47cb-b1ff-4ac49b0159d1: valid; 1.7 s; peak memory 4619 MiB.
2026-09-22T10:53:50Z INFO [380/500] 0e93ab4f-56d7-4f1b-891f-78e0b0c61f0c: valid; 3.2 s; peak memory 4628 MiB.
2026-09-22T10:53:51Z INFO [381/500] 0e93b683-57f3-4b4a-9e3f-b9520a8c53d7: not valid; 0.9 s; peak memory 4630 MiB.
2026-09-22T10:53:52Z INFO [382/500] 0e93b74f-0414-45af-92dc-a3fcd6e6b1e5: valid; 1.2 s; peak memory 4632 MiB.
2026-09-22T10:53:53Z INFO [383/500] 0e93f22c-b98d-4f42-8144-a004fe858f4c: valid; 1.1 s; peak memory 4635 MiB.
2026-09-22T10:54:11Z INFO [384/500] 0e940dde-319b-44b9-8bbf-f37caaa13fb2: valid; 17.9 s; peak memory 4871 MiB.
2026-09-22T10:54:12Z INFO [385/500] 0e9439e4-e5cc-4950-bdc3-c416bddb4b93: valid; 1.4 s; peak memory 4871 MiB.
2026-09-22T10:54:23Z INFO [386/500] 0e947a4f-cc15-4057-a98f-30832fb88e31: valid; 10.7 s; peak memory 4881 MiB.
2026-09-22T10:54:25Z INFO [387/500] 0e9486af-fc3f-42f3-9a60-de8bb6edd986: valid; 2.4 s; peak memory 4888 MiB.
2026-09-22T10:54:27Z INFO [388/500] 0e948d5f-ca44-4448-a60b-c59178c553ef: valid; 1.2 s; peak memory 4890 MiB.
2026-09-22T10:54:28Z INFO [389/500] 0e94a319-a341-4818-8f0c-ae1d5c842d75: not valid; 1.6 s; peak memory 4893 MiB.
2026-09-22T10:54:30Z INFO [390/500] 0e950451-0fd3-4c7e-9251-4d93f452ad33: valid; 1.9 s; peak memory 4893 MiB.
2026-09-22T10:54:32Z INFO [391/500] 0e95be0b-07cd-4561-a705-5c2fbe58c0cd: valid; 1.6 s; peak memory 4893 MiB.
2026-09-22T10:54:34Z INFO [392/500] 0e95bf93-3cb8-4a2a-984f-c86c6c643c10: valid; 2.7 s; peak memory 4893 MiB.
2026-09-22T10:54:36Z WARNING 0e95f396-ecf9-4ef4-8770-aad42e1d174a: failed while opening the NWB file (ConstructError: (root/acquisition/_iblmic_audioSpectrogram/bands GroupBuilder {'attributes': {'colnames': array(['freq'], dtype=object), 'description': 'spectogram frequencies', 'namespace': 'core', 'neurodata_type': 'FrequencyBandsTable', 'object_id': 'a55120b7-f135-46ad-92d5-45dfd5bb2b0c'}, 'groups': {}, 'datasets': {'freq': root/acquisition/_iblmic_audioSpectrogram/bands/freq DatasetBuilder {'attributes': {'description': 'frequency value', 'namespace': 'hdmf-common', 'neurodata_type': 'VectorData', 'object_id': '1495e30e-d2d9-4ddd-809f-fa7f1e9bc577'}, 'data': <HDF5 dataset "freq": shape (257,), type "<f4">}, 'id': root/acquisition/_iblmic_audioSpectrogram/bands/id DatasetBuilder {'attributes': {'namespace': 'hdmf-common', 'neurodata_type': 'ElementIdentifiers', 'object_id': '985fb514-210b-4381-8977-0143883f130e'}, 'data': <HDF5 dataset "id": shape (257,), type "<i4">}}, 'links': {}}, "Could not construct FrequencyBandsTable object due to: column must have the same number of rows as 'id'"))
2026-09-22T10:54:37Z INFO [394/500] 0e96e6f2-d710-4d05-bacc-c592ac117b89: valid; 1.2 s; peak memory 4893 MiB.
2026-09-22T10:54:39Z INFO [395/500] 0e9710bb-907f-4fb6-b354-0e4baee1c45d: not valid; 2.0 s; peak memory 4893 MiB.
2026-09-22T10:54:41Z INFO [396/500] 0e974237-fbdf-4a9b-85de-faa1d0b51c2e: valid; 1.7 s; peak memory 4893 MiB.
2026-09-22T10:54:42Z INFO [397/500] 0e977228-b834-4302-a9af-4b409e321a5f: valid; 1.2 s; peak memory 4893 MiB.
2026-09-22T10:54:44Z INFO [398/500] 0e977a78-c696-4fd2-98e5-5f1f0697df4f: valid; 1.5 s; peak memory 4893 MiB.
2026-09-22T10:54:46Z INFO [399/500] 0e97b682-d106-4a8c-ba9e-62e36bc159e5: valid; 1.8 s; peak memory 4893 MiB.
2026-09-22T10:55:02Z INFO [400/500] 0e98599c-ecf8-400c-8060-70e4194bf372: valid; 16.5 s; peak memory 4976 MiB.
2026-09-22T10:55:03Z INFO [400/500] 0e98599c-ecf8-400c-8060-70e4194bf372: checkpointed 74410 records.
2026-09-22T10:55:04Z INFO [401/500] 0e987480-9ecb-47ff-bdc7-f37b04d37bda: valid; 1.3 s; peak memory 4978 MiB.
2026-09-22T10:55:16Z INFO [402/500] 0e98db92-fb8d-4c48-8839-81d871d727f4: valid; 11.8 s; peak memory 5071 MiB.
2026-09-22T10:55:17Z INFO [403/500] 0e98e04c-fa15-4e1d-bd20-8e8db86ab3a5: valid; 1.2 s; peak memory 5071 MiB.
2026-09-22T10:55:20Z INFO [404/500] 0e993381-3e17-464b-99be-e7bfbd4d5dd7: valid; 2.9 s; peak memory 5071 MiB.
2026-09-22T10:55:22Z INFO [405/500] 0e9a52f6-deed-44b5-85e8-b7a515fa0cb5: valid; 2.2 s; peak memory 5071 MiB.
2026-09-22T10:55:24Z INFO [406/500] 0e9a8c4c-1c50-4d57-b9b2-6281798b6369: not valid; 1.7 s; peak memory 5071 MiB.
2026-09-22T10:55:26Z INFO [407/500] 0e9aea50-bc4b-45ed-976b-2193b688e76a: valid; 1.9 s; peak memory 5071 MiB.
2026-09-22T10:55:29Z INFO [408/500] 0e9b7e34-890b-4ba1-8f68-7b9423fa0233: valid; 2.7 s; peak memory 5072 MiB.
2026-09-22T10:55:30Z INFO [409/500] 0e9c1cb2-f374-43c2-8135-5bddd3b203f5: valid; 1.4 s; peak memory 5072 MiB.
2026-09-22T10:55:37Z INFO [410/500] 0e9c6914-e8e4-4d8a-8b0d-25b54c108dbe: not valid; 7.4 s; peak memory 5072 MiB.
2026-09-22T10:55:40Z INFO [411/500] 0e9cb77f-8139-4cad-9e51-4c41271e3390: valid; 3.2 s; peak memory 5072 MiB.
2026-09-22T10:55:44Z INFO [412/500] 0e9ce191-2f27-4088-b4da-0ee8e7c43f0e: not valid; 3.5 s; peak memory 5072 MiB.
2026-09-22T10:55:45Z INFO [413/500] 0e9d5761-e90e-462c-8f9a-6595b7ca2292: valid; 1.2 s; peak memory 5072 MiB.
2026-09-22T10:55:48Z INFO [414/500] 0e9d8576-95e6-4949-b7e5-9955a1e2463f: valid; 2.7 s; peak memory 5072 MiB.
2026-09-22T10:55:50Z INFO [415/500] 0e9e26b7-1d51-41a9-9713-cf4aa69374c8: valid; 1.8 s; peak memory 5072 MiB.
2026-09-22T10:55:51Z INFO [416/500] 0e9e57cf-0c96-4128-ab74-079264789237: not valid; 1.3 s; peak memory 5072 MiB.
2026-09-22T10:55:52Z INFO [417/500] 0e9ed953-6035-4b83-b0aa-2a5ed61a9518: valid; 1.2 s; peak memory 5072 MiB.
2026-09-22T10:55:54Z WARNING 0e9f4ecc-175a-4bc1-bd03-70332bf80673: failed while opening the NWB file (ConstructError: (root/acquisition/_iblmic_audioSpectrogram/bands GroupBuilder {'attributes': {'colnames': array(['freq'], dtype=object), 'description': 'spectogram frequencies', 'namespace': 'core', 'neurodata_type': 'FrequencyBandsTable', 'object_id': '18b87dc5-dacd-41f2-a5ee-1cb588b99436'}, 'groups': {}, 'datasets': {'freq': root/acquisition/_iblmic_audioSpectrogram/bands/freq DatasetBuilder {'attributes': {'description': 'frequency value', 'namespace': 'hdmf-common', 'neurodata_type': 'VectorData', 'object_id': 'e102bcb6-dafd-488c-8ca8-c9a976fa15e5'}, 'data': <HDF5 dataset "freq": shape (257,), type "<f4">}, 'id': root/acquisition/_iblmic_audioSpectrogram/bands/id DatasetBuilder {'attributes': {'namespace': 'hdmf-common', 'neurodata_type': 'ElementIdentifiers', 'object_id': '91c782d9-d5b0-4e4e-8196-d44866ffc4cb'}, 'data': <HDF5 dataset "id": shape (257,), type "<i4">}}, 'links': {}}, "Could not construct FrequencyBandsTable object due to: column must have the same number of rows as 'id'"))
2026-09-22T10:55:56Z INFO [419/500] 0e9f50ae-fcc5-4e18-9e6f-48cb85011f7c: valid; 1.9 s; peak memory 5072 MiB.
2026-09-22T10:55:58Z INFO [420/500] 0e9f6b89-90b0-4d61-bd56-548fc7b7f664: valid; 2.2 s; peak memory 5072 MiB.
2026-09-22T10:56:01Z INFO [421/500] 0ea08a29-8860-423b-b58c-33980607850c: valid; 2.8 s; peak memory 5072 MiB.
2026-09-22T10:56:03Z INFO [422/500] 0ea25aca-a069-4650-a9c5-287a66f4fdee: not valid; 1.9 s; peak memory 5072 MiB.
2026-09-22T10:56:09Z INFO [423/500] 0ea31448-a288-48f2-8ad1-8584f550cfaf: not valid; 5.7 s; peak memory 5078 MiB.
2026-09-22T10:56:11Z INFO [424/500] 0ea3ce61-685a-4708-ae88-ee34ea8a489c: valid; 2.1 s; peak memory 5078 MiB.
2026-09-22T10:56:12Z INFO [425/500] 0ea4b6ec-278e-465e-996c-2b47f17fb0ea: valid; 1.7 s; peak memory 5079 MiB.
2026-09-22T10:56:15Z INFO [426/500] 0ea4e5f6-0818-427e-874a-983f2072e439: valid; 2.7 s; peak memory 5079 MiB.
2026-09-22T10:56:17Z INFO [427/500] 0ea55698-709d-4e7e-8906-3e23e100f15e: valid; 1.6 s; peak memory 5079 MiB.
2026-09-22T10:56:24Z INFO [428/500] 0ea5aabf-64c4-41ff-a225-6a9f83cd1a05: valid; 7.3 s; peak memory 5091 MiB.
2026-09-22T10:56:26Z INFO [429/500] 0ea61eb8-9656-4a49-96f7-70247a5b7b1b: not valid; 1.8 s; peak memory 5093 MiB.
2026-09-22T10:56:28Z INFO [430/500] 0ea766dd-4251-4b52-a845-ed47271e9565: not valid; 1.8 s; peak memory 5096 MiB.
2026-09-22T10:56:33Z INFO [431/500] 0ea7783f-d320-4de9-be3d-fb32ddc2df8a: valid; 5.1 s; peak memory 5097 MiB.
2026-09-22T10:56:45Z INFO [432/500] 0ea7d236-4eab-44e8-b71c-92847b79ab95: valid; 12.0 s; peak memory 5252 MiB.
2026-09-22T10:56:46Z INFO [433/500] 0ea7dc94-aaa7-4992-9d2a-bcb03c3a81e0: not valid; 1.2 s; peak memory 5252 MiB.
2026-09-22T10:56:47Z INFO [434/500] 0ea8051b-8289-432e-a7a6-aabb0b924d75: valid; 1.6 s; peak memory 5252 MiB.
2026-09-22T10:56:49Z INFO [435/500] 0ea86cde-147b-4f08-9f38-4e3fbfc91dc8: valid; 1.3 s; peak memory 5252 MiB.
2026-09-22T10:56:51Z INFO [436/500] 0ea87d4b-3698-4f4b-91b1-5ca57ddb6def: valid; 1.7 s; peak memory 5252 MiB.
2026-09-22T10:56:52Z INFO [437/500] 0ea90d79-f057-43ac-a965-cc3639a94e78: valid; 1.3 s; peak memory 5252 MiB.
2026-09-22T10:56:54Z INFO [438/500] 0ea9e2da-ace7-4db6-8ac6-128fd6847cc2: valid; 2.0 s; peak memory 5252 MiB.
2026-09-22T10:56:55Z INFO [439/500] 0ea9fbf7-718f-4161-afe3-760f3267a11d: valid; 1.2 s; peak memory 5252 MiB.
2026-09-22T10:56:56Z INFO [440/500] 0eaa3c9d-2733-4cad-8e2f-5b5dceb34974: not valid; 1.4 s; peak memory 5252 MiB.
2026-09-22T10:56:58Z INFO [441/500] 0eaa5845-1e11-4790-90bd-646ba2fe63be: valid; 1.2 s; peak memory 5252 MiB.
2026-09-22T10:57:01Z INFO [442/500] 0eaa8492-7f73-464a-84bd-7096b3468901: valid; 3.8 s; peak memory 5252 MiB.
2026-09-22T10:57:04Z INFO [443/500] 0eaab93a-e0d2-4064-b61b-51c0babaa084: valid; 2.4 s; peak memory 5252 MiB.
2026-09-22T10:57:05Z INFO [444/500] 0eaacd4f-97e9-4291-a1f2-e991e903d050: not valid; 1.3 s; peak memory 5255 MiB.
2026-09-22T10:57:06Z INFO [445/500] 0eab154f-d994-4297-a7c5-42547e601ed5: valid; 1.0 s; peak memory 5255 MiB.
2026-09-22T10:57:09Z INFO [446/500] 0eabc4dd-5ec4-4118-b2fa-14f5254ad173: valid; 3.0 s; peak memory 5255 MiB.
2026-09-22T10:57:11Z INFO [447/500] 0eabd9e4-101c-4d63-9fe6-c5f7d0a0c14a: valid; 1.8 s; peak memory 5255 MiB.
2026-09-22T10:57:12Z INFO [448/500] 0ead0c9b-adbe-4a5f-9cd7-eeb78c2cba78: valid; 1.2 s; peak memory 5255 MiB.
2026-09-22T10:57:14Z INFO [449/500] 0ead1fad-7212-466d-b3bb-ecf4023a8ff5: not valid; 1.6 s; peak memory 5255 MiB.
2026-09-22T10:57:15Z INFO [450/500] 0ead5b56-8853-4dd7-a45b-78af9ceb3b0d: valid; 1.4 s; peak memory 5255 MiB.
2026-09-22T10:57:16Z INFO [450/500] 0ead5b56-8853-4dd7-a45b-78af9ceb3b0d: checkpointed 74460 records.
2026-09-22T10:57:21Z INFO [451/500] 0eadd890-a4c4-4dae-9da4-69c77757d6cc: valid; 5.7 s; peak memory 5255 MiB.
2026-09-22T10:57:24Z INFO [452/500] 0eaddbf6-bcbc-40a0-ae8a-8b1cf5bedca4: valid; 2.1 s; peak memory 5255 MiB.
2026-09-22T10:57:39Z INFO [453/500] 0eadf4f0-e2c4-4581-b485-9f14497772d8: valid; 15.7 s; peak memory 5255 MiB.
2026-09-22T10:57:41Z INFO [454/500] 0eae547e-c4d7-4a99-ac73-1131fe2a050c: valid; 1.8 s; peak memory 5255 MiB.
2026-09-22T10:57:43Z INFO [455/500] 0eaec9b5-ff63-45ec-8e13-f27dfb5ac499: valid; 1.9 s; peak memory 5255 MiB.
2026-09-22T10:57:45Z INFO [456/500] 0eaecb42-08d4-4090-9042-b0d0dd334f62: valid; 2.0 s; peak memory 5255 MiB.
2026-09-22T10:58:16Z INFO [457/500] 0eaed8e6-4a82-442d-a85b-7c088ddd96e5: not valid; 31.5 s; peak memory 5255 MiB.
2026-09-22T10:58:18Z INFO [458/500] 0eafd088-6dfc-4bb7-9f46-9f8d513c6b58: valid; 1.2 s; peak memory 5255 MiB.
2026-09-22T10:58:19Z INFO [459/500] 0eb01ecb-af82-4584-9e8f-8288bf7298ec: valid; 1.1 s; peak memory 5255 MiB.
2026-09-22T10:58:20Z INFO [460/500] 0eb054a6-0ae5-45ee-a97e-245953abed92: not valid; 1.5 s; peak memory 5255 MiB.
2026-09-22T10:58:21Z INFO [461/500] 0eb0dbec-f4fd-4f7b-9e4d-81ce7e1d7fe6: not valid; 1.3 s; peak memory 5255 MiB.
2026-09-22T10:58:27Z INFO [462/500] 0eb0eaa0-f59d-43cd-b68f-28d8c5243156: valid; 5.9 s; peak memory 5260 MiB.
2026-09-22T10:58:29Z INFO [463/500] 0eb1458c-7ad5-4a36-9ed8-91bdc8082b8d: valid; 1.8 s; peak memory 5261 MiB.
2026-09-22T10:58:42Z INFO [464/500] 0eb18653-39f8-406b-8f6d-8ec6580fc07f: valid; 13.1 s; peak memory 5312 MiB.
2026-09-22T10:58:43Z INFO [465/500] 0eb1f277-7f92-426c-bc0d-0630c7ef6ca6: valid; 1.2 s; peak memory 5312 MiB.
2026-09-22T10:58:45Z INFO [466/500] 0eb22093-ce39-409f-a528-305e72587e32: not valid; 1.6 s; peak memory 5312 MiB.
2026-09-22T10:58:48Z INFO [467/500] 0eb3cba0-acd6-46da-8f0a-a51406ceab54: valid; 3.0 s; peak memory 5312 MiB.
2026-09-22T10:59:02Z INFO [468/500] 0eb3e2ce-3209-4e9f-9edd-704b4686343b: valid; 13.7 s; peak memory 5371 MiB.
2026-09-22T10:59:03Z INFO [469/500] 0eb4099d-ea9b-47e7-a49b-eba4fcbc04f1: not valid; 1.4 s; peak memory 5371 MiB.
2026-09-22T10:59:05Z INFO [470/500] 0eb40a7a-5f3f-42ef-9923-4e079da73ffa: not valid; 1.6 s; peak memory 5371 MiB.
2026-09-22T10:59:07Z INFO [471/500] 0eb4114f-7834-4954-83f3-aa9dc81e337c: valid; 1.8 s; peak memory 5372 MiB.
2026-09-22T10:59:22Z INFO [472/500] 0eb4c2f6-9e57-4087-bd7d-be088c174197: valid; 15.3 s; peak memory 5447 MiB.
2026-09-22T10:59:29Z INFO [473/500] 0eb4dcd0-8234-4c41-8f4f-0df0d477d47b: valid; 7.2 s; peak memory 5463 MiB.
2026-09-22T10:59:31Z INFO [474/500] 0eb53842-be49-44f1-90b2-817c36b85879: not valid; 1.6 s; peak memory 5468 MiB.
2026-09-22T10:59:34Z INFO [475/500] 0eb58195-7daa-4202-ae1d-8704f9798152: valid; 3.7 s; peak memory 5479 MiB.
2026-09-22T10:59:46Z INFO [476/500] 0eb58370-7b6a-4da4-9a7f-700c4f561257: not valid; 11.3 s; peak memory 5555 MiB.
2026-09-22T10:59:47Z INFO [477/500] 0eb5eac0-6d29-48e1-aab3-caa9fdef70d7: valid; 1.4 s; peak memory 5557 MiB.
2026-09-22T10:59:50Z INFO [478/500] 0eb6030d-0676-47a4-8b7f-a1f755161ef5: valid; 2.8 s; peak memory 5576 MiB.
2026-09-22T10:59:51Z INFO [479/500] 0eb66409-f1ab-4f1d-ac13-c0bd3443281f: valid; 1.2 s; peak memory 5579 MiB.
2026-09-22T10:59:53Z INFO [480/500] 0eb68936-ef8c-4016-95d8-c9899237469f: not valid; 2.2 s; peak memory 5587 MiB.
2026-09-22T10:59:55Z INFO [481/500] 0eb7f93d-089b-4bac-ac2f-e0dbdf77a5f5: valid; 2.1 s; peak memory 5587 MiB.
2026-09-22T10:59:57Z INFO [482/500] 0eb80a9b-496f-4aa0-b642-447bda05b182: not valid; 1.7 s; peak memory 5587 MiB.
2026-09-22T10:59:59Z INFO [483/500] 0eb8a9db-af15-42fa-a3e3-c98591db3d2e: valid; 1.7 s; peak memory 5587 MiB.
2026-09-22T11:00:00Z INFO [484/500] 0eb9395b-cd3b-45df-8da9-c1ff2d65efdd: valid; 1.0 s; peak memory 5587 MiB.
2026-09-22T11:00:02Z INFO [485/500] 0eb96b51-a93c-482e-8ce4-6425b523be91: valid; 1.8 s; peak memory 5587 MiB.
2026-09-22T11:00:03Z INFO [486/500] 0eb985ea-7424-4d35-9cf6-9124de7bbbca: valid; 1.8 s; peak memory 5587 MiB.
2026-09-22T11:00:06Z INFO [487/500] 0eb99b9e-c6df-4586-8d8f-7755aba93967: valid; 2.5 s; peak memory 5587 MiB.
2026-09-22T11:00:07Z INFO [488/500] 0eb9da98-0c70-4858-88bd-4cd5431f7b80: not valid; 1.4 s; peak memory 5587 MiB.
2026-09-22T11:00:23Z INFO [489/500] 0eb9ed5c-3b87-424f-a7de-dcac8985e4fc: valid; 15.4 s; peak memory 5637 MiB.
2026-09-22T11:00:24Z INFO [490/500] 0eba0a56-3e5c-4277-9cff-cf6dc8c27722: valid; 1.2 s; peak memory 5637 MiB.
2026-09-22T11:00:27Z INFO [491/500] 0eba222f-b1fe-4389-bfd5-174d93bda5e5: valid; 2.9 s; peak memory 5637 MiB.
2026-09-22T11:00:29Z INFO [492/500] 0ebb0310-f887-4d3e-8135-2e5556b65e15: valid; 2.3 s; peak memory 5637 MiB.
2026-09-22T11:00:35Z INFO [493/500] 0ebbc50b-3722-4ed8-bbd1-4a10cf46108d: not valid; 6.3 s; peak memory 5638 MiB.
2026-09-22T11:00:37Z INFO [494/500] 0ebbfded-3e85-487c-9834-bedc4ee8b82b: valid; 1.2 s; peak memory 5638 MiB.
2026-09-22T11:00:42Z INFO [495/500] 0ebcaea6-acc8-4ab9-a1bc-6341a38fe59d: valid; 5.0 s; peak memory 5642 MiB.
2026-09-22T11:00:57Z INFO [496/500] 0ebcbb7e-354c-439d-ab0e-ae9e2aee4ae3: valid; 15.2 s; peak memory 5659 MiB.
2026-09-22T11:01:09Z INFO [497/500] 0ebcf788-419e-43c9-a1c2-80c7845a0f0f: valid; 11.7 s; peak memory 5812 MiB.
2026-09-22T11:01:10Z INFO [498/500] 0ebd0b63-8507-412e-b54e-e2bd1406b4a0: not valid; 1.7 s; peak memory 5812 MiB.
2026-09-22T11:01:11Z INFO [499/500] 0ebd0e0d-7246-4e11-8a16-09c9ce28ee5d: valid; 1.3 s; peak memory 5812 MiB.
2026-09-22T11:01:13Z INFO [500/500] 0ebd2dd7-a69b-4143-952c-ac7f448cd435: valid; 1.5 s; peak memory 5812 MiB.
2026-09-22T11:01:14Z INFO [500/500] 0ebd2dd7-a69b-4143-952c-ac7f448cd435: checkpointed 74510 records.
2026-09-22T11:01:14Z INFO Wrote 74510 records to /tmp/derivatives/content_id_to_valid_nwb_file.jsonl (477 new, 23 failed) in 33.3 min (peak memory 5812 MiB).
