2026-09-17T20:39:29Z INFO Logging to /tmp/logs/update_2026-09-17T20-39-29Z.log.
2026-09-17T20:39:29Z INFO Update content-id-to-valid-nwb-file (base directory /tmp).
2026-09-17T20:41:46Z INFO Processing 500 items (67510 already recorded).
2026-09-17T20:41:48Z INFO [1/500] 03ec5a4f-3173-42f8-850c-15ed08aed12c: valid; 1.7 s; peak memory 345 MiB.
2026-09-17T20:41:49Z WARNING 03ec5ed4-a681-4a5b-9254-52a1b3c2baa3: failed while opening the NWB file (ConstructError: (root/general/optogenetics/PatternedOptogeneticStimulusSite GroupBuilder {'attributes': {'effector': 'GUR-3/PRDX-2', 'namespace': 'ndx-patterned-ogen', 'neurodata_type': 'PatternedOptogeneticStimulusSite', 'object_id': '2807cbcc-3a06-4b66-8bd5-f87b08fc05cf'}, 'groups': {}, 'datasets': {'description': root/general/optogenetics/PatternedOptogeneticStimulusSite/description DatasetBuilder {'attributes': {}, 'data': 'Scanning'}, 'excitation_lambda': root/general/optogenetics/PatternedOptogeneticStimulusSite/excitation_lambda DatasetBuilder {'attributes': {}, 'data': np.float64(850.0)}, 'location': root/general/optogenetics/PatternedOptogeneticStimulusSite/location DatasetBuilder {'attributes': {}, 'data': 'whole brain'}}, 'links': {'device': root/general/optogenetics/PatternedOptogeneticStimulusSite/device LinkBuilder {'builder': root/general/devices/OptogeneticDevice GroupBuilder {'attributes': {'description': '', 'namespace': 'core', 'neurodata_type': 'Device', 'object_id': 'd098769b-8b24-44f6-9de4-b5e87921226c'}, 'groups': {}, 'datasets': {}, 'links': {}}}, 'light_source': root/general/optogenetics/PatternedOptogeneticStimulusSite/light_source LinkBuilder {'builder': root/general/devices/AmplifiedLaser GroupBuilder {'attributes': {'description': 'For two-photon optogenetic targeting, we used an optical parametric amplifier (OPA; Light Conversion ORPHEUS) pumped by a femtosecond amplified laser (Light Conversion PHAROS).', 'filter_description': 'Short pass at 1040 nm', 'manufacturer': 'Light Conversion', 'model': 'ORPHEUS amplifier and PHAROS laser', 'namespace': 'ndx-patterned-ogen', 'neurodata_type': 'LightSource', 'object_id': '1bf8f056-efab-4553-a7c6-9050cd366271', 'peak_power_in_W': np.float64(0.0012), 'pulse_rate_in_Hz': np.float64(500000.0), 'stimulation_wavelength_in_nm': np.float64(850.0)}, 'groups': {}, 'datasets': {}, 'links': {}}}}}, "Could not construct PatternedOptogeneticStimulusSite object due to: CustomClassGenerator.set_init.<locals>.__init__: incorrect type for 'spatial_light_modulator' (got 'list', expected 'Device')"))
2026-09-17T20:41:50Z INFO [3/500] 03ecbdfe-ab2e-49a1-8105-35c0e68b2375: valid; 0.8 s; peak memory 364 MiB.
2026-09-17T20:41:52Z INFO [4/500] 03ed4d26-6247-4d45-b5eb-8036fa1b0bea: not valid; 2.3 s; peak memory 377 MiB.
2026-09-17T20:41:55Z INFO [5/500] 03ed8c9d-efe0-41eb-b9cb-ca96404c7e70: not valid; 3.0 s; peak memory 398 MiB.
2026-09-17T20:42:41Z INFO [6/500] 03eea484-e3c5-4e78-a5da-da00dd567585: valid; 45.7 s; peak memory 689 MiB.
2026-09-17T20:42:41Z INFO [7/500] 03eea5a4-038d-4f00-ac1f-b6354a112958: valid; 0.6 s; peak memory 689 MiB.
2026-09-17T20:42:44Z INFO [8/500] 03ef2886-16d4-4dad-a144-f842850112b7: valid; 2.3 s; peak memory 689 MiB.
2026-09-17T20:42:45Z WARNING 03f075bf-3d35-4912-9c63-6deea33977b7: failed while opening the NWB file (ConstructError: (root/acquisition/_iblmic_audioSpectrogram/bands GroupBuilder {'attributes': {'colnames': array(['freq'], dtype=object), 'description': 'spectogram frequencies', 'namespace': 'core', 'neurodata_type': 'FrequencyBandsTable', 'object_id': '95d4d2a5-1aea-4580-9a28-2ac9be7ab079'}, 'groups': {}, 'datasets': {'freq': root/acquisition/_iblmic_audioSpectrogram/bands/freq DatasetBuilder {'attributes': {'description': 'frequency value', 'namespace': 'hdmf-common', 'neurodata_type': 'VectorData', 'object_id': '1eeeff14-44be-4e54-82ce-5e9dba901d7d'}, 'data': <HDF5 dataset "freq": shape (257,), type "<f4">}, 'id': root/acquisition/_iblmic_audioSpectrogram/bands/id DatasetBuilder {'attributes': {'namespace': 'hdmf-common', 'neurodata_type': 'ElementIdentifiers', 'object_id': '84fdfbae-a373-4918-a3bd-ed195cb2f918'}, 'data': <HDF5 dataset "id": shape (257,), type "<i4">}}, 'links': {}}, "Could not construct FrequencyBandsTable object due to: column must have the same number of rows as 'id'"))
2026-09-17T20:42:46Z INFO [10/500] 03f0ba9a-9fba-4fbd-90e9-1fa2550d6e69: valid; 1.3 s; peak memory 698 MiB.
2026-09-17T20:42:47Z INFO [11/500] 03f14658-7775-40db-91c7-631753f4a679: valid; 0.7 s; peak memory 700 MiB.
2026-09-17T20:42:47Z INFO [12/500] 03f1c800-065e-49c5-ace1-c5c7c82e504d: valid; 0.7 s; peak memory 703 MiB.
2026-09-17T20:43:11Z INFO [13/500] 03f1cdc0-68da-4bb2-bf8e-1e3c8775ced3: valid; 24.1 s; peak memory 892 MiB.
2026-09-17T20:43:17Z INFO [14/500] 03f2eca9-62ef-4346-a121-eed00bcea895: valid; 5.3 s; peak memory 919 MiB.
2026-09-17T20:43:18Z INFO [15/500] 03f2f433-cf73-4234-9ab5-77fb454001c7: valid; 1.3 s; peak memory 924 MiB.
2026-09-17T20:43:19Z INFO [16/500] 03f31ff8-0947-4bbe-babb-e90391cee568: not valid; 0.9 s; peak memory 924 MiB.
2026-09-17T20:43:20Z WARNING 03f401e6-b7a4-43f5-9a2f-2ab472526384: failed while opening the NWB file (ConstructError: (root/acquisition/_iblmic_audioSpectrogram/bands GroupBuilder {'attributes': {'colnames': array(['freq'], dtype=object), 'description': 'spectogram frequencies', 'namespace': 'core', 'neurodata_type': 'FrequencyBandsTable', 'object_id': '097b850e-bb5d-4f8d-9623-e88fe2dcc2ef'}, 'groups': {}, 'datasets': {'freq': root/acquisition/_iblmic_audioSpectrogram/bands/freq DatasetBuilder {'attributes': {'description': 'frequency value', 'namespace': 'hdmf-common', 'neurodata_type': 'VectorData', 'object_id': 'e9076087-d5cb-4531-bfe8-d1f8509668ee'}, 'data': <HDF5 dataset "freq": shape (257,), type "<f4">}, 'id': root/acquisition/_iblmic_audioSpectrogram/bands/id DatasetBuilder {'attributes': {'namespace': 'hdmf-common', 'neurodata_type': 'ElementIdentifiers', 'object_id': '36b8132f-bca1-4e6b-9bc4-6a735ac9fc76'}, 'data': <HDF5 dataset "id": shape (257,), type "<i4">}}, 'links': {}}, "Could not construct FrequencyBandsTable object due to: column must have the same number of rows as 'id'"))
2026-09-17T20:43:21Z INFO [18/500] 03f4ae5c-122a-49eb-8157-a17e7b3d53a0: valid; 1.4 s; peak memory 924 MiB.
2026-09-17T20:43:36Z INFO [19/500] 03f58d87-6975-450d-8e61-e38ff094cd8f: not valid; 14.8 s; peak memory 924 MiB.
2026-09-17T20:43:37Z INFO [20/500] 03f58e87-27be-4323-9e18-ef5f2d6ce202: valid; 1.4 s; peak memory 924 MiB.
2026-09-17T20:43:41Z INFO [21/500] 03f5a363-67cf-46d8-a613-1cd18948c791: valid; 3.8 s; peak memory 924 MiB.
2026-09-17T20:43:44Z INFO [22/500] 03f5d20a-8041-4067-b4a1-5d374aae93c6: not valid; 2.5 s; peak memory 924 MiB.
2026-09-17T20:43:45Z INFO [23/500] 03f5e816-978b-4392-8af8-b6e00418d508: valid; 0.9 s; peak memory 924 MiB.
2026-09-17T20:43:45Z WARNING 03f65291-d4e9-4c75-8efb-5af7df8c43e3: failed while retrieving asset information from the DANDI API (NotFoundError: No such Dandiset: 001533)
2026-09-17T20:43:45Z INFO [25/500] 03f67660-6b21-4123-bacf-d99035183cc7: valid; 0.7 s; peak memory 924 MiB.
2026-09-17T20:43:52Z INFO [26/500] 03f6ad99-e66c-40de-8912-9a6393f281b7: valid; 6.8 s; peak memory 924 MiB.
2026-09-17T20:44:02Z INFO [27/500] 03f75ed7-0bb7-4ba9-83b4-6cb8ce276b1c: valid; 10.3 s; peak memory 924 MiB.
2026-09-17T20:44:14Z INFO [28/500] 03f849ed-271b-4c8e-86ff-557e856af8ec: valid; 11.4 s; peak memory 924 MiB.
2026-09-17T20:44:16Z INFO [29/500] 03f87c79-0a7c-4d3d-b676-7ff81d9b5dcf: valid; 1.8 s; peak memory 924 MiB.
2026-09-17T20:44:17Z INFO [30/500] 03f95264-aa26-4e01-93c6-8d8f4d6f46b3: valid; 1.6 s; peak memory 927 MiB.
2026-09-17T20:44:18Z INFO [31/500] 03f990bb-c6a3-4a69-be61-90842db7d664: valid; 1.0 s; peak memory 930 MiB.
2026-09-17T20:44:19Z INFO [32/500] 03f9b1bd-51c7-4eef-8e61-ab29a32f7ac1: valid; 1.0 s; peak memory 930 MiB.
2026-09-17T20:44:23Z INFO [33/500] 03f9d437-7e12-4a54-8692-484facb224fe: valid; 4.1 s; peak memory 931 MiB.
2026-09-17T20:44:24Z INFO [34/500] 03fa51fd-8756-4ac0-bf11-a50656ee1fd7: valid; 0.8 s; peak memory 931 MiB.
2026-09-17T20:44:25Z INFO [35/500] 03fa5eb8-b22b-442c-9fa6-a02250575411: valid; 0.6 s; peak memory 931 MiB.
2026-09-17T20:44:35Z INFO [36/500] 03fb7d72-3ebf-4b35-a894-cd4cfc573756: not valid; 10.8 s; peak memory 939 MiB.
2026-09-17T20:44:36Z INFO [37/500] 03fc3197-8d0c-4434-ab39-b6ce97caec27: valid; 0.8 s; peak memory 939 MiB.
2026-09-17T20:44:37Z INFO [38/500] 03fc56b6-a2c4-40a3-a0f7-174a7b178021: valid; 0.6 s; peak memory 939 MiB.
2026-09-17T20:44:40Z INFO [39/500] 03fc72cb-2d4b-492a-a242-7d8731033da5: valid; 3.0 s; peak memory 939 MiB.
2026-09-17T20:44:40Z INFO [40/500] 03fc95ed-05fe-4d2f-bd35-d5a928f589df: valid; 0.6 s; peak memory 939 MiB.
2026-09-17T20:44:41Z INFO [41/500] 03fd12c8-65b5-4c2c-997c-c937cf19111f: valid; 0.9 s; peak memory 939 MiB.
2026-09-17T20:44:42Z INFO [42/500] 03fd2908-5bcd-499c-b989-47438e6a3038: valid; 1.0 s; peak memory 939 MiB.
2026-09-17T20:44:44Z INFO [43/500] 03fddb3e-bc29-4856-ab54-fb2f045c9bcc: valid; 1.4 s; peak memory 939 MiB.
2026-09-17T20:44:45Z INFO [44/500] 03fed4b3-69dc-4f32-a998-93892e039223: valid; 1.2 s; peak memory 939 MiB.
2026-09-17T20:44:46Z INFO [45/500] 03fefecc-cbf3-4cd3-9e62-45e6260a9cd0: not valid; 1.7 s; peak memory 939 MiB.
2026-09-17T20:44:51Z INFO [46/500] 03ff4257-16bd-45b8-8893-71d24fe16c22: not valid; 4.1 s; peak memory 939 MiB.
2026-09-17T20:44:51Z INFO [47/500] 03ff90b1-a5b6-4bc4-9cfd-95e89251420f: valid; 0.6 s; peak memory 939 MiB.
2026-09-17T20:44:56Z INFO [48/500] 03ff9b0f-f8b9-4d8a-ab7f-d8ee2c759051: valid; 5.2 s; peak memory 939 MiB.
2026-09-17T20:44:58Z INFO [49/500] 03ffa39c-1dd5-40d4-9a8f-b3bb95396b9f: valid; 1.6 s; peak memory 939 MiB.
2026-09-17T20:45:06Z INFO [50/500] 03ffe728-fd20-4af8-b9fe-14d03bbf47b9: valid; 7.7 s; peak memory 961 MiB.
2026-09-17T20:45:06Z INFO [50/500] 03ffe728-fd20-4af8-b9fe-14d03bbf47b9: checkpointed 67560 records.
2026-09-17T20:45:07Z INFO [51/500] 0400868d-ad7a-4bdc-896e-52a792d9236b: valid; 0.9 s; peak memory 968 MiB.
2026-09-17T20:45:08Z INFO [52/500] 0400bb6f-2f58-4b44-a88f-5ba75871c03d: valid; 0.8 s; peak memory 969 MiB.
2026-09-17T20:45:11Z INFO [53/500] 0401551e-3186-4d49-94f1-f7edd1ddffed: valid; 2.6 s; peak memory 973 MiB.
2026-09-17T20:45:12Z INFO [54/500] 04015b57-968f-4797-b8cc-8e8dbc4d31cb: valid; 1.6 s; peak memory 975 MiB.
2026-09-17T20:45:13Z INFO [55/500] 04015ef7-f418-439f-9f9b-344487ba73df: valid; 0.6 s; peak memory 976 MiB.
2026-09-17T20:45:16Z INFO [56/500] 040230f1-aadf-48b6-b964-18ddab1b125e: not valid; 2.8 s; peak memory 1014 MiB.
2026-09-17T20:45:19Z INFO [57/500] 040340f1-06fe-4707-af52-bb8a654fcb68: valid; 3.1 s; peak memory 1024 MiB.
2026-09-17T20:45:24Z INFO [58/500] 04038432-88af-47b8-86a1-395da9e704ff: valid; 5.1 s; peak memory 1042 MiB.
2026-09-17T20:45:28Z INFO [59/500] 0403977f-f104-412f-ab1e-071c13e07973: not valid; 3.7 s; peak memory 1048 MiB.
2026-09-17T20:45:28Z INFO [60/500] 04055079-d8e1-478c-ae84-c5927372c642: valid; 0.8 s; peak memory 1048 MiB.
2026-09-17T20:45:29Z INFO [61/500] 04055f26-680f-4aa2-ac42-ae19538fa6b4: valid; 0.6 s; peak memory 1048 MiB.
2026-09-17T20:45:30Z INFO [62/500] 0406089f-5198-4a86-b454-ac44d62a64aa: valid; 1.0 s; peak memory 1048 MiB.
2026-09-17T20:45:31Z INFO [63/500] 0406321c-56c1-4ea8-b4cd-cfafa41afda8: valid; 0.6 s; peak memory 1048 MiB.
2026-09-17T20:45:31Z INFO [64/500] 0406474c-4b94-4954-bbc2-a38d1e5d4546: valid; 0.6 s; peak memory 1048 MiB.
2026-09-17T20:45:33Z INFO [65/500] 0406e115-ac8a-4ab0-8433-b229f5124d3d: not valid; 1.5 s; peak memory 1049 MiB.
2026-09-17T20:45:33Z INFO [66/500] 0406e618-f3ef-4f9a-9a2c-355259429d5e: valid; 0.8 s; peak memory 1049 MiB.
2026-09-17T20:45:37Z INFO [67/500] 0407b884-b50c-433e-9a8c-bf30fe85f219: not valid; 3.1 s; peak memory 1049 MiB.
2026-09-17T20:45:38Z INFO [68/500] 0407f467-3ec4-433b-88de-84624db5ace9: not valid; 1.0 s; peak memory 1049 MiB.
2026-09-17T20:45:39Z INFO [69/500] 04088a39-9b8c-4a1c-9f4f-609ed30558a5: valid; 1.1 s; peak memory 1049 MiB.
2026-09-17T20:45:39Z INFO [70/500] 04091514-a070-45b5-9f6c-5b9285b06abc: valid; 0.6 s; peak memory 1049 MiB.
2026-09-17T20:45:42Z INFO [71/500] 0409f816-1b0a-4cf2-835c-8fdf379b07e0: valid; 2.4 s; peak memory 1049 MiB.
2026-09-17T20:45:43Z INFO [72/500] 040a16d3-04c1-4896-a86c-fc11027001bb: valid; 1.3 s; peak memory 1049 MiB.
2026-09-17T20:45:43Z WARNING 040ae453-ab94-444f-8cf6-205ab8983158: failed while retrieving asset information from the DANDI API (NotFoundError: No asset at path 'sub-EPCNHP1/sub-EPCNHP1_ses-2019-07-22-003_ecephys.nwb' in version 0.240701.1903. Verify the path is correct and the asset exists in this version. Use 'dandi ls' to list available assets.)
2026-09-17T20:45:44Z INFO [74/500] 040af6b3-261c-4a9a-af2d-09623042e8a3: valid; 0.7 s; peak memory 1049 MiB.
2026-09-17T20:45:47Z INFO [75/500] 040b175a-4749-4170-ada0-0acd72898c83: valid; 3.4 s; peak memory 1049 MiB.
2026-09-17T20:45:48Z INFO [76/500] 040c6f22-076e-43a2-92a7-33b665ded9aa: valid; 0.6 s; peak memory 1049 MiB.
2026-09-17T20:45:49Z INFO [77/500] 040c81b9-7280-4477-89b9-341f7bfcf136: valid; 0.7 s; peak memory 1049 MiB.
2026-09-17T20:45:50Z INFO [78/500] 040d11bc-7488-485c-97ab-450270cb7038: valid; 1.0 s; peak memory 1049 MiB.
2026-09-17T20:45:56Z INFO [79/500] 040d4130-0a92-485a-87c1-1ba6f18bf2fd: not valid; 6.3 s; peak memory 1049 MiB.
2026-09-17T20:45:58Z INFO [80/500] 040e2150-3b3d-4ba6-ad77-3844054e6e04: valid; 2.0 s; peak memory 1049 MiB.
2026-09-17T20:45:59Z INFO [81/500] 040e7538-83e9-4ed1-8ff8-02e6197acdef: valid; 1.3 s; peak memory 1049 MiB.
2026-09-17T20:46:01Z INFO [82/500] 040ea6d2-8173-4163-88b7-d20d8cbcc84b: valid; 1.9 s; peak memory 1049 MiB.
2026-09-17T20:46:02Z INFO [83/500] 040f1b34-6a6f-4977-aea8-2bc8cd15672a: valid; 0.6 s; peak memory 1049 MiB.
2026-09-17T20:46:02Z INFO [84/500] 040fa6db-790b-4173-8e4b-a1f6263faae8: valid; 0.8 s; peak memory 1049 MiB.
2026-09-17T20:46:04Z INFO [85/500] 040fe4a2-b68d-45f1-8917-7e268e4c1bb5: valid; 1.6 s; peak memory 1049 MiB.
2026-09-17T20:46:05Z INFO [86/500] 04101508-fc42-4b17-b649-57d526c63970: valid; 1.3 s; peak memory 1049 MiB.
2026-09-17T20:46:06Z INFO [87/500] 04105ca6-adac-4d66-931a-71110f282c40: valid; 1.0 s; peak memory 1049 MiB.
2026-09-17T20:46:07Z INFO [88/500] 0410f1c4-cc37-4061-825b-74d81cea2d47: valid; 0.6 s; peak memory 1049 MiB.
2026-09-17T20:46:08Z INFO [89/500] 0410f467-a5e0-400c-a3bb-0243940981ed: valid; 0.9 s; peak memory 1049 MiB.
2026-09-17T20:46:09Z INFO [90/500] 04118057-9583-45ed-aacf-e18ce7d12c24: valid; 1.1 s; peak memory 1049 MiB.
2026-09-17T20:46:10Z INFO [91/500] 0411ca6e-46a7-437e-ae88-7396d02346a3: valid; 1.4 s; peak memory 1049 MiB.
2026-09-17T20:46:12Z INFO [92/500] 04126e16-fcc7-4aaa-b1ac-41a7c403e0de: valid; 1.2 s; peak memory 1049 MiB.
2026-09-17T20:46:12Z INFO [93/500] 0412fcd6-db78-4fe7-969a-d68057efc857: valid; 0.6 s; peak memory 1049 MiB.
2026-09-17T20:46:13Z INFO [94/500] 04131a37-e764-4c41-9096-919025498ac0: valid; 1.1 s; peak memory 1049 MiB.
2026-09-17T20:46:14Z INFO [95/500] 04134c04-d8df-4199-8aa4-1efc80e2c762: valid; 1.3 s; peak memory 1049 MiB.
2026-09-17T20:46:15Z INFO [96/500] 04138758-e2cf-4d34-9748-57274c4cd6fd: valid; 0.7 s; peak memory 1049 MiB.
2026-09-17T20:46:16Z INFO [97/500] 04148fb8-3f59-4d72-8b87-c396e73d22a2: valid; 0.9 s; peak memory 1049 MiB.
2026-09-17T20:46:17Z INFO [98/500] 04160d0d-bcec-4d5f-babc-a933b221a5d9: valid; 0.6 s; peak memory 1049 MiB.
2026-09-17T20:46:27Z INFO [99/500] 0416ebae-6f76-4c22-9f27-aa279d7bc605: valid; 9.8 s; peak memory 1049 MiB.
2026-09-17T20:46:28Z INFO [100/500] 041719c6-30aa-4ab9-b102-29cf91da8aac: valid; 1.5 s; peak memory 1049 MiB.
2026-09-17T20:46:29Z INFO [100/500] 041719c6-30aa-4ab9-b102-29cf91da8aac: checkpointed 67610 records.
2026-09-17T20:46:29Z INFO [101/500] 04174954-1625-45d1-b010-2ec8458789cf: valid; 0.5 s; peak memory 1049 MiB.
2026-09-17T20:46:30Z INFO [102/500] 0417e4cd-1954-4725-baac-29576b826dee: not valid; 0.9 s; peak memory 1049 MiB.
2026-09-17T20:46:31Z INFO [103/500] 0418549b-1aac-4080-a89a-ac45487768ad: not valid; 1.0 s; peak memory 1049 MiB.
2026-09-17T20:46:32Z INFO [104/500] 04188e1e-e7ed-4560-ba73-1db275be94f0: valid; 0.9 s; peak memory 1049 MiB.
2026-09-17T20:46:33Z WARNING 0418d9b0-4c88-4382-a8e1-fdd3eade173a: failed while opening the NWB file (ConstructError: (root/acquisition/_iblmic_audioSpectrogram/bands GroupBuilder {'attributes': {'colnames': array(['freq'], dtype=object), 'description': 'spectogram frequencies', 'namespace': 'core', 'neurodata_type': 'FrequencyBandsTable', 'object_id': '78fd76ac-597e-433e-803e-b6939e302996'}, 'groups': {}, 'datasets': {'freq': root/acquisition/_iblmic_audioSpectrogram/bands/freq DatasetBuilder {'attributes': {'description': 'frequency value', 'namespace': 'hdmf-common', 'neurodata_type': 'VectorData', 'object_id': '1661d2c5-9cf0-4871-83e5-0e25da8a0584'}, 'data': <HDF5 dataset "freq": shape (257,), type "<f4">}, 'id': root/acquisition/_iblmic_audioSpectrogram/bands/id DatasetBuilder {'attributes': {'namespace': 'hdmf-common', 'neurodata_type': 'ElementIdentifiers', 'object_id': '6c8ad858-630a-4b7a-9e07-7992844de7da'}, 'data': <HDF5 dataset "id": shape (257,), type "<i4">}}, 'links': {}}, "Could not construct FrequencyBandsTable object due to: column must have the same number of rows as 'id'"))
2026-09-17T20:46:34Z INFO [106/500] 04195ac4-e252-40b5-854f-a21dbb377e5b: valid; 1.1 s; peak memory 1049 MiB.
2026-09-17T20:46:35Z INFO [107/500] 04195f39-6218-47b7-a65c-73551994e009: valid; 0.8 s; peak memory 1049 MiB.
2026-09-17T20:46:35Z INFO [108/500] 04199cfc-fa8e-49ef-990b-261ebcda6483: valid; 0.6 s; peak memory 1049 MiB.
2026-09-17T20:46:36Z INFO [109/500] 041a787e-d328-4231-ab1a-919b63a384f7: not valid; 0.8 s; peak memory 1049 MiB.
2026-09-17T20:46:47Z INFO [110/500] 041adc77-3c69-4946-93be-2fbcba178470: valid; 10.9 s; peak memory 1141 MiB.
2026-09-17T20:46:49Z INFO [111/500] 041aeb76-9e78-4dbe-9b3d-266f8c49b617: valid; 2.4 s; peak memory 1144 MiB.
2026-09-17T20:46:54Z INFO [112/500] 041b1dbd-4611-4c50-b513-0670403a7622: not valid; 4.9 s; peak memory 1159 MiB.
2026-09-17T20:46:55Z INFO [113/500] 041bc39d-b099-449d-84aa-e6c95cc13e88: valid; 0.8 s; peak memory 1160 MiB.
2026-09-17T20:46:57Z INFO [114/500] 041bda3f-f3e0-402e-8b11-2b0f031f6f09: not valid; 1.9 s; peak memory 1160 MiB.
2026-09-17T20:47:07Z INFO [115/500] 041ca28c-8e8d-4260-8132-c921d2517200: valid; 10.3 s; peak memory 1189 MiB.
2026-09-17T20:47:07Z WARNING 041d2add-12dc-4836-a4e9-e206d36e11c0: failed while retrieving asset information from the DANDI API (NotFoundError: No asset at path 'sub-parkinson-simulated-beta/sub-parkinson-simulated-beta_ses-5922_ecephys.nwb' in version 0.250327.2220. Verify the path is correct and the asset exists in this version. Use 'dandi ls' to list available assets.)
2026-09-17T20:47:08Z INFO [117/500] 041d2fe6-251d-4b3c-ba3a-d04eced04d50: not valid; 0.8 s; peak memory 1191 MiB.
2026-09-17T20:47:09Z INFO [118/500] 041d4469-901d-4870-8ecd-1f5e716ad8a7: valid; 0.6 s; peak memory 1191 MiB.
2026-09-17T20:47:09Z INFO [119/500] 041dc4d3-43c5-4532-998a-73cd5700c050: not valid; 0.8 s; peak memory 1192 MiB.
2026-09-17T20:47:12Z INFO [120/500] 041e17b9-2d33-48d5-bdc0-be285616be2c: valid; 3.0 s; peak memory 1195 MiB.
2026-09-17T20:47:14Z INFO [121/500] 041e1bb1-c760-4486-8f27-810ba4348264: valid; 1.0 s; peak memory 1199 MiB.
2026-09-17T20:47:15Z WARNING 041f6425-ed4b-46eb-9646-4b7800f3a2b2: failed while opening the NWB file (ValueError: Cannot resolve included group spec 'electrodes' with data_type_inc 'ElectrodesTable' because a group spec with the same name already exists with data_type_inc 'DynamicTable', and data type 'DynamicTable' is not a child type of data type 'ElectrodesTable'.)
2026-09-17T20:47:17Z INFO [123/500] 041fc48b-c416-4a37-b58c-b5afb982af73: not valid; 2.0 s; peak memory 1200 MiB.
2026-09-17T20:47:18Z INFO [124/500] 042061ff-5173-4a8a-9821-fac7da00f1cf: valid; 0.6 s; peak memory 1200 MiB.
2026-09-17T20:47:19Z INFO [125/500] 04209800-b421-4d86-8b55-b28dc7a8c625: valid; 1.5 s; peak memory 1200 MiB.
2026-09-17T20:47:31Z INFO [126/500] 0421779e-c43d-43a4-84bf-0bbba27da8e3: not valid; 12.3 s; peak memory 1245 MiB.
2026-09-17T20:47:38Z INFO [127/500] 0421fef9-c661-4e8f-96c2-ddc3c2176b75: valid; 6.3 s; peak memory 1301 MiB.
2026-09-17T20:47:39Z WARNING 04224214-bcb9-4347-b181-5b0c7b3dfc1c: failed while opening the NWB file (ConstructError: (root/acquisition/_iblmic_audioSpectrogram/bands GroupBuilder {'attributes': {'colnames': array(['freq'], dtype=object), 'description': 'spectogram frequencies', 'namespace': 'core', 'neurodata_type': 'FrequencyBandsTable', 'object_id': '399292c2-d5c8-485b-a449-d8b5bc6a628b'}, 'groups': {}, 'datasets': {'freq': root/acquisition/_iblmic_audioSpectrogram/bands/freq DatasetBuilder {'attributes': {'description': 'frequency value', 'namespace': 'hdmf-common', 'neurodata_type': 'VectorData', 'object_id': 'ab5bebc4-457d-4cf6-af4e-feb7f5018fee'}, 'data': <HDF5 dataset "freq": shape (257,), type "<f4">}, 'id': root/acquisition/_iblmic_audioSpectrogram/bands/id DatasetBuilder {'attributes': {'namespace': 'hdmf-common', 'neurodata_type': 'ElementIdentifiers', 'object_id': '5ede3f1b-7743-4a64-8f1d-b02ef2f3e79a'}, 'data': <HDF5 dataset "id": shape (257,), type "<i4">}}, 'links': {}}, "Could not construct FrequencyBandsTable object due to: column must have the same number of rows as 'id'"))
2026-09-17T20:47:39Z INFO [129/500] 0422a7d7-58b8-4112-9d6b-fee0b754ad77: valid; 0.7 s; peak memory 1301 MiB.
2026-09-17T20:47:40Z INFO [130/500] 0422cb7a-e2b6-4b8e-a82e-fb0651b405b3: valid; 0.9 s; peak memory 1301 MiB.
2026-09-17T20:47:42Z INFO [131/500] 0422fd28-6a71-41c8-9639-ea421947c2fb: valid; 1.5 s; peak memory 1301 MiB.
2026-09-17T20:47:43Z INFO [132/500] 0423a5fc-c39f-4676-b9c8-b31a6dde6239: not valid; 0.9 s; peak memory 1301 MiB.
2026-09-17T20:47:45Z INFO [133/500] 0423aa12-3088-48bb-9989-a8c937a810de: valid; 2.5 s; peak memory 1301 MiB.
2026-09-17T20:47:46Z INFO [134/500] 0423aabc-eb01-433c-9e22-9e3617c6eed0: not valid; 1.1 s; peak memory 1301 MiB.
2026-09-17T20:47:47Z INFO [135/500] 04241566-4779-49a6-8445-62487a1a7a99: not valid; 0.7 s; peak memory 1301 MiB.
2026-09-17T20:47:48Z INFO [136/500] 04250308-f180-4364-ad68-1b11eca03839: valid; 0.6 s; peak memory 1301 MiB.
2026-09-17T20:47:53Z INFO [137/500] 042598e7-3b06-40db-9409-6b1c0065df2b: not valid; 5.1 s; peak memory 1344 MiB.
2026-09-17T20:47:58Z INFO [138/500] 0425f056-a1a1-478a-bde5-d834f91314e4: valid; 5.0 s; peak memory 1350 MiB.
2026-09-17T20:47:58Z INFO [139/500] 0426250b-c6ef-4d49-a405-d84e624b5aa0: not valid; 0.7 s; peak memory 1350 MiB.
2026-09-17T20:48:01Z INFO [140/500] 04264d55-3d89-4e9f-8b95-1ab81836a8e1: not valid; 2.3 s; peak memory 1374 MiB.
2026-09-17T20:48:02Z INFO [141/500] 04265dcb-29a9-4fa1-9e36-4e9a287b8485: valid; 1.1 s; peak memory 1375 MiB.
2026-09-17T20:48:03Z INFO [142/500] 04270a03-1741-4ecf-b6d9-ef070396b77e: not valid; 0.9 s; peak memory 1375 MiB.
2026-09-17T20:48:07Z INFO [143/500] 0427235e-4d6c-47a8-afef-9d0d346c98ce: valid; 4.3 s; peak memory 1376 MiB.
2026-09-17T20:48:08Z INFO [144/500] 04275c42-fe20-4386-890b-83dbff83c7c2: valid; 1.0 s; peak memory 1376 MiB.
2026-09-17T20:48:09Z INFO [145/500] 04276e26-d319-4617-9903-cca2b9905139: valid; 0.9 s; peak memory 1376 MiB.
2026-09-17T20:48:09Z INFO [146/500] 04278874-422c-483d-9392-127c2ee496c3: valid; 0.5 s; peak memory 1376 MiB.
2026-09-17T20:48:11Z INFO [147/500] 0427ed6c-87d7-42e8-afc4-12820cdc8e8a: valid; 1.2 s; peak memory 1376 MiB.
2026-09-17T20:48:12Z INFO [148/500] 04280bd3-2a54-4a02-a2cb-9e7a3f99b63e: not valid; 0.9 s; peak memory 1376 MiB.
2026-09-17T20:48:14Z INFO [149/500] 0428ddd0-0880-4a84-bcc9-c77256fdd192: not valid; 2.4 s; peak memory 1376 MiB.
2026-09-17T20:48:15Z INFO [150/500] 0429894d-b362-41f0-82df-707a6083245d: not valid; 0.7 s; peak memory 1376 MiB.
2026-09-17T20:48:15Z INFO [150/500] 0429894d-b362-41f0-82df-707a6083245d: checkpointed 67660 records.
2026-09-17T20:48:16Z INFO [151/500] 0429aeea-003b-40a8-8a2f-2f603c435b10: valid; 0.5 s; peak memory 1376 MiB.
2026-09-17T20:48:17Z WARNING 0429e65d-2235-4edd-ba8b-6971026aa582: failed while opening the NWB file (ConstructError: (root/acquisition/_iblmic_audioSpectrogram/bands GroupBuilder {'attributes': {'colnames': array(['freq'], dtype=object), 'description': 'spectogram frequencies', 'namespace': 'core', 'neurodata_type': 'FrequencyBandsTable', 'object_id': 'c24ee5ee-15fe-4890-9205-ec42487a2461'}, 'groups': {}, 'datasets': {'freq': root/acquisition/_iblmic_audioSpectrogram/bands/freq DatasetBuilder {'attributes': {'description': 'frequency value', 'namespace': 'hdmf-common', 'neurodata_type': 'VectorData', 'object_id': 'db07511d-41a5-41b9-9018-7cd381d40209'}, 'data': <HDF5 dataset "freq": shape (257,), type "<f4">}, 'id': root/acquisition/_iblmic_audioSpectrogram/bands/id DatasetBuilder {'attributes': {'namespace': 'hdmf-common', 'neurodata_type': 'ElementIdentifiers', 'object_id': 'c5cf7c27-7360-43b3-b1b6-f80c4d698795'}, 'data': <HDF5 dataset "id": shape (257,), type "<i4">}}, 'links': {}}, "Could not construct FrequencyBandsTable object due to: column must have the same number of rows as 'id'"))
2026-09-17T20:48:17Z INFO [153/500] 0429ebfc-e30f-4613-b1e1-6416f70af8d5: valid; 0.6 s; peak memory 1376 MiB.
2026-09-17T20:48:26Z INFO [154/500] 042b3f37-703e-46d2-9a71-2d488bcea629: valid; 8.7 s; peak memory 1383 MiB.
2026-09-17T20:48:30Z INFO [155/500] 042b853f-71b8-4449-b6c6-79c770b47370: valid; 3.8 s; peak memory 1415 MiB.
2026-09-17T20:48:36Z INFO [156/500] 042bb1f3-abd1-4c1c-be16-46e140dd3010: not valid; 6.1 s; peak memory 1461 MiB.
2026-09-17T20:48:40Z INFO [157/500] 042c4ad3-85ef-478b-b5db-cdc9205a7a8e: valid; 4.3 s; peak memory 1469 MiB.
2026-09-17T20:48:41Z INFO [158/500] 042d1710-2868-4b54-bfc8-7defcb15bce1: valid; 0.6 s; peak memory 1469 MiB.
2026-09-17T20:48:42Z INFO [159/500] 042d8f6a-8f31-488d-810d-a3c806692156: valid; 1.1 s; peak memory 1469 MiB.
2026-09-17T20:48:42Z INFO [160/500] 042e301a-df8a-42a9-ae01-01c45297489c: valid; 0.6 s; peak memory 1469 MiB.
2026-09-17T20:48:44Z INFO [161/500] 042f0490-5aba-4fca-b8ea-2041b4038486: valid; 1.4 s; peak memory 1469 MiB.
2026-09-17T20:48:49Z INFO [162/500] 04311581-bb01-486b-8bfa-771be095b10d: valid; 4.7 s; peak memory 1561 MiB.
2026-09-17T20:48:49Z INFO [163/500] 043126da-f54c-4ee4-8c45-c52e39f2a3e5: not valid; 0.6 s; peak memory 1561 MiB.
2026-09-17T20:48:50Z INFO [164/500] 04314204-d243-403d-85c6-723e61111b34: valid; 0.7 s; peak memory 1561 MiB.
2026-09-17T20:48:50Z INFO [165/500] 04316c7f-1810-44fc-a2b6-8804d2626ac7: valid; 0.6 s; peak memory 1561 MiB.
2026-09-17T20:48:51Z INFO [166/500] 0431a7c8-2cec-484d-b1f9-774705628302: valid; 0.6 s; peak memory 1561 MiB.
2026-09-17T20:48:52Z INFO [167/500] 04321f1e-24ac-4a84-b055-35ce5b382333: valid; 1.2 s; peak memory 1561 MiB.
2026-09-17T20:48:53Z INFO [168/500] 0432b00c-aa85-46e9-b6db-53f99df85a4d: valid; 0.8 s; peak memory 1561 MiB.
2026-09-17T20:48:54Z INFO [169/500] 0432c751-9448-43fd-bf53-3bc8433a9f61: valid; 0.7 s; peak memory 1561 MiB.
2026-09-17T20:48:54Z INFO [170/500] 0432d1bf-ed16-4565-b03a-47260eaf55f4: valid; 0.7 s; peak memory 1561 MiB.
2026-09-17T20:48:55Z INFO [171/500] 04337b68-1ca4-40cd-b077-934c4c462a21: valid; 0.7 s; peak memory 1561 MiB.
2026-09-17T20:48:58Z INFO [172/500] 0433f308-5919-481b-bba8-09a1d37f30c9: valid; 3.2 s; peak memory 1561 MiB.
2026-09-17T20:48:59Z INFO [173/500] 04348d8f-5573-4e24-82f0-4fee12a1e7a4: valid; 0.7 s; peak memory 1561 MiB.
2026-09-17T20:49:00Z INFO [174/500] 04350c91-e494-4936-9aa4-6613f1904a62: valid; 0.7 s; peak memory 1561 MiB.
2026-09-17T20:49:00Z INFO [175/500] 043590a5-df92-4eeb-8cc2-9cc9ac85811f: valid; 0.9 s; peak memory 1561 MiB.
2026-09-17T20:49:02Z INFO [176/500] 0435fd93-fed4-4359-80fb-37fce18b7954: valid; 1.6 s; peak memory 1561 MiB.
2026-09-17T20:49:06Z INFO [177/500] 04366e29-7a6f-444e-b730-9e503a86b0f0: valid; 3.9 s; peak memory 1564 MiB.
2026-09-17T20:49:08Z INFO [178/500] 0437189b-192f-4237-afaf-3a1cfbe117d8: valid; 1.7 s; peak memory 1564 MiB.
2026-09-17T20:49:09Z INFO [179/500] 04377cb5-db9e-42f2-a313-b2732d7e5974: valid; 1.0 s; peak memory 1564 MiB.
2026-09-17T20:49:09Z WARNING 04383fe1-9d7c-4370-abc0-445f5b6ca929: failed while retrieving asset information from the DANDI API (NotFoundError: No asset at path 'sub-LG609/sub-LG609_ses-LG609-20250909_obj-1xm4l3n_ophys.nwb' in version 0.260915.2135. Verify the path is correct and the asset exists in this version. Use 'dandi ls' to list available assets.)
2026-09-17T20:49:10Z INFO [181/500] 043968a8-73ee-481d-90d9-f17fe4498a6f: valid; 1.5 s; peak memory 1564 MiB.
2026-09-17T20:49:11Z INFO [182/500] 043a4f0e-713e-4eec-a40c-d187d83995de: valid; 1.0 s; peak memory 1564 MiB.
2026-09-17T20:49:12Z INFO [183/500] 043b1146-b9f7-436f-9c20-4d256d4f385a: not valid; 1.1 s; peak memory 1565 MiB.
2026-09-17T20:49:13Z INFO [184/500] 043b70a5-efa9-4e4a-9391-6a20a7b99ddf: valid; 0.9 s; peak memory 1566 MiB.
2026-09-17T20:49:14Z WARNING 043bb8a0-377f-4075-af69-ec257ce049c8: failed while opening the NWB file (ConstructError: (root/acquisition/_iblmic_audioSpectrogram/bands GroupBuilder {'attributes': {'colnames': array(['freq'], dtype=object), 'description': 'spectogram frequencies', 'namespace': 'core', 'neurodata_type': 'FrequencyBandsTable', 'object_id': '23564911-1344-439e-9e2d-f37b05321a09'}, 'groups': {}, 'datasets': {'freq': root/acquisition/_iblmic_audioSpectrogram/bands/freq DatasetBuilder {'attributes': {'description': 'frequency value', 'namespace': 'hdmf-common', 'neurodata_type': 'VectorData', 'object_id': 'edb22be5-dba4-45f3-8d94-9c6b6eeae999'}, 'data': <HDF5 dataset "freq": shape (257,), type "<f4">}, 'id': root/acquisition/_iblmic_audioSpectrogram/bands/id DatasetBuilder {'attributes': {'namespace': 'hdmf-common', 'neurodata_type': 'ElementIdentifiers', 'object_id': 'cbd46513-4c1f-4186-a843-5ec0b7d63ce8'}, 'data': <HDF5 dataset "id": shape (257,), type "<i4">}}, 'links': {}}, "Could not construct FrequencyBandsTable object due to: column must have the same number of rows as 'id'"))
2026-09-17T20:49:15Z INFO [186/500] 043c6d04-da9f-4323-b4d6-dce8b4a7f831: valid; 1.2 s; peak memory 1579 MiB.
2026-09-17T20:49:16Z INFO [187/500] 043c78fe-484d-4535-9ee3-c887e37e3c3d: valid; 0.8 s; peak memory 1579 MiB.
2026-09-17T20:49:17Z INFO [188/500] 043d843c-f384-4d6b-82ea-be3f15c24b4d: valid; 1.1 s; peak memory 1579 MiB.
2026-09-17T20:49:18Z INFO [189/500] 043d8d06-6c81-405a-abd8-635d5c8df643: valid; 0.5 s; peak memory 1579 MiB.
2026-09-17T20:49:23Z INFO [190/500] 043e0f43-1849-4e1f-937e-321736b7bc05: valid; 5.1 s; peak memory 1750 MiB.
2026-09-17T20:49:25Z INFO [191/500] 043eeced-2796-4445-97e1-64c32e7611be: valid; 2.4 s; peak memory 1750 MiB.
2026-09-17T20:49:29Z INFO [192/500] 043f7b57-10ba-4894-9d74-3db51dd68bcb: valid; 4.0 s; peak memory 1750 MiB.
2026-09-17T20:49:30Z INFO [193/500] 043f7c9b-917e-498d-b851-421e178a258e: valid; 0.9 s; peak memory 1750 MiB.
2026-09-17T20:49:31Z INFO [194/500] 044004c6-7763-4dd2-ba98-e09509c035b7: valid; 0.9 s; peak memory 1750 MiB.
2026-09-17T20:49:32Z INFO [195/500] 04404748-6f88-461a-b3d1-d89f818ab82d: not valid; 0.8 s; peak memory 1750 MiB.
2026-09-17T20:49:33Z INFO [196/500] 0440660f-4538-427a-b391-e74617a57890: valid; 1.4 s; peak memory 1751 MiB.
2026-09-17T20:49:34Z INFO [197/500] 0440c9c0-9e20-424b-bca2-460aa41e2318: valid; 0.7 s; peak memory 1751 MiB.
2026-09-17T20:49:40Z INFO [198/500] 044137a4-1c92-434c-b59c-95015df7c847: valid; 6.0 s; peak memory 1795 MiB.
2026-09-17T20:49:41Z INFO [199/500] 04415616-1920-40bf-866d-bcf973505e48: valid; 1.3 s; peak memory 1806 MiB.
2026-09-17T20:49:42Z INFO [200/500] 044220d9-a6ca-4615-9762-5fe2f4d66c59: valid; 0.9 s; peak memory 1809 MiB.
2026-09-17T20:49:43Z INFO [200/500] 044220d9-a6ca-4615-9762-5fe2f4d66c59: checkpointed 67710 records.
2026-09-17T20:49:47Z INFO [201/500] 044299ee-6811-4bcf-86ff-85190115ffad: valid; 4.5 s; peak memory 1858 MiB.
2026-09-17T20:49:48Z INFO [202/500] 0442bce5-6d21-4f25-ba4f-8733f6499773: valid; 1.1 s; peak memory 1858 MiB.
2026-09-17T20:49:49Z INFO [203/500] 04438721-1cfb-421a-a09b-2636795a1958: valid; 0.6 s; peak memory 1858 MiB.
2026-09-17T20:49:50Z INFO [204/500] 04443c14-a9cf-482f-90da-88937e2e8d75: not valid; 1.0 s; peak memory 1858 MiB.
2026-09-17T20:49:51Z INFO [205/500] 0444c8a4-3612-482e-bcac-1cb75c33fdad: not valid; 0.7 s; peak memory 1858 MiB.
2026-09-17T20:49:51Z WARNING 0444e56d-263c-443c-905d-50fb442224b2: failed while retrieving asset information from the DANDI API (NotFoundError: No such Dandiset: 000561)
2026-09-17T20:49:51Z INFO [207/500] 044510f3-bad8-4109-814c-d5163a9543bd: valid; 0.6 s; peak memory 1858 MiB.
2026-09-17T20:49:53Z INFO [208/500] 04451465-318c-41c5-aa1d-754380546145: valid; 1.3 s; peak memory 1858 MiB.
2026-09-17T20:49:59Z INFO [209/500] 04452f80-d8f8-417d-81c3-cbc363fd1c9f: valid; 5.9 s; peak memory 1858 MiB.
2026-09-17T20:49:59Z INFO [210/500] 044540e1-2d8b-4010-8b23-cb4afc078b90: valid; 0.7 s; peak memory 1858 MiB.
2026-09-17T20:50:00Z INFO [211/500] 04456bbc-1c7a-4b0d-b3d8-b56a8c5e4048: valid; 0.6 s; peak memory 1858 MiB.
2026-09-17T20:50:01Z INFO [212/500] 0445703a-a3a6-40b1-be3b-379c7a944025: not valid; 0.8 s; peak memory 1858 MiB.
2026-09-17T20:50:02Z INFO [213/500] 0445f0de-a173-4744-ab28-55fc01a5fd21: valid; 0.7 s; peak memory 1858 MiB.
2026-09-17T20:50:03Z INFO [214/500] 0445fe35-d8ff-4acc-a86c-12d39713e791: valid; 1.2 s; peak memory 1858 MiB.
2026-09-17T20:50:04Z INFO [215/500] 04462012-4452-4ff8-85db-cbef81f57f72: valid; 1.0 s; peak memory 1858 MiB.
2026-09-17T20:50:05Z INFO [216/500] 0446343b-1ff4-43bc-a3e3-5234acfffaed: not valid; 0.9 s; peak memory 1858 MiB.
2026-09-17T20:50:07Z INFO [217/500] 0446ca14-c873-4f84-b250-1b96eccce201: valid; 2.2 s; peak memory 1858 MiB.
2026-09-17T20:50:08Z INFO [218/500] 0447506f-a023-4ae8-8aed-350536a08089: not valid; 1.3 s; peak memory 1858 MiB.
2026-09-17T20:50:10Z INFO [219/500] 04486d67-c753-4c24-b04f-4e93d0d96716: valid; 2.3 s; peak memory 1858 MiB.
2026-09-17T20:50:17Z INFO [220/500] 0448c1f8-4d0e-48b0-895a-589a1820e451: valid; 6.8 s; peak memory 1858 MiB.
2026-09-17T20:50:18Z INFO [221/500] 044998ad-f789-4343-a891-8528292b6cd9: valid; 0.6 s; peak memory 1858 MiB.
2026-09-17T20:50:19Z INFO [222/500] 0449c5af-8a77-4a38-8065-d548f95b4dff: valid; 1.5 s; peak memory 1858 MiB.
2026-09-17T20:50:20Z INFO [223/500] 0449f433-86c3-4d5e-991c-3ab0e9795940: not valid; 0.9 s; peak memory 1858 MiB.
2026-09-17T20:50:21Z INFO [224/500] 044a44eb-3ae4-46db-8764-81ac6beddbe1: not valid; 0.9 s; peak memory 1858 MiB.
2026-09-17T20:50:22Z INFO [225/500] 044a9715-d1ed-4a40-ac46-f8637f4e66cd: valid; 0.6 s; peak memory 1858 MiB.
2026-09-17T20:50:24Z INFO [226/500] 044adc93-86cc-49d5-8495-d2e5f10ed312: valid; 2.5 s; peak memory 1858 MiB.
2026-09-17T20:50:25Z INFO [227/500] 044aebc8-da0a-45a6-9543-93a0ef011b50: not valid; 0.8 s; peak memory 1858 MiB.
2026-09-17T20:50:26Z INFO [228/500] 044af24c-d2fc-44f3-9fda-0dc7e4a73a28: valid; 1.0 s; peak memory 1858 MiB.
2026-09-17T20:50:27Z INFO [229/500] 044b01c9-21e1-409f-bcfd-351b874af897: valid; 0.7 s; peak memory 1858 MiB.
2026-09-17T20:50:31Z INFO [230/500] 044bdfb4-6a1b-415b-aa2d-23ad36f84196: valid; 4.6 s; peak memory 1870 MiB.
2026-09-17T20:50:33Z INFO [231/500] 044be01e-5811-4b76-a732-d9bed920be29: valid; 1.4 s; peak memory 1878 MiB.
2026-09-17T20:50:33Z INFO [232/500] 044c5801-e9ad-4b7a-b0a5-f69947f82342: valid; 0.7 s; peak memory 1880 MiB.
2026-09-17T20:50:34Z INFO [233/500] 044c5964-f5a1-4d71-a804-90db99c7f80e: valid; 0.6 s; peak memory 1881 MiB.
2026-09-17T20:50:35Z INFO [234/500] 044c9464-a2ba-41ed-81d9-53c1d907f464: valid; 0.6 s; peak memory 1883 MiB.
2026-09-17T20:50:35Z INFO [235/500] 044da3ce-a673-457d-b451-6db3ed8bb18a: not valid; 0.6 s; peak memory 1886 MiB.
2026-09-17T20:50:36Z INFO [236/500] 044dee1f-49af-4ed2-8645-0b9b81fab16f: valid; 0.8 s; peak memory 1887 MiB.
2026-09-17T20:50:37Z INFO [237/500] 044e399f-0e2d-4686-96eb-6801127ac698: valid; 0.6 s; peak memory 1889 MiB.
2026-09-17T20:50:38Z INFO [238/500] 044ea904-fb86-4d13-9442-b36c81d8d68a: valid; 1.4 s; peak memory 1894 MiB.
2026-09-17T20:50:39Z INFO [239/500] 044ee5ae-23f4-42db-8361-91c659b67225: valid; 0.5 s; peak memory 1896 MiB.
2026-09-17T20:50:39Z INFO [240/500] 044f461b-dba5-46ff-99da-90c42ba6b9df: valid; 0.8 s; peak memory 1898 MiB.
2026-09-17T20:50:40Z INFO [241/500] 045036c2-5ca8-42f1-9305-89f0ce0aa161: valid; 0.8 s; peak memory 1903 MiB.
2026-09-17T20:50:40Z WARNING 045052d5-80d8-48e0-8d37-940ee8453b78: failed while retrieving asset information from the DANDI API (NotFoundError: No asset at path 'sub-parkinson-simulated-lfp/sub-parkinson-simulated-lfp_ses-1974_ecephys.nwb' in version 0.250327.2220. Verify the path is correct and the asset exists in this version. Use 'dandi ls' to list available assets.)
2026-09-17T20:50:42Z INFO [243/500] 045070eb-6584-4172-8dc5-04c5c4030ddb: valid; 1.3 s; peak memory 1906 MiB.
2026-09-17T20:50:42Z INFO [244/500] 04519b26-1130-4a34-89ca-0b5edfca8e6d: not valid; 0.7 s; peak memory 1906 MiB.
2026-09-17T20:50:44Z INFO [245/500] 0451d174-1073-4919-aa8e-eb03f58cd830: valid; 1.9 s; peak memory 1906 MiB.
2026-09-17T20:50:45Z INFO [246/500] 045273e0-9348-4a4c-954d-b8f911d2154d: valid; 0.7 s; peak memory 1906 MiB.
2026-09-17T20:50:47Z INFO [247/500] 04538c7d-4703-4d88-acd3-64f564a1fa32: valid; 2.3 s; peak memory 1963 MiB.
2026-09-17T20:50:48Z INFO [248/500] 04539d86-adad-4089-bed1-799adee448fd: valid; 0.6 s; peak memory 1963 MiB.
2026-09-17T20:50:48Z INFO [249/500] 0453a3f8-4962-46c7-b269-0da1c5fa78ae: valid; 0.6 s; peak memory 1963 MiB.
2026-09-17T20:50:53Z INFO [250/500] 0453de80-88f3-40fd-b511-657504b9028e: valid; 4.4 s; peak memory 1963 MiB.
2026-09-17T20:50:53Z INFO [250/500] 0453de80-88f3-40fd-b511-657504b9028e: checkpointed 67760 records.
2026-09-17T20:50:55Z INFO [251/500] 0453e8d5-db6f-48dd-82a7-cbaefb003139: valid; 1.3 s; peak memory 1963 MiB.
2026-09-17T20:50:56Z INFO [252/500] 0454022f-74e4-47d1-8726-f1b520e65975: valid; 1.6 s; peak memory 1963 MiB.
2026-09-17T20:51:07Z INFO [253/500] 04544e36-8deb-413d-a1ee-8d53e2fa71d9: valid; 10.5 s; peak memory 1985 MiB.
2026-09-17T20:51:08Z INFO [254/500] 04546b4c-fd88-4162-bbdb-0f3cecf8756a: valid; 1.3 s; peak memory 1989 MiB.
2026-09-17T20:51:09Z INFO [255/500] 04546fcc-f60b-432a-a5f2-8363156b32b3: valid; 1.4 s; peak memory 1992 MiB.
2026-09-17T20:51:10Z INFO [256/500] 04548959-c6f7-480a-9889-a3670066ddc9: valid; 0.5 s; peak memory 1993 MiB.
2026-09-17T20:51:11Z INFO [257/500] 0454f8b3-f3c3-4aaa-a01d-b689e3d79b60: valid; 1.0 s; peak memory 1995 MiB.
2026-09-17T20:51:12Z INFO [258/500] 0454fc7a-b94e-4ead-9ba4-b92e8b6cdcb8: valid; 1.2 s; peak memory 2001 MiB.
2026-09-17T20:51:13Z INFO [259/500] 04550831-894f-47db-b651-dce1105a651a: not valid; 0.7 s; peak memory 2003 MiB.
2026-09-17T20:51:24Z INFO [260/500] 045510a4-a9cb-4fd4-8e5f-afa6c2378aee: valid; 11.2 s; peak memory 2195 MiB.
2026-09-17T20:51:35Z INFO [261/500] 0456a101-8658-47e2-980e-abb8dde28237: valid; 10.8 s; peak memory 2216 MiB.
2026-09-17T20:51:36Z INFO [262/500] 045760d6-7df8-40d6-b08b-b7379db6ac0d: valid; 1.2 s; peak memory 2221 MiB.
2026-09-17T20:51:38Z INFO [263/500] 04578544-fb69-48f4-8ee4-ee1b98f37f08: valid; 2.6 s; peak memory 2239 MiB.
2026-09-17T20:51:39Z INFO [264/500] 0457ab5d-96f1-42c4-87a9-b95ce2466808: not valid; 0.9 s; peak memory 2247 MiB.
2026-09-17T20:51:40Z INFO [265/500] 0457d245-a749-4a3b-a41f-c25df24775fa: valid; 0.7 s; peak memory 2249 MiB.
2026-09-17T20:51:41Z INFO [266/500] 04584cb1-59a8-480f-a551-143a1ac10af8: valid; 1.1 s; peak memory 2259 MiB.
2026-09-17T20:51:42Z INFO [267/500] 0458dcb7-6aa0-44ba-9ba1-1a452d292516: not valid; 1.0 s; peak memory 2263 MiB.
2026-09-17T20:51:43Z INFO [268/500] 04590930-aaf7-4722-aa65-95b17a841c2d: not valid; 0.9 s; peak memory 2265 MiB.
2026-09-17T20:51:44Z INFO [269/500] 0459e0ad-73a1-40f7-9465-ce37c58bc7e8: valid; 0.9 s; peak memory 2268 MiB.
2026-09-17T20:51:45Z INFO [270/500] 045a1f3b-909d-4633-a17c-dead8615e518: not valid; 0.8 s; peak memory 2273 MiB.
2026-09-17T20:51:46Z INFO [271/500] 045a890a-60a2-45d9-bd5f-addc24f66acb: not valid; 0.9 s; peak memory 2276 MiB.
2026-09-17T20:51:46Z INFO [272/500] 045bbddc-507a-4be6-8117-82c9dcd8a62b: valid; 0.7 s; peak memory 2278 MiB.
2026-09-17T20:51:47Z INFO [273/500] 045be282-e593-49dc-a546-17feb5a4d7be: not valid; 1.1 s; peak memory 2283 MiB.
2026-09-17T20:51:49Z INFO [274/500] 045c2f27-7558-494a-83f5-3f084bd16025: valid; 1.6 s; peak memory 2289 MiB.
2026-09-17T20:51:51Z INFO [275/500] 045c68eb-cca6-4aa1-8210-cb676e15782d: valid; 1.5 s; peak memory 2289 MiB.
2026-09-17T20:51:53Z INFO [276/500] 045cc132-1d7f-4963-ba79-b95ff19d79b5: not valid; 2.0 s; peak memory 2289 MiB.
2026-09-17T20:51:53Z INFO [277/500] 045d0d8b-93cb-4eba-9d36-9c2caef1f0e8: valid; 0.6 s; peak memory 2289 MiB.
2026-09-17T20:51:54Z INFO [278/500] 045d2ae2-cb0d-4604-a772-7e8bacdc1bca: valid; 0.4 s; peak memory 2289 MiB.
2026-09-17T20:51:57Z INFO [279/500] 045e0a55-68ef-4bb1-afc6-c720a68ac983: valid; 3.8 s; peak memory 2306 MiB.
2026-09-17T20:51:59Z INFO [280/500] 045e9530-6902-47d1-900a-da6f02097499: not valid; 2.1 s; peak memory 2312 MiB.
2026-09-17T20:52:00Z INFO [281/500] 045f32dd-5dc9-49f1-92f3-5f3b2f0cf3bb: not valid; 0.7 s; peak memory 2314 MiB.
2026-09-17T20:52:01Z INFO [282/500] 045f3b2e-d6f8-43c5-ba8e-b7f87bb0bf7c: not valid; 0.9 s; peak memory 2315 MiB.
2026-09-17T20:52:02Z INFO [283/500] 045f9f90-3dc9-4c99-905c-cf82e92896c2: valid; 1.0 s; peak memory 2315 MiB.
2026-09-17T20:52:03Z INFO [284/500] 045fa11d-48f8-4a12-ad11-1f9c415fe7d7: valid; 1.2 s; peak memory 2315 MiB.
2026-09-17T20:52:04Z INFO [285/500] 045ffeb5-80fd-4f43-9714-741a69d34cc2: valid; 0.8 s; peak memory 2315 MiB.
2026-09-17T20:52:05Z INFO [286/500] 0460e02f-70c6-4312-86e5-9338ae3d1bcb: valid; 0.7 s; peak memory 2317 MiB.
2026-09-17T20:52:06Z INFO [287/500] 0460e8c0-1ccb-4cd0-93cc-c4d299806bf1: valid; 1.7 s; peak memory 2318 MiB.
2026-09-17T20:52:07Z INFO [288/500] 046100f3-e878-42bb-a955-c6e699d03cf9: valid; 0.7 s; peak memory 2318 MiB.
2026-09-17T20:52:08Z INFO [289/500] 04610cfe-94d6-40a9-a56e-04782ac4634b: valid; 0.6 s; peak memory 2318 MiB.
2026-09-17T20:52:10Z INFO [290/500] 04618379-1bf7-422c-8eae-5cd560f24a52: valid; 2.4 s; peak memory 2318 MiB.
2026-09-17T20:52:11Z INFO [291/500] 04618a7f-dbf1-46fa-96a6-faf11c70d0b9: valid; 0.6 s; peak memory 2318 MiB.
2026-09-17T20:52:12Z INFO [292/500] 0461a534-e415-4c32-beaa-17e13ab510a1: valid; 1.0 s; peak memory 2318 MiB.
2026-09-17T20:52:12Z INFO [293/500] 04622496-14e2-4400-84c6-6ec4bfeb96be: valid; 0.7 s; peak memory 2318 MiB.
2026-09-17T20:52:13Z INFO [294/500] 0462c776-30e5-41aa-b97c-a41f8a28d119: valid; 0.6 s; peak memory 2318 MiB.
2026-09-17T20:52:14Z WARNING 04632699-b6ee-4ae0-a394-2f6c35b6534e: failed while opening the NWB file (ConstructError: (root/acquisition/event_code_meanings GroupBuilder {'attributes': {'colnames': array(['value', 'meaning'], dtype=object), 'description': 'Mapping integer event codes to event labels', 'namespace': 'ndx-events', 'neurodata_type': 'MeaningsTable', 'object_id': 'e779eb6f-37fe-453a-8c6d-b98fb56198be'}, 'groups': {}, 'datasets': {'id': root/acquisition/event_code_meanings/id DatasetBuilder {'attributes': {'namespace': 'hdmf-common', 'neurodata_type': 'ElementIdentifiers', 'object_id': 'c652bd13-02cb-4beb-8fa9-06882f3f14c1'}, 'data': <HDF5 dataset "id": shape (26,), type "<i8">}, 'meaning': root/acquisition/event_code_meanings/meaning DatasetBuilder {'attributes': {'description': 'The meaning of the value in the parent CategoricalVectorData object.', 'namespace': 'hdmf-experimental', 'neurodata_type': 'VectorData', 'object_id': '6860f834-4214-48f9-8fba-fa40178f6105'}, 'data': <StrDataset for HDF5 dataset "meaning": shape (26,), type "|O">}, 'value': root/acquisition/event_code_meanings/value DatasetBuilder {'attributes': {'description': 'The value of the parent CategoricalVectorData object.', 'namespace': 'hdmf-experimental', 'neurodata_type': 'VectorData', 'object_id': 'b1054a6a-6c60-4520-bbbb-84363eb11ac5'}, 'data': <HDF5 dataset "value": shape (26,), type "<i8">}}, 'links': {}}, "Could not construct MeaningsTable object due to: MeaningsTable.__init__: missing argument 'target'"))
2026-09-17T20:52:15Z INFO [296/500] 04638805-7c76-4836-b668-09e701e0d16c: valid; 1.0 s; peak memory 2318 MiB.
2026-09-17T20:52:16Z INFO [297/500] 0463a055-ff40-4e18-877d-0734a5f540d8: not valid; 0.7 s; peak memory 2318 MiB.
2026-09-17T20:52:18Z INFO [298/500] 0463cf8b-53e3-4e05-b38a-6aede1ea38e8: valid; 2.0 s; peak memory 2318 MiB.
2026-09-17T20:52:18Z INFO [299/500] 046490b9-a913-4064-825b-80acfb49c87f: valid; 0.5 s; peak memory 2318 MiB.
2026-09-17T20:52:19Z INFO [300/500] 0464aa18-5fa8-4718-8063-8c505fe6961a: valid; 1.1 s; peak memory 2318 MiB.
2026-09-17T20:52:20Z INFO [300/500] 0464aa18-5fa8-4718-8063-8c505fe6961a: checkpointed 67810 records.
2026-09-17T20:52:29Z INFO [301/500] 0464c890-4e38-4c0e-924d-b7a8b8d3096b: not valid; 9.2 s; peak memory 2328 MiB.
2026-09-17T20:52:30Z INFO [302/500] 0464d831-0a45-4ed4-9c48-e22e2058b946: not valid; 0.8 s; peak memory 2329 MiB.
2026-09-17T20:52:30Z INFO [303/500] 0464f3c2-3cac-48fc-a9d6-a062f590bd2e: not valid; 0.7 s; peak memory 2329 MiB.
2026-09-17T20:52:31Z INFO [304/500] 04651440-e425-4e84-9c6b-9ab5ef776d73: valid; 0.6 s; peak memory 2329 MiB.
2026-09-17T20:52:32Z INFO [305/500] 0465237d-fb61-458a-9a13-83be0350c440: valid; 0.5 s; peak memory 2329 MiB.
2026-09-17T20:52:33Z INFO [306/500] 046554d9-76b9-4173-8e7a-7c45b65f7fab: valid; 1.0 s; peak memory 2329 MiB.
2026-09-17T20:52:39Z INFO [307/500] 0465cec2-6d8d-45c3-812c-a8207a396c19: valid; 6.3 s; peak memory 2338 MiB.
2026-09-17T20:52:40Z INFO [308/500] 046667c1-290e-4a91-8a93-010800e7c771: valid; 1.0 s; peak memory 2339 MiB.
2026-09-17T20:52:40Z INFO [309/500] 04668bad-e5c9-490a-8df4-190585cdb77d: valid; 0.6 s; peak memory 2340 MiB.
2026-09-17T20:52:42Z INFO [310/500] 04669911-c619-4360-8c4b-b65c3f65196d: valid; 1.4 s; peak memory 2344 MiB.
2026-09-17T20:52:46Z INFO [311/500] 0466a8c8-35fb-44f1-9112-0074ac7a7ff5: valid; 4.3 s; peak memory 2352 MiB.
2026-09-17T20:52:47Z INFO [312/500] 0466cfad-2305-4ab4-b57e-43a39a376d64: valid; 0.9 s; peak memory 2352 MiB.
2026-09-17T20:52:48Z WARNING 0466f9f8-ec26-4f59-9ddf-5390f2676e41: failed while opening the NWB file (ConstructError: (root/acquisition/_iblmic_audioSpectrogram/bands GroupBuilder {'attributes': {'colnames': array(['freq'], dtype=object), 'description': 'spectogram frequencies', 'namespace': 'core', 'neurodata_type': 'FrequencyBandsTable', 'object_id': 'c0852c18-11d4-4eb8-8551-b75f08bfdd34'}, 'groups': {}, 'datasets': {'freq': root/acquisition/_iblmic_audioSpectrogram/bands/freq DatasetBuilder {'attributes': {'description': 'frequency value', 'namespace': 'hdmf-common', 'neurodata_type': 'VectorData', 'object_id': '0ce2426f-1220-4fb8-a0be-fa468d9b4408'}, 'data': <HDF5 dataset "freq": shape (257,), type "<f4">}, 'id': root/acquisition/_iblmic_audioSpectrogram/bands/id DatasetBuilder {'attributes': {'namespace': 'hdmf-common', 'neurodata_type': 'ElementIdentifiers', 'object_id': '6985e426-27c2-43dd-8135-6b3700acbb7a'}, 'data': <HDF5 dataset "id": shape (257,), type "<i4">}}, 'links': {}}, "Could not construct FrequencyBandsTable object due to: column must have the same number of rows as 'id'"))
2026-09-17T20:52:52Z INFO [314/500] 0466fdf1-215f-4c2c-8c19-4c9d9f775dc9: valid; 4.0 s; peak memory 2388 MiB.
2026-09-17T20:52:53Z INFO [315/500] 0467c4cf-2dfb-42f9-b4fc-344b117cd03b: valid; 0.7 s; peak memory 2389 MiB.
2026-09-17T20:52:55Z INFO [316/500] 046821fc-49f3-458f-9f94-38eea93be631: valid; 2.6 s; peak memory 2401 MiB.
2026-09-17T20:52:56Z INFO [317/500] 04687eeb-9b47-432f-bd3d-69c60ea15803: not valid; 0.8 s; peak memory 2402 MiB.
2026-09-17T20:52:57Z INFO [318/500] 046a4049-f2e0-4b7d-82d9-cb2519d25859: valid; 0.9 s; peak memory 2408 MiB.
2026-09-17T20:52:57Z INFO [319/500] 046a7d72-29e1-4277-ad0a-e8a66ac336f0: valid; 0.5 s; peak memory 2409 MiB.
2026-09-17T20:53:00Z INFO [320/500] 046bee85-df5f-4da2-998f-9b8173e8b15a: valid; 2.6 s; peak memory 2413 MiB.
2026-09-17T20:53:01Z INFO [321/500] 046c9df6-f151-4836-9958-1e9d7330e03a: valid; 0.6 s; peak memory 2413 MiB.
2026-09-17T20:53:07Z INFO [322/500] 046d1e23-becd-4453-add0-8092ed17c62f: valid; 6.3 s; peak memory 2413 MiB.
2026-09-17T20:53:08Z INFO [323/500] 046dc27d-a292-4a29-a1ea-b448d3cccac9: valid; 0.7 s; peak memory 2413 MiB.
2026-09-17T20:53:09Z INFO [324/500] 046defd0-dbb8-457b-a5eb-e60e30a1d049: valid; 1.0 s; peak memory 2413 MiB.
2026-09-17T20:53:11Z INFO [325/500] 046df025-b383-469a-90ff-c4acec8a784a: valid; 2.0 s; peak memory 2413 MiB.
2026-09-17T20:53:11Z INFO [326/500] 046e0ea8-5c1b-4632-8842-c7cac94d914e: valid; 0.8 s; peak memory 2413 MiB.
2026-09-17T20:54:30Z INFO [327/500] 046e4484-5c1d-4e9a-ad65-11c81f29b386: not valid; 78.6 s; peak memory 2901 MiB.
2026-09-17T20:54:34Z INFO [328/500] 046ecece-c894-4edc-b43e-37299722b80b: valid; 4.0 s; peak memory 2923 MiB.
2026-09-17T20:54:35Z INFO [329/500] 046f265b-b618-4c80-b21e-a64e98d3ad68: not valid; 1.2 s; peak memory 2925 MiB.
2026-09-17T20:54:36Z INFO [330/500] 046f843e-0774-4fe7-a760-27064084ecaa: valid; 0.7 s; peak memory 2925 MiB.
2026-09-17T20:54:36Z INFO [331/500] 046fffa9-e562-45d0-a331-afbac46cc07f: valid; 0.6 s; peak memory 2925 MiB.
2026-09-17T20:54:39Z INFO [332/500] 0470fe72-0c95-489b-8891-f21da04070d9: not valid; 2.5 s; peak memory 2925 MiB.
2026-09-17T20:54:40Z INFO [333/500] 047193ad-8daa-4505-9cfa-2e087ff7a2ca: valid; 0.9 s; peak memory 2925 MiB.
2026-09-17T20:54:41Z INFO [334/500] 0471977a-5bce-4767-b2ac-16a1afd4f5e4: valid; 0.8 s; peak memory 2925 MiB.
2026-09-17T20:54:53Z INFO [335/500] 0471f43e-7a71-445b-8be1-5a9ae231206e: not valid; 12.1 s; peak memory 3014 MiB.
2026-09-17T20:54:54Z INFO [336/500] 047202d6-1c10-4322-ba76-9b6ae7bfd474: valid; 0.8 s; peak memory 3023 MiB.
2026-09-17T20:54:55Z INFO [337/500] 04721e94-3641-4b6b-ba0a-0d0756d9e295: not valid; 1.0 s; peak memory 3024 MiB.
2026-09-17T20:54:56Z INFO [338/500] 0473c9c9-b242-400f-9455-932c96eb282b: valid; 1.0 s; peak memory 3027 MiB.
2026-09-17T20:54:56Z INFO [339/500] 0473e1d8-b6e4-47fd-8262-df5c2d6ce76b: not valid; 0.9 s; peak memory 3030 MiB.
2026-09-17T20:54:58Z INFO [340/500] 0473e38d-b07c-4ef2-beb8-7295249ab280: valid; 1.1 s; peak memory 3042 MiB.
2026-09-17T20:54:59Z INFO [341/500] 04743f1d-09ee-4803-ad25-60c270ec35af: valid; 1.0 s; peak memory 3044 MiB.
2026-09-17T20:55:05Z INFO [342/500] 047501d0-0bf4-493c-a584-c59fa611ec03: valid; 6.6 s; peak memory 3101 MiB.
2026-09-17T20:55:06Z INFO [343/500] 047505f8-d865-4dd4-b48f-f7c361eb710d: valid; 0.9 s; peak memory 3112 MiB.
2026-09-17T20:55:07Z INFO [344/500] 0475981a-e900-4507-ac83-8675169629de: valid; 0.9 s; peak memory 3123 MiB.
2026-09-17T20:55:08Z INFO [345/500] 0475de7c-6bb3-448e-bb5b-7d7f1f90c5ce: valid; 0.9 s; peak memory 3134 MiB.
2026-09-17T20:55:10Z INFO [346/500] 0476103d-5f08-4e62-bb1c-6e290c1f4813: valid; 1.7 s; peak memory 3139 MiB.
2026-09-17T20:55:10Z INFO [347/500] 04761c49-f5cd-405e-ad12-b89e8cf7d3fe: not valid; 0.6 s; peak memory 3141 MiB.
2026-09-17T20:55:13Z INFO [348/500] 04769b0c-853e-4151-83fd-8bfd73b2eb27: valid; 2.5 s; peak memory 3143 MiB.
2026-09-17T20:55:14Z INFO [349/500] 0476a16d-fbaf-4f67-9df9-86d16aef8afd: valid; 0.8 s; peak memory 3143 MiB.
2026-09-17T20:55:15Z INFO [350/500] 04783266-3686-4925-bd85-50f08ad669c0: valid; 1.0 s; peak memory 3143 MiB.
2026-09-17T20:55:15Z INFO [350/500] 04783266-3686-4925-bd85-50f08ad669c0: checkpointed 67860 records.
2026-09-17T20:55:16Z INFO [351/500] 04787822-a180-4eae-b901-5084bd9855a9: valid; 1.3 s; peak memory 3143 MiB.
2026-09-17T20:55:21Z INFO [352/500] 0479f0e7-b18e-4236-9310-d6c024ca7918: valid; 4.3 s; peak memory 3143 MiB.
2026-09-17T20:55:22Z INFO [353/500] 047afd2d-e835-443f-b4b0-6d56093b20ec: valid; 0.8 s; peak memory 3143 MiB.
2026-09-17T20:55:23Z INFO [354/500] 047b0d83-a02a-47c4-b9f3-0e9ca6310d01: valid; 1.5 s; peak memory 3143 MiB.
2026-09-17T20:55:24Z INFO [355/500] 047cc7f6-1f04-4ebd-9d20-d514809b7236: valid; 0.7 s; peak memory 3143 MiB.
2026-09-17T20:55:24Z INFO [356/500] 047d4953-421f-4ac9-a975-db2d60659a3a: not valid; 0.8 s; peak memory 3143 MiB.
2026-09-17T20:55:25Z INFO [357/500] 047eaa3f-c2b3-44f7-b1da-0bb52fd50e9b: valid; 0.7 s; peak memory 3143 MiB.
2026-09-17T20:55:25Z WARNING 047f0b50-fa32-4fe0-8418-a44341b9ac39: failed while retrieving asset information from the DANDI API (NotFoundError: No asset at path 'sub-R5/sub-R5_ses-training-day1_behavior+ophys.nwb' in version 0.260415.1712. Verify the path is correct and the asset exists in this version. Use 'dandi ls' to list available assets.)
2026-09-17T20:55:26Z INFO [359/500] 047f248d-d384-4820-b03d-feb822b9987b: valid; 1.1 s; peak memory 3143 MiB.
2026-09-17T20:55:27Z INFO [360/500] 047f6664-4603-4423-b95d-0459db720858: valid; 0.6 s; peak memory 3143 MiB.
2026-09-17T20:55:28Z INFO [361/500] 047ff700-ee41-4575-8649-9d08dbfc4503: valid; 0.6 s; peak memory 3143 MiB.
2026-09-17T20:55:29Z INFO [362/500] 04801215-a396-4a10-8900-cce6801747f0: valid; 1.0 s; peak memory 3143 MiB.
2026-09-17T20:55:29Z INFO [363/500] 048099f8-7c6f-4e7c-ba6a-7c42d1d932fd: valid; 0.6 s; peak memory 3143 MiB.
2026-09-17T20:55:38Z INFO [364/500] 04809b71-d17f-43bb-aff3-995c7569c4c2: valid; 9.4 s; peak memory 3143 MiB.
2026-09-17T20:55:39Z INFO [365/500] 0480f98d-478d-4c67-b8b4-aded4884c5f4: valid; 0.8 s; peak memory 3143 MiB.
2026-09-17T20:55:42Z INFO [366/500] 04813a37-9826-4b95-85fa-a213a9109387: valid; 3.1 s; peak memory 3143 MiB.
2026-09-17T20:55:43Z INFO [367/500] 048187a5-619f-4f3a-8d4a-d2e3ac3b1d07: valid; 0.6 s; peak memory 3143 MiB.
2026-09-17T20:55:44Z INFO [368/500] 0481f332-c942-4518-aad9-5a761f771d69: not valid; 0.8 s; peak memory 3143 MiB.
2026-09-17T20:55:45Z INFO [369/500] 0482b28f-b695-4a51-9201-877e307222d7: valid; 1.1 s; peak memory 3143 MiB.
2026-09-17T20:55:46Z INFO [370/500] 04836ffc-226a-46ec-abd0-cfbd48aa1624: valid; 1.4 s; peak memory 3143 MiB.
2026-09-17T20:55:48Z INFO [371/500] 0483777a-bcf7-4cc6-8aa0-07cce35a91ab: valid; 1.6 s; peak memory 3143 MiB.
2026-09-17T20:55:49Z INFO [372/500] 0483c42d-4b81-48c8-83f0-339f43c0f88b: valid; 1.0 s; peak memory 3143 MiB.
2026-09-17T20:55:50Z INFO [373/500] 0483e052-e034-4239-af14-5134d51c31f3: valid; 0.7 s; peak memory 3143 MiB.
2026-09-17T20:55:50Z INFO [374/500] 04847966-b005-4071-8999-ee8be1e9a8d5: valid; 0.4 s; peak memory 3143 MiB.
2026-09-17T20:55:50Z WARNING 04848322-c63e-4f1c-9c83-bcbc4d293f05: failed while retrieving asset information from the DANDI API (NotFoundError: No such Dandiset: 000948)
2026-09-17T20:55:52Z INFO [376/500] 0484ac13-4a4d-416e-90cd-b68143ef644f: valid; 1.7 s; peak memory 3143 MiB.
2026-09-17T20:55:55Z INFO [377/500] 0484bbb8-a786-4cab-afa5-aa546f06b9f5: valid; 3.8 s; peak memory 3143 MiB.
2026-09-17T20:55:57Z INFO [378/500] 04852c54-b2e0-487c-a81a-73fc1e514e91: valid; 1.6 s; peak memory 3143 MiB.
2026-09-17T20:55:58Z INFO [379/500] 048583be-13ac-45fc-b9ca-575a39cba9f2: not valid; 0.7 s; peak memory 3143 MiB.
2026-09-17T20:56:06Z INFO [380/500] 04864bdf-bc56-4b83-9be9-a52af661dcc3: valid; 8.4 s; peak memory 3190 MiB.
2026-09-17T20:56:07Z INFO [381/500] 04866828-7399-44f3-90d6-f4586d9733e7: not valid; 0.9 s; peak memory 3190 MiB.
2026-09-17T20:56:08Z INFO [382/500] 0487fcb8-da2f-4c9d-8f01-efa9f2dc9ac6: not valid; 0.8 s; peak memory 3190 MiB.
2026-09-17T20:56:14Z INFO [383/500] 04886d15-9281-43f6-84a2-589ced84a30e: not valid; 6.3 s; peak memory 3205 MiB.
2026-09-17T20:56:15Z INFO [384/500] 0488c44b-20fe-4749-91e5-6829f533f919: not valid; 0.7 s; peak memory 3206 MiB.
2026-09-17T20:56:24Z INFO [385/500] 0489ee6c-4457-4c23-be6d-ccdc3e2082dd: valid; 9.7 s; peak memory 3251 MiB.
2026-09-17T20:56:25Z INFO [386/500] 048a5dbb-a9c4-41a6-a357-229d9540f957: valid; 0.6 s; peak memory 3252 MiB.
2026-09-17T20:56:26Z INFO [387/500] 048a82fd-c66f-4ac9-98c9-6ed66df4527b: not valid; 1.0 s; peak memory 3253 MiB.
2026-09-17T20:56:27Z INFO [388/500] 048a8909-b2ee-405d-847d-f46aae875049: not valid; 0.7 s; peak memory 3253 MiB.
2026-09-17T20:56:27Z INFO [389/500] 048baa32-9633-4637-89c0-07d35334ade9: not valid; 0.8 s; peak memory 3255 MiB.
2026-09-17T20:56:27Z WARNING 048c1c31-f1fd-4e3b-bc75-10226ee3452a: failed while retrieving asset information from the DANDI API (NotFoundError: No asset at path 'sub-441666/sub-441666_ses-20190514T154424_behavior+ecephys+ogen.nwb' in version 0.231012.2129. Verify the path is correct and the asset exists in this version. Use 'dandi ls' to list available assets.)
2026-09-17T20:56:28Z INFO [391/500] 048d1ee9-83b7-491f-8f02-1ca615b1d455: not valid; 0.7 s; peak memory 3256 MiB.
2026-09-17T20:56:29Z INFO [392/500] 048de6e6-5f4d-47a1-82ce-8e14d0b0618b: valid; 0.7 s; peak memory 3256 MiB.
2026-09-17T20:56:30Z INFO [393/500] 048e4048-b0aa-46cd-91aa-2a179c8700f5: valid; 1.0 s; peak memory 3257 MiB.
2026-09-17T20:56:31Z INFO [394/500] 048e8660-de6e-4887-8a13-d279751ff607: valid; 0.7 s; peak memory 3258 MiB.
2026-09-17T20:56:32Z INFO [395/500] 048efcd2-176e-4a92-a5fe-145b323f3f6e: valid; 1.6 s; peak memory 3258 MiB.
2026-09-17T20:56:33Z INFO [396/500] 048f0bfe-46d6-4b6e-bdcf-4e686a8533ad: not valid; 0.9 s; peak memory 3258 MiB.
2026-09-17T20:56:35Z INFO [397/500] 048f1238-cc46-4d03-a0f7-d45af20d3fa7: not valid; 1.6 s; peak memory 3258 MiB.
2026-09-17T20:56:36Z INFO [398/500] 048f1ac7-c8a6-4cac-8e9c-ff862ca6bf3a: valid; 1.3 s; peak memory 3258 MiB.
2026-09-17T20:56:36Z INFO [399/500] 048ff4c5-dfac-4c6c-976c-6cd95e3a9c97: valid; 0.5 s; peak memory 3258 MiB.
2026-09-17T20:56:46Z INFO [400/500] 048ffc3a-e63f-41ef-9e40-9614ee84810d: valid; 9.7 s; peak memory 3258 MiB.
2026-09-17T20:56:47Z INFO [400/500] 048ffc3a-e63f-41ef-9e40-9614ee84810d: checkpointed 67910 records.
2026-09-17T20:56:48Z INFO [401/500] 04900480-e1f6-4083-8bf2-70e9907fdff3: not valid; 0.8 s; peak memory 3259 MiB.
2026-09-17T20:56:49Z INFO [402/500] 0491234a-08b7-4ab4-a56c-cd262d6fa616: valid; 1.8 s; peak memory 3259 MiB.
2026-09-17T20:56:50Z INFO [403/500] 0491e1eb-1448-49da-aca8-c307bc37ca0e: valid; 1.1 s; peak memory 3259 MiB.
2026-09-17T20:56:52Z INFO [404/500] 04930dff-5f1b-4049-9019-80c77557ae68: valid; 1.6 s; peak memory 3259 MiB.
2026-09-17T20:56:53Z INFO [405/500] 04932298-ae0e-4371-879a-d69326817f47: valid; 1.1 s; peak memory 3259 MiB.
2026-09-17T20:56:54Z INFO [406/500] 049338ab-f70e-45c4-9222-4397c4df4659: valid; 0.9 s; peak memory 3259 MiB.
2026-09-17T20:56:55Z INFO [407/500] 04938132-dba6-4993-aa6f-f539b353b8d3: valid; 0.5 s; peak memory 3259 MiB.
2026-09-17T20:56:55Z INFO [408/500] 04938199-2d97-4545-937e-b6e444cbf21e: not valid; 0.9 s; peak memory 3259 MiB.
2026-09-17T20:56:57Z INFO [409/500] 0493f14e-53a2-432b-8372-8d9ee2a9d8ad: valid; 1.2 s; peak memory 3259 MiB.
2026-09-17T20:56:57Z INFO [410/500] 04941698-8cbb-4cbe-a292-b0fa435fe096: valid; 0.7 s; peak memory 3259 MiB.
2026-09-17T20:56:58Z INFO [411/500] 0494392a-cb4e-4e50-a54f-29ddf76ba336: valid; 0.6 s; peak memory 3259 MiB.
2026-09-17T20:56:58Z INFO [412/500] 049477f3-6ccb-4c78-92e0-3c6dd4c5a587: valid; 0.5 s; peak memory 3259 MiB.
2026-09-17T20:56:59Z INFO [413/500] 049483e4-6692-4eb3-b18e-f4588e781d6d: valid; 0.6 s; peak memory 3259 MiB.
2026-09-17T20:57:03Z INFO [414/500] 0494b938-d58e-471d-8166-619236a82764: valid; 3.6 s; peak memory 3259 MiB.
2026-09-17T20:57:03Z INFO [415/500] 04952fb1-e267-4b52-8f0b-193e33c8cffe: valid; 0.6 s; peak memory 3259 MiB.
2026-09-17T20:57:04Z INFO [416/500] 04956cfb-2d83-440a-9ae4-ee0ef222115b: valid; 0.7 s; peak memory 3259 MiB.
2026-09-17T20:57:05Z INFO [417/500] 0495a033-bd98-4fd3-b482-34777d70f300: valid; 1.6 s; peak memory 3259 MiB.
2026-09-17T20:57:06Z WARNING 0495b56c-a72b-40d5-96bb-1d60cf4b3380: failed while opening the NWB file (ConstructError: (root/acquisition/event_code_meanings GroupBuilder {'attributes': {'colnames': array(['value', 'meaning'], dtype=object), 'description': 'Mapping integer event codes to event labels', 'namespace': 'ndx-events', 'neurodata_type': 'MeaningsTable', 'object_id': 'cf63bc5d-37e5-4ef7-91fb-5cac2d9cb5cd'}, 'groups': {}, 'datasets': {'id': root/acquisition/event_code_meanings/id DatasetBuilder {'attributes': {'namespace': 'hdmf-common', 'neurodata_type': 'ElementIdentifiers', 'object_id': '640fc174-af42-450c-850c-6de2546fb3ba'}, 'data': <HDF5 dataset "id": shape (26,), type "<i8">}, 'meaning': root/acquisition/event_code_meanings/meaning DatasetBuilder {'attributes': {'description': 'The meaning of the value in the parent CategoricalVectorData object.', 'namespace': 'hdmf-experimental', 'neurodata_type': 'VectorData', 'object_id': 'fccb9330-843c-4afa-9d3e-fc3f2099fd1f'}, 'data': <StrDataset for HDF5 dataset "meaning": shape (26,), type "|O">}, 'value': root/acquisition/event_code_meanings/value DatasetBuilder {'attributes': {'description': 'The value of the parent CategoricalVectorData object.', 'namespace': 'hdmf-experimental', 'neurodata_type': 'VectorData', 'object_id': '6dfd10f1-3553-4ad0-afda-b9ba3124e61c'}, 'data': <HDF5 dataset "value": shape (26,), type "<i8">}}, 'links': {}}, "Could not construct MeaningsTable object due to: MeaningsTable.__init__: missing argument 'target'"))
2026-09-17T20:57:08Z INFO [419/500] 0495fcf4-5fe5-4fb7-939c-6de520f1829f: valid; 1.2 s; peak memory 3259 MiB.
2026-09-17T20:57:08Z INFO [420/500] 04967863-4068-4458-af52-296169912001: valid; 0.6 s; peak memory 3259 MiB.
2026-09-17T20:57:09Z INFO [421/500] 04967f06-d87f-450d-bd6a-f8e1997437f4: not valid; 0.7 s; peak memory 3259 MiB.
2026-09-17T20:57:10Z INFO [422/500] 0496edd0-5496-4331-ba0c-09ef760f1601: valid; 1.6 s; peak memory 3259 MiB.
2026-09-17T20:57:13Z INFO [423/500] 0497ba1e-4f2a-43f7-bbcb-b0ecd38fa55a: valid; 2.6 s; peak memory 3259 MiB.
2026-09-17T20:57:16Z INFO [424/500] 04985a6e-18d6-45da-856b-3218c1573b4b: valid; 2.6 s; peak memory 3259 MiB.
2026-09-17T20:57:16Z INFO [425/500] 0498bc63-db86-4877-9dea-c765ccf3739b: not valid; 0.8 s; peak memory 3259 MiB.
2026-09-17T20:57:28Z INFO [426/500] 0499369f-30f8-4606-9bb1-f8cc748e4c6e: valid; 11.3 s; peak memory 3277 MiB.
2026-09-17T20:57:29Z INFO [427/500] 04994aba-37f7-4eab-816b-d197ccd4fae8: valid; 1.3 s; peak memory 3278 MiB.
2026-09-17T20:57:30Z INFO [428/500] 049a23cb-6566-4fc2-a7b7-77876cbcc832: valid; 0.8 s; peak memory 3281 MiB.
2026-09-17T20:57:31Z INFO [429/500] 049addad-049a-47a3-a6f2-22aa33231c8a: valid; 1.4 s; peak memory 3284 MiB.
2026-09-17T20:57:35Z INFO [430/500] 049ba313-4151-4249-aca6-fa5f0cc70ca4: not valid; 4.3 s; peak memory 3284 MiB.
2026-09-17T20:57:37Z INFO [431/500] 049ba9e8-5330-4544-8440-6afe3f7a272f: valid; 1.5 s; peak memory 3284 MiB.
2026-09-17T20:57:39Z INFO [432/500] 049cccfb-8cc5-4803-a0a1-9844b5aa669d: valid; 1.6 s; peak memory 3284 MiB.
2026-09-17T20:57:51Z INFO [433/500] 049d0531-29ef-47e6-88f7-6a6f9d698ec2: valid; 12.2 s; peak memory 3284 MiB.
2026-09-17T20:57:55Z INFO [434/500] 049ebd25-e8ae-41c2-bd4f-0f3adbea6851: valid; 4.0 s; peak memory 3284 MiB.
2026-09-17T20:57:56Z INFO [435/500] 049f0f4a-053d-407d-88f2-48897b778513: not valid; 1.2 s; peak memory 3284 MiB.
2026-09-17T20:57:57Z INFO [436/500] 049fe6a3-1641-4414-b995-05b598e6589e: not valid; 0.9 s; peak memory 3284 MiB.
2026-09-17T20:57:57Z INFO [437/500] 04a0ebf9-e9a5-4c73-8dc7-a84113de2aa9: valid; 0.5 s; peak memory 3284 MiB.
2026-09-17T20:58:05Z INFO [438/500] 04a11430-2282-47a2-b953-e5a21ee6cd5c: valid; 7.3 s; peak memory 3290 MiB.
2026-09-17T20:58:07Z INFO [439/500] 04a12db4-f58b-4037-8773-609ae455ca5b: valid; 2.6 s; peak memory 3295 MiB.
2026-09-17T20:58:08Z INFO [440/500] 04a1a764-8f16-44ba-b00c-2adc1d7dd26f: valid; 0.7 s; peak memory 3296 MiB.
2026-09-17T20:58:09Z INFO [441/500] 04a23a7c-ccbb-4e0b-af0a-26acd53e8f93: valid; 0.7 s; peak memory 3297 MiB.
2026-09-17T20:58:11Z INFO [442/500] 04a252e3-e0d0-4fff-bbf1-09d708584399: not valid; 2.0 s; peak memory 3299 MiB.
2026-09-17T20:58:12Z INFO [443/500] 04a26e2c-3ec0-4fa7-a224-f9dfa0900d50: valid; 1.0 s; peak memory 3301 MiB.
2026-09-17T20:58:14Z INFO [444/500] 04a2c312-a0f9-4cbb-9ffc-febc8da3f7ab: not valid; 2.4 s; peak memory 3304 MiB.
2026-09-17T20:58:24Z INFO [445/500] 04a2c7fe-5222-4691-9a24-f92f4d8fb320: valid; 9.9 s; peak memory 3327 MiB.
2026-09-17T20:58:25Z INFO [446/500] 04a329b2-e20c-43f7-bb3c-2e622a1a8fc8: not valid; 1.1 s; peak memory 3329 MiB.
2026-09-17T20:58:25Z INFO [447/500] 04a36723-13d6-4690-818d-95697c61589b: valid; 0.5 s; peak memory 3330 MiB.
2026-09-17T20:58:26Z INFO [448/500] 04a36ef7-e745-4e09-9f09-f2d8b076c770: valid; 0.7 s; peak memory 3331 MiB.
2026-09-17T20:58:27Z INFO [449/500] 04a41659-fa1e-4faf-937d-f4af03ae1376: valid; 0.6 s; peak memory 3331 MiB.
2026-09-17T20:58:29Z INFO [450/500] 04a491f8-7c05-4115-9abc-071d506f92aa: not valid; 2.3 s; peak memory 3334 MiB.
2026-09-17T20:58:29Z INFO [450/500] 04a491f8-7c05-4115-9abc-071d506f92aa: checkpointed 67960 records.
2026-09-17T20:58:31Z INFO [451/500] 04a56c72-ad39-4ada-82e9-bde9bc6b7679: valid; 1.9 s; peak memory 3339 MiB.
2026-09-17T20:58:32Z INFO [452/500] 04a57a5d-5242-4d4b-ad26-e6b28c400726: not valid; 0.8 s; peak memory 3339 MiB.
2026-09-17T20:58:41Z INFO [453/500] 04a5d7a9-c944-47ff-9dba-537b4a3b2c51: not valid; 8.5 s; peak memory 3346 MiB.
2026-09-17T20:58:42Z INFO [454/500] 04a5e048-eb8b-4434-b500-934bc3f09f5b: valid; 1.5 s; peak memory 3351 MiB.
2026-09-17T20:58:44Z INFO [455/500] 04a5ea2d-45e1-4688-bab1-ef15e0d1fc5d: valid; 1.5 s; peak memory 3353 MiB.
2026-09-17T20:58:45Z INFO [456/500] 04a5faa8-2958-47ea-83e9-9a61a71402ab: valid; 0.9 s; peak memory 3353 MiB.
2026-09-17T20:58:45Z INFO [457/500] 04a6dbd4-140a-420f-8bae-4092026a4297: valid; 0.9 s; peak memory 3357 MiB.
2026-09-17T20:58:46Z INFO [458/500] 04a884d5-5695-4e15-a6a9-c15e8294e334: valid; 0.9 s; peak memory 3358 MiB.
2026-09-17T20:58:51Z INFO [459/500] 04a89d7c-93e2-4f95-aa0b-0403c654a34d: not valid; 4.7 s; peak memory 3422 MiB.
2026-09-17T20:58:51Z INFO [460/500] 04a9b999-8364-4280-99c8-4feda2db2689: valid; 0.5 s; peak memory 3423 MiB.
2026-09-17T20:59:03Z INFO [461/500] 04aa0f2c-8ae1-450d-8b7a-b25055cd065e: not valid; 11.4 s; peak memory 3487 MiB.
2026-09-17T20:59:04Z INFO [462/500] 04aa28d7-a72e-406d-b7be-60f910771698: valid; 1.3 s; peak memory 3487 MiB.
2026-09-17T20:59:06Z INFO [463/500] 04aa438b-4ce9-4c16-8200-295194b362ba: valid; 1.6 s; peak memory 3487 MiB.
2026-09-17T20:59:08Z INFO [464/500] 04aa495c-ad88-43de-b804-d60b871ae10e: not valid; 1.9 s; peak memory 3497 MiB.
2026-09-17T20:59:09Z INFO [465/500] 04aab2f3-5e7a-46c0-8475-a40a6a057fc8: valid; 0.9 s; peak memory 3497 MiB.
2026-09-17T20:59:09Z INFO [466/500] 04ab20c9-2255-4a64-b51b-409eaead59a2: not valid; 0.9 s; peak memory 3497 MiB.
2026-09-17T20:59:14Z INFO [467/500] 04ab5bbf-d200-4027-8235-0f6238e6db92: valid; 4.4 s; peak memory 3502 MiB.
2026-09-17T20:59:14Z INFO [468/500] 04ab6a43-aff1-4fe1-9647-aea5fe556bde: valid; 0.6 s; peak memory 3502 MiB.
2026-09-17T20:59:15Z INFO [469/500] 04ab895d-ffce-45be-931e-9e06e38a116a: not valid; 0.7 s; peak memory 3502 MiB.
2026-09-17T20:59:17Z INFO [470/500] 04ac02dc-865e-4d69-ad2f-d81f7bc52ff0: not valid; 2.3 s; peak memory 3502 MiB.
2026-09-17T20:59:18Z INFO [471/500] 04ac04e6-303c-4a04-886d-d0539e432228: valid; 1.1 s; peak memory 3502 MiB.
2026-09-17T20:59:23Z INFO [472/500] 04acd451-82d2-46f8-9758-25a43c6cc80b: not valid; 4.5 s; peak memory 3522 MiB.
2026-09-17T20:59:24Z WARNING 04acf350-62be-49a8-a1be-1d0d5e9287f0: failed while opening the NWB file (ConstructError: (root/acquisition/_iblmic_audioSpectrogram/bands GroupBuilder {'attributes': {'colnames': array(['freq'], dtype=object), 'description': 'spectogram frequencies', 'namespace': 'core', 'neurodata_type': 'FrequencyBandsTable', 'object_id': '1a4c97ef-eefe-4c5b-bb75-4d66c7228c58'}, 'groups': {}, 'datasets': {'freq': root/acquisition/_iblmic_audioSpectrogram/bands/freq DatasetBuilder {'attributes': {'description': 'frequency value', 'namespace': 'hdmf-common', 'neurodata_type': 'VectorData', 'object_id': '8d654a09-f6f8-4e9b-9921-261e2d4159e6'}, 'data': <HDF5 dataset "freq": shape (257,), type "<f4">}, 'id': root/acquisition/_iblmic_audioSpectrogram/bands/id DatasetBuilder {'attributes': {'namespace': 'hdmf-common', 'neurodata_type': 'ElementIdentifiers', 'object_id': '679ddc97-969d-4594-b284-525b4caa3f21'}, 'data': <HDF5 dataset "id": shape (257,), type "<i4">}}, 'links': {}}, "Could not construct FrequencyBandsTable object due to: column must have the same number of rows as 'id'"))
2026-09-17T20:59:25Z INFO [474/500] 04ad4867-c26e-4300-99a8-cf775a96074f: valid; 0.7 s; peak memory 3524 MiB.
2026-09-17T20:59:25Z INFO [475/500] 04ad613d-3c78-4b3d-8de2-53aa9f2a5133: valid; 0.6 s; peak memory 3524 MiB.
2026-09-17T20:59:27Z INFO [476/500] 04ae398a-4477-4c10-a7fd-f3cf13d5b632: valid; 1.4 s; peak memory 3530 MiB.
2026-09-17T20:59:28Z INFO [477/500] 04ae815e-f3e7-40e4-b79d-e03a2bff86db: valid; 1.1 s; peak memory 3536 MiB.
2026-09-17T20:59:29Z INFO [478/500] 04aecdc6-5f26-41f9-a67c-1cbccf3085f2: not valid; 1.3 s; peak memory 3567 MiB.
2026-09-17T20:59:29Z WARNING 04aef34f-7772-46f0-9a72-d794a99979eb: failed while retrieving asset information from the DANDI API (NotFoundError: No asset at path 'sub-healthy-simulated-lfp/sub-healthy-simulated-lfp_ses-2358_ecephys.nwb' in version 0.250327.2220. Verify the path is correct and the asset exists in this version. Use 'dandi ls' to list available assets.)
2026-09-17T20:59:30Z INFO [480/500] 04af4785-a913-4c6a-ab46-eef6acaa692c: not valid; 1.0 s; peak memory 3567 MiB.
2026-09-17T20:59:31Z INFO [481/500] 04b01347-65d8-44f4-accd-ea8580a611e5: not valid; 0.7 s; peak memory 3567 MiB.
2026-09-17T20:59:33Z INFO [482/500] 04b06fa3-ee62-4990-8945-2a8bda0552c4: valid; 2.0 s; peak memory 3567 MiB.
2026-09-17T20:59:36Z INFO [483/500] 04b107df-b513-4358-8888-61741bf77253: not valid; 3.6 s; peak memory 3567 MiB.
2026-09-17T20:59:37Z INFO [484/500] 04b1169b-5914-407b-999a-101895316faa: not valid; 1.2 s; peak memory 3567 MiB.
2026-09-17T20:59:38Z INFO [485/500] 04b16d63-c704-4e4e-a267-cf507bff60cf: valid; 0.9 s; peak memory 3567 MiB.
2026-09-17T20:59:39Z INFO [486/500] 04b1c815-e1bc-41e8-b297-1464cdf52407: valid; 0.8 s; peak memory 3567 MiB.
2026-09-17T20:59:41Z INFO [487/500] 04b26644-5c62-4615-a4f3-6925c332be11: valid; 1.7 s; peak memory 3567 MiB.
2026-09-17T20:59:42Z INFO [488/500] 04b266b5-528d-4eb8-9d63-008adcbd81ae: valid; 1.3 s; peak memory 3567 MiB.
2026-09-17T20:59:43Z INFO [489/500] 04b2da74-bb11-488e-a0bb-37672b38c199: valid; 0.7 s; peak memory 3567 MiB.
2026-09-17T20:59:44Z INFO [490/500] 04b2f716-0e24-4aae-987d-967bdfaa09ab: valid; 1.1 s; peak memory 3567 MiB.
2026-09-17T20:59:45Z INFO [491/500] 04b34ab5-e052-4bc3-97f8-5d956578c576: valid; 0.6 s; peak memory 3567 MiB.
2026-09-17T20:59:45Z WARNING 04b3d175-fab8-48ed-ba33-037f23efdf8b: failed while opening the NWB file (ConstructError: (root/acquisition/_iblmic_audioSpectrogram/bands GroupBuilder {'attributes': {'colnames': array(['freq'], dtype=object), 'description': 'spectogram frequencies', 'namespace': 'core', 'neurodata_type': 'FrequencyBandsTable', 'object_id': '8ee71398-455a-4616-8b66-4d580c2e007d'}, 'groups': {}, 'datasets': {'freq': root/acquisition/_iblmic_audioSpectrogram/bands/freq DatasetBuilder {'attributes': {'description': 'frequency value', 'namespace': 'hdmf-common', 'neurodata_type': 'VectorData', 'object_id': 'fd2aab1e-318e-40fa-bdde-a75061d01a91'}, 'data': <HDF5 dataset "freq": shape (257,), type "<f4">}, 'id': root/acquisition/_iblmic_audioSpectrogram/bands/id DatasetBuilder {'attributes': {'namespace': 'hdmf-common', 'neurodata_type': 'ElementIdentifiers', 'object_id': '9c992b03-dc42-4f0f-ae26-4f0afbc273b5'}, 'data': <HDF5 dataset "id": shape (257,), type "<i4">}}, 'links': {}}, "Could not construct FrequencyBandsTable object due to: column must have the same number of rows as 'id'"))
2026-09-17T20:59:46Z INFO [493/500] 04b46447-3c27-4b1d-9f16-09da6932fbe7: valid; 1.0 s; peak memory 3567 MiB.
2026-09-17T20:59:50Z INFO [494/500] 04b4b1ef-4c85-4d01-b7f1-b605f275797b: not valid; 3.9 s; peak memory 3567 MiB.
2026-09-17T20:59:50Z WARNING 04b4bf25-5ac1-41ec-a6f0-d49cf7d3474c: failed while retrieving asset information from the DANDI API (NotFoundError: No asset at path 'sub-460432/sub-460432_ses-20191218T111453_behavior+ecephys+ogen.nwb' in version 0.231012.2129. Verify the path is correct and the asset exists in this version. Use 'dandi ls' to list available assets.)
2026-09-17T20:59:51Z INFO [496/500] 04b57191-d0fd-4692-a9c0-8d1ee3652f66: valid; 1.0 s; peak memory 3567 MiB.
2026-09-17T20:59:55Z INFO [497/500] 04b581eb-0ad7-4f9a-8283-a3455367f83c: valid; 3.6 s; peak memory 3586 MiB.
2026-09-17T21:01:15Z INFO [498/500] 04b58283-814c-40e7-bdd6-7bea45ad5f38: not valid; 79.8 s; peak memory 4251 MiB.
2026-09-17T21:01:16Z INFO [499/500] 04b5fded-7126-4fe9-b7d5-531d769e90f3: not valid; 1.0 s; peak memory 4253 MiB.
2026-09-17T21:01:17Z INFO [500/500] 04b60a86-3ff8-48f0-a77d-f88c36eceeb4: valid; 1.4 s; peak memory 4254 MiB.
2026-09-17T21:01:18Z INFO [500/500] 04b60a86-3ff8-48f0-a77d-f88c36eceeb4: checkpointed 68010 records.
2026-09-17T21:01:18Z INFO Wrote 68010 records to /tmp/derivatives/content_id_to_valid_nwb_file.jsonl (476 new, 24 failed) in 19.5 min (peak memory 4255 MiB).
