2026-09-21T21:18:46Z INFO Logging to /tmp/logs/update_2026-09-21T21-18-46Z.log.
2026-09-21T21:18:46Z INFO Update content-id-to-valid-nwb-file (base directory /tmp).
2026-09-21T21:18:49Z INFO Processing 500 items (73510 already recorded).
2026-09-21T21:18:59Z INFO [1/500] 0d3cd2fa-bc9d-4683-a422-484e6925a00a: valid; 10.6 s; peak memory 397 MiB.
2026-09-21T21:19:02Z INFO [2/500] 0d3cf2bf-4a7a-4aba-bfec-b56a3abccb08: valid; 3.1 s; peak memory 421 MiB.
2026-09-21T21:19:04Z INFO [3/500] 0d3d0b21-cf46-4ce6-8482-4125da5a32be: valid; 1.4 s; peak memory 423 MiB.
2026-09-21T21:19:13Z INFO [4/500] 0d3d6ea2-5d67-43cc-98c0-c7a8b8ba8fab: valid; 9.5 s; peak memory 749 MiB.
2026-09-21T21:19:15Z INFO [5/500] 0d3e5b27-26e2-46c3-bed6-947dc3cc5d58: valid; 2.0 s; peak memory 749 MiB.
2026-09-21T21:19:18Z INFO [6/500] 0d3e7993-ae4d-49f4-9f05-d72dd2fcc6aa: valid; 2.5 s; peak memory 749 MiB.
2026-09-21T21:19:20Z INFO [7/500] 0d3ec053-bfe8-4fb7-a848-86bd79c00e07: valid; 2.1 s; peak memory 749 MiB.
2026-09-21T21:19:23Z INFO [8/500] 0d3f3dd9-49c7-472b-b9e8-851e50465d7a: valid; 2.7 s; peak memory 749 MiB.
2026-09-21T21:19:25Z INFO [9/500] 0d3fe92b-c9c2-4893-9af4-19e24437eeb3: not valid; 2.0 s; peak memory 749 MiB.
2026-09-21T21:19:26Z INFO [10/500] 0d3feade-020d-406f-933e-58331014baaf: valid; 1.5 s; peak memory 749 MiB.
2026-09-21T21:19:27Z INFO [11/500] 0d3ff12c-3460-42b1-83c8-f8379f012899: valid; 1.4 s; peak memory 749 MiB.
2026-09-21T21:19:49Z INFO [12/500] 0d40a8c1-2f8f-495c-83f6-fb752dce11ba: valid; 21.9 s; peak memory 828 MiB.
2026-09-21T21:19:51Z INFO [13/500] 0d412b08-e2f4-40bc-8895-47a28f651f0d: valid; 1.4 s; peak memory 828 MiB.
2026-09-21T21:19:52Z INFO [14/500] 0d413e18-1851-42f4-bfdb-f5df0c361788: valid; 1.0 s; peak memory 828 MiB.
2026-09-21T21:19:56Z INFO [15/500] 0d41c2c7-dba3-40ef-adf2-1caf2f9db980: not valid; 4.2 s; peak memory 828 MiB.
2026-09-21T21:19:58Z INFO [16/500] 0d41c93d-597e-4e8a-afea-2d7fb920a21b: valid; 1.7 s; peak memory 828 MiB.
2026-09-21T21:19:59Z INFO [17/500] 0d41d21b-8dff-40aa-9164-3ac31364ddba: valid; 1.2 s; peak memory 828 MiB.
2026-09-21T21:20:01Z INFO [18/500] 0d42ae14-3260-4575-ba81-a2a14ce9bd72: valid; 2.6 s; peak memory 828 MiB.
2026-09-21T21:20:05Z INFO [19/500] 0d42dd2b-ae4e-45d9-81ca-ba87087b6eb0: valid; 3.3 s; peak memory 838 MiB.
2026-09-21T21:20:07Z INFO [20/500] 0d43981b-5585-47fe-b5b4-d89130ae7885: valid; 1.9 s; peak memory 851 MiB.
2026-09-21T21:20:08Z INFO [21/500] 0d43c1aa-11fc-4a3c-8529-fc4f38088346: valid; 1.3 s; peak memory 855 MiB.
2026-09-21T21:20:09Z INFO [22/500] 0d43ca14-f581-45ae-a72b-be08cc3f5430: valid; 1.3 s; peak memory 857 MiB.
2026-09-21T21:20:12Z INFO [23/500] 0d43d854-e826-4ef5-855e-b9f8219a5b99: valid; 2.7 s; peak memory 861 MiB.
2026-09-21T21:20:15Z INFO [24/500] 0d43e0fe-a725-426e-8913-d87458a09d9e: valid; 3.1 s; peak memory 861 MiB.
2026-09-21T21:20:16Z INFO [25/500] 0d4409a7-19f5-46f2-bcb8-909ef27ef8b9: valid; 1.3 s; peak memory 861 MiB.
2026-09-21T21:20:19Z INFO [26/500] 0d4419b9-1003-4033-89c3-031388e19bc7: valid; 3.1 s; peak memory 861 MiB.
2026-09-21T21:20:21Z INFO [27/500] 0d44b44a-5fe5-456d-ae1a-567e7511512d: valid; 2.0 s; peak memory 861 MiB.
2026-09-21T21:20:22Z INFO [28/500] 0d44e726-1757-44d1-a7e9-2eb8a01ee7de: valid; 1.2 s; peak memory 861 MiB.
2026-09-21T21:20:25Z WARNING 0d44ef7f-3b70-4fd4-b5a0-7c21e8a1927a: failed while opening the NWB file (ConstructError: (root/acquisition/_iblmic_audioSpectrogram/bands GroupBuilder {'attributes': {'colnames': array(['freq'], dtype=object), 'description': 'spectogram frequencies', 'namespace': 'core', 'neurodata_type': 'FrequencyBandsTable', 'object_id': '9d13b975-0421-43b1-aa25-5c301710ed73'}, 'groups': {}, 'datasets': {'freq': root/acquisition/_iblmic_audioSpectrogram/bands/freq DatasetBuilder {'attributes': {'description': 'frequency value', 'namespace': 'hdmf-common', 'neurodata_type': 'VectorData', 'object_id': 'dbcb8dda-61bf-40a2-85ca-04ff4083b412'}, 'data': <HDF5 dataset "freq": shape (257,), type "<f4">}, 'id': root/acquisition/_iblmic_audioSpectrogram/bands/id DatasetBuilder {'attributes': {'namespace': 'hdmf-common', 'neurodata_type': 'ElementIdentifiers', 'object_id': '178cfe78-1598-4519-b430-37ea006f0b5f'}, 'data': <HDF5 dataset "id": shape (257,), type "<i4">}}, 'links': {}}, "Could not construct FrequencyBandsTable object due to: column must have the same number of rows as 'id'"))
2026-09-21T21:20:26Z INFO [30/500] 0d454685-1a90-4064-9689-e2e09a9b2f2a: valid; 1.2 s; peak memory 861 MiB.
2026-09-21T21:20:28Z INFO [31/500] 0d4562c3-1111-4d7c-bb6b-ae2fa7963f57: not valid; 1.7 s; peak memory 861 MiB.
2026-09-21T21:20:30Z INFO [32/500] 0d45a360-35e3-4209-afc4-490af62c5bab: valid; 2.4 s; peak memory 864 MiB.
2026-09-21T21:20:32Z INFO [33/500] 0d464b01-a147-4714-a312-3ed6e7d102a5: valid; 2.1 s; peak memory 867 MiB.
2026-09-21T21:20:33Z INFO [34/500] 0d466f54-092b-455a-bf41-ea9c74f649ab: valid; 1.0 s; peak memory 867 MiB.
2026-09-21T21:20:36Z INFO [35/500] 0d46ba64-2b35-4ac6-975e-9500b5bfd28f: valid; 2.7 s; peak memory 868 MiB.
2026-09-21T21:20:42Z INFO [36/500] 0d46d308-59ad-4a9d-986e-75e06d7fd0dc: valid; 6.3 s; peak memory 868 MiB.
2026-09-21T21:20:43Z INFO [37/500] 0d471d06-8131-40cc-a66b-a46ca0ca8adc: valid; 1.2 s; peak memory 868 MiB.
2026-09-21T21:21:04Z INFO [38/500] 0d47b0cc-c48c-4003-b56b-78024806cad3: valid; 20.5 s; peak memory 868 MiB.
2026-09-21T21:21:06Z INFO [39/500] 0d480acf-7008-418d-850e-6484ba4f0738: not valid; 2.2 s; peak memory 868 MiB.
2026-09-21T21:21:11Z INFO [40/500] 0d49ffba-a3b0-46f7-87cf-ad2148f00c19: not valid; 5.0 s; peak memory 868 MiB.
2026-09-21T21:21:12Z INFO [41/500] 0d4a7416-6707-46bb-aa87-4743140373ca: valid; 1.2 s; peak memory 868 MiB.
2026-09-21T21:21:14Z INFO [42/500] 0d4bcd2a-0bbc-4237-99bf-2a6b432835cd: not valid; 1.5 s; peak memory 868 MiB.
2026-09-21T21:21:15Z INFO [43/500] 0d4c22fb-a872-446f-83e6-bbb11fc5d775: valid; 1.6 s; peak memory 868 MiB.
2026-09-21T21:21:20Z INFO [44/500] 0d4c4857-782d-4a50-8e6a-a3e32343116f: valid; 4.7 s; peak memory 873 MiB.
2026-09-21T21:21:21Z INFO [45/500] 0d4d7f10-9b8e-4d76-9b5f-aeeeead2b515: valid; 1.2 s; peak memory 873 MiB.
2026-09-21T21:21:30Z INFO [46/500] 0d4dbf5d-1a7f-4c44-bf02-bd87080a9769: valid; 9.1 s; peak memory 899 MiB.
2026-09-21T21:21:33Z INFO [47/500] 0d4de07d-4204-4c02-b807-6efd612dc0c4: valid; 2.7 s; peak memory 902 MiB.
2026-09-21T21:21:34Z INFO [48/500] 0d4e36a7-7de0-4b3d-9b86-ad5f425db3bd: valid; 1.5 s; peak memory 907 MiB.
2026-09-21T21:21:36Z INFO [49/500] 0d4e3f27-47dc-4c0f-a841-114976c73004: not valid; 2.2 s; peak memory 909 MiB.
2026-09-21T21:21:37Z INFO [50/500] 0d4eedd7-9c1d-4f9a-9473-6e141a048107: valid; 1.0 s; peak memory 909 MiB.
2026-09-21T21:21:38Z INFO [50/500] 0d4eedd7-9c1d-4f9a-9473-6e141a048107: checkpointed 73560 records.
2026-09-21T21:21:40Z INFO [51/500] 0d4efb74-4913-41fa-b888-ad771ca92886: valid; 1.9 s; peak memory 909 MiB.
2026-09-21T21:21:45Z INFO [52/500] 0d4f79fe-23e9-4e4a-96f8-0a26b96d6663: valid; 5.0 s; peak memory 909 MiB.
2026-09-21T21:21:47Z INFO [53/500] 0d4ffccb-2ff3-44c4-8d4b-13ce78b3a30f: valid; 2.3 s; peak memory 909 MiB.
2026-09-21T21:21:49Z INFO [54/500] 0d5047bb-e400-4731-9f48-ea7d884fa1dc: valid; 1.9 s; peak memory 909 MiB.
2026-09-21T21:21:52Z INFO [55/500] 0d507847-fc43-4ad3-a749-e7d25798caf2: valid; 3.0 s; peak memory 909 MiB.
2026-09-21T21:21:54Z WARNING 0d52223a-d173-4a2c-a069-9bd773e5da2b: failed while opening the NWB file (ConstructError: (root/acquisition/event_code_meanings GroupBuilder {'attributes': {'colnames': array(['value', 'meaning'], dtype=object), 'description': 'Mapping integer event codes to event labels', 'namespace': 'ndx-events', 'neurodata_type': 'MeaningsTable', 'object_id': 'd3b498fa-9bf8-4ba3-8515-0767966a1c93'}, 'groups': {}, 'datasets': {'id': root/acquisition/event_code_meanings/id DatasetBuilder {'attributes': {'namespace': 'hdmf-common', 'neurodata_type': 'ElementIdentifiers', 'object_id': '402a1331-41c5-4643-aafb-983343fc3bb0'}, 'data': <HDF5 dataset "id": shape (26,), type "<i8">}, 'meaning': root/acquisition/event_code_meanings/meaning DatasetBuilder {'attributes': {'description': 'The meaning of the value in the parent CategoricalVectorData object.', 'namespace': 'hdmf-experimental', 'neurodata_type': 'VectorData', 'object_id': '0963d1cf-ce10-4fa3-a092-0ab4a970f18a'}, 'data': <StrDataset for HDF5 dataset "meaning": shape (26,), type "|O">}, 'value': root/acquisition/event_code_meanings/value DatasetBuilder {'attributes': {'description': 'The value of the parent CategoricalVectorData object.', 'namespace': 'hdmf-experimental', 'neurodata_type': 'VectorData', 'object_id': 'd3b642a3-716f-43cf-a42f-212df9eccf2f'}, 'data': <HDF5 dataset "value": shape (26,), type "<i8">}}, 'links': {}}, "Could not construct MeaningsTable object due to: MeaningsTable.__init__: missing argument 'target'"))
2026-09-21T21:21:56Z WARNING 0d525b7f-4469-4065-bf6b-41796c656d35: failed while opening the NWB file (ConstructError: (root/acquisition/_iblmic_audioSpectrogram/bands GroupBuilder {'attributes': {'colnames': array(['freq'], dtype=object), 'description': 'spectogram frequencies', 'namespace': 'core', 'neurodata_type': 'FrequencyBandsTable', 'object_id': '77b67c53-d608-415c-8c03-610b076840d2'}, 'groups': {}, 'datasets': {'freq': root/acquisition/_iblmic_audioSpectrogram/bands/freq DatasetBuilder {'attributes': {'description': 'frequency value', 'namespace': 'hdmf-common', 'neurodata_type': 'VectorData', 'object_id': '4b68bd2c-bd98-4f4e-9416-e40ded88b7ff'}, 'data': <HDF5 dataset "freq": shape (257,), type "<f4">}, 'id': root/acquisition/_iblmic_audioSpectrogram/bands/id DatasetBuilder {'attributes': {'namespace': 'hdmf-common', 'neurodata_type': 'ElementIdentifiers', 'object_id': '5090ff0b-ce07-4cc2-a409-bbfc4dbd6b46'}, 'data': <HDF5 dataset "id": shape (257,), type "<i4">}}, 'links': {}}, "Could not construct FrequencyBandsTable object due to: column must have the same number of rows as 'id'"))
2026-09-21T21:21:58Z INFO [58/500] 0d52835e-ac9e-401f-acd9-9bd480ab8bf5: valid; 2.4 s; peak memory 915 MiB.
2026-09-21T21:22:00Z INFO [59/500] 0d52a312-73a4-44e1-b026-d401b2e71d67: valid; 1.4 s; peak memory 915 MiB.
2026-09-21T21:22:01Z INFO [60/500] 0d52b65a-b992-4e25-add8-917196367945: valid; 1.3 s; peak memory 915 MiB.
2026-09-21T21:22:04Z INFO [61/500] 0d52c8d7-8cfc-4a7a-90ed-9bfacaee05a5: not valid; 3.4 s; peak memory 915 MiB.
2026-09-21T21:22:16Z INFO [62/500] 0d53bd68-c5a3-4c38-8125-59d2e1c5d94e: valid; 11.9 s; peak memory 949 MiB.
2026-09-21T21:22:18Z INFO [63/500] 0d53e95c-bc20-4c54-894d-5695f80ce484: valid; 1.7 s; peak memory 951 MiB.
2026-09-21T21:22:19Z INFO [64/500] 0d5422e8-c673-46fd-ad26-3c6d55c3f5e9: valid; 1.1 s; peak memory 952 MiB.
2026-09-21T21:22:20Z INFO [65/500] 0d5430f7-94e6-43eb-a837-3386dbc04a07: valid; 1.2 s; peak memory 952 MiB.
2026-09-21T21:22:21Z INFO [66/500] 0d548c7e-c0fe-4ba4-98eb-6fa8e1a3d065: valid; 1.2 s; peak memory 952 MiB.
2026-09-21T21:22:23Z INFO [67/500] 0d54f6ed-fbca-4a51-8e00-d37da1382b10: not valid; 1.4 s; peak memory 954 MiB.
2026-09-21T21:22:25Z INFO [68/500] 0d55c60e-2435-4312-9352-c7cc8f5e8fed: valid; 1.8 s; peak memory 958 MiB.
2026-09-21T21:22:28Z INFO [69/500] 0d55eea9-0994-425a-87db-139f58cd2dfd: valid; 3.0 s; peak memory 958 MiB.
2026-09-21T21:22:30Z INFO [70/500] 0d560d51-3058-4f65-874b-d12ee1f10678: valid; 2.3 s; peak memory 958 MiB.
2026-09-21T21:23:43Z INFO [71/500] 0d56407b-474b-4203-94d2-c2dfdb9dd119: not valid; 73.4 s; peak memory 1066 MiB.
2026-09-21T21:23:47Z INFO [72/500] 0d564c13-a784-4aec-b70c-fb41d6d52283: valid; 3.1 s; peak memory 1073 MiB.
2026-09-21T21:23:49Z INFO [73/500] 0d572355-f7a7-473f-8fbe-fec648d8fcd7: valid; 2.4 s; peak memory 1095 MiB.
2026-09-21T21:23:51Z INFO [74/500] 0d5738dd-9eae-4ae0-b242-ebcc80743698: not valid; 2.0 s; peak memory 1095 MiB.
2026-09-21T21:23:53Z INFO [75/500] 0d57d173-410c-495e-8084-9cbe6597cf88: valid; 2.2 s; peak memory 1095 MiB.
2026-09-21T21:23:56Z INFO [76/500] 0d57d932-6227-4fce-bb64-cea9456c46c0: valid; 2.5 s; peak memory 1095 MiB.
2026-09-21T21:23:57Z INFO [77/500] 0d585b0b-eede-4720-becb-6d397e905459: not valid; 1.6 s; peak memory 1095 MiB.
2026-09-21T21:23:59Z INFO [78/500] 0d585caf-115d-4040-b7b6-13c17298a500: valid; 2.1 s; peak memory 1095 MiB.
2026-09-21T21:24:07Z INFO [79/500] 0d589e8f-e892-4518-a047-5ca3bded97f1: valid; 7.6 s; peak memory 1095 MiB.
2026-09-21T21:24:09Z INFO [80/500] 0d58acdf-1311-49a5-8239-01ec810b1151: valid; 2.1 s; peak memory 1095 MiB.
2026-09-21T21:24:11Z INFO [81/500] 0d58bbec-a0fc-4194-aa60-7671065149ef: valid; 2.2 s; peak memory 1095 MiB.
2026-09-21T21:24:13Z INFO [82/500] 0d58df65-174d-45ce-a45a-6da9ce1090f4: valid; 1.3 s; peak memory 1095 MiB.
2026-09-21T21:24:20Z INFO [83/500] 0d591c25-6e26-4c51-a4cb-8ff9016c4fdd: valid; 7.2 s; peak memory 1099 MiB.
2026-09-21T21:24:22Z INFO [84/500] 0d598a0f-01c4-4f64-b7d2-ee5ed6ea4c5f: not valid; 1.7 s; peak memory 1099 MiB.
2026-09-21T21:24:23Z INFO [85/500] 0d59931b-853f-4638-9cea-eba47b424306: not valid; 1.8 s; peak memory 1099 MiB.
2026-09-21T21:24:25Z INFO [86/500] 0d5a46de-4a6c-4062-9e68-7459cc17dec8: valid; 1.4 s; peak memory 1099 MiB.
2026-09-21T21:24:27Z INFO [87/500] 0d5a6fd5-41da-4d56-818b-500405a6286f: valid; 2.0 s; peak memory 1099 MiB.
2026-09-21T21:24:29Z INFO [88/500] 0d5b5f94-4798-47d4-9a9a-a1673cc52534: valid; 2.0 s; peak memory 1099 MiB.
2026-09-21T21:24:30Z INFO [89/500] 0d5b8b02-a222-4563-93b5-16fc419e1349: valid; 1.1 s; peak memory 1099 MiB.
2026-09-21T21:24:32Z INFO [90/500] 0d5c250b-6815-45e3-a595-0b07299d2eb7: valid; 1.8 s; peak memory 1099 MiB.
2026-09-21T21:24:33Z INFO [91/500] 0d5cbaf3-d8e7-4913-880f-a477ba86500c: not valid; 1.5 s; peak memory 1099 MiB.
2026-09-21T21:24:34Z INFO [92/500] 0d5d1cb1-2224-4607-b466-2d0c1fb21c21: valid; 1.0 s; peak memory 1099 MiB.
2026-09-21T21:24:36Z INFO [93/500] 0d5d3c60-b56f-43fc-8806-1ea5d09597f7: not valid; 1.6 s; peak memory 1100 MiB.
2026-09-21T21:24:37Z INFO [94/500] 0d5df3f6-9b57-4777-a223-e8755a6e06ea: valid; 1.1 s; peak memory 1100 MiB.
2026-09-21T21:24:39Z INFO [95/500] 0d5e5534-99f7-456c-b3d1-d8317416b45f: valid; 2.2 s; peak memory 1100 MiB.
2026-09-21T21:24:41Z INFO [96/500] 0d5f003a-0705-4707-9b3f-8ff23889d48c: not valid; 1.4 s; peak memory 1100 MiB.
2026-09-21T21:24:42Z INFO [97/500] 0d5f2ffb-6a24-45a3-b41f-599458d4c6dd: valid; 1.2 s; peak memory 1100 MiB.
2026-09-21T21:24:43Z INFO [98/500] 0d5f99a5-e1be-4182-892b-3973def95ec1: valid; 1.2 s; peak memory 1100 MiB.
2026-09-21T21:25:00Z INFO [99/500] 0d604528-3be8-4a4a-8c14-934b84c46681: valid; 16.6 s; peak memory 1263 MiB.
2026-09-21T21:25:08Z INFO [100/500] 0d611bfc-63f2-40e7-913f-15ccd0d66c2c: valid; 8.8 s; peak memory 1474 MiB.
2026-09-21T21:25:09Z INFO [100/500] 0d611bfc-63f2-40e7-913f-15ccd0d66c2c: checkpointed 73610 records.
2026-09-21T21:25:12Z INFO [101/500] 0d614080-921a-4980-a04e-94337e01a757: valid; 3.4 s; peak memory 1474 MiB.
2026-09-21T21:25:13Z INFO [102/500] 0d61a7f8-720c-47b2-b54e-77cd234284cb: valid; 1.0 s; peak memory 1474 MiB.
2026-09-21T21:25:15Z INFO [103/500] 0d623a2b-8cb7-4fc0-a1bb-9685211777c2: not valid; 1.7 s; peak memory 1474 MiB.
2026-09-21T21:25:17Z INFO [104/500] 0d6256ca-cecf-4c83-9906-2ca181ee82d7: not valid; 1.6 s; peak memory 1474 MiB.
2026-09-21T21:25:18Z INFO [105/500] 0d633f67-8b02-40f0-905d-919aab0249b6: not valid; 1.5 s; peak memory 1474 MiB.
2026-09-21T21:25:23Z INFO [106/500] 0d63ab23-ea4d-4b8f-a627-39813dd96f6a: valid; 5.3 s; peak memory 1474 MiB.
2026-09-21T21:25:27Z INFO [107/500] 0d63f3e5-e1a9-4cf2-8fcc-c7c3dcd16c9e: valid; 3.3 s; peak memory 1474 MiB.
2026-09-21T21:26:39Z INFO [108/500] 0d6459ab-a473-4bc1-96bf-a44d68260fef: not valid; 72.2 s; peak memory 2329 MiB.
2026-09-21T21:26:40Z INFO [109/500] 0d645b8a-9a30-4fed-b103-3046e87fb3eb: not valid; 1.5 s; peak memory 2330 MiB.
2026-09-21T21:26:42Z INFO [110/500] 0d6470f5-d544-4dc5-a9b3-f239814c5b6b: valid; 1.2 s; peak memory 2330 MiB.
2026-09-21T21:27:02Z INFO [111/500] 0d64a48f-2b2b-4e04-8695-870a485ce42b: valid; 20.4 s; peak memory 3869 MiB.
2026-09-21T21:27:09Z INFO [112/500] 0d64cc4a-e00e-4a3c-b317-9727e2e3860a: valid; 6.8 s; peak memory 3869 MiB.
2026-09-21T21:27:12Z INFO [113/500] 0d654624-a83d-4273-b27d-8c1cf55e4346: valid; 3.1 s; peak memory 3869 MiB.
2026-09-21T21:27:21Z INFO [114/500] 0d65649f-f35d-4e8c-baa5-61f88ba82859: valid; 9.2 s; peak memory 3869 MiB.
2026-09-21T21:27:23Z INFO [115/500] 0d65c3d3-ff1c-4a22-b5b8-2c7182570e0f: valid; 1.3 s; peak memory 3869 MiB.
2026-09-21T21:27:39Z INFO [116/500] 0d65ca0c-52e7-4a02-b7a9-e74785d065ab: valid; 16.2 s; peak memory 3869 MiB.
2026-09-21T21:27:43Z INFO [117/500] 0d65e8f5-bdc9-45fa-8f25-c51ca02823d6: valid; 4.0 s; peak memory 3869 MiB.
2026-09-21T21:27:45Z INFO [118/500] 0d65eaf1-b652-4913-bdf7-34ae0c4c5bce: valid; 2.4 s; peak memory 3869 MiB.
2026-09-21T21:27:47Z INFO [119/500] 0d662d10-7843-4014-a7df-1c8b78d6a740: valid; 2.1 s; peak memory 3869 MiB.
2026-09-21T21:27:51Z INFO [120/500] 0d66c028-681e-4e05-b053-ef09d45e238c: valid; 3.4 s; peak memory 3869 MiB.
2026-09-21T21:27:53Z INFO [121/500] 0d66e9ee-a283-45c8-b9a2-a561936b9af1: valid; 2.2 s; peak memory 3869 MiB.
2026-09-21T21:27:55Z INFO [122/500] 0d6701da-8791-4f9d-b6c7-f2ce207e7948: valid; 2.1 s; peak memory 3869 MiB.
2026-09-21T21:29:21Z INFO [123/500] 0d67d939-9a07-485b-8462-424e21249b9a: valid; 86.0 s; peak memory 3869 MiB.
2026-09-21T21:29:23Z INFO [124/500] 0d687360-baf2-44a6-9292-5b0535005f2f: not valid; 1.6 s; peak memory 3869 MiB.
2026-09-21T21:29:23Z INFO [125/500] 0d68c233-147e-4722-8c30-41307b383e5d: valid; 1.0 s; peak memory 3869 MiB.
2026-09-21T21:29:25Z INFO [126/500] 0d693b58-c25d-4421-8339-eb6a3fd5b3a6: not valid; 1.5 s; peak memory 3869 MiB.
2026-09-21T21:29:27Z INFO [127/500] 0d69c478-f5c9-45a2-9d8f-88e11a05ce37: not valid; 1.9 s; peak memory 3869 MiB.
2026-09-21T21:29:30Z INFO [128/500] 0d6a30a8-1351-413a-b939-d44b60e359db: valid; 2.8 s; peak memory 3869 MiB.
2026-09-21T21:29:31Z INFO [129/500] 0d6a78c4-5351-4f9d-902e-770b6f614a6f: valid; 1.8 s; peak memory 3869 MiB.
2026-09-21T21:29:36Z INFO [130/500] 0d6a7dc9-7bec-4e82-a867-9a45dfa778dc: not valid; 4.6 s; peak memory 3869 MiB.
2026-09-21T21:29:37Z INFO [131/500] 0d6b1eac-bc27-43c7-b7f4-91f6d47f86bb: valid; 1.2 s; peak memory 3869 MiB.
2026-09-21T21:29:48Z INFO [132/500] 0d6b4196-f2dd-489f-9f19-12ef18e8e58d: valid; 11.1 s; peak memory 3869 MiB.
2026-09-21T21:29:50Z INFO [133/500] 0d6bc22e-4429-4226-a4e0-cca6dd2fec86: valid; 1.2 s; peak memory 3869 MiB.
2026-09-21T21:29:51Z INFO [134/500] 0d6c1f1e-1f2b-461e-be16-e5d37db18295: valid; 1.1 s; peak memory 3869 MiB.
2026-09-21T21:30:11Z INFO [135/500] 0d6cbcf1-2fea-4e59-ab0d-d2c889621da8: valid; 20.6 s; peak memory 3869 MiB.
2026-09-21T21:30:21Z INFO [136/500] 0d6d05d5-b3bd-41d8-8fed-12eac81b1686: not valid; 10.0 s; peak memory 3869 MiB.
2026-09-21T21:30:23Z INFO [137/500] 0d6d0733-925f-4cc1-84cb-150c1318722d: valid; 1.3 s; peak memory 3869 MiB.
2026-09-21T21:30:24Z INFO [138/500] 0d6d6fb7-aa44-44dc-a6e2-0b38e1eaef87: not valid; 1.8 s; peak memory 3869 MiB.
2026-09-21T21:30:27Z WARNING 0d6dcaf9-18dd-4b76-bd15-607869387343: failed while opening the NWB file (ConstructError: (root/acquisition/_iblmic_audioSpectrogram/bands GroupBuilder {'attributes': {'colnames': array(['freq'], dtype=object), 'description': 'spectogram frequencies', 'namespace': 'core', 'neurodata_type': 'FrequencyBandsTable', 'object_id': 'c4ed3549-2eb9-4353-b253-07c2d814afce'}, 'groups': {}, 'datasets': {'freq': root/acquisition/_iblmic_audioSpectrogram/bands/freq DatasetBuilder {'attributes': {'description': 'frequency value', 'namespace': 'hdmf-common', 'neurodata_type': 'VectorData', 'object_id': '20044871-35de-4160-a64b-d9b90a85bf21'}, 'data': <HDF5 dataset "freq": shape (257,), type "<f4">}, 'id': root/acquisition/_iblmic_audioSpectrogram/bands/id DatasetBuilder {'attributes': {'namespace': 'hdmf-common', 'neurodata_type': 'ElementIdentifiers', 'object_id': '582cf325-a402-48cd-bd19-928d62611b62'}, 'data': <HDF5 dataset "id": shape (257,), type "<i4">}}, 'links': {}}, "Could not construct FrequencyBandsTable object due to: column must have the same number of rows as 'id'"))
2026-09-21T21:30:27Z WARNING 0d6e176f-13df-4984-97dc-943739c0cc5b: failed while retrieving asset information from the DANDI API (NotFoundError: No asset at path 'sub-parkinson-simulated-beta/sub-parkinson-simulated-beta_ses-2722_ecephys.nwb' in version 0.250327.2220. Verify the path is correct and the asset exists in this version. Use 'dandi ls' to list available assets.)
2026-09-21T21:30:28Z INFO [141/500] 0d6e4027-4805-4852-aba5-4005bff333b5: valid; 1.4 s; peak memory 3869 MiB.
2026-09-21T21:30:28Z WARNING 0d6efc32-7b9a-4e54-ac64-dc6c2df97365: failed while retrieving asset information from the DANDI API (NotFoundError: No such Dandiset: 001533)
2026-09-21T21:30:30Z INFO [143/500] 0d6f0a74-c784-4282-bbf6-c74e442c6a29: valid; 1.4 s; peak memory 3869 MiB.
2026-09-21T21:30:31Z INFO [144/500] 0d6f457b-2d9b-4f76-b740-7a0da58e9f0f: not valid; 1.2 s; peak memory 3869 MiB.
2026-09-21T21:30:33Z INFO [145/500] 0d6f5022-322d-47be-a9dd-7b245517dfb3: valid; 2.0 s; peak memory 3869 MiB.
2026-09-21T21:30:35Z INFO [146/500] 0d6f60b8-aa1a-4ff3-892f-8bdc9e2b84a0: valid; 1.9 s; peak memory 3869 MiB.
2026-09-21T21:30:36Z INFO [147/500] 0d6f657b-a568-4904-9292-7372b55cda33: valid; 1.3 s; peak memory 3869 MiB.
2026-09-21T21:30:57Z INFO [148/500] 0d6f9046-7267-4bb6-92d7-72a67d90c5cb: valid; 21.0 s; peak memory 3869 MiB.
2026-09-21T21:30:59Z INFO [149/500] 0d6fea67-017f-43b3-a9c6-c164d6725b66: valid; 2.2 s; peak memory 3869 MiB.
2026-09-21T21:31:01Z INFO [150/500] 0d6fef2e-cb90-4e28-82b3-2b0972337bad: not valid; 1.6 s; peak memory 3869 MiB.
2026-09-21T21:31:01Z INFO [150/500] 0d6fef2e-cb90-4e28-82b3-2b0972337bad: checkpointed 73660 records.
2026-09-21T21:31:03Z WARNING 0d701968-8782-4a94-8bce-3b1576e140c7: failed while opening the NWB file (ConstructError: (root/acquisition/_iblmic_audioSpectrogram/bands GroupBuilder {'attributes': {'colnames': array(['freq'], dtype=object), 'description': 'spectogram frequencies', 'namespace': 'core', 'neurodata_type': 'FrequencyBandsTable', 'object_id': 'ef7a5a41-a519-4b98-ade4-394af783bb16'}, 'groups': {}, 'datasets': {'freq': root/acquisition/_iblmic_audioSpectrogram/bands/freq DatasetBuilder {'attributes': {'description': 'frequency value', 'namespace': 'hdmf-common', 'neurodata_type': 'VectorData', 'object_id': 'f7c5f803-ab0d-4eb7-bbc4-881b1134075e'}, 'data': <HDF5 dataset "freq": shape (257,), type "<f4">}, 'id': root/acquisition/_iblmic_audioSpectrogram/bands/id DatasetBuilder {'attributes': {'namespace': 'hdmf-common', 'neurodata_type': 'ElementIdentifiers', 'object_id': 'aa12c08e-f9ea-4023-a1dd-78b606a69059'}, 'data': <HDF5 dataset "id": shape (257,), type "<i4">}}, 'links': {}}, "Could not construct FrequencyBandsTable object due to: column must have the same number of rows as 'id'"))
2026-09-21T21:31:06Z INFO [152/500] 0d702235-6853-4956-b35c-7774e05061a4: valid; 2.1 s; peak memory 3869 MiB.
2026-09-21T21:31:08Z INFO [153/500] 0d708c7e-d8c9-47ed-aa5f-1abac9cea870: valid; 2.4 s; peak memory 3869 MiB.
2026-09-21T21:31:09Z INFO [154/500] 0d70a206-b77a-42c8-8556-9d0d4f7673b1: valid; 1.2 s; peak memory 3869 MiB.
2026-09-21T21:31:11Z INFO [155/500] 0d70b09f-3307-40ad-9998-4ee2e7f8a049: not valid; 1.6 s; peak memory 3869 MiB.
2026-09-21T21:31:13Z INFO [156/500] 0d714466-9057-49dc-b4c0-953e8b4d173d: valid; 2.2 s; peak memory 3869 MiB.
2026-09-21T21:31:14Z INFO [157/500] 0d71a07a-6c93-44b8-bad7-7d47305f659b: valid; 1.3 s; peak memory 3869 MiB.
2026-09-21T21:31:17Z INFO [158/500] 0d71d01e-3e5d-457f-9247-0713e3ab7406: valid; 2.6 s; peak memory 3869 MiB.
2026-09-21T21:31:19Z INFO [159/500] 0d71db26-6220-44b3-874a-2935ecaed253: not valid; 2.4 s; peak memory 3869 MiB.
2026-09-21T21:31:22Z INFO [160/500] 0d722d5d-73e4-4afe-8642-755196371494: valid; 2.9 s; peak memory 3869 MiB.
2026-09-21T21:31:25Z INFO [161/500] 0d728beb-98b5-4abb-b46e-bc682f4feb03: valid; 2.4 s; peak memory 3869 MiB.
2026-09-21T21:31:26Z INFO [162/500] 0d72ad0c-672a-4042-915a-0498ab503d0e: valid; 1.3 s; peak memory 3869 MiB.
2026-09-21T21:31:27Z INFO [163/500] 0d72e81e-b3fb-4703-b690-adedb055c9e5: valid; 1.3 s; peak memory 3869 MiB.
2026-09-21T21:31:29Z WARNING 0d7330c8-0fb7-43bb-9535-c5d39f33a9a0: failed while opening the NWB file (ConstructError: (root/acquisition/event_code_meanings GroupBuilder {'attributes': {'colnames': array(['value', 'meaning'], dtype=object), 'description': 'Mapping integer event codes to event labels', 'namespace': 'ndx-events', 'neurodata_type': 'MeaningsTable', 'object_id': '95374ed7-f0cf-4319-9fb1-880f8efe980d'}, 'groups': {}, 'datasets': {'id': root/acquisition/event_code_meanings/id DatasetBuilder {'attributes': {'namespace': 'hdmf-common', 'neurodata_type': 'ElementIdentifiers', 'object_id': 'a73f6456-681e-42cf-b131-e3b889f60f3f'}, 'data': <HDF5 dataset "id": shape (26,), type "<i8">}, 'meaning': root/acquisition/event_code_meanings/meaning DatasetBuilder {'attributes': {'description': 'The meaning of the value in the parent CategoricalVectorData object.', 'namespace': 'hdmf-experimental', 'neurodata_type': 'VectorData', 'object_id': '3fb983a3-b896-4803-9212-61e07b7ef150'}, 'data': <StrDataset for HDF5 dataset "meaning": shape (26,), type "|O">}, 'value': root/acquisition/event_code_meanings/value DatasetBuilder {'attributes': {'description': 'The value of the parent CategoricalVectorData object.', 'namespace': 'hdmf-experimental', 'neurodata_type': 'VectorData', 'object_id': 'cf3f2b0b-e910-490c-a465-a6a4db65edb0'}, 'data': <HDF5 dataset "value": shape (26,), type "<i8">}}, 'links': {}}, "Could not construct MeaningsTable object due to: MeaningsTable.__init__: missing argument 'target'"))
2026-09-21T21:31:32Z INFO [165/500] 0d737418-adb0-4089-9b4c-c25d2e69746c: valid; 2.8 s; peak memory 3869 MiB.
2026-09-21T21:31:34Z INFO [166/500] 0d739225-22d8-4e84-bf1d-9329419d922e: valid; 1.8 s; peak memory 3869 MiB.
2026-09-21T21:31:35Z INFO [167/500] 0d742129-9a8a-4c61-896c-75e7a53b063d: valid; 1.3 s; peak memory 3869 MiB.
2026-09-21T21:31:42Z INFO [168/500] 0d744235-c0f2-4861-a892-f1084072cb89: valid; 6.8 s; peak memory 3869 MiB.
2026-09-21T21:31:43Z INFO [169/500] 0d750db2-1358-4515-af0e-69bcdb8fd852: valid; 1.4 s; peak memory 3869 MiB.
2026-09-21T21:31:47Z INFO [170/500] 0d7541eb-88fb-49eb-86b6-bdfddb456f48: valid; 3.8 s; peak memory 3869 MiB.
2026-09-21T21:31:49Z WARNING 0d756199-da5d-4750-aa3f-a539007d907f: failed while opening the NWB file (ConstructError: (root/acquisition/_iblmic_audioSpectrogram/bands GroupBuilder {'attributes': {'colnames': array(['freq'], dtype=object), 'description': 'spectogram frequencies', 'namespace': 'core', 'neurodata_type': 'FrequencyBandsTable', 'object_id': 'c8a834b8-e6b2-438c-a5c3-7ec182206521'}, 'groups': {}, 'datasets': {'freq': root/acquisition/_iblmic_audioSpectrogram/bands/freq DatasetBuilder {'attributes': {'description': 'frequency value', 'namespace': 'hdmf-common', 'neurodata_type': 'VectorData', 'object_id': '71dcf404-a148-4e1a-b8b5-b6ee93beb6cf'}, 'data': <HDF5 dataset "freq": shape (257,), type "<f4">}, 'id': root/acquisition/_iblmic_audioSpectrogram/bands/id DatasetBuilder {'attributes': {'namespace': 'hdmf-common', 'neurodata_type': 'ElementIdentifiers', 'object_id': 'ecb58818-abd5-4912-a9f1-dd72984ac0ec'}, 'data': <HDF5 dataset "id": shape (257,), type "<i4">}}, 'links': {}}, "Could not construct FrequencyBandsTable object due to: column must have the same number of rows as 'id'"))
2026-09-21T21:31:51Z INFO [172/500] 0d759efe-a1e1-4bed-a70f-011a819d1669: valid; 1.9 s; peak memory 3869 MiB.
2026-09-21T21:31:55Z INFO [173/500] 0d75efd4-4e50-414a-aa34-07dcb6aad005: valid; 3.9 s; peak memory 3869 MiB.
2026-09-21T21:31:57Z INFO [174/500] 0d760ceb-76bf-4fd7-b023-4bea18cae993: not valid; 2.1 s; peak memory 3869 MiB.
2026-09-21T21:31:58Z INFO [175/500] 0d76331c-bd42-4d2b-8164-6ee4d64d3d5c: valid; 1.1 s; peak memory 3869 MiB.
2026-09-21T21:31:59Z INFO [176/500] 0d765228-d8c1-42fd-9bd9-8bf591a766e2: not valid; 1.0 s; peak memory 3869 MiB.
2026-09-21T21:32:00Z INFO [177/500] 0d772493-08e1-48bf-ac11-a394e8c466f1: not valid; 1.4 s; peak memory 3869 MiB.
2026-09-21T21:32:02Z INFO [178/500] 0d777475-ba6a-4175-8c57-ddeea6907aec: valid; 2.2 s; peak memory 3869 MiB.
2026-09-21T21:32:11Z INFO [179/500] 0d779d08-9854-4c25-bc72-60c96eacc187: valid; 9.0 s; peak memory 3869 MiB.
2026-09-21T21:32:14Z INFO [180/500] 0d788dff-1ac7-46f8-8087-b932e6ddf6e8: valid; 2.5 s; peak memory 3869 MiB.
2026-09-21T21:32:16Z WARNING 0d78f947-754f-4590-916f-a50a581f3828: failed while opening the NWB file (ConstructError: (root/acquisition/_iblmic_audioSpectrogram/bands GroupBuilder {'attributes': {'colnames': array(['freq'], dtype=object), 'description': 'spectogram frequencies', 'namespace': 'core', 'neurodata_type': 'FrequencyBandsTable', 'object_id': '9024b8c9-ba13-4e45-9c47-bdcfe76b9074'}, 'groups': {}, 'datasets': {'freq': root/acquisition/_iblmic_audioSpectrogram/bands/freq DatasetBuilder {'attributes': {'description': 'frequency value', 'namespace': 'hdmf-common', 'neurodata_type': 'VectorData', 'object_id': '6e3bd7a1-ec98-43ac-b1b7-9600fdd36d6d'}, 'data': <HDF5 dataset "freq": shape (257,), type "<f4">}, 'id': root/acquisition/_iblmic_audioSpectrogram/bands/id DatasetBuilder {'attributes': {'namespace': 'hdmf-common', 'neurodata_type': 'ElementIdentifiers', 'object_id': '853886f8-4be7-4a22-8421-f71face470f8'}, 'data': <HDF5 dataset "id": shape (257,), type "<i4">}}, 'links': {}}, "Could not construct FrequencyBandsTable object due to: column must have the same number of rows as 'id'"))
2026-09-21T21:32:18Z INFO [182/500] 0d78fab5-6572-4829-bfeb-58d4088d3b4c: not valid; 1.7 s; peak memory 3869 MiB.
2026-09-21T21:32:19Z INFO [183/500] 0d790ba2-a91a-47a7-96f8-3b2eee965724: valid; 0.9 s; peak memory 3869 MiB.
2026-09-21T21:32:22Z INFO [184/500] 0d79112b-ad25-44fe-b43a-51486ce02320: valid; 3.4 s; peak memory 3869 MiB.
2026-09-21T21:32:27Z INFO [185/500] 0d7914a6-7848-490a-9fcf-030886ac33e5: valid; 5.2 s; peak memory 3869 MiB.
2026-09-21T21:32:29Z INFO [186/500] 0d797e6c-a5c5-43e2-a34a-d902c35a6390: valid; 2.0 s; peak memory 3869 MiB.
2026-09-21T21:32:31Z INFO [187/500] 0d7b971e-c9e3-48ad-a23a-eaf0f2fd612c: not valid; 1.8 s; peak memory 3869 MiB.
2026-09-21T21:32:33Z INFO [188/500] 0d7be93e-121a-47f4-95f1-03b2f878d598: valid; 2.1 s; peak memory 3869 MiB.
2026-09-21T21:32:36Z INFO [189/500] 0d7befea-d9a6-43d4-9781-4333bc3a5dba: valid; 2.7 s; peak memory 3869 MiB.
2026-09-21T21:32:41Z INFO [190/500] 0d7c1f6f-4880-42f0-bf1b-cbb987a4d772: not valid; 4.9 s; peak memory 3869 MiB.
2026-09-21T21:32:43Z INFO [191/500] 0d7d26d5-e272-423a-b050-e76f12a076f2: valid; 2.0 s; peak memory 3869 MiB.
2026-09-21T21:32:44Z INFO [192/500] 0d7d3c63-e975-4bf2-b6a9-70e333c94a76: not valid; 1.6 s; peak memory 3869 MiB.
2026-09-21T21:32:45Z INFO [193/500] 0d7d65c7-d6ea-4f24-b335-9513d92b02db: valid; 1.0 s; peak memory 3869 MiB.
2026-09-21T21:32:48Z INFO [194/500] 0d7e1755-c050-4b34-b0a2-847aebdeb504: not valid; 3.1 s; peak memory 3869 MiB.
2026-09-21T21:32:50Z INFO [195/500] 0d7f12ba-d3e9-4771-a161-9fce5fa6da01: valid; 2.0 s; peak memory 3869 MiB.
2026-09-21T21:32:53Z INFO [196/500] 0d7f4c32-4072-4e45-bb87-17abe08ce2f9: not valid; 2.1 s; peak memory 3869 MiB.
2026-09-21T21:32:55Z INFO [197/500] 0d80e6cb-6d0e-4760-b881-fcf8d5103493: valid; 2.0 s; peak memory 3869 MiB.
2026-09-21T21:32:57Z INFO [198/500] 0d813ab7-39bc-402e-828b-57e6de961ebb: valid; 2.2 s; peak memory 3869 MiB.
2026-09-21T21:32:59Z INFO [199/500] 0d81c314-5f19-44bc-84ed-1ecd0954f6bc: valid; 2.2 s; peak memory 3869 MiB.
2026-09-21T21:33:04Z INFO [200/500] 0d81f22f-b613-4598-aee2-82e4f26f2401: not valid; 5.4 s; peak memory 3869 MiB.
2026-09-21T21:33:05Z INFO [200/500] 0d81f22f-b613-4598-aee2-82e4f26f2401: checkpointed 73710 records.
2026-09-21T21:33:06Z INFO [201/500] 0d81fa45-05ee-46e8-a7dd-f7e94cdf6096: not valid; 1.5 s; peak memory 3869 MiB.
2026-09-21T21:33:08Z INFO [202/500] 0d822abb-e116-4331-b514-c3b438331ad6: not valid; 1.6 s; peak memory 3869 MiB.
2026-09-21T21:33:17Z INFO [203/500] 0d8316ee-896d-48d9-83c5-20c0f2746f22: valid; 8.8 s; peak memory 3869 MiB.
2026-09-21T21:33:18Z INFO [204/500] 0d839ac6-f5e4-4520-8429-4297f974bab6: not valid; 1.7 s; peak memory 3869 MiB.
2026-09-21T21:33:32Z INFO [205/500] 0d83c8cd-a0e1-4c00-80e2-7432f72e1871: valid; 13.2 s; peak memory 3869 MiB.
2026-09-21T21:33:46Z INFO [206/500] 0d842d23-19c7-4b66-9535-5464a6e7794b: valid; 14.1 s; peak memory 3869 MiB.
2026-09-21T21:33:48Z INFO [207/500] 0d842e87-65e9-4c8e-bb28-d240e5063170: valid; 2.0 s; peak memory 3869 MiB.
2026-09-21T21:33:52Z INFO [208/500] 0d86332d-1b4d-4a8a-a2b7-411a90c67d99: valid; 4.5 s; peak memory 3869 MiB.
2026-09-21T21:33:54Z INFO [209/500] 0d869c35-cd10-44a3-9ae5-ce3e06453935: valid; 1.4 s; peak memory 3869 MiB.
2026-09-21T21:34:01Z INFO [210/500] 0d874907-7522-4cbd-a454-f020941adb91: valid; 7.1 s; peak memory 3869 MiB.
2026-09-21T21:34:02Z INFO [211/500] 0d877cb0-125d-4a9b-a473-e3e5ef962c22: not valid; 1.5 s; peak memory 3869 MiB.
2026-09-21T21:34:04Z INFO [212/500] 0d87c0af-5d18-47a1-971a-c1860dfc1ebb: valid; 1.2 s; peak memory 3869 MiB.
2026-09-21T21:34:06Z INFO [213/500] 0d87d228-21e4-4f51-be0c-3f36a28403ea: valid; 2.0 s; peak memory 3869 MiB.
2026-09-21T21:34:07Z INFO [214/500] 0d87f32e-f75f-40da-aff6-aa5bf07cf23e: not valid; 1.6 s; peak memory 3869 MiB.
2026-09-21T21:34:10Z INFO [215/500] 0d8848a6-e4bc-444f-8201-73914f6d667c: valid; 2.7 s; peak memory 3869 MiB.
2026-09-21T21:34:12Z INFO [216/500] 0d89d02f-9a93-4fad-a2a4-5960510ac1df: not valid; 1.8 s; peak memory 3869 MiB.
2026-09-21T21:34:13Z INFO [217/500] 0d8ab998-ec23-4a0b-8e45-97bb4b35c832: valid; 1.2 s; peak memory 3869 MiB.
2026-09-21T21:34:16Z INFO [218/500] 0d8ae2b7-829c-43ba-be37-90701964a38d: valid; 3.0 s; peak memory 3869 MiB.
2026-09-21T21:34:22Z INFO [219/500] 0d8b7c1f-4c23-4f5a-bbf8-88e6f839a8b6: not valid; 6.3 s; peak memory 3869 MiB.
2026-09-21T21:34:24Z INFO [220/500] 0d8b870d-5eed-456a-8136-bacb8d533feb: not valid; 1.7 s; peak memory 3869 MiB.
2026-09-21T21:34:25Z INFO [221/500] 0d8c7c69-6591-41f2-b563-a3f52edb1619: valid; 1.2 s; peak memory 3869 MiB.
2026-09-21T21:34:28Z INFO [222/500] 0d8cfcc7-af10-4eed-9282-2314b1e0d7d6: valid; 3.4 s; peak memory 3869 MiB.
2026-09-21T21:34:31Z INFO [223/500] 0d8d3b65-dbb3-4c17-af8b-62fc978962b3: valid; 2.5 s; peak memory 3869 MiB.
2026-09-21T21:34:38Z INFO [224/500] 0d8d5b13-3ab2-45cb-a1c0-89b3a0a6a2dd: valid; 7.1 s; peak memory 3869 MiB.
2026-09-21T21:34:39Z INFO [225/500] 0d8df097-f498-4276-8368-0b66ee6cff6a: valid; 1.2 s; peak memory 3869 MiB.
2026-09-21T21:34:51Z INFO [226/500] 0d8f46bb-6916-4ece-8b1d-561f300f4633: not valid; 11.4 s; peak memory 3869 MiB.
2026-09-21T21:34:52Z INFO [227/500] 0d8fa3c4-2355-4c1b-b1eb-06976cb86152: valid; 1.3 s; peak memory 3869 MiB.
2026-09-21T21:34:53Z INFO [228/500] 0d8ff03b-79f7-4655-ab13-297b44b48319: not valid; 1.4 s; peak memory 3869 MiB.
2026-09-21T21:34:54Z INFO [229/500] 0d8ff10d-a55b-49e9-bea3-ea04aed8c154: valid; 1.2 s; peak memory 3869 MiB.
2026-09-21T21:34:56Z INFO [230/500] 0d900d07-9be8-4393-bba9-cc00cd3fb6ba: valid; 2.0 s; peak memory 3869 MiB.
2026-09-21T21:34:58Z INFO [231/500] 0d902886-a7b5-429a-b676-73a36ca1615a: not valid; 1.9 s; peak memory 3869 MiB.
2026-09-21T21:35:00Z INFO [232/500] 0d90b745-57b1-42ac-a3b9-fefd2473c7d9: valid; 2.2 s; peak memory 3869 MiB.
2026-09-21T21:35:03Z INFO [233/500] 0d914b0f-f518-4dcf-8401-03cf1ae13386: valid; 2.3 s; peak memory 3869 MiB.
2026-09-21T21:35:15Z INFO [234/500] 0d915b9a-9668-43e3-8826-53b84a64de1a: valid; 12.6 s; peak memory 3959 MiB.
2026-09-21T21:35:17Z INFO [235/500] 0d91ce85-070b-4b03-ad6f-40608f731003: valid; 2.0 s; peak memory 3959 MiB.
2026-09-21T21:35:19Z INFO [236/500] 0d92354f-0ec8-4f60-a29e-046788965f9b: valid; 1.7 s; peak memory 3959 MiB.
2026-09-21T21:35:21Z INFO [237/500] 0d9250b0-be36-4ee5-b83d-2eca29ffb5db: valid; 1.6 s; peak memory 3959 MiB.
2026-09-21T21:35:22Z INFO [238/500] 0d932a27-2566-4241-bf90-f77ea91242d7: valid; 1.7 s; peak memory 3959 MiB.
2026-09-21T21:35:23Z INFO [239/500] 0d93dfe3-b1c6-46f6-aa64-aa0d043ccfae: valid; 1.1 s; peak memory 3959 MiB.
2026-09-21T21:35:27Z INFO [240/500] 0d944e1f-3d67-482d-90fc-e0249e57abd9: valid; 3.3 s; peak memory 3959 MiB.
2026-09-21T21:35:27Z WARNING 0d945b5a-a527-4363-b11a-140cc7f53c1f: failed while retrieving asset information from the DANDI API (NotFoundError: No asset at path 'sub-441666/sub-441666_ses-20190517T150543_behavior+ecephys+ogen.nwb' in version 0.231012.2129. Verify the path is correct and the asset exists in this version. Use 'dandi ls' to list available assets.)
2026-09-21T21:35:28Z INFO [242/500] 0d946bd5-0c98-47e1-9c83-f69e060d5f66: not valid; 1.5 s; peak memory 3959 MiB.
2026-09-21T21:35:30Z INFO [243/500] 0d949333-cf8b-42c3-b728-2cd0b0bd5bfc: not valid; 1.4 s; peak memory 3959 MiB.
2026-09-21T21:35:31Z INFO [244/500] 0d94b94e-23e1-4bab-8432-cdee445b119a: valid; 1.4 s; peak memory 3959 MiB.
2026-09-21T21:35:34Z INFO [245/500] 0d94d256-acc6-4cfb-93db-fb2d941fa858: valid; 2.7 s; peak memory 3959 MiB.
2026-09-21T21:35:35Z INFO [246/500] 0d95213a-e10a-4359-9683-9dc9306cd0e6: valid; 1.2 s; peak memory 3959 MiB.
2026-09-21T21:35:38Z INFO [247/500] 0d9521ff-59e4-45bf-b99a-395110c5c7ce: valid; 2.5 s; peak memory 3959 MiB.
2026-09-21T21:35:40Z WARNING 0d9576a2-20b5-4683-98d5-9a70ef347f3a: failed while opening the NWB file (ConstructError: (root/acquisition/_iblmic_audioSpectrogram/bands GroupBuilder {'attributes': {'colnames': array(['freq'], dtype=object), 'description': 'spectogram frequencies', 'namespace': 'core', 'neurodata_type': 'FrequencyBandsTable', 'object_id': '130d713e-8e68-479d-94e5-bd1c4e061f13'}, 'groups': {}, 'datasets': {'freq': root/acquisition/_iblmic_audioSpectrogram/bands/freq DatasetBuilder {'attributes': {'description': 'frequency value', 'namespace': 'hdmf-common', 'neurodata_type': 'VectorData', 'object_id': '8cac54e6-742f-463d-ab50-70d14687ec6e'}, 'data': <HDF5 dataset "freq": shape (257,), type "<f4">}, 'id': root/acquisition/_iblmic_audioSpectrogram/bands/id DatasetBuilder {'attributes': {'namespace': 'hdmf-common', 'neurodata_type': 'ElementIdentifiers', 'object_id': '21c54b95-7606-4e87-b93d-f26cef9d2ce5'}, 'data': <HDF5 dataset "id": shape (257,), type "<i4">}}, 'links': {}}, "Could not construct FrequencyBandsTable object due to: column must have the same number of rows as 'id'"))
2026-09-21T21:35:41Z INFO [249/500] 0d9576ee-3085-476a-9ed5-63c9e837d082: not valid; 1.4 s; peak memory 3959 MiB.
2026-09-21T21:35:42Z INFO [250/500] 0d95caa7-e65b-490c-9ab8-48385aef35a6: valid; 1.2 s; peak memory 3959 MiB.
2026-09-21T21:35:43Z INFO [250/500] 0d95caa7-e65b-490c-9ab8-48385aef35a6: checkpointed 73760 records.
2026-09-21T21:35:47Z INFO [251/500] 0d96422e-4c60-4aad-b3bc-9a0a6697c6dc: valid; 4.2 s; peak memory 3959 MiB.
2026-09-21T21:35:55Z INFO [252/500] 0d965b41-fbc5-4a35-952a-414e75f4ef2f: valid; 7.4 s; peak memory 3959 MiB.
2026-09-21T21:35:56Z INFO [253/500] 0d968945-0126-4249-aebe-41145e17d234: not valid; 1.8 s; peak memory 3959 MiB.
2026-09-21T21:35:58Z INFO [254/500] 0d9707fa-66ff-4a51-b9ec-cb57834790e2: valid; 1.3 s; peak memory 3959 MiB.
2026-09-21T21:35:59Z INFO [255/500] 0d979193-1cce-4309-a6b9-75916e57e15f: valid; 1.9 s; peak memory 3959 MiB.
2026-09-21T21:36:14Z INFO [256/500] 0d97f1dc-2546-4e7f-86c4-a924dd40abf7: valid; 14.1 s; peak memory 3959 MiB.
2026-09-21T21:36:15Z INFO [257/500] 0d9810e4-6246-4cda-a0a7-4d6bb790fb57: valid; 1.9 s; peak memory 3959 MiB.
2026-09-21T21:36:17Z INFO [258/500] 0d982f58-71c1-448d-b24c-f228b5663164: not valid; 1.8 s; peak memory 3959 MiB.
2026-09-21T21:36:22Z INFO [259/500] 0d984ee9-1b4b-4a62-879c-627c5271bc7e: valid; 5.0 s; peak memory 3959 MiB.
2026-09-21T21:36:23Z INFO [260/500] 0d98610a-3134-45d7-a86b-bdc4e3400ba3: not valid; 1.2 s; peak memory 3959 MiB.
2026-09-21T21:36:25Z INFO [261/500] 0d992398-754a-4ef6-a808-8756afa5c862: valid; 1.3 s; peak memory 3959 MiB.
2026-09-21T21:37:58Z INFO [262/500] 0d9a3a27-82ea-4e97-897f-eedcc6b1857f: valid; 93.5 s; peak memory 5006 MiB.
2026-09-21T21:38:02Z INFO [263/500] 0d9a76fd-76fb-438c-9e72-035f2fc338eb: valid; 3.4 s; peak memory 5006 MiB.
2026-09-21T21:38:14Z INFO [264/500] 0d9ae46d-0b31-4b8e-ad7f-101e1898e80a: valid; 12.5 s; peak memory 5070 MiB.
2026-09-21T21:38:18Z INFO [265/500] 0d9af172-65aa-44e1-bb7f-915bc8acabb2: not valid; 4.1 s; peak memory 5070 MiB.
2026-09-21T21:38:20Z INFO [266/500] 0d9b232d-0825-4d03-aab4-9864cbfa120b: not valid; 1.7 s; peak memory 5070 MiB.
2026-09-21T21:38:24Z INFO [267/500] 0d9b5882-5d06-4738-ba08-ff2be98a8b57: valid; 4.3 s; peak memory 5070 MiB.
2026-09-21T21:38:26Z INFO [268/500] 0d9bb25e-176e-4e56-85db-4da9a68708a7: valid; 1.9 s; peak memory 5070 MiB.
2026-09-21T21:38:27Z INFO [269/500] 0d9cecc0-629a-4e69-8c28-7154348e6e8d: valid; 1.3 s; peak memory 5070 MiB.
2026-09-21T21:38:29Z INFO [270/500] 0d9d435e-4a3f-42dc-be22-dd0e63feaaf1: valid; 2.0 s; peak memory 5070 MiB.
2026-09-21T21:38:31Z INFO [271/500] 0d9da1f0-66d5-4007-a360-b4f971c0573a: valid; 1.2 s; peak memory 5070 MiB.
2026-09-21T21:38:33Z INFO [272/500] 0d9df3fd-e945-40d5-a5b0-b4b268b5ba4d: valid; 2.5 s; peak memory 5070 MiB.
2026-09-21T21:38:36Z INFO [273/500] 0d9e0c93-570d-46db-8d35-f431e3b87ed3: valid; 2.6 s; peak memory 5070 MiB.
2026-09-21T21:38:37Z INFO [274/500] 0d9e16e9-2828-4272-beea-8d8265f18e86: valid; 1.7 s; peak memory 5070 MiB.
2026-09-21T21:38:40Z INFO [275/500] 0d9e35a7-d16a-45c6-b8c8-cc9dea617761: valid; 2.4 s; peak memory 5071 MiB.
2026-09-21T21:38:41Z INFO [276/500] 0d9e75ee-53b0-4946-915c-6e685b82ef8d: valid; 1.0 s; peak memory 5071 MiB.
2026-09-21T21:38:43Z INFO [277/500] 0d9f058d-04fc-459a-b0dd-d15ee0aafae8: valid; 2.3 s; peak memory 5071 MiB.
2026-09-21T21:38:45Z INFO [278/500] 0d9f1ba7-cb6c-4dd5-a1bb-fa858afedac3: not valid; 1.9 s; peak memory 5071 MiB.
2026-09-21T21:38:46Z INFO [279/500] 0d9f3acc-9c15-4c64-b5a7-acf3c0f59575: valid; 1.4 s; peak memory 5071 MiB.
2026-09-21T21:38:48Z INFO [280/500] 0d9ffd2b-5e37-41a7-baf5-dc633ec9f753: valid; 1.9 s; peak memory 5071 MiB.
2026-09-21T21:38:50Z INFO [281/500] 0da03542-38de-47fa-ae15-3e4f9eb98fae: not valid; 2.0 s; peak memory 5071 MiB.
2026-09-21T21:38:52Z INFO [282/500] 0da0593f-5522-41f4-bef6-951a859feb03: valid; 1.8 s; peak memory 5071 MiB.
2026-09-21T21:38:53Z INFO [283/500] 0da07c4a-eb60-48a6-a63f-ccce4c5d12f6: valid; 1.3 s; peak memory 5071 MiB.
2026-09-21T21:38:59Z INFO [284/500] 0da0ec50-40f8-4aa9-bc51-9502fdf32d1f: valid; 6.2 s; peak memory 5071 MiB.
2026-09-21T21:39:02Z INFO [285/500] 0da1b9a5-978f-468b-9957-eb1ee443551c: valid; 2.5 s; peak memory 5071 MiB.
2026-09-21T21:39:03Z INFO [286/500] 0da1ca6e-ef24-426a-abc8-6a2eb1f17f8e: valid; 1.2 s; peak memory 5071 MiB.
2026-09-21T21:39:06Z INFO [287/500] 0da1fd88-8c54-4fae-bf15-eb3c8daf5d19: valid; 2.8 s; peak memory 5071 MiB.
2026-09-21T21:39:09Z INFO [288/500] 0da2f3f8-f513-47cd-a9cf-b57b455c1852: valid; 2.7 s; peak memory 5071 MiB.
2026-09-21T21:39:10Z INFO [289/500] 0da327cd-919e-46a6-aecc-c27bbf84fe2a: valid; 0.9 s; peak memory 5071 MiB.
2026-09-21T21:39:11Z INFO [290/500] 0da44035-e940-4097-8253-d7f4bd247f27: valid; 1.0 s; peak memory 5071 MiB.
2026-09-21T21:39:13Z INFO [291/500] 0da46ab7-df7d-4213-bb09-1b8d4f10501a: valid; 2.0 s; peak memory 5071 MiB.
2026-09-21T21:39:14Z INFO [292/500] 0da68d36-e4a2-489b-b537-cfcf65d767bb: valid; 1.4 s; peak memory 5071 MiB.
2026-09-21T21:39:15Z INFO [293/500] 0da6a22a-5364-4d30-ae8f-544bf3625b8e: valid; 1.3 s; peak memory 5071 MiB.
2026-09-21T21:39:17Z INFO [294/500] 0da6d1e7-2c16-435e-a296-97d21b87d6a7: not valid; 1.7 s; peak memory 5071 MiB.
2026-09-21T21:39:26Z INFO [295/500] 0da71954-f1c2-4a83-a123-c0647aa2c227: valid; 9.0 s; peak memory 5071 MiB.
2026-09-21T21:39:37Z INFO [296/500] 0da747dd-5579-4801-963c-5afa8e1d92da: valid; 11.3 s; peak memory 5071 MiB.
2026-09-21T21:39:38Z INFO [297/500] 0da75148-e16e-4df1-87b8-ff5f4b0dabbb: valid; 1.0 s; peak memory 5071 MiB.
2026-09-21T21:39:39Z INFO [298/500] 0da80289-fe78-4285-9f9f-f567f569a012: not valid; 1.0 s; peak memory 5071 MiB.
2026-09-21T21:39:39Z WARNING 0da86fce-918f-45b9-8d81-06a9e01faf5d: failed while retrieving asset information from the DANDI API (NotFoundError: No asset at path 'sub-parkinson-simulated-lfp/sub-parkinson-simulated-lfp_ses-3716_ecephys.nwb' in version 0.250327.2220. Verify the path is correct and the asset exists in this version. Use 'dandi ls' to list available assets.)
2026-09-21T21:39:42Z INFO [300/500] 0da8a16e-72f7-4949-a286-465e9633f530: valid; 2.8 s; peak memory 5071 MiB.
2026-09-21T21:39:43Z INFO [300/500] 0da8a16e-72f7-4949-a286-465e9633f530: checkpointed 73810 records.
2026-09-21T21:39:44Z INFO [301/500] 0da9322e-e705-424b-ac4d-fddf9745b7be: not valid; 0.9 s; peak memory 5071 MiB.
2026-09-21T21:39:44Z INFO [302/500] 0daa51d3-7843-4a65-894d-8164c78cc015: not valid; 1.0 s; peak memory 5071 MiB.
2026-09-21T21:39:46Z INFO [303/500] 0daab752-7c8d-43f0-a226-abb7c08bdbbc: not valid; 1.7 s; peak memory 5071 MiB.
2026-09-21T21:39:48Z INFO [304/500] 0dad5013-08aa-4d77-89ef-1234854e559f: valid; 2.1 s; peak memory 5071 MiB.
2026-09-21T21:39:50Z INFO [305/500] 0dae004a-a987-4fe5-a409-d1b9610cb8a3: valid; 1.4 s; peak memory 5071 MiB.
2026-09-21T21:39:51Z INFO [306/500] 0dae3657-2d1e-4d63-9b1c-546978095227: valid; 1.1 s; peak memory 5071 MiB.
2026-09-21T21:39:56Z INFO [307/500] 0daf09b4-5b07-4ddd-8a2c-a2d0ee623f48: valid; 5.0 s; peak memory 5071 MiB.
2026-09-21T21:39:58Z INFO [308/500] 0dafc08c-ad8f-4a3f-837e-f936addea8f1: valid; 2.7 s; peak memory 5071 MiB.
2026-09-21T21:40:01Z INFO [309/500] 0dafc21c-49b3-4f10-8652-1273299fcb2c: valid; 2.7 s; peak memory 5071 MiB.
2026-09-21T21:40:05Z INFO [310/500] 0db015ec-a40e-4fed-b00a-c01bc6158f57: not valid; 4.2 s; peak memory 5071 MiB.
2026-09-21T21:40:07Z INFO [311/500] 0db1c8a7-c85c-4861-b726-6a6fd8de9b70: not valid; 1.5 s; peak memory 5071 MiB.
2026-09-21T21:40:22Z INFO [312/500] 0db1e35a-1320-44bc-84b0-181b784ab3b5: valid; 15.4 s; peak memory 5096 MiB.
2026-09-21T21:40:24Z WARNING 0db1faeb-b4c5-485f-a8df-047a6a30e5d8: failed while opening the NWB file (ConstructError: (root/acquisition/_iblmic_audioSpectrogram/bands GroupBuilder {'attributes': {'colnames': array(['freq'], dtype=object), 'description': 'spectogram frequencies', 'namespace': 'core', 'neurodata_type': 'FrequencyBandsTable', 'object_id': 'c521e0bc-547f-4827-a9ee-9efbf3a6f50c'}, 'groups': {}, 'datasets': {'freq': root/acquisition/_iblmic_audioSpectrogram/bands/freq DatasetBuilder {'attributes': {'description': 'frequency value', 'namespace': 'hdmf-common', 'neurodata_type': 'VectorData', 'object_id': '31c7cd5b-0dc1-450c-a602-96eb126e05f3'}, 'data': <HDF5 dataset "freq": shape (257,), type "<f4">}, 'id': root/acquisition/_iblmic_audioSpectrogram/bands/id DatasetBuilder {'attributes': {'namespace': 'hdmf-common', 'neurodata_type': 'ElementIdentifiers', 'object_id': '253e4efd-00af-4c76-a969-636990bcbd4e'}, 'data': <HDF5 dataset "id": shape (257,), type "<i4">}}, 'links': {}}, "Could not construct FrequencyBandsTable object due to: column must have the same number of rows as 'id'"))
2026-09-21T21:40:26Z INFO [314/500] 0db26ae7-a0fe-4fcd-8749-e35a6aabda47: valid; 2.0 s; peak memory 5111 MiB.
2026-09-21T21:40:28Z INFO [315/500] 0db2f1dd-f39a-4d3c-bedd-ab2e346b923f: valid; 2.2 s; peak memory 5114 MiB.
2026-09-21T21:40:30Z INFO [316/500] 0db336c8-083e-4118-8671-647b7eeaeac8: valid; 1.6 s; peak memory 5120 MiB.
2026-09-21T21:40:31Z INFO [317/500] 0db35cc6-8915-46f7-8c4d-8604da8729c5: valid; 1.2 s; peak memory 5123 MiB.
2026-09-21T21:40:33Z INFO [318/500] 0db41acb-f57c-4304-9d5e-ee261174d621: valid; 1.8 s; peak memory 5131 MiB.
2026-09-21T21:40:34Z INFO [319/500] 0db445ec-5a66-4d0b-a5ce-fd6c5bb878bd: not valid; 1.4 s; peak memory 5131 MiB.
2026-09-21T21:40:36Z INFO [320/500] 0db46cb7-b377-4de5-8164-d9f60f42ea4c: valid; 1.9 s; peak memory 5136 MiB.
2026-09-21T21:40:39Z INFO [321/500] 0db4728e-85a3-42cc-a599-0be7b7375c7c: valid; 2.9 s; peak memory 5147 MiB.
2026-09-21T21:40:41Z INFO [322/500] 0db4ec04-3999-45d5-8372-52636a947bed: valid; 1.8 s; peak memory 5157 MiB.
2026-09-21T21:40:54Z INFO [323/500] 0db696a6-9e84-4f6b-8ce1-103597ee7576: valid; 12.9 s; peak memory 5170 MiB.
2026-09-21T21:40:55Z INFO [324/500] 0db70fb6-363a-4210-b1da-e5f960575f67: not valid; 1.4 s; peak memory 5170 MiB.
2026-09-21T21:41:05Z INFO [325/500] 0db72308-66db-48a5-96bd-2fcaa73ae263: valid; 9.4 s; peak memory 5180 MiB.
2026-09-21T21:41:06Z INFO [326/500] 0db7e6f0-a689-4393-bf6f-484110586f0c: valid; 1.3 s; peak memory 5180 MiB.
2026-09-21T21:41:08Z INFO [327/500] 0db86312-20f6-4c28-99c7-422154702f93: valid; 1.9 s; peak memory 5182 MiB.
2026-09-21T21:41:10Z INFO [328/500] 0db865bf-d1cf-4dd0-a462-8db65348445f: not valid; 1.8 s; peak memory 5183 MiB.
2026-09-21T21:41:10Z WARNING 0db88950-3705-44d2-ad64-c03d89821d60: failed while retrieving asset information from the DANDI API (NotFoundError: No asset at path 'sub-440957/sub-440957_ses-20190211T143614_behavior+ecephys+ogen.nwb' in version 0.231012.2129. Verify the path is correct and the asset exists in this version. Use 'dandi ls' to list available assets.)
2026-09-21T21:41:12Z INFO [330/500] 0db918a8-665e-4e97-a85c-31d27b6aec1d: valid; 1.9 s; peak memory 5191 MiB.
2026-09-21T21:41:14Z INFO [331/500] 0db9223e-bd21-42d5-9ade-7977aaf03a9d: valid; 2.6 s; peak memory 5191 MiB.
2026-09-21T21:41:16Z INFO [332/500] 0db93069-7fb4-422f-ae4a-a35822b48aad: valid; 1.4 s; peak memory 5191 MiB.
2026-09-21T21:41:19Z INFO [333/500] 0dba6dc6-4735-4b6f-8a98-6fb5a855c309: valid; 3.7 s; peak memory 5195 MiB.
2026-09-21T21:41:23Z INFO [334/500] 0dba8b55-6d5f-4257-980b-0b6f6c7d9f3f: valid; 3.2 s; peak memory 5198 MiB.
2026-09-21T21:41:24Z INFO [335/500] 0dbb0403-59e4-44de-a0a5-a30dccd78864: valid; 0.9 s; peak memory 5198 MiB.
2026-09-21T21:41:25Z WARNING 0dbb4c97-1ae5-40b9-ba59-89f6f351008f: failed while opening the NWB file (ConstructError: (root/acquisition/_iblmic_audioSpectrogram/bands GroupBuilder {'attributes': {'colnames': array(['freq'], dtype=object), 'description': 'spectogram frequencies', 'namespace': 'core', 'neurodata_type': 'FrequencyBandsTable', 'object_id': 'a978c4cb-28e9-4ac1-ab1f-561e92f5fa99'}, 'groups': {}, 'datasets': {'freq': root/acquisition/_iblmic_audioSpectrogram/bands/freq DatasetBuilder {'attributes': {'description': 'frequency value', 'namespace': 'hdmf-common', 'neurodata_type': 'VectorData', 'object_id': '323a69ca-3f41-4737-bfc6-047efb9672fb'}, 'data': <HDF5 dataset "freq": shape (257,), type "<f4">}, 'id': root/acquisition/_iblmic_audioSpectrogram/bands/id DatasetBuilder {'attributes': {'namespace': 'hdmf-common', 'neurodata_type': 'ElementIdentifiers', 'object_id': 'b81520c2-b644-40fd-b758-1d4cefbea004'}, 'data': <HDF5 dataset "id": shape (257,), type "<i4">}}, 'links': {}}, "Could not construct FrequencyBandsTable object due to: column must have the same number of rows as 'id'"))
2026-09-21T21:41:27Z INFO [337/500] 0dbb5533-facc-40c0-9c7c-11e363a300ec: valid; 1.3 s; peak memory 5198 MiB.
2026-09-21T21:41:29Z INFO [338/500] 0dbc5aa0-1aa2-43ee-ba2d-7dd46a13b27c: valid; 2.2 s; peak memory 5198 MiB.
2026-09-21T21:41:41Z INFO [339/500] 0dbca4c9-aee1-4cf7-b82e-ad487143d55c: valid; 11.8 s; peak memory 5198 MiB.
2026-09-21T21:41:43Z INFO [340/500] 0dbd17b3-db36-442e-98b2-4f2284a60849: valid; 2.5 s; peak memory 5201 MiB.
2026-09-21T21:41:45Z INFO [341/500] 0dbda80c-ddd7-40f8-80e1-edadf259c030: valid; 1.5 s; peak memory 5202 MiB.
2026-09-21T21:41:48Z INFO [342/500] 0dbe7321-248c-41d3-8626-ee162aaa3ebe: valid; 3.0 s; peak memory 5204 MiB.
2026-09-21T21:41:49Z INFO [343/500] 0dbf34b4-5dc0-4ad3-a9af-21d082afc25f: valid; 1.3 s; peak memory 5204 MiB.
2026-09-21T21:41:51Z INFO [344/500] 0dbf6025-cbcf-4529-b792-b9243724ffc1: valid; 1.9 s; peak memory 5206 MiB.
2026-09-21T21:41:54Z INFO [345/500] 0dbf9ff8-30c3-43a2-9f3f-66dfe80eb7be: valid; 3.2 s; peak memory 5207 MiB.
2026-09-21T21:41:54Z WARNING 0dbfe9e4-f713-4c22-a63a-31a97121f099: failed while retrieving asset information from the DANDI API (NotFoundError: No asset at path 'sub-parkinson-simulated-lfp/sub-parkinson-simulated-lfp_ses-4306_ecephys.nwb' in version 0.250327.2220. Verify the path is correct and the asset exists in this version. Use 'dandi ls' to list available assets.)
2026-09-21T21:41:56Z INFO [347/500] 0dc093ce-66ac-4f23-84ce-a6a6987c9000: not valid; 1.8 s; peak memory 5208 MiB.
2026-09-21T21:41:57Z INFO [348/500] 0dc096d4-d417-41f6-b7bc-79c14690d3c5: valid; 1.2 s; peak memory 5208 MiB.
2026-09-21T21:42:23Z INFO [349/500] 0dc124f8-1cf4-40e0-9af6-edf5cf2a07fb: not valid; 26.4 s; peak memory 5380 MiB.
2026-09-21T21:42:25Z INFO [350/500] 0dc13c63-6f17-4e4f-8925-9c0fcf289559: not valid; 2.0 s; peak memory 5383 MiB.
2026-09-21T21:42:26Z INFO [350/500] 0dc13c63-6f17-4e4f-8925-9c0fcf289559: checkpointed 73860 records.
2026-09-21T21:42:28Z INFO [351/500] 0dc16a70-3577-4516-b639-88fc765423dd: valid; 1.7 s; peak memory 5386 MiB.
2026-09-21T21:42:30Z INFO [352/500] 0dc189fc-3699-408d-9f3b-4d11b9bcd87d: valid; 2.0 s; peak memory 5397 MiB.
2026-09-21T21:42:32Z INFO [353/500] 0dc211eb-9eb8-46bb-b26e-b98e7f8b78a0: valid; 2.1 s; peak memory 5404 MiB.
2026-09-21T21:42:33Z INFO [354/500] 0dc27840-a776-4a51-8255-e9a3c50541d9: valid; 1.1 s; peak memory 5407 MiB.
2026-09-21T21:42:46Z INFO [355/500] 0dc31b06-daef-44c9-bac4-1694c9e6ee21: valid; 13.6 s; peak memory 5491 MiB.
2026-09-21T21:42:48Z INFO [356/500] 0dc3715f-8604-4673-a41f-90ee7961d600: valid; 1.2 s; peak memory 5493 MiB.
2026-09-21T21:42:49Z INFO [357/500] 0dc3773b-ea08-457a-a9e8-ff6c12d1d003: valid; 1.0 s; peak memory 5495 MiB.
2026-09-21T21:42:50Z INFO [358/500] 0dc3da0a-6971-440b-9e03-cd3f21b5e66a: valid; 1.4 s; peak memory 5497 MiB.
2026-09-21T21:42:52Z INFO [359/500] 0dc414a0-a773-49f2-9664-5db4506a6fd2: not valid; 2.3 s; peak memory 5498 MiB.
2026-09-21T21:42:54Z INFO [360/500] 0dc418ea-9fa3-4ae7-9932-169bc0b64aaa: valid; 2.0 s; peak memory 5498 MiB.
2026-09-21T21:42:56Z INFO [361/500] 0dc41a3a-4b82-4105-b656-353bdf0bf3e7: valid; 2.1 s; peak memory 5498 MiB.
2026-09-21T21:43:01Z INFO [362/500] 0dc43b5b-ce77-439b-b503-9dbb6e710b3f: not valid; 5.0 s; peak memory 5499 MiB.
2026-09-21T21:43:03Z INFO [363/500] 0dc4613c-6f00-4817-a6d3-9ca3d65572a2: valid; 1.2 s; peak memory 5499 MiB.
2026-09-21T21:44:50Z INFO [364/500] 0dc48760-578a-4274-8583-3881fabb6c76: valid; 107.1 s; peak memory 5808 MiB.
2026-09-21T21:44:51Z INFO [365/500] 0dc496a1-1dae-404b-9ea6-b7b5f0cc0ea8: valid; 1.5 s; peak memory 5808 MiB.
2026-09-21T21:44:53Z INFO [366/500] 0dc4d52e-ce2c-48bc-99d1-9a6e5f5c3c41: not valid; 1.8 s; peak memory 5808 MiB.
2026-09-21T21:44:56Z INFO [367/500] 0dc51bea-7ea9-460f-81ed-79c4bbcff58f: valid; 2.5 s; peak memory 5808 MiB.
2026-09-21T21:45:09Z INFO [368/500] 0dc67fec-24fe-4a74-b15f-c47743859114: valid; 13.8 s; peak memory 5920 MiB.
2026-09-21T21:45:11Z INFO [369/500] 0dc69fcc-1702-40ef-9762-0dba0a0d7778: valid; 1.4 s; peak memory 5920 MiB.
2026-09-21T21:45:14Z INFO [370/500] 0dc6efd5-b8c1-4a48-bdf6-dfe621410fbb: valid; 2.8 s; peak memory 5920 MiB.
2026-09-21T21:45:16Z INFO [371/500] 0dc73ce2-6c58-4400-91d0-2d9ffa2fc662: valid; 2.7 s; peak memory 5920 MiB.
2026-09-21T21:45:18Z INFO [372/500] 0dc7cb8f-26a8-4406-9a9b-c743f1117ec5: valid; 1.9 s; peak memory 5920 MiB.
2026-09-21T21:45:19Z INFO [373/500] 0dc8ca45-0937-4b7a-9ab9-ad0d635874b2: valid; 1.3 s; peak memory 5920 MiB.
2026-09-21T21:45:22Z INFO [374/500] 0dc8d2ea-7539-47da-b8f9-04434e8af3d8: valid; 2.7 s; peak memory 5920 MiB.
2026-09-21T21:45:27Z INFO [375/500] 0dc961df-f8bb-4e5f-9f44-699981190e4e: valid; 4.4 s; peak memory 5920 MiB.
2026-09-21T21:45:29Z INFO [376/500] 0dca53a0-148d-4c9f-ada6-5cebf2826420: valid; 2.5 s; peak memory 5920 MiB.
2026-09-21T21:45:48Z INFO [377/500] 0dcaa4f1-17d6-4459-9e5d-703180433389: not valid; 19.2 s; peak memory 5920 MiB.
2026-09-21T21:45:50Z INFO [378/500] 0dcaaa42-1aec-4f5a-b0f5-3a716adb3ac3: not valid; 1.6 s; peak memory 5920 MiB.
2026-09-21T21:45:53Z INFO [379/500] 0dcae00b-8c24-4649-83c2-a3c00dd858bd: not valid; 2.8 s; peak memory 5920 MiB.
2026-09-21T21:45:58Z INFO [380/500] 0dcb11ce-a5ae-40ba-ab37-480db74804b0: not valid; 5.3 s; peak memory 5927 MiB.
2026-09-21T21:46:00Z INFO [381/500] 0dcb177e-4bd8-48d0-990e-3873d3dd7b16: valid; 2.4 s; peak memory 5929 MiB.
2026-09-21T21:46:02Z INFO [382/500] 0dcc350f-9327-4018-9d67-ec1d1d54ab83: valid; 1.2 s; peak memory 5930 MiB.
2026-09-21T21:46:03Z INFO [383/500] 0dcc4979-2b35-49f0-85ae-e36302fabfe1: valid; 1.3 s; peak memory 5931 MiB.
2026-09-21T21:46:05Z WARNING 0dcc9080-a4c4-46e2-90a1-68fd025efe9b: failed while opening the NWB file (ConstructError: (root/acquisition/_iblmic_audioSpectrogram/bands GroupBuilder {'attributes': {'colnames': array(['freq'], dtype=object), 'description': 'spectogram frequencies', 'namespace': 'core', 'neurodata_type': 'FrequencyBandsTable', 'object_id': '84603189-10b7-44e5-a2ec-6cf574a764e1'}, 'groups': {}, 'datasets': {'freq': root/acquisition/_iblmic_audioSpectrogram/bands/freq DatasetBuilder {'attributes': {'description': 'frequency value', 'namespace': 'hdmf-common', 'neurodata_type': 'VectorData', 'object_id': 'c65b0e8a-40ae-44dc-8458-2a81e62995a6'}, 'data': <HDF5 dataset "freq": shape (257,), type "<f4">}, 'id': root/acquisition/_iblmic_audioSpectrogram/bands/id DatasetBuilder {'attributes': {'namespace': 'hdmf-common', 'neurodata_type': 'ElementIdentifiers', 'object_id': 'd4e9a3d2-d44a-4b28-be5d-44d6ae409fe9'}, 'data': <HDF5 dataset "id": shape (257,), type "<i4">}}, 'links': {}}, "Could not construct FrequencyBandsTable object due to: column must have the same number of rows as 'id'"))
2026-09-21T21:46:06Z INFO [385/500] 0dccb804-a4a2-4fbe-9010-86a8243e89dc: valid; 0.9 s; peak memory 5932 MiB.
2026-09-21T21:46:07Z INFO [386/500] 0dcd6594-5ac6-4dce-ab18-d19b59bfbde0: valid; 1.2 s; peak memory 5932 MiB.
2026-09-21T21:46:09Z INFO [387/500] 0dcdbb51-f5ba-4ece-8375-bd5827ec3091: valid; 1.6 s; peak memory 5933 MiB.
2026-09-21T21:48:10Z INFO [388/500] 0dcea441-5f9a-4c6a-b9c6-e0531d292d63: valid; 121.8 s; peak memory 6316 MiB.
2026-09-21T21:48:13Z INFO [389/500] 0dcee32d-f83e-4fc8-ab7e-e88806da47f2: valid; 2.6 s; peak memory 6316 MiB.
2026-09-21T21:48:14Z INFO [390/500] 0dcfac3e-6f02-4ace-8816-b1369d9c5499: valid; 1.4 s; peak memory 6316 MiB.
2026-09-21T21:48:16Z INFO [391/500] 0dcfbad9-ff90-495a-9e5d-ac8c6004d757: not valid; 1.8 s; peak memory 6316 MiB.
2026-09-21T21:48:18Z INFO [392/500] 0dd00704-7578-469d-a71a-74cefab4e34d: valid; 2.3 s; peak memory 6316 MiB.
2026-09-21T21:48:18Z WARNING 0dd09a83-9408-4fed-86e7-3890bd397ca2: failed while retrieving asset information from the DANDI API (NotFoundError: No such Dandiset: 000561)
2026-09-21T21:48:20Z INFO [394/500] 0dd0b0ee-705c-44d8-8003-0e8dd0fd688e: valid; 1.3 s; peak memory 6316 MiB.
2026-09-21T21:48:29Z INFO [395/500] 0dd0fe9f-fe1f-49ce-bba7-37ec28503b8a: valid; 9.3 s; peak memory 6316 MiB.
2026-09-21T21:48:30Z INFO [396/500] 0dd10aa2-0ea4-4203-bf5e-8b0473b24b04: not valid; 1.5 s; peak memory 6316 MiB.
2026-09-21T21:48:38Z INFO [397/500] 0dd1a198-f357-402f-bffa-fc12d02ed299: valid; 7.5 s; peak memory 6316 MiB.
2026-09-21T21:48:39Z INFO [398/500] 0dd1b77f-410a-4bae-80c9-4b1ccdd841a6: valid; 1.2 s; peak memory 6316 MiB.
2026-09-21T21:49:12Z INFO [399/500] 0dd1e647-1332-4ada-a665-171cb72101a9: not valid; 32.9 s; peak memory 6316 MiB.
2026-09-21T21:49:13Z INFO [400/500] 0dd1eca8-6106-4bac-8713-5011c7599244: not valid; 1.5 s; peak memory 6316 MiB.
2026-09-21T21:49:14Z INFO [400/500] 0dd1eca8-6106-4bac-8713-5011c7599244: checkpointed 73910 records.
2026-09-21T21:49:15Z INFO [401/500] 0dd1ef22-865e-4072-9f32-a21bab72f7df: valid; 1.2 s; peak memory 6316 MiB.
2026-09-21T21:49:17Z INFO [402/500] 0dd1fa20-6b19-4b4b-b180-a56b8b25d946: valid; 1.4 s; peak memory 6316 MiB.
2026-09-21T21:49:18Z WARNING 0dd20e6b-7690-4069-b5b0-2cbb85f20e52: failed while opening the NWB file (ConstructError: (root/acquisition/_iblmic_audioSpectrogram/bands GroupBuilder {'attributes': {'colnames': array(['freq'], dtype=object), 'description': 'spectogram frequencies', 'namespace': 'core', 'neurodata_type': 'FrequencyBandsTable', 'object_id': '04bf0f11-50ac-417f-9c0e-cf70c0a86636'}, 'groups': {}, 'datasets': {'freq': root/acquisition/_iblmic_audioSpectrogram/bands/freq DatasetBuilder {'attributes': {'description': 'frequency value', 'namespace': 'hdmf-common', 'neurodata_type': 'VectorData', 'object_id': '13ae6c92-3ec6-4cb9-bd98-6639eaa3aef0'}, 'data': <HDF5 dataset "freq": shape (257,), type "<f4">}, 'id': root/acquisition/_iblmic_audioSpectrogram/bands/id DatasetBuilder {'attributes': {'namespace': 'hdmf-common', 'neurodata_type': 'ElementIdentifiers', 'object_id': '4b9a6584-d8ce-440a-acad-2f1d3d89f81b'}, 'data': <HDF5 dataset "id": shape (257,), type "<i4">}}, 'links': {}}, "Could not construct FrequencyBandsTable object due to: column must have the same number of rows as 'id'"))
2026-09-21T21:49:20Z INFO [404/500] 0dd2473d-8778-49ff-ae11-4604bb0749b4: valid; 1.2 s; peak memory 6316 MiB.
2026-09-21T21:49:21Z INFO [405/500] 0dd2aafc-6b18-4921-a86f-a9345ac629fb: valid; 1.0 s; peak memory 6316 MiB.
2026-09-21T21:49:24Z INFO [406/500] 0dd4b209-8445-45ee-ab8d-5842d488c926: valid; 3.1 s; peak memory 6316 MiB.
2026-09-21T21:49:25Z INFO [407/500] 0dd54404-6551-454e-b3dd-1d160609e0c0: valid; 1.4 s; peak memory 6316 MiB.
2026-09-21T21:49:27Z WARNING 0dd5843a-3a68-45c1-8e31-6d56a7b7e467: failed while opening the NWB file (ConstructError: (root/acquisition/_iblmic_audioSpectrogram/bands GroupBuilder {'attributes': {'colnames': array(['freq'], dtype=object), 'description': 'spectogram frequencies', 'namespace': 'core', 'neurodata_type': 'FrequencyBandsTable', 'object_id': 'bb3b8500-49c8-4d0e-8fc4-2076754564ce'}, 'groups': {}, 'datasets': {'freq': root/acquisition/_iblmic_audioSpectrogram/bands/freq DatasetBuilder {'attributes': {'description': 'frequency value', 'namespace': 'hdmf-common', 'neurodata_type': 'VectorData', 'object_id': '5b2b52a5-07d2-4a93-a89f-ab2b25ad2b21'}, 'data': <HDF5 dataset "freq": shape (257,), type "<f4">}, 'id': root/acquisition/_iblmic_audioSpectrogram/bands/id DatasetBuilder {'attributes': {'namespace': 'hdmf-common', 'neurodata_type': 'ElementIdentifiers', 'object_id': '64f2c1a9-843f-46c4-86a3-3ffc1e134d27'}, 'data': <HDF5 dataset "id": shape (257,), type "<i4">}}, 'links': {}}, "Could not construct FrequencyBandsTable object due to: column must have the same number of rows as 'id'"))
2026-09-21T21:49:29Z INFO [409/500] 0dd61896-f010-4aeb-96e7-198bfa0e2d00: valid; 2.2 s; peak memory 6316 MiB.
2026-09-21T21:49:31Z INFO [410/500] 0dd6c3a5-d5d7-4657-acd3-17cb31928db3: not valid; 1.5 s; peak memory 6316 MiB.
2026-09-21T21:49:33Z INFO [411/500] 0dd72264-de59-4b68-835e-27f059e936a9: valid; 1.9 s; peak memory 6316 MiB.
2026-09-21T21:49:47Z INFO [412/500] 0dd77c9c-2959-4997-ae02-44f4f7a036f8: valid; 14.3 s; peak memory 6402 MiB.
2026-09-21T21:49:49Z INFO [413/500] 0dd802e1-c425-4d07-8fe3-d6e511a2c9c3: valid; 2.0 s; peak memory 6402 MiB.
2026-09-21T21:49:50Z INFO [414/500] 0dd837ba-3ad3-4645-aa86-53deef35a89a: valid; 1.3 s; peak memory 6402 MiB.
2026-09-21T21:49:52Z INFO [415/500] 0dd87478-8aa4-428a-913d-d5ada507b1ea: not valid; 1.5 s; peak memory 6402 MiB.
2026-09-21T21:49:53Z INFO [416/500] 0dd98225-48ba-40b8-a19e-5f580b4e3975: valid; 1.4 s; peak memory 6402 MiB.
2026-09-21T21:49:55Z INFO [417/500] 0dd9b118-b99d-4c5c-b816-4ae2250a9321: valid; 1.5 s; peak memory 6402 MiB.
2026-09-21T21:49:56Z INFO [418/500] 0dd9e8c9-fb1f-4acb-89aa-7d1e2ad98e91: valid; 1.5 s; peak memory 6402 MiB.
2026-09-21T21:49:58Z INFO [419/500] 0ddaa92a-d52b-4f63-93f4-5cfb62802a3e: valid; 2.2 s; peak memory 6402 MiB.
2026-09-21T21:49:59Z INFO [420/500] 0ddaec9f-a80a-477e-a4fe-7a56f665e9b4: valid; 1.2 s; peak memory 6402 MiB.
2026-09-21T21:50:12Z INFO [421/500] 0ddb40e2-abe3-4c89-b722-61f0692b5130: valid; 12.2 s; peak memory 6432 MiB.
2026-09-21T21:50:14Z INFO [422/500] 0ddb841b-bc37-4d67-85c3-ce71bc1de06c: valid; 2.7 s; peak memory 6434 MiB.
2026-09-21T21:50:15Z INFO [423/500] 0ddba8b3-7b84-48f8-b77b-d7ff795d0bd0: valid; 1.2 s; peak memory 6434 MiB.
2026-09-21T21:50:34Z INFO [424/500] 0ddbb404-861e-42d2-84c2-d58c68d9d9d4: valid; 18.6 s; peak memory 6457 MiB.
2026-09-21T21:50:36Z INFO [425/500] 0ddbfe92-1432-4c24-b656-82356bd3fff9: valid; 2.2 s; peak memory 6462 MiB.
2026-09-21T21:50:38Z INFO [426/500] 0ddc2149-621a-4e86-a0ef-bba1eb0f1dc2: valid; 1.5 s; peak memory 6464 MiB.
2026-09-21T21:50:39Z INFO [427/500] 0ddc3088-18bf-432b-a4d9-7d479c04bf9c: valid; 1.8 s; peak memory 6472 MiB.
2026-09-21T21:50:41Z INFO [428/500] 0ddc4bb5-7e05-4f76-80e2-a260a7bf4c57: not valid; 1.1 s; peak memory 6473 MiB.
2026-09-21T21:50:45Z INFO [429/500] 0ddc7ab3-960a-42ea-b731-6db9fefaf77f: valid; 4.6 s; peak memory 6484 MiB.
2026-09-21T21:50:46Z INFO [430/500] 0ddc93b1-f2ad-4cd7-856e-a3ba91d9d7d9: valid; 1.2 s; peak memory 6487 MiB.
2026-09-21T21:50:50Z INFO [431/500] 0ddcb548-d8ca-4e0a-af8f-9dea4d2709d9: valid; 4.0 s; peak memory 6493 MiB.
2026-09-21T21:50:58Z INFO [432/500] 0ddce02c-dac6-48ac-9d69-78a6d647a97b: valid; 7.2 s; peak memory 6509 MiB.
2026-09-21T21:51:01Z INFO [433/500] 0dddf534-a462-4c90-ab7e-d47705341c41: valid; 3.3 s; peak memory 6517 MiB.
2026-09-21T21:51:02Z INFO [434/500] 0dddfb2b-831b-47bf-b94b-26768ca2d1fd: valid; 1.5 s; peak memory 6519 MiB.
2026-09-21T21:51:05Z INFO [435/500] 0dde69d3-744a-4e1e-86a4-0b2f6b025db0: valid; 2.3 s; peak memory 6524 MiB.
2026-09-21T21:51:05Z WARNING 0dde7cbc-c17d-407b-93b8-bcda75c59aa2: failed while retrieving asset information from the DANDI API (NotFoundError: No asset at path 'sub-441666/sub-441666_ses-20190516T152922_behavior+ecephys+ogen.nwb' in version 0.231012.2129. Verify the path is correct and the asset exists in this version. Use 'dandi ls' to list available assets.)
2026-09-21T21:51:06Z INFO [437/500] 0ddec698-73ee-4211-83d6-467b88e346a9: valid; 1.3 s; peak memory 6524 MiB.
2026-09-21T21:51:08Z INFO [438/500] 0de01cec-125e-4f67-8f64-5f0e9442708b: valid; 1.8 s; peak memory 6524 MiB.
2026-09-21T21:51:09Z INFO [439/500] 0de0ad58-3b25-46ab-a77d-2efb91cf591f: valid; 1.2 s; peak memory 6524 MiB.
2026-09-21T21:51:11Z INFO [440/500] 0de19337-93b9-47ab-9e97-634b3f52084a: not valid; 2.5 s; peak memory 6524 MiB.
2026-09-21T21:51:13Z INFO [441/500] 0de217b6-edc8-4707-b323-dac240dd8ec4: not valid; 1.8 s; peak memory 6524 MiB.
2026-09-21T21:51:15Z INFO [442/500] 0de27887-d63b-4667-a0f7-156d21206d1c: not valid; 1.5 s; peak memory 6524 MiB.
2026-09-21T21:51:16Z INFO [443/500] 0de28329-eaac-4080-b0fb-3a437d250825: valid; 1.2 s; peak memory 6524 MiB.
2026-09-21T21:51:17Z INFO [444/500] 0de3a840-a75b-4b2e-bb0b-ccb600855eb3: valid; 1.2 s; peak memory 6524 MiB.
2026-09-21T21:51:19Z INFO [445/500] 0de4b4f3-bb96-47cb-a6e5-f3d9f617ab3a: valid; 1.4 s; peak memory 6524 MiB.
2026-09-21T21:51:20Z INFO [446/500] 0de4ca38-e8ca-43ca-a448-d3dff4b09b3f: valid; 1.2 s; peak memory 6524 MiB.
2026-09-21T21:51:22Z INFO [447/500] 0de56f53-ad8e-4333-833a-b7d71f4f0c7e: valid; 2.4 s; peak memory 6524 MiB.
2026-09-21T21:51:36Z INFO [448/500] 0de5a221-3249-497f-8907-aa1624021024: valid; 14.3 s; peak memory 6524 MiB.
2026-09-21T21:51:40Z INFO [449/500] 0de604f6-b1a8-4fe1-bc83-155a56469285: not valid; 3.3 s; peak memory 6524 MiB.
2026-09-21T21:51:42Z INFO [450/500] 0de62f2a-80bf-42da-9da9-f68af72c2dc0: valid; 2.4 s; peak memory 6524 MiB.
2026-09-21T21:51:43Z INFO [450/500] 0de62f2a-80bf-42da-9da9-f68af72c2dc0: checkpointed 73960 records.
2026-09-21T21:51:44Z INFO [451/500] 0de63e9c-1af5-47e4-913d-4b5f67726972: valid; 1.4 s; peak memory 6524 MiB.
2026-09-21T21:51:46Z INFO [452/500] 0de66f76-7106-48e7-ac8a-5fe2ec52ac73: valid; 1.9 s; peak memory 6524 MiB.
2026-09-21T21:51:51Z INFO [453/500] 0de70204-863e-4f6d-ae31-74df6321996d: valid; 5.3 s; peak memory 6524 MiB.
2026-09-21T21:51:59Z INFO [454/500] 0de7a998-390d-448e-8b9c-09f4e2260ebe: valid; 7.6 s; peak memory 6524 MiB.
2026-09-21T21:52:03Z INFO [455/500] 0de7cf10-8e35-4d7d-9184-f2d83cda3115: valid; 4.0 s; peak memory 6524 MiB.
2026-09-21T21:52:05Z WARNING 0de89083-f856-494c-b2a2-85ba753093e9: failed while opening the NWB file (ConstructError: (root/acquisition/event_code_meanings GroupBuilder {'attributes': {'colnames': array(['value', 'meaning'], dtype=object), 'description': 'Mapping integer event codes to event labels', 'namespace': 'ndx-events', 'neurodata_type': 'MeaningsTable', 'object_id': '34b50f65-076b-4508-b519-00cb106dd217'}, 'groups': {}, 'datasets': {'id': root/acquisition/event_code_meanings/id DatasetBuilder {'attributes': {'namespace': 'hdmf-common', 'neurodata_type': 'ElementIdentifiers', 'object_id': '19f7a9a3-4a64-462c-b27c-f423753671e1'}, 'data': <HDF5 dataset "id": shape (26,), type "<i8">}, 'meaning': root/acquisition/event_code_meanings/meaning DatasetBuilder {'attributes': {'description': 'The meaning of the value in the parent CategoricalVectorData object.', 'namespace': 'hdmf-experimental', 'neurodata_type': 'VectorData', 'object_id': '5cf8df93-601d-4cc0-93b2-266f0c597494'}, 'data': <StrDataset for HDF5 dataset "meaning": shape (26,), type "|O">}, 'value': root/acquisition/event_code_meanings/value DatasetBuilder {'attributes': {'description': 'The value of the parent CategoricalVectorData object.', 'namespace': 'hdmf-experimental', 'neurodata_type': 'VectorData', 'object_id': '41df95c6-b594-474a-a4cf-bb105b2b2671'}, 'data': <HDF5 dataset "value": shape (26,), type "<i8">}}, 'links': {}}, "Could not construct MeaningsTable object due to: MeaningsTable.__init__: missing argument 'target'"))
2026-09-21T21:52:06Z INFO [457/500] 0de95cb7-e4fa-440c-8f79-f965ec9b14ca: valid; 1.2 s; peak memory 6524 MiB.
2026-09-21T21:52:07Z INFO [458/500] 0de9753a-0f84-41eb-af09-594f34cac2d4: valid; 1.1 s; peak memory 6524 MiB.
2026-09-21T21:52:09Z INFO [459/500] 0de97a5d-d3b4-49d0-bc0d-b4a1e415cff0: valid; 2.4 s; peak memory 6524 MiB.
2026-09-21T21:52:12Z INFO [460/500] 0de9b61d-a124-4a8d-8f66-dd00638a672d: valid; 2.2 s; peak memory 6524 MiB.
2026-09-21T21:52:16Z INFO [461/500] 0de9d9a2-7477-45a9-8432-656d935b3fdd: valid; 4.2 s; peak memory 6526 MiB.
2026-09-21T21:52:17Z INFO [462/500] 0de9fbb7-5309-483a-9dd7-a4f79f6b0b26: valid; 1.3 s; peak memory 6527 MiB.
2026-09-21T21:52:20Z INFO [463/500] 0dea1d5f-761e-4661-91de-6f8a7bd3303a: valid; 2.6 s; peak memory 6528 MiB.
2026-09-21T21:52:22Z INFO [464/500] 0debc59a-0e24-4af4-87e5-3829d1039422: not valid; 2.8 s; peak memory 6531 MiB.
2026-09-21T21:52:28Z INFO [465/500] 0dec427d-4db4-44c3-988a-c37959ceaff3: valid; 5.2 s; peak memory 6531 MiB.
2026-09-21T21:52:29Z INFO [466/500] 0ded4a63-d1cc-4e5d-8d22-fe85877b898a: not valid; 1.4 s; peak memory 6531 MiB.
2026-09-21T21:52:31Z INFO [467/500] 0dee1a62-4038-4228-8c58-411423a19263: valid; 2.5 s; peak memory 6531 MiB.
2026-09-21T21:52:35Z INFO [468/500] 0dee8816-00c8-4b01-bc37-d08aee7c9798: not valid; 3.8 s; peak memory 6535 MiB.
2026-09-21T21:52:38Z INFO [469/500] 0deec404-d239-4790-b0bf-90b49a9e720b: valid; 2.6 s; peak memory 6548 MiB.
2026-09-21T21:52:39Z INFO [470/500] 0deec570-906e-4ce9-af7f-d38431223a5c: valid; 1.2 s; peak memory 6548 MiB.
2026-09-21T21:52:40Z INFO [471/500] 0def3147-eec5-4ace-92ce-dc81a896978a: valid; 1.2 s; peak memory 6548 MiB.
2026-09-21T21:52:44Z INFO [472/500] 0defee42-d5b6-4d46-96ca-fe408681b9eb: not valid; 3.7 s; peak memory 6550 MiB.
2026-09-21T21:52:46Z INFO [473/500] 0df00222-802f-4aa1-899e-60f23fad356d: valid; 2.0 s; peak memory 6551 MiB.
2026-09-21T21:52:50Z INFO [474/500] 0df119ee-a079-44d9-af40-4b0df0c030b3: not valid; 3.8 s; peak memory 6553 MiB.
2026-09-21T21:52:51Z INFO [475/500] 0df15fed-0f38-4fc9-840a-fa53ac11f98f: valid; 1.2 s; peak memory 6553 MiB.
2026-09-21T21:52:55Z INFO [476/500] 0df201dc-3148-41b6-8767-81a6c2abac5f: valid; 3.9 s; peak memory 6555 MiB.
2026-09-21T21:52:57Z INFO [477/500] 0df23682-359d-4089-95d1-51d9f7d755e1: valid; 2.1 s; peak memory 6557 MiB.
2026-09-21T21:52:58Z INFO [478/500] 0df24e09-ae07-4bb3-87c8-60eb9d396cdb: not valid; 1.5 s; peak memory 6558 MiB.
2026-09-21T21:53:00Z INFO [479/500] 0df2dbc8-b84a-46ce-8dcb-96bc741b760c: valid; 1.3 s; peak memory 6559 MiB.
2026-09-21T21:53:01Z INFO [480/500] 0df31d71-7383-4988-88c5-250dc4a245cf: valid; 1.6 s; peak memory 6560 MiB.
2026-09-21T21:53:19Z INFO [481/500] 0df356c9-40c0-479a-b821-5d7d5d58f77f: valid; 17.6 s; peak memory 6590 MiB.
2026-09-21T21:53:21Z INFO [482/500] 0df38bd3-648c-4905-96ee-dd6103f67ea4: valid; 1.8 s; peak memory 6600 MiB.
2026-09-21T21:53:23Z INFO [483/500] 0df3c1b7-d824-43d6-9b3e-5f78a4c524ad: not valid; 2.0 s; peak memory 6611 MiB.
2026-09-21T21:53:26Z INFO [484/500] 0df3cad7-b443-4a25-9d04-2239e895e21d: not valid; 3.8 s; peak memory 6615 MiB.
2026-09-21T21:53:28Z INFO [485/500] 0df4860b-c35b-4fcd-bc9c-8707f69bce91: valid; 1.3 s; peak memory 6616 MiB.
2026-09-21T21:53:30Z INFO [486/500] 0df4c128-cd58-4601-a7b6-250fc134311b: valid; 2.2 s; peak memory 6618 MiB.
2026-09-21T21:53:33Z INFO [487/500] 0df51055-23d0-4131-a93d-0f9cce724868: valid; 2.8 s; peak memory 6622 MiB.
2026-09-21T21:53:34Z INFO [488/500] 0df529cc-885f-425a-9bdf-0abb9ae04d40: valid; 1.2 s; peak memory 6622 MiB.
2026-09-21T21:53:37Z INFO [489/500] 0df5ab34-97be-45bb-a9ee-6acc461492ec: valid; 2.8 s; peak memory 6622 MiB.
2026-09-21T21:53:38Z WARNING 0df698d8-695e-45bf-83a1-400478dcb099: failed while opening the NWB file (ConstructError: (root/acquisition/event_code_meanings GroupBuilder {'attributes': {'colnames': array(['value', 'meaning'], dtype=object), 'description': 'Mapping integer event codes to event labels', 'namespace': 'ndx-events', 'neurodata_type': 'MeaningsTable', 'object_id': 'b879c2d2-df4b-4a7e-a528-a41e4b33caf9'}, 'groups': {}, 'datasets': {'id': root/acquisition/event_code_meanings/id DatasetBuilder {'attributes': {'namespace': 'hdmf-common', 'neurodata_type': 'ElementIdentifiers', 'object_id': '4b044955-1a88-4fc8-b80c-7d79caf22f88'}, 'data': <HDF5 dataset "id": shape (26,), type "<i8">}, 'meaning': root/acquisition/event_code_meanings/meaning DatasetBuilder {'attributes': {'description': 'The meaning of the value in the parent CategoricalVectorData object.', 'namespace': 'hdmf-experimental', 'neurodata_type': 'VectorData', 'object_id': 'b519beb0-e76f-49b1-8b7e-bafafa57ff7e'}, 'data': <StrDataset for HDF5 dataset "meaning": shape (26,), type "|O">}, 'value': root/acquisition/event_code_meanings/value DatasetBuilder {'attributes': {'description': 'The value of the parent CategoricalVectorData object.', 'namespace': 'hdmf-experimental', 'neurodata_type': 'VectorData', 'object_id': '93e73307-8b97-471c-8dc0-d06245aeb1d1'}, 'data': <HDF5 dataset "value": shape (26,), type "<i8">}}, 'links': {}}, "Could not construct MeaningsTable object due to: MeaningsTable.__init__: missing argument 'target'"))
2026-09-21T21:53:58Z INFO [491/500] 0df70830-448f-45c2-8d78-00be7a8cfa3a: valid; 19.9 s; peak memory 6649 MiB.
2026-09-21T21:54:08Z INFO [492/500] 0df766a4-8cef-4251-9cce-88faa7cd427d: valid; 9.4 s; peak memory 6701 MiB.
2026-09-21T21:54:09Z INFO [493/500] 0df76e68-ba8f-40ee-bf9f-7a0615c04d58: valid; 0.9 s; peak memory 6703 MiB.
2026-09-21T21:54:11Z WARNING 0df862a1-732c-49f9-a828-eec4cc15a04e: failed while opening the NWB file (ConstructError: (root/acquisition/_iblmic_audioSpectrogram/bands GroupBuilder {'attributes': {'colnames': array(['freq'], dtype=object), 'description': 'spectogram frequencies', 'namespace': 'core', 'neurodata_type': 'FrequencyBandsTable', 'object_id': '6db77071-637c-4e76-9a8b-c18a510f20ca'}, 'groups': {}, 'datasets': {'freq': root/acquisition/_iblmic_audioSpectrogram/bands/freq DatasetBuilder {'attributes': {'description': 'frequency value', 'namespace': 'hdmf-common', 'neurodata_type': 'VectorData', 'object_id': '0e754d98-dba7-40f3-a17b-5f5e3a02f92f'}, 'data': <HDF5 dataset "freq": shape (257,), type "<f4">}, 'id': root/acquisition/_iblmic_audioSpectrogram/bands/id DatasetBuilder {'attributes': {'namespace': 'hdmf-common', 'neurodata_type': 'ElementIdentifiers', 'object_id': 'f8c57cf3-1cca-40c5-af60-591ae80c06b6'}, 'data': <HDF5 dataset "id": shape (257,), type "<i4">}}, 'links': {}}, "Could not construct FrequencyBandsTable object due to: column must have the same number of rows as 'id'"))
2026-09-21T21:54:12Z WARNING 0df8752f-d098-479a-ad5b-0d6903f1ca5e: failed while opening the NWB file (ConstructError: (root/acquisition/_iblmic_audioSpectrogram/bands GroupBuilder {'attributes': {'colnames': array(['freq'], dtype=object), 'description': 'spectogram frequencies', 'namespace': 'core', 'neurodata_type': 'FrequencyBandsTable', 'object_id': '782d5fa4-f909-46c3-ad0e-88f202f9c7d2'}, 'groups': {}, 'datasets': {'freq': root/acquisition/_iblmic_audioSpectrogram/bands/freq DatasetBuilder {'attributes': {'description': 'frequency value', 'namespace': 'hdmf-common', 'neurodata_type': 'VectorData', 'object_id': 'a72b90aa-806e-4b9e-afd4-6b1bdbf07b3c'}, 'data': <HDF5 dataset "freq": shape (257,), type "<f4">}, 'id': root/acquisition/_iblmic_audioSpectrogram/bands/id DatasetBuilder {'attributes': {'namespace': 'hdmf-common', 'neurodata_type': 'ElementIdentifiers', 'object_id': '47958748-4b1a-4521-8f19-c8ab0c057984'}, 'data': <HDF5 dataset "id": shape (257,), type "<i4">}}, 'links': {}}, "Could not construct FrequencyBandsTable object due to: column must have the same number of rows as 'id'"))
2026-09-21T21:54:15Z INFO [496/500] 0df891ef-e5da-4832-a92e-8b366d4330e3: valid; 3.0 s; peak memory 6720 MiB.
2026-09-21T21:54:17Z INFO [497/500] 0df946b9-988b-4739-b3a3-3cea36cf7e68: valid; 1.5 s; peak memory 6724 MiB.
2026-09-21T21:54:20Z INFO [498/500] 0df9c965-ad5e-4803-99af-046eb8d3e409: valid; 3.1 s; peak memory 6728 MiB.
2026-09-21T21:54:21Z INFO [499/500] 0dfa6f1f-8292-4237-b5d3-525c912843ff: valid; 1.2 s; peak memory 6730 MiB.
2026-09-21T21:54:23Z INFO [500/500] 0dfaa004-7c75-4984-9c6e-3bffceb42c3f: valid; 1.4 s; peak memory 6732 MiB.
2026-09-21T21:54:23Z INFO [500/500] 0dfaa004-7c75-4984-9c6e-3bffceb42c3f: checkpointed 74010 records.
2026-09-21T21:54:24Z INFO Wrote 74010 records to /tmp/derivatives/content_id_to_valid_nwb_file.jsonl (474 new, 26 failed) in 35.6 min (peak memory 6734 MiB).
