2026-09-25T21:56:31Z INFO Logging to /tmp/logs/update_2026-09-25T21-56-31Z.log.
2026-09-25T21:56:31Z INFO Update content-id-to-valid-nwb-file (base directory /tmp).
2026-09-25T21:56:34Z INFO Processing 500 items (79510 already recorded).
2026-09-25T21:56:36Z WARNING 16628465-21f3-4253-817e-c656d10f54e3: failed while opening the NWB file (ConstructError: (root/acquisition/_iblmic_audioSpectrogram/bands GroupBuilder {'attributes': {'colnames': array(['freq'], dtype=object), 'description': 'spectogram frequencies', 'namespace': 'core', 'neurodata_type': 'FrequencyBandsTable', 'object_id': '25e9ea5d-0a29-4412-a424-5f49526acfa3'}, 'groups': {}, 'datasets': {'freq': root/acquisition/_iblmic_audioSpectrogram/bands/freq DatasetBuilder {'attributes': {'description': 'frequency value', 'namespace': 'hdmf-common', 'neurodata_type': 'VectorData', 'object_id': '5e399bb3-88eb-47a1-89c8-ab7ce35ff4ab'}, 'data': <HDF5 dataset "freq": shape (257,), type "<f4">}, 'id': root/acquisition/_iblmic_audioSpectrogram/bands/id DatasetBuilder {'attributes': {'namespace': 'hdmf-common', 'neurodata_type': 'ElementIdentifiers', 'object_id': '7f386af5-1190-41d4-bdcb-3462582bdc66'}, 'data': <HDF5 dataset "id": shape (257,), type "<i4">}}, 'links': {}}, "Could not construct FrequencyBandsTable object due to: column must have the same number of rows as 'id'"))
2026-09-25T21:56:39Z INFO [2/500] 166289b1-1841-471f-8b1b-cc6ffe4f0657: valid; 2.5 s; peak memory 359 MiB.
2026-09-25T21:56:41Z INFO [3/500] 16629d02-6692-4e89-9a7e-f2d4e0b2a09c: not valid; 1.9 s; peak memory 361 MiB.
2026-09-25T21:56:42Z INFO [4/500] 166300cb-dcc4-4590-970f-1ce18be0bfe0: valid; 1.9 s; peak memory 363 MiB.
2026-09-25T21:56:44Z INFO [5/500] 16634c60-411d-4a71-8dcf-e1cf22276c88: valid; 1.5 s; peak memory 365 MiB.
2026-09-25T21:56:45Z INFO [6/500] 16664d36-136b-4f7f-b4ee-c4d7ffd34235: not valid; 1.5 s; peak memory 366 MiB.
2026-09-25T21:56:49Z INFO [7/500] 16669c01-7775-4408-8c26-12372b8ce80b: valid; 3.7 s; peak memory 382 MiB.
2026-09-25T21:56:52Z INFO [8/500] 16669ea7-db7b-469f-ab81-b30e9465ded8: valid; 2.9 s; peak memory 400 MiB.
2026-09-25T21:56:54Z INFO [9/500] 1666c000-1ef5-48da-ad71-91ce33c035ed: valid; 2.4 s; peak memory 410 MiB.
2026-09-25T21:56:55Z WARNING 1666c14a-257e-4837-a167-d7907ec97338: failed while retrieving asset information from the DANDI API (NotFoundError: No such Dandiset: 000561)
2026-09-25T21:56:58Z INFO [11/500] 16671267-1c7e-490f-a0cc-71c6784ff0b3: valid; 3.0 s; peak memory 434 MiB.
2026-09-25T21:56:59Z INFO [12/500] 166745c6-b2ab-4897-ba07-03e19445b8f9: valid; 1.4 s; peak memory 436 MiB.
2026-09-25T21:57:01Z INFO [13/500] 1667d2d5-2ea2-4782-b660-d405f40db54b: valid; 1.7 s; peak memory 439 MiB.
2026-09-25T21:57:02Z INFO [14/500] 16680492-9d06-4f07-9246-4cf213a95ff6: valid; 1.4 s; peak memory 441 MiB.
2026-09-25T21:57:05Z INFO [15/500] 1668aa5c-95ed-4320-8b1a-659256ba78a0: not valid; 2.5 s; peak memory 443 MiB.
2026-09-25T21:57:07Z INFO [16/500] 1668acb4-4418-46a4-ae92-1f6b92d0e7a7: valid; 2.6 s; peak memory 443 MiB.
2026-09-25T21:57:10Z INFO [17/500] 1668e390-c2e4-4d97-92a8-f15559fad84a: valid; 2.8 s; peak memory 443 MiB.
2026-09-25T21:57:14Z INFO [18/500] 1668e946-7db6-4bef-83a2-6bf52dcd6a79: valid; 3.5 s; peak memory 443 MiB.
2026-09-25T21:57:26Z INFO [19/500] 166978b0-4e8d-42fc-8d13-b324898e9843: valid; 12.6 s; peak memory 451 MiB.
2026-09-25T21:57:26Z WARNING 166a2148-b479-4ce2-9f50-84b5eeecb9cd: failed while retrieving asset information from the DANDI API (NotFoundError: No such Dandiset: 001533)
2026-09-25T21:57:28Z INFO [21/500] 166a26b4-0c47-498b-bafc-085ceb704438: valid; 1.4 s; peak memory 453 MiB.
2026-09-25T21:57:30Z INFO [22/500] 166a3a13-7620-463f-8292-f2d68ffd2fbe: valid; 2.3 s; peak memory 457 MiB.
2026-09-25T21:57:32Z INFO [23/500] 166ada5e-5aa1-4d5f-90a4-325f49d75803: not valid; 1.6 s; peak memory 460 MiB.
2026-09-25T21:57:34Z INFO [24/500] 166b9f82-7ceb-4932-b7b4-825953379f2d: not valid; 2.0 s; peak memory 466 MiB.
2026-09-25T21:57:37Z INFO [25/500] 166c3323-9f5b-44d8-9229-352a5611443f: valid; 3.2 s; peak memory 482 MiB.
2026-09-25T21:57:40Z INFO [26/500] 166c47e2-27e2-4743-a356-b7266ec54e47: valid; 3.2 s; peak memory 492 MiB.
2026-09-25T21:57:41Z INFO [27/500] 166cd911-b74b-434e-8182-e167d2333d0f: not valid; 1.3 s; peak memory 494 MiB.
2026-09-25T21:57:44Z INFO [28/500] 166cdc45-9c67-4395-a0ba-ab53281ba89e: valid; 2.2 s; peak memory 501 MiB.
2026-09-25T21:57:45Z INFO [29/500] 166dc103-936e-4f4f-8c61-c16b0bc1cccb: valid; 1.3 s; peak memory 501 MiB.
2026-09-25T21:57:46Z INFO [30/500] 166dd388-a1e1-4289-a9dd-b3cd0de0a095: valid; 1.6 s; peak memory 504 MiB.
2026-09-25T21:57:49Z INFO [31/500] 166df5fa-b8c8-4ee9-8c82-c79261775529: valid; 2.8 s; peak memory 506 MiB.
2026-09-25T21:57:50Z INFO [32/500] 166e330e-ebae-4a7d-8af7-6609ecd467c7: valid; 1.1 s; peak memory 508 MiB.
2026-09-25T21:57:52Z INFO [33/500] 166ef629-5119-47b0-b908-346108f260eb: valid; 1.8 s; peak memory 510 MiB.
2026-09-25T21:58:07Z INFO [34/500] 166f1749-7aba-4bec-8e74-0bf6fd52d5d9: valid; 15.1 s; peak memory 556 MiB.
2026-09-25T21:58:09Z INFO [35/500] 166f772d-189d-4043-ad49-8a832706abba: valid; 2.2 s; peak memory 565 MiB.
2026-09-25T21:58:11Z WARNING 166fa966-5639-4a88-8c14-f40695a10618: failed while opening the NWB file (ConstructError: (root/acquisition/event_code_meanings GroupBuilder {'attributes': {'colnames': array(['value', 'meaning'], dtype=object), 'description': 'Mapping integer event codes to event labels', 'namespace': 'ndx-events', 'neurodata_type': 'MeaningsTable', 'object_id': '88b79060-0d04-44a6-86b6-bb5f7bfdec43'}, 'groups': {}, 'datasets': {'id': root/acquisition/event_code_meanings/id DatasetBuilder {'attributes': {'namespace': 'hdmf-common', 'neurodata_type': 'ElementIdentifiers', 'object_id': '94a8960f-04cc-4c91-8aaa-b8ee52564762'}, 'data': <HDF5 dataset "id": shape (26,), type "<i8">}, 'meaning': root/acquisition/event_code_meanings/meaning DatasetBuilder {'attributes': {'description': 'The meaning of the value in the parent CategoricalVectorData object.', 'namespace': 'hdmf-experimental', 'neurodata_type': 'VectorData', 'object_id': '71166746-acac-4cfc-b900-75b866a5df23'}, 'data': <StrDataset for HDF5 dataset "meaning": shape (26,), type "|O">}, 'value': root/acquisition/event_code_meanings/value DatasetBuilder {'attributes': {'description': 'The value of the parent CategoricalVectorData object.', 'namespace': 'hdmf-experimental', 'neurodata_type': 'VectorData', 'object_id': '0fd71eff-010c-4e21-87f3-6d1c8c223f62'}, 'data': <HDF5 dataset "value": shape (26,), type "<i8">}}, 'links': {}}, "Could not construct MeaningsTable object due to: MeaningsTable.__init__: missing argument 'target'"))
2026-09-25T21:58:13Z INFO [37/500] 166ffab2-c2c3-4346-a3a2-61e09a901cbf: not valid; 2.1 s; peak memory 570 MiB.
2026-09-25T22:00:04Z INFO [38/500] 16701220-9fd6-4e43-ab87-a273f5a34afd: valid; 110.6 s; peak memory 1249 MiB.
2026-09-25T22:00:07Z INFO [39/500] 1671305d-5f06-4e92-88e4-c01df527f5f1: valid; 3.3 s; peak memory 1259 MiB.
2026-09-25T22:00:09Z INFO [40/500] 1671930e-7f1a-4688-9d1b-a0228e6da5d2: valid; 1.5 s; peak memory 1260 MiB.
2026-09-25T22:00:10Z INFO [41/500] 1671a889-dc1a-4aa4-9334-0c69b44cd4cc: valid; 1.5 s; peak memory 1261 MiB.
2026-09-25T22:00:13Z INFO [42/500] 16720de1-9fec-4c34-88d2-855d1c113c2a: valid; 3.1 s; peak memory 1264 MiB.
2026-09-25T22:00:36Z INFO [43/500] 16721c0d-d308-45bf-979f-e54ba9dc7dc6: valid; 22.1 s; peak memory 1351 MiB.
2026-09-25T22:00:43Z INFO [44/500] 167236f3-05e8-49a6-82ce-ecca510bbc47: valid; 8.0 s; peak memory 1351 MiB.
2026-09-25T22:00:46Z INFO [45/500] 1672aaf4-f538-4dd5-96ba-97d90dcc0df5: valid; 2.1 s; peak memory 1351 MiB.
2026-09-25T22:01:53Z INFO [46/500] 1672dfee-d6e5-49f4-a007-f0c86603bbcd: valid; 67.7 s; peak memory 1351 MiB.
2026-09-25T22:01:57Z INFO [47/500] 16730fdd-7eb0-464a-9e0e-07f8f8af69a8: valid; 3.3 s; peak memory 1351 MiB.
2026-09-25T22:01:58Z INFO [48/500] 167363c5-b50e-428b-ae72-f937dbdd0b84: not valid; 1.6 s; peak memory 1351 MiB.
2026-09-25T22:02:00Z INFO [49/500] 1673c516-371a-4306-a03c-eeef66e6c409: valid; 2.3 s; peak memory 1351 MiB.
2026-09-25T22:02:07Z INFO [50/500] 16746f04-b359-4a0f-9bc2-dd8866c296a9: not valid; 7.0 s; peak memory 1351 MiB.
2026-09-25T22:02:08Z INFO [50/500] 16746f04-b359-4a0f-9bc2-dd8866c296a9: checkpointed 79560 records.
2026-09-25T22:02:10Z INFO [51/500] 1674f4d9-a6c0-42b9-93d2-f20eacf4309c: valid; 2.4 s; peak memory 1351 MiB.
2026-09-25T22:02:12Z INFO [52/500] 1674fca4-111d-469d-8926-c8d71c0bd171: valid; 1.2 s; peak memory 1351 MiB.
2026-09-25T22:02:14Z INFO [53/500] 167536fa-c470-4648-af07-1ecb7fc7c0b3: valid; 2.0 s; peak memory 1351 MiB.
2026-09-25T22:02:16Z INFO [54/500] 167567aa-6a76-4a62-a0fe-7ca39ecf2f3d: valid; 2.2 s; peak memory 1351 MiB.
2026-09-25T22:02:17Z INFO [55/500] 16757c84-a7f2-43ec-9ff7-4fa56e54bcd4: valid; 1.7 s; peak memory 1351 MiB.
2026-09-25T22:02:19Z INFO [56/500] 1675c35a-e975-481c-a296-3829715bcffc: valid; 1.4 s; peak memory 1351 MiB.
2026-09-25T22:02:21Z WARNING 16760736-aba3-4faf-80e5-e20a958c06c3: failed while opening the NWB file (ConstructError: (root/acquisition/_iblmic_audioSpectrogram/bands GroupBuilder {'attributes': {'colnames': array(['freq'], dtype=object), 'description': 'spectogram frequencies', 'namespace': 'core', 'neurodata_type': 'FrequencyBandsTable', 'object_id': 'a626559d-70f5-421e-9347-d013a8474b85'}, 'groups': {}, 'datasets': {'freq': root/acquisition/_iblmic_audioSpectrogram/bands/freq DatasetBuilder {'attributes': {'description': 'frequency value', 'namespace': 'hdmf-common', 'neurodata_type': 'VectorData', 'object_id': 'd1b2215d-9cca-4397-9999-cfcee5cd1b25'}, 'data': <HDF5 dataset "freq": shape (257,), type "<f4">}, 'id': root/acquisition/_iblmic_audioSpectrogram/bands/id DatasetBuilder {'attributes': {'namespace': 'hdmf-common', 'neurodata_type': 'ElementIdentifiers', 'object_id': '2eaf4d8f-a18e-4be9-bacb-1f3938676a2c'}, 'data': <HDF5 dataset "id": shape (257,), type "<i4">}}, 'links': {}}, "Could not construct FrequencyBandsTable object due to: column must have the same number of rows as 'id'"))
2026-09-25T22:02:23Z INFO [58/500] 16766822-138c-48c7-b34d-132f8d18d915: valid; 2.5 s; peak memory 1351 MiB.
2026-09-25T22:02:25Z INFO [59/500] 1676a7fa-1e4d-454e-8abf-60bed478d3e1: valid; 1.4 s; peak memory 1351 MiB.
2026-09-25T22:02:29Z INFO [60/500] 1676ad92-dd7f-4a57-9803-d525f0bfadf3: valid; 4.4 s; peak memory 1351 MiB.
2026-09-25T22:02:30Z INFO [61/500] 16777f13-f984-474d-93b1-c3b831d8ae99: valid; 1.0 s; peak memory 1351 MiB.
2026-09-25T22:02:32Z INFO [62/500] 1677a56b-de54-489c-ac9d-ddcd56662510: not valid; 1.5 s; peak memory 1351 MiB.
2026-09-25T22:03:07Z INFO [63/500] 1677a934-5297-4cdf-b02f-be219f746dfb: not valid; 35.7 s; peak memory 1351 MiB.
2026-09-25T22:03:09Z INFO [64/500] 1677e567-6f10-4e9f-b4fb-30191cf4d06a: not valid; 1.5 s; peak memory 1351 MiB.
2026-09-25T22:03:11Z INFO [65/500] 1678433d-8748-465e-88ed-6d44aa043dd3: valid; 2.6 s; peak memory 1351 MiB.
2026-09-25T22:03:13Z INFO [66/500] 16784e36-8f8e-43e8-b1f9-ca314f554c7d: valid; 1.9 s; peak memory 1351 MiB.
2026-09-25T22:03:14Z INFO [67/500] 1678aee2-233e-4cda-a18a-7a3a53f1a544: valid; 1.2 s; peak memory 1351 MiB.
2026-09-25T22:03:16Z INFO [68/500] 1678f78e-3ef5-403a-bd24-4cc1b26030a8: valid; 1.5 s; peak memory 1351 MiB.
2026-09-25T22:03:17Z INFO [69/500] 167921c6-88a6-42f2-8a91-f4371348aa4d: valid; 1.4 s; peak memory 1351 MiB.
2026-09-25T22:03:20Z INFO [70/500] 16792f1f-a7e3-4b36-a6eb-a5cb815255f8: valid; 2.5 s; peak memory 1351 MiB.
2026-09-25T22:03:22Z INFO [71/500] 167944d0-cc77-4bcb-ab89-24f2cf81471f: valid; 2.0 s; peak memory 1351 MiB.
2026-09-25T22:03:24Z INFO [72/500] 167994dd-f793-4138-8f53-e2cd25b68ae0: valid; 2.0 s; peak memory 1351 MiB.
2026-09-25T22:03:25Z INFO [73/500] 1679c7aa-0c80-45ab-b9b4-471b7bef6f41: valid; 1.6 s; peak memory 1351 MiB.
2026-09-25T22:03:28Z INFO [74/500] 167a0ae8-3a03-4aa4-a76a-b3457f76c249: valid; 2.7 s; peak memory 1351 MiB.
2026-09-25T22:03:30Z INFO [75/500] 167a1c31-b4f3-4964-be70-b078be7f7baa: valid; 2.1 s; peak memory 1351 MiB.
2026-09-25T22:03:31Z INFO [76/500] 167a71ea-c67e-42b1-b0ba-66c36cacc32f: valid; 1.4 s; peak memory 1351 MiB.
2026-09-25T22:03:33Z INFO [77/500] 167ad10b-909e-4970-853c-dc0008e19c34: valid; 1.2 s; peak memory 1351 MiB.
2026-09-25T22:03:35Z INFO [78/500] 167bb74f-cc97-40cd-a91c-7bc9ef3886f2: valid; 2.2 s; peak memory 1351 MiB.
2026-09-25T22:03:38Z INFO [79/500] 167c3028-35a4-4ce2-a67f-ce51e39da5c1: valid; 2.9 s; peak memory 1351 MiB.
2026-09-25T22:03:40Z INFO [80/500] 167c56b1-74e0-4e46-9afa-808a0de997d6: valid; 2.0 s; peak memory 1351 MiB.
2026-09-25T22:03:42Z INFO [81/500] 167ccb2d-5af5-4640-9b6d-30049e96ea37: not valid; 2.1 s; peak memory 1351 MiB.
2026-09-25T22:03:43Z INFO [82/500] 167cd81b-5cf0-4546-a370-986a5c150372: valid; 1.6 s; peak memory 1351 MiB.
2026-09-25T22:03:51Z INFO [83/500] 167cdbb4-e606-487f-976e-7e8840b9dac1: valid; 8.0 s; peak memory 1351 MiB.
2026-09-25T22:03:55Z INFO [84/500] 167d1112-9299-4fe8-87a2-3422b69652ea: valid; 3.2 s; peak memory 1351 MiB.
2026-09-25T22:03:57Z INFO [85/500] 167d52b3-d72a-4aef-a0d3-9e5f3c984ca9: valid; 2.1 s; peak memory 1351 MiB.
2026-09-25T22:04:05Z INFO [86/500] 167d81ea-9a12-435d-bb4d-65766c6da074: valid; 8.8 s; peak memory 1351 MiB.
2026-09-25T22:04:08Z INFO [87/500] 167ddabe-c750-4850-b042-198080530447: valid; 2.9 s; peak memory 1351 MiB.
2026-09-25T22:04:10Z INFO [88/500] 167f9743-8af3-438f-8395-98284e8a85a6: not valid; 2.0 s; peak memory 1351 MiB.
2026-09-25T22:04:12Z INFO [89/500] 167fad12-47f6-4f12-85b3-8ec73799b4b3: valid; 1.7 s; peak memory 1351 MiB.
2026-09-25T22:04:14Z WARNING 16828a1f-c7c1-4e0a-9b53-795f26980afe: failed while opening the NWB file (ValueError: Cannot resolve included group spec 'electrodes' with data_type_inc 'ElectrodesTable' because a group spec with the same name already exists with data_type_inc 'DynamicTable', and data type 'DynamicTable' is not a child type of data type 'ElectrodesTable'.)
2026-09-25T22:04:15Z INFO [91/500] 1682ec03-3818-48df-9011-0ae89be7f739: not valid; 1.9 s; peak memory 1351 MiB.
2026-09-25T22:04:17Z INFO [92/500] 1682f69f-5666-4e0e-8b35-1167c4f5009a: valid; 1.2 s; peak memory 1351 MiB.
2026-09-25T22:04:40Z INFO [93/500] 16849685-3a07-42fd-88e1-e46647c25a7a: valid; 23.5 s; peak memory 1351 MiB.
2026-09-25T22:04:42Z INFO [94/500] 168521e3-6eb7-4abf-92a1-95482eaf2d91: valid; 1.5 s; peak memory 1351 MiB.
2026-09-25T22:04:44Z WARNING 16852f19-bdcf-4fb7-8d0f-41d4b8817df8: failed while opening the NWB file (ConstructError: (root/acquisition/_iblmic_audioSpectrogram/bands GroupBuilder {'attributes': {'colnames': array(['freq'], dtype=object), 'description': 'spectogram frequencies', 'namespace': 'core', 'neurodata_type': 'FrequencyBandsTable', 'object_id': '16e57bf2-c7ce-4ec8-b086-a5b7b0dbb3fc'}, 'groups': {}, 'datasets': {'freq': root/acquisition/_iblmic_audioSpectrogram/bands/freq DatasetBuilder {'attributes': {'description': 'frequency value', 'namespace': 'hdmf-common', 'neurodata_type': 'VectorData', 'object_id': 'a57b28d4-f309-4ece-8fb3-ea5e2a69c235'}, 'data': <HDF5 dataset "freq": shape (257,), type "<f4">}, 'id': root/acquisition/_iblmic_audioSpectrogram/bands/id DatasetBuilder {'attributes': {'namespace': 'hdmf-common', 'neurodata_type': 'ElementIdentifiers', 'object_id': 'fa674bbb-d111-4d25-9411-c607d9672506'}, 'data': <HDF5 dataset "id": shape (257,), type "<i4">}}, 'links': {}}, "Could not construct FrequencyBandsTable object due to: column must have the same number of rows as 'id'"))
2026-09-25T22:04:54Z INFO [96/500] 16859ce6-14fc-43b9-93b8-42a55ebb40ad: valid; 10.8 s; peak memory 1351 MiB.
2026-09-25T22:04:56Z INFO [97/500] 1685a1cc-1ce4-4f4f-8a48-9715f14b1488: valid; 1.4 s; peak memory 1351 MiB.
2026-09-25T22:04:57Z INFO [98/500] 1685b646-453e-45ca-be33-42d0efe41977: valid; 1.4 s; peak memory 1351 MiB.
2026-09-25T22:05:04Z INFO [99/500] 168619ca-3d18-46e9-915f-f32e0b61ccd6: valid; 7.3 s; peak memory 1351 MiB.
2026-09-25T22:05:14Z INFO [100/500] 16871063-fc3e-441d-b47f-caf10b817bb6: valid; 9.2 s; peak memory 1351 MiB.
2026-09-25T22:05:14Z INFO [100/500] 16871063-fc3e-441d-b47f-caf10b817bb6: checkpointed 79610 records.
2026-09-25T22:05:21Z INFO [101/500] 16873f28-3127-4e44-9f7e-d1f36b51e810: valid; 7.3 s; peak memory 1351 MiB.
2026-09-25T22:05:24Z INFO [102/500] 1688b1cc-2b2d-425d-9e67-9182d119c5f5: valid; 2.3 s; peak memory 1351 MiB.
2026-09-25T22:05:26Z INFO [103/500] 1688b4e0-6226-46e1-96c8-0ae574e8b946: valid; 2.1 s; peak memory 1351 MiB.
2026-09-25T22:05:29Z INFO [104/500] 1688fc12-8585-4b87-aadd-6b607764750b: valid; 3.0 s; peak memory 1351 MiB.
2026-09-25T22:05:31Z INFO [105/500] 16898dcf-7d59-4973-9ab5-cf64596297cf: valid; 1.9 s; peak memory 1351 MiB.
2026-09-25T22:05:44Z INFO [106/500] 1689a548-4d0c-402d-ac1c-116e0ef07a8a: valid; 13.2 s; peak memory 1351 MiB.
2026-09-25T22:05:47Z INFO [107/500] 1689d891-2d2b-4ec5-b23d-6e03437048fb: valid; 3.3 s; peak memory 1351 MiB.
2026-09-25T22:05:49Z INFO [108/500] 168aa2c9-b236-4faf-9805-523b3195b934: valid; 1.8 s; peak memory 1351 MiB.
2026-09-25T22:05:52Z INFO [109/500] 168ae5de-2425-42c6-837b-cd07301f0a9e: valid; 3.1 s; peak memory 1351 MiB.
2026-09-25T22:06:17Z INFO [110/500] 168beec7-8831-4526-8377-263b285d4fcf: valid; 24.4 s; peak memory 1351 MiB.
2026-09-25T22:06:19Z INFO [111/500] 168c2f77-bd7b-44b5-af81-c7b4bbde5ef3: not valid; 2.8 s; peak memory 1351 MiB.
2026-09-25T22:06:24Z INFO [112/500] 168c418a-b86b-4f02-ae57-5a9b0fd2560c: not valid; 4.6 s; peak memory 1351 MiB.
2026-09-25T22:06:28Z INFO [113/500] 168d258f-9a4a-4a55-9960-c1d4baef310e: valid; 4.3 s; peak memory 1351 MiB.
2026-09-25T22:06:30Z INFO [114/500] 168d9c77-2002-48dd-9b65-e4dfb3a06500: valid; 2.1 s; peak memory 1351 MiB.
2026-09-25T22:06:33Z INFO [115/500] 168e207a-1f72-449f-930a-f74c370978f0: valid; 2.9 s; peak memory 1351 MiB.
2026-09-25T22:06:33Z WARNING 168e2347-69dc-4f3d-b802-d8bff38cf309: failed while retrieving asset information from the DANDI API (NotFoundError: No such Dandiset: 001533)
2026-09-25T22:06:35Z INFO [117/500] 168e8638-ed45-4a7e-8ed1-c06f5e47f2d5: valid; 1.4 s; peak memory 1351 MiB.
2026-09-25T22:06:36Z INFO [118/500] 168e9395-f49d-4206-aea8-ab044f1bcc81: valid; 1.5 s; peak memory 1351 MiB.
2026-09-25T22:06:40Z INFO [119/500] 168f2ff0-7d6f-441e-8631-eeb1ee90b43d: valid; 3.5 s; peak memory 1351 MiB.
2026-09-25T22:06:44Z INFO [120/500] 16903ef3-c79e-4504-8c8d-8c9730ed01f2: not valid; 4.7 s; peak memory 1351 MiB.
2026-09-25T22:06:52Z INFO [121/500] 16912c78-c7dd-40ce-b135-b5dbadced021: valid; 7.1 s; peak memory 1351 MiB.
2026-09-25T22:06:53Z INFO [122/500] 169201ed-5d1f-4719-9ec5-56024c1bafea: valid; 1.4 s; peak memory 1351 MiB.
2026-09-25T22:06:57Z INFO [123/500] 16925239-13c1-4fe0-bdd9-d4983addc82b: not valid; 4.2 s; peak memory 1351 MiB.
2026-09-25T22:06:59Z INFO [124/500] 1692cda1-57c6-4fef-8b7d-8aef7f0ba431: valid; 1.8 s; peak memory 1351 MiB.
2026-09-25T22:07:02Z INFO [125/500] 16932f8e-827f-4eb3-b735-17b3bad6efae: valid; 2.7 s; peak memory 1351 MiB.
2026-09-25T22:07:04Z INFO [126/500] 16933fec-c09b-437e-a1cc-d8c38c8608b7: valid; 2.3 s; peak memory 1351 MiB.
2026-09-25T22:07:16Z INFO [127/500] 1693b920-f7ec-4d09-98fe-251f70590c24: valid; 12.0 s; peak memory 1351 MiB.
2026-09-25T22:07:26Z INFO [128/500] 1693fe1d-1672-4fb7-8eaa-645c4ae37885: valid; 9.8 s; peak memory 1351 MiB.
2026-09-25T22:07:37Z INFO [129/500] 1694aaf4-4ba3-473a-8672-af9bb263b9a7: valid; 11.0 s; peak memory 1664 MiB.
2026-09-25T22:07:39Z INFO [130/500] 1695ff59-88df-43cd-b5da-3fbafd3d1c6a: not valid; 1.8 s; peak memory 1664 MiB.
2026-09-25T22:07:40Z INFO [131/500] 16963cae-7c64-462a-9481-a8cee0695239: valid; 1.3 s; peak memory 1664 MiB.
2026-09-25T22:07:42Z INFO [132/500] 16965ef3-caa7-426e-a410-abf29f3ef69f: not valid; 2.1 s; peak memory 1664 MiB.
2026-09-25T22:07:44Z INFO [133/500] 169680f0-1687-424f-b256-e74cef2daa1c: not valid; 1.8 s; peak memory 1664 MiB.
2026-09-25T22:07:45Z INFO [134/500] 1696876e-93d6-4366-8a9d-6715ddf21d12: valid; 1.3 s; peak memory 1664 MiB.
2026-09-25T22:07:47Z INFO [135/500] 1696ae56-a076-4e64-89f6-f00139966b0e: valid; 1.3 s; peak memory 1664 MiB.
2026-09-25T22:07:48Z INFO [136/500] 16971616-5fad-473b-87b0-956ddd1daab4: not valid; 1.6 s; peak memory 1664 MiB.
2026-09-25T22:07:49Z INFO [137/500] 16972e40-d9c1-40ff-a771-c2171490f6b6: not valid; 1.1 s; peak memory 1664 MiB.
2026-09-25T22:07:53Z INFO [138/500] 1697cc9f-56fd-4908-bb75-026d9f63348a: valid; 3.6 s; peak memory 1664 MiB.
2026-09-25T22:07:54Z INFO [139/500] 169886f2-c7b6-4c6d-a109-cc5678d869b1: valid; 1.5 s; peak memory 1664 MiB.
2026-09-25T22:07:57Z INFO [140/500] 16989c88-2631-4c49-b787-eca3f30861a0: valid; 2.4 s; peak memory 1664 MiB.
2026-09-25T22:07:59Z INFO [141/500] 16990fe6-f664-46a2-941b-3262e5ff0b39: not valid; 2.0 s; peak memory 1664 MiB.
2026-09-25T22:08:01Z INFO [142/500] 1699105e-1f0d-45dc-8b27-fc438c28e925: not valid; 2.1 s; peak memory 1664 MiB.
2026-09-25T22:08:02Z INFO [143/500] 16991f81-23b1-4675-b83e-318f397652a9: valid; 1.5 s; peak memory 1664 MiB.
2026-09-25T22:08:04Z INFO [144/500] 16993431-283e-4795-8469-8908862d06d1: valid; 1.5 s; peak memory 1664 MiB.
2026-09-25T22:08:05Z INFO [145/500] 16993ff8-af44-447c-933d-8c2d19f59f90: valid; 1.0 s; peak memory 1664 MiB.
2026-09-25T22:08:17Z INFO [146/500] 169a410c-384c-4202-938a-e57569c02494: not valid; 12.3 s; peak memory 1664 MiB.
2026-09-25T22:08:19Z INFO [147/500] 169a480f-cd5d-42a3-a66a-cb0b6b8040d6: valid; 2.2 s; peak memory 1664 MiB.
2026-09-25T22:08:21Z INFO [148/500] 169a52be-69c7-4693-8c60-e29f465b13cf: valid; 1.4 s; peak memory 1664 MiB.
2026-09-25T22:08:23Z INFO [149/500] 169ac040-16b4-4962-83ef-0402b70957bc: valid; 1.8 s; peak memory 1664 MiB.
2026-09-25T22:08:24Z INFO [150/500] 169ad5dd-c225-435e-bbb6-7bfc69570271: not valid; 1.6 s; peak memory 1664 MiB.
2026-09-25T22:08:25Z INFO [150/500] 169ad5dd-c225-435e-bbb6-7bfc69570271: checkpointed 79660 records.
2026-09-25T22:08:26Z INFO [151/500] 169bd98f-49a4-41f4-a7e1-c669e4bd3e5e: valid; 1.5 s; peak memory 1664 MiB.
2026-09-25T22:08:28Z INFO [152/500] 169be166-06e8-450f-b1d5-1b5729eecf9e: valid; 1.7 s; peak memory 1664 MiB.
2026-09-25T22:08:30Z INFO [153/500] 169be6f1-29cc-4707-b0d2-ca1004b98278: not valid; 1.9 s; peak memory 1664 MiB.
2026-09-25T22:08:32Z WARNING 169cd702-e8ab-4a1b-aeef-72dc8a002a15: failed while opening the NWB file (ConstructError: (root/acquisition/_iblmic_audioSpectrogram/bands GroupBuilder {'attributes': {'colnames': array(['freq'], dtype=object), 'description': 'spectogram frequencies', 'namespace': 'core', 'neurodata_type': 'FrequencyBandsTable', 'object_id': '4e0a30a9-a27d-4b76-a120-e54f20439a97'}, 'groups': {}, 'datasets': {'freq': root/acquisition/_iblmic_audioSpectrogram/bands/freq DatasetBuilder {'attributes': {'description': 'frequency value', 'namespace': 'hdmf-common', 'neurodata_type': 'VectorData', 'object_id': 'abebd334-d484-4c89-99d5-8727ce3d940a'}, 'data': <HDF5 dataset "freq": shape (257,), type "<f4">}, 'id': root/acquisition/_iblmic_audioSpectrogram/bands/id DatasetBuilder {'attributes': {'namespace': 'hdmf-common', 'neurodata_type': 'ElementIdentifiers', 'object_id': '20456902-8462-47e0-b6e2-a3ac3f2fb410'}, 'data': <HDF5 dataset "id": shape (257,), type "<i4">}}, 'links': {}}, "Could not construct FrequencyBandsTable object due to: column must have the same number of rows as 'id'"))
2026-09-25T22:08:35Z INFO [155/500] 169d5b01-b742-4d9b-8cba-11c341fede94: valid; 3.5 s; peak memory 1664 MiB.
2026-09-25T22:08:39Z INFO [156/500] 169d68e8-855f-490e-adc6-39d7a7bcd8ed: valid; 3.5 s; peak memory 1664 MiB.
2026-09-25T22:09:02Z INFO [157/500] 169df90b-08a8-4411-a79f-d492ff2b4309: valid; 23.2 s; peak memory 1664 MiB.
2026-09-25T22:09:06Z INFO [158/500] 169e59a2-4ff7-4d48-ac23-ec4f43b2417c: not valid; 4.4 s; peak memory 1664 MiB.
2026-09-25T22:09:08Z INFO [159/500] 169e9089-101d-45d1-b541-f54b83e67bb1: valid; 1.5 s; peak memory 1664 MiB.
2026-09-25T22:09:10Z INFO [160/500] 169f43d1-7601-47df-a939-c2ffd600f964: valid; 2.2 s; peak memory 1664 MiB.
2026-09-25T22:09:12Z WARNING 16a01f41-99c6-42eb-9de9-7d95ca348572: failed while opening the NWB file (ConstructError: (root/acquisition/event_code_meanings GroupBuilder {'attributes': {'colnames': array(['value', 'meaning'], dtype=object), 'description': 'Mapping integer event codes to event labels', 'namespace': 'ndx-events', 'neurodata_type': 'MeaningsTable', 'object_id': '601b7d43-2019-4c3d-8be7-91daaadd16a8'}, 'groups': {}, 'datasets': {'id': root/acquisition/event_code_meanings/id DatasetBuilder {'attributes': {'namespace': 'hdmf-common', 'neurodata_type': 'ElementIdentifiers', 'object_id': '0637c386-c6e6-4f13-81be-c88cfea94dfd'}, 'data': <HDF5 dataset "id": shape (26,), type "<i8">}, 'meaning': root/acquisition/event_code_meanings/meaning DatasetBuilder {'attributes': {'description': 'The meaning of the value in the parent CategoricalVectorData object.', 'namespace': 'hdmf-experimental', 'neurodata_type': 'VectorData', 'object_id': '64517060-ae00-456e-9475-719729076dd0'}, 'data': <StrDataset for HDF5 dataset "meaning": shape (26,), type "|O">}, 'value': root/acquisition/event_code_meanings/value DatasetBuilder {'attributes': {'description': 'The value of the parent CategoricalVectorData object.', 'namespace': 'hdmf-experimental', 'neurodata_type': 'VectorData', 'object_id': '2b5010ca-9ab0-4140-8280-d6f6ed520505'}, 'data': <HDF5 dataset "value": shape (26,), type "<i8">}}, 'links': {}}, "Could not construct MeaningsTable object due to: MeaningsTable.__init__: missing argument 'target'"))
2026-09-25T22:09:13Z INFO [162/500] 16a0f595-79df-41de-9daf-0afe3af004b7: valid; 1.4 s; peak memory 1664 MiB.
2026-09-25T22:09:15Z INFO [163/500] 16a15c2e-9168-4a8c-8837-8db008f9b4d3: not valid; 2.3 s; peak memory 1664 MiB.
2026-09-25T22:09:17Z INFO [164/500] 16a16cf9-c2b3-48e9-93e4-b7518837bc63: valid; 1.4 s; peak memory 1664 MiB.
2026-09-25T22:09:32Z INFO [165/500] 16a1f2e0-00a5-405e-b6fc-aa1624b7fe1f: valid; 15.8 s; peak memory 1664 MiB.
2026-09-25T22:09:45Z INFO [166/500] 16a2a3b4-d973-48ed-81fa-a07d141eb8c4: valid; 12.1 s; peak memory 1698 MiB.
2026-09-25T22:10:05Z INFO [167/500] 16a2a626-43bb-4154-935a-7a4fc82a368a: valid; 20.0 s; peak memory 1710 MiB.
2026-09-25T22:10:06Z INFO [168/500] 16a3accf-4677-4e2f-862f-4c6179c8ec3f: not valid; 1.8 s; peak memory 1710 MiB.
2026-09-25T22:10:11Z INFO [169/500] 16a4cc06-ff3c-4ff7-ad4b-1a96043beaa7: valid; 4.4 s; peak memory 1710 MiB.
2026-09-25T22:10:27Z INFO [170/500] 16a52a8b-3c45-4a57-acd9-360ef7f36cee: valid; 16.2 s; peak memory 1710 MiB.
2026-09-25T22:10:29Z WARNING 16a547ea-a7e6-40a4-8688-37be67b12f90: failed while opening the NWB file (ConstructError: (root/acquisition/_iblmic_audioSpectrogram/bands GroupBuilder {'attributes': {'colnames': array(['freq'], dtype=object), 'description': 'spectogram frequencies', 'namespace': 'core', 'neurodata_type': 'FrequencyBandsTable', 'object_id': 'e2f6f30d-d853-41d3-baa4-e74f2082619c'}, 'groups': {}, 'datasets': {'freq': root/acquisition/_iblmic_audioSpectrogram/bands/freq DatasetBuilder {'attributes': {'description': 'frequency value', 'namespace': 'hdmf-common', 'neurodata_type': 'VectorData', 'object_id': '84d4db78-774e-4beb-a957-29534dfb63d2'}, 'data': <HDF5 dataset "freq": shape (257,), type "<f4">}, 'id': root/acquisition/_iblmic_audioSpectrogram/bands/id DatasetBuilder {'attributes': {'namespace': 'hdmf-common', 'neurodata_type': 'ElementIdentifiers', 'object_id': 'bae064c6-efd3-45d0-90b6-52a9c343d010'}, 'data': <HDF5 dataset "id": shape (257,), type "<i4">}}, 'links': {}}, "Could not construct FrequencyBandsTable object due to: column must have the same number of rows as 'id'"))
2026-09-25T22:10:32Z INFO [172/500] 16a677fb-edfc-4669-8b49-b5310cc0f939: valid; 2.6 s; peak memory 1714 MiB.
2026-09-25T22:10:33Z INFO [173/500] 16a68d90-eec9-40ef-a569-274a9cab3310: valid; 1.3 s; peak memory 1714 MiB.
2026-09-25T22:10:34Z INFO [174/500] 16a6dae9-51f5-4b44-a72c-65cf3702c3d3: valid; 1.4 s; peak memory 1714 MiB.
2026-09-25T22:10:36Z INFO [175/500] 16a70077-7f7a-46fc-8f41-39aeb8331b6a: not valid; 1.5 s; peak memory 1716 MiB.
2026-09-25T22:10:37Z INFO [176/500] 16a7053a-ff0c-4316-971d-9405da0a2be3: valid; 1.1 s; peak memory 1717 MiB.
2026-09-25T22:10:40Z INFO [177/500] 16a77e90-a7d4-4c71-9392-05d46085d89d: valid; 3.6 s; peak memory 1717 MiB.
2026-09-25T22:10:43Z INFO [178/500] 16a7f4f2-dbb1-406e-aca9-34535fefe530: valid; 2.7 s; peak memory 1717 MiB.
2026-09-25T22:10:45Z INFO [179/500] 16a9728d-5a65-4d70-973f-bd678fd9b60d: valid; 2.2 s; peak memory 1717 MiB.
2026-09-25T22:10:47Z INFO [180/500] 16a9bb69-9d27-41f9-a133-f0c15f4de157: valid; 1.5 s; peak memory 1717 MiB.
2026-09-25T22:10:50Z INFO [181/500] 16aa682a-6077-453f-a7f2-c24c0ce180a4: valid; 3.0 s; peak memory 1717 MiB.
2026-09-25T22:11:03Z INFO [182/500] 16aa73f3-fd83-492e-be7a-03447d9c6e6d: valid; 13.3 s; peak memory 1717 MiB.
2026-09-25T22:11:19Z INFO [183/500] 16aaa9f4-483d-46c7-a292-dd11344664d4: valid; 16.1 s; peak memory 1717 MiB.
2026-09-25T22:11:22Z INFO [184/500] 16abb126-b57a-458d-be22-d80748d35eee: valid; 2.5 s; peak memory 1717 MiB.
2026-09-25T22:11:25Z INFO [185/500] 16abdfe6-505f-4049-8dc1-da6a1e0c6f60: valid; 2.9 s; peak memory 1729 MiB.
2026-09-25T22:11:26Z INFO [186/500] 16ac06a1-1323-4a25-a2bf-083c9b6a2a35: valid; 1.4 s; peak memory 1729 MiB.
2026-09-25T22:11:28Z INFO [187/500] 16ac07a8-9b1a-42e8-af99-2f699636f421: valid; 2.0 s; peak memory 1731 MiB.
2026-09-25T22:11:31Z INFO [188/500] 16ac52b4-6811-440c-9ea4-fe787b9825b5: valid; 2.5 s; peak memory 1733 MiB.
2026-09-25T22:11:58Z INFO [189/500] 16ac5aed-3eaf-4f31-a677-cb2dead7a5ab: valid; 27.6 s; peak memory 1818 MiB.
2026-09-25T22:12:01Z INFO [190/500] 16ac8a9e-2c5f-429e-a240-0cc3d44a2fd9: valid; 2.8 s; peak memory 1818 MiB.
2026-09-25T22:12:04Z INFO [191/500] 16ace11e-2e77-43bc-9121-b0bde92a6132: valid; 3.3 s; peak memory 1819 MiB.
2026-09-25T22:12:09Z INFO [192/500] 16ad69d2-a6cd-4c9d-a4fa-9a41d23f8ddf: valid; 4.5 s; peak memory 1820 MiB.
2026-09-25T22:12:10Z INFO [193/500] 16ad8799-b9d0-45cc-a15b-0ab72906bc0e: valid; 1.4 s; peak memory 1821 MiB.
2026-09-25T22:12:27Z INFO [194/500] 16ae7b7e-e21e-43d8-9593-1806b7973adc: valid; 17.0 s; peak memory 1844 MiB.
2026-09-25T22:12:29Z INFO [195/500] 16aecdbb-04f5-4a59-a5f6-d9580bfa4245: not valid; 1.7 s; peak memory 1845 MiB.
2026-09-25T22:12:31Z INFO [196/500] 16aee368-1e2c-4b32-9d7f-c6e90e84c689: valid; 1.8 s; peak memory 1847 MiB.
2026-09-25T22:12:32Z INFO [197/500] 16aeeec1-0b58-4e2c-baf0-aab90648c092: valid; 1.2 s; peak memory 1847 MiB.
2026-09-25T22:12:33Z INFO [198/500] 16afba35-fd67-400b-a968-197c65cb361f: not valid; 1.6 s; peak memory 1848 MiB.
2026-09-25T22:12:35Z INFO [199/500] 16afcbc6-817b-4b0b-9ea7-6cba914a368d: valid; 1.3 s; peak memory 1849 MiB.
2026-09-25T22:12:37Z WARNING 16affbfa-e0e1-45bc-8cda-1001c1e48fc7: failed while opening the NWB file (ValueError: Cannot resolve included group spec 'electrodes' with data_type_inc 'ElectrodesTable' because a group spec with the same name already exists with data_type_inc 'DynamicTable', and data type 'DynamicTable' is not a child type of data type 'ElectrodesTable'.)
2026-09-25T22:12:37Z INFO [200/500] 16affbfa-e0e1-45bc-8cda-1001c1e48fc7: checkpointed 79710 records.
2026-09-25T22:12:39Z INFO [201/500] 16b01afa-4b27-4410-b2ac-224fe96075fe: valid; 1.4 s; peak memory 1849 MiB.
2026-09-25T22:12:40Z INFO [202/500] 16b02b97-b6f1-44ee-9db6-9090906188db: not valid; 1.7 s; peak memory 1849 MiB.
2026-09-25T22:12:43Z INFO [203/500] 16b05196-7f8a-49c2-8018-4ec352d9c59c: not valid; 2.1 s; peak memory 1849 MiB.
2026-09-25T22:12:45Z INFO [204/500] 16b0f0eb-5824-43bc-95b3-b838b8d993b7: valid; 2.3 s; peak memory 1849 MiB.
2026-09-25T22:12:47Z INFO [205/500] 16b11de9-aba7-4610-993f-fd129ba40953: valid; 1.8 s; peak memory 1849 MiB.
2026-09-25T22:12:47Z WARNING 16b1d14b-01f5-47b4-9985-26fafb46c3a3: failed while retrieving asset information from the DANDI API (NotFoundError: No such Dandiset: 000477)
2026-09-25T22:12:48Z INFO [207/500] 16b22f47-f17c-4589-b80e-148a23eeda2b: not valid; 1.6 s; peak memory 1849 MiB.
2026-09-25T22:12:57Z INFO [208/500] 16b2453a-4b9b-46bb-b827-62f01674c02a: valid; 8.8 s; peak memory 1849 MiB.
2026-09-25T22:13:05Z INFO [209/500] 16b34087-bbe7-4b09-b4fb-3c5e8e24ffca: valid; 8.2 s; peak memory 1849 MiB.
2026-09-25T22:13:08Z INFO [210/500] 16b38838-26ed-4767-89e0-ff7f00513743: not valid; 2.3 s; peak memory 1849 MiB.
2026-09-25T22:13:11Z INFO [211/500] 16b3cd95-c35c-4a2d-b9b1-627720ed6285: not valid; 3.3 s; peak memory 1849 MiB.
2026-09-25T22:13:14Z INFO [212/500] 16b421c3-ce42-49c1-94df-31ba55c638a0: valid; 2.7 s; peak memory 1849 MiB.
2026-09-25T22:13:29Z INFO [213/500] 16b46d12-9f77-41b3-bf0d-cf2343734ee8: valid; 15.7 s; peak memory 1943 MiB.
2026-09-25T22:13:39Z INFO [214/500] 16b4a51f-513f-4e20-ab5e-d5692ac4d031: not valid; 9.2 s; peak memory 1971 MiB.
2026-09-25T22:13:40Z INFO [215/500] 16b50cab-d6dd-456f-9814-56b2b2b7ea02: valid; 1.1 s; peak memory 1971 MiB.
2026-09-25T22:13:41Z INFO [216/500] 16b58397-2ca5-406b-a777-8b9c18ccc1c4: not valid; 1.7 s; peak memory 1971 MiB.
2026-09-25T22:13:43Z INFO [217/500] 16b6ab59-bc90-40e5-9d7f-274313c792c7: not valid; 1.6 s; peak memory 1971 MiB.
2026-09-25T22:13:45Z INFO [218/500] 16b6d9de-d6ba-4d44-8167-1a740235938c: not valid; 1.5 s; peak memory 1971 MiB.
2026-09-25T22:13:47Z INFO [219/500] 16b73a32-5783-4b03-af4e-a1c1e8f33380: valid; 2.1 s; peak memory 1971 MiB.
2026-09-25T22:13:48Z INFO [220/500] 16b7c3d1-33ec-4b8c-93a6-86bc9742604f: valid; 1.5 s; peak memory 1971 MiB.
2026-09-25T22:13:51Z INFO [221/500] 16b7f424-6f21-49f0-88eb-9c4766c30491: valid; 2.9 s; peak memory 1971 MiB.
2026-09-25T22:13:52Z INFO [222/500] 16b82375-68a1-4484-8101-9943a777cc44: valid; 1.3 s; peak memory 1971 MiB.
2026-09-25T22:13:54Z INFO [223/500] 16b8a528-e41e-4538-8e4b-0ac572825a30: not valid; 1.7 s; peak memory 1971 MiB.
2026-09-25T22:13:57Z INFO [224/500] 16b90e8e-b40a-4dfc-9dd4-e710316a1c54: valid; 2.7 s; peak memory 1971 MiB.
2026-09-25T22:13:58Z INFO [225/500] 16ba30e0-eefa-4892-a2b0-2e1dd931840a: valid; 1.4 s; peak memory 1971 MiB.
2026-09-25T22:14:00Z INFO [226/500] 16ba9593-2858-4afe-aa5c-8999a7f0e206: valid; 1.5 s; peak memory 1971 MiB.
2026-09-25T22:14:01Z INFO [227/500] 16bae64b-028a-4422-a834-b3f4b90ebcf8: valid; 1.4 s; peak memory 1971 MiB.
2026-09-25T22:14:03Z INFO [228/500] 16bbe59f-4ad9-4500-99c6-a3066457d354: valid; 1.7 s; peak memory 1971 MiB.
2026-09-25T22:14:04Z INFO [229/500] 16bc6588-202a-49dc-8ce1-d8655d7abe5a: not valid; 1.4 s; peak memory 1971 MiB.
2026-09-25T22:14:05Z INFO [230/500] 16bcc519-976c-4d4e-8eed-c1a04ce4ae76: valid; 1.3 s; peak memory 1971 MiB.
2026-09-25T22:14:07Z INFO [231/500] 16bd0b4a-17c8-40d9-bf99-6832663544e3: valid; 1.0 s; peak memory 1971 MiB.
2026-09-25T22:14:08Z INFO [232/500] 16be2f8c-b655-414a-ae6b-7f3a7bf16893: not valid; 1.6 s; peak memory 1971 MiB.
2026-09-25T22:14:14Z INFO [233/500] 16bf2446-8c0f-466e-bb11-8e931ace2705: valid; 5.5 s; peak memory 1971 MiB.
2026-09-25T22:15:06Z INFO [234/500] 16bf2c73-24cf-42ad-8a5e-f782e8390333: valid; 52.7 s; peak memory 2043 MiB.
2026-09-25T22:15:07Z WARNING 16bf7696-7d97-4a5d-8f1d-5da880c11028: failed while retrieving asset information from the DANDI API (NotFoundError: No asset at path 'sub-702135/sub-702135_ses-1324561527_probe-3_ecephys.nwb' in version 0.250311.2145. Verify the path is correct and the asset exists in this version. Use 'dandi ls' to list available assets.)
2026-09-25T22:15:07Z WARNING 16bf8b2e-c927-4673-8232-4b4b735d8cfe: failed while retrieving asset information from the DANDI API (NotFoundError: No asset at path 'sub-M6/sub-M6_ses-TD1NoShock.nwb' in version 0.260902.1724. Verify the path is correct and the asset exists in this version. Use 'dandi ls' to list available assets.)
2026-09-25T22:15:22Z INFO [237/500] 16bfb91c-409b-40be-ad76-844cddf6c15b: valid; 15.4 s; peak memory 2044 MiB.
2026-09-25T22:15:24Z INFO [238/500] 16c0102e-bbb9-4b6d-9580-2b5aa8d50c94: valid; 1.4 s; peak memory 2044 MiB.
2026-09-25T22:15:34Z INFO [239/500] 16c01f03-bfac-4824-a2d0-2ae887474de5: valid; 10.6 s; peak memory 2044 MiB.
2026-09-25T22:15:35Z INFO [240/500] 16c020e5-4371-4833-b4eb-0a3ff423859c: valid; 1.4 s; peak memory 2044 MiB.
2026-09-25T22:15:37Z INFO [241/500] 16c07316-fe2c-4d9e-830a-0e7a45c69d79: valid; 1.4 s; peak memory 2044 MiB.
2026-09-25T22:16:04Z INFO [242/500] 16c08fb1-0f59-4474-8903-afed29b48337: not valid; 27.1 s; peak memory 2105 MiB.
2026-09-25T22:16:06Z INFO [243/500] 16c0a3a9-104f-4e2b-a340-0121611b5993: not valid; 1.9 s; peak memory 2108 MiB.
2026-09-25T22:16:07Z INFO [244/500] 16c0f87c-6c9e-4012-8264-7629278f3ba4: not valid; 1.5 s; peak memory 2111 MiB.
2026-09-25T22:16:10Z INFO [245/500] 16c17f6f-ec92-40b8-8000-fb305f61d4f0: valid; 2.4 s; peak memory 2116 MiB.
2026-09-25T22:16:11Z INFO [246/500] 16c1b6a4-55f8-4e8e-a98c-c2481a55b00b: valid; 1.3 s; peak memory 2119 MiB.
2026-09-25T22:16:13Z INFO [247/500] 16c23c14-94ec-42d5-93f9-7774421ffaaa: valid; 2.0 s; peak memory 2127 MiB.
2026-09-25T22:16:15Z INFO [248/500] 16c23f1d-2296-47c6-8442-dd72a453dfcf: valid; 1.6 s; peak memory 2131 MiB.
2026-09-25T22:16:27Z INFO [249/500] 16c2dc26-64f0-442a-9c44-10cb3aad1fce: valid; 12.9 s; peak memory 2336 MiB.
2026-09-25T22:16:31Z INFO [250/500] 16c40565-a4f7-4557-9d95-4147ae2cab64: valid; 3.3 s; peak memory 2339 MiB.
2026-09-25T22:16:31Z INFO [250/500] 16c40565-a4f7-4557-9d95-4147ae2cab64: checkpointed 79760 records.
2026-09-25T22:16:38Z INFO [251/500] 16c432c2-e47f-474a-8663-aa4db7816cc7: not valid; 6.8 s; peak memory 2339 MiB.
2026-09-25T22:16:40Z INFO [252/500] 16c4487b-bef1-492d-b028-fc6377ab908e: valid; 1.6 s; peak memory 2339 MiB.
2026-09-25T22:16:42Z INFO [253/500] 16c44dc6-7d86-4b3a-886d-3584d17aa3cd: valid; 2.0 s; peak memory 2339 MiB.
2026-09-25T22:16:44Z INFO [254/500] 16c4c840-e188-4824-baa8-7a9a61ccff19: not valid; 2.4 s; peak memory 2339 MiB.
2026-09-25T22:16:46Z INFO [255/500] 16c4f8b1-1556-4f7b-9548-5532319ad1d4: not valid; 1.7 s; peak memory 2339 MiB.
2026-09-25T22:16:48Z INFO [256/500] 16c5f89f-fc3b-4d9f-84f6-f6798b5bb9b5: valid; 1.7 s; peak memory 2339 MiB.
2026-09-25T22:16:49Z INFO [257/500] 16c619f7-2c31-4093-babf-1210265a6693: valid; 1.7 s; peak memory 2339 MiB.
2026-09-25T22:17:12Z INFO [258/500] 16c6ae9f-b997-49a7-a2a2-310d791f07c5: valid; 22.6 s; peak memory 2339 MiB.
2026-09-25T22:17:33Z INFO [259/500] 16c80807-22ed-420e-9539-f62410c31a66: valid; 21.5 s; peak memory 2429 MiB.
2026-09-25T22:17:35Z INFO [260/500] 16c848b3-2b5a-4847-a025-117ed33003d4: not valid; 1.2 s; peak memory 2429 MiB.
2026-09-25T22:17:36Z INFO [261/500] 16c85d77-175e-4ca5-af85-4328296370db: valid; 1.4 s; peak memory 2429 MiB.
2026-09-25T22:17:38Z INFO [262/500] 16c8882d-31b7-4cbe-8d08-ba03e727716b: valid; 1.7 s; peak memory 2429 MiB.
2026-09-25T22:17:40Z INFO [263/500] 16c8e77d-c596-4657-a624-8d8ccd11df57: valid; 1.8 s; peak memory 2429 MiB.
2026-09-25T22:17:42Z INFO [264/500] 16c995a3-c7fa-4d71-b7fb-180f1a4c7c70: valid; 2.9 s; peak memory 2429 MiB.
2026-09-25T22:17:45Z INFO [265/500] 16c9ee11-31a6-4376-980b-52d0f510f1cf: not valid; 2.7 s; peak memory 2429 MiB.
2026-09-25T22:17:47Z INFO [266/500] 16cab77f-9800-416d-af34-608dd257a296: valid; 1.9 s; peak memory 2429 MiB.
2026-09-25T22:17:49Z INFO [267/500] 16cad92f-174e-4811-9882-42a3e6542086: valid; 1.5 s; peak memory 2429 MiB.
2026-09-25T22:17:50Z INFO [268/500] 16caee7a-50aa-48f7-a368-6ce885138f2a: valid; 1.6 s; peak memory 2429 MiB.
2026-09-25T22:17:52Z INFO [269/500] 16cb5531-5962-4fe8-a7b2-12cb692849d1: valid; 1.9 s; peak memory 2429 MiB.
2026-09-25T22:17:53Z INFO [270/500] 16cbcb21-1471-4b8b-b215-ad6f827d820d: valid; 1.4 s; peak memory 2429 MiB.
2026-09-25T22:18:02Z INFO [271/500] 16cbcf46-73ba-40dd-8b43-89f24c8f55bc: valid; 8.5 s; peak memory 2429 MiB.
2026-09-25T22:18:03Z INFO [272/500] 16cc31d7-97ae-41be-a1d0-1ab56f384230: valid; 1.4 s; peak memory 2429 MiB.
2026-09-25T22:18:17Z INFO [273/500] 16cc937f-7366-4b6a-9bc5-47c399185b56: valid; 13.7 s; peak memory 2429 MiB.
2026-09-25T22:18:21Z INFO [274/500] 16cc9fdc-a642-4c3c-94a2-fc386d1b9940: not valid; 4.1 s; peak memory 2429 MiB.
2026-09-25T22:18:23Z INFO [275/500] 16cd10c9-2f73-41b1-ba58-0962f751c754: valid; 1.3 s; peak memory 2429 MiB.
2026-09-25T22:18:24Z INFO [276/500] 16cd6846-e588-44c4-9062-79a0a99d3e4b: valid; 1.4 s; peak memory 2429 MiB.
2026-09-25T22:18:26Z INFO [277/500] 16cd6d0a-8b37-40b0-8525-6a315ea6c5af: valid; 2.0 s; peak memory 2429 MiB.
2026-09-25T22:18:33Z INFO [278/500] 16cd7827-fa74-4fca-8b3a-7b2bc94c3285: not valid; 7.2 s; peak memory 2429 MiB.
2026-09-25T22:18:33Z WARNING 16ce4f4a-298f-4267-aef0-8d7ce6b61ae8: failed while retrieving asset information from the DANDI API (NotFoundError: No asset at path 'sub-M5/sub-M5_ses-TD2Shock.nwb' in version 0.260902.1724. Verify the path is correct and the asset exists in this version. Use 'dandi ls' to list available assets.)
2026-09-25T22:18:35Z INFO [280/500] 16ce893e-d6c7-416c-83b2-e27d0641ce19: not valid; 1.6 s; peak memory 2429 MiB.
2026-09-25T22:18:37Z INFO [281/500] 16cf2e66-0c05-455c-925b-904dcff95f31: valid; 2.3 s; peak memory 2429 MiB.
2026-09-25T22:18:39Z INFO [282/500] 16cf8175-dda5-4621-8042-447cd44efaee: valid; 2.3 s; peak memory 2431 MiB.
2026-09-25T22:18:42Z INFO [283/500] 16cf8278-d84e-4206-a5d8-2e65d4833871: valid; 2.9 s; peak memory 2433 MiB.
2026-09-25T22:18:46Z INFO [284/500] 16d040ba-5d46-4d43-8f5c-16020aeb67d2: not valid; 4.0 s; peak memory 2436 MiB.
2026-09-25T22:18:48Z INFO [285/500] 16d08bb4-f16e-46d7-aad5-609d245b5bc8: not valid; 1.7 s; peak memory 2438 MiB.
2026-09-25T22:18:51Z INFO [286/500] 16d16c3f-388e-4075-b78f-5c058fbed2a6: valid; 2.6 s; peak memory 2456 MiB.
2026-09-25T22:18:54Z INFO [287/500] 16d1a4e2-1d51-46d4-95dc-9aa696b0cb0d: valid; 2.8 s; peak memory 2456 MiB.
2026-09-25T22:19:01Z INFO [288/500] 16d1bc1f-256e-4b62-9aec-a9ef4e484f42: not valid; 6.9 s; peak memory 2458 MiB.
2026-09-25T22:19:03Z INFO [289/500] 16d24e47-7228-40b3-b081-a8776aad8348: valid; 3.0 s; peak memory 2458 MiB.
2026-09-25T22:19:06Z INFO [290/500] 16d2f938-9385-4089-9c84-88de3c5b39a8: not valid; 2.0 s; peak memory 2458 MiB.
2026-09-25T22:19:07Z INFO [291/500] 16d3abce-c247-4f30-9294-211bc8dfedda: valid; 1.4 s; peak memory 2458 MiB.
2026-09-25T22:19:08Z INFO [292/500] 16d47a6b-4b58-482b-838a-67867df25ffa: valid; 1.4 s; peak memory 2458 MiB.
2026-09-25T22:19:30Z INFO [293/500] 16d4ac88-aedb-4c0b-a762-6ca1a0fb554d: valid; 21.8 s; peak memory 2458 MiB.
2026-09-25T22:19:32Z INFO [294/500] 16d592f6-1078-4aa6-b871-0a601dd7b64d: valid; 1.4 s; peak memory 2459 MiB.
2026-09-25T22:19:33Z INFO [295/500] 16d5f608-fa8e-4964-92c7-8be5939fc28e: valid; 1.3 s; peak memory 2459 MiB.
2026-09-25T22:19:35Z INFO [296/500] 16d61e15-87f1-4293-867b-1808103cd7dd: valid; 2.0 s; peak memory 2460 MiB.
2026-09-25T22:19:39Z INFO [297/500] 16d6a818-c69c-4a9d-984d-293e199b7622: valid; 3.7 s; peak memory 2463 MiB.
2026-09-25T22:19:40Z INFO [298/500] 16d6d903-dcd1-48eb-a4aa-5d6ba1869486: valid; 1.3 s; peak memory 2463 MiB.
2026-09-25T22:19:42Z INFO [299/500] 16d6e97d-86dc-4528-a8f2-fa0b33f56e80: valid; 2.2 s; peak memory 2465 MiB.
2026-09-25T22:19:49Z INFO [300/500] 16d778a8-cc41-4191-bb72-4b9dd7b8ef0f: valid; 6.5 s; peak memory 2476 MiB.
2026-09-25T22:19:49Z INFO [300/500] 16d778a8-cc41-4191-bb72-4b9dd7b8ef0f: checkpointed 79810 records.
2026-09-25T22:19:52Z INFO [301/500] 16d7795d-58db-4228-b97d-4456d347f60e: valid; 2.8 s; peak memory 2477 MiB.
2026-09-25T22:19:53Z INFO [302/500] 16d787e0-2cb8-455d-9d43-f72a71dfb74d: valid; 1.3 s; peak memory 2478 MiB.
2026-09-25T22:19:56Z INFO [303/500] 16d7aacc-3400-406a-b849-57f0a64b6497: valid; 2.9 s; peak memory 2497 MiB.
2026-09-25T22:19:59Z INFO [304/500] 16d7e374-ca84-4a4b-a8b2-eb23c4c7415b: valid; 2.6 s; peak memory 2497 MiB.
2026-09-25T22:20:01Z INFO [305/500] 16d8fd0d-1e60-4253-ad56-89a9777ac2b3: valid; 2.9 s; peak memory 2497 MiB.
2026-09-25T22:20:05Z INFO [306/500] 16d93e3d-3525-4e0e-9ef9-5b2471975a23: valid; 3.3 s; peak memory 2498 MiB.
2026-09-25T22:20:07Z INFO [307/500] 16d94471-cacb-4a03-adda-c7cb52c3cab1: valid; 2.3 s; peak memory 2499 MiB.
2026-09-25T22:20:09Z INFO [308/500] 16d96963-81ac-4217-bf86-929a68475f00: valid; 2.0 s; peak memory 2506 MiB.
2026-09-25T22:20:12Z INFO [309/500] 16d96fa8-bd0a-4419-9016-6b7e69761350: not valid; 2.8 s; peak memory 2506 MiB.
2026-09-25T22:20:15Z INFO [310/500] 16d9cf0d-382c-404a-8eaa-363836284c72: valid; 3.4 s; peak memory 2513 MiB.
2026-09-25T22:20:17Z INFO [311/500] 16da645a-4904-4f22-9995-62e15b127084: not valid; 2.1 s; peak memory 2513 MiB.
2026-09-25T22:20:17Z WARNING 16da7b8f-3c48-482c-bae0-6693dbb07358: failed while retrieving asset information from the DANDI API (NotFoundError: No such Dandiset: 000561)
2026-09-25T22:20:19Z INFO [313/500] 16daedd4-903c-41e1-b454-306e1bd677e6: not valid; 1.5 s; peak memory 2513 MiB.
2026-09-25T22:20:21Z INFO [314/500] 16db6dd5-c77c-4b60-bdd3-ab891da06d5f: valid; 2.3 s; peak memory 2513 MiB.
2026-09-25T22:20:23Z INFO [315/500] 16db90e5-57bf-4bff-9ef6-c578758f427c: valid; 2.0 s; peak memory 2513 MiB.
2026-09-25T22:20:24Z INFO [316/500] 16dbfa46-dc76-4233-bed3-1679c1549508: valid; 1.3 s; peak memory 2513 MiB.
2026-09-25T22:20:26Z WARNING 16dc1096-d018-46cc-861a-3a9b11afde1e: failed while opening the NWB file (ConstructError: (root/acquisition/_iblmic_audioSpectrogram/bands GroupBuilder {'attributes': {'colnames': array(['freq'], dtype=object), 'description': 'spectogram frequencies', 'namespace': 'core', 'neurodata_type': 'FrequencyBandsTable', 'object_id': 'ca127e11-b051-4ffe-9f5d-2270b8b9ea36'}, 'groups': {}, 'datasets': {'freq': root/acquisition/_iblmic_audioSpectrogram/bands/freq DatasetBuilder {'attributes': {'description': 'frequency value', 'namespace': 'hdmf-common', 'neurodata_type': 'VectorData', 'object_id': '50aac79e-591d-4f11-bb38-b5531333ed38'}, 'data': <HDF5 dataset "freq": shape (257,), type "<f4">}, 'id': root/acquisition/_iblmic_audioSpectrogram/bands/id DatasetBuilder {'attributes': {'namespace': 'hdmf-common', 'neurodata_type': 'ElementIdentifiers', 'object_id': '7721c0b4-188c-4c43-ad37-8bd91b8f1d20'}, 'data': <HDF5 dataset "id": shape (257,), type "<i4">}}, 'links': {}}, "Could not construct FrequencyBandsTable object due to: column must have the same number of rows as 'id'"))
2026-09-25T22:20:28Z INFO [318/500] 16dc62a4-330d-4a7c-adea-f2e81cc8a901: not valid; 1.8 s; peak memory 2515 MiB.
2026-09-25T22:20:30Z INFO [319/500] 16dd2b0f-b076-46f6-bfed-b1a92552a7d6: not valid; 2.0 s; peak memory 2517 MiB.
2026-09-25T22:20:32Z INFO [320/500] 16ddc64e-50e8-45e0-a8eb-0f884129ce44: valid; 1.5 s; peak memory 2517 MiB.
2026-09-25T22:20:40Z INFO [321/500] 16ddf177-7217-43f0-a72b-725024757f54: valid; 7.8 s; peak memory 2524 MiB.
2026-09-25T22:20:42Z INFO [322/500] 16de2397-9120-4b57-b2c6-02984aafdb21: valid; 2.8 s; peak memory 2524 MiB.
2026-09-25T22:20:45Z INFO [323/500] 16def6e8-1fb6-4004-81b8-3d9ff8747e9f: valid; 2.5 s; peak memory 2527 MiB.
2026-09-25T22:20:50Z INFO [324/500] 16df89ea-502d-4003-8dfc-b829d5caf095: valid; 5.0 s; peak memory 2530 MiB.
2026-09-25T22:20:52Z WARNING 16dfcee7-8485-4864-a741-9f1e9968b3d7: failed while opening the NWB file (ConstructError: (root/acquisition/_iblmic_audioSpectrogram/bands GroupBuilder {'attributes': {'colnames': array(['freq'], dtype=object), 'description': 'spectogram frequencies', 'namespace': 'core', 'neurodata_type': 'FrequencyBandsTable', 'object_id': '1214fdb8-739f-4eae-bbd3-faef9e526a54'}, 'groups': {}, 'datasets': {'freq': root/acquisition/_iblmic_audioSpectrogram/bands/freq DatasetBuilder {'attributes': {'description': 'frequency value', 'namespace': 'hdmf-common', 'neurodata_type': 'VectorData', 'object_id': '597d6b5c-e661-4a43-879e-fd23df856b38'}, 'data': <HDF5 dataset "freq": shape (257,), type "<f4">}, 'id': root/acquisition/_iblmic_audioSpectrogram/bands/id DatasetBuilder {'attributes': {'namespace': 'hdmf-common', 'neurodata_type': 'ElementIdentifiers', 'object_id': '15ae4fbf-1cb4-4b82-b050-f0c9b8d673d4'}, 'data': <HDF5 dataset "id": shape (257,), type "<i4">}}, 'links': {}}, "Could not construct FrequencyBandsTable object due to: column must have the same number of rows as 'id'"))
2026-09-25T22:20:53Z INFO [326/500] 16e079f9-e21e-4e2e-909a-1bf06223af7d: valid; 1.5 s; peak memory 2533 MiB.
2026-09-25T22:21:03Z INFO [327/500] 16e17a8d-4d41-419b-b295-06522c3df631: valid; 10.1 s; peak memory 2570 MiB.
2026-09-25T22:21:05Z INFO [328/500] 16e1bc5d-4824-492b-8763-2ce01bf98ba1: valid; 2.2 s; peak memory 2574 MiB.
2026-09-25T22:21:07Z INFO [329/500] 16e22577-edf7-400a-acb8-be7a843099b2: not valid; 1.5 s; peak memory 2577 MiB.
2026-09-25T22:21:09Z INFO [330/500] 16e28231-61b0-481a-9d9d-b552c90f7c18: valid; 1.9 s; peak memory 2585 MiB.
2026-09-25T22:21:11Z INFO [331/500] 16e29c42-5ac6-4c0d-a08c-275b819a261d: valid; 2.0 s; peak memory 2595 MiB.
2026-09-25T22:25:31Z INFO [332/500] 16e2b093-4250-4220-9b31-9869be4f783f: valid; 260.5 s; peak memory 2958 MiB.
2026-09-25T22:25:52Z INFO [333/500] 16e4c3bc-f4f6-48ed-b123-4ea1054808ac: valid; 21.1 s; peak memory 2971 MiB.
2026-09-25T22:26:00Z INFO [334/500] 16e56d26-6fdf-441e-bac2-1a2e5396577d: not valid; 8.1 s; peak memory 3038 MiB.
2026-09-25T22:26:16Z INFO [335/500] 16e5c23b-ffa7-40db-8d44-1535290464cc: not valid; 15.4 s; peak memory 3117 MiB.
2026-09-25T22:26:17Z INFO [336/500] 16e5cf32-2c6b-4ac9-b681-426d98917065: valid; 1.4 s; peak memory 3119 MiB.
2026-09-25T22:26:19Z INFO [337/500] 16e637f2-5dfa-4dc4-9117-5ae31a35147a: valid; 1.4 s; peak memory 3121 MiB.
2026-09-25T22:26:22Z INFO [338/500] 16e643cb-6c76-4ca7-b718-d4ef6bfbc8f1: valid; 3.2 s; peak memory 3127 MiB.
2026-09-25T22:26:23Z INFO [339/500] 16e69a3b-983e-4841-9ae9-86457bd88ef0: valid; 1.3 s; peak memory 3130 MiB.
2026-09-25T22:26:25Z INFO [340/500] 16e7c07c-19b1-435e-832e-8178fc234c80: valid; 1.9 s; peak memory 3140 MiB.
2026-09-25T22:26:42Z INFO [341/500] 16e7eb9e-99d8-4f16-99eb-e0e61c29f2a9: valid; 17.2 s; peak memory 3370 MiB.
2026-09-25T22:26:44Z INFO [342/500] 16e80ca8-07be-461a-9c50-070b89f499db: valid; 1.5 s; peak memory 3370 MiB.
2026-09-25T22:26:45Z INFO [343/500] 16e81e36-b3a5-48c3-80eb-b8915361c5bd: valid; 1.0 s; peak memory 3370 MiB.
2026-09-25T22:26:48Z INFO [344/500] 16e8ac26-9741-49b4-935e-1ef5de0f04ce: not valid; 3.1 s; peak memory 3370 MiB.
2026-09-25T22:26:50Z INFO [345/500] 16e8cca0-140b-4cc0-a5f3-0aa7f5a8c79c: valid; 1.9 s; peak memory 3370 MiB.
2026-09-25T22:26:51Z INFO [346/500] 16e9ddf7-b511-4cce-b664-bdfb6dd1f54f: not valid; 1.4 s; peak memory 3370 MiB.
2026-09-25T22:26:54Z INFO [347/500] 16ea4fe6-d1aa-495a-a5f7-024722ca01d2: valid; 2.6 s; peak memory 3370 MiB.
2026-09-25T22:26:55Z INFO [348/500] 16eb5a13-c55e-4dd0-b589-a21b04ec9f68: not valid; 1.2 s; peak memory 3370 MiB.
2026-09-25T22:26:57Z INFO [349/500] 16eb6ae8-137a-4acc-a079-5ddc9398abb4: valid; 1.5 s; peak memory 3370 MiB.
2026-09-25T22:26:59Z INFO [350/500] 16eb7138-1f93-4d61-a9ae-fe479ca33a3b: valid; 2.8 s; peak memory 3370 MiB.
2026-09-25T22:27:00Z INFO [350/500] 16eb7138-1f93-4d61-a9ae-fe479ca33a3b: checkpointed 79860 records.
2026-09-25T22:27:00Z WARNING 16ed254a-f7bb-497e-9158-8bfb9e8315ff: failed while retrieving asset information from the DANDI API (NotFoundError: No asset at path 'sub-LG609/sub-LG609_ses-20250914_obj-lwicvx_ophys.nwb' in version 0.260915.2135. Verify the path is correct and the asset exists in this version. Use 'dandi ls' to list available assets.)
2026-09-25T22:27:01Z INFO [352/500] 16ed2ca6-fd99-4eb5-8db2-2c6ac77c19f6: not valid; 1.2 s; peak memory 3370 MiB.
2026-09-25T22:27:05Z INFO [353/500] 16ed4d89-ebe1-40ec-823f-fbefef02f252: not valid; 4.1 s; peak memory 3370 MiB.
2026-09-25T22:27:07Z INFO [354/500] 16ede2e0-0f09-4e1b-a324-1fd6ec9e79bb: valid; 1.4 s; peak memory 3370 MiB.
2026-09-25T22:27:08Z INFO [355/500] 16eeb847-250b-4ace-b945-cf7808e25d79: valid; 1.5 s; peak memory 3370 MiB.
2026-09-25T22:27:09Z INFO [356/500] 16eef399-f66e-4e5f-be03-f057c3e4ddf9: valid; 1.0 s; peak memory 3370 MiB.
2026-09-25T22:27:17Z INFO [357/500] 16f07f43-77a5-4f0b-a398-858141bc44a5: not valid; 7.2 s; peak memory 3372 MiB.
2026-09-25T22:27:20Z INFO [358/500] 16f08fdd-e5f4-4443-ac1b-6db452b6966a: valid; 3.1 s; peak memory 3372 MiB.
2026-09-25T22:27:28Z INFO [359/500] 16f0df83-5c5f-483c-8931-44fbbfa1e553: valid; 8.1 s; peak memory 3372 MiB.
2026-09-25T22:27:30Z INFO [360/500] 16f1cff3-d741-408b-85d4-d053b14f0db8: valid; 2.2 s; peak memory 3372 MiB.
2026-09-25T22:27:32Z INFO [361/500] 16f22901-6602-4315-b000-a04ba27af32d: valid; 2.2 s; peak memory 3372 MiB.
2026-09-25T22:27:36Z INFO [362/500] 16f26923-0e58-4093-a604-ff0b682f1c9c: not valid; 3.6 s; peak memory 3372 MiB.
2026-09-25T22:27:38Z INFO [363/500] 16f2cb0b-adbb-4a47-a070-eaad1870c8b1: valid; 2.0 s; peak memory 3372 MiB.
2026-09-25T22:27:42Z INFO [364/500] 16f33f21-5e81-489d-a9dc-084d0530b758: valid; 4.1 s; peak memory 3372 MiB.
2026-09-25T22:27:44Z WARNING 16f3e676-bc69-4b3e-a9c1-6f660d1cab0b: failed while opening the NWB file (ConstructError: (root/acquisition/_iblmic_audioSpectrogram/bands GroupBuilder {'attributes': {'colnames': array(['freq'], dtype=object), 'description': 'spectogram frequencies', 'namespace': 'core', 'neurodata_type': 'FrequencyBandsTable', 'object_id': '0bfbd04e-4ff9-45d6-a997-42ae28a7e4df'}, 'groups': {}, 'datasets': {'freq': root/acquisition/_iblmic_audioSpectrogram/bands/freq DatasetBuilder {'attributes': {'description': 'frequency value', 'namespace': 'hdmf-common', 'neurodata_type': 'VectorData', 'object_id': 'cd63e952-f94c-411e-aaf3-033f97701b47'}, 'data': <HDF5 dataset "freq": shape (257,), type "<f4">}, 'id': root/acquisition/_iblmic_audioSpectrogram/bands/id DatasetBuilder {'attributes': {'namespace': 'hdmf-common', 'neurodata_type': 'ElementIdentifiers', 'object_id': '76b27e5f-050c-4cf6-9eea-09052fc4edb3'}, 'data': <HDF5 dataset "id": shape (257,), type "<i4">}}, 'links': {}}, "Could not construct FrequencyBandsTable object due to: column must have the same number of rows as 'id'"))
2026-09-25T22:27:46Z INFO [366/500] 16f446b7-ebaa-4fae-af14-d27e8f7bf9c7: valid; 1.7 s; peak memory 3372 MiB.
2026-09-25T22:27:47Z INFO [367/500] 16f4671f-26e3-437a-a970-367c0be4cef4: valid; 1.0 s; peak memory 3372 MiB.
2026-09-25T22:27:52Z INFO [368/500] 16f47af7-849f-485f-af66-c67e409c18b9: valid; 5.8 s; peak memory 3372 MiB.
2026-09-25T22:27:55Z INFO [369/500] 16f4eb10-0fdc-415c-971c-97d8ca6b708e: not valid; 2.3 s; peak memory 3372 MiB.
2026-09-25T22:27:59Z INFO [370/500] 16f4eee5-eea1-4c79-8700-c9ce38a0536f: not valid; 4.2 s; peak memory 3372 MiB.
2026-09-25T22:28:03Z INFO [371/500] 16f52aa3-38e1-46da-8ba9-9cfd234b7ef6: valid; 4.3 s; peak memory 3372 MiB.
2026-09-25T22:28:06Z INFO [372/500] 16f6461d-b7f0-41d1-94c5-39ea5c75b4d1: valid; 2.7 s; peak memory 3372 MiB.
2026-09-25T22:28:08Z INFO [373/500] 16f66b04-b30e-428e-afdd-a1f99955be58: valid; 2.1 s; peak memory 3372 MiB.
2026-09-25T22:28:10Z INFO [374/500] 16f758c8-2809-459c-ae77-e39f53ea4be4: not valid; 1.8 s; peak memory 3372 MiB.
2026-09-25T22:28:17Z INFO [375/500] 16f7e9ff-9004-4578-aeb7-c1326d42efe2: valid; 7.6 s; peak memory 3372 MiB.
2026-09-25T22:28:19Z INFO [376/500] 16f8367a-1052-4c1c-a7f1-eb1f095f9f09: valid; 1.4 s; peak memory 3372 MiB.
2026-09-25T22:28:20Z INFO [377/500] 16f8cec3-9bab-42c3-ba5a-f107cc391f67: valid; 1.3 s; peak memory 3372 MiB.
2026-09-25T22:28:22Z INFO [378/500] 16f90fcc-12ca-4751-9dc1-2149ba05bbe8: valid; 1.9 s; peak memory 3372 MiB.
2026-09-25T22:28:25Z INFO [379/500] 16f9e56a-17c0-4f2d-a392-4bb485a83210: valid; 3.2 s; peak memory 3372 MiB.
2026-09-25T22:28:28Z INFO [380/500] 16f9e809-b5e1-416e-9862-7d6a82af7d20: valid; 2.4 s; peak memory 3372 MiB.
2026-09-25T22:28:44Z INFO [381/500] 16f9f41f-0113-44b2-80dd-01d923123b56: valid; 16.5 s; peak memory 3372 MiB.
2026-09-25T22:28:46Z INFO [382/500] 16f9f73f-3126-4f24-9683-ce378efe026a: valid; 1.7 s; peak memory 3372 MiB.
2026-09-25T22:28:49Z INFO [383/500] 16fa010d-e0c1-48fd-99b5-1279722bf410: valid; 3.0 s; peak memory 3372 MiB.
2026-09-25T22:28:53Z INFO [384/500] 16fa029b-ab60-46e4-9e9c-28dd645c5b27: valid; 4.3 s; peak memory 3372 MiB.
2026-09-25T22:28:55Z INFO [385/500] 16fa4826-3d75-44ad-a751-deae1212e9e1: not valid; 1.5 s; peak memory 3372 MiB.
2026-09-25T22:28:56Z INFO [386/500] 16fa4f83-dc82-4ec2-a796-f944c3726b9a: valid; 1.5 s; peak memory 3372 MiB.
2026-09-25T22:29:10Z INFO [387/500] 16fb1213-350d-4db4-971a-0e94fb57d72b: valid; 13.6 s; peak memory 3387 MiB.
2026-09-25T22:29:17Z INFO [388/500] 16fb38f4-3f4b-4e96-97d3-2fa66fdc43c6: valid; 6.9 s; peak memory 3389 MiB.
2026-09-25T22:29:18Z INFO [389/500] 16fb8007-aec4-45d9-b78d-dedb56c37d00: valid; 1.7 s; peak memory 3389 MiB.
2026-09-25T22:29:20Z INFO [390/500] 16fc44e0-6966-491f-933f-cef16968da75: valid; 1.4 s; peak memory 3389 MiB.
2026-09-25T22:29:22Z INFO [391/500] 16fd4e6c-c480-43ad-b426-f61c593adea4: valid; 2.5 s; peak memory 3389 MiB.
2026-09-25T22:29:24Z INFO [392/500] 16fd70c6-a7ef-47eb-bd4a-6df522f3d67e: valid; 1.3 s; peak memory 3389 MiB.
2026-09-25T22:29:26Z INFO [393/500] 16fd788d-f213-4766-ba17-ce601be069c3: not valid; 2.0 s; peak memory 3389 MiB.
2026-09-25T22:29:28Z INFO [394/500] 16fdb0c0-f9e5-4d51-8f8e-5ca279baba3a: valid; 2.6 s; peak memory 3389 MiB.
2026-09-25T22:29:29Z INFO [395/500] 16fdbd6a-e3b3-498a-9196-bcb990a52556: valid; 1.2 s; peak memory 3389 MiB.
2026-09-25T22:29:32Z INFO [396/500] 16fe7e1e-c790-459e-9099-daed4010b0c3: valid; 2.3 s; peak memory 3389 MiB.
2026-09-25T22:29:34Z INFO [397/500] 16ff3aea-778a-4b5d-ae23-5f1f4db21850: valid; 2.1 s; peak memory 3389 MiB.
2026-09-25T22:29:36Z WARNING 16ffcccb-4cb8-4c00-88a3-3d4518cfddb9: failed while opening the NWB file (ConstructError: (root/acquisition/_iblmic_audioSpectrogram/bands GroupBuilder {'attributes': {'colnames': array(['freq'], dtype=object), 'description': 'spectogram frequencies', 'namespace': 'core', 'neurodata_type': 'FrequencyBandsTable', 'object_id': 'd6052cce-956f-45ea-8dee-6064ed8cae2a'}, 'groups': {}, 'datasets': {'freq': root/acquisition/_iblmic_audioSpectrogram/bands/freq DatasetBuilder {'attributes': {'description': 'frequency value', 'namespace': 'hdmf-common', 'neurodata_type': 'VectorData', 'object_id': '5b1fa2a2-dbb0-4e8f-a97b-bbc9c85487a9'}, 'data': <HDF5 dataset "freq": shape (257,), type "<f4">}, 'id': root/acquisition/_iblmic_audioSpectrogram/bands/id DatasetBuilder {'attributes': {'namespace': 'hdmf-common', 'neurodata_type': 'ElementIdentifiers', 'object_id': '2e5795ad-3edd-429f-b21d-58e954f13530'}, 'data': <HDF5 dataset "id": shape (257,), type "<i4">}}, 'links': {}}, "Could not construct FrequencyBandsTable object due to: column must have the same number of rows as 'id'"))
2026-09-25T22:29:43Z INFO [399/500] 16ffd493-2317-4c10-9c87-394c2df5db8a: valid; 7.5 s; peak memory 3389 MiB.
2026-09-25T22:29:44Z INFO [400/500] 16fffe19-d6cd-4ad9-a9e8-30269dc13588: valid; 1.0 s; peak memory 3389 MiB.
2026-09-25T22:29:45Z INFO [400/500] 16fffe19-d6cd-4ad9-a9e8-30269dc13588: checkpointed 79910 records.
2026-09-25T22:29:46Z INFO [401/500] 17011937-0226-45e9-b0a9-579caba4ea29: valid; 1.3 s; peak memory 3389 MiB.
2026-09-25T22:29:49Z INFO [402/500] 170184de-f5da-4c4c-9ae1-d7a0c7c2677d: valid; 2.8 s; peak memory 3389 MiB.
2026-09-25T22:29:51Z INFO [403/500] 1701da6e-8645-4a86-958c-ceddfb0137fe: valid; 2.8 s; peak memory 3389 MiB.
2026-09-25T22:29:53Z INFO [404/500] 17029fe3-8f60-40e7-9ddd-1035859daa16: valid; 1.4 s; peak memory 3389 MiB.
2026-09-25T22:30:03Z INFO [405/500] 1702a38e-1aa0-4928-ab89-9390d1470692: not valid; 9.7 s; peak memory 3416 MiB.
2026-09-25T22:30:05Z INFO [406/500] 1704f4ff-db36-45d9-8d27-157cbbd10e54: not valid; 2.1 s; peak memory 3417 MiB.
2026-09-25T22:30:07Z INFO [407/500] 1704fe19-0dcd-4f9a-bae0-d6213529cbbb: valid; 2.1 s; peak memory 3417 MiB.
2026-09-25T22:30:11Z INFO [408/500] 17050b63-db6d-41d9-bf32-27cee314e462: valid; 3.9 s; peak memory 3417 MiB.
2026-09-25T22:30:16Z INFO [409/500] 170522fe-49d7-4480-9693-23fd81f1707f: not valid; 5.3 s; peak memory 3417 MiB.
2026-09-25T22:30:18Z INFO [410/500] 17055fb1-ca02-4958-86c1-86ed28876dff: valid; 2.4 s; peak memory 3417 MiB.
2026-09-25T22:30:21Z INFO [411/500] 170575d7-c18b-4fba-8197-0ad31ff283df: not valid; 2.6 s; peak memory 3419 MiB.
2026-09-25T22:30:23Z INFO [412/500] 17068546-b6fe-40b9-89bf-5273fa0cbb57: not valid; 1.9 s; peak memory 3419 MiB.
2026-09-25T22:30:24Z INFO [413/500] 17068cf4-6744-4a9f-a446-9d420d85126a: valid; 0.9 s; peak memory 3419 MiB.
2026-09-25T22:30:25Z INFO [414/500] 17075cb0-5cdc-40c0-9df8-fd2c1efbba92: not valid; 1.5 s; peak memory 3419 MiB.
2026-09-25T22:30:37Z INFO [415/500] 17081cf1-c2d7-4af3-802f-1d60ab0549e7: valid; 11.5 s; peak memory 3432 MiB.
2026-09-25T22:30:39Z INFO [416/500] 17085815-72c7-43b9-964c-2a1b36887f8d: not valid; 2.1 s; peak memory 3433 MiB.
2026-09-25T22:30:54Z INFO [417/500] 1708ca32-6bcd-49e4-aa28-70e66147126a: valid; 15.4 s; peak memory 3646 MiB.
2026-09-25T22:30:55Z INFO [418/500] 17094b4b-415f-4d7a-aa3f-af21230de64b: valid; 1.3 s; peak memory 3648 MiB.
2026-09-25T22:31:00Z INFO [419/500] 17098bc5-a014-40f7-95ae-97853ca6b46b: valid; 4.9 s; peak memory 3654 MiB.
2026-09-25T22:31:01Z WARNING 170a2017-5941-464b-98f7-93f593030796: failed while retrieving asset information from the DANDI API (NotFoundError: No asset at path 'sub-717121/sub-717121_ses-717121-2024-06-16-11-45-02-json.nwb' in version draft. Verify the path is correct and the asset exists in this version. Use 'dandi ls' to list available assets.)
2026-09-25T22:31:03Z WARNING 170adf04-34fa-48b7-b234-1c991b5e3ca6: failed while opening the NWB file (ConstructError: (root/acquisition/_iblmic_audioSpectrogram/bands GroupBuilder {'attributes': {'colnames': array(['freq'], dtype=object), 'description': 'spectogram frequencies', 'namespace': 'core', 'neurodata_type': 'FrequencyBandsTable', 'object_id': '825807dd-0ba1-4503-b341-546d149fcd9a'}, 'groups': {}, 'datasets': {'freq': root/acquisition/_iblmic_audioSpectrogram/bands/freq DatasetBuilder {'attributes': {'description': 'frequency value', 'namespace': 'hdmf-common', 'neurodata_type': 'VectorData', 'object_id': '3f7babeb-7d34-4ac9-8b24-8bd1d82a4318'}, 'data': <HDF5 dataset "freq": shape (257,), type "<f4">}, 'id': root/acquisition/_iblmic_audioSpectrogram/bands/id DatasetBuilder {'attributes': {'namespace': 'hdmf-common', 'neurodata_type': 'ElementIdentifiers', 'object_id': '1a4032bc-ed83-40d5-8c41-c65f4373260d'}, 'data': <HDF5 dataset "id": shape (257,), type "<i4">}}, 'links': {}}, "Could not construct FrequencyBandsTable object due to: column must have the same number of rows as 'id'"))
2026-09-25T22:31:07Z INFO [422/500] 170b8624-8516-487c-9ef9-9529362b156d: valid; 3.6 s; peak memory 3656 MiB.
2026-09-25T22:31:37Z INFO [423/500] 170b87c1-c0fc-4a96-a493-f5ed8e4d19ee: not valid; 30.2 s; peak memory 3683 MiB.
2026-09-25T22:31:37Z WARNING 170bca20-b011-4db9-a687-3de03ddc77cd: failed while retrieving asset information from the DANDI API (NotFoundError: No asset at path 'sub-456773/sub-456773_ses-20191004T143720_behavior+ecephys+ogen.nwb' in version 0.231012.2129. Verify the path is correct and the asset exists in this version. Use 'dandi ls' to list available assets.)
2026-09-25T22:31:39Z INFO [425/500] 170c1f24-1255-463b-b928-72009feed337: valid; 2.3 s; peak memory 3685 MiB.
2026-09-25T22:31:41Z INFO [426/500] 170c5f6f-e9e5-4a8b-be87-4eba8e51a20c: valid; 2.0 s; peak memory 3687 MiB.
2026-09-25T22:31:55Z INFO [427/500] 170d31a2-3418-4216-a82b-c20299e66d5c: valid; 13.7 s; peak memory 3717 MiB.
2026-09-25T22:32:16Z INFO [428/500] 170d5fde-4cd2-400a-9e5e-40fbcb9b6985: not valid; 21.0 s; peak memory 4438 MiB.
2026-09-25T22:32:20Z INFO [429/500] 170f93e8-9674-4592-9b06-2b5d8435d432: valid; 4.2 s; peak memory 4438 MiB.
2026-09-25T22:32:22Z INFO [430/500] 17100db0-b419-45ae-a347-21800721a944: valid; 2.1 s; peak memory 4438 MiB.
2026-09-25T22:32:31Z INFO [431/500] 17109dc8-fcdc-417f-8aee-4f645f84fc77: valid; 8.2 s; peak memory 4438 MiB.
2026-09-25T22:32:38Z INFO [432/500] 1710edf3-97d6-4efa-9865-c57a34183ab5: valid; 7.4 s; peak memory 4438 MiB.
2026-09-25T22:32:40Z INFO [433/500] 171100c8-e4e8-4d63-ab03-865228e54cfd: valid; 2.2 s; peak memory 4438 MiB.
2026-09-25T22:32:41Z INFO [434/500] 17113eae-9ef4-4536-8c96-a12423645bf0: valid; 1.4 s; peak memory 4438 MiB.
2026-09-25T22:32:43Z INFO [435/500] 17115b8c-4581-416e-9b8b-5aa447ca223e: not valid; 1.4 s; peak memory 4438 MiB.
2026-09-25T22:32:45Z INFO [436/500] 17115e37-7354-44f9-ace8-9cbff3061192: valid; 2.3 s; peak memory 4438 MiB.
2026-09-25T22:32:47Z INFO [437/500] 17116d1c-6b29-4ba5-8db3-4f798358f27f: not valid; 1.6 s; peak memory 4438 MiB.
2026-09-25T22:32:48Z INFO [438/500] 171292b5-c2ee-4a9c-a1a2-ef02c2e6f145: valid; 1.6 s; peak memory 4438 MiB.
2026-09-25T22:32:50Z INFO [439/500] 1712c77f-16e6-4a7f-b15c-5fa0217300be: valid; 1.5 s; peak memory 4438 MiB.
2026-09-25T22:32:51Z INFO [440/500] 17131c89-7c3a-41c5-8f92-eb371f8f8afb: valid; 1.6 s; peak memory 4438 MiB.
2026-09-25T22:32:53Z INFO [441/500] 17133e1c-056e-41db-9934-b24494781d57: valid; 1.6 s; peak memory 4438 MiB.
2026-09-25T22:32:55Z INFO [442/500] 171397db-e006-4b58-9cf7-d8810b6f04f7: valid; 1.4 s; peak memory 4438 MiB.
2026-09-25T22:32:58Z INFO [443/500] 17147897-4caa-49f1-90e8-654edc8a4b29: valid; 3.2 s; peak memory 4438 MiB.
2026-09-25T22:32:59Z INFO [444/500] 17149afa-4cc8-4065-b139-b4a2808e8138: valid; 1.3 s; peak memory 4438 MiB.
2026-09-25T22:33:01Z INFO [445/500] 1714b1aa-2494-4cfd-bb3d-f8a6950ef6c2: valid; 2.0 s; peak memory 4438 MiB.
2026-09-25T22:33:04Z INFO [446/500] 1714f4ce-3812-4771-99e3-6ea5753c84f1: valid; 2.9 s; peak memory 4438 MiB.
2026-09-25T22:33:08Z INFO [447/500] 17158e27-dcf4-4eca-8f41-21e74c9bade9: valid; 4.3 s; peak memory 4438 MiB.
2026-09-25T22:33:12Z INFO [448/500] 1715a5bd-7b74-49df-bdaa-2d2019b5faee: valid; 4.0 s; peak memory 4438 MiB.
2026-09-25T22:33:14Z INFO [449/500] 1716a054-38ea-41e6-ad84-ce8bdc47a376: valid; 1.3 s; peak memory 4438 MiB.
2026-09-25T22:33:26Z INFO [450/500] 1717a9fd-4e97-45af-ab48-258c26090913: not valid; 12.2 s; peak memory 4438 MiB.
2026-09-25T22:33:26Z INFO [450/500] 1717a9fd-4e97-45af-ab48-258c26090913: checkpointed 79960 records.
2026-09-25T22:33:29Z INFO [451/500] 171840ed-4e94-4306-b6e4-e070ab3775d9: valid; 2.2 s; peak memory 4438 MiB.
2026-09-25T22:33:31Z INFO [452/500] 17186424-f2e1-44fd-bebf-3f2e084da439: valid; 2.7 s; peak memory 4438 MiB.
2026-09-25T22:33:33Z INFO [453/500] 17187c9b-f35b-4c3e-96af-467d79e21b02: not valid; 1.6 s; peak memory 4438 MiB.
2026-09-25T22:33:34Z INFO [454/500] 17187e5b-e245-4a49-a096-b999bed0f326: valid; 1.3 s; peak memory 4438 MiB.
2026-09-25T22:33:36Z INFO [455/500] 1718f8c2-59ea-48b8-8307-2f5af6621261: not valid; 1.8 s; peak memory 4438 MiB.
2026-09-25T22:33:43Z INFO [456/500] 17193646-8dc3-4d4b-9f02-f248839bedec: valid; 6.8 s; peak memory 4438 MiB.
2026-09-25T22:33:45Z INFO [457/500] 1719a697-9128-42af-aa5c-d6d14f4572b4: valid; 2.3 s; peak memory 4438 MiB.
2026-09-25T22:33:47Z INFO [458/500] 171a0054-487a-491d-8040-69abee83dbbf: valid; 2.2 s; peak memory 4438 MiB.
2026-09-25T22:33:49Z INFO [459/500] 171a0849-3b42-48bc-8ccc-026b603ec9d8: not valid; 1.8 s; peak memory 4438 MiB.
2026-09-25T22:34:00Z INFO [460/500] 171ab1d3-e162-4272-be70-32771eb4952b: not valid; 11.3 s; peak memory 4438 MiB.
2026-09-25T22:34:03Z INFO [461/500] 171b88cd-5b76-40ce-9536-934574578c9a: valid; 2.4 s; peak memory 4438 MiB.
2026-09-25T22:34:05Z INFO [462/500] 171c1842-3bc9-429a-854f-d7966c5c6e73: not valid; 2.0 s; peak memory 4438 MiB.
2026-09-25T22:34:16Z INFO [463/500] 171c4bbf-d8df-40a9-8093-0a03dc44d11b: valid; 11.6 s; peak memory 4438 MiB.
2026-09-25T22:34:19Z INFO [464/500] 171ca904-d97e-4a47-8b38-42f8e38dbdf0: valid; 3.0 s; peak memory 4438 MiB.
2026-09-25T22:34:19Z WARNING 171cf68e-ae68-4864-8db0-631778c8ad8f: failed while retrieving asset information from the DANDI API (NotFoundError: No such Dandiset: 001533)
2026-09-25T22:34:21Z INFO [466/500] 171d031e-5c9d-478e-a969-ba003a36e6cd: valid; 1.6 s; peak memory 4438 MiB.
2026-09-25T22:34:21Z WARNING 171de2c7-a007-4b57-aed3-d3517d1674aa: failed while retrieving asset information from the DANDI API (NotFoundError: No asset at path 'sub-EPCNHP1/sub-EPCNHP1_ses-2019-11-25-001_ecephys.nwb' in version 0.240701.1903. Verify the path is correct and the asset exists in this version. Use 'dandi ls' to list available assets.)
2026-09-25T22:34:27Z INFO [468/500] 171e489c-7ef0-4a69-9d57-7121588af18a: valid; 5.3 s; peak memory 4438 MiB.
2026-09-25T22:34:28Z INFO [469/500] 171ec691-9ed0-4016-9a9d-9376032c104a: valid; 1.5 s; peak memory 4438 MiB.
2026-09-25T22:34:30Z INFO [470/500] 171f0e82-fb45-4d84-b18f-9fca6e2c8b49: valid; 2.0 s; peak memory 4438 MiB.
2026-09-25T22:34:31Z INFO [471/500] 171f4560-e698-4574-9556-edd93a013b81: valid; 1.3 s; peak memory 4438 MiB.
2026-09-25T22:34:33Z INFO [472/500] 171f7e02-967c-4ea6-9b82-1242285a6758: not valid; 1.6 s; peak memory 4438 MiB.
2026-09-25T22:34:33Z WARNING 171fa9ea-ecf0-44e5-841e-3f82910162bf: failed while retrieving asset information from the DANDI API (NotFoundError: No asset at path 'sub-781166/sub-781166_ses-behavior-781166-2025-05-14-14-18-24.nwb' in version draft. Verify the path is correct and the asset exists in this version. Use 'dandi ls' to list available assets.)
2026-09-25T22:34:34Z INFO [474/500] 171fd9b3-2a95-46e5-84be-1a372ee1ad7f: valid; 1.3 s; peak memory 4438 MiB.
2026-09-25T22:34:36Z INFO [475/500] 171ffa72-2897-4f68-8f60-3b35db7e48c9: not valid; 1.9 s; peak memory 4438 MiB.
2026-09-25T22:34:46Z INFO [476/500] 172043c8-e41c-4ee9-90b2-a6d6ee168c5c: valid; 9.4 s; peak memory 4438 MiB.
2026-09-25T22:34:46Z WARNING 17205858-ffae-4195-9c0e-b816e7da4351: failed while retrieving asset information from the DANDI API (NotFoundError: No asset at path 'sub-785956/sub-785956_ses-behavior-785956-2025-05-21-13-41-59.nwb' in version draft. Verify the path is correct and the asset exists in this version. Use 'dandi ls' to list available assets.)
2026-09-25T22:34:49Z INFO [478/500] 17208a1b-6da6-4dc5-81af-71179c2976cd: valid; 3.1 s; peak memory 4438 MiB.
2026-09-25T22:34:49Z WARNING 17212f5a-0bce-403c-b8b2-a4179002923d: failed while retrieving asset information from the DANDI API (NotFoundError: No such Dandiset: 001269)
2026-09-25T22:34:52Z INFO [480/500] 1721c212-3163-479b-8a40-56ed13ee3515: valid; 2.7 s; peak memory 4438 MiB.
2026-09-25T22:34:53Z INFO [481/500] 1721fc30-aa14-445b-ac63-b95985abc6cb: valid; 1.3 s; peak memory 4438 MiB.
2026-09-25T22:35:08Z INFO [482/500] 1722020f-21ab-4599-878f-0e255d5af4b3: valid; 14.8 s; peak memory 4438 MiB.
2026-09-25T22:35:10Z INFO [483/500] 17221292-7ba5-4aaa-9a1b-5775ac9fbbb1: valid; 2.4 s; peak memory 4438 MiB.
2026-09-25T22:35:12Z INFO [484/500] 172215c1-577a-4807-889d-671cda97e21e: not valid; 2.3 s; peak memory 4438 MiB.
2026-09-25T22:35:17Z INFO [485/500] 17223b2a-4faa-4ae5-9133-0db64b3283a5: valid; 5.2 s; peak memory 4438 MiB.
2026-09-25T22:35:22Z INFO [486/500] 17224634-aaae-4708-a49f-c2257f4fdcff: valid; 4.3 s; peak memory 4438 MiB.
2026-09-25T22:35:24Z INFO [487/500] 17228ad9-3a4c-4a18-a1e0-f9303784ae22: valid; 2.1 s; peak memory 4438 MiB.
2026-09-25T22:35:26Z INFO [488/500] 17229ff6-0dd0-4364-84d8-8a5a13fbf52e: not valid; 1.7 s; peak memory 4438 MiB.
2026-09-25T22:35:29Z INFO [489/500] 1722cadc-3171-4672-bee2-8dffdffaf110: not valid; 3.0 s; peak memory 4438 MiB.
2026-09-25T22:35:35Z INFO [490/500] 172301e1-0769-406f-8e52-d1cd79cb41cf: not valid; 6.0 s; peak memory 4438 MiB.
2026-09-25T22:35:36Z INFO [491/500] 172306ee-bb05-4579-a3bb-b064cce18429: valid; 1.4 s; peak memory 4438 MiB.
2026-09-25T22:35:42Z INFO [492/500] 172393e2-312b-4f1f-a9a4-78fc9140a34e: valid; 5.6 s; peak memory 4438 MiB.
2026-09-25T22:35:44Z INFO [493/500] 1723e3df-9fb1-4bf2-b36d-0e38f3ee9bd5: valid; 2.1 s; peak memory 4438 MiB.
2026-09-25T22:35:47Z INFO [494/500] 17241e2a-a8be-4db1-ad7b-bb0b0e09c58f: valid; 3.0 s; peak memory 4438 MiB.
2026-09-25T22:35:50Z INFO [495/500] 17248d33-e3b6-4a4f-92ab-815cb69f1282: valid; 3.0 s; peak memory 4438 MiB.
2026-09-25T22:35:52Z INFO [496/500] 17249c89-ea94-45d4-8cb6-fa83b8f0bda8: valid; 2.7 s; peak memory 4438 MiB.
2026-09-25T22:35:53Z INFO [497/500] 1725975c-6aa2-402b-a469-d46b313a3e02: valid; 1.0 s; peak memory 4438 MiB.
2026-09-25T22:35:55Z INFO [498/500] 1725f7b1-6fea-4109-968a-ac5adf30431e: valid; 1.9 s; peak memory 4438 MiB.
2026-09-25T22:35:57Z INFO [499/500] 17260770-3a27-437f-b2e8-32d332b8e864: valid; 2.1 s; peak memory 4438 MiB.
2026-09-25T22:35:59Z INFO [500/500] 17261505-eeb3-4a21-a65e-d4e3bc98db5a: not valid; 1.5 s; peak memory 4438 MiB.
2026-09-25T22:35:59Z INFO [500/500] 17261505-eeb3-4a21-a65e-d4e3bc98db5a: checkpointed 80010 records.
2026-09-25T22:36:00Z INFO Wrote 80010 records to /tmp/derivatives/content_id_to_valid_nwb_file.jsonl (470 new, 30 failed) in 39.4 min (peak memory 4438 MiB).
