2026-09-25T16:01:50Z INFO Logging to /tmp/logs/update_2026-09-25T16-01-50Z.log.
2026-09-25T16:01:50Z INFO Update content-id-to-valid-nwb-file (base directory /tmp).
2026-09-25T16:01:52Z INFO Processing 500 items (79010 already recorded).
2026-09-25T16:01:54Z INFO [1/500] 15935a7e-db89-4cee-96f0-b3f8d13bca38: valid; 1.2 s; peak memory 340 MiB.
2026-09-25T16:01:54Z INFO [2/500] 1593c542-a196-4956-956d-fd424e21bc40: valid; 0.8 s; peak memory 342 MiB.
2026-09-25T16:01:56Z INFO [3/500] 159413ce-417d-45ac-a342-82ef03bcaf8e: valid; 1.3 s; peak memory 347 MiB.
2026-09-25T16:01:57Z INFO [4/500] 15945566-cd24-49f0-b113-7331c6092018: valid; 1.4 s; peak memory 365 MiB.
2026-09-25T16:01:59Z INFO [5/500] 15948900-c46d-4692-9e68-5b4ff68e194b: valid; 1.5 s; peak memory 371 MiB.
2026-09-25T16:02:01Z INFO [6/500] 1594d265-4961-41e1-93f0-dcaaf1388924: valid; 2.0 s; peak memory 387 MiB.
2026-09-25T16:02:09Z INFO [7/500] 1595b681-22a1-41df-b963-6807f5a01d57: valid; 8.6 s; peak memory 496 MiB.
2026-09-25T16:02:11Z INFO [8/500] 1595d053-06d2-467a-a4de-3bd3fb46b87b: valid; 2.0 s; peak memory 512 MiB.
2026-09-25T16:02:20Z INFO [9/500] 1595ec93-3780-4381-99ed-f3983324b8ab: valid; 8.8 s; peak memory 600 MiB.
2026-09-25T16:02:21Z INFO [10/500] 1595ee58-187e-4a0b-a410-37c0e599776c: valid; 0.8 s; peak memory 603 MiB.
2026-09-25T16:02:25Z INFO [11/500] 15964b9b-e155-48ae-8cdd-9cefddd92aed: not valid; 4.6 s; peak memory 620 MiB.
2026-09-25T16:02:26Z INFO [12/500] 159660d5-c884-4bfa-8db4-e76b738e9c4e: not valid; 0.8 s; peak memory 624 MiB.
2026-09-25T16:02:28Z INFO [13/500] 1596d34d-57d7-46bc-a3e7-adcef943cb15: valid; 1.7 s; peak memory 629 MiB.
2026-09-25T16:02:31Z INFO [14/500] 159779b1-cc7f-42a8-b284-e9dadb46ac32: valid; 2.8 s; peak memory 629 MiB.
2026-09-25T16:02:32Z INFO [15/500] 1598daf0-46dc-49a2-a643-f39512cabd0d: valid; 1.0 s; peak memory 629 MiB.
2026-09-25T16:02:33Z INFO [16/500] 15991f1f-a194-4b21-a2c7-d836579768d1: not valid; 0.9 s; peak memory 629 MiB.
2026-09-25T16:02:33Z INFO [17/500] 159950c6-ea78-4c33-9aa6-5835629d105f: valid; 0.5 s; peak memory 629 MiB.
2026-09-25T16:02:38Z INFO [18/500] 159a7da1-4da1-4105-b986-de9c5c39bc41: valid; 4.8 s; peak memory 629 MiB.
2026-09-25T16:02:39Z INFO [19/500] 159a951c-d5db-430f-9327-3ca255bbc77f: valid; 1.2 s; peak memory 629 MiB.
2026-09-25T16:02:42Z INFO [20/500] 159b184d-49ea-4235-80a9-7f95deb353e2: valid; 2.4 s; peak memory 629 MiB.
2026-09-25T16:02:43Z INFO [21/500] 159b35e6-5ee3-47fb-bca9-eb86a5f2759b: not valid; 1.3 s; peak memory 629 MiB.
2026-09-25T16:02:44Z INFO [22/500] 159b6ba4-a880-4bfa-ae68-91a21238fd8a: valid; 0.7 s; peak memory 629 MiB.
2026-09-25T16:02:45Z INFO [23/500] 159bc4b8-68d3-4422-89a4-4548d174d15b: not valid; 0.9 s; peak memory 629 MiB.
2026-09-25T16:02:45Z INFO [24/500] 159c92a3-ff0d-48eb-86ac-b33fa30ea040: valid; 0.7 s; peak memory 629 MiB.
2026-09-25T16:02:46Z INFO [25/500] 159d0acd-df87-4165-bba9-f26cabf1adae: valid; 0.9 s; peak memory 629 MiB.
2026-09-25T16:02:47Z INFO [26/500] 159d8539-1d1d-4bdd-b942-f198f5ec8d03: not valid; 1.2 s; peak memory 629 MiB.
2026-09-25T16:02:48Z INFO [27/500] 159e9c6f-160d-48b8-bc01-193d7fe802ad: valid; 1.0 s; peak memory 629 MiB.
2026-09-25T16:02:49Z INFO [28/500] 159f7d90-c1c6-4f03-a1a2-12e84aa0937a: valid; 0.5 s; peak memory 629 MiB.
2026-09-25T16:02:50Z INFO [29/500] 15a071af-fd6a-4074-b0fe-4ba0531bd7a9: valid; 1.0 s; peak memory 629 MiB.
2026-09-25T16:02:51Z INFO [30/500] 15a0eeac-00a6-4f78-a74c-31ecd4c663f6: not valid; 0.8 s; peak memory 631 MiB.
2026-09-25T16:02:51Z INFO [31/500] 15a15283-744a-488f-88a2-0dd6e7bfb720: valid; 0.5 s; peak memory 631 MiB.
2026-09-25T16:03:05Z INFO [32/500] 15a24609-ce22-4eb2-8158-94c197940917: valid; 13.8 s; peak memory 631 MiB.
2026-09-25T16:03:06Z INFO [33/500] 15a25d2e-a196-426b-bf8f-bdcf3552f173: not valid; 0.9 s; peak memory 631 MiB.
2026-09-25T16:03:07Z INFO [34/500] 15a27c33-da56-4d6f-a234-dc46ed758311: not valid; 0.8 s; peak memory 631 MiB.
2026-09-25T16:03:09Z INFO [35/500] 15a293b9-43c8-4850-ae8e-69ff4c49ce22: not valid; 2.6 s; peak memory 631 MiB.
2026-09-25T16:03:10Z INFO [36/500] 15a37678-ce4d-4969-83c0-899d8ebb5868: not valid; 0.7 s; peak memory 632 MiB.
2026-09-25T16:03:11Z INFO [37/500] 15a3d732-4705-4506-8b94-af44c3becb2c: not valid; 0.9 s; peak memory 632 MiB.
2026-09-25T16:03:13Z INFO [38/500] 15a3f4f4-7902-4404-99ec-0d6c6242f44c: valid; 2.2 s; peak memory 632 MiB.
2026-09-25T16:03:14Z INFO [39/500] 15a53634-4019-43d1-8ba7-e9ebc8fcff5f: valid; 1.3 s; peak memory 632 MiB.
2026-09-25T16:03:15Z INFO [40/500] 15a5eba1-bbcf-4a38-8952-bfc24431e72d: valid; 0.5 s; peak memory 632 MiB.
2026-09-25T16:03:15Z INFO [41/500] 15a66a7f-f329-42a5-b548-9afc5fa4a03a: valid; 0.7 s; peak memory 632 MiB.
2026-09-25T16:03:17Z INFO [42/500] 15a6d021-14f3-498c-919b-a9876f4689c9: valid; 1.2 s; peak memory 632 MiB.
2026-09-25T16:03:18Z INFO [43/500] 15a70498-e53b-4cfb-8c0e-e8badec27166: not valid; 1.1 s; peak memory 632 MiB.
2026-09-25T16:03:25Z INFO [44/500] 15a76068-331c-4a14-a41b-f0a62792af46: valid; 7.0 s; peak memory 638 MiB.
2026-09-25T16:03:26Z INFO [45/500] 15a76d0f-4eb9-468d-9064-8ef582b38a06: not valid; 1.0 s; peak memory 644 MiB.
2026-09-25T16:03:27Z INFO [46/500] 15a77a02-28a5-489c-b171-242bfc838bdb: valid; 1.2 s; peak memory 653 MiB.
2026-09-25T16:03:28Z INFO [47/500] 15a77a87-04ba-4759-82c2-221285ca84c3: not valid; 0.8 s; peak memory 655 MiB.
2026-09-25T16:03:30Z INFO [48/500] 15a841ef-39fe-4bc8-85b3-f7ece27b8903: valid; 2.0 s; peak memory 657 MiB.
2026-09-25T16:03:30Z INFO [49/500] 15a85253-b8a3-482f-874e-338c8b30c9b5: valid; 0.8 s; peak memory 657 MiB.
2026-09-25T16:03:33Z INFO [50/500] 15a947f5-e504-4a4c-a01f-117ce708ae69: valid; 2.7 s; peak memory 657 MiB.
2026-09-25T16:03:34Z INFO [50/500] 15a947f5-e504-4a4c-a01f-117ce708ae69: checkpointed 79060 records.
2026-09-25T16:03:34Z INFO [51/500] 15a9771f-566c-425c-acf0-7e019a5e3e89: valid; 0.7 s; peak memory 657 MiB.
2026-09-25T16:03:37Z INFO [52/500] 15a97c3f-d3ce-4a10-905e-04db71571e17: not valid; 2.3 s; peak memory 657 MiB.
2026-09-25T16:03:37Z INFO [53/500] 15a9e2ef-d254-4141-845c-42c2485fcf44: valid; 0.8 s; peak memory 657 MiB.
2026-09-25T16:03:38Z WARNING 15a9fbd5-ee85-4ad9-90bf-0edbf058b4ae: failed while retrieving asset information from the DANDI API (NotFoundError: No asset at path 'sub-717441/sub-717441_ses-1332089263_probe-1_ecephys.nwb' in version 0.250311.2145. Verify the path is correct and the asset exists in this version. Use 'dandi ls' to list available assets.)
2026-09-25T16:03:39Z INFO [55/500] 15aba7bb-1fda-4548-80e1-4bb60e1e9fdb: not valid; 1.1 s; peak memory 657 MiB.
2026-09-25T16:03:40Z INFO [56/500] 15abace0-f522-47da-95bc-2df18b5970dd: valid; 0.8 s; peak memory 657 MiB.
2026-09-25T16:03:43Z INFO [57/500] 15ac4d9e-4f93-4698-bb2b-359ec19613ca: valid; 3.2 s; peak memory 657 MiB.
2026-09-25T16:03:44Z INFO [58/500] 15ac6bb4-13e2-4511-967c-03163bcb7d9f: valid; 1.1 s; peak memory 657 MiB.
2026-09-25T16:03:45Z WARNING 15ad9ef2-9e62-4356-8765-e3a5402d9bcb: failed while opening the NWB file (ConstructError: (root/acquisition/_iblmic_audioSpectrogram/bands GroupBuilder {'attributes': {'colnames': array(['freq'], dtype=object), 'description': 'spectogram frequencies', 'namespace': 'core', 'neurodata_type': 'FrequencyBandsTable', 'object_id': 'f1b9247e-8955-4416-8964-aa7c702edf69'}, 'groups': {}, 'datasets': {'freq': root/acquisition/_iblmic_audioSpectrogram/bands/freq DatasetBuilder {'attributes': {'description': 'frequency value', 'namespace': 'hdmf-common', 'neurodata_type': 'VectorData', 'object_id': '3d095a23-9e4c-416b-9b9d-e3e523d49a55'}, 'data': <HDF5 dataset "freq": shape (257,), type "<f4">}, 'id': root/acquisition/_iblmic_audioSpectrogram/bands/id DatasetBuilder {'attributes': {'namespace': 'hdmf-common', 'neurodata_type': 'ElementIdentifiers', 'object_id': 'e8de1a9d-8654-48e2-969e-e93bdadcc452'}, 'data': <HDF5 dataset "id": shape (257,), type "<i4">}}, 'links': {}}, "Could not construct FrequencyBandsTable object due to: column must have the same number of rows as 'id'"))
2026-09-25T16:03:46Z INFO [60/500] 15adeb19-5df0-4862-bec1-62af18ae1417: valid; 1.0 s; peak memory 657 MiB.
2026-09-25T16:03:51Z INFO [61/500] 15ae4d37-88b8-46cc-a0b2-31c1ea7cb577: valid; 5.0 s; peak memory 704 MiB.
2026-09-25T16:03:52Z INFO [62/500] 15ae73f8-577f-458e-a38d-dbcbb47608f6: valid; 0.7 s; peak memory 707 MiB.
2026-09-25T16:03:52Z INFO [63/500] 15aecc35-3304-40d0-9cc0-a0f8cd43d105: valid; 0.5 s; peak memory 709 MiB.
2026-09-25T16:03:53Z INFO [64/500] 15b04f5f-1ff1-4444-917e-594ceb66ea80: valid; 0.6 s; peak memory 712 MiB.
2026-09-25T16:05:34Z INFO [65/500] 15b12ad9-8f9d-49bf-8829-89e484edaa42: valid; 101.7 s; peak memory 1305 MiB.
2026-09-25T16:05:35Z INFO [66/500] 15b1d57c-0010-4a0e-9059-09dae0b997b2: valid; 0.9 s; peak memory 1305 MiB.
2026-09-25T16:05:37Z INFO [67/500] 15b23515-8577-4713-9761-50082cc1ecad: valid; 2.0 s; peak memory 1305 MiB.
2026-09-25T16:05:38Z INFO [68/500] 15b328fd-6253-4a26-9d1d-fc420ed7110c: not valid; 1.1 s; peak memory 1305 MiB.
2026-09-25T16:05:40Z INFO [69/500] 15b3cb3a-80a0-4aeb-b1df-d78876ffb82f: valid; 1.5 s; peak memory 1310 MiB.
2026-09-25T16:05:41Z INFO [70/500] 15b3db8f-4277-4e2b-b6c9-532db8dd5e19: valid; 1.1 s; peak memory 1310 MiB.
2026-09-25T16:05:42Z INFO [71/500] 15b3ea7d-5586-45eb-abe4-a19f6ead85b6: valid; 0.8 s; peak memory 1310 MiB.
2026-09-25T16:05:42Z WARNING 15b4cf7e-f73c-4839-9eeb-42b06b290258: failed while retrieving asset information from the DANDI API (NotFoundError: No such Dandiset: 000561)
2026-09-25T16:05:43Z INFO [73/500] 15b54889-2601-405f-b79d-94a2e6567844: not valid; 1.0 s; peak memory 1310 MiB.
2026-09-25T16:05:43Z INFO [74/500] 15b5a462-db65-4aec-bc31-4e0afa2f7e0f: valid; 0.7 s; peak memory 1310 MiB.
2026-09-25T16:05:45Z INFO [75/500] 15b5b511-8c98-49c7-a847-1e31b5116ebe: valid; 1.2 s; peak memory 1310 MiB.
2026-09-25T16:05:46Z INFO [76/500] 15b5e825-80be-40f2-9496-4339d68791d7: valid; 1.7 s; peak memory 1310 MiB.
2026-09-25T16:05:48Z INFO [77/500] 15b61949-0fa2-4037-80b8-efce7595ade4: valid; 2.0 s; peak memory 1313 MiB.
2026-09-25T16:06:06Z INFO [78/500] 15b69144-18ff-419f-a397-595dde18c317: valid; 17.3 s; peak memory 1640 MiB.
2026-09-25T16:06:07Z INFO [79/500] 15b6e6b5-50fd-4065-a166-5350cda32b9e: not valid; 1.1 s; peak memory 1643 MiB.
2026-09-25T16:06:09Z INFO [80/500] 15b732e7-b069-41cc-8fb4-bf2a69b9a6d4: not valid; 2.2 s; peak memory 1655 MiB.
2026-09-25T16:06:10Z INFO [81/500] 15b73960-a00c-4890-a83c-161d12809d32: valid; 1.0 s; peak memory 1656 MiB.
2026-09-25T16:06:13Z INFO [82/500] 15b773b0-345f-4d83-ae44-d3de9d773f3f: valid; 2.9 s; peak memory 1662 MiB.
2026-09-25T16:06:14Z INFO [83/500] 15b776f4-499f-49ba-b171-2d1697465332: valid; 0.9 s; peak memory 1664 MiB.
2026-09-25T16:06:29Z INFO [84/500] 15b778e9-0f9f-423e-a29a-9571ab8727b2: not valid; 15.1 s; peak memory 1689 MiB.
2026-09-25T16:06:30Z INFO [85/500] 15b907b2-c6a5-4646-bd96-167bc154d621: valid; 0.8 s; peak memory 1693 MiB.
2026-09-25T16:07:43Z INFO [86/500] 15b9677c-026b-4d2b-9601-0cd40cb0c5b1: not valid; 73.7 s; peak memory 2483 MiB.
2026-09-25T16:07:45Z INFO [87/500] 15ba1c75-acc6-495f-be72-90a4ae8a5f38: valid; 1.7 s; peak memory 2484 MiB.
2026-09-25T16:07:46Z INFO [88/500] 15bb0049-e101-43c4-a230-a4f6f91a53d2: valid; 1.1 s; peak memory 2485 MiB.
2026-09-25T16:07:48Z INFO [89/500] 15bba031-2686-44ba-86e0-e39dbf61ea89: valid; 2.0 s; peak memory 2486 MiB.
2026-09-25T16:07:49Z INFO [90/500] 15bbef90-b222-4d2a-b705-ffb8c91f8a3a: valid; 0.9 s; peak memory 2486 MiB.
2026-09-25T16:07:52Z INFO [91/500] 15bcdc3a-ac6f-408b-ac9b-d38814b663e4: not valid; 3.0 s; peak memory 2490 MiB.
2026-09-25T16:07:54Z INFO [92/500] 15bd486e-ad4e-487b-b7ba-626e522941d4: valid; 2.3 s; peak memory 2493 MiB.
2026-09-25T16:07:57Z INFO [93/500] 15be2227-f23d-47c5-a6c9-3fb02a2ac5bb: valid; 2.9 s; peak memory 2497 MiB.
2026-09-25T16:08:11Z INFO [94/500] 15be3daf-f645-4330-83a1-4bd9c937662c: valid; 13.7 s; peak memory 3223 MiB.
2026-09-25T16:08:12Z INFO [95/500] 15be5b94-3e1f-41f9-9bc2-b2dad0556c0f: valid; 1.3 s; peak memory 3223 MiB.
2026-09-25T16:08:13Z INFO [96/500] 15beaed6-3480-4c12-baaa-39f20f456db8: not valid; 1.0 s; peak memory 3223 MiB.
2026-09-25T16:08:14Z INFO [97/500] 15bf9e06-1b64-4968-82c0-7bfd5074719b: valid; 0.7 s; peak memory 3223 MiB.
2026-09-25T16:08:19Z INFO [98/500] 15bfd727-807d-40f2-a4c9-00a30d6ac274: valid; 5.3 s; peak memory 3223 MiB.
2026-09-25T16:08:20Z INFO [99/500] 15c010be-7d3e-4bce-90da-e24df1fd0422: valid; 1.2 s; peak memory 3223 MiB.
2026-09-25T16:08:28Z INFO [100/500] 15c23891-3462-4f6c-9fd3-c8c322c8178c: valid; 7.1 s; peak memory 3223 MiB.
2026-09-25T16:08:28Z INFO [100/500] 15c23891-3462-4f6c-9fd3-c8c322c8178c: checkpointed 79110 records.
2026-09-25T16:08:29Z INFO [101/500] 15c2c848-c941-48e8-a4af-6e31f1bbc841: valid; 0.9 s; peak memory 3223 MiB.
2026-09-25T16:08:37Z INFO [102/500] 15c32318-500e-4836-b214-31128bd7f740: valid; 8.0 s; peak memory 3223 MiB.
2026-09-25T16:08:38Z INFO [103/500] 15c32754-98b9-44d1-9c89-de325f7f7a31: valid; 1.3 s; peak memory 3223 MiB.
2026-09-25T16:08:39Z INFO [104/500] 15c40281-eb15-400f-89f7-a5f8785a1b8b: valid; 0.8 s; peak memory 3223 MiB.
2026-09-25T16:08:40Z INFO [105/500] 15c4e38a-5f39-4079-9352-0b0a4f61d4c2: valid; 1.1 s; peak memory 3223 MiB.
2026-09-25T16:08:41Z INFO [106/500] 15c62eac-5a7d-4fd5-9020-b5cc725aff2a: valid; 1.1 s; peak memory 3223 MiB.
2026-09-25T16:08:42Z INFO [107/500] 15c63ddb-4d18-4d88-8172-e124ae0f6a56: not valid; 1.0 s; peak memory 3223 MiB.
2026-09-25T16:08:55Z INFO [108/500] 15c7095f-437c-4b3a-928f-6656c83e70e5: valid; 12.4 s; peak memory 3410 MiB.
2026-09-25T16:09:01Z INFO [109/500] 15c83cc1-f7c5-452a-b6ec-e6114f76f1b2: valid; 6.3 s; peak memory 3410 MiB.
2026-09-25T16:09:02Z INFO [110/500] 15c84c04-5f1e-48e1-b6a1-1af1733b5ffb: not valid; 0.9 s; peak memory 3410 MiB.
2026-09-25T16:09:04Z INFO [111/500] 15c88529-14de-4f0e-b9ba-a218f28606f5: valid; 2.1 s; peak memory 3410 MiB.
2026-09-25T16:09:05Z INFO [112/500] 15c9c588-0957-468e-8b6d-a910062b0ab3: not valid; 0.8 s; peak memory 3410 MiB.
2026-09-25T16:09:12Z INFO [113/500] 15ca3e65-dfc5-46d3-982a-8e24f040253e: valid; 7.2 s; peak memory 3457 MiB.
2026-09-25T16:09:14Z INFO [114/500] 15ca3f0e-e304-46b6-bf6c-07a4db27ced9: valid; 1.8 s; peak memory 3458 MiB.
2026-09-25T16:09:15Z INFO [115/500] 15cad3f5-75f0-4b62-bdb4-da7fcdb504f5: not valid; 0.9 s; peak memory 3459 MiB.
2026-09-25T16:09:17Z INFO [116/500] 15cb28dd-7c03-4579-a0e5-cb0ad00db7e2: not valid; 2.1 s; peak memory 3472 MiB.
2026-09-25T16:09:17Z WARNING 15cb4b7f-bbdb-4b9a-a166-55fc8e2d5072: failed while retrieving asset information from the DANDI API (NotFoundError: No such Dandiset: 000561)
2026-09-25T16:09:23Z INFO [118/500] 15cb7e06-b505-4da4-bc67-7ec88c4f405c: valid; 5.7 s; peak memory 3502 MiB.
2026-09-25T16:09:25Z INFO [119/500] 15cb9f1b-fa1b-4223-b70b-ed0b3118bb2d: valid; 2.2 s; peak memory 3503 MiB.
2026-09-25T16:09:28Z INFO [120/500] 15cbe0b1-474f-4439-a628-a4d7e5eefa21: not valid; 2.8 s; peak memory 3504 MiB.
2026-09-25T16:09:38Z INFO [121/500] 15cc8b66-226d-449f-9ef9-574d0962f578: valid; 10.1 s; peak memory 3505 MiB.
2026-09-25T16:09:39Z INFO [122/500] 15ccbac7-cd07-4941-9646-5ce1ef84f585: not valid; 1.2 s; peak memory 3505 MiB.
2026-09-25T16:09:40Z INFO [123/500] 15cccdd3-fa41-4a94-9045-1253659697b5: valid; 1.0 s; peak memory 3505 MiB.
2026-09-25T16:09:41Z INFO [124/500] 15cd0807-f55c-48a7-b479-71a746e63b3d: not valid; 1.2 s; peak memory 3505 MiB.
2026-09-25T16:09:44Z INFO [125/500] 15cd1dc4-3201-4757-ae6e-a27ded161f71: valid; 2.7 s; peak memory 3505 MiB.
2026-09-25T16:09:45Z INFO [126/500] 15cd612d-b86a-456a-9eb5-22ef248aaec1: not valid; 0.9 s; peak memory 3505 MiB.
2026-09-25T16:09:46Z INFO [127/500] 15cd7142-369b-4e5d-958e-e35b8e9f318b: not valid; 1.3 s; peak memory 3505 MiB.
2026-09-25T16:09:47Z INFO [128/500] 15cd7873-e3e5-409e-9454-41f0b68c448a: valid; 0.9 s; peak memory 3505 MiB.
2026-09-25T16:09:48Z INFO [129/500] 15cdd6d0-b419-4d7b-a6ee-9010f891a0ce: not valid; 1.1 s; peak memory 3505 MiB.
2026-09-25T16:09:49Z INFO [130/500] 15cde387-bdeb-4d9e-8975-0f68d3ed88d2: valid; 0.8 s; peak memory 3505 MiB.
2026-09-25T16:09:49Z INFO [131/500] 15ce07e1-73eb-44a8-b52b-f4a8b50af56e: valid; 0.6 s; peak memory 3505 MiB.
2026-09-25T16:09:50Z INFO [132/500] 15ce2cd2-b508-423e-8246-3f325361e91e: valid; 0.9 s; peak memory 3505 MiB.
2026-09-25T16:09:51Z WARNING 15ce64fe-c05c-4f35-8f27-29c6296c2727: failed while opening the NWB file (ConstructError: (root/acquisition/_iblmic_audioSpectrogram/bands GroupBuilder {'attributes': {'colnames': array(['freq'], dtype=object), 'description': 'spectogram frequencies', 'namespace': 'core', 'neurodata_type': 'FrequencyBandsTable', 'object_id': 'b8545a25-767d-430d-84ac-077b2454e15b'}, 'groups': {}, 'datasets': {'freq': root/acquisition/_iblmic_audioSpectrogram/bands/freq DatasetBuilder {'attributes': {'description': 'frequency value', 'namespace': 'hdmf-common', 'neurodata_type': 'VectorData', 'object_id': '8761a7ea-2966-46be-8bee-3afa3b0e1969'}, 'data': <HDF5 dataset "freq": shape (257,), type "<f4">}, 'id': root/acquisition/_iblmic_audioSpectrogram/bands/id DatasetBuilder {'attributes': {'namespace': 'hdmf-common', 'neurodata_type': 'ElementIdentifiers', 'object_id': 'ee44e117-6087-4bad-bda5-68089e86af85'}, 'data': <HDF5 dataset "id": shape (257,), type "<i4">}}, 'links': {}}, "Could not construct FrequencyBandsTable object due to: column must have the same number of rows as 'id'"))
2026-09-25T16:09:52Z INFO [134/500] 15cea0a6-b75e-4021-a0de-478214e51049: valid; 1.1 s; peak memory 3505 MiB.
2026-09-25T16:09:54Z INFO [135/500] 15cf55ac-a7b6-411a-b5ab-76b0f48e798b: not valid; 1.3 s; peak memory 3505 MiB.
2026-09-25T16:09:54Z INFO [136/500] 15cf67a8-91ed-4c27-b3b4-6e888d838785: not valid; 0.5 s; peak memory 3505 MiB.
2026-09-25T16:09:56Z INFO [137/500] 15cf9fde-aebd-4d51-a8f8-41245ef5ea97: valid; 1.8 s; peak memory 3505 MiB.
2026-09-25T16:09:57Z INFO [138/500] 15d0465b-a6f2-4a34-ad82-17511ccf1675: valid; 0.8 s; peak memory 3505 MiB.
2026-09-25T16:09:58Z INFO [139/500] 15d088e8-d727-4c49-8181-32899ffe5c77: not valid; 1.5 s; peak memory 3505 MiB.
2026-09-25T16:10:00Z INFO [140/500] 15d10a56-942d-49d5-af73-7d43c4ea9804: valid; 1.8 s; peak memory 3505 MiB.
2026-09-25T16:10:01Z INFO [141/500] 15d1422f-895e-41ce-9554-939ff116f6ef: valid; 0.8 s; peak memory 3505 MiB.
2026-09-25T16:10:02Z INFO [142/500] 15d2399e-429c-4f7c-9f3d-0eb06833fe33: valid; 1.2 s; peak memory 3505 MiB.
2026-09-25T16:10:03Z INFO [143/500] 15d2f686-179e-4d0d-a580-efe37a0f85df: valid; 0.7 s; peak memory 3505 MiB.
2026-09-25T16:10:04Z INFO [144/500] 15d33db4-6e41-4ebe-9617-59df5aae39c8: not valid; 1.0 s; peak memory 3505 MiB.
2026-09-25T16:10:05Z INFO [145/500] 15d4a6c4-c831-41f8-b417-c10bb64fd7fa: valid; 1.2 s; peak memory 3505 MiB.
2026-09-25T16:10:06Z INFO [146/500] 15d4babd-4aac-40bb-ace8-db22390ef809: valid; 1.5 s; peak memory 3505 MiB.
2026-09-25T16:10:08Z INFO [147/500] 15d5add9-839a-4703-98a0-e1451d75eb12: not valid; 1.1 s; peak memory 3505 MiB.
2026-09-25T16:10:10Z INFO [148/500] 15d5c06e-8f10-48fc-b49b-1997b721383c: valid; 2.1 s; peak memory 3505 MiB.
2026-09-25T16:10:11Z INFO [149/500] 15d661b3-eb3a-47a9-ac8d-8569f4883275: valid; 1.8 s; peak memory 3505 MiB.
2026-09-25T16:10:17Z INFO [150/500] 15d697a6-c6a1-4706-8813-b24f1cd67796: valid; 5.5 s; peak memory 3506 MiB.
2026-09-25T16:10:17Z INFO [150/500] 15d697a6-c6a1-4706-8813-b24f1cd67796: checkpointed 79160 records.
2026-09-25T16:10:22Z INFO [151/500] 15d6dba9-9e03-4642-a9c0-22d3f6da20ab: valid; 4.8 s; peak memory 3506 MiB.
2026-09-25T16:10:25Z INFO [152/500] 15d718b5-efa2-4eca-868a-6c94a6005eb4: not valid; 2.7 s; peak memory 3506 MiB.
2026-09-25T16:10:26Z INFO [153/500] 15d74cf2-8fbb-409d-abf1-623b953d9c7d: not valid; 1.0 s; peak memory 3506 MiB.
2026-09-25T16:10:27Z INFO [154/500] 15d75cc8-89a9-404a-ad20-851f7500713d: not valid; 1.0 s; peak memory 3506 MiB.
2026-09-25T16:10:29Z INFO [155/500] 15d78fd7-2bea-42e1-abfb-4f51c50c47b0: valid; 2.6 s; peak memory 3506 MiB.
2026-09-25T16:10:31Z INFO [156/500] 15d8f158-2a35-49ad-9912-c77a266f7dc6: valid; 1.7 s; peak memory 3506 MiB.
2026-09-25T16:10:32Z INFO [157/500] 15d99d18-7008-4da1-b0f3-96da1bc29c4d: valid; 1.3 s; peak memory 3506 MiB.
2026-09-25T16:10:33Z WARNING 15da2ebe-9586-4450-9ff5-cf717b81b8f5: failed while opening the NWB file (ValueError: Cannot resolve included group spec 'electrodes' with data_type_inc 'ElectrodesTable' because a group spec with the same name already exists with data_type_inc 'DynamicTable', and data type 'DynamicTable' is not a child type of data type 'ElectrodesTable'.)
2026-09-25T16:10:34Z INFO [159/500] 15dae5bf-88df-4f06-868a-ddf80c56b3c7: not valid; 0.9 s; peak memory 3506 MiB.
2026-09-25T16:10:36Z INFO [160/500] 15db231e-6916-4e8e-822b-61e7bce38aca: valid; 2.0 s; peak memory 3506 MiB.
2026-09-25T16:10:39Z INFO [161/500] 15db31b4-fe0f-485a-93ac-2011fc623f4b: valid; 3.0 s; peak memory 3506 MiB.
2026-09-25T16:10:41Z INFO [162/500] 15db3aee-16c5-47d2-ad11-ae4c84f1b063: valid; 1.1 s; peak memory 3506 MiB.
2026-09-25T16:10:41Z INFO [163/500] 15db6862-65ad-48bf-a3d4-e716e45006e8: not valid; 0.8 s; peak memory 3506 MiB.
2026-09-25T16:10:46Z INFO [164/500] 15db7f30-32ee-483c-886b-efd55f5a97f2: valid; 4.5 s; peak memory 3506 MiB.
2026-09-25T16:10:48Z INFO [165/500] 15dc0319-58c9-4c28-a68a-b1e01984870c: not valid; 1.8 s; peak memory 3506 MiB.
2026-09-25T16:10:48Z INFO [166/500] 15dc84b2-0886-4650-b7ff-972f069887be: valid; 0.8 s; peak memory 3506 MiB.
2026-09-25T16:10:49Z WARNING 15dcc4c7-a263-4fd0-93f8-cb1c24c78761: failed while retrieving asset information from the DANDI API (NotFoundError: No asset at path 'sub-parkinson-simulated-lfp/sub-parkinson-simulated-lfp_ses-8422_ecephys.nwb' in version 0.250327.2220. Verify the path is correct and the asset exists in this version. Use 'dandi ls' to list available assets.)
2026-09-25T16:10:49Z WARNING 15dd21b2-7ecb-4e5d-8f3d-ddfc423e191d: failed while retrieving asset information from the DANDI API (NotFoundError: No asset at path 'sub-parkinson-simulated-beta/sub-parkinson-simulated-beta_ses-4772_ecephys.nwb' in version 0.250327.2220. Verify the path is correct and the asset exists in this version. Use 'dandi ls' to list available assets.)
2026-09-25T16:10:50Z INFO [169/500] 15dd2b83-33d8-4d73-8454-960e057e934c: valid; 1.8 s; peak memory 3506 MiB.
2026-09-25T16:10:51Z INFO [170/500] 15dd5925-1bc2-4363-9f75-989c374f87a8: valid; 0.7 s; peak memory 3506 MiB.
2026-09-25T16:10:53Z INFO [171/500] 15ddb06f-9e5c-46b5-9091-80bdd0a410ef: valid; 1.8 s; peak memory 3506 MiB.
2026-09-25T16:10:54Z INFO [172/500] 15ddecd5-c368-46a6-9bdd-869f1806a813: valid; 1.2 s; peak memory 3506 MiB.
2026-09-25T16:10:55Z INFO [173/500] 15de5a45-0c3d-4562-8dba-11914327a684: valid; 0.7 s; peak memory 3506 MiB.
2026-09-25T16:10:56Z INFO [174/500] 15de8523-1cc2-415a-83b8-d174ae0d9292: valid; 1.3 s; peak memory 3506 MiB.
2026-09-25T16:10:56Z WARNING 15deef69-595d-41f4-9b9a-11f2d9f03271: failed while retrieving asset information from the DANDI API (NotFoundError: No such Dandiset: 000477)
2026-09-25T16:10:57Z INFO [176/500] 15df02db-af6d-43e3-bf29-f8cb3e1aba23: valid; 1.3 s; peak memory 3506 MiB.
2026-09-25T16:11:19Z INFO [177/500] 15df62fd-a732-4c46-aa81-89a67bc6c3d2: not valid; 22.0 s; peak memory 3506 MiB.
2026-09-25T16:11:20Z INFO [178/500] 15df69a2-feb8-462b-9b4f-7994894be232: valid; 0.4 s; peak memory 3506 MiB.
2026-09-25T16:11:21Z INFO [179/500] 15df828e-b37b-40b7-814b-c90e7da59884: valid; 1.2 s; peak memory 3506 MiB.
2026-09-25T16:11:31Z INFO [180/500] 15df8e27-3be4-405e-94b0-296c89e5b53e: valid; 10.0 s; peak memory 3551 MiB.
2026-09-25T16:11:33Z INFO [181/500] 15e1b46b-d6da-4203-b176-64d0038e5583: valid; 1.9 s; peak memory 3557 MiB.
2026-09-25T16:11:35Z INFO [182/500] 15e23ddb-d955-4de3-b3d0-9d035fba0f5b: not valid; 2.1 s; peak memory 3571 MiB.
2026-09-25T16:11:36Z INFO [183/500] 15e29acd-bda0-4530-a75a-fafe08564f6e: valid; 1.3 s; peak memory 3571 MiB.
2026-09-25T16:11:49Z INFO [184/500] 15e2c953-e1db-45d8-bc2c-c6342f19e487: valid; 12.2 s; peak memory 3597 MiB.
2026-09-25T16:11:50Z INFO [185/500] 15e32d95-2ca6-46e5-92f5-5396fe9d8055: valid; 1.7 s; peak memory 3599 MiB.
2026-09-25T16:11:52Z INFO [186/500] 15e34298-0b94-4ac2-80a2-ba1a5fd5052a: valid; 1.4 s; peak memory 3602 MiB.
2026-09-25T16:11:52Z INFO [187/500] 15e35ef9-5134-45f6-a404-4fa9a7848c7d: not valid; 0.9 s; peak memory 3602 MiB.
2026-09-25T16:11:54Z INFO [188/500] 15e48434-bb7b-4a60-9596-0c011e5bb33f: valid; 1.2 s; peak memory 3602 MiB.
2026-09-25T16:11:55Z INFO [189/500] 15e4864d-a1eb-4a95-b167-36ff43ed69e0: not valid; 0.9 s; peak memory 3602 MiB.
2026-09-25T16:11:57Z INFO [190/500] 15e4c26f-9f6b-4a24-8dbe-18361133e3df: valid; 2.3 s; peak memory 3602 MiB.
2026-09-25T16:11:58Z INFO [191/500] 15e521df-114d-4321-ad47-9dbc7b5a0d58: valid; 1.0 s; peak memory 3602 MiB.
2026-09-25T16:12:00Z INFO [192/500] 15e57ff7-65e3-4531-8f5d-4a2847a56afa: valid; 1.9 s; peak memory 3602 MiB.
2026-09-25T16:12:01Z INFO [193/500] 15e65307-91aa-4e48-b616-f649fbda1a0b: valid; 0.8 s; peak memory 3602 MiB.
2026-09-25T16:12:01Z INFO [194/500] 15e6a56c-6af2-4d14-b7e0-39302d8247ef: valid; 0.7 s; peak memory 3602 MiB.
2026-09-25T16:12:02Z INFO [195/500] 15e71e52-7789-45ac-b019-8f1711dc0ea1: not valid; 0.9 s; peak memory 3602 MiB.
2026-09-25T16:12:04Z INFO [196/500] 15e7af23-1f31-44db-8ece-db23c38ec639: valid; 1.6 s; peak memory 3602 MiB.
2026-09-25T16:12:05Z INFO [197/500] 15e843c5-66a8-4a04-8638-40e58654f367: valid; 1.4 s; peak memory 3602 MiB.
2026-09-25T16:12:07Z INFO [198/500] 15e84d36-5dfb-49b3-aeac-54bbd81aad08: valid; 1.4 s; peak memory 3602 MiB.
2026-09-25T16:12:07Z INFO [199/500] 15e8520b-9d3b-4e03-8a45-6440a8604a74: valid; 0.7 s; peak memory 3602 MiB.
2026-09-25T16:12:09Z INFO [200/500] 15ea02b9-c2d1-4827-84f9-13f415f1cc0a: valid; 1.7 s; peak memory 3602 MiB.
2026-09-25T16:12:09Z INFO [200/500] 15ea02b9-c2d1-4827-84f9-13f415f1cc0a: checkpointed 79210 records.
2026-09-25T16:12:10Z INFO [201/500] 15ea2876-48bf-4b61-ba40-07f956f5907d: valid; 0.8 s; peak memory 3602 MiB.
2026-09-25T16:12:11Z INFO [202/500] 15ea963f-ca7d-423c-82b9-5776306624dd: not valid; 0.9 s; peak memory 3602 MiB.
2026-09-25T16:12:13Z INFO [203/500] 15eba4d0-b31e-4f67-ae0d-84081fc22c8d: valid; 1.7 s; peak memory 3602 MiB.
2026-09-25T16:12:15Z INFO [204/500] 15ebd112-6924-41ab-918a-54b2732d7fc5: valid; 2.1 s; peak memory 3602 MiB.
2026-09-25T16:12:16Z INFO [205/500] 15ec4a30-dec4-46ac-9b1e-42664ccb230b: valid; 0.7 s; peak memory 3602 MiB.
2026-09-25T16:12:17Z INFO [206/500] 15ec87d9-27ff-44bc-b101-ae3bcfe2e1bc: valid; 1.0 s; peak memory 3602 MiB.
2026-09-25T16:12:25Z INFO [207/500] 15ece562-e661-404a-8eaf-83f261c40362: valid; 8.5 s; peak memory 3602 MiB.
2026-09-25T16:12:28Z INFO [208/500] 15ed0279-c72a-434e-ab87-003ef4323a54: not valid; 2.3 s; peak memory 3602 MiB.
2026-09-25T16:12:29Z INFO [209/500] 15edc03c-a763-4cb4-b449-a523ca74f93c: valid; 1.6 s; peak memory 3602 MiB.
2026-09-25T16:12:30Z INFO [210/500] 15ede697-0bb2-43ef-9bf7-32a6a2fbcede: valid; 0.9 s; peak memory 3602 MiB.
2026-09-25T16:12:31Z INFO [211/500] 15ee348d-c935-4748-8c52-8d8d68bb108e: not valid; 1.1 s; peak memory 3602 MiB.
2026-09-25T16:12:32Z INFO [212/500] 15ee3d8f-4494-4d81-9758-fd338c5438c1: valid; 0.7 s; peak memory 3602 MiB.
2026-09-25T16:12:33Z INFO [213/500] 15ee70a8-001c-496f-a0e7-30076a78a9de: valid; 0.8 s; peak memory 3602 MiB.
2026-09-25T16:12:35Z INFO [214/500] 15ef083c-dd3f-4dd9-bed7-6090e71fdd60: valid; 2.7 s; peak memory 3602 MiB.
2026-09-25T16:12:37Z INFO [215/500] 15ef2dc6-c262-4767-8d2b-6e03dc9aef57: valid; 1.2 s; peak memory 3602 MiB.
2026-09-25T16:12:59Z INFO [216/500] 15ef75c9-c5f3-47b5-aae9-b7e159567315: not valid; 22.6 s; peak memory 3617 MiB.
2026-09-25T16:13:07Z INFO [217/500] 15ef84b6-5005-4fa0-8392-298038ac232d: valid; 7.5 s; peak memory 3797 MiB.
2026-09-25T16:13:08Z INFO [218/500] 15efa004-6b45-49d3-8308-3bb2c91580bd: not valid; 1.0 s; peak memory 3797 MiB.
2026-09-25T16:13:08Z INFO [219/500] 15efeb4f-f7cf-4665-a94b-fb854de638fb: not valid; 0.8 s; peak memory 3797 MiB.
2026-09-25T16:13:10Z INFO [220/500] 15f1fd4a-3360-42ff-ab51-ae40e7853cf4: valid; 2.0 s; peak memory 3797 MiB.
2026-09-25T16:13:21Z INFO [221/500] 15f35d52-d705-4970-901b-d7774cec1368: valid; 11.1 s; peak memory 3932 MiB.
2026-09-25T16:13:23Z INFO [222/500] 15f389c1-9eea-4e3d-be33-908c061eea72: valid; 1.4 s; peak memory 3936 MiB.
2026-09-25T16:13:24Z INFO [223/500] 15f41f60-f584-4f39-80d0-e577752b3c3f: valid; 0.8 s; peak memory 3938 MiB.
2026-09-25T16:13:32Z INFO [224/500] 15f43386-c6cb-4c99-8a85-1b9923033fdf: valid; 8.8 s; peak memory 4017 MiB.
2026-09-25T16:13:34Z INFO [225/500] 15f48a6e-3e5f-4c8f-9adf-350dabd2b34d: valid; 1.5 s; peak memory 4020 MiB.
2026-09-25T16:13:41Z INFO [226/500] 15f4de0c-edad-4e58-a8a7-c1523a974709: valid; 7.3 s; peak memory 4208 MiB.
2026-09-25T16:13:42Z INFO [227/500] 15f50eab-a42b-47e0-a06a-226bcb70f8a7: not valid; 0.9 s; peak memory 4209 MiB.
2026-09-25T16:13:43Z INFO [228/500] 15f517e7-dadf-4d3a-b292-9ff4a380facb: valid; 0.8 s; peak memory 4209 MiB.
2026-09-25T16:13:43Z INFO [229/500] 15f67e63-be3c-438f-9f62-52d6e36757d9: not valid; 0.5 s; peak memory 4209 MiB.
2026-09-25T16:13:44Z INFO [230/500] 15f713f4-6d8d-43ff-9674-d365b9f69cc7: valid; 0.7 s; peak memory 4209 MiB.
2026-09-25T16:13:45Z INFO [231/500] 15f811b5-30d6-4877-b8f0-e831c2f2f645: not valid; 1.3 s; peak memory 4209 MiB.
2026-09-25T16:13:46Z INFO [232/500] 15f88193-7463-4888-93a7-c074aec33d75: valid; 0.8 s; peak memory 4209 MiB.
2026-09-25T16:13:48Z INFO [233/500] 15f8c47a-86eb-4265-ad29-6b03aea7fa2d: valid; 2.0 s; peak memory 4211 MiB.
2026-09-25T16:13:49Z INFO [234/500] 15f8ff54-7363-4e99-8cb5-de1b58eb73b4: valid; 0.7 s; peak memory 4211 MiB.
2026-09-25T16:13:50Z INFO [235/500] 15f9414a-529d-4d95-ac1c-9f214fdf44c2: valid; 0.9 s; peak memory 4211 MiB.
2026-09-25T16:13:51Z INFO [236/500] 15f973d8-16fe-43bf-9fe2-81d7ffc9d92f: valid; 0.9 s; peak memory 4211 MiB.
2026-09-25T16:13:52Z INFO [237/500] 15fa3bf7-95d2-4d0b-b90d-cd4e678a2ebc: not valid; 1.7 s; peak memory 4211 MiB.
2026-09-25T16:13:54Z INFO [238/500] 15facaa2-cc44-472d-b51c-155fd5ec9471: valid; 1.1 s; peak memory 4211 MiB.
2026-09-25T16:13:57Z INFO [239/500] 15fadce1-ba61-4285-a804-d3a1e150e099: not valid; 3.5 s; peak memory 4211 MiB.
2026-09-25T16:14:01Z INFO [240/500] 15fb1953-af2d-4e03-9d9b-551c36249dc4: not valid; 4.2 s; peak memory 4211 MiB.
2026-09-25T16:14:02Z INFO [241/500] 15fb6444-7305-450e-82e5-7132113dd1c1: not valid; 0.7 s; peak memory 4211 MiB.
2026-09-25T16:14:03Z INFO [242/500] 15fcc631-61b4-4b57-9339-aa2ae2cec04e: valid; 0.7 s; peak memory 4211 MiB.
2026-09-25T16:14:04Z INFO [243/500] 15fcf98c-c138-4e50-81ab-bcfcadf641cf: not valid; 0.9 s; peak memory 4211 MiB.
2026-09-25T16:14:04Z INFO [244/500] 15fd4e29-0dc9-4637-950c-3f236e8c1869: valid; 0.7 s; peak memory 4212 MiB.
2026-09-25T16:14:06Z INFO [245/500] 15fdb76b-247c-4d96-aedf-7214b8c6fd63: valid; 1.6 s; peak memory 4212 MiB.
2026-09-25T16:14:07Z INFO [246/500] 15fe0ef9-9b5f-48a1-b669-569f4d59738a: valid; 0.7 s; peak memory 4212 MiB.
2026-09-25T16:14:08Z INFO [247/500] 15fe639d-f921-41cd-815f-fd046708d24a: valid; 1.1 s; peak memory 4212 MiB.
2026-09-25T16:14:08Z INFO [248/500] 15fe675b-8395-48b1-b818-0dafdd8e3871: valid; 0.8 s; peak memory 4212 MiB.
2026-09-25T16:14:10Z INFO [249/500] 15fe6d8f-b8e4-4859-b01c-44d4b738c4e6: valid; 1.1 s; peak memory 4212 MiB.
2026-09-25T16:14:13Z INFO [250/500] 15fe8ff4-4cb7-4b06-b98d-83e08159f826: valid; 3.4 s; peak memory 4212 MiB.
2026-09-25T16:14:13Z INFO [250/500] 15fe8ff4-4cb7-4b06-b98d-83e08159f826: checkpointed 79260 records.
2026-09-25T16:14:15Z INFO [251/500] 15feb0e3-72eb-44c0-a36f-1d953ee96ada: not valid; 1.4 s; peak memory 4212 MiB.
2026-09-25T16:14:17Z INFO [252/500] 15fed085-fe73-4ccc-88f6-8b793f074103: not valid; 1.9 s; peak memory 4212 MiB.
2026-09-25T16:14:18Z INFO [253/500] 15fefbd1-b3b8-42e9-a3f0-311085a63519: valid; 0.7 s; peak memory 4212 MiB.
2026-09-25T16:14:18Z INFO [254/500] 15ff2547-b82b-4530-b566-dff7c38f134a: valid; 0.4 s; peak memory 4212 MiB.
2026-09-25T16:14:23Z INFO [255/500] 15ffc3f9-d6c1-45d7-9390-3de8ae0cf678: valid; 4.7 s; peak memory 4212 MiB.
2026-09-25T16:14:23Z INFO [256/500] 15ffcd06-04e5-4929-85ae-edb1def79fee: valid; 0.7 s; peak memory 4212 MiB.
2026-09-25T16:14:26Z INFO [257/500] 16001285-9168-430e-b211-205cc9e5c85b: not valid; 2.4 s; peak memory 4212 MiB.
2026-09-25T16:14:26Z INFO [258/500] 16004999-892b-4f5d-80de-3b76f9bf49ce: valid; 0.5 s; peak memory 4212 MiB.
2026-09-25T16:14:35Z INFO [259/500] 16007758-1eb2-4991-ab55-3b1e86921fb2: valid; 8.4 s; peak memory 4213 MiB.
2026-09-25T16:14:36Z INFO [260/500] 16007ad8-317b-4126-9303-de7af7c02ba3: valid; 0.8 s; peak memory 4213 MiB.
2026-09-25T16:14:36Z INFO [261/500] 16009a46-ecf9-4877-8d9a-9c959cb50f55: valid; 0.7 s; peak memory 4213 MiB.
2026-09-25T16:14:37Z INFO [262/500] 16010291-d64a-4d77-ba02-c5bb78439b80: not valid; 0.9 s; peak memory 4213 MiB.
2026-09-25T16:14:39Z INFO [263/500] 1601210d-1028-4c3b-8b9e-dda2dd78e95d: valid; 1.9 s; peak memory 4213 MiB.
2026-09-25T16:14:40Z INFO [264/500] 160160fc-06e9-4533-89c6-09eb14809fad: valid; 1.4 s; peak memory 4213 MiB.
2026-09-25T16:14:42Z INFO [265/500] 160208cd-4bfe-4e27-ba65-44cecb778173: not valid; 1.0 s; peak memory 4213 MiB.
2026-09-25T16:14:45Z INFO [266/500] 16031d88-9b27-46b8-91f6-d31c78eaef5d: valid; 3.8 s; peak memory 4213 MiB.
2026-09-25T16:14:47Z INFO [267/500] 16031fc4-8d01-4c2e-b2b6-eda65b6a675b: valid; 2.0 s; peak memory 4213 MiB.
2026-09-25T16:14:48Z INFO [268/500] 1603254f-1a46-4761-a79e-f4bfc4b1d3fa: not valid; 1.1 s; peak memory 4213 MiB.
2026-09-25T16:14:49Z INFO [269/500] 16033829-fb05-4f5c-ba51-739798513792: valid; 0.7 s; peak memory 4213 MiB.
2026-09-25T16:14:50Z INFO [270/500] 16044965-4a60-48bb-96d5-7e5a4080a823: valid; 1.3 s; peak memory 4213 MiB.
2026-09-25T16:14:52Z INFO [271/500] 1604791d-5e68-4b33-9140-183c562e9e33: valid; 1.2 s; peak memory 4213 MiB.
2026-09-25T16:14:52Z INFO [272/500] 16048ce6-429f-4f6b-b590-063d8b532c92: valid; 0.7 s; peak memory 4213 MiB.
2026-09-25T16:14:53Z INFO [273/500] 16049998-df2d-4fa3-828c-3e111fd2aa09: not valid; 0.8 s; peak memory 4213 MiB.
2026-09-25T16:14:54Z INFO [274/500] 1604be3c-cfb8-4c4b-a362-0b1c98c35c6f: not valid; 0.7 s; peak memory 4213 MiB.
2026-09-25T16:14:55Z WARNING 160548c0-182e-4b16-9d3d-b4ed354daca8: failed while opening the NWB file (ConstructError: (root/acquisition/_iblmic_audioSpectrogram/bands GroupBuilder {'attributes': {'colnames': array(['freq'], dtype=object), 'description': 'spectogram frequencies', 'namespace': 'core', 'neurodata_type': 'FrequencyBandsTable', 'object_id': 'fde0ff7c-6b2e-4099-9cae-b41473be651e'}, 'groups': {}, 'datasets': {'freq': root/acquisition/_iblmic_audioSpectrogram/bands/freq DatasetBuilder {'attributes': {'description': 'frequency value', 'namespace': 'hdmf-common', 'neurodata_type': 'VectorData', 'object_id': '7e0bd8a2-b320-429b-9710-033cbf8b4994'}, 'data': <HDF5 dataset "freq": shape (257,), type "<f4">}, 'id': root/acquisition/_iblmic_audioSpectrogram/bands/id DatasetBuilder {'attributes': {'namespace': 'hdmf-common', 'neurodata_type': 'ElementIdentifiers', 'object_id': '07c1907b-de3e-4b5e-97b6-5039f14c42b8'}, 'data': <HDF5 dataset "id": shape (257,), type "<i4">}}, 'links': {}}, "Could not construct FrequencyBandsTable object due to: column must have the same number of rows as 'id'"))
2026-09-25T16:14:56Z INFO [276/500] 160582f1-5454-404a-9128-b7f24b709fd3: not valid; 1.0 s; peak memory 4213 MiB.
2026-09-25T16:14:59Z INFO [277/500] 1605d8e5-ac8c-41d4-b85d-58e531793c0e: valid; 3.2 s; peak memory 4213 MiB.
2026-09-25T16:15:01Z INFO [278/500] 1606ac7b-cc44-4b64-ae8e-ed4c401f8a0b: valid; 1.4 s; peak memory 4213 MiB.
2026-09-25T16:15:01Z INFO [279/500] 1606af5d-9cf1-4a82-bc88-aa56d418ec36: valid; 0.7 s; peak memory 4213 MiB.
2026-09-25T16:15:02Z INFO [280/500] 160748b1-4a76-471f-8dcd-8756888c1ec7: valid; 0.7 s; peak memory 4213 MiB.
2026-09-25T16:15:03Z INFO [281/500] 160793d2-3edb-45e4-af8c-a5b5088dc8c5: valid; 1.2 s; peak memory 4214 MiB.
2026-09-25T16:15:04Z INFO [282/500] 1607ddb8-bcf2-4241-a790-87117fb2aa0e: valid; 0.9 s; peak memory 4214 MiB.
2026-09-25T16:15:05Z INFO [283/500] 1607fad5-26f7-4459-932a-5f33087e8578: valid; 1.4 s; peak memory 4214 MiB.
2026-09-25T16:15:07Z INFO [284/500] 16081eaf-f80e-4dcf-a384-fd4bfd89febd: valid; 1.5 s; peak memory 4214 MiB.
2026-09-25T16:15:08Z INFO [285/500] 16082ccf-323d-4bf7-94e6-76d50d90113f: valid; 1.0 s; peak memory 4214 MiB.
2026-09-25T16:15:09Z INFO [286/500] 1608762f-2a2a-4270-ae91-656b1fb0a0be: valid; 0.6 s; peak memory 4214 MiB.
2026-09-25T16:15:09Z INFO [287/500] 1608bc38-c619-4871-a4e2-d68b8c3a1260: valid; 0.7 s; peak memory 4214 MiB.
2026-09-25T16:15:10Z INFO [288/500] 16093b16-6a8b-4bce-be1e-a97142e1609e: valid; 0.7 s; peak memory 4214 MiB.
2026-09-25T16:15:17Z INFO [289/500] 16094722-28ad-417a-acf8-9d75635ec837: valid; 6.6 s; peak memory 4214 MiB.
2026-09-25T16:15:18Z INFO [290/500] 16099951-d067-4107-8d83-82e0fe773a92: valid; 1.7 s; peak memory 4214 MiB.
2026-09-25T16:15:24Z INFO [291/500] 160a1fd9-161b-4fb0-8e45-387b164e2b3d: valid; 5.9 s; peak memory 4214 MiB.
2026-09-25T16:15:25Z INFO [292/500] 160a2549-eae8-4df8-9965-abf779f13e83: valid; 0.7 s; peak memory 4214 MiB.
2026-09-25T16:15:26Z INFO [293/500] 160a4edc-b442-47f5-87e0-24948725d2c5: valid; 1.2 s; peak memory 4214 MiB.
2026-09-25T16:15:30Z INFO [294/500] 160a9782-d0ce-4f5f-be1b-db3de237a634: not valid; 3.8 s; peak memory 4214 MiB.
2026-09-25T16:15:32Z INFO [295/500] 160aa97e-b53e-46a3-9b9e-2871189df3c5: valid; 2.0 s; peak memory 4214 MiB.
2026-09-25T16:15:34Z INFO [296/500] 160aed6e-83ff-444c-8272-65bd6e472f48: not valid; 1.5 s; peak memory 4214 MiB.
2026-09-25T16:15:35Z INFO [297/500] 160af635-aca2-446f-a270-a92efff809d1: valid; 1.6 s; peak memory 4214 MiB.
2026-09-25T16:15:36Z INFO [298/500] 160b6f98-41c5-49ef-a8ba-09fb67e21b6b: not valid; 0.8 s; peak memory 4214 MiB.
2026-09-25T16:15:41Z INFO [299/500] 160ba0e6-a506-49bd-a242-bd8f1e175179: valid; 5.3 s; peak memory 4214 MiB.
2026-09-25T16:15:43Z INFO [300/500] 160cfe54-b02d-4f30-b9b4-75e596549b30: valid; 1.7 s; peak memory 4214 MiB.
2026-09-25T16:15:44Z INFO [300/500] 160cfe54-b02d-4f30-b9b4-75e596549b30: checkpointed 79310 records.
2026-09-25T16:15:44Z INFO [301/500] 160e457a-a7b6-4898-938d-fe5bca312c97: not valid; 0.6 s; peak memory 4214 MiB.
2026-09-25T16:15:52Z INFO [302/500] 160f3880-ca71-4d8c-96a7-7c2be72eea63: valid; 7.7 s; peak memory 4214 MiB.
2026-09-25T16:15:56Z INFO [303/500] 160fd481-facb-42ca-ae5b-1cd2d10aea53: not valid; 4.1 s; peak memory 4214 MiB.
2026-09-25T16:16:08Z INFO [304/500] 1610ad19-31f1-4b62-9bb8-334f615d67b7: valid; 12.5 s; peak memory 4214 MiB.
2026-09-25T16:16:17Z INFO [305/500] 16125cd9-689b-4fc8-a24d-3915b02a233f: valid; 8.7 s; peak memory 4214 MiB.
2026-09-25T16:16:18Z INFO [306/500] 16127e76-edb7-4cab-901c-0824119241fc: valid; 0.9 s; peak memory 4215 MiB.
2026-09-25T16:16:20Z INFO [307/500] 1612b6f2-0c35-4c84-aeff-608efbbbecc2: not valid; 2.2 s; peak memory 4243 MiB.
2026-09-25T16:16:21Z INFO [308/500] 16141daa-e622-4074-9333-e7051dcb4bf1: valid; 1.1 s; peak memory 4243 MiB.
2026-09-25T16:16:25Z INFO [309/500] 16147ece-303a-4f2b-a5d3-e7f4874113da: valid; 3.4 s; peak memory 4243 MiB.
2026-09-25T16:16:27Z INFO [310/500] 1614d1f1-7eda-43af-951f-65b37108dbce: not valid; 2.3 s; peak memory 4243 MiB.
2026-09-25T16:16:28Z INFO [311/500] 1614f0e0-90d4-4df5-b2c5-e6d7dd9e6282: not valid; 1.1 s; peak memory 4243 MiB.
2026-09-25T16:16:36Z INFO [312/500] 16153794-f9a9-4f32-8376-aada0ff129e8: valid; 8.1 s; peak memory 4254 MiB.
2026-09-25T16:16:41Z INFO [313/500] 1615cc66-f08b-4787-a46a-8311a06dd824: valid; 5.1 s; peak memory 4254 MiB.
2026-09-25T16:16:47Z INFO [314/500] 16160346-b3b5-4396-81d4-b49b9283ec77: valid; 6.0 s; peak memory 4257 MiB.
2026-09-25T16:16:48Z INFO [315/500] 16174541-5fdc-4b1b-96b1-f47cb68a0ccc: valid; 1.0 s; peak memory 4258 MiB.
2026-09-25T16:16:49Z INFO [316/500] 16174da4-a4d0-4ef6-b184-dd8122f83a1f: valid; 0.9 s; peak memory 4259 MiB.
2026-09-25T16:16:50Z INFO [317/500] 16176397-1b29-496d-9193-5555393b4304: valid; 1.2 s; peak memory 4260 MiB.
2026-09-25T16:16:54Z INFO [318/500] 16184f36-d9ce-4fb5-9dbc-df1c8cf9050d: valid; 4.2 s; peak memory 4283 MiB.
2026-09-25T16:16:56Z INFO [319/500] 1618775a-b5c2-4e00-84d7-513dacb15687: valid; 1.5 s; peak memory 4287 MiB.
2026-09-25T16:16:57Z INFO [320/500] 1619038e-f806-4723-8e8d-5afecc17fe5b: valid; 1.4 s; peak memory 4287 MiB.
2026-09-25T16:16:59Z INFO [321/500] 16196c15-acd4-4ed3-b67a-f57e278ee87a: valid; 1.4 s; peak memory 4287 MiB.
2026-09-25T16:17:58Z INFO [322/500] 16197a12-e90e-4dd9-bfd3-a3a5777e1565: valid; 59.6 s; peak memory 4588 MiB.
2026-09-25T16:18:03Z INFO [323/500] 1619fc1a-3d8d-4134-8dad-eed80f30646e: valid; 5.2 s; peak memory 4593 MiB.
2026-09-25T16:18:06Z INFO [324/500] 161a876f-953c-4db5-a396-56cb3b579c54: valid; 2.4 s; peak memory 4600 MiB.
2026-09-25T16:18:07Z INFO [325/500] 161ae64b-acab-4567-ab0f-416cea7e740f: valid; 1.5 s; peak memory 4602 MiB.
2026-09-25T16:18:10Z INFO [326/500] 161bf3a7-5b29-4132-a47b-21615bb10b2d: valid; 2.8 s; peak memory 4602 MiB.
2026-09-25T16:18:12Z INFO [327/500] 161bf6f7-4af6-4117-9e1c-0284fd9a69f5: valid; 1.6 s; peak memory 4602 MiB.
2026-09-25T16:18:13Z INFO [328/500] 161c0dce-4891-44f0-be37-6491f5f67d28: not valid; 1.4 s; peak memory 4602 MiB.
2026-09-25T16:18:14Z INFO [329/500] 161c5ecd-22f8-44f1-914b-3dbc60fd2fec: valid; 1.1 s; peak memory 4602 MiB.
2026-09-25T16:18:15Z INFO [330/500] 161c69a3-5c48-4170-8693-7c370d97fdec: valid; 0.6 s; peak memory 4602 MiB.
2026-09-25T16:18:16Z INFO [331/500] 161cd173-8eca-4ea7-ac57-eccae5c88dea: valid; 1.1 s; peak memory 4602 MiB.
2026-09-25T16:18:17Z INFO [332/500] 161cdfad-a4fe-4e87-b470-fd5e39718f3e: valid; 1.2 s; peak memory 4602 MiB.
2026-09-25T16:18:28Z INFO [333/500] 161fdc34-0e0e-4612-8f32-858118a514a7: valid; 11.3 s; peak memory 4638 MiB.
2026-09-25T16:18:30Z INFO [334/500] 161ff8f3-8126-4aa3-bfc4-25f3e5b0bd93: not valid; 1.1 s; peak memory 4640 MiB.
2026-09-25T16:18:31Z INFO [335/500] 161ffe05-cf8b-4fe9-86dd-a6316830eb51: valid; 1.4 s; peak memory 4647 MiB.
2026-09-25T16:18:32Z INFO [336/500] 1620fd38-88a2-4da6-92a7-98bf171f924e: valid; 1.2 s; peak memory 4657 MiB.
2026-09-25T16:18:33Z INFO [337/500] 16218dbf-8e8e-490f-8410-8a6e0eb41d67: not valid; 0.8 s; peak memory 4660 MiB.
2026-09-25T16:18:34Z INFO [338/500] 1621b65a-a35c-45a1-8156-a2327c4c8e98: valid; 1.0 s; peak memory 4677 MiB.
2026-09-25T16:18:35Z INFO [339/500] 16220da9-acd8-468e-9230-7c793e623bfd: valid; 0.7 s; peak memory 4677 MiB.
2026-09-25T16:18:35Z INFO [340/500] 16224a51-ae7c-4b10-a50a-1521d2902f51: valid; 0.9 s; peak memory 4677 MiB.
2026-09-25T16:18:49Z INFO [341/500] 16225fbb-6e0f-48dc-a94a-e9b33fc2d972: valid; 13.1 s; peak memory 4690 MiB.
2026-09-25T16:18:50Z INFO [342/500] 16230b82-fce5-49be-89e4-e2d7028f01a9: valid; 1.4 s; peak memory 4690 MiB.
2026-09-25T16:18:51Z INFO [343/500] 16239015-de5c-4790-a9f8-dc934f201dd5: valid; 0.7 s; peak memory 4690 MiB.
2026-09-25T16:18:51Z INFO [344/500] 1623c2f0-d39f-4ccd-9c9d-243b20cd935a: valid; 0.8 s; peak memory 4690 MiB.
2026-09-25T16:18:52Z INFO [345/500] 1623f708-63ab-4dad-a4aa-906aa0a06ed9: not valid; 0.9 s; peak memory 4690 MiB.
2026-09-25T16:18:54Z INFO [346/500] 16243931-ba18-444d-a570-ca9ffa87903f: valid; 1.4 s; peak memory 4690 MiB.
2026-09-25T16:18:55Z WARNING 16247e74-86a8-4a6c-b892-7ac4654ec632: failed while opening the NWB file (ConstructError: (root/acquisition/_iblmic_audioSpectrogram/bands GroupBuilder {'attributes': {'colnames': array(['freq'], dtype=object), 'description': 'spectogram frequencies', 'namespace': 'core', 'neurodata_type': 'FrequencyBandsTable', 'object_id': 'a30ba7d1-b4b2-463c-913d-7c8234a16382'}, 'groups': {}, 'datasets': {'freq': root/acquisition/_iblmic_audioSpectrogram/bands/freq DatasetBuilder {'attributes': {'description': 'frequency value', 'namespace': 'hdmf-common', 'neurodata_type': 'VectorData', 'object_id': '5bd5d8ec-0b81-453f-9b9e-5aa311f99805'}, 'data': <HDF5 dataset "freq": shape (257,), type "<f4">}, 'id': root/acquisition/_iblmic_audioSpectrogram/bands/id DatasetBuilder {'attributes': {'namespace': 'hdmf-common', 'neurodata_type': 'ElementIdentifiers', 'object_id': '702dadfa-5683-488c-afe9-154ef7ccc89c'}, 'data': <HDF5 dataset "id": shape (257,), type "<i4">}}, 'links': {}}, "Could not construct FrequencyBandsTable object due to: column must have the same number of rows as 'id'"))
2026-09-25T16:18:56Z INFO [348/500] 16250981-9a9a-45c2-9882-81e65b5f82eb: not valid; 1.3 s; peak memory 4691 MiB.
2026-09-25T16:18:57Z INFO [349/500] 16257b1b-b797-429a-a7d9-3aa6b3d455c0: valid; 0.8 s; peak memory 4691 MiB.
2026-09-25T16:19:05Z INFO [350/500] 1626672e-4315-4f65-9205-75d63e71a187: valid; 8.1 s; peak memory 4779 MiB.
2026-09-25T16:19:06Z INFO [350/500] 1626672e-4315-4f65-9205-75d63e71a187: checkpointed 79360 records.
2026-09-25T16:19:07Z INFO [351/500] 16274d6f-47f8-4b15-a72c-ed5c9cfce127: valid; 1.2 s; peak memory 4781 MiB.
2026-09-25T16:19:09Z INFO [352/500] 1627a950-837e-4597-b767-7802c72d3f00: valid; 1.9 s; peak memory 4792 MiB.
2026-09-25T16:19:09Z INFO [353/500] 16281cdd-c224-47ec-b34d-d3934fb4c374: valid; 0.7 s; peak memory 4794 MiB.
2026-09-25T16:19:10Z INFO [354/500] 16281e62-c048-4e84-9806-6b53b594f575: valid; 0.7 s; peak memory 4797 MiB.
2026-09-25T16:19:11Z INFO [355/500] 16291f1e-d308-41f0-be0b-2e9d2871f48f: not valid; 1.0 s; peak memory 4798 MiB.
2026-09-25T16:19:18Z INFO [356/500] 16299dc2-b709-4c81-8a96-26898f2c673c: valid; 7.1 s; peak memory 4869 MiB.
2026-09-25T16:19:20Z INFO [357/500] 1629be26-7bc7-4a71-b7b6-22ecc3efdcaf: valid; 2.1 s; peak memory 4869 MiB.
2026-09-25T16:19:22Z INFO [358/500] 162a287d-a3c1-487f-9181-d7d4be2618e1: valid; 1.6 s; peak memory 4870 MiB.
2026-09-25T16:19:36Z INFO [359/500] 162a3e8b-f436-4e59-abc2-4a6e9a1d285f: valid; 13.7 s; peak memory 4917 MiB.
2026-09-25T16:19:36Z INFO [360/500] 162af150-e0fd-49f2-9650-97c4803c40aa: valid; 0.7 s; peak memory 4920 MiB.
2026-09-25T16:19:37Z INFO [361/500] 162b120f-79b0-47a0-a594-195f8ecc7547: valid; 0.7 s; peak memory 4921 MiB.
2026-09-25T16:19:38Z WARNING 162b1aea-162a-4aac-8b3d-4efd98a4105c: failed while opening the NWB file (ConstructError: (root/acquisition/_iblmic_audioSpectrogram/bands GroupBuilder {'attributes': {'colnames': array(['freq'], dtype=object), 'description': 'spectogram frequencies', 'namespace': 'core', 'neurodata_type': 'FrequencyBandsTable', 'object_id': 'a70636b9-2fdb-4680-a37f-559fb362e1a5'}, 'groups': {}, 'datasets': {'freq': root/acquisition/_iblmic_audioSpectrogram/bands/freq DatasetBuilder {'attributes': {'description': 'frequency value', 'namespace': 'hdmf-common', 'neurodata_type': 'VectorData', 'object_id': '967e7de5-8b0e-415e-8f41-cfe6404a33d8'}, 'data': <HDF5 dataset "freq": shape (257,), type "<f4">}, 'id': root/acquisition/_iblmic_audioSpectrogram/bands/id DatasetBuilder {'attributes': {'namespace': 'hdmf-common', 'neurodata_type': 'ElementIdentifiers', 'object_id': 'f8c589fc-6455-4ab8-86e3-81eddee8ad0a'}, 'data': <HDF5 dataset "id": shape (257,), type "<i4">}}, 'links': {}}, "Could not construct FrequencyBandsTable object due to: column must have the same number of rows as 'id'"))
2026-09-25T16:19:39Z INFO [363/500] 162b97ea-f0d3-4cc9-bb55-3692b58adf46: valid; 0.8 s; peak memory 4927 MiB.
2026-09-25T16:19:40Z INFO [364/500] 162bc7a3-8042-4c39-a4fe-519260c8f985: valid; 0.6 s; peak memory 4929 MiB.
2026-09-25T16:19:40Z WARNING 162c9bf6-8c64-4ea3-b637-c5cee5fbe902: failed while retrieving asset information from the DANDI API (NotFoundError: No asset at path 'sub-parkinson-simulated-beta/sub-parkinson-simulated-beta_ses-7559_ecephys.nwb' in version 0.250327.2220. Verify the path is correct and the asset exists in this version. Use 'dandi ls' to list available assets.)
2026-09-25T16:19:42Z INFO [366/500] 162ce34b-9a2c-4541-a4d6-661ecd594886: not valid; 2.7 s; peak memory 4936 MiB.
2026-09-25T16:19:45Z INFO [367/500] 162ce45b-5f91-49f6-8d20-306074f12fcc: valid; 2.3 s; peak memory 4948 MiB.
2026-09-25T16:19:46Z INFO [368/500] 162cf267-3fcc-4ec6-b080-45766b685a4d: valid; 0.9 s; peak memory 4957 MiB.
2026-09-25T16:19:47Z INFO [369/500] 162d19bf-ab2b-483d-986f-0d3bb94c6e11: valid; 1.2 s; peak memory 4963 MiB.
2026-09-25T16:19:49Z INFO [370/500] 162dc615-8dc2-4f21-8162-90cf7e643c1c: not valid; 2.5 s; peak memory 4971 MiB.
2026-09-25T16:19:51Z INFO [371/500] 162ea38c-50df-496e-93be-9cf1e1216f69: valid; 2.2 s; peak memory 4975 MiB.
2026-09-25T16:19:53Z INFO [372/500] 162eca25-3be9-4fa6-9695-9951ec41f0d5: valid; 1.2 s; peak memory 4975 MiB.
2026-09-25T16:19:54Z INFO [373/500] 162ed6df-bfbc-4025-b635-d59692855778: valid; 1.1 s; peak memory 4975 MiB.
2026-09-25T16:19:55Z INFO [374/500] 162f8c4d-82d0-4ace-bd7b-9f2ccdb41f04: valid; 1.6 s; peak memory 4975 MiB.
2026-09-25T16:19:57Z INFO [375/500] 162fbf90-06b3-48c4-b1fd-dd22b8409f6c: valid; 1.6 s; peak memory 4975 MiB.
2026-09-25T16:19:59Z INFO [376/500] 16301deb-740a-42c4-b745-d6087561c7c9: valid; 1.6 s; peak memory 4975 MiB.
2026-09-25T16:19:59Z INFO [377/500] 163162eb-915a-4d37-a49d-7ebeffeab12f: not valid; 0.6 s; peak memory 4976 MiB.
2026-09-25T16:20:00Z INFO [378/500] 1631f994-e1b3-41c7-b46d-13f98e0ba4ee: valid; 1.3 s; peak memory 4976 MiB.
2026-09-25T16:20:01Z INFO [379/500] 163206d8-d861-4a4a-8361-2e0821fbd2ba: valid; 0.7 s; peak memory 4976 MiB.
2026-09-25T16:20:03Z INFO [380/500] 163211b5-e8de-47b3-b7d5-6836852bb382: valid; 2.3 s; peak memory 4976 MiB.
2026-09-25T16:20:05Z INFO [381/500] 163211f5-86af-4aa2-aa5b-8d1839e52ad5: valid; 1.2 s; peak memory 4976 MiB.
2026-09-25T16:20:10Z INFO [382/500] 16324d8e-d0bd-4c96-a84b-e40c1d5d2887: valid; 5.2 s; peak memory 4976 MiB.
2026-09-25T16:20:11Z INFO [383/500] 1633169a-9921-4534-b921-2211798d9a33: valid; 0.7 s; peak memory 4976 MiB.
2026-09-25T16:20:11Z INFO [384/500] 16337e56-54d1-4d5d-b8c7-fd797e4d4a9e: valid; 0.9 s; peak memory 4976 MiB.
2026-09-25T16:20:16Z INFO [385/500] 16354716-2b87-4161-b533-484736777227: valid; 4.3 s; peak memory 4978 MiB.
2026-09-25T16:20:17Z INFO [386/500] 1635d1cd-2876-4383-9490-627d304aea57: valid; 0.8 s; peak memory 4978 MiB.
2026-09-25T16:20:18Z INFO [387/500] 1636dbd2-9746-4755-9d4a-0ad7f452b1b2: valid; 1.1 s; peak memory 4978 MiB.
2026-09-25T16:20:19Z INFO [388/500] 1637c4b9-8bbb-4b0d-9ce2-673d72385efd: valid; 1.3 s; peak memory 4978 MiB.
2026-09-25T16:20:29Z INFO [389/500] 1639004c-260c-459c-ab9b-fec63a826abf: valid; 10.0 s; peak memory 5208 MiB.
2026-09-25T16:20:30Z INFO [390/500] 163947c0-276e-4a76-9b34-a26898fa797e: valid; 0.6 s; peak memory 5208 MiB.
2026-09-25T16:20:31Z INFO [391/500] 16395240-5050-4195-beec-1cad5b675ef2: valid; 1.0 s; peak memory 5208 MiB.
2026-09-25T16:20:31Z INFO [392/500] 1639d8b8-d585-4d8f-b93b-f367a51b693f: valid; 0.7 s; peak memory 5208 MiB.
2026-09-25T16:20:33Z INFO [393/500] 163a7da6-1a76-437c-94ef-c71b1fbae392: valid; 2.2 s; peak memory 5208 MiB.
2026-09-25T16:20:34Z INFO [394/500] 163b2c85-804b-4d02-b1cb-0dbf0b588595: valid; 0.7 s; peak memory 5208 MiB.
2026-09-25T16:20:35Z INFO [395/500] 163b49ea-e2b7-4021-ab64-cf01159f2fcb: valid; 1.2 s; peak memory 5208 MiB.
2026-09-25T16:20:36Z INFO [396/500] 163b6139-49c8-4956-b74b-f696fb9464f8: valid; 0.7 s; peak memory 5208 MiB.
2026-09-25T16:20:37Z INFO [397/500] 163b61b2-ca20-4e04-8767-9431044386bd: valid; 1.3 s; peak memory 5208 MiB.
2026-09-25T16:20:39Z INFO [398/500] 163bfad3-8583-4253-b29e-ba674a1bce63: not valid; 1.3 s; peak memory 5208 MiB.
2026-09-25T16:20:40Z INFO [399/500] 163c7991-f982-452b-b2e6-9b659d2ded83: valid; 1.3 s; peak memory 5208 MiB.
2026-09-25T16:20:41Z INFO [400/500] 163d27b6-8606-4975-8d7c-922e9f56efc0: not valid; 1.0 s; peak memory 5208 MiB.
2026-09-25T16:20:41Z INFO [400/500] 163d27b6-8606-4975-8d7c-922e9f56efc0: checkpointed 79410 records.
2026-09-25T16:20:43Z INFO [401/500] 163d2a4b-94ee-4fba-b5de-0e81ae7b508e: valid; 1.5 s; peak memory 5208 MiB.
2026-09-25T16:20:44Z INFO [402/500] 163d3e92-d803-495f-a8ec-35b11c50b849: valid; 1.1 s; peak memory 5208 MiB.
2026-09-25T16:20:45Z INFO [403/500] 163dbcf4-791a-4c6a-9772-66be00606097: not valid; 1.2 s; peak memory 5208 MiB.
2026-09-25T16:20:47Z INFO [404/500] 163ead02-c12e-49ea-b233-a02cec7de77a: valid; 1.2 s; peak memory 5208 MiB.
2026-09-25T16:20:49Z INFO [405/500] 163fa285-5d2b-4a78-969f-ceca06f74911: valid; 2.6 s; peak memory 5208 MiB.
2026-09-25T16:20:50Z INFO [406/500] 16401539-75be-4dd2-a679-89a993f7d2af: valid; 1.2 s; peak memory 5208 MiB.
2026-09-25T16:20:51Z INFO [407/500] 164055ca-e22d-4909-8c94-b0579890688b: valid; 0.8 s; peak memory 5208 MiB.
2026-09-25T16:20:53Z INFO [408/500] 16407ac9-ed07-4097-853d-5ea8cdb2f0b1: valid; 2.0 s; peak memory 5208 MiB.
2026-09-25T16:20:55Z INFO [409/500] 164092ae-f5b8-4896-a04c-848391417475: valid; 2.0 s; peak memory 5208 MiB.
2026-09-25T16:20:57Z INFO [410/500] 1640ea71-bc0c-4976-ae96-c60120ede96c: valid; 1.4 s; peak memory 5208 MiB.
2026-09-25T16:20:58Z INFO [411/500] 1641a60f-b869-4f6c-a57b-e4a83515fa03: valid; 1.1 s; peak memory 5208 MiB.
2026-09-25T16:21:00Z INFO [412/500] 16423ca5-b18a-4543-9f86-e20b0f61f0b4: valid; 2.5 s; peak memory 5208 MiB.
2026-09-25T16:21:01Z INFO [413/500] 16425e95-5e24-472a-a06b-8975e3e45bea: valid; 0.7 s; peak memory 5208 MiB.
2026-09-25T16:21:02Z INFO [414/500] 16429a34-5619-4233-8845-b369101408d8: valid; 0.8 s; peak memory 5208 MiB.
2026-09-25T16:21:03Z INFO [415/500] 1642d3cc-da6a-4641-ad30-0a656790a127: valid; 1.3 s; peak memory 5208 MiB.
2026-09-25T16:21:04Z INFO [416/500] 16432651-b3ce-4881-812d-7cfd17b207bd: valid; 0.9 s; peak memory 5208 MiB.
2026-09-25T16:21:10Z INFO [417/500] 1643ad25-fe9c-4b33-a769-088885b76ccf: valid; 5.9 s; peak memory 5208 MiB.
2026-09-25T16:21:11Z INFO [418/500] 1644656a-f0a6-4a04-915b-d1e670eee74e: valid; 1.5 s; peak memory 5208 MiB.
2026-09-25T16:21:18Z INFO [419/500] 1644afff-93df-48e4-a0f0-3320f9ae293e: not valid; 7.1 s; peak memory 5208 MiB.
2026-09-25T16:21:21Z INFO [420/500] 1644d485-7902-46d5-ad75-b9dd6c308259: valid; 2.9 s; peak memory 5208 MiB.
2026-09-25T16:21:22Z INFO [421/500] 1645a57f-8758-4f63-90ce-b17703b3765a: valid; 0.7 s; peak memory 5208 MiB.
2026-09-25T16:21:28Z INFO [422/500] 1645eb2a-3f56-4878-9110-aab43cf0ece5: valid; 5.7 s; peak memory 5208 MiB.
2026-09-25T16:21:33Z WARNING 16460bcd-d89a-4ec3-a28b-468a004b0f49: failed while opening the NWB file (ValueError: Cannot resolve included group spec 'electrodes' with data_type_inc 'ElectrodesTable' because a group spec with the same name already exists with data_type_inc 'DynamicTable', and data type 'DynamicTable' is not a child type of data type 'ElectrodesTable'.)
2026-09-25T16:21:34Z INFO [424/500] 164653b0-6fdc-4ac6-bbf0-07b400bc543f: valid; 0.8 s; peak memory 5208 MiB.
2026-09-25T16:21:41Z INFO [425/500] 164668a1-e668-40bf-a281-e137c463623e: valid; 7.2 s; peak memory 5257 MiB.
2026-09-25T16:21:43Z INFO [426/500] 16479ce3-eb58-4e0b-a1ea-921487178eec: valid; 2.3 s; peak memory 5268 MiB.
2026-09-25T16:21:45Z INFO [427/500] 1647e8c6-ee85-4581-8007-31314d8e054f: not valid; 1.5 s; peak memory 5273 MiB.
2026-09-25T16:21:46Z INFO [428/500] 1648811a-91e8-48ae-933a-e07bbc4e581b: valid; 1.1 s; peak memory 5283 MiB.
2026-09-25T16:21:47Z INFO [429/500] 164888e9-2846-4c54-831b-a140abe51b75: not valid; 0.8 s; peak memory 5286 MiB.
2026-09-25T16:21:48Z INFO [430/500] 16489c1e-9a7a-45ce-afc9-1cdd688150e7: not valid; 1.1 s; peak memory 5294 MiB.
2026-09-25T16:21:54Z INFO [431/500] 1648f5d8-0688-4575-8100-49a1fa7113b8: not valid; 6.3 s; peak memory 5357 MiB.
2026-09-25T16:22:03Z INFO [432/500] 16491e54-9636-426e-bac8-04f66c1f4df3: valid; 8.5 s; peak memory 5493 MiB.
2026-09-25T16:22:04Z INFO [433/500] 1649f1f5-3198-4efd-a4a2-b46c1c1a7c25: valid; 1.3 s; peak memory 5493 MiB.
2026-09-25T16:22:06Z INFO [434/500] 164a8751-a88b-450d-a77d-adb123e14ba6: valid; 2.3 s; peak memory 5494 MiB.
2026-09-25T16:22:07Z INFO [435/500] 164aa015-8843-4795-a039-9c7135828721: not valid; 0.8 s; peak memory 5494 MiB.
2026-09-25T16:22:20Z INFO [436/500] 164acb96-6d20-449d-97b9-7d196b92b205: valid; 13.2 s; peak memory 5566 MiB.
2026-09-25T16:22:21Z INFO [437/500] 164af1ed-8bf4-4bce-9b35-6da38582b6a6: valid; 1.2 s; peak memory 5570 MiB.
2026-09-25T16:22:21Z WARNING 164b2c5e-8502-4333-90b1-030fbbf4f5b8: failed while retrieving asset information from the DANDI API (NotFoundError: No such Dandiset: 000948)
2026-09-25T16:22:24Z INFO [439/500] 164be034-93f1-48f0-8a05-75860a24b7c8: valid; 2.6 s; peak memory 5573 MiB.
2026-09-25T16:22:25Z WARNING 164be712-0778-428f-b73c-52f3a50d7fa5: failed while opening the NWB file (ConstructError: (root/acquisition/_iblmic_audioSpectrogram/bands GroupBuilder {'attributes': {'colnames': array(['freq'], dtype=object), 'description': 'spectogram frequencies', 'namespace': 'core', 'neurodata_type': 'FrequencyBandsTable', 'object_id': 'a9893f4c-bd42-4ad8-93b1-6410bde30ff1'}, 'groups': {}, 'datasets': {'freq': root/acquisition/_iblmic_audioSpectrogram/bands/freq DatasetBuilder {'attributes': {'description': 'frequency value', 'namespace': 'hdmf-common', 'neurodata_type': 'VectorData', 'object_id': '9edfdd0b-0190-4416-9ba9-83a9e7b5daf5'}, 'data': <HDF5 dataset "freq": shape (257,), type "<f4">}, 'id': root/acquisition/_iblmic_audioSpectrogram/bands/id DatasetBuilder {'attributes': {'namespace': 'hdmf-common', 'neurodata_type': 'ElementIdentifiers', 'object_id': 'aff039a1-2e7d-40fc-b957-e0e7a22fe0db'}, 'data': <HDF5 dataset "id": shape (257,), type "<i4">}}, 'links': {}}, "Could not construct FrequencyBandsTable object due to: column must have the same number of rows as 'id'"))
2026-09-25T16:22:26Z INFO [441/500] 164c2729-7a78-4b5e-98a7-52f1b2e7e97c: valid; 0.8 s; peak memory 5573 MiB.
2026-09-25T16:22:27Z INFO [442/500] 164cd746-16e6-4ff6-9b9d-a60000acc940: not valid; 0.7 s; peak memory 5573 MiB.
2026-09-25T16:22:27Z INFO [443/500] 164d22f1-f9fc-4148-a01b-b6d1c5b29e0b: valid; 0.4 s; peak memory 5573 MiB.
2026-09-25T16:22:28Z INFO [444/500] 164e7906-0818-4e03-985d-67ac95eb432b: not valid; 0.9 s; peak memory 5573 MiB.
2026-09-25T16:22:32Z INFO [445/500] 164ea0e7-d347-47c9-9198-e2faeebe4ee7: not valid; 4.0 s; peak memory 5573 MiB.
2026-09-25T16:22:40Z INFO [446/500] 164ec937-409c-4140-8512-d090ac594508: not valid; 7.8 s; peak memory 5573 MiB.
2026-09-25T16:22:41Z INFO [447/500] 164ece25-7580-481c-bbfa-649e90400b61: valid; 1.4 s; peak memory 5573 MiB.
2026-09-25T16:22:42Z INFO [448/500] 164ed796-37a9-4df7-aef3-8ab32dcdf412: valid; 0.5 s; peak memory 5573 MiB.
2026-09-25T16:22:44Z INFO [449/500] 164f0d23-83d9-4b9e-9494-2691cc91fb1d: valid; 2.0 s; peak memory 5573 MiB.
2026-09-25T16:22:44Z INFO [450/500] 164fa0f8-3dd4-4657-805d-bf187c68ca59: valid; 0.7 s; peak memory 5573 MiB.
2026-09-25T16:22:45Z INFO [450/500] 164fa0f8-3dd4-4657-805d-bf187c68ca59: checkpointed 79460 records.
2026-09-25T16:22:46Z INFO [451/500] 164fe6b0-f5cd-4c5a-b198-88594be6b597: valid; 1.2 s; peak memory 5573 MiB.
2026-09-25T16:22:58Z INFO [452/500] 16500bdf-5bf6-47f3-ae10-8652da1b892f: valid; 12.2 s; peak memory 5774 MiB.
2026-09-25T16:22:59Z INFO [453/500] 16500fd1-cfc4-42bc-98bb-43524f3e2984: valid; 0.9 s; peak memory 5774 MiB.
2026-09-25T16:23:00Z INFO [454/500] 1650d7cc-10ef-40d0-85e3-2623bbba4d08: valid; 0.6 s; peak memory 5774 MiB.
2026-09-25T16:23:04Z INFO [455/500] 1651a74d-6b7b-45b2-b6f6-cfa4b8617272: valid; 3.9 s; peak memory 5774 MiB.
2026-09-25T16:23:06Z INFO [456/500] 1651dac4-1b2d-4483-a77a-f4060292cf93: not valid; 1.8 s; peak memory 5774 MiB.
2026-09-25T16:23:07Z INFO [457/500] 1651ea9e-6431-44ac-a26d-8d3d75db3ce2: not valid; 0.9 s; peak memory 5774 MiB.
2026-09-25T16:23:13Z INFO [458/500] 16523fc3-ab9a-4fe3-b454-78a94c2ba0b4: valid; 6.2 s; peak memory 5774 MiB.
2026-09-25T16:23:15Z INFO [459/500] 16525091-12e7-4548-ab83-1d191970ea91: valid; 2.2 s; peak memory 5774 MiB.
2026-09-25T16:23:16Z INFO [460/500] 16535bc0-8f73-4bbc-ac20-2d443c4574fb: valid; 0.7 s; peak memory 5774 MiB.
2026-09-25T16:23:16Z INFO [461/500] 165376b7-1110-4576-9a1b-b12bd7542107: valid; 0.5 s; peak memory 5774 MiB.
2026-09-25T16:23:17Z INFO [462/500] 165390f1-f303-47b0-925f-c97398bd3df3: not valid; 0.8 s; peak memory 5774 MiB.
2026-09-25T16:23:18Z INFO [463/500] 1653b3d1-9352-449b-88f9-ba9f54792c41: valid; 1.0 s; peak memory 5774 MiB.
2026-09-25T16:23:18Z WARNING 1653d31a-8c45-4325-92ba-22561e432a12: failed while retrieving asset information from the DANDI API (NotFoundError: No asset at path 'sub-456772/sub-456772_ses-20191121T124405_behavior+ecephys+ogen.nwb' in version 0.231012.2129. Verify the path is correct and the asset exists in this version. Use 'dandi ls' to list available assets.)
2026-09-25T16:23:19Z INFO [465/500] 1653eca2-7c25-48a0-b880-9827c1c84729: not valid; 0.9 s; peak memory 5774 MiB.
2026-09-25T16:23:21Z INFO [466/500] 1653f584-8947-4736-9d9d-e9126500fe82: valid; 1.8 s; peak memory 5774 MiB.
2026-09-25T16:23:22Z INFO [467/500] 16551cf5-d6e5-4790-b2f4-b5466888e276: valid; 0.7 s; peak memory 5774 MiB.
2026-09-25T16:23:26Z INFO [468/500] 1656ba11-654c-4c0e-85d7-948aa22303e7: valid; 4.4 s; peak memory 5774 MiB.
2026-09-25T16:23:30Z INFO [469/500] 1657121e-4121-467d-8583-890d15421afa: valid; 3.6 s; peak memory 5774 MiB.
2026-09-25T16:23:31Z INFO [470/500] 16573a81-e2c4-4956-9ac9-33fca053561a: valid; 1.4 s; peak memory 5774 MiB.
2026-09-25T16:23:32Z INFO [471/500] 165786f2-2304-4a7d-904e-35fa7da077bd: not valid; 1.1 s; peak memory 5774 MiB.
2026-09-25T16:23:34Z INFO [472/500] 1657e4a7-b694-4e04-9af3-245e2c6b4bb3: valid; 1.7 s; peak memory 5774 MiB.
2026-09-25T16:23:36Z INFO [473/500] 16580992-686e-4604-b06c-d1c7440dc422: not valid; 2.4 s; peak memory 5774 MiB.
2026-09-25T16:23:37Z INFO [474/500] 16589300-84e7-4528-b72c-9524fbc98572: valid; 0.8 s; peak memory 5774 MiB.
2026-09-25T16:23:37Z INFO [475/500] 16591ff4-7519-434d-9aa7-d815196adc36: valid; 0.4 s; peak memory 5774 MiB.
2026-09-25T16:23:38Z INFO [476/500] 16592fbf-f400-4838-a9ac-2a0c66ca56a9: not valid; 0.6 s; peak memory 5774 MiB.
2026-09-25T16:23:39Z INFO [477/500] 16598526-2fa8-4062-8c6f-c340dab95877: valid; 0.7 s; peak memory 5774 MiB.
2026-09-25T16:23:39Z INFO [478/500] 165a2b4b-cccc-49e2-9dea-45f6539fb306: valid; 0.5 s; peak memory 5774 MiB.
2026-09-25T16:23:40Z INFO [479/500] 165a671c-8b1a-4fe4-96b3-946716a3f28c: valid; 0.7 s; peak memory 5774 MiB.
2026-09-25T16:23:40Z INFO [480/500] 165ab9f3-80d1-484d-a95d-6ef378691844: valid; 0.6 s; peak memory 5774 MiB.
2026-09-25T16:23:42Z INFO [481/500] 165b2e18-2c8b-400e-a4c4-8ba90df7b81c: valid; 1.3 s; peak memory 5774 MiB.
2026-09-25T16:23:43Z INFO [482/500] 165b7f89-9133-4a9c-b59e-df74f3029762: valid; 0.8 s; peak memory 5774 MiB.
2026-09-25T16:23:44Z INFO [483/500] 165b9532-95ba-496c-a90d-a82d40b0f8c0: valid; 1.6 s; peak memory 5774 MiB.
2026-09-25T16:23:47Z INFO [484/500] 165bdd62-2c52-4a99-b006-ec319550ced9: valid; 2.8 s; peak memory 5774 MiB.
2026-09-25T16:23:48Z INFO [485/500] 165c96a9-7753-45f2-a652-15a383398e41: valid; 1.0 s; peak memory 5774 MiB.
2026-09-25T16:23:49Z INFO [486/500] 165cbfda-7a49-41ef-b2d1-b3c2dc1fbae6: not valid; 0.8 s; peak memory 5774 MiB.
2026-09-25T16:23:50Z INFO [487/500] 165ce6bf-12f3-4a4f-9c4c-9bf141fd7a25: valid; 1.4 s; peak memory 5774 MiB.
2026-09-25T16:23:51Z INFO [488/500] 165d1f6a-ea84-47be-83bc-2d84ee9c8295: valid; 1.2 s; peak memory 5774 MiB.
2026-09-25T16:23:53Z INFO [489/500] 165e0ee6-dbba-4e33-b363-b1d8e95ce8d0: not valid; 1.1 s; peak memory 5774 MiB.
2026-09-25T16:23:59Z INFO [490/500] 165e7725-f681-4554-8899-f8f6f6515bda: valid; 6.4 s; peak memory 5774 MiB.
2026-09-25T16:24:01Z INFO [491/500] 165e9a3c-74bc-4528-9876-862e04232c94: valid; 1.6 s; peak memory 5774 MiB.
2026-09-25T16:24:03Z INFO [492/500] 165eeffa-f002-4f9a-a5a0-d923ddb48735: valid; 2.2 s; peak memory 5774 MiB.
2026-09-25T16:24:03Z INFO [493/500] 165f02b5-0a77-44af-a538-8fdde24864b5: valid; 0.6 s; peak memory 5774 MiB.
2026-09-25T16:24:05Z INFO [494/500] 165f8807-7621-4430-80e6-916aa8a187ff: valid; 1.3 s; peak memory 5774 MiB.
2026-09-25T16:24:06Z INFO [495/500] 166047f1-99cc-4111-a613-0448a6b50710: valid; 1.1 s; peak memory 5774 MiB.
2026-09-25T16:24:07Z INFO [496/500] 16606955-de3f-47ff-8c3b-c5a027eb3142: valid; 1.2 s; peak memory 5774 MiB.
2026-09-25T16:24:08Z INFO [497/500] 16624e72-f756-4ee7-adde-84fe464a9aaf: valid; 0.7 s; peak memory 5774 MiB.
2026-09-25T16:24:11Z INFO [498/500] 16625008-5bbf-4bf3-bf05-180a3ddd51aa: not valid; 3.6 s; peak memory 5774 MiB.
2026-09-25T16:24:13Z INFO [499/500] 1662669f-0c88-4d30-9364-945d47a9ecf3: valid; 1.6 s; peak memory 5774 MiB.
2026-09-25T16:24:13Z INFO [500/500] 16628357-f2ac-40e2-8650-05db5cefc8c6: not valid; 0.6 s; peak memory 5774 MiB.
2026-09-25T16:24:14Z INFO [500/500] 16628357-f2ac-40e2-8650-05db5cefc8c6: checkpointed 79510 records.
2026-09-25T16:24:15Z INFO Wrote 79510 records to /tmp/derivatives/content_id_to_valid_nwb_file.jsonl (483 new, 17 failed) in 22.4 min (peak memory 5774 MiB).
