2026-09-17T10:33:49Z INFO Logging to /tmp/logs/update_2026-09-17T10-33-49Z.log.
2026-09-17T10:33:49Z INFO Update content-id-to-valid-nwb-file (base directory /tmp).
2026-09-17T10:33:52Z INFO Processing 500 items (66510 already recorded).
2026-09-17T10:33:57Z INFO [1/500] 024ef50f-ac6f-49ea-806b-93ef4b5e8644: valid; 4.4 s; peak memory 347 MiB.
2026-09-17T10:33:59Z INFO [2/500] 02509ae0-e003-4390-9ad5-bbc66f840a48: valid; 1.7 s; peak memory 352 MiB.
2026-09-17T10:34:01Z INFO [3/500] 0251d188-8c68-4d63-a312-1613fd7f0bea: valid; 2.2 s; peak memory 359 MiB.
2026-09-17T10:34:10Z INFO [4/500] 02527521-97e8-4042-b54e-41bde2234281: valid; 8.7 s; peak memory 385 MiB.
2026-09-17T10:34:30Z INFO [5/500] 02528e5e-47c9-4647-992e-dfbcc869edef: valid; 20.6 s; peak memory 517 MiB.
2026-09-17T10:34:33Z INFO [6/500] 0252bb92-94f9-4450-bec6-3d16202344cb: valid; 3.0 s; peak memory 526 MiB.
2026-09-17T10:34:39Z INFO [7/500] 025311c1-a941-4cdb-9ca0-4e7d74e1acbd: valid; 5.9 s; peak memory 537 MiB.
2026-09-17T10:34:40Z INFO [8/500] 02537338-fe4e-492d-89ce-d33f06c99a76: valid; 1.2 s; peak memory 537 MiB.
2026-09-17T10:34:44Z INFO [9/500] 0253b369-5b51-4800-bbd1-045e1db0a2ac: valid; 3.4 s; peak memory 537 MiB.
2026-09-17T10:34:47Z INFO [10/500] 0253dc7c-5a6c-417a-910a-5f984c374001: valid; 3.1 s; peak memory 537 MiB.
2026-09-17T10:34:48Z INFO [11/500] 02541d8f-963b-43af-9981-a9e2dfe749a6: valid; 1.7 s; peak memory 537 MiB.
2026-09-17T10:34:50Z INFO [12/500] 02547517-2be9-4d24-9ded-3f6a99a23365: valid; 1.8 s; peak memory 537 MiB.
2026-09-17T10:34:53Z INFO [13/500] 02549eff-7d98-4458-92e7-284a56e6657c: valid; 3.3 s; peak memory 538 MiB.
2026-09-17T10:36:05Z INFO [14/500] 0254cfa7-c12c-434b-9222-d77c386a244c: valid; 71.7 s; peak memory 868 MiB.
2026-09-17T10:36:34Z INFO [15/500] 02567dc3-7995-4f80-a5b2-a13c5659b97f: not valid; 29.1 s; peak memory 914 MiB.
2026-09-17T10:36:35Z INFO [16/500] 0256b433-cfa1-4537-a4a8-904050680cd9: valid; 1.2 s; peak memory 915 MiB.
2026-09-17T10:36:39Z INFO [17/500] 0256ea54-8da6-48f6-adfd-ee4ced054753: not valid; 3.1 s; peak memory 918 MiB.
2026-09-17T10:36:41Z INFO [18/500] 02572c21-3241-4db4-8594-d373920ab756: valid; 2.5 s; peak memory 920 MiB.
2026-09-17T10:36:43Z WARNING 02574852-5ac7-42f6-8dd6-f17623401bcb: failed while opening the NWB file (ConstructError: (root/acquisition/event_code_meanings GroupBuilder {'attributes': {'colnames': array(['value', 'meaning'], dtype=object), 'description': 'Mapping integer event codes to event labels', 'namespace': 'ndx-events', 'neurodata_type': 'MeaningsTable', 'object_id': '48d13c43-aad9-4fbc-b262-c4e91dec4725'}, 'groups': {}, 'datasets': {'id': root/acquisition/event_code_meanings/id DatasetBuilder {'attributes': {'namespace': 'hdmf-common', 'neurodata_type': 'ElementIdentifiers', 'object_id': '0e8dbfea-a1a2-43c4-b81b-5cd17bd172d6'}, 'data': <HDF5 dataset "id": shape (26,), type "<i8">}, 'meaning': root/acquisition/event_code_meanings/meaning DatasetBuilder {'attributes': {'description': 'The meaning of the value in the parent CategoricalVectorData object.', 'namespace': 'hdmf-experimental', 'neurodata_type': 'VectorData', 'object_id': '29e1a931-3dec-4700-a15d-6a51718ab15c'}, 'data': <StrDataset for HDF5 dataset "meaning": shape (26,), type "|O">}, 'value': root/acquisition/event_code_meanings/value DatasetBuilder {'attributes': {'description': 'The value of the parent CategoricalVectorData object.', 'namespace': 'hdmf-experimental', 'neurodata_type': 'VectorData', 'object_id': '4d72e6f2-3f85-4cbf-88eb-3bf113e234a3'}, 'data': <HDF5 dataset "value": shape (26,), type "<i8">}}, 'links': {}}, "Could not construct MeaningsTable object due to: MeaningsTable.__init__: missing argument 'target'"))
2026-09-17T10:36:45Z INFO [20/500] 025816cb-ed17-45e6-8e1c-9bd19df73649: valid; 1.5 s; peak memory 920 MiB.
2026-09-17T10:36:46Z INFO [21/500] 0258d312-619a-4c4c-9a10-2af71236aa0b: valid; 1.3 s; peak memory 920 MiB.
2026-09-17T10:36:48Z INFO [22/500] 0259095a-8c73-4a99-a5a6-55aa0c7e3254: valid; 2.3 s; peak memory 920 MiB.
2026-09-17T10:36:50Z INFO [23/500] 02593f98-9954-462f-840d-79240d42b396: valid; 1.4 s; peak memory 920 MiB.
2026-09-17T10:36:52Z INFO [24/500] 0259c826-316d-42c8-a97c-44fa8c8f8620: valid; 2.5 s; peak memory 920 MiB.
2026-09-17T10:37:01Z INFO [25/500] 025bdf39-a221-4bd0-b7de-9e02f03d035a: valid; 8.7 s; peak memory 920 MiB.
2026-09-17T10:37:03Z INFO [26/500] 025bea0a-62cf-44f8-98b2-cc3a53099d92: not valid; 2.1 s; peak memory 920 MiB.
2026-09-17T10:37:07Z INFO [27/500] 025cd400-cc34-4349-9c9c-da8f4ccf8e3c: not valid; 4.4 s; peak memory 920 MiB.
2026-09-17T10:37:12Z INFO [28/500] 025d2697-9601-4cf2-86b5-b208c1a5fbc8: valid; 4.2 s; peak memory 920 MiB.
2026-09-17T10:37:14Z INFO [29/500] 025de1d3-af05-46c2-b07a-d0c1e13239ff: valid; 1.9 s; peak memory 920 MiB.
2026-09-17T10:37:15Z INFO [30/500] 025decbf-5a74-4f57-ab0b-09dbefc024d0: not valid; 1.6 s; peak memory 920 MiB.
2026-09-17T10:37:17Z INFO [31/500] 025e0e77-43c5-4f38-bc31-f896c8a14329: valid; 2.0 s; peak memory 920 MiB.
2026-09-17T10:37:20Z INFO [32/500] 025ecd20-bb2a-4931-978c-57c58c93476a: valid; 2.5 s; peak memory 920 MiB.
2026-09-17T10:37:39Z INFO [33/500] 025f4e29-2fc9-4629-9ec0-60cc276e677e: valid; 19.4 s; peak memory 955 MiB.
2026-09-17T10:37:41Z INFO [34/500] 025f5b3e-1580-4903-adac-42d9785baf5c: valid; 1.5 s; peak memory 956 MiB.
2026-09-17T10:37:42Z INFO [35/500] 025fcd35-7ea0-4c05-acd4-8ddb02db4ef8: valid; 1.5 s; peak memory 957 MiB.
2026-09-17T10:37:44Z INFO [36/500] 025fda14-1b5b-42d1-bece-d4498fc36c41: valid; 1.8 s; peak memory 959 MiB.
2026-09-17T10:37:46Z WARNING 025ffa37-6691-45b7-92ee-7d735075939d: failed while opening the NWB file (ValueError: Cannot resolve included group spec 'electrodes' with data_type_inc 'ElectrodesTable' because a group spec with the same name already exists with data_type_inc 'DynamicTable', and data type 'DynamicTable' is not a child type of data type 'ElectrodesTable'.)
2026-09-17T10:38:05Z INFO [38/500] 02601806-e257-4127-b97e-7c3a7858666f: valid; 19.5 s; peak memory 1037 MiB.
2026-09-17T10:38:07Z INFO [39/500] 02602788-2fe0-4e29-8667-88c36c23a3a5: valid; 1.4 s; peak memory 1039 MiB.
2026-09-17T10:38:08Z INFO [40/500] 0260a123-b7d4-4260-9432-78962071aea8: not valid; 1.6 s; peak memory 1044 MiB.
2026-09-17T10:38:10Z INFO [41/500] 0260e299-b3ba-475a-9d70-0d032b62d706: not valid; 1.8 s; peak memory 1047 MiB.
2026-09-17T10:38:12Z INFO [42/500] 02616421-800f-4150-bc7e-6e8b46452c3f: valid; 1.4 s; peak memory 1050 MiB.
2026-09-17T10:38:15Z INFO [43/500] 02616a8c-b5f8-4aba-8058-e8cb30ec822f: valid; 3.5 s; peak memory 1054 MiB.
2026-09-17T10:38:17Z INFO [44/500] 0261f267-b39d-428e-9ef6-19a648e46e3d: valid; 1.9 s; peak memory 1054 MiB.
2026-09-17T10:38:18Z INFO [45/500] 026205d8-4257-4600-aa81-8dd5d214f40d: valid; 1.1 s; peak memory 1054 MiB.
2026-09-17T10:38:21Z INFO [46/500] 0262192f-33d6-4d2f-92d7-9bf49213473d: valid; 2.5 s; peak memory 1054 MiB.
2026-09-17T10:38:22Z INFO [47/500] 0262e06f-7fdd-42fd-9cd9-9f358867890f: valid; 1.2 s; peak memory 1054 MiB.
2026-09-17T10:38:24Z INFO [48/500] 0263c627-cc16-4c62-a29d-13b945380364: valid; 2.3 s; peak memory 1054 MiB.
2026-09-17T10:38:27Z INFO [49/500] 0263cad7-9b43-4043-8e4e-d999d9cfcc27: valid; 2.8 s; peak memory 1054 MiB.
2026-09-17T10:38:28Z INFO [50/500] 02649d2a-16ec-4d5f-bdba-a154b6245a1c: valid; 1.4 s; peak memory 1054 MiB.
2026-09-17T10:38:29Z INFO [50/500] 02649d2a-16ec-4d5f-bdba-a154b6245a1c: checkpointed 66560 records.
2026-09-17T10:38:31Z INFO [51/500] 0264a635-b276-45be-9dec-88484f1bc2bd: valid; 2.1 s; peak memory 1054 MiB.
2026-09-17T10:38:32Z INFO [52/500] 0264c460-d4cd-4c05-9aaf-527824b9c523: valid; 1.5 s; peak memory 1054 MiB.
2026-09-17T10:38:36Z INFO [53/500] 026504fc-3d87-47fc-acf8-eb8cabcf1d78: valid; 3.4 s; peak memory 1054 MiB.
2026-09-17T10:38:37Z INFO [54/500] 026535d4-f345-4e0d-a322-0989787fce36: valid; 1.4 s; peak memory 1054 MiB.
2026-09-17T10:38:40Z INFO [55/500] 0265e972-ce89-4e76-ad16-722e4b535f21: valid; 2.5 s; peak memory 1054 MiB.
2026-09-17T10:38:55Z INFO [56/500] 026668b1-7ebc-4629-b7e3-65ee751b810d: valid; 15.2 s; peak memory 1054 MiB.
2026-09-17T10:38:56Z INFO [57/500] 0266f327-f0e8-4906-bf87-c9044c231c47: valid; 1.4 s; peak memory 1054 MiB.
2026-09-17T10:39:33Z INFO [58/500] 02670458-75e7-46da-a4af-622ac3ea09bb: not valid; 36.9 s; peak memory 1054 MiB.
2026-09-17T10:39:36Z INFO [59/500] 026732de-e63f-4c3d-8697-27bd6f0b927a: valid; 2.9 s; peak memory 1054 MiB.
2026-09-17T10:39:38Z WARNING 02677ff3-5083-4106-8a58-c3f496dc791d: failed while opening the NWB file (ConstructError: (root/acquisition/_iblmic_audioSpectrogram/bands GroupBuilder {'attributes': {'colnames': array(['freq'], dtype=object), 'description': 'spectogram frequencies', 'namespace': 'core', 'neurodata_type': 'FrequencyBandsTable', 'object_id': '89bca48c-ab02-40db-a2a9-8b53d056e21e'}, 'groups': {}, 'datasets': {'freq': root/acquisition/_iblmic_audioSpectrogram/bands/freq DatasetBuilder {'attributes': {'description': 'frequency value', 'namespace': 'hdmf-common', 'neurodata_type': 'VectorData', 'object_id': '02c26063-4a90-4d62-8c56-53a205d5b003'}, 'data': <HDF5 dataset "freq": shape (257,), type "<f4">}, 'id': root/acquisition/_iblmic_audioSpectrogram/bands/id DatasetBuilder {'attributes': {'namespace': 'hdmf-common', 'neurodata_type': 'ElementIdentifiers', 'object_id': 'e9b303b9-b304-4de8-b971-1441d2c0d1a6'}, 'data': <HDF5 dataset "id": shape (257,), type "<i4">}}, 'links': {}}, "Could not construct FrequencyBandsTable object due to: column must have the same number of rows as 'id'"))
2026-09-17T10:39:40Z INFO [61/500] 02695368-ec1f-4f6f-a065-17083377175a: valid; 1.4 s; peak memory 1054 MiB.
2026-09-17T10:39:41Z INFO [62/500] 02697c57-b563-4807-b1e3-dad9b7c47bc6: not valid; 1.5 s; peak memory 1054 MiB.
2026-09-17T10:39:43Z INFO [63/500] 02698ca0-93ef-495e-9c98-10c2514fa4aa: valid; 1.5 s; peak memory 1054 MiB.
2026-09-17T10:39:46Z INFO [64/500] 026999f7-a034-4207-b483-9a840d0cd8d5: valid; 3.4 s; peak memory 1054 MiB.
2026-09-17T10:39:48Z INFO [65/500] 026a656d-cab6-489b-963c-dca1fa70da99: valid; 1.5 s; peak memory 1054 MiB.
2026-09-17T10:39:49Z INFO [66/500] 026a8850-60da-4cfe-ba34-1e01f9a2207a: not valid; 1.9 s; peak memory 1054 MiB.
2026-09-17T10:39:51Z INFO [67/500] 026aaef8-a741-49ee-8a08-da1a27af227c: valid; 1.5 s; peak memory 1054 MiB.
2026-09-17T10:39:56Z INFO [68/500] 026ae42b-9345-40e0-943c-c33cbdf5d4f1: valid; 5.1 s; peak memory 1054 MiB.
2026-09-17T10:39:58Z INFO [69/500] 026be632-5ce6-4996-8221-ef87d2344192: not valid; 2.3 s; peak memory 1054 MiB.
2026-09-17T10:40:02Z INFO [70/500] 026bebbd-e167-464d-b71c-0170734b09f4: valid; 3.3 s; peak memory 1054 MiB.
2026-09-17T10:40:04Z INFO [71/500] 026c0e13-b0f0-4143-8074-a3fbae51024a: valid; 2.3 s; peak memory 1054 MiB.
2026-09-17T10:40:06Z INFO [72/500] 026d3df4-7582-4de1-a407-6c4a25e3065d: not valid; 2.1 s; peak memory 1054 MiB.
2026-09-17T10:40:09Z INFO [73/500] 026d8e09-4702-4640-9f99-802fe98c2318: not valid; 2.7 s; peak memory 1054 MiB.
2026-09-17T10:40:12Z INFO [74/500] 026da8fc-01fd-4c50-b931-7513bb92e3d5: valid; 3.6 s; peak memory 1054 MiB.
2026-09-17T10:40:14Z INFO [75/500] 026deb19-dfe6-4156-b5c6-4dc0feeb40da: not valid; 1.9 s; peak memory 1054 MiB.
2026-09-17T10:40:15Z INFO [76/500] 026ea2d4-80b0-4dfa-87c6-91467b5d7456: valid; 1.4 s; peak memory 1054 MiB.
2026-09-17T10:40:18Z INFO [77/500] 026ec96c-11d4-4aea-b2aa-06ea90f3282c: not valid; 2.0 s; peak memory 1054 MiB.
2026-09-17T10:40:20Z INFO [78/500] 026ed2c0-0267-405b-a443-f610055369b3: valid; 2.3 s; peak memory 1054 MiB.
2026-09-17T10:40:22Z INFO [79/500] 026edd41-d5c4-4eb9-bce6-aec2b28d3adb: valid; 2.0 s; peak memory 1054 MiB.
2026-09-17T10:40:23Z INFO [80/500] 026f15ad-4a23-4a59-94ea-239d37bf5d77: not valid; 1.6 s; peak memory 1054 MiB.
2026-09-17T10:40:25Z INFO [81/500] 026f2545-e025-438d-a346-5a83ea2623ea: valid; 1.8 s; peak memory 1054 MiB.
2026-09-17T10:40:27Z INFO [82/500] 026f8d08-f603-4e70-9471-3b1a17034aec: valid; 1.6 s; peak memory 1054 MiB.
2026-09-17T10:40:30Z INFO [83/500] 0270603b-3fb5-40e3-a96a-85e60f4e1baf: valid; 3.2 s; peak memory 1054 MiB.
2026-09-17T10:41:09Z INFO [84/500] 0270876b-6eec-4c5f-a9ce-993e03160a5a: not valid; 39.3 s; peak memory 2190 MiB.
2026-09-17T10:41:11Z INFO [85/500] 027104dc-4a1a-426e-88a0-b0b00153dbb0: valid; 1.6 s; peak memory 2190 MiB.
2026-09-17T10:41:13Z INFO [86/500] 02717735-65c6-4ae7-8b49-305d3830a819: valid; 2.0 s; peak memory 2190 MiB.
2026-09-17T10:41:16Z INFO [87/500] 02718419-2ed3-4aed-ba52-394f6e32bcd7: valid; 3.4 s; peak memory 2190 MiB.
2026-09-17T10:41:18Z INFO [88/500] 02722725-865d-4462-830a-ce06ce0390bb: not valid; 2.1 s; peak memory 2190 MiB.
2026-09-17T10:44:11Z INFO [89/500] 02726773-8749-468e-9915-73cbbb446b5e: not valid; 172.8 s; peak memory 2190 MiB.
2026-09-17T10:44:14Z INFO [90/500] 0272af92-c8e8-49c5-8603-fe47a19522bb: valid; 2.5 s; peak memory 2190 MiB.
2026-09-17T10:44:16Z INFO [91/500] 0272eea6-a4f8-4f4e-a03a-c5f14ae6c246: not valid; 2.4 s; peak memory 2190 MiB.
2026-09-17T10:44:19Z INFO [92/500] 02732f18-5297-49be-9cdb-5ec2e5b3b8b4: valid; 2.7 s; peak memory 2193 MiB.
2026-09-17T10:44:21Z INFO [93/500] 027397dd-2162-47ac-9f65-0ddfd6b69879: valid; 2.2 s; peak memory 2197 MiB.
2026-09-17T10:44:23Z INFO [94/500] 02740701-1f67-45e0-b2a4-a7cbe7e62464: valid; 2.1 s; peak memory 2207 MiB.
2026-09-17T10:44:26Z INFO [95/500] 02743f50-6873-4dc0-b940-b80dc244fbe9: valid; 3.2 s; peak memory 2217 MiB.
2026-09-17T10:44:28Z INFO [96/500] 0275742a-fb13-4fd0-9feb-48a961e8ef61: valid; 1.5 s; peak memory 2220 MiB.
2026-09-17T10:44:30Z INFO [97/500] 02757e50-e816-4a32-a8ef-3952a3ec217c: valid; 2.1 s; peak memory 2230 MiB.
2026-09-17T10:44:52Z INFO [98/500] 0275dffb-2b13-4531-95aa-7d40f528b451: valid; 22.4 s; peak memory 2322 MiB.
2026-09-17T10:45:01Z INFO [99/500] 02777391-5056-4835-a6d1-b32817d184ca: valid; 8.9 s; peak memory 2325 MiB.
2026-09-17T10:45:03Z INFO [100/500] 0277c3fb-65b1-447b-b711-518f85f30f7d: valid; 1.5 s; peak memory 2325 MiB.
2026-09-17T10:45:03Z INFO [100/500] 0277c3fb-65b1-447b-b711-518f85f30f7d: checkpointed 66610 records.
2026-09-17T10:45:04Z INFO [101/500] 0277f95e-dd03-4740-a987-14a28bd7752f: valid; 1.2 s; peak memory 2325 MiB.
2026-09-17T10:45:06Z INFO [102/500] 0277fd86-ed3f-4d1e-b0be-2300df8d0398: valid; 1.9 s; peak memory 2325 MiB.
2026-09-17T10:45:09Z INFO [103/500] 0278b8b4-9f79-49e9-918e-e4bd0a99f2c9: valid; 2.4 s; peak memory 2334 MiB.
2026-09-17T10:45:10Z INFO [104/500] 0278c933-c33d-4ac9-9f3a-14be8ec1ac1e: valid; 1.6 s; peak memory 2334 MiB.
2026-09-17T10:45:10Z WARNING 027951ca-b4f9-4a85-8a7e-91e58665d17f: failed while retrieving asset information from the DANDI API (NotFoundError: No such Dandiset: 000477)
2026-09-17T10:45:15Z INFO [106/500] 02796435-95b1-463b-b902-dc06bc9be988: valid; 4.8 s; peak memory 2334 MiB.
2026-09-17T10:45:18Z INFO [107/500] 02797d31-e8ef-481d-9149-2b81d191d1c0: valid; 2.4 s; peak memory 2336 MiB.
2026-09-17T10:45:19Z INFO [108/500] 027982cc-b57a-436c-a634-131180f11c2e: valid; 1.4 s; peak memory 2337 MiB.
2026-09-17T10:45:22Z INFO [109/500] 0279a6f4-d3c4-46d5-a69c-6617b4729dc4: not valid; 2.9 s; peak memory 2339 MiB.
2026-09-17T10:45:24Z INFO [110/500] 0279a7b7-9dc4-4d21-bf27-f03462f56851: valid; 2.3 s; peak memory 2340 MiB.
2026-09-17T10:45:37Z INFO [111/500] 0279dca2-9cb3-44ba-8483-5c377e21acac: valid; 13.2 s; peak memory 2356 MiB.
2026-09-17T10:45:40Z INFO [112/500] 027a144b-972f-4180-896b-734131520208: valid; 2.2 s; peak memory 2359 MiB.
2026-09-17T10:45:42Z INFO [113/500] 027a7730-53ff-4421-8ef0-a2d633d65e25: valid; 2.7 s; peak memory 2360 MiB.
2026-09-17T10:45:46Z INFO [114/500] 027adeb8-c4b7-427b-a077-7324df21255d: valid; 3.6 s; peak memory 2363 MiB.
2026-09-17T10:45:54Z INFO [115/500] 027b10c9-78fd-4aa7-ab67-81482fe1c215: valid; 7.7 s; peak memory 2372 MiB.
2026-09-17T10:45:54Z WARNING 027b3cda-1ccc-42c8-bf88-d61752e4e76e: failed while retrieving asset information from the DANDI API (NotFoundError: No asset at path 'sub-LG445/sub-LG445_ses-20250324_obj-2rrevb_ophys.nwb' in version 0.260915.2135. Verify the path is correct and the asset exists in this version. Use 'dandi ls' to list available assets.)
2026-09-17T10:45:56Z INFO [117/500] 027d4f44-c82b-47a2-bbf6-57c40a1422e6: not valid; 1.6 s; peak memory 2373 MiB.
2026-09-17T10:45:58Z INFO [118/500] 027d699e-242e-4213-b29f-f1ef09dd2f58: valid; 2.9 s; peak memory 2374 MiB.
2026-09-17T10:46:12Z INFO [119/500] 027dce51-df65-498c-9e04-3f842e8c4418: valid; 13.7 s; peak memory 2391 MiB.
2026-09-17T10:46:14Z INFO [120/500] 027e830b-ed85-4d6f-ae9d-1c93f10c46ab: not valid; 1.9 s; peak memory 2393 MiB.
2026-09-17T10:46:16Z INFO [121/500] 027f323e-e5aa-4fc9-8325-1a0801c471a7: valid; 2.0 s; peak memory 2395 MiB.
2026-09-17T10:46:18Z INFO [122/500] 02806552-1931-4326-9b41-78b57b043661: valid; 1.5 s; peak memory 2395 MiB.
2026-09-17T10:46:20Z INFO [123/500] 028065d0-64d8-4609-99ec-92b978434b87: valid; 2.1 s; peak memory 2395 MiB.
2026-09-17T10:46:21Z INFO [124/500] 02815e50-4d08-47c5-b2dc-c962bef41956: valid; 1.5 s; peak memory 2396 MiB.
2026-09-17T10:46:22Z INFO [125/500] 0281843e-d70d-48fa-9fd4-31d528791927: valid; 1.1 s; peak memory 2396 MiB.
2026-09-17T10:46:24Z INFO [126/500] 02822f47-95be-4b3a-aac2-e1f86eccb6d0: valid; 1.5 s; peak memory 2397 MiB.
2026-09-17T10:46:26Z INFO [127/500] 02824bdd-446c-4ed9-bd3c-a3a17c926ca0: valid; 1.9 s; peak memory 2398 MiB.
2026-09-17T10:46:28Z INFO [128/500] 02829433-4773-404a-9d2e-32d2e45cd77a: valid; 2.1 s; peak memory 2399 MiB.
2026-09-17T10:46:29Z INFO [129/500] 0282fe98-1eac-49c8-9808-33f9c1aaa00a: valid; 1.4 s; peak memory 2399 MiB.
2026-09-17T10:46:34Z INFO [130/500] 028311e7-ffe0-47ab-8131-7d7fea7085d8: not valid; 4.6 s; peak memory 2402 MiB.
2026-09-17T10:46:38Z INFO [131/500] 02831699-8efa-41a9-aca7-4a7bfcf664cf: valid; 4.4 s; peak memory 2403 MiB.
2026-09-17T10:46:41Z INFO [132/500] 02833c5c-c7e4-4612-bc64-89cda9026371: not valid; 3.0 s; peak memory 2405 MiB.
2026-09-17T11:35:08Z INFO [133/500] 0284795a-a1ff-4230-b9ef-4158c57218a8: valid; 2906.8 s; peak memory 4303 MiB.
2026-09-17T11:35:11Z INFO [134/500] 0284c48e-b45e-403f-ab03-707ed04d6195: valid; 3.0 s; peak memory 4307 MiB.
2026-09-17T11:35:13Z WARNING 02855dd6-74b5-4c6f-bb68-e354b2d1356c: failed while opening the NWB file (ConstructError: (root/acquisition/_iblmic_audioSpectrogram/bands GroupBuilder {'attributes': {'colnames': array(['freq'], dtype=object), 'description': 'spectogram frequencies', 'namespace': 'core', 'neurodata_type': 'FrequencyBandsTable', 'object_id': '26c93847-a3df-4a67-bd96-176a8a7d10cd'}, 'groups': {}, 'datasets': {'freq': root/acquisition/_iblmic_audioSpectrogram/bands/freq DatasetBuilder {'attributes': {'description': 'frequency value', 'namespace': 'hdmf-common', 'neurodata_type': 'VectorData', 'object_id': '4513bc58-4162-4b25-b297-df2a0bb4d173'}, 'data': <HDF5 dataset "freq": shape (257,), type "<f4">}, 'id': root/acquisition/_iblmic_audioSpectrogram/bands/id DatasetBuilder {'attributes': {'namespace': 'hdmf-common', 'neurodata_type': 'ElementIdentifiers', 'object_id': '665ed5ee-6f51-4ce4-9eca-048769964981'}, 'data': <HDF5 dataset "id": shape (257,), type "<i4">}}, 'links': {}}, "Could not construct FrequencyBandsTable object due to: column must have the same number of rows as 'id'"))
2026-09-17T11:35:20Z INFO [136/500] 0285739f-d4ba-4ac1-8fd5-fce0e65ad42e: not valid; 7.2 s; peak memory 4319 MiB.
2026-09-17T11:35:21Z INFO [137/500] 0285844c-4b1b-450f-af5a-d6417ba1cc79: valid; 1.3 s; peak memory 4321 MiB.
2026-09-17T11:35:23Z INFO [138/500] 02874466-b78c-41ae-8487-06726996a7d4: valid; 1.5 s; peak memory 4321 MiB.
2026-09-17T11:35:27Z INFO [139/500] 02878f31-f679-4940-b6e1-5645c2bc461b: valid; 4.3 s; peak memory 4325 MiB.
2026-09-17T11:35:29Z INFO [140/500] 028801d5-ab2d-4a7e-9561-673e12734d37: valid; 2.1 s; peak memory 4325 MiB.
2026-09-17T11:35:31Z INFO [141/500] 028844cf-25e8-419b-8e79-d3f5e41d4e6d: not valid; 1.7 s; peak memory 4325 MiB.
2026-09-17T11:35:32Z INFO [142/500] 0288de74-0668-4073-9ec2-b1be49cd1fe2: valid; 1.5 s; peak memory 4325 MiB.
2026-09-17T11:35:35Z INFO [143/500] 028953a2-2dd4-4a63-ae1f-0b6ef1cfc94e: valid; 2.7 s; peak memory 4325 MiB.
2026-09-17T11:35:37Z INFO [144/500] 028979ab-3a71-405c-9eb1-85486f0b8192: valid; 1.4 s; peak memory 4325 MiB.
2026-09-17T11:35:38Z INFO [145/500] 0289ecbe-1d5a-4b5c-90da-e92ce7b3649c: not valid; 1.6 s; peak memory 4325 MiB.
2026-09-17T11:35:43Z INFO [146/500] 028a25c3-78b0-43ee-9833-85e1bc5ef173: not valid; 4.7 s; peak memory 4325 MiB.
2026-09-17T11:35:45Z INFO [147/500] 028a4a06-4529-47fb-b5d8-9d0b041e4100: valid; 2.4 s; peak memory 4325 MiB.
2026-09-17T11:35:47Z INFO [148/500] 028b6b5e-5f02-4f14-a1c1-6db68da7eef4: valid; 1.5 s; peak memory 4325 MiB.
2026-09-17T11:35:49Z INFO [149/500] 028be36d-33e7-4cc7-aabe-b35d358f2eea: valid; 2.1 s; peak memory 4325 MiB.
2026-09-17T11:35:51Z INFO [150/500] 028c061c-c72b-49f9-a0da-04dcaf9da140: valid; 2.3 s; peak memory 4325 MiB.
2026-09-17T11:35:51Z INFO [150/500] 028c061c-c72b-49f9-a0da-04dcaf9da140: checkpointed 66660 records.
2026-09-17T11:36:09Z INFO [151/500] 028d135a-7ce8-42eb-af71-7247c3203f28: valid; 17.7 s; peak memory 4340 MiB.
2026-09-17T11:36:11Z INFO [152/500] 028dfba3-b9bc-4f66-8875-e101935eecf3: valid; 2.1 s; peak memory 4340 MiB.
2026-09-17T11:36:14Z INFO [153/500] 028e5921-08e8-4dc6-8dd5-e536a8f320fb: valid; 2.9 s; peak memory 4340 MiB.
2026-09-17T11:36:51Z INFO [154/500] 028ea525-8535-41ba-8898-cae2e4fece75: not valid; 37.1 s; peak memory 4342 MiB.
2026-09-17T11:36:53Z INFO [155/500] 028ead3b-09ae-4b5f-9697-c51638a55c9c: valid; 1.4 s; peak memory 4342 MiB.
2026-09-17T11:36:54Z INFO [156/500] 028ef11f-c970-4265-8ab7-83172c4be6aa: valid; 1.4 s; peak memory 4342 MiB.
2026-09-17T11:36:55Z INFO [157/500] 028fc389-ac38-4662-b310-efd45233854f: valid; 1.1 s; peak memory 4342 MiB.
2026-09-17T11:37:06Z INFO [158/500] 02905b08-b0de-402c-a7db-e62e49f05671: valid; 11.0 s; peak memory 4342 MiB.
2026-09-17T11:37:08Z INFO [159/500] 0290f830-5dad-4a54-81f3-fd456cd54b17: valid; 1.4 s; peak memory 4342 MiB.
2026-09-17T11:37:11Z INFO [160/500] 0290fa92-2465-4fed-8343-9bb5c1bc9974: valid; 3.8 s; peak memory 4342 MiB.
2026-09-17T11:37:13Z INFO [161/500] 0291822b-1a0b-4ce3-bef3-c4eb937ab88e: valid; 1.4 s; peak memory 4342 MiB.
2026-09-17T11:37:14Z INFO [162/500] 02918d20-292d-4f9c-b3b6-5764aba9aec0: not valid; 1.2 s; peak memory 4342 MiB.
2026-09-17T11:37:17Z INFO [163/500] 0291edda-91e2-4268-b7c4-453a5550909e: valid; 2.8 s; peak memory 4348 MiB.
2026-09-17T11:37:19Z INFO [164/500] 029295d9-7ab6-49d9-af94-d28f2b3bbde5: valid; 2.2 s; peak memory 4348 MiB.
2026-09-17T11:37:20Z INFO [165/500] 02935dd8-b9a1-4625-8c3a-f8f14ff0e25e: valid; 1.2 s; peak memory 4348 MiB.
2026-09-17T11:37:33Z INFO [166/500] 02937297-72ad-4c19-8e02-f0bc9d9f5c0f: valid; 12.7 s; peak memory 4348 MiB.
2026-09-17T11:37:36Z INFO [167/500] 02938ebc-1379-4389-af75-d487d29f0a27: valid; 3.1 s; peak memory 4348 MiB.
2026-09-17T11:37:51Z INFO [168/500] 02946b87-acda-4ee1-8dc5-19939ec7b787: valid; 14.7 s; peak memory 4509 MiB.
2026-09-17T11:37:54Z INFO [169/500] 02949b71-7360-4a8f-9b81-9f51282f8e5c: valid; 3.7 s; peak memory 4510 MiB.
2026-09-17T11:37:58Z INFO [170/500] 0294e0a5-df23-4bd9-bb5f-f1660afbbc22: valid; 3.1 s; peak memory 4510 MiB.
2026-09-17T11:37:59Z INFO [171/500] 0294e0ab-4c7e-4a93-a639-d0c457d502f2: not valid; 2.0 s; peak memory 4510 MiB.
2026-09-17T11:38:01Z INFO [172/500] 02950439-2230-46aa-bae8-d7ee63bff896: valid; 1.5 s; peak memory 4510 MiB.
2026-09-17T11:38:09Z INFO [173/500] 02954af6-e78d-4cde-8f65-e57e804b4eb1: valid; 7.5 s; peak memory 4510 MiB.
2026-09-17T11:38:11Z INFO [174/500] 02954c97-270f-4783-8d50-1017070272e0: valid; 2.3 s; peak memory 4510 MiB.
2026-09-17T11:38:13Z INFO [175/500] 02959882-f6a0-4953-8315-ae122f73ee3e: valid; 1.9 s; peak memory 4510 MiB.
2026-09-17T11:38:16Z INFO [176/500] 0295bd30-d875-4221-8bf9-fd26a50e4730: valid; 2.8 s; peak memory 4510 MiB.
2026-09-17T11:38:17Z INFO [177/500] 02966e4b-e374-497b-a978-f323a372b4da: valid; 1.6 s; peak memory 4510 MiB.
2026-09-17T11:38:22Z INFO [178/500] 0297c5f6-6d74-4df9-9180-0a63573ad406: valid; 5.2 s; peak memory 4510 MiB.
2026-09-17T11:38:25Z INFO [179/500] 02995666-ca83-462e-8955-8cade5c9dad0: valid; 2.2 s; peak memory 4510 MiB.
2026-09-17T11:38:27Z INFO [180/500] 0299a00d-47db-4aa9-b708-b4428c271107: valid; 2.7 s; peak memory 4510 MiB.
2026-09-17T11:38:29Z INFO [181/500] 0299aacd-4811-437f-9539-54feaa63e240: valid; 1.6 s; peak memory 4510 MiB.
2026-09-17T11:38:47Z INFO [182/500] 0299de1d-65a8-49d3-b61e-68a329ec7256: valid; 18.5 s; peak memory 4510 MiB.
2026-09-17T11:39:05Z INFO [183/500] 029aded6-3070-4d1f-a252-41fad264a6fe: valid; 17.6 s; peak memory 4510 MiB.
2026-09-17T11:39:07Z INFO [184/500] 029b94ab-f5d9-4789-a87a-3afb89cbae44: not valid; 2.2 s; peak memory 4510 MiB.
2026-09-17T11:39:09Z INFO [185/500] 029bf697-4540-4395-b264-3edb210470a8: valid; 1.5 s; peak memory 4510 MiB.
2026-09-17T11:39:12Z INFO [186/500] 029d5a86-0e9b-418c-813b-ffb02539af15: valid; 3.3 s; peak memory 4510 MiB.
2026-09-17T11:39:21Z INFO [187/500] 029d6050-dc13-418b-97a3-bbfbd958e998: valid; 9.1 s; peak memory 4510 MiB.
2026-09-17T11:39:23Z INFO [188/500] 029d681f-5887-4e88-9d28-627bd08d5723: valid; 2.4 s; peak memory 4510 MiB.
2026-09-17T11:39:26Z INFO [189/500] 029e9a5f-0496-4bb0-a829-867ab99f8839: valid; 2.3 s; peak memory 4510 MiB.
2026-09-17T11:39:46Z INFO [190/500] 029ea7e2-96c1-4daa-bed3-0251b54fc56e: valid; 20.7 s; peak memory 4510 MiB.
2026-09-17T11:39:49Z INFO [191/500] 029ecb06-e88c-4b7b-99f8-f434c257921c: valid; 3.1 s; peak memory 4510 MiB.
2026-09-17T11:40:10Z INFO [192/500] 02a17d04-270c-4fbf-9736-b02f5edc72bc: valid; 20.6 s; peak memory 4510 MiB.
2026-09-17T11:40:11Z INFO [193/500] 02a1d9ba-34cf-4ec3-9da4-a6d09389448f: valid; 1.3 s; peak memory 4510 MiB.
2026-09-17T11:40:17Z INFO [194/500] 02a24b84-5179-429c-8e97-d03da5ecbcb1: valid; 5.7 s; peak memory 4510 MiB.
2026-09-17T11:40:20Z INFO [195/500] 02a2d86b-f848-4846-9e29-d92b8cbc38d2: valid; 3.0 s; peak memory 4510 MiB.
2026-09-17T11:40:23Z INFO [196/500] 02a32839-becd-4722-9c93-59e02da90002: valid; 2.7 s; peak memory 4510 MiB.
2026-09-17T11:40:25Z INFO [197/500] 02a34db4-ead2-4108-9c88-b87ad471b031: not valid; 2.2 s; peak memory 4510 MiB.
2026-09-17T11:40:28Z INFO [198/500] 02a37861-2b09-4c07-8421-2ffa0a97102e: valid; 2.6 s; peak memory 4510 MiB.
2026-09-17T11:40:28Z WARNING 02a383b4-6966-43de-9627-4dda9cc87644: failed while retrieving asset information from the DANDI API (NotFoundError: No asset at path 'sub-EPCNHP2/sub-EPCNHP2_ses-2020-09-28-003_ecephys.nwb' in version 0.240701.1903. Verify the path is correct and the asset exists in this version. Use 'dandi ls' to list available assets.)
2026-09-17T11:40:29Z INFO [200/500] 02a40a80-742a-424e-8e01-7cda99237e8e: valid; 1.3 s; peak memory 4510 MiB.
2026-09-17T11:40:30Z INFO [200/500] 02a40a80-742a-424e-8e01-7cda99237e8e: checkpointed 66710 records.
2026-09-17T11:40:31Z INFO [201/500] 02a42b1f-1cf4-436f-9320-c7d937bad4fa: valid; 1.4 s; peak memory 4510 MiB.
2026-09-17T11:40:33Z INFO [202/500] 02a4fe73-55fe-45fe-aac9-f5b94b45fa2d: not valid; 1.8 s; peak memory 4510 MiB.
2026-09-17T11:40:34Z INFO [203/500] 02a5842f-430f-4b12-a276-798dd69ae01a: valid; 1.1 s; peak memory 4510 MiB.
2026-09-17T11:40:36Z INFO [204/500] 02a6166e-28e2-4e65-b0cb-809e8a8f6cec: valid; 2.5 s; peak memory 4510 MiB.
2026-09-17T11:40:39Z WARNING 02a696ff-4276-47a8-8010-0c8f8f7ea1a7: failed while opening the NWB file (ConstructError: (root/acquisition/_iblmic_audioSpectrogram/bands GroupBuilder {'attributes': {'colnames': array(['freq'], dtype=object), 'description': 'spectogram frequencies', 'namespace': 'core', 'neurodata_type': 'FrequencyBandsTable', 'object_id': 'c881cc83-7680-4e71-aba2-3054cba7fb50'}, 'groups': {}, 'datasets': {'freq': root/acquisition/_iblmic_audioSpectrogram/bands/freq DatasetBuilder {'attributes': {'description': 'frequency value', 'namespace': 'hdmf-common', 'neurodata_type': 'VectorData', 'object_id': '77c2c5e5-e7aa-44ad-9163-6a68191f6ea0'}, 'data': <HDF5 dataset "freq": shape (257,), type "<f4">}, 'id': root/acquisition/_iblmic_audioSpectrogram/bands/id DatasetBuilder {'attributes': {'namespace': 'hdmf-common', 'neurodata_type': 'ElementIdentifiers', 'object_id': '3377fd69-1985-4528-ac42-201206adf1a9'}, 'data': <HDF5 dataset "id": shape (257,), type "<i4">}}, 'links': {}}, "Could not construct FrequencyBandsTable object due to: column must have the same number of rows as 'id'"))
2026-09-17T11:40:41Z INFO [206/500] 02a767b0-1fb4-4989-ad41-174aafcd972e: valid; 2.2 s; peak memory 4510 MiB.
2026-09-17T11:41:01Z INFO [207/500] 02a82567-39a8-4040-8860-17a550d6257d: valid; 20.6 s; peak memory 4510 MiB.
2026-09-17T11:41:05Z INFO [208/500] 02a87624-9c8a-4fc5-b5a4-c595629b2717: valid; 4.0 s; peak memory 4510 MiB.
2026-09-17T11:41:20Z INFO [209/500] 02a87829-cda9-4cae-a640-72d93d360e9c: valid; 14.4 s; peak memory 4510 MiB.
2026-09-17T11:41:22Z INFO [210/500] 02a93a8f-7ac4-4b19-b215-51aa40edb2cf: not valid; 1.8 s; peak memory 4510 MiB.
2026-09-17T11:41:23Z INFO [211/500] 02a9596d-8286-4034-a5bb-80b902fed0ff: valid; 1.4 s; peak memory 4510 MiB.
2026-09-17T11:41:50Z INFO [212/500] 02a95f1a-6af7-44fa-870b-540be1598e25: valid; 26.9 s; peak memory 4510 MiB.
2026-09-17T11:42:01Z INFO [213/500] 02a9b5e0-70af-4797-9d6c-9578030688c0: not valid; 10.9 s; peak memory 4510 MiB.
2026-09-17T11:42:02Z INFO [214/500] 02ab385f-0a13-4617-9241-cb80277b5f04: valid; 1.7 s; peak memory 4510 MiB.
2026-09-17T11:42:06Z INFO [215/500] 02ab47cd-b9ff-46f8-9ae5-f7629e230317: valid; 3.8 s; peak memory 4510 MiB.
2026-09-17T11:42:10Z INFO [216/500] 02ab5f1d-b90f-4109-915f-94e39431d8fa: valid; 3.6 s; peak memory 4510 MiB.
2026-09-17T11:42:11Z INFO [217/500] 02abdba1-11e3-4245-a4d7-8af2193b29a6: valid; 1.5 s; peak memory 4510 MiB.
2026-09-17T11:42:14Z INFO [218/500] 02ace5ca-49ef-420e-b605-64cbc69ef4de: valid; 2.5 s; peak memory 4510 MiB.
2026-09-17T11:42:16Z INFO [219/500] 02acf65f-66d3-455f-880f-df80ab42894f: valid; 1.7 s; peak memory 4510 MiB.
2026-09-17T11:42:17Z INFO [220/500] 02ad44b5-5b78-441f-8db1-7860f110e6a0: not valid; 1.7 s; peak memory 4510 MiB.
2026-09-17T11:42:19Z INFO [221/500] 02ad6340-dfcd-48e5-b161-b51f099571a1: valid; 1.3 s; peak memory 4510 MiB.
2026-09-17T11:42:21Z INFO [222/500] 02ae98b5-b482-4527-8733-3e786e0d2f31: valid; 2.1 s; peak memory 4510 MiB.
2026-09-17T11:42:23Z INFO [223/500] 02ae9a44-bfe7-455d-8bb3-4d669cec400b: valid; 2.4 s; peak memory 4510 MiB.
2026-09-17T11:42:24Z INFO [224/500] 02aea000-12b7-400d-be09-43d9e78dd4ba: valid; 1.5 s; peak memory 4510 MiB.
2026-09-17T11:42:27Z INFO [225/500] 02aef313-a606-4caf-af6d-b789ad626e2a: valid; 2.9 s; peak memory 4510 MiB.
2026-09-17T11:42:29Z INFO [226/500] 02aefefa-d833-4951-930b-7c8b5bb7eca1: valid; 1.3 s; peak memory 4510 MiB.
2026-09-17T11:42:30Z INFO [227/500] 02af0196-42f8-4a03-98bd-b3db4a0f7f47: not valid; 1.5 s; peak memory 4510 MiB.
2026-09-17T11:42:32Z INFO [228/500] 02afb526-b429-48ab-8765-b40123a98db9: valid; 2.1 s; peak memory 4510 MiB.
2026-09-17T11:42:37Z INFO [229/500] 02afd9ac-75eb-4c22-85e0-20c208ae9a63: not valid; 4.6 s; peak memory 4510 MiB.
2026-09-17T11:42:39Z INFO [230/500] 02b10584-99ff-45a6-a9d9-878dd321bdac: valid; 2.3 s; peak memory 4510 MiB.
2026-09-17T11:42:40Z INFO [231/500] 02b16757-61f2-40d3-9903-f22fe5a2f75d: valid; 1.4 s; peak memory 4510 MiB.
2026-09-17T11:42:42Z INFO [232/500] 02b22217-563b-410c-a30d-502f83b7f899: valid; 1.7 s; peak memory 4510 MiB.
2026-09-17T11:43:05Z INFO [233/500] 02b22372-1158-4c4f-9e96-54a4bbd622c6: valid; 22.7 s; peak memory 4510 MiB.
2026-09-17T11:43:08Z INFO [234/500] 02b2641e-321f-4252-a2c4-d8c7b9bbd0d4: valid; 2.9 s; peak memory 4510 MiB.
2026-09-17T11:43:10Z INFO [235/500] 02b2e50a-cff5-4dba-a62e-c2fe49769ad0: valid; 2.5 s; peak memory 4510 MiB.
2026-09-17T11:43:12Z INFO [236/500] 02b34177-d581-4cb8-9dd8-250d4638df5f: valid; 1.4 s; peak memory 4510 MiB.
2026-09-17T11:43:15Z INFO [237/500] 02b34a1c-6b34-4ea9-8b11-ca286ee9b6b6: valid; 2.8 s; peak memory 4510 MiB.
2026-09-17T11:43:17Z INFO [238/500] 02b36fcc-831b-47ac-b493-eefcbe929fdc: valid; 2.1 s; peak memory 4510 MiB.
2026-09-17T11:43:51Z INFO [239/500] 02b3b0b7-a112-4899-9fe9-6db12ed84160: valid; 34.0 s; peak memory 4510 MiB.
2026-09-17T11:43:52Z INFO [240/500] 02b3c74d-f3da-4b1c-b511-00eccb09189d: not valid; 1.3 s; peak memory 4510 MiB.
2026-09-17T11:43:55Z INFO [241/500] 02b40308-7b6c-4319-a761-05bca9e120ba: not valid; 3.1 s; peak memory 4510 MiB.
2026-09-17T11:43:58Z INFO [242/500] 02b4cbac-134b-4842-a931-d787465f579c: valid; 3.4 s; peak memory 4510 MiB.
2026-09-17T11:44:01Z INFO [243/500] 02b526a2-cfde-443c-9394-2f3efc6ef49b: valid; 2.6 s; peak memory 4510 MiB.
2026-09-17T11:44:02Z INFO [244/500] 02b64f62-eecc-44ea-a09a-0f98e7005304: valid; 1.3 s; peak memory 4510 MiB.
2026-09-17T11:44:04Z INFO [245/500] 02b83423-05ff-4a45-98a5-c192ee57da37: valid; 2.1 s; peak memory 4510 MiB.
2026-09-17T11:44:06Z INFO [246/500] 02b944b3-085b-4bb3-a3e6-5376371bf724: not valid; 2.0 s; peak memory 4510 MiB.
2026-09-17T11:44:08Z INFO [247/500] 02b961c7-6f34-4998-86ed-a22bcf66f13e: valid; 1.4 s; peak memory 4510 MiB.
2026-09-17T11:44:10Z INFO [248/500] 02b96caa-8417-4c4c-b7c0-dc4bb21aadd0: valid; 2.7 s; peak memory 4510 MiB.
2026-09-17T11:44:12Z INFO [249/500] 02b99946-a14e-484b-9970-7e4fa6e54b67: not valid; 1.4 s; peak memory 4510 MiB.
2026-09-17T11:44:13Z INFO [250/500] 02ba074a-1dfc-47f0-a7c1-cbd17fb6030c: valid; 1.3 s; peak memory 4510 MiB.
2026-09-17T11:44:14Z INFO [250/500] 02ba074a-1dfc-47f0-a7c1-cbd17fb6030c: checkpointed 66760 records.
2026-09-17T11:44:15Z INFO [251/500] 02ba2272-b4a4-4dd8-9698-001a473a379b: valid; 1.4 s; peak memory 4510 MiB.
2026-09-17T11:44:18Z INFO [252/500] 02ba3493-299b-4008-baff-53a7969125a0: valid; 2.5 s; peak memory 4510 MiB.
2026-09-17T11:44:20Z INFO [253/500] 02bb2e08-6e99-4f63-a5a5-6473ce645a04: not valid; 1.9 s; peak memory 4510 MiB.
2026-09-17T11:44:21Z INFO [254/500] 02bb3108-ecae-4491-918f-f9831322aca3: not valid; 1.8 s; peak memory 4510 MiB.
2026-09-17T11:44:24Z INFO [255/500] 02bb68c9-ed47-4ac8-890f-89afe86dbea8: valid; 2.6 s; peak memory 4510 MiB.
2026-09-17T11:50:34Z INFO [256/500] 02bbeab5-9101-41d6-a75e-33154f1f780e: valid; 369.7 s; peak memory 5188 MiB.
2026-09-17T11:50:36Z INFO [257/500] 02bc6e67-6978-4516-8f87-67a2482b91da: not valid; 1.9 s; peak memory 5190 MiB.
2026-09-17T11:50:37Z INFO [258/500] 02bcb96d-79c6-4a44-b07b-f6c28d5e5232: valid; 1.5 s; peak memory 5193 MiB.
2026-09-17T11:50:38Z INFO [259/500] 02bcf4cc-07e5-4826-9564-7afddd18a79a: not valid; 1.2 s; peak memory 5195 MiB.
2026-09-17T11:50:44Z INFO [260/500] 02bcf7de-0a80-43ce-bebc-08becede8e02: valid; 5.9 s; peak memory 5209 MiB.
2026-09-17T11:50:48Z INFO [261/500] 02bd1e75-7480-4af5-b706-1a3a2c7c5068: valid; 3.5 s; peak memory 5217 MiB.
2026-09-17T11:50:50Z INFO [262/500] 02bd842b-5d0e-4c31-a136-ac15e7990254: valid; 2.2 s; peak memory 5229 MiB.
2026-09-17T11:50:52Z INFO [263/500] 02bdffd3-b050-4bf6-beb2-9650c68334ed: valid; 1.8 s; peak memory 5229 MiB.
2026-09-17T11:50:54Z INFO [264/500] 02be6c8b-e8d6-4b0a-a733-011b818c17c8: valid; 2.4 s; peak memory 5238 MiB.
2026-09-17T11:50:56Z INFO [265/500] 02bf0e64-1a2b-40b6-9af9-c83240528da7: not valid; 1.8 s; peak memory 5244 MiB.
2026-09-17T11:50:58Z INFO [266/500] 02bf870d-004a-46ca-8a40-a302152e69bc: not valid; 2.4 s; peak memory 5253 MiB.
2026-09-17T11:51:00Z INFO [267/500] 02bfa38c-d3ac-48df-adb0-c5bf34e4bac3: valid; 1.6 s; peak memory 5259 MiB.
2026-09-17T11:51:00Z WARNING 02bfa656-b4c5-4244-a610-2942f191d354: failed while retrieving asset information from the DANDI API (NotFoundError: No such Dandiset: 000948)
2026-09-17T11:51:02Z INFO [269/500] 02bfc69e-526d-44dc-b242-5eff08c1b1f6: valid; 1.6 s; peak memory 5263 MiB.
2026-09-17T11:51:06Z INFO [270/500] 02c0f83f-9a69-45ea-96d4-b2915f75a7d5: valid; 4.6 s; peak memory 5266 MiB.
2026-09-17T11:53:36Z INFO [271/500] 02c1d006-3ec9-4c43-b4f1-c49f8551d2a3: valid; 150.0 s; peak memory 5335 MiB.
2026-09-17T11:53:39Z INFO [272/500] 02c1d51f-5939-46a0-af2e-1ade5ff9290b: valid; 3.2 s; peak memory 5335 MiB.
2026-09-17T11:53:41Z INFO [273/500] 02c21518-f431-42e8-9e8d-5bdd5b2b572f: not valid; 2.1 s; peak memory 5335 MiB.
2026-09-17T11:53:43Z INFO [274/500] 02c22b9c-3492-4094-b862-54be671929e0: valid; 2.0 s; peak memory 5335 MiB.
2026-09-17T11:53:46Z INFO [275/500] 02c23870-f2c1-4420-b773-b5372884af20: valid; 2.3 s; peak memory 5335 MiB.
2026-09-17T11:53:47Z INFO [276/500] 02c2a56e-43d4-46bc-851b-1161540ff8af: valid; 1.4 s; peak memory 5335 MiB.
2026-09-17T11:53:57Z INFO [277/500] 02c2aa99-cac2-43e6-9458-aa4f460091bb: valid; 10.1 s; peak memory 5335 MiB.
2026-09-17T11:53:59Z INFO [278/500] 02c3cba0-183f-4900-9f73-f06e14cf3827: valid; 1.4 s; peak memory 5335 MiB.
2026-09-17T11:54:00Z INFO [279/500] 02c42efa-e4ec-48ce-8fca-cd8f13fc78e8: valid; 1.4 s; peak memory 5335 MiB.
2026-09-17T11:54:03Z INFO [280/500] 02c4d5e1-4758-4fb6-9366-97a13461416c: valid; 3.2 s; peak memory 5335 MiB.
2026-09-17T11:54:05Z INFO [281/500] 02c53327-b441-4910-acd6-03e40551a884: valid; 2.2 s; peak memory 5335 MiB.
2026-09-17T11:54:08Z INFO [282/500] 02c54291-5bc5-4e88-bdf6-d0af63efe508: not valid; 3.0 s; peak memory 5335 MiB.
2026-09-17T11:54:10Z INFO [283/500] 02c54433-15c9-463d-b1de-9a4af8443ef7: valid; 1.4 s; peak memory 5335 MiB.
2026-09-17T11:54:24Z INFO [284/500] 02c5f702-3f70-4e81-90e8-1910a15d5ef1: valid; 13.7 s; peak memory 5393 MiB.
2026-09-17T11:54:47Z INFO [285/500] 02c5fe27-666e-4677-8f88-478463429b16: valid; 23.7 s; peak memory 5397 MiB.
2026-09-17T11:54:49Z INFO [286/500] 02c6be54-8f27-4ce5-a1ee-ec5648a40b94: valid; 1.3 s; peak memory 5398 MiB.
2026-09-17T11:54:50Z INFO [287/500] 02c6d158-5d1c-4990-9db7-d32a8d661fbb: valid; 1.2 s; peak memory 5399 MiB.
2026-09-17T11:54:50Z WARNING 02c6eb80-bc79-4816-8f6a-565e45881142: failed while retrieving asset information from the DANDI API (NotFoundError: No asset at path 'sub-699322/sub-699322_ses-1317198704_probe-1_ecephys.nwb' in version 0.250311.2145. Verify the path is correct and the asset exists in this version. Use 'dandi ls' to list available assets.)
2026-09-17T11:54:54Z INFO [289/500] 02c70eb0-ba42-41e3-88d9-bb0fcfb6f9a3: valid; 4.3 s; peak memory 5401 MiB.
2026-09-17T11:54:56Z INFO [290/500] 02c73d6d-f642-48da-8e4b-38d78580f20f: valid; 2.1 s; peak memory 5402 MiB.
2026-09-17T11:55:15Z INFO [291/500] 02c84150-72a0-497b-9bb4-e8ceafcb8e99: valid; 18.9 s; peak memory 5463 MiB.
2026-09-17T11:55:23Z INFO [292/500] 02c8e995-d570-42c6-a1ed-c825581348b4: valid; 7.6 s; peak memory 5647 MiB.
2026-09-17T11:55:24Z INFO [293/500] 02c8ff72-8f8f-4a59-9196-f8ca61bd233c: not valid; 1.5 s; peak memory 5647 MiB.
2026-09-17T11:55:26Z INFO [294/500] 02c9b5e8-98ac-4518-bb9b-48fbb7d1e283: valid; 1.3 s; peak memory 5647 MiB.
2026-09-17T11:55:27Z INFO [295/500] 02ca0691-09fe-46e9-998e-28d17115f1e4: valid; 1.2 s; peak memory 5647 MiB.
2026-09-17T11:55:29Z INFO [296/500] 02cb11ce-3fb6-40ce-a14a-3f13d7cd6960: not valid; 2.4 s; peak memory 5647 MiB.
2026-09-17T11:55:31Z INFO [297/500] 02cb2c9a-e91a-425b-8709-7e320bc5454c: not valid; 1.7 s; peak memory 5647 MiB.
2026-09-17T11:56:01Z INFO [298/500] 02cc86ac-667f-49b3-87f7-424faa577def: valid; 29.8 s; peak memory 5760 MiB.
2026-09-17T11:56:14Z INFO [299/500] 02cce8ca-42f1-4492-be67-83774648de5f: valid; 12.8 s; peak memory 5988 MiB.
2026-09-17T11:56:15Z INFO [300/500] 02ce26f9-0051-438a-8d72-37ab880d044b: valid; 1.3 s; peak memory 5988 MiB.
2026-09-17T11:56:15Z INFO [300/500] 02ce26f9-0051-438a-8d72-37ab880d044b: checkpointed 66810 records.
2026-09-17T11:56:20Z INFO [301/500] 02ce63e6-f796-4702-b3f7-364b28b450d9: valid; 4.5 s; peak memory 5988 MiB.
2026-09-17T11:56:22Z INFO [302/500] 02cf352a-fb27-4ce6-ad23-40a958426755: valid; 2.4 s; peak memory 5988 MiB.
2026-09-17T11:56:24Z WARNING 02cf583e-aa40-48bb-96ad-1b94b1f795eb: failed while opening the NWB file (ConstructError: (root/acquisition/_iblmic_audioSpectrogram/bands GroupBuilder {'attributes': {'colnames': array(['freq'], dtype=object), 'description': 'spectogram frequencies', 'namespace': 'core', 'neurodata_type': 'FrequencyBandsTable', 'object_id': '51ddde14-3019-4460-abb3-558b680fe403'}, 'groups': {}, 'datasets': {'freq': root/acquisition/_iblmic_audioSpectrogram/bands/freq DatasetBuilder {'attributes': {'description': 'frequency value', 'namespace': 'hdmf-common', 'neurodata_type': 'VectorData', 'object_id': '8fb4d1a4-51ae-4505-a6ed-61ac3321e6a1'}, 'data': <HDF5 dataset "freq": shape (257,), type "<f4">}, 'id': root/acquisition/_iblmic_audioSpectrogram/bands/id DatasetBuilder {'attributes': {'namespace': 'hdmf-common', 'neurodata_type': 'ElementIdentifiers', 'object_id': 'd888aa86-8c7c-4719-b7da-38892b87e651'}, 'data': <HDF5 dataset "id": shape (257,), type "<i4">}}, 'links': {}}, "Could not construct FrequencyBandsTable object due to: column must have the same number of rows as 'id'"))
2026-09-17T11:56:27Z INFO [304/500] 02d034ee-4d85-4ca6-a2b7-0172a703d6c8: valid; 2.6 s; peak memory 5988 MiB.
2026-09-17T11:56:33Z INFO [305/500] 02d109f6-c9f7-4891-8e74-e820157f085d: not valid; 6.4 s; peak memory 5988 MiB.
2026-09-17T11:56:36Z INFO [306/500] 02d179ea-2c11-4cc6-b716-044d19a9394d: valid; 2.5 s; peak memory 5988 MiB.
2026-09-17T11:56:37Z INFO [307/500] 02d1cc35-8795-4a56-8d48-004aa019b893: valid; 1.3 s; peak memory 5988 MiB.
2026-09-17T11:56:42Z INFO [308/500] 02d1e891-91c4-45d6-a951-4dd19b0f91f8: valid; 4.4 s; peak memory 5988 MiB.
2026-09-17T11:56:45Z INFO [309/500] 02d27691-e21b-4a8a-8b0e-413625167cb6: valid; 3.2 s; peak memory 5988 MiB.
2026-09-17T11:56:56Z INFO [310/500] 02d2d3e2-8e99-425a-8280-8d8f2996050b: valid; 11.6 s; peak memory 5988 MiB.
2026-09-17T11:56:59Z INFO [311/500] 02d2f384-d9f0-46c9-b7bf-c3172fadb2aa: not valid; 2.4 s; peak memory 5988 MiB.
2026-09-17T11:57:12Z INFO [312/500] 02d2fd9f-5a72-4427-980e-9244e517395a: not valid; 12.9 s; peak memory 5988 MiB.
2026-09-17T11:57:13Z INFO [313/500] 02d2ffbe-0ad7-4399-be90-c0b6f907e21e: valid; 1.1 s; peak memory 5988 MiB.
2026-09-17T11:57:14Z INFO [314/500] 02d347e1-5043-4d06-8c22-56914461f5b7: valid; 1.4 s; peak memory 5988 MiB.
2026-09-17T11:57:17Z WARNING 02d352e4-8aec-40ae-8c39-e5b0df8dc89f: failed while opening the NWB file (ConstructError: (root/acquisition/_iblmic_audioSpectrogram/bands GroupBuilder {'attributes': {'colnames': array(['freq'], dtype=object), 'description': 'spectogram frequencies', 'namespace': 'core', 'neurodata_type': 'FrequencyBandsTable', 'object_id': 'c7fbed9b-4445-4c65-bd50-85e19205911c'}, 'groups': {}, 'datasets': {'freq': root/acquisition/_iblmic_audioSpectrogram/bands/freq DatasetBuilder {'attributes': {'description': 'frequency value', 'namespace': 'hdmf-common', 'neurodata_type': 'VectorData', 'object_id': 'f32e686d-fdd5-4316-84f8-876ade1904d4'}, 'data': <HDF5 dataset "freq": shape (257,), type "<f4">}, 'id': root/acquisition/_iblmic_audioSpectrogram/bands/id DatasetBuilder {'attributes': {'namespace': 'hdmf-common', 'neurodata_type': 'ElementIdentifiers', 'object_id': '88c75142-63cf-4a84-8326-08799dacd71f'}, 'data': <HDF5 dataset "id": shape (257,), type "<i4">}}, 'links': {}}, "Could not construct FrequencyBandsTable object due to: column must have the same number of rows as 'id'"))
2026-09-17T11:57:18Z INFO [316/500] 02d41816-e0cc-4142-a33d-3a8d40b1ca9d: valid; 1.3 s; peak memory 5988 MiB.
2026-09-17T11:57:20Z INFO [317/500] 02d4320d-a735-410b-947b-038f6e51ae3d: valid; 1.6 s; peak memory 5988 MiB.
2026-09-17T11:57:22Z INFO [318/500] 02d44d71-fa9e-494c-ba7d-7b71a0023922: valid; 2.3 s; peak memory 5988 MiB.
2026-09-17T11:57:26Z INFO [319/500] 02d461da-1c09-44ac-b26e-6a79a3cb0820: not valid; 4.3 s; peak memory 5988 MiB.
2026-09-17T11:57:28Z INFO [320/500] 02d46ec8-d567-4552-8167-a4944232d45f: valid; 1.8 s; peak memory 5988 MiB.
2026-09-17T11:57:30Z INFO [321/500] 02d4903a-2799-49b8-9750-b04f06873269: not valid; 1.7 s; peak memory 5988 MiB.
2026-09-17T11:57:32Z INFO [322/500] 02d4b9c1-92dc-4e9b-80ca-27eeb07b296f: not valid; 1.9 s; peak memory 5988 MiB.
2026-09-17T11:57:43Z INFO [323/500] 02d550da-21a4-4c8f-9d45-3623978fc9fd: valid; 11.3 s; peak memory 5988 MiB.
2026-09-17T11:57:45Z INFO [324/500] 02d576d0-ce57-40c6-938a-7074f5c73e16: not valid; 2.0 s; peak memory 5988 MiB.
2026-09-17T11:57:54Z INFO [325/500] 02d58357-4564-48b3-b8a9-d832c7043fbb: valid; 9.1 s; peak memory 5988 MiB.
2026-09-17T11:57:55Z INFO [326/500] 02d5b29f-98cc-4088-b59f-fd1fff96b398: valid; 1.3 s; peak memory 5988 MiB.
2026-09-17T11:57:57Z INFO [327/500] 02d5d514-08e5-410d-9897-09bdf864c3f8: valid; 1.4 s; peak memory 5988 MiB.
2026-09-17T11:57:59Z INFO [328/500] 02d63deb-5c7c-4c62-842e-d3cffbfd3e1c: valid; 2.0 s; peak memory 5988 MiB.
2026-09-17T11:58:12Z INFO [329/500] 02d66a59-ea85-4f72-b07b-71e8ca24e502: valid; 12.8 s; peak memory 5988 MiB.
2026-09-17T11:58:14Z INFO [330/500] 02d7423e-12ea-43dd-865e-e3b1f984b107: valid; 2.1 s; peak memory 5988 MiB.
2026-09-17T11:58:37Z INFO [331/500] 02d7a696-cb85-4f64-a677-38b74335c000: valid; 23.4 s; peak memory 5988 MiB.
2026-09-17T11:58:39Z INFO [332/500] 02d83a5b-bf36-4682-b173-afe3a4fadf91: valid; 2.2 s; peak memory 5988 MiB.
2026-09-17T11:58:42Z INFO [333/500] 02d84158-53c8-4439-87b7-a0c31f690fb6: valid; 2.6 s; peak memory 5988 MiB.
2026-09-17T11:58:43Z INFO [334/500] 02d8a56e-04dd-4d10-8c65-2f324943bf7f: valid; 1.4 s; peak memory 5988 MiB.
2026-09-17T11:58:45Z INFO [335/500] 02d8a5fb-3fb0-432a-be4d-c95cfeb930ca: not valid; 2.1 s; peak memory 5988 MiB.
2026-09-17T11:58:47Z INFO [336/500] 02d8ea86-616e-4937-944f-8bcac756c43f: valid; 2.0 s; peak memory 5988 MiB.
2026-09-17T11:59:09Z INFO [337/500] 02d8f88a-2643-4850-9160-a1e82a06a318: valid; 21.5 s; peak memory 5988 MiB.
2026-09-17T11:59:11Z INFO [338/500] 02d9a477-d43b-4c60-b4be-ae47e50a1486: not valid; 2.0 s; peak memory 5988 MiB.
2026-09-17T11:59:15Z INFO [339/500] 02d9e7c9-f991-4877-acdb-dc47a49a7750: not valid; 4.3 s; peak memory 5988 MiB.
2026-09-17T11:59:18Z INFO [340/500] 02da0e19-260b-48f9-999d-a30270abd0f3: valid; 2.4 s; peak memory 5988 MiB.
2026-09-17T11:59:19Z INFO [341/500] 02da96fc-3fd3-48b9-8f84-c5795acb8aa6: valid; 1.4 s; peak memory 5988 MiB.
2026-09-17T11:59:21Z INFO [342/500] 02dabfe8-6757-451c-ad62-59de4517ad2b: valid; 2.0 s; peak memory 5988 MiB.
2026-09-17T11:59:23Z INFO [343/500] 02db13aa-fcd0-4442-a45c-4a9eb772768a: valid; 1.6 s; peak memory 5988 MiB.
2026-09-17T11:59:35Z INFO [344/500] 02db2a6f-5b0d-4f8f-8f32-c90d39d74fcf: valid; 12.0 s; peak memory 5988 MiB.
2026-09-17T11:59:37Z INFO [345/500] 02db52e6-de4e-4cdf-8479-9c29e62d00e3: valid; 2.5 s; peak memory 5988 MiB.
2026-09-17T11:59:58Z INFO [346/500] 02dccc33-a6cb-4b17-85ab-c549e1c75011: valid; 20.5 s; peak memory 5988 MiB.
2026-09-17T11:59:59Z INFO [347/500] 02ddc403-775a-45da-a1da-dc2d4e06ae15: valid; 1.4 s; peak memory 5988 MiB.
2026-09-17T12:00:02Z INFO [348/500] 02de4e83-ba73-4527-8519-b8f5e8ddf284: valid; 2.5 s; peak memory 5988 MiB.
2026-09-17T12:00:03Z INFO [349/500] 02de9051-45d0-4add-adf5-a38d32a8ac90: valid; 1.9 s; peak memory 5988 MiB.
2026-09-17T12:00:06Z INFO [350/500] 02df1da9-0537-406e-9b4e-4fb16d02d6f8: valid; 2.5 s; peak memory 5988 MiB.
2026-09-17T12:00:06Z INFO [350/500] 02df1da9-0537-406e-9b4e-4fb16d02d6f8: checkpointed 66860 records.
2026-09-17T12:00:11Z INFO [351/500] 02e0e631-8281-45c7-bd91-ee23a73f247a: not valid; 4.4 s; peak memory 5988 MiB.
2026-09-17T12:00:24Z INFO [352/500] 02e0f0d2-86a3-449f-afd0-d63108249396: valid; 13.0 s; peak memory 5988 MiB.
2026-09-17T12:00:25Z INFO [353/500] 02e0f154-5b0f-44d9-9072-373d6fd320bf: valid; 1.5 s; peak memory 5988 MiB.
2026-09-17T12:00:33Z INFO [354/500] 02e1033f-27e9-44e4-8345-306206606873: valid; 8.0 s; peak memory 5988 MiB.
2026-09-17T12:00:37Z INFO [355/500] 02e1d369-f8b9-4c71-b071-a67349065b14: valid; 4.0 s; peak memory 5988 MiB.
2026-09-17T12:00:40Z INFO [356/500] 02e1fd4e-04be-4222-80d7-df7a82d79510: valid; 2.4 s; peak memory 5988 MiB.
2026-09-17T12:00:42Z INFO [357/500] 02e21b0e-b78c-4b7c-8def-44bf1864b402: valid; 2.2 s; peak memory 5988 MiB.
2026-09-17T12:00:44Z WARNING 02e279ed-f520-424f-a4b0-c0292f788309: failed while opening the NWB file (ConstructError: (root/acquisition/_iblmic_audioSpectrogram/bands GroupBuilder {'attributes': {'colnames': array(['freq'], dtype=object), 'description': 'spectogram frequencies', 'namespace': 'core', 'neurodata_type': 'FrequencyBandsTable', 'object_id': '447535c4-3310-4490-b1b5-798b1f752c93'}, 'groups': {}, 'datasets': {'freq': root/acquisition/_iblmic_audioSpectrogram/bands/freq DatasetBuilder {'attributes': {'description': 'frequency value', 'namespace': 'hdmf-common', 'neurodata_type': 'VectorData', 'object_id': '27fd4930-6675-4d8c-b866-99bb82cec008'}, 'data': <HDF5 dataset "freq": shape (257,), type "<f4">}, 'id': root/acquisition/_iblmic_audioSpectrogram/bands/id DatasetBuilder {'attributes': {'namespace': 'hdmf-common', 'neurodata_type': 'ElementIdentifiers', 'object_id': '2aaedc38-ad3e-4db2-bf67-93f8bc38bd62'}, 'data': <HDF5 dataset "id": shape (257,), type "<i4">}}, 'links': {}}, "Could not construct FrequencyBandsTable object due to: column must have the same number of rows as 'id'"))
2026-09-17T12:00:45Z INFO [359/500] 02e2a3dc-5203-4ff1-bda4-f527b82f6dff: not valid; 1.5 s; peak memory 5988 MiB.
2026-09-17T12:00:48Z INFO [360/500] 02e35c8e-b323-4d49-9090-bee3af0d69ca: valid; 2.9 s; peak memory 5988 MiB.
2026-09-17T12:00:50Z INFO [361/500] 02e3c4df-4228-40b2-b679-8aad639d688b: valid; 1.5 s; peak memory 5988 MiB.
2026-09-17T12:00:51Z INFO [362/500] 02e3f9f0-f3d7-4882-9839-52cd639ea26f: valid; 1.1 s; peak memory 5988 MiB.
2026-09-17T12:00:53Z INFO [363/500] 02e45b7c-a0ec-4a12-8b59-9a7088023f96: not valid; 1.6 s; peak memory 5988 MiB.
2026-09-17T12:00:55Z INFO [364/500] 02e48154-be3c-426b-ac80-5b08047273d2: not valid; 2.0 s; peak memory 5988 MiB.
2026-09-17T12:01:03Z INFO [365/500] 02e4cf89-0be1-443e-a607-f3ade1475aca: valid; 8.2 s; peak memory 5989 MiB.
2026-09-17T12:01:15Z INFO [366/500] 02e55550-7245-4e31-8d39-dc8ab0acff80: valid; 11.8 s; peak memory 6005 MiB.
2026-09-17T12:01:16Z INFO [367/500] 02e55cf5-933e-40ed-af5f-17898403a7bc: valid; 1.7 s; peak memory 6007 MiB.
2026-09-17T12:01:25Z INFO [368/500] 02e6112e-79b4-4834-9934-73f963c37a77: valid; 9.2 s; peak memory 6017 MiB.
2026-09-17T12:01:27Z INFO [369/500] 02e65616-a598-466f-ac63-f4116a5bbe5a: valid; 1.1 s; peak memory 6017 MiB.
2026-09-17T12:01:30Z INFO [370/500] 02e6a0b1-fd20-4405-ae94-05d61eb79b64: valid; 3.4 s; peak memory 6019 MiB.
2026-09-17T12:01:34Z INFO [371/500] 02e6d86f-4b19-494b-9881-fcb4dcf69050: valid; 3.8 s; peak memory 6020 MiB.
2026-09-17T12:01:41Z INFO [372/500] 02e75675-a21f-4aa7-9835-b80f274719c9: valid; 7.6 s; peak memory 6020 MiB.
2026-09-17T12:01:43Z INFO [373/500] 02e79c9a-69ec-4d94-ad71-d4f3b5f4c419: not valid; 1.6 s; peak memory 6020 MiB.
2026-09-17T12:01:46Z INFO [374/500] 02e83c9a-c17c-4e44-ad83-e22008459794: valid; 3.2 s; peak memory 6020 MiB.
2026-09-17T12:01:50Z INFO [375/500] 02e891b3-8e1d-4d1a-9989-8e281ff20199: valid; 3.6 s; peak memory 6020 MiB.
2026-09-17T12:02:12Z INFO [376/500] 02e8f5c9-532d-45e4-ad5c-e62208fea04d: valid; 22.3 s; peak memory 6035 MiB.
2026-09-17T12:02:15Z INFO [377/500] 02e942ba-d5c5-4435-af95-352a5a55ea6e: valid; 2.5 s; peak memory 6037 MiB.
2026-09-17T12:02:16Z INFO [378/500] 02e99bd1-080e-4557-aabc-e19fbbf13793: valid; 1.4 s; peak memory 6038 MiB.
2026-09-17T12:02:18Z INFO [379/500] 02ea18ba-068a-417d-bf31-28ae115e8a6b: valid; 1.5 s; peak memory 6038 MiB.
2026-09-17T12:02:19Z INFO [380/500] 02ea4cae-bb79-4d54-94f2-aaaa46b07b79: valid; 1.4 s; peak memory 6039 MiB.
2026-09-17T12:02:20Z INFO [381/500] 02eb3969-811f-49b9-aff7-1712a1b91188: valid; 1.4 s; peak memory 6039 MiB.
2026-09-17T12:02:22Z INFO [382/500] 02eb7b03-a88f-42c8-9087-73f65d70c7f6: valid; 1.4 s; peak memory 6040 MiB.
2026-09-17T12:02:23Z INFO [383/500] 02eb9c46-841e-4318-8449-5c7ff70119d5: not valid; 1.7 s; peak memory 6042 MiB.
2026-09-17T12:02:25Z INFO [384/500] 02ec6454-8542-4363-9087-677d0403dde0: valid; 2.1 s; peak memory 6042 MiB.
2026-09-17T12:02:28Z INFO [385/500] 02ec74f0-9e06-4771-a926-1d1f4c0aae16: valid; 2.7 s; peak memory 6042 MiB.
2026-09-17T12:02:30Z INFO [386/500] 02ed7338-d16e-4691-a158-7f4f3aaaf52e: valid; 2.1 s; peak memory 6045 MiB.
2026-09-17T12:02:32Z INFO [387/500] 02ee0601-e61a-4537-aeab-91b2f566c2bb: valid; 2.2 s; peak memory 6045 MiB.
2026-09-17T12:02:36Z INFO [388/500] 02ee44e2-06f1-44f5-9871-2ae17d7c7a5b: valid; 3.3 s; peak memory 6048 MiB.
2026-09-17T12:02:37Z INFO [389/500] 02eec476-4423-4408-9339-0d73851879cf: valid; 1.3 s; peak memory 6049 MiB.
2026-09-17T12:02:40Z INFO [390/500] 02eecb6d-6a03-49e7-999b-2b7c72dc4e88: not valid; 2.4 s; peak memory 6050 MiB.
2026-09-17T12:02:43Z INFO [391/500] 02ef01a0-aad2-4eb2-a901-74e7cc4165c8: valid; 3.2 s; peak memory 6052 MiB.
2026-09-17T12:02:44Z INFO [392/500] 02ef1af8-3ffd-4b66-a80d-56d808ae7f42: not valid; 1.7 s; peak memory 6053 MiB.
2026-09-17T12:02:46Z INFO [393/500] 02f02422-4164-413d-9dd7-e7c102deadb9: valid; 2.1 s; peak memory 6054 MiB.
2026-09-17T12:02:48Z INFO [394/500] 02f06bed-bbdb-44a7-801c-38a248c20d21: valid; 1.7 s; peak memory 6055 MiB.
2026-09-17T12:02:48Z WARNING 02f34f9b-e578-4e4d-a983-591483734960: failed while retrieving asset information from the DANDI API (NotFoundError: No asset at path 'sub-F2/sub-F2_ses-20190415T210000_behavior+ophys.nwb' in version 0.260415.1712. Verify the path is correct and the asset exists in this version. Use 'dandi ls' to list available assets.)
2026-09-17T12:02:50Z INFO [396/500] 02f3cc94-dd30-4cce-b08d-be88198bb03c: valid; 1.3 s; peak memory 6055 MiB.
2026-09-17T12:02:51Z INFO [397/500] 02f3db88-a514-4a6c-8217-badc8131da3a: valid; 1.1 s; peak memory 6055 MiB.
2026-09-17T12:03:01Z INFO [398/500] 02f4bc2b-b24c-4e6b-8049-879ab195a7a6: valid; 10.7 s; peak memory 6074 MiB.
2026-09-17T12:03:06Z INFO [399/500] 02f4dc05-fd83-4f5c-848e-d2ed006db186: valid; 4.4 s; peak memory 6075 MiB.
2026-09-17T12:03:18Z INFO [400/500] 02f558bc-ae54-4d3a-8991-51176732d04d: valid; 12.6 s; peak memory 6085 MiB.
2026-09-17T12:03:19Z INFO [400/500] 02f558bc-ae54-4d3a-8991-51176732d04d: checkpointed 66910 records.
2026-09-17T12:03:22Z INFO [401/500] 02f573e9-0b1f-494f-bbc4-849469cb73c6: valid; 3.4 s; peak memory 6087 MiB.
2026-09-17T12:04:01Z INFO [402/500] 02f5b64e-fb91-46cf-a68b-620214bc4def: not valid; 39.2 s; peak memory 6111 MiB.
2026-09-17T12:04:04Z INFO [403/500] 02f6647d-6024-4d65-b435-986ddd9e9f73: valid; 2.7 s; peak memory 6113 MiB.
2026-09-17T12:04:06Z INFO [404/500] 02f67774-1582-4fa2-9965-eb1302985167: valid; 2.2 s; peak memory 6114 MiB.
2026-09-17T12:04:08Z INFO [405/500] 02f6ae84-ea34-466d-a3ec-f95150c4f7a5: valid; 2.0 s; peak memory 6114 MiB.
2026-09-17T12:04:09Z INFO [406/500] 02f7242a-77b6-441a-80d3-57f3ff8363a3: not valid; 1.1 s; peak memory 6114 MiB.
2026-09-17T12:04:12Z INFO [407/500] 02f7c770-a101-407f-8cbe-3d5977ef7ba0: valid; 2.3 s; peak memory 6116 MiB.
2026-09-17T12:04:14Z INFO [408/500] 02f920db-8e0d-4246-9b5c-b1ae9ade5e1f: not valid; 1.9 s; peak memory 6118 MiB.
2026-09-17T12:04:15Z INFO [409/500] 02f92441-c12e-42d4-9697-8d5445ecb883: not valid; 1.8 s; peak memory 6120 MiB.
2026-09-17T12:04:18Z INFO [410/500] 02f95812-16ac-4f9b-ac16-02ecd0e48b08: valid; 3.0 s; peak memory 6120 MiB.
2026-09-17T12:04:20Z INFO [411/500] 02f9bc28-54e5-41dd-9386-a4d42845c57a: valid; 1.3 s; peak memory 6121 MiB.
2026-09-17T12:04:22Z INFO [412/500] 02f9dc18-ecee-47da-b826-2b598c2b7091: valid; 2.8 s; peak memory 6124 MiB.
2026-09-17T12:04:27Z INFO [413/500] 02f9ec3a-558b-43a3-b2fc-9d7e3dbe54b9: valid; 4.3 s; peak memory 6127 MiB.
2026-09-17T12:04:29Z INFO [414/500] 02fa6d42-77d7-43c1-a318-37b273992257: not valid; 1.7 s; peak memory 6127 MiB.
2026-09-17T12:04:30Z INFO [415/500] 02fa72cc-ebc8-4348-a420-b035bee95b89: valid; 1.6 s; peak memory 6127 MiB.
2026-09-17T12:04:33Z INFO [416/500] 02fa7c00-efc5-4a80-9948-e8b676306bc2: valid; 2.5 s; peak memory 6134 MiB.
2026-09-17T12:04:41Z INFO [417/500] 02fa9ed3-af82-4932-ba61-db5b28791821: valid; 8.4 s; peak memory 6313 MiB.
2026-09-17T12:04:43Z INFO [418/500] 02faf2a3-2fde-4ba8-b45c-f8fea65b8fa7: valid; 2.1 s; peak memory 6313 MiB.
2026-09-17T12:04:45Z INFO [419/500] 02fc806e-80c5-4edd-867e-f115437f1801: valid; 1.6 s; peak memory 6313 MiB.
2026-09-17T12:04:51Z INFO [420/500] 02fcbfad-d910-4f13-9656-3dfec2955670: valid; 5.8 s; peak memory 6313 MiB.
2026-09-17T12:04:53Z INFO [421/500] 02fcf892-92e4-40bd-9ef6-e6ed61d2d334: valid; 2.2 s; peak memory 6313 MiB.
2026-09-17T12:04:55Z INFO [422/500] 02fd5fbe-232c-43d2-b49c-e09f76abf3b3: valid; 1.6 s; peak memory 6313 MiB.
2026-09-17T12:04:58Z INFO [423/500] 02fdaedc-cbb3-4b54-8243-119ce25fd0c0: valid; 3.4 s; peak memory 6313 MiB.
2026-09-17T12:04:59Z INFO [424/500] 02fe5a5b-1a36-4c6c-8073-af972e319de3: valid; 1.4 s; peak memory 6313 MiB.
2026-09-17T12:05:02Z INFO [425/500] 02ffcda0-8f26-4e1a-8efe-d4e3dc25e361: valid; 2.2 s; peak memory 6313 MiB.
2026-09-17T12:05:03Z INFO [426/500] 03002cc1-5c2c-4d35-89ba-f572cb1b001e: valid; 1.4 s; peak memory 6313 MiB.
2026-09-17T12:05:04Z INFO [427/500] 0300a6ec-aa87-42ee-bf7b-55e93839f09d: not valid; 1.6 s; peak memory 6313 MiB.
2026-09-17T12:05:06Z INFO [428/500] 0300bf5a-ed68-4eef-81cd-3297b6197f8a: valid; 1.4 s; peak memory 6313 MiB.
2026-09-17T12:05:25Z INFO [429/500] 030123d0-24d9-4fdd-9495-a006fc06aed6: valid; 18.9 s; peak memory 6313 MiB.
2026-09-17T12:05:26Z INFO [430/500] 030131e8-f425-4799-bc97-e2c1c0865f62: valid; 1.5 s; peak memory 6313 MiB.
2026-09-17T12:05:30Z INFO [431/500] 03013602-8516-48cd-8130-46bcb56b7abc: valid; 3.5 s; peak memory 6313 MiB.
2026-09-17T12:07:01Z INFO [432/500] 03017080-6da7-433f-93d4-21243f137b33: not valid; 91.5 s; peak memory 6433 MiB.
2026-09-17T12:07:06Z INFO [433/500] 0301ab30-f480-4e7c-b2e5-cc28fc5ef0c2: valid; 5.0 s; peak memory 6433 MiB.
2026-09-17T12:07:08Z INFO [434/500] 0301b704-3832-4032-b33c-d8c782c1d06b: valid; 1.5 s; peak memory 6433 MiB.
2026-09-17T12:07:10Z INFO [435/500] 03027bd0-07f8-400e-a26f-6e5758e00b73: valid; 2.3 s; peak memory 6433 MiB.
2026-09-17T12:07:11Z INFO [436/500] 0302826d-9c37-4a3c-b94c-96102a524102: valid; 1.4 s; peak memory 6433 MiB.
2026-09-17T12:07:13Z INFO [437/500] 03031657-2cbf-4b13-a8db-fd4156827e6b: valid; 1.7 s; peak memory 6433 MiB.
2026-09-17T12:07:15Z INFO [438/500] 03034abe-a6ae-4528-a3e7-7638a27f3c3b: not valid; 2.0 s; peak memory 6433 MiB.
2026-09-17T12:07:18Z INFO [439/500] 030392b2-952b-4f03-898f-0f8231a41b20: valid; 2.8 s; peak memory 6433 MiB.
2026-09-17T12:07:20Z INFO [440/500] 0303b8d0-aa13-4483-a7d0-ed9d75efa221: valid; 2.3 s; peak memory 6433 MiB.
2026-09-17T12:07:22Z INFO [441/500] 0303e5e3-5e53-43b6-93f3-265a4ce5f4da: valid; 1.4 s; peak memory 6433 MiB.
2026-09-17T12:07:25Z INFO [442/500] 03046451-83ea-4f04-bbec-65ed978fd460: valid; 3.8 s; peak memory 6434 MiB.
2026-09-17T12:07:28Z INFO [443/500] 03055cf2-dfa3-44c8-873d-0a8315e948df: valid; 2.3 s; peak memory 6435 MiB.
2026-09-17T12:07:30Z INFO [444/500] 03067a82-4220-48ce-b4e0-ca0f743f17d5: not valid; 2.4 s; peak memory 6437 MiB.
2026-09-17T12:07:32Z INFO [445/500] 03068df7-e7ba-4ab3-9bf2-adbee189ed21: not valid; 1.7 s; peak memory 6437 MiB.
2026-09-17T12:07:33Z INFO [446/500] 030742ac-8ded-4d25-af73-02c2874fe68b: valid; 1.4 s; peak memory 6437 MiB.
2026-09-17T12:07:37Z INFO [447/500] 03075f58-1d38-4189-82da-006a44e06ebc: valid; 3.6 s; peak memory 6437 MiB.
2026-09-17T12:07:49Z INFO [448/500] 03076a8f-3bc6-46e3-a1be-d5cd78f429ca: not valid; 12.3 s; peak memory 6437 MiB.
2026-09-17T12:07:52Z INFO [449/500] 0307fbaf-1a0f-4d69-ae1c-7d382011a9c4: valid; 2.5 s; peak memory 6437 MiB.
2026-09-17T12:07:55Z INFO [450/500] 03080228-32cb-4b94-b309-1540af839cd6: valid; 3.0 s; peak memory 6439 MiB.
2026-09-17T12:07:55Z INFO [450/500] 03080228-32cb-4b94-b309-1540af839cd6: checkpointed 66960 records.
2026-09-17T12:07:57Z INFO [451/500] 03086014-f446-42a0-be6f-f16ee0ddaea9: not valid; 1.6 s; peak memory 6441 MiB.
2026-09-17T12:07:58Z INFO [452/500] 0308643c-a326-44d4-b5d1-4b2feb0e8af8: valid; 1.5 s; peak memory 6441 MiB.
2026-09-17T12:07:58Z WARNING 03089e13-8087-4643-981a-0f45211c8f0a: failed while retrieving asset information from the DANDI API (NotFoundError: No asset at path 'sub-715811/sub-715811_ses-1328842209_probe-3_ecephys.nwb' in version 0.250311.2145. Verify the path is correct and the asset exists in this version. Use 'dandi ls' to list available assets.)
2026-09-17T12:08:00Z INFO [454/500] 03093050-61bc-4d81-ab79-de878c7ad9cd: valid; 1.5 s; peak memory 6441 MiB.
2026-09-17T12:08:02Z WARNING 03095a6f-677b-4b2f-b297-c46e3b1a0083: failed while opening the NWB file (ConstructError: (root/acquisition/_iblmic_audioSpectrogram/bands GroupBuilder {'attributes': {'colnames': array(['freq'], dtype=object), 'description': 'spectogram frequencies', 'namespace': 'core', 'neurodata_type': 'FrequencyBandsTable', 'object_id': '269d294f-a014-4ebb-88e8-a253238ab860'}, 'groups': {}, 'datasets': {'freq': root/acquisition/_iblmic_audioSpectrogram/bands/freq DatasetBuilder {'attributes': {'description': 'frequency value', 'namespace': 'hdmf-common', 'neurodata_type': 'VectorData', 'object_id': 'b3ed1a0a-93af-4fee-8a27-1c43e00a9dba'}, 'data': <HDF5 dataset "freq": shape (257,), type "<f4">}, 'id': root/acquisition/_iblmic_audioSpectrogram/bands/id DatasetBuilder {'attributes': {'namespace': 'hdmf-common', 'neurodata_type': 'ElementIdentifiers', 'object_id': '7d8173e9-34c0-4b0b-a1c4-278c4a7eff85'}, 'data': <HDF5 dataset "id": shape (257,), type "<i4">}}, 'links': {}}, "Could not construct FrequencyBandsTable object due to: column must have the same number of rows as 'id'"))
2026-09-17T12:08:03Z INFO [456/500] 030991d9-8c63-414e-bbf5-ae5fd40de85c: valid; 1.1 s; peak memory 6443 MiB.
2026-09-17T12:08:04Z INFO [457/500] 030996e3-65f0-4b8d-a0dd-a3ae30bc1d44: valid; 1.3 s; peak memory 6443 MiB.
2026-09-17T12:08:06Z INFO [458/500] 0309b4d5-34dc-40c7-9d0b-0cbbfe66ad8c: not valid; 1.8 s; peak memory 6444 MiB.
2026-09-17T12:08:15Z INFO [459/500] 0309ca0f-466b-4336-8b5e-13f131053423: valid; 9.2 s; peak memory 6461 MiB.
2026-09-17T12:08:20Z INFO [460/500] 030a2ab5-e98f-4ae9-a688-35b928e5563f: valid; 4.7 s; peak memory 6464 MiB.
2026-09-17T12:08:21Z INFO [461/500] 030a413c-2394-4c6f-bf28-9d6e37213ddd: valid; 1.4 s; peak memory 6465 MiB.
2026-09-17T12:08:23Z INFO [462/500] 030a7648-bdf9-49e2-a1b2-d27aed236e89: not valid; 1.7 s; peak memory 6466 MiB.
2026-09-17T12:08:26Z INFO [463/500] 030a9c81-7fb9-4fdf-bc15-25f6e1c00bee: valid; 2.9 s; peak memory 6466 MiB.
2026-09-17T12:08:28Z INFO [464/500] 030ab108-2215-48ba-ab1b-8fb2fd13582d: valid; 1.4 s; peak memory 6466 MiB.
2026-09-17T12:08:30Z INFO [465/500] 030b171c-0ad4-43bc-9d1b-a86d9a736dae: valid; 2.0 s; peak memory 6466 MiB.
2026-09-17T12:08:32Z INFO [466/500] 030b6128-762d-42fe-bbdf-823409da111c: valid; 2.5 s; peak memory 6466 MiB.
2026-09-17T12:08:34Z INFO [467/500] 030d48c3-57a1-4db4-bd4b-5e46eb33ebb6: not valid; 2.3 s; peak memory 6466 MiB.
2026-09-17T12:08:36Z INFO [468/500] 030d79ea-eea6-4cca-9a7e-c5aa0599e262: not valid; 1.8 s; peak memory 6466 MiB.
2026-09-17T12:08:52Z INFO [469/500] 030df42c-8762-4716-847f-2176b84273da: valid; 15.8 s; peak memory 6466 MiB.
2026-09-17T12:08:54Z INFO [470/500] 030e1e71-384a-49c4-abb9-f3de0852b9ac: not valid; 2.0 s; peak memory 6466 MiB.
2026-09-17T12:08:58Z INFO [471/500] 030f1e81-0dfa-42fb-aead-10ab63e7caa6: valid; 4.2 s; peak memory 6467 MiB.
2026-09-17T12:09:00Z INFO [472/500] 030f5cc2-f68b-4f7a-a53b-0c0148530f5b: valid; 1.6 s; peak memory 6467 MiB.
2026-09-17T12:09:01Z INFO [473/500] 030f638d-65f5-4e5b-b049-fa1c2ce2e9bb: valid; 1.4 s; peak memory 6467 MiB.
2026-09-17T12:09:06Z INFO [474/500] 030fbc8a-9162-4877-8a11-6fc8f4f7987b: not valid; 4.5 s; peak memory 6467 MiB.
2026-09-17T12:09:07Z INFO [475/500] 03105d89-b6ec-4c20-ae70-aa8474fde83c: valid; 1.4 s; peak memory 6467 MiB.
2026-09-17T12:10:19Z INFO [476/500] 03106995-52a2-4916-93b9-6d3fe9eeadf2: valid; 71.9 s; peak memory 6560 MiB.
2026-09-17T12:10:23Z INFO [477/500] 0310cafb-d787-42e9-878c-d748c9ef284a: not valid; 3.9 s; peak memory 6560 MiB.
2026-09-17T12:10:25Z INFO [478/500] 031175ff-2ab8-4a81-8389-7442884331f1: valid; 2.0 s; peak memory 6560 MiB.
2026-09-17T12:10:28Z INFO [479/500] 0311c80a-3a4c-4f68-b3de-08b6807d25f6: valid; 3.0 s; peak memory 6560 MiB.
2026-09-17T12:10:31Z INFO [480/500] 0313c322-7217-4fb7-aac3-bfa9a60f8fcd: valid; 2.7 s; peak memory 6560 MiB.
2026-09-17T12:10:33Z WARNING 0315d122-e5bc-4777-a01d-615a20b2728b: failed while opening the NWB file (ConstructError: (root/acquisition/_iblmic_audioSpectrogram/bands GroupBuilder {'attributes': {'colnames': array(['freq'], dtype=object), 'description': 'spectogram frequencies', 'namespace': 'core', 'neurodata_type': 'FrequencyBandsTable', 'object_id': 'c1f1e2cd-6373-43ee-b79f-32cd4390c7d8'}, 'groups': {}, 'datasets': {'freq': root/acquisition/_iblmic_audioSpectrogram/bands/freq DatasetBuilder {'attributes': {'description': 'frequency value', 'namespace': 'hdmf-common', 'neurodata_type': 'VectorData', 'object_id': 'c2004202-780a-4282-a78e-dc4006de8cdb'}, 'data': <HDF5 dataset "freq": shape (257,), type "<f4">}, 'id': root/acquisition/_iblmic_audioSpectrogram/bands/id DatasetBuilder {'attributes': {'namespace': 'hdmf-common', 'neurodata_type': 'ElementIdentifiers', 'object_id': 'ce05a45c-b721-4d94-9e45-0784c74e7203'}, 'data': <HDF5 dataset "id": shape (257,), type "<i4">}}, 'links': {}}, "Could not construct FrequencyBandsTable object due to: column must have the same number of rows as 'id'"))
2026-09-17T12:10:36Z INFO [482/500] 0317ac6e-9e0e-4dd9-8a94-f1cf7d34e060: valid; 3.4 s; peak memory 6560 MiB.
2026-09-17T12:10:38Z INFO [483/500] 0317b2b9-dd5d-4e49-ba1b-9d93393de946: not valid; 1.5 s; peak memory 6560 MiB.
2026-09-17T12:10:46Z INFO [484/500] 0317ccfb-c051-4f03-b402-477aeb29ecae: valid; 8.9 s; peak memory 6560 MiB.
2026-09-17T12:10:48Z INFO [485/500] 03181bed-7518-4e5f-bb6e-6b73ef389516: valid; 1.8 s; peak memory 6560 MiB.
2026-09-17T12:10:50Z INFO [486/500] 0318a7a4-dcbc-493e-bb72-11346e1db6d0: not valid; 2.0 s; peak memory 6560 MiB.
2026-09-17T12:10:52Z INFO [487/500] 0319da32-a740-4287-a42e-e4d6131297b6: not valid; 2.1 s; peak memory 6560 MiB.
2026-09-17T12:10:57Z INFO [488/500] 031adc62-7ff4-4ec4-9c7b-4c1618e5aee3: valid; 4.4 s; peak memory 6560 MiB.
2026-09-17T12:10:59Z INFO [489/500] 031b36e2-7d46-49f1-a8d6-1416ff5884d8: valid; 1.8 s; peak memory 6560 MiB.
2026-09-17T12:11:00Z INFO [490/500] 031b73b8-00b5-4b30-a1d2-978889d65db8: valid; 1.5 s; peak memory 6560 MiB.
2026-09-17T12:11:02Z INFO [491/500] 031bb851-76c6-45cf-b4d6-7b7e32f9fd8b: valid; 1.5 s; peak memory 6560 MiB.
2026-09-17T12:11:10Z INFO [492/500] 031cecdf-83a6-45ee-8003-2f49efe237ad: valid; 8.6 s; peak memory 6560 MiB.
2026-09-17T12:11:13Z INFO [493/500] 031d4337-0b6a-46e0-8e1a-63e355b3504f: valid; 2.5 s; peak memory 6560 MiB.
2026-09-17T12:11:17Z INFO [494/500] 031d49b2-c8ed-43ff-8ffc-680bd208613b: valid; 4.6 s; peak memory 6560 MiB.
2026-09-17T12:11:22Z INFO [495/500] 031d5cf4-c435-4c82-8afc-7258310af0d0: valid; 4.6 s; peak memory 6560 MiB.
2026-09-17T12:11:30Z INFO [496/500] 031d98bb-0735-4125-8e39-2f8bb4bfa92b: valid; 8.0 s; peak memory 6560 MiB.
2026-09-17T12:11:31Z INFO [497/500] 031de63e-9459-4ffb-a9c2-54d5ed465dd8: valid; 1.4 s; peak memory 6560 MiB.
2026-09-17T12:11:34Z INFO [498/500] 031e3d12-5c43-45bb-9b5b-935f4407ac6d: not valid; 2.4 s; peak memory 6560 MiB.
2026-09-17T12:11:52Z INFO [499/500] 031e49f9-a630-42c8-9226-687770e32120: not valid; 18.0 s; peak memory 6576 MiB.
2026-09-17T12:11:56Z INFO [500/500] 031e580f-1075-4153-a1a2-ef2d9e094c4d: not valid; 4.4 s; peak memory 6580 MiB.
2026-09-17T12:11:56Z INFO [500/500] 031e580f-1075-4153-a1a2-ef2d9e094c4d: checkpointed 67010 records.
2026-09-17T12:11:57Z INFO Wrote 67010 records to /tmp/derivatives/content_id_to_valid_nwb_file.jsonl (483 new, 17 failed) in 98.1 min (peak memory 6581 MiB).
